[2023-11-12T20:11:23.615+0800][gc,init] Initializing The Z Garbage Collector
[2023-11-12T20:11:23.616+0800][gc,init] Version: 19.0.2+7-44 (release)
[2023-11-12T20:11:23.616+0800][gc,init] NUMA Support: Disabled
[2023-11-12T20:11:23.616+0800][gc,init] CPUs: 16 total, 16 available
[2023-11-12T20:11:23.616+0800][gc,init] Memory: 15556M
[2023-11-12T20:11:23.616+0800][gc,init] Large Page Support: Disabled
[2023-11-12T20:11:23.616+0800][gc,init] GC Workers: 4 (dynamic)
[2023-11-12T20:11:23.617+0800][gc,init] Address Space Type: Contiguous/Unrestricted/Complete
[2023-11-12T20:11:23.617+0800][gc,init] Address Space Size: 163840M x 3 = 491520M
[2023-11-12T20:11:23.617+0800][gc,init] Min Capacity: 10240M
[2023-11-12T20:11:23.617+0800][gc,init] Initial Capacity: 10240M
[2023-11-12T20:11:23.617+0800][gc,init] Max Capacity: 10240M
[2023-11-12T20:11:23.617+0800][gc,init] Medium Page Size: 32M
[2023-11-12T20:11:23.617+0800][gc,init] Pre-touch: Disabled
[2023-11-12T20:11:23.617+0800][gc,init] Uncommit: Implicitly Disabled (-Xms equals -Xmx)
[2023-11-12T20:11:24.804+0800][gc,init] Runtime Workers: 10
[2023-11-12T20:11:24.805+0800][gc     ] Using The Z Garbage Collector
[2023-11-12T20:11:24.811+0800][gc,metaspace] CDS archive(s) mapped at: [0x0000000800000000-0x0000000800c40000-0x0000000800c40000), size 12845056, SharedBaseAddress: 0x0000000800000000, ArchiveRelocationMode: 0.
[2023-11-12T20:11:24.811+0800][gc,metaspace] Compressed class space mapped at: 0x0000000801000000-0x0000000841000000, reserved size: 1073741824
[2023-11-12T20:11:24.811+0800][gc,metaspace] Narrow klass base: 0x0000000800000000, Narrow klass shift: 0, Narrow klass range: 0x100000000
[2023-11-12T20:11:28.456+0800][gc,start    ] GC(0) Garbage Collection (Metadata GC Threshold)
[2023-11-12T20:11:28.456+0800][gc,task     ] GC(0) Using 4 workers
[2023-11-12T20:11:28.457+0800][gc,phases   ] GC(0) Pause Mark Start 0.195ms
[2023-11-12T20:11:28.482+0800][gc,phases   ] GC(0) Concurrent Mark 25.476ms
[2023-11-12T20:11:28.482+0800][gc,phases   ] GC(0) Pause Mark End 0.020ms
[2023-11-12T20:11:28.482+0800][gc,phases   ] GC(0) Concurrent Mark Free 0.001ms
[2023-11-12T20:11:28.484+0800][gc,phases   ] GC(0) Concurrent Process Non-Strong References 1.856ms
[2023-11-12T20:11:28.484+0800][gc,phases   ] GC(0) Concurrent Reset Relocation Set 0.001ms
[2023-11-12T20:11:28.519+0800][gc,phases   ] GC(0) Concurrent Select Relocation Set 34.722ms
[2023-11-12T20:11:28.519+0800][gc,phases   ] GC(0) Pause Relocate Start 0.012ms
[2023-11-12T20:11:28.523+0800][gc,phases   ] GC(0) Concurrent Relocate 3.413ms
[2023-11-12T20:11:28.523+0800][gc,load     ] GC(0) Load: 0.00/0.00/0.00
[2023-11-12T20:11:28.523+0800][gc,mmu      ] GC(0) MMU: 2ms/90.2%, 5ms/96.1%, 10ms/98.0%, 20ms/99.0%, 50ms/99.6%, 100ms/99.8%
[2023-11-12T20:11:28.523+0800][gc,marking  ] GC(0) Mark: 4 stripe(s), 2 proactive flush(es), 1 terminate flush(es), 0 completion(s), 0 continuation(s) 
[2023-11-12T20:11:28.523+0800][gc,marking  ] GC(0) Mark Stack Usage: 32M
[2023-11-12T20:11:28.523+0800][gc,nmethod  ] GC(0) NMethods: 2517 registered, 0 unregistered
[2023-11-12T20:11:28.523+0800][gc,metaspace] GC(0) Metaspace: 20M used, 21M committed, 1088M reserved
[2023-11-12T20:11:28.523+0800][gc,ref      ] GC(0) Soft: 3705 encountered, 0 discovered, 0 enqueued
[2023-11-12T20:11:28.523+0800][gc,ref      ] GC(0) Weak: 1667 encountered, 487 discovered, 441 enqueued
[2023-11-12T20:11:28.523+0800][gc,ref      ] GC(0) Final: 0 encountered, 0 discovered, 0 enqueued
[2023-11-12T20:11:28.523+0800][gc,ref      ] GC(0) Phantom: 432 encountered, 354 discovered, 167 enqueued
[2023-11-12T20:11:28.523+0800][gc,reloc    ] GC(0) Small Pages: 76 / 152M, Empty: 20M, Relocated: 8M, In-Place: 0
[2023-11-12T20:11:28.523+0800][gc,reloc    ] GC(0) Medium Pages: 1 / 32M, Empty: 0M, Relocated: 0M, In-Place: 0
[2023-11-12T20:11:28.523+0800][gc,reloc    ] GC(0) Large Pages: 0 / 0M, Empty: 0M, Relocated: 0M, In-Place: 0
[2023-11-12T20:11:28.523+0800][gc,reloc    ] GC(0) Forwarding Usage: 2M
[2023-11-12T20:11:28.523+0800][gc,heap     ] GC(0) Min Capacity: 10240M(100%)
[2023-11-12T20:11:28.523+0800][gc,heap     ] GC(0) Max Capacity: 10240M(100%)
[2023-11-12T20:11:28.523+0800][gc,heap     ] GC(0) Soft Max Capacity: 10240M(100%)
[2023-11-12T20:11:28.523+0800][gc,heap     ] GC(0)                Mark Start          Mark End        Relocate Start      Relocate End           High               Low         
[2023-11-12T20:11:28.523+0800][gc,heap     ] GC(0)  Capacity:    10240M (100%)      10240M (100%)      10240M (100%)      10240M (100%)      10240M (100%)      10240M (100%)   
[2023-11-12T20:11:28.523+0800][gc,heap     ] GC(0)      Free:    10056M (98%)       10054M (98%)       10070M (98%)       10182M (99%)       10182M (99%)       10050M (98%)    
[2023-11-12T20:11:28.523+0800][gc,heap     ] GC(0)      Used:      184M (2%)          186M (2%)          170M (2%)           58M (1%)          190M (2%)           58M (1%)     
[2023-11-12T20:11:28.523+0800][gc,heap     ] GC(0)      Live:         -                12M (0%)           12M (0%)           12M (0%)             -                  -          
[2023-11-12T20:11:28.523+0800][gc,heap     ] GC(0) Allocated:         -                 2M (0%)            6M (0%)            7M (0%)             -                  -          
[2023-11-12T20:11:28.523+0800][gc,heap     ] GC(0)   Garbage:         -               171M (2%)          151M (1%)           37M (0%)             -                  -          
[2023-11-12T20:11:28.523+0800][gc,heap     ] GC(0) Reclaimed:         -                  -                20M (0%)          133M (1%)             -                  -          
[2023-11-12T20:11:28.523+0800][gc          ] GC(0) Garbage Collection (Metadata GC Threshold) 184M(2%)->58M(1%)
[2023-11-12T20:11:30.740+0800][gc,start    ] GC(1) Garbage Collection (Metadata GC Threshold)
[2023-11-12T20:11:30.740+0800][gc,task     ] GC(1) Using 4 workers
[2023-11-12T20:11:30.741+0800][gc,phases   ] GC(1) Pause Mark Start 0.009ms
[2023-11-12T20:11:30.768+0800][gc,phases   ] GC(1) Concurrent Mark 27.135ms
[2023-11-12T20:11:30.768+0800][gc,phases   ] GC(1) Pause Mark End 0.014ms
[2023-11-12T20:11:30.768+0800][gc,phases   ] GC(1) Concurrent Mark Free 0.001ms
[2023-11-12T20:11:30.770+0800][gc,phases   ] GC(1) Concurrent Process Non-Strong References 2.001ms
[2023-11-12T20:11:30.770+0800][gc,phases   ] GC(1) Concurrent Reset Relocation Set 0.004ms
[2023-11-12T20:11:30.771+0800][gc,phases   ] GC(1) Concurrent Select Relocation Set 1.382ms
[2023-11-12T20:11:30.771+0800][gc,phases   ] GC(1) Pause Relocate Start 0.013ms
[2023-11-12T20:11:30.774+0800][gc,phases   ] GC(1) Concurrent Relocate 2.768ms
[2023-11-12T20:11:30.774+0800][gc,load     ] GC(1) Load: 0.00/0.00/0.00
[2023-11-12T20:11:30.774+0800][gc,mmu      ] GC(1) MMU: 2ms/90.2%, 5ms/96.1%, 10ms/98.0%, 20ms/99.0%, 50ms/99.6%, 100ms/99.8%
[2023-11-12T20:11:30.774+0800][gc,marking  ] GC(1) Mark: 4 stripe(s), 3 proactive flush(es), 1 terminate flush(es), 0 completion(s), 0 continuation(s) 
[2023-11-12T20:11:30.774+0800][gc,marking  ] GC(1) Mark Stack Usage: 32M
[2023-11-12T20:11:30.774+0800][gc,nmethod  ] GC(1) NMethods: 3111 registered, 0 unregistered
[2023-11-12T20:11:30.774+0800][gc,metaspace] GC(1) Metaspace: 35M used, 35M committed, 1088M reserved
[2023-11-12T20:11:30.774+0800][gc,ref      ] GC(1) Soft: 3961 encountered, 0 discovered, 0 enqueued
[2023-11-12T20:11:30.774+0800][gc,ref      ] GC(1) Weak: 1627 encountered, 683 discovered, 102 enqueued
[2023-11-12T20:11:30.774+0800][gc,ref      ] GC(1) Final: 140 encountered, 2 discovered, 0 enqueued
[2023-11-12T20:11:30.775+0800][gc,ref      ] GC(1) Phantom: 300 encountered, 269 discovered, 23 enqueued
[2023-11-12T20:11:30.775+0800][gc,reloc    ] GC(1) Small Pages: 54 / 108M, Empty: 0M, Relocated: 8M, In-Place: 0
[2023-11-12T20:11:30.775+0800][gc,reloc    ] GC(1) Medium Pages: 1 / 32M, Empty: 0M, Relocated: 0M, In-Place: 0
[2023-11-12T20:11:30.775+0800][gc,reloc    ] GC(1) Large Pages: 0 / 0M, Empty: 0M, Relocated: 0M, In-Place: 0
[2023-11-12T20:11:30.775+0800][gc,reloc    ] GC(1) Forwarding Usage: 2M
[2023-11-12T20:11:30.775+0800][gc,heap     ] GC(1) Min Capacity: 10240M(100%)
[2023-11-12T20:11:30.775+0800][gc,heap     ] GC(1) Max Capacity: 10240M(100%)
[2023-11-12T20:11:30.775+0800][gc,heap     ] GC(1) Soft Max Capacity: 10240M(100%)
[2023-11-12T20:11:30.775+0800][gc,heap     ] GC(1)                Mark Start          Mark End        Relocate Start      Relocate End           High               Low         
[2023-11-12T20:11:30.775+0800][gc,heap     ] GC(1)  Capacity:    10240M (100%)      10240M (100%)      10240M (100%)      10240M (100%)      10240M (100%)      10240M (100%)   
[2023-11-12T20:11:30.775+0800][gc,heap     ] GC(1)      Free:    10100M (99%)       10098M (99%)       10094M (99%)       10180M (99%)       10180M (99%)       10088M (99%)    
[2023-11-12T20:11:30.775+0800][gc,heap     ] GC(1)      Used:      140M (1%)          142M (1%)          146M (1%)           60M (1%)          152M (1%)           60M (1%)     
[2023-11-12T20:11:30.775+0800][gc,heap     ] GC(1)      Live:         -                18M (0%)           18M (0%)           18M (0%)             -                  -          
[2023-11-12T20:11:30.775+0800][gc,heap     ] GC(1) Allocated:         -                 2M (0%)            6M (0%)            7M (0%)             -                  -          
[2023-11-12T20:11:30.775+0800][gc,heap     ] GC(1)   Garbage:         -               121M (1%)          121M (1%)           33M (0%)             -                  -          
[2023-11-12T20:11:30.775+0800][gc,heap     ] GC(1) Reclaimed:         -                  -                 0M (0%)           87M (1%)             -                  -          
[2023-11-12T20:11:30.775+0800][gc          ] GC(1) Garbage Collection (Metadata GC Threshold) 140M(1%)->60M(1%)
[2023-11-12T20:11:33.882+0800][gc,stats    ] === Garbage Collection Statistics =======================================================================================================================
[2023-11-12T20:11:33.882+0800][gc,stats    ]                                                              Last 10s              Last 10m              Last 10h                Total
[2023-11-12T20:11:33.882+0800][gc,stats    ]                                                              Avg / Max             Avg / Max             Avg / Max             Avg / Max
[2023-11-12T20:11:33.882+0800][gc,stats    ]   Collector: Garbage Collection Cycle                     50.665 / 66.843       50.665 / 66.843       50.665 / 66.843       50.665 / 66.843      ms
[2023-11-12T20:11:33.882+0800][gc,stats    ]  Contention: Mark Segment Reset Contention                     1 / 9                 1 / 9                 1 / 9                 1 / 9           ops/s
[2023-11-12T20:11:33.882+0800][gc,stats    ]  Contention: Mark SeqNum Reset Contention                      0 / 1                 0 / 1                 0 / 1                 0 / 1           ops/s
[2023-11-12T20:11:33.882+0800][gc,stats    ]    Critical: Allocation Stall                                  0 / 0                 0 / 0                 0 / 0                 0 / 0           ops/s
[2023-11-12T20:11:33.882+0800][gc,stats    ]    Critical: Allocation Stall                              0.000 / 0.000         0.000 / 0.000         0.000 / 0.000         0.000 / 0.000       ms
[2023-11-12T20:11:33.882+0800][gc,stats    ]    Critical: GC Locker Stall                                   0 / 0                 0 / 0                 0 / 0                 0 / 0           ops/s
[2023-11-12T20:11:33.882+0800][gc,stats    ]    Critical: GC Locker Stall                               0.000 / 0.000         0.000 / 0.000         0.000 / 0.000         0.000 / 0.000       ms
[2023-11-12T20:11:33.882+0800][gc,stats    ]    Critical: Relocation Stall                                  0 / 0                 0 / 0                 0 / 0                 0 / 0           ops/s
[2023-11-12T20:11:33.882+0800][gc,stats    ]    Critical: Relocation Stall                              0.000 / 0.000         0.000 / 0.000         0.000 / 0.000         0.000 / 0.000       ms
[2023-11-12T20:11:33.882+0800][gc,stats    ]      Memory: Allocation Rate                                  33 / 66               33 / 66               33 / 66               33 / 66          MB/s
[2023-11-12T20:11:33.882+0800][gc,stats    ]      Memory: Defragment                                        0 / 0                 0 / 0                 0 / 0                 0 / 0           ops/s
[2023-11-12T20:11:33.882+0800][gc,stats    ]      Memory: Out Of Memory                                     0 / 0                 0 / 0                 0 / 0                 0 / 0           ops/s
[2023-11-12T20:11:33.882+0800][gc,stats    ]      Memory: Page Cache Flush                                  0 / 0                 0 / 0                 0 / 0                 0 / 0           MB/s
[2023-11-12T20:11:33.882+0800][gc,stats    ]      Memory: Page Cache Hit L1                                 8 / 32                8 / 32                8 / 32                8 / 32          ops/s
[2023-11-12T20:11:33.882+0800][gc,stats    ]      Memory: Page Cache Hit L2                                 0 / 0                 0 / 0                 0 / 0                 0 / 0           ops/s
[2023-11-12T20:11:33.882+0800][gc,stats    ]      Memory: Page Cache Hit L3                                 8 / 33                8 / 33                8 / 33                8 / 33          ops/s
[2023-11-12T20:11:33.882+0800][gc,stats    ]      Memory: Page Cache Miss                                   0 / 1                 0 / 1                 0 / 1                 0 / 1           ops/s
[2023-11-12T20:11:33.882+0800][gc,stats    ]      Memory: Uncommit                                          0 / 0                 0 / 0                 0 / 0                 0 / 0           MB/s
[2023-11-12T20:11:33.882+0800][gc,stats    ]      Memory: Undo Object Allocation Failed                     0 / 0                 0 / 0                 0 / 0                 0 / 0           ops/s
[2023-11-12T20:11:33.882+0800][gc,stats    ]      Memory: Undo Object Allocation Succeeded                  0 / 0                 0 / 0                 0 / 0                 0 / 0           ops/s
[2023-11-12T20:11:33.882+0800][gc,stats    ]      Memory: Undo Page Allocation                              0 / 0                 0 / 0                 0 / 0                 0 / 0           ops/s
[2023-11-12T20:11:33.882+0800][gc,stats    ]       Phase: Concurrent Mark                              26.305 / 27.135       26.305 / 27.135       26.305 / 27.135       26.305 / 27.135      ms
[2023-11-12T20:11:33.882+0800][gc,stats    ]       Phase: Concurrent Mark Continue                      0.000 / 0.000         0.000 / 0.000         0.000 / 0.000         0.000 / 0.000       ms
[2023-11-12T20:11:33.882+0800][gc,stats    ]       Phase: Concurrent Mark Free                          0.001 / 0.001         0.001 / 0.001         0.001 / 0.001         0.001 / 0.001       ms
[2023-11-12T20:11:33.882+0800][gc,stats    ]       Phase: Concurrent Process Non-Strong References      1.929 / 2.001         1.929 / 2.001         1.929 / 2.001         1.929 / 2.001       ms
[2023-11-12T20:11:33.882+0800][gc,stats    ]       Phase: Concurrent Relocate                           3.090 / 3.413         3.090 / 3.413         3.090 / 3.413         3.090 / 3.413       ms
[2023-11-12T20:11:33.882+0800][gc,stats    ]       Phase: Concurrent Reset Relocation Set               0.002 / 0.004         0.002 / 0.004         0.002 / 0.004         0.002 / 0.004       ms
[2023-11-12T20:11:33.882+0800][gc,stats    ]       Phase: Concurrent Select Relocation Set             18.052 / 34.722       18.052 / 34.722       18.052 / 34.722       18.052 / 34.722      ms
[2023-11-12T20:11:33.882+0800][gc,stats    ]       Phase: Pause Mark End                                0.017 / 0.020         0.017 / 0.020         0.017 / 0.020         0.017 / 0.020       ms
[2023-11-12T20:11:33.882+0800][gc,stats    ]       Phase: Pause Mark Start                              0.102 / 0.195         0.102 / 0.195         0.102 / 0.195         0.102 / 0.195       ms
[2023-11-12T20:11:33.882+0800][gc,stats    ]       Phase: Pause Relocate Start                          0.012 / 0.013         0.012 / 0.013         0.012 / 0.013         0.012 / 0.013       ms
[2023-11-12T20:11:33.882+0800][gc,stats    ]    Subphase: Concurrent Classes Purge                      0.065 / 0.066         0.065 / 0.066         0.065 / 0.066         0.065 / 0.066       ms
[2023-11-12T20:11:33.882+0800][gc,stats    ]    Subphase: Concurrent Classes Unlink                     1.307 / 1.369         1.307 / 1.369         1.307 / 1.369         1.307 / 1.369       ms
[2023-11-12T20:11:33.882+0800][gc,stats    ]    Subphase: Concurrent Mark                              21.516 / 25.107       21.516 / 25.107       21.516 / 25.107       21.516 / 25.107      ms
[2023-11-12T20:11:33.882+0800][gc,stats    ]    Subphase: Concurrent Mark Try Flush                     0.198 / 1.014         0.198 / 1.014         0.198 / 1.014         0.198 / 1.014       ms
[2023-11-12T20:11:33.882+0800][gc,stats    ]    Subphase: Concurrent Mark Try Terminate                 7.711 / 13.370        7.711 / 13.370        7.711 / 13.370        7.711 / 13.370      ms
[2023-11-12T20:11:33.882+0800][gc,stats    ]    Subphase: Concurrent References Enqueue                 0.004 / 0.004         0.004 / 0.004         0.004 / 0.004         0.004 / 0.004       ms
[2023-11-12T20:11:33.882+0800][gc,stats    ]    Subphase: Concurrent References Process                 0.088 / 0.091         0.088 / 0.091         0.088 / 0.091         0.088 / 0.091       ms
[2023-11-12T20:11:33.882+0800][gc,stats    ]    Subphase: Concurrent Roots ClassLoaderDataGraph         0.224 / 1.141         0.224 / 1.141         0.224 / 1.141         0.224 / 1.141       ms
[2023-11-12T20:11:33.882+0800][gc,stats    ]    Subphase: Concurrent Roots CodeCache                    0.000 / 0.000         0.000 / 0.000         0.000 / 0.000         0.000 / 0.000       ms
[2023-11-12T20:11:33.882+0800][gc,stats    ]    Subphase: Concurrent Roots JavaThreads                  1.318 / 1.908         1.318 / 1.908         1.318 / 1.908         1.318 / 1.908       ms
[2023-11-12T20:11:33.882+0800][gc,stats    ]    Subphase: Concurrent Roots OopStorageSet                0.117 / 0.285         0.117 / 0.285         0.117 / 0.285         0.117 / 0.285       ms
[2023-11-12T20:11:33.882+0800][gc,stats    ]    Subphase: Concurrent Weak Roots OopStorageSet           0.376 / 0.512         0.376 / 0.512         0.376 / 0.512         0.376 / 0.512       ms
[2023-11-12T20:11:33.882+0800][gc,stats    ]    Subphase: Pause Mark Try Complete                       0.000 / 0.000         0.000 / 0.000         0.000 / 0.000         0.000 / 0.000       ms
[2023-11-12T20:11:33.882+0800][gc,stats    ]      System: Java Threads                                     38 / 52               38 / 52               38 / 52               38 / 52          threads
[2023-11-12T20:11:33.883+0800][gc,stats    ] =========================================================================================================================================================
[2023-11-12T20:11:43.872+0800][gc,stats    ] === Garbage Collection Statistics =======================================================================================================================
[2023-11-12T20:11:43.872+0800][gc,stats    ]                                                              Last 10s              Last 10m              Last 10h                Total
[2023-11-12T20:11:43.872+0800][gc,stats    ]                                                              Avg / Max             Avg / Max             Avg / Max             Avg / Max
[2023-11-12T20:11:43.872+0800][gc,stats    ]   Collector: Garbage Collection Cycle                      0.000 / 0.000        50.665 / 66.843       50.665 / 66.843       50.665 / 66.843      ms
[2023-11-12T20:11:43.872+0800][gc,stats    ]  Contention: Mark Segment Reset Contention                     0 / 0                 0 / 9                 0 / 9                 0 / 9           ops/s
[2023-11-12T20:11:43.872+0800][gc,stats    ]  Contention: Mark SeqNum Reset Contention                      0 / 0                 0 / 1                 0 / 1                 0 / 1           ops/s
[2023-11-12T20:11:43.872+0800][gc,stats    ]    Critical: Allocation Stall                                  0 / 0                 0 / 0                 0 / 0                 0 / 0           ops/s
[2023-11-12T20:11:43.872+0800][gc,stats    ]    Critical: Allocation Stall                              0.000 / 0.000         0.000 / 0.000         0.000 / 0.000         0.000 / 0.000       ms
[2023-11-12T20:11:43.872+0800][gc,stats    ]    Critical: GC Locker Stall                                   0 / 0                 0 / 0                 0 / 0                 0 / 0           ops/s
[2023-11-12T20:11:43.872+0800][gc,stats    ]    Critical: GC Locker Stall                               0.000 / 0.000         0.000 / 0.000         0.000 / 0.000         0.000 / 0.000       ms
[2023-11-12T20:11:43.872+0800][gc,stats    ]    Critical: Relocation Stall                                  0 / 0                 0 / 0                 0 / 0                 0 / 0           ops/s
[2023-11-12T20:11:43.872+0800][gc,stats    ]    Critical: Relocation Stall                              0.000 / 0.000         0.000 / 0.000         0.000 / 0.000         0.000 / 0.000       ms
[2023-11-12T20:11:43.872+0800][gc,stats    ]      Memory: Allocation Rate                                   1 / 4                16 / 66               16 / 66               16 / 66          MB/s
[2023-11-12T20:11:43.872+0800][gc,stats    ]      Memory: Defragment                                        0 / 0                 0 / 0                 0 / 0                 0 / 0           ops/s
[2023-11-12T20:11:43.872+0800][gc,stats    ]      Memory: Out Of Memory                                     0 / 0                 0 / 0                 0 / 0                 0 / 0           ops/s
[2023-11-12T20:11:43.872+0800][gc,stats    ]      Memory: Page Cache Flush                                  0 / 0                 0 / 0                 0 / 0                 0 / 0           MB/s
[2023-11-12T20:11:43.872+0800][gc,stats    ]      Memory: Page Cache Hit L1                                 0 / 2                 4 / 32                4 / 32                4 / 32          ops/s
[2023-11-12T20:11:43.872+0800][gc,stats    ]      Memory: Page Cache Hit L2                                 0 / 0                 0 / 0                 0 / 0                 0 / 0           ops/s
[2023-11-12T20:11:43.872+0800][gc,stats    ]      Memory: Page Cache Hit L3                                 0 / 0                 4 / 33                4 / 33                4 / 33          ops/s
[2023-11-12T20:11:43.872+0800][gc,stats    ]      Memory: Page Cache Miss                                   0 / 0                 0 / 1                 0 / 1                 0 / 1           ops/s
[2023-11-12T20:11:43.872+0800][gc,stats    ]      Memory: Uncommit                                          0 / 0                 0 / 0                 0 / 0                 0 / 0           MB/s
[2023-11-12T20:11:43.872+0800][gc,stats    ]      Memory: Undo Object Allocation Failed                     0 / 0                 0 / 0                 0 / 0                 0 / 0           ops/s
[2023-11-12T20:11:43.872+0800][gc,stats    ]      Memory: Undo Object Allocation Succeeded                  0 / 0                 0 / 0                 0 / 0                 0 / 0           ops/s
[2023-11-12T20:11:43.872+0800][gc,stats    ]      Memory: Undo Page Allocation                              0 / 0                 0 / 0                 0 / 0                 0 / 0           ops/s
[2023-11-12T20:11:43.872+0800][gc,stats    ]       Phase: Concurrent Mark                               0.000 / 0.000        26.305 / 27.135       26.305 / 27.135       26.305 / 27.135      ms
[2023-11-12T20:11:43.872+0800][gc,stats    ]       Phase: Concurrent Mark Continue                      0.000 / 0.000         0.000 / 0.000         0.000 / 0.000         0.000 / 0.000       ms
[2023-11-12T20:11:43.872+0800][gc,stats    ]       Phase: Concurrent Mark Free                          0.000 / 0.000         0.001 / 0.001         0.001 / 0.001         0.001 / 0.001       ms
[2023-11-12T20:11:43.872+0800][gc,stats    ]       Phase: Concurrent Process Non-Strong References      0.000 / 0.000         1.929 / 2.001         1.929 / 2.001         1.929 / 2.001       ms
[2023-11-12T20:11:43.872+0800][gc,stats    ]       Phase: Concurrent Relocate                           0.000 / 0.000         3.090 / 3.413         3.090 / 3.413         3.090 / 3.413       ms
[2023-11-12T20:11:43.872+0800][gc,stats    ]       Phase: Concurrent Reset Relocation Set               0.000 / 0.000         0.002 / 0.004         0.002 / 0.004         0.002 / 0.004       ms
[2023-11-12T20:11:43.872+0800][gc,stats    ]       Phase: Concurrent Select Relocation Set              0.000 / 0.000        18.052 / 34.722       18.052 / 34.722       18.052 / 34.722      ms
[2023-11-12T20:11:43.872+0800][gc,stats    ]       Phase: Pause Mark End                                0.000 / 0.000         0.017 / 0.020         0.017 / 0.020         0.017 / 0.020       ms
[2023-11-12T20:11:43.872+0800][gc,stats    ]       Phase: Pause Mark Start                              0.000 / 0.000         0.102 / 0.195         0.102 / 0.195         0.102 / 0.195       ms
[2023-11-12T20:11:43.872+0800][gc,stats    ]       Phase: Pause Relocate Start                          0.000 / 0.000         0.012 / 0.013         0.012 / 0.013         0.012 / 0.013       ms
[2023-11-12T20:11:43.872+0800][gc,stats    ]    Subphase: Concurrent Classes Purge                      0.000 / 0.000         0.065 / 0.066         0.065 / 0.066         0.065 / 0.066       ms
[2023-11-12T20:11:43.872+0800][gc,stats    ]    Subphase: Concurrent Classes Unlink                     0.000 / 0.000         1.307 / 1.369         1.307 / 1.369         1.307 / 1.369       ms
[2023-11-12T20:11:43.872+0800][gc,stats    ]    Subphase: Concurrent Mark                               0.000 / 0.000        21.516 / 25.107       21.516 / 25.107       21.516 / 25.107      ms
[2023-11-12T20:11:43.872+0800][gc,stats    ]    Subphase: Concurrent Mark Try Flush                     0.000 / 0.000         0.198 / 1.014         0.198 / 1.014         0.198 / 1.014       ms
[2023-11-12T20:11:43.872+0800][gc,stats    ]    Subphase: Concurrent Mark Try Terminate                 0.000 / 0.000         7.711 / 13.370        7.711 / 13.370        7.711 / 13.370      ms
[2023-11-12T20:11:43.872+0800][gc,stats    ]    Subphase: Concurrent References Enqueue                 0.000 / 0.000         0.004 / 0.004         0.004 / 0.004         0.004 / 0.004       ms
[2023-11-12T20:11:43.872+0800][gc,stats    ]    Subphase: Concurrent References Process                 0.000 / 0.000         0.088 / 0.091         0.088 / 0.091         0.088 / 0.091       ms
[2023-11-12T20:11:43.872+0800][gc,stats    ]    Subphase: Concurrent Roots ClassLoaderDataGraph         0.000 / 0.000         0.224 / 1.141         0.224 / 1.141         0.224 / 1.141       ms
[2023-11-12T20:11:43.872+0800][gc,stats    ]    Subphase: Concurrent Roots CodeCache                    0.000 / 0.000         0.000 / 0.000         0.000 / 0.000         0.000 / 0.000       ms
[2023-11-12T20:11:43.872+0800][gc,stats    ]    Subphase: Concurrent Roots JavaThreads                  0.000 / 0.000         1.318 / 1.908         1.318 / 1.908         1.318 / 1.908       ms
[2023-11-12T20:11:43.872+0800][gc,stats    ]    Subphase: Concurrent Roots OopStorageSet                0.000 / 0.000         0.117 / 0.285         0.117 / 0.285         0.117 / 0.285       ms
[2023-11-12T20:11:43.872+0800][gc,stats    ]    Subphase: Concurrent Weak Roots OopStorageSet           0.000 / 0.000         0.376 / 0.512         0.376 / 0.512         0.376 / 0.512       ms
[2023-11-12T20:11:43.872+0800][gc,stats    ]    Subphase: Pause Mark Try Complete                       0.000 / 0.000         0.000 / 0.000         0.000 / 0.000         0.000 / 0.000       ms
[2023-11-12T20:11:43.872+0800][gc,stats    ]      System: Java Threads                                      0 / 0                38 / 52               38 / 52               38 / 52          threads
[2023-11-12T20:11:43.872+0800][gc,stats    ] =========================================================================================================================================================
[2023-11-12T20:11:53.871+0800][gc,stats    ] === Garbage Collection Statistics =======================================================================================================================
[2023-11-12T20:11:53.871+0800][gc,stats    ]                                                              Last 10s              Last 10m              Last 10h                Total
[2023-11-12T20:11:53.871+0800][gc,stats    ]                                                              Avg / Max             Avg / Max             Avg / Max             Avg / Max
[2023-11-12T20:11:53.871+0800][gc,stats    ]   Collector: Garbage Collection Cycle                      0.000 / 0.000        50.665 / 66.843       50.665 / 66.843       50.665 / 66.843      ms
[2023-11-12T20:11:53.871+0800][gc,stats    ]  Contention: Mark Segment Reset Contention                     0 / 0                 0 / 9                 0 / 9                 0 / 9           ops/s
[2023-11-12T20:11:53.871+0800][gc,stats    ]  Contention: Mark SeqNum Reset Contention                      0 / 0                 0 / 1                 0 / 1                 0 / 1           ops/s
[2023-11-12T20:11:53.871+0800][gc,stats    ]    Critical: Allocation Stall                                  0 / 0                 0 / 0                 0 / 0                 0 / 0           ops/s
[2023-11-12T20:11:53.871+0800][gc,stats    ]    Critical: Allocation Stall                              0.000 / 0.000         0.000 / 0.000         0.000 / 0.000         0.000 / 0.000       ms
[2023-11-12T20:11:53.871+0800][gc,stats    ]    Critical: GC Locker Stall                                   0 / 0                 0 / 0                 0 / 0                 0 / 0           ops/s
[2023-11-12T20:11:53.871+0800][gc,stats    ]    Critical: GC Locker Stall                               0.000 / 0.000         0.000 / 0.000         0.000 / 0.000         0.000 / 0.000       ms
[2023-11-12T20:11:53.871+0800][gc,stats    ]    Critical: Relocation Stall                                  0 / 0                 0 / 0                 0 / 0                 0 / 0           ops/s
[2023-11-12T20:11:53.871+0800][gc,stats    ]    Critical: Relocation Stall                              0.000 / 0.000         0.000 / 0.000         0.000 / 0.000         0.000 / 0.000       ms
[2023-11-12T20:11:53.871+0800][gc,stats    ]      Memory: Allocation Rate                                   0 / 2                10 / 66               10 / 66               10 / 66          MB/s
[2023-11-12T20:11:53.871+0800][gc,stats    ]      Memory: Defragment                                        0 / 0                 0 / 0                 0 / 0                 0 / 0           ops/s
[2023-11-12T20:11:53.871+0800][gc,stats    ]      Memory: Out Of Memory                                     0 / 0                 0 / 0                 0 / 0                 0 / 0           ops/s
[2023-11-12T20:11:53.871+0800][gc,stats    ]      Memory: Page Cache Flush                                  0 / 0                 0 / 0                 0 / 0                 0 / 0           MB/s
[2023-11-12T20:11:53.871+0800][gc,stats    ]      Memory: Page Cache Hit L1                                 0 / 1                 2 / 32                2 / 32                2 / 32          ops/s
[2023-11-12T20:11:53.871+0800][gc,stats    ]      Memory: Page Cache Hit L2                                 0 / 0                 0 / 0                 0 / 0                 0 / 0           ops/s
[2023-11-12T20:11:53.871+0800][gc,stats    ]      Memory: Page Cache Hit L3                                 0 / 0                 2 / 33                2 / 33                2 / 33          ops/s
[2023-11-12T20:11:53.871+0800][gc,stats    ]      Memory: Page Cache Miss                                   0 / 0                 0 / 1                 0 / 1                 0 / 1           ops/s
[2023-11-12T20:11:53.871+0800][gc,stats    ]      Memory: Uncommit                                          0 / 0                 0 / 0                 0 / 0                 0 / 0           MB/s
[2023-11-12T20:11:53.871+0800][gc,stats    ]      Memory: Undo Object Allocation Failed                     0 / 0                 0 / 0                 0 / 0                 0 / 0           ops/s
[2023-11-12T20:11:53.871+0800][gc,stats    ]      Memory: Undo Object Allocation Succeeded                  0 / 0                 0 / 0                 0 / 0                 0 / 0           ops/s
[2023-11-12T20:11:53.871+0800][gc,stats    ]      Memory: Undo Page Allocation                              0 / 0                 0 / 0                 0 / 0                 0 / 0           ops/s
[2023-11-12T20:11:53.871+0800][gc,stats    ]       Phase: Concurrent Mark                               0.000 / 0.000        26.305 / 27.135       26.305 / 27.135       26.305 / 27.135      ms
[2023-11-12T20:11:53.871+0800][gc,stats    ]       Phase: Concurrent Mark Continue                      0.000 / 0.000         0.000 / 0.000         0.000 / 0.000         0.000 / 0.000       ms
[2023-11-12T20:11:53.871+0800][gc,stats    ]       Phase: Concurrent Mark Free                          0.000 / 0.000         0.001 / 0.001         0.001 / 0.001         0.001 / 0.001       ms
[2023-11-12T20:11:53.871+0800][gc,stats    ]       Phase: Concurrent Process Non-Strong References      0.000 / 0.000         1.929 / 2.001         1.929 / 2.001         1.929 / 2.001       ms
[2023-11-12T20:11:53.871+0800][gc,stats    ]       Phase: Concurrent Relocate                           0.000 / 0.000         3.090 / 3.413         3.090 / 3.413         3.090 / 3.413       ms
[2023-11-12T20:11:53.871+0800][gc,stats    ]       Phase: Concurrent Reset Relocation Set               0.000 / 0.000         0.002 / 0.004         0.002 / 0.004         0.002 / 0.004       ms
[2023-11-12T20:11:53.871+0800][gc,stats    ]       Phase: Concurrent Select Relocation Set              0.000 / 0.000        18.052 / 34.722       18.052 / 34.722       18.052 / 34.722      ms
[2023-11-12T20:11:53.871+0800][gc,stats    ]       Phase: Pause Mark End                                0.000 / 0.000         0.017 / 0.020         0.017 / 0.020         0.017 / 0.020       ms
[2023-11-12T20:11:53.871+0800][gc,stats    ]       Phase: Pause Mark Start                              0.000 / 0.000         0.102 / 0.195         0.102 / 0.195         0.102 / 0.195       ms
[2023-11-12T20:11:53.871+0800][gc,stats    ]       Phase: Pause Relocate Start                          0.000 / 0.000         0.012 / 0.013         0.012 / 0.013         0.012 / 0.013       ms
[2023-11-12T20:11:53.871+0800][gc,stats    ]    Subphase: Concurrent Classes Purge                      0.000 / 0.000         0.065 / 0.066         0.065 / 0.066         0.065 / 0.066       ms
[2023-11-12T20:11:53.871+0800][gc,stats    ]    Subphase: Concurrent Classes Unlink                     0.000 / 0.000         1.307 / 1.369         1.307 / 1.369         1.307 / 1.369       ms
[2023-11-12T20:11:53.871+0800][gc,stats    ]    Subphase: Concurrent Mark                               0.000 / 0.000        21.516 / 25.107       21.516 / 25.107       21.516 / 25.107      ms
[2023-11-12T20:11:53.871+0800][gc,stats    ]    Subphase: Concurrent Mark Try Flush                     0.000 / 0.000         0.198 / 1.014         0.198 / 1.014         0.198 / 1.014       ms
[2023-11-12T20:11:53.871+0800][gc,stats    ]    Subphase: Concurrent Mark Try Terminate                 0.000 / 0.000         7.711 / 13.370        7.711 / 13.370        7.711 / 13.370      ms
[2023-11-12T20:11:53.871+0800][gc,stats    ]    Subphase: Concurrent References Enqueue                 0.000 / 0.000         0.004 / 0.004         0.004 / 0.004         0.004 / 0.004       ms
[2023-11-12T20:11:53.871+0800][gc,stats    ]    Subphase: Concurrent References Process                 0.000 / 0.000         0.088 / 0.091         0.088 / 0.091         0.088 / 0.091       ms
[2023-11-12T20:11:53.871+0800][gc,stats    ]    Subphase: Concurrent Roots ClassLoaderDataGraph         0.000 / 0.000         0.224 / 1.141         0.224 / 1.141         0.224 / 1.141       ms
[2023-11-12T20:11:53.871+0800][gc,stats    ]    Subphase: Concurrent Roots CodeCache                    0.000 / 0.000         0.000 / 0.000         0.000 / 0.000         0.000 / 0.000       ms
[2023-11-12T20:11:53.871+0800][gc,stats    ]    Subphase: Concurrent Roots JavaThreads                  0.000 / 0.000         1.318 / 1.908         1.318 / 1.908         1.318 / 1.908       ms
[2023-11-12T20:11:53.871+0800][gc,stats    ]    Subphase: Concurrent Roots OopStorageSet                0.000 / 0.000         0.117 / 0.285         0.117 / 0.285         0.117 / 0.285       ms
[2023-11-12T20:11:53.871+0800][gc,stats    ]    Subphase: Concurrent Weak Roots OopStorageSet           0.000 / 0.000         0.376 / 0.512         0.376 / 0.512         0.376 / 0.512       ms
[2023-11-12T20:11:53.871+0800][gc,stats    ]    Subphase: Pause Mark Try Complete                       0.000 / 0.000         0.000 / 0.000         0.000 / 0.000         0.000 / 0.000       ms
[2023-11-12T20:11:53.871+0800][gc,stats    ]      System: Java Threads                                      0 / 0                38 / 52               38 / 52               38 / 52          threads
[2023-11-12T20:11:53.871+0800][gc,stats    ] =========================================================================================================================================================
[2023-11-12T20:12:03.871+0800][gc,stats    ] === Garbage Collection Statistics =======================================================================================================================
[2023-11-12T20:12:03.871+0800][gc,stats    ]                                                              Last 10s              Last 10m              Last 10h                Total
[2023-11-12T20:12:03.871+0800][gc,stats    ]                                                              Avg / Max             Avg / Max             Avg / Max             Avg / Max
[2023-11-12T20:12:03.871+0800][gc,stats    ]   Collector: Garbage Collection Cycle                      0.000 / 0.000        50.665 / 66.843       50.665 / 66.843       50.665 / 66.843      ms
[2023-11-12T20:12:03.871+0800][gc,stats    ]  Contention: Mark Segment Reset Contention                     0 / 0                 0 / 9                 0 / 9                 0 / 9           ops/s
[2023-11-12T20:12:03.871+0800][gc,stats    ]  Contention: Mark SeqNum Reset Contention                      0 / 0                 0 / 1                 0 / 1                 0 / 1           ops/s
[2023-11-12T20:12:03.871+0800][gc,stats    ]    Critical: Allocation Stall                                  0 / 0                 0 / 0                 0 / 0                 0 / 0           ops/s
[2023-11-12T20:12:03.871+0800][gc,stats    ]    Critical: Allocation Stall                              0.000 / 0.000         0.000 / 0.000         0.000 / 0.000         0.000 / 0.000       ms
[2023-11-12T20:12:03.871+0800][gc,stats    ]    Critical: GC Locker Stall                                   0 / 0                 0 / 0                 0 / 0                 0 / 0           ops/s
[2023-11-12T20:12:03.871+0800][gc,stats    ]    Critical: GC Locker Stall                               0.000 / 0.000         0.000 / 0.000         0.000 / 0.000         0.000 / 0.000       ms
[2023-11-12T20:12:03.871+0800][gc,stats    ]    Critical: Relocation Stall                                  0 / 0                 0 / 0                 0 / 0                 0 / 0           ops/s
[2023-11-12T20:12:03.871+0800][gc,stats    ]    Critical: Relocation Stall                              0.000 / 0.000         0.000 / 0.000         0.000 / 0.000         0.000 / 0.000       ms
[2023-11-12T20:12:03.871+0800][gc,stats    ]      Memory: Allocation Rate                                   0 / 2                 8 / 66                8 / 66                8 / 66          MB/s
[2023-11-12T20:12:03.871+0800][gc,stats    ]      Memory: Defragment                                        0 / 0                 0 / 0                 0 / 0                 0 / 0           ops/s
[2023-11-12T20:12:03.871+0800][gc,stats    ]      Memory: Out Of Memory                                     0 / 0                 0 / 0                 0 / 0                 0 / 0           ops/s
[2023-11-12T20:12:03.871+0800][gc,stats    ]      Memory: Page Cache Flush                                  0 / 0                 0 / 0                 0 / 0                 0 / 0           MB/s
[2023-11-12T20:12:03.871+0800][gc,stats    ]      Memory: Page Cache Hit L1                                 0 / 1                 2 / 32                2 / 32                2 / 32          ops/s
[2023-11-12T20:12:03.871+0800][gc,stats    ]      Memory: Page Cache Hit L2                                 0 / 0                 0 / 0                 0 / 0                 0 / 0           ops/s
[2023-11-12T20:12:03.871+0800][gc,stats    ]      Memory: Page Cache Hit L3                                 0 / 0                 2 / 33                2 / 33                2 / 33          ops/s
[2023-11-12T20:12:03.871+0800][gc,stats    ]      Memory: Page Cache Miss                                   0 / 0                 0 / 1                 0 / 1                 0 / 1           ops/s
[2023-11-12T20:12:03.871+0800][gc,stats    ]      Memory: Uncommit                                          0 / 0                 0 / 0                 0 / 0                 0 / 0           MB/s
[2023-11-12T20:12:03.871+0800][gc,stats    ]      Memory: Undo Object Allocation Failed                     0 / 0                 0 / 0                 0 / 0                 0 / 0           ops/s
[2023-11-12T20:12:03.871+0800][gc,stats    ]      Memory: Undo Object Allocation Succeeded                  0 / 0                 0 / 0                 0 / 0                 0 / 0           ops/s
[2023-11-12T20:12:03.871+0800][gc,stats    ]      Memory: Undo Page Allocation                              0 / 0                 0 / 0                 0 / 0                 0 / 0           ops/s
[2023-11-12T20:12:03.871+0800][gc,stats    ]       Phase: Concurrent Mark                               0.000 / 0.000        26.305 / 27.135       26.305 / 27.135       26.305 / 27.135      ms
[2023-11-12T20:12:03.871+0800][gc,stats    ]       Phase: Concurrent Mark Continue                      0.000 / 0.000         0.000 / 0.000         0.000 / 0.000         0.000 / 0.000       ms
[2023-11-12T20:12:03.871+0800][gc,stats    ]       Phase: Concurrent Mark Free                          0.000 / 0.000         0.001 / 0.001         0.001 / 0.001         0.001 / 0.001       ms
[2023-11-12T20:12:03.871+0800][gc,stats    ]       Phase: Concurrent Process Non-Strong References      0.000 / 0.000         1.929 / 2.001         1.929 / 2.001         1.929 / 2.001       ms
[2023-11-12T20:12:03.871+0800][gc,stats    ]       Phase: Concurrent Relocate                           0.000 / 0.000         3.090 / 3.413         3.090 / 3.413         3.090 / 3.413       ms
[2023-11-12T20:12:03.871+0800][gc,stats    ]       Phase: Concurrent Reset Relocation Set               0.000 / 0.000         0.002 / 0.004         0.002 / 0.004         0.002 / 0.004       ms
[2023-11-12T20:12:03.871+0800][gc,stats    ]       Phase: Concurrent Select Relocation Set              0.000 / 0.000        18.052 / 34.722       18.052 / 34.722       18.052 / 34.722      ms
[2023-11-12T20:12:03.871+0800][gc,stats    ]       Phase: Pause Mark End                                0.000 / 0.000         0.017 / 0.020         0.017 / 0.020         0.017 / 0.020       ms
[2023-11-12T20:12:03.871+0800][gc,stats    ]       Phase: Pause Mark Start                              0.000 / 0.000         0.102 / 0.195         0.102 / 0.195         0.102 / 0.195       ms
[2023-11-12T20:12:03.871+0800][gc,stats    ]       Phase: Pause Relocate Start                          0.000 / 0.000         0.012 / 0.013         0.012 / 0.013         0.012 / 0.013       ms
[2023-11-12T20:12:03.871+0800][gc,stats    ]    Subphase: Concurrent Classes Purge                      0.000 / 0.000         0.065 / 0.066         0.065 / 0.066         0.065 / 0.066       ms
[2023-11-12T20:12:03.871+0800][gc,stats    ]    Subphase: Concurrent Classes Unlink                     0.000 / 0.000         1.307 / 1.369         1.307 / 1.369         1.307 / 1.369       ms
[2023-11-12T20:12:03.871+0800][gc,stats    ]    Subphase: Concurrent Mark                               0.000 / 0.000        21.516 / 25.107       21.516 / 25.107       21.516 / 25.107      ms
[2023-11-12T20:12:03.871+0800][gc,stats    ]    Subphase: Concurrent Mark Try Flush                     0.000 / 0.000         0.198 / 1.014         0.198 / 1.014         0.198 / 1.014       ms
[2023-11-12T20:12:03.871+0800][gc,stats    ]    Subphase: Concurrent Mark Try Terminate                 0.000 / 0.000         7.711 / 13.370        7.711 / 13.370        7.711 / 13.370      ms
[2023-11-12T20:12:03.871+0800][gc,stats    ]    Subphase: Concurrent References Enqueue                 0.000 / 0.000         0.004 / 0.004         0.004 / 0.004         0.004 / 0.004       ms
[2023-11-12T20:12:03.871+0800][gc,stats    ]    Subphase: Concurrent References Process                 0.000 / 0.000         0.088 / 0.091         0.088 / 0.091         0.088 / 0.091       ms
[2023-11-12T20:12:03.871+0800][gc,stats    ]    Subphase: Concurrent Roots ClassLoaderDataGraph         0.000 / 0.000         0.224 / 1.141         0.224 / 1.141         0.224 / 1.141       ms
[2023-11-12T20:12:03.871+0800][gc,stats    ]    Subphase: Concurrent Roots CodeCache                    0.000 / 0.000         0.000 / 0.000         0.000 / 0.000         0.000 / 0.000       ms
[2023-11-12T20:12:03.871+0800][gc,stats    ]    Subphase: Concurrent Roots JavaThreads                  0.000 / 0.000         1.318 / 1.908         1.318 / 1.908         1.318 / 1.908       ms
[2023-11-12T20:12:03.871+0800][gc,stats    ]    Subphase: Concurrent Roots OopStorageSet                0.000 / 0.000         0.117 / 0.285         0.117 / 0.285         0.117 / 0.285       ms
[2023-11-12T20:12:03.871+0800][gc,stats    ]    Subphase: Concurrent Weak Roots OopStorageSet           0.000 / 0.000         0.376 / 0.512         0.376 / 0.512         0.376 / 0.512       ms
[2023-11-12T20:12:03.871+0800][gc,stats    ]    Subphase: Pause Mark Try Complete                       0.000 / 0.000         0.000 / 0.000         0.000 / 0.000         0.000 / 0.000       ms
[2023-11-12T20:12:03.871+0800][gc,stats    ]      System: Java Threads                                      0 / 0                38 / 52               38 / 52               38 / 52          threads
[2023-11-12T20:12:03.871+0800][gc,stats    ] =========================================================================================================================================================
[2023-11-12T20:12:13.871+0800][gc,stats    ] === Garbage Collection Statistics =======================================================================================================================
[2023-11-12T20:12:13.871+0800][gc,stats    ]                                                              Last 10s              Last 10m              Last 10h                Total
[2023-11-12T20:12:13.871+0800][gc,stats    ]                                                              Avg / Max             Avg / Max             Avg / Max             Avg / Max
[2023-11-12T20:12:13.871+0800][gc,stats    ]   Collector: Garbage Collection Cycle                      0.000 / 0.000        50.665 / 66.843       50.665 / 66.843       50.665 / 66.843      ms
[2023-11-12T20:12:13.871+0800][gc,stats    ]  Contention: Mark Segment Reset Contention                     0 / 0                 0 / 9                 0 / 9                 0 / 9           ops/s
[2023-11-12T20:12:13.871+0800][gc,stats    ]  Contention: Mark SeqNum Reset Contention                      0 / 0                 0 / 1                 0 / 1                 0 / 1           ops/s
[2023-11-12T20:12:13.871+0800][gc,stats    ]    Critical: Allocation Stall                                  0 / 0                 0 / 0                 0 / 0                 0 / 0           ops/s
[2023-11-12T20:12:13.871+0800][gc,stats    ]    Critical: Allocation Stall                              0.000 / 0.000         0.000 / 0.000         0.000 / 0.000         0.000 / 0.000       ms
[2023-11-12T20:12:13.871+0800][gc,stats    ]    Critical: GC Locker Stall                                   0 / 0                 0 / 0                 0 / 0                 0 / 0           ops/s
[2023-11-12T20:12:13.871+0800][gc,stats    ]    Critical: GC Locker Stall                               0.000 / 0.000         0.000 / 0.000         0.000 / 0.000         0.000 / 0.000       ms
[2023-11-12T20:12:13.871+0800][gc,stats    ]    Critical: Relocation Stall                                  0 / 0                 0 / 0                 0 / 0                 0 / 0           ops/s
[2023-11-12T20:12:13.871+0800][gc,stats    ]    Critical: Relocation Stall                              0.000 / 0.000         0.000 / 0.000         0.000 / 0.000         0.000 / 0.000       ms
[2023-11-12T20:12:13.871+0800][gc,stats    ]      Memory: Allocation Rate                                   0 / 0                 6 / 66                6 / 66                6 / 66          MB/s
[2023-11-12T20:12:13.871+0800][gc,stats    ]      Memory: Defragment                                        0 / 0                 0 / 0                 0 / 0                 0 / 0           ops/s
[2023-11-12T20:12:13.871+0800][gc,stats    ]      Memory: Out Of Memory                                     0 / 0                 0 / 0                 0 / 0                 0 / 0           ops/s
[2023-11-12T20:12:13.871+0800][gc,stats    ]      Memory: Page Cache Flush                                  0 / 0                 0 / 0                 0 / 0                 0 / 0           MB/s
[2023-11-12T20:12:13.871+0800][gc,stats    ]      Memory: Page Cache Hit L1                                 0 / 0                 1 / 32                1 / 32                1 / 32          ops/s
[2023-11-12T20:12:13.871+0800][gc,stats    ]      Memory: Page Cache Hit L2                                 0 / 0                 0 / 0                 0 / 0                 0 / 0           ops/s
[2023-11-12T20:12:13.871+0800][gc,stats    ]      Memory: Page Cache Hit L3                                 0 / 0                 1 / 33                1 / 33                1 / 33          ops/s
[2023-11-12T20:12:13.871+0800][gc,stats    ]      Memory: Page Cache Miss                                   0 / 0                 0 / 1                 0 / 1                 0 / 1           ops/s
[2023-11-12T20:12:13.871+0800][gc,stats    ]      Memory: Uncommit                                          0 / 0                 0 / 0                 0 / 0                 0 / 0           MB/s
[2023-11-12T20:12:13.871+0800][gc,stats    ]      Memory: Undo Object Allocation Failed                     0 / 0                 0 / 0                 0 / 0                 0 / 0           ops/s
[2023-11-12T20:12:13.871+0800][gc,stats    ]      Memory: Undo Object Allocation Succeeded                  0 / 0                 0 / 0                 0 / 0                 0 / 0           ops/s
[2023-11-12T20:12:13.871+0800][gc,stats    ]      Memory: Undo Page Allocation                              0 / 0                 0 / 0                 0 / 0                 0 / 0           ops/s
[2023-11-12T20:12:13.871+0800][gc,stats    ]       Phase: Concurrent Mark                               0.000 / 0.000        26.305 / 27.135       26.305 / 27.135       26.305 / 27.135      ms
[2023-11-12T20:12:13.871+0800][gc,stats    ]       Phase: Concurrent Mark Continue                      0.000 / 0.000         0.000 / 0.000         0.000 / 0.000         0.000 / 0.000       ms
[2023-11-12T20:12:13.871+0800][gc,stats    ]       Phase: Concurrent Mark Free                          0.000 / 0.000         0.001 / 0.001         0.001 / 0.001         0.001 / 0.001       ms
[2023-11-12T20:12:13.871+0800][gc,stats    ]       Phase: Concurrent Process Non-Strong References      0.000 / 0.000         1.929 / 2.001         1.929 / 2.001         1.929 / 2.001       ms
[2023-11-12T20:12:13.871+0800][gc,stats    ]       Phase: Concurrent Relocate                           0.000 / 0.000         3.090 / 3.413         3.090 / 3.413         3.090 / 3.413       ms
[2023-11-12T20:12:13.871+0800][gc,stats    ]       Phase: Concurrent Reset Relocation Set               0.000 / 0.000         0.002 / 0.004         0.002 / 0.004         0.002 / 0.004       ms
[2023-11-12T20:12:13.871+0800][gc,stats    ]       Phase: Concurrent Select Relocation Set              0.000 / 0.000        18.052 / 34.722       18.052 / 34.722       18.052 / 34.722      ms
[2023-11-12T20:12:13.871+0800][gc,stats    ]       Phase: Pause Mark End                                0.000 / 0.000         0.017 / 0.020         0.017 / 0.020         0.017 / 0.020       ms
[2023-11-12T20:12:13.871+0800][gc,stats    ]       Phase: Pause Mark Start                              0.000 / 0.000         0.102 / 0.195         0.102 / 0.195         0.102 / 0.195       ms
[2023-11-12T20:12:13.871+0800][gc,stats    ]       Phase: Pause Relocate Start                          0.000 / 0.000         0.012 / 0.013         0.012 / 0.013         0.012 / 0.013       ms
[2023-11-12T20:12:13.871+0800][gc,stats    ]    Subphase: Concurrent Classes Purge                      0.000 / 0.000         0.065 / 0.066         0.065 / 0.066         0.065 / 0.066       ms
[2023-11-12T20:12:13.871+0800][gc,stats    ]    Subphase: Concurrent Classes Unlink                     0.000 / 0.000         1.307 / 1.369         1.307 / 1.369         1.307 / 1.369       ms
[2023-11-12T20:12:13.871+0800][gc,stats    ]    Subphase: Concurrent Mark                               0.000 / 0.000        21.516 / 25.107       21.516 / 25.107       21.516 / 25.107      ms
[2023-11-12T20:12:13.871+0800][gc,stats    ]    Subphase: Concurrent Mark Try Flush                     0.000 / 0.000         0.198 / 1.014         0.198 / 1.014         0.198 / 1.014       ms
[2023-11-12T20:12:13.871+0800][gc,stats    ]    Subphase: Concurrent Mark Try Terminate                 0.000 / 0.000         7.711 / 13.370        7.711 / 13.370        7.711 / 13.370      ms
[2023-11-12T20:12:13.871+0800][gc,stats    ]    Subphase: Concurrent References Enqueue                 0.000 / 0.000         0.004 / 0.004         0.004 / 0.004         0.004 / 0.004       ms
[2023-11-12T20:12:13.871+0800][gc,stats    ]    Subphase: Concurrent References Process                 0.000 / 0.000         0.088 / 0.091         0.088 / 0.091         0.088 / 0.091       ms
[2023-11-12T20:12:13.871+0800][gc,stats    ]    Subphase: Concurrent Roots ClassLoaderDataGraph         0.000 / 0.000         0.224 / 1.141         0.224 / 1.141         0.224 / 1.141       ms
[2023-11-12T20:12:13.871+0800][gc,stats    ]    Subphase: Concurrent Roots CodeCache                    0.000 / 0.000         0.000 / 0.000         0.000 / 0.000         0.000 / 0.000       ms
[2023-11-12T20:12:13.871+0800][gc,stats    ]    Subphase: Concurrent Roots JavaThreads                  0.000 / 0.000         1.318 / 1.908         1.318 / 1.908         1.318 / 1.908       ms
[2023-11-12T20:12:13.871+0800][gc,stats    ]    Subphase: Concurrent Roots OopStorageSet                0.000 / 0.000         0.117 / 0.285         0.117 / 0.285         0.117 / 0.285       ms
[2023-11-12T20:12:13.871+0800][gc,stats    ]    Subphase: Concurrent Weak Roots OopStorageSet           0.000 / 0.000         0.376 / 0.512         0.376 / 0.512         0.376 / 0.512       ms
[2023-11-12T20:12:13.871+0800][gc,stats    ]    Subphase: Pause Mark Try Complete                       0.000 / 0.000         0.000 / 0.000         0.000 / 0.000         0.000 / 0.000       ms
[2023-11-12T20:12:13.871+0800][gc,stats    ]      System: Java Threads                                      0 / 0                38 / 52               38 / 52               38 / 52          threads
[2023-11-12T20:12:13.871+0800][gc,stats    ] =========================================================================================================================================================
[2023-11-12T20:12:23.871+0800][gc,stats    ] === Garbage Collection Statistics =======================================================================================================================
[2023-11-12T20:12:23.871+0800][gc,stats    ]                                                              Last 10s              Last 10m              Last 10h                Total
[2023-11-12T20:12:23.871+0800][gc,stats    ]                                                              Avg / Max             Avg / Max             Avg / Max             Avg / Max
[2023-11-12T20:12:23.871+0800][gc,stats    ]   Collector: Garbage Collection Cycle                      0.000 / 0.000        50.665 / 66.843       50.665 / 66.843       50.665 / 66.843      ms
[2023-11-12T20:12:23.871+0800][gc,stats    ]  Contention: Mark Segment Reset Contention                     0 / 0                 0 / 9                 0 / 9                 0 / 9           ops/s
[2023-11-12T20:12:23.871+0800][gc,stats    ]  Contention: Mark SeqNum Reset Contention                      0 / 0                 0 / 1                 0 / 1                 0 / 1           ops/s
[2023-11-12T20:12:23.871+0800][gc,stats    ]    Critical: Allocation Stall                                  0 / 0                 0 / 0                 0 / 0                 0 / 0           ops/s
[2023-11-12T20:12:23.871+0800][gc,stats    ]    Critical: Allocation Stall                              0.000 / 0.000         0.000 / 0.000         0.000 / 0.000         0.000 / 0.000       ms
[2023-11-12T20:12:23.871+0800][gc,stats    ]    Critical: GC Locker Stall                                   0 / 0                 0 / 0                 0 / 0                 0 / 0           ops/s
[2023-11-12T20:12:23.871+0800][gc,stats    ]    Critical: GC Locker Stall                               0.000 / 0.000         0.000 / 0.000         0.000 / 0.000         0.000 / 0.000       ms
[2023-11-12T20:12:23.871+0800][gc,stats    ]    Critical: Relocation Stall                                  0 / 0                 0 / 0                 0 / 0                 0 / 0           ops/s
[2023-11-12T20:12:23.871+0800][gc,stats    ]    Critical: Relocation Stall                              0.000 / 0.000         0.000 / 0.000         0.000 / 0.000         0.000 / 0.000       ms
[2023-11-12T20:12:23.871+0800][gc,stats    ]      Memory: Allocation Rate                                   0 / 2                 5 / 66                5 / 66                5 / 66          MB/s
[2023-11-12T20:12:23.871+0800][gc,stats    ]      Memory: Defragment                                        0 / 0                 0 / 0                 0 / 0                 0 / 0           ops/s
[2023-11-12T20:12:23.871+0800][gc,stats    ]      Memory: Out Of Memory                                     0 / 0                 0 / 0                 0 / 0                 0 / 0           ops/s
[2023-11-12T20:12:23.871+0800][gc,stats    ]      Memory: Page Cache Flush                                  0 / 0                 0 / 0                 0 / 0                 0 / 0           MB/s
[2023-11-12T20:12:23.871+0800][gc,stats    ]      Memory: Page Cache Hit L1                                 0 / 1                 1 / 32                1 / 32                1 / 32          ops/s
[2023-11-12T20:12:23.871+0800][gc,stats    ]      Memory: Page Cache Hit L2                                 0 / 0                 0 / 0                 0 / 0                 0 / 0           ops/s
[2023-11-12T20:12:23.871+0800][gc,stats    ]      Memory: Page Cache Hit L3                                 0 / 0                 1 / 33                1 / 33                1 / 33          ops/s
[2023-11-12T20:12:23.871+0800][gc,stats    ]      Memory: Page Cache Miss                                   0 / 0                 0 / 1                 0 / 1                 0 / 1           ops/s
[2023-11-12T20:12:23.871+0800][gc,stats    ]      Memory: Uncommit                                          0 / 0                 0 / 0                 0 / 0                 0 / 0           MB/s
[2023-11-12T20:12:23.871+0800][gc,stats    ]      Memory: Undo Object Allocation Failed                     0 / 0                 0 / 0                 0 / 0                 0 / 0           ops/s
[2023-11-12T20:12:23.871+0800][gc,stats    ]      Memory: Undo Object Allocation Succeeded                  0 / 0                 0 / 0                 0 / 0                 0 / 0           ops/s
[2023-11-12T20:12:23.871+0800][gc,stats    ]      Memory: Undo Page Allocation                              0 / 0                 0 / 0                 0 / 0                 0 / 0           ops/s
[2023-11-12T20:12:23.871+0800][gc,stats    ]       Phase: Concurrent Mark                               0.000 / 0.000        26.305 / 27.135       26.305 / 27.135       26.305 / 27.135      ms
[2023-11-12T20:12:23.871+0800][gc,stats    ]       Phase: Concurrent Mark Continue                      0.000 / 0.000         0.000 / 0.000         0.000 / 0.000         0.000 / 0.000       ms
[2023-11-12T20:12:23.871+0800][gc,stats    ]       Phase: Concurrent Mark Free                          0.000 / 0.000         0.001 / 0.001         0.001 / 0.001         0.001 / 0.001       ms
[2023-11-12T20:12:23.871+0800][gc,stats    ]       Phase: Concurrent Process Non-Strong References      0.000 / 0.000         1.929 / 2.001         1.929 / 2.001         1.929 / 2.001       ms
[2023-11-12T20:12:23.871+0800][gc,stats    ]       Phase: Concurrent Relocate                           0.000 / 0.000         3.090 / 3.413         3.090 / 3.413         3.090 / 3.413       ms
[2023-11-12T20:12:23.871+0800][gc,stats    ]       Phase: Concurrent Reset Relocation Set               0.000 / 0.000         0.002 / 0.004         0.002 / 0.004         0.002 / 0.004       ms
[2023-11-12T20:12:23.871+0800][gc,stats    ]       Phase: Concurrent Select Relocation Set              0.000 / 0.000        18.052 / 34.722       18.052 / 34.722       18.052 / 34.722      ms
[2023-11-12T20:12:23.871+0800][gc,stats    ]       Phase: Pause Mark End                                0.000 / 0.000         0.017 / 0.020         0.017 / 0.020         0.017 / 0.020       ms
[2023-11-12T20:12:23.871+0800][gc,stats    ]       Phase: Pause Mark Start                              0.000 / 0.000         0.102 / 0.195         0.102 / 0.195         0.102 / 0.195       ms
[2023-11-12T20:12:23.871+0800][gc,stats    ]       Phase: Pause Relocate Start                          0.000 / 0.000         0.012 / 0.013         0.012 / 0.013         0.012 / 0.013       ms
[2023-11-12T20:12:23.871+0800][gc,stats    ]    Subphase: Concurrent Classes Purge                      0.000 / 0.000         0.065 / 0.066         0.065 / 0.066         0.065 / 0.066       ms
[2023-11-12T20:12:23.871+0800][gc,stats    ]    Subphase: Concurrent Classes Unlink                     0.000 / 0.000         1.307 / 1.369         1.307 / 1.369         1.307 / 1.369       ms
[2023-11-12T20:12:23.871+0800][gc,stats    ]    Subphase: Concurrent Mark                               0.000 / 0.000        21.516 / 25.107       21.516 / 25.107       21.516 / 25.107      ms
[2023-11-12T20:12:23.871+0800][gc,stats    ]    Subphase: Concurrent Mark Try Flush                     0.000 / 0.000         0.198 / 1.014         0.198 / 1.014         0.198 / 1.014       ms
[2023-11-12T20:12:23.871+0800][gc,stats    ]    Subphase: Concurrent Mark Try Terminate                 0.000 / 0.000         7.711 / 13.370        7.711 / 13.370        7.711 / 13.370      ms
[2023-11-12T20:12:23.871+0800][gc,stats    ]    Subphase: Concurrent References Enqueue                 0.000 / 0.000         0.004 / 0.004         0.004 / 0.004         0.004 / 0.004       ms
[2023-11-12T20:12:23.871+0800][gc,stats    ]    Subphase: Concurrent References Process                 0.000 / 0.000         0.088 / 0.091         0.088 / 0.091         0.088 / 0.091       ms
[2023-11-12T20:12:23.871+0800][gc,stats    ]    Subphase: Concurrent Roots ClassLoaderDataGraph         0.000 / 0.000         0.224 / 1.141         0.224 / 1.141         0.224 / 1.141       ms
[2023-11-12T20:12:23.871+0800][gc,stats    ]    Subphase: Concurrent Roots CodeCache                    0.000 / 0.000         0.000 / 0.000         0.000 / 0.000         0.000 / 0.000       ms
[2023-11-12T20:12:23.871+0800][gc,stats    ]    Subphase: Concurrent Roots JavaThreads                  0.000 / 0.000         1.318 / 1.908         1.318 / 1.908         1.318 / 1.908       ms
[2023-11-12T20:12:23.871+0800][gc,stats    ]    Subphase: Concurrent Roots OopStorageSet                0.000 / 0.000         0.117 / 0.285         0.117 / 0.285         0.117 / 0.285       ms
[2023-11-12T20:12:23.871+0800][gc,stats    ]    Subphase: Concurrent Weak Roots OopStorageSet           0.000 / 0.000         0.376 / 0.512         0.376 / 0.512         0.376 / 0.512       ms
[2023-11-12T20:12:23.871+0800][gc,stats    ]    Subphase: Pause Mark Try Complete                       0.000 / 0.000         0.000 / 0.000         0.000 / 0.000         0.000 / 0.000       ms
[2023-11-12T20:12:23.871+0800][gc,stats    ]      System: Java Threads                                      0 / 0                38 / 52               38 / 52               38 / 52          threads
[2023-11-12T20:12:23.871+0800][gc,stats    ] =========================================================================================================================================================
[2023-11-12T20:12:33.872+0800][gc,stats    ] === Garbage Collection Statistics =======================================================================================================================
[2023-11-12T20:12:33.872+0800][gc,stats    ]                                                              Last 10s              Last 10m              Last 10h                Total
[2023-11-12T20:12:33.872+0800][gc,stats    ]                                                              Avg / Max             Avg / Max             Avg / Max             Avg / Max
[2023-11-12T20:12:33.872+0800][gc,stats    ]   Collector: Garbage Collection Cycle                      0.000 / 0.000        50.665 / 66.843       50.665 / 66.843       50.665 / 66.843      ms
[2023-11-12T20:12:33.872+0800][gc,stats    ]  Contention: Mark Segment Reset Contention                     0 / 0                 0 / 9                 0 / 9                 0 / 9           ops/s
[2023-11-12T20:12:33.872+0800][gc,stats    ]  Contention: Mark SeqNum Reset Contention                      0 / 0                 0 / 1                 0 / 1                 0 / 1           ops/s
[2023-11-12T20:12:33.872+0800][gc,stats    ]    Critical: Allocation Stall                                  0 / 0                 0 / 0                 0 / 0                 0 / 0           ops/s
[2023-11-12T20:12:33.872+0800][gc,stats    ]    Critical: Allocation Stall                              0.000 / 0.000         0.000 / 0.000         0.000 / 0.000         0.000 / 0.000       ms
[2023-11-12T20:12:33.872+0800][gc,stats    ]    Critical: GC Locker Stall                                   0 / 0                 0 / 0                 0 / 0                 0 / 0           ops/s
[2023-11-12T20:12:33.872+0800][gc,stats    ]    Critical: GC Locker Stall                               0.000 / 0.000         0.000 / 0.000         0.000 / 0.000         0.000 / 0.000       ms
[2023-11-12T20:12:33.872+0800][gc,stats    ]    Critical: Relocation Stall                                  0 / 0                 0 / 0                 0 / 0                 0 / 0           ops/s
[2023-11-12T20:12:33.872+0800][gc,stats    ]    Critical: Relocation Stall                              0.000 / 0.000         0.000 / 0.000         0.000 / 0.000         0.000 / 0.000       ms
[2023-11-12T20:12:33.872+0800][gc,stats    ]      Memory: Allocation Rate                                   0 / 0                 4 / 66                4 / 66                4 / 66          MB/s
[2023-11-12T20:12:33.872+0800][gc,stats    ]      Memory: Defragment                                        0 / 0                 0 / 0                 0 / 0                 0 / 0           ops/s
[2023-11-12T20:12:33.872+0800][gc,stats    ]      Memory: Out Of Memory                                     0 / 0                 0 / 0                 0 / 0                 0 / 0           ops/s
[2023-11-12T20:12:33.872+0800][gc,stats    ]      Memory: Page Cache Flush                                  0 / 0                 0 / 0                 0 / 0                 0 / 0           MB/s
[2023-11-12T20:12:33.872+0800][gc,stats    ]      Memory: Page Cache Hit L1                                 0 / 0                 1 / 32                1 / 32                1 / 32          ops/s
[2023-11-12T20:12:33.872+0800][gc,stats    ]      Memory: Page Cache Hit L2                                 0 / 0                 0 / 0                 0 / 0                 0 / 0           ops/s
[2023-11-12T20:12:33.872+0800][gc,stats    ]      Memory: Page Cache Hit L3                                 0 / 0                 1 / 33                1 / 33                1 / 33          ops/s
[2023-11-12T20:12:33.872+0800][gc,stats    ]      Memory: Page Cache Miss                                   0 / 0                 0 / 1                 0 / 1                 0 / 1           ops/s
[2023-11-12T20:12:33.872+0800][gc,stats    ]      Memory: Uncommit                                          0 / 0                 0 / 0                 0 / 0                 0 / 0           MB/s
[2023-11-12T20:12:33.872+0800][gc,stats    ]      Memory: Undo Object Allocation Failed                     0 / 0                 0 / 0                 0 / 0                 0 / 0           ops/s
[2023-11-12T20:12:33.872+0800][gc,stats    ]      Memory: Undo Object Allocation Succeeded                  0 / 0                 0 / 0                 0 / 0                 0 / 0           ops/s
[2023-11-12T20:12:33.872+0800][gc,stats    ]      Memory: Undo Page Allocation                              0 / 0                 0 / 0                 0 / 0                 0 / 0           ops/s
[2023-11-12T20:12:33.872+0800][gc,stats    ]       Phase: Concurrent Mark                               0.000 / 0.000        26.305 / 27.135       26.305 / 27.135       26.305 / 27.135      ms
[2023-11-12T20:12:33.872+0800][gc,stats    ]       Phase: Concurrent Mark Continue                      0.000 / 0.000         0.000 / 0.000         0.000 / 0.000         0.000 / 0.000       ms
[2023-11-12T20:12:33.872+0800][gc,stats    ]       Phase: Concurrent Mark Free                          0.000 / 0.000         0.001 / 0.001         0.001 / 0.001         0.001 / 0.001       ms
[2023-11-12T20:12:33.872+0800][gc,stats    ]       Phase: Concurrent Process Non-Strong References      0.000 / 0.000         1.929 / 2.001         1.929 / 2.001         1.929 / 2.001       ms
[2023-11-12T20:12:33.872+0800][gc,stats    ]       Phase: Concurrent Relocate                           0.000 / 0.000         3.090 / 3.413         3.090 / 3.413         3.090 / 3.413       ms
[2023-11-12T20:12:33.872+0800][gc,stats    ]       Phase: Concurrent Reset Relocation Set               0.000 / 0.000         0.002 / 0.004         0.002 / 0.004         0.002 / 0.004       ms
[2023-11-12T20:12:33.872+0800][gc,stats    ]       Phase: Concurrent Select Relocation Set              0.000 / 0.000        18.052 / 34.722       18.052 / 34.722       18.052 / 34.722      ms
[2023-11-12T20:12:33.872+0800][gc,stats    ]       Phase: Pause Mark End                                0.000 / 0.000         0.017 / 0.020         0.017 / 0.020         0.017 / 0.020       ms
[2023-11-12T20:12:33.872+0800][gc,stats    ]       Phase: Pause Mark Start                              0.000 / 0.000         0.102 / 0.195         0.102 / 0.195         0.102 / 0.195       ms
[2023-11-12T20:12:33.872+0800][gc,stats    ]       Phase: Pause Relocate Start                          0.000 / 0.000         0.012 / 0.013         0.012 / 0.013         0.012 / 0.013       ms
[2023-11-12T20:12:33.872+0800][gc,stats    ]    Subphase: Concurrent Classes Purge                      0.000 / 0.000         0.065 / 0.066         0.065 / 0.066         0.065 / 0.066       ms
[2023-11-12T20:12:33.872+0800][gc,stats    ]    Subphase: Concurrent Classes Unlink                     0.000 / 0.000         1.307 / 1.369         1.307 / 1.369         1.307 / 1.369       ms
[2023-11-12T20:12:33.872+0800][gc,stats    ]    Subphase: Concurrent Mark                               0.000 / 0.000        21.516 / 25.107       21.516 / 25.107       21.516 / 25.107      ms
[2023-11-12T20:12:33.873+0800][gc,stats    ]    Subphase: Concurrent Mark Try Flush                     0.000 / 0.000         0.198 / 1.014         0.198 / 1.014         0.198 / 1.014       ms
[2023-11-12T20:12:33.873+0800][gc,stats    ]    Subphase: Concurrent Mark Try Terminate                 0.000 / 0.000         7.711 / 13.370        7.711 / 13.370        7.711 / 13.370      ms
[2023-11-12T20:12:33.873+0800][gc,stats    ]    Subphase: Concurrent References Enqueue                 0.000 / 0.000         0.004 / 0.004         0.004 / 0.004         0.004 / 0.004       ms
[2023-11-12T20:12:33.873+0800][gc,stats    ]    Subphase: Concurrent References Process                 0.000 / 0.000         0.088 / 0.091         0.088 / 0.091         0.088 / 0.091       ms
[2023-11-12T20:12:33.873+0800][gc,stats    ]    Subphase: Concurrent Roots ClassLoaderDataGraph         0.000 / 0.000         0.224 / 1.141         0.224 / 1.141         0.224 / 1.141       ms
[2023-11-12T20:12:33.873+0800][gc,stats    ]    Subphase: Concurrent Roots CodeCache                    0.000 / 0.000         0.000 / 0.000         0.000 / 0.000         0.000 / 0.000       ms
[2023-11-12T20:12:33.873+0800][gc,stats    ]    Subphase: Concurrent Roots JavaThreads                  0.000 / 0.000         1.318 / 1.908         1.318 / 1.908         1.318 / 1.908       ms
[2023-11-12T20:12:33.873+0800][gc,stats    ]    Subphase: Concurrent Roots OopStorageSet                0.000 / 0.000         0.117 / 0.285         0.117 / 0.285         0.117 / 0.285       ms
[2023-11-12T20:12:33.873+0800][gc,stats    ]    Subphase: Concurrent Weak Roots OopStorageSet           0.000 / 0.000         0.376 / 0.512         0.376 / 0.512         0.376 / 0.512       ms
[2023-11-12T20:12:33.873+0800][gc,stats    ]    Subphase: Pause Mark Try Complete                       0.000 / 0.000         0.000 / 0.000         0.000 / 0.000         0.000 / 0.000       ms
[2023-11-12T20:12:33.873+0800][gc,stats    ]      System: Java Threads                                      0 / 0                38 / 52               38 / 52               38 / 52          threads
[2023-11-12T20:12:33.873+0800][gc,stats    ] =========================================================================================================================================================
[2023-11-12T20:12:43.871+0800][gc,stats    ] === Garbage Collection Statistics =======================================================================================================================
[2023-11-12T20:12:43.871+0800][gc,stats    ]                                                              Last 10s              Last 10m              Last 10h                Total
[2023-11-12T20:12:43.871+0800][gc,stats    ]                                                              Avg / Max             Avg / Max             Avg / Max             Avg / Max
[2023-11-12T20:12:43.871+0800][gc,stats    ]   Collector: Garbage Collection Cycle                      0.000 / 0.000        50.665 / 66.843       50.665 / 66.843       50.665 / 66.843      ms
[2023-11-12T20:12:43.871+0800][gc,stats    ]  Contention: Mark Segment Reset Contention                     0 / 0                 0 / 9                 0 / 9                 0 / 9           ops/s
[2023-11-12T20:12:43.871+0800][gc,stats    ]  Contention: Mark SeqNum Reset Contention                      0 / 0                 0 / 1                 0 / 1                 0 / 1           ops/s
[2023-11-12T20:12:43.871+0800][gc,stats    ]    Critical: Allocation Stall                                  0 / 0                 0 / 0                 0 / 0                 0 / 0           ops/s
[2023-11-12T20:12:43.871+0800][gc,stats    ]    Critical: Allocation Stall                              0.000 / 0.000         0.000 / 0.000         0.000 / 0.000         0.000 / 0.000       ms
[2023-11-12T20:12:43.871+0800][gc,stats    ]    Critical: GC Locker Stall                                   0 / 0                 0 / 0                 0 / 0                 0 / 0           ops/s
[2023-11-12T20:12:43.871+0800][gc,stats    ]    Critical: GC Locker Stall                               0.000 / 0.000         0.000 / 0.000         0.000 / 0.000         0.000 / 0.000       ms
[2023-11-12T20:12:43.871+0800][gc,stats    ]    Critical: Relocation Stall                                  0 / 0                 0 / 0                 0 / 0                 0 / 0           ops/s
[2023-11-12T20:12:43.871+0800][gc,stats    ]    Critical: Relocation Stall                              0.000 / 0.000         0.000 / 0.000         0.000 / 0.000         0.000 / 0.000       ms
[2023-11-12T20:12:43.871+0800][gc,stats    ]      Memory: Allocation Rate                                   0 / 0                 4 / 66                4 / 66                4 / 66          MB/s
[2023-11-12T20:12:43.871+0800][gc,stats    ]      Memory: Defragment                                        0 / 0                 0 / 0                 0 / 0                 0 / 0           ops/s
[2023-11-12T20:12:43.871+0800][gc,stats    ]      Memory: Out Of Memory                                     0 / 0                 0 / 0                 0 / 0                 0 / 0           ops/s
[2023-11-12T20:12:43.871+0800][gc,stats    ]      Memory: Page Cache Flush                                  0 / 0                 0 / 0                 0 / 0                 0 / 0           MB/s
[2023-11-12T20:12:43.871+0800][gc,stats    ]      Memory: Page Cache Hit L1                                 0 / 0                 1 / 32                1 / 32                1 / 32          ops/s
[2023-11-12T20:12:43.871+0800][gc,stats    ]      Memory: Page Cache Hit L2                                 0 / 0                 0 / 0                 0 / 0                 0 / 0           ops/s
[2023-11-12T20:12:43.871+0800][gc,stats    ]      Memory: Page Cache Hit L3                                 0 / 0                 1 / 33                1 / 33                1 / 33          ops/s
[2023-11-12T20:12:43.871+0800][gc,stats    ]      Memory: Page Cache Miss                                   0 / 0                 0 / 1                 0 / 1                 0 / 1           ops/s
[2023-11-12T20:12:43.871+0800][gc,stats    ]      Memory: Uncommit                                          0 / 0                 0 / 0                 0 / 0                 0 / 0           MB/s
[2023-11-12T20:12:43.871+0800][gc,stats    ]      Memory: Undo Object Allocation Failed                     0 / 0                 0 / 0                 0 / 0                 0 / 0           ops/s
[2023-11-12T20:12:43.871+0800][gc,stats    ]      Memory: Undo Object Allocation Succeeded                  0 / 0                 0 / 0                 0 / 0                 0 / 0           ops/s
[2023-11-12T20:12:43.871+0800][gc,stats    ]      Memory: Undo Page Allocation                              0 / 0                 0 / 0                 0 / 0                 0 / 0           ops/s
[2023-11-12T20:12:43.871+0800][gc,stats    ]       Phase: Concurrent Mark                               0.000 / 0.000        26.305 / 27.135       26.305 / 27.135       26.305 / 27.135      ms
[2023-11-12T20:12:43.871+0800][gc,stats    ]       Phase: Concurrent Mark Continue                      0.000 / 0.000         0.000 / 0.000         0.000 / 0.000         0.000 / 0.000       ms
[2023-11-12T20:12:43.871+0800][gc,stats    ]       Phase: Concurrent Mark Free                          0.000 / 0.000         0.001 / 0.001         0.001 / 0.001         0.001 / 0.001       ms
[2023-11-12T20:12:43.871+0800][gc,stats    ]       Phase: Concurrent Process Non-Strong References      0.000 / 0.000         1.929 / 2.001         1.929 / 2.001         1.929 / 2.001       ms
[2023-11-12T20:12:43.871+0800][gc,stats    ]       Phase: Concurrent Relocate                           0.000 / 0.000         3.090 / 3.413         3.090 / 3.413         3.090 / 3.413       ms
[2023-11-12T20:12:43.871+0800][gc,stats    ]       Phase: Concurrent Reset Relocation Set               0.000 / 0.000         0.002 / 0.004         0.002 / 0.004         0.002 / 0.004       ms
[2023-11-12T20:12:43.871+0800][gc,stats    ]       Phase: Concurrent Select Relocation Set              0.000 / 0.000        18.052 / 34.722       18.052 / 34.722       18.052 / 34.722      ms
[2023-11-12T20:12:43.871+0800][gc,stats    ]       Phase: Pause Mark End                                0.000 / 0.000         0.017 / 0.020         0.017 / 0.020         0.017 / 0.020       ms
[2023-11-12T20:12:43.871+0800][gc,stats    ]       Phase: Pause Mark Start                              0.000 / 0.000         0.102 / 0.195         0.102 / 0.195         0.102 / 0.195       ms
[2023-11-12T20:12:43.871+0800][gc,stats    ]       Phase: Pause Relocate Start                          0.000 / 0.000         0.012 / 0.013         0.012 / 0.013         0.012 / 0.013       ms
[2023-11-12T20:12:43.871+0800][gc,stats    ]    Subphase: Concurrent Classes Purge                      0.000 / 0.000         0.065 / 0.066         0.065 / 0.066         0.065 / 0.066       ms
[2023-11-12T20:12:43.871+0800][gc,stats    ]    Subphase: Concurrent Classes Unlink                     0.000 / 0.000         1.307 / 1.369         1.307 / 1.369         1.307 / 1.369       ms
[2023-11-12T20:12:43.871+0800][gc,stats    ]    Subphase: Concurrent Mark                               0.000 / 0.000        21.516 / 25.107       21.516 / 25.107       21.516 / 25.107      ms
[2023-11-12T20:12:43.871+0800][gc,stats    ]    Subphase: Concurrent Mark Try Flush                     0.000 / 0.000         0.198 / 1.014         0.198 / 1.014         0.198 / 1.014       ms
[2023-11-12T20:12:43.871+0800][gc,stats    ]    Subphase: Concurrent Mark Try Terminate                 0.000 / 0.000         7.711 / 13.370        7.711 / 13.370        7.711 / 13.370      ms
[2023-11-12T20:12:43.871+0800][gc,stats    ]    Subphase: Concurrent References Enqueue                 0.000 / 0.000         0.004 / 0.004         0.004 / 0.004         0.004 / 0.004       ms
[2023-11-12T20:12:43.871+0800][gc,stats    ]    Subphase: Concurrent References Process                 0.000 / 0.000         0.088 / 0.091         0.088 / 0.091         0.088 / 0.091       ms
[2023-11-12T20:12:43.871+0800][gc,stats    ]    Subphase: Concurrent Roots ClassLoaderDataGraph         0.000 / 0.000         0.224 / 1.141         0.224 / 1.141         0.224 / 1.141       ms
[2023-11-12T20:12:43.871+0800][gc,stats    ]    Subphase: Concurrent Roots CodeCache                    0.000 / 0.000         0.000 / 0.000         0.000 / 0.000         0.000 / 0.000       ms
[2023-11-12T20:12:43.871+0800][gc,stats    ]    Subphase: Concurrent Roots JavaThreads                  0.000 / 0.000         1.318 / 1.908         1.318 / 1.908         1.318 / 1.908       ms
[2023-11-12T20:12:43.871+0800][gc,stats    ]    Subphase: Concurrent Roots OopStorageSet                0.000 / 0.000         0.117 / 0.285         0.117 / 0.285         0.117 / 0.285       ms
[2023-11-12T20:12:43.871+0800][gc,stats    ]    Subphase: Concurrent Weak Roots OopStorageSet           0.000 / 0.000         0.376 / 0.512         0.376 / 0.512         0.376 / 0.512       ms
[2023-11-12T20:12:43.871+0800][gc,stats    ]    Subphase: Pause Mark Try Complete                       0.000 / 0.000         0.000 / 0.000         0.000 / 0.000         0.000 / 0.000       ms
[2023-11-12T20:12:43.871+0800][gc,stats    ]      System: Java Threads                                      0 / 0                38 / 52               38 / 52               38 / 52          threads
[2023-11-12T20:12:43.871+0800][gc,stats    ] =========================================================================================================================================================
[2023-11-12T20:12:53.872+0800][gc,stats    ] === Garbage Collection Statistics =======================================================================================================================
[2023-11-12T20:12:53.872+0800][gc,stats    ]                                                              Last 10s              Last 10m              Last 10h                Total
[2023-11-12T20:12:53.872+0800][gc,stats    ]                                                              Avg / Max             Avg / Max             Avg / Max             Avg / Max
[2023-11-12T20:12:53.872+0800][gc,stats    ]   Collector: Garbage Collection Cycle                      0.000 / 0.000        50.665 / 66.843       50.665 / 66.843       50.665 / 66.843      ms
[2023-11-12T20:12:53.872+0800][gc,stats    ]  Contention: Mark Segment Reset Contention                     0 / 0                 0 / 9                 0 / 9                 0 / 9           ops/s
[2023-11-12T20:12:53.872+0800][gc,stats    ]  Contention: Mark SeqNum Reset Contention                      0 / 0                 0 / 1                 0 / 1                 0 / 1           ops/s
[2023-11-12T20:12:53.872+0800][gc,stats    ]    Critical: Allocation Stall                                  0 / 0                 0 / 0                 0 / 0                 0 / 0           ops/s
[2023-11-12T20:12:53.872+0800][gc,stats    ]    Critical: Allocation Stall                              0.000 / 0.000         0.000 / 0.000         0.000 / 0.000         0.000 / 0.000       ms
[2023-11-12T20:12:53.872+0800][gc,stats    ]    Critical: GC Locker Stall                                   0 / 0                 0 / 0                 0 / 0                 0 / 0           ops/s
[2023-11-12T20:12:53.872+0800][gc,stats    ]    Critical: GC Locker Stall                               0.000 / 0.000         0.000 / 0.000         0.000 / 0.000         0.000 / 0.000       ms
[2023-11-12T20:12:53.872+0800][gc,stats    ]    Critical: Relocation Stall                                  0 / 0                 0 / 0                 0 / 0                 0 / 0           ops/s
[2023-11-12T20:12:53.872+0800][gc,stats    ]    Critical: Relocation Stall                              0.000 / 0.000         0.000 / 0.000         0.000 / 0.000         0.000 / 0.000       ms
[2023-11-12T20:12:53.872+0800][gc,stats    ]      Memory: Allocation Rate                                   0 / 6                 3 / 66                3 / 66                3 / 66          MB/s
[2023-11-12T20:12:53.872+0800][gc,stats    ]      Memory: Defragment                                        0 / 0                 0 / 0                 0 / 0                 0 / 0           ops/s
[2023-11-12T20:12:53.872+0800][gc,stats    ]      Memory: Out Of Memory                                     0 / 0                 0 / 0                 0 / 0                 0 / 0           ops/s
[2023-11-12T20:12:53.872+0800][gc,stats    ]      Memory: Page Cache Flush                                  0 / 0                 0 / 0                 0 / 0                 0 / 0           MB/s
[2023-11-12T20:12:53.872+0800][gc,stats    ]      Memory: Page Cache Hit L1                                 0 / 3                 0 / 32                0 / 32                0 / 32          ops/s
[2023-11-12T20:12:53.872+0800][gc,stats    ]      Memory: Page Cache Hit L2                                 0 / 0                 0 / 0                 0 / 0                 0 / 0           ops/s
[2023-11-12T20:12:53.872+0800][gc,stats    ]      Memory: Page Cache Hit L3                                 0 / 0                 0 / 33                0 / 33                0 / 33          ops/s
[2023-11-12T20:12:53.872+0800][gc,stats    ]      Memory: Page Cache Miss                                   0 / 0                 0 / 1                 0 / 1                 0 / 1           ops/s
[2023-11-12T20:12:53.872+0800][gc,stats    ]      Memory: Uncommit                                          0 / 0                 0 / 0                 0 / 0                 0 / 0           MB/s
[2023-11-12T20:12:53.872+0800][gc,stats    ]      Memory: Undo Object Allocation Failed                     0 / 0                 0 / 0                 0 / 0                 0 / 0           ops/s
[2023-11-12T20:12:53.872+0800][gc,stats    ]      Memory: Undo Object Allocation Succeeded                  0 / 0                 0 / 0                 0 / 0                 0 / 0           ops/s
[2023-11-12T20:12:53.872+0800][gc,stats    ]      Memory: Undo Page Allocation                              0 / 0                 0 / 0                 0 / 0                 0 / 0           ops/s
[2023-11-12T20:12:53.872+0800][gc,stats    ]       Phase: Concurrent Mark                               0.000 / 0.000        26.305 / 27.135       26.305 / 27.135       26.305 / 27.135      ms
[2023-11-12T20:12:53.872+0800][gc,stats    ]       Phase: Concurrent Mark Continue                      0.000 / 0.000         0.000 / 0.000         0.000 / 0.000         0.000 / 0.000       ms
[2023-11-12T20:12:53.872+0800][gc,stats    ]       Phase: Concurrent Mark Free                          0.000 / 0.000         0.001 / 0.001         0.001 / 0.001         0.001 / 0.001       ms
[2023-11-12T20:12:53.872+0800][gc,stats    ]       Phase: Concurrent Process Non-Strong References      0.000 / 0.000         1.929 / 2.001         1.929 / 2.001         1.929 / 2.001       ms
[2023-11-12T20:12:53.872+0800][gc,stats    ]       Phase: Concurrent Relocate                           0.000 / 0.000         3.090 / 3.413         3.090 / 3.413         3.090 / 3.413       ms
[2023-11-12T20:12:53.872+0800][gc,stats    ]       Phase: Concurrent Reset Relocation Set               0.000 / 0.000         0.002 / 0.004         0.002 / 0.004         0.002 / 0.004       ms
[2023-11-12T20:12:53.872+0800][gc,stats    ]       Phase: Concurrent Select Relocation Set              0.000 / 0.000        18.052 / 34.722       18.052 / 34.722       18.052 / 34.722      ms
[2023-11-12T20:12:53.872+0800][gc,stats    ]       Phase: Pause Mark End                                0.000 / 0.000         0.017 / 0.020         0.017 / 0.020         0.017 / 0.020       ms
[2023-11-12T20:12:53.872+0800][gc,stats    ]       Phase: Pause Mark Start                              0.000 / 0.000         0.102 / 0.195         0.102 / 0.195         0.102 / 0.195       ms
[2023-11-12T20:12:53.872+0800][gc,stats    ]       Phase: Pause Relocate Start                          0.000 / 0.000         0.012 / 0.013         0.012 / 0.013         0.012 / 0.013       ms
[2023-11-12T20:12:53.872+0800][gc,stats    ]    Subphase: Concurrent Classes Purge                      0.000 / 0.000         0.065 / 0.066         0.065 / 0.066         0.065 / 0.066       ms
[2023-11-12T20:12:53.872+0800][gc,stats    ]    Subphase: Concurrent Classes Unlink                     0.000 / 0.000         1.307 / 1.369         1.307 / 1.369         1.307 / 1.369       ms
[2023-11-12T20:12:53.872+0800][gc,stats    ]    Subphase: Concurrent Mark                               0.000 / 0.000        21.516 / 25.107       21.516 / 25.107       21.516 / 25.107      ms
[2023-11-12T20:12:53.872+0800][gc,stats    ]    Subphase: Concurrent Mark Try Flush                     0.000 / 0.000         0.198 / 1.014         0.198 / 1.014         0.198 / 1.014       ms
[2023-11-12T20:12:53.872+0800][gc,stats    ]    Subphase: Concurrent Mark Try Terminate                 0.000 / 0.000         7.711 / 13.370        7.711 / 13.370        7.711 / 13.370      ms
[2023-11-12T20:12:53.872+0800][gc,stats    ]    Subphase: Concurrent References Enqueue                 0.000 / 0.000         0.004 / 0.004         0.004 / 0.004         0.004 / 0.004       ms
[2023-11-12T20:12:53.872+0800][gc,stats    ]    Subphase: Concurrent References Process                 0.000 / 0.000         0.088 / 0.091         0.088 / 0.091         0.088 / 0.091       ms
[2023-11-12T20:12:53.872+0800][gc,stats    ]    Subphase: Concurrent Roots ClassLoaderDataGraph         0.000 / 0.000         0.224 / 1.141         0.224 / 1.141         0.224 / 1.141       ms
[2023-11-12T20:12:53.872+0800][gc,stats    ]    Subphase: Concurrent Roots CodeCache                    0.000 / 0.000         0.000 / 0.000         0.000 / 0.000         0.000 / 0.000       ms
[2023-11-12T20:12:53.872+0800][gc,stats    ]    Subphase: Concurrent Roots JavaThreads                  0.000 / 0.000         1.318 / 1.908         1.318 / 1.908         1.318 / 1.908       ms
[2023-11-12T20:12:53.872+0800][gc,stats    ]    Subphase: Concurrent Roots OopStorageSet                0.000 / 0.000         0.117 / 0.285         0.117 / 0.285         0.117 / 0.285       ms
[2023-11-12T20:12:53.872+0800][gc,stats    ]    Subphase: Concurrent Weak Roots OopStorageSet           0.000 / 0.000         0.376 / 0.512         0.376 / 0.512         0.376 / 0.512       ms
[2023-11-12T20:12:53.872+0800][gc,stats    ]    Subphase: Pause Mark Try Complete                       0.000 / 0.000         0.000 / 0.000         0.000 / 0.000         0.000 / 0.000       ms
[2023-11-12T20:12:53.872+0800][gc,stats    ]      System: Java Threads                                      0 / 0                38 / 52               38 / 52               38 / 52          threads
[2023-11-12T20:12:53.872+0800][gc,stats    ] =========================================================================================================================================================
[2023-11-12T20:13:03.873+0800][gc,stats    ] === Garbage Collection Statistics =======================================================================================================================
[2023-11-12T20:13:03.873+0800][gc,stats    ]                                                              Last 10s              Last 10m              Last 10h                Total
[2023-11-12T20:13:03.873+0800][gc,stats    ]                                                              Avg / Max             Avg / Max             Avg / Max             Avg / Max
[2023-11-12T20:13:03.873+0800][gc,stats    ]   Collector: Garbage Collection Cycle                      0.000 / 0.000        50.665 / 66.843       50.665 / 66.843       50.665 / 66.843      ms
[2023-11-12T20:13:03.873+0800][gc,stats    ]  Contention: Mark Segment Reset Contention                     0 / 0                 0 / 9                 0 / 9                 0 / 9           ops/s
[2023-11-12T20:13:03.873+0800][gc,stats    ]  Contention: Mark SeqNum Reset Contention                      0 / 0                 0 / 1                 0 / 1                 0 / 1           ops/s
[2023-11-12T20:13:03.873+0800][gc,stats    ]    Critical: Allocation Stall                                  0 / 0                 0 / 0                 0 / 0                 0 / 0           ops/s
[2023-11-12T20:13:03.873+0800][gc,stats    ]    Critical: Allocation Stall                              0.000 / 0.000         0.000 / 0.000         0.000 / 0.000         0.000 / 0.000       ms
[2023-11-12T20:13:03.873+0800][gc,stats    ]    Critical: GC Locker Stall                                   0 / 0                 0 / 0                 0 / 0                 0 / 0           ops/s
[2023-11-12T20:13:03.873+0800][gc,stats    ]    Critical: GC Locker Stall                               0.000 / 0.000         0.000 / 0.000         0.000 / 0.000         0.000 / 0.000       ms
[2023-11-12T20:13:03.873+0800][gc,stats    ]    Critical: Relocation Stall                                  0 / 0                 0 / 0                 0 / 0                 0 / 0           ops/s
[2023-11-12T20:13:03.873+0800][gc,stats    ]    Critical: Relocation Stall                              0.000 / 0.000         0.000 / 0.000         0.000 / 0.000         0.000 / 0.000       ms
[2023-11-12T20:13:03.873+0800][gc,stats    ]      Memory: Allocation Rate                                   0 / 0                 3 / 66                3 / 66                3 / 66          MB/s
[2023-11-12T20:13:03.873+0800][gc,stats    ]      Memory: Defragment                                        0 / 0                 0 / 0                 0 / 0                 0 / 0           ops/s
[2023-11-12T20:13:03.873+0800][gc,stats    ]      Memory: Out Of Memory                                     0 / 0                 0 / 0                 0 / 0                 0 / 0           ops/s
[2023-11-12T20:13:03.873+0800][gc,stats    ]      Memory: Page Cache Flush                                  0 / 0                 0 / 0                 0 / 0                 0 / 0           MB/s
[2023-11-12T20:13:03.873+0800][gc,stats    ]      Memory: Page Cache Hit L1                                 0 / 0                 0 / 32                0 / 32                0 / 32          ops/s
[2023-11-12T20:13:03.873+0800][gc,stats    ]      Memory: Page Cache Hit L2                                 0 / 0                 0 / 0                 0 / 0                 0 / 0           ops/s
[2023-11-12T20:13:03.873+0800][gc,stats    ]      Memory: Page Cache Hit L3                                 0 / 0                 0 / 33                0 / 33                0 / 33          ops/s
[2023-11-12T20:13:03.873+0800][gc,stats    ]      Memory: Page Cache Miss                                   0 / 0                 0 / 1                 0 / 1                 0 / 1           ops/s
[2023-11-12T20:13:03.873+0800][gc,stats    ]      Memory: Uncommit                                          0 / 0                 0 / 0                 0 / 0                 0 / 0           MB/s
[2023-11-12T20:13:03.873+0800][gc,stats    ]      Memory: Undo Object Allocation Failed                     0 / 0                 0 / 0                 0 / 0                 0 / 0           ops/s
[2023-11-12T20:13:03.873+0800][gc,stats    ]      Memory: Undo Object Allocation Succeeded                  0 / 0                 0 / 0                 0 / 0                 0 / 0           ops/s
[2023-11-12T20:13:03.873+0800][gc,stats    ]      Memory: Undo Page Allocation                              0 / 0                 0 / 0                 0 / 0                 0 / 0           ops/s
[2023-11-12T20:13:03.873+0800][gc,stats    ]       Phase: Concurrent Mark                               0.000 / 0.000        26.305 / 27.135       26.305 / 27.135       26.305 / 27.135      ms
[2023-11-12T20:13:03.873+0800][gc,stats    ]       Phase: Concurrent Mark Continue                      0.000 / 0.000         0.000 / 0.000         0.000 / 0.000         0.000 / 0.000       ms
[2023-11-12T20:13:03.873+0800][gc,stats    ]       Phase: Concurrent Mark Free                          0.000 / 0.000         0.001 / 0.001         0.001 / 0.001         0.001 / 0.001       ms
[2023-11-12T20:13:03.873+0800][gc,stats    ]       Phase: Concurrent Process Non-Strong References      0.000 / 0.000         1.929 / 2.001         1.929 / 2.001         1.929 / 2.001       ms
[2023-11-12T20:13:03.873+0800][gc,stats    ]       Phase: Concurrent Relocate                           0.000 / 0.000         3.090 / 3.413         3.090 / 3.413         3.090 / 3.413       ms
[2023-11-12T20:13:03.873+0800][gc,stats    ]       Phase: Concurrent Reset Relocation Set               0.000 / 0.000         0.002 / 0.004         0.002 / 0.004         0.002 / 0.004       ms
[2023-11-12T20:13:03.873+0800][gc,stats    ]       Phase: Concurrent Select Relocation Set              0.000 / 0.000        18.052 / 34.722       18.052 / 34.722       18.052 / 34.722      ms
[2023-11-12T20:13:03.873+0800][gc,stats    ]       Phase: Pause Mark End                                0.000 / 0.000         0.017 / 0.020         0.017 / 0.020         0.017 / 0.020       ms
[2023-11-12T20:13:03.873+0800][gc,stats    ]       Phase: Pause Mark Start                              0.000 / 0.000         0.102 / 0.195         0.102 / 0.195         0.102 / 0.195       ms
[2023-11-12T20:13:03.873+0800][gc,stats    ]       Phase: Pause Relocate Start                          0.000 / 0.000         0.012 / 0.013         0.012 / 0.013         0.012 / 0.013       ms
[2023-11-12T20:13:03.873+0800][gc,stats    ]    Subphase: Concurrent Classes Purge                      0.000 / 0.000         0.065 / 0.066         0.065 / 0.066         0.065 / 0.066       ms
[2023-11-12T20:13:03.873+0800][gc,stats    ]    Subphase: Concurrent Classes Unlink                     0.000 / 0.000         1.307 / 1.369         1.307 / 1.369         1.307 / 1.369       ms
[2023-11-12T20:13:03.873+0800][gc,stats    ]    Subphase: Concurrent Mark                               0.000 / 0.000        21.516 / 25.107       21.516 / 25.107       21.516 / 25.107      ms
[2023-11-12T20:13:03.873+0800][gc,stats    ]    Subphase: Concurrent Mark Try Flush                     0.000 / 0.000         0.198 / 1.014         0.198 / 1.014         0.198 / 1.014       ms
[2023-11-12T20:13:03.873+0800][gc,stats    ]    Subphase: Concurrent Mark Try Terminate                 0.000 / 0.000         7.711 / 13.370        7.711 / 13.370        7.711 / 13.370      ms
[2023-11-12T20:13:03.873+0800][gc,stats    ]    Subphase: Concurrent References Enqueue                 0.000 / 0.000         0.004 / 0.004         0.004 / 0.004         0.004 / 0.004       ms
[2023-11-12T20:13:03.873+0800][gc,stats    ]    Subphase: Concurrent References Process                 0.000 / 0.000         0.088 / 0.091         0.088 / 0.091         0.088 / 0.091       ms
[2023-11-12T20:13:03.873+0800][gc,stats    ]    Subphase: Concurrent Roots ClassLoaderDataGraph         0.000 / 0.000         0.224 / 1.141         0.224 / 1.141         0.224 / 1.141       ms
[2023-11-12T20:13:03.873+0800][gc,stats    ]    Subphase: Concurrent Roots CodeCache                    0.000 / 0.000         0.000 / 0.000         0.000 / 0.000         0.000 / 0.000       ms
[2023-11-12T20:13:03.873+0800][gc,stats    ]    Subphase: Concurrent Roots JavaThreads                  0.000 / 0.000         1.318 / 1.908         1.318 / 1.908         1.318 / 1.908       ms
[2023-11-12T20:13:03.873+0800][gc,stats    ]    Subphase: Concurrent Roots OopStorageSet                0.000 / 0.000         0.117 / 0.285         0.117 / 0.285         0.117 / 0.285       ms
[2023-11-12T20:13:03.873+0800][gc,stats    ]    Subphase: Concurrent Weak Roots OopStorageSet           0.000 / 0.000         0.376 / 0.512         0.376 / 0.512         0.376 / 0.512       ms
[2023-11-12T20:13:03.873+0800][gc,stats    ]    Subphase: Pause Mark Try Complete                       0.000 / 0.000         0.000 / 0.000         0.000 / 0.000         0.000 / 0.000       ms
[2023-11-12T20:13:03.873+0800][gc,stats    ]      System: Java Threads                                      0 / 0                38 / 52               38 / 52               38 / 52          threads
[2023-11-12T20:13:03.873+0800][gc,stats    ] =========================================================================================================================================================
[2023-11-12T20:13:13.872+0800][gc,stats    ] === Garbage Collection Statistics =======================================================================================================================
[2023-11-12T20:13:13.872+0800][gc,stats    ]                                                              Last 10s              Last 10m              Last 10h                Total
[2023-11-12T20:13:13.872+0800][gc,stats    ]                                                              Avg / Max             Avg / Max             Avg / Max             Avg / Max
[2023-11-12T20:13:13.872+0800][gc,stats    ]   Collector: Garbage Collection Cycle                      0.000 / 0.000        50.665 / 66.843       50.665 / 66.843       50.665 / 66.843      ms
[2023-11-12T20:13:13.872+0800][gc,stats    ]  Contention: Mark Segment Reset Contention                     0 / 0                 0 / 9                 0 / 9                 0 / 9           ops/s
[2023-11-12T20:13:13.872+0800][gc,stats    ]  Contention: Mark SeqNum Reset Contention                      0 / 0                 0 / 1                 0 / 1                 0 / 1           ops/s
[2023-11-12T20:13:13.872+0800][gc,stats    ]    Critical: Allocation Stall                                  0 / 0                 0 / 0                 0 / 0                 0 / 0           ops/s
[2023-11-12T20:13:13.872+0800][gc,stats    ]    Critical: Allocation Stall                              0.000 / 0.000         0.000 / 0.000         0.000 / 0.000         0.000 / 0.000       ms
[2023-11-12T20:13:13.872+0800][gc,stats    ]    Critical: GC Locker Stall                                   0 / 0                 0 / 0                 0 / 0                 0 / 0           ops/s
[2023-11-12T20:13:13.872+0800][gc,stats    ]    Critical: GC Locker Stall                               0.000 / 0.000         0.000 / 0.000         0.000 / 0.000         0.000 / 0.000       ms
[2023-11-12T20:13:13.872+0800][gc,stats    ]    Critical: Relocation Stall                                  0 / 0                 0 / 0                 0 / 0                 0 / 0           ops/s
[2023-11-12T20:13:13.872+0800][gc,stats    ]    Critical: Relocation Stall                              0.000 / 0.000         0.000 / 0.000         0.000 / 0.000         0.000 / 0.000       ms
[2023-11-12T20:13:13.872+0800][gc,stats    ]      Memory: Allocation Rate                                   0 / 0                 2 / 66                2 / 66                2 / 66          MB/s
[2023-11-12T20:13:13.872+0800][gc,stats    ]      Memory: Defragment                                        0 / 0                 0 / 0                 0 / 0                 0 / 0           ops/s
[2023-11-12T20:13:13.872+0800][gc,stats    ]      Memory: Out Of Memory                                     0 / 0                 0 / 0                 0 / 0                 0 / 0           ops/s
[2023-11-12T20:13:13.872+0800][gc,stats    ]      Memory: Page Cache Flush                                  0 / 0                 0 / 0                 0 / 0                 0 / 0           MB/s
[2023-11-12T20:13:13.872+0800][gc,stats    ]      Memory: Page Cache Hit L1                                 0 / 0                 0 / 32                0 / 32                0 / 32          ops/s
[2023-11-12T20:13:13.872+0800][gc,stats    ]      Memory: Page Cache Hit L2                                 0 / 0                 0 / 0                 0 / 0                 0 / 0           ops/s
[2023-11-12T20:13:13.872+0800][gc,stats    ]      Memory: Page Cache Hit L3                                 0 / 0                 0 / 33                0 / 33                0 / 33          ops/s
[2023-11-12T20:13:13.872+0800][gc,stats    ]      Memory: Page Cache Miss                                   0 / 0                 0 / 1                 0 / 1                 0 / 1           ops/s
[2023-11-12T20:13:13.872+0800][gc,stats    ]      Memory: Uncommit                                          0 / 0                 0 / 0                 0 / 0                 0 / 0           MB/s
[2023-11-12T20:13:13.872+0800][gc,stats    ]      Memory: Undo Object Allocation Failed                     0 / 0                 0 / 0                 0 / 0                 0 / 0           ops/s
[2023-11-12T20:13:13.872+0800][gc,stats    ]      Memory: Undo Object Allocation Succeeded                  0 / 0                 0 / 0                 0 / 0                 0 / 0           ops/s
[2023-11-12T20:13:13.872+0800][gc,stats    ]      Memory: Undo Page Allocation                              0 / 0                 0 / 0                 0 / 0                 0 / 0           ops/s
[2023-11-12T20:13:13.872+0800][gc,stats    ]       Phase: Concurrent Mark                               0.000 / 0.000        26.305 / 27.135       26.305 / 27.135       26.305 / 27.135      ms
[2023-11-12T20:13:13.872+0800][gc,stats    ]       Phase: Concurrent Mark Continue                      0.000 / 0.000         0.000 / 0.000         0.000 / 0.000         0.000 / 0.000       ms
[2023-11-12T20:13:13.872+0800][gc,stats    ]       Phase: Concurrent Mark Free                          0.000 / 0.000         0.001 / 0.001         0.001 / 0.001         0.001 / 0.001       ms
[2023-11-12T20:13:13.872+0800][gc,stats    ]       Phase: Concurrent Process Non-Strong References      0.000 / 0.000         1.929 / 2.001         1.929 / 2.001         1.929 / 2.001       ms
[2023-11-12T20:13:13.872+0800][gc,stats    ]       Phase: Concurrent Relocate                           0.000 / 0.000         3.090 / 3.413         3.090 / 3.413         3.090 / 3.413       ms
[2023-11-12T20:13:13.872+0800][gc,stats    ]       Phase: Concurrent Reset Relocation Set               0.000 / 0.000         0.002 / 0.004         0.002 / 0.004         0.002 / 0.004       ms
[2023-11-12T20:13:13.872+0800][gc,stats    ]       Phase: Concurrent Select Relocation Set              0.000 / 0.000        18.052 / 34.722       18.052 / 34.722       18.052 / 34.722      ms
[2023-11-12T20:13:13.872+0800][gc,stats    ]       Phase: Pause Mark End                                0.000 / 0.000         0.017 / 0.020         0.017 / 0.020         0.017 / 0.020       ms
[2023-11-12T20:13:13.872+0800][gc,stats    ]       Phase: Pause Mark Start                              0.000 / 0.000         0.102 / 0.195         0.102 / 0.195         0.102 / 0.195       ms
[2023-11-12T20:13:13.872+0800][gc,stats    ]       Phase: Pause Relocate Start                          0.000 / 0.000         0.012 / 0.013         0.012 / 0.013         0.012 / 0.013       ms
[2023-11-12T20:13:13.872+0800][gc,stats    ]    Subphase: Concurrent Classes Purge                      0.000 / 0.000         0.065 / 0.066         0.065 / 0.066         0.065 / 0.066       ms
[2023-11-12T20:13:13.872+0800][gc,stats    ]    Subphase: Concurrent Classes Unlink                     0.000 / 0.000         1.307 / 1.369         1.307 / 1.369         1.307 / 1.369       ms
[2023-11-12T20:13:13.872+0800][gc,stats    ]    Subphase: Concurrent Mark                               0.000 / 0.000        21.516 / 25.107       21.516 / 25.107       21.516 / 25.107      ms
[2023-11-12T20:13:13.872+0800][gc,stats    ]    Subphase: Concurrent Mark Try Flush                     0.000 / 0.000         0.198 / 1.014         0.198 / 1.014         0.198 / 1.014       ms
[2023-11-12T20:13:13.872+0800][gc,stats    ]    Subphase: Concurrent Mark Try Terminate                 0.000 / 0.000         7.711 / 13.370        7.711 / 13.370        7.711 / 13.370      ms
[2023-11-12T20:13:13.872+0800][gc,stats    ]    Subphase: Concurrent References Enqueue                 0.000 / 0.000         0.004 / 0.004         0.004 / 0.004         0.004 / 0.004       ms
[2023-11-12T20:13:13.872+0800][gc,stats    ]    Subphase: Concurrent References Process                 0.000 / 0.000         0.088 / 0.091         0.088 / 0.091         0.088 / 0.091       ms
[2023-11-12T20:13:13.872+0800][gc,stats    ]    Subphase: Concurrent Roots ClassLoaderDataGraph         0.000 / 0.000         0.224 / 1.141         0.224 / 1.141         0.224 / 1.141       ms
[2023-11-12T20:13:13.872+0800][gc,stats    ]    Subphase: Concurrent Roots CodeCache                    0.000 / 0.000         0.000 / 0.000         0.000 / 0.000         0.000 / 0.000       ms
[2023-11-12T20:13:13.872+0800][gc,stats    ]    Subphase: Concurrent Roots JavaThreads                  0.000 / 0.000         1.318 / 1.908         1.318 / 1.908         1.318 / 1.908       ms
[2023-11-12T20:13:13.872+0800][gc,stats    ]    Subphase: Concurrent Roots OopStorageSet                0.000 / 0.000         0.117 / 0.285         0.117 / 0.285         0.117 / 0.285       ms
[2023-11-12T20:13:13.872+0800][gc,stats    ]    Subphase: Concurrent Weak Roots OopStorageSet           0.000 / 0.000         0.376 / 0.512         0.376 / 0.512         0.376 / 0.512       ms
[2023-11-12T20:13:13.872+0800][gc,stats    ]    Subphase: Pause Mark Try Complete                       0.000 / 0.000         0.000 / 0.000         0.000 / 0.000         0.000 / 0.000       ms
[2023-11-12T20:13:13.872+0800][gc,stats    ]      System: Java Threads                                      0 / 0                38 / 52               38 / 52               38 / 52          threads
[2023-11-12T20:13:13.872+0800][gc,stats    ] =========================================================================================================================================================
[2023-11-12T20:13:23.879+0800][gc,stats    ] === Garbage Collection Statistics =======================================================================================================================
[2023-11-12T20:13:23.879+0800][gc,stats    ]                                                              Last 10s              Last 10m              Last 10h                Total
[2023-11-12T20:13:23.879+0800][gc,stats    ]                                                              Avg / Max             Avg / Max             Avg / Max             Avg / Max
[2023-11-12T20:13:23.879+0800][gc,stats    ]   Collector: Garbage Collection Cycle                      0.000 / 0.000        50.665 / 66.843       50.665 / 66.843       50.665 / 66.843      ms
[2023-11-12T20:13:23.879+0800][gc,stats    ]  Contention: Mark Segment Reset Contention                     0 / 0                 0 / 9                 0 / 9                 0 / 9           ops/s
[2023-11-12T20:13:23.879+0800][gc,stats    ]  Contention: Mark SeqNum Reset Contention                      0 / 0                 0 / 1                 0 / 1                 0 / 1           ops/s
[2023-11-12T20:13:23.879+0800][gc,stats    ]    Critical: Allocation Stall                                  0 / 0                 0 / 0                 0 / 0                 0 / 0           ops/s
[2023-11-12T20:13:23.879+0800][gc,stats    ]    Critical: Allocation Stall                              0.000 / 0.000         0.000 / 0.000         0.000 / 0.000         0.000 / 0.000       ms
[2023-11-12T20:13:23.879+0800][gc,stats    ]    Critical: GC Locker Stall                                   0 / 0                 0 / 0                 0 / 0                 0 / 0           ops/s
[2023-11-12T20:13:23.879+0800][gc,stats    ]    Critical: GC Locker Stall                               0.000 / 0.000         0.000 / 0.000         0.000 / 0.000         0.000 / 0.000       ms
[2023-11-12T20:13:23.879+0800][gc,stats    ]    Critical: Relocation Stall                                  0 / 0                 0 / 0                 0 / 0                 0 / 0           ops/s
[2023-11-12T20:13:23.879+0800][gc,stats    ]    Critical: Relocation Stall                              0.000 / 0.000         0.000 / 0.000         0.000 / 0.000         0.000 / 0.000       ms
[2023-11-12T20:13:23.879+0800][gc,stats    ]      Memory: Allocation Rate                                   0 / 0                 2 / 66                2 / 66                2 / 66          MB/s
[2023-11-12T20:13:23.879+0800][gc,stats    ]      Memory: Defragment                                        0 / 0                 0 / 0                 0 / 0                 0 / 0           ops/s
[2023-11-12T20:13:23.879+0800][gc,stats    ]      Memory: Out Of Memory                                     0 / 0                 0 / 0                 0 / 0                 0 / 0           ops/s
[2023-11-12T20:13:23.879+0800][gc,stats    ]      Memory: Page Cache Flush                                  0 / 0                 0 / 0                 0 / 0                 0 / 0           MB/s
[2023-11-12T20:13:23.879+0800][gc,stats    ]      Memory: Page Cache Hit L1                                 0 / 0                 0 / 32                0 / 32                0 / 32          ops/s
[2023-11-12T20:13:23.879+0800][gc,stats    ]      Memory: Page Cache Hit L2                                 0 / 0                 0 / 0                 0 / 0                 0 / 0           ops/s
[2023-11-12T20:13:23.879+0800][gc,stats    ]      Memory: Page Cache Hit L3                                 0 / 0                 0 / 33                0 / 33                0 / 33          ops/s
[2023-11-12T20:13:23.879+0800][gc,stats    ]      Memory: Page Cache Miss                                   0 / 0                 0 / 1                 0 / 1                 0 / 1           ops/s
[2023-11-12T20:13:23.879+0800][gc,stats    ]      Memory: Uncommit                                          0 / 0                 0 / 0                 0 / 0                 0 / 0           MB/s
[2023-11-12T20:13:23.879+0800][gc,stats    ]      Memory: Undo Object Allocation Failed                     0 / 0                 0 / 0                 0 / 0                 0 / 0           ops/s
[2023-11-12T20:13:23.879+0800][gc,stats    ]      Memory: Undo Object Allocation Succeeded                  0 / 0                 0 / 0                 0 / 0                 0 / 0           ops/s
[2023-11-12T20:13:23.879+0800][gc,stats    ]      Memory: Undo Page Allocation                              0 / 0                 0 / 0                 0 / 0                 0 / 0           ops/s
[2023-11-12T20:13:23.879+0800][gc,stats    ]       Phase: Concurrent Mark                               0.000 / 0.000        26.305 / 27.135       26.305 / 27.135       26.305 / 27.135      ms
[2023-11-12T20:13:23.879+0800][gc,stats    ]       Phase: Concurrent Mark Continue                      0.000 / 0.000         0.000 / 0.000         0.000 / 0.000         0.000 / 0.000       ms
[2023-11-12T20:13:23.879+0800][gc,stats    ]       Phase: Concurrent Mark Free                          0.000 / 0.000         0.001 / 0.001         0.001 / 0.001         0.001 / 0.001       ms
[2023-11-12T20:13:23.879+0800][gc,stats    ]       Phase: Concurrent Process Non-Strong References      0.000 / 0.000         1.929 / 2.001         1.929 / 2.001         1.929 / 2.001       ms
[2023-11-12T20:13:23.879+0800][gc,stats    ]       Phase: Concurrent Relocate                           0.000 / 0.000         3.090 / 3.413         3.090 / 3.413         3.090 / 3.413       ms
[2023-11-12T20:13:23.879+0800][gc,stats    ]       Phase: Concurrent Reset Relocation Set               0.000 / 0.000         0.002 / 0.004         0.002 / 0.004         0.002 / 0.004       ms
[2023-11-12T20:13:23.879+0800][gc,stats    ]       Phase: Concurrent Select Relocation Set              0.000 / 0.000        18.052 / 34.722       18.052 / 34.722       18.052 / 34.722      ms
[2023-11-12T20:13:23.879+0800][gc,stats    ]       Phase: Pause Mark End                                0.000 / 0.000         0.017 / 0.020         0.017 / 0.020         0.017 / 0.020       ms
[2023-11-12T20:13:23.879+0800][gc,stats    ]       Phase: Pause Mark Start                              0.000 / 0.000         0.102 / 0.195         0.102 / 0.195         0.102 / 0.195       ms
[2023-11-12T20:13:23.879+0800][gc,stats    ]       Phase: Pause Relocate Start                          0.000 / 0.000         0.012 / 0.013         0.012 / 0.013         0.012 / 0.013       ms
[2023-11-12T20:13:23.879+0800][gc,stats    ]    Subphase: Concurrent Classes Purge                      0.000 / 0.000         0.065 / 0.066         0.065 / 0.066         0.065 / 0.066       ms
[2023-11-12T20:13:23.879+0800][gc,stats    ]    Subphase: Concurrent Classes Unlink                     0.000 / 0.000         1.307 / 1.369         1.307 / 1.369         1.307 / 1.369       ms
[2023-11-12T20:13:23.879+0800][gc,stats    ]    Subphase: Concurrent Mark                               0.000 / 0.000        21.516 / 25.107       21.516 / 25.107       21.516 / 25.107      ms
[2023-11-12T20:13:23.879+0800][gc,stats    ]    Subphase: Concurrent Mark Try Flush                     0.000 / 0.000         0.198 / 1.014         0.198 / 1.014         0.198 / 1.014       ms
[2023-11-12T20:13:23.879+0800][gc,stats    ]    Subphase: Concurrent Mark Try Terminate                 0.000 / 0.000         7.711 / 13.370        7.711 / 13.370        7.711 / 13.370      ms
[2023-11-12T20:13:23.879+0800][gc,stats    ]    Subphase: Concurrent References Enqueue                 0.000 / 0.000         0.004 / 0.004         0.004 / 0.004         0.004 / 0.004       ms
[2023-11-12T20:13:23.879+0800][gc,stats    ]    Subphase: Concurrent References Process                 0.000 / 0.000         0.088 / 0.091         0.088 / 0.091         0.088 / 0.091       ms
[2023-11-12T20:13:23.879+0800][gc,stats    ]    Subphase: Concurrent Roots ClassLoaderDataGraph         0.000 / 0.000         0.224 / 1.141         0.224 / 1.141         0.224 / 1.141       ms
[2023-11-12T20:13:23.879+0800][gc,stats    ]    Subphase: Concurrent Roots CodeCache                    0.000 / 0.000         0.000 / 0.000         0.000 / 0.000         0.000 / 0.000       ms
[2023-11-12T20:13:23.879+0800][gc,stats    ]    Subphase: Concurrent Roots JavaThreads                  0.000 / 0.000         1.318 / 1.908         1.318 / 1.908         1.318 / 1.908       ms
[2023-11-12T20:13:23.879+0800][gc,stats    ]    Subphase: Concurrent Roots OopStorageSet                0.000 / 0.000         0.117 / 0.285         0.117 / 0.285         0.117 / 0.285       ms
[2023-11-12T20:13:23.879+0800][gc,stats    ]    Subphase: Concurrent Weak Roots OopStorageSet           0.000 / 0.000         0.376 / 0.512         0.376 / 0.512         0.376 / 0.512       ms
[2023-11-12T20:13:23.879+0800][gc,stats    ]    Subphase: Pause Mark Try Complete                       0.000 / 0.000         0.000 / 0.000         0.000 / 0.000         0.000 / 0.000       ms
[2023-11-12T20:13:23.879+0800][gc,stats    ]      System: Java Threads                                      0 / 0                38 / 52               38 / 52               38 / 52          threads
[2023-11-12T20:13:23.879+0800][gc,stats    ] =========================================================================================================================================================
[2023-11-12T20:13:33.873+0800][gc,stats    ] === Garbage Collection Statistics =======================================================================================================================
[2023-11-12T20:13:33.873+0800][gc,stats    ]                                                              Last 10s              Last 10m              Last 10h                Total
[2023-11-12T20:13:33.873+0800][gc,stats    ]                                                              Avg / Max             Avg / Max             Avg / Max             Avg / Max
[2023-11-12T20:13:33.873+0800][gc,stats    ]   Collector: Garbage Collection Cycle                      0.000 / 0.000        50.665 / 66.843       50.665 / 66.843       50.665 / 66.843      ms
[2023-11-12T20:13:33.873+0800][gc,stats    ]  Contention: Mark Segment Reset Contention                     0 / 0                 0 / 9                 0 / 9                 0 / 9           ops/s
[2023-11-12T20:13:33.873+0800][gc,stats    ]  Contention: Mark SeqNum Reset Contention                      0 / 0                 0 / 1                 0 / 1                 0 / 1           ops/s
[2023-11-12T20:13:33.873+0800][gc,stats    ]    Critical: Allocation Stall                                  0 / 0                 0 / 0                 0 / 0                 0 / 0           ops/s
[2023-11-12T20:13:33.873+0800][gc,stats    ]    Critical: Allocation Stall                              0.000 / 0.000         0.000 / 0.000         0.000 / 0.000         0.000 / 0.000       ms
[2023-11-12T20:13:33.873+0800][gc,stats    ]    Critical: GC Locker Stall                                   0 / 0                 0 / 0                 0 / 0                 0 / 0           ops/s
[2023-11-12T20:13:33.873+0800][gc,stats    ]    Critical: GC Locker Stall                               0.000 / 0.000         0.000 / 0.000         0.000 / 0.000         0.000 / 0.000       ms
[2023-11-12T20:13:33.873+0800][gc,stats    ]    Critical: Relocation Stall                                  0 / 0                 0 / 0                 0 / 0                 0 / 0           ops/s
[2023-11-12T20:13:33.873+0800][gc,stats    ]    Critical: Relocation Stall                              0.000 / 0.000         0.000 / 0.000         0.000 / 0.000         0.000 / 0.000       ms
[2023-11-12T20:13:33.873+0800][gc,stats    ]      Memory: Allocation Rate                                   0 / 0                 2 / 66                2 / 66                2 / 66          MB/s
[2023-11-12T20:13:33.873+0800][gc,stats    ]      Memory: Defragment                                        0 / 0                 0 / 0                 0 / 0                 0 / 0           ops/s
[2023-11-12T20:13:33.873+0800][gc,stats    ]      Memory: Out Of Memory                                     0 / 0                 0 / 0                 0 / 0                 0 / 0           ops/s
[2023-11-12T20:13:33.873+0800][gc,stats    ]      Memory: Page Cache Flush                                  0 / 0                 0 / 0                 0 / 0                 0 / 0           MB/s
[2023-11-12T20:13:33.873+0800][gc,stats    ]      Memory: Page Cache Hit L1                                 0 / 0                 0 / 32                0 / 32                0 / 32          ops/s
[2023-11-12T20:13:33.873+0800][gc,stats    ]      Memory: Page Cache Hit L2                                 0 / 0                 0 / 0                 0 / 0                 0 / 0           ops/s
[2023-11-12T20:13:33.873+0800][gc,stats    ]      Memory: Page Cache Hit L3                                 0 / 0                 0 / 33                0 / 33                0 / 33          ops/s
[2023-11-12T20:13:33.873+0800][gc,stats    ]      Memory: Page Cache Miss                                   0 / 0                 0 / 1                 0 / 1                 0 / 1           ops/s
[2023-11-12T20:13:33.873+0800][gc,stats    ]      Memory: Uncommit                                          0 / 0                 0 / 0                 0 / 0                 0 / 0           MB/s
[2023-11-12T20:13:33.873+0800][gc,stats    ]      Memory: Undo Object Allocation Failed                     0 / 0                 0 / 0                 0 / 0                 0 / 0           ops/s
[2023-11-12T20:13:33.873+0800][gc,stats    ]      Memory: Undo Object Allocation Succeeded                  0 / 0                 0 / 0                 0 / 0                 0 / 0           ops/s
[2023-11-12T20:13:33.873+0800][gc,stats    ]      Memory: Undo Page Allocation                              0 / 0                 0 / 0                 0 / 0                 0 / 0           ops/s
[2023-11-12T20:13:33.873+0800][gc,stats    ]       Phase: Concurrent Mark                               0.000 / 0.000        26.305 / 27.135       26.305 / 27.135       26.305 / 27.135      ms
[2023-11-12T20:13:33.873+0800][gc,stats    ]       Phase: Concurrent Mark Continue                      0.000 / 0.000         0.000 / 0.000         0.000 / 0.000         0.000 / 0.000       ms
[2023-11-12T20:13:33.873+0800][gc,stats    ]       Phase: Concurrent Mark Free                          0.000 / 0.000         0.001 / 0.001         0.001 / 0.001         0.001 / 0.001       ms
[2023-11-12T20:13:33.873+0800][gc,stats    ]       Phase: Concurrent Process Non-Strong References      0.000 / 0.000         1.929 / 2.001         1.929 / 2.001         1.929 / 2.001       ms
[2023-11-12T20:13:33.873+0800][gc,stats    ]       Phase: Concurrent Relocate                           0.000 / 0.000         3.090 / 3.413         3.090 / 3.413         3.090 / 3.413       ms
[2023-11-12T20:13:33.873+0800][gc,stats    ]       Phase: Concurrent Reset Relocation Set               0.000 / 0.000         0.002 / 0.004         0.002 / 0.004         0.002 / 0.004       ms
[2023-11-12T20:13:33.873+0800][gc,stats    ]       Phase: Concurrent Select Relocation Set              0.000 / 0.000        18.052 / 34.722       18.052 / 34.722       18.052 / 34.722      ms
[2023-11-12T20:13:33.873+0800][gc,stats    ]       Phase: Pause Mark End                                0.000 / 0.000         0.017 / 0.020         0.017 / 0.020         0.017 / 0.020       ms
[2023-11-12T20:13:33.873+0800][gc,stats    ]       Phase: Pause Mark Start                              0.000 / 0.000         0.102 / 0.195         0.102 / 0.195         0.102 / 0.195       ms
[2023-11-12T20:13:33.873+0800][gc,stats    ]       Phase: Pause Relocate Start                          0.000 / 0.000         0.012 / 0.013         0.012 / 0.013         0.012 / 0.013       ms
[2023-11-12T20:13:33.873+0800][gc,stats    ]    Subphase: Concurrent Classes Purge                      0.000 / 0.000         0.065 / 0.066         0.065 / 0.066         0.065 / 0.066       ms
[2023-11-12T20:13:33.873+0800][gc,stats    ]    Subphase: Concurrent Classes Unlink                     0.000 / 0.000         1.307 / 1.369         1.307 / 1.369         1.307 / 1.369       ms
[2023-11-12T20:13:33.873+0800][gc,stats    ]    Subphase: Concurrent Mark                               0.000 / 0.000        21.516 / 25.107       21.516 / 25.107       21.516 / 25.107      ms
[2023-11-12T20:13:33.873+0800][gc,stats    ]    Subphase: Concurrent Mark Try Flush                     0.000 / 0.000         0.198 / 1.014         0.198 / 1.014         0.198 / 1.014       ms
[2023-11-12T20:13:33.873+0800][gc,stats    ]    Subphase: Concurrent Mark Try Terminate                 0.000 / 0.000         7.711 / 13.370        7.711 / 13.370        7.711 / 13.370      ms
[2023-11-12T20:13:33.873+0800][gc,stats    ]    Subphase: Concurrent References Enqueue                 0.000 / 0.000         0.004 / 0.004         0.004 / 0.004         0.004 / 0.004       ms
[2023-11-12T20:13:33.873+0800][gc,stats    ]    Subphase: Concurrent References Process                 0.000 / 0.000         0.088 / 0.091         0.088 / 0.091         0.088 / 0.091       ms
[2023-11-12T20:13:33.873+0800][gc,stats    ]    Subphase: Concurrent Roots ClassLoaderDataGraph         0.000 / 0.000         0.224 / 1.141         0.224 / 1.141         0.224 / 1.141       ms
[2023-11-12T20:13:33.873+0800][gc,stats    ]    Subphase: Concurrent Roots CodeCache                    0.000 / 0.000         0.000 / 0.000         0.000 / 0.000         0.000 / 0.000       ms
[2023-11-12T20:13:33.873+0800][gc,stats    ]    Subphase: Concurrent Roots JavaThreads                  0.000 / 0.000         1.318 / 1.908         1.318 / 1.908         1.318 / 1.908       ms
[2023-11-12T20:13:33.873+0800][gc,stats    ]    Subphase: Concurrent Roots OopStorageSet                0.000 / 0.000         0.117 / 0.285         0.117 / 0.285         0.117 / 0.285       ms
[2023-11-12T20:13:33.873+0800][gc,stats    ]    Subphase: Concurrent Weak Roots OopStorageSet           0.000 / 0.000         0.376 / 0.512         0.376 / 0.512         0.376 / 0.512       ms
[2023-11-12T20:13:33.873+0800][gc,stats    ]    Subphase: Pause Mark Try Complete                       0.000 / 0.000         0.000 / 0.000         0.000 / 0.000         0.000 / 0.000       ms
[2023-11-12T20:13:33.873+0800][gc,stats    ]      System: Java Threads                                      0 / 0                38 / 52               38 / 52               38 / 52          threads
[2023-11-12T20:13:33.873+0800][gc,stats    ] =========================================================================================================================================================
[2023-11-12T20:13:43.886+0800][gc,stats    ] === Garbage Collection Statistics =======================================================================================================================
[2023-11-12T20:13:43.886+0800][gc,stats    ]                                                              Last 10s              Last 10m              Last 10h                Total
[2023-11-12T20:13:43.886+0800][gc,stats    ]                                                              Avg / Max             Avg / Max             Avg / Max             Avg / Max
[2023-11-12T20:13:43.886+0800][gc,stats    ]   Collector: Garbage Collection Cycle                      0.000 / 0.000        50.665 / 66.843       50.665 / 66.843       50.665 / 66.843      ms
[2023-11-12T20:13:43.886+0800][gc,stats    ]  Contention: Mark Segment Reset Contention                     0 / 0                 0 / 9                 0 / 9                 0 / 9           ops/s
[2023-11-12T20:13:43.886+0800][gc,stats    ]  Contention: Mark SeqNum Reset Contention                      0 / 0                 0 / 1                 0 / 1                 0 / 1           ops/s
[2023-11-12T20:13:43.886+0800][gc,stats    ]    Critical: Allocation Stall                                  0 / 0                 0 / 0                 0 / 0                 0 / 0           ops/s
[2023-11-12T20:13:43.886+0800][gc,stats    ]    Critical: Allocation Stall                              0.000 / 0.000         0.000 / 0.000         0.000 / 0.000         0.000 / 0.000       ms
[2023-11-12T20:13:43.886+0800][gc,stats    ]    Critical: GC Locker Stall                                   0 / 0                 0 / 0                 0 / 0                 0 / 0           ops/s
[2023-11-12T20:13:43.886+0800][gc,stats    ]    Critical: GC Locker Stall                               0.000 / 0.000         0.000 / 0.000         0.000 / 0.000         0.000 / 0.000       ms
[2023-11-12T20:13:43.886+0800][gc,stats    ]    Critical: Relocation Stall                                  0 / 0                 0 / 0                 0 / 0                 0 / 0           ops/s
[2023-11-12T20:13:43.886+0800][gc,stats    ]    Critical: Relocation Stall                              0.000 / 0.000         0.000 / 0.000         0.000 / 0.000         0.000 / 0.000       ms
[2023-11-12T20:13:43.886+0800][gc,stats    ]      Memory: Allocation Rate                                   0 / 0                 2 / 66                2 / 66                2 / 66          MB/s
[2023-11-12T20:13:43.886+0800][gc,stats    ]      Memory: Defragment                                        0 / 0                 0 / 0                 0 / 0                 0 / 0           ops/s
[2023-11-12T20:13:43.886+0800][gc,stats    ]      Memory: Out Of Memory                                     0 / 0                 0 / 0                 0 / 0                 0 / 0           ops/s
[2023-11-12T20:13:43.886+0800][gc,stats    ]      Memory: Page Cache Flush                                  0 / 0                 0 / 0                 0 / 0                 0 / 0           MB/s
[2023-11-12T20:13:43.886+0800][gc,stats    ]      Memory: Page Cache Hit L1                                 0 / 0                 0 / 32                0 / 32                0 / 32          ops/s
[2023-11-12T20:13:43.886+0800][gc,stats    ]      Memory: Page Cache Hit L2                                 0 / 0                 0 / 0                 0 / 0                 0 / 0           ops/s
[2023-11-12T20:13:43.886+0800][gc,stats    ]      Memory: Page Cache Hit L3                                 0 / 0                 0 / 33                0 / 33                0 / 33          ops/s
[2023-11-12T20:13:43.886+0800][gc,stats    ]      Memory: Page Cache Miss                                   0 / 0                 0 / 1                 0 / 1                 0 / 1           ops/s
[2023-11-12T20:13:43.886+0800][gc,stats    ]      Memory: Uncommit                                          0 / 0                 0 / 0                 0 / 0                 0 / 0           MB/s
[2023-11-12T20:13:43.886+0800][gc,stats    ]      Memory: Undo Object Allocation Failed                     0 / 0                 0 / 0                 0 / 0                 0 / 0           ops/s
[2023-11-12T20:13:43.886+0800][gc,stats    ]      Memory: Undo Object Allocation Succeeded                  0 / 0                 0 / 0                 0 / 0                 0 / 0           ops/s
[2023-11-12T20:13:43.886+0800][gc,stats    ]      Memory: Undo Page Allocation                              0 / 0                 0 / 0                 0 / 0                 0 / 0           ops/s
[2023-11-12T20:13:43.886+0800][gc,stats    ]       Phase: Concurrent Mark                               0.000 / 0.000        26.305 / 27.135       26.305 / 27.135       26.305 / 27.135      ms
[2023-11-12T20:13:43.886+0800][gc,stats    ]       Phase: Concurrent Mark Continue                      0.000 / 0.000         0.000 / 0.000         0.000 / 0.000         0.000 / 0.000       ms
[2023-11-12T20:13:43.886+0800][gc,stats    ]       Phase: Concurrent Mark Free                          0.000 / 0.000         0.001 / 0.001         0.001 / 0.001         0.001 / 0.001       ms
[2023-11-12T20:13:43.886+0800][gc,stats    ]       Phase: Concurrent Process Non-Strong References      0.000 / 0.000         1.929 / 2.001         1.929 / 2.001         1.929 / 2.001       ms
[2023-11-12T20:13:43.886+0800][gc,stats    ]       Phase: Concurrent Relocate                           0.000 / 0.000         3.090 / 3.413         3.090 / 3.413         3.090 / 3.413       ms
[2023-11-12T20:13:43.886+0800][gc,stats    ]       Phase: Concurrent Reset Relocation Set               0.000 / 0.000         0.002 / 0.004         0.002 / 0.004         0.002 / 0.004       ms
[2023-11-12T20:13:43.886+0800][gc,stats    ]       Phase: Concurrent Select Relocation Set              0.000 / 0.000        18.052 / 34.722       18.052 / 34.722       18.052 / 34.722      ms
[2023-11-12T20:13:43.886+0800][gc,stats    ]       Phase: Pause Mark End                                0.000 / 0.000         0.017 / 0.020         0.017 / 0.020         0.017 / 0.020       ms
[2023-11-12T20:13:43.886+0800][gc,stats    ]       Phase: Pause Mark Start                              0.000 / 0.000         0.102 / 0.195         0.102 / 0.195         0.102 / 0.195       ms
[2023-11-12T20:13:43.886+0800][gc,stats    ]       Phase: Pause Relocate Start                          0.000 / 0.000         0.012 / 0.013         0.012 / 0.013         0.012 / 0.013       ms
[2023-11-12T20:13:43.886+0800][gc,stats    ]    Subphase: Concurrent Classes Purge                      0.000 / 0.000         0.065 / 0.066         0.065 / 0.066         0.065 / 0.066       ms
[2023-11-12T20:13:43.886+0800][gc,stats    ]    Subphase: Concurrent Classes Unlink                     0.000 / 0.000         1.307 / 1.369         1.307 / 1.369         1.307 / 1.369       ms
[2023-11-12T20:13:43.886+0800][gc,stats    ]    Subphase: Concurrent Mark                               0.000 / 0.000        21.516 / 25.107       21.516 / 25.107       21.516 / 25.107      ms
[2023-11-12T20:13:43.886+0800][gc,stats    ]    Subphase: Concurrent Mark Try Flush                     0.000 / 0.000         0.198 / 1.014         0.198 / 1.014         0.198 / 1.014       ms
[2023-11-12T20:13:43.886+0800][gc,stats    ]    Subphase: Concurrent Mark Try Terminate                 0.000 / 0.000         7.711 / 13.370        7.711 / 13.370        7.711 / 13.370      ms
[2023-11-12T20:13:43.886+0800][gc,stats    ]    Subphase: Concurrent References Enqueue                 0.000 / 0.000         0.004 / 0.004         0.004 / 0.004         0.004 / 0.004       ms
[2023-11-12T20:13:43.886+0800][gc,stats    ]    Subphase: Concurrent References Process                 0.000 / 0.000         0.088 / 0.091         0.088 / 0.091         0.088 / 0.091       ms
[2023-11-12T20:13:43.886+0800][gc,stats    ]    Subphase: Concurrent Roots ClassLoaderDataGraph         0.000 / 0.000         0.224 / 1.141         0.224 / 1.141         0.224 / 1.141       ms
[2023-11-12T20:13:43.886+0800][gc,stats    ]    Subphase: Concurrent Roots CodeCache                    0.000 / 0.000         0.000 / 0.000         0.000 / 0.000         0.000 / 0.000       ms
[2023-11-12T20:13:43.886+0800][gc,stats    ]    Subphase: Concurrent Roots JavaThreads                  0.000 / 0.000         1.318 / 1.908         1.318 / 1.908         1.318 / 1.908       ms
[2023-11-12T20:13:43.886+0800][gc,stats    ]    Subphase: Concurrent Roots OopStorageSet                0.000 / 0.000         0.117 / 0.285         0.117 / 0.285         0.117 / 0.285       ms
[2023-11-12T20:13:43.886+0800][gc,stats    ]    Subphase: Concurrent Weak Roots OopStorageSet           0.000 / 0.000         0.376 / 0.512         0.376 / 0.512         0.376 / 0.512       ms
[2023-11-12T20:13:43.886+0800][gc,stats    ]    Subphase: Pause Mark Try Complete                       0.000 / 0.000         0.000 / 0.000         0.000 / 0.000         0.000 / 0.000       ms
[2023-11-12T20:13:43.886+0800][gc,stats    ]      System: Java Threads                                      0 / 0                38 / 52               38 / 52               38 / 52          threads
[2023-11-12T20:13:43.886+0800][gc,stats    ] =========================================================================================================================================================
[2023-11-12T20:13:53.886+0800][gc,stats    ] === Garbage Collection Statistics =======================================================================================================================
[2023-11-12T20:13:53.886+0800][gc,stats    ]                                                              Last 10s              Last 10m              Last 10h                Total
[2023-11-12T20:13:53.886+0800][gc,stats    ]                                                              Avg / Max             Avg / Max             Avg / Max             Avg / Max
[2023-11-12T20:13:53.886+0800][gc,stats    ]   Collector: Garbage Collection Cycle                      0.000 / 0.000        50.665 / 66.843       50.665 / 66.843       50.665 / 66.843      ms
[2023-11-12T20:13:53.886+0800][gc,stats    ]  Contention: Mark Segment Reset Contention                     0 / 0                 0 / 9                 0 / 9                 0 / 9           ops/s
[2023-11-12T20:13:53.886+0800][gc,stats    ]  Contention: Mark SeqNum Reset Contention                      0 / 0                 0 / 1                 0 / 1                 0 / 1           ops/s
[2023-11-12T20:13:53.886+0800][gc,stats    ]    Critical: Allocation Stall                                  0 / 0                 0 / 0                 0 / 0                 0 / 0           ops/s
[2023-11-12T20:13:53.886+0800][gc,stats    ]    Critical: Allocation Stall                              0.000 / 0.000         0.000 / 0.000         0.000 / 0.000         0.000 / 0.000       ms
[2023-11-12T20:13:53.886+0800][gc,stats    ]    Critical: GC Locker Stall                                   0 / 0                 0 / 0                 0 / 0                 0 / 0           ops/s
[2023-11-12T20:13:53.886+0800][gc,stats    ]    Critical: GC Locker Stall                               0.000 / 0.000         0.000 / 0.000         0.000 / 0.000         0.000 / 0.000       ms
[2023-11-12T20:13:53.886+0800][gc,stats    ]    Critical: Relocation Stall                                  0 / 0                 0 / 0                 0 / 0                 0 / 0           ops/s
[2023-11-12T20:13:53.886+0800][gc,stats    ]    Critical: Relocation Stall                              0.000 / 0.000         0.000 / 0.000         0.000 / 0.000         0.000 / 0.000       ms
[2023-11-12T20:13:53.886+0800][gc,stats    ]      Memory: Allocation Rate                                   0 / 0                 2 / 66                2 / 66                2 / 66          MB/s
[2023-11-12T20:13:53.886+0800][gc,stats    ]      Memory: Defragment                                        0 / 0                 0 / 0                 0 / 0                 0 / 0           ops/s
[2023-11-12T20:13:53.886+0800][gc,stats    ]      Memory: Out Of Memory                                     0 / 0                 0 / 0                 0 / 0                 0 / 0           ops/s
[2023-11-12T20:13:53.886+0800][gc,stats    ]      Memory: Page Cache Flush                                  0 / 0                 0 / 0                 0 / 0                 0 / 0           MB/s
[2023-11-12T20:13:53.886+0800][gc,stats    ]      Memory: Page Cache Hit L1                                 0 / 0                 0 / 32                0 / 32                0 / 32          ops/s
[2023-11-12T20:13:53.886+0800][gc,stats    ]      Memory: Page Cache Hit L2                                 0 / 0                 0 / 0                 0 / 0                 0 / 0           ops/s
[2023-11-12T20:13:53.886+0800][gc,stats    ]      Memory: Page Cache Hit L3                                 0 / 0                 0 / 33                0 / 33                0 / 33          ops/s
[2023-11-12T20:13:53.886+0800][gc,stats    ]      Memory: Page Cache Miss                                   0 / 0                 0 / 1                 0 / 1                 0 / 1           ops/s
[2023-11-12T20:13:53.886+0800][gc,stats    ]      Memory: Uncommit                                          0 / 0                 0 / 0                 0 / 0                 0 / 0           MB/s
[2023-11-12T20:13:53.886+0800][gc,stats    ]      Memory: Undo Object Allocation Failed                     0 / 0                 0 / 0                 0 / 0                 0 / 0           ops/s
[2023-11-12T20:13:53.886+0800][gc,stats    ]      Memory: Undo Object Allocation Succeeded                  0 / 0                 0 / 0                 0 / 0                 0 / 0           ops/s
[2023-11-12T20:13:53.886+0800][gc,stats    ]      Memory: Undo Page Allocation                              0 / 0                 0 / 0                 0 / 0                 0 / 0           ops/s
[2023-11-12T20:13:53.886+0800][gc,stats    ]       Phase: Concurrent Mark                               0.000 / 0.000        26.305 / 27.135       26.305 / 27.135       26.305 / 27.135      ms
[2023-11-12T20:13:53.886+0800][gc,stats    ]       Phase: Concurrent Mark Continue                      0.000 / 0.000         0.000 / 0.000         0.000 / 0.000         0.000 / 0.000       ms
[2023-11-12T20:13:53.886+0800][gc,stats    ]       Phase: Concurrent Mark Free                          0.000 / 0.000         0.001 / 0.001         0.001 / 0.001         0.001 / 0.001       ms
[2023-11-12T20:13:53.886+0800][gc,stats    ]       Phase: Concurrent Process Non-Strong References      0.000 / 0.000         1.929 / 2.001         1.929 / 2.001         1.929 / 2.001       ms
[2023-11-12T20:13:53.886+0800][gc,stats    ]       Phase: Concurrent Relocate                           0.000 / 0.000         3.090 / 3.413         3.090 / 3.413         3.090 / 3.413       ms
[2023-11-12T20:13:53.886+0800][gc,stats    ]       Phase: Concurrent Reset Relocation Set               0.000 / 0.000         0.002 / 0.004         0.002 / 0.004         0.002 / 0.004       ms
[2023-11-12T20:13:53.886+0800][gc,stats    ]       Phase: Concurrent Select Relocation Set              0.000 / 0.000        18.052 / 34.722       18.052 / 34.722       18.052 / 34.722      ms
[2023-11-12T20:13:53.886+0800][gc,stats    ]       Phase: Pause Mark End                                0.000 / 0.000         0.017 / 0.020         0.017 / 0.020         0.017 / 0.020       ms
[2023-11-12T20:13:53.886+0800][gc,stats    ]       Phase: Pause Mark Start                              0.000 / 0.000         0.102 / 0.195         0.102 / 0.195         0.102 / 0.195       ms
[2023-11-12T20:13:53.886+0800][gc,stats    ]       Phase: Pause Relocate Start                          0.000 / 0.000         0.012 / 0.013         0.012 / 0.013         0.012 / 0.013       ms
[2023-11-12T20:13:53.886+0800][gc,stats    ]    Subphase: Concurrent Classes Purge                      0.000 / 0.000         0.065 / 0.066         0.065 / 0.066         0.065 / 0.066       ms
[2023-11-12T20:13:53.886+0800][gc,stats    ]    Subphase: Concurrent Classes Unlink                     0.000 / 0.000         1.307 / 1.369         1.307 / 1.369         1.307 / 1.369       ms
[2023-11-12T20:13:53.886+0800][gc,stats    ]    Subphase: Concurrent Mark                               0.000 / 0.000        21.516 / 25.107       21.516 / 25.107       21.516 / 25.107      ms
[2023-11-12T20:13:53.886+0800][gc,stats    ]    Subphase: Concurrent Mark Try Flush                     0.000 / 0.000         0.198 / 1.014         0.198 / 1.014         0.198 / 1.014       ms
[2023-11-12T20:13:53.886+0800][gc,stats    ]    Subphase: Concurrent Mark Try Terminate                 0.000 / 0.000         7.711 / 13.370        7.711 / 13.370        7.711 / 13.370      ms
[2023-11-12T20:13:53.886+0800][gc,stats    ]    Subphase: Concurrent References Enqueue                 0.000 / 0.000         0.004 / 0.004         0.004 / 0.004         0.004 / 0.004       ms
[2023-11-12T20:13:53.886+0800][gc,stats    ]    Subphase: Concurrent References Process                 0.000 / 0.000         0.088 / 0.091         0.088 / 0.091         0.088 / 0.091       ms
[2023-11-12T20:13:53.886+0800][gc,stats    ]    Subphase: Concurrent Roots ClassLoaderDataGraph         0.000 / 0.000         0.224 / 1.141         0.224 / 1.141         0.224 / 1.141       ms
[2023-11-12T20:13:53.886+0800][gc,stats    ]    Subphase: Concurrent Roots CodeCache                    0.000 / 0.000         0.000 / 0.000         0.000 / 0.000         0.000 / 0.000       ms
[2023-11-12T20:13:53.886+0800][gc,stats    ]    Subphase: Concurrent Roots JavaThreads                  0.000 / 0.000         1.318 / 1.908         1.318 / 1.908         1.318 / 1.908       ms
[2023-11-12T20:13:53.886+0800][gc,stats    ]    Subphase: Concurrent Roots OopStorageSet                0.000 / 0.000         0.117 / 0.285         0.117 / 0.285         0.117 / 0.285       ms
[2023-11-12T20:13:53.886+0800][gc,stats    ]    Subphase: Concurrent Weak Roots OopStorageSet           0.000 / 0.000         0.376 / 0.512         0.376 / 0.512         0.376 / 0.512       ms
[2023-11-12T20:13:53.886+0800][gc,stats    ]    Subphase: Pause Mark Try Complete                       0.000 / 0.000         0.000 / 0.000         0.000 / 0.000         0.000 / 0.000       ms
[2023-11-12T20:13:53.886+0800][gc,stats    ]      System: Java Threads                                      0 / 0                38 / 52               38 / 52               38 / 52          threads
[2023-11-12T20:13:53.886+0800][gc,stats    ] =========================================================================================================================================================
[2023-11-12T20:14:03.884+0800][gc,stats    ] === Garbage Collection Statistics =======================================================================================================================
[2023-11-12T20:14:03.884+0800][gc,stats    ]                                                              Last 10s              Last 10m              Last 10h                Total
[2023-11-12T20:14:03.884+0800][gc,stats    ]                                                              Avg / Max             Avg / Max             Avg / Max             Avg / Max
[2023-11-12T20:14:03.884+0800][gc,stats    ]   Collector: Garbage Collection Cycle                      0.000 / 0.000        50.665 / 66.843       50.665 / 66.843       50.665 / 66.843      ms
[2023-11-12T20:14:03.884+0800][gc,stats    ]  Contention: Mark Segment Reset Contention                     0 / 0                 0 / 9                 0 / 9                 0 / 9           ops/s
[2023-11-12T20:14:03.884+0800][gc,stats    ]  Contention: Mark SeqNum Reset Contention                      0 / 0                 0 / 1                 0 / 1                 0 / 1           ops/s
[2023-11-12T20:14:03.884+0800][gc,stats    ]    Critical: Allocation Stall                                  0 / 0                 0 / 0                 0 / 0                 0 / 0           ops/s
[2023-11-12T20:14:03.884+0800][gc,stats    ]    Critical: Allocation Stall                              0.000 / 0.000         0.000 / 0.000         0.000 / 0.000         0.000 / 0.000       ms
[2023-11-12T20:14:03.884+0800][gc,stats    ]    Critical: GC Locker Stall                                   0 / 0                 0 / 0                 0 / 0                 0 / 0           ops/s
[2023-11-12T20:14:03.884+0800][gc,stats    ]    Critical: GC Locker Stall                               0.000 / 0.000         0.000 / 0.000         0.000 / 0.000         0.000 / 0.000       ms
[2023-11-12T20:14:03.884+0800][gc,stats    ]    Critical: Relocation Stall                                  0 / 0                 0 / 0                 0 / 0                 0 / 0           ops/s
[2023-11-12T20:14:03.884+0800][gc,stats    ]    Critical: Relocation Stall                              0.000 / 0.000         0.000 / 0.000         0.000 / 0.000         0.000 / 0.000       ms
[2023-11-12T20:14:03.884+0800][gc,stats    ]      Memory: Allocation Rate                                   0 / 0                 2 / 66                2 / 66                2 / 66          MB/s
[2023-11-12T20:14:03.884+0800][gc,stats    ]      Memory: Defragment                                        0 / 0                 0 / 0                 0 / 0                 0 / 0           ops/s
[2023-11-12T20:14:03.884+0800][gc,stats    ]      Memory: Out Of Memory                                     0 / 0                 0 / 0                 0 / 0                 0 / 0           ops/s
[2023-11-12T20:14:03.884+0800][gc,stats    ]      Memory: Page Cache Flush                                  0 / 0                 0 / 0                 0 / 0                 0 / 0           MB/s
[2023-11-12T20:14:03.884+0800][gc,stats    ]      Memory: Page Cache Hit L1                                 0 / 0                 0 / 32                0 / 32                0 / 32          ops/s
[2023-11-12T20:14:03.884+0800][gc,stats    ]      Memory: Page Cache Hit L2                                 0 / 0                 0 / 0                 0 / 0                 0 / 0           ops/s
[2023-11-12T20:14:03.884+0800][gc,stats    ]      Memory: Page Cache Hit L3                                 0 / 0                 0 / 33                0 / 33                0 / 33          ops/s
[2023-11-12T20:14:03.884+0800][gc,stats    ]      Memory: Page Cache Miss                                   0 / 0                 0 / 1                 0 / 1                 0 / 1           ops/s
[2023-11-12T20:14:03.884+0800][gc,stats    ]      Memory: Uncommit                                          0 / 0                 0 / 0                 0 / 0                 0 / 0           MB/s
[2023-11-12T20:14:03.884+0800][gc,stats    ]      Memory: Undo Object Allocation Failed                     0 / 0                 0 / 0                 0 / 0                 0 / 0           ops/s
[2023-11-12T20:14:03.884+0800][gc,stats    ]      Memory: Undo Object Allocation Succeeded                  0 / 0                 0 / 0                 0 / 0                 0 / 0           ops/s
[2023-11-12T20:14:03.884+0800][gc,stats    ]      Memory: Undo Page Allocation                              0 / 0                 0 / 0                 0 / 0                 0 / 0           ops/s
[2023-11-12T20:14:03.884+0800][gc,stats    ]       Phase: Concurrent Mark                               0.000 / 0.000        26.305 / 27.135       26.305 / 27.135       26.305 / 27.135      ms
[2023-11-12T20:14:03.884+0800][gc,stats    ]       Phase: Concurrent Mark Continue                      0.000 / 0.000         0.000 / 0.000         0.000 / 0.000         0.000 / 0.000       ms
[2023-11-12T20:14:03.884+0800][gc,stats    ]       Phase: Concurrent Mark Free                          0.000 / 0.000         0.001 / 0.001         0.001 / 0.001         0.001 / 0.001       ms
[2023-11-12T20:14:03.884+0800][gc,stats    ]       Phase: Concurrent Process Non-Strong References      0.000 / 0.000         1.929 / 2.001         1.929 / 2.001         1.929 / 2.001       ms
[2023-11-12T20:14:03.884+0800][gc,stats    ]       Phase: Concurrent Relocate                           0.000 / 0.000         3.090 / 3.413         3.090 / 3.413         3.090 / 3.413       ms
[2023-11-12T20:14:03.884+0800][gc,stats    ]       Phase: Concurrent Reset Relocation Set               0.000 / 0.000         0.002 / 0.004         0.002 / 0.004         0.002 / 0.004       ms
[2023-11-12T20:14:03.885+0800][gc,stats    ]       Phase: Concurrent Select Relocation Set              0.000 / 0.000        18.052 / 34.722       18.052 / 34.722       18.052 / 34.722      ms
[2023-11-12T20:14:03.885+0800][gc,stats    ]       Phase: Pause Mark End                                0.000 / 0.000         0.017 / 0.020         0.017 / 0.020         0.017 / 0.020       ms
[2023-11-12T20:14:03.885+0800][gc,stats    ]       Phase: Pause Mark Start                              0.000 / 0.000         0.102 / 0.195         0.102 / 0.195         0.102 / 0.195       ms
[2023-11-12T20:14:03.885+0800][gc,stats    ]       Phase: Pause Relocate Start                          0.000 / 0.000         0.012 / 0.013         0.012 / 0.013         0.012 / 0.013       ms
[2023-11-12T20:14:03.885+0800][gc,stats    ]    Subphase: Concurrent Classes Purge                      0.000 / 0.000         0.065 / 0.066         0.065 / 0.066         0.065 / 0.066       ms
[2023-11-12T20:14:03.885+0800][gc,stats    ]    Subphase: Concurrent Classes Unlink                     0.000 / 0.000         1.307 / 1.369         1.307 / 1.369         1.307 / 1.369       ms
[2023-11-12T20:14:03.885+0800][gc,stats    ]    Subphase: Concurrent Mark                               0.000 / 0.000        21.516 / 25.107       21.516 / 25.107       21.516 / 25.107      ms
[2023-11-12T20:14:03.885+0800][gc,stats    ]    Subphase: Concurrent Mark Try Flush                     0.000 / 0.000         0.198 / 1.014         0.198 / 1.014         0.198 / 1.014       ms
[2023-11-12T20:14:03.885+0800][gc,stats    ]    Subphase: Concurrent Mark Try Terminate                 0.000 / 0.000         7.711 / 13.370        7.711 / 13.370        7.711 / 13.370      ms
[2023-11-12T20:14:03.885+0800][gc,stats    ]    Subphase: Concurrent References Enqueue                 0.000 / 0.000         0.004 / 0.004         0.004 / 0.004         0.004 / 0.004       ms
[2023-11-12T20:14:03.885+0800][gc,stats    ]    Subphase: Concurrent References Process                 0.000 / 0.000         0.088 / 0.091         0.088 / 0.091         0.088 / 0.091       ms
[2023-11-12T20:14:03.885+0800][gc,stats    ]    Subphase: Concurrent Roots ClassLoaderDataGraph         0.000 / 0.000         0.224 / 1.141         0.224 / 1.141         0.224 / 1.141       ms
[2023-11-12T20:14:03.885+0800][gc,stats    ]    Subphase: Concurrent Roots CodeCache                    0.000 / 0.000         0.000 / 0.000         0.000 / 0.000         0.000 / 0.000       ms
[2023-11-12T20:14:03.885+0800][gc,stats    ]    Subphase: Concurrent Roots JavaThreads                  0.000 / 0.000         1.318 / 1.908         1.318 / 1.908         1.318 / 1.908       ms
[2023-11-12T20:14:03.885+0800][gc,stats    ]    Subphase: Concurrent Roots OopStorageSet                0.000 / 0.000         0.117 / 0.285         0.117 / 0.285         0.117 / 0.285       ms
[2023-11-12T20:14:03.885+0800][gc,stats    ]    Subphase: Concurrent Weak Roots OopStorageSet           0.000 / 0.000         0.376 / 0.512         0.376 / 0.512         0.376 / 0.512       ms
[2023-11-12T20:14:03.885+0800][gc,stats    ]    Subphase: Pause Mark Try Complete                       0.000 / 0.000         0.000 / 0.000         0.000 / 0.000         0.000 / 0.000       ms
[2023-11-12T20:14:03.885+0800][gc,stats    ]      System: Java Threads                                      0 / 0                38 / 52               38 / 52               38 / 52          threads
[2023-11-12T20:14:03.885+0800][gc,stats    ] =========================================================================================================================================================
[2023-11-12T20:14:13.885+0800][gc,stats    ] === Garbage Collection Statistics =======================================================================================================================
[2023-11-12T20:14:13.885+0800][gc,stats    ]                                                              Last 10s              Last 10m              Last 10h                Total
[2023-11-12T20:14:13.885+0800][gc,stats    ]                                                              Avg / Max             Avg / Max             Avg / Max             Avg / Max
[2023-11-12T20:14:13.885+0800][gc,stats    ]   Collector: Garbage Collection Cycle                      0.000 / 0.000        50.665 / 66.843       50.665 / 66.843       50.665 / 66.843      ms
[2023-11-12T20:14:13.885+0800][gc,stats    ]  Contention: Mark Segment Reset Contention                     0 / 0                 0 / 9                 0 / 9                 0 / 9           ops/s
[2023-11-12T20:14:13.885+0800][gc,stats    ]  Contention: Mark SeqNum Reset Contention                      0 / 0                 0 / 1                 0 / 1                 0 / 1           ops/s
[2023-11-12T20:14:13.885+0800][gc,stats    ]    Critical: Allocation Stall                                  0 / 0                 0 / 0                 0 / 0                 0 / 0           ops/s
[2023-11-12T20:14:13.885+0800][gc,stats    ]    Critical: Allocation Stall                              0.000 / 0.000         0.000 / 0.000         0.000 / 0.000         0.000 / 0.000       ms
[2023-11-12T20:14:13.885+0800][gc,stats    ]    Critical: GC Locker Stall                                   0 / 0                 0 / 0                 0 / 0                 0 / 0           ops/s
[2023-11-12T20:14:13.885+0800][gc,stats    ]    Critical: GC Locker Stall                               0.000 / 0.000         0.000 / 0.000         0.000 / 0.000         0.000 / 0.000       ms
[2023-11-12T20:14:13.885+0800][gc,stats    ]    Critical: Relocation Stall                                  0 / 0                 0 / 0                 0 / 0                 0 / 0           ops/s
[2023-11-12T20:14:13.885+0800][gc,stats    ]    Critical: Relocation Stall                              0.000 / 0.000         0.000 / 0.000         0.000 / 0.000         0.000 / 0.000       ms
[2023-11-12T20:14:13.885+0800][gc,stats    ]      Memory: Allocation Rate                                   0 / 0                 1 / 66                1 / 66                1 / 66          MB/s
[2023-11-12T20:14:13.885+0800][gc,stats    ]      Memory: Defragment                                        0 / 0                 0 / 0                 0 / 0                 0 / 0           ops/s
[2023-11-12T20:14:13.885+0800][gc,stats    ]      Memory: Out Of Memory                                     0 / 0                 0 / 0                 0 / 0                 0 / 0           ops/s
[2023-11-12T20:14:13.885+0800][gc,stats    ]      Memory: Page Cache Flush                                  0 / 0                 0 / 0                 0 / 0                 0 / 0           MB/s
[2023-11-12T20:14:13.885+0800][gc,stats    ]      Memory: Page Cache Hit L1                                 0 / 0                 0 / 32                0 / 32                0 / 32          ops/s
[2023-11-12T20:14:13.885+0800][gc,stats    ]      Memory: Page Cache Hit L2                                 0 / 0                 0 / 0                 0 / 0                 0 / 0           ops/s
[2023-11-12T20:14:13.885+0800][gc,stats    ]      Memory: Page Cache Hit L3                                 0 / 0                 0 / 33                0 / 33                0 / 33          ops/s
[2023-11-12T20:14:13.885+0800][gc,stats    ]      Memory: Page Cache Miss                                   0 / 0                 0 / 1                 0 / 1                 0 / 1           ops/s
[2023-11-12T20:14:13.885+0800][gc,stats    ]      Memory: Uncommit                                          0 / 0                 0 / 0                 0 / 0                 0 / 0           MB/s
[2023-11-12T20:14:13.885+0800][gc,stats    ]      Memory: Undo Object Allocation Failed                     0 / 0                 0 / 0                 0 / 0                 0 / 0           ops/s
[2023-11-12T20:14:13.885+0800][gc,stats    ]      Memory: Undo Object Allocation Succeeded                  0 / 0                 0 / 0                 0 / 0                 0 / 0           ops/s
[2023-11-12T20:14:13.885+0800][gc,stats    ]      Memory: Undo Page Allocation                              0 / 0                 0 / 0                 0 / 0                 0 / 0           ops/s
[2023-11-12T20:14:13.885+0800][gc,stats    ]       Phase: Concurrent Mark                               0.000 / 0.000        26.305 / 27.135       26.305 / 27.135       26.305 / 27.135      ms
[2023-11-12T20:14:13.885+0800][gc,stats    ]       Phase: Concurrent Mark Continue                      0.000 / 0.000         0.000 / 0.000         0.000 / 0.000         0.000 / 0.000       ms
[2023-11-12T20:14:13.885+0800][gc,stats    ]       Phase: Concurrent Mark Free                          0.000 / 0.000         0.001 / 0.001         0.001 / 0.001         0.001 / 0.001       ms
[2023-11-12T20:14:13.885+0800][gc,stats    ]       Phase: Concurrent Process Non-Strong References      0.000 / 0.000         1.929 / 2.001         1.929 / 2.001         1.929 / 2.001       ms
[2023-11-12T20:14:13.885+0800][gc,stats    ]       Phase: Concurrent Relocate                           0.000 / 0.000         3.090 / 3.413         3.090 / 3.413         3.090 / 3.413       ms
[2023-11-12T20:14:13.885+0800][gc,stats    ]       Phase: Concurrent Reset Relocation Set               0.000 / 0.000         0.002 / 0.004         0.002 / 0.004         0.002 / 0.004       ms
[2023-11-12T20:14:13.885+0800][gc,stats    ]       Phase: Concurrent Select Relocation Set              0.000 / 0.000        18.052 / 34.722       18.052 / 34.722       18.052 / 34.722      ms
[2023-11-12T20:14:13.885+0800][gc,stats    ]       Phase: Pause Mark End                                0.000 / 0.000         0.017 / 0.020         0.017 / 0.020         0.017 / 0.020       ms
[2023-11-12T20:14:13.885+0800][gc,stats    ]       Phase: Pause Mark Start                              0.000 / 0.000         0.102 / 0.195         0.102 / 0.195         0.102 / 0.195       ms
[2023-11-12T20:14:13.885+0800][gc,stats    ]       Phase: Pause Relocate Start                          0.000 / 0.000         0.012 / 0.013         0.012 / 0.013         0.012 / 0.013       ms
[2023-11-12T20:14:13.885+0800][gc,stats    ]    Subphase: Concurrent Classes Purge                      0.000 / 0.000         0.065 / 0.066         0.065 / 0.066         0.065 / 0.066       ms
[2023-11-12T20:14:13.885+0800][gc,stats    ]    Subphase: Concurrent Classes Unlink                     0.000 / 0.000         1.307 / 1.369         1.307 / 1.369         1.307 / 1.369       ms
[2023-11-12T20:14:13.885+0800][gc,stats    ]    Subphase: Concurrent Mark                               0.000 / 0.000        21.516 / 25.107       21.516 / 25.107       21.516 / 25.107      ms
[2023-11-12T20:14:13.885+0800][gc,stats    ]    Subphase: Concurrent Mark Try Flush                     0.000 / 0.000         0.198 / 1.014         0.198 / 1.014         0.198 / 1.014       ms
[2023-11-12T20:14:13.885+0800][gc,stats    ]    Subphase: Concurrent Mark Try Terminate                 0.000 / 0.000         7.711 / 13.370        7.711 / 13.370        7.711 / 13.370      ms
[2023-11-12T20:14:13.885+0800][gc,stats    ]    Subphase: Concurrent References Enqueue                 0.000 / 0.000         0.004 / 0.004         0.004 / 0.004         0.004 / 0.004       ms
[2023-11-12T20:14:13.885+0800][gc,stats    ]    Subphase: Concurrent References Process                 0.000 / 0.000         0.088 / 0.091         0.088 / 0.091         0.088 / 0.091       ms
[2023-11-12T20:14:13.885+0800][gc,stats    ]    Subphase: Concurrent Roots ClassLoaderDataGraph         0.000 / 0.000         0.224 / 1.141         0.224 / 1.141         0.224 / 1.141       ms
[2023-11-12T20:14:13.885+0800][gc,stats    ]    Subphase: Concurrent Roots CodeCache                    0.000 / 0.000         0.000 / 0.000         0.000 / 0.000         0.000 / 0.000       ms
[2023-11-12T20:14:13.885+0800][gc,stats    ]    Subphase: Concurrent Roots JavaThreads                  0.000 / 0.000         1.318 / 1.908         1.318 / 1.908         1.318 / 1.908       ms
[2023-11-12T20:14:13.885+0800][gc,stats    ]    Subphase: Concurrent Roots OopStorageSet                0.000 / 0.000         0.117 / 0.285         0.117 / 0.285         0.117 / 0.285       ms
[2023-11-12T20:14:13.885+0800][gc,stats    ]    Subphase: Concurrent Weak Roots OopStorageSet           0.000 / 0.000         0.376 / 0.512         0.376 / 0.512         0.376 / 0.512       ms
[2023-11-12T20:14:13.885+0800][gc,stats    ]    Subphase: Pause Mark Try Complete                       0.000 / 0.000         0.000 / 0.000         0.000 / 0.000         0.000 / 0.000       ms
[2023-11-12T20:14:13.885+0800][gc,stats    ]      System: Java Threads                                      0 / 0                38 / 52               38 / 52               38 / 52          threads
[2023-11-12T20:14:13.885+0800][gc,stats    ] =========================================================================================================================================================
[2023-11-12T20:14:23.876+0800][gc,stats    ] === Garbage Collection Statistics =======================================================================================================================
[2023-11-12T20:14:23.876+0800][gc,stats    ]                                                              Last 10s              Last 10m              Last 10h                Total
[2023-11-12T20:14:23.876+0800][gc,stats    ]                                                              Avg / Max             Avg / Max             Avg / Max             Avg / Max
[2023-11-12T20:14:23.876+0800][gc,stats    ]   Collector: Garbage Collection Cycle                      0.000 / 0.000        50.665 / 66.843       50.665 / 66.843       50.665 / 66.843      ms
[2023-11-12T20:14:23.876+0800][gc,stats    ]  Contention: Mark Segment Reset Contention                     0 / 0                 0 / 9                 0 / 9                 0 / 9           ops/s
[2023-11-12T20:14:23.876+0800][gc,stats    ]  Contention: Mark SeqNum Reset Contention                      0 / 0                 0 / 1                 0 / 1                 0 / 1           ops/s
[2023-11-12T20:14:23.876+0800][gc,stats    ]    Critical: Allocation Stall                                  0 / 0                 0 / 0                 0 / 0                 0 / 0           ops/s
[2023-11-12T20:14:23.876+0800][gc,stats    ]    Critical: Allocation Stall                              0.000 / 0.000         0.000 / 0.000         0.000 / 0.000         0.000 / 0.000       ms
[2023-11-12T20:14:23.876+0800][gc,stats    ]    Critical: GC Locker Stall                                   0 / 0                 0 / 0                 0 / 0                 0 / 0           ops/s
[2023-11-12T20:14:23.876+0800][gc,stats    ]    Critical: GC Locker Stall                               0.000 / 0.000         0.000 / 0.000         0.000 / 0.000         0.000 / 0.000       ms
[2023-11-12T20:14:23.876+0800][gc,stats    ]    Critical: Relocation Stall                                  0 / 0                 0 / 0                 0 / 0                 0 / 0           ops/s
[2023-11-12T20:14:23.876+0800][gc,stats    ]    Critical: Relocation Stall                              0.000 / 0.000         0.000 / 0.000         0.000 / 0.000         0.000 / 0.000       ms
[2023-11-12T20:14:23.876+0800][gc,stats    ]      Memory: Allocation Rate                                   0 / 0                 1 / 66                1 / 66                1 / 66          MB/s
[2023-11-12T20:14:23.876+0800][gc,stats    ]      Memory: Defragment                                        0 / 0                 0 / 0                 0 / 0                 0 / 0           ops/s
[2023-11-12T20:14:23.876+0800][gc,stats    ]      Memory: Out Of Memory                                     0 / 0                 0 / 0                 0 / 0                 0 / 0           ops/s
[2023-11-12T20:14:23.876+0800][gc,stats    ]      Memory: Page Cache Flush                                  0 / 0                 0 / 0                 0 / 0                 0 / 0           MB/s
[2023-11-12T20:14:23.876+0800][gc,stats    ]      Memory: Page Cache Hit L1                                 0 / 0                 0 / 32                0 / 32                0 / 32          ops/s
[2023-11-12T20:14:23.876+0800][gc,stats    ]      Memory: Page Cache Hit L2                                 0 / 0                 0 / 0                 0 / 0                 0 / 0           ops/s
[2023-11-12T20:14:23.876+0800][gc,stats    ]      Memory: Page Cache Hit L3                                 0 / 0                 0 / 33                0 / 33                0 / 33          ops/s
[2023-11-12T20:14:23.876+0800][gc,stats    ]      Memory: Page Cache Miss                                   0 / 0                 0 / 1                 0 / 1                 0 / 1           ops/s
[2023-11-12T20:14:23.876+0800][gc,stats    ]      Memory: Uncommit                                          0 / 0                 0 / 0                 0 / 0                 0 / 0           MB/s
[2023-11-12T20:14:23.876+0800][gc,stats    ]      Memory: Undo Object Allocation Failed                     0 / 0                 0 / 0                 0 / 0                 0 / 0           ops/s
[2023-11-12T20:14:23.876+0800][gc,stats    ]      Memory: Undo Object Allocation Succeeded                  0 / 0                 0 / 0                 0 / 0                 0 / 0           ops/s
[2023-11-12T20:14:23.876+0800][gc,stats    ]      Memory: Undo Page Allocation                              0 / 0                 0 / 0                 0 / 0                 0 / 0           ops/s
[2023-11-12T20:14:23.876+0800][gc,stats    ]       Phase: Concurrent Mark                               0.000 / 0.000        26.305 / 27.135       26.305 / 27.135       26.305 / 27.135      ms
[2023-11-12T20:14:23.876+0800][gc,stats    ]       Phase: Concurrent Mark Continue                      0.000 / 0.000         0.000 / 0.000         0.000 / 0.000         0.000 / 0.000       ms
[2023-11-12T20:14:23.876+0800][gc,stats    ]       Phase: Concurrent Mark Free                          0.000 / 0.000         0.001 / 0.001         0.001 / 0.001         0.001 / 0.001       ms
[2023-11-12T20:14:23.876+0800][gc,stats    ]       Phase: Concurrent Process Non-Strong References      0.000 / 0.000         1.929 / 2.001         1.929 / 2.001         1.929 / 2.001       ms
[2023-11-12T20:14:23.876+0800][gc,stats    ]       Phase: Concurrent Relocate                           0.000 / 0.000         3.090 / 3.413         3.090 / 3.413         3.090 / 3.413       ms
[2023-11-12T20:14:23.876+0800][gc,stats    ]       Phase: Concurrent Reset Relocation Set               0.000 / 0.000         0.002 / 0.004         0.002 / 0.004         0.002 / 0.004       ms
[2023-11-12T20:14:23.876+0800][gc,stats    ]       Phase: Concurrent Select Relocation Set              0.000 / 0.000        18.052 / 34.722       18.052 / 34.722       18.052 / 34.722      ms
[2023-11-12T20:14:23.876+0800][gc,stats    ]       Phase: Pause Mark End                                0.000 / 0.000         0.017 / 0.020         0.017 / 0.020         0.017 / 0.020       ms
[2023-11-12T20:14:23.876+0800][gc,stats    ]       Phase: Pause Mark Start                              0.000 / 0.000         0.102 / 0.195         0.102 / 0.195         0.102 / 0.195       ms
[2023-11-12T20:14:23.876+0800][gc,stats    ]       Phase: Pause Relocate Start                          0.000 / 0.000         0.012 / 0.013         0.012 / 0.013         0.012 / 0.013       ms
[2023-11-12T20:14:23.876+0800][gc,stats    ]    Subphase: Concurrent Classes Purge                      0.000 / 0.000         0.065 / 0.066         0.065 / 0.066         0.065 / 0.066       ms
[2023-11-12T20:14:23.876+0800][gc,stats    ]    Subphase: Concurrent Classes Unlink                     0.000 / 0.000         1.307 / 1.369         1.307 / 1.369         1.307 / 1.369       ms
[2023-11-12T20:14:23.876+0800][gc,stats    ]    Subphase: Concurrent Mark                               0.000 / 0.000        21.516 / 25.107       21.516 / 25.107       21.516 / 25.107      ms
[2023-11-12T20:14:23.876+0800][gc,stats    ]    Subphase: Concurrent Mark Try Flush                     0.000 / 0.000         0.198 / 1.014         0.198 / 1.014         0.198 / 1.014       ms
[2023-11-12T20:14:23.876+0800][gc,stats    ]    Subphase: Concurrent Mark Try Terminate                 0.000 / 0.000         7.711 / 13.370        7.711 / 13.370        7.711 / 13.370      ms
[2023-11-12T20:14:23.876+0800][gc,stats    ]    Subphase: Concurrent References Enqueue                 0.000 / 0.000         0.004 / 0.004         0.004 / 0.004         0.004 / 0.004       ms
[2023-11-12T20:14:23.876+0800][gc,stats    ]    Subphase: Concurrent References Process                 0.000 / 0.000         0.088 / 0.091         0.088 / 0.091         0.088 / 0.091       ms
[2023-11-12T20:14:23.876+0800][gc,stats    ]    Subphase: Concurrent Roots ClassLoaderDataGraph         0.000 / 0.000         0.224 / 1.141         0.224 / 1.141         0.224 / 1.141       ms
[2023-11-12T20:14:23.876+0800][gc,stats    ]    Subphase: Concurrent Roots CodeCache                    0.000 / 0.000         0.000 / 0.000         0.000 / 0.000         0.000 / 0.000       ms
[2023-11-12T20:14:23.876+0800][gc,stats    ]    Subphase: Concurrent Roots JavaThreads                  0.000 / 0.000         1.318 / 1.908         1.318 / 1.908         1.318 / 1.908       ms
[2023-11-12T20:14:23.876+0800][gc,stats    ]    Subphase: Concurrent Roots OopStorageSet                0.000 / 0.000         0.117 / 0.285         0.117 / 0.285         0.117 / 0.285       ms
[2023-11-12T20:14:23.876+0800][gc,stats    ]    Subphase: Concurrent Weak Roots OopStorageSet           0.000 / 0.000         0.376 / 0.512         0.376 / 0.512         0.376 / 0.512       ms
[2023-11-12T20:14:23.876+0800][gc,stats    ]    Subphase: Pause Mark Try Complete                       0.000 / 0.000         0.000 / 0.000         0.000 / 0.000         0.000 / 0.000       ms
[2023-11-12T20:14:23.876+0800][gc,stats    ]      System: Java Threads                                      0 / 0                38 / 52               38 / 52               38 / 52          threads
[2023-11-12T20:14:23.876+0800][gc,stats    ] =========================================================================================================================================================
[2023-11-12T20:14:33.872+0800][gc,stats    ] === Garbage Collection Statistics =======================================================================================================================
[2023-11-12T20:14:33.872+0800][gc,stats    ]                                                              Last 10s              Last 10m              Last 10h                Total
[2023-11-12T20:14:33.872+0800][gc,stats    ]                                                              Avg / Max             Avg / Max             Avg / Max             Avg / Max
[2023-11-12T20:14:33.872+0800][gc,stats    ]   Collector: Garbage Collection Cycle                      0.000 / 0.000        50.665 / 66.843       50.665 / 66.843       50.665 / 66.843      ms
[2023-11-12T20:14:33.872+0800][gc,stats    ]  Contention: Mark Segment Reset Contention                     0 / 0                 0 / 9                 0 / 9                 0 / 9           ops/s
[2023-11-12T20:14:33.872+0800][gc,stats    ]  Contention: Mark SeqNum Reset Contention                      0 / 0                 0 / 1                 0 / 1                 0 / 1           ops/s
[2023-11-12T20:14:33.872+0800][gc,stats    ]    Critical: Allocation Stall                                  0 / 0                 0 / 0                 0 / 0                 0 / 0           ops/s
[2023-11-12T20:14:33.872+0800][gc,stats    ]    Critical: Allocation Stall                              0.000 / 0.000         0.000 / 0.000         0.000 / 0.000         0.000 / 0.000       ms
[2023-11-12T20:14:33.872+0800][gc,stats    ]    Critical: GC Locker Stall                                   0 / 0                 0 / 0                 0 / 0                 0 / 0           ops/s
[2023-11-12T20:14:33.872+0800][gc,stats    ]    Critical: GC Locker Stall                               0.000 / 0.000         0.000 / 0.000         0.000 / 0.000         0.000 / 0.000       ms
[2023-11-12T20:14:33.872+0800][gc,stats    ]    Critical: Relocation Stall                                  0 / 0                 0 / 0                 0 / 0                 0 / 0           ops/s
[2023-11-12T20:14:33.872+0800][gc,stats    ]    Critical: Relocation Stall                              0.000 / 0.000         0.000 / 0.000         0.000 / 0.000         0.000 / 0.000       ms
[2023-11-12T20:14:33.872+0800][gc,stats    ]      Memory: Allocation Rate                                   0 / 0                 1 / 66                1 / 66                1 / 66          MB/s
[2023-11-12T20:14:33.872+0800][gc,stats    ]      Memory: Defragment                                        0 / 0                 0 / 0                 0 / 0                 0 / 0           ops/s
[2023-11-12T20:14:33.872+0800][gc,stats    ]      Memory: Out Of Memory                                     0 / 0                 0 / 0                 0 / 0                 0 / 0           ops/s
[2023-11-12T20:14:33.872+0800][gc,stats    ]      Memory: Page Cache Flush                                  0 / 0                 0 / 0                 0 / 0                 0 / 0           MB/s
[2023-11-12T20:14:33.872+0800][gc,stats    ]      Memory: Page Cache Hit L1                                 0 / 0                 0 / 32                0 / 32                0 / 32          ops/s
[2023-11-12T20:14:33.872+0800][gc,stats    ]      Memory: Page Cache Hit L2                                 0 / 0                 0 / 0                 0 / 0                 0 / 0           ops/s
[2023-11-12T20:14:33.872+0800][gc,stats    ]      Memory: Page Cache Hit L3                                 0 / 0                 0 / 33                0 / 33                0 / 33          ops/s
[2023-11-12T20:14:33.872+0800][gc,stats    ]      Memory: Page Cache Miss                                   0 / 0                 0 / 1                 0 / 1                 0 / 1           ops/s
[2023-11-12T20:14:33.872+0800][gc,stats    ]      Memory: Uncommit                                          0 / 0                 0 / 0                 0 / 0                 0 / 0           MB/s
[2023-11-12T20:14:33.872+0800][gc,stats    ]      Memory: Undo Object Allocation Failed                     0 / 0                 0 / 0                 0 / 0                 0 / 0           ops/s
[2023-11-12T20:14:33.872+0800][gc,stats    ]      Memory: Undo Object Allocation Succeeded                  0 / 0                 0 / 0                 0 / 0                 0 / 0           ops/s
[2023-11-12T20:14:33.872+0800][gc,stats    ]      Memory: Undo Page Allocation                              0 / 0                 0 / 0                 0 / 0                 0 / 0           ops/s
[2023-11-12T20:14:33.872+0800][gc,stats    ]       Phase: Concurrent Mark                               0.000 / 0.000        26.305 / 27.135       26.305 / 27.135       26.305 / 27.135      ms
[2023-11-12T20:14:33.872+0800][gc,stats    ]       Phase: Concurrent Mark Continue                      0.000 / 0.000         0.000 / 0.000         0.000 / 0.000         0.000 / 0.000       ms
[2023-11-12T20:14:33.872+0800][gc,stats    ]       Phase: Concurrent Mark Free                          0.000 / 0.000         0.001 / 0.001         0.001 / 0.001         0.001 / 0.001       ms
[2023-11-12T20:14:33.872+0800][gc,stats    ]       Phase: Concurrent Process Non-Strong References      0.000 / 0.000         1.929 / 2.001         1.929 / 2.001         1.929 / 2.001       ms
[2023-11-12T20:14:33.872+0800][gc,stats    ]       Phase: Concurrent Relocate                           0.000 / 0.000         3.090 / 3.413         3.090 / 3.413         3.090 / 3.413       ms
[2023-11-12T20:14:33.872+0800][gc,stats    ]       Phase: Concurrent Reset Relocation Set               0.000 / 0.000         0.002 / 0.004         0.002 / 0.004         0.002 / 0.004       ms
[2023-11-12T20:14:33.872+0800][gc,stats    ]       Phase: Concurrent Select Relocation Set              0.000 / 0.000        18.052 / 34.722       18.052 / 34.722       18.052 / 34.722      ms
[2023-11-12T20:14:33.872+0800][gc,stats    ]       Phase: Pause Mark End                                0.000 / 0.000         0.017 / 0.020         0.017 / 0.020         0.017 / 0.020       ms
[2023-11-12T20:14:33.872+0800][gc,stats    ]       Phase: Pause Mark Start                              0.000 / 0.000         0.102 / 0.195         0.102 / 0.195         0.102 / 0.195       ms
[2023-11-12T20:14:33.872+0800][gc,stats    ]       Phase: Pause Relocate Start                          0.000 / 0.000         0.012 / 0.013         0.012 / 0.013         0.012 / 0.013       ms
[2023-11-12T20:14:33.872+0800][gc,stats    ]    Subphase: Concurrent Classes Purge                      0.000 / 0.000         0.065 / 0.066         0.065 / 0.066         0.065 / 0.066       ms
[2023-11-12T20:14:33.872+0800][gc,stats    ]    Subphase: Concurrent Classes Unlink                     0.000 / 0.000         1.307 / 1.369         1.307 / 1.369         1.307 / 1.369       ms
[2023-11-12T20:14:33.872+0800][gc,stats    ]    Subphase: Concurrent Mark                               0.000 / 0.000        21.516 / 25.107       21.516 / 25.107       21.516 / 25.107      ms
[2023-11-12T20:14:33.872+0800][gc,stats    ]    Subphase: Concurrent Mark Try Flush                     0.000 / 0.000         0.198 / 1.014         0.198 / 1.014         0.198 / 1.014       ms
[2023-11-12T20:14:33.872+0800][gc,stats    ]    Subphase: Concurrent Mark Try Terminate                 0.000 / 0.000         7.711 / 13.370        7.711 / 13.370        7.711 / 13.370      ms
[2023-11-12T20:14:33.872+0800][gc,stats    ]    Subphase: Concurrent References Enqueue                 0.000 / 0.000         0.004 / 0.004         0.004 / 0.004         0.004 / 0.004       ms
[2023-11-12T20:14:33.872+0800][gc,stats    ]    Subphase: Concurrent References Process                 0.000 / 0.000         0.088 / 0.091         0.088 / 0.091         0.088 / 0.091       ms
[2023-11-12T20:14:33.872+0800][gc,stats    ]    Subphase: Concurrent Roots ClassLoaderDataGraph         0.000 / 0.000         0.224 / 1.141         0.224 / 1.141         0.224 / 1.141       ms
[2023-11-12T20:14:33.872+0800][gc,stats    ]    Subphase: Concurrent Roots CodeCache                    0.000 / 0.000         0.000 / 0.000         0.000 / 0.000         0.000 / 0.000       ms
[2023-11-12T20:14:33.872+0800][gc,stats    ]    Subphase: Concurrent Roots JavaThreads                  0.000 / 0.000         1.318 / 1.908         1.318 / 1.908         1.318 / 1.908       ms
[2023-11-12T20:14:33.872+0800][gc,stats    ]    Subphase: Concurrent Roots OopStorageSet                0.000 / 0.000         0.117 / 0.285         0.117 / 0.285         0.117 / 0.285       ms
[2023-11-12T20:14:33.872+0800][gc,stats    ]    Subphase: Concurrent Weak Roots OopStorageSet           0.000 / 0.000         0.376 / 0.512         0.376 / 0.512         0.376 / 0.512       ms
[2023-11-12T20:14:33.872+0800][gc,stats    ]    Subphase: Pause Mark Try Complete                       0.000 / 0.000         0.000 / 0.000         0.000 / 0.000         0.000 / 0.000       ms
[2023-11-12T20:14:33.872+0800][gc,stats    ]      System: Java Threads                                      0 / 0                38 / 52               38 / 52               38 / 52          threads
[2023-11-12T20:14:33.872+0800][gc,stats    ] =========================================================================================================================================================
[2023-11-12T20:14:43.879+0800][gc,stats    ] === Garbage Collection Statistics =======================================================================================================================
[2023-11-12T20:14:43.879+0800][gc,stats    ]                                                              Last 10s              Last 10m              Last 10h                Total
[2023-11-12T20:14:43.879+0800][gc,stats    ]                                                              Avg / Max             Avg / Max             Avg / Max             Avg / Max
[2023-11-12T20:14:43.879+0800][gc,stats    ]   Collector: Garbage Collection Cycle                      0.000 / 0.000        50.665 / 66.843       50.665 / 66.843       50.665 / 66.843      ms
[2023-11-12T20:14:43.879+0800][gc,stats    ]  Contention: Mark Segment Reset Contention                     0 / 0                 0 / 9                 0 / 9                 0 / 9           ops/s
[2023-11-12T20:14:43.879+0800][gc,stats    ]  Contention: Mark SeqNum Reset Contention                      0 / 0                 0 / 1                 0 / 1                 0 / 1           ops/s
[2023-11-12T20:14:43.879+0800][gc,stats    ]    Critical: Allocation Stall                                  0 / 0                 0 / 0                 0 / 0                 0 / 0           ops/s
[2023-11-12T20:14:43.879+0800][gc,stats    ]    Critical: Allocation Stall                              0.000 / 0.000         0.000 / 0.000         0.000 / 0.000         0.000 / 0.000       ms
[2023-11-12T20:14:43.879+0800][gc,stats    ]    Critical: GC Locker Stall                                   0 / 0                 0 / 0                 0 / 0                 0 / 0           ops/s
[2023-11-12T20:14:43.879+0800][gc,stats    ]    Critical: GC Locker Stall                               0.000 / 0.000         0.000 / 0.000         0.000 / 0.000         0.000 / 0.000       ms
[2023-11-12T20:14:43.879+0800][gc,stats    ]    Critical: Relocation Stall                                  0 / 0                 0 / 0                 0 / 0                 0 / 0           ops/s
[2023-11-12T20:14:43.879+0800][gc,stats    ]    Critical: Relocation Stall                              0.000 / 0.000         0.000 / 0.000         0.000 / 0.000         0.000 / 0.000       ms
[2023-11-12T20:14:43.879+0800][gc,stats    ]      Memory: Allocation Rate                                   0 / 0                 1 / 66                1 / 66                1 / 66          MB/s
[2023-11-12T20:14:43.879+0800][gc,stats    ]      Memory: Defragment                                        0 / 0                 0 / 0                 0 / 0                 0 / 0           ops/s
[2023-11-12T20:14:43.879+0800][gc,stats    ]      Memory: Out Of Memory                                     0 / 0                 0 / 0                 0 / 0                 0 / 0           ops/s
[2023-11-12T20:14:43.879+0800][gc,stats    ]      Memory: Page Cache Flush                                  0 / 0                 0 / 0                 0 / 0                 0 / 0           MB/s
[2023-11-12T20:14:43.879+0800][gc,stats    ]      Memory: Page Cache Hit L1                                 0 / 0                 0 / 32                0 / 32                0 / 32          ops/s
[2023-11-12T20:14:43.879+0800][gc,stats    ]      Memory: Page Cache Hit L2                                 0 / 0                 0 / 0                 0 / 0                 0 / 0           ops/s
[2023-11-12T20:14:43.879+0800][gc,stats    ]      Memory: Page Cache Hit L3                                 0 / 0                 0 / 33                0 / 33                0 / 33          ops/s
[2023-11-12T20:14:43.879+0800][gc,stats    ]      Memory: Page Cache Miss                                   0 / 0                 0 / 1                 0 / 1                 0 / 1           ops/s
[2023-11-12T20:14:43.879+0800][gc,stats    ]      Memory: Uncommit                                          0 / 0                 0 / 0                 0 / 0                 0 / 0           MB/s
[2023-11-12T20:14:43.879+0800][gc,stats    ]      Memory: Undo Object Allocation Failed                     0 / 0                 0 / 0                 0 / 0                 0 / 0           ops/s
[2023-11-12T20:14:43.879+0800][gc,stats    ]      Memory: Undo Object Allocation Succeeded                  0 / 0                 0 / 0                 0 / 0                 0 / 0           ops/s
[2023-11-12T20:14:43.879+0800][gc,stats    ]      Memory: Undo Page Allocation                              0 / 0                 0 / 0                 0 / 0                 0 / 0           ops/s
[2023-11-12T20:14:43.879+0800][gc,stats    ]       Phase: Concurrent Mark                               0.000 / 0.000        26.305 / 27.135       26.305 / 27.135       26.305 / 27.135      ms
[2023-11-12T20:14:43.879+0800][gc,stats    ]       Phase: Concurrent Mark Continue                      0.000 / 0.000         0.000 / 0.000         0.000 / 0.000         0.000 / 0.000       ms
[2023-11-12T20:14:43.879+0800][gc,stats    ]       Phase: Concurrent Mark Free                          0.000 / 0.000         0.001 / 0.001         0.001 / 0.001         0.001 / 0.001       ms
[2023-11-12T20:14:43.879+0800][gc,stats    ]       Phase: Concurrent Process Non-Strong References      0.000 / 0.000         1.929 / 2.001         1.929 / 2.001         1.929 / 2.001       ms
[2023-11-12T20:14:43.879+0800][gc,stats    ]       Phase: Concurrent Relocate                           0.000 / 0.000         3.090 / 3.413         3.090 / 3.413         3.090 / 3.413       ms
[2023-11-12T20:14:43.879+0800][gc,stats    ]       Phase: Concurrent Reset Relocation Set               0.000 / 0.000         0.002 / 0.004         0.002 / 0.004         0.002 / 0.004       ms
[2023-11-12T20:14:43.879+0800][gc,stats    ]       Phase: Concurrent Select Relocation Set              0.000 / 0.000        18.052 / 34.722       18.052 / 34.722       18.052 / 34.722      ms
[2023-11-12T20:14:43.879+0800][gc,stats    ]       Phase: Pause Mark End                                0.000 / 0.000         0.017 / 0.020         0.017 / 0.020         0.017 / 0.020       ms
[2023-11-12T20:14:43.879+0800][gc,stats    ]       Phase: Pause Mark Start                              0.000 / 0.000         0.102 / 0.195         0.102 / 0.195         0.102 / 0.195       ms
[2023-11-12T20:14:43.879+0800][gc,stats    ]       Phase: Pause Relocate Start                          0.000 / 0.000         0.012 / 0.013         0.012 / 0.013         0.012 / 0.013       ms
[2023-11-12T20:14:43.879+0800][gc,stats    ]    Subphase: Concurrent Classes Purge                      0.000 / 0.000         0.065 / 0.066         0.065 / 0.066         0.065 / 0.066       ms
[2023-11-12T20:14:43.879+0800][gc,stats    ]    Subphase: Concurrent Classes Unlink                     0.000 / 0.000         1.307 / 1.369         1.307 / 1.369         1.307 / 1.369       ms
[2023-11-12T20:14:43.879+0800][gc,stats    ]    Subphase: Concurrent Mark                               0.000 / 0.000        21.516 / 25.107       21.516 / 25.107       21.516 / 25.107      ms
[2023-11-12T20:14:43.879+0800][gc,stats    ]    Subphase: Concurrent Mark Try Flush                     0.000 / 0.000         0.198 / 1.014         0.198 / 1.014         0.198 / 1.014       ms
[2023-11-12T20:14:43.879+0800][gc,stats    ]    Subphase: Concurrent Mark Try Terminate                 0.000 / 0.000         7.711 / 13.370        7.711 / 13.370        7.711 / 13.370      ms
[2023-11-12T20:14:43.879+0800][gc,stats    ]    Subphase: Concurrent References Enqueue                 0.000 / 0.000         0.004 / 0.004         0.004 / 0.004         0.004 / 0.004       ms
[2023-11-12T20:14:43.879+0800][gc,stats    ]    Subphase: Concurrent References Process                 0.000 / 0.000         0.088 / 0.091         0.088 / 0.091         0.088 / 0.091       ms
[2023-11-12T20:14:43.879+0800][gc,stats    ]    Subphase: Concurrent Roots ClassLoaderDataGraph         0.000 / 0.000         0.224 / 1.141         0.224 / 1.141         0.224 / 1.141       ms
[2023-11-12T20:14:43.879+0800][gc,stats    ]    Subphase: Concurrent Roots CodeCache                    0.000 / 0.000         0.000 / 0.000         0.000 / 0.000         0.000 / 0.000       ms
[2023-11-12T20:14:43.879+0800][gc,stats    ]    Subphase: Concurrent Roots JavaThreads                  0.000 / 0.000         1.318 / 1.908         1.318 / 1.908         1.318 / 1.908       ms
[2023-11-12T20:14:43.879+0800][gc,stats    ]    Subphase: Concurrent Roots OopStorageSet                0.000 / 0.000         0.117 / 0.285         0.117 / 0.285         0.117 / 0.285       ms
[2023-11-12T20:14:43.879+0800][gc,stats    ]    Subphase: Concurrent Weak Roots OopStorageSet           0.000 / 0.000         0.376 / 0.512         0.376 / 0.512         0.376 / 0.512       ms
[2023-11-12T20:14:43.879+0800][gc,stats    ]    Subphase: Pause Mark Try Complete                       0.000 / 0.000         0.000 / 0.000         0.000 / 0.000         0.000 / 0.000       ms
[2023-11-12T20:14:43.879+0800][gc,stats    ]      System: Java Threads                                      0 / 0                38 / 52               38 / 52               38 / 52          threads
[2023-11-12T20:14:43.879+0800][gc,stats    ] =========================================================================================================================================================
[2023-11-12T20:14:53.884+0800][gc,stats    ] === Garbage Collection Statistics =======================================================================================================================
[2023-11-12T20:14:53.884+0800][gc,stats    ]                                                              Last 10s              Last 10m              Last 10h                Total
[2023-11-12T20:14:53.884+0800][gc,stats    ]                                                              Avg / Max             Avg / Max             Avg / Max             Avg / Max
[2023-11-12T20:14:53.884+0800][gc,stats    ]   Collector: Garbage Collection Cycle                      0.000 / 0.000        50.665 / 66.843       50.665 / 66.843       50.665 / 66.843      ms
[2023-11-12T20:14:53.884+0800][gc,stats    ]  Contention: Mark Segment Reset Contention                     0 / 0                 0 / 9                 0 / 9                 0 / 9           ops/s
[2023-11-12T20:14:53.884+0800][gc,stats    ]  Contention: Mark SeqNum Reset Contention                      0 / 0                 0 / 1                 0 / 1                 0 / 1           ops/s
[2023-11-12T20:14:53.884+0800][gc,stats    ]    Critical: Allocation Stall                                  0 / 0                 0 / 0                 0 / 0                 0 / 0           ops/s
[2023-11-12T20:14:53.884+0800][gc,stats    ]    Critical: Allocation Stall                              0.000 / 0.000         0.000 / 0.000         0.000 / 0.000         0.000 / 0.000       ms
[2023-11-12T20:14:53.884+0800][gc,stats    ]    Critical: GC Locker Stall                                   0 / 0                 0 / 0                 0 / 0                 0 / 0           ops/s
[2023-11-12T20:14:53.884+0800][gc,stats    ]    Critical: GC Locker Stall                               0.000 / 0.000         0.000 / 0.000         0.000 / 0.000         0.000 / 0.000       ms
[2023-11-12T20:14:53.884+0800][gc,stats    ]    Critical: Relocation Stall                                  0 / 0                 0 / 0                 0 / 0                 0 / 0           ops/s
[2023-11-12T20:14:53.884+0800][gc,stats    ]    Critical: Relocation Stall                              0.000 / 0.000         0.000 / 0.000         0.000 / 0.000         0.000 / 0.000       ms
[2023-11-12T20:14:53.884+0800][gc,stats    ]      Memory: Allocation Rate                                   0 / 0                 1 / 66                1 / 66                1 / 66          MB/s
[2023-11-12T20:14:53.884+0800][gc,stats    ]      Memory: Defragment                                        0 / 0                 0 / 0                 0 / 0                 0 / 0           ops/s
[2023-11-12T20:14:53.884+0800][gc,stats    ]      Memory: Out Of Memory                                     0 / 0                 0 / 0                 0 / 0                 0 / 0           ops/s
[2023-11-12T20:14:53.884+0800][gc,stats    ]      Memory: Page Cache Flush                                  0 / 0                 0 / 0                 0 / 0                 0 / 0           MB/s
[2023-11-12T20:14:53.884+0800][gc,stats    ]      Memory: Page Cache Hit L1                                 0 / 0                 0 / 32                0 / 32                0 / 32          ops/s
[2023-11-12T20:14:53.884+0800][gc,stats    ]      Memory: Page Cache Hit L2                                 0 / 0                 0 / 0                 0 / 0                 0 / 0           ops/s
[2023-11-12T20:14:53.884+0800][gc,stats    ]      Memory: Page Cache Hit L3                                 0 / 0                 0 / 33                0 / 33                0 / 33          ops/s
[2023-11-12T20:14:53.884+0800][gc,stats    ]      Memory: Page Cache Miss                                   0 / 0                 0 / 1                 0 / 1                 0 / 1           ops/s
[2023-11-12T20:14:53.884+0800][gc,stats    ]      Memory: Uncommit                                          0 / 0                 0 / 0                 0 / 0                 0 / 0           MB/s
[2023-11-12T20:14:53.884+0800][gc,stats    ]      Memory: Undo Object Allocation Failed                     0 / 0                 0 / 0                 0 / 0                 0 / 0           ops/s
[2023-11-12T20:14:53.884+0800][gc,stats    ]      Memory: Undo Object Allocation Succeeded                  0 / 0                 0 / 0                 0 / 0                 0 / 0           ops/s
[2023-11-12T20:14:53.884+0800][gc,stats    ]      Memory: Undo Page Allocation                              0 / 0                 0 / 0                 0 / 0                 0 / 0           ops/s
[2023-11-12T20:14:53.884+0800][gc,stats    ]       Phase: Concurrent Mark                               0.000 / 0.000        26.305 / 27.135       26.305 / 27.135       26.305 / 27.135      ms
[2023-11-12T20:14:53.884+0800][gc,stats    ]       Phase: Concurrent Mark Continue                      0.000 / 0.000         0.000 / 0.000         0.000 / 0.000         0.000 / 0.000       ms
[2023-11-12T20:14:53.884+0800][gc,stats    ]       Phase: Concurrent Mark Free                          0.000 / 0.000         0.001 / 0.001         0.001 / 0.001         0.001 / 0.001       ms
[2023-11-12T20:14:53.884+0800][gc,stats    ]       Phase: Concurrent Process Non-Strong References      0.000 / 0.000         1.929 / 2.001         1.929 / 2.001         1.929 / 2.001       ms
[2023-11-12T20:14:53.884+0800][gc,stats    ]       Phase: Concurrent Relocate                           0.000 / 0.000         3.090 / 3.413         3.090 / 3.413         3.090 / 3.413       ms
[2023-11-12T20:14:53.884+0800][gc,stats    ]       Phase: Concurrent Reset Relocation Set               0.000 / 0.000         0.002 / 0.004         0.002 / 0.004         0.002 / 0.004       ms
[2023-11-12T20:14:53.884+0800][gc,stats    ]       Phase: Concurrent Select Relocation Set              0.000 / 0.000        18.052 / 34.722       18.052 / 34.722       18.052 / 34.722      ms
[2023-11-12T20:14:53.884+0800][gc,stats    ]       Phase: Pause Mark End                                0.000 / 0.000         0.017 / 0.020         0.017 / 0.020         0.017 / 0.020       ms
[2023-11-12T20:14:53.884+0800][gc,stats    ]       Phase: Pause Mark Start                              0.000 / 0.000         0.102 / 0.195         0.102 / 0.195         0.102 / 0.195       ms
[2023-11-12T20:14:53.884+0800][gc,stats    ]       Phase: Pause Relocate Start                          0.000 / 0.000         0.012 / 0.013         0.012 / 0.013         0.012 / 0.013       ms
[2023-11-12T20:14:53.884+0800][gc,stats    ]    Subphase: Concurrent Classes Purge                      0.000 / 0.000         0.065 / 0.066         0.065 / 0.066         0.065 / 0.066       ms
[2023-11-12T20:14:53.884+0800][gc,stats    ]    Subphase: Concurrent Classes Unlink                     0.000 / 0.000         1.307 / 1.369         1.307 / 1.369         1.307 / 1.369       ms
[2023-11-12T20:14:53.884+0800][gc,stats    ]    Subphase: Concurrent Mark                               0.000 / 0.000        21.516 / 25.107       21.516 / 25.107       21.516 / 25.107      ms
[2023-11-12T20:14:53.884+0800][gc,stats    ]    Subphase: Concurrent Mark Try Flush                     0.000 / 0.000         0.198 / 1.014         0.198 / 1.014         0.198 / 1.014       ms
[2023-11-12T20:14:53.884+0800][gc,stats    ]    Subphase: Concurrent Mark Try Terminate                 0.000 / 0.000         7.711 / 13.370        7.711 / 13.370        7.711 / 13.370      ms
[2023-11-12T20:14:53.884+0800][gc,stats    ]    Subphase: Concurrent References Enqueue                 0.000 / 0.000         0.004 / 0.004         0.004 / 0.004         0.004 / 0.004       ms
[2023-11-12T20:14:53.885+0800][gc,stats    ]    Subphase: Concurrent References Process                 0.000 / 0.000         0.088 / 0.091         0.088 / 0.091         0.088 / 0.091       ms
[2023-11-12T20:14:53.885+0800][gc,stats    ]    Subphase: Concurrent Roots ClassLoaderDataGraph         0.000 / 0.000         0.224 / 1.141         0.224 / 1.141         0.224 / 1.141       ms
[2023-11-12T20:14:53.885+0800][gc,stats    ]    Subphase: Concurrent Roots CodeCache                    0.000 / 0.000         0.000 / 0.000         0.000 / 0.000         0.000 / 0.000       ms
[2023-11-12T20:14:53.885+0800][gc,stats    ]    Subphase: Concurrent Roots JavaThreads                  0.000 / 0.000         1.318 / 1.908         1.318 / 1.908         1.318 / 1.908       ms
[2023-11-12T20:14:53.885+0800][gc,stats    ]    Subphase: Concurrent Roots OopStorageSet                0.000 / 0.000         0.117 / 0.285         0.117 / 0.285         0.117 / 0.285       ms
[2023-11-12T20:14:53.885+0800][gc,stats    ]    Subphase: Concurrent Weak Roots OopStorageSet           0.000 / 0.000         0.376 / 0.512         0.376 / 0.512         0.376 / 0.512       ms
[2023-11-12T20:14:53.885+0800][gc,stats    ]    Subphase: Pause Mark Try Complete                       0.000 / 0.000         0.000 / 0.000         0.000 / 0.000         0.000 / 0.000       ms
[2023-11-12T20:14:53.885+0800][gc,stats    ]      System: Java Threads                                      0 / 0                38 / 52               38 / 52               38 / 52          threads
[2023-11-12T20:14:53.885+0800][gc,stats    ] =========================================================================================================================================================
[2023-11-12T20:15:03.877+0800][gc,stats    ] === Garbage Collection Statistics =======================================================================================================================
[2023-11-12T20:15:03.877+0800][gc,stats    ]                                                              Last 10s              Last 10m              Last 10h                Total
[2023-11-12T20:15:03.877+0800][gc,stats    ]                                                              Avg / Max             Avg / Max             Avg / Max             Avg / Max
[2023-11-12T20:15:03.877+0800][gc,stats    ]   Collector: Garbage Collection Cycle                      0.000 / 0.000        50.665 / 66.843       50.665 / 66.843       50.665 / 66.843      ms
[2023-11-12T20:15:03.877+0800][gc,stats    ]  Contention: Mark Segment Reset Contention                     0 / 0                 0 / 9                 0 / 9                 0 / 9           ops/s
[2023-11-12T20:15:03.877+0800][gc,stats    ]  Contention: Mark SeqNum Reset Contention                      0 / 0                 0 / 1                 0 / 1                 0 / 1           ops/s
[2023-11-12T20:15:03.877+0800][gc,stats    ]    Critical: Allocation Stall                                  0 / 0                 0 / 0                 0 / 0                 0 / 0           ops/s
[2023-11-12T20:15:03.877+0800][gc,stats    ]    Critical: Allocation Stall                              0.000 / 0.000         0.000 / 0.000         0.000 / 0.000         0.000 / 0.000       ms
[2023-11-12T20:15:03.877+0800][gc,stats    ]    Critical: GC Locker Stall                                   0 / 0                 0 / 0                 0 / 0                 0 / 0           ops/s
[2023-11-12T20:15:03.877+0800][gc,stats    ]    Critical: GC Locker Stall                               0.000 / 0.000         0.000 / 0.000         0.000 / 0.000         0.000 / 0.000       ms
[2023-11-12T20:15:03.877+0800][gc,stats    ]    Critical: Relocation Stall                                  0 / 0                 0 / 0                 0 / 0                 0 / 0           ops/s
[2023-11-12T20:15:03.877+0800][gc,stats    ]    Critical: Relocation Stall                              0.000 / 0.000         0.000 / 0.000         0.000 / 0.000         0.000 / 0.000       ms
[2023-11-12T20:15:03.877+0800][gc,stats    ]      Memory: Allocation Rate                                   0 / 0                 1 / 66                1 / 66                1 / 66          MB/s
[2023-11-12T20:15:03.877+0800][gc,stats    ]      Memory: Defragment                                        0 / 0                 0 / 0                 0 / 0                 0 / 0           ops/s
[2023-11-12T20:15:03.877+0800][gc,stats    ]      Memory: Out Of Memory                                     0 / 0                 0 / 0                 0 / 0                 0 / 0           ops/s
[2023-11-12T20:15:03.877+0800][gc,stats    ]      Memory: Page Cache Flush                                  0 / 0                 0 / 0                 0 / 0                 0 / 0           MB/s
[2023-11-12T20:15:03.877+0800][gc,stats    ]      Memory: Page Cache Hit L1                                 0 / 0                 0 / 32                0 / 32                0 / 32          ops/s
[2023-11-12T20:15:03.877+0800][gc,stats    ]      Memory: Page Cache Hit L2                                 0 / 0                 0 / 0                 0 / 0                 0 / 0           ops/s
[2023-11-12T20:15:03.877+0800][gc,stats    ]      Memory: Page Cache Hit L3                                 0 / 0                 0 / 33                0 / 33                0 / 33          ops/s
[2023-11-12T20:15:03.877+0800][gc,stats    ]      Memory: Page Cache Miss                                   0 / 0                 0 / 1                 0 / 1                 0 / 1           ops/s
[2023-11-12T20:15:03.877+0800][gc,stats    ]      Memory: Uncommit                                          0 / 0                 0 / 0                 0 / 0                 0 / 0           MB/s
[2023-11-12T20:15:03.877+0800][gc,stats    ]      Memory: Undo Object Allocation Failed                     0 / 0                 0 / 0                 0 / 0                 0 / 0           ops/s
[2023-11-12T20:15:03.877+0800][gc,stats    ]      Memory: Undo Object Allocation Succeeded                  0 / 0                 0 / 0                 0 / 0                 0 / 0           ops/s
[2023-11-12T20:15:03.877+0800][gc,stats    ]      Memory: Undo Page Allocation                              0 / 0                 0 / 0                 0 / 0                 0 / 0           ops/s
[2023-11-12T20:15:03.877+0800][gc,stats    ]       Phase: Concurrent Mark                               0.000 / 0.000        26.305 / 27.135       26.305 / 27.135       26.305 / 27.135      ms
[2023-11-12T20:15:03.877+0800][gc,stats    ]       Phase: Concurrent Mark Continue                      0.000 / 0.000         0.000 / 0.000         0.000 / 0.000         0.000 / 0.000       ms
[2023-11-12T20:15:03.877+0800][gc,stats    ]       Phase: Concurrent Mark Free                          0.000 / 0.000         0.001 / 0.001         0.001 / 0.001         0.001 / 0.001       ms
[2023-11-12T20:15:03.877+0800][gc,stats    ]       Phase: Concurrent Process Non-Strong References      0.000 / 0.000         1.929 / 2.001         1.929 / 2.001         1.929 / 2.001       ms
[2023-11-12T20:15:03.877+0800][gc,stats    ]       Phase: Concurrent Relocate                           0.000 / 0.000         3.090 / 3.413         3.090 / 3.413         3.090 / 3.413       ms
[2023-11-12T20:15:03.877+0800][gc,stats    ]       Phase: Concurrent Reset Relocation Set               0.000 / 0.000         0.002 / 0.004         0.002 / 0.004         0.002 / 0.004       ms
[2023-11-12T20:15:03.877+0800][gc,stats    ]       Phase: Concurrent Select Relocation Set              0.000 / 0.000        18.052 / 34.722       18.052 / 34.722       18.052 / 34.722      ms
[2023-11-12T20:15:03.877+0800][gc,stats    ]       Phase: Pause Mark End                                0.000 / 0.000         0.017 / 0.020         0.017 / 0.020         0.017 / 0.020       ms
[2023-11-12T20:15:03.877+0800][gc,stats    ]       Phase: Pause Mark Start                              0.000 / 0.000         0.102 / 0.195         0.102 / 0.195         0.102 / 0.195       ms
[2023-11-12T20:15:03.877+0800][gc,stats    ]       Phase: Pause Relocate Start                          0.000 / 0.000         0.012 / 0.013         0.012 / 0.013         0.012 / 0.013       ms
[2023-11-12T20:15:03.877+0800][gc,stats    ]    Subphase: Concurrent Classes Purge                      0.000 / 0.000         0.065 / 0.066         0.065 / 0.066         0.065 / 0.066       ms
[2023-11-12T20:15:03.877+0800][gc,stats    ]    Subphase: Concurrent Classes Unlink                     0.000 / 0.000         1.307 / 1.369         1.307 / 1.369         1.307 / 1.369       ms
[2023-11-12T20:15:03.877+0800][gc,stats    ]    Subphase: Concurrent Mark                               0.000 / 0.000        21.516 / 25.107       21.516 / 25.107       21.516 / 25.107      ms
[2023-11-12T20:15:03.877+0800][gc,stats    ]    Subphase: Concurrent Mark Try Flush                     0.000 / 0.000         0.198 / 1.014         0.198 / 1.014         0.198 / 1.014       ms
[2023-11-12T20:15:03.877+0800][gc,stats    ]    Subphase: Concurrent Mark Try Terminate                 0.000 / 0.000         7.711 / 13.370        7.711 / 13.370        7.711 / 13.370      ms
[2023-11-12T20:15:03.877+0800][gc,stats    ]    Subphase: Concurrent References Enqueue                 0.000 / 0.000         0.004 / 0.004         0.004 / 0.004         0.004 / 0.004       ms
[2023-11-12T20:15:03.877+0800][gc,stats    ]    Subphase: Concurrent References Process                 0.000 / 0.000         0.088 / 0.091         0.088 / 0.091         0.088 / 0.091       ms
[2023-11-12T20:15:03.877+0800][gc,stats    ]    Subphase: Concurrent Roots ClassLoaderDataGraph         0.000 / 0.000         0.224 / 1.141         0.224 / 1.141         0.224 / 1.141       ms
[2023-11-12T20:15:03.877+0800][gc,stats    ]    Subphase: Concurrent Roots CodeCache                    0.000 / 0.000         0.000 / 0.000         0.000 / 0.000         0.000 / 0.000       ms
[2023-11-12T20:15:03.877+0800][gc,stats    ]    Subphase: Concurrent Roots JavaThreads                  0.000 / 0.000         1.318 / 1.908         1.318 / 1.908         1.318 / 1.908       ms
[2023-11-12T20:15:03.877+0800][gc,stats    ]    Subphase: Concurrent Roots OopStorageSet                0.000 / 0.000         0.117 / 0.285         0.117 / 0.285         0.117 / 0.285       ms
[2023-11-12T20:15:03.877+0800][gc,stats    ]    Subphase: Concurrent Weak Roots OopStorageSet           0.000 / 0.000         0.376 / 0.512         0.376 / 0.512         0.376 / 0.512       ms
[2023-11-12T20:15:03.877+0800][gc,stats    ]    Subphase: Pause Mark Try Complete                       0.000 / 0.000         0.000 / 0.000         0.000 / 0.000         0.000 / 0.000       ms
[2023-11-12T20:15:03.878+0800][gc,stats    ]      System: Java Threads                                      0 / 0                38 / 52               38 / 52               38 / 52          threads
[2023-11-12T20:15:03.878+0800][gc,stats    ] =========================================================================================================================================================
[2023-11-12T20:15:13.879+0800][gc,stats    ] === Garbage Collection Statistics =======================================================================================================================
[2023-11-12T20:15:13.879+0800][gc,stats    ]                                                              Last 10s              Last 10m              Last 10h                Total
[2023-11-12T20:15:13.879+0800][gc,stats    ]                                                              Avg / Max             Avg / Max             Avg / Max             Avg / Max
[2023-11-12T20:15:13.879+0800][gc,stats    ]   Collector: Garbage Collection Cycle                      0.000 / 0.000        50.665 / 66.843       50.665 / 66.843       50.665 / 66.843      ms
[2023-11-12T20:15:13.879+0800][gc,stats    ]  Contention: Mark Segment Reset Contention                     0 / 0                 0 / 9                 0 / 9                 0 / 9           ops/s
[2023-11-12T20:15:13.879+0800][gc,stats    ]  Contention: Mark SeqNum Reset Contention                      0 / 0                 0 / 1                 0 / 1                 0 / 1           ops/s
[2023-11-12T20:15:13.879+0800][gc,stats    ]    Critical: Allocation Stall                                  0 / 0                 0 / 0                 0 / 0                 0 / 0           ops/s
[2023-11-12T20:15:13.879+0800][gc,stats    ]    Critical: Allocation Stall                              0.000 / 0.000         0.000 / 0.000         0.000 / 0.000         0.000 / 0.000       ms
[2023-11-12T20:15:13.879+0800][gc,stats    ]    Critical: GC Locker Stall                                   0 / 0                 0 / 0                 0 / 0                 0 / 0           ops/s
[2023-11-12T20:15:13.879+0800][gc,stats    ]    Critical: GC Locker Stall                               0.000 / 0.000         0.000 / 0.000         0.000 / 0.000         0.000 / 0.000       ms
[2023-11-12T20:15:13.879+0800][gc,stats    ]    Critical: Relocation Stall                                  0 / 0                 0 / 0                 0 / 0                 0 / 0           ops/s
[2023-11-12T20:15:13.879+0800][gc,stats    ]    Critical: Relocation Stall                              0.000 / 0.000         0.000 / 0.000         0.000 / 0.000         0.000 / 0.000       ms
[2023-11-12T20:15:13.879+0800][gc,stats    ]      Memory: Allocation Rate                                   0 / 0                 1 / 66                1 / 66                1 / 66          MB/s
[2023-11-12T20:15:13.879+0800][gc,stats    ]      Memory: Defragment                                        0 / 0                 0 / 0                 0 / 0                 0 / 0           ops/s
[2023-11-12T20:15:13.879+0800][gc,stats    ]      Memory: Out Of Memory                                     0 / 0                 0 / 0                 0 / 0                 0 / 0           ops/s
[2023-11-12T20:15:13.879+0800][gc,stats    ]      Memory: Page Cache Flush                                  0 / 0                 0 / 0                 0 / 0                 0 / 0           MB/s
[2023-11-12T20:15:13.879+0800][gc,stats    ]      Memory: Page Cache Hit L1                                 0 / 0                 0 / 32                0 / 32                0 / 32          ops/s
[2023-11-12T20:15:13.879+0800][gc,stats    ]      Memory: Page Cache Hit L2                                 0 / 0                 0 / 0                 0 / 0                 0 / 0           ops/s
[2023-11-12T20:15:13.879+0800][gc,stats    ]      Memory: Page Cache Hit L3                                 0 / 0                 0 / 33                0 / 33                0 / 33          ops/s
[2023-11-12T20:15:13.879+0800][gc,stats    ]      Memory: Page Cache Miss                                   0 / 0                 0 / 1                 0 / 1                 0 / 1           ops/s
[2023-11-12T20:15:13.879+0800][gc,stats    ]      Memory: Uncommit                                          0 / 0                 0 / 0                 0 / 0                 0 / 0           MB/s
[2023-11-12T20:15:13.879+0800][gc,stats    ]      Memory: Undo Object Allocation Failed                     0 / 0                 0 / 0                 0 / 0                 0 / 0           ops/s
[2023-11-12T20:15:13.879+0800][gc,stats    ]      Memory: Undo Object Allocation Succeeded                  0 / 0                 0 / 0                 0 / 0                 0 / 0           ops/s
[2023-11-12T20:15:13.879+0800][gc,stats    ]      Memory: Undo Page Allocation                              0 / 0                 0 / 0                 0 / 0                 0 / 0           ops/s
[2023-11-12T20:15:13.879+0800][gc,stats    ]       Phase: Concurrent Mark                               0.000 / 0.000        26.305 / 27.135       26.305 / 27.135       26.305 / 27.135      ms
[2023-11-12T20:15:13.879+0800][gc,stats    ]       Phase: Concurrent Mark Continue                      0.000 / 0.000         0.000 / 0.000         0.000 / 0.000         0.000 / 0.000       ms
[2023-11-12T20:15:13.879+0800][gc,stats    ]       Phase: Concurrent Mark Free                          0.000 / 0.000         0.001 / 0.001         0.001 / 0.001         0.001 / 0.001       ms
[2023-11-12T20:15:13.879+0800][gc,stats    ]       Phase: Concurrent Process Non-Strong References      0.000 / 0.000         1.929 / 2.001         1.929 / 2.001         1.929 / 2.001       ms
[2023-11-12T20:15:13.879+0800][gc,stats    ]       Phase: Concurrent Relocate                           0.000 / 0.000         3.090 / 3.413         3.090 / 3.413         3.090 / 3.413       ms
[2023-11-12T20:15:13.879+0800][gc,stats    ]       Phase: Concurrent Reset Relocation Set               0.000 / 0.000         0.002 / 0.004         0.002 / 0.004         0.002 / 0.004       ms
[2023-11-12T20:15:13.879+0800][gc,stats    ]       Phase: Concurrent Select Relocation Set              0.000 / 0.000        18.052 / 34.722       18.052 / 34.722       18.052 / 34.722      ms
[2023-11-12T20:15:13.879+0800][gc,stats    ]       Phase: Pause Mark End                                0.000 / 0.000         0.017 / 0.020         0.017 / 0.020         0.017 / 0.020       ms
[2023-11-12T20:15:13.879+0800][gc,stats    ]       Phase: Pause Mark Start                              0.000 / 0.000         0.102 / 0.195         0.102 / 0.195         0.102 / 0.195       ms
[2023-11-12T20:15:13.879+0800][gc,stats    ]       Phase: Pause Relocate Start                          0.000 / 0.000         0.012 / 0.013         0.012 / 0.013         0.012 / 0.013       ms
[2023-11-12T20:15:13.879+0800][gc,stats    ]    Subphase: Concurrent Classes Purge                      0.000 / 0.000         0.065 / 0.066         0.065 / 0.066         0.065 / 0.066       ms
[2023-11-12T20:15:13.879+0800][gc,stats    ]    Subphase: Concurrent Classes Unlink                     0.000 / 0.000         1.307 / 1.369         1.307 / 1.369         1.307 / 1.369       ms
[2023-11-12T20:15:13.879+0800][gc,stats    ]    Subphase: Concurrent Mark                               0.000 / 0.000        21.516 / 25.107       21.516 / 25.107       21.516 / 25.107      ms
[2023-11-12T20:15:13.879+0800][gc,stats    ]    Subphase: Concurrent Mark Try Flush                     0.000 / 0.000         0.198 / 1.014         0.198 / 1.014         0.198 / 1.014       ms
[2023-11-12T20:15:13.879+0800][gc,stats    ]    Subphase: Concurrent Mark Try Terminate                 0.000 / 0.000         7.711 / 13.370        7.711 / 13.370        7.711 / 13.370      ms
[2023-11-12T20:15:13.879+0800][gc,stats    ]    Subphase: Concurrent References Enqueue                 0.000 / 0.000         0.004 / 0.004         0.004 / 0.004         0.004 / 0.004       ms
[2023-11-12T20:15:13.879+0800][gc,stats    ]    Subphase: Concurrent References Process                 0.000 / 0.000         0.088 / 0.091         0.088 / 0.091         0.088 / 0.091       ms
[2023-11-12T20:15:13.879+0800][gc,stats    ]    Subphase: Concurrent Roots ClassLoaderDataGraph         0.000 / 0.000         0.224 / 1.141         0.224 / 1.141         0.224 / 1.141       ms
[2023-11-12T20:15:13.879+0800][gc,stats    ]    Subphase: Concurrent Roots CodeCache                    0.000 / 0.000         0.000 / 0.000         0.000 / 0.000         0.000 / 0.000       ms
[2023-11-12T20:15:13.879+0800][gc,stats    ]    Subphase: Concurrent Roots JavaThreads                  0.000 / 0.000         1.318 / 1.908         1.318 / 1.908         1.318 / 1.908       ms
[2023-11-12T20:15:13.879+0800][gc,stats    ]    Subphase: Concurrent Roots OopStorageSet                0.000 / 0.000         0.117 / 0.285         0.117 / 0.285         0.117 / 0.285       ms
[2023-11-12T20:15:13.879+0800][gc,stats    ]    Subphase: Concurrent Weak Roots OopStorageSet           0.000 / 0.000         0.376 / 0.512         0.376 / 0.512         0.376 / 0.512       ms
[2023-11-12T20:15:13.879+0800][gc,stats    ]    Subphase: Pause Mark Try Complete                       0.000 / 0.000         0.000 / 0.000         0.000 / 0.000         0.000 / 0.000       ms
[2023-11-12T20:15:13.879+0800][gc,stats    ]      System: Java Threads                                      0 / 0                38 / 52               38 / 52               38 / 52          threads
[2023-11-12T20:15:13.879+0800][gc,stats    ] =========================================================================================================================================================
[2023-11-12T20:15:23.884+0800][gc,stats    ] === Garbage Collection Statistics =======================================================================================================================
[2023-11-12T20:15:23.884+0800][gc,stats    ]                                                              Last 10s              Last 10m              Last 10h                Total
[2023-11-12T20:15:23.884+0800][gc,stats    ]                                                              Avg / Max             Avg / Max             Avg / Max             Avg / Max
[2023-11-12T20:15:23.884+0800][gc,stats    ]   Collector: Garbage Collection Cycle                      0.000 / 0.000        50.665 / 66.843       50.665 / 66.843       50.665 / 66.843      ms
[2023-11-12T20:15:23.884+0800][gc,stats    ]  Contention: Mark Segment Reset Contention                     0 / 0                 0 / 9                 0 / 9                 0 / 9           ops/s
[2023-11-12T20:15:23.884+0800][gc,stats    ]  Contention: Mark SeqNum Reset Contention                      0 / 0                 0 / 1                 0 / 1                 0 / 1           ops/s
[2023-11-12T20:15:23.884+0800][gc,stats    ]    Critical: Allocation Stall                                  0 / 0                 0 / 0                 0 / 0                 0 / 0           ops/s
[2023-11-12T20:15:23.884+0800][gc,stats    ]    Critical: Allocation Stall                              0.000 / 0.000         0.000 / 0.000         0.000 / 0.000         0.000 / 0.000       ms
[2023-11-12T20:15:23.884+0800][gc,stats    ]    Critical: GC Locker Stall                                   0 / 0                 0 / 0                 0 / 0                 0 / 0           ops/s
[2023-11-12T20:15:23.884+0800][gc,stats    ]    Critical: GC Locker Stall                               0.000 / 0.000         0.000 / 0.000         0.000 / 0.000         0.000 / 0.000       ms
[2023-11-12T20:15:23.884+0800][gc,stats    ]    Critical: Relocation Stall                                  0 / 0                 0 / 0                 0 / 0                 0 / 0           ops/s
[2023-11-12T20:15:23.884+0800][gc,stats    ]    Critical: Relocation Stall                              0.000 / 0.000         0.000 / 0.000         0.000 / 0.000         0.000 / 0.000       ms
[2023-11-12T20:15:23.884+0800][gc,stats    ]      Memory: Allocation Rate                                   0 / 2                 1 / 66                1 / 66                1 / 66          MB/s
[2023-11-12T20:15:23.884+0800][gc,stats    ]      Memory: Defragment                                        0 / 0                 0 / 0                 0 / 0                 0 / 0           ops/s
[2023-11-12T20:15:23.884+0800][gc,stats    ]      Memory: Out Of Memory                                     0 / 0                 0 / 0                 0 / 0                 0 / 0           ops/s
[2023-11-12T20:15:23.884+0800][gc,stats    ]      Memory: Page Cache Flush                                  0 / 0                 0 / 0                 0 / 0                 0 / 0           MB/s
[2023-11-12T20:15:23.884+0800][gc,stats    ]      Memory: Page Cache Hit L1                                 0 / 1                 0 / 32                0 / 32                0 / 32          ops/s
[2023-11-12T20:15:23.884+0800][gc,stats    ]      Memory: Page Cache Hit L2                                 0 / 0                 0 / 0                 0 / 0                 0 / 0           ops/s
[2023-11-12T20:15:23.884+0800][gc,stats    ]      Memory: Page Cache Hit L3                                 0 / 0                 0 / 33                0 / 33                0 / 33          ops/s
[2023-11-12T20:15:23.884+0800][gc,stats    ]      Memory: Page Cache Miss                                   0 / 0                 0 / 1                 0 / 1                 0 / 1           ops/s
[2023-11-12T20:15:23.884+0800][gc,stats    ]      Memory: Uncommit                                          0 / 0                 0 / 0                 0 / 0                 0 / 0           MB/s
[2023-11-12T20:15:23.884+0800][gc,stats    ]      Memory: Undo Object Allocation Failed                     0 / 0                 0 / 0                 0 / 0                 0 / 0           ops/s
[2023-11-12T20:15:23.884+0800][gc,stats    ]      Memory: Undo Object Allocation Succeeded                  0 / 0                 0 / 0                 0 / 0                 0 / 0           ops/s
[2023-11-12T20:15:23.884+0800][gc,stats    ]      Memory: Undo Page Allocation                              0 / 0                 0 / 0                 0 / 0                 0 / 0           ops/s
[2023-11-12T20:15:23.884+0800][gc,stats    ]       Phase: Concurrent Mark                               0.000 / 0.000        26.305 / 27.135       26.305 / 27.135       26.305 / 27.135      ms
[2023-11-12T20:15:23.884+0800][gc,stats    ]       Phase: Concurrent Mark Continue                      0.000 / 0.000         0.000 / 0.000         0.000 / 0.000         0.000 / 0.000       ms
[2023-11-12T20:15:23.884+0800][gc,stats    ]       Phase: Concurrent Mark Free                          0.000 / 0.000         0.001 / 0.001         0.001 / 0.001         0.001 / 0.001       ms
[2023-11-12T20:15:23.884+0800][gc,stats    ]       Phase: Concurrent Process Non-Strong References      0.000 / 0.000         1.929 / 2.001         1.929 / 2.001         1.929 / 2.001       ms
[2023-11-12T20:15:23.884+0800][gc,stats    ]       Phase: Concurrent Relocate                           0.000 / 0.000         3.090 / 3.413         3.090 / 3.413         3.090 / 3.413       ms
[2023-11-12T20:15:23.884+0800][gc,stats    ]       Phase: Concurrent Reset Relocation Set               0.000 / 0.000         0.002 / 0.004         0.002 / 0.004         0.002 / 0.004       ms
[2023-11-12T20:15:23.884+0800][gc,stats    ]       Phase: Concurrent Select Relocation Set              0.000 / 0.000        18.052 / 34.722       18.052 / 34.722       18.052 / 34.722      ms
[2023-11-12T20:15:23.884+0800][gc,stats    ]       Phase: Pause Mark End                                0.000 / 0.000         0.017 / 0.020         0.017 / 0.020         0.017 / 0.020       ms
[2023-11-12T20:15:23.884+0800][gc,stats    ]       Phase: Pause Mark Start                              0.000 / 0.000         0.102 / 0.195         0.102 / 0.195         0.102 / 0.195       ms
[2023-11-12T20:15:23.884+0800][gc,stats    ]       Phase: Pause Relocate Start                          0.000 / 0.000         0.012 / 0.013         0.012 / 0.013         0.012 / 0.013       ms
[2023-11-12T20:15:23.884+0800][gc,stats    ]    Subphase: Concurrent Classes Purge                      0.000 / 0.000         0.065 / 0.066         0.065 / 0.066         0.065 / 0.066       ms
[2023-11-12T20:15:23.884+0800][gc,stats    ]    Subphase: Concurrent Classes Unlink                     0.000 / 0.000         1.307 / 1.369         1.307 / 1.369         1.307 / 1.369       ms
[2023-11-12T20:15:23.884+0800][gc,stats    ]    Subphase: Concurrent Mark                               0.000 / 0.000        21.516 / 25.107       21.516 / 25.107       21.516 / 25.107      ms
[2023-11-12T20:15:23.884+0800][gc,stats    ]    Subphase: Concurrent Mark Try Flush                     0.000 / 0.000         0.198 / 1.014         0.198 / 1.014         0.198 / 1.014       ms
[2023-11-12T20:15:23.884+0800][gc,stats    ]    Subphase: Concurrent Mark Try Terminate                 0.000 / 0.000         7.711 / 13.370        7.711 / 13.370        7.711 / 13.370      ms
[2023-11-12T20:15:23.884+0800][gc,stats    ]    Subphase: Concurrent References Enqueue                 0.000 / 0.000         0.004 / 0.004         0.004 / 0.004         0.004 / 0.004       ms
[2023-11-12T20:15:23.884+0800][gc,stats    ]    Subphase: Concurrent References Process                 0.000 / 0.000         0.088 / 0.091         0.088 / 0.091         0.088 / 0.091       ms
[2023-11-12T20:15:23.884+0800][gc,stats    ]    Subphase: Concurrent Roots ClassLoaderDataGraph         0.000 / 0.000         0.224 / 1.141         0.224 / 1.141         0.224 / 1.141       ms
[2023-11-12T20:15:23.884+0800][gc,stats    ]    Subphase: Concurrent Roots CodeCache                    0.000 / 0.000         0.000 / 0.000         0.000 / 0.000         0.000 / 0.000       ms
[2023-11-12T20:15:23.884+0800][gc,stats    ]    Subphase: Concurrent Roots JavaThreads                  0.000 / 0.000         1.318 / 1.908         1.318 / 1.908         1.318 / 1.908       ms
[2023-11-12T20:15:23.884+0800][gc,stats    ]    Subphase: Concurrent Roots OopStorageSet                0.000 / 0.000         0.117 / 0.285         0.117 / 0.285         0.117 / 0.285       ms
[2023-11-12T20:15:23.884+0800][gc,stats    ]    Subphase: Concurrent Weak Roots OopStorageSet           0.000 / 0.000         0.376 / 0.512         0.376 / 0.512         0.376 / 0.512       ms
[2023-11-12T20:15:23.884+0800][gc,stats    ]    Subphase: Pause Mark Try Complete                       0.000 / 0.000         0.000 / 0.000         0.000 / 0.000         0.000 / 0.000       ms
[2023-11-12T20:15:23.884+0800][gc,stats    ]      System: Java Threads                                      0 / 0                38 / 52               38 / 52               38 / 52          threads
[2023-11-12T20:15:23.884+0800][gc,stats    ] =========================================================================================================================================================
[2023-11-12T20:15:33.878+0800][gc,stats    ] === Garbage Collection Statistics =======================================================================================================================
[2023-11-12T20:15:33.878+0800][gc,stats    ]                                                              Last 10s              Last 10m              Last 10h                Total
[2023-11-12T20:15:33.878+0800][gc,stats    ]                                                              Avg / Max             Avg / Max             Avg / Max             Avg / Max
[2023-11-12T20:15:33.878+0800][gc,stats    ]   Collector: Garbage Collection Cycle                      0.000 / 0.000        50.665 / 66.843       50.665 / 66.843       50.665 / 66.843      ms
[2023-11-12T20:15:33.878+0800][gc,stats    ]  Contention: Mark Segment Reset Contention                     0 / 0                 0 / 9                 0 / 9                 0 / 9           ops/s
[2023-11-12T20:15:33.878+0800][gc,stats    ]  Contention: Mark SeqNum Reset Contention                      0 / 0                 0 / 1                 0 / 1                 0 / 1           ops/s
[2023-11-12T20:15:33.878+0800][gc,stats    ]    Critical: Allocation Stall                                  0 / 0                 0 / 0                 0 / 0                 0 / 0           ops/s
[2023-11-12T20:15:33.878+0800][gc,stats    ]    Critical: Allocation Stall                              0.000 / 0.000         0.000 / 0.000         0.000 / 0.000         0.000 / 0.000       ms
[2023-11-12T20:15:33.878+0800][gc,stats    ]    Critical: GC Locker Stall                                   0 / 0                 0 / 0                 0 / 0                 0 / 0           ops/s
[2023-11-12T20:15:33.878+0800][gc,stats    ]    Critical: GC Locker Stall                               0.000 / 0.000         0.000 / 0.000         0.000 / 0.000         0.000 / 0.000       ms
[2023-11-12T20:15:33.878+0800][gc,stats    ]    Critical: Relocation Stall                                  0 / 0                 0 / 0                 0 / 0                 0 / 0           ops/s
[2023-11-12T20:15:33.878+0800][gc,stats    ]    Critical: Relocation Stall                              0.000 / 0.000         0.000 / 0.000         0.000 / 0.000         0.000 / 0.000       ms
[2023-11-12T20:15:33.878+0800][gc,stats    ]      Memory: Allocation Rate                                   0 / 0                 1 / 66                1 / 66                1 / 66          MB/s
[2023-11-12T20:15:33.878+0800][gc,stats    ]      Memory: Defragment                                        0 / 0                 0 / 0                 0 / 0                 0 / 0           ops/s
[2023-11-12T20:15:33.878+0800][gc,stats    ]      Memory: Out Of Memory                                     0 / 0                 0 / 0                 0 / 0                 0 / 0           ops/s
[2023-11-12T20:15:33.878+0800][gc,stats    ]      Memory: Page Cache Flush                                  0 / 0                 0 / 0                 0 / 0                 0 / 0           MB/s
[2023-11-12T20:15:33.878+0800][gc,stats    ]      Memory: Page Cache Hit L1                                 0 / 0                 0 / 32                0 / 32                0 / 32          ops/s
[2023-11-12T20:15:33.878+0800][gc,stats    ]      Memory: Page Cache Hit L2                                 0 / 0                 0 / 0                 0 / 0                 0 / 0           ops/s
[2023-11-12T20:15:33.878+0800][gc,stats    ]      Memory: Page Cache Hit L3                                 0 / 0                 0 / 33                0 / 33                0 / 33          ops/s
[2023-11-12T20:15:33.878+0800][gc,stats    ]      Memory: Page Cache Miss                                   0 / 0                 0 / 1                 0 / 1                 0 / 1           ops/s
[2023-11-12T20:15:33.878+0800][gc,stats    ]      Memory: Uncommit                                          0 / 0                 0 / 0                 0 / 0                 0 / 0           MB/s
[2023-11-12T20:15:33.878+0800][gc,stats    ]      Memory: Undo Object Allocation Failed                     0 / 0                 0 / 0                 0 / 0                 0 / 0           ops/s
[2023-11-12T20:15:33.878+0800][gc,stats    ]      Memory: Undo Object Allocation Succeeded                  0 / 0                 0 / 0                 0 / 0                 0 / 0           ops/s
[2023-11-12T20:15:33.878+0800][gc,stats    ]      Memory: Undo Page Allocation                              0 / 0                 0 / 0                 0 / 0                 0 / 0           ops/s
[2023-11-12T20:15:33.878+0800][gc,stats    ]       Phase: Concurrent Mark                               0.000 / 0.000        26.305 / 27.135       26.305 / 27.135       26.305 / 27.135      ms
[2023-11-12T20:15:33.879+0800][gc,stats    ]       Phase: Concurrent Mark Continue                      0.000 / 0.000         0.000 / 0.000         0.000 / 0.000         0.000 / 0.000       ms
[2023-11-12T20:15:33.879+0800][gc,stats    ]       Phase: Concurrent Mark Free                          0.000 / 0.000         0.001 / 0.001         0.001 / 0.001         0.001 / 0.001       ms
[2023-11-12T20:15:33.879+0800][gc,stats    ]       Phase: Concurrent Process Non-Strong References      0.000 / 0.000         1.929 / 2.001         1.929 / 2.001         1.929 / 2.001       ms
[2023-11-12T20:15:33.879+0800][gc,stats    ]       Phase: Concurrent Relocate                           0.000 / 0.000         3.090 / 3.413         3.090 / 3.413         3.090 / 3.413       ms
[2023-11-12T20:15:33.879+0800][gc,stats    ]       Phase: Concurrent Reset Relocation Set               0.000 / 0.000         0.002 / 0.004         0.002 / 0.004         0.002 / 0.004       ms
[2023-11-12T20:15:33.879+0800][gc,stats    ]       Phase: Concurrent Select Relocation Set              0.000 / 0.000        18.052 / 34.722       18.052 / 34.722       18.052 / 34.722      ms
[2023-11-12T20:15:33.879+0800][gc,stats    ]       Phase: Pause Mark End                                0.000 / 0.000         0.017 / 0.020         0.017 / 0.020         0.017 / 0.020       ms
[2023-11-12T20:15:33.879+0800][gc,stats    ]       Phase: Pause Mark Start                              0.000 / 0.000         0.102 / 0.195         0.102 / 0.195         0.102 / 0.195       ms
[2023-11-12T20:15:33.879+0800][gc,stats    ]       Phase: Pause Relocate Start                          0.000 / 0.000         0.012 / 0.013         0.012 / 0.013         0.012 / 0.013       ms
[2023-11-12T20:15:33.879+0800][gc,stats    ]    Subphase: Concurrent Classes Purge                      0.000 / 0.000         0.065 / 0.066         0.065 / 0.066         0.065 / 0.066       ms
[2023-11-12T20:15:33.879+0800][gc,stats    ]    Subphase: Concurrent Classes Unlink                     0.000 / 0.000         1.307 / 1.369         1.307 / 1.369         1.307 / 1.369       ms
[2023-11-12T20:15:33.879+0800][gc,stats    ]    Subphase: Concurrent Mark                               0.000 / 0.000        21.516 / 25.107       21.516 / 25.107       21.516 / 25.107      ms
[2023-11-12T20:15:33.879+0800][gc,stats    ]    Subphase: Concurrent Mark Try Flush                     0.000 / 0.000         0.198 / 1.014         0.198 / 1.014         0.198 / 1.014       ms
[2023-11-12T20:15:33.879+0800][gc,stats    ]    Subphase: Concurrent Mark Try Terminate                 0.000 / 0.000         7.711 / 13.370        7.711 / 13.370        7.711 / 13.370      ms
[2023-11-12T20:15:33.879+0800][gc,stats    ]    Subphase: Concurrent References Enqueue                 0.000 / 0.000         0.004 / 0.004         0.004 / 0.004         0.004 / 0.004       ms
[2023-11-12T20:15:33.879+0800][gc,stats    ]    Subphase: Concurrent References Process                 0.000 / 0.000         0.088 / 0.091         0.088 / 0.091         0.088 / 0.091       ms
[2023-11-12T20:15:33.879+0800][gc,stats    ]    Subphase: Concurrent Roots ClassLoaderDataGraph         0.000 / 0.000         0.224 / 1.141         0.224 / 1.141         0.224 / 1.141       ms
[2023-11-12T20:15:33.879+0800][gc,stats    ]    Subphase: Concurrent Roots CodeCache                    0.000 / 0.000         0.000 / 0.000         0.000 / 0.000         0.000 / 0.000       ms
[2023-11-12T20:15:33.879+0800][gc,stats    ]    Subphase: Concurrent Roots JavaThreads                  0.000 / 0.000         1.318 / 1.908         1.318 / 1.908         1.318 / 1.908       ms
[2023-11-12T20:15:33.879+0800][gc,stats    ]    Subphase: Concurrent Roots OopStorageSet                0.000 / 0.000         0.117 / 0.285         0.117 / 0.285         0.117 / 0.285       ms
[2023-11-12T20:15:33.879+0800][gc,stats    ]    Subphase: Concurrent Weak Roots OopStorageSet           0.000 / 0.000         0.376 / 0.512         0.376 / 0.512         0.376 / 0.512       ms
[2023-11-12T20:15:33.879+0800][gc,stats    ]    Subphase: Pause Mark Try Complete                       0.000 / 0.000         0.000 / 0.000         0.000 / 0.000         0.000 / 0.000       ms
[2023-11-12T20:15:33.879+0800][gc,stats    ]      System: Java Threads                                      0 / 0                38 / 52               38 / 52               38 / 52          threads
[2023-11-12T20:15:33.879+0800][gc,stats    ] =========================================================================================================================================================
[2023-11-12T20:15:43.871+0800][gc,stats    ] === Garbage Collection Statistics =======================================================================================================================
[2023-11-12T20:15:43.871+0800][gc,stats    ]                                                              Last 10s              Last 10m              Last 10h                Total
[2023-11-12T20:15:43.871+0800][gc,stats    ]                                                              Avg / Max             Avg / Max             Avg / Max             Avg / Max
[2023-11-12T20:15:43.871+0800][gc,stats    ]   Collector: Garbage Collection Cycle                      0.000 / 0.000        50.665 / 66.843       50.665 / 66.843       50.665 / 66.843      ms
[2023-11-12T20:15:43.871+0800][gc,stats    ]  Contention: Mark Segment Reset Contention                     0 / 0                 0 / 9                 0 / 9                 0 / 9           ops/s
[2023-11-12T20:15:43.871+0800][gc,stats    ]  Contention: Mark SeqNum Reset Contention                      0 / 0                 0 / 1                 0 / 1                 0 / 1           ops/s
[2023-11-12T20:15:43.871+0800][gc,stats    ]    Critical: Allocation Stall                                  0 / 0                 0 / 0                 0 / 0                 0 / 0           ops/s
[2023-11-12T20:15:43.871+0800][gc,stats    ]    Critical: Allocation Stall                              0.000 / 0.000         0.000 / 0.000         0.000 / 0.000         0.000 / 0.000       ms
[2023-11-12T20:15:43.871+0800][gc,stats    ]    Critical: GC Locker Stall                                   0 / 0                 0 / 0                 0 / 0                 0 / 0           ops/s
[2023-11-12T20:15:43.871+0800][gc,stats    ]    Critical: GC Locker Stall                               0.000 / 0.000         0.000 / 0.000         0.000 / 0.000         0.000 / 0.000       ms
[2023-11-12T20:15:43.871+0800][gc,stats    ]    Critical: Relocation Stall                                  0 / 0                 0 / 0                 0 / 0                 0 / 0           ops/s
[2023-11-12T20:15:43.871+0800][gc,stats    ]    Critical: Relocation Stall                              0.000 / 0.000         0.000 / 0.000         0.000 / 0.000         0.000 / 0.000       ms
[2023-11-12T20:15:43.871+0800][gc,stats    ]      Memory: Allocation Rate                                   0 / 0                 1 / 66                1 / 66                1 / 66          MB/s
[2023-11-12T20:15:43.871+0800][gc,stats    ]      Memory: Defragment                                        0 / 0                 0 / 0                 0 / 0                 0 / 0           ops/s
[2023-11-12T20:15:43.871+0800][gc,stats    ]      Memory: Out Of Memory                                     0 / 0                 0 / 0                 0 / 0                 0 / 0           ops/s
[2023-11-12T20:15:43.871+0800][gc,stats    ]      Memory: Page Cache Flush                                  0 / 0                 0 / 0                 0 / 0                 0 / 0           MB/s
[2023-11-12T20:15:43.871+0800][gc,stats    ]      Memory: Page Cache Hit L1                                 0 / 0                 0 / 32                0 / 32                0 / 32          ops/s
[2023-11-12T20:15:43.871+0800][gc,stats    ]      Memory: Page Cache Hit L2                                 0 / 0                 0 / 0                 0 / 0                 0 / 0           ops/s
[2023-11-12T20:15:43.871+0800][gc,stats    ]      Memory: Page Cache Hit L3                                 0 / 0                 0 / 33                0 / 33                0 / 33          ops/s
[2023-11-12T20:15:43.871+0800][gc,stats    ]      Memory: Page Cache Miss                                   0 / 0                 0 / 1                 0 / 1                 0 / 1           ops/s
[2023-11-12T20:15:43.871+0800][gc,stats    ]      Memory: Uncommit                                          0 / 0                 0 / 0                 0 / 0                 0 / 0           MB/s
[2023-11-12T20:15:43.871+0800][gc,stats    ]      Memory: Undo Object Allocation Failed                     0 / 0                 0 / 0                 0 / 0                 0 / 0           ops/s
[2023-11-12T20:15:43.871+0800][gc,stats    ]      Memory: Undo Object Allocation Succeeded                  0 / 0                 0 / 0                 0 / 0                 0 / 0           ops/s
[2023-11-12T20:15:43.871+0800][gc,stats    ]      Memory: Undo Page Allocation                              0 / 0                 0 / 0                 0 / 0                 0 / 0           ops/s
[2023-11-12T20:15:43.871+0800][gc,stats    ]       Phase: Concurrent Mark                               0.000 / 0.000        26.305 / 27.135       26.305 / 27.135       26.305 / 27.135      ms
[2023-11-12T20:15:43.871+0800][gc,stats    ]       Phase: Concurrent Mark Continue                      0.000 / 0.000         0.000 / 0.000         0.000 / 0.000         0.000 / 0.000       ms
[2023-11-12T20:15:43.871+0800][gc,stats    ]       Phase: Concurrent Mark Free                          0.000 / 0.000         0.001 / 0.001         0.001 / 0.001         0.001 / 0.001       ms
[2023-11-12T20:15:43.871+0800][gc,stats    ]       Phase: Concurrent Process Non-Strong References      0.000 / 0.000         1.929 / 2.001         1.929 / 2.001         1.929 / 2.001       ms
[2023-11-12T20:15:43.871+0800][gc,stats    ]       Phase: Concurrent Relocate                           0.000 / 0.000         3.090 / 3.413         3.090 / 3.413         3.090 / 3.413       ms
[2023-11-12T20:15:43.871+0800][gc,stats    ]       Phase: Concurrent Reset Relocation Set               0.000 / 0.000         0.002 / 0.004         0.002 / 0.004         0.002 / 0.004       ms
[2023-11-12T20:15:43.871+0800][gc,stats    ]       Phase: Concurrent Select Relocation Set              0.000 / 0.000        18.052 / 34.722       18.052 / 34.722       18.052 / 34.722      ms
[2023-11-12T20:15:43.871+0800][gc,stats    ]       Phase: Pause Mark End                                0.000 / 0.000         0.017 / 0.020         0.017 / 0.020         0.017 / 0.020       ms
[2023-11-12T20:15:43.871+0800][gc,stats    ]       Phase: Pause Mark Start                              0.000 / 0.000         0.102 / 0.195         0.102 / 0.195         0.102 / 0.195       ms
[2023-11-12T20:15:43.871+0800][gc,stats    ]       Phase: Pause Relocate Start                          0.000 / 0.000         0.012 / 0.013         0.012 / 0.013         0.012 / 0.013       ms
[2023-11-12T20:15:43.871+0800][gc,stats    ]    Subphase: Concurrent Classes Purge                      0.000 / 0.000         0.065 / 0.066         0.065 / 0.066         0.065 / 0.066       ms
[2023-11-12T20:15:43.871+0800][gc,stats    ]    Subphase: Concurrent Classes Unlink                     0.000 / 0.000         1.307 / 1.369         1.307 / 1.369         1.307 / 1.369       ms
[2023-11-12T20:15:43.871+0800][gc,stats    ]    Subphase: Concurrent Mark                               0.000 / 0.000        21.516 / 25.107       21.516 / 25.107       21.516 / 25.107      ms
[2023-11-12T20:15:43.871+0800][gc,stats    ]    Subphase: Concurrent Mark Try Flush                     0.000 / 0.000         0.198 / 1.014         0.198 / 1.014         0.198 / 1.014       ms
[2023-11-12T20:15:43.871+0800][gc,stats    ]    Subphase: Concurrent Mark Try Terminate                 0.000 / 0.000         7.711 / 13.370        7.711 / 13.370        7.711 / 13.370      ms
[2023-11-12T20:15:43.871+0800][gc,stats    ]    Subphase: Concurrent References Enqueue                 0.000 / 0.000         0.004 / 0.004         0.004 / 0.004         0.004 / 0.004       ms
[2023-11-12T20:15:43.871+0800][gc,stats    ]    Subphase: Concurrent References Process                 0.000 / 0.000         0.088 / 0.091         0.088 / 0.091         0.088 / 0.091       ms
[2023-11-12T20:15:43.871+0800][gc,stats    ]    Subphase: Concurrent Roots ClassLoaderDataGraph         0.000 / 0.000         0.224 / 1.141         0.224 / 1.141         0.224 / 1.141       ms
[2023-11-12T20:15:43.871+0800][gc,stats    ]    Subphase: Concurrent Roots CodeCache                    0.000 / 0.000         0.000 / 0.000         0.000 / 0.000         0.000 / 0.000       ms
[2023-11-12T20:15:43.871+0800][gc,stats    ]    Subphase: Concurrent Roots JavaThreads                  0.000 / 0.000         1.318 / 1.908         1.318 / 1.908         1.318 / 1.908       ms
[2023-11-12T20:15:43.871+0800][gc,stats    ]    Subphase: Concurrent Roots OopStorageSet                0.000 / 0.000         0.117 / 0.285         0.117 / 0.285         0.117 / 0.285       ms
[2023-11-12T20:15:43.871+0800][gc,stats    ]    Subphase: Concurrent Weak Roots OopStorageSet           0.000 / 0.000         0.376 / 0.512         0.376 / 0.512         0.376 / 0.512       ms
[2023-11-12T20:15:43.871+0800][gc,stats    ]    Subphase: Pause Mark Try Complete                       0.000 / 0.000         0.000 / 0.000         0.000 / 0.000         0.000 / 0.000       ms
[2023-11-12T20:15:43.871+0800][gc,stats    ]      System: Java Threads                                      0 / 0                38 / 52               38 / 52               38 / 52          threads
[2023-11-12T20:15:43.871+0800][gc,stats    ] =========================================================================================================================================================
[2023-11-12T20:15:53.875+0800][gc,stats    ] === Garbage Collection Statistics =======================================================================================================================
[2023-11-12T20:15:53.875+0800][gc,stats    ]                                                              Last 10s              Last 10m              Last 10h                Total
[2023-11-12T20:15:53.875+0800][gc,stats    ]                                                              Avg / Max             Avg / Max             Avg / Max             Avg / Max
[2023-11-12T20:15:53.875+0800][gc,stats    ]   Collector: Garbage Collection Cycle                      0.000 / 0.000        50.665 / 66.843       50.665 / 66.843       50.665 / 66.843      ms
[2023-11-12T20:15:53.875+0800][gc,stats    ]  Contention: Mark Segment Reset Contention                     0 / 0                 0 / 9                 0 / 9                 0 / 9           ops/s
[2023-11-12T20:15:53.875+0800][gc,stats    ]  Contention: Mark SeqNum Reset Contention                      0 / 0                 0 / 1                 0 / 1                 0 / 1           ops/s
[2023-11-12T20:15:53.875+0800][gc,stats    ]    Critical: Allocation Stall                                  0 / 0                 0 / 0                 0 / 0                 0 / 0           ops/s
[2023-11-12T20:15:53.875+0800][gc,stats    ]    Critical: Allocation Stall                              0.000 / 0.000         0.000 / 0.000         0.000 / 0.000         0.000 / 0.000       ms
[2023-11-12T20:15:53.875+0800][gc,stats    ]    Critical: GC Locker Stall                                   0 / 0                 0 / 0                 0 / 0                 0 / 0           ops/s
[2023-11-12T20:15:53.875+0800][gc,stats    ]    Critical: GC Locker Stall                               0.000 / 0.000         0.000 / 0.000         0.000 / 0.000         0.000 / 0.000       ms
[2023-11-12T20:15:53.875+0800][gc,stats    ]    Critical: Relocation Stall                                  0 / 0                 0 / 0                 0 / 0                 0 / 0           ops/s
[2023-11-12T20:15:53.875+0800][gc,stats    ]    Critical: Relocation Stall                              0.000 / 0.000         0.000 / 0.000         0.000 / 0.000         0.000 / 0.000       ms
[2023-11-12T20:15:53.875+0800][gc,stats    ]      Memory: Allocation Rate                                   0 / 0                 1 / 66                1 / 66                1 / 66          MB/s
[2023-11-12T20:15:53.875+0800][gc,stats    ]      Memory: Defragment                                        0 / 0                 0 / 0                 0 / 0                 0 / 0           ops/s
[2023-11-12T20:15:53.875+0800][gc,stats    ]      Memory: Out Of Memory                                     0 / 0                 0 / 0                 0 / 0                 0 / 0           ops/s
[2023-11-12T20:15:53.875+0800][gc,stats    ]      Memory: Page Cache Flush                                  0 / 0                 0 / 0                 0 / 0                 0 / 0           MB/s
[2023-11-12T20:15:53.875+0800][gc,stats    ]      Memory: Page Cache Hit L1                                 0 / 0                 0 / 32                0 / 32                0 / 32          ops/s
[2023-11-12T20:15:53.875+0800][gc,stats    ]      Memory: Page Cache Hit L2                                 0 / 0                 0 / 0                 0 / 0                 0 / 0           ops/s
[2023-11-12T20:15:53.875+0800][gc,stats    ]      Memory: Page Cache Hit L3                                 0 / 0                 0 / 33                0 / 33                0 / 33          ops/s
[2023-11-12T20:15:53.875+0800][gc,stats    ]      Memory: Page Cache Miss                                   0 / 0                 0 / 1                 0 / 1                 0 / 1           ops/s
[2023-11-12T20:15:53.875+0800][gc,stats    ]      Memory: Uncommit                                          0 / 0                 0 / 0                 0 / 0                 0 / 0           MB/s
[2023-11-12T20:15:53.875+0800][gc,stats    ]      Memory: Undo Object Allocation Failed                     0 / 0                 0 / 0                 0 / 0                 0 / 0           ops/s
[2023-11-12T20:15:53.875+0800][gc,stats    ]      Memory: Undo Object Allocation Succeeded                  0 / 0                 0 / 0                 0 / 0                 0 / 0           ops/s
[2023-11-12T20:15:53.875+0800][gc,stats    ]      Memory: Undo Page Allocation                              0 / 0                 0 / 0                 0 / 0                 0 / 0           ops/s
[2023-11-12T20:15:53.875+0800][gc,stats    ]       Phase: Concurrent Mark                               0.000 / 0.000        26.305 / 27.135       26.305 / 27.135       26.305 / 27.135      ms
[2023-11-12T20:15:53.875+0800][gc,stats    ]       Phase: Concurrent Mark Continue                      0.000 / 0.000         0.000 / 0.000         0.000 / 0.000         0.000 / 0.000       ms
[2023-11-12T20:15:53.875+0800][gc,stats    ]       Phase: Concurrent Mark Free                          0.000 / 0.000         0.001 / 0.001         0.001 / 0.001         0.001 / 0.001       ms
[2023-11-12T20:15:53.875+0800][gc,stats    ]       Phase: Concurrent Process Non-Strong References      0.000 / 0.000         1.929 / 2.001         1.929 / 2.001         1.929 / 2.001       ms
[2023-11-12T20:15:53.875+0800][gc,stats    ]       Phase: Concurrent Relocate                           0.000 / 0.000         3.090 / 3.413         3.090 / 3.413         3.090 / 3.413       ms
[2023-11-12T20:15:53.875+0800][gc,stats    ]       Phase: Concurrent Reset Relocation Set               0.000 / 0.000         0.002 / 0.004         0.002 / 0.004         0.002 / 0.004       ms
[2023-11-12T20:15:53.875+0800][gc,stats    ]       Phase: Concurrent Select Relocation Set              0.000 / 0.000        18.052 / 34.722       18.052 / 34.722       18.052 / 34.722      ms
[2023-11-12T20:15:53.875+0800][gc,stats    ]       Phase: Pause Mark End                                0.000 / 0.000         0.017 / 0.020         0.017 / 0.020         0.017 / 0.020       ms
[2023-11-12T20:15:53.875+0800][gc,stats    ]       Phase: Pause Mark Start                              0.000 / 0.000         0.102 / 0.195         0.102 / 0.195         0.102 / 0.195       ms
[2023-11-12T20:15:53.875+0800][gc,stats    ]       Phase: Pause Relocate Start                          0.000 / 0.000         0.012 / 0.013         0.012 / 0.013         0.012 / 0.013       ms
[2023-11-12T20:15:53.875+0800][gc,stats    ]    Subphase: Concurrent Classes Purge                      0.000 / 0.000         0.065 / 0.066         0.065 / 0.066         0.065 / 0.066       ms
[2023-11-12T20:15:53.875+0800][gc,stats    ]    Subphase: Concurrent Classes Unlink                     0.000 / 0.000         1.307 / 1.369         1.307 / 1.369         1.307 / 1.369       ms
[2023-11-12T20:15:53.875+0800][gc,stats    ]    Subphase: Concurrent Mark                               0.000 / 0.000        21.516 / 25.107       21.516 / 25.107       21.516 / 25.107      ms
[2023-11-12T20:15:53.875+0800][gc,stats    ]    Subphase: Concurrent Mark Try Flush                     0.000 / 0.000         0.198 / 1.014         0.198 / 1.014         0.198 / 1.014       ms
[2023-11-12T20:15:53.875+0800][gc,stats    ]    Subphase: Concurrent Mark Try Terminate                 0.000 / 0.000         7.711 / 13.370        7.711 / 13.370        7.711 / 13.370      ms
[2023-11-12T20:15:53.875+0800][gc,stats    ]    Subphase: Concurrent References Enqueue                 0.000 / 0.000         0.004 / 0.004         0.004 / 0.004         0.004 / 0.004       ms
[2023-11-12T20:15:53.875+0800][gc,stats    ]    Subphase: Concurrent References Process                 0.000 / 0.000         0.088 / 0.091         0.088 / 0.091         0.088 / 0.091       ms
[2023-11-12T20:15:53.875+0800][gc,stats    ]    Subphase: Concurrent Roots ClassLoaderDataGraph         0.000 / 0.000         0.224 / 1.141         0.224 / 1.141         0.224 / 1.141       ms
[2023-11-12T20:15:53.875+0800][gc,stats    ]    Subphase: Concurrent Roots CodeCache                    0.000 / 0.000         0.000 / 0.000         0.000 / 0.000         0.000 / 0.000       ms
[2023-11-12T20:15:53.875+0800][gc,stats    ]    Subphase: Concurrent Roots JavaThreads                  0.000 / 0.000         1.318 / 1.908         1.318 / 1.908         1.318 / 1.908       ms
[2023-11-12T20:15:53.875+0800][gc,stats    ]    Subphase: Concurrent Roots OopStorageSet                0.000 / 0.000         0.117 / 0.285         0.117 / 0.285         0.117 / 0.285       ms
[2023-11-12T20:15:53.875+0800][gc,stats    ]    Subphase: Concurrent Weak Roots OopStorageSet           0.000 / 0.000         0.376 / 0.512         0.376 / 0.512         0.376 / 0.512       ms
[2023-11-12T20:15:53.875+0800][gc,stats    ]    Subphase: Pause Mark Try Complete                       0.000 / 0.000         0.000 / 0.000         0.000 / 0.000         0.000 / 0.000       ms
[2023-11-12T20:15:53.875+0800][gc,stats    ]      System: Java Threads                                      0 / 0                38 / 52               38 / 52               38 / 52          threads
[2023-11-12T20:15:53.875+0800][gc,stats    ] =========================================================================================================================================================
[2023-11-12T20:16:03.885+0800][gc,stats    ] === Garbage Collection Statistics =======================================================================================================================
[2023-11-12T20:16:03.885+0800][gc,stats    ]                                                              Last 10s              Last 10m              Last 10h                Total
[2023-11-12T20:16:03.885+0800][gc,stats    ]                                                              Avg / Max             Avg / Max             Avg / Max             Avg / Max
[2023-11-12T20:16:03.885+0800][gc,stats    ]   Collector: Garbage Collection Cycle                      0.000 / 0.000        50.665 / 66.843       50.665 / 66.843       50.665 / 66.843      ms
[2023-11-12T20:16:03.885+0800][gc,stats    ]  Contention: Mark Segment Reset Contention                     0 / 0                 0 / 9                 0 / 9                 0 / 9           ops/s
[2023-11-12T20:16:03.885+0800][gc,stats    ]  Contention: Mark SeqNum Reset Contention                      0 / 0                 0 / 1                 0 / 1                 0 / 1           ops/s
[2023-11-12T20:16:03.885+0800][gc,stats    ]    Critical: Allocation Stall                                  0 / 0                 0 / 0                 0 / 0                 0 / 0           ops/s
[2023-11-12T20:16:03.885+0800][gc,stats    ]    Critical: Allocation Stall                              0.000 / 0.000         0.000 / 0.000         0.000 / 0.000         0.000 / 0.000       ms
[2023-11-12T20:16:03.885+0800][gc,stats    ]    Critical: GC Locker Stall                                   0 / 0                 0 / 0                 0 / 0                 0 / 0           ops/s
[2023-11-12T20:16:03.885+0800][gc,stats    ]    Critical: GC Locker Stall                               0.000 / 0.000         0.000 / 0.000         0.000 / 0.000         0.000 / 0.000       ms
[2023-11-12T20:16:03.885+0800][gc,stats    ]    Critical: Relocation Stall                                  0 / 0                 0 / 0                 0 / 0                 0 / 0           ops/s
[2023-11-12T20:16:03.885+0800][gc,stats    ]    Critical: Relocation Stall                              0.000 / 0.000         0.000 / 0.000         0.000 / 0.000         0.000 / 0.000       ms
[2023-11-12T20:16:03.885+0800][gc,stats    ]      Memory: Allocation Rate                                   0 / 0                 1 / 66                1 / 66                1 / 66          MB/s
[2023-11-12T20:16:03.885+0800][gc,stats    ]      Memory: Defragment                                        0 / 0                 0 / 0                 0 / 0                 0 / 0           ops/s
[2023-11-12T20:16:03.885+0800][gc,stats    ]      Memory: Out Of Memory                                     0 / 0                 0 / 0                 0 / 0                 0 / 0           ops/s
[2023-11-12T20:16:03.885+0800][gc,stats    ]      Memory: Page Cache Flush                                  0 / 0                 0 / 0                 0 / 0                 0 / 0           MB/s
[2023-11-12T20:16:03.885+0800][gc,stats    ]      Memory: Page Cache Hit L1                                 0 / 0                 0 / 32                0 / 32                0 / 32          ops/s
[2023-11-12T20:16:03.885+0800][gc,stats    ]      Memory: Page Cache Hit L2                                 0 / 0                 0 / 0                 0 / 0                 0 / 0           ops/s
[2023-11-12T20:16:03.885+0800][gc,stats    ]      Memory: Page Cache Hit L3                                 0 / 0                 0 / 33                0 / 33                0 / 33          ops/s
[2023-11-12T20:16:03.885+0800][gc,stats    ]      Memory: Page Cache Miss                                   0 / 0                 0 / 1                 0 / 1                 0 / 1           ops/s
[2023-11-12T20:16:03.885+0800][gc,stats    ]      Memory: Uncommit                                          0 / 0                 0 / 0                 0 / 0                 0 / 0           MB/s
[2023-11-12T20:16:03.885+0800][gc,stats    ]      Memory: Undo Object Allocation Failed                     0 / 0                 0 / 0                 0 / 0                 0 / 0           ops/s
[2023-11-12T20:16:03.885+0800][gc,stats    ]      Memory: Undo Object Allocation Succeeded                  0 / 0                 0 / 0                 0 / 0                 0 / 0           ops/s
[2023-11-12T20:16:03.885+0800][gc,stats    ]      Memory: Undo Page Allocation                              0 / 0                 0 / 0                 0 / 0                 0 / 0           ops/s
[2023-11-12T20:16:03.885+0800][gc,stats    ]       Phase: Concurrent Mark                               0.000 / 0.000        26.305 / 27.135       26.305 / 27.135       26.305 / 27.135      ms
[2023-11-12T20:16:03.885+0800][gc,stats    ]       Phase: Concurrent Mark Continue                      0.000 / 0.000         0.000 / 0.000         0.000 / 0.000         0.000 / 0.000       ms
[2023-11-12T20:16:03.885+0800][gc,stats    ]       Phase: Concurrent Mark Free                          0.000 / 0.000         0.001 / 0.001         0.001 / 0.001         0.001 / 0.001       ms
[2023-11-12T20:16:03.885+0800][gc,stats    ]       Phase: Concurrent Process Non-Strong References      0.000 / 0.000         1.929 / 2.001         1.929 / 2.001         1.929 / 2.001       ms
[2023-11-12T20:16:03.885+0800][gc,stats    ]       Phase: Concurrent Relocate                           0.000 / 0.000         3.090 / 3.413         3.090 / 3.413         3.090 / 3.413       ms
[2023-11-12T20:16:03.885+0800][gc,stats    ]       Phase: Concurrent Reset Relocation Set               0.000 / 0.000         0.002 / 0.004         0.002 / 0.004         0.002 / 0.004       ms
[2023-11-12T20:16:03.885+0800][gc,stats    ]       Phase: Concurrent Select Relocation Set              0.000 / 0.000        18.052 / 34.722       18.052 / 34.722       18.052 / 34.722      ms
[2023-11-12T20:16:03.885+0800][gc,stats    ]       Phase: Pause Mark End                                0.000 / 0.000         0.017 / 0.020         0.017 / 0.020         0.017 / 0.020       ms
[2023-11-12T20:16:03.885+0800][gc,stats    ]       Phase: Pause Mark Start                              0.000 / 0.000         0.102 / 0.195         0.102 / 0.195         0.102 / 0.195       ms
[2023-11-12T20:16:03.885+0800][gc,stats    ]       Phase: Pause Relocate Start                          0.000 / 0.000         0.012 / 0.013         0.012 / 0.013         0.012 / 0.013       ms
[2023-11-12T20:16:03.885+0800][gc,stats    ]    Subphase: Concurrent Classes Purge                      0.000 / 0.000         0.065 / 0.066         0.065 / 0.066         0.065 / 0.066       ms
[2023-11-12T20:16:03.885+0800][gc,stats    ]    Subphase: Concurrent Classes Unlink                     0.000 / 0.000         1.307 / 1.369         1.307 / 1.369         1.307 / 1.369       ms
[2023-11-12T20:16:03.885+0800][gc,stats    ]    Subphase: Concurrent Mark                               0.000 / 0.000        21.516 / 25.107       21.516 / 25.107       21.516 / 25.107      ms
[2023-11-12T20:16:03.885+0800][gc,stats    ]    Subphase: Concurrent Mark Try Flush                     0.000 / 0.000         0.198 / 1.014         0.198 / 1.014         0.198 / 1.014       ms
[2023-11-12T20:16:03.885+0800][gc,stats    ]    Subphase: Concurrent Mark Try Terminate                 0.000 / 0.000         7.711 / 13.370        7.711 / 13.370        7.711 / 13.370      ms
[2023-11-12T20:16:03.885+0800][gc,stats    ]    Subphase: Concurrent References Enqueue                 0.000 / 0.000         0.004 / 0.004         0.004 / 0.004         0.004 / 0.004       ms
[2023-11-12T20:16:03.885+0800][gc,stats    ]    Subphase: Concurrent References Process                 0.000 / 0.000         0.088 / 0.091         0.088 / 0.091         0.088 / 0.091       ms
[2023-11-12T20:16:03.885+0800][gc,stats    ]    Subphase: Concurrent Roots ClassLoaderDataGraph         0.000 / 0.000         0.224 / 1.141         0.224 / 1.141         0.224 / 1.141       ms
[2023-11-12T20:16:03.885+0800][gc,stats    ]    Subphase: Concurrent Roots CodeCache                    0.000 / 0.000         0.000 / 0.000         0.000 / 0.000         0.000 / 0.000       ms
[2023-11-12T20:16:03.885+0800][gc,stats    ]    Subphase: Concurrent Roots JavaThreads                  0.000 / 0.000         1.318 / 1.908         1.318 / 1.908         1.318 / 1.908       ms
[2023-11-12T20:16:03.885+0800][gc,stats    ]    Subphase: Concurrent Roots OopStorageSet                0.000 / 0.000         0.117 / 0.285         0.117 / 0.285         0.117 / 0.285       ms
[2023-11-12T20:16:03.885+0800][gc,stats    ]    Subphase: Concurrent Weak Roots OopStorageSet           0.000 / 0.000         0.376 / 0.512         0.376 / 0.512         0.376 / 0.512       ms
[2023-11-12T20:16:03.885+0800][gc,stats    ]    Subphase: Pause Mark Try Complete                       0.000 / 0.000         0.000 / 0.000         0.000 / 0.000         0.000 / 0.000       ms
[2023-11-12T20:16:03.885+0800][gc,stats    ]      System: Java Threads                                      0 / 0                38 / 52               38 / 52               38 / 52          threads
[2023-11-12T20:16:03.885+0800][gc,stats    ] =========================================================================================================================================================
[2023-11-12T20:16:13.879+0800][gc,stats    ] === Garbage Collection Statistics =======================================================================================================================
[2023-11-12T20:16:13.879+0800][gc,stats    ]                                                              Last 10s              Last 10m              Last 10h                Total
[2023-11-12T20:16:13.879+0800][gc,stats    ]                                                              Avg / Max             Avg / Max             Avg / Max             Avg / Max
[2023-11-12T20:16:13.879+0800][gc,stats    ]   Collector: Garbage Collection Cycle                      0.000 / 0.000        50.665 / 66.843       50.665 / 66.843       50.665 / 66.843      ms
[2023-11-12T20:16:13.879+0800][gc,stats    ]  Contention: Mark Segment Reset Contention                     0 / 0                 0 / 9                 0 / 9                 0 / 9           ops/s
[2023-11-12T20:16:13.879+0800][gc,stats    ]  Contention: Mark SeqNum Reset Contention                      0 / 0                 0 / 1                 0 / 1                 0 / 1           ops/s
[2023-11-12T20:16:13.879+0800][gc,stats    ]    Critical: Allocation Stall                                  0 / 0                 0 / 0                 0 / 0                 0 / 0           ops/s
[2023-11-12T20:16:13.879+0800][gc,stats    ]    Critical: Allocation Stall                              0.000 / 0.000         0.000 / 0.000         0.000 / 0.000         0.000 / 0.000       ms
[2023-11-12T20:16:13.879+0800][gc,stats    ]    Critical: GC Locker Stall                                   0 / 0                 0 / 0                 0 / 0                 0 / 0           ops/s
[2023-11-12T20:16:13.879+0800][gc,stats    ]    Critical: GC Locker Stall                               0.000 / 0.000         0.000 / 0.000         0.000 / 0.000         0.000 / 0.000       ms
[2023-11-12T20:16:13.879+0800][gc,stats    ]    Critical: Relocation Stall                                  0 / 0                 0 / 0                 0 / 0                 0 / 0           ops/s
[2023-11-12T20:16:13.879+0800][gc,stats    ]    Critical: Relocation Stall                              0.000 / 0.000         0.000 / 0.000         0.000 / 0.000         0.000 / 0.000       ms
[2023-11-12T20:16:13.879+0800][gc,stats    ]      Memory: Allocation Rate                                   0 / 0                 1 / 66                1 / 66                1 / 66          MB/s
[2023-11-12T20:16:13.879+0800][gc,stats    ]      Memory: Defragment                                        0 / 0                 0 / 0                 0 / 0                 0 / 0           ops/s
[2023-11-12T20:16:13.879+0800][gc,stats    ]      Memory: Out Of Memory                                     0 / 0                 0 / 0                 0 / 0                 0 / 0           ops/s
[2023-11-12T20:16:13.879+0800][gc,stats    ]      Memory: Page Cache Flush                                  0 / 0                 0 / 0                 0 / 0                 0 / 0           MB/s
[2023-11-12T20:16:13.879+0800][gc,stats    ]      Memory: Page Cache Hit L1                                 0 / 0                 0 / 32                0 / 32                0 / 32          ops/s
[2023-11-12T20:16:13.879+0800][gc,stats    ]      Memory: Page Cache Hit L2                                 0 / 0                 0 / 0                 0 / 0                 0 / 0           ops/s
[2023-11-12T20:16:13.879+0800][gc,stats    ]      Memory: Page Cache Hit L3                                 0 / 0                 0 / 33                0 / 33                0 / 33          ops/s
[2023-11-12T20:16:13.879+0800][gc,stats    ]      Memory: Page Cache Miss                                   0 / 0                 0 / 1                 0 / 1                 0 / 1           ops/s
[2023-11-12T20:16:13.879+0800][gc,stats    ]      Memory: Uncommit                                          0 / 0                 0 / 0                 0 / 0                 0 / 0           MB/s
[2023-11-12T20:16:13.879+0800][gc,stats    ]      Memory: Undo Object Allocation Failed                     0 / 0                 0 / 0                 0 / 0                 0 / 0           ops/s
[2023-11-12T20:16:13.879+0800][gc,stats    ]      Memory: Undo Object Allocation Succeeded                  0 / 0                 0 / 0                 0 / 0                 0 / 0           ops/s
[2023-11-12T20:16:13.879+0800][gc,stats    ]      Memory: Undo Page Allocation                              0 / 0                 0 / 0                 0 / 0                 0 / 0           ops/s
[2023-11-12T20:16:13.879+0800][gc,stats    ]       Phase: Concurrent Mark                               0.000 / 0.000        26.305 / 27.135       26.305 / 27.135       26.305 / 27.135      ms
[2023-11-12T20:16:13.879+0800][gc,stats    ]       Phase: Concurrent Mark Continue                      0.000 / 0.000         0.000 / 0.000         0.000 / 0.000         0.000 / 0.000       ms
[2023-11-12T20:16:13.879+0800][gc,stats    ]       Phase: Concurrent Mark Free                          0.000 / 0.000         0.001 / 0.001         0.001 / 0.001         0.001 / 0.001       ms
[2023-11-12T20:16:13.879+0800][gc,stats    ]       Phase: Concurrent Process Non-Strong References      0.000 / 0.000         1.929 / 2.001         1.929 / 2.001         1.929 / 2.001       ms
[2023-11-12T20:16:13.879+0800][gc,stats    ]       Phase: Concurrent Relocate                           0.000 / 0.000         3.090 / 3.413         3.090 / 3.413         3.090 / 3.413       ms
[2023-11-12T20:16:13.879+0800][gc,stats    ]       Phase: Concurrent Reset Relocation Set               0.000 / 0.000         0.002 / 0.004         0.002 / 0.004         0.002 / 0.004       ms
[2023-11-12T20:16:13.879+0800][gc,stats    ]       Phase: Concurrent Select Relocation Set              0.000 / 0.000        18.052 / 34.722       18.052 / 34.722       18.052 / 34.722      ms
[2023-11-12T20:16:13.879+0800][gc,stats    ]       Phase: Pause Mark End                                0.000 / 0.000         0.017 / 0.020         0.017 / 0.020         0.017 / 0.020       ms
[2023-11-12T20:16:13.879+0800][gc,stats    ]       Phase: Pause Mark Start                              0.000 / 0.000         0.102 / 0.195         0.102 / 0.195         0.102 / 0.195       ms
[2023-11-12T20:16:13.879+0800][gc,stats    ]       Phase: Pause Relocate Start                          0.000 / 0.000         0.012 / 0.013         0.012 / 0.013         0.012 / 0.013       ms
[2023-11-12T20:16:13.879+0800][gc,stats    ]    Subphase: Concurrent Classes Purge                      0.000 / 0.000         0.065 / 0.066         0.065 / 0.066         0.065 / 0.066       ms
[2023-11-12T20:16:13.879+0800][gc,stats    ]    Subphase: Concurrent Classes Unlink                     0.000 / 0.000         1.307 / 1.369         1.307 / 1.369         1.307 / 1.369       ms
[2023-11-12T20:16:13.879+0800][gc,stats    ]    Subphase: Concurrent Mark                               0.000 / 0.000        21.516 / 25.107       21.516 / 25.107       21.516 / 25.107      ms
[2023-11-12T20:16:13.879+0800][gc,stats    ]    Subphase: Concurrent Mark Try Flush                     0.000 / 0.000         0.198 / 1.014         0.198 / 1.014         0.198 / 1.014       ms
[2023-11-12T20:16:13.879+0800][gc,stats    ]    Subphase: Concurrent Mark Try Terminate                 0.000 / 0.000         7.711 / 13.370        7.711 / 13.370        7.711 / 13.370      ms
[2023-11-12T20:16:13.879+0800][gc,stats    ]    Subphase: Concurrent References Enqueue                 0.000 / 0.000         0.004 / 0.004         0.004 / 0.004         0.004 / 0.004       ms
[2023-11-12T20:16:13.879+0800][gc,stats    ]    Subphase: Concurrent References Process                 0.000 / 0.000         0.088 / 0.091         0.088 / 0.091         0.088 / 0.091       ms
[2023-11-12T20:16:13.879+0800][gc,stats    ]    Subphase: Concurrent Roots ClassLoaderDataGraph         0.000 / 0.000         0.224 / 1.141         0.224 / 1.141         0.224 / 1.141       ms
[2023-11-12T20:16:13.879+0800][gc,stats    ]    Subphase: Concurrent Roots CodeCache                    0.000 / 0.000         0.000 / 0.000         0.000 / 0.000         0.000 / 0.000       ms
[2023-11-12T20:16:13.879+0800][gc,stats    ]    Subphase: Concurrent Roots JavaThreads                  0.000 / 0.000         1.318 / 1.908         1.318 / 1.908         1.318 / 1.908       ms
[2023-11-12T20:16:13.879+0800][gc,stats    ]    Subphase: Concurrent Roots OopStorageSet                0.000 / 0.000         0.117 / 0.285         0.117 / 0.285         0.117 / 0.285       ms
[2023-11-12T20:16:13.879+0800][gc,stats    ]    Subphase: Concurrent Weak Roots OopStorageSet           0.000 / 0.000         0.376 / 0.512         0.376 / 0.512         0.376 / 0.512       ms
[2023-11-12T20:16:13.880+0800][gc,stats    ]    Subphase: Pause Mark Try Complete                       0.000 / 0.000         0.000 / 0.000         0.000 / 0.000         0.000 / 0.000       ms
[2023-11-12T20:16:13.880+0800][gc,stats    ]      System: Java Threads                                      0 / 0                38 / 52               38 / 52               38 / 52          threads
[2023-11-12T20:16:13.880+0800][gc,stats    ] =========================================================================================================================================================
[2023-11-12T20:16:23.878+0800][gc,stats    ] === Garbage Collection Statistics =======================================================================================================================
[2023-11-12T20:16:23.878+0800][gc,stats    ]                                                              Last 10s              Last 10m              Last 10h                Total
[2023-11-12T20:16:23.878+0800][gc,stats    ]                                                              Avg / Max             Avg / Max             Avg / Max             Avg / Max
[2023-11-12T20:16:23.878+0800][gc,stats    ]   Collector: Garbage Collection Cycle                      0.000 / 0.000        50.665 / 66.843       50.665 / 66.843       50.665 / 66.843      ms
[2023-11-12T20:16:23.878+0800][gc,stats    ]  Contention: Mark Segment Reset Contention                     0 / 0                 0 / 9                 0 / 9                 0 / 9           ops/s
[2023-11-12T20:16:23.878+0800][gc,stats    ]  Contention: Mark SeqNum Reset Contention                      0 / 0                 0 / 1                 0 / 1                 0 / 1           ops/s
[2023-11-12T20:16:23.878+0800][gc,stats    ]    Critical: Allocation Stall                                  0 / 0                 0 / 0                 0 / 0                 0 / 0           ops/s
[2023-11-12T20:16:23.878+0800][gc,stats    ]    Critical: Allocation Stall                              0.000 / 0.000         0.000 / 0.000         0.000 / 0.000         0.000 / 0.000       ms
[2023-11-12T20:16:23.878+0800][gc,stats    ]    Critical: GC Locker Stall                                   0 / 0                 0 / 0                 0 / 0                 0 / 0           ops/s
[2023-11-12T20:16:23.878+0800][gc,stats    ]    Critical: GC Locker Stall                               0.000 / 0.000         0.000 / 0.000         0.000 / 0.000         0.000 / 0.000       ms
[2023-11-12T20:16:23.878+0800][gc,stats    ]    Critical: Relocation Stall                                  0 / 0                 0 / 0                 0 / 0                 0 / 0           ops/s
[2023-11-12T20:16:23.878+0800][gc,stats    ]    Critical: Relocation Stall                              0.000 / 0.000         0.000 / 0.000         0.000 / 0.000         0.000 / 0.000       ms
[2023-11-12T20:16:23.878+0800][gc,stats    ]      Memory: Allocation Rate                                   0 / 0                 1 / 66                1 / 66                1 / 66          MB/s
[2023-11-12T20:16:23.878+0800][gc,stats    ]      Memory: Defragment                                        0 / 0                 0 / 0                 0 / 0                 0 / 0           ops/s
[2023-11-12T20:16:23.878+0800][gc,stats    ]      Memory: Out Of Memory                                     0 / 0                 0 / 0                 0 / 0                 0 / 0           ops/s
[2023-11-12T20:16:23.878+0800][gc,stats    ]      Memory: Page Cache Flush                                  0 / 0                 0 / 0                 0 / 0                 0 / 0           MB/s
[2023-11-12T20:16:23.878+0800][gc,stats    ]      Memory: Page Cache Hit L1                                 0 / 0                 0 / 32                0 / 32                0 / 32          ops/s
[2023-11-12T20:16:23.878+0800][gc,stats    ]      Memory: Page Cache Hit L2                                 0 / 0                 0 / 0                 0 / 0                 0 / 0           ops/s
[2023-11-12T20:16:23.878+0800][gc,stats    ]      Memory: Page Cache Hit L3                                 0 / 0                 0 / 33                0 / 33                0 / 33          ops/s
[2023-11-12T20:16:23.878+0800][gc,stats    ]      Memory: Page Cache Miss                                   0 / 0                 0 / 1                 0 / 1                 0 / 1           ops/s
[2023-11-12T20:16:23.878+0800][gc,stats    ]      Memory: Uncommit                                          0 / 0                 0 / 0                 0 / 0                 0 / 0           MB/s
[2023-11-12T20:16:23.878+0800][gc,stats    ]      Memory: Undo Object Allocation Failed                     0 / 0                 0 / 0                 0 / 0                 0 / 0           ops/s
[2023-11-12T20:16:23.878+0800][gc,stats    ]      Memory: Undo Object Allocation Succeeded                  0 / 0                 0 / 0                 0 / 0                 0 / 0           ops/s
[2023-11-12T20:16:23.878+0800][gc,stats    ]      Memory: Undo Page Allocation                              0 / 0                 0 / 0                 0 / 0                 0 / 0           ops/s
[2023-11-12T20:16:23.878+0800][gc,stats    ]       Phase: Concurrent Mark                               0.000 / 0.000        26.305 / 27.135       26.305 / 27.135       26.305 / 27.135      ms
[2023-11-12T20:16:23.878+0800][gc,stats    ]       Phase: Concurrent Mark Continue                      0.000 / 0.000         0.000 / 0.000         0.000 / 0.000         0.000 / 0.000       ms
[2023-11-12T20:16:23.878+0800][gc,stats    ]       Phase: Concurrent Mark Free                          0.000 / 0.000         0.001 / 0.001         0.001 / 0.001         0.001 / 0.001       ms
[2023-11-12T20:16:23.878+0800][gc,stats    ]       Phase: Concurrent Process Non-Strong References      0.000 / 0.000         1.929 / 2.001         1.929 / 2.001         1.929 / 2.001       ms
[2023-11-12T20:16:23.878+0800][gc,stats    ]       Phase: Concurrent Relocate                           0.000 / 0.000         3.090 / 3.413         3.090 / 3.413         3.090 / 3.413       ms
[2023-11-12T20:16:23.878+0800][gc,stats    ]       Phase: Concurrent Reset Relocation Set               0.000 / 0.000         0.002 / 0.004         0.002 / 0.004         0.002 / 0.004       ms
[2023-11-12T20:16:23.878+0800][gc,stats    ]       Phase: Concurrent Select Relocation Set              0.000 / 0.000        18.052 / 34.722       18.052 / 34.722       18.052 / 34.722      ms
[2023-11-12T20:16:23.878+0800][gc,stats    ]       Phase: Pause Mark End                                0.000 / 0.000         0.017 / 0.020         0.017 / 0.020         0.017 / 0.020       ms
[2023-11-12T20:16:23.878+0800][gc,stats    ]       Phase: Pause Mark Start                              0.000 / 0.000         0.102 / 0.195         0.102 / 0.195         0.102 / 0.195       ms
[2023-11-12T20:16:23.878+0800][gc,stats    ]       Phase: Pause Relocate Start                          0.000 / 0.000         0.012 / 0.013         0.012 / 0.013         0.012 / 0.013       ms
[2023-11-12T20:16:23.878+0800][gc,stats    ]    Subphase: Concurrent Classes Purge                      0.000 / 0.000         0.065 / 0.066         0.065 / 0.066         0.065 / 0.066       ms
[2023-11-12T20:16:23.878+0800][gc,stats    ]    Subphase: Concurrent Classes Unlink                     0.000 / 0.000         1.307 / 1.369         1.307 / 1.369         1.307 / 1.369       ms
[2023-11-12T20:16:23.878+0800][gc,stats    ]    Subphase: Concurrent Mark                               0.000 / 0.000        21.516 / 25.107       21.516 / 25.107       21.516 / 25.107      ms
[2023-11-12T20:16:23.878+0800][gc,stats    ]    Subphase: Concurrent Mark Try Flush                     0.000 / 0.000         0.198 / 1.014         0.198 / 1.014         0.198 / 1.014       ms
[2023-11-12T20:16:23.878+0800][gc,stats    ]    Subphase: Concurrent Mark Try Terminate                 0.000 / 0.000         7.711 / 13.370        7.711 / 13.370        7.711 / 13.370      ms
[2023-11-12T20:16:23.878+0800][gc,stats    ]    Subphase: Concurrent References Enqueue                 0.000 / 0.000         0.004 / 0.004         0.004 / 0.004         0.004 / 0.004       ms
[2023-11-12T20:16:23.878+0800][gc,stats    ]    Subphase: Concurrent References Process                 0.000 / 0.000         0.088 / 0.091         0.088 / 0.091         0.088 / 0.091       ms
[2023-11-12T20:16:23.878+0800][gc,stats    ]    Subphase: Concurrent Roots ClassLoaderDataGraph         0.000 / 0.000         0.224 / 1.141         0.224 / 1.141         0.224 / 1.141       ms
[2023-11-12T20:16:23.878+0800][gc,stats    ]    Subphase: Concurrent Roots CodeCache                    0.000 / 0.000         0.000 / 0.000         0.000 / 0.000         0.000 / 0.000       ms
[2023-11-12T20:16:23.878+0800][gc,stats    ]    Subphase: Concurrent Roots JavaThreads                  0.000 / 0.000         1.318 / 1.908         1.318 / 1.908         1.318 / 1.908       ms
[2023-11-12T20:16:23.878+0800][gc,stats    ]    Subphase: Concurrent Roots OopStorageSet                0.000 / 0.000         0.117 / 0.285         0.117 / 0.285         0.117 / 0.285       ms
[2023-11-12T20:16:23.878+0800][gc,stats    ]    Subphase: Concurrent Weak Roots OopStorageSet           0.000 / 0.000         0.376 / 0.512         0.376 / 0.512         0.376 / 0.512       ms
[2023-11-12T20:16:23.878+0800][gc,stats    ]    Subphase: Pause Mark Try Complete                       0.000 / 0.000         0.000 / 0.000         0.000 / 0.000         0.000 / 0.000       ms
[2023-11-12T20:16:23.878+0800][gc,stats    ]      System: Java Threads                                      0 / 0                38 / 52               38 / 52               38 / 52          threads
[2023-11-12T20:16:23.878+0800][gc,stats    ] =========================================================================================================================================================
[2023-11-12T20:16:33.875+0800][gc,stats    ] === Garbage Collection Statistics =======================================================================================================================
[2023-11-12T20:16:33.875+0800][gc,stats    ]                                                              Last 10s              Last 10m              Last 10h                Total
[2023-11-12T20:16:33.875+0800][gc,stats    ]                                                              Avg / Max             Avg / Max             Avg / Max             Avg / Max
[2023-11-12T20:16:33.875+0800][gc,stats    ]   Collector: Garbage Collection Cycle                      0.000 / 0.000        50.665 / 66.843       50.665 / 66.843       50.665 / 66.843      ms
[2023-11-12T20:16:33.875+0800][gc,stats    ]  Contention: Mark Segment Reset Contention                     0 / 0                 0 / 9                 0 / 9                 0 / 9           ops/s
[2023-11-12T20:16:33.875+0800][gc,stats    ]  Contention: Mark SeqNum Reset Contention                      0 / 0                 0 / 1                 0 / 1                 0 / 1           ops/s
[2023-11-12T20:16:33.875+0800][gc,stats    ]    Critical: Allocation Stall                                  0 / 0                 0 / 0                 0 / 0                 0 / 0           ops/s
[2023-11-12T20:16:33.875+0800][gc,stats    ]    Critical: Allocation Stall                              0.000 / 0.000         0.000 / 0.000         0.000 / 0.000         0.000 / 0.000       ms
[2023-11-12T20:16:33.875+0800][gc,stats    ]    Critical: GC Locker Stall                                   0 / 0                 0 / 0                 0 / 0                 0 / 0           ops/s
[2023-11-12T20:16:33.875+0800][gc,stats    ]    Critical: GC Locker Stall                               0.000 / 0.000         0.000 / 0.000         0.000 / 0.000         0.000 / 0.000       ms
[2023-11-12T20:16:33.875+0800][gc,stats    ]    Critical: Relocation Stall                                  0 / 0                 0 / 0                 0 / 0                 0 / 0           ops/s
[2023-11-12T20:16:33.875+0800][gc,stats    ]    Critical: Relocation Stall                              0.000 / 0.000         0.000 / 0.000         0.000 / 0.000         0.000 / 0.000       ms
[2023-11-12T20:16:33.875+0800][gc,stats    ]      Memory: Allocation Rate                                   0 / 0                 1 / 66                1 / 66                1 / 66          MB/s
[2023-11-12T20:16:33.875+0800][gc,stats    ]      Memory: Defragment                                        0 / 0                 0 / 0                 0 / 0                 0 / 0           ops/s
[2023-11-12T20:16:33.875+0800][gc,stats    ]      Memory: Out Of Memory                                     0 / 0                 0 / 0                 0 / 0                 0 / 0           ops/s
[2023-11-12T20:16:33.875+0800][gc,stats    ]      Memory: Page Cache Flush                                  0 / 0                 0 / 0                 0 / 0                 0 / 0           MB/s
[2023-11-12T20:16:33.875+0800][gc,stats    ]      Memory: Page Cache Hit L1                                 0 / 0                 0 / 32                0 / 32                0 / 32          ops/s
[2023-11-12T20:16:33.875+0800][gc,stats    ]      Memory: Page Cache Hit L2                                 0 / 0                 0 / 0                 0 / 0                 0 / 0           ops/s
[2023-11-12T20:16:33.875+0800][gc,stats    ]      Memory: Page Cache Hit L3                                 0 / 0                 0 / 33                0 / 33                0 / 33          ops/s
[2023-11-12T20:16:33.875+0800][gc,stats    ]      Memory: Page Cache Miss                                   0 / 0                 0 / 1                 0 / 1                 0 / 1           ops/s
[2023-11-12T20:16:33.875+0800][gc,stats    ]      Memory: Uncommit                                          0 / 0                 0 / 0                 0 / 0                 0 / 0           MB/s
[2023-11-12T20:16:33.875+0800][gc,stats    ]      Memory: Undo Object Allocation Failed                     0 / 0                 0 / 0                 0 / 0                 0 / 0           ops/s
[2023-11-12T20:16:33.875+0800][gc,stats    ]      Memory: Undo Object Allocation Succeeded                  0 / 0                 0 / 0                 0 / 0                 0 / 0           ops/s
[2023-11-12T20:16:33.875+0800][gc,stats    ]      Memory: Undo Page Allocation                              0 / 0                 0 / 0                 0 / 0                 0 / 0           ops/s
[2023-11-12T20:16:33.875+0800][gc,stats    ]       Phase: Concurrent Mark                               0.000 / 0.000        26.305 / 27.135       26.305 / 27.135       26.305 / 27.135      ms
[2023-11-12T20:16:33.875+0800][gc,stats    ]       Phase: Concurrent Mark Continue                      0.000 / 0.000         0.000 / 0.000         0.000 / 0.000         0.000 / 0.000       ms
[2023-11-12T20:16:33.875+0800][gc,stats    ]       Phase: Concurrent Mark Free                          0.000 / 0.000         0.001 / 0.001         0.001 / 0.001         0.001 / 0.001       ms
[2023-11-12T20:16:33.875+0800][gc,stats    ]       Phase: Concurrent Process Non-Strong References      0.000 / 0.000         1.929 / 2.001         1.929 / 2.001         1.929 / 2.001       ms
[2023-11-12T20:16:33.875+0800][gc,stats    ]       Phase: Concurrent Relocate                           0.000 / 0.000         3.090 / 3.413         3.090 / 3.413         3.090 / 3.413       ms
[2023-11-12T20:16:33.875+0800][gc,stats    ]       Phase: Concurrent Reset Relocation Set               0.000 / 0.000         0.002 / 0.004         0.002 / 0.004         0.002 / 0.004       ms
[2023-11-12T20:16:33.875+0800][gc,stats    ]       Phase: Concurrent Select Relocation Set              0.000 / 0.000        18.052 / 34.722       18.052 / 34.722       18.052 / 34.722      ms
[2023-11-12T20:16:33.875+0800][gc,stats    ]       Phase: Pause Mark End                                0.000 / 0.000         0.017 / 0.020         0.017 / 0.020         0.017 / 0.020       ms
[2023-11-12T20:16:33.875+0800][gc,stats    ]       Phase: Pause Mark Start                              0.000 / 0.000         0.102 / 0.195         0.102 / 0.195         0.102 / 0.195       ms
[2023-11-12T20:16:33.875+0800][gc,stats    ]       Phase: Pause Relocate Start                          0.000 / 0.000         0.012 / 0.013         0.012 / 0.013         0.012 / 0.013       ms
[2023-11-12T20:16:33.875+0800][gc,stats    ]    Subphase: Concurrent Classes Purge                      0.000 / 0.000         0.065 / 0.066         0.065 / 0.066         0.065 / 0.066       ms
[2023-11-12T20:16:33.875+0800][gc,stats    ]    Subphase: Concurrent Classes Unlink                     0.000 / 0.000         1.307 / 1.369         1.307 / 1.369         1.307 / 1.369       ms
[2023-11-12T20:16:33.875+0800][gc,stats    ]    Subphase: Concurrent Mark                               0.000 / 0.000        21.516 / 25.107       21.516 / 25.107       21.516 / 25.107      ms
[2023-11-12T20:16:33.875+0800][gc,stats    ]    Subphase: Concurrent Mark Try Flush                     0.000 / 0.000         0.198 / 1.014         0.198 / 1.014         0.198 / 1.014       ms
[2023-11-12T20:16:33.875+0800][gc,stats    ]    Subphase: Concurrent Mark Try Terminate                 0.000 / 0.000         7.711 / 13.370        7.711 / 13.370        7.711 / 13.370      ms
[2023-11-12T20:16:33.875+0800][gc,stats    ]    Subphase: Concurrent References Enqueue                 0.000 / 0.000         0.004 / 0.004         0.004 / 0.004         0.004 / 0.004       ms
[2023-11-12T20:16:33.875+0800][gc,stats    ]    Subphase: Concurrent References Process                 0.000 / 0.000         0.088 / 0.091         0.088 / 0.091         0.088 / 0.091       ms
[2023-11-12T20:16:33.875+0800][gc,stats    ]    Subphase: Concurrent Roots ClassLoaderDataGraph         0.000 / 0.000         0.224 / 1.141         0.224 / 1.141         0.224 / 1.141       ms
[2023-11-12T20:16:33.875+0800][gc,stats    ]    Subphase: Concurrent Roots CodeCache                    0.000 / 0.000         0.000 / 0.000         0.000 / 0.000         0.000 / 0.000       ms
[2023-11-12T20:16:33.875+0800][gc,stats    ]    Subphase: Concurrent Roots JavaThreads                  0.000 / 0.000         1.318 / 1.908         1.318 / 1.908         1.318 / 1.908       ms
[2023-11-12T20:16:33.875+0800][gc,stats    ]    Subphase: Concurrent Roots OopStorageSet                0.000 / 0.000         0.117 / 0.285         0.117 / 0.285         0.117 / 0.285       ms
[2023-11-12T20:16:33.875+0800][gc,stats    ]    Subphase: Concurrent Weak Roots OopStorageSet           0.000 / 0.000         0.376 / 0.512         0.376 / 0.512         0.376 / 0.512       ms
[2023-11-12T20:16:33.875+0800][gc,stats    ]    Subphase: Pause Mark Try Complete                       0.000 / 0.000         0.000 / 0.000         0.000 / 0.000         0.000 / 0.000       ms
[2023-11-12T20:16:33.875+0800][gc,stats    ]      System: Java Threads                                      0 / 0                38 / 52               38 / 52               38 / 52          threads
[2023-11-12T20:16:33.875+0800][gc,stats    ] =========================================================================================================================================================
[2023-11-12T20:16:43.881+0800][gc,stats    ] === Garbage Collection Statistics =======================================================================================================================
[2023-11-12T20:16:43.881+0800][gc,stats    ]                                                              Last 10s              Last 10m              Last 10h                Total
[2023-11-12T20:16:43.881+0800][gc,stats    ]                                                              Avg / Max             Avg / Max             Avg / Max             Avg / Max
[2023-11-12T20:16:43.881+0800][gc,stats    ]   Collector: Garbage Collection Cycle                      0.000 / 0.000        50.665 / 66.843       50.665 / 66.843       50.665 / 66.843      ms
[2023-11-12T20:16:43.881+0800][gc,stats    ]  Contention: Mark Segment Reset Contention                     0 / 0                 0 / 9                 0 / 9                 0 / 9           ops/s
[2023-11-12T20:16:43.881+0800][gc,stats    ]  Contention: Mark SeqNum Reset Contention                      0 / 0                 0 / 1                 0 / 1                 0 / 1           ops/s
[2023-11-12T20:16:43.881+0800][gc,stats    ]    Critical: Allocation Stall                                  0 / 0                 0 / 0                 0 / 0                 0 / 0           ops/s
[2023-11-12T20:16:43.881+0800][gc,stats    ]    Critical: Allocation Stall                              0.000 / 0.000         0.000 / 0.000         0.000 / 0.000         0.000 / 0.000       ms
[2023-11-12T20:16:43.881+0800][gc,stats    ]    Critical: GC Locker Stall                                   0 / 0                 0 / 0                 0 / 0                 0 / 0           ops/s
[2023-11-12T20:16:43.881+0800][gc,stats    ]    Critical: GC Locker Stall                               0.000 / 0.000         0.000 / 0.000         0.000 / 0.000         0.000 / 0.000       ms
[2023-11-12T20:16:43.881+0800][gc,stats    ]    Critical: Relocation Stall                                  0 / 0                 0 / 0                 0 / 0                 0 / 0           ops/s
[2023-11-12T20:16:43.881+0800][gc,stats    ]    Critical: Relocation Stall                              0.000 / 0.000         0.000 / 0.000         0.000 / 0.000         0.000 / 0.000       ms
[2023-11-12T20:16:43.881+0800][gc,stats    ]      Memory: Allocation Rate                                   0 / 0                 1 / 66                1 / 66                1 / 66          MB/s
[2023-11-12T20:16:43.881+0800][gc,stats    ]      Memory: Defragment                                        0 / 0                 0 / 0                 0 / 0                 0 / 0           ops/s
[2023-11-12T20:16:43.881+0800][gc,stats    ]      Memory: Out Of Memory                                     0 / 0                 0 / 0                 0 / 0                 0 / 0           ops/s
[2023-11-12T20:16:43.881+0800][gc,stats    ]      Memory: Page Cache Flush                                  0 / 0                 0 / 0                 0 / 0                 0 / 0           MB/s
[2023-11-12T20:16:43.881+0800][gc,stats    ]      Memory: Page Cache Hit L1                                 0 / 0                 0 / 32                0 / 32                0 / 32          ops/s
[2023-11-12T20:16:43.881+0800][gc,stats    ]      Memory: Page Cache Hit L2                                 0 / 0                 0 / 0                 0 / 0                 0 / 0           ops/s
[2023-11-12T20:16:43.881+0800][gc,stats    ]      Memory: Page Cache Hit L3                                 0 / 0                 0 / 33                0 / 33                0 / 33          ops/s
[2023-11-12T20:16:43.881+0800][gc,stats    ]      Memory: Page Cache Miss                                   0 / 0                 0 / 1                 0 / 1                 0 / 1           ops/s
[2023-11-12T20:16:43.881+0800][gc,stats    ]      Memory: Uncommit                                          0 / 0                 0 / 0                 0 / 0                 0 / 0           MB/s
[2023-11-12T20:16:43.881+0800][gc,stats    ]      Memory: Undo Object Allocation Failed                     0 / 0                 0 / 0                 0 / 0                 0 / 0           ops/s
[2023-11-12T20:16:43.881+0800][gc,stats    ]      Memory: Undo Object Allocation Succeeded                  0 / 0                 0 / 0                 0 / 0                 0 / 0           ops/s
[2023-11-12T20:16:43.881+0800][gc,stats    ]      Memory: Undo Page Allocation                              0 / 0                 0 / 0                 0 / 0                 0 / 0           ops/s
[2023-11-12T20:16:43.881+0800][gc,stats    ]       Phase: Concurrent Mark                               0.000 / 0.000        26.305 / 27.135       26.305 / 27.135       26.305 / 27.135      ms
[2023-11-12T20:16:43.881+0800][gc,stats    ]       Phase: Concurrent Mark Continue                      0.000 / 0.000         0.000 / 0.000         0.000 / 0.000         0.000 / 0.000       ms
[2023-11-12T20:16:43.881+0800][gc,stats    ]       Phase: Concurrent Mark Free                          0.000 / 0.000         0.001 / 0.001         0.001 / 0.001         0.001 / 0.001       ms
[2023-11-12T20:16:43.881+0800][gc,stats    ]       Phase: Concurrent Process Non-Strong References      0.000 / 0.000         1.929 / 2.001         1.929 / 2.001         1.929 / 2.001       ms
[2023-11-12T20:16:43.881+0800][gc,stats    ]       Phase: Concurrent Relocate                           0.000 / 0.000         3.090 / 3.413         3.090 / 3.413         3.090 / 3.413       ms
[2023-11-12T20:16:43.881+0800][gc,stats    ]       Phase: Concurrent Reset Relocation Set               0.000 / 0.000         0.002 / 0.004         0.002 / 0.004         0.002 / 0.004       ms
[2023-11-12T20:16:43.881+0800][gc,stats    ]       Phase: Concurrent Select Relocation Set              0.000 / 0.000        18.052 / 34.722       18.052 / 34.722       18.052 / 34.722      ms
[2023-11-12T20:16:43.881+0800][gc,stats    ]       Phase: Pause Mark End                                0.000 / 0.000         0.017 / 0.020         0.017 / 0.020         0.017 / 0.020       ms
[2023-11-12T20:16:43.881+0800][gc,stats    ]       Phase: Pause Mark Start                              0.000 / 0.000         0.102 / 0.195         0.102 / 0.195         0.102 / 0.195       ms
[2023-11-12T20:16:43.881+0800][gc,stats    ]       Phase: Pause Relocate Start                          0.000 / 0.000         0.012 / 0.013         0.012 / 0.013         0.012 / 0.013       ms
[2023-11-12T20:16:43.881+0800][gc,stats    ]    Subphase: Concurrent Classes Purge                      0.000 / 0.000         0.065 / 0.066         0.065 / 0.066         0.065 / 0.066       ms
[2023-11-12T20:16:43.881+0800][gc,stats    ]    Subphase: Concurrent Classes Unlink                     0.000 / 0.000         1.307 / 1.369         1.307 / 1.369         1.307 / 1.369       ms
[2023-11-12T20:16:43.881+0800][gc,stats    ]    Subphase: Concurrent Mark                               0.000 / 0.000        21.516 / 25.107       21.516 / 25.107       21.516 / 25.107      ms
[2023-11-12T20:16:43.881+0800][gc,stats    ]    Subphase: Concurrent Mark Try Flush                     0.000 / 0.000         0.198 / 1.014         0.198 / 1.014         0.198 / 1.014       ms
[2023-11-12T20:16:43.881+0800][gc,stats    ]    Subphase: Concurrent Mark Try Terminate                 0.000 / 0.000         7.711 / 13.370        7.711 / 13.370        7.711 / 13.370      ms
[2023-11-12T20:16:43.881+0800][gc,stats    ]    Subphase: Concurrent References Enqueue                 0.000 / 0.000         0.004 / 0.004         0.004 / 0.004         0.004 / 0.004       ms
[2023-11-12T20:16:43.881+0800][gc,stats    ]    Subphase: Concurrent References Process                 0.000 / 0.000         0.088 / 0.091         0.088 / 0.091         0.088 / 0.091       ms
[2023-11-12T20:16:43.881+0800][gc,stats    ]    Subphase: Concurrent Roots ClassLoaderDataGraph         0.000 / 0.000         0.224 / 1.141         0.224 / 1.141         0.224 / 1.141       ms
[2023-11-12T20:16:43.881+0800][gc,stats    ]    Subphase: Concurrent Roots CodeCache                    0.000 / 0.000         0.000 / 0.000         0.000 / 0.000         0.000 / 0.000       ms
[2023-11-12T20:16:43.881+0800][gc,stats    ]    Subphase: Concurrent Roots JavaThreads                  0.000 / 0.000         1.318 / 1.908         1.318 / 1.908         1.318 / 1.908       ms
[2023-11-12T20:16:43.881+0800][gc,stats    ]    Subphase: Concurrent Roots OopStorageSet                0.000 / 0.000         0.117 / 0.285         0.117 / 0.285         0.117 / 0.285       ms
[2023-11-12T20:16:43.882+0800][gc,stats    ]    Subphase: Concurrent Weak Roots OopStorageSet           0.000 / 0.000         0.376 / 0.512         0.376 / 0.512         0.376 / 0.512       ms
[2023-11-12T20:16:43.882+0800][gc,stats    ]    Subphase: Pause Mark Try Complete                       0.000 / 0.000         0.000 / 0.000         0.000 / 0.000         0.000 / 0.000       ms
[2023-11-12T20:16:43.882+0800][gc,stats    ]      System: Java Threads                                      0 / 0                38 / 52               38 / 52               38 / 52          threads
[2023-11-12T20:16:43.882+0800][gc,stats    ] =========================================================================================================================================================
[2023-11-12T20:16:53.871+0800][gc,stats    ] === Garbage Collection Statistics =======================================================================================================================
[2023-11-12T20:16:53.871+0800][gc,stats    ]                                                              Last 10s              Last 10m              Last 10h                Total
[2023-11-12T20:16:53.871+0800][gc,stats    ]                                                              Avg / Max             Avg / Max             Avg / Max             Avg / Max
[2023-11-12T20:16:53.871+0800][gc,stats    ]   Collector: Garbage Collection Cycle                      0.000 / 0.000        50.665 / 66.843       50.665 / 66.843       50.665 / 66.843      ms
[2023-11-12T20:16:53.871+0800][gc,stats    ]  Contention: Mark Segment Reset Contention                     0 / 0                 0 / 9                 0 / 9                 0 / 9           ops/s
[2023-11-12T20:16:53.871+0800][gc,stats    ]  Contention: Mark SeqNum Reset Contention                      0 / 0                 0 / 1                 0 / 1                 0 / 1           ops/s
[2023-11-12T20:16:53.871+0800][gc,stats    ]    Critical: Allocation Stall                                  0 / 0                 0 / 0                 0 / 0                 0 / 0           ops/s
[2023-11-12T20:16:53.871+0800][gc,stats    ]    Critical: Allocation Stall                              0.000 / 0.000         0.000 / 0.000         0.000 / 0.000         0.000 / 0.000       ms
[2023-11-12T20:16:53.871+0800][gc,stats    ]    Critical: GC Locker Stall                                   0 / 0                 0 / 0                 0 / 0                 0 / 0           ops/s
[2023-11-12T20:16:53.871+0800][gc,stats    ]    Critical: GC Locker Stall                               0.000 / 0.000         0.000 / 0.000         0.000 / 0.000         0.000 / 0.000       ms
[2023-11-12T20:16:53.871+0800][gc,stats    ]    Critical: Relocation Stall                                  0 / 0                 0 / 0                 0 / 0                 0 / 0           ops/s
[2023-11-12T20:16:53.871+0800][gc,stats    ]    Critical: Relocation Stall                              0.000 / 0.000         0.000 / 0.000         0.000 / 0.000         0.000 / 0.000       ms
[2023-11-12T20:16:53.871+0800][gc,stats    ]      Memory: Allocation Rate                                   0 / 0                 0 / 66                0 / 66                0 / 66          MB/s
[2023-11-12T20:16:53.871+0800][gc,stats    ]      Memory: Defragment                                        0 / 0                 0 / 0                 0 / 0                 0 / 0           ops/s
[2023-11-12T20:16:53.871+0800][gc,stats    ]      Memory: Out Of Memory                                     0 / 0                 0 / 0                 0 / 0                 0 / 0           ops/s
[2023-11-12T20:16:53.871+0800][gc,stats    ]      Memory: Page Cache Flush                                  0 / 0                 0 / 0                 0 / 0                 0 / 0           MB/s
[2023-11-12T20:16:53.871+0800][gc,stats    ]      Memory: Page Cache Hit L1                                 0 / 0                 0 / 32                0 / 32                0 / 32          ops/s
[2023-11-12T20:16:53.871+0800][gc,stats    ]      Memory: Page Cache Hit L2                                 0 / 0                 0 / 0                 0 / 0                 0 / 0           ops/s
[2023-11-12T20:16:53.871+0800][gc,stats    ]      Memory: Page Cache Hit L3                                 0 / 0                 0 / 33                0 / 33                0 / 33          ops/s
[2023-11-12T20:16:53.871+0800][gc,stats    ]      Memory: Page Cache Miss                                   0 / 0                 0 / 1                 0 / 1                 0 / 1           ops/s
[2023-11-12T20:16:53.871+0800][gc,stats    ]      Memory: Uncommit                                          0 / 0                 0 / 0                 0 / 0                 0 / 0           MB/s
[2023-11-12T20:16:53.871+0800][gc,stats    ]      Memory: Undo Object Allocation Failed                     0 / 0                 0 / 0                 0 / 0                 0 / 0           ops/s
[2023-11-12T20:16:53.871+0800][gc,stats    ]      Memory: Undo Object Allocation Succeeded                  0 / 0                 0 / 0                 0 / 0                 0 / 0           ops/s
[2023-11-12T20:16:53.871+0800][gc,stats    ]      Memory: Undo Page Allocation                              0 / 0                 0 / 0                 0 / 0                 0 / 0           ops/s
[2023-11-12T20:16:53.871+0800][gc,stats    ]       Phase: Concurrent Mark                               0.000 / 0.000        26.305 / 27.135       26.305 / 27.135       26.305 / 27.135      ms
[2023-11-12T20:16:53.871+0800][gc,stats    ]       Phase: Concurrent Mark Continue                      0.000 / 0.000         0.000 / 0.000         0.000 / 0.000         0.000 / 0.000       ms
[2023-11-12T20:16:53.871+0800][gc,stats    ]       Phase: Concurrent Mark Free                          0.000 / 0.000         0.001 / 0.001         0.001 / 0.001         0.001 / 0.001       ms
[2023-11-12T20:16:53.871+0800][gc,stats    ]       Phase: Concurrent Process Non-Strong References      0.000 / 0.000         1.929 / 2.001         1.929 / 2.001         1.929 / 2.001       ms
[2023-11-12T20:16:53.871+0800][gc,stats    ]       Phase: Concurrent Relocate                           0.000 / 0.000         3.090 / 3.413         3.090 / 3.413         3.090 / 3.413       ms
[2023-11-12T20:16:53.871+0800][gc,stats    ]       Phase: Concurrent Reset Relocation Set               0.000 / 0.000         0.002 / 0.004         0.002 / 0.004         0.002 / 0.004       ms
[2023-11-12T20:16:53.871+0800][gc,stats    ]       Phase: Concurrent Select Relocation Set              0.000 / 0.000        18.052 / 34.722       18.052 / 34.722       18.052 / 34.722      ms
[2023-11-12T20:16:53.871+0800][gc,stats    ]       Phase: Pause Mark End                                0.000 / 0.000         0.017 / 0.020         0.017 / 0.020         0.017 / 0.020       ms
[2023-11-12T20:16:53.871+0800][gc,stats    ]       Phase: Pause Mark Start                              0.000 / 0.000         0.102 / 0.195         0.102 / 0.195         0.102 / 0.195       ms
[2023-11-12T20:16:53.871+0800][gc,stats    ]       Phase: Pause Relocate Start                          0.000 / 0.000         0.012 / 0.013         0.012 / 0.013         0.012 / 0.013       ms
[2023-11-12T20:16:53.871+0800][gc,stats    ]    Subphase: Concurrent Classes Purge                      0.000 / 0.000         0.065 / 0.066         0.065 / 0.066         0.065 / 0.066       ms
[2023-11-12T20:16:53.871+0800][gc,stats    ]    Subphase: Concurrent Classes Unlink                     0.000 / 0.000         1.307 / 1.369         1.307 / 1.369         1.307 / 1.369       ms
[2023-11-12T20:16:53.871+0800][gc,stats    ]    Subphase: Concurrent Mark                               0.000 / 0.000        21.516 / 25.107       21.516 / 25.107       21.516 / 25.107      ms
[2023-11-12T20:16:53.871+0800][gc,stats    ]    Subphase: Concurrent Mark Try Flush                     0.000 / 0.000         0.198 / 1.014         0.198 / 1.014         0.198 / 1.014       ms
[2023-11-12T20:16:53.871+0800][gc,stats    ]    Subphase: Concurrent Mark Try Terminate                 0.000 / 0.000         7.711 / 13.370        7.711 / 13.370        7.711 / 13.370      ms
[2023-11-12T20:16:53.871+0800][gc,stats    ]    Subphase: Concurrent References Enqueue                 0.000 / 0.000         0.004 / 0.004         0.004 / 0.004         0.004 / 0.004       ms
[2023-11-12T20:16:53.871+0800][gc,stats    ]    Subphase: Concurrent References Process                 0.000 / 0.000         0.088 / 0.091         0.088 / 0.091         0.088 / 0.091       ms
[2023-11-12T20:16:53.871+0800][gc,stats    ]    Subphase: Concurrent Roots ClassLoaderDataGraph         0.000 / 0.000         0.224 / 1.141         0.224 / 1.141         0.224 / 1.141       ms
[2023-11-12T20:16:53.871+0800][gc,stats    ]    Subphase: Concurrent Roots CodeCache                    0.000 / 0.000         0.000 / 0.000         0.000 / 0.000         0.000 / 0.000       ms
[2023-11-12T20:16:53.871+0800][gc,stats    ]    Subphase: Concurrent Roots JavaThreads                  0.000 / 0.000         1.318 / 1.908         1.318 / 1.908         1.318 / 1.908       ms
[2023-11-12T20:16:53.871+0800][gc,stats    ]    Subphase: Concurrent Roots OopStorageSet                0.000 / 0.000         0.117 / 0.285         0.117 / 0.285         0.117 / 0.285       ms
[2023-11-12T20:16:53.871+0800][gc,stats    ]    Subphase: Concurrent Weak Roots OopStorageSet           0.000 / 0.000         0.376 / 0.512         0.376 / 0.512         0.376 / 0.512       ms
[2023-11-12T20:16:53.871+0800][gc,stats    ]    Subphase: Pause Mark Try Complete                       0.000 / 0.000         0.000 / 0.000         0.000 / 0.000         0.000 / 0.000       ms
[2023-11-12T20:16:53.871+0800][gc,stats    ]      System: Java Threads                                      0 / 0                38 / 52               38 / 52               38 / 52          threads
[2023-11-12T20:16:53.871+0800][gc,stats    ] =========================================================================================================================================================
[2023-11-12T20:17:03.877+0800][gc,stats    ] === Garbage Collection Statistics =======================================================================================================================
[2023-11-12T20:17:03.877+0800][gc,stats    ]                                                              Last 10s              Last 10m              Last 10h                Total
[2023-11-12T20:17:03.877+0800][gc,stats    ]                                                              Avg / Max             Avg / Max             Avg / Max             Avg / Max
[2023-11-12T20:17:03.877+0800][gc,stats    ]   Collector: Garbage Collection Cycle                      0.000 / 0.000        50.665 / 66.843       50.665 / 66.843       50.665 / 66.843      ms
[2023-11-12T20:17:03.877+0800][gc,stats    ]  Contention: Mark Segment Reset Contention                     0 / 0                 0 / 9                 0 / 9                 0 / 9           ops/s
[2023-11-12T20:17:03.877+0800][gc,stats    ]  Contention: Mark SeqNum Reset Contention                      0 / 0                 0 / 1                 0 / 1                 0 / 1           ops/s
[2023-11-12T20:17:03.877+0800][gc,stats    ]    Critical: Allocation Stall                                  0 / 0                 0 / 0                 0 / 0                 0 / 0           ops/s
[2023-11-12T20:17:03.877+0800][gc,stats    ]    Critical: Allocation Stall                              0.000 / 0.000         0.000 / 0.000         0.000 / 0.000         0.000 / 0.000       ms
[2023-11-12T20:17:03.877+0800][gc,stats    ]    Critical: GC Locker Stall                                   0 / 0                 0 / 0                 0 / 0                 0 / 0           ops/s
[2023-11-12T20:17:03.877+0800][gc,stats    ]    Critical: GC Locker Stall                               0.000 / 0.000         0.000 / 0.000         0.000 / 0.000         0.000 / 0.000       ms
[2023-11-12T20:17:03.877+0800][gc,stats    ]    Critical: Relocation Stall                                  0 / 0                 0 / 0                 0 / 0                 0 / 0           ops/s
[2023-11-12T20:17:03.877+0800][gc,stats    ]    Critical: Relocation Stall                              0.000 / 0.000         0.000 / 0.000         0.000 / 0.000         0.000 / 0.000       ms
[2023-11-12T20:17:03.877+0800][gc,stats    ]      Memory: Allocation Rate                                   0 / 0                 0 / 66                0 / 66                0 / 66          MB/s
[2023-11-12T20:17:03.877+0800][gc,stats    ]      Memory: Defragment                                        0 / 0                 0 / 0                 0 / 0                 0 / 0           ops/s
[2023-11-12T20:17:03.877+0800][gc,stats    ]      Memory: Out Of Memory                                     0 / 0                 0 / 0                 0 / 0                 0 / 0           ops/s
[2023-11-12T20:17:03.877+0800][gc,stats    ]      Memory: Page Cache Flush                                  0 / 0                 0 / 0                 0 / 0                 0 / 0           MB/s
[2023-11-12T20:17:03.877+0800][gc,stats    ]      Memory: Page Cache Hit L1                                 0 / 0                 0 / 32                0 / 32                0 / 32          ops/s
[2023-11-12T20:17:03.877+0800][gc,stats    ]      Memory: Page Cache Hit L2                                 0 / 0                 0 / 0                 0 / 0                 0 / 0           ops/s
[2023-11-12T20:17:03.877+0800][gc,stats    ]      Memory: Page Cache Hit L3                                 0 / 0                 0 / 33                0 / 33                0 / 33          ops/s
[2023-11-12T20:17:03.877+0800][gc,stats    ]      Memory: Page Cache Miss                                   0 / 0                 0 / 1                 0 / 1                 0 / 1           ops/s
[2023-11-12T20:17:03.877+0800][gc,stats    ]      Memory: Uncommit                                          0 / 0                 0 / 0                 0 / 0                 0 / 0           MB/s
[2023-11-12T20:17:03.877+0800][gc,stats    ]      Memory: Undo Object Allocation Failed                     0 / 0                 0 / 0                 0 / 0                 0 / 0           ops/s
[2023-11-12T20:17:03.877+0800][gc,stats    ]      Memory: Undo Object Allocation Succeeded                  0 / 0                 0 / 0                 0 / 0                 0 / 0           ops/s
[2023-11-12T20:17:03.877+0800][gc,stats    ]      Memory: Undo Page Allocation                              0 / 0                 0 / 0                 0 / 0                 0 / 0           ops/s
[2023-11-12T20:17:03.877+0800][gc,stats    ]       Phase: Concurrent Mark                               0.000 / 0.000        26.305 / 27.135       26.305 / 27.135       26.305 / 27.135      ms
[2023-11-12T20:17:03.877+0800][gc,stats    ]       Phase: Concurrent Mark Continue                      0.000 / 0.000         0.000 / 0.000         0.000 / 0.000         0.000 / 0.000       ms
[2023-11-12T20:17:03.877+0800][gc,stats    ]       Phase: Concurrent Mark Free                          0.000 / 0.000         0.001 / 0.001         0.001 / 0.001         0.001 / 0.001       ms
[2023-11-12T20:17:03.877+0800][gc,stats    ]       Phase: Concurrent Process Non-Strong References      0.000 / 0.000         1.929 / 2.001         1.929 / 2.001         1.929 / 2.001       ms
[2023-11-12T20:17:03.877+0800][gc,stats    ]       Phase: Concurrent Relocate                           0.000 / 0.000         3.090 / 3.413         3.090 / 3.413         3.090 / 3.413       ms
[2023-11-12T20:17:03.877+0800][gc,stats    ]       Phase: Concurrent Reset Relocation Set               0.000 / 0.000         0.002 / 0.004         0.002 / 0.004         0.002 / 0.004       ms
[2023-11-12T20:17:03.877+0800][gc,stats    ]       Phase: Concurrent Select Relocation Set              0.000 / 0.000        18.052 / 34.722       18.052 / 34.722       18.052 / 34.722      ms
[2023-11-12T20:17:03.877+0800][gc,stats    ]       Phase: Pause Mark End                                0.000 / 0.000         0.017 / 0.020         0.017 / 0.020         0.017 / 0.020       ms
[2023-11-12T20:17:03.877+0800][gc,stats    ]       Phase: Pause Mark Start                              0.000 / 0.000         0.102 / 0.195         0.102 / 0.195         0.102 / 0.195       ms
[2023-11-12T20:17:03.877+0800][gc,stats    ]       Phase: Pause Relocate Start                          0.000 / 0.000         0.012 / 0.013         0.012 / 0.013         0.012 / 0.013       ms
[2023-11-12T20:17:03.877+0800][gc,stats    ]    Subphase: Concurrent Classes Purge                      0.000 / 0.000         0.065 / 0.066         0.065 / 0.066         0.065 / 0.066       ms
[2023-11-12T20:17:03.877+0800][gc,stats    ]    Subphase: Concurrent Classes Unlink                     0.000 / 0.000         1.307 / 1.369         1.307 / 1.369         1.307 / 1.369       ms
[2023-11-12T20:17:03.877+0800][gc,stats    ]    Subphase: Concurrent Mark                               0.000 / 0.000        21.516 / 25.107       21.516 / 25.107       21.516 / 25.107      ms
[2023-11-12T20:17:03.877+0800][gc,stats    ]    Subphase: Concurrent Mark Try Flush                     0.000 / 0.000         0.198 / 1.014         0.198 / 1.014         0.198 / 1.014       ms
[2023-11-12T20:17:03.877+0800][gc,stats    ]    Subphase: Concurrent Mark Try Terminate                 0.000 / 0.000         7.711 / 13.370        7.711 / 13.370        7.711 / 13.370      ms
[2023-11-12T20:17:03.877+0800][gc,stats    ]    Subphase: Concurrent References Enqueue                 0.000 / 0.000         0.004 / 0.004         0.004 / 0.004         0.004 / 0.004       ms
[2023-11-12T20:17:03.877+0800][gc,stats    ]    Subphase: Concurrent References Process                 0.000 / 0.000         0.088 / 0.091         0.088 / 0.091         0.088 / 0.091       ms
[2023-11-12T20:17:03.877+0800][gc,stats    ]    Subphase: Concurrent Roots ClassLoaderDataGraph         0.000 / 0.000         0.224 / 1.141         0.224 / 1.141         0.224 / 1.141       ms
[2023-11-12T20:17:03.877+0800][gc,stats    ]    Subphase: Concurrent Roots CodeCache                    0.000 / 0.000         0.000 / 0.000         0.000 / 0.000         0.000 / 0.000       ms
[2023-11-12T20:17:03.877+0800][gc,stats    ]    Subphase: Concurrent Roots JavaThreads                  0.000 / 0.000         1.318 / 1.908         1.318 / 1.908         1.318 / 1.908       ms
[2023-11-12T20:17:03.877+0800][gc,stats    ]    Subphase: Concurrent Roots OopStorageSet                0.000 / 0.000         0.117 / 0.285         0.117 / 0.285         0.117 / 0.285       ms
[2023-11-12T20:17:03.877+0800][gc,stats    ]    Subphase: Concurrent Weak Roots OopStorageSet           0.000 / 0.000         0.376 / 0.512         0.376 / 0.512         0.376 / 0.512       ms
[2023-11-12T20:17:03.877+0800][gc,stats    ]    Subphase: Pause Mark Try Complete                       0.000 / 0.000         0.000 / 0.000         0.000 / 0.000         0.000 / 0.000       ms
[2023-11-12T20:17:03.877+0800][gc,stats    ]      System: Java Threads                                      0 / 0                38 / 52               38 / 52               38 / 52          threads
[2023-11-12T20:17:03.877+0800][gc,stats    ] =========================================================================================================================================================
[2023-11-12T20:17:13.874+0800][gc,stats    ] === Garbage Collection Statistics =======================================================================================================================
[2023-11-12T20:17:13.874+0800][gc,stats    ]                                                              Last 10s              Last 10m              Last 10h                Total
[2023-11-12T20:17:13.874+0800][gc,stats    ]                                                              Avg / Max             Avg / Max             Avg / Max             Avg / Max
[2023-11-12T20:17:13.874+0800][gc,stats    ]   Collector: Garbage Collection Cycle                      0.000 / 0.000        50.665 / 66.843       50.665 / 66.843       50.665 / 66.843      ms
[2023-11-12T20:17:13.874+0800][gc,stats    ]  Contention: Mark Segment Reset Contention                     0 / 0                 0 / 9                 0 / 9                 0 / 9           ops/s
[2023-11-12T20:17:13.874+0800][gc,stats    ]  Contention: Mark SeqNum Reset Contention                      0 / 0                 0 / 1                 0 / 1                 0 / 1           ops/s
[2023-11-12T20:17:13.874+0800][gc,stats    ]    Critical: Allocation Stall                                  0 / 0                 0 / 0                 0 / 0                 0 / 0           ops/s
[2023-11-12T20:17:13.874+0800][gc,stats    ]    Critical: Allocation Stall                              0.000 / 0.000         0.000 / 0.000         0.000 / 0.000         0.000 / 0.000       ms
[2023-11-12T20:17:13.874+0800][gc,stats    ]    Critical: GC Locker Stall                                   0 / 0                 0 / 0                 0 / 0                 0 / 0           ops/s
[2023-11-12T20:17:13.874+0800][gc,stats    ]    Critical: GC Locker Stall                               0.000 / 0.000         0.000 / 0.000         0.000 / 0.000         0.000 / 0.000       ms
[2023-11-12T20:17:13.874+0800][gc,stats    ]    Critical: Relocation Stall                                  0 / 0                 0 / 0                 0 / 0                 0 / 0           ops/s
[2023-11-12T20:17:13.874+0800][gc,stats    ]    Critical: Relocation Stall                              0.000 / 0.000         0.000 / 0.000         0.000 / 0.000         0.000 / 0.000       ms
[2023-11-12T20:17:13.874+0800][gc,stats    ]      Memory: Allocation Rate                                   0 / 0                 0 / 66                0 / 66                0 / 66          MB/s
[2023-11-12T20:17:13.874+0800][gc,stats    ]      Memory: Defragment                                        0 / 0                 0 / 0                 0 / 0                 0 / 0           ops/s
[2023-11-12T20:17:13.874+0800][gc,stats    ]      Memory: Out Of Memory                                     0 / 0                 0 / 0                 0 / 0                 0 / 0           ops/s
[2023-11-12T20:17:13.874+0800][gc,stats    ]      Memory: Page Cache Flush                                  0 / 0                 0 / 0                 0 / 0                 0 / 0           MB/s
[2023-11-12T20:17:13.874+0800][gc,stats    ]      Memory: Page Cache Hit L1                                 0 / 0                 0 / 32                0 / 32                0 / 32          ops/s
[2023-11-12T20:17:13.874+0800][gc,stats    ]      Memory: Page Cache Hit L2                                 0 / 0                 0 / 0                 0 / 0                 0 / 0           ops/s
[2023-11-12T20:17:13.874+0800][gc,stats    ]      Memory: Page Cache Hit L3                                 0 / 0                 0 / 33                0 / 33                0 / 33          ops/s
[2023-11-12T20:17:13.874+0800][gc,stats    ]      Memory: Page Cache Miss                                   0 / 0                 0 / 1                 0 / 1                 0 / 1           ops/s
[2023-11-12T20:17:13.874+0800][gc,stats    ]      Memory: Uncommit                                          0 / 0                 0 / 0                 0 / 0                 0 / 0           MB/s
[2023-11-12T20:17:13.874+0800][gc,stats    ]      Memory: Undo Object Allocation Failed                     0 / 0                 0 / 0                 0 / 0                 0 / 0           ops/s
[2023-11-12T20:17:13.874+0800][gc,stats    ]      Memory: Undo Object Allocation Succeeded                  0 / 0                 0 / 0                 0 / 0                 0 / 0           ops/s
[2023-11-12T20:17:13.874+0800][gc,stats    ]      Memory: Undo Page Allocation                              0 / 0                 0 / 0                 0 / 0                 0 / 0           ops/s
[2023-11-12T20:17:13.874+0800][gc,stats    ]       Phase: Concurrent Mark                               0.000 / 0.000        26.305 / 27.135       26.305 / 27.135       26.305 / 27.135      ms
[2023-11-12T20:17:13.874+0800][gc,stats    ]       Phase: Concurrent Mark Continue                      0.000 / 0.000         0.000 / 0.000         0.000 / 0.000         0.000 / 0.000       ms
[2023-11-12T20:17:13.874+0800][gc,stats    ]       Phase: Concurrent Mark Free                          0.000 / 0.000         0.001 / 0.001         0.001 / 0.001         0.001 / 0.001       ms
[2023-11-12T20:17:13.874+0800][gc,stats    ]       Phase: Concurrent Process Non-Strong References      0.000 / 0.000         1.929 / 2.001         1.929 / 2.001         1.929 / 2.001       ms
[2023-11-12T20:17:13.874+0800][gc,stats    ]       Phase: Concurrent Relocate                           0.000 / 0.000         3.090 / 3.413         3.090 / 3.413         3.090 / 3.413       ms
[2023-11-12T20:17:13.874+0800][gc,stats    ]       Phase: Concurrent Reset Relocation Set               0.000 / 0.000         0.002 / 0.004         0.002 / 0.004         0.002 / 0.004       ms
[2023-11-12T20:17:13.874+0800][gc,stats    ]       Phase: Concurrent Select Relocation Set              0.000 / 0.000        18.052 / 34.722       18.052 / 34.722       18.052 / 34.722      ms
[2023-11-12T20:17:13.874+0800][gc,stats    ]       Phase: Pause Mark End                                0.000 / 0.000         0.017 / 0.020         0.017 / 0.020         0.017 / 0.020       ms
[2023-11-12T20:17:13.874+0800][gc,stats    ]       Phase: Pause Mark Start                              0.000 / 0.000         0.102 / 0.195         0.102 / 0.195         0.102 / 0.195       ms
[2023-11-12T20:17:13.874+0800][gc,stats    ]       Phase: Pause Relocate Start                          0.000 / 0.000         0.012 / 0.013         0.012 / 0.013         0.012 / 0.013       ms
[2023-11-12T20:17:13.874+0800][gc,stats    ]    Subphase: Concurrent Classes Purge                      0.000 / 0.000         0.065 / 0.066         0.065 / 0.066         0.065 / 0.066       ms
[2023-11-12T20:17:13.874+0800][gc,stats    ]    Subphase: Concurrent Classes Unlink                     0.000 / 0.000         1.307 / 1.369         1.307 / 1.369         1.307 / 1.369       ms
[2023-11-12T20:17:13.874+0800][gc,stats    ]    Subphase: Concurrent Mark                               0.000 / 0.000        21.516 / 25.107       21.516 / 25.107       21.516 / 25.107      ms
[2023-11-12T20:17:13.874+0800][gc,stats    ]    Subphase: Concurrent Mark Try Flush                     0.000 / 0.000         0.198 / 1.014         0.198 / 1.014         0.198 / 1.014       ms
[2023-11-12T20:17:13.874+0800][gc,stats    ]    Subphase: Concurrent Mark Try Terminate                 0.000 / 0.000         7.711 / 13.370        7.711 / 13.370        7.711 / 13.370      ms
[2023-11-12T20:17:13.874+0800][gc,stats    ]    Subphase: Concurrent References Enqueue                 0.000 / 0.000         0.004 / 0.004         0.004 / 0.004         0.004 / 0.004       ms
[2023-11-12T20:17:13.874+0800][gc,stats    ]    Subphase: Concurrent References Process                 0.000 / 0.000         0.088 / 0.091         0.088 / 0.091         0.088 / 0.091       ms
[2023-11-12T20:17:13.874+0800][gc,stats    ]    Subphase: Concurrent Roots ClassLoaderDataGraph         0.000 / 0.000         0.224 / 1.141         0.224 / 1.141         0.224 / 1.141       ms
[2023-11-12T20:17:13.874+0800][gc,stats    ]    Subphase: Concurrent Roots CodeCache                    0.000 / 0.000         0.000 / 0.000         0.000 / 0.000         0.000 / 0.000       ms
[2023-11-12T20:17:13.874+0800][gc,stats    ]    Subphase: Concurrent Roots JavaThreads                  0.000 / 0.000         1.318 / 1.908         1.318 / 1.908         1.318 / 1.908       ms
[2023-11-12T20:17:13.874+0800][gc,stats    ]    Subphase: Concurrent Roots OopStorageSet                0.000 / 0.000         0.117 / 0.285         0.117 / 0.285         0.117 / 0.285       ms
[2023-11-12T20:17:13.874+0800][gc,stats    ]    Subphase: Concurrent Weak Roots OopStorageSet           0.000 / 0.000         0.376 / 0.512         0.376 / 0.512         0.376 / 0.512       ms
[2023-11-12T20:17:13.874+0800][gc,stats    ]    Subphase: Pause Mark Try Complete                       0.000 / 0.000         0.000 / 0.000         0.000 / 0.000         0.000 / 0.000       ms
[2023-11-12T20:17:13.874+0800][gc,stats    ]      System: Java Threads                                      0 / 0                38 / 52               38 / 52               38 / 52          threads
[2023-11-12T20:17:13.874+0800][gc,stats    ] =========================================================================================================================================================
[2023-11-12T20:17:23.887+0800][gc,stats    ] === Garbage Collection Statistics =======================================================================================================================
[2023-11-12T20:17:23.887+0800][gc,stats    ]                                                              Last 10s              Last 10m              Last 10h                Total
[2023-11-12T20:17:23.887+0800][gc,stats    ]                                                              Avg / Max             Avg / Max             Avg / Max             Avg / Max
[2023-11-12T20:17:23.887+0800][gc,stats    ]   Collector: Garbage Collection Cycle                      0.000 / 0.000        50.665 / 66.843       50.665 / 66.843       50.665 / 66.843      ms
[2023-11-12T20:17:23.887+0800][gc,stats    ]  Contention: Mark Segment Reset Contention                     0 / 0                 0 / 9                 0 / 9                 0 / 9           ops/s
[2023-11-12T20:17:23.887+0800][gc,stats    ]  Contention: Mark SeqNum Reset Contention                      0 / 0                 0 / 1                 0 / 1                 0 / 1           ops/s
[2023-11-12T20:17:23.887+0800][gc,stats    ]    Critical: Allocation Stall                                  0 / 0                 0 / 0                 0 / 0                 0 / 0           ops/s
[2023-11-12T20:17:23.887+0800][gc,stats    ]    Critical: Allocation Stall                              0.000 / 0.000         0.000 / 0.000         0.000 / 0.000         0.000 / 0.000       ms
[2023-11-12T20:17:23.887+0800][gc,stats    ]    Critical: GC Locker Stall                                   0 / 0                 0 / 0                 0 / 0                 0 / 0           ops/s
[2023-11-12T20:17:23.887+0800][gc,stats    ]    Critical: GC Locker Stall                               0.000 / 0.000         0.000 / 0.000         0.000 / 0.000         0.000 / 0.000       ms
[2023-11-12T20:17:23.887+0800][gc,stats    ]    Critical: Relocation Stall                                  0 / 0                 0 / 0                 0 / 0                 0 / 0           ops/s
[2023-11-12T20:17:23.887+0800][gc,stats    ]    Critical: Relocation Stall                              0.000 / 0.000         0.000 / 0.000         0.000 / 0.000         0.000 / 0.000       ms
[2023-11-12T20:17:23.887+0800][gc,stats    ]      Memory: Allocation Rate                                   0 / 0                 0 / 66                0 / 66                0 / 66          MB/s
[2023-11-12T20:17:23.887+0800][gc,stats    ]      Memory: Defragment                                        0 / 0                 0 / 0                 0 / 0                 0 / 0           ops/s
[2023-11-12T20:17:23.887+0800][gc,stats    ]      Memory: Out Of Memory                                     0 / 0                 0 / 0                 0 / 0                 0 / 0           ops/s
[2023-11-12T20:17:23.887+0800][gc,stats    ]      Memory: Page Cache Flush                                  0 / 0                 0 / 0                 0 / 0                 0 / 0           MB/s
[2023-11-12T20:17:23.887+0800][gc,stats    ]      Memory: Page Cache Hit L1                                 0 / 0                 0 / 32                0 / 32                0 / 32          ops/s
[2023-11-12T20:17:23.887+0800][gc,stats    ]      Memory: Page Cache Hit L2                                 0 / 0                 0 / 0                 0 / 0                 0 / 0           ops/s
[2023-11-12T20:17:23.887+0800][gc,stats    ]      Memory: Page Cache Hit L3                                 0 / 0                 0 / 33                0 / 33                0 / 33          ops/s
[2023-11-12T20:17:23.887+0800][gc,stats    ]      Memory: Page Cache Miss                                   0 / 0                 0 / 1                 0 / 1                 0 / 1           ops/s
[2023-11-12T20:17:23.887+0800][gc,stats    ]      Memory: Uncommit                                          0 / 0                 0 / 0                 0 / 0                 0 / 0           MB/s
[2023-11-12T20:17:23.887+0800][gc,stats    ]      Memory: Undo Object Allocation Failed                     0 / 0                 0 / 0                 0 / 0                 0 / 0           ops/s
[2023-11-12T20:17:23.887+0800][gc,stats    ]      Memory: Undo Object Allocation Succeeded                  0 / 0                 0 / 0                 0 / 0                 0 / 0           ops/s
[2023-11-12T20:17:23.887+0800][gc,stats    ]      Memory: Undo Page Allocation                              0 / 0                 0 / 0                 0 / 0                 0 / 0           ops/s
[2023-11-12T20:17:23.887+0800][gc,stats    ]       Phase: Concurrent Mark                               0.000 / 0.000        26.305 / 27.135       26.305 / 27.135       26.305 / 27.135      ms
[2023-11-12T20:17:23.887+0800][gc,stats    ]       Phase: Concurrent Mark Continue                      0.000 / 0.000         0.000 / 0.000         0.000 / 0.000         0.000 / 0.000       ms
[2023-11-12T20:17:23.887+0800][gc,stats    ]       Phase: Concurrent Mark Free                          0.000 / 0.000         0.001 / 0.001         0.001 / 0.001         0.001 / 0.001       ms
[2023-11-12T20:17:23.887+0800][gc,stats    ]       Phase: Concurrent Process Non-Strong References      0.000 / 0.000         1.929 / 2.001         1.929 / 2.001         1.929 / 2.001       ms
[2023-11-12T20:17:23.887+0800][gc,stats    ]       Phase: Concurrent Relocate                           0.000 / 0.000         3.090 / 3.413         3.090 / 3.413         3.090 / 3.413       ms
[2023-11-12T20:17:23.887+0800][gc,stats    ]       Phase: Concurrent Reset Relocation Set               0.000 / 0.000         0.002 / 0.004         0.002 / 0.004         0.002 / 0.004       ms
[2023-11-12T20:17:23.887+0800][gc,stats    ]       Phase: Concurrent Select Relocation Set              0.000 / 0.000        18.052 / 34.722       18.052 / 34.722       18.052 / 34.722      ms
[2023-11-12T20:17:23.887+0800][gc,stats    ]       Phase: Pause Mark End                                0.000 / 0.000         0.017 / 0.020         0.017 / 0.020         0.017 / 0.020       ms
[2023-11-12T20:17:23.887+0800][gc,stats    ]       Phase: Pause Mark Start                              0.000 / 0.000         0.102 / 0.195         0.102 / 0.195         0.102 / 0.195       ms
[2023-11-12T20:17:23.887+0800][gc,stats    ]       Phase: Pause Relocate Start                          0.000 / 0.000         0.012 / 0.013         0.012 / 0.013         0.012 / 0.013       ms
[2023-11-12T20:17:23.887+0800][gc,stats    ]    Subphase: Concurrent Classes Purge                      0.000 / 0.000         0.065 / 0.066         0.065 / 0.066         0.065 / 0.066       ms
[2023-11-12T20:17:23.887+0800][gc,stats    ]    Subphase: Concurrent Classes Unlink                     0.000 / 0.000         1.307 / 1.369         1.307 / 1.369         1.307 / 1.369       ms
[2023-11-12T20:17:23.887+0800][gc,stats    ]    Subphase: Concurrent Mark                               0.000 / 0.000        21.516 / 25.107       21.516 / 25.107       21.516 / 25.107      ms
[2023-11-12T20:17:23.887+0800][gc,stats    ]    Subphase: Concurrent Mark Try Flush                     0.000 / 0.000         0.198 / 1.014         0.198 / 1.014         0.198 / 1.014       ms
[2023-11-12T20:17:23.887+0800][gc,stats    ]    Subphase: Concurrent Mark Try Terminate                 0.000 / 0.000         7.711 / 13.370        7.711 / 13.370        7.711 / 13.370      ms
[2023-11-12T20:17:23.887+0800][gc,stats    ]    Subphase: Concurrent References Enqueue                 0.000 / 0.000         0.004 / 0.004         0.004 / 0.004         0.004 / 0.004       ms
[2023-11-12T20:17:23.887+0800][gc,stats    ]    Subphase: Concurrent References Process                 0.000 / 0.000         0.088 / 0.091         0.088 / 0.091         0.088 / 0.091       ms
[2023-11-12T20:17:23.887+0800][gc,stats    ]    Subphase: Concurrent Roots ClassLoaderDataGraph         0.000 / 0.000         0.224 / 1.141         0.224 / 1.141         0.224 / 1.141       ms
[2023-11-12T20:17:23.887+0800][gc,stats    ]    Subphase: Concurrent Roots CodeCache                    0.000 / 0.000         0.000 / 0.000         0.000 / 0.000         0.000 / 0.000       ms
[2023-11-12T20:17:23.887+0800][gc,stats    ]    Subphase: Concurrent Roots JavaThreads                  0.000 / 0.000         1.318 / 1.908         1.318 / 1.908         1.318 / 1.908       ms
[2023-11-12T20:17:23.887+0800][gc,stats    ]    Subphase: Concurrent Roots OopStorageSet                0.000 / 0.000         0.117 / 0.285         0.117 / 0.285         0.117 / 0.285       ms
[2023-11-12T20:17:23.887+0800][gc,stats    ]    Subphase: Concurrent Weak Roots OopStorageSet           0.000 / 0.000         0.376 / 0.512         0.376 / 0.512         0.376 / 0.512       ms
[2023-11-12T20:17:23.887+0800][gc,stats    ]    Subphase: Pause Mark Try Complete                       0.000 / 0.000         0.000 / 0.000         0.000 / 0.000         0.000 / 0.000       ms
[2023-11-12T20:17:23.887+0800][gc,stats    ]      System: Java Threads                                      0 / 0                38 / 52               38 / 52               38 / 52          threads
[2023-11-12T20:17:23.887+0800][gc,stats    ] =========================================================================================================================================================
[2023-11-12T20:17:33.879+0800][gc,stats    ] === Garbage Collection Statistics =======================================================================================================================
[2023-11-12T20:17:33.879+0800][gc,stats    ]                                                              Last 10s              Last 10m              Last 10h                Total
[2023-11-12T20:17:33.879+0800][gc,stats    ]                                                              Avg / Max             Avg / Max             Avg / Max             Avg / Max
[2023-11-12T20:17:33.879+0800][gc,stats    ]   Collector: Garbage Collection Cycle                      0.000 / 0.000        50.665 / 66.843       50.665 / 66.843       50.665 / 66.843      ms
[2023-11-12T20:17:33.879+0800][gc,stats    ]  Contention: Mark Segment Reset Contention                     0 / 0                 0 / 9                 0 / 9                 0 / 9           ops/s
[2023-11-12T20:17:33.879+0800][gc,stats    ]  Contention: Mark SeqNum Reset Contention                      0 / 0                 0 / 1                 0 / 1                 0 / 1           ops/s
[2023-11-12T20:17:33.879+0800][gc,stats    ]    Critical: Allocation Stall                                  0 / 0                 0 / 0                 0 / 0                 0 / 0           ops/s
[2023-11-12T20:17:33.879+0800][gc,stats    ]    Critical: Allocation Stall                              0.000 / 0.000         0.000 / 0.000         0.000 / 0.000         0.000 / 0.000       ms
[2023-11-12T20:17:33.879+0800][gc,stats    ]    Critical: GC Locker Stall                                   0 / 0                 0 / 0                 0 / 0                 0 / 0           ops/s
[2023-11-12T20:17:33.879+0800][gc,stats    ]    Critical: GC Locker Stall                               0.000 / 0.000         0.000 / 0.000         0.000 / 0.000         0.000 / 0.000       ms
[2023-11-12T20:17:33.879+0800][gc,stats    ]    Critical: Relocation Stall                                  0 / 0                 0 / 0                 0 / 0                 0 / 0           ops/s
[2023-11-12T20:17:33.879+0800][gc,stats    ]    Critical: Relocation Stall                              0.000 / 0.000         0.000 / 0.000         0.000 / 0.000         0.000 / 0.000       ms
[2023-11-12T20:17:33.879+0800][gc,stats    ]      Memory: Allocation Rate                                   0 / 0                 0 / 66                0 / 66                0 / 66          MB/s
[2023-11-12T20:17:33.879+0800][gc,stats    ]      Memory: Defragment                                        0 / 0                 0 / 0                 0 / 0                 0 / 0           ops/s
[2023-11-12T20:17:33.879+0800][gc,stats    ]      Memory: Out Of Memory                                     0 / 0                 0 / 0                 0 / 0                 0 / 0           ops/s
[2023-11-12T20:17:33.879+0800][gc,stats    ]      Memory: Page Cache Flush                                  0 / 0                 0 / 0                 0 / 0                 0 / 0           MB/s
[2023-11-12T20:17:33.879+0800][gc,stats    ]      Memory: Page Cache Hit L1                                 0 / 0                 0 / 32                0 / 32                0 / 32          ops/s
[2023-11-12T20:17:33.879+0800][gc,stats    ]      Memory: Page Cache Hit L2                                 0 / 0                 0 / 0                 0 / 0                 0 / 0           ops/s
[2023-11-12T20:17:33.879+0800][gc,stats    ]      Memory: Page Cache Hit L3                                 0 / 0                 0 / 33                0 / 33                0 / 33          ops/s
[2023-11-12T20:17:33.879+0800][gc,stats    ]      Memory: Page Cache Miss                                   0 / 0                 0 / 1                 0 / 1                 0 / 1           ops/s
[2023-11-12T20:17:33.879+0800][gc,stats    ]      Memory: Uncommit                                          0 / 0                 0 / 0                 0 / 0                 0 / 0           MB/s
[2023-11-12T20:17:33.879+0800][gc,stats    ]      Memory: Undo Object Allocation Failed                     0 / 0                 0 / 0                 0 / 0                 0 / 0           ops/s
[2023-11-12T20:17:33.879+0800][gc,stats    ]      Memory: Undo Object Allocation Succeeded                  0 / 0                 0 / 0                 0 / 0                 0 / 0           ops/s
[2023-11-12T20:17:33.879+0800][gc,stats    ]      Memory: Undo Page Allocation                              0 / 0                 0 / 0                 0 / 0                 0 / 0           ops/s
[2023-11-12T20:17:33.879+0800][gc,stats    ]       Phase: Concurrent Mark                               0.000 / 0.000        26.305 / 27.135       26.305 / 27.135       26.305 / 27.135      ms
[2023-11-12T20:17:33.879+0800][gc,stats    ]       Phase: Concurrent Mark Continue                      0.000 / 0.000         0.000 / 0.000         0.000 / 0.000         0.000 / 0.000       ms
[2023-11-12T20:17:33.879+0800][gc,stats    ]       Phase: Concurrent Mark Free                          0.000 / 0.000         0.001 / 0.001         0.001 / 0.001         0.001 / 0.001       ms
[2023-11-12T20:17:33.879+0800][gc,stats    ]       Phase: Concurrent Process Non-Strong References      0.000 / 0.000         1.929 / 2.001         1.929 / 2.001         1.929 / 2.001       ms
[2023-11-12T20:17:33.879+0800][gc,stats    ]       Phase: Concurrent Relocate                           0.000 / 0.000         3.090 / 3.413         3.090 / 3.413         3.090 / 3.413       ms
[2023-11-12T20:17:33.879+0800][gc,stats    ]       Phase: Concurrent Reset Relocation Set               0.000 / 0.000         0.002 / 0.004         0.002 / 0.004         0.002 / 0.004       ms
[2023-11-12T20:17:33.879+0800][gc,stats    ]       Phase: Concurrent Select Relocation Set              0.000 / 0.000        18.052 / 34.722       18.052 / 34.722       18.052 / 34.722      ms
[2023-11-12T20:17:33.879+0800][gc,stats    ]       Phase: Pause Mark End                                0.000 / 0.000         0.017 / 0.020         0.017 / 0.020         0.017 / 0.020       ms
[2023-11-12T20:17:33.879+0800][gc,stats    ]       Phase: Pause Mark Start                              0.000 / 0.000         0.102 / 0.195         0.102 / 0.195         0.102 / 0.195       ms
[2023-11-12T20:17:33.879+0800][gc,stats    ]       Phase: Pause Relocate Start                          0.000 / 0.000         0.012 / 0.013         0.012 / 0.013         0.012 / 0.013       ms
[2023-11-12T20:17:33.879+0800][gc,stats    ]    Subphase: Concurrent Classes Purge                      0.000 / 0.000         0.065 / 0.066         0.065 / 0.066         0.065 / 0.066       ms
[2023-11-12T20:17:33.880+0800][gc,stats    ]    Subphase: Concurrent Classes Unlink                     0.000 / 0.000         1.307 / 1.369         1.307 / 1.369         1.307 / 1.369       ms
[2023-11-12T20:17:33.880+0800][gc,stats    ]    Subphase: Concurrent Mark                               0.000 / 0.000        21.516 / 25.107       21.516 / 25.107       21.516 / 25.107      ms
[2023-11-12T20:17:33.880+0800][gc,stats    ]    Subphase: Concurrent Mark Try Flush                     0.000 / 0.000         0.198 / 1.014         0.198 / 1.014         0.198 / 1.014       ms
[2023-11-12T20:17:33.880+0800][gc,stats    ]    Subphase: Concurrent Mark Try Terminate                 0.000 / 0.000         7.711 / 13.370        7.711 / 13.370        7.711 / 13.370      ms
[2023-11-12T20:17:33.880+0800][gc,stats    ]    Subphase: Concurrent References Enqueue                 0.000 / 0.000         0.004 / 0.004         0.004 / 0.004         0.004 / 0.004       ms
[2023-11-12T20:17:33.880+0800][gc,stats    ]    Subphase: Concurrent References Process                 0.000 / 0.000         0.088 / 0.091         0.088 / 0.091         0.088 / 0.091       ms
[2023-11-12T20:17:33.880+0800][gc,stats    ]    Subphase: Concurrent Roots ClassLoaderDataGraph         0.000 / 0.000         0.224 / 1.141         0.224 / 1.141         0.224 / 1.141       ms
[2023-11-12T20:17:33.880+0800][gc,stats    ]    Subphase: Concurrent Roots CodeCache                    0.000 / 0.000         0.000 / 0.000         0.000 / 0.000         0.000 / 0.000       ms
[2023-11-12T20:17:33.880+0800][gc,stats    ]    Subphase: Concurrent Roots JavaThreads                  0.000 / 0.000         1.318 / 1.908         1.318 / 1.908         1.318 / 1.908       ms
[2023-11-12T20:17:33.880+0800][gc,stats    ]    Subphase: Concurrent Roots OopStorageSet                0.000 / 0.000         0.117 / 0.285         0.117 / 0.285         0.117 / 0.285       ms
[2023-11-12T20:17:33.880+0800][gc,stats    ]    Subphase: Concurrent Weak Roots OopStorageSet           0.000 / 0.000         0.376 / 0.512         0.376 / 0.512         0.376 / 0.512       ms
[2023-11-12T20:17:33.880+0800][gc,stats    ]    Subphase: Pause Mark Try Complete                       0.000 / 0.000         0.000 / 0.000         0.000 / 0.000         0.000 / 0.000       ms
[2023-11-12T20:17:33.880+0800][gc,stats    ]      System: Java Threads                                      0 / 0                38 / 52               38 / 52               38 / 52          threads
[2023-11-12T20:17:33.880+0800][gc,stats    ] =========================================================================================================================================================
[2023-11-12T20:17:43.881+0800][gc,stats    ] === Garbage Collection Statistics =======================================================================================================================
[2023-11-12T20:17:43.881+0800][gc,stats    ]                                                              Last 10s              Last 10m              Last 10h                Total
[2023-11-12T20:17:43.881+0800][gc,stats    ]                                                              Avg / Max             Avg / Max             Avg / Max             Avg / Max
[2023-11-12T20:17:43.881+0800][gc,stats    ]   Collector: Garbage Collection Cycle                      0.000 / 0.000        50.665 / 66.843       50.665 / 66.843       50.665 / 66.843      ms
[2023-11-12T20:17:43.881+0800][gc,stats    ]  Contention: Mark Segment Reset Contention                     0 / 0                 0 / 9                 0 / 9                 0 / 9           ops/s
[2023-11-12T20:17:43.881+0800][gc,stats    ]  Contention: Mark SeqNum Reset Contention                      0 / 0                 0 / 1                 0 / 1                 0 / 1           ops/s
[2023-11-12T20:17:43.881+0800][gc,stats    ]    Critical: Allocation Stall                                  0 / 0                 0 / 0                 0 / 0                 0 / 0           ops/s
[2023-11-12T20:17:43.881+0800][gc,stats    ]    Critical: Allocation Stall                              0.000 / 0.000         0.000 / 0.000         0.000 / 0.000         0.000 / 0.000       ms
[2023-11-12T20:17:43.881+0800][gc,stats    ]    Critical: GC Locker Stall                                   0 / 0                 0 / 0                 0 / 0                 0 / 0           ops/s
[2023-11-12T20:17:43.881+0800][gc,stats    ]    Critical: GC Locker Stall                               0.000 / 0.000         0.000 / 0.000         0.000 / 0.000         0.000 / 0.000       ms
[2023-11-12T20:17:43.881+0800][gc,stats    ]    Critical: Relocation Stall                                  0 / 0                 0 / 0                 0 / 0                 0 / 0           ops/s
[2023-11-12T20:17:43.881+0800][gc,stats    ]    Critical: Relocation Stall                              0.000 / 0.000         0.000 / 0.000         0.000 / 0.000         0.000 / 0.000       ms
[2023-11-12T20:17:43.881+0800][gc,stats    ]      Memory: Allocation Rate                                   0 / 0                 0 / 66                0 / 66                0 / 66          MB/s
[2023-11-12T20:17:43.881+0800][gc,stats    ]      Memory: Defragment                                        0 / 0                 0 / 0                 0 / 0                 0 / 0           ops/s
[2023-11-12T20:17:43.881+0800][gc,stats    ]      Memory: Out Of Memory                                     0 / 0                 0 / 0                 0 / 0                 0 / 0           ops/s
[2023-11-12T20:17:43.881+0800][gc,stats    ]      Memory: Page Cache Flush                                  0 / 0                 0 / 0                 0 / 0                 0 / 0           MB/s
[2023-11-12T20:17:43.881+0800][gc,stats    ]      Memory: Page Cache Hit L1                                 0 / 0                 0 / 32                0 / 32                0 / 32          ops/s
[2023-11-12T20:17:43.881+0800][gc,stats    ]      Memory: Page Cache Hit L2                                 0 / 0                 0 / 0                 0 / 0                 0 / 0           ops/s
[2023-11-12T20:17:43.881+0800][gc,stats    ]      Memory: Page Cache Hit L3                                 0 / 0                 0 / 33                0 / 33                0 / 33          ops/s
[2023-11-12T20:17:43.881+0800][gc,stats    ]      Memory: Page Cache Miss                                   0 / 0                 0 / 1                 0 / 1                 0 / 1           ops/s
[2023-11-12T20:17:43.881+0800][gc,stats    ]      Memory: Uncommit                                          0 / 0                 0 / 0                 0 / 0                 0 / 0           MB/s
[2023-11-12T20:17:43.881+0800][gc,stats    ]      Memory: Undo Object Allocation Failed                     0 / 0                 0 / 0                 0 / 0                 0 / 0           ops/s
[2023-11-12T20:17:43.881+0800][gc,stats    ]      Memory: Undo Object Allocation Succeeded                  0 / 0                 0 / 0                 0 / 0                 0 / 0           ops/s
[2023-11-12T20:17:43.881+0800][gc,stats    ]      Memory: Undo Page Allocation                              0 / 0                 0 / 0                 0 / 0                 0 / 0           ops/s
[2023-11-12T20:17:43.881+0800][gc,stats    ]       Phase: Concurrent Mark                               0.000 / 0.000        26.305 / 27.135       26.305 / 27.135       26.305 / 27.135      ms
[2023-11-12T20:17:43.881+0800][gc,stats    ]       Phase: Concurrent Mark Continue                      0.000 / 0.000         0.000 / 0.000         0.000 / 0.000         0.000 / 0.000       ms
[2023-11-12T20:17:43.881+0800][gc,stats    ]       Phase: Concurrent Mark Free                          0.000 / 0.000         0.001 / 0.001         0.001 / 0.001         0.001 / 0.001       ms
[2023-11-12T20:17:43.881+0800][gc,stats    ]       Phase: Concurrent Process Non-Strong References      0.000 / 0.000         1.929 / 2.001         1.929 / 2.001         1.929 / 2.001       ms
[2023-11-12T20:17:43.881+0800][gc,stats    ]       Phase: Concurrent Relocate                           0.000 / 0.000         3.090 / 3.413         3.090 / 3.413         3.090 / 3.413       ms
[2023-11-12T20:17:43.881+0800][gc,stats    ]       Phase: Concurrent Reset Relocation Set               0.000 / 0.000         0.002 / 0.004         0.002 / 0.004         0.002 / 0.004       ms
[2023-11-12T20:17:43.881+0800][gc,stats    ]       Phase: Concurrent Select Relocation Set              0.000 / 0.000        18.052 / 34.722       18.052 / 34.722       18.052 / 34.722      ms
[2023-11-12T20:17:43.881+0800][gc,stats    ]       Phase: Pause Mark End                                0.000 / 0.000         0.017 / 0.020         0.017 / 0.020         0.017 / 0.020       ms
[2023-11-12T20:17:43.881+0800][gc,stats    ]       Phase: Pause Mark Start                              0.000 / 0.000         0.102 / 0.195         0.102 / 0.195         0.102 / 0.195       ms
[2023-11-12T20:17:43.881+0800][gc,stats    ]       Phase: Pause Relocate Start                          0.000 / 0.000         0.012 / 0.013         0.012 / 0.013         0.012 / 0.013       ms
[2023-11-12T20:17:43.881+0800][gc,stats    ]    Subphase: Concurrent Classes Purge                      0.000 / 0.000         0.065 / 0.066         0.065 / 0.066         0.065 / 0.066       ms
[2023-11-12T20:17:43.881+0800][gc,stats    ]    Subphase: Concurrent Classes Unlink                     0.000 / 0.000         1.307 / 1.369         1.307 / 1.369         1.307 / 1.369       ms
[2023-11-12T20:17:43.881+0800][gc,stats    ]    Subphase: Concurrent Mark                               0.000 / 0.000        21.516 / 25.107       21.516 / 25.107       21.516 / 25.107      ms
[2023-11-12T20:17:43.881+0800][gc,stats    ]    Subphase: Concurrent Mark Try Flush                     0.000 / 0.000         0.198 / 1.014         0.198 / 1.014         0.198 / 1.014       ms
[2023-11-12T20:17:43.881+0800][gc,stats    ]    Subphase: Concurrent Mark Try Terminate                 0.000 / 0.000         7.711 / 13.370        7.711 / 13.370        7.711 / 13.370      ms
[2023-11-12T20:17:43.881+0800][gc,stats    ]    Subphase: Concurrent References Enqueue                 0.000 / 0.000         0.004 / 0.004         0.004 / 0.004         0.004 / 0.004       ms
[2023-11-12T20:17:43.881+0800][gc,stats    ]    Subphase: Concurrent References Process                 0.000 / 0.000         0.088 / 0.091         0.088 / 0.091         0.088 / 0.091       ms
[2023-11-12T20:17:43.881+0800][gc,stats    ]    Subphase: Concurrent Roots ClassLoaderDataGraph         0.000 / 0.000         0.224 / 1.141         0.224 / 1.141         0.224 / 1.141       ms
[2023-11-12T20:17:43.881+0800][gc,stats    ]    Subphase: Concurrent Roots CodeCache                    0.000 / 0.000         0.000 / 0.000         0.000 / 0.000         0.000 / 0.000       ms
[2023-11-12T20:17:43.881+0800][gc,stats    ]    Subphase: Concurrent Roots JavaThreads                  0.000 / 0.000         1.318 / 1.908         1.318 / 1.908         1.318 / 1.908       ms
[2023-11-12T20:17:43.881+0800][gc,stats    ]    Subphase: Concurrent Roots OopStorageSet                0.000 / 0.000         0.117 / 0.285         0.117 / 0.285         0.117 / 0.285       ms
[2023-11-12T20:17:43.881+0800][gc,stats    ]    Subphase: Concurrent Weak Roots OopStorageSet           0.000 / 0.000         0.376 / 0.512         0.376 / 0.512         0.376 / 0.512       ms
[2023-11-12T20:17:43.881+0800][gc,stats    ]    Subphase: Pause Mark Try Complete                       0.000 / 0.000         0.000 / 0.000         0.000 / 0.000         0.000 / 0.000       ms
[2023-11-12T20:17:43.881+0800][gc,stats    ]      System: Java Threads                                      0 / 0                38 / 52               38 / 52               38 / 52          threads
[2023-11-12T20:17:43.881+0800][gc,stats    ] =========================================================================================================================================================
[2023-11-12T20:17:53.876+0800][gc,stats    ] === Garbage Collection Statistics =======================================================================================================================
[2023-11-12T20:17:53.876+0800][gc,stats    ]                                                              Last 10s              Last 10m              Last 10h                Total
[2023-11-12T20:17:53.876+0800][gc,stats    ]                                                              Avg / Max             Avg / Max             Avg / Max             Avg / Max
[2023-11-12T20:17:53.876+0800][gc,stats    ]   Collector: Garbage Collection Cycle                      0.000 / 0.000        50.665 / 66.843       50.665 / 66.843       50.665 / 66.843      ms
[2023-11-12T20:17:53.876+0800][gc,stats    ]  Contention: Mark Segment Reset Contention                     0 / 0                 0 / 9                 0 / 9                 0 / 9           ops/s
[2023-11-12T20:17:53.876+0800][gc,stats    ]  Contention: Mark SeqNum Reset Contention                      0 / 0                 0 / 1                 0 / 1                 0 / 1           ops/s
[2023-11-12T20:17:53.876+0800][gc,stats    ]    Critical: Allocation Stall                                  0 / 0                 0 / 0                 0 / 0                 0 / 0           ops/s
[2023-11-12T20:17:53.876+0800][gc,stats    ]    Critical: Allocation Stall                              0.000 / 0.000         0.000 / 0.000         0.000 / 0.000         0.000 / 0.000       ms
[2023-11-12T20:17:53.876+0800][gc,stats    ]    Critical: GC Locker Stall                                   0 / 0                 0 / 0                 0 / 0                 0 / 0           ops/s
[2023-11-12T20:17:53.876+0800][gc,stats    ]    Critical: GC Locker Stall                               0.000 / 0.000         0.000 / 0.000         0.000 / 0.000         0.000 / 0.000       ms
[2023-11-12T20:17:53.876+0800][gc,stats    ]    Critical: Relocation Stall                                  0 / 0                 0 / 0                 0 / 0                 0 / 0           ops/s
[2023-11-12T20:17:53.876+0800][gc,stats    ]    Critical: Relocation Stall                              0.000 / 0.000         0.000 / 0.000         0.000 / 0.000         0.000 / 0.000       ms
[2023-11-12T20:17:53.876+0800][gc,stats    ]      Memory: Allocation Rate                                   0 / 0                 0 / 66                0 / 66                0 / 66          MB/s
[2023-11-12T20:17:53.876+0800][gc,stats    ]      Memory: Defragment                                        0 / 0                 0 / 0                 0 / 0                 0 / 0           ops/s
[2023-11-12T20:17:53.876+0800][gc,stats    ]      Memory: Out Of Memory                                     0 / 0                 0 / 0                 0 / 0                 0 / 0           ops/s
[2023-11-12T20:17:53.876+0800][gc,stats    ]      Memory: Page Cache Flush                                  0 / 0                 0 / 0                 0 / 0                 0 / 0           MB/s
[2023-11-12T20:17:53.876+0800][gc,stats    ]      Memory: Page Cache Hit L1                                 0 / 0                 0 / 32                0 / 32                0 / 32          ops/s
[2023-11-12T20:17:53.876+0800][gc,stats    ]      Memory: Page Cache Hit L2                                 0 / 0                 0 / 0                 0 / 0                 0 / 0           ops/s
[2023-11-12T20:17:53.876+0800][gc,stats    ]      Memory: Page Cache Hit L3                                 0 / 0                 0 / 33                0 / 33                0 / 33          ops/s
[2023-11-12T20:17:53.876+0800][gc,stats    ]      Memory: Page Cache Miss                                   0 / 0                 0 / 1                 0 / 1                 0 / 1           ops/s
[2023-11-12T20:17:53.876+0800][gc,stats    ]      Memory: Uncommit                                          0 / 0                 0 / 0                 0 / 0                 0 / 0           MB/s
[2023-11-12T20:17:53.876+0800][gc,stats    ]      Memory: Undo Object Allocation Failed                     0 / 0                 0 / 0                 0 / 0                 0 / 0           ops/s
[2023-11-12T20:17:53.876+0800][gc,stats    ]      Memory: Undo Object Allocation Succeeded                  0 / 0                 0 / 0                 0 / 0                 0 / 0           ops/s
[2023-11-12T20:17:53.876+0800][gc,stats    ]      Memory: Undo Page Allocation                              0 / 0                 0 / 0                 0 / 0                 0 / 0           ops/s
[2023-11-12T20:17:53.876+0800][gc,stats    ]       Phase: Concurrent Mark                               0.000 / 0.000        26.305 / 27.135       26.305 / 27.135       26.305 / 27.135      ms
[2023-11-12T20:17:53.876+0800][gc,stats    ]       Phase: Concurrent Mark Continue                      0.000 / 0.000         0.000 / 0.000         0.000 / 0.000         0.000 / 0.000       ms
[2023-11-12T20:17:53.876+0800][gc,stats    ]       Phase: Concurrent Mark Free                          0.000 / 0.000         0.001 / 0.001         0.001 / 0.001         0.001 / 0.001       ms
[2023-11-12T20:17:53.876+0800][gc,stats    ]       Phase: Concurrent Process Non-Strong References      0.000 / 0.000         1.929 / 2.001         1.929 / 2.001         1.929 / 2.001       ms
[2023-11-12T20:17:53.876+0800][gc,stats    ]       Phase: Concurrent Relocate                           0.000 / 0.000         3.090 / 3.413         3.090 / 3.413         3.090 / 3.413       ms
[2023-11-12T20:17:53.876+0800][gc,stats    ]       Phase: Concurrent Reset Relocation Set               0.000 / 0.000         0.002 / 0.004         0.002 / 0.004         0.002 / 0.004       ms
[2023-11-12T20:17:53.876+0800][gc,stats    ]       Phase: Concurrent Select Relocation Set              0.000 / 0.000        18.052 / 34.722       18.052 / 34.722       18.052 / 34.722      ms
[2023-11-12T20:17:53.876+0800][gc,stats    ]       Phase: Pause Mark End                                0.000 / 0.000         0.017 / 0.020         0.017 / 0.020         0.017 / 0.020       ms
[2023-11-12T20:17:53.876+0800][gc,stats    ]       Phase: Pause Mark Start                              0.000 / 0.000         0.102 / 0.195         0.102 / 0.195         0.102 / 0.195       ms
[2023-11-12T20:17:53.876+0800][gc,stats    ]       Phase: Pause Relocate Start                          0.000 / 0.000         0.012 / 0.013         0.012 / 0.013         0.012 / 0.013       ms
[2023-11-12T20:17:53.876+0800][gc,stats    ]    Subphase: Concurrent Classes Purge                      0.000 / 0.000         0.065 / 0.066         0.065 / 0.066         0.065 / 0.066       ms
[2023-11-12T20:17:53.876+0800][gc,stats    ]    Subphase: Concurrent Classes Unlink                     0.000 / 0.000         1.307 / 1.369         1.307 / 1.369         1.307 / 1.369       ms
[2023-11-12T20:17:53.876+0800][gc,stats    ]    Subphase: Concurrent Mark                               0.000 / 0.000        21.516 / 25.107       21.516 / 25.107       21.516 / 25.107      ms
[2023-11-12T20:17:53.876+0800][gc,stats    ]    Subphase: Concurrent Mark Try Flush                     0.000 / 0.000         0.198 / 1.014         0.198 / 1.014         0.198 / 1.014       ms
[2023-11-12T20:17:53.876+0800][gc,stats    ]    Subphase: Concurrent Mark Try Terminate                 0.000 / 0.000         7.711 / 13.370        7.711 / 13.370        7.711 / 13.370      ms
[2023-11-12T20:17:53.876+0800][gc,stats    ]    Subphase: Concurrent References Enqueue                 0.000 / 0.000         0.004 / 0.004         0.004 / 0.004         0.004 / 0.004       ms
[2023-11-12T20:17:53.876+0800][gc,stats    ]    Subphase: Concurrent References Process                 0.000 / 0.000         0.088 / 0.091         0.088 / 0.091         0.088 / 0.091       ms
[2023-11-12T20:17:53.876+0800][gc,stats    ]    Subphase: Concurrent Roots ClassLoaderDataGraph         0.000 / 0.000         0.224 / 1.141         0.224 / 1.141         0.224 / 1.141       ms
[2023-11-12T20:17:53.876+0800][gc,stats    ]    Subphase: Concurrent Roots CodeCache                    0.000 / 0.000         0.000 / 0.000         0.000 / 0.000         0.000 / 0.000       ms
[2023-11-12T20:17:53.876+0800][gc,stats    ]    Subphase: Concurrent Roots JavaThreads                  0.000 / 0.000         1.318 / 1.908         1.318 / 1.908         1.318 / 1.908       ms
[2023-11-12T20:17:53.876+0800][gc,stats    ]    Subphase: Concurrent Roots OopStorageSet                0.000 / 0.000         0.117 / 0.285         0.117 / 0.285         0.117 / 0.285       ms
[2023-11-12T20:17:53.876+0800][gc,stats    ]    Subphase: Concurrent Weak Roots OopStorageSet           0.000 / 0.000         0.376 / 0.512         0.376 / 0.512         0.376 / 0.512       ms
[2023-11-12T20:17:53.876+0800][gc,stats    ]    Subphase: Pause Mark Try Complete                       0.000 / 0.000         0.000 / 0.000         0.000 / 0.000         0.000 / 0.000       ms
[2023-11-12T20:17:53.876+0800][gc,stats    ]      System: Java Threads                                      0 / 0                38 / 52               38 / 52               38 / 52          threads
[2023-11-12T20:17:53.876+0800][gc,stats    ] =========================================================================================================================================================
[2023-11-12T20:18:03.873+0800][gc,stats    ] === Garbage Collection Statistics =======================================================================================================================
[2023-11-12T20:18:03.873+0800][gc,stats    ]                                                              Last 10s              Last 10m              Last 10h                Total
[2023-11-12T20:18:03.873+0800][gc,stats    ]                                                              Avg / Max             Avg / Max             Avg / Max             Avg / Max
[2023-11-12T20:18:03.873+0800][gc,stats    ]   Collector: Garbage Collection Cycle                      0.000 / 0.000        50.665 / 66.843       50.665 / 66.843       50.665 / 66.843      ms
[2023-11-12T20:18:03.873+0800][gc,stats    ]  Contention: Mark Segment Reset Contention                     0 / 0                 0 / 9                 0 / 9                 0 / 9           ops/s
[2023-11-12T20:18:03.873+0800][gc,stats    ]  Contention: Mark SeqNum Reset Contention                      0 / 0                 0 / 1                 0 / 1                 0 / 1           ops/s
[2023-11-12T20:18:03.873+0800][gc,stats    ]    Critical: Allocation Stall                                  0 / 0                 0 / 0                 0 / 0                 0 / 0           ops/s
[2023-11-12T20:18:03.873+0800][gc,stats    ]    Critical: Allocation Stall                              0.000 / 0.000         0.000 / 0.000         0.000 / 0.000         0.000 / 0.000       ms
[2023-11-12T20:18:03.873+0800][gc,stats    ]    Critical: GC Locker Stall                                   0 / 0                 0 / 0                 0 / 0                 0 / 0           ops/s
[2023-11-12T20:18:03.873+0800][gc,stats    ]    Critical: GC Locker Stall                               0.000 / 0.000         0.000 / 0.000         0.000 / 0.000         0.000 / 0.000       ms
[2023-11-12T20:18:03.873+0800][gc,stats    ]    Critical: Relocation Stall                                  0 / 0                 0 / 0                 0 / 0                 0 / 0           ops/s
[2023-11-12T20:18:03.873+0800][gc,stats    ]    Critical: Relocation Stall                              0.000 / 0.000         0.000 / 0.000         0.000 / 0.000         0.000 / 0.000       ms
[2023-11-12T20:18:03.873+0800][gc,stats    ]      Memory: Allocation Rate                                   0 / 0                 0 / 66                0 / 66                0 / 66          MB/s
[2023-11-12T20:18:03.873+0800][gc,stats    ]      Memory: Defragment                                        0 / 0                 0 / 0                 0 / 0                 0 / 0           ops/s
[2023-11-12T20:18:03.873+0800][gc,stats    ]      Memory: Out Of Memory                                     0 / 0                 0 / 0                 0 / 0                 0 / 0           ops/s
[2023-11-12T20:18:03.873+0800][gc,stats    ]      Memory: Page Cache Flush                                  0 / 0                 0 / 0                 0 / 0                 0 / 0           MB/s
[2023-11-12T20:18:03.873+0800][gc,stats    ]      Memory: Page Cache Hit L1                                 0 / 0                 0 / 32                0 / 32                0 / 32          ops/s
[2023-11-12T20:18:03.873+0800][gc,stats    ]      Memory: Page Cache Hit L2                                 0 / 0                 0 / 0                 0 / 0                 0 / 0           ops/s
[2023-11-12T20:18:03.873+0800][gc,stats    ]      Memory: Page Cache Hit L3                                 0 / 0                 0 / 33                0 / 33                0 / 33          ops/s
[2023-11-12T20:18:03.873+0800][gc,stats    ]      Memory: Page Cache Miss                                   0 / 0                 0 / 1                 0 / 1                 0 / 1           ops/s
[2023-11-12T20:18:03.873+0800][gc,stats    ]      Memory: Uncommit                                          0 / 0                 0 / 0                 0 / 0                 0 / 0           MB/s
[2023-11-12T20:18:03.873+0800][gc,stats    ]      Memory: Undo Object Allocation Failed                     0 / 0                 0 / 0                 0 / 0                 0 / 0           ops/s
[2023-11-12T20:18:03.873+0800][gc,stats    ]      Memory: Undo Object Allocation Succeeded                  0 / 0                 0 / 0                 0 / 0                 0 / 0           ops/s
[2023-11-12T20:18:03.873+0800][gc,stats    ]      Memory: Undo Page Allocation                              0 / 0                 0 / 0                 0 / 0                 0 / 0           ops/s
[2023-11-12T20:18:03.873+0800][gc,stats    ]       Phase: Concurrent Mark                               0.000 / 0.000        26.305 / 27.135       26.305 / 27.135       26.305 / 27.135      ms
[2023-11-12T20:18:03.873+0800][gc,stats    ]       Phase: Concurrent Mark Continue                      0.000 / 0.000         0.000 / 0.000         0.000 / 0.000         0.000 / 0.000       ms
[2023-11-12T20:18:03.873+0800][gc,stats    ]       Phase: Concurrent Mark Free                          0.000 / 0.000         0.001 / 0.001         0.001 / 0.001         0.001 / 0.001       ms
[2023-11-12T20:18:03.873+0800][gc,stats    ]       Phase: Concurrent Process Non-Strong References      0.000 / 0.000         1.929 / 2.001         1.929 / 2.001         1.929 / 2.001       ms
[2023-11-12T20:18:03.873+0800][gc,stats    ]       Phase: Concurrent Relocate                           0.000 / 0.000         3.090 / 3.413         3.090 / 3.413         3.090 / 3.413       ms
[2023-11-12T20:18:03.873+0800][gc,stats    ]       Phase: Concurrent Reset Relocation Set               0.000 / 0.000         0.002 / 0.004         0.002 / 0.004         0.002 / 0.004       ms
[2023-11-12T20:18:03.873+0800][gc,stats    ]       Phase: Concurrent Select Relocation Set              0.000 / 0.000        18.052 / 34.722       18.052 / 34.722       18.052 / 34.722      ms
[2023-11-12T20:18:03.873+0800][gc,stats    ]       Phase: Pause Mark End                                0.000 / 0.000         0.017 / 0.020         0.017 / 0.020         0.017 / 0.020       ms
[2023-11-12T20:18:03.873+0800][gc,stats    ]       Phase: Pause Mark Start                              0.000 / 0.000         0.102 / 0.195         0.102 / 0.195         0.102 / 0.195       ms
[2023-11-12T20:18:03.873+0800][gc,stats    ]       Phase: Pause Relocate Start                          0.000 / 0.000         0.012 / 0.013         0.012 / 0.013         0.012 / 0.013       ms
[2023-11-12T20:18:03.873+0800][gc,stats    ]    Subphase: Concurrent Classes Purge                      0.000 / 0.000         0.065 / 0.066         0.065 / 0.066         0.065 / 0.066       ms
[2023-11-12T20:18:03.873+0800][gc,stats    ]    Subphase: Concurrent Classes Unlink                     0.000 / 0.000         1.307 / 1.369         1.307 / 1.369         1.307 / 1.369       ms
[2023-11-12T20:18:03.873+0800][gc,stats    ]    Subphase: Concurrent Mark                               0.000 / 0.000        21.516 / 25.107       21.516 / 25.107       21.516 / 25.107      ms
[2023-11-12T20:18:03.873+0800][gc,stats    ]    Subphase: Concurrent Mark Try Flush                     0.000 / 0.000         0.198 / 1.014         0.198 / 1.014         0.198 / 1.014       ms
[2023-11-12T20:18:03.873+0800][gc,stats    ]    Subphase: Concurrent Mark Try Terminate                 0.000 / 0.000         7.711 / 13.370        7.711 / 13.370        7.711 / 13.370      ms
[2023-11-12T20:18:03.873+0800][gc,stats    ]    Subphase: Concurrent References Enqueue                 0.000 / 0.000         0.004 / 0.004         0.004 / 0.004         0.004 / 0.004       ms
[2023-11-12T20:18:03.873+0800][gc,stats    ]    Subphase: Concurrent References Process                 0.000 / 0.000         0.088 / 0.091         0.088 / 0.091         0.088 / 0.091       ms
[2023-11-12T20:18:03.873+0800][gc,stats    ]    Subphase: Concurrent Roots ClassLoaderDataGraph         0.000 / 0.000         0.224 / 1.141         0.224 / 1.141         0.224 / 1.141       ms
[2023-11-12T20:18:03.873+0800][gc,stats    ]    Subphase: Concurrent Roots CodeCache                    0.000 / 0.000         0.000 / 0.000         0.000 / 0.000         0.000 / 0.000       ms
[2023-11-12T20:18:03.873+0800][gc,stats    ]    Subphase: Concurrent Roots JavaThreads                  0.000 / 0.000         1.318 / 1.908         1.318 / 1.908         1.318 / 1.908       ms
[2023-11-12T20:18:03.873+0800][gc,stats    ]    Subphase: Concurrent Roots OopStorageSet                0.000 / 0.000         0.117 / 0.285         0.117 / 0.285         0.117 / 0.285       ms
[2023-11-12T20:18:03.873+0800][gc,stats    ]    Subphase: Concurrent Weak Roots OopStorageSet           0.000 / 0.000         0.376 / 0.512         0.376 / 0.512         0.376 / 0.512       ms
[2023-11-12T20:18:03.873+0800][gc,stats    ]    Subphase: Pause Mark Try Complete                       0.000 / 0.000         0.000 / 0.000         0.000 / 0.000         0.000 / 0.000       ms
[2023-11-12T20:18:03.873+0800][gc,stats    ]      System: Java Threads                                      0 / 0                38 / 52               38 / 52               38 / 52          threads
[2023-11-12T20:18:03.873+0800][gc,stats    ] =========================================================================================================================================================
[2023-11-12T20:18:13.881+0800][gc,stats    ] === Garbage Collection Statistics =======================================================================================================================
[2023-11-12T20:18:13.881+0800][gc,stats    ]                                                              Last 10s              Last 10m              Last 10h                Total
[2023-11-12T20:18:13.881+0800][gc,stats    ]                                                              Avg / Max             Avg / Max             Avg / Max             Avg / Max
[2023-11-12T20:18:13.881+0800][gc,stats    ]   Collector: Garbage Collection Cycle                      0.000 / 0.000        50.665 / 66.843       50.665 / 66.843       50.665 / 66.843      ms
[2023-11-12T20:18:13.881+0800][gc,stats    ]  Contention: Mark Segment Reset Contention                     0 / 0                 0 / 9                 0 / 9                 0 / 9           ops/s
[2023-11-12T20:18:13.881+0800][gc,stats    ]  Contention: Mark SeqNum Reset Contention                      0 / 0                 0 / 1                 0 / 1                 0 / 1           ops/s
[2023-11-12T20:18:13.881+0800][gc,stats    ]    Critical: Allocation Stall                                  0 / 0                 0 / 0                 0 / 0                 0 / 0           ops/s
[2023-11-12T20:18:13.881+0800][gc,stats    ]    Critical: Allocation Stall                              0.000 / 0.000         0.000 / 0.000         0.000 / 0.000         0.000 / 0.000       ms
[2023-11-12T20:18:13.881+0800][gc,stats    ]    Critical: GC Locker Stall                                   0 / 0                 0 / 0                 0 / 0                 0 / 0           ops/s
[2023-11-12T20:18:13.881+0800][gc,stats    ]    Critical: GC Locker Stall                               0.000 / 0.000         0.000 / 0.000         0.000 / 0.000         0.000 / 0.000       ms
[2023-11-12T20:18:13.881+0800][gc,stats    ]    Critical: Relocation Stall                                  0 / 0                 0 / 0                 0 / 0                 0 / 0           ops/s
[2023-11-12T20:18:13.881+0800][gc,stats    ]    Critical: Relocation Stall                              0.000 / 0.000         0.000 / 0.000         0.000 / 0.000         0.000 / 0.000       ms
[2023-11-12T20:18:13.881+0800][gc,stats    ]      Memory: Allocation Rate                                   0 / 0                 0 / 66                0 / 66                0 / 66          MB/s
[2023-11-12T20:18:13.881+0800][gc,stats    ]      Memory: Defragment                                        0 / 0                 0 / 0                 0 / 0                 0 / 0           ops/s
[2023-11-12T20:18:13.881+0800][gc,stats    ]      Memory: Out Of Memory                                     0 / 0                 0 / 0                 0 / 0                 0 / 0           ops/s
[2023-11-12T20:18:13.881+0800][gc,stats    ]      Memory: Page Cache Flush                                  0 / 0                 0 / 0                 0 / 0                 0 / 0           MB/s
[2023-11-12T20:18:13.881+0800][gc,stats    ]      Memory: Page Cache Hit L1                                 0 / 0                 0 / 32                0 / 32                0 / 32          ops/s
[2023-11-12T20:18:13.881+0800][gc,stats    ]      Memory: Page Cache Hit L2                                 0 / 0                 0 / 0                 0 / 0                 0 / 0           ops/s
[2023-11-12T20:18:13.881+0800][gc,stats    ]      Memory: Page Cache Hit L3                                 0 / 0                 0 / 33                0 / 33                0 / 33          ops/s
[2023-11-12T20:18:13.881+0800][gc,stats    ]      Memory: Page Cache Miss                                   0 / 0                 0 / 1                 0 / 1                 0 / 1           ops/s
[2023-11-12T20:18:13.881+0800][gc,stats    ]      Memory: Uncommit                                          0 / 0                 0 / 0                 0 / 0                 0 / 0           MB/s
[2023-11-12T20:18:13.881+0800][gc,stats    ]      Memory: Undo Object Allocation Failed                     0 / 0                 0 / 0                 0 / 0                 0 / 0           ops/s
[2023-11-12T20:18:13.881+0800][gc,stats    ]      Memory: Undo Object Allocation Succeeded                  0 / 0                 0 / 0                 0 / 0                 0 / 0           ops/s
[2023-11-12T20:18:13.881+0800][gc,stats    ]      Memory: Undo Page Allocation                              0 / 0                 0 / 0                 0 / 0                 0 / 0           ops/s
[2023-11-12T20:18:13.881+0800][gc,stats    ]       Phase: Concurrent Mark                               0.000 / 0.000        26.305 / 27.135       26.305 / 27.135       26.305 / 27.135      ms
[2023-11-12T20:18:13.881+0800][gc,stats    ]       Phase: Concurrent Mark Continue                      0.000 / 0.000         0.000 / 0.000         0.000 / 0.000         0.000 / 0.000       ms
[2023-11-12T20:18:13.881+0800][gc,stats    ]       Phase: Concurrent Mark Free                          0.000 / 0.000         0.001 / 0.001         0.001 / 0.001         0.001 / 0.001       ms
[2023-11-12T20:18:13.881+0800][gc,stats    ]       Phase: Concurrent Process Non-Strong References      0.000 / 0.000         1.929 / 2.001         1.929 / 2.001         1.929 / 2.001       ms
[2023-11-12T20:18:13.881+0800][gc,stats    ]       Phase: Concurrent Relocate                           0.000 / 0.000         3.090 / 3.413         3.090 / 3.413         3.090 / 3.413       ms
[2023-11-12T20:18:13.881+0800][gc,stats    ]       Phase: Concurrent Reset Relocation Set               0.000 / 0.000         0.002 / 0.004         0.002 / 0.004         0.002 / 0.004       ms
[2023-11-12T20:18:13.881+0800][gc,stats    ]       Phase: Concurrent Select Relocation Set              0.000 / 0.000        18.052 / 34.722       18.052 / 34.722       18.052 / 34.722      ms
[2023-11-12T20:18:13.881+0800][gc,stats    ]       Phase: Pause Mark End                                0.000 / 0.000         0.017 / 0.020         0.017 / 0.020         0.017 / 0.020       ms
[2023-11-12T20:18:13.881+0800][gc,stats    ]       Phase: Pause Mark Start                              0.000 / 0.000         0.102 / 0.195         0.102 / 0.195         0.102 / 0.195       ms
[2023-11-12T20:18:13.881+0800][gc,stats    ]       Phase: Pause Relocate Start                          0.000 / 0.000         0.012 / 0.013         0.012 / 0.013         0.012 / 0.013       ms
[2023-11-12T20:18:13.881+0800][gc,stats    ]    Subphase: Concurrent Classes Purge                      0.000 / 0.000         0.065 / 0.066         0.065 / 0.066         0.065 / 0.066       ms
[2023-11-12T20:18:13.881+0800][gc,stats    ]    Subphase: Concurrent Classes Unlink                     0.000 / 0.000         1.307 / 1.369         1.307 / 1.369         1.307 / 1.369       ms
[2023-11-12T20:18:13.881+0800][gc,stats    ]    Subphase: Concurrent Mark                               0.000 / 0.000        21.516 / 25.107       21.516 / 25.107       21.516 / 25.107      ms
[2023-11-12T20:18:13.881+0800][gc,stats    ]    Subphase: Concurrent Mark Try Flush                     0.000 / 0.000         0.198 / 1.014         0.198 / 1.014         0.198 / 1.014       ms
[2023-11-12T20:18:13.881+0800][gc,stats    ]    Subphase: Concurrent Mark Try Terminate                 0.000 / 0.000         7.711 / 13.370        7.711 / 13.370        7.711 / 13.370      ms
[2023-11-12T20:18:13.881+0800][gc,stats    ]    Subphase: Concurrent References Enqueue                 0.000 / 0.000         0.004 / 0.004         0.004 / 0.004         0.004 / 0.004       ms
[2023-11-12T20:18:13.881+0800][gc,stats    ]    Subphase: Concurrent References Process                 0.000 / 0.000         0.088 / 0.091         0.088 / 0.091         0.088 / 0.091       ms
[2023-11-12T20:18:13.881+0800][gc,stats    ]    Subphase: Concurrent Roots ClassLoaderDataGraph         0.000 / 0.000         0.224 / 1.141         0.224 / 1.141         0.224 / 1.141       ms
[2023-11-12T20:18:13.881+0800][gc,stats    ]    Subphase: Concurrent Roots CodeCache                    0.000 / 0.000         0.000 / 0.000         0.000 / 0.000         0.000 / 0.000       ms
[2023-11-12T20:18:13.881+0800][gc,stats    ]    Subphase: Concurrent Roots JavaThreads                  0.000 / 0.000         1.318 / 1.908         1.318 / 1.908         1.318 / 1.908       ms
[2023-11-12T20:18:13.881+0800][gc,stats    ]    Subphase: Concurrent Roots OopStorageSet                0.000 / 0.000         0.117 / 0.285         0.117 / 0.285         0.117 / 0.285       ms
[2023-11-12T20:18:13.881+0800][gc,stats    ]    Subphase: Concurrent Weak Roots OopStorageSet           0.000 / 0.000         0.376 / 0.512         0.376 / 0.512         0.376 / 0.512       ms
[2023-11-12T20:18:13.881+0800][gc,stats    ]    Subphase: Pause Mark Try Complete                       0.000 / 0.000         0.000 / 0.000         0.000 / 0.000         0.000 / 0.000       ms
[2023-11-12T20:18:13.881+0800][gc,stats    ]      System: Java Threads                                      0 / 0                38 / 52               38 / 52               38 / 52          threads
[2023-11-12T20:18:13.881+0800][gc,stats    ] =========================================================================================================================================================
[2023-11-12T20:18:23.881+0800][gc,stats    ] === Garbage Collection Statistics =======================================================================================================================
[2023-11-12T20:18:23.881+0800][gc,stats    ]                                                              Last 10s              Last 10m              Last 10h                Total
[2023-11-12T20:18:23.881+0800][gc,stats    ]                                                              Avg / Max             Avg / Max             Avg / Max             Avg / Max
[2023-11-12T20:18:23.881+0800][gc,stats    ]   Collector: Garbage Collection Cycle                      0.000 / 0.000        50.665 / 66.843       50.665 / 66.843       50.665 / 66.843      ms
[2023-11-12T20:18:23.881+0800][gc,stats    ]  Contention: Mark Segment Reset Contention                     0 / 0                 0 / 9                 0 / 9                 0 / 9           ops/s
[2023-11-12T20:18:23.881+0800][gc,stats    ]  Contention: Mark SeqNum Reset Contention                      0 / 0                 0 / 1                 0 / 1                 0 / 1           ops/s
[2023-11-12T20:18:23.881+0800][gc,stats    ]    Critical: Allocation Stall                                  0 / 0                 0 / 0                 0 / 0                 0 / 0           ops/s
[2023-11-12T20:18:23.881+0800][gc,stats    ]    Critical: Allocation Stall                              0.000 / 0.000         0.000 / 0.000         0.000 / 0.000         0.000 / 0.000       ms
[2023-11-12T20:18:23.881+0800][gc,stats    ]    Critical: GC Locker Stall                                   0 / 0                 0 / 0                 0 / 0                 0 / 0           ops/s
[2023-11-12T20:18:23.881+0800][gc,stats    ]    Critical: GC Locker Stall                               0.000 / 0.000         0.000 / 0.000         0.000 / 0.000         0.000 / 0.000       ms
[2023-11-12T20:18:23.881+0800][gc,stats    ]    Critical: Relocation Stall                                  0 / 0                 0 / 0                 0 / 0                 0 / 0           ops/s
[2023-11-12T20:18:23.881+0800][gc,stats    ]    Critical: Relocation Stall                              0.000 / 0.000         0.000 / 0.000         0.000 / 0.000         0.000 / 0.000       ms
[2023-11-12T20:18:23.881+0800][gc,stats    ]      Memory: Allocation Rate                                   0 / 0                 0 / 66                0 / 66                0 / 66          MB/s
[2023-11-12T20:18:23.881+0800][gc,stats    ]      Memory: Defragment                                        0 / 0                 0 / 0                 0 / 0                 0 / 0           ops/s
[2023-11-12T20:18:23.881+0800][gc,stats    ]      Memory: Out Of Memory                                     0 / 0                 0 / 0                 0 / 0                 0 / 0           ops/s
[2023-11-12T20:18:23.881+0800][gc,stats    ]      Memory: Page Cache Flush                                  0 / 0                 0 / 0                 0 / 0                 0 / 0           MB/s
[2023-11-12T20:18:23.881+0800][gc,stats    ]      Memory: Page Cache Hit L1                                 0 / 0                 0 / 32                0 / 32                0 / 32          ops/s
[2023-11-12T20:18:23.881+0800][gc,stats    ]      Memory: Page Cache Hit L2                                 0 / 0                 0 / 0                 0 / 0                 0 / 0           ops/s
[2023-11-12T20:18:23.881+0800][gc,stats    ]      Memory: Page Cache Hit L3                                 0 / 0                 0 / 33                0 / 33                0 / 33          ops/s
[2023-11-12T20:18:23.881+0800][gc,stats    ]      Memory: Page Cache Miss                                   0 / 0                 0 / 1                 0 / 1                 0 / 1           ops/s
[2023-11-12T20:18:23.881+0800][gc,stats    ]      Memory: Uncommit                                          0 / 0                 0 / 0                 0 / 0                 0 / 0           MB/s
[2023-11-12T20:18:23.881+0800][gc,stats    ]      Memory: Undo Object Allocation Failed                     0 / 0                 0 / 0                 0 / 0                 0 / 0           ops/s
[2023-11-12T20:18:23.881+0800][gc,stats    ]      Memory: Undo Object Allocation Succeeded                  0 / 0                 0 / 0                 0 / 0                 0 / 0           ops/s
[2023-11-12T20:18:23.881+0800][gc,stats    ]      Memory: Undo Page Allocation                              0 / 0                 0 / 0                 0 / 0                 0 / 0           ops/s
[2023-11-12T20:18:23.881+0800][gc,stats    ]       Phase: Concurrent Mark                               0.000 / 0.000        26.305 / 27.135       26.305 / 27.135       26.305 / 27.135      ms
[2023-11-12T20:18:23.881+0800][gc,stats    ]       Phase: Concurrent Mark Continue                      0.000 / 0.000         0.000 / 0.000         0.000 / 0.000         0.000 / 0.000       ms
[2023-11-12T20:18:23.881+0800][gc,stats    ]       Phase: Concurrent Mark Free                          0.000 / 0.000         0.001 / 0.001         0.001 / 0.001         0.001 / 0.001       ms
[2023-11-12T20:18:23.881+0800][gc,stats    ]       Phase: Concurrent Process Non-Strong References      0.000 / 0.000         1.929 / 2.001         1.929 / 2.001         1.929 / 2.001       ms
[2023-11-12T20:18:23.881+0800][gc,stats    ]       Phase: Concurrent Relocate                           0.000 / 0.000         3.090 / 3.413         3.090 / 3.413         3.090 / 3.413       ms
[2023-11-12T20:18:23.881+0800][gc,stats    ]       Phase: Concurrent Reset Relocation Set               0.000 / 0.000         0.002 / 0.004         0.002 / 0.004         0.002 / 0.004       ms
[2023-11-12T20:18:23.881+0800][gc,stats    ]       Phase: Concurrent Select Relocation Set              0.000 / 0.000        18.052 / 34.722       18.052 / 34.722       18.052 / 34.722      ms
[2023-11-12T20:18:23.881+0800][gc,stats    ]       Phase: Pause Mark End                                0.000 / 0.000         0.017 / 0.020         0.017 / 0.020         0.017 / 0.020       ms
[2023-11-12T20:18:23.881+0800][gc,stats    ]       Phase: Pause Mark Start                              0.000 / 0.000         0.102 / 0.195         0.102 / 0.195         0.102 / 0.195       ms
[2023-11-12T20:18:23.881+0800][gc,stats    ]       Phase: Pause Relocate Start                          0.000 / 0.000         0.012 / 0.013         0.012 / 0.013         0.012 / 0.013       ms
[2023-11-12T20:18:23.881+0800][gc,stats    ]    Subphase: Concurrent Classes Purge                      0.000 / 0.000         0.065 / 0.066         0.065 / 0.066         0.065 / 0.066       ms
[2023-11-12T20:18:23.881+0800][gc,stats    ]    Subphase: Concurrent Classes Unlink                     0.000 / 0.000         1.307 / 1.369         1.307 / 1.369         1.307 / 1.369       ms
[2023-11-12T20:18:23.881+0800][gc,stats    ]    Subphase: Concurrent Mark                               0.000 / 0.000        21.516 / 25.107       21.516 / 25.107       21.516 / 25.107      ms
[2023-11-12T20:18:23.881+0800][gc,stats    ]    Subphase: Concurrent Mark Try Flush                     0.000 / 0.000         0.198 / 1.014         0.198 / 1.014         0.198 / 1.014       ms
[2023-11-12T20:18:23.881+0800][gc,stats    ]    Subphase: Concurrent Mark Try Terminate                 0.000 / 0.000         7.711 / 13.370        7.711 / 13.370        7.711 / 13.370      ms
[2023-11-12T20:18:23.881+0800][gc,stats    ]    Subphase: Concurrent References Enqueue                 0.000 / 0.000         0.004 / 0.004         0.004 / 0.004         0.004 / 0.004       ms
[2023-11-12T20:18:23.881+0800][gc,stats    ]    Subphase: Concurrent References Process                 0.000 / 0.000         0.088 / 0.091         0.088 / 0.091         0.088 / 0.091       ms
[2023-11-12T20:18:23.881+0800][gc,stats    ]    Subphase: Concurrent Roots ClassLoaderDataGraph         0.000 / 0.000         0.224 / 1.141         0.224 / 1.141         0.224 / 1.141       ms
[2023-11-12T20:18:23.881+0800][gc,stats    ]    Subphase: Concurrent Roots CodeCache                    0.000 / 0.000         0.000 / 0.000         0.000 / 0.000         0.000 / 0.000       ms
[2023-11-12T20:18:23.881+0800][gc,stats    ]    Subphase: Concurrent Roots JavaThreads                  0.000 / 0.000         1.318 / 1.908         1.318 / 1.908         1.318 / 1.908       ms
[2023-11-12T20:18:23.881+0800][gc,stats    ]    Subphase: Concurrent Roots OopStorageSet                0.000 / 0.000         0.117 / 0.285         0.117 / 0.285         0.117 / 0.285       ms
[2023-11-12T20:18:23.881+0800][gc,stats    ]    Subphase: Concurrent Weak Roots OopStorageSet           0.000 / 0.000         0.376 / 0.512         0.376 / 0.512         0.376 / 0.512       ms
[2023-11-12T20:18:23.881+0800][gc,stats    ]    Subphase: Pause Mark Try Complete                       0.000 / 0.000         0.000 / 0.000         0.000 / 0.000         0.000 / 0.000       ms
[2023-11-12T20:18:23.881+0800][gc,stats    ]      System: Java Threads                                      0 / 0                38 / 52               38 / 52               38 / 52          threads
[2023-11-12T20:18:23.881+0800][gc,stats    ] =========================================================================================================================================================
[2023-11-12T20:18:33.871+0800][gc,stats    ] === Garbage Collection Statistics =======================================================================================================================
[2023-11-12T20:18:33.871+0800][gc,stats    ]                                                              Last 10s              Last 10m              Last 10h                Total
[2023-11-12T20:18:33.871+0800][gc,stats    ]                                                              Avg / Max             Avg / Max             Avg / Max             Avg / Max
[2023-11-12T20:18:33.871+0800][gc,stats    ]   Collector: Garbage Collection Cycle                      0.000 / 0.000        50.665 / 66.843       50.665 / 66.843       50.665 / 66.843      ms
[2023-11-12T20:18:33.871+0800][gc,stats    ]  Contention: Mark Segment Reset Contention                     0 / 0                 0 / 9                 0 / 9                 0 / 9           ops/s
[2023-11-12T20:18:33.871+0800][gc,stats    ]  Contention: Mark SeqNum Reset Contention                      0 / 0                 0 / 1                 0 / 1                 0 / 1           ops/s
[2023-11-12T20:18:33.871+0800][gc,stats    ]    Critical: Allocation Stall                                  0 / 0                 0 / 0                 0 / 0                 0 / 0           ops/s
[2023-11-12T20:18:33.871+0800][gc,stats    ]    Critical: Allocation Stall                              0.000 / 0.000         0.000 / 0.000         0.000 / 0.000         0.000 / 0.000       ms
[2023-11-12T20:18:33.871+0800][gc,stats    ]    Critical: GC Locker Stall                                   0 / 0                 0 / 0                 0 / 0                 0 / 0           ops/s
[2023-11-12T20:18:33.871+0800][gc,stats    ]    Critical: GC Locker Stall                               0.000 / 0.000         0.000 / 0.000         0.000 / 0.000         0.000 / 0.000       ms
[2023-11-12T20:18:33.871+0800][gc,stats    ]    Critical: Relocation Stall                                  0 / 0                 0 / 0                 0 / 0                 0 / 0           ops/s
[2023-11-12T20:18:33.871+0800][gc,stats    ]    Critical: Relocation Stall                              0.000 / 0.000         0.000 / 0.000         0.000 / 0.000         0.000 / 0.000       ms
[2023-11-12T20:18:33.871+0800][gc,stats    ]      Memory: Allocation Rate                                   0 / 0                 0 / 66                0 / 66                0 / 66          MB/s
[2023-11-12T20:18:33.871+0800][gc,stats    ]      Memory: Defragment                                        0 / 0                 0 / 0                 0 / 0                 0 / 0           ops/s
[2023-11-12T20:18:33.871+0800][gc,stats    ]      Memory: Out Of Memory                                     0 / 0                 0 / 0                 0 / 0                 0 / 0           ops/s
[2023-11-12T20:18:33.871+0800][gc,stats    ]      Memory: Page Cache Flush                                  0 / 0                 0 / 0                 0 / 0                 0 / 0           MB/s
[2023-11-12T20:18:33.871+0800][gc,stats    ]      Memory: Page Cache Hit L1                                 0 / 0                 0 / 32                0 / 32                0 / 32          ops/s
[2023-11-12T20:18:33.871+0800][gc,stats    ]      Memory: Page Cache Hit L2                                 0 / 0                 0 / 0                 0 / 0                 0 / 0           ops/s
[2023-11-12T20:18:33.871+0800][gc,stats    ]      Memory: Page Cache Hit L3                                 0 / 0                 0 / 33                0 / 33                0 / 33          ops/s
[2023-11-12T20:18:33.871+0800][gc,stats    ]      Memory: Page Cache Miss                                   0 / 0                 0 / 1                 0 / 1                 0 / 1           ops/s
[2023-11-12T20:18:33.871+0800][gc,stats    ]      Memory: Uncommit                                          0 / 0                 0 / 0                 0 / 0                 0 / 0           MB/s
[2023-11-12T20:18:33.871+0800][gc,stats    ]      Memory: Undo Object Allocation Failed                     0 / 0                 0 / 0                 0 / 0                 0 / 0           ops/s
[2023-11-12T20:18:33.871+0800][gc,stats    ]      Memory: Undo Object Allocation Succeeded                  0 / 0                 0 / 0                 0 / 0                 0 / 0           ops/s
[2023-11-12T20:18:33.871+0800][gc,stats    ]      Memory: Undo Page Allocation                              0 / 0                 0 / 0                 0 / 0                 0 / 0           ops/s
[2023-11-12T20:18:33.871+0800][gc,stats    ]       Phase: Concurrent Mark                               0.000 / 0.000        26.305 / 27.135       26.305 / 27.135       26.305 / 27.135      ms
[2023-11-12T20:18:33.871+0800][gc,stats    ]       Phase: Concurrent Mark Continue                      0.000 / 0.000         0.000 / 0.000         0.000 / 0.000         0.000 / 0.000       ms
[2023-11-12T20:18:33.871+0800][gc,stats    ]       Phase: Concurrent Mark Free                          0.000 / 0.000         0.001 / 0.001         0.001 / 0.001         0.001 / 0.001       ms
[2023-11-12T20:18:33.871+0800][gc,stats    ]       Phase: Concurrent Process Non-Strong References      0.000 / 0.000         1.929 / 2.001         1.929 / 2.001         1.929 / 2.001       ms
[2023-11-12T20:18:33.871+0800][gc,stats    ]       Phase: Concurrent Relocate                           0.000 / 0.000         3.090 / 3.413         3.090 / 3.413         3.090 / 3.413       ms
[2023-11-12T20:18:33.871+0800][gc,stats    ]       Phase: Concurrent Reset Relocation Set               0.000 / 0.000         0.002 / 0.004         0.002 / 0.004         0.002 / 0.004       ms
[2023-11-12T20:18:33.871+0800][gc,stats    ]       Phase: Concurrent Select Relocation Set              0.000 / 0.000        18.052 / 34.722       18.052 / 34.722       18.052 / 34.722      ms
[2023-11-12T20:18:33.871+0800][gc,stats    ]       Phase: Pause Mark End                                0.000 / 0.000         0.017 / 0.020         0.017 / 0.020         0.017 / 0.020       ms
[2023-11-12T20:18:33.871+0800][gc,stats    ]       Phase: Pause Mark Start                              0.000 / 0.000         0.102 / 0.195         0.102 / 0.195         0.102 / 0.195       ms
[2023-11-12T20:18:33.871+0800][gc,stats    ]       Phase: Pause Relocate Start                          0.000 / 0.000         0.012 / 0.013         0.012 / 0.013         0.012 / 0.013       ms
[2023-11-12T20:18:33.871+0800][gc,stats    ]    Subphase: Concurrent Classes Purge                      0.000 / 0.000         0.065 / 0.066         0.065 / 0.066         0.065 / 0.066       ms
[2023-11-12T20:18:33.871+0800][gc,stats    ]    Subphase: Concurrent Classes Unlink                     0.000 / 0.000         1.307 / 1.369         1.307 / 1.369         1.307 / 1.369       ms
[2023-11-12T20:18:33.871+0800][gc,stats    ]    Subphase: Concurrent Mark                               0.000 / 0.000        21.516 / 25.107       21.516 / 25.107       21.516 / 25.107      ms
[2023-11-12T20:18:33.871+0800][gc,stats    ]    Subphase: Concurrent Mark Try Flush                     0.000 / 0.000         0.198 / 1.014         0.198 / 1.014         0.198 / 1.014       ms
[2023-11-12T20:18:33.871+0800][gc,stats    ]    Subphase: Concurrent Mark Try Terminate                 0.000 / 0.000         7.711 / 13.370        7.711 / 13.370        7.711 / 13.370      ms
[2023-11-12T20:18:33.871+0800][gc,stats    ]    Subphase: Concurrent References Enqueue                 0.000 / 0.000         0.004 / 0.004         0.004 / 0.004         0.004 / 0.004       ms
[2023-11-12T20:18:33.871+0800][gc,stats    ]    Subphase: Concurrent References Process                 0.000 / 0.000         0.088 / 0.091         0.088 / 0.091         0.088 / 0.091       ms
[2023-11-12T20:18:33.871+0800][gc,stats    ]    Subphase: Concurrent Roots ClassLoaderDataGraph         0.000 / 0.000         0.224 / 1.141         0.224 / 1.141         0.224 / 1.141       ms
[2023-11-12T20:18:33.871+0800][gc,stats    ]    Subphase: Concurrent Roots CodeCache                    0.000 / 0.000         0.000 / 0.000         0.000 / 0.000         0.000 / 0.000       ms
[2023-11-12T20:18:33.871+0800][gc,stats    ]    Subphase: Concurrent Roots JavaThreads                  0.000 / 0.000         1.318 / 1.908         1.318 / 1.908         1.318 / 1.908       ms
[2023-11-12T20:18:33.871+0800][gc,stats    ]    Subphase: Concurrent Roots OopStorageSet                0.000 / 0.000         0.117 / 0.285         0.117 / 0.285         0.117 / 0.285       ms
[2023-11-12T20:18:33.871+0800][gc,stats    ]    Subphase: Concurrent Weak Roots OopStorageSet           0.000 / 0.000         0.376 / 0.512         0.376 / 0.512         0.376 / 0.512       ms
[2023-11-12T20:18:33.871+0800][gc,stats    ]    Subphase: Pause Mark Try Complete                       0.000 / 0.000         0.000 / 0.000         0.000 / 0.000         0.000 / 0.000       ms
[2023-11-12T20:18:33.871+0800][gc,stats    ]      System: Java Threads                                      0 / 0                38 / 52               38 / 52               38 / 52          threads
[2023-11-12T20:18:33.871+0800][gc,stats    ] =========================================================================================================================================================
[2023-11-12T20:18:43.884+0800][gc,stats    ] === Garbage Collection Statistics =======================================================================================================================
[2023-11-12T20:18:43.884+0800][gc,stats    ]                                                              Last 10s              Last 10m              Last 10h                Total
[2023-11-12T20:18:43.884+0800][gc,stats    ]                                                              Avg / Max             Avg / Max             Avg / Max             Avg / Max
[2023-11-12T20:18:43.884+0800][gc,stats    ]   Collector: Garbage Collection Cycle                      0.000 / 0.000        50.665 / 66.843       50.665 / 66.843       50.665 / 66.843      ms
[2023-11-12T20:18:43.884+0800][gc,stats    ]  Contention: Mark Segment Reset Contention                     0 / 0                 0 / 9                 0 / 9                 0 / 9           ops/s
[2023-11-12T20:18:43.884+0800][gc,stats    ]  Contention: Mark SeqNum Reset Contention                      0 / 0                 0 / 1                 0 / 1                 0 / 1           ops/s
[2023-11-12T20:18:43.884+0800][gc,stats    ]    Critical: Allocation Stall                                  0 / 0                 0 / 0                 0 / 0                 0 / 0           ops/s
[2023-11-12T20:18:43.884+0800][gc,stats    ]    Critical: Allocation Stall                              0.000 / 0.000         0.000 / 0.000         0.000 / 0.000         0.000 / 0.000       ms
[2023-11-12T20:18:43.884+0800][gc,stats    ]    Critical: GC Locker Stall                                   0 / 0                 0 / 0                 0 / 0                 0 / 0           ops/s
[2023-11-12T20:18:43.884+0800][gc,stats    ]    Critical: GC Locker Stall                               0.000 / 0.000         0.000 / 0.000         0.000 / 0.000         0.000 / 0.000       ms
[2023-11-12T20:18:43.884+0800][gc,stats    ]    Critical: Relocation Stall                                  0 / 0                 0 / 0                 0 / 0                 0 / 0           ops/s
[2023-11-12T20:18:43.884+0800][gc,stats    ]    Critical: Relocation Stall                              0.000 / 0.000         0.000 / 0.000         0.000 / 0.000         0.000 / 0.000       ms
[2023-11-12T20:18:43.884+0800][gc,stats    ]      Memory: Allocation Rate                                   0 / 0                 0 / 66                0 / 66                0 / 66          MB/s
[2023-11-12T20:18:43.884+0800][gc,stats    ]      Memory: Defragment                                        0 / 0                 0 / 0                 0 / 0                 0 / 0           ops/s
[2023-11-12T20:18:43.884+0800][gc,stats    ]      Memory: Out Of Memory                                     0 / 0                 0 / 0                 0 / 0                 0 / 0           ops/s
[2023-11-12T20:18:43.884+0800][gc,stats    ]      Memory: Page Cache Flush                                  0 / 0                 0 / 0                 0 / 0                 0 / 0           MB/s
[2023-11-12T20:18:43.884+0800][gc,stats    ]      Memory: Page Cache Hit L1                                 0 / 0                 0 / 32                0 / 32                0 / 32          ops/s
[2023-11-12T20:18:43.884+0800][gc,stats    ]      Memory: Page Cache Hit L2                                 0 / 0                 0 / 0                 0 / 0                 0 / 0           ops/s
[2023-11-12T20:18:43.884+0800][gc,stats    ]      Memory: Page Cache Hit L3                                 0 / 0                 0 / 33                0 / 33                0 / 33          ops/s
[2023-11-12T20:18:43.884+0800][gc,stats    ]      Memory: Page Cache Miss                                   0 / 0                 0 / 1                 0 / 1                 0 / 1           ops/s
[2023-11-12T20:18:43.884+0800][gc,stats    ]      Memory: Uncommit                                          0 / 0                 0 / 0                 0 / 0                 0 / 0           MB/s
[2023-11-12T20:18:43.884+0800][gc,stats    ]      Memory: Undo Object Allocation Failed                     0 / 0                 0 / 0                 0 / 0                 0 / 0           ops/s
[2023-11-12T20:18:43.884+0800][gc,stats    ]      Memory: Undo Object Allocation Succeeded                  0 / 0                 0 / 0                 0 / 0                 0 / 0           ops/s
[2023-11-12T20:18:43.884+0800][gc,stats    ]      Memory: Undo Page Allocation                              0 / 0                 0 / 0                 0 / 0                 0 / 0           ops/s
[2023-11-12T20:18:43.884+0800][gc,stats    ]       Phase: Concurrent Mark                               0.000 / 0.000        26.305 / 27.135       26.305 / 27.135       26.305 / 27.135      ms
[2023-11-12T20:18:43.884+0800][gc,stats    ]       Phase: Concurrent Mark Continue                      0.000 / 0.000         0.000 / 0.000         0.000 / 0.000         0.000 / 0.000       ms
[2023-11-12T20:18:43.884+0800][gc,stats    ]       Phase: Concurrent Mark Free                          0.000 / 0.000         0.001 / 0.001         0.001 / 0.001         0.001 / 0.001       ms
[2023-11-12T20:18:43.884+0800][gc,stats    ]       Phase: Concurrent Process Non-Strong References      0.000 / 0.000         1.929 / 2.001         1.929 / 2.001         1.929 / 2.001       ms
[2023-11-12T20:18:43.884+0800][gc,stats    ]       Phase: Concurrent Relocate                           0.000 / 0.000         3.090 / 3.413         3.090 / 3.413         3.090 / 3.413       ms
[2023-11-12T20:18:43.884+0800][gc,stats    ]       Phase: Concurrent Reset Relocation Set               0.000 / 0.000         0.002 / 0.004         0.002 / 0.004         0.002 / 0.004       ms
[2023-11-12T20:18:43.884+0800][gc,stats    ]       Phase: Concurrent Select Relocation Set              0.000 / 0.000        18.052 / 34.722       18.052 / 34.722       18.052 / 34.722      ms
[2023-11-12T20:18:43.884+0800][gc,stats    ]       Phase: Pause Mark End                                0.000 / 0.000         0.017 / 0.020         0.017 / 0.020         0.017 / 0.020       ms
[2023-11-12T20:18:43.884+0800][gc,stats    ]       Phase: Pause Mark Start                              0.000 / 0.000         0.102 / 0.195         0.102 / 0.195         0.102 / 0.195       ms
[2023-11-12T20:18:43.884+0800][gc,stats    ]       Phase: Pause Relocate Start                          0.000 / 0.000         0.012 / 0.013         0.012 / 0.013         0.012 / 0.013       ms
[2023-11-12T20:18:43.884+0800][gc,stats    ]    Subphase: Concurrent Classes Purge                      0.000 / 0.000         0.065 / 0.066         0.065 / 0.066         0.065 / 0.066       ms
[2023-11-12T20:18:43.884+0800][gc,stats    ]    Subphase: Concurrent Classes Unlink                     0.000 / 0.000         1.307 / 1.369         1.307 / 1.369         1.307 / 1.369       ms
[2023-11-12T20:18:43.884+0800][gc,stats    ]    Subphase: Concurrent Mark                               0.000 / 0.000        21.516 / 25.107       21.516 / 25.107       21.516 / 25.107      ms
[2023-11-12T20:18:43.884+0800][gc,stats    ]    Subphase: Concurrent Mark Try Flush                     0.000 / 0.000         0.198 / 1.014         0.198 / 1.014         0.198 / 1.014       ms
[2023-11-12T20:18:43.884+0800][gc,stats    ]    Subphase: Concurrent Mark Try Terminate                 0.000 / 0.000         7.711 / 13.370        7.711 / 13.370        7.711 / 13.370      ms
[2023-11-12T20:18:43.884+0800][gc,stats    ]    Subphase: Concurrent References Enqueue                 0.000 / 0.000         0.004 / 0.004         0.004 / 0.004         0.004 / 0.004       ms
[2023-11-12T20:18:43.884+0800][gc,stats    ]    Subphase: Concurrent References Process                 0.000 / 0.000         0.088 / 0.091         0.088 / 0.091         0.088 / 0.091       ms
[2023-11-12T20:18:43.884+0800][gc,stats    ]    Subphase: Concurrent Roots ClassLoaderDataGraph         0.000 / 0.000         0.224 / 1.141         0.224 / 1.141         0.224 / 1.141       ms
[2023-11-12T20:18:43.885+0800][gc,stats    ]    Subphase: Concurrent Roots CodeCache                    0.000 / 0.000         0.000 / 0.000         0.000 / 0.000         0.000 / 0.000       ms
[2023-11-12T20:18:43.885+0800][gc,stats    ]    Subphase: Concurrent Roots JavaThreads                  0.000 / 0.000         1.318 / 1.908         1.318 / 1.908         1.318 / 1.908       ms
[2023-11-12T20:18:43.885+0800][gc,stats    ]    Subphase: Concurrent Roots OopStorageSet                0.000 / 0.000         0.117 / 0.285         0.117 / 0.285         0.117 / 0.285       ms
[2023-11-12T20:18:43.885+0800][gc,stats    ]    Subphase: Concurrent Weak Roots OopStorageSet           0.000 / 0.000         0.376 / 0.512         0.376 / 0.512         0.376 / 0.512       ms
[2023-11-12T20:18:43.885+0800][gc,stats    ]    Subphase: Pause Mark Try Complete                       0.000 / 0.000         0.000 / 0.000         0.000 / 0.000         0.000 / 0.000       ms
[2023-11-12T20:18:43.885+0800][gc,stats    ]      System: Java Threads                                      0 / 0                38 / 52               38 / 52               38 / 52          threads
[2023-11-12T20:18:43.885+0800][gc,stats    ] =========================================================================================================================================================
[2023-11-12T20:18:53.872+0800][gc,stats    ] === Garbage Collection Statistics =======================================================================================================================
[2023-11-12T20:18:53.872+0800][gc,stats    ]                                                              Last 10s              Last 10m              Last 10h                Total
[2023-11-12T20:18:53.872+0800][gc,stats    ]                                                              Avg / Max             Avg / Max             Avg / Max             Avg / Max
[2023-11-12T20:18:53.872+0800][gc,stats    ]   Collector: Garbage Collection Cycle                      0.000 / 0.000        50.665 / 66.843       50.665 / 66.843       50.665 / 66.843      ms
[2023-11-12T20:18:53.872+0800][gc,stats    ]  Contention: Mark Segment Reset Contention                     0 / 0                 0 / 9                 0 / 9                 0 / 9           ops/s
[2023-11-12T20:18:53.872+0800][gc,stats    ]  Contention: Mark SeqNum Reset Contention                      0 / 0                 0 / 1                 0 / 1                 0 / 1           ops/s
[2023-11-12T20:18:53.872+0800][gc,stats    ]    Critical: Allocation Stall                                  0 / 0                 0 / 0                 0 / 0                 0 / 0           ops/s
[2023-11-12T20:18:53.872+0800][gc,stats    ]    Critical: Allocation Stall                              0.000 / 0.000         0.000 / 0.000         0.000 / 0.000         0.000 / 0.000       ms
[2023-11-12T20:18:53.872+0800][gc,stats    ]    Critical: GC Locker Stall                                   0 / 0                 0 / 0                 0 / 0                 0 / 0           ops/s
[2023-11-12T20:18:53.872+0800][gc,stats    ]    Critical: GC Locker Stall                               0.000 / 0.000         0.000 / 0.000         0.000 / 0.000         0.000 / 0.000       ms
[2023-11-12T20:18:53.872+0800][gc,stats    ]    Critical: Relocation Stall                                  0 / 0                 0 / 0                 0 / 0                 0 / 0           ops/s
[2023-11-12T20:18:53.872+0800][gc,stats    ]    Critical: Relocation Stall                              0.000 / 0.000         0.000 / 0.000         0.000 / 0.000         0.000 / 0.000       ms
[2023-11-12T20:18:53.872+0800][gc,stats    ]      Memory: Allocation Rate                                   0 / 0                 0 / 66                0 / 66                0 / 66          MB/s
[2023-11-12T20:18:53.872+0800][gc,stats    ]      Memory: Defragment                                        0 / 0                 0 / 0                 0 / 0                 0 / 0           ops/s
[2023-11-12T20:18:53.872+0800][gc,stats    ]      Memory: Out Of Memory                                     0 / 0                 0 / 0                 0 / 0                 0 / 0           ops/s
[2023-11-12T20:18:53.872+0800][gc,stats    ]      Memory: Page Cache Flush                                  0 / 0                 0 / 0                 0 / 0                 0 / 0           MB/s
[2023-11-12T20:18:53.872+0800][gc,stats    ]      Memory: Page Cache Hit L1                                 0 / 0                 0 / 32                0 / 32                0 / 32          ops/s
[2023-11-12T20:18:53.872+0800][gc,stats    ]      Memory: Page Cache Hit L2                                 0 / 0                 0 / 0                 0 / 0                 0 / 0           ops/s
[2023-11-12T20:18:53.872+0800][gc,stats    ]      Memory: Page Cache Hit L3                                 0 / 0                 0 / 33                0 / 33                0 / 33          ops/s
[2023-11-12T20:18:53.872+0800][gc,stats    ]      Memory: Page Cache Miss                                   0 / 0                 0 / 1                 0 / 1                 0 / 1           ops/s
[2023-11-12T20:18:53.872+0800][gc,stats    ]      Memory: Uncommit                                          0 / 0                 0 / 0                 0 / 0                 0 / 0           MB/s
[2023-11-12T20:18:53.872+0800][gc,stats    ]      Memory: Undo Object Allocation Failed                     0 / 0                 0 / 0                 0 / 0                 0 / 0           ops/s
[2023-11-12T20:18:53.872+0800][gc,stats    ]      Memory: Undo Object Allocation Succeeded                  0 / 0                 0 / 0                 0 / 0                 0 / 0           ops/s
[2023-11-12T20:18:53.872+0800][gc,stats    ]      Memory: Undo Page Allocation                              0 / 0                 0 / 0                 0 / 0                 0 / 0           ops/s
[2023-11-12T20:18:53.872+0800][gc,stats    ]       Phase: Concurrent Mark                               0.000 / 0.000        26.305 / 27.135       26.305 / 27.135       26.305 / 27.135      ms
[2023-11-12T20:18:53.872+0800][gc,stats    ]       Phase: Concurrent Mark Continue                      0.000 / 0.000         0.000 / 0.000         0.000 / 0.000         0.000 / 0.000       ms
[2023-11-12T20:18:53.872+0800][gc,stats    ]       Phase: Concurrent Mark Free                          0.000 / 0.000         0.001 / 0.001         0.001 / 0.001         0.001 / 0.001       ms
[2023-11-12T20:18:53.872+0800][gc,stats    ]       Phase: Concurrent Process Non-Strong References      0.000 / 0.000         1.929 / 2.001         1.929 / 2.001         1.929 / 2.001       ms
[2023-11-12T20:18:53.872+0800][gc,stats    ]       Phase: Concurrent Relocate                           0.000 / 0.000         3.090 / 3.413         3.090 / 3.413         3.090 / 3.413       ms
[2023-11-12T20:18:53.872+0800][gc,stats    ]       Phase: Concurrent Reset Relocation Set               0.000 / 0.000         0.002 / 0.004         0.002 / 0.004         0.002 / 0.004       ms
[2023-11-12T20:18:53.872+0800][gc,stats    ]       Phase: Concurrent Select Relocation Set              0.000 / 0.000        18.052 / 34.722       18.052 / 34.722       18.052 / 34.722      ms
[2023-11-12T20:18:53.872+0800][gc,stats    ]       Phase: Pause Mark End                                0.000 / 0.000         0.017 / 0.020         0.017 / 0.020         0.017 / 0.020       ms
[2023-11-12T20:18:53.872+0800][gc,stats    ]       Phase: Pause Mark Start                              0.000 / 0.000         0.102 / 0.195         0.102 / 0.195         0.102 / 0.195       ms
[2023-11-12T20:18:53.872+0800][gc,stats    ]       Phase: Pause Relocate Start                          0.000 / 0.000         0.012 / 0.013         0.012 / 0.013         0.012 / 0.013       ms
[2023-11-12T20:18:53.872+0800][gc,stats    ]    Subphase: Concurrent Classes Purge                      0.000 / 0.000         0.065 / 0.066         0.065 / 0.066         0.065 / 0.066       ms
[2023-11-12T20:18:53.872+0800][gc,stats    ]    Subphase: Concurrent Classes Unlink                     0.000 / 0.000         1.307 / 1.369         1.307 / 1.369         1.307 / 1.369       ms
[2023-11-12T20:18:53.872+0800][gc,stats    ]    Subphase: Concurrent Mark                               0.000 / 0.000        21.516 / 25.107       21.516 / 25.107       21.516 / 25.107      ms
[2023-11-12T20:18:53.872+0800][gc,stats    ]    Subphase: Concurrent Mark Try Flush                     0.000 / 0.000         0.198 / 1.014         0.198 / 1.014         0.198 / 1.014       ms
[2023-11-12T20:18:53.872+0800][gc,stats    ]    Subphase: Concurrent Mark Try Terminate                 0.000 / 0.000         7.711 / 13.370        7.711 / 13.370        7.711 / 13.370      ms
[2023-11-12T20:18:53.872+0800][gc,stats    ]    Subphase: Concurrent References Enqueue                 0.000 / 0.000         0.004 / 0.004         0.004 / 0.004         0.004 / 0.004       ms
[2023-11-12T20:18:53.872+0800][gc,stats    ]    Subphase: Concurrent References Process                 0.000 / 0.000         0.088 / 0.091         0.088 / 0.091         0.088 / 0.091       ms
[2023-11-12T20:18:53.872+0800][gc,stats    ]    Subphase: Concurrent Roots ClassLoaderDataGraph         0.000 / 0.000         0.224 / 1.141         0.224 / 1.141         0.224 / 1.141       ms
[2023-11-12T20:18:53.872+0800][gc,stats    ]    Subphase: Concurrent Roots CodeCache                    0.000 / 0.000         0.000 / 0.000         0.000 / 0.000         0.000 / 0.000       ms
[2023-11-12T20:18:53.872+0800][gc,stats    ]    Subphase: Concurrent Roots JavaThreads                  0.000 / 0.000         1.318 / 1.908         1.318 / 1.908         1.318 / 1.908       ms
[2023-11-12T20:18:53.872+0800][gc,stats    ]    Subphase: Concurrent Roots OopStorageSet                0.000 / 0.000         0.117 / 0.285         0.117 / 0.285         0.117 / 0.285       ms
[2023-11-12T20:18:53.872+0800][gc,stats    ]    Subphase: Concurrent Weak Roots OopStorageSet           0.000 / 0.000         0.376 / 0.512         0.376 / 0.512         0.376 / 0.512       ms
[2023-11-12T20:18:53.872+0800][gc,stats    ]    Subphase: Pause Mark Try Complete                       0.000 / 0.000         0.000 / 0.000         0.000 / 0.000         0.000 / 0.000       ms
[2023-11-12T20:18:53.872+0800][gc,stats    ]      System: Java Threads                                      0 / 0                38 / 52               38 / 52               38 / 52          threads
[2023-11-12T20:18:53.872+0800][gc,stats    ] =========================================================================================================================================================
[2023-11-12T20:19:03.879+0800][gc,stats    ] === Garbage Collection Statistics =======================================================================================================================
[2023-11-12T20:19:03.879+0800][gc,stats    ]                                                              Last 10s              Last 10m              Last 10h                Total
[2023-11-12T20:19:03.879+0800][gc,stats    ]                                                              Avg / Max             Avg / Max             Avg / Max             Avg / Max
[2023-11-12T20:19:03.879+0800][gc,stats    ]   Collector: Garbage Collection Cycle                      0.000 / 0.000        50.665 / 66.843       50.665 / 66.843       50.665 / 66.843      ms
[2023-11-12T20:19:03.879+0800][gc,stats    ]  Contention: Mark Segment Reset Contention                     0 / 0                 0 / 9                 0 / 9                 0 / 9           ops/s
[2023-11-12T20:19:03.879+0800][gc,stats    ]  Contention: Mark SeqNum Reset Contention                      0 / 0                 0 / 1                 0 / 1                 0 / 1           ops/s
[2023-11-12T20:19:03.879+0800][gc,stats    ]    Critical: Allocation Stall                                  0 / 0                 0 / 0                 0 / 0                 0 / 0           ops/s
[2023-11-12T20:19:03.879+0800][gc,stats    ]    Critical: Allocation Stall                              0.000 / 0.000         0.000 / 0.000         0.000 / 0.000         0.000 / 0.000       ms
[2023-11-12T20:19:03.879+0800][gc,stats    ]    Critical: GC Locker Stall                                   0 / 0                 0 / 0                 0 / 0                 0 / 0           ops/s
[2023-11-12T20:19:03.879+0800][gc,stats    ]    Critical: GC Locker Stall                               0.000 / 0.000         0.000 / 0.000         0.000 / 0.000         0.000 / 0.000       ms
[2023-11-12T20:19:03.879+0800][gc,stats    ]    Critical: Relocation Stall                                  0 / 0                 0 / 0                 0 / 0                 0 / 0           ops/s
[2023-11-12T20:19:03.879+0800][gc,stats    ]    Critical: Relocation Stall                              0.000 / 0.000         0.000 / 0.000         0.000 / 0.000         0.000 / 0.000       ms
[2023-11-12T20:19:03.879+0800][gc,stats    ]      Memory: Allocation Rate                                   0 / 0                 0 / 66                0 / 66                0 / 66          MB/s
[2023-11-12T20:19:03.879+0800][gc,stats    ]      Memory: Defragment                                        0 / 0                 0 / 0                 0 / 0                 0 / 0           ops/s
[2023-11-12T20:19:03.879+0800][gc,stats    ]      Memory: Out Of Memory                                     0 / 0                 0 / 0                 0 / 0                 0 / 0           ops/s
[2023-11-12T20:19:03.879+0800][gc,stats    ]      Memory: Page Cache Flush                                  0 / 0                 0 / 0                 0 / 0                 0 / 0           MB/s
[2023-11-12T20:19:03.879+0800][gc,stats    ]      Memory: Page Cache Hit L1                                 0 / 0                 0 / 32                0 / 32                0 / 32          ops/s
[2023-11-12T20:19:03.879+0800][gc,stats    ]      Memory: Page Cache Hit L2                                 0 / 0                 0 / 0                 0 / 0                 0 / 0           ops/s
[2023-11-12T20:19:03.879+0800][gc,stats    ]      Memory: Page Cache Hit L3                                 0 / 0                 0 / 33                0 / 33                0 / 33          ops/s
[2023-11-12T20:19:03.879+0800][gc,stats    ]      Memory: Page Cache Miss                                   0 / 0                 0 / 1                 0 / 1                 0 / 1           ops/s
[2023-11-12T20:19:03.879+0800][gc,stats    ]      Memory: Uncommit                                          0 / 0                 0 / 0                 0 / 0                 0 / 0           MB/s
[2023-11-12T20:19:03.879+0800][gc,stats    ]      Memory: Undo Object Allocation Failed                     0 / 0                 0 / 0                 0 / 0                 0 / 0           ops/s
[2023-11-12T20:19:03.879+0800][gc,stats    ]      Memory: Undo Object Allocation Succeeded                  0 / 0                 0 / 0                 0 / 0                 0 / 0           ops/s
[2023-11-12T20:19:03.879+0800][gc,stats    ]      Memory: Undo Page Allocation                              0 / 0                 0 / 0                 0 / 0                 0 / 0           ops/s
[2023-11-12T20:19:03.879+0800][gc,stats    ]       Phase: Concurrent Mark                               0.000 / 0.000        26.305 / 27.135       26.305 / 27.135       26.305 / 27.135      ms
[2023-11-12T20:19:03.879+0800][gc,stats    ]       Phase: Concurrent Mark Continue                      0.000 / 0.000         0.000 / 0.000         0.000 / 0.000         0.000 / 0.000       ms
[2023-11-12T20:19:03.879+0800][gc,stats    ]       Phase: Concurrent Mark Free                          0.000 / 0.000         0.001 / 0.001         0.001 / 0.001         0.001 / 0.001       ms
[2023-11-12T20:19:03.879+0800][gc,stats    ]       Phase: Concurrent Process Non-Strong References      0.000 / 0.000         1.929 / 2.001         1.929 / 2.001         1.929 / 2.001       ms
[2023-11-12T20:19:03.879+0800][gc,stats    ]       Phase: Concurrent Relocate                           0.000 / 0.000         3.090 / 3.413         3.090 / 3.413         3.090 / 3.413       ms
[2023-11-12T20:19:03.879+0800][gc,stats    ]       Phase: Concurrent Reset Relocation Set               0.000 / 0.000         0.002 / 0.004         0.002 / 0.004         0.002 / 0.004       ms
[2023-11-12T20:19:03.879+0800][gc,stats    ]       Phase: Concurrent Select Relocation Set              0.000 / 0.000        18.052 / 34.722       18.052 / 34.722       18.052 / 34.722      ms
[2023-11-12T20:19:03.879+0800][gc,stats    ]       Phase: Pause Mark End                                0.000 / 0.000         0.017 / 0.020         0.017 / 0.020         0.017 / 0.020       ms
[2023-11-12T20:19:03.879+0800][gc,stats    ]       Phase: Pause Mark Start                              0.000 / 0.000         0.102 / 0.195         0.102 / 0.195         0.102 / 0.195       ms
[2023-11-12T20:19:03.879+0800][gc,stats    ]       Phase: Pause Relocate Start                          0.000 / 0.000         0.012 / 0.013         0.012 / 0.013         0.012 / 0.013       ms
[2023-11-12T20:19:03.879+0800][gc,stats    ]    Subphase: Concurrent Classes Purge                      0.000 / 0.000         0.065 / 0.066         0.065 / 0.066         0.065 / 0.066       ms
[2023-11-12T20:19:03.879+0800][gc,stats    ]    Subphase: Concurrent Classes Unlink                     0.000 / 0.000         1.307 / 1.369         1.307 / 1.369         1.307 / 1.369       ms
[2023-11-12T20:19:03.879+0800][gc,stats    ]    Subphase: Concurrent Mark                               0.000 / 0.000        21.516 / 25.107       21.516 / 25.107       21.516 / 25.107      ms
[2023-11-12T20:19:03.879+0800][gc,stats    ]    Subphase: Concurrent Mark Try Flush                     0.000 / 0.000         0.198 / 1.014         0.198 / 1.014         0.198 / 1.014       ms
[2023-11-12T20:19:03.879+0800][gc,stats    ]    Subphase: Concurrent Mark Try Terminate                 0.000 / 0.000         7.711 / 13.370        7.711 / 13.370        7.711 / 13.370      ms
[2023-11-12T20:19:03.879+0800][gc,stats    ]    Subphase: Concurrent References Enqueue                 0.000 / 0.000         0.004 / 0.004         0.004 / 0.004         0.004 / 0.004       ms
[2023-11-12T20:19:03.879+0800][gc,stats    ]    Subphase: Concurrent References Process                 0.000 / 0.000         0.088 / 0.091         0.088 / 0.091         0.088 / 0.091       ms
[2023-11-12T20:19:03.879+0800][gc,stats    ]    Subphase: Concurrent Roots ClassLoaderDataGraph         0.000 / 0.000         0.224 / 1.141         0.224 / 1.141         0.224 / 1.141       ms
[2023-11-12T20:19:03.879+0800][gc,stats    ]    Subphase: Concurrent Roots CodeCache                    0.000 / 0.000         0.000 / 0.000         0.000 / 0.000         0.000 / 0.000       ms
[2023-11-12T20:19:03.879+0800][gc,stats    ]    Subphase: Concurrent Roots JavaThreads                  0.000 / 0.000         1.318 / 1.908         1.318 / 1.908         1.318 / 1.908       ms
[2023-11-12T20:19:03.879+0800][gc,stats    ]    Subphase: Concurrent Roots OopStorageSet                0.000 / 0.000         0.117 / 0.285         0.117 / 0.285         0.117 / 0.285       ms
[2023-11-12T20:19:03.879+0800][gc,stats    ]    Subphase: Concurrent Weak Roots OopStorageSet           0.000 / 0.000         0.376 / 0.512         0.376 / 0.512         0.376 / 0.512       ms
[2023-11-12T20:19:03.879+0800][gc,stats    ]    Subphase: Pause Mark Try Complete                       0.000 / 0.000         0.000 / 0.000         0.000 / 0.000         0.000 / 0.000       ms
[2023-11-12T20:19:03.879+0800][gc,stats    ]      System: Java Threads                                      0 / 0                38 / 52               38 / 52               38 / 52          threads
[2023-11-12T20:19:03.879+0800][gc,stats    ] =========================================================================================================================================================
[2023-11-12T20:19:13.876+0800][gc,stats    ] === Garbage Collection Statistics =======================================================================================================================
[2023-11-12T20:19:13.876+0800][gc,stats    ]                                                              Last 10s              Last 10m              Last 10h                Total
[2023-11-12T20:19:13.876+0800][gc,stats    ]                                                              Avg / Max             Avg / Max             Avg / Max             Avg / Max
[2023-11-12T20:19:13.876+0800][gc,stats    ]   Collector: Garbage Collection Cycle                      0.000 / 0.000        50.665 / 66.843       50.665 / 66.843       50.665 / 66.843      ms
[2023-11-12T20:19:13.876+0800][gc,stats    ]  Contention: Mark Segment Reset Contention                     0 / 0                 0 / 9                 0 / 9                 0 / 9           ops/s
[2023-11-12T20:19:13.876+0800][gc,stats    ]  Contention: Mark SeqNum Reset Contention                      0 / 0                 0 / 1                 0 / 1                 0 / 1           ops/s
[2023-11-12T20:19:13.876+0800][gc,stats    ]    Critical: Allocation Stall                                  0 / 0                 0 / 0                 0 / 0                 0 / 0           ops/s
[2023-11-12T20:19:13.876+0800][gc,stats    ]    Critical: Allocation Stall                              0.000 / 0.000         0.000 / 0.000         0.000 / 0.000         0.000 / 0.000       ms
[2023-11-12T20:19:13.876+0800][gc,stats    ]    Critical: GC Locker Stall                                   0 / 0                 0 / 0                 0 / 0                 0 / 0           ops/s
[2023-11-12T20:19:13.876+0800][gc,stats    ]    Critical: GC Locker Stall                               0.000 / 0.000         0.000 / 0.000         0.000 / 0.000         0.000 / 0.000       ms
[2023-11-12T20:19:13.876+0800][gc,stats    ]    Critical: Relocation Stall                                  0 / 0                 0 / 0                 0 / 0                 0 / 0           ops/s
[2023-11-12T20:19:13.876+0800][gc,stats    ]    Critical: Relocation Stall                              0.000 / 0.000         0.000 / 0.000         0.000 / 0.000         0.000 / 0.000       ms
[2023-11-12T20:19:13.876+0800][gc,stats    ]      Memory: Allocation Rate                                   0 / 0                 0 / 66                0 / 66                0 / 66          MB/s
[2023-11-12T20:19:13.876+0800][gc,stats    ]      Memory: Defragment                                        0 / 0                 0 / 0                 0 / 0                 0 / 0           ops/s
[2023-11-12T20:19:13.876+0800][gc,stats    ]      Memory: Out Of Memory                                     0 / 0                 0 / 0                 0 / 0                 0 / 0           ops/s
[2023-11-12T20:19:13.876+0800][gc,stats    ]      Memory: Page Cache Flush                                  0 / 0                 0 / 0                 0 / 0                 0 / 0           MB/s
[2023-11-12T20:19:13.876+0800][gc,stats    ]      Memory: Page Cache Hit L1                                 0 / 0                 0 / 32                0 / 32                0 / 32          ops/s
[2023-11-12T20:19:13.876+0800][gc,stats    ]      Memory: Page Cache Hit L2                                 0 / 0                 0 / 0                 0 / 0                 0 / 0           ops/s
[2023-11-12T20:19:13.876+0800][gc,stats    ]      Memory: Page Cache Hit L3                                 0 / 0                 0 / 33                0 / 33                0 / 33          ops/s
[2023-11-12T20:19:13.876+0800][gc,stats    ]      Memory: Page Cache Miss                                   0 / 0                 0 / 1                 0 / 1                 0 / 1           ops/s
[2023-11-12T20:19:13.876+0800][gc,stats    ]      Memory: Uncommit                                          0 / 0                 0 / 0                 0 / 0                 0 / 0           MB/s
[2023-11-12T20:19:13.876+0800][gc,stats    ]      Memory: Undo Object Allocation Failed                     0 / 0                 0 / 0                 0 / 0                 0 / 0           ops/s
[2023-11-12T20:19:13.876+0800][gc,stats    ]      Memory: Undo Object Allocation Succeeded                  0 / 0                 0 / 0                 0 / 0                 0 / 0           ops/s
[2023-11-12T20:19:13.876+0800][gc,stats    ]      Memory: Undo Page Allocation                              0 / 0                 0 / 0                 0 / 0                 0 / 0           ops/s
[2023-11-12T20:19:13.876+0800][gc,stats    ]       Phase: Concurrent Mark                               0.000 / 0.000        26.305 / 27.135       26.305 / 27.135       26.305 / 27.135      ms
[2023-11-12T20:19:13.876+0800][gc,stats    ]       Phase: Concurrent Mark Continue                      0.000 / 0.000         0.000 / 0.000         0.000 / 0.000         0.000 / 0.000       ms
[2023-11-12T20:19:13.876+0800][gc,stats    ]       Phase: Concurrent Mark Free                          0.000 / 0.000         0.001 / 0.001         0.001 / 0.001         0.001 / 0.001       ms
[2023-11-12T20:19:13.876+0800][gc,stats    ]       Phase: Concurrent Process Non-Strong References      0.000 / 0.000         1.929 / 2.001         1.929 / 2.001         1.929 / 2.001       ms
[2023-11-12T20:19:13.876+0800][gc,stats    ]       Phase: Concurrent Relocate                           0.000 / 0.000         3.090 / 3.413         3.090 / 3.413         3.090 / 3.413       ms
[2023-11-12T20:19:13.876+0800][gc,stats    ]       Phase: Concurrent Reset Relocation Set               0.000 / 0.000         0.002 / 0.004         0.002 / 0.004         0.002 / 0.004       ms
[2023-11-12T20:19:13.876+0800][gc,stats    ]       Phase: Concurrent Select Relocation Set              0.000 / 0.000        18.052 / 34.722       18.052 / 34.722       18.052 / 34.722      ms
[2023-11-12T20:19:13.876+0800][gc,stats    ]       Phase: Pause Mark End                                0.000 / 0.000         0.017 / 0.020         0.017 / 0.020         0.017 / 0.020       ms
[2023-11-12T20:19:13.876+0800][gc,stats    ]       Phase: Pause Mark Start                              0.000 / 0.000         0.102 / 0.195         0.102 / 0.195         0.102 / 0.195       ms
[2023-11-12T20:19:13.876+0800][gc,stats    ]       Phase: Pause Relocate Start                          0.000 / 0.000         0.012 / 0.013         0.012 / 0.013         0.012 / 0.013       ms
[2023-11-12T20:19:13.876+0800][gc,stats    ]    Subphase: Concurrent Classes Purge                      0.000 / 0.000         0.065 / 0.066         0.065 / 0.066         0.065 / 0.066       ms
[2023-11-12T20:19:13.876+0800][gc,stats    ]    Subphase: Concurrent Classes Unlink                     0.000 / 0.000         1.307 / 1.369         1.307 / 1.369         1.307 / 1.369       ms
[2023-11-12T20:19:13.876+0800][gc,stats    ]    Subphase: Concurrent Mark                               0.000 / 0.000        21.516 / 25.107       21.516 / 25.107       21.516 / 25.107      ms
[2023-11-12T20:19:13.876+0800][gc,stats    ]    Subphase: Concurrent Mark Try Flush                     0.000 / 0.000         0.198 / 1.014         0.198 / 1.014         0.198 / 1.014       ms
[2023-11-12T20:19:13.876+0800][gc,stats    ]    Subphase: Concurrent Mark Try Terminate                 0.000 / 0.000         7.711 / 13.370        7.711 / 13.370        7.711 / 13.370      ms
[2023-11-12T20:19:13.876+0800][gc,stats    ]    Subphase: Concurrent References Enqueue                 0.000 / 0.000         0.004 / 0.004         0.004 / 0.004         0.004 / 0.004       ms
[2023-11-12T20:19:13.876+0800][gc,stats    ]    Subphase: Concurrent References Process                 0.000 / 0.000         0.088 / 0.091         0.088 / 0.091         0.088 / 0.091       ms
[2023-11-12T20:19:13.876+0800][gc,stats    ]    Subphase: Concurrent Roots ClassLoaderDataGraph         0.000 / 0.000         0.224 / 1.141         0.224 / 1.141         0.224 / 1.141       ms
[2023-11-12T20:19:13.876+0800][gc,stats    ]    Subphase: Concurrent Roots CodeCache                    0.000 / 0.000         0.000 / 0.000         0.000 / 0.000         0.000 / 0.000       ms
[2023-11-12T20:19:13.876+0800][gc,stats    ]    Subphase: Concurrent Roots JavaThreads                  0.000 / 0.000         1.318 / 1.908         1.318 / 1.908         1.318 / 1.908       ms
[2023-11-12T20:19:13.876+0800][gc,stats    ]    Subphase: Concurrent Roots OopStorageSet                0.000 / 0.000         0.117 / 0.285         0.117 / 0.285         0.117 / 0.285       ms
[2023-11-12T20:19:13.876+0800][gc,stats    ]    Subphase: Concurrent Weak Roots OopStorageSet           0.000 / 0.000         0.376 / 0.512         0.376 / 0.512         0.376 / 0.512       ms
[2023-11-12T20:19:13.876+0800][gc,stats    ]    Subphase: Pause Mark Try Complete                       0.000 / 0.000         0.000 / 0.000         0.000 / 0.000         0.000 / 0.000       ms
[2023-11-12T20:19:13.876+0800][gc,stats    ]      System: Java Threads                                      0 / 0                38 / 52               38 / 52               38 / 52          threads
[2023-11-12T20:19:13.876+0800][gc,stats    ] =========================================================================================================================================================
[2023-11-12T20:19:23.886+0800][gc,stats    ] === Garbage Collection Statistics =======================================================================================================================
[2023-11-12T20:19:23.886+0800][gc,stats    ]                                                              Last 10s              Last 10m              Last 10h                Total
[2023-11-12T20:19:23.886+0800][gc,stats    ]                                                              Avg / Max             Avg / Max             Avg / Max             Avg / Max
[2023-11-12T20:19:23.886+0800][gc,stats    ]   Collector: Garbage Collection Cycle                      0.000 / 0.000        50.665 / 66.843       50.665 / 66.843       50.665 / 66.843      ms
[2023-11-12T20:19:23.886+0800][gc,stats    ]  Contention: Mark Segment Reset Contention                     0 / 0                 0 / 9                 0 / 9                 0 / 9           ops/s
[2023-11-12T20:19:23.886+0800][gc,stats    ]  Contention: Mark SeqNum Reset Contention                      0 / 0                 0 / 1                 0 / 1                 0 / 1           ops/s
[2023-11-12T20:19:23.886+0800][gc,stats    ]    Critical: Allocation Stall                                  0 / 0                 0 / 0                 0 / 0                 0 / 0           ops/s
[2023-11-12T20:19:23.886+0800][gc,stats    ]    Critical: Allocation Stall                              0.000 / 0.000         0.000 / 0.000         0.000 / 0.000         0.000 / 0.000       ms
[2023-11-12T20:19:23.886+0800][gc,stats    ]    Critical: GC Locker Stall                                   0 / 0                 0 / 0                 0 / 0                 0 / 0           ops/s
[2023-11-12T20:19:23.886+0800][gc,stats    ]    Critical: GC Locker Stall                               0.000 / 0.000         0.000 / 0.000         0.000 / 0.000         0.000 / 0.000       ms
[2023-11-12T20:19:23.886+0800][gc,stats    ]    Critical: Relocation Stall                                  0 / 0                 0 / 0                 0 / 0                 0 / 0           ops/s
[2023-11-12T20:19:23.886+0800][gc,stats    ]    Critical: Relocation Stall                              0.000 / 0.000         0.000 / 0.000         0.000 / 0.000         0.000 / 0.000       ms
[2023-11-12T20:19:23.886+0800][gc,stats    ]      Memory: Allocation Rate                                   0 / 0                 0 / 66                0 / 66                0 / 66          MB/s
[2023-11-12T20:19:23.886+0800][gc,stats    ]      Memory: Defragment                                        0 / 0                 0 / 0                 0 / 0                 0 / 0           ops/s
[2023-11-12T20:19:23.886+0800][gc,stats    ]      Memory: Out Of Memory                                     0 / 0                 0 / 0                 0 / 0                 0 / 0           ops/s
[2023-11-12T20:19:23.886+0800][gc,stats    ]      Memory: Page Cache Flush                                  0 / 0                 0 / 0                 0 / 0                 0 / 0           MB/s
[2023-11-12T20:19:23.886+0800][gc,stats    ]      Memory: Page Cache Hit L1                                 0 / 0                 0 / 32                0 / 32                0 / 32          ops/s
[2023-11-12T20:19:23.886+0800][gc,stats    ]      Memory: Page Cache Hit L2                                 0 / 0                 0 / 0                 0 / 0                 0 / 0           ops/s
[2023-11-12T20:19:23.886+0800][gc,stats    ]      Memory: Page Cache Hit L3                                 0 / 0                 0 / 33                0 / 33                0 / 33          ops/s
[2023-11-12T20:19:23.886+0800][gc,stats    ]      Memory: Page Cache Miss                                   0 / 0                 0 / 1                 0 / 1                 0 / 1           ops/s
[2023-11-12T20:19:23.886+0800][gc,stats    ]      Memory: Uncommit                                          0 / 0                 0 / 0                 0 / 0                 0 / 0           MB/s
[2023-11-12T20:19:23.886+0800][gc,stats    ]      Memory: Undo Object Allocation Failed                     0 / 0                 0 / 0                 0 / 0                 0 / 0           ops/s
[2023-11-12T20:19:23.886+0800][gc,stats    ]      Memory: Undo Object Allocation Succeeded                  0 / 0                 0 / 0                 0 / 0                 0 / 0           ops/s
[2023-11-12T20:19:23.886+0800][gc,stats    ]      Memory: Undo Page Allocation                              0 / 0                 0 / 0                 0 / 0                 0 / 0           ops/s
[2023-11-12T20:19:23.886+0800][gc,stats    ]       Phase: Concurrent Mark                               0.000 / 0.000        26.305 / 27.135       26.305 / 27.135       26.305 / 27.135      ms
[2023-11-12T20:19:23.886+0800][gc,stats    ]       Phase: Concurrent Mark Continue                      0.000 / 0.000         0.000 / 0.000         0.000 / 0.000         0.000 / 0.000       ms
[2023-11-12T20:19:23.886+0800][gc,stats    ]       Phase: Concurrent Mark Free                          0.000 / 0.000         0.001 / 0.001         0.001 / 0.001         0.001 / 0.001       ms
[2023-11-12T20:19:23.886+0800][gc,stats    ]       Phase: Concurrent Process Non-Strong References      0.000 / 0.000         1.929 / 2.001         1.929 / 2.001         1.929 / 2.001       ms
[2023-11-12T20:19:23.886+0800][gc,stats    ]       Phase: Concurrent Relocate                           0.000 / 0.000         3.090 / 3.413         3.090 / 3.413         3.090 / 3.413       ms
[2023-11-12T20:19:23.886+0800][gc,stats    ]       Phase: Concurrent Reset Relocation Set               0.000 / 0.000         0.002 / 0.004         0.002 / 0.004         0.002 / 0.004       ms
[2023-11-12T20:19:23.886+0800][gc,stats    ]       Phase: Concurrent Select Relocation Set              0.000 / 0.000        18.052 / 34.722       18.052 / 34.722       18.052 / 34.722      ms
[2023-11-12T20:19:23.886+0800][gc,stats    ]       Phase: Pause Mark End                                0.000 / 0.000         0.017 / 0.020         0.017 / 0.020         0.017 / 0.020       ms
[2023-11-12T20:19:23.886+0800][gc,stats    ]       Phase: Pause Mark Start                              0.000 / 0.000         0.102 / 0.195         0.102 / 0.195         0.102 / 0.195       ms
[2023-11-12T20:19:23.886+0800][gc,stats    ]       Phase: Pause Relocate Start                          0.000 / 0.000         0.012 / 0.013         0.012 / 0.013         0.012 / 0.013       ms
[2023-11-12T20:19:23.886+0800][gc,stats    ]    Subphase: Concurrent Classes Purge                      0.000 / 0.000         0.065 / 0.066         0.065 / 0.066         0.065 / 0.066       ms
[2023-11-12T20:19:23.886+0800][gc,stats    ]    Subphase: Concurrent Classes Unlink                     0.000 / 0.000         1.307 / 1.369         1.307 / 1.369         1.307 / 1.369       ms
[2023-11-12T20:19:23.886+0800][gc,stats    ]    Subphase: Concurrent Mark                               0.000 / 0.000        21.516 / 25.107       21.516 / 25.107       21.516 / 25.107      ms
[2023-11-12T20:19:23.886+0800][gc,stats    ]    Subphase: Concurrent Mark Try Flush                     0.000 / 0.000         0.198 / 1.014         0.198 / 1.014         0.198 / 1.014       ms
[2023-11-12T20:19:23.886+0800][gc,stats    ]    Subphase: Concurrent Mark Try Terminate                 0.000 / 0.000         7.711 / 13.370        7.711 / 13.370        7.711 / 13.370      ms
[2023-11-12T20:19:23.886+0800][gc,stats    ]    Subphase: Concurrent References Enqueue                 0.000 / 0.000         0.004 / 0.004         0.004 / 0.004         0.004 / 0.004       ms
[2023-11-12T20:19:23.886+0800][gc,stats    ]    Subphase: Concurrent References Process                 0.000 / 0.000         0.088 / 0.091         0.088 / 0.091         0.088 / 0.091       ms
[2023-11-12T20:19:23.886+0800][gc,stats    ]    Subphase: Concurrent Roots ClassLoaderDataGraph         0.000 / 0.000         0.224 / 1.141         0.224 / 1.141         0.224 / 1.141       ms
[2023-11-12T20:19:23.886+0800][gc,stats    ]    Subphase: Concurrent Roots CodeCache                    0.000 / 0.000         0.000 / 0.000         0.000 / 0.000         0.000 / 0.000       ms
[2023-11-12T20:19:23.886+0800][gc,stats    ]    Subphase: Concurrent Roots JavaThreads                  0.000 / 0.000         1.318 / 1.908         1.318 / 1.908         1.318 / 1.908       ms
[2023-11-12T20:19:23.886+0800][gc,stats    ]    Subphase: Concurrent Roots OopStorageSet                0.000 / 0.000         0.117 / 0.285         0.117 / 0.285         0.117 / 0.285       ms
[2023-11-12T20:19:23.886+0800][gc,stats    ]    Subphase: Concurrent Weak Roots OopStorageSet           0.000 / 0.000         0.376 / 0.512         0.376 / 0.512         0.376 / 0.512       ms
[2023-11-12T20:19:23.886+0800][gc,stats    ]    Subphase: Pause Mark Try Complete                       0.000 / 0.000         0.000 / 0.000         0.000 / 0.000         0.000 / 0.000       ms
[2023-11-12T20:19:23.886+0800][gc,stats    ]      System: Java Threads                                      0 / 0                38 / 52               38 / 52               38 / 52          threads
[2023-11-12T20:19:23.886+0800][gc,stats    ] =========================================================================================================================================================
[2023-11-12T20:19:33.883+0800][gc,stats    ] === Garbage Collection Statistics =======================================================================================================================
[2023-11-12T20:19:33.883+0800][gc,stats    ]                                                              Last 10s              Last 10m              Last 10h                Total
[2023-11-12T20:19:33.883+0800][gc,stats    ]                                                              Avg / Max             Avg / Max             Avg / Max             Avg / Max
[2023-11-12T20:19:33.883+0800][gc,stats    ]   Collector: Garbage Collection Cycle                      0.000 / 0.000        50.665 / 66.843       50.665 / 66.843       50.665 / 66.843      ms
[2023-11-12T20:19:33.883+0800][gc,stats    ]  Contention: Mark Segment Reset Contention                     0 / 0                 0 / 9                 0 / 9                 0 / 9           ops/s
[2023-11-12T20:19:33.883+0800][gc,stats    ]  Contention: Mark SeqNum Reset Contention                      0 / 0                 0 / 1                 0 / 1                 0 / 1           ops/s
[2023-11-12T20:19:33.883+0800][gc,stats    ]    Critical: Allocation Stall                                  0 / 0                 0 / 0                 0 / 0                 0 / 0           ops/s
[2023-11-12T20:19:33.883+0800][gc,stats    ]    Critical: Allocation Stall                              0.000 / 0.000         0.000 / 0.000         0.000 / 0.000         0.000 / 0.000       ms
[2023-11-12T20:19:33.883+0800][gc,stats    ]    Critical: GC Locker Stall                                   0 / 0                 0 / 0                 0 / 0                 0 / 0           ops/s
[2023-11-12T20:19:33.883+0800][gc,stats    ]    Critical: GC Locker Stall                               0.000 / 0.000         0.000 / 0.000         0.000 / 0.000         0.000 / 0.000       ms
[2023-11-12T20:19:33.883+0800][gc,stats    ]    Critical: Relocation Stall                                  0 / 0                 0 / 0                 0 / 0                 0 / 0           ops/s
[2023-11-12T20:19:33.883+0800][gc,stats    ]    Critical: Relocation Stall                              0.000 / 0.000         0.000 / 0.000         0.000 / 0.000         0.000 / 0.000       ms
[2023-11-12T20:19:33.883+0800][gc,stats    ]      Memory: Allocation Rate                                   0 / 0                 0 / 66                0 / 66                0 / 66          MB/s
[2023-11-12T20:19:33.883+0800][gc,stats    ]      Memory: Defragment                                        0 / 0                 0 / 0                 0 / 0                 0 / 0           ops/s
[2023-11-12T20:19:33.883+0800][gc,stats    ]      Memory: Out Of Memory                                     0 / 0                 0 / 0                 0 / 0                 0 / 0           ops/s
[2023-11-12T20:19:33.883+0800][gc,stats    ]      Memory: Page Cache Flush                                  0 / 0                 0 / 0                 0 / 0                 0 / 0           MB/s
[2023-11-12T20:19:33.883+0800][gc,stats    ]      Memory: Page Cache Hit L1                                 0 / 0                 0 / 32                0 / 32                0 / 32          ops/s
[2023-11-12T20:19:33.883+0800][gc,stats    ]      Memory: Page Cache Hit L2                                 0 / 0                 0 / 0                 0 / 0                 0 / 0           ops/s
[2023-11-12T20:19:33.883+0800][gc,stats    ]      Memory: Page Cache Hit L3                                 0 / 0                 0 / 33                0 / 33                0 / 33          ops/s
[2023-11-12T20:19:33.883+0800][gc,stats    ]      Memory: Page Cache Miss                                   0 / 0                 0 / 1                 0 / 1                 0 / 1           ops/s
[2023-11-12T20:19:33.883+0800][gc,stats    ]      Memory: Uncommit                                          0 / 0                 0 / 0                 0 / 0                 0 / 0           MB/s
[2023-11-12T20:19:33.883+0800][gc,stats    ]      Memory: Undo Object Allocation Failed                     0 / 0                 0 / 0                 0 / 0                 0 / 0           ops/s
[2023-11-12T20:19:33.883+0800][gc,stats    ]      Memory: Undo Object Allocation Succeeded                  0 / 0                 0 / 0                 0 / 0                 0 / 0           ops/s
[2023-11-12T20:19:33.883+0800][gc,stats    ]      Memory: Undo Page Allocation                              0 / 0                 0 / 0                 0 / 0                 0 / 0           ops/s
[2023-11-12T20:19:33.883+0800][gc,stats    ]       Phase: Concurrent Mark                               0.000 / 0.000        26.305 / 27.135       26.305 / 27.135       26.305 / 27.135      ms
[2023-11-12T20:19:33.883+0800][gc,stats    ]       Phase: Concurrent Mark Continue                      0.000 / 0.000         0.000 / 0.000         0.000 / 0.000         0.000 / 0.000       ms
[2023-11-12T20:19:33.883+0800][gc,stats    ]       Phase: Concurrent Mark Free                          0.000 / 0.000         0.001 / 0.001         0.001 / 0.001         0.001 / 0.001       ms
[2023-11-12T20:19:33.883+0800][gc,stats    ]       Phase: Concurrent Process Non-Strong References      0.000 / 0.000         1.929 / 2.001         1.929 / 2.001         1.929 / 2.001       ms
[2023-11-12T20:19:33.883+0800][gc,stats    ]       Phase: Concurrent Relocate                           0.000 / 0.000         3.090 / 3.413         3.090 / 3.413         3.090 / 3.413       ms
[2023-11-12T20:19:33.883+0800][gc,stats    ]       Phase: Concurrent Reset Relocation Set               0.000 / 0.000         0.002 / 0.004         0.002 / 0.004         0.002 / 0.004       ms
[2023-11-12T20:19:33.883+0800][gc,stats    ]       Phase: Concurrent Select Relocation Set              0.000 / 0.000        18.052 / 34.722       18.052 / 34.722       18.052 / 34.722      ms
[2023-11-12T20:19:33.883+0800][gc,stats    ]       Phase: Pause Mark End                                0.000 / 0.000         0.017 / 0.020         0.017 / 0.020         0.017 / 0.020       ms
[2023-11-12T20:19:33.883+0800][gc,stats    ]       Phase: Pause Mark Start                              0.000 / 0.000         0.102 / 0.195         0.102 / 0.195         0.102 / 0.195       ms
[2023-11-12T20:19:33.883+0800][gc,stats    ]       Phase: Pause Relocate Start                          0.000 / 0.000         0.012 / 0.013         0.012 / 0.013         0.012 / 0.013       ms
[2023-11-12T20:19:33.883+0800][gc,stats    ]    Subphase: Concurrent Classes Purge                      0.000 / 0.000         0.065 / 0.066         0.065 / 0.066         0.065 / 0.066       ms
[2023-11-12T20:19:33.883+0800][gc,stats    ]    Subphase: Concurrent Classes Unlink                     0.000 / 0.000         1.307 / 1.369         1.307 / 1.369         1.307 / 1.369       ms
[2023-11-12T20:19:33.883+0800][gc,stats    ]    Subphase: Concurrent Mark                               0.000 / 0.000        21.516 / 25.107       21.516 / 25.107       21.516 / 25.107      ms
[2023-11-12T20:19:33.883+0800][gc,stats    ]    Subphase: Concurrent Mark Try Flush                     0.000 / 0.000         0.198 / 1.014         0.198 / 1.014         0.198 / 1.014       ms
[2023-11-12T20:19:33.883+0800][gc,stats    ]    Subphase: Concurrent Mark Try Terminate                 0.000 / 0.000         7.711 / 13.370        7.711 / 13.370        7.711 / 13.370      ms
[2023-11-12T20:19:33.884+0800][gc,stats    ]    Subphase: Concurrent References Enqueue                 0.000 / 0.000         0.004 / 0.004         0.004 / 0.004         0.004 / 0.004       ms
[2023-11-12T20:19:33.884+0800][gc,stats    ]    Subphase: Concurrent References Process                 0.000 / 0.000         0.088 / 0.091         0.088 / 0.091         0.088 / 0.091       ms
[2023-11-12T20:19:33.884+0800][gc,stats    ]    Subphase: Concurrent Roots ClassLoaderDataGraph         0.000 / 0.000         0.224 / 1.141         0.224 / 1.141         0.224 / 1.141       ms
[2023-11-12T20:19:33.884+0800][gc,stats    ]    Subphase: Concurrent Roots CodeCache                    0.000 / 0.000         0.000 / 0.000         0.000 / 0.000         0.000 / 0.000       ms
[2023-11-12T20:19:33.884+0800][gc,stats    ]    Subphase: Concurrent Roots JavaThreads                  0.000 / 0.000         1.318 / 1.908         1.318 / 1.908         1.318 / 1.908       ms
[2023-11-12T20:19:33.884+0800][gc,stats    ]    Subphase: Concurrent Roots OopStorageSet                0.000 / 0.000         0.117 / 0.285         0.117 / 0.285         0.117 / 0.285       ms
[2023-11-12T20:19:33.884+0800][gc,stats    ]    Subphase: Concurrent Weak Roots OopStorageSet           0.000 / 0.000         0.376 / 0.512         0.376 / 0.512         0.376 / 0.512       ms
[2023-11-12T20:19:33.884+0800][gc,stats    ]    Subphase: Pause Mark Try Complete                       0.000 / 0.000         0.000 / 0.000         0.000 / 0.000         0.000 / 0.000       ms
[2023-11-12T20:19:33.884+0800][gc,stats    ]      System: Java Threads                                      0 / 0                38 / 52               38 / 52               38 / 52          threads
[2023-11-12T20:19:33.884+0800][gc,stats    ] =========================================================================================================================================================
[2023-11-12T20:19:43.878+0800][gc,stats    ] === Garbage Collection Statistics =======================================================================================================================
[2023-11-12T20:19:43.878+0800][gc,stats    ]                                                              Last 10s              Last 10m              Last 10h                Total
[2023-11-12T20:19:43.878+0800][gc,stats    ]                                                              Avg / Max             Avg / Max             Avg / Max             Avg / Max
[2023-11-12T20:19:43.878+0800][gc,stats    ]   Collector: Garbage Collection Cycle                      0.000 / 0.000        50.665 / 66.843       50.665 / 66.843       50.665 / 66.843      ms
[2023-11-12T20:19:43.878+0800][gc,stats    ]  Contention: Mark Segment Reset Contention                     0 / 0                 0 / 9                 0 / 9                 0 / 9           ops/s
[2023-11-12T20:19:43.878+0800][gc,stats    ]  Contention: Mark SeqNum Reset Contention                      0 / 0                 0 / 1                 0 / 1                 0 / 1           ops/s
[2023-11-12T20:19:43.878+0800][gc,stats    ]    Critical: Allocation Stall                                  0 / 0                 0 / 0                 0 / 0                 0 / 0           ops/s
[2023-11-12T20:19:43.878+0800][gc,stats    ]    Critical: Allocation Stall                              0.000 / 0.000         0.000 / 0.000         0.000 / 0.000         0.000 / 0.000       ms
[2023-11-12T20:19:43.878+0800][gc,stats    ]    Critical: GC Locker Stall                                   0 / 0                 0 / 0                 0 / 0                 0 / 0           ops/s
[2023-11-12T20:19:43.878+0800][gc,stats    ]    Critical: GC Locker Stall                               0.000 / 0.000         0.000 / 0.000         0.000 / 0.000         0.000 / 0.000       ms
[2023-11-12T20:19:43.878+0800][gc,stats    ]    Critical: Relocation Stall                                  0 / 0                 0 / 0                 0 / 0                 0 / 0           ops/s
[2023-11-12T20:19:43.878+0800][gc,stats    ]    Critical: Relocation Stall                              0.000 / 0.000         0.000 / 0.000         0.000 / 0.000         0.000 / 0.000       ms
[2023-11-12T20:19:43.878+0800][gc,stats    ]      Memory: Allocation Rate                                   0 / 0                 0 / 66                0 / 66                0 / 66          MB/s
[2023-11-12T20:19:43.878+0800][gc,stats    ]      Memory: Defragment                                        0 / 0                 0 / 0                 0 / 0                 0 / 0           ops/s
[2023-11-12T20:19:43.878+0800][gc,stats    ]      Memory: Out Of Memory                                     0 / 0                 0 / 0                 0 / 0                 0 / 0           ops/s
[2023-11-12T20:19:43.878+0800][gc,stats    ]      Memory: Page Cache Flush                                  0 / 0                 0 / 0                 0 / 0                 0 / 0           MB/s
[2023-11-12T20:19:43.878+0800][gc,stats    ]      Memory: Page Cache Hit L1                                 0 / 0                 0 / 32                0 / 32                0 / 32          ops/s
[2023-11-12T20:19:43.878+0800][gc,stats    ]      Memory: Page Cache Hit L2                                 0 / 0                 0 / 0                 0 / 0                 0 / 0           ops/s
[2023-11-12T20:19:43.878+0800][gc,stats    ]      Memory: Page Cache Hit L3                                 0 / 0                 0 / 33                0 / 33                0 / 33          ops/s
[2023-11-12T20:19:43.878+0800][gc,stats    ]      Memory: Page Cache Miss                                   0 / 0                 0 / 1                 0 / 1                 0 / 1           ops/s
[2023-11-12T20:19:43.878+0800][gc,stats    ]      Memory: Uncommit                                          0 / 0                 0 / 0                 0 / 0                 0 / 0           MB/s
[2023-11-12T20:19:43.878+0800][gc,stats    ]      Memory: Undo Object Allocation Failed                     0 / 0                 0 / 0                 0 / 0                 0 / 0           ops/s
[2023-11-12T20:19:43.878+0800][gc,stats    ]      Memory: Undo Object Allocation Succeeded                  0 / 0                 0 / 0                 0 / 0                 0 / 0           ops/s
[2023-11-12T20:19:43.878+0800][gc,stats    ]      Memory: Undo Page Allocation                              0 / 0                 0 / 0                 0 / 0                 0 / 0           ops/s
[2023-11-12T20:19:43.878+0800][gc,stats    ]       Phase: Concurrent Mark                               0.000 / 0.000        26.305 / 27.135       26.305 / 27.135       26.305 / 27.135      ms
[2023-11-12T20:19:43.878+0800][gc,stats    ]       Phase: Concurrent Mark Continue                      0.000 / 0.000         0.000 / 0.000         0.000 / 0.000         0.000 / 0.000       ms
[2023-11-12T20:19:43.878+0800][gc,stats    ]       Phase: Concurrent Mark Free                          0.000 / 0.000         0.001 / 0.001         0.001 / 0.001         0.001 / 0.001       ms
[2023-11-12T20:19:43.878+0800][gc,stats    ]       Phase: Concurrent Process Non-Strong References      0.000 / 0.000         1.929 / 2.001         1.929 / 2.001         1.929 / 2.001       ms
[2023-11-12T20:19:43.878+0800][gc,stats    ]       Phase: Concurrent Relocate                           0.000 / 0.000         3.090 / 3.413         3.090 / 3.413         3.090 / 3.413       ms
[2023-11-12T20:19:43.878+0800][gc,stats    ]       Phase: Concurrent Reset Relocation Set               0.000 / 0.000         0.002 / 0.004         0.002 / 0.004         0.002 / 0.004       ms
[2023-11-12T20:19:43.878+0800][gc,stats    ]       Phase: Concurrent Select Relocation Set              0.000 / 0.000        18.052 / 34.722       18.052 / 34.722       18.052 / 34.722      ms
[2023-11-12T20:19:43.878+0800][gc,stats    ]       Phase: Pause Mark End                                0.000 / 0.000         0.017 / 0.020         0.017 / 0.020         0.017 / 0.020       ms
[2023-11-12T20:19:43.878+0800][gc,stats    ]       Phase: Pause Mark Start                              0.000 / 0.000         0.102 / 0.195         0.102 / 0.195         0.102 / 0.195       ms
[2023-11-12T20:19:43.878+0800][gc,stats    ]       Phase: Pause Relocate Start                          0.000 / 0.000         0.012 / 0.013         0.012 / 0.013         0.012 / 0.013       ms
[2023-11-12T20:19:43.878+0800][gc,stats    ]    Subphase: Concurrent Classes Purge                      0.000 / 0.000         0.065 / 0.066         0.065 / 0.066         0.065 / 0.066       ms
[2023-11-12T20:19:43.878+0800][gc,stats    ]    Subphase: Concurrent Classes Unlink                     0.000 / 0.000         1.307 / 1.369         1.307 / 1.369         1.307 / 1.369       ms
[2023-11-12T20:19:43.878+0800][gc,stats    ]    Subphase: Concurrent Mark                               0.000 / 0.000        21.516 / 25.107       21.516 / 25.107       21.516 / 25.107      ms
[2023-11-12T20:19:43.878+0800][gc,stats    ]    Subphase: Concurrent Mark Try Flush                     0.000 / 0.000         0.198 / 1.014         0.198 / 1.014         0.198 / 1.014       ms
[2023-11-12T20:19:43.878+0800][gc,stats    ]    Subphase: Concurrent Mark Try Terminate                 0.000 / 0.000         7.711 / 13.370        7.711 / 13.370        7.711 / 13.370      ms
[2023-11-12T20:19:43.878+0800][gc,stats    ]    Subphase: Concurrent References Enqueue                 0.000 / 0.000         0.004 / 0.004         0.004 / 0.004         0.004 / 0.004       ms
[2023-11-12T20:19:43.878+0800][gc,stats    ]    Subphase: Concurrent References Process                 0.000 / 0.000         0.088 / 0.091         0.088 / 0.091         0.088 / 0.091       ms
[2023-11-12T20:19:43.878+0800][gc,stats    ]    Subphase: Concurrent Roots ClassLoaderDataGraph         0.000 / 0.000         0.224 / 1.141         0.224 / 1.141         0.224 / 1.141       ms
[2023-11-12T20:19:43.878+0800][gc,stats    ]    Subphase: Concurrent Roots CodeCache                    0.000 / 0.000         0.000 / 0.000         0.000 / 0.000         0.000 / 0.000       ms
[2023-11-12T20:19:43.878+0800][gc,stats    ]    Subphase: Concurrent Roots JavaThreads                  0.000 / 0.000         1.318 / 1.908         1.318 / 1.908         1.318 / 1.908       ms
[2023-11-12T20:19:43.878+0800][gc,stats    ]    Subphase: Concurrent Roots OopStorageSet                0.000 / 0.000         0.117 / 0.285         0.117 / 0.285         0.117 / 0.285       ms
[2023-11-12T20:19:43.878+0800][gc,stats    ]    Subphase: Concurrent Weak Roots OopStorageSet           0.000 / 0.000         0.376 / 0.512         0.376 / 0.512         0.376 / 0.512       ms
[2023-11-12T20:19:43.879+0800][gc,stats    ]    Subphase: Pause Mark Try Complete                       0.000 / 0.000         0.000 / 0.000         0.000 / 0.000         0.000 / 0.000       ms
[2023-11-12T20:19:43.879+0800][gc,stats    ]      System: Java Threads                                      0 / 0                38 / 52               38 / 52               38 / 52          threads
[2023-11-12T20:19:43.879+0800][gc,stats    ] =========================================================================================================================================================
[2023-11-12T20:19:53.878+0800][gc,stats    ] === Garbage Collection Statistics =======================================================================================================================
[2023-11-12T20:19:53.878+0800][gc,stats    ]                                                              Last 10s              Last 10m              Last 10h                Total
[2023-11-12T20:19:53.878+0800][gc,stats    ]                                                              Avg / Max             Avg / Max             Avg / Max             Avg / Max
[2023-11-12T20:19:53.878+0800][gc,stats    ]   Collector: Garbage Collection Cycle                      0.000 / 0.000        50.665 / 66.843       50.665 / 66.843       50.665 / 66.843      ms
[2023-11-12T20:19:53.878+0800][gc,stats    ]  Contention: Mark Segment Reset Contention                     0 / 0                 0 / 9                 0 / 9                 0 / 9           ops/s
[2023-11-12T20:19:53.878+0800][gc,stats    ]  Contention: Mark SeqNum Reset Contention                      0 / 0                 0 / 1                 0 / 1                 0 / 1           ops/s
[2023-11-12T20:19:53.878+0800][gc,stats    ]    Critical: Allocation Stall                                  0 / 0                 0 / 0                 0 / 0                 0 / 0           ops/s
[2023-11-12T20:19:53.878+0800][gc,stats    ]    Critical: Allocation Stall                              0.000 / 0.000         0.000 / 0.000         0.000 / 0.000         0.000 / 0.000       ms
[2023-11-12T20:19:53.878+0800][gc,stats    ]    Critical: GC Locker Stall                                   0 / 0                 0 / 0                 0 / 0                 0 / 0           ops/s
[2023-11-12T20:19:53.878+0800][gc,stats    ]    Critical: GC Locker Stall                               0.000 / 0.000         0.000 / 0.000         0.000 / 0.000         0.000 / 0.000       ms
[2023-11-12T20:19:53.878+0800][gc,stats    ]    Critical: Relocation Stall                                  0 / 0                 0 / 0                 0 / 0                 0 / 0           ops/s
[2023-11-12T20:19:53.878+0800][gc,stats    ]    Critical: Relocation Stall                              0.000 / 0.000         0.000 / 0.000         0.000 / 0.000         0.000 / 0.000       ms
[2023-11-12T20:19:53.878+0800][gc,stats    ]      Memory: Allocation Rate                                   0 / 0                 0 / 66                0 / 66                0 / 66          MB/s
[2023-11-12T20:19:53.878+0800][gc,stats    ]      Memory: Defragment                                        0 / 0                 0 / 0                 0 / 0                 0 / 0           ops/s
[2023-11-12T20:19:53.878+0800][gc,stats    ]      Memory: Out Of Memory                                     0 / 0                 0 / 0                 0 / 0                 0 / 0           ops/s
[2023-11-12T20:19:53.878+0800][gc,stats    ]      Memory: Page Cache Flush                                  0 / 0                 0 / 0                 0 / 0                 0 / 0           MB/s
[2023-11-12T20:19:53.878+0800][gc,stats    ]      Memory: Page Cache Hit L1                                 0 / 0                 0 / 32                0 / 32                0 / 32          ops/s
[2023-11-12T20:19:53.878+0800][gc,stats    ]      Memory: Page Cache Hit L2                                 0 / 0                 0 / 0                 0 / 0                 0 / 0           ops/s
[2023-11-12T20:19:53.878+0800][gc,stats    ]      Memory: Page Cache Hit L3                                 0 / 0                 0 / 33                0 / 33                0 / 33          ops/s
[2023-11-12T20:19:53.878+0800][gc,stats    ]      Memory: Page Cache Miss                                   0 / 0                 0 / 1                 0 / 1                 0 / 1           ops/s
[2023-11-12T20:19:53.878+0800][gc,stats    ]      Memory: Uncommit                                          0 / 0                 0 / 0                 0 / 0                 0 / 0           MB/s
[2023-11-12T20:19:53.878+0800][gc,stats    ]      Memory: Undo Object Allocation Failed                     0 / 0                 0 / 0                 0 / 0                 0 / 0           ops/s
[2023-11-12T20:19:53.878+0800][gc,stats    ]      Memory: Undo Object Allocation Succeeded                  0 / 0                 0 / 0                 0 / 0                 0 / 0           ops/s
[2023-11-12T20:19:53.878+0800][gc,stats    ]      Memory: Undo Page Allocation                              0 / 0                 0 / 0                 0 / 0                 0 / 0           ops/s
[2023-11-12T20:19:53.878+0800][gc,stats    ]       Phase: Concurrent Mark                               0.000 / 0.000        26.305 / 27.135       26.305 / 27.135       26.305 / 27.135      ms
[2023-11-12T20:19:53.878+0800][gc,stats    ]       Phase: Concurrent Mark Continue                      0.000 / 0.000         0.000 / 0.000         0.000 / 0.000         0.000 / 0.000       ms
[2023-11-12T20:19:53.878+0800][gc,stats    ]       Phase: Concurrent Mark Free                          0.000 / 0.000         0.001 / 0.001         0.001 / 0.001         0.001 / 0.001       ms
[2023-11-12T20:19:53.878+0800][gc,stats    ]       Phase: Concurrent Process Non-Strong References      0.000 / 0.000         1.929 / 2.001         1.929 / 2.001         1.929 / 2.001       ms
[2023-11-12T20:19:53.878+0800][gc,stats    ]       Phase: Concurrent Relocate                           0.000 / 0.000         3.090 / 3.413         3.090 / 3.413         3.090 / 3.413       ms
[2023-11-12T20:19:53.878+0800][gc,stats    ]       Phase: Concurrent Reset Relocation Set               0.000 / 0.000         0.002 / 0.004         0.002 / 0.004         0.002 / 0.004       ms
[2023-11-12T20:19:53.878+0800][gc,stats    ]       Phase: Concurrent Select Relocation Set              0.000 / 0.000        18.052 / 34.722       18.052 / 34.722       18.052 / 34.722      ms
[2023-11-12T20:19:53.878+0800][gc,stats    ]       Phase: Pause Mark End                                0.000 / 0.000         0.017 / 0.020         0.017 / 0.020         0.017 / 0.020       ms
[2023-11-12T20:19:53.878+0800][gc,stats    ]       Phase: Pause Mark Start                              0.000 / 0.000         0.102 / 0.195         0.102 / 0.195         0.102 / 0.195       ms
[2023-11-12T20:19:53.878+0800][gc,stats    ]       Phase: Pause Relocate Start                          0.000 / 0.000         0.012 / 0.013         0.012 / 0.013         0.012 / 0.013       ms
[2023-11-12T20:19:53.878+0800][gc,stats    ]    Subphase: Concurrent Classes Purge                      0.000 / 0.000         0.065 / 0.066         0.065 / 0.066         0.065 / 0.066       ms
[2023-11-12T20:19:53.878+0800][gc,stats    ]    Subphase: Concurrent Classes Unlink                     0.000 / 0.000         1.307 / 1.369         1.307 / 1.369         1.307 / 1.369       ms
[2023-11-12T20:19:53.878+0800][gc,stats    ]    Subphase: Concurrent Mark                               0.000 / 0.000        21.516 / 25.107       21.516 / 25.107       21.516 / 25.107      ms
[2023-11-12T20:19:53.878+0800][gc,stats    ]    Subphase: Concurrent Mark Try Flush                     0.000 / 0.000         0.198 / 1.014         0.198 / 1.014         0.198 / 1.014       ms
[2023-11-12T20:19:53.878+0800][gc,stats    ]    Subphase: Concurrent Mark Try Terminate                 0.000 / 0.000         7.711 / 13.370        7.711 / 13.370        7.711 / 13.370      ms
[2023-11-12T20:19:53.878+0800][gc,stats    ]    Subphase: Concurrent References Enqueue                 0.000 / 0.000         0.004 / 0.004         0.004 / 0.004         0.004 / 0.004       ms
[2023-11-12T20:19:53.878+0800][gc,stats    ]    Subphase: Concurrent References Process                 0.000 / 0.000         0.088 / 0.091         0.088 / 0.091         0.088 / 0.091       ms
[2023-11-12T20:19:53.878+0800][gc,stats    ]    Subphase: Concurrent Roots ClassLoaderDataGraph         0.000 / 0.000         0.224 / 1.141         0.224 / 1.141         0.224 / 1.141       ms
[2023-11-12T20:19:53.878+0800][gc,stats    ]    Subphase: Concurrent Roots CodeCache                    0.000 / 0.000         0.000 / 0.000         0.000 / 0.000         0.000 / 0.000       ms
[2023-11-12T20:19:53.878+0800][gc,stats    ]    Subphase: Concurrent Roots JavaThreads                  0.000 / 0.000         1.318 / 1.908         1.318 / 1.908         1.318 / 1.908       ms
[2023-11-12T20:19:53.878+0800][gc,stats    ]    Subphase: Concurrent Roots OopStorageSet                0.000 / 0.000         0.117 / 0.285         0.117 / 0.285         0.117 / 0.285       ms
[2023-11-12T20:19:53.878+0800][gc,stats    ]    Subphase: Concurrent Weak Roots OopStorageSet           0.000 / 0.000         0.376 / 0.512         0.376 / 0.512         0.376 / 0.512       ms
[2023-11-12T20:19:53.878+0800][gc,stats    ]    Subphase: Pause Mark Try Complete                       0.000 / 0.000         0.000 / 0.000         0.000 / 0.000         0.000 / 0.000       ms
[2023-11-12T20:19:53.878+0800][gc,stats    ]      System: Java Threads                                      0 / 0                38 / 52               38 / 52               38 / 52          threads
[2023-11-12T20:19:53.878+0800][gc,stats    ] =========================================================================================================================================================
[2023-11-12T20:20:03.874+0800][gc,stats    ] === Garbage Collection Statistics =======================================================================================================================
[2023-11-12T20:20:03.874+0800][gc,stats    ]                                                              Last 10s              Last 10m              Last 10h                Total
[2023-11-12T20:20:03.874+0800][gc,stats    ]                                                              Avg / Max             Avg / Max             Avg / Max             Avg / Max
[2023-11-12T20:20:03.874+0800][gc,stats    ]   Collector: Garbage Collection Cycle                      0.000 / 0.000        50.665 / 66.843       50.665 / 66.843       50.665 / 66.843      ms
[2023-11-12T20:20:03.874+0800][gc,stats    ]  Contention: Mark Segment Reset Contention                     0 / 0                 0 / 9                 0 / 9                 0 / 9           ops/s
[2023-11-12T20:20:03.874+0800][gc,stats    ]  Contention: Mark SeqNum Reset Contention                      0 / 0                 0 / 1                 0 / 1                 0 / 1           ops/s
[2023-11-12T20:20:03.874+0800][gc,stats    ]    Critical: Allocation Stall                                  0 / 0                 0 / 0                 0 / 0                 0 / 0           ops/s
[2023-11-12T20:20:03.874+0800][gc,stats    ]    Critical: Allocation Stall                              0.000 / 0.000         0.000 / 0.000         0.000 / 0.000         0.000 / 0.000       ms
[2023-11-12T20:20:03.874+0800][gc,stats    ]    Critical: GC Locker Stall                                   0 / 0                 0 / 0                 0 / 0                 0 / 0           ops/s
[2023-11-12T20:20:03.874+0800][gc,stats    ]    Critical: GC Locker Stall                               0.000 / 0.000         0.000 / 0.000         0.000 / 0.000         0.000 / 0.000       ms
[2023-11-12T20:20:03.874+0800][gc,stats    ]    Critical: Relocation Stall                                  0 / 0                 0 / 0                 0 / 0                 0 / 0           ops/s
[2023-11-12T20:20:03.874+0800][gc,stats    ]    Critical: Relocation Stall                              0.000 / 0.000         0.000 / 0.000         0.000 / 0.000         0.000 / 0.000       ms
[2023-11-12T20:20:03.874+0800][gc,stats    ]      Memory: Allocation Rate                                   0 / 0                 0 / 66                0 / 66                0 / 66          MB/s
[2023-11-12T20:20:03.874+0800][gc,stats    ]      Memory: Defragment                                        0 / 0                 0 / 0                 0 / 0                 0 / 0           ops/s
[2023-11-12T20:20:03.874+0800][gc,stats    ]      Memory: Out Of Memory                                     0 / 0                 0 / 0                 0 / 0                 0 / 0           ops/s
[2023-11-12T20:20:03.874+0800][gc,stats    ]      Memory: Page Cache Flush                                  0 / 0                 0 / 0                 0 / 0                 0 / 0           MB/s
[2023-11-12T20:20:03.874+0800][gc,stats    ]      Memory: Page Cache Hit L1                                 0 / 0                 0 / 32                0 / 32                0 / 32          ops/s
[2023-11-12T20:20:03.874+0800][gc,stats    ]      Memory: Page Cache Hit L2                                 0 / 0                 0 / 0                 0 / 0                 0 / 0           ops/s
[2023-11-12T20:20:03.874+0800][gc,stats    ]      Memory: Page Cache Hit L3                                 0 / 0                 0 / 33                0 / 33                0 / 33          ops/s
[2023-11-12T20:20:03.874+0800][gc,stats    ]      Memory: Page Cache Miss                                   0 / 0                 0 / 1                 0 / 1                 0 / 1           ops/s
[2023-11-12T20:20:03.874+0800][gc,stats    ]      Memory: Uncommit                                          0 / 0                 0 / 0                 0 / 0                 0 / 0           MB/s
[2023-11-12T20:20:03.874+0800][gc,stats    ]      Memory: Undo Object Allocation Failed                     0 / 0                 0 / 0                 0 / 0                 0 / 0           ops/s
[2023-11-12T20:20:03.874+0800][gc,stats    ]      Memory: Undo Object Allocation Succeeded                  0 / 0                 0 / 0                 0 / 0                 0 / 0           ops/s
[2023-11-12T20:20:03.874+0800][gc,stats    ]      Memory: Undo Page Allocation                              0 / 0                 0 / 0                 0 / 0                 0 / 0           ops/s
[2023-11-12T20:20:03.874+0800][gc,stats    ]       Phase: Concurrent Mark                               0.000 / 0.000        26.305 / 27.135       26.305 / 27.135       26.305 / 27.135      ms
[2023-11-12T20:20:03.874+0800][gc,stats    ]       Phase: Concurrent Mark Continue                      0.000 / 0.000         0.000 / 0.000         0.000 / 0.000         0.000 / 0.000       ms
[2023-11-12T20:20:03.874+0800][gc,stats    ]       Phase: Concurrent Mark Free                          0.000 / 0.000         0.001 / 0.001         0.001 / 0.001         0.001 / 0.001       ms
[2023-11-12T20:20:03.874+0800][gc,stats    ]       Phase: Concurrent Process Non-Strong References      0.000 / 0.000         1.929 / 2.001         1.929 / 2.001         1.929 / 2.001       ms
[2023-11-12T20:20:03.874+0800][gc,stats    ]       Phase: Concurrent Relocate                           0.000 / 0.000         3.090 / 3.413         3.090 / 3.413         3.090 / 3.413       ms
[2023-11-12T20:20:03.874+0800][gc,stats    ]       Phase: Concurrent Reset Relocation Set               0.000 / 0.000         0.002 / 0.004         0.002 / 0.004         0.002 / 0.004       ms
[2023-11-12T20:20:03.874+0800][gc,stats    ]       Phase: Concurrent Select Relocation Set              0.000 / 0.000        18.052 / 34.722       18.052 / 34.722       18.052 / 34.722      ms
[2023-11-12T20:20:03.874+0800][gc,stats    ]       Phase: Pause Mark End                                0.000 / 0.000         0.017 / 0.020         0.017 / 0.020         0.017 / 0.020       ms
[2023-11-12T20:20:03.874+0800][gc,stats    ]       Phase: Pause Mark Start                              0.000 / 0.000         0.102 / 0.195         0.102 / 0.195         0.102 / 0.195       ms
[2023-11-12T20:20:03.874+0800][gc,stats    ]       Phase: Pause Relocate Start                          0.000 / 0.000         0.012 / 0.013         0.012 / 0.013         0.012 / 0.013       ms
[2023-11-12T20:20:03.874+0800][gc,stats    ]    Subphase: Concurrent Classes Purge                      0.000 / 0.000         0.065 / 0.066         0.065 / 0.066         0.065 / 0.066       ms
[2023-11-12T20:20:03.874+0800][gc,stats    ]    Subphase: Concurrent Classes Unlink                     0.000 / 0.000         1.307 / 1.369         1.307 / 1.369         1.307 / 1.369       ms
[2023-11-12T20:20:03.874+0800][gc,stats    ]    Subphase: Concurrent Mark                               0.000 / 0.000        21.516 / 25.107       21.516 / 25.107       21.516 / 25.107      ms
[2023-11-12T20:20:03.874+0800][gc,stats    ]    Subphase: Concurrent Mark Try Flush                     0.000 / 0.000         0.198 / 1.014         0.198 / 1.014         0.198 / 1.014       ms
[2023-11-12T20:20:03.875+0800][gc,stats    ]    Subphase: Concurrent Mark Try Terminate                 0.000 / 0.000         7.711 / 13.370        7.711 / 13.370        7.711 / 13.370      ms
[2023-11-12T20:20:03.875+0800][gc,stats    ]    Subphase: Concurrent References Enqueue                 0.000 / 0.000         0.004 / 0.004         0.004 / 0.004         0.004 / 0.004       ms
[2023-11-12T20:20:03.875+0800][gc,stats    ]    Subphase: Concurrent References Process                 0.000 / 0.000         0.088 / 0.091         0.088 / 0.091         0.088 / 0.091       ms
[2023-11-12T20:20:03.875+0800][gc,stats    ]    Subphase: Concurrent Roots ClassLoaderDataGraph         0.000 / 0.000         0.224 / 1.141         0.224 / 1.141         0.224 / 1.141       ms
[2023-11-12T20:20:03.875+0800][gc,stats    ]    Subphase: Concurrent Roots CodeCache                    0.000 / 0.000         0.000 / 0.000         0.000 / 0.000         0.000 / 0.000       ms
[2023-11-12T20:20:03.875+0800][gc,stats    ]    Subphase: Concurrent Roots JavaThreads                  0.000 / 0.000         1.318 / 1.908         1.318 / 1.908         1.318 / 1.908       ms
[2023-11-12T20:20:03.875+0800][gc,stats    ]    Subphase: Concurrent Roots OopStorageSet                0.000 / 0.000         0.117 / 0.285         0.117 / 0.285         0.117 / 0.285       ms
[2023-11-12T20:20:03.875+0800][gc,stats    ]    Subphase: Concurrent Weak Roots OopStorageSet           0.000 / 0.000         0.376 / 0.512         0.376 / 0.512         0.376 / 0.512       ms
[2023-11-12T20:20:03.875+0800][gc,stats    ]    Subphase: Pause Mark Try Complete                       0.000 / 0.000         0.000 / 0.000         0.000 / 0.000         0.000 / 0.000       ms
[2023-11-12T20:20:03.875+0800][gc,stats    ]      System: Java Threads                                      0 / 0                38 / 52               38 / 52               38 / 52          threads
[2023-11-12T20:20:03.875+0800][gc,stats    ] =========================================================================================================================================================
[2023-11-12T20:20:13.885+0800][gc,stats    ] === Garbage Collection Statistics =======================================================================================================================
[2023-11-12T20:20:13.885+0800][gc,stats    ]                                                              Last 10s              Last 10m              Last 10h                Total
[2023-11-12T20:20:13.885+0800][gc,stats    ]                                                              Avg / Max             Avg / Max             Avg / Max             Avg / Max
[2023-11-12T20:20:13.885+0800][gc,stats    ]   Collector: Garbage Collection Cycle                      0.000 / 0.000        50.665 / 66.843       50.665 / 66.843       50.665 / 66.843      ms
[2023-11-12T20:20:13.885+0800][gc,stats    ]  Contention: Mark Segment Reset Contention                     0 / 0                 0 / 9                 0 / 9                 0 / 9           ops/s
[2023-11-12T20:20:13.885+0800][gc,stats    ]  Contention: Mark SeqNum Reset Contention                      0 / 0                 0 / 1                 0 / 1                 0 / 1           ops/s
[2023-11-12T20:20:13.885+0800][gc,stats    ]    Critical: Allocation Stall                                  0 / 0                 0 / 0                 0 / 0                 0 / 0           ops/s
[2023-11-12T20:20:13.885+0800][gc,stats    ]    Critical: Allocation Stall                              0.000 / 0.000         0.000 / 0.000         0.000 / 0.000         0.000 / 0.000       ms
[2023-11-12T20:20:13.885+0800][gc,stats    ]    Critical: GC Locker Stall                                   0 / 0                 0 / 0                 0 / 0                 0 / 0           ops/s
[2023-11-12T20:20:13.885+0800][gc,stats    ]    Critical: GC Locker Stall                               0.000 / 0.000         0.000 / 0.000         0.000 / 0.000         0.000 / 0.000       ms
[2023-11-12T20:20:13.885+0800][gc,stats    ]    Critical: Relocation Stall                                  0 / 0                 0 / 0                 0 / 0                 0 / 0           ops/s
[2023-11-12T20:20:13.885+0800][gc,stats    ]    Critical: Relocation Stall                              0.000 / 0.000         0.000 / 0.000         0.000 / 0.000         0.000 / 0.000       ms
[2023-11-12T20:20:13.885+0800][gc,stats    ]      Memory: Allocation Rate                                   0 / 0                 0 / 66                0 / 66                0 / 66          MB/s
[2023-11-12T20:20:13.885+0800][gc,stats    ]      Memory: Defragment                                        0 / 0                 0 / 0                 0 / 0                 0 / 0           ops/s
[2023-11-12T20:20:13.885+0800][gc,stats    ]      Memory: Out Of Memory                                     0 / 0                 0 / 0                 0 / 0                 0 / 0           ops/s
[2023-11-12T20:20:13.885+0800][gc,stats    ]      Memory: Page Cache Flush                                  0 / 0                 0 / 0                 0 / 0                 0 / 0           MB/s
[2023-11-12T20:20:13.885+0800][gc,stats    ]      Memory: Page Cache Hit L1                                 0 / 0                 0 / 32                0 / 32                0 / 32          ops/s
[2023-11-12T20:20:13.885+0800][gc,stats    ]      Memory: Page Cache Hit L2                                 0 / 0                 0 / 0                 0 / 0                 0 / 0           ops/s
[2023-11-12T20:20:13.885+0800][gc,stats    ]      Memory: Page Cache Hit L3                                 0 / 0                 0 / 33                0 / 33                0 / 33          ops/s
[2023-11-12T20:20:13.885+0800][gc,stats    ]      Memory: Page Cache Miss                                   0 / 0                 0 / 1                 0 / 1                 0 / 1           ops/s
[2023-11-12T20:20:13.885+0800][gc,stats    ]      Memory: Uncommit                                          0 / 0                 0 / 0                 0 / 0                 0 / 0           MB/s
[2023-11-12T20:20:13.885+0800][gc,stats    ]      Memory: Undo Object Allocation Failed                     0 / 0                 0 / 0                 0 / 0                 0 / 0           ops/s
[2023-11-12T20:20:13.885+0800][gc,stats    ]      Memory: Undo Object Allocation Succeeded                  0 / 0                 0 / 0                 0 / 0                 0 / 0           ops/s
[2023-11-12T20:20:13.885+0800][gc,stats    ]      Memory: Undo Page Allocation                              0 / 0                 0 / 0                 0 / 0                 0 / 0           ops/s
[2023-11-12T20:20:13.885+0800][gc,stats    ]       Phase: Concurrent Mark                               0.000 / 0.000        26.305 / 27.135       26.305 / 27.135       26.305 / 27.135      ms
[2023-11-12T20:20:13.885+0800][gc,stats    ]       Phase: Concurrent Mark Continue                      0.000 / 0.000         0.000 / 0.000         0.000 / 0.000         0.000 / 0.000       ms
[2023-11-12T20:20:13.885+0800][gc,stats    ]       Phase: Concurrent Mark Free                          0.000 / 0.000         0.001 / 0.001         0.001 / 0.001         0.001 / 0.001       ms
[2023-11-12T20:20:13.885+0800][gc,stats    ]       Phase: Concurrent Process Non-Strong References      0.000 / 0.000         1.929 / 2.001         1.929 / 2.001         1.929 / 2.001       ms
[2023-11-12T20:20:13.885+0800][gc,stats    ]       Phase: Concurrent Relocate                           0.000 / 0.000         3.090 / 3.413         3.090 / 3.413         3.090 / 3.413       ms
[2023-11-12T20:20:13.885+0800][gc,stats    ]       Phase: Concurrent Reset Relocation Set               0.000 / 0.000         0.002 / 0.004         0.002 / 0.004         0.002 / 0.004       ms
[2023-11-12T20:20:13.885+0800][gc,stats    ]       Phase: Concurrent Select Relocation Set              0.000 / 0.000        18.052 / 34.722       18.052 / 34.722       18.052 / 34.722      ms
[2023-11-12T20:20:13.885+0800][gc,stats    ]       Phase: Pause Mark End                                0.000 / 0.000         0.017 / 0.020         0.017 / 0.020         0.017 / 0.020       ms
[2023-11-12T20:20:13.885+0800][gc,stats    ]       Phase: Pause Mark Start                              0.000 / 0.000         0.102 / 0.195         0.102 / 0.195         0.102 / 0.195       ms
[2023-11-12T20:20:13.885+0800][gc,stats    ]       Phase: Pause Relocate Start                          0.000 / 0.000         0.012 / 0.013         0.012 / 0.013         0.012 / 0.013       ms
[2023-11-12T20:20:13.885+0800][gc,stats    ]    Subphase: Concurrent Classes Purge                      0.000 / 0.000         0.065 / 0.066         0.065 / 0.066         0.065 / 0.066       ms
[2023-11-12T20:20:13.885+0800][gc,stats    ]    Subphase: Concurrent Classes Unlink                     0.000 / 0.000         1.307 / 1.369         1.307 / 1.369         1.307 / 1.369       ms
[2023-11-12T20:20:13.885+0800][gc,stats    ]    Subphase: Concurrent Mark                               0.000 / 0.000        21.516 / 25.107       21.516 / 25.107       21.516 / 25.107      ms
[2023-11-12T20:20:13.885+0800][gc,stats    ]    Subphase: Concurrent Mark Try Flush                     0.000 / 0.000         0.198 / 1.014         0.198 / 1.014         0.198 / 1.014       ms
[2023-11-12T20:20:13.885+0800][gc,stats    ]    Subphase: Concurrent Mark Try Terminate                 0.000 / 0.000         7.711 / 13.370        7.711 / 13.370        7.711 / 13.370      ms
[2023-11-12T20:20:13.885+0800][gc,stats    ]    Subphase: Concurrent References Enqueue                 0.000 / 0.000         0.004 / 0.004         0.004 / 0.004         0.004 / 0.004       ms
[2023-11-12T20:20:13.885+0800][gc,stats    ]    Subphase: Concurrent References Process                 0.000 / 0.000         0.088 / 0.091         0.088 / 0.091         0.088 / 0.091       ms
[2023-11-12T20:20:13.885+0800][gc,stats    ]    Subphase: Concurrent Roots ClassLoaderDataGraph         0.000 / 0.000         0.224 / 1.141         0.224 / 1.141         0.224 / 1.141       ms
[2023-11-12T20:20:13.885+0800][gc,stats    ]    Subphase: Concurrent Roots CodeCache                    0.000 / 0.000         0.000 / 0.000         0.000 / 0.000         0.000 / 0.000       ms
[2023-11-12T20:20:13.885+0800][gc,stats    ]    Subphase: Concurrent Roots JavaThreads                  0.000 / 0.000         1.318 / 1.908         1.318 / 1.908         1.318 / 1.908       ms
[2023-11-12T20:20:13.885+0800][gc,stats    ]    Subphase: Concurrent Roots OopStorageSet                0.000 / 0.000         0.117 / 0.285         0.117 / 0.285         0.117 / 0.285       ms
[2023-11-12T20:20:13.885+0800][gc,stats    ]    Subphase: Concurrent Weak Roots OopStorageSet           0.000 / 0.000         0.376 / 0.512         0.376 / 0.512         0.376 / 0.512       ms
[2023-11-12T20:20:13.885+0800][gc,stats    ]    Subphase: Pause Mark Try Complete                       0.000 / 0.000         0.000 / 0.000         0.000 / 0.000         0.000 / 0.000       ms
[2023-11-12T20:20:13.885+0800][gc,stats    ]      System: Java Threads                                      0 / 0                38 / 52               38 / 52               38 / 52          threads
[2023-11-12T20:20:13.885+0800][gc,stats    ] =========================================================================================================================================================
[2023-11-12T20:20:23.881+0800][gc,stats    ] === Garbage Collection Statistics =======================================================================================================================
[2023-11-12T20:20:23.881+0800][gc,stats    ]                                                              Last 10s              Last 10m              Last 10h                Total
[2023-11-12T20:20:23.881+0800][gc,stats    ]                                                              Avg / Max             Avg / Max             Avg / Max             Avg / Max
[2023-11-12T20:20:23.881+0800][gc,stats    ]   Collector: Garbage Collection Cycle                      0.000 / 0.000        50.665 / 66.843       50.665 / 66.843       50.665 / 66.843      ms
[2023-11-12T20:20:23.881+0800][gc,stats    ]  Contention: Mark Segment Reset Contention                     0 / 0                 0 / 9                 0 / 9                 0 / 9           ops/s
[2023-11-12T20:20:23.881+0800][gc,stats    ]  Contention: Mark SeqNum Reset Contention                      0 / 0                 0 / 1                 0 / 1                 0 / 1           ops/s
[2023-11-12T20:20:23.881+0800][gc,stats    ]    Critical: Allocation Stall                                  0 / 0                 0 / 0                 0 / 0                 0 / 0           ops/s
[2023-11-12T20:20:23.881+0800][gc,stats    ]    Critical: Allocation Stall                              0.000 / 0.000         0.000 / 0.000         0.000 / 0.000         0.000 / 0.000       ms
[2023-11-12T20:20:23.881+0800][gc,stats    ]    Critical: GC Locker Stall                                   0 / 0                 0 / 0                 0 / 0                 0 / 0           ops/s
[2023-11-12T20:20:23.881+0800][gc,stats    ]    Critical: GC Locker Stall                               0.000 / 0.000         0.000 / 0.000         0.000 / 0.000         0.000 / 0.000       ms
[2023-11-12T20:20:23.881+0800][gc,stats    ]    Critical: Relocation Stall                                  0 / 0                 0 / 0                 0 / 0                 0 / 0           ops/s
[2023-11-12T20:20:23.881+0800][gc,stats    ]    Critical: Relocation Stall                              0.000 / 0.000         0.000 / 0.000         0.000 / 0.000         0.000 / 0.000       ms
[2023-11-12T20:20:23.881+0800][gc,stats    ]      Memory: Allocation Rate                                   0 / 0                 0 / 66                0 / 66                0 / 66          MB/s
[2023-11-12T20:20:23.881+0800][gc,stats    ]      Memory: Defragment                                        0 / 0                 0 / 0                 0 / 0                 0 / 0           ops/s
[2023-11-12T20:20:23.881+0800][gc,stats    ]      Memory: Out Of Memory                                     0 / 0                 0 / 0                 0 / 0                 0 / 0           ops/s
[2023-11-12T20:20:23.881+0800][gc,stats    ]      Memory: Page Cache Flush                                  0 / 0                 0 / 0                 0 / 0                 0 / 0           MB/s
[2023-11-12T20:20:23.881+0800][gc,stats    ]      Memory: Page Cache Hit L1                                 0 / 0                 0 / 32                0 / 32                0 / 32          ops/s
[2023-11-12T20:20:23.881+0800][gc,stats    ]      Memory: Page Cache Hit L2                                 0 / 0                 0 / 0                 0 / 0                 0 / 0           ops/s
[2023-11-12T20:20:23.881+0800][gc,stats    ]      Memory: Page Cache Hit L3                                 0 / 0                 0 / 33                0 / 33                0 / 33          ops/s
[2023-11-12T20:20:23.881+0800][gc,stats    ]      Memory: Page Cache Miss                                   0 / 0                 0 / 1                 0 / 1                 0 / 1           ops/s
[2023-11-12T20:20:23.881+0800][gc,stats    ]      Memory: Uncommit                                          0 / 0                 0 / 0                 0 / 0                 0 / 0           MB/s
[2023-11-12T20:20:23.881+0800][gc,stats    ]      Memory: Undo Object Allocation Failed                     0 / 0                 0 / 0                 0 / 0                 0 / 0           ops/s
[2023-11-12T20:20:23.881+0800][gc,stats    ]      Memory: Undo Object Allocation Succeeded                  0 / 0                 0 / 0                 0 / 0                 0 / 0           ops/s
[2023-11-12T20:20:23.881+0800][gc,stats    ]      Memory: Undo Page Allocation                              0 / 0                 0 / 0                 0 / 0                 0 / 0           ops/s
[2023-11-12T20:20:23.881+0800][gc,stats    ]       Phase: Concurrent Mark                               0.000 / 0.000        26.305 / 27.135       26.305 / 27.135       26.305 / 27.135      ms
[2023-11-12T20:20:23.881+0800][gc,stats    ]       Phase: Concurrent Mark Continue                      0.000 / 0.000         0.000 / 0.000         0.000 / 0.000         0.000 / 0.000       ms
[2023-11-12T20:20:23.881+0800][gc,stats    ]       Phase: Concurrent Mark Free                          0.000 / 0.000         0.001 / 0.001         0.001 / 0.001         0.001 / 0.001       ms
[2023-11-12T20:20:23.881+0800][gc,stats    ]       Phase: Concurrent Process Non-Strong References      0.000 / 0.000         1.929 / 2.001         1.929 / 2.001         1.929 / 2.001       ms
[2023-11-12T20:20:23.881+0800][gc,stats    ]       Phase: Concurrent Relocate                           0.000 / 0.000         3.090 / 3.413         3.090 / 3.413         3.090 / 3.413       ms
[2023-11-12T20:20:23.881+0800][gc,stats    ]       Phase: Concurrent Reset Relocation Set               0.000 / 0.000         0.002 / 0.004         0.002 / 0.004         0.002 / 0.004       ms
[2023-11-12T20:20:23.881+0800][gc,stats    ]       Phase: Concurrent Select Relocation Set              0.000 / 0.000        18.052 / 34.722       18.052 / 34.722       18.052 / 34.722      ms
[2023-11-12T20:20:23.881+0800][gc,stats    ]       Phase: Pause Mark End                                0.000 / 0.000         0.017 / 0.020         0.017 / 0.020         0.017 / 0.020       ms
[2023-11-12T20:20:23.881+0800][gc,stats    ]       Phase: Pause Mark Start                              0.000 / 0.000         0.102 / 0.195         0.102 / 0.195         0.102 / 0.195       ms
[2023-11-12T20:20:23.881+0800][gc,stats    ]       Phase: Pause Relocate Start                          0.000 / 0.000         0.012 / 0.013         0.012 / 0.013         0.012 / 0.013       ms
[2023-11-12T20:20:23.881+0800][gc,stats    ]    Subphase: Concurrent Classes Purge                      0.000 / 0.000         0.065 / 0.066         0.065 / 0.066         0.065 / 0.066       ms
[2023-11-12T20:20:23.881+0800][gc,stats    ]    Subphase: Concurrent Classes Unlink                     0.000 / 0.000         1.307 / 1.369         1.307 / 1.369         1.307 / 1.369       ms
[2023-11-12T20:20:23.881+0800][gc,stats    ]    Subphase: Concurrent Mark                               0.000 / 0.000        21.516 / 25.107       21.516 / 25.107       21.516 / 25.107      ms
[2023-11-12T20:20:23.881+0800][gc,stats    ]    Subphase: Concurrent Mark Try Flush                     0.000 / 0.000         0.198 / 1.014         0.198 / 1.014         0.198 / 1.014       ms
[2023-11-12T20:20:23.881+0800][gc,stats    ]    Subphase: Concurrent Mark Try Terminate                 0.000 / 0.000         7.711 / 13.370        7.711 / 13.370        7.711 / 13.370      ms
[2023-11-12T20:20:23.881+0800][gc,stats    ]    Subphase: Concurrent References Enqueue                 0.000 / 0.000         0.004 / 0.004         0.004 / 0.004         0.004 / 0.004       ms
[2023-11-12T20:20:23.881+0800][gc,stats    ]    Subphase: Concurrent References Process                 0.000 / 0.000         0.088 / 0.091         0.088 / 0.091         0.088 / 0.091       ms
[2023-11-12T20:20:23.881+0800][gc,stats    ]    Subphase: Concurrent Roots ClassLoaderDataGraph         0.000 / 0.000         0.224 / 1.141         0.224 / 1.141         0.224 / 1.141       ms
[2023-11-12T20:20:23.881+0800][gc,stats    ]    Subphase: Concurrent Roots CodeCache                    0.000 / 0.000         0.000 / 0.000         0.000 / 0.000         0.000 / 0.000       ms
[2023-11-12T20:20:23.881+0800][gc,stats    ]    Subphase: Concurrent Roots JavaThreads                  0.000 / 0.000         1.318 / 1.908         1.318 / 1.908         1.318 / 1.908       ms
[2023-11-12T20:20:23.881+0800][gc,stats    ]    Subphase: Concurrent Roots OopStorageSet                0.000 / 0.000         0.117 / 0.285         0.117 / 0.285         0.117 / 0.285       ms
[2023-11-12T20:20:23.881+0800][gc,stats    ]    Subphase: Concurrent Weak Roots OopStorageSet           0.000 / 0.000         0.376 / 0.512         0.376 / 0.512         0.376 / 0.512       ms
[2023-11-12T20:20:23.881+0800][gc,stats    ]    Subphase: Pause Mark Try Complete                       0.000 / 0.000         0.000 / 0.000         0.000 / 0.000         0.000 / 0.000       ms
[2023-11-12T20:20:23.881+0800][gc,stats    ]      System: Java Threads                                      0 / 0                38 / 52               38 / 52               38 / 52          threads
[2023-11-12T20:20:23.881+0800][gc,stats    ] =========================================================================================================================================================
[2023-11-12T20:20:33.885+0800][gc,stats    ] === Garbage Collection Statistics =======================================================================================================================
[2023-11-12T20:20:33.885+0800][gc,stats    ]                                                              Last 10s              Last 10m              Last 10h                Total
[2023-11-12T20:20:33.885+0800][gc,stats    ]                                                              Avg / Max             Avg / Max             Avg / Max             Avg / Max
[2023-11-12T20:20:33.885+0800][gc,stats    ]   Collector: Garbage Collection Cycle                      0.000 / 0.000        50.665 / 66.843       50.665 / 66.843       50.665 / 66.843      ms
[2023-11-12T20:20:33.885+0800][gc,stats    ]  Contention: Mark Segment Reset Contention                     0 / 0                 0 / 9                 0 / 9                 0 / 9           ops/s
[2023-11-12T20:20:33.885+0800][gc,stats    ]  Contention: Mark SeqNum Reset Contention                      0 / 0                 0 / 1                 0 / 1                 0 / 1           ops/s
[2023-11-12T20:20:33.885+0800][gc,stats    ]    Critical: Allocation Stall                                  0 / 0                 0 / 0                 0 / 0                 0 / 0           ops/s
[2023-11-12T20:20:33.885+0800][gc,stats    ]    Critical: Allocation Stall                              0.000 / 0.000         0.000 / 0.000         0.000 / 0.000         0.000 / 0.000       ms
[2023-11-12T20:20:33.885+0800][gc,stats    ]    Critical: GC Locker Stall                                   0 / 0                 0 / 0                 0 / 0                 0 / 0           ops/s
[2023-11-12T20:20:33.885+0800][gc,stats    ]    Critical: GC Locker Stall                               0.000 / 0.000         0.000 / 0.000         0.000 / 0.000         0.000 / 0.000       ms
[2023-11-12T20:20:33.885+0800][gc,stats    ]    Critical: Relocation Stall                                  0 / 0                 0 / 0                 0 / 0                 0 / 0           ops/s
[2023-11-12T20:20:33.885+0800][gc,stats    ]    Critical: Relocation Stall                              0.000 / 0.000         0.000 / 0.000         0.000 / 0.000         0.000 / 0.000       ms
[2023-11-12T20:20:33.885+0800][gc,stats    ]      Memory: Allocation Rate                                   0 / 0                 0 / 66                0 / 66                0 / 66          MB/s
[2023-11-12T20:20:33.885+0800][gc,stats    ]      Memory: Defragment                                        0 / 0                 0 / 0                 0 / 0                 0 / 0           ops/s
[2023-11-12T20:20:33.885+0800][gc,stats    ]      Memory: Out Of Memory                                     0 / 0                 0 / 0                 0 / 0                 0 / 0           ops/s
[2023-11-12T20:20:33.885+0800][gc,stats    ]      Memory: Page Cache Flush                                  0 / 0                 0 / 0                 0 / 0                 0 / 0           MB/s
[2023-11-12T20:20:33.885+0800][gc,stats    ]      Memory: Page Cache Hit L1                                 0 / 0                 0 / 32                0 / 32                0 / 32          ops/s
[2023-11-12T20:20:33.885+0800][gc,stats    ]      Memory: Page Cache Hit L2                                 0 / 0                 0 / 0                 0 / 0                 0 / 0           ops/s
[2023-11-12T20:20:33.885+0800][gc,stats    ]      Memory: Page Cache Hit L3                                 0 / 0                 0 / 33                0 / 33                0 / 33          ops/s
[2023-11-12T20:20:33.885+0800][gc,stats    ]      Memory: Page Cache Miss                                   0 / 0                 0 / 1                 0 / 1                 0 / 1           ops/s
[2023-11-12T20:20:33.885+0800][gc,stats    ]      Memory: Uncommit                                          0 / 0                 0 / 0                 0 / 0                 0 / 0           MB/s
[2023-11-12T20:20:33.885+0800][gc,stats    ]      Memory: Undo Object Allocation Failed                     0 / 0                 0 / 0                 0 / 0                 0 / 0           ops/s
[2023-11-12T20:20:33.885+0800][gc,stats    ]      Memory: Undo Object Allocation Succeeded                  0 / 0                 0 / 0                 0 / 0                 0 / 0           ops/s
[2023-11-12T20:20:33.885+0800][gc,stats    ]      Memory: Undo Page Allocation                              0 / 0                 0 / 0                 0 / 0                 0 / 0           ops/s
[2023-11-12T20:20:33.885+0800][gc,stats    ]       Phase: Concurrent Mark                               0.000 / 0.000        26.305 / 27.135       26.305 / 27.135       26.305 / 27.135      ms
[2023-11-12T20:20:33.885+0800][gc,stats    ]       Phase: Concurrent Mark Continue                      0.000 / 0.000         0.000 / 0.000         0.000 / 0.000         0.000 / 0.000       ms
[2023-11-12T20:20:33.885+0800][gc,stats    ]       Phase: Concurrent Mark Free                          0.000 / 0.000         0.001 / 0.001         0.001 / 0.001         0.001 / 0.001       ms
[2023-11-12T20:20:33.885+0800][gc,stats    ]       Phase: Concurrent Process Non-Strong References      0.000 / 0.000         1.929 / 2.001         1.929 / 2.001         1.929 / 2.001       ms
[2023-11-12T20:20:33.885+0800][gc,stats    ]       Phase: Concurrent Relocate                           0.000 / 0.000         3.090 / 3.413         3.090 / 3.413         3.090 / 3.413       ms
[2023-11-12T20:20:33.885+0800][gc,stats    ]       Phase: Concurrent Reset Relocation Set               0.000 / 0.000         0.002 / 0.004         0.002 / 0.004         0.002 / 0.004       ms
[2023-11-12T20:20:33.885+0800][gc,stats    ]       Phase: Concurrent Select Relocation Set              0.000 / 0.000        18.052 / 34.722       18.052 / 34.722       18.052 / 34.722      ms
[2023-11-12T20:20:33.885+0800][gc,stats    ]       Phase: Pause Mark End                                0.000 / 0.000         0.017 / 0.020         0.017 / 0.020         0.017 / 0.020       ms
[2023-11-12T20:20:33.885+0800][gc,stats    ]       Phase: Pause Mark Start                              0.000 / 0.000         0.102 / 0.195         0.102 / 0.195         0.102 / 0.195       ms
[2023-11-12T20:20:33.885+0800][gc,stats    ]       Phase: Pause Relocate Start                          0.000 / 0.000         0.012 / 0.013         0.012 / 0.013         0.012 / 0.013       ms
[2023-11-12T20:20:33.885+0800][gc,stats    ]    Subphase: Concurrent Classes Purge                      0.000 / 0.000         0.065 / 0.066         0.065 / 0.066         0.065 / 0.066       ms
[2023-11-12T20:20:33.885+0800][gc,stats    ]    Subphase: Concurrent Classes Unlink                     0.000 / 0.000         1.307 / 1.369         1.307 / 1.369         1.307 / 1.369       ms
[2023-11-12T20:20:33.885+0800][gc,stats    ]    Subphase: Concurrent Mark                               0.000 / 0.000        21.516 / 25.107       21.516 / 25.107       21.516 / 25.107      ms
[2023-11-12T20:20:33.885+0800][gc,stats    ]    Subphase: Concurrent Mark Try Flush                     0.000 / 0.000         0.198 / 1.014         0.198 / 1.014         0.198 / 1.014       ms
[2023-11-12T20:20:33.885+0800][gc,stats    ]    Subphase: Concurrent Mark Try Terminate                 0.000 / 0.000         7.711 / 13.370        7.711 / 13.370        7.711 / 13.370      ms
[2023-11-12T20:20:33.885+0800][gc,stats    ]    Subphase: Concurrent References Enqueue                 0.000 / 0.000         0.004 / 0.004         0.004 / 0.004         0.004 / 0.004       ms
[2023-11-12T20:20:33.886+0800][gc,stats    ]    Subphase: Concurrent References Process                 0.000 / 0.000         0.088 / 0.091         0.088 / 0.091         0.088 / 0.091       ms
[2023-11-12T20:20:33.886+0800][gc,stats    ]    Subphase: Concurrent Roots ClassLoaderDataGraph         0.000 / 0.000         0.224 / 1.141         0.224 / 1.141         0.224 / 1.141       ms
[2023-11-12T20:20:33.886+0800][gc,stats    ]    Subphase: Concurrent Roots CodeCache                    0.000 / 0.000         0.000 / 0.000         0.000 / 0.000         0.000 / 0.000       ms
[2023-11-12T20:20:33.886+0800][gc,stats    ]    Subphase: Concurrent Roots JavaThreads                  0.000 / 0.000         1.318 / 1.908         1.318 / 1.908         1.318 / 1.908       ms
[2023-11-12T20:20:33.886+0800][gc,stats    ]    Subphase: Concurrent Roots OopStorageSet                0.000 / 0.000         0.117 / 0.285         0.117 / 0.285         0.117 / 0.285       ms
[2023-11-12T20:20:33.886+0800][gc,stats    ]    Subphase: Concurrent Weak Roots OopStorageSet           0.000 / 0.000         0.376 / 0.512         0.376 / 0.512         0.376 / 0.512       ms
[2023-11-12T20:20:33.886+0800][gc,stats    ]    Subphase: Pause Mark Try Complete                       0.000 / 0.000         0.000 / 0.000         0.000 / 0.000         0.000 / 0.000       ms
[2023-11-12T20:20:33.886+0800][gc,stats    ]      System: Java Threads                                      0 / 0                38 / 52               38 / 52               38 / 52          threads
[2023-11-12T20:20:33.886+0800][gc,stats    ] =========================================================================================================================================================
[2023-11-12T20:20:43.875+0800][gc,stats    ] === Garbage Collection Statistics =======================================================================================================================
[2023-11-12T20:20:43.875+0800][gc,stats    ]                                                              Last 10s              Last 10m              Last 10h                Total
[2023-11-12T20:20:43.875+0800][gc,stats    ]                                                              Avg / Max             Avg / Max             Avg / Max             Avg / Max
[2023-11-12T20:20:43.875+0800][gc,stats    ]   Collector: Garbage Collection Cycle                      0.000 / 0.000        50.665 / 66.843       50.665 / 66.843       50.665 / 66.843      ms
[2023-11-12T20:20:43.875+0800][gc,stats    ]  Contention: Mark Segment Reset Contention                     0 / 0                 0 / 9                 0 / 9                 0 / 9           ops/s
[2023-11-12T20:20:43.875+0800][gc,stats    ]  Contention: Mark SeqNum Reset Contention                      0 / 0                 0 / 1                 0 / 1                 0 / 1           ops/s
[2023-11-12T20:20:43.875+0800][gc,stats    ]    Critical: Allocation Stall                                  0 / 0                 0 / 0                 0 / 0                 0 / 0           ops/s
[2023-11-12T20:20:43.875+0800][gc,stats    ]    Critical: Allocation Stall                              0.000 / 0.000         0.000 / 0.000         0.000 / 0.000         0.000 / 0.000       ms
[2023-11-12T20:20:43.875+0800][gc,stats    ]    Critical: GC Locker Stall                                   0 / 0                 0 / 0                 0 / 0                 0 / 0           ops/s
[2023-11-12T20:20:43.875+0800][gc,stats    ]    Critical: GC Locker Stall                               0.000 / 0.000         0.000 / 0.000         0.000 / 0.000         0.000 / 0.000       ms
[2023-11-12T20:20:43.875+0800][gc,stats    ]    Critical: Relocation Stall                                  0 / 0                 0 / 0                 0 / 0                 0 / 0           ops/s
[2023-11-12T20:20:43.875+0800][gc,stats    ]    Critical: Relocation Stall                              0.000 / 0.000         0.000 / 0.000         0.000 / 0.000         0.000 / 0.000       ms
[2023-11-12T20:20:43.875+0800][gc,stats    ]      Memory: Allocation Rate                                   0 / 0                 0 / 66                0 / 66                0 / 66          MB/s
[2023-11-12T20:20:43.875+0800][gc,stats    ]      Memory: Defragment                                        0 / 0                 0 / 0                 0 / 0                 0 / 0           ops/s
[2023-11-12T20:20:43.875+0800][gc,stats    ]      Memory: Out Of Memory                                     0 / 0                 0 / 0                 0 / 0                 0 / 0           ops/s
[2023-11-12T20:20:43.875+0800][gc,stats    ]      Memory: Page Cache Flush                                  0 / 0                 0 / 0                 0 / 0                 0 / 0           MB/s
[2023-11-12T20:20:43.875+0800][gc,stats    ]      Memory: Page Cache Hit L1                                 0 / 0                 0 / 32                0 / 32                0 / 32          ops/s
[2023-11-12T20:20:43.875+0800][gc,stats    ]      Memory: Page Cache Hit L2                                 0 / 0                 0 / 0                 0 / 0                 0 / 0           ops/s
[2023-11-12T20:20:43.875+0800][gc,stats    ]      Memory: Page Cache Hit L3                                 0 / 0                 0 / 33                0 / 33                0 / 33          ops/s
[2023-11-12T20:20:43.875+0800][gc,stats    ]      Memory: Page Cache Miss                                   0 / 0                 0 / 1                 0 / 1                 0 / 1           ops/s
[2023-11-12T20:20:43.875+0800][gc,stats    ]      Memory: Uncommit                                          0 / 0                 0 / 0                 0 / 0                 0 / 0           MB/s
[2023-11-12T20:20:43.875+0800][gc,stats    ]      Memory: Undo Object Allocation Failed                     0 / 0                 0 / 0                 0 / 0                 0 / 0           ops/s
[2023-11-12T20:20:43.875+0800][gc,stats    ]      Memory: Undo Object Allocation Succeeded                  0 / 0                 0 / 0                 0 / 0                 0 / 0           ops/s
[2023-11-12T20:20:43.875+0800][gc,stats    ]      Memory: Undo Page Allocation                              0 / 0                 0 / 0                 0 / 0                 0 / 0           ops/s
[2023-11-12T20:20:43.875+0800][gc,stats    ]       Phase: Concurrent Mark                               0.000 / 0.000        26.305 / 27.135       26.305 / 27.135       26.305 / 27.135      ms
[2023-11-12T20:20:43.875+0800][gc,stats    ]       Phase: Concurrent Mark Continue                      0.000 / 0.000         0.000 / 0.000         0.000 / 0.000         0.000 / 0.000       ms
[2023-11-12T20:20:43.875+0800][gc,stats    ]       Phase: Concurrent Mark Free                          0.000 / 0.000         0.001 / 0.001         0.001 / 0.001         0.001 / 0.001       ms
[2023-11-12T20:20:43.875+0800][gc,stats    ]       Phase: Concurrent Process Non-Strong References      0.000 / 0.000         1.929 / 2.001         1.929 / 2.001         1.929 / 2.001       ms
[2023-11-12T20:20:43.875+0800][gc,stats    ]       Phase: Concurrent Relocate                           0.000 / 0.000         3.090 / 3.413         3.090 / 3.413         3.090 / 3.413       ms
[2023-11-12T20:20:43.875+0800][gc,stats    ]       Phase: Concurrent Reset Relocation Set               0.000 / 0.000         0.002 / 0.004         0.002 / 0.004         0.002 / 0.004       ms
[2023-11-12T20:20:43.875+0800][gc,stats    ]       Phase: Concurrent Select Relocation Set              0.000 / 0.000        18.052 / 34.722       18.052 / 34.722       18.052 / 34.722      ms
[2023-11-12T20:20:43.875+0800][gc,stats    ]       Phase: Pause Mark End                                0.000 / 0.000         0.017 / 0.020         0.017 / 0.020         0.017 / 0.020       ms
[2023-11-12T20:20:43.875+0800][gc,stats    ]       Phase: Pause Mark Start                              0.000 / 0.000         0.102 / 0.195         0.102 / 0.195         0.102 / 0.195       ms
[2023-11-12T20:20:43.875+0800][gc,stats    ]       Phase: Pause Relocate Start                          0.000 / 0.000         0.012 / 0.013         0.012 / 0.013         0.012 / 0.013       ms
[2023-11-12T20:20:43.875+0800][gc,stats    ]    Subphase: Concurrent Classes Purge                      0.000 / 0.000         0.065 / 0.066         0.065 / 0.066         0.065 / 0.066       ms
[2023-11-12T20:20:43.875+0800][gc,stats    ]    Subphase: Concurrent Classes Unlink                     0.000 / 0.000         1.307 / 1.369         1.307 / 1.369         1.307 / 1.369       ms
[2023-11-12T20:20:43.875+0800][gc,stats    ]    Subphase: Concurrent Mark                               0.000 / 0.000        21.516 / 25.107       21.516 / 25.107       21.516 / 25.107      ms
[2023-11-12T20:20:43.875+0800][gc,stats    ]    Subphase: Concurrent Mark Try Flush                     0.000 / 0.000         0.198 / 1.014         0.198 / 1.014         0.198 / 1.014       ms
[2023-11-12T20:20:43.875+0800][gc,stats    ]    Subphase: Concurrent Mark Try Terminate                 0.000 / 0.000         7.711 / 13.370        7.711 / 13.370        7.711 / 13.370      ms
[2023-11-12T20:20:43.875+0800][gc,stats    ]    Subphase: Concurrent References Enqueue                 0.000 / 0.000         0.004 / 0.004         0.004 / 0.004         0.004 / 0.004       ms
[2023-11-12T20:20:43.875+0800][gc,stats    ]    Subphase: Concurrent References Process                 0.000 / 0.000         0.088 / 0.091         0.088 / 0.091         0.088 / 0.091       ms
[2023-11-12T20:20:43.875+0800][gc,stats    ]    Subphase: Concurrent Roots ClassLoaderDataGraph         0.000 / 0.000         0.224 / 1.141         0.224 / 1.141         0.224 / 1.141       ms
[2023-11-12T20:20:43.875+0800][gc,stats    ]    Subphase: Concurrent Roots CodeCache                    0.000 / 0.000         0.000 / 0.000         0.000 / 0.000         0.000 / 0.000       ms
[2023-11-12T20:20:43.875+0800][gc,stats    ]    Subphase: Concurrent Roots JavaThreads                  0.000 / 0.000         1.318 / 1.908         1.318 / 1.908         1.318 / 1.908       ms
[2023-11-12T20:20:43.875+0800][gc,stats    ]    Subphase: Concurrent Roots OopStorageSet                0.000 / 0.000         0.117 / 0.285         0.117 / 0.285         0.117 / 0.285       ms
[2023-11-12T20:20:43.875+0800][gc,stats    ]    Subphase: Concurrent Weak Roots OopStorageSet           0.000 / 0.000         0.376 / 0.512         0.376 / 0.512         0.376 / 0.512       ms
[2023-11-12T20:20:43.875+0800][gc,stats    ]    Subphase: Pause Mark Try Complete                       0.000 / 0.000         0.000 / 0.000         0.000 / 0.000         0.000 / 0.000       ms
[2023-11-12T20:20:43.875+0800][gc,stats    ]      System: Java Threads                                      0 / 0                38 / 52               38 / 52               38 / 52          threads
[2023-11-12T20:20:43.875+0800][gc,stats    ] =========================================================================================================================================================
[2023-11-12T20:20:53.880+0800][gc,stats    ] === Garbage Collection Statistics =======================================================================================================================
[2023-11-12T20:20:53.880+0800][gc,stats    ]                                                              Last 10s              Last 10m              Last 10h                Total
[2023-11-12T20:20:53.880+0800][gc,stats    ]                                                              Avg / Max             Avg / Max             Avg / Max             Avg / Max
[2023-11-12T20:20:53.880+0800][gc,stats    ]   Collector: Garbage Collection Cycle                      0.000 / 0.000        50.665 / 66.843       50.665 / 66.843       50.665 / 66.843      ms
[2023-11-12T20:20:53.880+0800][gc,stats    ]  Contention: Mark Segment Reset Contention                     0 / 0                 0 / 9                 0 / 9                 0 / 9           ops/s
[2023-11-12T20:20:53.880+0800][gc,stats    ]  Contention: Mark SeqNum Reset Contention                      0 / 0                 0 / 1                 0 / 1                 0 / 1           ops/s
[2023-11-12T20:20:53.880+0800][gc,stats    ]    Critical: Allocation Stall                                  0 / 0                 0 / 0                 0 / 0                 0 / 0           ops/s
[2023-11-12T20:20:53.880+0800][gc,stats    ]    Critical: Allocation Stall                              0.000 / 0.000         0.000 / 0.000         0.000 / 0.000         0.000 / 0.000       ms
[2023-11-12T20:20:53.880+0800][gc,stats    ]    Critical: GC Locker Stall                                   0 / 0                 0 / 0                 0 / 0                 0 / 0           ops/s
[2023-11-12T20:20:53.880+0800][gc,stats    ]    Critical: GC Locker Stall                               0.000 / 0.000         0.000 / 0.000         0.000 / 0.000         0.000 / 0.000       ms
[2023-11-12T20:20:53.880+0800][gc,stats    ]    Critical: Relocation Stall                                  0 / 0                 0 / 0                 0 / 0                 0 / 0           ops/s
[2023-11-12T20:20:53.880+0800][gc,stats    ]    Critical: Relocation Stall                              0.000 / 0.000         0.000 / 0.000         0.000 / 0.000         0.000 / 0.000       ms
[2023-11-12T20:20:53.880+0800][gc,stats    ]      Memory: Allocation Rate                                   0 / 0                 0 / 66                0 / 66                0 / 66          MB/s
[2023-11-12T20:20:53.880+0800][gc,stats    ]      Memory: Defragment                                        0 / 0                 0 / 0                 0 / 0                 0 / 0           ops/s
[2023-11-12T20:20:53.880+0800][gc,stats    ]      Memory: Out Of Memory                                     0 / 0                 0 / 0                 0 / 0                 0 / 0           ops/s
[2023-11-12T20:20:53.880+0800][gc,stats    ]      Memory: Page Cache Flush                                  0 / 0                 0 / 0                 0 / 0                 0 / 0           MB/s
[2023-11-12T20:20:53.880+0800][gc,stats    ]      Memory: Page Cache Hit L1                                 0 / 0                 0 / 32                0 / 32                0 / 32          ops/s
[2023-11-12T20:20:53.880+0800][gc,stats    ]      Memory: Page Cache Hit L2                                 0 / 0                 0 / 0                 0 / 0                 0 / 0           ops/s
[2023-11-12T20:20:53.880+0800][gc,stats    ]      Memory: Page Cache Hit L3                                 0 / 0                 0 / 33                0 / 33                0 / 33          ops/s
[2023-11-12T20:20:53.880+0800][gc,stats    ]      Memory: Page Cache Miss                                   0 / 0                 0 / 1                 0 / 1                 0 / 1           ops/s
[2023-11-12T20:20:53.880+0800][gc,stats    ]      Memory: Uncommit                                          0 / 0                 0 / 0                 0 / 0                 0 / 0           MB/s
[2023-11-12T20:20:53.880+0800][gc,stats    ]      Memory: Undo Object Allocation Failed                     0 / 0                 0 / 0                 0 / 0                 0 / 0           ops/s
[2023-11-12T20:20:53.880+0800][gc,stats    ]      Memory: Undo Object Allocation Succeeded                  0 / 0                 0 / 0                 0 / 0                 0 / 0           ops/s
[2023-11-12T20:20:53.880+0800][gc,stats    ]      Memory: Undo Page Allocation                              0 / 0                 0 / 0                 0 / 0                 0 / 0           ops/s
[2023-11-12T20:20:53.880+0800][gc,stats    ]       Phase: Concurrent Mark                               0.000 / 0.000        26.305 / 27.135       26.305 / 27.135       26.305 / 27.135      ms
[2023-11-12T20:20:53.880+0800][gc,stats    ]       Phase: Concurrent Mark Continue                      0.000 / 0.000         0.000 / 0.000         0.000 / 0.000         0.000 / 0.000       ms
[2023-11-12T20:20:53.880+0800][gc,stats    ]       Phase: Concurrent Mark Free                          0.000 / 0.000         0.001 / 0.001         0.001 / 0.001         0.001 / 0.001       ms
[2023-11-12T20:20:53.880+0800][gc,stats    ]       Phase: Concurrent Process Non-Strong References      0.000 / 0.000         1.929 / 2.001         1.929 / 2.001         1.929 / 2.001       ms
[2023-11-12T20:20:53.880+0800][gc,stats    ]       Phase: Concurrent Relocate                           0.000 / 0.000         3.090 / 3.413         3.090 / 3.413         3.090 / 3.413       ms
[2023-11-12T20:20:53.880+0800][gc,stats    ]       Phase: Concurrent Reset Relocation Set               0.000 / 0.000         0.002 / 0.004         0.002 / 0.004         0.002 / 0.004       ms
[2023-11-12T20:20:53.880+0800][gc,stats    ]       Phase: Concurrent Select Relocation Set              0.000 / 0.000        18.052 / 34.722       18.052 / 34.722       18.052 / 34.722      ms
[2023-11-12T20:20:53.880+0800][gc,stats    ]       Phase: Pause Mark End                                0.000 / 0.000         0.017 / 0.020         0.017 / 0.020         0.017 / 0.020       ms
[2023-11-12T20:20:53.880+0800][gc,stats    ]       Phase: Pause Mark Start                              0.000 / 0.000         0.102 / 0.195         0.102 / 0.195         0.102 / 0.195       ms
[2023-11-12T20:20:53.880+0800][gc,stats    ]       Phase: Pause Relocate Start                          0.000 / 0.000         0.012 / 0.013         0.012 / 0.013         0.012 / 0.013       ms
[2023-11-12T20:20:53.880+0800][gc,stats    ]    Subphase: Concurrent Classes Purge                      0.000 / 0.000         0.065 / 0.066         0.065 / 0.066         0.065 / 0.066       ms
[2023-11-12T20:20:53.880+0800][gc,stats    ]    Subphase: Concurrent Classes Unlink                     0.000 / 0.000         1.307 / 1.369         1.307 / 1.369         1.307 / 1.369       ms
[2023-11-12T20:20:53.880+0800][gc,stats    ]    Subphase: Concurrent Mark                               0.000 / 0.000        21.516 / 25.107       21.516 / 25.107       21.516 / 25.107      ms
[2023-11-12T20:20:53.880+0800][gc,stats    ]    Subphase: Concurrent Mark Try Flush                     0.000 / 0.000         0.198 / 1.014         0.198 / 1.014         0.198 / 1.014       ms
[2023-11-12T20:20:53.880+0800][gc,stats    ]    Subphase: Concurrent Mark Try Terminate                 0.000 / 0.000         7.711 / 13.370        7.711 / 13.370        7.711 / 13.370      ms
[2023-11-12T20:20:53.880+0800][gc,stats    ]    Subphase: Concurrent References Enqueue                 0.000 / 0.000         0.004 / 0.004         0.004 / 0.004         0.004 / 0.004       ms
[2023-11-12T20:20:53.880+0800][gc,stats    ]    Subphase: Concurrent References Process                 0.000 / 0.000         0.088 / 0.091         0.088 / 0.091         0.088 / 0.091       ms
[2023-11-12T20:20:53.880+0800][gc,stats    ]    Subphase: Concurrent Roots ClassLoaderDataGraph         0.000 / 0.000         0.224 / 1.141         0.224 / 1.141         0.224 / 1.141       ms
[2023-11-12T20:20:53.880+0800][gc,stats    ]    Subphase: Concurrent Roots CodeCache                    0.000 / 0.000         0.000 / 0.000         0.000 / 0.000         0.000 / 0.000       ms
[2023-11-12T20:20:53.880+0800][gc,stats    ]    Subphase: Concurrent Roots JavaThreads                  0.000 / 0.000         1.318 / 1.908         1.318 / 1.908         1.318 / 1.908       ms
[2023-11-12T20:20:53.880+0800][gc,stats    ]    Subphase: Concurrent Roots OopStorageSet                0.000 / 0.000         0.117 / 0.285         0.117 / 0.285         0.117 / 0.285       ms
[2023-11-12T20:20:53.880+0800][gc,stats    ]    Subphase: Concurrent Weak Roots OopStorageSet           0.000 / 0.000         0.376 / 0.512         0.376 / 0.512         0.376 / 0.512       ms
[2023-11-12T20:20:53.880+0800][gc,stats    ]    Subphase: Pause Mark Try Complete                       0.000 / 0.000         0.000 / 0.000         0.000 / 0.000         0.000 / 0.000       ms
[2023-11-12T20:20:53.880+0800][gc,stats    ]      System: Java Threads                                      0 / 0                38 / 52               38 / 52               38 / 52          threads
[2023-11-12T20:20:53.880+0800][gc,stats    ] =========================================================================================================================================================
[2023-11-12T20:21:03.878+0800][gc,stats    ] === Garbage Collection Statistics =======================================================================================================================
[2023-11-12T20:21:03.878+0800][gc,stats    ]                                                              Last 10s              Last 10m              Last 10h                Total
[2023-11-12T20:21:03.878+0800][gc,stats    ]                                                              Avg / Max             Avg / Max             Avg / Max             Avg / Max
[2023-11-12T20:21:03.878+0800][gc,stats    ]   Collector: Garbage Collection Cycle                      0.000 / 0.000        50.665 / 66.843       50.665 / 66.843       50.665 / 66.843      ms
[2023-11-12T20:21:03.878+0800][gc,stats    ]  Contention: Mark Segment Reset Contention                     0 / 0                 0 / 9                 0 / 9                 0 / 9           ops/s
[2023-11-12T20:21:03.878+0800][gc,stats    ]  Contention: Mark SeqNum Reset Contention                      0 / 0                 0 / 1                 0 / 1                 0 / 1           ops/s
[2023-11-12T20:21:03.878+0800][gc,stats    ]    Critical: Allocation Stall                                  0 / 0                 0 / 0                 0 / 0                 0 / 0           ops/s
[2023-11-12T20:21:03.878+0800][gc,stats    ]    Critical: Allocation Stall                              0.000 / 0.000         0.000 / 0.000         0.000 / 0.000         0.000 / 0.000       ms
[2023-11-12T20:21:03.878+0800][gc,stats    ]    Critical: GC Locker Stall                                   0 / 0                 0 / 0                 0 / 0                 0 / 0           ops/s
[2023-11-12T20:21:03.878+0800][gc,stats    ]    Critical: GC Locker Stall                               0.000 / 0.000         0.000 / 0.000         0.000 / 0.000         0.000 / 0.000       ms
[2023-11-12T20:21:03.878+0800][gc,stats    ]    Critical: Relocation Stall                                  0 / 0                 0 / 0                 0 / 0                 0 / 0           ops/s
[2023-11-12T20:21:03.878+0800][gc,stats    ]    Critical: Relocation Stall                              0.000 / 0.000         0.000 / 0.000         0.000 / 0.000         0.000 / 0.000       ms
[2023-11-12T20:21:03.878+0800][gc,stats    ]      Memory: Allocation Rate                                   0 / 0                 0 / 66                0 / 66                0 / 66          MB/s
[2023-11-12T20:21:03.878+0800][gc,stats    ]      Memory: Defragment                                        0 / 0                 0 / 0                 0 / 0                 0 / 0           ops/s
[2023-11-12T20:21:03.878+0800][gc,stats    ]      Memory: Out Of Memory                                     0 / 0                 0 / 0                 0 / 0                 0 / 0           ops/s
[2023-11-12T20:21:03.878+0800][gc,stats    ]      Memory: Page Cache Flush                                  0 / 0                 0 / 0                 0 / 0                 0 / 0           MB/s
[2023-11-12T20:21:03.878+0800][gc,stats    ]      Memory: Page Cache Hit L1                                 0 / 0                 0 / 32                0 / 32                0 / 32          ops/s
[2023-11-12T20:21:03.878+0800][gc,stats    ]      Memory: Page Cache Hit L2                                 0 / 0                 0 / 0                 0 / 0                 0 / 0           ops/s
[2023-11-12T20:21:03.878+0800][gc,stats    ]      Memory: Page Cache Hit L3                                 0 / 0                 0 / 33                0 / 33                0 / 33          ops/s
[2023-11-12T20:21:03.878+0800][gc,stats    ]      Memory: Page Cache Miss                                   0 / 0                 0 / 1                 0 / 1                 0 / 1           ops/s
[2023-11-12T20:21:03.878+0800][gc,stats    ]      Memory: Uncommit                                          0 / 0                 0 / 0                 0 / 0                 0 / 0           MB/s
[2023-11-12T20:21:03.878+0800][gc,stats    ]      Memory: Undo Object Allocation Failed                     0 / 0                 0 / 0                 0 / 0                 0 / 0           ops/s
[2023-11-12T20:21:03.878+0800][gc,stats    ]      Memory: Undo Object Allocation Succeeded                  0 / 0                 0 / 0                 0 / 0                 0 / 0           ops/s
[2023-11-12T20:21:03.878+0800][gc,stats    ]      Memory: Undo Page Allocation                              0 / 0                 0 / 0                 0 / 0                 0 / 0           ops/s
[2023-11-12T20:21:03.878+0800][gc,stats    ]       Phase: Concurrent Mark                               0.000 / 0.000        26.305 / 27.135       26.305 / 27.135       26.305 / 27.135      ms
[2023-11-12T20:21:03.878+0800][gc,stats    ]       Phase: Concurrent Mark Continue                      0.000 / 0.000         0.000 / 0.000         0.000 / 0.000         0.000 / 0.000       ms
[2023-11-12T20:21:03.878+0800][gc,stats    ]       Phase: Concurrent Mark Free                          0.000 / 0.000         0.001 / 0.001         0.001 / 0.001         0.001 / 0.001       ms
[2023-11-12T20:21:03.878+0800][gc,stats    ]       Phase: Concurrent Process Non-Strong References      0.000 / 0.000         1.929 / 2.001         1.929 / 2.001         1.929 / 2.001       ms
[2023-11-12T20:21:03.878+0800][gc,stats    ]       Phase: Concurrent Relocate                           0.000 / 0.000         3.090 / 3.413         3.090 / 3.413         3.090 / 3.413       ms
[2023-11-12T20:21:03.878+0800][gc,stats    ]       Phase: Concurrent Reset Relocation Set               0.000 / 0.000         0.002 / 0.004         0.002 / 0.004         0.002 / 0.004       ms
[2023-11-12T20:21:03.878+0800][gc,stats    ]       Phase: Concurrent Select Relocation Set              0.000 / 0.000        18.052 / 34.722       18.052 / 34.722       18.052 / 34.722      ms
[2023-11-12T20:21:03.878+0800][gc,stats    ]       Phase: Pause Mark End                                0.000 / 0.000         0.017 / 0.020         0.017 / 0.020         0.017 / 0.020       ms
[2023-11-12T20:21:03.878+0800][gc,stats    ]       Phase: Pause Mark Start                              0.000 / 0.000         0.102 / 0.195         0.102 / 0.195         0.102 / 0.195       ms
[2023-11-12T20:21:03.878+0800][gc,stats    ]       Phase: Pause Relocate Start                          0.000 / 0.000         0.012 / 0.013         0.012 / 0.013         0.012 / 0.013       ms
[2023-11-12T20:21:03.878+0800][gc,stats    ]    Subphase: Concurrent Classes Purge                      0.000 / 0.000         0.065 / 0.066         0.065 / 0.066         0.065 / 0.066       ms
[2023-11-12T20:21:03.878+0800][gc,stats    ]    Subphase: Concurrent Classes Unlink                     0.000 / 0.000         1.307 / 1.369         1.307 / 1.369         1.307 / 1.369       ms
[2023-11-12T20:21:03.878+0800][gc,stats    ]    Subphase: Concurrent Mark                               0.000 / 0.000        21.516 / 25.107       21.516 / 25.107       21.516 / 25.107      ms
[2023-11-12T20:21:03.878+0800][gc,stats    ]    Subphase: Concurrent Mark Try Flush                     0.000 / 0.000         0.198 / 1.014         0.198 / 1.014         0.198 / 1.014       ms
[2023-11-12T20:21:03.878+0800][gc,stats    ]    Subphase: Concurrent Mark Try Terminate                 0.000 / 0.000         7.711 / 13.370        7.711 / 13.370        7.711 / 13.370      ms
[2023-11-12T20:21:03.878+0800][gc,stats    ]    Subphase: Concurrent References Enqueue                 0.000 / 0.000         0.004 / 0.004         0.004 / 0.004         0.004 / 0.004       ms
[2023-11-12T20:21:03.878+0800][gc,stats    ]    Subphase: Concurrent References Process                 0.000 / 0.000         0.088 / 0.091         0.088 / 0.091         0.088 / 0.091       ms
[2023-11-12T20:21:03.878+0800][gc,stats    ]    Subphase: Concurrent Roots ClassLoaderDataGraph         0.000 / 0.000         0.224 / 1.141         0.224 / 1.141         0.224 / 1.141       ms
[2023-11-12T20:21:03.878+0800][gc,stats    ]    Subphase: Concurrent Roots CodeCache                    0.000 / 0.000         0.000 / 0.000         0.000 / 0.000         0.000 / 0.000       ms
[2023-11-12T20:21:03.878+0800][gc,stats    ]    Subphase: Concurrent Roots JavaThreads                  0.000 / 0.000         1.318 / 1.908         1.318 / 1.908         1.318 / 1.908       ms
[2023-11-12T20:21:03.878+0800][gc,stats    ]    Subphase: Concurrent Roots OopStorageSet                0.000 / 0.000         0.117 / 0.285         0.117 / 0.285         0.117 / 0.285       ms
[2023-11-12T20:21:03.878+0800][gc,stats    ]    Subphase: Concurrent Weak Roots OopStorageSet           0.000 / 0.000         0.376 / 0.512         0.376 / 0.512         0.376 / 0.512       ms
[2023-11-12T20:21:03.878+0800][gc,stats    ]    Subphase: Pause Mark Try Complete                       0.000 / 0.000         0.000 / 0.000         0.000 / 0.000         0.000 / 0.000       ms
[2023-11-12T20:21:03.878+0800][gc,stats    ]      System: Java Threads                                      0 / 0                38 / 52               38 / 52               38 / 52          threads
[2023-11-12T20:21:03.878+0800][gc,stats    ] =========================================================================================================================================================
[2023-11-12T20:21:13.874+0800][gc,stats    ] === Garbage Collection Statistics =======================================================================================================================
[2023-11-12T20:21:13.874+0800][gc,stats    ]                                                              Last 10s              Last 10m              Last 10h                Total
[2023-11-12T20:21:13.874+0800][gc,stats    ]                                                              Avg / Max             Avg / Max             Avg / Max             Avg / Max
[2023-11-12T20:21:13.874+0800][gc,stats    ]   Collector: Garbage Collection Cycle                      0.000 / 0.000        50.665 / 66.843       50.665 / 66.843       50.665 / 66.843      ms
[2023-11-12T20:21:13.874+0800][gc,stats    ]  Contention: Mark Segment Reset Contention                     0 / 0                 0 / 9                 0 / 9                 0 / 9           ops/s
[2023-11-12T20:21:13.874+0800][gc,stats    ]  Contention: Mark SeqNum Reset Contention                      0 / 0                 0 / 1                 0 / 1                 0 / 1           ops/s
[2023-11-12T20:21:13.874+0800][gc,stats    ]    Critical: Allocation Stall                                  0 / 0                 0 / 0                 0 / 0                 0 / 0           ops/s
[2023-11-12T20:21:13.874+0800][gc,stats    ]    Critical: Allocation Stall                              0.000 / 0.000         0.000 / 0.000         0.000 / 0.000         0.000 / 0.000       ms
[2023-11-12T20:21:13.874+0800][gc,stats    ]    Critical: GC Locker Stall                                   0 / 0                 0 / 0                 0 / 0                 0 / 0           ops/s
[2023-11-12T20:21:13.874+0800][gc,stats    ]    Critical: GC Locker Stall                               0.000 / 0.000         0.000 / 0.000         0.000 / 0.000         0.000 / 0.000       ms
[2023-11-12T20:21:13.874+0800][gc,stats    ]    Critical: Relocation Stall                                  0 / 0                 0 / 0                 0 / 0                 0 / 0           ops/s
[2023-11-12T20:21:13.874+0800][gc,stats    ]    Critical: Relocation Stall                              0.000 / 0.000         0.000 / 0.000         0.000 / 0.000         0.000 / 0.000       ms
[2023-11-12T20:21:13.874+0800][gc,stats    ]      Memory: Allocation Rate                                   1 / 8                 0 / 66                0 / 66                0 / 66          MB/s
[2023-11-12T20:21:13.874+0800][gc,stats    ]      Memory: Defragment                                        0 / 0                 0 / 0                 0 / 0                 0 / 0           ops/s
[2023-11-12T20:21:13.874+0800][gc,stats    ]      Memory: Out Of Memory                                     0 / 0                 0 / 0                 0 / 0                 0 / 0           ops/s
[2023-11-12T20:21:13.874+0800][gc,stats    ]      Memory: Page Cache Flush                                  0 / 0                 0 / 0                 0 / 0                 0 / 0           MB/s
[2023-11-12T20:21:13.874+0800][gc,stats    ]      Memory: Page Cache Hit L1                                 0 / 4                 0 / 32                0 / 32                0 / 32          ops/s
[2023-11-12T20:21:13.874+0800][gc,stats    ]      Memory: Page Cache Hit L2                                 0 / 0                 0 / 0                 0 / 0                 0 / 0           ops/s
[2023-11-12T20:21:13.874+0800][gc,stats    ]      Memory: Page Cache Hit L3                                 0 / 0                 0 / 33                0 / 33                0 / 33          ops/s
[2023-11-12T20:21:13.874+0800][gc,stats    ]      Memory: Page Cache Miss                                   0 / 0                 0 / 1                 0 / 1                 0 / 1           ops/s
[2023-11-12T20:21:13.874+0800][gc,stats    ]      Memory: Uncommit                                          0 / 0                 0 / 0                 0 / 0                 0 / 0           MB/s
[2023-11-12T20:21:13.874+0800][gc,stats    ]      Memory: Undo Object Allocation Failed                     0 / 0                 0 / 0                 0 / 0                 0 / 0           ops/s
[2023-11-12T20:21:13.874+0800][gc,stats    ]      Memory: Undo Object Allocation Succeeded                  0 / 0                 0 / 0                 0 / 0                 0 / 0           ops/s
[2023-11-12T20:21:13.874+0800][gc,stats    ]      Memory: Undo Page Allocation                              0 / 0                 0 / 0                 0 / 0                 0 / 0           ops/s
[2023-11-12T20:21:13.874+0800][gc,stats    ]       Phase: Concurrent Mark                               0.000 / 0.000        26.305 / 27.135       26.305 / 27.135       26.305 / 27.135      ms
[2023-11-12T20:21:13.874+0800][gc,stats    ]       Phase: Concurrent Mark Continue                      0.000 / 0.000         0.000 / 0.000         0.000 / 0.000         0.000 / 0.000       ms
[2023-11-12T20:21:13.874+0800][gc,stats    ]       Phase: Concurrent Mark Free                          0.000 / 0.000         0.001 / 0.001         0.001 / 0.001         0.001 / 0.001       ms
[2023-11-12T20:21:13.874+0800][gc,stats    ]       Phase: Concurrent Process Non-Strong References      0.000 / 0.000         1.929 / 2.001         1.929 / 2.001         1.929 / 2.001       ms
[2023-11-12T20:21:13.874+0800][gc,stats    ]       Phase: Concurrent Relocate                           0.000 / 0.000         3.090 / 3.413         3.090 / 3.413         3.090 / 3.413       ms
[2023-11-12T20:21:13.874+0800][gc,stats    ]       Phase: Concurrent Reset Relocation Set               0.000 / 0.000         0.002 / 0.004         0.002 / 0.004         0.002 / 0.004       ms
[2023-11-12T20:21:13.874+0800][gc,stats    ]       Phase: Concurrent Select Relocation Set              0.000 / 0.000        18.052 / 34.722       18.052 / 34.722       18.052 / 34.722      ms
[2023-11-12T20:21:13.874+0800][gc,stats    ]       Phase: Pause Mark End                                0.000 / 0.000         0.017 / 0.020         0.017 / 0.020         0.017 / 0.020       ms
[2023-11-12T20:21:13.874+0800][gc,stats    ]       Phase: Pause Mark Start                              0.000 / 0.000         0.102 / 0.195         0.102 / 0.195         0.102 / 0.195       ms
[2023-11-12T20:21:13.874+0800][gc,stats    ]       Phase: Pause Relocate Start                          0.000 / 0.000         0.012 / 0.013         0.012 / 0.013         0.012 / 0.013       ms
[2023-11-12T20:21:13.874+0800][gc,stats    ]    Subphase: Concurrent Classes Purge                      0.000 / 0.000         0.065 / 0.066         0.065 / 0.066         0.065 / 0.066       ms
[2023-11-12T20:21:13.874+0800][gc,stats    ]    Subphase: Concurrent Classes Unlink                     0.000 / 0.000         1.307 / 1.369         1.307 / 1.369         1.307 / 1.369       ms
[2023-11-12T20:21:13.874+0800][gc,stats    ]    Subphase: Concurrent Mark                               0.000 / 0.000        21.516 / 25.107       21.516 / 25.107       21.516 / 25.107      ms
[2023-11-12T20:21:13.874+0800][gc,stats    ]    Subphase: Concurrent Mark Try Flush                     0.000 / 0.000         0.198 / 1.014         0.198 / 1.014         0.198 / 1.014       ms
[2023-11-12T20:21:13.874+0800][gc,stats    ]    Subphase: Concurrent Mark Try Terminate                 0.000 / 0.000         7.711 / 13.370        7.711 / 13.370        7.711 / 13.370      ms
[2023-11-12T20:21:13.874+0800][gc,stats    ]    Subphase: Concurrent References Enqueue                 0.000 / 0.000         0.004 / 0.004         0.004 / 0.004         0.004 / 0.004       ms
[2023-11-12T20:21:13.874+0800][gc,stats    ]    Subphase: Concurrent References Process                 0.000 / 0.000         0.088 / 0.091         0.088 / 0.091         0.088 / 0.091       ms
[2023-11-12T20:21:13.874+0800][gc,stats    ]    Subphase: Concurrent Roots ClassLoaderDataGraph         0.000 / 0.000         0.224 / 1.141         0.224 / 1.141         0.224 / 1.141       ms
[2023-11-12T20:21:13.874+0800][gc,stats    ]    Subphase: Concurrent Roots CodeCache                    0.000 / 0.000         0.000 / 0.000         0.000 / 0.000         0.000 / 0.000       ms
[2023-11-12T20:21:13.874+0800][gc,stats    ]    Subphase: Concurrent Roots JavaThreads                  0.000 / 0.000         1.318 / 1.908         1.318 / 1.908         1.318 / 1.908       ms
[2023-11-12T20:21:13.874+0800][gc,stats    ]    Subphase: Concurrent Roots OopStorageSet                0.000 / 0.000         0.117 / 0.285         0.117 / 0.285         0.117 / 0.285       ms
[2023-11-12T20:21:13.874+0800][gc,stats    ]    Subphase: Concurrent Weak Roots OopStorageSet           0.000 / 0.000         0.376 / 0.512         0.376 / 0.512         0.376 / 0.512       ms
[2023-11-12T20:21:13.874+0800][gc,stats    ]    Subphase: Pause Mark Try Complete                       0.000 / 0.000         0.000 / 0.000         0.000 / 0.000         0.000 / 0.000       ms
[2023-11-12T20:21:13.874+0800][gc,stats    ]      System: Java Threads                                      0 / 0                38 / 52               38 / 52               38 / 52          threads
[2023-11-12T20:21:13.874+0800][gc,stats    ] =========================================================================================================================================================
[2023-11-12T20:21:23.872+0800][gc,stats    ] === Garbage Collection Statistics =======================================================================================================================
[2023-11-12T20:21:23.872+0800][gc,stats    ]                                                              Last 10s              Last 10m              Last 10h                Total
[2023-11-12T20:21:23.872+0800][gc,stats    ]                                                              Avg / Max             Avg / Max             Avg / Max             Avg / Max
[2023-11-12T20:21:23.872+0800][gc,stats    ]   Collector: Garbage Collection Cycle                      0.000 / 0.000        50.665 / 66.843       50.665 / 66.843       50.665 / 66.843      ms
[2023-11-12T20:21:23.872+0800][gc,stats    ]  Contention: Mark Segment Reset Contention                     0 / 0                 0 / 9                 0 / 9                 0 / 9           ops/s
[2023-11-12T20:21:23.872+0800][gc,stats    ]  Contention: Mark SeqNum Reset Contention                      0 / 0                 0 / 1                 0 / 1                 0 / 1           ops/s
[2023-11-12T20:21:23.872+0800][gc,stats    ]    Critical: Allocation Stall                                  0 / 0                 0 / 0                 0 / 0                 0 / 0           ops/s
[2023-11-12T20:21:23.872+0800][gc,stats    ]    Critical: Allocation Stall                              0.000 / 0.000         0.000 / 0.000         0.000 / 0.000         0.000 / 0.000       ms
[2023-11-12T20:21:23.872+0800][gc,stats    ]    Critical: GC Locker Stall                                   0 / 0                 0 / 0                 0 / 0                 0 / 0           ops/s
[2023-11-12T20:21:23.872+0800][gc,stats    ]    Critical: GC Locker Stall                               0.000 / 0.000         0.000 / 0.000         0.000 / 0.000         0.000 / 0.000       ms
[2023-11-12T20:21:23.872+0800][gc,stats    ]    Critical: Relocation Stall                                  0 / 0                 0 / 0                 0 / 0                 0 / 0           ops/s
[2023-11-12T20:21:23.872+0800][gc,stats    ]    Critical: Relocation Stall                              0.000 / 0.000         0.000 / 0.000         0.000 / 0.000         0.000 / 0.000       ms
[2023-11-12T20:21:23.872+0800][gc,stats    ]      Memory: Allocation Rate                                   0 / 2                 0 / 66                0 / 66                0 / 66          MB/s
[2023-11-12T20:21:23.872+0800][gc,stats    ]      Memory: Defragment                                        0 / 0                 0 / 0                 0 / 0                 0 / 0           ops/s
[2023-11-12T20:21:23.872+0800][gc,stats    ]      Memory: Out Of Memory                                     0 / 0                 0 / 0                 0 / 0                 0 / 0           ops/s
[2023-11-12T20:21:23.872+0800][gc,stats    ]      Memory: Page Cache Flush                                  0 / 0                 0 / 0                 0 / 0                 0 / 0           MB/s
[2023-11-12T20:21:23.872+0800][gc,stats    ]      Memory: Page Cache Hit L1                                 0 / 1                 0 / 32                0 / 32                0 / 32          ops/s
[2023-11-12T20:21:23.872+0800][gc,stats    ]      Memory: Page Cache Hit L2                                 0 / 0                 0 / 0                 0 / 0                 0 / 0           ops/s
[2023-11-12T20:21:23.872+0800][gc,stats    ]      Memory: Page Cache Hit L3                                 0 / 0                 0 / 33                0 / 33                0 / 33          ops/s
[2023-11-12T20:21:23.872+0800][gc,stats    ]      Memory: Page Cache Miss                                   0 / 0                 0 / 1                 0 / 1                 0 / 1           ops/s
[2023-11-12T20:21:23.872+0800][gc,stats    ]      Memory: Uncommit                                          0 / 0                 0 / 0                 0 / 0                 0 / 0           MB/s
[2023-11-12T20:21:23.872+0800][gc,stats    ]      Memory: Undo Object Allocation Failed                     0 / 0                 0 / 0                 0 / 0                 0 / 0           ops/s
[2023-11-12T20:21:23.872+0800][gc,stats    ]      Memory: Undo Object Allocation Succeeded                  0 / 0                 0 / 0                 0 / 0                 0 / 0           ops/s
[2023-11-12T20:21:23.872+0800][gc,stats    ]      Memory: Undo Page Allocation                              0 / 0                 0 / 0                 0 / 0                 0 / 0           ops/s
[2023-11-12T20:21:23.872+0800][gc,stats    ]       Phase: Concurrent Mark                               0.000 / 0.000        26.305 / 27.135       26.305 / 27.135       26.305 / 27.135      ms
[2023-11-12T20:21:23.872+0800][gc,stats    ]       Phase: Concurrent Mark Continue                      0.000 / 0.000         0.000 / 0.000         0.000 / 0.000         0.000 / 0.000       ms
[2023-11-12T20:21:23.872+0800][gc,stats    ]       Phase: Concurrent Mark Free                          0.000 / 0.000         0.001 / 0.001         0.001 / 0.001         0.001 / 0.001       ms
[2023-11-12T20:21:23.872+0800][gc,stats    ]       Phase: Concurrent Process Non-Strong References      0.000 / 0.000         1.929 / 2.001         1.929 / 2.001         1.929 / 2.001       ms
[2023-11-12T20:21:23.872+0800][gc,stats    ]       Phase: Concurrent Relocate                           0.000 / 0.000         3.090 / 3.413         3.090 / 3.413         3.090 / 3.413       ms
[2023-11-12T20:21:23.872+0800][gc,stats    ]       Phase: Concurrent Reset Relocation Set               0.000 / 0.000         0.002 / 0.004         0.002 / 0.004         0.002 / 0.004       ms
[2023-11-12T20:21:23.872+0800][gc,stats    ]       Phase: Concurrent Select Relocation Set              0.000 / 0.000        18.052 / 34.722       18.052 / 34.722       18.052 / 34.722      ms
[2023-11-12T20:21:23.872+0800][gc,stats    ]       Phase: Pause Mark End                                0.000 / 0.000         0.017 / 0.020         0.017 / 0.020         0.017 / 0.020       ms
[2023-11-12T20:21:23.872+0800][gc,stats    ]       Phase: Pause Mark Start                              0.000 / 0.000         0.102 / 0.195         0.102 / 0.195         0.102 / 0.195       ms
[2023-11-12T20:21:23.872+0800][gc,stats    ]       Phase: Pause Relocate Start                          0.000 / 0.000         0.012 / 0.013         0.012 / 0.013         0.012 / 0.013       ms
[2023-11-12T20:21:23.872+0800][gc,stats    ]    Subphase: Concurrent Classes Purge                      0.000 / 0.000         0.065 / 0.066         0.065 / 0.066         0.065 / 0.066       ms
[2023-11-12T20:21:23.872+0800][gc,stats    ]    Subphase: Concurrent Classes Unlink                     0.000 / 0.000         1.307 / 1.369         1.307 / 1.369         1.307 / 1.369       ms
[2023-11-12T20:21:23.872+0800][gc,stats    ]    Subphase: Concurrent Mark                               0.000 / 0.000        21.516 / 25.107       21.516 / 25.107       21.516 / 25.107      ms
[2023-11-12T20:21:23.872+0800][gc,stats    ]    Subphase: Concurrent Mark Try Flush                     0.000 / 0.000         0.198 / 1.014         0.198 / 1.014         0.198 / 1.014       ms
[2023-11-12T20:21:23.872+0800][gc,stats    ]    Subphase: Concurrent Mark Try Terminate                 0.000 / 0.000         7.711 / 13.370        7.711 / 13.370        7.711 / 13.370      ms
[2023-11-12T20:21:23.872+0800][gc,stats    ]    Subphase: Concurrent References Enqueue                 0.000 / 0.000         0.004 / 0.004         0.004 / 0.004         0.004 / 0.004       ms
[2023-11-12T20:21:23.872+0800][gc,stats    ]    Subphase: Concurrent References Process                 0.000 / 0.000         0.088 / 0.091         0.088 / 0.091         0.088 / 0.091       ms
[2023-11-12T20:21:23.872+0800][gc,stats    ]    Subphase: Concurrent Roots ClassLoaderDataGraph         0.000 / 0.000         0.224 / 1.141         0.224 / 1.141         0.224 / 1.141       ms
[2023-11-12T20:21:23.872+0800][gc,stats    ]    Subphase: Concurrent Roots CodeCache                    0.000 / 0.000         0.000 / 0.000         0.000 / 0.000         0.000 / 0.000       ms
[2023-11-12T20:21:23.872+0800][gc,stats    ]    Subphase: Concurrent Roots JavaThreads                  0.000 / 0.000         1.318 / 1.908         1.318 / 1.908         1.318 / 1.908       ms
[2023-11-12T20:21:23.872+0800][gc,stats    ]    Subphase: Concurrent Roots OopStorageSet                0.000 / 0.000         0.117 / 0.285         0.117 / 0.285         0.117 / 0.285       ms
[2023-11-12T20:21:23.872+0800][gc,stats    ]    Subphase: Concurrent Weak Roots OopStorageSet           0.000 / 0.000         0.376 / 0.512         0.376 / 0.512         0.376 / 0.512       ms
[2023-11-12T20:21:23.872+0800][gc,stats    ]    Subphase: Pause Mark Try Complete                       0.000 / 0.000         0.000 / 0.000         0.000 / 0.000         0.000 / 0.000       ms
[2023-11-12T20:21:23.872+0800][gc,stats    ]      System: Java Threads                                      0 / 0                38 / 52               38 / 52               38 / 52          threads
[2023-11-12T20:21:23.872+0800][gc,stats    ] =========================================================================================================================================================
[2023-11-12T20:21:33.872+0800][gc,stats    ] === Garbage Collection Statistics =======================================================================================================================
[2023-11-12T20:21:33.872+0800][gc,stats    ]                                                              Last 10s              Last 10m              Last 10h                Total
[2023-11-12T20:21:33.872+0800][gc,stats    ]                                                              Avg / Max             Avg / Max             Avg / Max             Avg / Max
[2023-11-12T20:21:33.872+0800][gc,stats    ]   Collector: Garbage Collection Cycle                      0.000 / 0.000        50.665 / 66.843       50.665 / 66.843       50.665 / 66.843      ms
[2023-11-12T20:21:33.872+0800][gc,stats    ]  Contention: Mark Segment Reset Contention                     0 / 0                 0 / 9                 0 / 9                 0 / 9           ops/s
[2023-11-12T20:21:33.872+0800][gc,stats    ]  Contention: Mark SeqNum Reset Contention                      0 / 0                 0 / 1                 0 / 1                 0 / 1           ops/s
[2023-11-12T20:21:33.872+0800][gc,stats    ]    Critical: Allocation Stall                                  0 / 0                 0 / 0                 0 / 0                 0 / 0           ops/s
[2023-11-12T20:21:33.872+0800][gc,stats    ]    Critical: Allocation Stall                              0.000 / 0.000         0.000 / 0.000         0.000 / 0.000         0.000 / 0.000       ms
[2023-11-12T20:21:33.872+0800][gc,stats    ]    Critical: GC Locker Stall                                   0 / 0                 0 / 0                 0 / 0                 0 / 0           ops/s
[2023-11-12T20:21:33.872+0800][gc,stats    ]    Critical: GC Locker Stall                               0.000 / 0.000         0.000 / 0.000         0.000 / 0.000         0.000 / 0.000       ms
[2023-11-12T20:21:33.872+0800][gc,stats    ]    Critical: Relocation Stall                                  0 / 0                 0 / 0                 0 / 0                 0 / 0           ops/s
[2023-11-12T20:21:33.872+0800][gc,stats    ]    Critical: Relocation Stall                              0.000 / 0.000         0.000 / 0.000         0.000 / 0.000         0.000 / 0.000       ms
[2023-11-12T20:21:33.872+0800][gc,stats    ]      Memory: Allocation Rate                                   0 / 0                 0 / 66                0 / 66                0 / 66          MB/s
[2023-11-12T20:21:33.872+0800][gc,stats    ]      Memory: Defragment                                        0 / 0                 0 / 0                 0 / 0                 0 / 0           ops/s
[2023-11-12T20:21:33.872+0800][gc,stats    ]      Memory: Out Of Memory                                     0 / 0                 0 / 0                 0 / 0                 0 / 0           ops/s
[2023-11-12T20:21:33.872+0800][gc,stats    ]      Memory: Page Cache Flush                                  0 / 0                 0 / 0                 0 / 0                 0 / 0           MB/s
[2023-11-12T20:21:33.872+0800][gc,stats    ]      Memory: Page Cache Hit L1                                 0 / 0                 0 / 32                0 / 32                0 / 32          ops/s
[2023-11-12T20:21:33.872+0800][gc,stats    ]      Memory: Page Cache Hit L2                                 0 / 0                 0 / 0                 0 / 0                 0 / 0           ops/s
[2023-11-12T20:21:33.872+0800][gc,stats    ]      Memory: Page Cache Hit L3                                 0 / 0                 0 / 33                0 / 33                0 / 33          ops/s
[2023-11-12T20:21:33.872+0800][gc,stats    ]      Memory: Page Cache Miss                                   0 / 0                 0 / 1                 0 / 1                 0 / 1           ops/s
[2023-11-12T20:21:33.872+0800][gc,stats    ]      Memory: Uncommit                                          0 / 0                 0 / 0                 0 / 0                 0 / 0           MB/s
[2023-11-12T20:21:33.872+0800][gc,stats    ]      Memory: Undo Object Allocation Failed                     0 / 0                 0 / 0                 0 / 0                 0 / 0           ops/s
[2023-11-12T20:21:33.872+0800][gc,stats    ]      Memory: Undo Object Allocation Succeeded                  0 / 0                 0 / 0                 0 / 0                 0 / 0           ops/s
[2023-11-12T20:21:33.872+0800][gc,stats    ]      Memory: Undo Page Allocation                              0 / 0                 0 / 0                 0 / 0                 0 / 0           ops/s
[2023-11-12T20:21:33.872+0800][gc,stats    ]       Phase: Concurrent Mark                               0.000 / 0.000        26.305 / 27.135       26.305 / 27.135       26.305 / 27.135      ms
[2023-11-12T20:21:33.872+0800][gc,stats    ]       Phase: Concurrent Mark Continue                      0.000 / 0.000         0.000 / 0.000         0.000 / 0.000         0.000 / 0.000       ms
[2023-11-12T20:21:33.872+0800][gc,stats    ]       Phase: Concurrent Mark Free                          0.000 / 0.000         0.001 / 0.001         0.001 / 0.001         0.001 / 0.001       ms
[2023-11-12T20:21:33.872+0800][gc,stats    ]       Phase: Concurrent Process Non-Strong References      0.000 / 0.000         1.929 / 2.001         1.929 / 2.001         1.929 / 2.001       ms
[2023-11-12T20:21:33.872+0800][gc,stats    ]       Phase: Concurrent Relocate                           0.000 / 0.000         3.090 / 3.413         3.090 / 3.413         3.090 / 3.413       ms
[2023-11-12T20:21:33.872+0800][gc,stats    ]       Phase: Concurrent Reset Relocation Set               0.000 / 0.000         0.002 / 0.004         0.002 / 0.004         0.002 / 0.004       ms
[2023-11-12T20:21:33.872+0800][gc,stats    ]       Phase: Concurrent Select Relocation Set              0.000 / 0.000        18.052 / 34.722       18.052 / 34.722       18.052 / 34.722      ms
[2023-11-12T20:21:33.872+0800][gc,stats    ]       Phase: Pause Mark End                                0.000 / 0.000         0.017 / 0.020         0.017 / 0.020         0.017 / 0.020       ms
[2023-11-12T20:21:33.872+0800][gc,stats    ]       Phase: Pause Mark Start                              0.000 / 0.000         0.102 / 0.195         0.102 / 0.195         0.102 / 0.195       ms
[2023-11-12T20:21:33.872+0800][gc,stats    ]       Phase: Pause Relocate Start                          0.000 / 0.000         0.012 / 0.013         0.012 / 0.013         0.012 / 0.013       ms
[2023-11-12T20:21:33.872+0800][gc,stats    ]    Subphase: Concurrent Classes Purge                      0.000 / 0.000         0.065 / 0.066         0.065 / 0.066         0.065 / 0.066       ms
[2023-11-12T20:21:33.872+0800][gc,stats    ]    Subphase: Concurrent Classes Unlink                     0.000 / 0.000         1.307 / 1.369         1.307 / 1.369         1.307 / 1.369       ms
[2023-11-12T20:21:33.872+0800][gc,stats    ]    Subphase: Concurrent Mark                               0.000 / 0.000        21.516 / 25.107       21.516 / 25.107       21.516 / 25.107      ms
[2023-11-12T20:21:33.872+0800][gc,stats    ]    Subphase: Concurrent Mark Try Flush                     0.000 / 0.000         0.198 / 1.014         0.198 / 1.014         0.198 / 1.014       ms
[2023-11-12T20:21:33.872+0800][gc,stats    ]    Subphase: Concurrent Mark Try Terminate                 0.000 / 0.000         7.711 / 13.370        7.711 / 13.370        7.711 / 13.370      ms
[2023-11-12T20:21:33.872+0800][gc,stats    ]    Subphase: Concurrent References Enqueue                 0.000 / 0.000         0.004 / 0.004         0.004 / 0.004         0.004 / 0.004       ms
[2023-11-12T20:21:33.872+0800][gc,stats    ]    Subphase: Concurrent References Process                 0.000 / 0.000         0.088 / 0.091         0.088 / 0.091         0.088 / 0.091       ms
[2023-11-12T20:21:33.872+0800][gc,stats    ]    Subphase: Concurrent Roots ClassLoaderDataGraph         0.000 / 0.000         0.224 / 1.141         0.224 / 1.141         0.224 / 1.141       ms
[2023-11-12T20:21:33.872+0800][gc,stats    ]    Subphase: Concurrent Roots CodeCache                    0.000 / 0.000         0.000 / 0.000         0.000 / 0.000         0.000 / 0.000       ms
[2023-11-12T20:21:33.872+0800][gc,stats    ]    Subphase: Concurrent Roots JavaThreads                  0.000 / 0.000         1.318 / 1.908         1.318 / 1.908         1.318 / 1.908       ms
[2023-11-12T20:21:33.872+0800][gc,stats    ]    Subphase: Concurrent Roots OopStorageSet                0.000 / 0.000         0.117 / 0.285         0.117 / 0.285         0.117 / 0.285       ms
[2023-11-12T20:21:33.872+0800][gc,stats    ]    Subphase: Concurrent Weak Roots OopStorageSet           0.000 / 0.000         0.376 / 0.512         0.376 / 0.512         0.376 / 0.512       ms
[2023-11-12T20:21:33.872+0800][gc,stats    ]    Subphase: Pause Mark Try Complete                       0.000 / 0.000         0.000 / 0.000         0.000 / 0.000         0.000 / 0.000       ms
[2023-11-12T20:21:33.872+0800][gc,stats    ]      System: Java Threads                                      0 / 0                38 / 52               38 / 52               38 / 52          threads
[2023-11-12T20:21:33.872+0800][gc,stats    ] =========================================================================================================================================================
[2023-11-12T20:21:43.871+0800][gc,stats    ] === Garbage Collection Statistics =======================================================================================================================
[2023-11-12T20:21:43.871+0800][gc,stats    ]                                                              Last 10s              Last 10m              Last 10h                Total
[2023-11-12T20:21:43.871+0800][gc,stats    ]                                                              Avg / Max             Avg / Max             Avg / Max             Avg / Max
[2023-11-12T20:21:43.871+0800][gc,stats    ]   Collector: Garbage Collection Cycle                      0.000 / 0.000         0.000 / 0.000        50.665 / 66.843       50.665 / 66.843      ms
[2023-11-12T20:21:43.871+0800][gc,stats    ]  Contention: Mark Segment Reset Contention                     0 / 0                 0 / 0                 0 / 9                 0 / 9           ops/s
[2023-11-12T20:21:43.871+0800][gc,stats    ]  Contention: Mark SeqNum Reset Contention                      0 / 0                 0 / 0                 0 / 1                 0 / 1           ops/s
[2023-11-12T20:21:43.871+0800][gc,stats    ]    Critical: Allocation Stall                                  0 / 0                 0 / 0                 0 / 0                 0 / 0           ops/s
[2023-11-12T20:21:43.871+0800][gc,stats    ]    Critical: Allocation Stall                              0.000 / 0.000         0.000 / 0.000         0.000 / 0.000         0.000 / 0.000       ms
[2023-11-12T20:21:43.871+0800][gc,stats    ]    Critical: GC Locker Stall                                   0 / 0                 0 / 0                 0 / 0                 0 / 0           ops/s
[2023-11-12T20:21:43.871+0800][gc,stats    ]    Critical: GC Locker Stall                               0.000 / 0.000         0.000 / 0.000         0.000 / 0.000         0.000 / 0.000       ms
[2023-11-12T20:21:43.871+0800][gc,stats    ]    Critical: Relocation Stall                                  0 / 0                 0 / 0                 0 / 0                 0 / 0           ops/s
[2023-11-12T20:21:43.871+0800][gc,stats    ]    Critical: Relocation Stall                              0.000 / 0.000         0.000 / 0.000         0.000 / 0.000         0.000 / 0.000       ms
[2023-11-12T20:21:43.871+0800][gc,stats    ]      Memory: Allocation Rate                                   0 / 0                 0 / 8                 0 / 66                0 / 66          MB/s
[2023-11-12T20:21:43.871+0800][gc,stats    ]      Memory: Defragment                                        0 / 0                 0 / 0                 0 / 0                 0 / 0           ops/s
[2023-11-12T20:21:43.871+0800][gc,stats    ]      Memory: Out Of Memory                                     0 / 0                 0 / 0                 0 / 0                 0 / 0           ops/s
[2023-11-12T20:21:43.871+0800][gc,stats    ]      Memory: Page Cache Flush                                  0 / 0                 0 / 0                 0 / 0                 0 / 0           MB/s
[2023-11-12T20:21:43.871+0800][gc,stats    ]      Memory: Page Cache Hit L1                                 0 / 0                 0 / 4                 0 / 32                0 / 32          ops/s
[2023-11-12T20:21:43.871+0800][gc,stats    ]      Memory: Page Cache Hit L2                                 0 / 0                 0 / 0                 0 / 0                 0 / 0           ops/s
[2023-11-12T20:21:43.871+0800][gc,stats    ]      Memory: Page Cache Hit L3                                 0 / 0                 0 / 0                 0 / 33                0 / 33          ops/s
[2023-11-12T20:21:43.871+0800][gc,stats    ]      Memory: Page Cache Miss                                   0 / 0                 0 / 0                 0 / 1                 0 / 1           ops/s
[2023-11-12T20:21:43.871+0800][gc,stats    ]      Memory: Uncommit                                          0 / 0                 0 / 0                 0 / 0                 0 / 0           MB/s
[2023-11-12T20:21:43.871+0800][gc,stats    ]      Memory: Undo Object Allocation Failed                     0 / 0                 0 / 0                 0 / 0                 0 / 0           ops/s
[2023-11-12T20:21:43.871+0800][gc,stats    ]      Memory: Undo Object Allocation Succeeded                  0 / 0                 0 / 0                 0 / 0                 0 / 0           ops/s
[2023-11-12T20:21:43.872+0800][gc,stats    ]      Memory: Undo Page Allocation                              0 / 0                 0 / 0                 0 / 0                 0 / 0           ops/s
[2023-11-12T20:21:43.872+0800][gc,stats    ]       Phase: Concurrent Mark                               0.000 / 0.000         0.000 / 0.000        26.305 / 27.135       26.305 / 27.135      ms
[2023-11-12T20:21:43.872+0800][gc,stats    ]       Phase: Concurrent Mark Continue                      0.000 / 0.000         0.000 / 0.000         0.000 / 0.000         0.000 / 0.000       ms
[2023-11-12T20:21:43.872+0800][gc,stats    ]       Phase: Concurrent Mark Free                          0.000 / 0.000         0.000 / 0.000         0.001 / 0.001         0.001 / 0.001       ms
[2023-11-12T20:21:43.872+0800][gc,stats    ]       Phase: Concurrent Process Non-Strong References      0.000 / 0.000         0.000 / 0.000         1.929 / 2.001         1.929 / 2.001       ms
[2023-11-12T20:21:43.872+0800][gc,stats    ]       Phase: Concurrent Relocate                           0.000 / 0.000         0.000 / 0.000         3.090 / 3.413         3.090 / 3.413       ms
[2023-11-12T20:21:43.872+0800][gc,stats    ]       Phase: Concurrent Reset Relocation Set               0.000 / 0.000         0.000 / 0.000         0.002 / 0.004         0.002 / 0.004       ms
[2023-11-12T20:21:43.872+0800][gc,stats    ]       Phase: Concurrent Select Relocation Set              0.000 / 0.000         0.000 / 0.000        18.052 / 34.722       18.052 / 34.722      ms
[2023-11-12T20:21:43.872+0800][gc,stats    ]       Phase: Pause Mark End                                0.000 / 0.000         0.000 / 0.000         0.017 / 0.020         0.017 / 0.020       ms
[2023-11-12T20:21:43.872+0800][gc,stats    ]       Phase: Pause Mark Start                              0.000 / 0.000         0.000 / 0.000         0.102 / 0.195         0.102 / 0.195       ms
[2023-11-12T20:21:43.872+0800][gc,stats    ]       Phase: Pause Relocate Start                          0.000 / 0.000         0.000 / 0.000         0.012 / 0.013         0.012 / 0.013       ms
[2023-11-12T20:21:43.872+0800][gc,stats    ]    Subphase: Concurrent Classes Purge                      0.000 / 0.000         0.000 / 0.000         0.065 / 0.066         0.065 / 0.066       ms
[2023-11-12T20:21:43.872+0800][gc,stats    ]    Subphase: Concurrent Classes Unlink                     0.000 / 0.000         0.000 / 0.000         1.307 / 1.369         1.307 / 1.369       ms
[2023-11-12T20:21:43.872+0800][gc,stats    ]    Subphase: Concurrent Mark                               0.000 / 0.000         0.000 / 0.000        21.516 / 25.107       21.516 / 25.107      ms
[2023-11-12T20:21:43.872+0800][gc,stats    ]    Subphase: Concurrent Mark Try Flush                     0.000 / 0.000         0.000 / 0.000         0.198 / 1.014         0.198 / 1.014       ms
[2023-11-12T20:21:43.872+0800][gc,stats    ]    Subphase: Concurrent Mark Try Terminate                 0.000 / 0.000         0.000 / 0.000         7.711 / 13.370        7.711 / 13.370      ms
[2023-11-12T20:21:43.872+0800][gc,stats    ]    Subphase: Concurrent References Enqueue                 0.000 / 0.000         0.000 / 0.000         0.004 / 0.004         0.004 / 0.004       ms
[2023-11-12T20:21:43.872+0800][gc,stats    ]    Subphase: Concurrent References Process                 0.000 / 0.000         0.000 / 0.000         0.088 / 0.091         0.088 / 0.091       ms
[2023-11-12T20:21:43.872+0800][gc,stats    ]    Subphase: Concurrent Roots ClassLoaderDataGraph         0.000 / 0.000         0.000 / 0.000         0.224 / 1.141         0.224 / 1.141       ms
[2023-11-12T20:21:43.872+0800][gc,stats    ]    Subphase: Concurrent Roots CodeCache                    0.000 / 0.000         0.000 / 0.000         0.000 / 0.000         0.000 / 0.000       ms
[2023-11-12T20:21:43.872+0800][gc,stats    ]    Subphase: Concurrent Roots JavaThreads                  0.000 / 0.000         0.000 / 0.000         1.318 / 1.908         1.318 / 1.908       ms
[2023-11-12T20:21:43.872+0800][gc,stats    ]    Subphase: Concurrent Roots OopStorageSet                0.000 / 0.000         0.000 / 0.000         0.117 / 0.285         0.117 / 0.285       ms
[2023-11-12T20:21:43.872+0800][gc,stats    ]    Subphase: Concurrent Weak Roots OopStorageSet           0.000 / 0.000         0.000 / 0.000         0.376 / 0.512         0.376 / 0.512       ms
[2023-11-12T20:21:43.872+0800][gc,stats    ]    Subphase: Pause Mark Try Complete                       0.000 / 0.000         0.000 / 0.000         0.000 / 0.000         0.000 / 0.000       ms
[2023-11-12T20:21:43.872+0800][gc,stats    ]      System: Java Threads                                      0 / 0                 0 / 0                38 / 52               38 / 52          threads
[2023-11-12T20:21:43.872+0800][gc,stats    ] =========================================================================================================================================================
[2023-11-12T20:21:53.872+0800][gc,stats    ] === Garbage Collection Statistics =======================================================================================================================
[2023-11-12T20:21:53.872+0800][gc,stats    ]                                                              Last 10s              Last 10m              Last 10h                Total
[2023-11-12T20:21:53.872+0800][gc,stats    ]                                                              Avg / Max             Avg / Max             Avg / Max             Avg / Max
[2023-11-12T20:21:53.872+0800][gc,stats    ]   Collector: Garbage Collection Cycle                      0.000 / 0.000         0.000 / 0.000        50.665 / 66.843       50.665 / 66.843      ms
[2023-11-12T20:21:53.872+0800][gc,stats    ]  Contention: Mark Segment Reset Contention                     0 / 0                 0 / 0                 0 / 9                 0 / 9           ops/s
[2023-11-12T20:21:53.872+0800][gc,stats    ]  Contention: Mark SeqNum Reset Contention                      0 / 0                 0 / 0                 0 / 1                 0 / 1           ops/s
[2023-11-12T20:21:53.872+0800][gc,stats    ]    Critical: Allocation Stall                                  0 / 0                 0 / 0                 0 / 0                 0 / 0           ops/s
[2023-11-12T20:21:53.872+0800][gc,stats    ]    Critical: Allocation Stall                              0.000 / 0.000         0.000 / 0.000         0.000 / 0.000         0.000 / 0.000       ms
[2023-11-12T20:21:53.872+0800][gc,stats    ]    Critical: GC Locker Stall                                   0 / 0                 0 / 0                 0 / 0                 0 / 0           ops/s
[2023-11-12T20:21:53.872+0800][gc,stats    ]    Critical: GC Locker Stall                               0.000 / 0.000         0.000 / 0.000         0.000 / 0.000         0.000 / 0.000       ms
[2023-11-12T20:21:53.872+0800][gc,stats    ]    Critical: Relocation Stall                                  0 / 0                 0 / 0                 0 / 0                 0 / 0           ops/s
[2023-11-12T20:21:53.872+0800][gc,stats    ]    Critical: Relocation Stall                              0.000 / 0.000         0.000 / 0.000         0.000 / 0.000         0.000 / 0.000       ms
[2023-11-12T20:21:53.872+0800][gc,stats    ]      Memory: Allocation Rate                                   0 / 0                 0 / 8                 0 / 66                0 / 66          MB/s
[2023-11-12T20:21:53.872+0800][gc,stats    ]      Memory: Defragment                                        0 / 0                 0 / 0                 0 / 0                 0 / 0           ops/s
[2023-11-12T20:21:53.872+0800][gc,stats    ]      Memory: Out Of Memory                                     0 / 0                 0 / 0                 0 / 0                 0 / 0           ops/s
[2023-11-12T20:21:53.872+0800][gc,stats    ]      Memory: Page Cache Flush                                  0 / 0                 0 / 0                 0 / 0                 0 / 0           MB/s
[2023-11-12T20:21:53.872+0800][gc,stats    ]      Memory: Page Cache Hit L1                                 0 / 0                 0 / 4                 0 / 32                0 / 32          ops/s
[2023-11-12T20:21:53.872+0800][gc,stats    ]      Memory: Page Cache Hit L2                                 0 / 0                 0 / 0                 0 / 0                 0 / 0           ops/s
[2023-11-12T20:21:53.872+0800][gc,stats    ]      Memory: Page Cache Hit L3                                 0 / 0                 0 / 0                 0 / 33                0 / 33          ops/s
[2023-11-12T20:21:53.872+0800][gc,stats    ]      Memory: Page Cache Miss                                   0 / 0                 0 / 0                 0 / 1                 0 / 1           ops/s
[2023-11-12T20:21:53.872+0800][gc,stats    ]      Memory: Uncommit                                          0 / 0                 0 / 0                 0 / 0                 0 / 0           MB/s
[2023-11-12T20:21:53.872+0800][gc,stats    ]      Memory: Undo Object Allocation Failed                     0 / 0                 0 / 0                 0 / 0                 0 / 0           ops/s
[2023-11-12T20:21:53.872+0800][gc,stats    ]      Memory: Undo Object Allocation Succeeded                  0 / 0                 0 / 0                 0 / 0                 0 / 0           ops/s
[2023-11-12T20:21:53.872+0800][gc,stats    ]      Memory: Undo Page Allocation                              0 / 0                 0 / 0                 0 / 0                 0 / 0           ops/s
[2023-11-12T20:21:53.872+0800][gc,stats    ]       Phase: Concurrent Mark                               0.000 / 0.000         0.000 / 0.000        26.305 / 27.135       26.305 / 27.135      ms
[2023-11-12T20:21:53.872+0800][gc,stats    ]       Phase: Concurrent Mark Continue                      0.000 / 0.000         0.000 / 0.000         0.000 / 0.000         0.000 / 0.000       ms
[2023-11-12T20:21:53.872+0800][gc,stats    ]       Phase: Concurrent Mark Free                          0.000 / 0.000         0.000 / 0.000         0.001 / 0.001         0.001 / 0.001       ms
[2023-11-12T20:21:53.872+0800][gc,stats    ]       Phase: Concurrent Process Non-Strong References      0.000 / 0.000         0.000 / 0.000         1.929 / 2.001         1.929 / 2.001       ms
[2023-11-12T20:21:53.872+0800][gc,stats    ]       Phase: Concurrent Relocate                           0.000 / 0.000         0.000 / 0.000         3.090 / 3.413         3.090 / 3.413       ms
[2023-11-12T20:21:53.872+0800][gc,stats    ]       Phase: Concurrent Reset Relocation Set               0.000 / 0.000         0.000 / 0.000         0.002 / 0.004         0.002 / 0.004       ms
[2023-11-12T20:21:53.872+0800][gc,stats    ]       Phase: Concurrent Select Relocation Set              0.000 / 0.000         0.000 / 0.000        18.052 / 34.722       18.052 / 34.722      ms
[2023-11-12T20:21:53.872+0800][gc,stats    ]       Phase: Pause Mark End                                0.000 / 0.000         0.000 / 0.000         0.017 / 0.020         0.017 / 0.020       ms
[2023-11-12T20:21:53.872+0800][gc,stats    ]       Phase: Pause Mark Start                              0.000 / 0.000         0.000 / 0.000         0.102 / 0.195         0.102 / 0.195       ms
[2023-11-12T20:21:53.872+0800][gc,stats    ]       Phase: Pause Relocate Start                          0.000 / 0.000         0.000 / 0.000         0.012 / 0.013         0.012 / 0.013       ms
[2023-11-12T20:21:53.872+0800][gc,stats    ]    Subphase: Concurrent Classes Purge                      0.000 / 0.000         0.000 / 0.000         0.065 / 0.066         0.065 / 0.066       ms
[2023-11-12T20:21:53.872+0800][gc,stats    ]    Subphase: Concurrent Classes Unlink                     0.000 / 0.000         0.000 / 0.000         1.307 / 1.369         1.307 / 1.369       ms
[2023-11-12T20:21:53.872+0800][gc,stats    ]    Subphase: Concurrent Mark                               0.000 / 0.000         0.000 / 0.000        21.516 / 25.107       21.516 / 25.107      ms
[2023-11-12T20:21:53.872+0800][gc,stats    ]    Subphase: Concurrent Mark Try Flush                     0.000 / 0.000         0.000 / 0.000         0.198 / 1.014         0.198 / 1.014       ms
[2023-11-12T20:21:53.872+0800][gc,stats    ]    Subphase: Concurrent Mark Try Terminate                 0.000 / 0.000         0.000 / 0.000         7.711 / 13.370        7.711 / 13.370      ms
[2023-11-12T20:21:53.872+0800][gc,stats    ]    Subphase: Concurrent References Enqueue                 0.000 / 0.000         0.000 / 0.000         0.004 / 0.004         0.004 / 0.004       ms
[2023-11-12T20:21:53.872+0800][gc,stats    ]    Subphase: Concurrent References Process                 0.000 / 0.000         0.000 / 0.000         0.088 / 0.091         0.088 / 0.091       ms
[2023-11-12T20:21:53.872+0800][gc,stats    ]    Subphase: Concurrent Roots ClassLoaderDataGraph         0.000 / 0.000         0.000 / 0.000         0.224 / 1.141         0.224 / 1.141       ms
[2023-11-12T20:21:53.872+0800][gc,stats    ]    Subphase: Concurrent Roots CodeCache                    0.000 / 0.000         0.000 / 0.000         0.000 / 0.000         0.000 / 0.000       ms
[2023-11-12T20:21:53.872+0800][gc,stats    ]    Subphase: Concurrent Roots JavaThreads                  0.000 / 0.000         0.000 / 0.000         1.318 / 1.908         1.318 / 1.908       ms
[2023-11-12T20:21:53.872+0800][gc,stats    ]    Subphase: Concurrent Roots OopStorageSet                0.000 / 0.000         0.000 / 0.000         0.117 / 0.285         0.117 / 0.285       ms
[2023-11-12T20:21:53.872+0800][gc,stats    ]    Subphase: Concurrent Weak Roots OopStorageSet           0.000 / 0.000         0.000 / 0.000         0.376 / 0.512         0.376 / 0.512       ms
[2023-11-12T20:21:53.872+0800][gc,stats    ]    Subphase: Pause Mark Try Complete                       0.000 / 0.000         0.000 / 0.000         0.000 / 0.000         0.000 / 0.000       ms
[2023-11-12T20:21:53.872+0800][gc,stats    ]      System: Java Threads                                      0 / 0                 0 / 0                38 / 52               38 / 52          threads
[2023-11-12T20:21:53.872+0800][gc,stats    ] =========================================================================================================================================================
[2023-11-12T20:22:03.872+0800][gc,stats    ] === Garbage Collection Statistics =======================================================================================================================
[2023-11-12T20:22:03.872+0800][gc,stats    ]                                                              Last 10s              Last 10m              Last 10h                Total
[2023-11-12T20:22:03.872+0800][gc,stats    ]                                                              Avg / Max             Avg / Max             Avg / Max             Avg / Max
[2023-11-12T20:22:03.872+0800][gc,stats    ]   Collector: Garbage Collection Cycle                      0.000 / 0.000         0.000 / 0.000        50.665 / 66.843       50.665 / 66.843      ms
[2023-11-12T20:22:03.872+0800][gc,stats    ]  Contention: Mark Segment Reset Contention                     0 / 0                 0 / 0                 0 / 9                 0 / 9           ops/s
[2023-11-12T20:22:03.872+0800][gc,stats    ]  Contention: Mark SeqNum Reset Contention                      0 / 0                 0 / 0                 0 / 1                 0 / 1           ops/s
[2023-11-12T20:22:03.872+0800][gc,stats    ]    Critical: Allocation Stall                                  0 / 0                 0 / 0                 0 / 0                 0 / 0           ops/s
[2023-11-12T20:22:03.872+0800][gc,stats    ]    Critical: Allocation Stall                              0.000 / 0.000         0.000 / 0.000         0.000 / 0.000         0.000 / 0.000       ms
[2023-11-12T20:22:03.872+0800][gc,stats    ]    Critical: GC Locker Stall                                   0 / 0                 0 / 0                 0 / 0                 0 / 0           ops/s
[2023-11-12T20:22:03.872+0800][gc,stats    ]    Critical: GC Locker Stall                               0.000 / 0.000         0.000 / 0.000         0.000 / 0.000         0.000 / 0.000       ms
[2023-11-12T20:22:03.872+0800][gc,stats    ]    Critical: Relocation Stall                                  0 / 0                 0 / 0                 0 / 0                 0 / 0           ops/s
[2023-11-12T20:22:03.872+0800][gc,stats    ]    Critical: Relocation Stall                              0.000 / 0.000         0.000 / 0.000         0.000 / 0.000         0.000 / 0.000       ms
[2023-11-12T20:22:03.872+0800][gc,stats    ]      Memory: Allocation Rate                                   0 / 0                 0 / 8                 0 / 66                0 / 66          MB/s
[2023-11-12T20:22:03.872+0800][gc,stats    ]      Memory: Defragment                                        0 / 0                 0 / 0                 0 / 0                 0 / 0           ops/s
[2023-11-12T20:22:03.872+0800][gc,stats    ]      Memory: Out Of Memory                                     0 / 0                 0 / 0                 0 / 0                 0 / 0           ops/s
[2023-11-12T20:22:03.872+0800][gc,stats    ]      Memory: Page Cache Flush                                  0 / 0                 0 / 0                 0 / 0                 0 / 0           MB/s
[2023-11-12T20:22:03.872+0800][gc,stats    ]      Memory: Page Cache Hit L1                                 0 / 0                 0 / 4                 0 / 32                0 / 32          ops/s
[2023-11-12T20:22:03.872+0800][gc,stats    ]      Memory: Page Cache Hit L2                                 0 / 0                 0 / 0                 0 / 0                 0 / 0           ops/s
[2023-11-12T20:22:03.872+0800][gc,stats    ]      Memory: Page Cache Hit L3                                 0 / 0                 0 / 0                 0 / 33                0 / 33          ops/s
[2023-11-12T20:22:03.872+0800][gc,stats    ]      Memory: Page Cache Miss                                   0 / 0                 0 / 0                 0 / 1                 0 / 1           ops/s
[2023-11-12T20:22:03.872+0800][gc,stats    ]      Memory: Uncommit                                          0 / 0                 0 / 0                 0 / 0                 0 / 0           MB/s
[2023-11-12T20:22:03.872+0800][gc,stats    ]      Memory: Undo Object Allocation Failed                     0 / 0                 0 / 0                 0 / 0                 0 / 0           ops/s
[2023-11-12T20:22:03.872+0800][gc,stats    ]      Memory: Undo Object Allocation Succeeded                  0 / 0                 0 / 0                 0 / 0                 0 / 0           ops/s
[2023-11-12T20:22:03.872+0800][gc,stats    ]      Memory: Undo Page Allocation                              0 / 0                 0 / 0                 0 / 0                 0 / 0           ops/s
[2023-11-12T20:22:03.872+0800][gc,stats    ]       Phase: Concurrent Mark                               0.000 / 0.000         0.000 / 0.000        26.305 / 27.135       26.305 / 27.135      ms
[2023-11-12T20:22:03.872+0800][gc,stats    ]       Phase: Concurrent Mark Continue                      0.000 / 0.000         0.000 / 0.000         0.000 / 0.000         0.000 / 0.000       ms
[2023-11-12T20:22:03.872+0800][gc,stats    ]       Phase: Concurrent Mark Free                          0.000 / 0.000         0.000 / 0.000         0.001 / 0.001         0.001 / 0.001       ms
[2023-11-12T20:22:03.872+0800][gc,stats    ]       Phase: Concurrent Process Non-Strong References      0.000 / 0.000         0.000 / 0.000         1.929 / 2.001         1.929 / 2.001       ms
[2023-11-12T20:22:03.872+0800][gc,stats    ]       Phase: Concurrent Relocate                           0.000 / 0.000         0.000 / 0.000         3.090 / 3.413         3.090 / 3.413       ms
[2023-11-12T20:22:03.872+0800][gc,stats    ]       Phase: Concurrent Reset Relocation Set               0.000 / 0.000         0.000 / 0.000         0.002 / 0.004         0.002 / 0.004       ms
[2023-11-12T20:22:03.872+0800][gc,stats    ]       Phase: Concurrent Select Relocation Set              0.000 / 0.000         0.000 / 0.000        18.052 / 34.722       18.052 / 34.722      ms
[2023-11-12T20:22:03.872+0800][gc,stats    ]       Phase: Pause Mark End                                0.000 / 0.000         0.000 / 0.000         0.017 / 0.020         0.017 / 0.020       ms
[2023-11-12T20:22:03.872+0800][gc,stats    ]       Phase: Pause Mark Start                              0.000 / 0.000         0.000 / 0.000         0.102 / 0.195         0.102 / 0.195       ms
[2023-11-12T20:22:03.872+0800][gc,stats    ]       Phase: Pause Relocate Start                          0.000 / 0.000         0.000 / 0.000         0.012 / 0.013         0.012 / 0.013       ms
[2023-11-12T20:22:03.872+0800][gc,stats    ]    Subphase: Concurrent Classes Purge                      0.000 / 0.000         0.000 / 0.000         0.065 / 0.066         0.065 / 0.066       ms
[2023-11-12T20:22:03.872+0800][gc,stats    ]    Subphase: Concurrent Classes Unlink                     0.000 / 0.000         0.000 / 0.000         1.307 / 1.369         1.307 / 1.369       ms
[2023-11-12T20:22:03.872+0800][gc,stats    ]    Subphase: Concurrent Mark                               0.000 / 0.000         0.000 / 0.000        21.516 / 25.107       21.516 / 25.107      ms
[2023-11-12T20:22:03.872+0800][gc,stats    ]    Subphase: Concurrent Mark Try Flush                     0.000 / 0.000         0.000 / 0.000         0.198 / 1.014         0.198 / 1.014       ms
[2023-11-12T20:22:03.872+0800][gc,stats    ]    Subphase: Concurrent Mark Try Terminate                 0.000 / 0.000         0.000 / 0.000         7.711 / 13.370        7.711 / 13.370      ms
[2023-11-12T20:22:03.872+0800][gc,stats    ]    Subphase: Concurrent References Enqueue                 0.000 / 0.000         0.000 / 0.000         0.004 / 0.004         0.004 / 0.004       ms
[2023-11-12T20:22:03.872+0800][gc,stats    ]    Subphase: Concurrent References Process                 0.000 / 0.000         0.000 / 0.000         0.088 / 0.091         0.088 / 0.091       ms
[2023-11-12T20:22:03.872+0800][gc,stats    ]    Subphase: Concurrent Roots ClassLoaderDataGraph         0.000 / 0.000         0.000 / 0.000         0.224 / 1.141         0.224 / 1.141       ms
[2023-11-12T20:22:03.872+0800][gc,stats    ]    Subphase: Concurrent Roots CodeCache                    0.000 / 0.000         0.000 / 0.000         0.000 / 0.000         0.000 / 0.000       ms
[2023-11-12T20:22:03.872+0800][gc,stats    ]    Subphase: Concurrent Roots JavaThreads                  0.000 / 0.000         0.000 / 0.000         1.318 / 1.908         1.318 / 1.908       ms
[2023-11-12T20:22:03.872+0800][gc,stats    ]    Subphase: Concurrent Roots OopStorageSet                0.000 / 0.000         0.000 / 0.000         0.117 / 0.285         0.117 / 0.285       ms
[2023-11-12T20:22:03.872+0800][gc,stats    ]    Subphase: Concurrent Weak Roots OopStorageSet           0.000 / 0.000         0.000 / 0.000         0.376 / 0.512         0.376 / 0.512       ms
[2023-11-12T20:22:03.872+0800][gc,stats    ]    Subphase: Pause Mark Try Complete                       0.000 / 0.000         0.000 / 0.000         0.000 / 0.000         0.000 / 0.000       ms
[2023-11-12T20:22:03.872+0800][gc,stats    ]      System: Java Threads                                      0 / 0                 0 / 0                38 / 52               38 / 52          threads
[2023-11-12T20:22:03.872+0800][gc,stats    ] =========================================================================================================================================================
[2023-11-12T20:22:13.871+0800][gc,stats    ] === Garbage Collection Statistics =======================================================================================================================
[2023-11-12T20:22:13.871+0800][gc,stats    ]                                                              Last 10s              Last 10m              Last 10h                Total
[2023-11-12T20:22:13.871+0800][gc,stats    ]                                                              Avg / Max             Avg / Max             Avg / Max             Avg / Max
[2023-11-12T20:22:13.871+0800][gc,stats    ]   Collector: Garbage Collection Cycle                      0.000 / 0.000         0.000 / 0.000        50.665 / 66.843       50.665 / 66.843      ms
[2023-11-12T20:22:13.871+0800][gc,stats    ]  Contention: Mark Segment Reset Contention                     0 / 0                 0 / 0                 0 / 9                 0 / 9           ops/s
[2023-11-12T20:22:13.871+0800][gc,stats    ]  Contention: Mark SeqNum Reset Contention                      0 / 0                 0 / 0                 0 / 1                 0 / 1           ops/s
[2023-11-12T20:22:13.871+0800][gc,stats    ]    Critical: Allocation Stall                                  0 / 0                 0 / 0                 0 / 0                 0 / 0           ops/s
[2023-11-12T20:22:13.871+0800][gc,stats    ]    Critical: Allocation Stall                              0.000 / 0.000         0.000 / 0.000         0.000 / 0.000         0.000 / 0.000       ms
[2023-11-12T20:22:13.871+0800][gc,stats    ]    Critical: GC Locker Stall                                   0 / 0                 0 / 0                 0 / 0                 0 / 0           ops/s
[2023-11-12T20:22:13.871+0800][gc,stats    ]    Critical: GC Locker Stall                               0.000 / 0.000         0.000 / 0.000         0.000 / 0.000         0.000 / 0.000       ms
[2023-11-12T20:22:13.871+0800][gc,stats    ]    Critical: Relocation Stall                                  0 / 0                 0 / 0                 0 / 0                 0 / 0           ops/s
[2023-11-12T20:22:13.871+0800][gc,stats    ]    Critical: Relocation Stall                              0.000 / 0.000         0.000 / 0.000         0.000 / 0.000         0.000 / 0.000       ms
[2023-11-12T20:22:13.871+0800][gc,stats    ]      Memory: Allocation Rate                                   0 / 4                 0 / 8                 0 / 66                0 / 66          MB/s
[2023-11-12T20:22:13.871+0800][gc,stats    ]      Memory: Defragment                                        0 / 0                 0 / 0                 0 / 0                 0 / 0           ops/s
[2023-11-12T20:22:13.871+0800][gc,stats    ]      Memory: Out Of Memory                                     0 / 0                 0 / 0                 0 / 0                 0 / 0           ops/s
[2023-11-12T20:22:13.871+0800][gc,stats    ]      Memory: Page Cache Flush                                  0 / 0                 0 / 0                 0 / 0                 0 / 0           MB/s
[2023-11-12T20:22:13.871+0800][gc,stats    ]      Memory: Page Cache Hit L1                                 0 / 2                 0 / 4                 0 / 32                0 / 32          ops/s
[2023-11-12T20:22:13.871+0800][gc,stats    ]      Memory: Page Cache Hit L2                                 0 / 0                 0 / 0                 0 / 0                 0 / 0           ops/s
[2023-11-12T20:22:13.871+0800][gc,stats    ]      Memory: Page Cache Hit L3                                 0 / 0                 0 / 0                 0 / 33                0 / 33          ops/s
[2023-11-12T20:22:13.871+0800][gc,stats    ]      Memory: Page Cache Miss                                   0 / 0                 0 / 0                 0 / 1                 0 / 1           ops/s
[2023-11-12T20:22:13.871+0800][gc,stats    ]      Memory: Uncommit                                          0 / 0                 0 / 0                 0 / 0                 0 / 0           MB/s
[2023-11-12T20:22:13.871+0800][gc,stats    ]      Memory: Undo Object Allocation Failed                     0 / 0                 0 / 0                 0 / 0                 0 / 0           ops/s
[2023-11-12T20:22:13.871+0800][gc,stats    ]      Memory: Undo Object Allocation Succeeded                  0 / 0                 0 / 0                 0 / 0                 0 / 0           ops/s
[2023-11-12T20:22:13.871+0800][gc,stats    ]      Memory: Undo Page Allocation                              0 / 0                 0 / 0                 0 / 0                 0 / 0           ops/s
[2023-11-12T20:22:13.871+0800][gc,stats    ]       Phase: Concurrent Mark                               0.000 / 0.000         0.000 / 0.000        26.305 / 27.135       26.305 / 27.135      ms
[2023-11-12T20:22:13.871+0800][gc,stats    ]       Phase: Concurrent Mark Continue                      0.000 / 0.000         0.000 / 0.000         0.000 / 0.000         0.000 / 0.000       ms
[2023-11-12T20:22:13.871+0800][gc,stats    ]       Phase: Concurrent Mark Free                          0.000 / 0.000         0.000 / 0.000         0.001 / 0.001         0.001 / 0.001       ms
[2023-11-12T20:22:13.871+0800][gc,stats    ]       Phase: Concurrent Process Non-Strong References      0.000 / 0.000         0.000 / 0.000         1.929 / 2.001         1.929 / 2.001       ms
[2023-11-12T20:22:13.871+0800][gc,stats    ]       Phase: Concurrent Relocate                           0.000 / 0.000         0.000 / 0.000         3.090 / 3.413         3.090 / 3.413       ms
[2023-11-12T20:22:13.871+0800][gc,stats    ]       Phase: Concurrent Reset Relocation Set               0.000 / 0.000         0.000 / 0.000         0.002 / 0.004         0.002 / 0.004       ms
[2023-11-12T20:22:13.871+0800][gc,stats    ]       Phase: Concurrent Select Relocation Set              0.000 / 0.000         0.000 / 0.000        18.052 / 34.722       18.052 / 34.722      ms
[2023-11-12T20:22:13.871+0800][gc,stats    ]       Phase: Pause Mark End                                0.000 / 0.000         0.000 / 0.000         0.017 / 0.020         0.017 / 0.020       ms
[2023-11-12T20:22:13.871+0800][gc,stats    ]       Phase: Pause Mark Start                              0.000 / 0.000         0.000 / 0.000         0.102 / 0.195         0.102 / 0.195       ms
[2023-11-12T20:22:13.871+0800][gc,stats    ]       Phase: Pause Relocate Start                          0.000 / 0.000         0.000 / 0.000         0.012 / 0.013         0.012 / 0.013       ms
[2023-11-12T20:22:13.871+0800][gc,stats    ]    Subphase: Concurrent Classes Purge                      0.000 / 0.000         0.000 / 0.000         0.065 / 0.066         0.065 / 0.066       ms
[2023-11-12T20:22:13.871+0800][gc,stats    ]    Subphase: Concurrent Classes Unlink                     0.000 / 0.000         0.000 / 0.000         1.307 / 1.369         1.307 / 1.369       ms
[2023-11-12T20:22:13.871+0800][gc,stats    ]    Subphase: Concurrent Mark                               0.000 / 0.000         0.000 / 0.000        21.516 / 25.107       21.516 / 25.107      ms
[2023-11-12T20:22:13.871+0800][gc,stats    ]    Subphase: Concurrent Mark Try Flush                     0.000 / 0.000         0.000 / 0.000         0.198 / 1.014         0.198 / 1.014       ms
[2023-11-12T20:22:13.871+0800][gc,stats    ]    Subphase: Concurrent Mark Try Terminate                 0.000 / 0.000         0.000 / 0.000         7.711 / 13.370        7.711 / 13.370      ms
[2023-11-12T20:22:13.871+0800][gc,stats    ]    Subphase: Concurrent References Enqueue                 0.000 / 0.000         0.000 / 0.000         0.004 / 0.004         0.004 / 0.004       ms
[2023-11-12T20:22:13.871+0800][gc,stats    ]    Subphase: Concurrent References Process                 0.000 / 0.000         0.000 / 0.000         0.088 / 0.091         0.088 / 0.091       ms
[2023-11-12T20:22:13.871+0800][gc,stats    ]    Subphase: Concurrent Roots ClassLoaderDataGraph         0.000 / 0.000         0.000 / 0.000         0.224 / 1.141         0.224 / 1.141       ms
[2023-11-12T20:22:13.871+0800][gc,stats    ]    Subphase: Concurrent Roots CodeCache                    0.000 / 0.000         0.000 / 0.000         0.000 / 0.000         0.000 / 0.000       ms
[2023-11-12T20:22:13.871+0800][gc,stats    ]    Subphase: Concurrent Roots JavaThreads                  0.000 / 0.000         0.000 / 0.000         1.318 / 1.908         1.318 / 1.908       ms
[2023-11-12T20:22:13.871+0800][gc,stats    ]    Subphase: Concurrent Roots OopStorageSet                0.000 / 0.000         0.000 / 0.000         0.117 / 0.285         0.117 / 0.285       ms
[2023-11-12T20:22:13.871+0800][gc,stats    ]    Subphase: Concurrent Weak Roots OopStorageSet           0.000 / 0.000         0.000 / 0.000         0.376 / 0.512         0.376 / 0.512       ms
[2023-11-12T20:22:13.871+0800][gc,stats    ]    Subphase: Pause Mark Try Complete                       0.000 / 0.000         0.000 / 0.000         0.000 / 0.000         0.000 / 0.000       ms
[2023-11-12T20:22:13.871+0800][gc,stats    ]      System: Java Threads                                      0 / 0                 0 / 0                38 / 52               38 / 52          threads
[2023-11-12T20:22:13.871+0800][gc,stats    ] =========================================================================================================================================================
[2023-11-12T20:22:23.871+0800][gc,stats    ] === Garbage Collection Statistics =======================================================================================================================
[2023-11-12T20:22:23.871+0800][gc,stats    ]                                                              Last 10s              Last 10m              Last 10h                Total
[2023-11-12T20:22:23.871+0800][gc,stats    ]                                                              Avg / Max             Avg / Max             Avg / Max             Avg / Max
[2023-11-12T20:22:23.871+0800][gc,stats    ]   Collector: Garbage Collection Cycle                      0.000 / 0.000         0.000 / 0.000        50.665 / 66.843       50.665 / 66.843      ms
[2023-11-12T20:22:23.871+0800][gc,stats    ]  Contention: Mark Segment Reset Contention                     0 / 0                 0 / 0                 0 / 9                 0 / 9           ops/s
[2023-11-12T20:22:23.871+0800][gc,stats    ]  Contention: Mark SeqNum Reset Contention                      0 / 0                 0 / 0                 0 / 1                 0 / 1           ops/s
[2023-11-12T20:22:23.871+0800][gc,stats    ]    Critical: Allocation Stall                                  0 / 0                 0 / 0                 0 / 0                 0 / 0           ops/s
[2023-11-12T20:22:23.871+0800][gc,stats    ]    Critical: Allocation Stall                              0.000 / 0.000         0.000 / 0.000         0.000 / 0.000         0.000 / 0.000       ms
[2023-11-12T20:22:23.871+0800][gc,stats    ]    Critical: GC Locker Stall                                   0 / 0                 0 / 0                 0 / 0                 0 / 0           ops/s
[2023-11-12T20:22:23.871+0800][gc,stats    ]    Critical: GC Locker Stall                               0.000 / 0.000         0.000 / 0.000         0.000 / 0.000         0.000 / 0.000       ms
[2023-11-12T20:22:23.871+0800][gc,stats    ]    Critical: Relocation Stall                                  0 / 0                 0 / 0                 0 / 0                 0 / 0           ops/s
[2023-11-12T20:22:23.871+0800][gc,stats    ]    Critical: Relocation Stall                              0.000 / 0.000         0.000 / 0.000         0.000 / 0.000         0.000 / 0.000       ms
[2023-11-12T20:22:23.871+0800][gc,stats    ]      Memory: Allocation Rate                                   0 / 0                 0 / 8                 0 / 66                0 / 66          MB/s
[2023-11-12T20:22:23.871+0800][gc,stats    ]      Memory: Defragment                                        0 / 0                 0 / 0                 0 / 0                 0 / 0           ops/s
[2023-11-12T20:22:23.871+0800][gc,stats    ]      Memory: Out Of Memory                                     0 / 0                 0 / 0                 0 / 0                 0 / 0           ops/s
[2023-11-12T20:22:23.871+0800][gc,stats    ]      Memory: Page Cache Flush                                  0 / 0                 0 / 0                 0 / 0                 0 / 0           MB/s
[2023-11-12T20:22:23.871+0800][gc,stats    ]      Memory: Page Cache Hit L1                                 0 / 0                 0 / 4                 0 / 32                0 / 32          ops/s
[2023-11-12T20:22:23.871+0800][gc,stats    ]      Memory: Page Cache Hit L2                                 0 / 0                 0 / 0                 0 / 0                 0 / 0           ops/s
[2023-11-12T20:22:23.871+0800][gc,stats    ]      Memory: Page Cache Hit L3                                 0 / 0                 0 / 0                 0 / 33                0 / 33          ops/s
[2023-11-12T20:22:23.871+0800][gc,stats    ]      Memory: Page Cache Miss                                   0 / 0                 0 / 0                 0 / 1                 0 / 1           ops/s
[2023-11-12T20:22:23.871+0800][gc,stats    ]      Memory: Uncommit                                          0 / 0                 0 / 0                 0 / 0                 0 / 0           MB/s
[2023-11-12T20:22:23.871+0800][gc,stats    ]      Memory: Undo Object Allocation Failed                     0 / 0                 0 / 0                 0 / 0                 0 / 0           ops/s
[2023-11-12T20:22:23.871+0800][gc,stats    ]      Memory: Undo Object Allocation Succeeded                  0 / 0                 0 / 0                 0 / 0                 0 / 0           ops/s
[2023-11-12T20:22:23.871+0800][gc,stats    ]      Memory: Undo Page Allocation                              0 / 0                 0 / 0                 0 / 0                 0 / 0           ops/s
[2023-11-12T20:22:23.871+0800][gc,stats    ]       Phase: Concurrent Mark                               0.000 / 0.000         0.000 / 0.000        26.305 / 27.135       26.305 / 27.135      ms
[2023-11-12T20:22:23.871+0800][gc,stats    ]       Phase: Concurrent Mark Continue                      0.000 / 0.000         0.000 / 0.000         0.000 / 0.000         0.000 / 0.000       ms
[2023-11-12T20:22:23.871+0800][gc,stats    ]       Phase: Concurrent Mark Free                          0.000 / 0.000         0.000 / 0.000         0.001 / 0.001         0.001 / 0.001       ms
[2023-11-12T20:22:23.871+0800][gc,stats    ]       Phase: Concurrent Process Non-Strong References      0.000 / 0.000         0.000 / 0.000         1.929 / 2.001         1.929 / 2.001       ms
[2023-11-12T20:22:23.871+0800][gc,stats    ]       Phase: Concurrent Relocate                           0.000 / 0.000         0.000 / 0.000         3.090 / 3.413         3.090 / 3.413       ms
[2023-11-12T20:22:23.871+0800][gc,stats    ]       Phase: Concurrent Reset Relocation Set               0.000 / 0.000         0.000 / 0.000         0.002 / 0.004         0.002 / 0.004       ms
[2023-11-12T20:22:23.871+0800][gc,stats    ]       Phase: Concurrent Select Relocation Set              0.000 / 0.000         0.000 / 0.000        18.052 / 34.722       18.052 / 34.722      ms
[2023-11-12T20:22:23.871+0800][gc,stats    ]       Phase: Pause Mark End                                0.000 / 0.000         0.000 / 0.000         0.017 / 0.020         0.017 / 0.020       ms
[2023-11-12T20:22:23.871+0800][gc,stats    ]       Phase: Pause Mark Start                              0.000 / 0.000         0.000 / 0.000         0.102 / 0.195         0.102 / 0.195       ms
[2023-11-12T20:22:23.871+0800][gc,stats    ]       Phase: Pause Relocate Start                          0.000 / 0.000         0.000 / 0.000         0.012 / 0.013         0.012 / 0.013       ms
[2023-11-12T20:22:23.871+0800][gc,stats    ]    Subphase: Concurrent Classes Purge                      0.000 / 0.000         0.000 / 0.000         0.065 / 0.066         0.065 / 0.066       ms
[2023-11-12T20:22:23.871+0800][gc,stats    ]    Subphase: Concurrent Classes Unlink                     0.000 / 0.000         0.000 / 0.000         1.307 / 1.369         1.307 / 1.369       ms
[2023-11-12T20:22:23.871+0800][gc,stats    ]    Subphase: Concurrent Mark                               0.000 / 0.000         0.000 / 0.000        21.516 / 25.107       21.516 / 25.107      ms
[2023-11-12T20:22:23.871+0800][gc,stats    ]    Subphase: Concurrent Mark Try Flush                     0.000 / 0.000         0.000 / 0.000         0.198 / 1.014         0.198 / 1.014       ms
[2023-11-12T20:22:23.871+0800][gc,stats    ]    Subphase: Concurrent Mark Try Terminate                 0.000 / 0.000         0.000 / 0.000         7.711 / 13.370        7.711 / 13.370      ms
[2023-11-12T20:22:23.871+0800][gc,stats    ]    Subphase: Concurrent References Enqueue                 0.000 / 0.000         0.000 / 0.000         0.004 / 0.004         0.004 / 0.004       ms
[2023-11-12T20:22:23.871+0800][gc,stats    ]    Subphase: Concurrent References Process                 0.000 / 0.000         0.000 / 0.000         0.088 / 0.091         0.088 / 0.091       ms
[2023-11-12T20:22:23.871+0800][gc,stats    ]    Subphase: Concurrent Roots ClassLoaderDataGraph         0.000 / 0.000         0.000 / 0.000         0.224 / 1.141         0.224 / 1.141       ms
[2023-11-12T20:22:23.871+0800][gc,stats    ]    Subphase: Concurrent Roots CodeCache                    0.000 / 0.000         0.000 / 0.000         0.000 / 0.000         0.000 / 0.000       ms
[2023-11-12T20:22:23.871+0800][gc,stats    ]    Subphase: Concurrent Roots JavaThreads                  0.000 / 0.000         0.000 / 0.000         1.318 / 1.908         1.318 / 1.908       ms
[2023-11-12T20:22:23.871+0800][gc,stats    ]    Subphase: Concurrent Roots OopStorageSet                0.000 / 0.000         0.000 / 0.000         0.117 / 0.285         0.117 / 0.285       ms
[2023-11-12T20:22:23.871+0800][gc,stats    ]    Subphase: Concurrent Weak Roots OopStorageSet           0.000 / 0.000         0.000 / 0.000         0.376 / 0.512         0.376 / 0.512       ms
[2023-11-12T20:22:23.871+0800][gc,stats    ]    Subphase: Pause Mark Try Complete                       0.000 / 0.000         0.000 / 0.000         0.000 / 0.000         0.000 / 0.000       ms
[2023-11-12T20:22:23.871+0800][gc,stats    ]      System: Java Threads                                      0 / 0                 0 / 0                38 / 52               38 / 52          threads
[2023-11-12T20:22:23.871+0800][gc,stats    ] =========================================================================================================================================================
[2023-11-12T20:22:33.871+0800][gc,stats    ] === Garbage Collection Statistics =======================================================================================================================
[2023-11-12T20:22:33.871+0800][gc,stats    ]                                                              Last 10s              Last 10m              Last 10h                Total
[2023-11-12T20:22:33.871+0800][gc,stats    ]                                                              Avg / Max             Avg / Max             Avg / Max             Avg / Max
[2023-11-12T20:22:33.871+0800][gc,stats    ]   Collector: Garbage Collection Cycle                      0.000 / 0.000         0.000 / 0.000        50.665 / 66.843       50.665 / 66.843      ms
[2023-11-12T20:22:33.871+0800][gc,stats    ]  Contention: Mark Segment Reset Contention                     0 / 0                 0 / 0                 0 / 9                 0 / 9           ops/s
[2023-11-12T20:22:33.871+0800][gc,stats    ]  Contention: Mark SeqNum Reset Contention                      0 / 0                 0 / 0                 0 / 1                 0 / 1           ops/s
[2023-11-12T20:22:33.871+0800][gc,stats    ]    Critical: Allocation Stall                                  0 / 0                 0 / 0                 0 / 0                 0 / 0           ops/s
[2023-11-12T20:22:33.871+0800][gc,stats    ]    Critical: Allocation Stall                              0.000 / 0.000         0.000 / 0.000         0.000 / 0.000         0.000 / 0.000       ms
[2023-11-12T20:22:33.871+0800][gc,stats    ]    Critical: GC Locker Stall                                   0 / 0                 0 / 0                 0 / 0                 0 / 0           ops/s
[2023-11-12T20:22:33.871+0800][gc,stats    ]    Critical: GC Locker Stall                               0.000 / 0.000         0.000 / 0.000         0.000 / 0.000         0.000 / 0.000       ms
[2023-11-12T20:22:33.871+0800][gc,stats    ]    Critical: Relocation Stall                                  0 / 0                 0 / 0                 0 / 0                 0 / 0           ops/s
[2023-11-12T20:22:33.871+0800][gc,stats    ]    Critical: Relocation Stall                              0.000 / 0.000         0.000 / 0.000         0.000 / 0.000         0.000 / 0.000       ms
[2023-11-12T20:22:33.871+0800][gc,stats    ]      Memory: Allocation Rate                                   0 / 2                 0 / 8                 0 / 66                0 / 66          MB/s
[2023-11-12T20:22:33.871+0800][gc,stats    ]      Memory: Defragment                                        0 / 0                 0 / 0                 0 / 0                 0 / 0           ops/s
[2023-11-12T20:22:33.871+0800][gc,stats    ]      Memory: Out Of Memory                                     0 / 0                 0 / 0                 0 / 0                 0 / 0           ops/s
[2023-11-12T20:22:33.871+0800][gc,stats    ]      Memory: Page Cache Flush                                  0 / 0                 0 / 0                 0 / 0                 0 / 0           MB/s
[2023-11-12T20:22:33.871+0800][gc,stats    ]      Memory: Page Cache Hit L1                                 0 / 1                 0 / 4                 0 / 32                0 / 32          ops/s
[2023-11-12T20:22:33.871+0800][gc,stats    ]      Memory: Page Cache Hit L2                                 0 / 0                 0 / 0                 0 / 0                 0 / 0           ops/s
[2023-11-12T20:22:33.871+0800][gc,stats    ]      Memory: Page Cache Hit L3                                 0 / 0                 0 / 0                 0 / 33                0 / 33          ops/s
[2023-11-12T20:22:33.871+0800][gc,stats    ]      Memory: Page Cache Miss                                   0 / 0                 0 / 0                 0 / 1                 0 / 1           ops/s
[2023-11-12T20:22:33.871+0800][gc,stats    ]      Memory: Uncommit                                          0 / 0                 0 / 0                 0 / 0                 0 / 0           MB/s
[2023-11-12T20:22:33.871+0800][gc,stats    ]      Memory: Undo Object Allocation Failed                     0 / 0                 0 / 0                 0 / 0                 0 / 0           ops/s
[2023-11-12T20:22:33.871+0800][gc,stats    ]      Memory: Undo Object Allocation Succeeded                  0 / 0                 0 / 0                 0 / 0                 0 / 0           ops/s
[2023-11-12T20:22:33.871+0800][gc,stats    ]      Memory: Undo Page Allocation                              0 / 0                 0 / 0                 0 / 0                 0 / 0           ops/s
[2023-11-12T20:22:33.871+0800][gc,stats    ]       Phase: Concurrent Mark                               0.000 / 0.000         0.000 / 0.000        26.305 / 27.135       26.305 / 27.135      ms
[2023-11-12T20:22:33.871+0800][gc,stats    ]       Phase: Concurrent Mark Continue                      0.000 / 0.000         0.000 / 0.000         0.000 / 0.000         0.000 / 0.000       ms
[2023-11-12T20:22:33.871+0800][gc,stats    ]       Phase: Concurrent Mark Free                          0.000 / 0.000         0.000 / 0.000         0.001 / 0.001         0.001 / 0.001       ms
[2023-11-12T20:22:33.871+0800][gc,stats    ]       Phase: Concurrent Process Non-Strong References      0.000 / 0.000         0.000 / 0.000         1.929 / 2.001         1.929 / 2.001       ms
[2023-11-12T20:22:33.871+0800][gc,stats    ]       Phase: Concurrent Relocate                           0.000 / 0.000         0.000 / 0.000         3.090 / 3.413         3.090 / 3.413       ms
[2023-11-12T20:22:33.871+0800][gc,stats    ]       Phase: Concurrent Reset Relocation Set               0.000 / 0.000         0.000 / 0.000         0.002 / 0.004         0.002 / 0.004       ms
[2023-11-12T20:22:33.871+0800][gc,stats    ]       Phase: Concurrent Select Relocation Set              0.000 / 0.000         0.000 / 0.000        18.052 / 34.722       18.052 / 34.722      ms
[2023-11-12T20:22:33.871+0800][gc,stats    ]       Phase: Pause Mark End                                0.000 / 0.000         0.000 / 0.000         0.017 / 0.020         0.017 / 0.020       ms
[2023-11-12T20:22:33.871+0800][gc,stats    ]       Phase: Pause Mark Start                              0.000 / 0.000         0.000 / 0.000         0.102 / 0.195         0.102 / 0.195       ms
[2023-11-12T20:22:33.871+0800][gc,stats    ]       Phase: Pause Relocate Start                          0.000 / 0.000         0.000 / 0.000         0.012 / 0.013         0.012 / 0.013       ms
[2023-11-12T20:22:33.871+0800][gc,stats    ]    Subphase: Concurrent Classes Purge                      0.000 / 0.000         0.000 / 0.000         0.065 / 0.066         0.065 / 0.066       ms
[2023-11-12T20:22:33.871+0800][gc,stats    ]    Subphase: Concurrent Classes Unlink                     0.000 / 0.000         0.000 / 0.000         1.307 / 1.369         1.307 / 1.369       ms
[2023-11-12T20:22:33.871+0800][gc,stats    ]    Subphase: Concurrent Mark                               0.000 / 0.000         0.000 / 0.000        21.516 / 25.107       21.516 / 25.107      ms
[2023-11-12T20:22:33.871+0800][gc,stats    ]    Subphase: Concurrent Mark Try Flush                     0.000 / 0.000         0.000 / 0.000         0.198 / 1.014         0.198 / 1.014       ms
[2023-11-12T20:22:33.871+0800][gc,stats    ]    Subphase: Concurrent Mark Try Terminate                 0.000 / 0.000         0.000 / 0.000         7.711 / 13.370        7.711 / 13.370      ms
[2023-11-12T20:22:33.871+0800][gc,stats    ]    Subphase: Concurrent References Enqueue                 0.000 / 0.000         0.000 / 0.000         0.004 / 0.004         0.004 / 0.004       ms
[2023-11-12T20:22:33.871+0800][gc,stats    ]    Subphase: Concurrent References Process                 0.000 / 0.000         0.000 / 0.000         0.088 / 0.091         0.088 / 0.091       ms
[2023-11-12T20:22:33.871+0800][gc,stats    ]    Subphase: Concurrent Roots ClassLoaderDataGraph         0.000 / 0.000         0.000 / 0.000         0.224 / 1.141         0.224 / 1.141       ms
[2023-11-12T20:22:33.871+0800][gc,stats    ]    Subphase: Concurrent Roots CodeCache                    0.000 / 0.000         0.000 / 0.000         0.000 / 0.000         0.000 / 0.000       ms
[2023-11-12T20:22:33.871+0800][gc,stats    ]    Subphase: Concurrent Roots JavaThreads                  0.000 / 0.000         0.000 / 0.000         1.318 / 1.908         1.318 / 1.908       ms
[2023-11-12T20:22:33.871+0800][gc,stats    ]    Subphase: Concurrent Roots OopStorageSet                0.000 / 0.000         0.000 / 0.000         0.117 / 0.285         0.117 / 0.285       ms
[2023-11-12T20:22:33.871+0800][gc,stats    ]    Subphase: Concurrent Weak Roots OopStorageSet           0.000 / 0.000         0.000 / 0.000         0.376 / 0.512         0.376 / 0.512       ms
[2023-11-12T20:22:33.871+0800][gc,stats    ]    Subphase: Pause Mark Try Complete                       0.000 / 0.000         0.000 / 0.000         0.000 / 0.000         0.000 / 0.000       ms
[2023-11-12T20:22:33.871+0800][gc,stats    ]      System: Java Threads                                      0 / 0                 0 / 0                38 / 52               38 / 52          threads
[2023-11-12T20:22:33.871+0800][gc,stats    ] =========================================================================================================================================================
[2023-11-12T20:22:43.871+0800][gc,stats    ] === Garbage Collection Statistics =======================================================================================================================
[2023-11-12T20:22:43.871+0800][gc,stats    ]                                                              Last 10s              Last 10m              Last 10h                Total
[2023-11-12T20:22:43.871+0800][gc,stats    ]                                                              Avg / Max             Avg / Max             Avg / Max             Avg / Max
[2023-11-12T20:22:43.871+0800][gc,stats    ]   Collector: Garbage Collection Cycle                      0.000 / 0.000         0.000 / 0.000        50.665 / 66.843       50.665 / 66.843      ms
[2023-11-12T20:22:43.871+0800][gc,stats    ]  Contention: Mark Segment Reset Contention                     0 / 0                 0 / 0                 0 / 9                 0 / 9           ops/s
[2023-11-12T20:22:43.871+0800][gc,stats    ]  Contention: Mark SeqNum Reset Contention                      0 / 0                 0 / 0                 0 / 1                 0 / 1           ops/s
[2023-11-12T20:22:43.871+0800][gc,stats    ]    Critical: Allocation Stall                                  0 / 0                 0 / 0                 0 / 0                 0 / 0           ops/s
[2023-11-12T20:22:43.871+0800][gc,stats    ]    Critical: Allocation Stall                              0.000 / 0.000         0.000 / 0.000         0.000 / 0.000         0.000 / 0.000       ms
[2023-11-12T20:22:43.871+0800][gc,stats    ]    Critical: GC Locker Stall                                   0 / 0                 0 / 0                 0 / 0                 0 / 0           ops/s
[2023-11-12T20:22:43.871+0800][gc,stats    ]    Critical: GC Locker Stall                               0.000 / 0.000         0.000 / 0.000         0.000 / 0.000         0.000 / 0.000       ms
[2023-11-12T20:22:43.871+0800][gc,stats    ]    Critical: Relocation Stall                                  0 / 0                 0 / 0                 0 / 0                 0 / 0           ops/s
[2023-11-12T20:22:43.871+0800][gc,stats    ]    Critical: Relocation Stall                              0.000 / 0.000         0.000 / 0.000         0.000 / 0.000         0.000 / 0.000       ms
[2023-11-12T20:22:43.871+0800][gc,stats    ]      Memory: Allocation Rate                                   0 / 2                 0 / 8                 0 / 66                0 / 66          MB/s
[2023-11-12T20:22:43.871+0800][gc,stats    ]      Memory: Defragment                                        0 / 0                 0 / 0                 0 / 0                 0 / 0           ops/s
[2023-11-12T20:22:43.871+0800][gc,stats    ]      Memory: Out Of Memory                                     0 / 0                 0 / 0                 0 / 0                 0 / 0           ops/s
[2023-11-12T20:22:43.871+0800][gc,stats    ]      Memory: Page Cache Flush                                  0 / 0                 0 / 0                 0 / 0                 0 / 0           MB/s
[2023-11-12T20:22:43.871+0800][gc,stats    ]      Memory: Page Cache Hit L1                                 0 / 1                 0 / 4                 0 / 32                0 / 32          ops/s
[2023-11-12T20:22:43.871+0800][gc,stats    ]      Memory: Page Cache Hit L2                                 0 / 0                 0 / 0                 0 / 0                 0 / 0           ops/s
[2023-11-12T20:22:43.871+0800][gc,stats    ]      Memory: Page Cache Hit L3                                 0 / 0                 0 / 0                 0 / 33                0 / 33          ops/s
[2023-11-12T20:22:43.871+0800][gc,stats    ]      Memory: Page Cache Miss                                   0 / 0                 0 / 0                 0 / 1                 0 / 1           ops/s
[2023-11-12T20:22:43.871+0800][gc,stats    ]      Memory: Uncommit                                          0 / 0                 0 / 0                 0 / 0                 0 / 0           MB/s
[2023-11-12T20:22:43.871+0800][gc,stats    ]      Memory: Undo Object Allocation Failed                     0 / 0                 0 / 0                 0 / 0                 0 / 0           ops/s
[2023-11-12T20:22:43.871+0800][gc,stats    ]      Memory: Undo Object Allocation Succeeded                  0 / 0                 0 / 0                 0 / 0                 0 / 0           ops/s
[2023-11-12T20:22:43.871+0800][gc,stats    ]      Memory: Undo Page Allocation                              0 / 0                 0 / 0                 0 / 0                 0 / 0           ops/s
[2023-11-12T20:22:43.871+0800][gc,stats    ]       Phase: Concurrent Mark                               0.000 / 0.000         0.000 / 0.000        26.305 / 27.135       26.305 / 27.135      ms
[2023-11-12T20:22:43.871+0800][gc,stats    ]       Phase: Concurrent Mark Continue                      0.000 / 0.000         0.000 / 0.000         0.000 / 0.000         0.000 / 0.000       ms
[2023-11-12T20:22:43.871+0800][gc,stats    ]       Phase: Concurrent Mark Free                          0.000 / 0.000         0.000 / 0.000         0.001 / 0.001         0.001 / 0.001       ms
[2023-11-12T20:22:43.871+0800][gc,stats    ]       Phase: Concurrent Process Non-Strong References      0.000 / 0.000         0.000 / 0.000         1.929 / 2.001         1.929 / 2.001       ms
[2023-11-12T20:22:43.871+0800][gc,stats    ]       Phase: Concurrent Relocate                           0.000 / 0.000         0.000 / 0.000         3.090 / 3.413         3.090 / 3.413       ms
[2023-11-12T20:22:43.871+0800][gc,stats    ]       Phase: Concurrent Reset Relocation Set               0.000 / 0.000         0.000 / 0.000         0.002 / 0.004         0.002 / 0.004       ms
[2023-11-12T20:22:43.871+0800][gc,stats    ]       Phase: Concurrent Select Relocation Set              0.000 / 0.000         0.000 / 0.000        18.052 / 34.722       18.052 / 34.722      ms
[2023-11-12T20:22:43.871+0800][gc,stats    ]       Phase: Pause Mark End                                0.000 / 0.000         0.000 / 0.000         0.017 / 0.020         0.017 / 0.020       ms
[2023-11-12T20:22:43.871+0800][gc,stats    ]       Phase: Pause Mark Start                              0.000 / 0.000         0.000 / 0.000         0.102 / 0.195         0.102 / 0.195       ms
[2023-11-12T20:22:43.871+0800][gc,stats    ]       Phase: Pause Relocate Start                          0.000 / 0.000         0.000 / 0.000         0.012 / 0.013         0.012 / 0.013       ms
[2023-11-12T20:22:43.871+0800][gc,stats    ]    Subphase: Concurrent Classes Purge                      0.000 / 0.000         0.000 / 0.000         0.065 / 0.066         0.065 / 0.066       ms
[2023-11-12T20:22:43.871+0800][gc,stats    ]    Subphase: Concurrent Classes Unlink                     0.000 / 0.000         0.000 / 0.000         1.307 / 1.369         1.307 / 1.369       ms
[2023-11-12T20:22:43.871+0800][gc,stats    ]    Subphase: Concurrent Mark                               0.000 / 0.000         0.000 / 0.000        21.516 / 25.107       21.516 / 25.107      ms
[2023-11-12T20:22:43.871+0800][gc,stats    ]    Subphase: Concurrent Mark Try Flush                     0.000 / 0.000         0.000 / 0.000         0.198 / 1.014         0.198 / 1.014       ms
[2023-11-12T20:22:43.871+0800][gc,stats    ]    Subphase: Concurrent Mark Try Terminate                 0.000 / 0.000         0.000 / 0.000         7.711 / 13.370        7.711 / 13.370      ms
[2023-11-12T20:22:43.871+0800][gc,stats    ]    Subphase: Concurrent References Enqueue                 0.000 / 0.000         0.000 / 0.000         0.004 / 0.004         0.004 / 0.004       ms
[2023-11-12T20:22:43.871+0800][gc,stats    ]    Subphase: Concurrent References Process                 0.000 / 0.000         0.000 / 0.000         0.088 / 0.091         0.088 / 0.091       ms
[2023-11-12T20:22:43.871+0800][gc,stats    ]    Subphase: Concurrent Roots ClassLoaderDataGraph         0.000 / 0.000         0.000 / 0.000         0.224 / 1.141         0.224 / 1.141       ms
[2023-11-12T20:22:43.871+0800][gc,stats    ]    Subphase: Concurrent Roots CodeCache                    0.000 / 0.000         0.000 / 0.000         0.000 / 0.000         0.000 / 0.000       ms
[2023-11-12T20:22:43.871+0800][gc,stats    ]    Subphase: Concurrent Roots JavaThreads                  0.000 / 0.000         0.000 / 0.000         1.318 / 1.908         1.318 / 1.908       ms
[2023-11-12T20:22:43.871+0800][gc,stats    ]    Subphase: Concurrent Roots OopStorageSet                0.000 / 0.000         0.000 / 0.000         0.117 / 0.285         0.117 / 0.285       ms
[2023-11-12T20:22:43.871+0800][gc,stats    ]    Subphase: Concurrent Weak Roots OopStorageSet           0.000 / 0.000         0.000 / 0.000         0.376 / 0.512         0.376 / 0.512       ms
[2023-11-12T20:22:43.871+0800][gc,stats    ]    Subphase: Pause Mark Try Complete                       0.000 / 0.000         0.000 / 0.000         0.000 / 0.000         0.000 / 0.000       ms
[2023-11-12T20:22:43.871+0800][gc,stats    ]      System: Java Threads                                      0 / 0                 0 / 0                38 / 52               38 / 52          threads
[2023-11-12T20:22:43.871+0800][gc,stats    ] =========================================================================================================================================================
[2023-11-12T20:22:53.871+0800][gc,stats    ] === Garbage Collection Statistics =======================================================================================================================
[2023-11-12T20:22:53.871+0800][gc,stats    ]                                                              Last 10s              Last 10m              Last 10h                Total
[2023-11-12T20:22:53.871+0800][gc,stats    ]                                                              Avg / Max             Avg / Max             Avg / Max             Avg / Max
[2023-11-12T20:22:53.871+0800][gc,stats    ]   Collector: Garbage Collection Cycle                      0.000 / 0.000         0.000 / 0.000        50.665 / 66.843       50.665 / 66.843      ms
[2023-11-12T20:22:53.871+0800][gc,stats    ]  Contention: Mark Segment Reset Contention                     0 / 0                 0 / 0                 0 / 9                 0 / 9           ops/s
[2023-11-12T20:22:53.871+0800][gc,stats    ]  Contention: Mark SeqNum Reset Contention                      0 / 0                 0 / 0                 0 / 1                 0 / 1           ops/s
[2023-11-12T20:22:53.871+0800][gc,stats    ]    Critical: Allocation Stall                                  0 / 0                 0 / 0                 0 / 0                 0 / 0           ops/s
[2023-11-12T20:22:53.871+0800][gc,stats    ]    Critical: Allocation Stall                              0.000 / 0.000         0.000 / 0.000         0.000 / 0.000         0.000 / 0.000       ms
[2023-11-12T20:22:53.871+0800][gc,stats    ]    Critical: GC Locker Stall                                   0 / 0                 0 / 0                 0 / 0                 0 / 0           ops/s
[2023-11-12T20:22:53.871+0800][gc,stats    ]    Critical: GC Locker Stall                               0.000 / 0.000         0.000 / 0.000         0.000 / 0.000         0.000 / 0.000       ms
[2023-11-12T20:22:53.871+0800][gc,stats    ]    Critical: Relocation Stall                                  0 / 0                 0 / 0                 0 / 0                 0 / 0           ops/s
[2023-11-12T20:22:53.871+0800][gc,stats    ]    Critical: Relocation Stall                              0.000 / 0.000         0.000 / 0.000         0.000 / 0.000         0.000 / 0.000       ms
[2023-11-12T20:22:53.871+0800][gc,stats    ]      Memory: Allocation Rate                                   0 / 0                 0 / 8                 0 / 66                0 / 66          MB/s
[2023-11-12T20:22:53.871+0800][gc,stats    ]      Memory: Defragment                                        0 / 0                 0 / 0                 0 / 0                 0 / 0           ops/s
[2023-11-12T20:22:53.871+0800][gc,stats    ]      Memory: Out Of Memory                                     0 / 0                 0 / 0                 0 / 0                 0 / 0           ops/s
[2023-11-12T20:22:53.871+0800][gc,stats    ]      Memory: Page Cache Flush                                  0 / 0                 0 / 0                 0 / 0                 0 / 0           MB/s
[2023-11-12T20:22:53.871+0800][gc,stats    ]      Memory: Page Cache Hit L1                                 0 / 0                 0 / 4                 0 / 32                0 / 32          ops/s
[2023-11-12T20:22:53.871+0800][gc,stats    ]      Memory: Page Cache Hit L2                                 0 / 0                 0 / 0                 0 / 0                 0 / 0           ops/s
[2023-11-12T20:22:53.871+0800][gc,stats    ]      Memory: Page Cache Hit L3                                 0 / 0                 0 / 0                 0 / 33                0 / 33          ops/s
[2023-11-12T20:22:53.871+0800][gc,stats    ]      Memory: Page Cache Miss                                   0 / 0                 0 / 0                 0 / 1                 0 / 1           ops/s
[2023-11-12T20:22:53.871+0800][gc,stats    ]      Memory: Uncommit                                          0 / 0                 0 / 0                 0 / 0                 0 / 0           MB/s
[2023-11-12T20:22:53.871+0800][gc,stats    ]      Memory: Undo Object Allocation Failed                     0 / 0                 0 / 0                 0 / 0                 0 / 0           ops/s
[2023-11-12T20:22:53.871+0800][gc,stats    ]      Memory: Undo Object Allocation Succeeded                  0 / 0                 0 / 0                 0 / 0                 0 / 0           ops/s
[2023-11-12T20:22:53.871+0800][gc,stats    ]      Memory: Undo Page Allocation                              0 / 0                 0 / 0                 0 / 0                 0 / 0           ops/s
[2023-11-12T20:22:53.871+0800][gc,stats    ]       Phase: Concurrent Mark                               0.000 / 0.000         0.000 / 0.000        26.305 / 27.135       26.305 / 27.135      ms
[2023-11-12T20:22:53.872+0800][gc,stats    ]       Phase: Concurrent Mark Continue                      0.000 / 0.000         0.000 / 0.000         0.000 / 0.000         0.000 / 0.000       ms
[2023-11-12T20:22:53.872+0800][gc,stats    ]       Phase: Concurrent Mark Free                          0.000 / 0.000         0.000 / 0.000         0.001 / 0.001         0.001 / 0.001       ms
[2023-11-12T20:22:53.872+0800][gc,stats    ]       Phase: Concurrent Process Non-Strong References      0.000 / 0.000         0.000 / 0.000         1.929 / 2.001         1.929 / 2.001       ms
[2023-11-12T20:22:53.872+0800][gc,stats    ]       Phase: Concurrent Relocate                           0.000 / 0.000         0.000 / 0.000         3.090 / 3.413         3.090 / 3.413       ms
[2023-11-12T20:22:53.872+0800][gc,stats    ]       Phase: Concurrent Reset Relocation Set               0.000 / 0.000         0.000 / 0.000         0.002 / 0.004         0.002 / 0.004       ms
[2023-11-12T20:22:53.872+0800][gc,stats    ]       Phase: Concurrent Select Relocation Set              0.000 / 0.000         0.000 / 0.000        18.052 / 34.722       18.052 / 34.722      ms
[2023-11-12T20:22:53.872+0800][gc,stats    ]       Phase: Pause Mark End                                0.000 / 0.000         0.000 / 0.000         0.017 / 0.020         0.017 / 0.020       ms
[2023-11-12T20:22:53.872+0800][gc,stats    ]       Phase: Pause Mark Start                              0.000 / 0.000         0.000 / 0.000         0.102 / 0.195         0.102 / 0.195       ms
[2023-11-12T20:22:53.872+0800][gc,stats    ]       Phase: Pause Relocate Start                          0.000 / 0.000         0.000 / 0.000         0.012 / 0.013         0.012 / 0.013       ms
[2023-11-12T20:22:53.872+0800][gc,stats    ]    Subphase: Concurrent Classes Purge                      0.000 / 0.000         0.000 / 0.000         0.065 / 0.066         0.065 / 0.066       ms
[2023-11-12T20:22:53.872+0800][gc,stats    ]    Subphase: Concurrent Classes Unlink                     0.000 / 0.000         0.000 / 0.000         1.307 / 1.369         1.307 / 1.369       ms
[2023-11-12T20:22:53.872+0800][gc,stats    ]    Subphase: Concurrent Mark                               0.000 / 0.000         0.000 / 0.000        21.516 / 25.107       21.516 / 25.107      ms
[2023-11-12T20:22:53.872+0800][gc,stats    ]    Subphase: Concurrent Mark Try Flush                     0.000 / 0.000         0.000 / 0.000         0.198 / 1.014         0.198 / 1.014       ms
[2023-11-12T20:22:53.872+0800][gc,stats    ]    Subphase: Concurrent Mark Try Terminate                 0.000 / 0.000         0.000 / 0.000         7.711 / 13.370        7.711 / 13.370      ms
[2023-11-12T20:22:53.872+0800][gc,stats    ]    Subphase: Concurrent References Enqueue                 0.000 / 0.000         0.000 / 0.000         0.004 / 0.004         0.004 / 0.004       ms
[2023-11-12T20:22:53.872+0800][gc,stats    ]    Subphase: Concurrent References Process                 0.000 / 0.000         0.000 / 0.000         0.088 / 0.091         0.088 / 0.091       ms
[2023-11-12T20:22:53.872+0800][gc,stats    ]    Subphase: Concurrent Roots ClassLoaderDataGraph         0.000 / 0.000         0.000 / 0.000         0.224 / 1.141         0.224 / 1.141       ms
[2023-11-12T20:22:53.872+0800][gc,stats    ]    Subphase: Concurrent Roots CodeCache                    0.000 / 0.000         0.000 / 0.000         0.000 / 0.000         0.000 / 0.000       ms
[2023-11-12T20:22:53.872+0800][gc,stats    ]    Subphase: Concurrent Roots JavaThreads                  0.000 / 0.000         0.000 / 0.000         1.318 / 1.908         1.318 / 1.908       ms
[2023-11-12T20:22:53.872+0800][gc,stats    ]    Subphase: Concurrent Roots OopStorageSet                0.000 / 0.000         0.000 / 0.000         0.117 / 0.285         0.117 / 0.285       ms
[2023-11-12T20:22:53.872+0800][gc,stats    ]    Subphase: Concurrent Weak Roots OopStorageSet           0.000 / 0.000         0.000 / 0.000         0.376 / 0.512         0.376 / 0.512       ms
[2023-11-12T20:22:53.872+0800][gc,stats    ]    Subphase: Pause Mark Try Complete                       0.000 / 0.000         0.000 / 0.000         0.000 / 0.000         0.000 / 0.000       ms
[2023-11-12T20:22:53.872+0800][gc,stats    ]      System: Java Threads                                      0 / 0                 0 / 0                38 / 52               38 / 52          threads
[2023-11-12T20:22:53.872+0800][gc,stats    ] =========================================================================================================================================================
[2023-11-12T20:23:03.872+0800][gc,stats    ] === Garbage Collection Statistics =======================================================================================================================
[2023-11-12T20:23:03.872+0800][gc,stats    ]                                                              Last 10s              Last 10m              Last 10h                Total
[2023-11-12T20:23:03.872+0800][gc,stats    ]                                                              Avg / Max             Avg / Max             Avg / Max             Avg / Max
[2023-11-12T20:23:03.872+0800][gc,stats    ]   Collector: Garbage Collection Cycle                      0.000 / 0.000         0.000 / 0.000        50.665 / 66.843       50.665 / 66.843      ms
[2023-11-12T20:23:03.872+0800][gc,stats    ]  Contention: Mark Segment Reset Contention                     0 / 0                 0 / 0                 0 / 9                 0 / 9           ops/s
[2023-11-12T20:23:03.872+0800][gc,stats    ]  Contention: Mark SeqNum Reset Contention                      0 / 0                 0 / 0                 0 / 1                 0 / 1           ops/s
[2023-11-12T20:23:03.872+0800][gc,stats    ]    Critical: Allocation Stall                                  0 / 0                 0 / 0                 0 / 0                 0 / 0           ops/s
[2023-11-12T20:23:03.872+0800][gc,stats    ]    Critical: Allocation Stall                              0.000 / 0.000         0.000 / 0.000         0.000 / 0.000         0.000 / 0.000       ms
[2023-11-12T20:23:03.872+0800][gc,stats    ]    Critical: GC Locker Stall                                   0 / 0                 0 / 0                 0 / 0                 0 / 0           ops/s
[2023-11-12T20:23:03.872+0800][gc,stats    ]    Critical: GC Locker Stall                               0.000 / 0.000         0.000 / 0.000         0.000 / 0.000         0.000 / 0.000       ms
[2023-11-12T20:23:03.872+0800][gc,stats    ]    Critical: Relocation Stall                                  0 / 0                 0 / 0                 0 / 0                 0 / 0           ops/s
[2023-11-12T20:23:03.872+0800][gc,stats    ]    Critical: Relocation Stall                              0.000 / 0.000         0.000 / 0.000         0.000 / 0.000         0.000 / 0.000       ms
[2023-11-12T20:23:03.872+0800][gc,stats    ]      Memory: Allocation Rate                                   0 / 2                 0 / 8                 0 / 66                0 / 66          MB/s
[2023-11-12T20:23:03.872+0800][gc,stats    ]      Memory: Defragment                                        0 / 0                 0 / 0                 0 / 0                 0 / 0           ops/s
[2023-11-12T20:23:03.872+0800][gc,stats    ]      Memory: Out Of Memory                                     0 / 0                 0 / 0                 0 / 0                 0 / 0           ops/s
[2023-11-12T20:23:03.872+0800][gc,stats    ]      Memory: Page Cache Flush                                  0 / 0                 0 / 0                 0 / 0                 0 / 0           MB/s
[2023-11-12T20:23:03.872+0800][gc,stats    ]      Memory: Page Cache Hit L1                                 0 / 1                 0 / 4                 0 / 32                0 / 32          ops/s
[2023-11-12T20:23:03.872+0800][gc,stats    ]      Memory: Page Cache Hit L2                                 0 / 0                 0 / 0                 0 / 0                 0 / 0           ops/s
[2023-11-12T20:23:03.872+0800][gc,stats    ]      Memory: Page Cache Hit L3                                 0 / 0                 0 / 0                 0 / 33                0 / 33          ops/s
[2023-11-12T20:23:03.872+0800][gc,stats    ]      Memory: Page Cache Miss                                   0 / 0                 0 / 0                 0 / 1                 0 / 1           ops/s
[2023-11-12T20:23:03.872+0800][gc,stats    ]      Memory: Uncommit                                          0 / 0                 0 / 0                 0 / 0                 0 / 0           MB/s
[2023-11-12T20:23:03.872+0800][gc,stats    ]      Memory: Undo Object Allocation Failed                     0 / 0                 0 / 0                 0 / 0                 0 / 0           ops/s
[2023-11-12T20:23:03.872+0800][gc,stats    ]      Memory: Undo Object Allocation Succeeded                  0 / 0                 0 / 0                 0 / 0                 0 / 0           ops/s
[2023-11-12T20:23:03.872+0800][gc,stats    ]      Memory: Undo Page Allocation                              0 / 0                 0 / 0                 0 / 0                 0 / 0           ops/s
[2023-11-12T20:23:03.872+0800][gc,stats    ]       Phase: Concurrent Mark                               0.000 / 0.000         0.000 / 0.000        26.305 / 27.135       26.305 / 27.135      ms
[2023-11-12T20:23:03.872+0800][gc,stats    ]       Phase: Concurrent Mark Continue                      0.000 / 0.000         0.000 / 0.000         0.000 / 0.000         0.000 / 0.000       ms
[2023-11-12T20:23:03.872+0800][gc,stats    ]       Phase: Concurrent Mark Free                          0.000 / 0.000         0.000 / 0.000         0.001 / 0.001         0.001 / 0.001       ms
[2023-11-12T20:23:03.872+0800][gc,stats    ]       Phase: Concurrent Process Non-Strong References      0.000 / 0.000         0.000 / 0.000         1.929 / 2.001         1.929 / 2.001       ms
[2023-11-12T20:23:03.872+0800][gc,stats    ]       Phase: Concurrent Relocate                           0.000 / 0.000         0.000 / 0.000         3.090 / 3.413         3.090 / 3.413       ms
[2023-11-12T20:23:03.872+0800][gc,stats    ]       Phase: Concurrent Reset Relocation Set               0.000 / 0.000         0.000 / 0.000         0.002 / 0.004         0.002 / 0.004       ms
[2023-11-12T20:23:03.872+0800][gc,stats    ]       Phase: Concurrent Select Relocation Set              0.000 / 0.000         0.000 / 0.000        18.052 / 34.722       18.052 / 34.722      ms
[2023-11-12T20:23:03.872+0800][gc,stats    ]       Phase: Pause Mark End                                0.000 / 0.000         0.000 / 0.000         0.017 / 0.020         0.017 / 0.020       ms
[2023-11-12T20:23:03.872+0800][gc,stats    ]       Phase: Pause Mark Start                              0.000 / 0.000         0.000 / 0.000         0.102 / 0.195         0.102 / 0.195       ms
[2023-11-12T20:23:03.872+0800][gc,stats    ]       Phase: Pause Relocate Start                          0.000 / 0.000         0.000 / 0.000         0.012 / 0.013         0.012 / 0.013       ms
[2023-11-12T20:23:03.872+0800][gc,stats    ]    Subphase: Concurrent Classes Purge                      0.000 / 0.000         0.000 / 0.000         0.065 / 0.066         0.065 / 0.066       ms
[2023-11-12T20:23:03.872+0800][gc,stats    ]    Subphase: Concurrent Classes Unlink                     0.000 / 0.000         0.000 / 0.000         1.307 / 1.369         1.307 / 1.369       ms
[2023-11-12T20:23:03.872+0800][gc,stats    ]    Subphase: Concurrent Mark                               0.000 / 0.000         0.000 / 0.000        21.516 / 25.107       21.516 / 25.107      ms
[2023-11-12T20:23:03.872+0800][gc,stats    ]    Subphase: Concurrent Mark Try Flush                     0.000 / 0.000         0.000 / 0.000         0.198 / 1.014         0.198 / 1.014       ms
[2023-11-12T20:23:03.872+0800][gc,stats    ]    Subphase: Concurrent Mark Try Terminate                 0.000 / 0.000         0.000 / 0.000         7.711 / 13.370        7.711 / 13.370      ms
[2023-11-12T20:23:03.872+0800][gc,stats    ]    Subphase: Concurrent References Enqueue                 0.000 / 0.000         0.000 / 0.000         0.004 / 0.004         0.004 / 0.004       ms
[2023-11-12T20:23:03.872+0800][gc,stats    ]    Subphase: Concurrent References Process                 0.000 / 0.000         0.000 / 0.000         0.088 / 0.091         0.088 / 0.091       ms
[2023-11-12T20:23:03.872+0800][gc,stats    ]    Subphase: Concurrent Roots ClassLoaderDataGraph         0.000 / 0.000         0.000 / 0.000         0.224 / 1.141         0.224 / 1.141       ms
[2023-11-12T20:23:03.872+0800][gc,stats    ]    Subphase: Concurrent Roots CodeCache                    0.000 / 0.000         0.000 / 0.000         0.000 / 0.000         0.000 / 0.000       ms
[2023-11-12T20:23:03.872+0800][gc,stats    ]    Subphase: Concurrent Roots JavaThreads                  0.000 / 0.000         0.000 / 0.000         1.318 / 1.908         1.318 / 1.908       ms
[2023-11-12T20:23:03.872+0800][gc,stats    ]    Subphase: Concurrent Roots OopStorageSet                0.000 / 0.000         0.000 / 0.000         0.117 / 0.285         0.117 / 0.285       ms
[2023-11-12T20:23:03.872+0800][gc,stats    ]    Subphase: Concurrent Weak Roots OopStorageSet           0.000 / 0.000         0.000 / 0.000         0.376 / 0.512         0.376 / 0.512       ms
[2023-11-12T20:23:03.872+0800][gc,stats    ]    Subphase: Pause Mark Try Complete                       0.000 / 0.000         0.000 / 0.000         0.000 / 0.000         0.000 / 0.000       ms
[2023-11-12T20:23:03.872+0800][gc,stats    ]      System: Java Threads                                      0 / 0                 0 / 0                38 / 52               38 / 52          threads
[2023-11-12T20:23:03.872+0800][gc,stats    ] =========================================================================================================================================================
[2023-11-12T20:23:13.883+0800][gc,stats    ] === Garbage Collection Statistics =======================================================================================================================
[2023-11-12T20:23:13.883+0800][gc,stats    ]                                                              Last 10s              Last 10m              Last 10h                Total
[2023-11-12T20:23:13.883+0800][gc,stats    ]                                                              Avg / Max             Avg / Max             Avg / Max             Avg / Max
[2023-11-12T20:23:13.883+0800][gc,stats    ]   Collector: Garbage Collection Cycle                      0.000 / 0.000         0.000 / 0.000        50.665 / 66.843       50.665 / 66.843      ms
[2023-11-12T20:23:13.883+0800][gc,stats    ]  Contention: Mark Segment Reset Contention                     0 / 0                 0 / 0                 0 / 9                 0 / 9           ops/s
[2023-11-12T20:23:13.883+0800][gc,stats    ]  Contention: Mark SeqNum Reset Contention                      0 / 0                 0 / 0                 0 / 1                 0 / 1           ops/s
[2023-11-12T20:23:13.883+0800][gc,stats    ]    Critical: Allocation Stall                                  0 / 0                 0 / 0                 0 / 0                 0 / 0           ops/s
[2023-11-12T20:23:13.883+0800][gc,stats    ]    Critical: Allocation Stall                              0.000 / 0.000         0.000 / 0.000         0.000 / 0.000         0.000 / 0.000       ms
[2023-11-12T20:23:13.883+0800][gc,stats    ]    Critical: GC Locker Stall                                   0 / 0                 0 / 0                 0 / 0                 0 / 0           ops/s
[2023-11-12T20:23:13.883+0800][gc,stats    ]    Critical: GC Locker Stall                               0.000 / 0.000         0.000 / 0.000         0.000 / 0.000         0.000 / 0.000       ms
[2023-11-12T20:23:13.883+0800][gc,stats    ]    Critical: Relocation Stall                                  0 / 0                 0 / 0                 0 / 0                 0 / 0           ops/s
[2023-11-12T20:23:13.883+0800][gc,stats    ]    Critical: Relocation Stall                              0.000 / 0.000         0.000 / 0.000         0.000 / 0.000         0.000 / 0.000       ms
[2023-11-12T20:23:13.883+0800][gc,stats    ]      Memory: Allocation Rate                                   0 / 0                 0 / 8                 0 / 66                0 / 66          MB/s
[2023-11-12T20:23:13.883+0800][gc,stats    ]      Memory: Defragment                                        0 / 0                 0 / 0                 0 / 0                 0 / 0           ops/s
[2023-11-12T20:23:13.883+0800][gc,stats    ]      Memory: Out Of Memory                                     0 / 0                 0 / 0                 0 / 0                 0 / 0           ops/s
[2023-11-12T20:23:13.883+0800][gc,stats    ]      Memory: Page Cache Flush                                  0 / 0                 0 / 0                 0 / 0                 0 / 0           MB/s
[2023-11-12T20:23:13.883+0800][gc,stats    ]      Memory: Page Cache Hit L1                                 0 / 0                 0 / 4                 0 / 32                0 / 32          ops/s
[2023-11-12T20:23:13.883+0800][gc,stats    ]      Memory: Page Cache Hit L2                                 0 / 0                 0 / 0                 0 / 0                 0 / 0           ops/s
[2023-11-12T20:23:13.883+0800][gc,stats    ]      Memory: Page Cache Hit L3                                 0 / 0                 0 / 0                 0 / 33                0 / 33          ops/s
[2023-11-12T20:23:13.883+0800][gc,stats    ]      Memory: Page Cache Miss                                   0 / 0                 0 / 0                 0 / 1                 0 / 1           ops/s
[2023-11-12T20:23:13.883+0800][gc,stats    ]      Memory: Uncommit                                          0 / 0                 0 / 0                 0 / 0                 0 / 0           MB/s
[2023-11-12T20:23:13.883+0800][gc,stats    ]      Memory: Undo Object Allocation Failed                     0 / 0                 0 / 0                 0 / 0                 0 / 0           ops/s
[2023-11-12T20:23:13.883+0800][gc,stats    ]      Memory: Undo Object Allocation Succeeded                  0 / 0                 0 / 0                 0 / 0                 0 / 0           ops/s
[2023-11-12T20:23:13.883+0800][gc,stats    ]      Memory: Undo Page Allocation                              0 / 0                 0 / 0                 0 / 0                 0 / 0           ops/s
[2023-11-12T20:23:13.884+0800][gc,stats    ]       Phase: Concurrent Mark                               0.000 / 0.000         0.000 / 0.000        26.305 / 27.135       26.305 / 27.135      ms
[2023-11-12T20:23:13.884+0800][gc,stats    ]       Phase: Concurrent Mark Continue                      0.000 / 0.000         0.000 / 0.000         0.000 / 0.000         0.000 / 0.000       ms
[2023-11-12T20:23:13.884+0800][gc,stats    ]       Phase: Concurrent Mark Free                          0.000 / 0.000         0.000 / 0.000         0.001 / 0.001         0.001 / 0.001       ms
[2023-11-12T20:23:13.884+0800][gc,stats    ]       Phase: Concurrent Process Non-Strong References      0.000 / 0.000         0.000 / 0.000         1.929 / 2.001         1.929 / 2.001       ms
[2023-11-12T20:23:13.884+0800][gc,stats    ]       Phase: Concurrent Relocate                           0.000 / 0.000         0.000 / 0.000         3.090 / 3.413         3.090 / 3.413       ms
[2023-11-12T20:23:13.884+0800][gc,stats    ]       Phase: Concurrent Reset Relocation Set               0.000 / 0.000         0.000 / 0.000         0.002 / 0.004         0.002 / 0.004       ms
[2023-11-12T20:23:13.884+0800][gc,stats    ]       Phase: Concurrent Select Relocation Set              0.000 / 0.000         0.000 / 0.000        18.052 / 34.722       18.052 / 34.722      ms
[2023-11-12T20:23:13.884+0800][gc,stats    ]       Phase: Pause Mark End                                0.000 / 0.000         0.000 / 0.000         0.017 / 0.020         0.017 / 0.020       ms
[2023-11-12T20:23:13.884+0800][gc,stats    ]       Phase: Pause Mark Start                              0.000 / 0.000         0.000 / 0.000         0.102 / 0.195         0.102 / 0.195       ms
[2023-11-12T20:23:13.884+0800][gc,stats    ]       Phase: Pause Relocate Start                          0.000 / 0.000         0.000 / 0.000         0.012 / 0.013         0.012 / 0.013       ms
[2023-11-12T20:23:13.884+0800][gc,stats    ]    Subphase: Concurrent Classes Purge                      0.000 / 0.000         0.000 / 0.000         0.065 / 0.066         0.065 / 0.066       ms
[2023-11-12T20:23:13.884+0800][gc,stats    ]    Subphase: Concurrent Classes Unlink                     0.000 / 0.000         0.000 / 0.000         1.307 / 1.369         1.307 / 1.369       ms
[2023-11-12T20:23:13.884+0800][gc,stats    ]    Subphase: Concurrent Mark                               0.000 / 0.000         0.000 / 0.000        21.516 / 25.107       21.516 / 25.107      ms
[2023-11-12T20:23:13.884+0800][gc,stats    ]    Subphase: Concurrent Mark Try Flush                     0.000 / 0.000         0.000 / 0.000         0.198 / 1.014         0.198 / 1.014       ms
[2023-11-12T20:23:13.884+0800][gc,stats    ]    Subphase: Concurrent Mark Try Terminate                 0.000 / 0.000         0.000 / 0.000         7.711 / 13.370        7.711 / 13.370      ms
[2023-11-12T20:23:13.884+0800][gc,stats    ]    Subphase: Concurrent References Enqueue                 0.000 / 0.000         0.000 / 0.000         0.004 / 0.004         0.004 / 0.004       ms
[2023-11-12T20:23:13.884+0800][gc,stats    ]    Subphase: Concurrent References Process                 0.000 / 0.000         0.000 / 0.000         0.088 / 0.091         0.088 / 0.091       ms
[2023-11-12T20:23:13.884+0800][gc,stats    ]    Subphase: Concurrent Roots ClassLoaderDataGraph         0.000 / 0.000         0.000 / 0.000         0.224 / 1.141         0.224 / 1.141       ms
[2023-11-12T20:23:13.884+0800][gc,stats    ]    Subphase: Concurrent Roots CodeCache                    0.000 / 0.000         0.000 / 0.000         0.000 / 0.000         0.000 / 0.000       ms
[2023-11-12T20:23:13.884+0800][gc,stats    ]    Subphase: Concurrent Roots JavaThreads                  0.000 / 0.000         0.000 / 0.000         1.318 / 1.908         1.318 / 1.908       ms
[2023-11-12T20:23:13.884+0800][gc,stats    ]    Subphase: Concurrent Roots OopStorageSet                0.000 / 0.000         0.000 / 0.000         0.117 / 0.285         0.117 / 0.285       ms
[2023-11-12T20:23:13.884+0800][gc,stats    ]    Subphase: Concurrent Weak Roots OopStorageSet           0.000 / 0.000         0.000 / 0.000         0.376 / 0.512         0.376 / 0.512       ms
[2023-11-12T20:23:13.884+0800][gc,stats    ]    Subphase: Pause Mark Try Complete                       0.000 / 0.000         0.000 / 0.000         0.000 / 0.000         0.000 / 0.000       ms
[2023-11-12T20:23:13.884+0800][gc,stats    ]      System: Java Threads                                      0 / 0                 0 / 0                38 / 52               38 / 52          threads
[2023-11-12T20:23:13.884+0800][gc,stats    ] =========================================================================================================================================================
[2023-11-12T20:23:23.871+0800][gc,stats    ] === Garbage Collection Statistics =======================================================================================================================
[2023-11-12T20:23:23.871+0800][gc,stats    ]                                                              Last 10s              Last 10m              Last 10h                Total
[2023-11-12T20:23:23.871+0800][gc,stats    ]                                                              Avg / Max             Avg / Max             Avg / Max             Avg / Max
[2023-11-12T20:23:23.871+0800][gc,stats    ]   Collector: Garbage Collection Cycle                      0.000 / 0.000         0.000 / 0.000        50.665 / 66.843       50.665 / 66.843      ms
[2023-11-12T20:23:23.871+0800][gc,stats    ]  Contention: Mark Segment Reset Contention                     0 / 0                 0 / 0                 0 / 9                 0 / 9           ops/s
[2023-11-12T20:23:23.871+0800][gc,stats    ]  Contention: Mark SeqNum Reset Contention                      0 / 0                 0 / 0                 0 / 1                 0 / 1           ops/s
[2023-11-12T20:23:23.871+0800][gc,stats    ]    Critical: Allocation Stall                                  0 / 0                 0 / 0                 0 / 0                 0 / 0           ops/s
[2023-11-12T20:23:23.871+0800][gc,stats    ]    Critical: Allocation Stall                              0.000 / 0.000         0.000 / 0.000         0.000 / 0.000         0.000 / 0.000       ms
[2023-11-12T20:23:23.871+0800][gc,stats    ]    Critical: GC Locker Stall                                   0 / 0                 0 / 0                 0 / 0                 0 / 0           ops/s
[2023-11-12T20:23:23.871+0800][gc,stats    ]    Critical: GC Locker Stall                               0.000 / 0.000         0.000 / 0.000         0.000 / 0.000         0.000 / 0.000       ms
[2023-11-12T20:23:23.871+0800][gc,stats    ]    Critical: Relocation Stall                                  0 / 0                 0 / 0                 0 / 0                 0 / 0           ops/s
[2023-11-12T20:23:23.871+0800][gc,stats    ]    Critical: Relocation Stall                              0.000 / 0.000         0.000 / 0.000         0.000 / 0.000         0.000 / 0.000       ms
[2023-11-12T20:23:23.871+0800][gc,stats    ]      Memory: Allocation Rate                                   0 / 0                 0 / 8                 0 / 66                0 / 66          MB/s
[2023-11-12T20:23:23.871+0800][gc,stats    ]      Memory: Defragment                                        0 / 0                 0 / 0                 0 / 0                 0 / 0           ops/s
[2023-11-12T20:23:23.871+0800][gc,stats    ]      Memory: Out Of Memory                                     0 / 0                 0 / 0                 0 / 0                 0 / 0           ops/s
[2023-11-12T20:23:23.871+0800][gc,stats    ]      Memory: Page Cache Flush                                  0 / 0                 0 / 0                 0 / 0                 0 / 0           MB/s
[2023-11-12T20:23:23.871+0800][gc,stats    ]      Memory: Page Cache Hit L1                                 0 / 0                 0 / 4                 0 / 32                0 / 32          ops/s
[2023-11-12T20:23:23.871+0800][gc,stats    ]      Memory: Page Cache Hit L2                                 0 / 0                 0 / 0                 0 / 0                 0 / 0           ops/s
[2023-11-12T20:23:23.871+0800][gc,stats    ]      Memory: Page Cache Hit L3                                 0 / 0                 0 / 0                 0 / 33                0 / 33          ops/s
[2023-11-12T20:23:23.871+0800][gc,stats    ]      Memory: Page Cache Miss                                   0 / 0                 0 / 0                 0 / 1                 0 / 1           ops/s
[2023-11-12T20:23:23.871+0800][gc,stats    ]      Memory: Uncommit                                          0 / 0                 0 / 0                 0 / 0                 0 / 0           MB/s
[2023-11-12T20:23:23.871+0800][gc,stats    ]      Memory: Undo Object Allocation Failed                     0 / 0                 0 / 0                 0 / 0                 0 / 0           ops/s
[2023-11-12T20:23:23.871+0800][gc,stats    ]      Memory: Undo Object Allocation Succeeded                  0 / 0                 0 / 0                 0 / 0                 0 / 0           ops/s
[2023-11-12T20:23:23.871+0800][gc,stats    ]      Memory: Undo Page Allocation                              0 / 0                 0 / 0                 0 / 0                 0 / 0           ops/s
[2023-11-12T20:23:23.871+0800][gc,stats    ]       Phase: Concurrent Mark                               0.000 / 0.000         0.000 / 0.000        26.305 / 27.135       26.305 / 27.135      ms
[2023-11-12T20:23:23.871+0800][gc,stats    ]       Phase: Concurrent Mark Continue                      0.000 / 0.000         0.000 / 0.000         0.000 / 0.000         0.000 / 0.000       ms
[2023-11-12T20:23:23.871+0800][gc,stats    ]       Phase: Concurrent Mark Free                          0.000 / 0.000         0.000 / 0.000         0.001 / 0.001         0.001 / 0.001       ms
[2023-11-12T20:23:23.871+0800][gc,stats    ]       Phase: Concurrent Process Non-Strong References      0.000 / 0.000         0.000 / 0.000         1.929 / 2.001         1.929 / 2.001       ms
[2023-11-12T20:23:23.871+0800][gc,stats    ]       Phase: Concurrent Relocate                           0.000 / 0.000         0.000 / 0.000         3.090 / 3.413         3.090 / 3.413       ms
[2023-11-12T20:23:23.871+0800][gc,stats    ]       Phase: Concurrent Reset Relocation Set               0.000 / 0.000         0.000 / 0.000         0.002 / 0.004         0.002 / 0.004       ms
[2023-11-12T20:23:23.871+0800][gc,stats    ]       Phase: Concurrent Select Relocation Set              0.000 / 0.000         0.000 / 0.000        18.052 / 34.722       18.052 / 34.722      ms
[2023-11-12T20:23:23.871+0800][gc,stats    ]       Phase: Pause Mark End                                0.000 / 0.000         0.000 / 0.000         0.017 / 0.020         0.017 / 0.020       ms
[2023-11-12T20:23:23.871+0800][gc,stats    ]       Phase: Pause Mark Start                              0.000 / 0.000         0.000 / 0.000         0.102 / 0.195         0.102 / 0.195       ms
[2023-11-12T20:23:23.871+0800][gc,stats    ]       Phase: Pause Relocate Start                          0.000 / 0.000         0.000 / 0.000         0.012 / 0.013         0.012 / 0.013       ms
[2023-11-12T20:23:23.871+0800][gc,stats    ]    Subphase: Concurrent Classes Purge                      0.000 / 0.000         0.000 / 0.000         0.065 / 0.066         0.065 / 0.066       ms
[2023-11-12T20:23:23.871+0800][gc,stats    ]    Subphase: Concurrent Classes Unlink                     0.000 / 0.000         0.000 / 0.000         1.307 / 1.369         1.307 / 1.369       ms
[2023-11-12T20:23:23.871+0800][gc,stats    ]    Subphase: Concurrent Mark                               0.000 / 0.000         0.000 / 0.000        21.516 / 25.107       21.516 / 25.107      ms
[2023-11-12T20:23:23.871+0800][gc,stats    ]    Subphase: Concurrent Mark Try Flush                     0.000 / 0.000         0.000 / 0.000         0.198 / 1.014         0.198 / 1.014       ms
[2023-11-12T20:23:23.871+0800][gc,stats    ]    Subphase: Concurrent Mark Try Terminate                 0.000 / 0.000         0.000 / 0.000         7.711 / 13.370        7.711 / 13.370      ms
[2023-11-12T20:23:23.871+0800][gc,stats    ]    Subphase: Concurrent References Enqueue                 0.000 / 0.000         0.000 / 0.000         0.004 / 0.004         0.004 / 0.004       ms
[2023-11-12T20:23:23.871+0800][gc,stats    ]    Subphase: Concurrent References Process                 0.000 / 0.000         0.000 / 0.000         0.088 / 0.091         0.088 / 0.091       ms
[2023-11-12T20:23:23.871+0800][gc,stats    ]    Subphase: Concurrent Roots ClassLoaderDataGraph         0.000 / 0.000         0.000 / 0.000         0.224 / 1.141         0.224 / 1.141       ms
[2023-11-12T20:23:23.871+0800][gc,stats    ]    Subphase: Concurrent Roots CodeCache                    0.000 / 0.000         0.000 / 0.000         0.000 / 0.000         0.000 / 0.000       ms
[2023-11-12T20:23:23.871+0800][gc,stats    ]    Subphase: Concurrent Roots JavaThreads                  0.000 / 0.000         0.000 / 0.000         1.318 / 1.908         1.318 / 1.908       ms
[2023-11-12T20:23:23.871+0800][gc,stats    ]    Subphase: Concurrent Roots OopStorageSet                0.000 / 0.000         0.000 / 0.000         0.117 / 0.285         0.117 / 0.285       ms
[2023-11-12T20:23:23.871+0800][gc,stats    ]    Subphase: Concurrent Weak Roots OopStorageSet           0.000 / 0.000         0.000 / 0.000         0.376 / 0.512         0.376 / 0.512       ms
[2023-11-12T20:23:23.871+0800][gc,stats    ]    Subphase: Pause Mark Try Complete                       0.000 / 0.000         0.000 / 0.000         0.000 / 0.000         0.000 / 0.000       ms
[2023-11-12T20:23:23.871+0800][gc,stats    ]      System: Java Threads                                      0 / 0                 0 / 0                38 / 52               38 / 52          threads
[2023-11-12T20:23:23.871+0800][gc,stats    ] =========================================================================================================================================================
[2023-11-12T20:23:33.876+0800][gc,stats    ] === Garbage Collection Statistics =======================================================================================================================
[2023-11-12T20:23:33.876+0800][gc,stats    ]                                                              Last 10s              Last 10m              Last 10h                Total
[2023-11-12T20:23:33.876+0800][gc,stats    ]                                                              Avg / Max             Avg / Max             Avg / Max             Avg / Max
[2023-11-12T20:23:33.876+0800][gc,stats    ]   Collector: Garbage Collection Cycle                      0.000 / 0.000         0.000 / 0.000        50.665 / 66.843       50.665 / 66.843      ms
[2023-11-12T20:23:33.876+0800][gc,stats    ]  Contention: Mark Segment Reset Contention                     0 / 0                 0 / 0                 0 / 9                 0 / 9           ops/s
[2023-11-12T20:23:33.876+0800][gc,stats    ]  Contention: Mark SeqNum Reset Contention                      0 / 0                 0 / 0                 0 / 1                 0 / 1           ops/s
[2023-11-12T20:23:33.876+0800][gc,stats    ]    Critical: Allocation Stall                                  0 / 0                 0 / 0                 0 / 0                 0 / 0           ops/s
[2023-11-12T20:23:33.876+0800][gc,stats    ]    Critical: Allocation Stall                              0.000 / 0.000         0.000 / 0.000         0.000 / 0.000         0.000 / 0.000       ms
[2023-11-12T20:23:33.876+0800][gc,stats    ]    Critical: GC Locker Stall                                   0 / 0                 0 / 0                 0 / 0                 0 / 0           ops/s
[2023-11-12T20:23:33.876+0800][gc,stats    ]    Critical: GC Locker Stall                               0.000 / 0.000         0.000 / 0.000         0.000 / 0.000         0.000 / 0.000       ms
[2023-11-12T20:23:33.876+0800][gc,stats    ]    Critical: Relocation Stall                                  0 / 0                 0 / 0                 0 / 0                 0 / 0           ops/s
[2023-11-12T20:23:33.876+0800][gc,stats    ]    Critical: Relocation Stall                              0.000 / 0.000         0.000 / 0.000         0.000 / 0.000         0.000 / 0.000       ms
[2023-11-12T20:23:33.876+0800][gc,stats    ]      Memory: Allocation Rate                                   0 / 2                 0 / 8                 0 / 66                0 / 66          MB/s
[2023-11-12T20:23:33.876+0800][gc,stats    ]      Memory: Defragment                                        0 / 0                 0 / 0                 0 / 0                 0 / 0           ops/s
[2023-11-12T20:23:33.876+0800][gc,stats    ]      Memory: Out Of Memory                                     0 / 0                 0 / 0                 0 / 0                 0 / 0           ops/s
[2023-11-12T20:23:33.876+0800][gc,stats    ]      Memory: Page Cache Flush                                  0 / 0                 0 / 0                 0 / 0                 0 / 0           MB/s
[2023-11-12T20:23:33.876+0800][gc,stats    ]      Memory: Page Cache Hit L1                                 0 / 1                 0 / 4                 0 / 32                0 / 32          ops/s
[2023-11-12T20:23:33.876+0800][gc,stats    ]      Memory: Page Cache Hit L2                                 0 / 0                 0 / 0                 0 / 0                 0 / 0           ops/s
[2023-11-12T20:23:33.876+0800][gc,stats    ]      Memory: Page Cache Hit L3                                 0 / 0                 0 / 0                 0 / 33                0 / 33          ops/s
[2023-11-12T20:23:33.876+0800][gc,stats    ]      Memory: Page Cache Miss                                   0 / 0                 0 / 0                 0 / 1                 0 / 1           ops/s
[2023-11-12T20:23:33.876+0800][gc,stats    ]      Memory: Uncommit                                          0 / 0                 0 / 0                 0 / 0                 0 / 0           MB/s
[2023-11-12T20:23:33.876+0800][gc,stats    ]      Memory: Undo Object Allocation Failed                     0 / 0                 0 / 0                 0 / 0                 0 / 0           ops/s
[2023-11-12T20:23:33.876+0800][gc,stats    ]      Memory: Undo Object Allocation Succeeded                  0 / 0                 0 / 0                 0 / 0                 0 / 0           ops/s
[2023-11-12T20:23:33.876+0800][gc,stats    ]      Memory: Undo Page Allocation                              0 / 0                 0 / 0                 0 / 0                 0 / 0           ops/s
[2023-11-12T20:23:33.876+0800][gc,stats    ]       Phase: Concurrent Mark                               0.000 / 0.000         0.000 / 0.000        26.305 / 27.135       26.305 / 27.135      ms
[2023-11-12T20:23:33.876+0800][gc,stats    ]       Phase: Concurrent Mark Continue                      0.000 / 0.000         0.000 / 0.000         0.000 / 0.000         0.000 / 0.000       ms
[2023-11-12T20:23:33.876+0800][gc,stats    ]       Phase: Concurrent Mark Free                          0.000 / 0.000         0.000 / 0.000         0.001 / 0.001         0.001 / 0.001       ms
[2023-11-12T20:23:33.876+0800][gc,stats    ]       Phase: Concurrent Process Non-Strong References      0.000 / 0.000         0.000 / 0.000         1.929 / 2.001         1.929 / 2.001       ms
[2023-11-12T20:23:33.876+0800][gc,stats    ]       Phase: Concurrent Relocate                           0.000 / 0.000         0.000 / 0.000         3.090 / 3.413         3.090 / 3.413       ms
[2023-11-12T20:23:33.876+0800][gc,stats    ]       Phase: Concurrent Reset Relocation Set               0.000 / 0.000         0.000 / 0.000         0.002 / 0.004         0.002 / 0.004       ms
[2023-11-12T20:23:33.876+0800][gc,stats    ]       Phase: Concurrent Select Relocation Set              0.000 / 0.000         0.000 / 0.000        18.052 / 34.722       18.052 / 34.722      ms
[2023-11-12T20:23:33.876+0800][gc,stats    ]       Phase: Pause Mark End                                0.000 / 0.000         0.000 / 0.000         0.017 / 0.020         0.017 / 0.020       ms
[2023-11-12T20:23:33.876+0800][gc,stats    ]       Phase: Pause Mark Start                              0.000 / 0.000         0.000 / 0.000         0.102 / 0.195         0.102 / 0.195       ms
[2023-11-12T20:23:33.876+0800][gc,stats    ]       Phase: Pause Relocate Start                          0.000 / 0.000         0.000 / 0.000         0.012 / 0.013         0.012 / 0.013       ms
[2023-11-12T20:23:33.876+0800][gc,stats    ]    Subphase: Concurrent Classes Purge                      0.000 / 0.000         0.000 / 0.000         0.065 / 0.066         0.065 / 0.066       ms
[2023-11-12T20:23:33.876+0800][gc,stats    ]    Subphase: Concurrent Classes Unlink                     0.000 / 0.000         0.000 / 0.000         1.307 / 1.369         1.307 / 1.369       ms
[2023-11-12T20:23:33.876+0800][gc,stats    ]    Subphase: Concurrent Mark                               0.000 / 0.000         0.000 / 0.000        21.516 / 25.107       21.516 / 25.107      ms
[2023-11-12T20:23:33.876+0800][gc,stats    ]    Subphase: Concurrent Mark Try Flush                     0.000 / 0.000         0.000 / 0.000         0.198 / 1.014         0.198 / 1.014       ms
[2023-11-12T20:23:33.876+0800][gc,stats    ]    Subphase: Concurrent Mark Try Terminate                 0.000 / 0.000         0.000 / 0.000         7.711 / 13.370        7.711 / 13.370      ms
[2023-11-12T20:23:33.876+0800][gc,stats    ]    Subphase: Concurrent References Enqueue                 0.000 / 0.000         0.000 / 0.000         0.004 / 0.004         0.004 / 0.004       ms
[2023-11-12T20:23:33.876+0800][gc,stats    ]    Subphase: Concurrent References Process                 0.000 / 0.000         0.000 / 0.000         0.088 / 0.091         0.088 / 0.091       ms
[2023-11-12T20:23:33.876+0800][gc,stats    ]    Subphase: Concurrent Roots ClassLoaderDataGraph         0.000 / 0.000         0.000 / 0.000         0.224 / 1.141         0.224 / 1.141       ms
[2023-11-12T20:23:33.876+0800][gc,stats    ]    Subphase: Concurrent Roots CodeCache                    0.000 / 0.000         0.000 / 0.000         0.000 / 0.000         0.000 / 0.000       ms
[2023-11-12T20:23:33.876+0800][gc,stats    ]    Subphase: Concurrent Roots JavaThreads                  0.000 / 0.000         0.000 / 0.000         1.318 / 1.908         1.318 / 1.908       ms
[2023-11-12T20:23:33.876+0800][gc,stats    ]    Subphase: Concurrent Roots OopStorageSet                0.000 / 0.000         0.000 / 0.000         0.117 / 0.285         0.117 / 0.285       ms
[2023-11-12T20:23:33.876+0800][gc,stats    ]    Subphase: Concurrent Weak Roots OopStorageSet           0.000 / 0.000         0.000 / 0.000         0.376 / 0.512         0.376 / 0.512       ms
[2023-11-12T20:23:33.878+0800][gc,stats    ]    Subphase: Pause Mark Try Complete                       0.000 / 0.000         0.000 / 0.000         0.000 / 0.000         0.000 / 0.000       ms
[2023-11-12T20:23:33.878+0800][gc,stats    ]      System: Java Threads                                      0 / 0                 0 / 0                38 / 52               38 / 52          threads
[2023-11-12T20:23:33.878+0800][gc,stats    ] =========================================================================================================================================================
[2023-11-12T20:23:43.871+0800][gc,stats    ] === Garbage Collection Statistics =======================================================================================================================
[2023-11-12T20:23:43.871+0800][gc,stats    ]                                                              Last 10s              Last 10m              Last 10h                Total
[2023-11-12T20:23:43.871+0800][gc,stats    ]                                                              Avg / Max             Avg / Max             Avg / Max             Avg / Max
[2023-11-12T20:23:43.871+0800][gc,stats    ]   Collector: Garbage Collection Cycle                      0.000 / 0.000         0.000 / 0.000        50.665 / 66.843       50.665 / 66.843      ms
[2023-11-12T20:23:43.871+0800][gc,stats    ]  Contention: Mark Segment Reset Contention                     0 / 0                 0 / 0                 0 / 9                 0 / 9           ops/s
[2023-11-12T20:23:43.871+0800][gc,stats    ]  Contention: Mark SeqNum Reset Contention                      0 / 0                 0 / 0                 0 / 1                 0 / 1           ops/s
[2023-11-12T20:23:43.871+0800][gc,stats    ]    Critical: Allocation Stall                                  0 / 0                 0 / 0                 0 / 0                 0 / 0           ops/s
[2023-11-12T20:23:43.871+0800][gc,stats    ]    Critical: Allocation Stall                              0.000 / 0.000         0.000 / 0.000         0.000 / 0.000         0.000 / 0.000       ms
[2023-11-12T20:23:43.871+0800][gc,stats    ]    Critical: GC Locker Stall                                   0 / 0                 0 / 0                 0 / 0                 0 / 0           ops/s
[2023-11-12T20:23:43.871+0800][gc,stats    ]    Critical: GC Locker Stall                               0.000 / 0.000         0.000 / 0.000         0.000 / 0.000         0.000 / 0.000       ms
[2023-11-12T20:23:43.871+0800][gc,stats    ]    Critical: Relocation Stall                                  0 / 0                 0 / 0                 0 / 0                 0 / 0           ops/s
[2023-11-12T20:23:43.871+0800][gc,stats    ]    Critical: Relocation Stall                              0.000 / 0.000         0.000 / 0.000         0.000 / 0.000         0.000 / 0.000       ms
[2023-11-12T20:23:43.871+0800][gc,stats    ]      Memory: Allocation Rate                                   0 / 2                 0 / 8                 0 / 66                0 / 66          MB/s
[2023-11-12T20:23:43.871+0800][gc,stats    ]      Memory: Defragment                                        0 / 0                 0 / 0                 0 / 0                 0 / 0           ops/s
[2023-11-12T20:23:43.871+0800][gc,stats    ]      Memory: Out Of Memory                                     0 / 0                 0 / 0                 0 / 0                 0 / 0           ops/s
[2023-11-12T20:23:43.871+0800][gc,stats    ]      Memory: Page Cache Flush                                  0 / 0                 0 / 0                 0 / 0                 0 / 0           MB/s
[2023-11-12T20:23:43.871+0800][gc,stats    ]      Memory: Page Cache Hit L1                                 0 / 1                 0 / 4                 0 / 32                0 / 32          ops/s
[2023-11-12T20:23:43.871+0800][gc,stats    ]      Memory: Page Cache Hit L2                                 0 / 0                 0 / 0                 0 / 0                 0 / 0           ops/s
[2023-11-12T20:23:43.871+0800][gc,stats    ]      Memory: Page Cache Hit L3                                 0 / 0                 0 / 0                 0 / 33                0 / 33          ops/s
[2023-11-12T20:23:43.871+0800][gc,stats    ]      Memory: Page Cache Miss                                   0 / 0                 0 / 0                 0 / 1                 0 / 1           ops/s
[2023-11-12T20:23:43.871+0800][gc,stats    ]      Memory: Uncommit                                          0 / 0                 0 / 0                 0 / 0                 0 / 0           MB/s
[2023-11-12T20:23:43.871+0800][gc,stats    ]      Memory: Undo Object Allocation Failed                     0 / 0                 0 / 0                 0 / 0                 0 / 0           ops/s
[2023-11-12T20:23:43.871+0800][gc,stats    ]      Memory: Undo Object Allocation Succeeded                  0 / 0                 0 / 0                 0 / 0                 0 / 0           ops/s
[2023-11-12T20:23:43.871+0800][gc,stats    ]      Memory: Undo Page Allocation                              0 / 0                 0 / 0                 0 / 0                 0 / 0           ops/s
[2023-11-12T20:23:43.871+0800][gc,stats    ]       Phase: Concurrent Mark                               0.000 / 0.000         0.000 / 0.000        26.305 / 27.135       26.305 / 27.135      ms
[2023-11-12T20:23:43.871+0800][gc,stats    ]       Phase: Concurrent Mark Continue                      0.000 / 0.000         0.000 / 0.000         0.000 / 0.000         0.000 / 0.000       ms
[2023-11-12T20:23:43.871+0800][gc,stats    ]       Phase: Concurrent Mark Free                          0.000 / 0.000         0.000 / 0.000         0.001 / 0.001         0.001 / 0.001       ms
[2023-11-12T20:23:43.871+0800][gc,stats    ]       Phase: Concurrent Process Non-Strong References      0.000 / 0.000         0.000 / 0.000         1.929 / 2.001         1.929 / 2.001       ms
[2023-11-12T20:23:43.871+0800][gc,stats    ]       Phase: Concurrent Relocate                           0.000 / 0.000         0.000 / 0.000         3.090 / 3.413         3.090 / 3.413       ms
[2023-11-12T20:23:43.871+0800][gc,stats    ]       Phase: Concurrent Reset Relocation Set               0.000 / 0.000         0.000 / 0.000         0.002 / 0.004         0.002 / 0.004       ms
[2023-11-12T20:23:43.871+0800][gc,stats    ]       Phase: Concurrent Select Relocation Set              0.000 / 0.000         0.000 / 0.000        18.052 / 34.722       18.052 / 34.722      ms
[2023-11-12T20:23:43.871+0800][gc,stats    ]       Phase: Pause Mark End                                0.000 / 0.000         0.000 / 0.000         0.017 / 0.020         0.017 / 0.020       ms
[2023-11-12T20:23:43.871+0800][gc,stats    ]       Phase: Pause Mark Start                              0.000 / 0.000         0.000 / 0.000         0.102 / 0.195         0.102 / 0.195       ms
[2023-11-12T20:23:43.871+0800][gc,stats    ]       Phase: Pause Relocate Start                          0.000 / 0.000         0.000 / 0.000         0.012 / 0.013         0.012 / 0.013       ms
[2023-11-12T20:23:43.871+0800][gc,stats    ]    Subphase: Concurrent Classes Purge                      0.000 / 0.000         0.000 / 0.000         0.065 / 0.066         0.065 / 0.066       ms
[2023-11-12T20:23:43.871+0800][gc,stats    ]    Subphase: Concurrent Classes Unlink                     0.000 / 0.000         0.000 / 0.000         1.307 / 1.369         1.307 / 1.369       ms
[2023-11-12T20:23:43.871+0800][gc,stats    ]    Subphase: Concurrent Mark                               0.000 / 0.000         0.000 / 0.000        21.516 / 25.107       21.516 / 25.107      ms
[2023-11-12T20:23:43.871+0800][gc,stats    ]    Subphase: Concurrent Mark Try Flush                     0.000 / 0.000         0.000 / 0.000         0.198 / 1.014         0.198 / 1.014       ms
[2023-11-12T20:23:43.871+0800][gc,stats    ]    Subphase: Concurrent Mark Try Terminate                 0.000 / 0.000         0.000 / 0.000         7.711 / 13.370        7.711 / 13.370      ms
[2023-11-12T20:23:43.871+0800][gc,stats    ]    Subphase: Concurrent References Enqueue                 0.000 / 0.000         0.000 / 0.000         0.004 / 0.004         0.004 / 0.004       ms
[2023-11-12T20:23:43.871+0800][gc,stats    ]    Subphase: Concurrent References Process                 0.000 / 0.000         0.000 / 0.000         0.088 / 0.091         0.088 / 0.091       ms
[2023-11-12T20:23:43.871+0800][gc,stats    ]    Subphase: Concurrent Roots ClassLoaderDataGraph         0.000 / 0.000         0.000 / 0.000         0.224 / 1.141         0.224 / 1.141       ms
[2023-11-12T20:23:43.871+0800][gc,stats    ]    Subphase: Concurrent Roots CodeCache                    0.000 / 0.000         0.000 / 0.000         0.000 / 0.000         0.000 / 0.000       ms
[2023-11-12T20:23:43.871+0800][gc,stats    ]    Subphase: Concurrent Roots JavaThreads                  0.000 / 0.000         0.000 / 0.000         1.318 / 1.908         1.318 / 1.908       ms
[2023-11-12T20:23:43.871+0800][gc,stats    ]    Subphase: Concurrent Roots OopStorageSet                0.000 / 0.000         0.000 / 0.000         0.117 / 0.285         0.117 / 0.285       ms
[2023-11-12T20:23:43.871+0800][gc,stats    ]    Subphase: Concurrent Weak Roots OopStorageSet           0.000 / 0.000         0.000 / 0.000         0.376 / 0.512         0.376 / 0.512       ms
[2023-11-12T20:23:43.871+0800][gc,stats    ]    Subphase: Pause Mark Try Complete                       0.000 / 0.000         0.000 / 0.000         0.000 / 0.000         0.000 / 0.000       ms
[2023-11-12T20:23:43.871+0800][gc,stats    ]      System: Java Threads                                      0 / 0                 0 / 0                38 / 52               38 / 52          threads
[2023-11-12T20:23:43.871+0800][gc,stats    ] =========================================================================================================================================================
[2023-11-12T20:23:53.871+0800][gc,stats    ] === Garbage Collection Statistics =======================================================================================================================
[2023-11-12T20:23:53.871+0800][gc,stats    ]                                                              Last 10s              Last 10m              Last 10h                Total
[2023-11-12T20:23:53.871+0800][gc,stats    ]                                                              Avg / Max             Avg / Max             Avg / Max             Avg / Max
[2023-11-12T20:23:53.871+0800][gc,stats    ]   Collector: Garbage Collection Cycle                      0.000 / 0.000         0.000 / 0.000        50.665 / 66.843       50.665 / 66.843      ms
[2023-11-12T20:23:53.871+0800][gc,stats    ]  Contention: Mark Segment Reset Contention                     0 / 0                 0 / 0                 0 / 9                 0 / 9           ops/s
[2023-11-12T20:23:53.871+0800][gc,stats    ]  Contention: Mark SeqNum Reset Contention                      0 / 0                 0 / 0                 0 / 1                 0 / 1           ops/s
[2023-11-12T20:23:53.871+0800][gc,stats    ]    Critical: Allocation Stall                                  0 / 0                 0 / 0                 0 / 0                 0 / 0           ops/s
[2023-11-12T20:23:53.871+0800][gc,stats    ]    Critical: Allocation Stall                              0.000 / 0.000         0.000 / 0.000         0.000 / 0.000         0.000 / 0.000       ms
[2023-11-12T20:23:53.871+0800][gc,stats    ]    Critical: GC Locker Stall                                   0 / 0                 0 / 0                 0 / 0                 0 / 0           ops/s
[2023-11-12T20:23:53.871+0800][gc,stats    ]    Critical: GC Locker Stall                               0.000 / 0.000         0.000 / 0.000         0.000 / 0.000         0.000 / 0.000       ms
[2023-11-12T20:23:53.871+0800][gc,stats    ]    Critical: Relocation Stall                                  0 / 0                 0 / 0                 0 / 0                 0 / 0           ops/s
[2023-11-12T20:23:53.871+0800][gc,stats    ]    Critical: Relocation Stall                              0.000 / 0.000         0.000 / 0.000         0.000 / 0.000         0.000 / 0.000       ms
[2023-11-12T20:23:53.871+0800][gc,stats    ]      Memory: Allocation Rate                                   0 / 2                 0 / 8                 0 / 66                0 / 66          MB/s
[2023-11-12T20:23:53.871+0800][gc,stats    ]      Memory: Defragment                                        0 / 0                 0 / 0                 0 / 0                 0 / 0           ops/s
[2023-11-12T20:23:53.871+0800][gc,stats    ]      Memory: Out Of Memory                                     0 / 0                 0 / 0                 0 / 0                 0 / 0           ops/s
[2023-11-12T20:23:53.871+0800][gc,stats    ]      Memory: Page Cache Flush                                  0 / 0                 0 / 0                 0 / 0                 0 / 0           MB/s
[2023-11-12T20:23:53.871+0800][gc,stats    ]      Memory: Page Cache Hit L1                                 0 / 1                 0 / 4                 0 / 32                0 / 32          ops/s
[2023-11-12T20:23:53.871+0800][gc,stats    ]      Memory: Page Cache Hit L2                                 0 / 0                 0 / 0                 0 / 0                 0 / 0           ops/s
[2023-11-12T20:23:53.871+0800][gc,stats    ]      Memory: Page Cache Hit L3                                 0 / 0                 0 / 0                 0 / 33                0 / 33          ops/s
[2023-11-12T20:23:53.871+0800][gc,stats    ]      Memory: Page Cache Miss                                   0 / 0                 0 / 0                 0 / 1                 0 / 1           ops/s
[2023-11-12T20:23:53.871+0800][gc,stats    ]      Memory: Uncommit                                          0 / 0                 0 / 0                 0 / 0                 0 / 0           MB/s
[2023-11-12T20:23:53.871+0800][gc,stats    ]      Memory: Undo Object Allocation Failed                     0 / 0                 0 / 0                 0 / 0                 0 / 0           ops/s
[2023-11-12T20:23:53.871+0800][gc,stats    ]      Memory: Undo Object Allocation Succeeded                  0 / 0                 0 / 0                 0 / 0                 0 / 0           ops/s
[2023-11-12T20:23:53.871+0800][gc,stats    ]      Memory: Undo Page Allocation                              0 / 0                 0 / 0                 0 / 0                 0 / 0           ops/s
[2023-11-12T20:23:53.871+0800][gc,stats    ]       Phase: Concurrent Mark                               0.000 / 0.000         0.000 / 0.000        26.305 / 27.135       26.305 / 27.135      ms
[2023-11-12T20:23:53.871+0800][gc,stats    ]       Phase: Concurrent Mark Continue                      0.000 / 0.000         0.000 / 0.000         0.000 / 0.000         0.000 / 0.000       ms
[2023-11-12T20:23:53.871+0800][gc,stats    ]       Phase: Concurrent Mark Free                          0.000 / 0.000         0.000 / 0.000         0.001 / 0.001         0.001 / 0.001       ms
[2023-11-12T20:23:53.871+0800][gc,stats    ]       Phase: Concurrent Process Non-Strong References      0.000 / 0.000         0.000 / 0.000         1.929 / 2.001         1.929 / 2.001       ms
[2023-11-12T20:23:53.871+0800][gc,stats    ]       Phase: Concurrent Relocate                           0.000 / 0.000         0.000 / 0.000         3.090 / 3.413         3.090 / 3.413       ms
[2023-11-12T20:23:53.871+0800][gc,stats    ]       Phase: Concurrent Reset Relocation Set               0.000 / 0.000         0.000 / 0.000         0.002 / 0.004         0.002 / 0.004       ms
[2023-11-12T20:23:53.871+0800][gc,stats    ]       Phase: Concurrent Select Relocation Set              0.000 / 0.000         0.000 / 0.000        18.052 / 34.722       18.052 / 34.722      ms
[2023-11-12T20:23:53.871+0800][gc,stats    ]       Phase: Pause Mark End                                0.000 / 0.000         0.000 / 0.000         0.017 / 0.020         0.017 / 0.020       ms
[2023-11-12T20:23:53.871+0800][gc,stats    ]       Phase: Pause Mark Start                              0.000 / 0.000         0.000 / 0.000         0.102 / 0.195         0.102 / 0.195       ms
[2023-11-12T20:23:53.871+0800][gc,stats    ]       Phase: Pause Relocate Start                          0.000 / 0.000         0.000 / 0.000         0.012 / 0.013         0.012 / 0.013       ms
[2023-11-12T20:23:53.871+0800][gc,stats    ]    Subphase: Concurrent Classes Purge                      0.000 / 0.000         0.000 / 0.000         0.065 / 0.066         0.065 / 0.066       ms
[2023-11-12T20:23:53.871+0800][gc,stats    ]    Subphase: Concurrent Classes Unlink                     0.000 / 0.000         0.000 / 0.000         1.307 / 1.369         1.307 / 1.369       ms
[2023-11-12T20:23:53.871+0800][gc,stats    ]    Subphase: Concurrent Mark                               0.000 / 0.000         0.000 / 0.000        21.516 / 25.107       21.516 / 25.107      ms
[2023-11-12T20:23:53.871+0800][gc,stats    ]    Subphase: Concurrent Mark Try Flush                     0.000 / 0.000         0.000 / 0.000         0.198 / 1.014         0.198 / 1.014       ms
[2023-11-12T20:23:53.871+0800][gc,stats    ]    Subphase: Concurrent Mark Try Terminate                 0.000 / 0.000         0.000 / 0.000         7.711 / 13.370        7.711 / 13.370      ms
[2023-11-12T20:23:53.871+0800][gc,stats    ]    Subphase: Concurrent References Enqueue                 0.000 / 0.000         0.000 / 0.000         0.004 / 0.004         0.004 / 0.004       ms
[2023-11-12T20:23:53.871+0800][gc,stats    ]    Subphase: Concurrent References Process                 0.000 / 0.000         0.000 / 0.000         0.088 / 0.091         0.088 / 0.091       ms
[2023-11-12T20:23:53.871+0800][gc,stats    ]    Subphase: Concurrent Roots ClassLoaderDataGraph         0.000 / 0.000         0.000 / 0.000         0.224 / 1.141         0.224 / 1.141       ms
[2023-11-12T20:23:53.871+0800][gc,stats    ]    Subphase: Concurrent Roots CodeCache                    0.000 / 0.000         0.000 / 0.000         0.000 / 0.000         0.000 / 0.000       ms
[2023-11-12T20:23:53.871+0800][gc,stats    ]    Subphase: Concurrent Roots JavaThreads                  0.000 / 0.000         0.000 / 0.000         1.318 / 1.908         1.318 / 1.908       ms
[2023-11-12T20:23:53.871+0800][gc,stats    ]    Subphase: Concurrent Roots OopStorageSet                0.000 / 0.000         0.000 / 0.000         0.117 / 0.285         0.117 / 0.285       ms
[2023-11-12T20:23:53.871+0800][gc,stats    ]    Subphase: Concurrent Weak Roots OopStorageSet           0.000 / 0.000         0.000 / 0.000         0.376 / 0.512         0.376 / 0.512       ms
[2023-11-12T20:23:53.871+0800][gc,stats    ]    Subphase: Pause Mark Try Complete                       0.000 / 0.000         0.000 / 0.000         0.000 / 0.000         0.000 / 0.000       ms
[2023-11-12T20:23:53.871+0800][gc,stats    ]      System: Java Threads                                      0 / 0                 0 / 0                38 / 52               38 / 52          threads
[2023-11-12T20:23:53.871+0800][gc,stats    ] =========================================================================================================================================================
[2023-11-12T20:24:03.872+0800][gc,stats    ] === Garbage Collection Statistics =======================================================================================================================
[2023-11-12T20:24:03.872+0800][gc,stats    ]                                                              Last 10s              Last 10m              Last 10h                Total
[2023-11-12T20:24:03.872+0800][gc,stats    ]                                                              Avg / Max             Avg / Max             Avg / Max             Avg / Max
[2023-11-12T20:24:03.872+0800][gc,stats    ]   Collector: Garbage Collection Cycle                      0.000 / 0.000         0.000 / 0.000        50.665 / 66.843       50.665 / 66.843      ms
[2023-11-12T20:24:03.872+0800][gc,stats    ]  Contention: Mark Segment Reset Contention                     0 / 0                 0 / 0                 0 / 9                 0 / 9           ops/s
[2023-11-12T20:24:03.872+0800][gc,stats    ]  Contention: Mark SeqNum Reset Contention                      0 / 0                 0 / 0                 0 / 1                 0 / 1           ops/s
[2023-11-12T20:24:03.872+0800][gc,stats    ]    Critical: Allocation Stall                                  0 / 0                 0 / 0                 0 / 0                 0 / 0           ops/s
[2023-11-12T20:24:03.872+0800][gc,stats    ]    Critical: Allocation Stall                              0.000 / 0.000         0.000 / 0.000         0.000 / 0.000         0.000 / 0.000       ms
[2023-11-12T20:24:03.872+0800][gc,stats    ]    Critical: GC Locker Stall                                   0 / 0                 0 / 0                 0 / 0                 0 / 0           ops/s
[2023-11-12T20:24:03.872+0800][gc,stats    ]    Critical: GC Locker Stall                               0.000 / 0.000         0.000 / 0.000         0.000 / 0.000         0.000 / 0.000       ms
[2023-11-12T20:24:03.872+0800][gc,stats    ]    Critical: Relocation Stall                                  0 / 0                 0 / 0                 0 / 0                 0 / 0           ops/s
[2023-11-12T20:24:03.872+0800][gc,stats    ]    Critical: Relocation Stall                              0.000 / 0.000         0.000 / 0.000         0.000 / 0.000         0.000 / 0.000       ms
[2023-11-12T20:24:03.872+0800][gc,stats    ]      Memory: Allocation Rate                                   0 / 0                 0 / 8                 0 / 66                0 / 66          MB/s
[2023-11-12T20:24:03.872+0800][gc,stats    ]      Memory: Defragment                                        0 / 0                 0 / 0                 0 / 0                 0 / 0           ops/s
[2023-11-12T20:24:03.872+0800][gc,stats    ]      Memory: Out Of Memory                                     0 / 0                 0 / 0                 0 / 0                 0 / 0           ops/s
[2023-11-12T20:24:03.872+0800][gc,stats    ]      Memory: Page Cache Flush                                  0 / 0                 0 / 0                 0 / 0                 0 / 0           MB/s
[2023-11-12T20:24:03.872+0800][gc,stats    ]      Memory: Page Cache Hit L1                                 0 / 0                 0 / 4                 0 / 32                0 / 32          ops/s
[2023-11-12T20:24:03.872+0800][gc,stats    ]      Memory: Page Cache Hit L2                                 0 / 0                 0 / 0                 0 / 0                 0 / 0           ops/s
[2023-11-12T20:24:03.872+0800][gc,stats    ]      Memory: Page Cache Hit L3                                 0 / 0                 0 / 0                 0 / 33                0 / 33          ops/s
[2023-11-12T20:24:03.872+0800][gc,stats    ]      Memory: Page Cache Miss                                   0 / 0                 0 / 0                 0 / 1                 0 / 1           ops/s
[2023-11-12T20:24:03.872+0800][gc,stats    ]      Memory: Uncommit                                          0 / 0                 0 / 0                 0 / 0                 0 / 0           MB/s
[2023-11-12T20:24:03.872+0800][gc,stats    ]      Memory: Undo Object Allocation Failed                     0 / 0                 0 / 0                 0 / 0                 0 / 0           ops/s
[2023-11-12T20:24:03.872+0800][gc,stats    ]      Memory: Undo Object Allocation Succeeded                  0 / 0                 0 / 0                 0 / 0                 0 / 0           ops/s
[2023-11-12T20:24:03.872+0800][gc,stats    ]      Memory: Undo Page Allocation                              0 / 0                 0 / 0                 0 / 0                 0 / 0           ops/s
[2023-11-12T20:24:03.872+0800][gc,stats    ]       Phase: Concurrent Mark                               0.000 / 0.000         0.000 / 0.000        26.305 / 27.135       26.305 / 27.135      ms
[2023-11-12T20:24:03.872+0800][gc,stats    ]       Phase: Concurrent Mark Continue                      0.000 / 0.000         0.000 / 0.000         0.000 / 0.000         0.000 / 0.000       ms
[2023-11-12T20:24:03.872+0800][gc,stats    ]       Phase: Concurrent Mark Free                          0.000 / 0.000         0.000 / 0.000         0.001 / 0.001         0.001 / 0.001       ms
[2023-11-12T20:24:03.872+0800][gc,stats    ]       Phase: Concurrent Process Non-Strong References      0.000 / 0.000         0.000 / 0.000         1.929 / 2.001         1.929 / 2.001       ms
[2023-11-12T20:24:03.872+0800][gc,stats    ]       Phase: Concurrent Relocate                           0.000 / 0.000         0.000 / 0.000         3.090 / 3.413         3.090 / 3.413       ms
[2023-11-12T20:24:03.872+0800][gc,stats    ]       Phase: Concurrent Reset Relocation Set               0.000 / 0.000         0.000 / 0.000         0.002 / 0.004         0.002 / 0.004       ms
[2023-11-12T20:24:03.872+0800][gc,stats    ]       Phase: Concurrent Select Relocation Set              0.000 / 0.000         0.000 / 0.000        18.052 / 34.722       18.052 / 34.722      ms
[2023-11-12T20:24:03.872+0800][gc,stats    ]       Phase: Pause Mark End                                0.000 / 0.000         0.000 / 0.000         0.017 / 0.020         0.017 / 0.020       ms
[2023-11-12T20:24:03.872+0800][gc,stats    ]       Phase: Pause Mark Start                              0.000 / 0.000         0.000 / 0.000         0.102 / 0.195         0.102 / 0.195       ms
[2023-11-12T20:24:03.872+0800][gc,stats    ]       Phase: Pause Relocate Start                          0.000 / 0.000         0.000 / 0.000         0.012 / 0.013         0.012 / 0.013       ms
[2023-11-12T20:24:03.872+0800][gc,stats    ]    Subphase: Concurrent Classes Purge                      0.000 / 0.000         0.000 / 0.000         0.065 / 0.066         0.065 / 0.066       ms
[2023-11-12T20:24:03.872+0800][gc,stats    ]    Subphase: Concurrent Classes Unlink                     0.000 / 0.000         0.000 / 0.000         1.307 / 1.369         1.307 / 1.369       ms
[2023-11-12T20:24:03.872+0800][gc,stats    ]    Subphase: Concurrent Mark                               0.000 / 0.000         0.000 / 0.000        21.516 / 25.107       21.516 / 25.107      ms
[2023-11-12T20:24:03.872+0800][gc,stats    ]    Subphase: Concurrent Mark Try Flush                     0.000 / 0.000         0.000 / 0.000         0.198 / 1.014         0.198 / 1.014       ms
[2023-11-12T20:24:03.872+0800][gc,stats    ]    Subphase: Concurrent Mark Try Terminate                 0.000 / 0.000         0.000 / 0.000         7.711 / 13.370        7.711 / 13.370      ms
[2023-11-12T20:24:03.872+0800][gc,stats    ]    Subphase: Concurrent References Enqueue                 0.000 / 0.000         0.000 / 0.000         0.004 / 0.004         0.004 / 0.004       ms
[2023-11-12T20:24:03.872+0800][gc,stats    ]    Subphase: Concurrent References Process                 0.000 / 0.000         0.000 / 0.000         0.088 / 0.091         0.088 / 0.091       ms
[2023-11-12T20:24:03.872+0800][gc,stats    ]    Subphase: Concurrent Roots ClassLoaderDataGraph         0.000 / 0.000         0.000 / 0.000         0.224 / 1.141         0.224 / 1.141       ms
[2023-11-12T20:24:03.872+0800][gc,stats    ]    Subphase: Concurrent Roots CodeCache                    0.000 / 0.000         0.000 / 0.000         0.000 / 0.000         0.000 / 0.000       ms
[2023-11-12T20:24:03.872+0800][gc,stats    ]    Subphase: Concurrent Roots JavaThreads                  0.000 / 0.000         0.000 / 0.000         1.318 / 1.908         1.318 / 1.908       ms
[2023-11-12T20:24:03.872+0800][gc,stats    ]    Subphase: Concurrent Roots OopStorageSet                0.000 / 0.000         0.000 / 0.000         0.117 / 0.285         0.117 / 0.285       ms
[2023-11-12T20:24:03.872+0800][gc,stats    ]    Subphase: Concurrent Weak Roots OopStorageSet           0.000 / 0.000         0.000 / 0.000         0.376 / 0.512         0.376 / 0.512       ms
[2023-11-12T20:24:03.872+0800][gc,stats    ]    Subphase: Pause Mark Try Complete                       0.000 / 0.000         0.000 / 0.000         0.000 / 0.000         0.000 / 0.000       ms
[2023-11-12T20:24:03.872+0800][gc,stats    ]      System: Java Threads                                      0 / 0                 0 / 0                38 / 52               38 / 52          threads
[2023-11-12T20:24:03.872+0800][gc,stats    ] =========================================================================================================================================================
[2023-11-12T20:24:13.872+0800][gc,stats    ] === Garbage Collection Statistics =======================================================================================================================
[2023-11-12T20:24:13.872+0800][gc,stats    ]                                                              Last 10s              Last 10m              Last 10h                Total
[2023-11-12T20:24:13.872+0800][gc,stats    ]                                                              Avg / Max             Avg / Max             Avg / Max             Avg / Max
[2023-11-12T20:24:13.872+0800][gc,stats    ]   Collector: Garbage Collection Cycle                      0.000 / 0.000         0.000 / 0.000        50.665 / 66.843       50.665 / 66.843      ms
[2023-11-12T20:24:13.872+0800][gc,stats    ]  Contention: Mark Segment Reset Contention                     0 / 0                 0 / 0                 0 / 9                 0 / 9           ops/s
[2023-11-12T20:24:13.872+0800][gc,stats    ]  Contention: Mark SeqNum Reset Contention                      0 / 0                 0 / 0                 0 / 1                 0 / 1           ops/s
[2023-11-12T20:24:13.872+0800][gc,stats    ]    Critical: Allocation Stall                                  0 / 0                 0 / 0                 0 / 0                 0 / 0           ops/s
[2023-11-12T20:24:13.872+0800][gc,stats    ]    Critical: Allocation Stall                              0.000 / 0.000         0.000 / 0.000         0.000 / 0.000         0.000 / 0.000       ms
[2023-11-12T20:24:13.872+0800][gc,stats    ]    Critical: GC Locker Stall                                   0 / 0                 0 / 0                 0 / 0                 0 / 0           ops/s
[2023-11-12T20:24:13.872+0800][gc,stats    ]    Critical: GC Locker Stall                               0.000 / 0.000         0.000 / 0.000         0.000 / 0.000         0.000 / 0.000       ms
[2023-11-12T20:24:13.872+0800][gc,stats    ]    Critical: Relocation Stall                                  0 / 0                 0 / 0                 0 / 0                 0 / 0           ops/s
[2023-11-12T20:24:13.872+0800][gc,stats    ]    Critical: Relocation Stall                              0.000 / 0.000         0.000 / 0.000         0.000 / 0.000         0.000 / 0.000       ms
[2023-11-12T20:24:13.872+0800][gc,stats    ]      Memory: Allocation Rate                                   0 / 2                 0 / 8                 0 / 66                0 / 66          MB/s
[2023-11-12T20:24:13.872+0800][gc,stats    ]      Memory: Defragment                                        0 / 0                 0 / 0                 0 / 0                 0 / 0           ops/s
[2023-11-12T20:24:13.872+0800][gc,stats    ]      Memory: Out Of Memory                                     0 / 0                 0 / 0                 0 / 0                 0 / 0           ops/s
[2023-11-12T20:24:13.872+0800][gc,stats    ]      Memory: Page Cache Flush                                  0 / 0                 0 / 0                 0 / 0                 0 / 0           MB/s
[2023-11-12T20:24:13.872+0800][gc,stats    ]      Memory: Page Cache Hit L1                                 0 / 1                 0 / 4                 0 / 32                0 / 32          ops/s
[2023-11-12T20:24:13.872+0800][gc,stats    ]      Memory: Page Cache Hit L2                                 0 / 0                 0 / 0                 0 / 0                 0 / 0           ops/s
[2023-11-12T20:24:13.872+0800][gc,stats    ]      Memory: Page Cache Hit L3                                 0 / 0                 0 / 0                 0 / 33                0 / 33          ops/s
[2023-11-12T20:24:13.872+0800][gc,stats    ]      Memory: Page Cache Miss                                   0 / 0                 0 / 0                 0 / 1                 0 / 1           ops/s
[2023-11-12T20:24:13.872+0800][gc,stats    ]      Memory: Uncommit                                          0 / 0                 0 / 0                 0 / 0                 0 / 0           MB/s
[2023-11-12T20:24:13.872+0800][gc,stats    ]      Memory: Undo Object Allocation Failed                     0 / 0                 0 / 0                 0 / 0                 0 / 0           ops/s
[2023-11-12T20:24:13.872+0800][gc,stats    ]      Memory: Undo Object Allocation Succeeded                  0 / 0                 0 / 0                 0 / 0                 0 / 0           ops/s
[2023-11-12T20:24:13.872+0800][gc,stats    ]      Memory: Undo Page Allocation                              0 / 0                 0 / 0                 0 / 0                 0 / 0           ops/s
[2023-11-12T20:24:13.872+0800][gc,stats    ]       Phase: Concurrent Mark                               0.000 / 0.000         0.000 / 0.000        26.305 / 27.135       26.305 / 27.135      ms
[2023-11-12T20:24:13.872+0800][gc,stats    ]       Phase: Concurrent Mark Continue                      0.000 / 0.000         0.000 / 0.000         0.000 / 0.000         0.000 / 0.000       ms
[2023-11-12T20:24:13.872+0800][gc,stats    ]       Phase: Concurrent Mark Free                          0.000 / 0.000         0.000 / 0.000         0.001 / 0.001         0.001 / 0.001       ms
[2023-11-12T20:24:13.872+0800][gc,stats    ]       Phase: Concurrent Process Non-Strong References      0.000 / 0.000         0.000 / 0.000         1.929 / 2.001         1.929 / 2.001       ms
[2023-11-12T20:24:13.872+0800][gc,stats    ]       Phase: Concurrent Relocate                           0.000 / 0.000         0.000 / 0.000         3.090 / 3.413         3.090 / 3.413       ms
[2023-11-12T20:24:13.872+0800][gc,stats    ]       Phase: Concurrent Reset Relocation Set               0.000 / 0.000         0.000 / 0.000         0.002 / 0.004         0.002 / 0.004       ms
[2023-11-12T20:24:13.872+0800][gc,stats    ]       Phase: Concurrent Select Relocation Set              0.000 / 0.000         0.000 / 0.000        18.052 / 34.722       18.052 / 34.722      ms
[2023-11-12T20:24:13.872+0800][gc,stats    ]       Phase: Pause Mark End                                0.000 / 0.000         0.000 / 0.000         0.017 / 0.020         0.017 / 0.020       ms
[2023-11-12T20:24:13.872+0800][gc,stats    ]       Phase: Pause Mark Start                              0.000 / 0.000         0.000 / 0.000         0.102 / 0.195         0.102 / 0.195       ms
[2023-11-12T20:24:13.872+0800][gc,stats    ]       Phase: Pause Relocate Start                          0.000 / 0.000         0.000 / 0.000         0.012 / 0.013         0.012 / 0.013       ms
[2023-11-12T20:24:13.872+0800][gc,stats    ]    Subphase: Concurrent Classes Purge                      0.000 / 0.000         0.000 / 0.000         0.065 / 0.066         0.065 / 0.066       ms
[2023-11-12T20:24:13.872+0800][gc,stats    ]    Subphase: Concurrent Classes Unlink                     0.000 / 0.000         0.000 / 0.000         1.307 / 1.369         1.307 / 1.369       ms
[2023-11-12T20:24:13.872+0800][gc,stats    ]    Subphase: Concurrent Mark                               0.000 / 0.000         0.000 / 0.000        21.516 / 25.107       21.516 / 25.107      ms
[2023-11-12T20:24:13.872+0800][gc,stats    ]    Subphase: Concurrent Mark Try Flush                     0.000 / 0.000         0.000 / 0.000         0.198 / 1.014         0.198 / 1.014       ms
[2023-11-12T20:24:13.872+0800][gc,stats    ]    Subphase: Concurrent Mark Try Terminate                 0.000 / 0.000         0.000 / 0.000         7.711 / 13.370        7.711 / 13.370      ms
[2023-11-12T20:24:13.872+0800][gc,stats    ]    Subphase: Concurrent References Enqueue                 0.000 / 0.000         0.000 / 0.000         0.004 / 0.004         0.004 / 0.004       ms
[2023-11-12T20:24:13.872+0800][gc,stats    ]    Subphase: Concurrent References Process                 0.000 / 0.000         0.000 / 0.000         0.088 / 0.091         0.088 / 0.091       ms
[2023-11-12T20:24:13.872+0800][gc,stats    ]    Subphase: Concurrent Roots ClassLoaderDataGraph         0.000 / 0.000         0.000 / 0.000         0.224 / 1.141         0.224 / 1.141       ms
[2023-11-12T20:24:13.872+0800][gc,stats    ]    Subphase: Concurrent Roots CodeCache                    0.000 / 0.000         0.000 / 0.000         0.000 / 0.000         0.000 / 0.000       ms
[2023-11-12T20:24:13.872+0800][gc,stats    ]    Subphase: Concurrent Roots JavaThreads                  0.000 / 0.000         0.000 / 0.000         1.318 / 1.908         1.318 / 1.908       ms
[2023-11-12T20:24:13.872+0800][gc,stats    ]    Subphase: Concurrent Roots OopStorageSet                0.000 / 0.000         0.000 / 0.000         0.117 / 0.285         0.117 / 0.285       ms
[2023-11-12T20:24:13.872+0800][gc,stats    ]    Subphase: Concurrent Weak Roots OopStorageSet           0.000 / 0.000         0.000 / 0.000         0.376 / 0.512         0.376 / 0.512       ms
[2023-11-12T20:24:13.872+0800][gc,stats    ]    Subphase: Pause Mark Try Complete                       0.000 / 0.000         0.000 / 0.000         0.000 / 0.000         0.000 / 0.000       ms
[2023-11-12T20:24:13.872+0800][gc,stats    ]      System: Java Threads                                      0 / 0                 0 / 0                38 / 52               38 / 52          threads
[2023-11-12T20:24:13.872+0800][gc,stats    ] =========================================================================================================================================================
[2023-11-12T20:24:19.069+0800][gc,heap,exit] Heap
[2023-11-12T20:24:19.069+0800][gc,heap,exit]  ZHeap           used 158M, capacity 10240M, max capacity 10240M
[2023-11-12T20:24:19.069+0800][gc,heap,exit]  Metaspace       used 41042K, committed 41408K, reserved 1114112K
[2023-11-12T20:24:19.069+0800][gc,heap,exit]   class space    used 4559K, committed 4736K, reserved 1048576K
