[2024-01-04T11:41:48.455+0800][gc,init] Initializing The Z Garbage Collector
[2024-01-04T11:41:48.455+0800][gc,init] Version: 19.0.2+7-44 (release)
[2024-01-04T11:41:48.455+0800][gc,init] NUMA Support: Disabled
[2024-01-04T11:41:48.455+0800][gc,init] CPUs: 16 total, 16 available
[2024-01-04T11:41:48.455+0800][gc,init] Memory: 15556M
[2024-01-04T11:41:48.455+0800][gc,init] Large Page Support: Disabled
[2024-01-04T11:41:48.455+0800][gc,init] GC Workers: 4 (dynamic)
[2024-01-04T11:41:48.455+0800][gc,init] Address Space Type: Contiguous/Unrestricted/Complete
[2024-01-04T11:41:48.455+0800][gc,init] Address Space Size: 62240M x 3 = 186720M
[2024-01-04T11:41:48.455+0800][gc,init] Min Capacity: 8M
[2024-01-04T11:41:48.455+0800][gc,init] Initial Capacity: 244M
[2024-01-04T11:41:48.456+0800][gc,init] Max Capacity: 3890M
[2024-01-04T11:41:48.456+0800][gc,init] Medium Page Size: 32M
[2024-01-04T11:41:48.456+0800][gc,init] Pre-touch: Disabled
[2024-01-04T11:41:48.456+0800][gc,init] Uncommit: Enabled
[2024-01-04T11:41:48.456+0800][gc,init] Uncommit Delay: 300s
[2024-01-04T11:41:48.462+0800][gc,init] Runtime Workers: 10
[2024-01-04T11:41:48.462+0800][gc     ] Using The Z Garbage Collector
[2024-01-04T11:41:48.463+0800][gc,metaspace] CDS archive(s) mapped at: [0x0000000800000000-0x0000000800c40000-0x0000000800c40000), size 12845056, SharedBaseAddress: 0x0000000800000000, ArchiveRelocationMode: 0.
[2024-01-04T11:41:48.463+0800][gc,metaspace] Compressed class space mapped at: 0x0000000801000000-0x0000000841000000, reserved size: 1073741824
[2024-01-04T11:41:48.463+0800][gc,metaspace] Narrow klass base: 0x0000000800000000, Narrow klass shift: 0, Narrow klass range: 0x100000000
[2024-01-04T11:41:49.982+0800][gc,start    ] GC(0) Garbage Collection (Metadata GC Threshold)
[2024-01-04T11:41:49.982+0800][gc,task     ] GC(0) Using 4 workers
[2024-01-04T11:41:49.982+0800][gc,phases   ] GC(0) Pause Mark Start 0.010ms
[2024-01-04T11:41:50.000+0800][gc,phases   ] GC(0) Concurrent Mark 17.680ms
[2024-01-04T11:41:50.000+0800][gc,phases   ] GC(0) Pause Mark End 0.013ms
[2024-01-04T11:41:50.000+0800][gc,phases   ] GC(0) Concurrent Mark Free 0.001ms
[2024-01-04T11:41:50.001+0800][gc,phases   ] GC(0) Concurrent Process Non-Strong References 1.323ms
[2024-01-04T11:41:50.001+0800][gc,phases   ] GC(0) Concurrent Reset Relocation Set 0.000ms
[2024-01-04T11:41:50.007+0800][gc,phases   ] GC(0) Concurrent Select Relocation Set 6.161ms
[2024-01-04T11:41:50.007+0800][gc,phases   ] GC(0) Pause Relocate Start 0.007ms
[2024-01-04T11:41:50.010+0800][gc,phases   ] GC(0) Concurrent Relocate 2.588ms
[2024-01-04T11:41:50.010+0800][gc,load     ] GC(0) Load: 0.00/0.00/0.00
[2024-01-04T11:41:50.010+0800][gc,mmu      ] GC(0) MMU: 2ms/99.3%, 5ms/99.7%, 10ms/99.8%, 20ms/99.9%, 50ms/99.9%, 100ms/100.0%
[2024-01-04T11:41:50.010+0800][gc,marking  ] GC(0) Mark: 4 stripe(s), 2 proactive flush(es), 1 terminate flush(es), 0 completion(s), 0 continuation(s) 
[2024-01-04T11:41:50.010+0800][gc,marking  ] GC(0) Mark Stack Usage: 32M
[2024-01-04T11:41:50.010+0800][gc,nmethod  ] GC(0) NMethods: 2481 registered, 0 unregistered
[2024-01-04T11:41:50.010+0800][gc,metaspace] GC(0) Metaspace: 21M used, 21M committed, 1088M reserved
[2024-01-04T11:41:50.010+0800][gc,ref      ] GC(0) Soft: 3708 encountered, 0 discovered, 0 enqueued
[2024-01-04T11:41:50.010+0800][gc,ref      ] GC(0) Weak: 1640 encountered, 546 discovered, 437 enqueued
[2024-01-04T11:41:50.010+0800][gc,ref      ] GC(0) Final: 0 encountered, 0 discovered, 0 enqueued
[2024-01-04T11:41:50.010+0800][gc,ref      ] GC(0) Phantom: 431 encountered, 371 discovered, 163 enqueued
[2024-01-04T11:41:50.010+0800][gc,reloc    ] GC(0) Small Pages: 76 / 152M, Empty: 22M, Relocated: 8M, In-Place: 0
[2024-01-04T11:41:50.010+0800][gc,reloc    ] GC(0) Medium Pages: 1 / 32M, Empty: 0M, Relocated: 0M, In-Place: 0
[2024-01-04T11:41:50.010+0800][gc,reloc    ] GC(0) Large Pages: 0 / 0M, Empty: 0M, Relocated: 0M, In-Place: 0
[2024-01-04T11:41:50.010+0800][gc,reloc    ] GC(0) Forwarding Usage: 2M
[2024-01-04T11:41:50.010+0800][gc,heap     ] GC(0) Min Capacity: 8M(0%)
[2024-01-04T11:41:50.010+0800][gc,heap     ] GC(0) Max Capacity: 3890M(100%)
[2024-01-04T11:41:50.010+0800][gc,heap     ] GC(0) Soft Max Capacity: 3890M(100%)
[2024-01-04T11:41:50.010+0800][gc,heap     ] GC(0)                Mark Start          Mark End        Relocate Start      Relocate End           High               Low         
[2024-01-04T11:41:50.010+0800][gc,heap     ] GC(0)  Capacity:      244M (6%)          244M (6%)          244M (6%)          244M (6%)          244M (6%)          244M (6%)     
[2024-01-04T11:41:50.010+0800][gc,heap     ] GC(0)      Free:     3706M (95%)        3702M (95%)        3722M (96%)        3834M (99%)        3834M (99%)        3700M (95%)    
[2024-01-04T11:41:50.010+0800][gc,heap     ] GC(0)      Used:      184M (5%)          188M (5%)          168M (4%)           56M (1%)          190M (5%)           56M (1%)     
[2024-01-04T11:41:50.010+0800][gc,heap     ] GC(0)      Live:         -                12M (0%)           12M (0%)           12M (0%)             -                  -          
[2024-01-04T11:41:50.010+0800][gc,heap     ] GC(0) Allocated:         -                 4M (0%)            6M (0%)            7M (0%)             -                  -          
[2024-01-04T11:41:50.010+0800][gc,heap     ] GC(0)   Garbage:         -               171M (4%)          149M (4%)           35M (1%)             -                  -          
[2024-01-04T11:41:50.010+0800][gc,heap     ] GC(0) Reclaimed:         -                  -                22M (1%)          135M (3%)             -                  -          
[2024-01-04T11:41:50.010+0800][gc          ] GC(0) Garbage Collection (Metadata GC Threshold) 184M(5%)->56M(1%)
[2024-01-04T11:41:50.828+0800][gc,start    ] GC(1) Garbage Collection (Metadata GC Threshold)
[2024-01-04T11:41:50.828+0800][gc,task     ] GC(1) Using 4 workers
[2024-01-04T11:41:50.829+0800][gc,phases   ] GC(1) Pause Mark Start 0.006ms
[2024-01-04T11:41:50.856+0800][gc,phases   ] GC(1) Concurrent Mark 27.048ms
[2024-01-04T11:41:50.856+0800][gc,phases   ] GC(1) Pause Mark End 0.032ms
[2024-01-04T11:41:50.856+0800][gc,phases   ] GC(1) Concurrent Mark Free 0.001ms
[2024-01-04T11:41:50.858+0800][gc,phases   ] GC(1) Concurrent Process Non-Strong References 2.082ms
[2024-01-04T11:41:50.858+0800][gc,phases   ] GC(1) Concurrent Reset Relocation Set 0.003ms
[2024-01-04T11:41:50.859+0800][gc,phases   ] GC(1) Concurrent Select Relocation Set 1.303ms
[2024-01-04T11:41:50.859+0800][gc,phases   ] GC(1) Pause Relocate Start 0.009ms
[2024-01-04T11:41:50.862+0800][gc,phases   ] GC(1) Concurrent Relocate 2.450ms
[2024-01-04T11:41:50.862+0800][gc,load     ] GC(1) Load: 0.00/0.00/0.00
[2024-01-04T11:41:50.862+0800][gc,mmu      ] GC(1) MMU: 2ms/98.4%, 5ms/99.2%, 10ms/99.6%, 20ms/99.8%, 50ms/99.9%, 100ms/100.0%
[2024-01-04T11:41:50.862+0800][gc,marking  ] GC(1) Mark: 4 stripe(s), 2 proactive flush(es), 2 terminate flush(es), 1 completion(s), 0 continuation(s) 
[2024-01-04T11:41:50.862+0800][gc,marking  ] GC(1) Mark Stack Usage: 32M
[2024-01-04T11:41:50.862+0800][gc,nmethod  ] GC(1) NMethods: 3086 registered, 0 unregistered
[2024-01-04T11:41:50.862+0800][gc,metaspace] GC(1) Metaspace: 35M used, 36M committed, 1088M reserved
[2024-01-04T11:41:50.862+0800][gc,ref      ] GC(1) Soft: 3981 encountered, 0 discovered, 0 enqueued
[2024-01-04T11:41:50.862+0800][gc,ref      ] GC(1) Weak: 1635 encountered, 403 discovered, 113 enqueued
[2024-01-04T11:41:50.862+0800][gc,ref      ] GC(1) Final: 141 encountered, 1 discovered, 0 enqueued
[2024-01-04T11:41:50.862+0800][gc,ref      ] GC(1) Phantom: 313 encountered, 266 discovered, 32 enqueued
[2024-01-04T11:41:50.862+0800][gc,reloc    ] GC(1) Small Pages: 53 / 106M, Empty: 0M, Relocated: 7M, In-Place: 0
[2024-01-04T11:41:50.862+0800][gc,reloc    ] GC(1) Medium Pages: 1 / 32M, Empty: 0M, Relocated: 0M, In-Place: 0
[2024-01-04T11:41:50.862+0800][gc,reloc    ] GC(1) Large Pages: 0 / 0M, Empty: 0M, Relocated: 0M, In-Place: 0
[2024-01-04T11:41:50.862+0800][gc,reloc    ] GC(1) Forwarding Usage: 2M
[2024-01-04T11:41:50.862+0800][gc,heap     ] GC(1) Min Capacity: 8M(0%)
[2024-01-04T11:41:50.862+0800][gc,heap     ] GC(1) Max Capacity: 3890M(100%)
[2024-01-04T11:41:50.862+0800][gc,heap     ] GC(1) Soft Max Capacity: 3890M(100%)
[2024-01-04T11:41:50.862+0800][gc,heap     ] GC(1)                Mark Start          Mark End        Relocate Start      Relocate End           High               Low         
[2024-01-04T11:41:50.862+0800][gc,heap     ] GC(1)  Capacity:      244M (6%)          244M (6%)          244M (6%)          244M (6%)          244M (6%)          244M (6%)     
[2024-01-04T11:41:50.862+0800][gc,heap     ] GC(1)      Free:     3752M (96%)        3730M (96%)        3728M (96%)        3808M (98%)        3808M (98%)        3720M (96%)    
[2024-01-04T11:41:50.862+0800][gc,heap     ] GC(1)      Used:      138M (4%)          160M (4%)          162M (4%)           82M (2%)          170M (4%)           82M (2%)     
[2024-01-04T11:41:50.862+0800][gc,heap     ] GC(1)      Live:         -                19M (0%)           19M (0%)           19M (0%)             -                  -          
[2024-01-04T11:41:50.862+0800][gc,heap     ] GC(1) Allocated:         -                22M (1%)           24M (1%)           24M (1%)             -                  -          
[2024-01-04T11:41:50.862+0800][gc,heap     ] GC(1)   Garbage:         -               118M (3%)          118M (3%)           38M (1%)             -                  -          
[2024-01-04T11:41:50.862+0800][gc,heap     ] GC(1) Reclaimed:         -                  -                 0M (0%)           80M (2%)             -                  -          
[2024-01-04T11:41:50.862+0800][gc          ] GC(1) Garbage Collection (Metadata GC Threshold) 138M(4%)->82M(2%)
[2024-01-04T11:41:58.499+0800][gc,stats    ] === Garbage Collection Statistics =======================================================================================================================
[2024-01-04T11:41:58.499+0800][gc,stats    ]                                                              Last 10s              Last 10m              Last 10h                Total
[2024-01-04T11:41:58.499+0800][gc,stats    ]                                                              Avg / Max             Avg / Max             Avg / Max             Avg / Max
[2024-01-04T11:41:58.499+0800][gc,stats    ]   Collector: Garbage Collection Cycle                     30.945 / 33.507       30.945 / 33.507       30.945 / 33.507       30.945 / 33.507      ms
[2024-01-04T11:41:58.499+0800][gc,stats    ]  Contention: Mark Segment Reset Contention                     0 / 1                 0 / 1                 0 / 1                 0 / 1           ops/s
[2024-01-04T11:41:58.499+0800][gc,stats    ]  Contention: Mark SeqNum Reset Contention                      0 / 2                 0 / 2                 0 / 2                 0 / 2           ops/s
[2024-01-04T11:41:58.499+0800][gc,stats    ]    Critical: Allocation Stall                                  0 / 0                 0 / 0                 0 / 0                 0 / 0           ops/s
[2024-01-04T11:41:58.499+0800][gc,stats    ]    Critical: Allocation Stall                              0.000 / 0.000         0.000 / 0.000         0.000 / 0.000         0.000 / 0.000       ms
[2024-01-04T11:41:58.499+0800][gc,stats    ]    Critical: GC Locker Stall                                   0 / 0                 0 / 0                 0 / 0                 0 / 0           ops/s
[2024-01-04T11:41:58.499+0800][gc,stats    ]    Critical: GC Locker Stall                               0.000 / 0.000         0.000 / 0.000         0.000 / 0.000         0.000 / 0.000       ms
[2024-01-04T11:41:58.499+0800][gc,stats    ]    Critical: Relocation Stall                                  0 / 0                 0 / 0                 0 / 0                 0 / 0           ops/s
[2024-01-04T11:41:58.499+0800][gc,stats    ]    Critical: Relocation Stall                              0.000 / 0.000         0.000 / 0.000         0.000 / 0.000         0.000 / 0.000       ms
[2024-01-04T11:41:58.499+0800][gc,stats    ]      Memory: Allocation Rate                                  35 / 130              35 / 130              35 / 130              35 / 130         MB/s
[2024-01-04T11:41:58.499+0800][gc,stats    ]      Memory: Defragment                                        0 / 0                 0 / 0                 0 / 0                 0 / 0           ops/s
[2024-01-04T11:41:58.499+0800][gc,stats    ]      Memory: Out Of Memory                                     0 / 0                 0 / 0                 0 / 0                 0 / 0           ops/s
[2024-01-04T11:41:58.499+0800][gc,stats    ]      Memory: Page Cache Flush                                  0 / 0                 0 / 0                 0 / 0                 0 / 0           MB/s
[2024-01-04T11:41:58.499+0800][gc,stats    ]      Memory: Page Cache Hit L1                                 9 / 42                9 / 42                9 / 42                9 / 42          ops/s
[2024-01-04T11:41:58.499+0800][gc,stats    ]      Memory: Page Cache Hit L2                                 0 / 0                 0 / 0                 0 / 0                 0 / 0           ops/s
[2024-01-04T11:41:58.499+0800][gc,stats    ]      Memory: Page Cache Hit L3                                 8 / 53                8 / 53                8 / 53                8 / 53          ops/s
[2024-01-04T11:41:58.499+0800][gc,stats    ]      Memory: Page Cache Miss                                   0 / 1                 0 / 1                 0 / 1                 0 / 1           ops/s
[2024-01-04T11:41:58.499+0800][gc,stats    ]      Memory: Uncommit                                          0 / 0                 0 / 0                 0 / 0                 0 / 0           MB/s
[2024-01-04T11:41:58.499+0800][gc,stats    ]      Memory: Undo Object Allocation Failed                     0 / 0                 0 / 0                 0 / 0                 0 / 0           ops/s
[2024-01-04T11:41:58.499+0800][gc,stats    ]      Memory: Undo Object Allocation Succeeded                  0 / 0                 0 / 0                 0 / 0                 0 / 0           ops/s
[2024-01-04T11:41:58.499+0800][gc,stats    ]      Memory: Undo Page Allocation                              0 / 0                 0 / 0                 0 / 0                 0 / 0           ops/s
[2024-01-04T11:41:58.499+0800][gc,stats    ]       Phase: Concurrent Mark                              22.364 / 27.048       22.364 / 27.048       22.364 / 27.048       22.364 / 27.048      ms
[2024-01-04T11:41:58.499+0800][gc,stats    ]       Phase: Concurrent Mark Continue                      0.000 / 0.000         0.000 / 0.000         0.000 / 0.000         0.000 / 0.000       ms
[2024-01-04T11:41:58.499+0800][gc,stats    ]       Phase: Concurrent Mark Free                          0.001 / 0.001         0.001 / 0.001         0.001 / 0.001         0.001 / 0.001       ms
[2024-01-04T11:41:58.499+0800][gc,stats    ]       Phase: Concurrent Process Non-Strong References      1.702 / 2.082         1.702 / 2.082         1.702 / 2.082         1.702 / 2.082       ms
[2024-01-04T11:41:58.499+0800][gc,stats    ]       Phase: Concurrent Relocate                           2.519 / 2.588         2.519 / 2.588         2.519 / 2.588         2.519 / 2.588       ms
[2024-01-04T11:41:58.499+0800][gc,stats    ]       Phase: Concurrent Reset Relocation Set               0.002 / 0.003         0.002 / 0.003         0.002 / 0.003         0.002 / 0.003       ms
[2024-01-04T11:41:58.499+0800][gc,stats    ]       Phase: Concurrent Select Relocation Set              3.732 / 6.161         3.732 / 6.161         3.732 / 6.161         3.732 / 6.161       ms
[2024-01-04T11:41:58.499+0800][gc,stats    ]       Phase: Pause Mark End                                0.023 / 0.032         0.023 / 0.032         0.023 / 0.032         0.023 / 0.032       ms
[2024-01-04T11:41:58.499+0800][gc,stats    ]       Phase: Pause Mark Start                              0.008 / 0.010         0.008 / 0.010         0.008 / 0.010         0.008 / 0.010       ms
[2024-01-04T11:41:58.499+0800][gc,stats    ]       Phase: Pause Relocate Start                          0.008 / 0.009         0.008 / 0.009         0.008 / 0.009         0.008 / 0.009       ms
[2024-01-04T11:41:58.499+0800][gc,stats    ]    Subphase: Concurrent Classes Purge                      0.037 / 0.043         0.037 / 0.043         0.037 / 0.043         0.037 / 0.043       ms
[2024-01-04T11:41:58.500+0800][gc,stats    ]    Subphase: Concurrent Classes Unlink                     1.108 / 1.272         1.108 / 1.272         1.108 / 1.272         1.108 / 1.272       ms
[2024-01-04T11:41:58.500+0800][gc,stats    ]    Subphase: Concurrent Mark                              18.283 / 25.742       18.283 / 25.742       18.283 / 25.742       18.283 / 25.742      ms
[2024-01-04T11:41:58.500+0800][gc,stats    ]    Subphase: Concurrent Mark Try Flush                     0.032 / 0.057         0.032 / 0.057         0.032 / 0.057         0.032 / 0.057       ms
[2024-01-04T11:41:58.500+0800][gc,stats    ]    Subphase: Concurrent Mark Try Terminate                 6.970 / 15.520        6.970 / 15.520        6.970 / 15.520        6.970 / 15.520      ms
[2024-01-04T11:41:58.500+0800][gc,stats    ]    Subphase: Concurrent References Enqueue                 0.003 / 0.003         0.003 / 0.003         0.003 / 0.003         0.003 / 0.003       ms
[2024-01-04T11:41:58.500+0800][gc,stats    ]    Subphase: Concurrent References Process                 0.068 / 0.073         0.068 / 0.073         0.068 / 0.073         0.068 / 0.073       ms
[2024-01-04T11:41:58.500+0800][gc,stats    ]    Subphase: Concurrent Roots ClassLoaderDataGraph         0.084 / 0.453         0.084 / 0.453         0.084 / 0.453         0.084 / 0.453       ms
[2024-01-04T11:41:58.500+0800][gc,stats    ]    Subphase: Concurrent Roots CodeCache                    0.000 / 0.000         0.000 / 0.000         0.000 / 0.000         0.000 / 0.000       ms
[2024-01-04T11:41:58.500+0800][gc,stats    ]    Subphase: Concurrent Roots JavaThreads                  0.660 / 1.209         0.660 / 1.209         0.660 / 1.209         0.660 / 1.209       ms
[2024-01-04T11:41:58.500+0800][gc,stats    ]    Subphase: Concurrent Roots OopStorageSet                0.026 / 0.036         0.026 / 0.036         0.026 / 0.036         0.026 / 0.036       ms
[2024-01-04T11:41:58.500+0800][gc,stats    ]    Subphase: Concurrent Weak Roots OopStorageSet           0.426 / 0.631         0.426 / 0.631         0.426 / 0.631         0.426 / 0.631       ms
[2024-01-04T11:41:58.500+0800][gc,stats    ]    Subphase: Pause Mark Try Complete                       0.002 / 0.004         0.002 / 0.004         0.002 / 0.004         0.002 / 0.004       ms
[2024-01-04T11:41:58.500+0800][gc,stats    ]      System: Java Threads                                     45 / 69               45 / 69               45 / 69               45 / 69          threads
[2024-01-04T11:41:58.500+0800][gc,stats    ] =========================================================================================================================================================
[2024-01-04T11:42:01.907+0800][gc,start    ] GC(2) Garbage Collection (Warmup)
[2024-01-04T11:42:01.907+0800][gc,task     ] GC(2) Using 4 workers
[2024-01-04T11:42:01.907+0800][gc,phases   ] GC(2) Pause Mark Start 0.012ms
[2024-01-04T11:42:02.059+0800][gc,phases   ] GC(2) Concurrent Mark 151.718ms
[2024-01-04T11:42:02.059+0800][gc,phases   ] GC(2) Pause Mark End 0.021ms
[2024-01-04T11:42:02.059+0800][gc,phases   ] GC(2) Concurrent Mark Free 0.001ms
[2024-01-04T11:42:02.075+0800][gc,phases   ] GC(2) Concurrent Process Non-Strong References 14.900ms
[2024-01-04T11:42:02.075+0800][gc,phases   ] GC(2) Concurrent Reset Relocation Set 0.005ms
[2024-01-04T11:42:02.085+0800][gc,phases   ] GC(2) Concurrent Select Relocation Set 10.174ms
[2024-01-04T11:42:02.085+0800][gc,phases   ] GC(2) Pause Relocate Start 0.013ms
[2024-01-04T11:42:02.126+0800][gc,phases   ] GC(2) Concurrent Relocate 41.114ms
[2024-01-04T11:42:02.126+0800][gc,load     ] GC(2) Load: 0.00/0.00/0.00
[2024-01-04T11:42:02.126+0800][gc,mmu      ] GC(2) MMU: 2ms/98.4%, 5ms/99.2%, 10ms/99.6%, 20ms/99.8%, 50ms/99.9%, 100ms/100.0%
[2024-01-04T11:42:02.126+0800][gc,marking  ] GC(2) Mark: 4 stripe(s), 2 proactive flush(es), 1 terminate flush(es), 0 completion(s), 0 continuation(s) 
[2024-01-04T11:42:02.126+0800][gc,marking  ] GC(2) Mark Stack Usage: 32M
[2024-01-04T11:42:02.126+0800][gc,nmethod  ] GC(2) NMethods: 5780 registered, 348 unregistered
[2024-01-04T11:42:02.126+0800][gc,metaspace] GC(2) Metaspace: 40M used, 41M committed, 1088M reserved
[2024-01-04T11:42:02.126+0800][gc,ref      ] GC(2) Soft: 4132 encountered, 0 discovered, 0 enqueued
[2024-01-04T11:42:02.126+0800][gc,ref      ] GC(2) Weak: 32003 encountered, 30179 discovered, 26451 enqueued
[2024-01-04T11:42:02.126+0800][gc,ref      ] GC(2) Final: 167 encountered, 32 discovered, 1 enqueued
[2024-01-04T11:42:02.126+0800][gc,ref      ] GC(2) Phantom: 436 encountered, 375 discovered, 139 enqueued
[2024-01-04T11:42:02.126+0800][gc,reloc    ] GC(2) Small Pages: 163 / 326M, Empty: 0M, Relocated: 83M, In-Place: 0
[2024-01-04T11:42:02.126+0800][gc,reloc    ] GC(2) Medium Pages: 2 / 64M, Empty: 0M, Relocated: 2M, In-Place: 0
[2024-01-04T11:42:02.126+0800][gc,reloc    ] GC(2) Large Pages: 0 / 0M, Empty: 0M, Relocated: 0M, In-Place: 0
[2024-01-04T11:42:02.126+0800][gc,reloc    ] GC(2) Forwarding Usage: 32M
[2024-01-04T11:42:02.126+0800][gc,heap     ] GC(2) Min Capacity: 8M(0%)
[2024-01-04T11:42:02.126+0800][gc,heap     ] GC(2) Max Capacity: 3890M(100%)
[2024-01-04T11:42:02.126+0800][gc,heap     ] GC(2) Soft Max Capacity: 3890M(100%)
[2024-01-04T11:42:02.126+0800][gc,heap     ] GC(2)                Mark Start          Mark End        Relocate Start      Relocate End           High               Low         
[2024-01-04T11:42:02.126+0800][gc,heap     ] GC(2)  Capacity:      390M (10%)         422M (11%)         422M (11%)         490M (13%)         490M (13%)         390M (10%)    
[2024-01-04T11:42:02.127+0800][gc,heap     ] GC(2)      Free:     3500M (90%)        3474M (89%)        3470M (89%)        3600M (93%)        3600M (93%)        3404M (88%)    
[2024-01-04T11:42:02.127+0800][gc,heap     ] GC(2)      Used:      390M (10%)         416M (11%)         420M (11%)         290M (7%)          486M (12%)         290M (7%)     
[2024-01-04T11:42:02.127+0800][gc,heap     ] GC(2)      Live:         -               170M (4%)          170M (4%)          170M (4%)             -                  -          
[2024-01-04T11:42:02.127+0800][gc,heap     ] GC(2) Allocated:         -                26M (1%)           30M (1%)           64M (2%)             -                  -          
[2024-01-04T11:42:02.127+0800][gc,heap     ] GC(2)   Garbage:         -               219M (6%)          219M (6%)           54M (1%)             -                  -          
[2024-01-04T11:42:02.127+0800][gc,heap     ] GC(2) Reclaimed:         -                  -                 0M (0%)          164M (4%)             -                  -          
[2024-01-04T11:42:02.127+0800][gc          ] GC(2) Garbage Collection (Warmup) 390M(10%)->290M(7%)
[2024-01-04T11:42:07.808+0800][gc,start    ] GC(3) Garbage Collection (Warmup)
[2024-01-04T11:42:07.809+0800][gc,task     ] GC(3) Using 4 workers
[2024-01-04T11:42:07.810+0800][gc,phases   ] GC(3) Pause Mark Start 0.064ms
[2024-01-04T11:42:08.121+0800][gc,phases   ] GC(3) Concurrent Mark 310.445ms
[2024-01-04T11:42:08.121+0800][gc,phases   ] GC(3) Pause Mark End 0.021ms
[2024-01-04T11:42:08.121+0800][gc,phases   ] GC(3) Concurrent Mark Free 0.001ms
[2024-01-04T11:42:08.128+0800][gc,phases   ] GC(3) Concurrent Process Non-Strong References 7.686ms
[2024-01-04T11:42:08.128+0800][gc,phases   ] GC(3) Concurrent Reset Relocation Set 0.011ms
[2024-01-04T11:42:08.148+0800][gc,phases   ] GC(3) Concurrent Select Relocation Set 19.186ms
[2024-01-04T11:42:08.148+0800][gc,phases   ] GC(3) Pause Relocate Start 0.015ms
[2024-01-04T11:42:08.205+0800][gc,phases   ] GC(3) Concurrent Relocate 56.995ms
[2024-01-04T11:42:08.205+0800][gc,load     ] GC(3) Load: 0.00/0.00/0.00
[2024-01-04T11:42:08.205+0800][gc,mmu      ] GC(3) MMU: 2ms/96.8%, 5ms/98.7%, 10ms/99.4%, 20ms/99.7%, 50ms/99.9%, 100ms/99.9%
[2024-01-04T11:42:08.205+0800][gc,marking  ] GC(3) Mark: 4 stripe(s), 2 proactive flush(es), 1 terminate flush(es), 0 completion(s), 0 continuation(s) 
[2024-01-04T11:42:08.205+0800][gc,marking  ] GC(3) Mark Stack Usage: 32M
[2024-01-04T11:42:08.205+0800][gc,nmethod  ] GC(3) NMethods: 5749 registered, 640 unregistered
[2024-01-04T11:42:08.205+0800][gc,metaspace] GC(3) Metaspace: 40M used, 41M committed, 1088M reserved
[2024-01-04T11:42:08.205+0800][gc,ref      ] GC(3) Soft: 4130 encountered, 0 discovered, 0 enqueued
[2024-01-04T11:42:08.205+0800][gc,ref      ] GC(3) Weak: 40864 encountered, 39376 discovered, 35542 enqueued
[2024-01-04T11:42:08.205+0800][gc,ref      ] GC(3) Final: 167 encountered, 73 discovered, 3 enqueued
[2024-01-04T11:42:08.205+0800][gc,ref      ] GC(3) Phantom: 296 encountered, 238 discovered, 0 enqueued
[2024-01-04T11:42:08.205+0800][gc,reloc    ] GC(3) Small Pages: 357 / 714M, Empty: 102M, Relocated: 134M, In-Place: 0
[2024-01-04T11:42:08.205+0800][gc,reloc    ] GC(3) Medium Pages: 2 / 64M, Empty: 0M, Relocated: 2M, In-Place: 0
[2024-01-04T11:42:08.205+0800][gc,reloc    ] GC(3) Large Pages: 0 / 0M, Empty: 0M, Relocated: 0M, In-Place: 0
[2024-01-04T11:42:08.205+0800][gc,reloc    ] GC(3) Forwarding Usage: 47M
[2024-01-04T11:42:08.205+0800][gc,heap     ] GC(3) Min Capacity: 8M(0%)
[2024-01-04T11:42:08.205+0800][gc,heap     ] GC(3) Max Capacity: 3890M(100%)
[2024-01-04T11:42:08.205+0800][gc,heap     ] GC(3) Soft Max Capacity: 3890M(100%)
[2024-01-04T11:42:08.205+0800][gc,heap     ] GC(3)                Mark Start          Mark End        Relocate Start      Relocate End           High               Low         
[2024-01-04T11:42:08.205+0800][gc,heap     ] GC(3)  Capacity:      778M (20%)         814M (21%)         814M (21%)         878M (23%)         878M (23%)         778M (20%)    
[2024-01-04T11:42:08.205+0800][gc,heap     ] GC(3)      Free:     3112M (80%)        3076M (79%)        3178M (82%)        3594M (92%)        3594M (92%)        3076M (79%)    
[2024-01-04T11:42:08.205+0800][gc,heap     ] GC(3)      Used:      778M (20%)         814M (21%)         712M (18%)         296M (8%)          814M (21%)         296M (8%)     
[2024-01-04T11:42:08.205+0800][gc,heap     ] GC(3)      Live:         -               178M (5%)          178M (5%)          178M (5%)             -                  -          
[2024-01-04T11:42:08.205+0800][gc,heap     ] GC(3) Allocated:         -                36M (1%)           36M (1%)           74M (2%)             -                  -          
[2024-01-04T11:42:08.205+0800][gc,heap     ] GC(3)   Garbage:         -               599M (15%)         497M (13%)          42M (1%)             -                  -          
[2024-01-04T11:42:08.205+0800][gc,heap     ] GC(3) Reclaimed:         -                  -               102M (3%)          556M (14%)            -                  -          
[2024-01-04T11:42:08.205+0800][gc          ] GC(3) Garbage Collection (Warmup) 778M(20%)->296M(8%)
[2024-01-04T11:42:08.503+0800][gc,stats    ] === Garbage Collection Statistics =======================================================================================================================
[2024-01-04T11:42:08.503+0800][gc,stats    ]                                                              Last 10s              Last 10m              Last 10h                Total
[2024-01-04T11:42:08.503+0800][gc,stats    ]                                                              Avg / Max             Avg / Max             Avg / Max             Avg / Max
[2024-01-04T11:42:08.503+0800][gc,stats    ]   Collector: Garbage Collection Cycle                    307.909 / 396.896     169.427 / 396.896     169.427 / 396.896     169.427 / 396.896     ms
[2024-01-04T11:42:08.503+0800][gc,stats    ]  Contention: Mark Segment Reset Contention                     0 / 1                 0 / 1                 0 / 1                 0 / 1           ops/s
[2024-01-04T11:42:08.503+0800][gc,stats    ]  Contention: Mark SeqNum Reset Contention                      0 / 1                 0 / 2                 0 / 2                 0 / 2           ops/s
[2024-01-04T11:42:08.503+0800][gc,stats    ]    Critical: Allocation Stall                                  0 / 0                 0 / 0                 0 / 0                 0 / 0           ops/s
[2024-01-04T11:42:08.503+0800][gc,stats    ]    Critical: Allocation Stall                              0.000 / 0.000         0.000 / 0.000         0.000 / 0.000         0.000 / 0.000       ms
[2024-01-04T11:42:08.503+0800][gc,stats    ]    Critical: GC Locker Stall                                   0 / 0                 0 / 0                 0 / 0                 0 / 0           ops/s
[2024-01-04T11:42:08.503+0800][gc,stats    ]    Critical: GC Locker Stall                               0.000 / 0.000         0.000 / 0.000         0.000 / 0.000         0.000 / 0.000       ms
[2024-01-04T11:42:08.503+0800][gc,stats    ]    Critical: Relocation Stall                                  0 / 0                 0 / 0                 0 / 0                 0 / 0           ops/s
[2024-01-04T11:42:08.503+0800][gc,stats    ]    Critical: Relocation Stall                              0.000 / 0.000         0.000 / 0.000         0.000 / 0.000         0.000 / 0.000       ms
[2024-01-04T11:42:08.503+0800][gc,stats    ]      Memory: Allocation Rate                                  90 / 130              62 / 130              62 / 130              62 / 130         MB/s
[2024-01-04T11:42:08.503+0800][gc,stats    ]      Memory: Defragment                                        0 / 0                 0 / 0                 0 / 0                 0 / 0           ops/s
[2024-01-04T11:42:08.503+0800][gc,stats    ]      Memory: Out Of Memory                                     0 / 0                 0 / 0                 0 / 0                 0 / 0           ops/s
[2024-01-04T11:42:08.503+0800][gc,stats    ]      Memory: Page Cache Flush                                  0 / 0                 0 / 0                 0 / 0                 0 / 0           MB/s
[2024-01-04T11:42:08.503+0800][gc,stats    ]      Memory: Page Cache Hit L1                                22 / 83               16 / 83               16 / 83               16 / 83          ops/s
[2024-01-04T11:42:08.503+0800][gc,stats    ]      Memory: Page Cache Hit L2                                 0 / 0                 0 / 0                 0 / 0                 0 / 0           ops/s
[2024-01-04T11:42:08.503+0800][gc,stats    ]      Memory: Page Cache Hit L3                                 4 / 19                6 / 53                6 / 53                6 / 53          ops/s
[2024-01-04T11:42:08.503+0800][gc,stats    ]      Memory: Page Cache Miss                                  25 / 65               12 / 65               12 / 65               12 / 65          ops/s
[2024-01-04T11:42:08.503+0800][gc,stats    ]      Memory: Uncommit                                          0 / 0                 0 / 0                 0 / 0                 0 / 0           MB/s
[2024-01-04T11:42:08.503+0800][gc,stats    ]      Memory: Undo Object Allocation Failed                     0 / 0                 0 / 0                 0 / 0                 0 / 0           ops/s
[2024-01-04T11:42:08.503+0800][gc,stats    ]      Memory: Undo Object Allocation Succeeded                  1 / 11                0 / 11                0 / 11                0 / 11          ops/s
[2024-01-04T11:42:08.503+0800][gc,stats    ]      Memory: Undo Page Allocation                              0 / 4                 0 / 4                 0 / 4                 0 / 4           ops/s
[2024-01-04T11:42:08.503+0800][gc,stats    ]       Phase: Concurrent Mark                             231.081 / 310.445     126.722 / 310.445     126.722 / 310.445     126.722 / 310.445     ms
[2024-01-04T11:42:08.503+0800][gc,stats    ]       Phase: Concurrent Mark Continue                      0.000 / 0.000         0.000 / 0.000         0.000 / 0.000         0.000 / 0.000       ms
[2024-01-04T11:42:08.503+0800][gc,stats    ]       Phase: Concurrent Mark Free                          0.001 / 0.001         0.001 / 0.001         0.001 / 0.001         0.001 / 0.001       ms
[2024-01-04T11:42:08.503+0800][gc,stats    ]       Phase: Concurrent Process Non-Strong References     11.293 / 14.900        6.498 / 14.900        6.498 / 14.900        6.498 / 14.900      ms
[2024-01-04T11:42:08.503+0800][gc,stats    ]       Phase: Concurrent Relocate                          49.055 / 56.995       25.787 / 56.995       25.787 / 56.995       25.787 / 56.995      ms
[2024-01-04T11:42:08.503+0800][gc,stats    ]       Phase: Concurrent Reset Relocation Set               0.008 / 0.011         0.005 / 0.011         0.005 / 0.011         0.005 / 0.011       ms
[2024-01-04T11:42:08.503+0800][gc,stats    ]       Phase: Concurrent Select Relocation Set             14.680 / 19.186        9.206 / 19.186        9.206 / 19.186        9.206 / 19.186      ms
[2024-01-04T11:42:08.503+0800][gc,stats    ]       Phase: Pause Mark End                                0.021 / 0.021         0.022 / 0.032         0.022 / 0.032         0.022 / 0.032       ms
[2024-01-04T11:42:08.503+0800][gc,stats    ]       Phase: Pause Mark Start                              0.038 / 0.064         0.023 / 0.064         0.023 / 0.064         0.023 / 0.064       ms
[2024-01-04T11:42:08.503+0800][gc,stats    ]       Phase: Pause Relocate Start                          0.014 / 0.015         0.011 / 0.015         0.011 / 0.015         0.011 / 0.015       ms
[2024-01-04T11:42:08.503+0800][gc,stats    ]    Subphase: Concurrent Classes Purge                      0.257 / 0.351         0.147 / 0.351         0.147 / 0.351         0.147 / 0.351       ms
[2024-01-04T11:42:08.503+0800][gc,stats    ]    Subphase: Concurrent Classes Unlink                     8.013 / 11.912        4.560 / 11.912        4.560 / 11.912        4.560 / 11.912      ms
[2024-01-04T11:42:08.503+0800][gc,stats    ]    Subphase: Concurrent Mark                             222.188 / 295.705     120.235 / 295.705     120.235 / 295.705     120.235 / 295.705     ms
[2024-01-04T11:42:08.503+0800][gc,stats    ]    Subphase: Concurrent Mark Try Flush                     0.069 / 0.125         0.049 / 0.125         0.049 / 0.125         0.049 / 0.125       ms
[2024-01-04T11:42:08.503+0800][gc,stats    ]    Subphase: Concurrent Mark Try Terminate                 0.948 / 1.683         3.708 / 15.520        3.708 / 15.520        3.708 / 15.520      ms
[2024-01-04T11:42:08.503+0800][gc,stats    ]    Subphase: Concurrent References Enqueue                 0.004 / 0.005         0.003 / 0.005         0.003 / 0.005         0.003 / 0.005       ms
[2024-01-04T11:42:08.503+0800][gc,stats    ]    Subphase: Concurrent References Process                 2.384 / 2.765         1.226 / 2.765         1.226 / 2.765         1.226 / 2.765       ms
[2024-01-04T11:42:08.503+0800][gc,stats    ]    Subphase: Concurrent Roots ClassLoaderDataGraph         0.343 / 2.096         0.214 / 2.096         0.214 / 2.096         0.214 / 2.096       ms
[2024-01-04T11:42:08.503+0800][gc,stats    ]    Subphase: Concurrent Roots CodeCache                    0.000 / 0.000         0.000 / 0.000         0.000 / 0.000         0.000 / 0.000       ms
[2024-01-04T11:42:08.503+0800][gc,stats    ]    Subphase: Concurrent Roots JavaThreads                  7.723 / 14.095        4.191 / 14.095        4.191 / 14.095        4.191 / 14.095      ms
[2024-01-04T11:42:08.503+0800][gc,stats    ]    Subphase: Concurrent Roots OopStorageSet                0.091 / 0.159         0.059 / 0.159         0.059 / 0.159         0.059 / 0.159       ms
[2024-01-04T11:42:08.503+0800][gc,stats    ]    Subphase: Concurrent Weak Roots OopStorageSet           0.514 / 0.520         0.470 / 0.631         0.470 / 0.631         0.470 / 0.631       ms
[2024-01-04T11:42:08.503+0800][gc,stats    ]    Subphase: Pause Mark Try Complete                       0.000 / 0.000         0.002 / 0.004         0.002 / 0.004         0.002 / 0.004       ms
[2024-01-04T11:42:08.503+0800][gc,stats    ]      System: Java Threads                                     74 / 79               59 / 79               59 / 79               59 / 79          threads
[2024-01-04T11:42:08.503+0800][gc,stats    ] =========================================================================================================================================================
[2024-01-04T11:42:16.996+0800][gc,start    ] GC(4) Garbage Collection (Warmup)
[2024-01-04T11:42:16.996+0800][gc,task     ] GC(4) Using 4 workers
[2024-01-04T11:42:16.997+0800][gc,phases   ] GC(4) Pause Mark Start 0.013ms
[2024-01-04T11:42:17.199+0800][gc,phases   ] GC(4) Concurrent Mark 202.456ms
[2024-01-04T11:42:17.199+0800][gc,phases   ] GC(4) Pause Mark End 0.025ms
[2024-01-04T11:42:17.199+0800][gc,phases   ] GC(4) Concurrent Mark Free 0.001ms
[2024-01-04T11:42:17.209+0800][gc,phases   ] GC(4) Concurrent Process Non-Strong References 9.958ms
[2024-01-04T11:42:17.209+0800][gc,phases   ] GC(4) Concurrent Reset Relocation Set 0.039ms
[2024-01-04T11:42:17.217+0800][gc,phases   ] GC(4) Concurrent Select Relocation Set 8.123ms
[2024-01-04T11:42:17.217+0800][gc,phases   ] GC(4) Pause Relocate Start 0.020ms
[2024-01-04T11:42:17.265+0800][gc,phases   ] GC(4) Concurrent Relocate 47.829ms
[2024-01-04T11:42:17.265+0800][gc,load     ] GC(4) Load: 0.00/0.00/0.00
[2024-01-04T11:42:17.265+0800][gc,mmu      ] GC(4) MMU: 2ms/96.8%, 5ms/98.7%, 10ms/99.4%, 20ms/99.7%, 50ms/99.9%, 100ms/99.9%
[2024-01-04T11:42:17.265+0800][gc,marking  ] GC(4) Mark: 4 stripe(s), 2 proactive flush(es), 1 terminate flush(es), 0 completion(s), 0 continuation(s) 
[2024-01-04T11:42:17.265+0800][gc,marking  ] GC(4) Mark Stack Usage: 32M
[2024-01-04T11:42:17.265+0800][gc,nmethod  ] GC(4) NMethods: 5893 registered, 647 unregistered
[2024-01-04T11:42:17.265+0800][gc,metaspace] GC(4) Metaspace: 40M used, 41M committed, 1088M reserved
[2024-01-04T11:42:17.265+0800][gc,ref      ] GC(4) Soft: 4130 encountered, 0 discovered, 0 enqueued
[2024-01-04T11:42:17.265+0800][gc,ref      ] GC(4) Weak: 67320 encountered, 65356 discovered, 65040 enqueued
[2024-01-04T11:42:17.265+0800][gc,ref      ] GC(4) Final: 166 encountered, 127 discovered, 9 enqueued
[2024-01-04T11:42:17.265+0800][gc,ref      ] GC(4) Phantom: 296 encountered, 278 discovered, 0 enqueued
[2024-01-04T11:42:17.265+0800][gc,reloc    ] GC(4) Small Pages: 555 / 1110M, Empty: 180M, Relocated: 124M, In-Place: 0
[2024-01-04T11:42:17.265+0800][gc,reloc    ] GC(4) Medium Pages: 2 / 64M, Empty: 0M, Relocated: 3M, In-Place: 0
[2024-01-04T11:42:17.265+0800][gc,reloc    ] GC(4) Large Pages: 0 / 0M, Empty: 0M, Relocated: 0M, In-Place: 0
[2024-01-04T11:42:17.265+0800][gc,reloc    ] GC(4) Forwarding Usage: 36M
[2024-01-04T11:42:17.265+0800][gc,heap     ] GC(4) Min Capacity: 8M(0%)
[2024-01-04T11:42:17.265+0800][gc,heap     ] GC(4) Max Capacity: 3890M(100%)
[2024-01-04T11:42:17.265+0800][gc,heap     ] GC(4) Soft Max Capacity: 3890M(100%)
[2024-01-04T11:42:17.265+0800][gc,heap     ] GC(4)                Mark Start          Mark End        Relocate Start      Relocate End           High               Low         
[2024-01-04T11:42:17.265+0800][gc,heap     ] GC(4)  Capacity:     1174M (30%)        1210M (31%)        1210M (31%)        1562M (40%)        1562M (40%)        1174M (30%)    
[2024-01-04T11:42:17.265+0800][gc,heap     ] GC(4)      Free:     2716M (70%)        2680M (69%)        2860M (74%)        3590M (92%)        3590M (92%)        2552M (66%)    
[2024-01-04T11:42:17.265+0800][gc,heap     ] GC(4)      Used:     1174M (30%)        1210M (31%)        1030M (26%)         300M (8%)         1338M (34%)         300M (8%)     
[2024-01-04T11:42:17.265+0800][gc,heap     ] GC(4)      Live:         -               186M (5%)          186M (5%)          186M (5%)             -                  -          
[2024-01-04T11:42:17.265+0800][gc,heap     ] GC(4) Allocated:         -                36M (1%)           36M (1%)           68M (2%)             -                  -          
[2024-01-04T11:42:17.265+0800][gc,heap     ] GC(4)   Garbage:         -               987M (25%)         807M (21%)          45M (1%)             -                  -          
[2024-01-04T11:42:17.265+0800][gc,heap     ] GC(4) Reclaimed:         -                  -               180M (5%)          942M (24%)            -                  -          
[2024-01-04T11:42:17.265+0800][gc          ] GC(4) Garbage Collection (Warmup) 1174M(30%)->300M(8%)
[2024-01-04T11:42:18.496+0800][gc,stats    ] === Garbage Collection Statistics =======================================================================================================================
[2024-01-04T11:42:18.496+0800][gc,stats    ]                                                              Last 10s              Last 10m              Last 10h                Total
[2024-01-04T11:42:18.496+0800][gc,stats    ]                                                              Avg / Max             Avg / Max             Avg / Max             Avg / Max
[2024-01-04T11:42:18.496+0800][gc,stats    ]   Collector: Garbage Collection Cycle                    269.278 / 269.278     189.397 / 396.896     189.397 / 396.896     189.397 / 396.896     ms
[2024-01-04T11:42:18.496+0800][gc,stats    ]  Contention: Mark Segment Reset Contention                     0 / 2                 0 / 2                 0 / 2                 0 / 2           ops/s
[2024-01-04T11:42:18.496+0800][gc,stats    ]  Contention: Mark SeqNum Reset Contention                      0 / 1                 0 / 2                 0 / 2                 0 / 2           ops/s
[2024-01-04T11:42:18.496+0800][gc,stats    ]    Critical: Allocation Stall                                  0 / 0                 0 / 0                 0 / 0                 0 / 0           ops/s
[2024-01-04T11:42:18.496+0800][gc,stats    ]    Critical: Allocation Stall                              0.000 / 0.000         0.000 / 0.000         0.000 / 0.000         0.000 / 0.000       ms
[2024-01-04T11:42:18.496+0800][gc,stats    ]    Critical: GC Locker Stall                                   0 / 0                 0 / 0                 0 / 0                 0 / 0           ops/s
[2024-01-04T11:42:18.496+0800][gc,stats    ]    Critical: GC Locker Stall                               0.000 / 0.000         0.000 / 0.000         0.000 / 0.000         0.000 / 0.000       ms
[2024-01-04T11:42:18.496+0800][gc,stats    ]    Critical: Relocation Stall                                  0 / 0                 0 / 0                 0 / 0                 0 / 0           ops/s
[2024-01-04T11:42:18.496+0800][gc,stats    ]    Critical: Relocation Stall                              0.000 / 0.000         0.000 / 0.000         0.000 / 0.000         0.000 / 0.000       ms
[2024-01-04T11:42:18.496+0800][gc,stats    ]      Memory: Allocation Rate                                 128 / 428              84 / 428              84 / 428              84 / 428         MB/s
[2024-01-04T11:42:18.496+0800][gc,stats    ]      Memory: Defragment                                        3 / 29                1 / 29                1 / 29                1 / 29          ops/s
[2024-01-04T11:42:18.496+0800][gc,stats    ]      Memory: Out Of Memory                                     0 / 0                 0 / 0                 0 / 0                 0 / 0           ops/s
[2024-01-04T11:42:18.496+0800][gc,stats    ]      Memory: Page Cache Flush                                  6 / 58                2 / 58                2 / 58                2 / 58          MB/s
[2024-01-04T11:42:18.496+0800][gc,stats    ]      Memory: Page Cache Hit L1                                34 / 72               22 / 83               22 / 83               22 / 83          ops/s
[2024-01-04T11:42:18.496+0800][gc,stats    ]      Memory: Page Cache Hit L2                                 0 / 0                 0 / 0                 0 / 0                 0 / 0           ops/s
[2024-01-04T11:42:18.496+0800][gc,stats    ]      Memory: Page Cache Hit L3                                 3 / 27                5 / 53                5 / 53                5 / 53          ops/s
[2024-01-04T11:42:18.496+0800][gc,stats    ]      Memory: Page Cache Miss                                  17 / 55               14 / 65               14 / 65               14 / 65          ops/s
[2024-01-04T11:42:18.496+0800][gc,stats    ]      Memory: Uncommit                                          0 / 0                 0 / 0                 0 / 0                 0 / 0           MB/s
[2024-01-04T11:42:18.496+0800][gc,stats    ]      Memory: Undo Object Allocation Failed                     0 / 3                 0 / 3                 0 / 3                 0 / 3           ops/s
[2024-01-04T11:42:18.496+0800][gc,stats    ]      Memory: Undo Object Allocation Succeeded                 14 / 140               5 / 140               5 / 140               5 / 140         ops/s
[2024-01-04T11:42:18.496+0800][gc,stats    ]      Memory: Undo Page Allocation                              0 / 9                 0 / 9                 0 / 9                 0 / 9           ops/s
[2024-01-04T11:42:18.496+0800][gc,stats    ]       Phase: Concurrent Mark                             202.456 / 202.456     141.869 / 310.445     141.869 / 310.445     141.869 / 310.445     ms
[2024-01-04T11:42:18.496+0800][gc,stats    ]       Phase: Concurrent Mark Continue                      0.000 / 0.000         0.000 / 0.000         0.000 / 0.000         0.000 / 0.000       ms
[2024-01-04T11:42:18.496+0800][gc,stats    ]       Phase: Concurrent Mark Free                          0.001 / 0.001         0.001 / 0.001         0.001 / 0.001         0.001 / 0.001       ms
[2024-01-04T11:42:18.496+0800][gc,stats    ]       Phase: Concurrent Process Non-Strong References      9.958 / 9.958         7.190 / 14.900        7.190 / 14.900        7.190 / 14.900      ms
[2024-01-04T11:42:18.496+0800][gc,stats    ]       Phase: Concurrent Relocate                          47.829 / 47.829       30.195 / 56.995       30.195 / 56.995       30.195 / 56.995      ms
[2024-01-04T11:42:18.496+0800][gc,stats    ]       Phase: Concurrent Reset Relocation Set               0.039 / 0.039         0.012 / 0.039         0.012 / 0.039         0.012 / 0.039       ms
[2024-01-04T11:42:18.496+0800][gc,stats    ]       Phase: Concurrent Select Relocation Set              8.123 / 8.123         8.989 / 19.186        8.989 / 19.186        8.989 / 19.186      ms
[2024-01-04T11:42:18.496+0800][gc,stats    ]       Phase: Pause Mark End                                0.025 / 0.025         0.022 / 0.032         0.022 / 0.032         0.022 / 0.032       ms
[2024-01-04T11:42:18.496+0800][gc,stats    ]       Phase: Pause Mark Start                              0.013 / 0.013         0.021 / 0.064         0.021 / 0.064         0.021 / 0.064       ms
[2024-01-04T11:42:18.496+0800][gc,stats    ]       Phase: Pause Relocate Start                          0.020 / 0.020         0.013 / 0.020         0.013 / 0.020         0.013 / 0.020       ms
[2024-01-04T11:42:18.496+0800][gc,stats    ]    Subphase: Concurrent Classes Purge                      0.186 / 0.186         0.155 / 0.351         0.155 / 0.351         0.155 / 0.351       ms
[2024-01-04T11:42:18.496+0800][gc,stats    ]    Subphase: Concurrent Classes Unlink                     3.788 / 3.788         4.406 / 11.912        4.406 / 11.912        4.406 / 11.912      ms
[2024-01-04T11:42:18.496+0800][gc,stats    ]    Subphase: Concurrent Mark                             200.602 / 200.915     136.309 / 295.705     136.309 / 295.705     136.309 / 295.705     ms
[2024-01-04T11:42:18.496+0800][gc,stats    ]    Subphase: Concurrent Mark Try Flush                     0.054 / 0.091         0.050 / 0.125         0.050 / 0.125         0.050 / 0.125       ms
[2024-01-04T11:42:18.496+0800][gc,stats    ]    Subphase: Concurrent Mark Try Terminate                 1.175 / 1.726         3.075 / 15.520        3.075 / 15.520        3.075 / 15.520      ms
[2024-01-04T11:42:18.496+0800][gc,stats    ]    Subphase: Concurrent References Enqueue                 0.005 / 0.005         0.004 / 0.005         0.004 / 0.005         0.004 / 0.005       ms
[2024-01-04T11:42:18.496+0800][gc,stats    ]    Subphase: Concurrent References Process                 5.276 / 5.276         2.036 / 5.276         2.036 / 5.276         2.036 / 5.276       ms
[2024-01-04T11:42:18.496+0800][gc,stats    ]    Subphase: Concurrent Roots ClassLoaderDataGraph         0.075 / 0.283         0.186 / 2.096         0.186 / 2.096         0.186 / 2.096       ms
[2024-01-04T11:42:18.496+0800][gc,stats    ]    Subphase: Concurrent Roots CodeCache                    0.000 / 0.000         0.000 / 0.000         0.000 / 0.000         0.000 / 0.000       ms
[2024-01-04T11:42:18.496+0800][gc,stats    ]    Subphase: Concurrent Roots JavaThreads                  1.309 / 1.411         3.615 / 14.095        3.615 / 14.095        3.615 / 14.095      ms
[2024-01-04T11:42:18.496+0800][gc,stats    ]    Subphase: Concurrent Roots OopStorageSet                0.027 / 0.029         0.052 / 0.159         0.052 / 0.159         0.052 / 0.159       ms
[2024-01-04T11:42:18.496+0800][gc,stats    ]    Subphase: Concurrent Weak Roots OopStorageSet           0.515 / 0.524         0.479 / 0.631         0.479 / 0.631         0.479 / 0.631       ms
[2024-01-04T11:42:18.496+0800][gc,stats    ]    Subphase: Pause Mark Try Complete                       0.000 / 0.000         0.002 / 0.004         0.002 / 0.004         0.002 / 0.004       ms
[2024-01-04T11:42:18.496+0800][gc,stats    ]      System: Java Threads                                     68 / 68               61 / 79               61 / 79               61 / 79          threads
[2024-01-04T11:42:18.496+0800][gc,stats    ] =========================================================================================================================================================
[2024-01-04T11:42:28.497+0800][gc,stats    ] === Garbage Collection Statistics =======================================================================================================================
[2024-01-04T11:42:28.497+0800][gc,stats    ]                                                              Last 10s              Last 10m              Last 10h                Total
[2024-01-04T11:42:28.497+0800][gc,stats    ]                                                              Avg / Max             Avg / Max             Avg / Max             Avg / Max
[2024-01-04T11:42:28.497+0800][gc,stats    ]   Collector: Garbage Collection Cycle                      0.000 / 0.000       189.397 / 396.896     189.397 / 396.896     189.397 / 396.896     ms
[2024-01-04T11:42:28.497+0800][gc,stats    ]  Contention: Mark Segment Reset Contention                     0 / 0                 0 / 2                 0 / 2                 0 / 2           ops/s
[2024-01-04T11:42:28.497+0800][gc,stats    ]  Contention: Mark SeqNum Reset Contention                      0 / 0                 0 / 2                 0 / 2                 0 / 2           ops/s
[2024-01-04T11:42:28.497+0800][gc,stats    ]    Critical: Allocation Stall                                  0 / 0                 0 / 0                 0 / 0                 0 / 0           ops/s
[2024-01-04T11:42:28.497+0800][gc,stats    ]    Critical: Allocation Stall                              0.000 / 0.000         0.000 / 0.000         0.000 / 0.000         0.000 / 0.000       ms
[2024-01-04T11:42:28.497+0800][gc,stats    ]    Critical: GC Locker Stall                                   0 / 0                 0 / 0                 0 / 0                 0 / 0           ops/s
[2024-01-04T11:42:28.497+0800][gc,stats    ]    Critical: GC Locker Stall                               0.000 / 0.000         0.000 / 0.000         0.000 / 0.000         0.000 / 0.000       ms
[2024-01-04T11:42:28.497+0800][gc,stats    ]    Critical: Relocation Stall                                  0 / 0                 0 / 0                 0 / 0                 0 / 0           ops/s
[2024-01-04T11:42:28.497+0800][gc,stats    ]    Critical: Relocation Stall                              0.000 / 0.000         0.000 / 0.000         0.000 / 0.000         0.000 / 0.000       ms
[2024-01-04T11:42:28.497+0800][gc,stats    ]      Memory: Allocation Rate                                  17 / 90               67 / 428              67 / 428              67 / 428         MB/s
[2024-01-04T11:42:28.497+0800][gc,stats    ]      Memory: Defragment                                        0 / 0                 0 / 29                0 / 29                0 / 29          ops/s
[2024-01-04T11:42:28.497+0800][gc,stats    ]      Memory: Out Of Memory                                     0 / 0                 0 / 0                 0 / 0                 0 / 0           ops/s
[2024-01-04T11:42:28.497+0800][gc,stats    ]      Memory: Page Cache Flush                                  0 / 0                 1 / 58                1 / 58                1 / 58          MB/s
[2024-01-04T11:42:28.497+0800][gc,stats    ]      Memory: Page Cache Hit L1                                 8 / 45               18 / 83               18 / 83               18 / 83          ops/s
[2024-01-04T11:42:28.497+0800][gc,stats    ]      Memory: Page Cache Hit L2                                 0 / 0                 0 / 0                 0 / 0                 0 / 0           ops/s
[2024-01-04T11:42:28.497+0800][gc,stats    ]      Memory: Page Cache Hit L3                                 0 / 0                 3 / 53                3 / 53                3 / 53          ops/s
[2024-01-04T11:42:28.497+0800][gc,stats    ]      Memory: Page Cache Miss                                   0 / 0                10 / 65               10 / 65               10 / 65          ops/s
[2024-01-04T11:42:28.497+0800][gc,stats    ]      Memory: Uncommit                                          0 / 0                 0 / 0                 0 / 0                 0 / 0           MB/s
[2024-01-04T11:42:28.497+0800][gc,stats    ]      Memory: Undo Object Allocation Failed                     0 / 0                 0 / 3                 0 / 3                 0 / 3           ops/s
[2024-01-04T11:42:28.497+0800][gc,stats    ]      Memory: Undo Object Allocation Succeeded                  0 / 0                 3 / 140               3 / 140               3 / 140         ops/s
[2024-01-04T11:42:28.497+0800][gc,stats    ]      Memory: Undo Page Allocation                              0 / 0                 0 / 9                 0 / 9                 0 / 9           ops/s
[2024-01-04T11:42:28.497+0800][gc,stats    ]       Phase: Concurrent Mark                               0.000 / 0.000       141.869 / 310.445     141.869 / 310.445     141.869 / 310.445     ms
[2024-01-04T11:42:28.497+0800][gc,stats    ]       Phase: Concurrent Mark Continue                      0.000 / 0.000         0.000 / 0.000         0.000 / 0.000         0.000 / 0.000       ms
[2024-01-04T11:42:28.497+0800][gc,stats    ]       Phase: Concurrent Mark Free                          0.000 / 0.000         0.001 / 0.001         0.001 / 0.001         0.001 / 0.001       ms
[2024-01-04T11:42:28.497+0800][gc,stats    ]       Phase: Concurrent Process Non-Strong References      0.000 / 0.000         7.190 / 14.900        7.190 / 14.900        7.190 / 14.900      ms
[2024-01-04T11:42:28.497+0800][gc,stats    ]       Phase: Concurrent Relocate                           0.000 / 0.000        30.195 / 56.995       30.195 / 56.995       30.195 / 56.995      ms
[2024-01-04T11:42:28.497+0800][gc,stats    ]       Phase: Concurrent Reset Relocation Set               0.000 / 0.000         0.012 / 0.039         0.012 / 0.039         0.012 / 0.039       ms
[2024-01-04T11:42:28.497+0800][gc,stats    ]       Phase: Concurrent Select Relocation Set              0.000 / 0.000         8.989 / 19.186        8.989 / 19.186        8.989 / 19.186      ms
[2024-01-04T11:42:28.497+0800][gc,stats    ]       Phase: Pause Mark End                                0.000 / 0.000         0.022 / 0.032         0.022 / 0.032         0.022 / 0.032       ms
[2024-01-04T11:42:28.497+0800][gc,stats    ]       Phase: Pause Mark Start                              0.000 / 0.000         0.021 / 0.064         0.021 / 0.064         0.021 / 0.064       ms
[2024-01-04T11:42:28.497+0800][gc,stats    ]       Phase: Pause Relocate Start                          0.000 / 0.000         0.013 / 0.020         0.013 / 0.020         0.013 / 0.020       ms
[2024-01-04T11:42:28.497+0800][gc,stats    ]    Subphase: Concurrent Classes Purge                      0.000 / 0.000         0.155 / 0.351         0.155 / 0.351         0.155 / 0.351       ms
[2024-01-04T11:42:28.497+0800][gc,stats    ]    Subphase: Concurrent Classes Unlink                     0.000 / 0.000         4.406 / 11.912        4.406 / 11.912        4.406 / 11.912      ms
[2024-01-04T11:42:28.497+0800][gc,stats    ]    Subphase: Concurrent Mark                               0.000 / 0.000       136.309 / 295.705     136.309 / 295.705     136.309 / 295.705     ms
[2024-01-04T11:42:28.497+0800][gc,stats    ]    Subphase: Concurrent Mark Try Flush                     0.000 / 0.000         0.050 / 0.125         0.050 / 0.125         0.050 / 0.125       ms
[2024-01-04T11:42:28.497+0800][gc,stats    ]    Subphase: Concurrent Mark Try Terminate                 0.000 / 0.000         3.075 / 15.520        3.075 / 15.520        3.075 / 15.520      ms
[2024-01-04T11:42:28.497+0800][gc,stats    ]    Subphase: Concurrent References Enqueue                 0.000 / 0.000         0.004 / 0.005         0.004 / 0.005         0.004 / 0.005       ms
[2024-01-04T11:42:28.497+0800][gc,stats    ]    Subphase: Concurrent References Process                 0.000 / 0.000         2.036 / 5.276         2.036 / 5.276         2.036 / 5.276       ms
[2024-01-04T11:42:28.497+0800][gc,stats    ]    Subphase: Concurrent Roots ClassLoaderDataGraph         0.000 / 0.000         0.186 / 2.096         0.186 / 2.096         0.186 / 2.096       ms
[2024-01-04T11:42:28.497+0800][gc,stats    ]    Subphase: Concurrent Roots CodeCache                    0.000 / 0.000         0.000 / 0.000         0.000 / 0.000         0.000 / 0.000       ms
[2024-01-04T11:42:28.497+0800][gc,stats    ]    Subphase: Concurrent Roots JavaThreads                  0.000 / 0.000         3.615 / 14.095        3.615 / 14.095        3.615 / 14.095      ms
[2024-01-04T11:42:28.497+0800][gc,stats    ]    Subphase: Concurrent Roots OopStorageSet                0.000 / 0.000         0.052 / 0.159         0.052 / 0.159         0.052 / 0.159       ms
[2024-01-04T11:42:28.497+0800][gc,stats    ]    Subphase: Concurrent Weak Roots OopStorageSet           0.000 / 0.000         0.479 / 0.631         0.479 / 0.631         0.479 / 0.631       ms
[2024-01-04T11:42:28.497+0800][gc,stats    ]    Subphase: Pause Mark Try Complete                       0.000 / 0.000         0.002 / 0.004         0.002 / 0.004         0.002 / 0.004       ms
[2024-01-04T11:42:28.497+0800][gc,stats    ]      System: Java Threads                                      0 / 0                61 / 79               61 / 79               61 / 79          threads
[2024-01-04T11:42:28.497+0800][gc,stats    ] =========================================================================================================================================================
[2024-01-04T11:42:38.506+0800][gc,stats    ] === Garbage Collection Statistics =======================================================================================================================
[2024-01-04T11:42:38.506+0800][gc,stats    ]                                                              Last 10s              Last 10m              Last 10h                Total
[2024-01-04T11:42:38.506+0800][gc,stats    ]                                                              Avg / Max             Avg / Max             Avg / Max             Avg / Max
[2024-01-04T11:42:38.506+0800][gc,stats    ]   Collector: Garbage Collection Cycle                      0.000 / 0.000       189.397 / 396.896     189.397 / 396.896     189.397 / 396.896     ms
[2024-01-04T11:42:38.506+0800][gc,stats    ]  Contention: Mark Segment Reset Contention                     0 / 0                 0 / 2                 0 / 2                 0 / 2           ops/s
[2024-01-04T11:42:38.506+0800][gc,stats    ]  Contention: Mark SeqNum Reset Contention                      0 / 0                 0 / 2                 0 / 2                 0 / 2           ops/s
[2024-01-04T11:42:38.506+0800][gc,stats    ]    Critical: Allocation Stall                                  0 / 0                 0 / 0                 0 / 0                 0 / 0           ops/s
[2024-01-04T11:42:38.506+0800][gc,stats    ]    Critical: Allocation Stall                              0.000 / 0.000         0.000 / 0.000         0.000 / 0.000         0.000 / 0.000       ms
[2024-01-04T11:42:38.506+0800][gc,stats    ]    Critical: GC Locker Stall                                   0 / 0                 0 / 0                 0 / 0                 0 / 0           ops/s
[2024-01-04T11:42:38.506+0800][gc,stats    ]    Critical: GC Locker Stall                               0.000 / 0.000         0.000 / 0.000         0.000 / 0.000         0.000 / 0.000       ms
[2024-01-04T11:42:38.506+0800][gc,stats    ]    Critical: Relocation Stall                                  0 / 0                 0 / 0                 0 / 0                 0 / 0           ops/s
[2024-01-04T11:42:38.506+0800][gc,stats    ]    Critical: Relocation Stall                              0.000 / 0.000         0.000 / 0.000         0.000 / 0.000         0.000 / 0.000       ms
[2024-01-04T11:42:38.506+0800][gc,stats    ]      Memory: Allocation Rate                                   0 / 0                54 / 428              54 / 428              54 / 428         MB/s
[2024-01-04T11:42:38.506+0800][gc,stats    ]      Memory: Defragment                                        0 / 0                 0 / 29                0 / 29                0 / 29          ops/s
[2024-01-04T11:42:38.506+0800][gc,stats    ]      Memory: Out Of Memory                                     0 / 0                 0 / 0                 0 / 0                 0 / 0           ops/s
[2024-01-04T11:42:38.506+0800][gc,stats    ]      Memory: Page Cache Flush                                  0 / 0                 1 / 58                1 / 58                1 / 58          MB/s
[2024-01-04T11:42:38.506+0800][gc,stats    ]      Memory: Page Cache Hit L1                                 0 / 0                15 / 83               15 / 83               15 / 83          ops/s
[2024-01-04T11:42:38.506+0800][gc,stats    ]      Memory: Page Cache Hit L2                                 0 / 0                 0 / 0                 0 / 0                 0 / 0           ops/s
[2024-01-04T11:42:38.506+0800][gc,stats    ]      Memory: Page Cache Hit L3                                 0 / 0                 3 / 53                3 / 53                3 / 53          ops/s
[2024-01-04T11:42:38.506+0800][gc,stats    ]      Memory: Page Cache Miss                                   0 / 0                 8 / 65                8 / 65                8 / 65          ops/s
[2024-01-04T11:42:38.506+0800][gc,stats    ]      Memory: Uncommit                                          0 / 0                 0 / 0                 0 / 0                 0 / 0           MB/s
[2024-01-04T11:42:38.506+0800][gc,stats    ]      Memory: Undo Object Allocation Failed                     0 / 0                 0 / 3                 0 / 3                 0 / 3           ops/s
[2024-01-04T11:42:38.506+0800][gc,stats    ]      Memory: Undo Object Allocation Succeeded                  0 / 0                 3 / 140               3 / 140               3 / 140         ops/s
[2024-01-04T11:42:38.506+0800][gc,stats    ]      Memory: Undo Page Allocation                              0 / 0                 0 / 9                 0 / 9                 0 / 9           ops/s
[2024-01-04T11:42:38.506+0800][gc,stats    ]       Phase: Concurrent Mark                               0.000 / 0.000       141.869 / 310.445     141.869 / 310.445     141.869 / 310.445     ms
[2024-01-04T11:42:38.506+0800][gc,stats    ]       Phase: Concurrent Mark Continue                      0.000 / 0.000         0.000 / 0.000         0.000 / 0.000         0.000 / 0.000       ms
[2024-01-04T11:42:38.506+0800][gc,stats    ]       Phase: Concurrent Mark Free                          0.000 / 0.000         0.001 / 0.001         0.001 / 0.001         0.001 / 0.001       ms
[2024-01-04T11:42:38.506+0800][gc,stats    ]       Phase: Concurrent Process Non-Strong References      0.000 / 0.000         7.190 / 14.900        7.190 / 14.900        7.190 / 14.900      ms
[2024-01-04T11:42:38.506+0800][gc,stats    ]       Phase: Concurrent Relocate                           0.000 / 0.000        30.195 / 56.995       30.195 / 56.995       30.195 / 56.995      ms
[2024-01-04T11:42:38.506+0800][gc,stats    ]       Phase: Concurrent Reset Relocation Set               0.000 / 0.000         0.012 / 0.039         0.012 / 0.039         0.012 / 0.039       ms
[2024-01-04T11:42:38.506+0800][gc,stats    ]       Phase: Concurrent Select Relocation Set              0.000 / 0.000         8.989 / 19.186        8.989 / 19.186        8.989 / 19.186      ms
[2024-01-04T11:42:38.506+0800][gc,stats    ]       Phase: Pause Mark End                                0.000 / 0.000         0.022 / 0.032         0.022 / 0.032         0.022 / 0.032       ms
[2024-01-04T11:42:38.506+0800][gc,stats    ]       Phase: Pause Mark Start                              0.000 / 0.000         0.021 / 0.064         0.021 / 0.064         0.021 / 0.064       ms
[2024-01-04T11:42:38.506+0800][gc,stats    ]       Phase: Pause Relocate Start                          0.000 / 0.000         0.013 / 0.020         0.013 / 0.020         0.013 / 0.020       ms
[2024-01-04T11:42:38.506+0800][gc,stats    ]    Subphase: Concurrent Classes Purge                      0.000 / 0.000         0.155 / 0.351         0.155 / 0.351         0.155 / 0.351       ms
[2024-01-04T11:42:38.506+0800][gc,stats    ]    Subphase: Concurrent Classes Unlink                     0.000 / 0.000         4.406 / 11.912        4.406 / 11.912        4.406 / 11.912      ms
[2024-01-04T11:42:38.506+0800][gc,stats    ]    Subphase: Concurrent Mark                               0.000 / 0.000       136.309 / 295.705     136.309 / 295.705     136.309 / 295.705     ms
[2024-01-04T11:42:38.506+0800][gc,stats    ]    Subphase: Concurrent Mark Try Flush                     0.000 / 0.000         0.050 / 0.125         0.050 / 0.125         0.050 / 0.125       ms
[2024-01-04T11:42:38.506+0800][gc,stats    ]    Subphase: Concurrent Mark Try Terminate                 0.000 / 0.000         3.075 / 15.520        3.075 / 15.520        3.075 / 15.520      ms
[2024-01-04T11:42:38.506+0800][gc,stats    ]    Subphase: Concurrent References Enqueue                 0.000 / 0.000         0.004 / 0.005         0.004 / 0.005         0.004 / 0.005       ms
[2024-01-04T11:42:38.506+0800][gc,stats    ]    Subphase: Concurrent References Process                 0.000 / 0.000         2.036 / 5.276         2.036 / 5.276         2.036 / 5.276       ms
[2024-01-04T11:42:38.506+0800][gc,stats    ]    Subphase: Concurrent Roots ClassLoaderDataGraph         0.000 / 0.000         0.186 / 2.096         0.186 / 2.096         0.186 / 2.096       ms
[2024-01-04T11:42:38.506+0800][gc,stats    ]    Subphase: Concurrent Roots CodeCache                    0.000 / 0.000         0.000 / 0.000         0.000 / 0.000         0.000 / 0.000       ms
[2024-01-04T11:42:38.506+0800][gc,stats    ]    Subphase: Concurrent Roots JavaThreads                  0.000 / 0.000         3.615 / 14.095        3.615 / 14.095        3.615 / 14.095      ms
[2024-01-04T11:42:38.506+0800][gc,stats    ]    Subphase: Concurrent Roots OopStorageSet                0.000 / 0.000         0.052 / 0.159         0.052 / 0.159         0.052 / 0.159       ms
[2024-01-04T11:42:38.506+0800][gc,stats    ]    Subphase: Concurrent Weak Roots OopStorageSet           0.000 / 0.000         0.479 / 0.631         0.479 / 0.631         0.479 / 0.631       ms
[2024-01-04T11:42:38.506+0800][gc,stats    ]    Subphase: Pause Mark Try Complete                       0.000 / 0.000         0.002 / 0.004         0.002 / 0.004         0.002 / 0.004       ms
[2024-01-04T11:42:38.506+0800][gc,stats    ]      System: Java Threads                                      0 / 0                61 / 79               61 / 79               61 / 79          threads
[2024-01-04T11:42:38.506+0800][gc,stats    ] =========================================================================================================================================================
[2024-01-04T11:42:48.497+0800][gc,stats    ] === Garbage Collection Statistics =======================================================================================================================
[2024-01-04T11:42:48.497+0800][gc,stats    ]                                                              Last 10s              Last 10m              Last 10h                Total
[2024-01-04T11:42:48.497+0800][gc,stats    ]                                                              Avg / Max             Avg / Max             Avg / Max             Avg / Max
[2024-01-04T11:42:48.497+0800][gc,stats    ]   Collector: Garbage Collection Cycle                      0.000 / 0.000       189.397 / 396.896     189.397 / 396.896     189.397 / 396.896     ms
[2024-01-04T11:42:48.497+0800][gc,stats    ]  Contention: Mark Segment Reset Contention                     0 / 0                 0 / 2                 0 / 2                 0 / 2           ops/s
[2024-01-04T11:42:48.497+0800][gc,stats    ]  Contention: Mark SeqNum Reset Contention                      0 / 0                 0 / 2                 0 / 2                 0 / 2           ops/s
[2024-01-04T11:42:48.497+0800][gc,stats    ]    Critical: Allocation Stall                                  0 / 0                 0 / 0                 0 / 0                 0 / 0           ops/s
[2024-01-04T11:42:48.497+0800][gc,stats    ]    Critical: Allocation Stall                              0.000 / 0.000         0.000 / 0.000         0.000 / 0.000         0.000 / 0.000       ms
[2024-01-04T11:42:48.497+0800][gc,stats    ]    Critical: GC Locker Stall                                   0 / 0                 0 / 0                 0 / 0                 0 / 0           ops/s
[2024-01-04T11:42:48.497+0800][gc,stats    ]    Critical: GC Locker Stall                               0.000 / 0.000         0.000 / 0.000         0.000 / 0.000         0.000 / 0.000       ms
[2024-01-04T11:42:48.497+0800][gc,stats    ]    Critical: Relocation Stall                                  0 / 0                 0 / 0                 0 / 0                 0 / 0           ops/s
[2024-01-04T11:42:48.497+0800][gc,stats    ]    Critical: Relocation Stall                              0.000 / 0.000         0.000 / 0.000         0.000 / 0.000         0.000 / 0.000       ms
[2024-01-04T11:42:48.497+0800][gc,stats    ]      Memory: Allocation Rate                                   0 / 2                45 / 428              45 / 428              45 / 428         MB/s
[2024-01-04T11:42:48.497+0800][gc,stats    ]      Memory: Defragment                                        0 / 0                 0 / 29                0 / 29                0 / 29          ops/s
[2024-01-04T11:42:48.497+0800][gc,stats    ]      Memory: Out Of Memory                                     0 / 0                 0 / 0                 0 / 0                 0 / 0           ops/s
[2024-01-04T11:42:48.497+0800][gc,stats    ]      Memory: Page Cache Flush                                  0 / 0                 1 / 58                1 / 58                1 / 58          MB/s
[2024-01-04T11:42:48.497+0800][gc,stats    ]      Memory: Page Cache Hit L1                                 0 / 1                12 / 83               12 / 83               12 / 83          ops/s
[2024-01-04T11:42:48.497+0800][gc,stats    ]      Memory: Page Cache Hit L2                                 0 / 0                 0 / 0                 0 / 0                 0 / 0           ops/s
[2024-01-04T11:42:48.497+0800][gc,stats    ]      Memory: Page Cache Hit L3                                 0 / 0                 2 / 53                2 / 53                2 / 53          ops/s
[2024-01-04T11:42:48.497+0800][gc,stats    ]      Memory: Page Cache Miss                                   0 / 0                 7 / 65                7 / 65                7 / 65          ops/s
[2024-01-04T11:42:48.497+0800][gc,stats    ]      Memory: Uncommit                                          0 / 0                 0 / 0                 0 / 0                 0 / 0           MB/s
[2024-01-04T11:42:48.497+0800][gc,stats    ]      Memory: Undo Object Allocation Failed                     0 / 0                 0 / 3                 0 / 3                 0 / 3           ops/s
[2024-01-04T11:42:48.497+0800][gc,stats    ]      Memory: Undo Object Allocation Succeeded                  0 / 0                 2 / 140               2 / 140               2 / 140         ops/s
[2024-01-04T11:42:48.497+0800][gc,stats    ]      Memory: Undo Page Allocation                              0 / 0                 0 / 9                 0 / 9                 0 / 9           ops/s
[2024-01-04T11:42:48.497+0800][gc,stats    ]       Phase: Concurrent Mark                               0.000 / 0.000       141.869 / 310.445     141.869 / 310.445     141.869 / 310.445     ms
[2024-01-04T11:42:48.497+0800][gc,stats    ]       Phase: Concurrent Mark Continue                      0.000 / 0.000         0.000 / 0.000         0.000 / 0.000         0.000 / 0.000       ms
[2024-01-04T11:42:48.497+0800][gc,stats    ]       Phase: Concurrent Mark Free                          0.000 / 0.000         0.001 / 0.001         0.001 / 0.001         0.001 / 0.001       ms
[2024-01-04T11:42:48.497+0800][gc,stats    ]       Phase: Concurrent Process Non-Strong References      0.000 / 0.000         7.190 / 14.900        7.190 / 14.900        7.190 / 14.900      ms
[2024-01-04T11:42:48.497+0800][gc,stats    ]       Phase: Concurrent Relocate                           0.000 / 0.000        30.195 / 56.995       30.195 / 56.995       30.195 / 56.995      ms
[2024-01-04T11:42:48.497+0800][gc,stats    ]       Phase: Concurrent Reset Relocation Set               0.000 / 0.000         0.012 / 0.039         0.012 / 0.039         0.012 / 0.039       ms
[2024-01-04T11:42:48.497+0800][gc,stats    ]       Phase: Concurrent Select Relocation Set              0.000 / 0.000         8.989 / 19.186        8.989 / 19.186        8.989 / 19.186      ms
[2024-01-04T11:42:48.497+0800][gc,stats    ]       Phase: Pause Mark End                                0.000 / 0.000         0.022 / 0.032         0.022 / 0.032         0.022 / 0.032       ms
[2024-01-04T11:42:48.497+0800][gc,stats    ]       Phase: Pause Mark Start                              0.000 / 0.000         0.021 / 0.064         0.021 / 0.064         0.021 / 0.064       ms
[2024-01-04T11:42:48.497+0800][gc,stats    ]       Phase: Pause Relocate Start                          0.000 / 0.000         0.013 / 0.020         0.013 / 0.020         0.013 / 0.020       ms
[2024-01-04T11:42:48.497+0800][gc,stats    ]    Subphase: Concurrent Classes Purge                      0.000 / 0.000         0.155 / 0.351         0.155 / 0.351         0.155 / 0.351       ms
[2024-01-04T11:42:48.497+0800][gc,stats    ]    Subphase: Concurrent Classes Unlink                     0.000 / 0.000         4.406 / 11.912        4.406 / 11.912        4.406 / 11.912      ms
[2024-01-04T11:42:48.497+0800][gc,stats    ]    Subphase: Concurrent Mark                               0.000 / 0.000       136.309 / 295.705     136.309 / 295.705     136.309 / 295.705     ms
[2024-01-04T11:42:48.497+0800][gc,stats    ]    Subphase: Concurrent Mark Try Flush                     0.000 / 0.000         0.050 / 0.125         0.050 / 0.125         0.050 / 0.125       ms
[2024-01-04T11:42:48.497+0800][gc,stats    ]    Subphase: Concurrent Mark Try Terminate                 0.000 / 0.000         3.075 / 15.520        3.075 / 15.520        3.075 / 15.520      ms
[2024-01-04T11:42:48.497+0800][gc,stats    ]    Subphase: Concurrent References Enqueue                 0.000 / 0.000         0.004 / 0.005         0.004 / 0.005         0.004 / 0.005       ms
[2024-01-04T11:42:48.497+0800][gc,stats    ]    Subphase: Concurrent References Process                 0.000 / 0.000         2.036 / 5.276         2.036 / 5.276         2.036 / 5.276       ms
[2024-01-04T11:42:48.497+0800][gc,stats    ]    Subphase: Concurrent Roots ClassLoaderDataGraph         0.000 / 0.000         0.186 / 2.096         0.186 / 2.096         0.186 / 2.096       ms
[2024-01-04T11:42:48.497+0800][gc,stats    ]    Subphase: Concurrent Roots CodeCache                    0.000 / 0.000         0.000 / 0.000         0.000 / 0.000         0.000 / 0.000       ms
[2024-01-04T11:42:48.497+0800][gc,stats    ]    Subphase: Concurrent Roots JavaThreads                  0.000 / 0.000         3.615 / 14.095        3.615 / 14.095        3.615 / 14.095      ms
[2024-01-04T11:42:48.497+0800][gc,stats    ]    Subphase: Concurrent Roots OopStorageSet                0.000 / 0.000         0.052 / 0.159         0.052 / 0.159         0.052 / 0.159       ms
[2024-01-04T11:42:48.497+0800][gc,stats    ]    Subphase: Concurrent Weak Roots OopStorageSet           0.000 / 0.000         0.479 / 0.631         0.479 / 0.631         0.479 / 0.631       ms
[2024-01-04T11:42:48.497+0800][gc,stats    ]    Subphase: Pause Mark Try Complete                       0.000 / 0.000         0.002 / 0.004         0.002 / 0.004         0.002 / 0.004       ms
[2024-01-04T11:42:48.497+0800][gc,stats    ]      System: Java Threads                                      0 / 0                61 / 79               61 / 79               61 / 79          threads
[2024-01-04T11:42:48.497+0800][gc,stats    ] =========================================================================================================================================================
[2024-01-04T11:42:58.497+0800][gc,stats    ] === Garbage Collection Statistics =======================================================================================================================
[2024-01-04T11:42:58.497+0800][gc,stats    ]                                                              Last 10s              Last 10m              Last 10h                Total
[2024-01-04T11:42:58.497+0800][gc,stats    ]                                                              Avg / Max             Avg / Max             Avg / Max             Avg / Max
[2024-01-04T11:42:58.497+0800][gc,stats    ]   Collector: Garbage Collection Cycle                      0.000 / 0.000       189.397 / 396.896     189.397 / 396.896     189.397 / 396.896     ms
[2024-01-04T11:42:58.497+0800][gc,stats    ]  Contention: Mark Segment Reset Contention                     0 / 0                 0 / 2                 0 / 2                 0 / 2           ops/s
[2024-01-04T11:42:58.497+0800][gc,stats    ]  Contention: Mark SeqNum Reset Contention                      0 / 0                 0 / 2                 0 / 2                 0 / 2           ops/s
[2024-01-04T11:42:58.497+0800][gc,stats    ]    Critical: Allocation Stall                                  0 / 0                 0 / 0                 0 / 0                 0 / 0           ops/s
[2024-01-04T11:42:58.497+0800][gc,stats    ]    Critical: Allocation Stall                              0.000 / 0.000         0.000 / 0.000         0.000 / 0.000         0.000 / 0.000       ms
[2024-01-04T11:42:58.497+0800][gc,stats    ]    Critical: GC Locker Stall                                   0 / 0                 0 / 0                 0 / 0                 0 / 0           ops/s
[2024-01-04T11:42:58.497+0800][gc,stats    ]    Critical: GC Locker Stall                               0.000 / 0.000         0.000 / 0.000         0.000 / 0.000         0.000 / 0.000       ms
[2024-01-04T11:42:58.497+0800][gc,stats    ]    Critical: Relocation Stall                                  0 / 0                 0 / 0                 0 / 0                 0 / 0           ops/s
[2024-01-04T11:42:58.497+0800][gc,stats    ]    Critical: Relocation Stall                              0.000 / 0.000         0.000 / 0.000         0.000 / 0.000         0.000 / 0.000       ms
[2024-01-04T11:42:58.497+0800][gc,stats    ]      Memory: Allocation Rate                                   0 / 2                38 / 428              38 / 428              38 / 428         MB/s
[2024-01-04T11:42:58.497+0800][gc,stats    ]      Memory: Defragment                                        0 / 0                 0 / 29                0 / 29                0 / 29          ops/s
[2024-01-04T11:42:58.497+0800][gc,stats    ]      Memory: Out Of Memory                                     0 / 0                 0 / 0                 0 / 0                 0 / 0           ops/s
[2024-01-04T11:42:58.497+0800][gc,stats    ]      Memory: Page Cache Flush                                  0 / 0                 0 / 58                0 / 58                0 / 58          MB/s
[2024-01-04T11:42:58.497+0800][gc,stats    ]      Memory: Page Cache Hit L1                                 0 / 1                10 / 83               10 / 83               10 / 83          ops/s
[2024-01-04T11:42:58.497+0800][gc,stats    ]      Memory: Page Cache Hit L2                                 0 / 0                 0 / 0                 0 / 0                 0 / 0           ops/s
[2024-01-04T11:42:58.497+0800][gc,stats    ]      Memory: Page Cache Hit L3                                 0 / 0                 2 / 53                2 / 53                2 / 53          ops/s
[2024-01-04T11:42:58.497+0800][gc,stats    ]      Memory: Page Cache Miss                                   0 / 0                 6 / 65                6 / 65                6 / 65          ops/s
[2024-01-04T11:42:58.497+0800][gc,stats    ]      Memory: Uncommit                                          0 / 0                 0 / 0                 0 / 0                 0 / 0           MB/s
[2024-01-04T11:42:58.497+0800][gc,stats    ]      Memory: Undo Object Allocation Failed                     0 / 0                 0 / 3                 0 / 3                 0 / 3           ops/s
[2024-01-04T11:42:58.497+0800][gc,stats    ]      Memory: Undo Object Allocation Succeeded                  0 / 0                 2 / 140               2 / 140               2 / 140         ops/s
[2024-01-04T11:42:58.497+0800][gc,stats    ]      Memory: Undo Page Allocation                              0 / 0                 0 / 9                 0 / 9                 0 / 9           ops/s
[2024-01-04T11:42:58.497+0800][gc,stats    ]       Phase: Concurrent Mark                               0.000 / 0.000       141.869 / 310.445     141.869 / 310.445     141.869 / 310.445     ms
[2024-01-04T11:42:58.497+0800][gc,stats    ]       Phase: Concurrent Mark Continue                      0.000 / 0.000         0.000 / 0.000         0.000 / 0.000         0.000 / 0.000       ms
[2024-01-04T11:42:58.497+0800][gc,stats    ]       Phase: Concurrent Mark Free                          0.000 / 0.000         0.001 / 0.001         0.001 / 0.001         0.001 / 0.001       ms
[2024-01-04T11:42:58.497+0800][gc,stats    ]       Phase: Concurrent Process Non-Strong References      0.000 / 0.000         7.190 / 14.900        7.190 / 14.900        7.190 / 14.900      ms
[2024-01-04T11:42:58.497+0800][gc,stats    ]       Phase: Concurrent Relocate                           0.000 / 0.000        30.195 / 56.995       30.195 / 56.995       30.195 / 56.995      ms
[2024-01-04T11:42:58.497+0800][gc,stats    ]       Phase: Concurrent Reset Relocation Set               0.000 / 0.000         0.012 / 0.039         0.012 / 0.039         0.012 / 0.039       ms
[2024-01-04T11:42:58.497+0800][gc,stats    ]       Phase: Concurrent Select Relocation Set              0.000 / 0.000         8.989 / 19.186        8.989 / 19.186        8.989 / 19.186      ms
[2024-01-04T11:42:58.497+0800][gc,stats    ]       Phase: Pause Mark End                                0.000 / 0.000         0.022 / 0.032         0.022 / 0.032         0.022 / 0.032       ms
[2024-01-04T11:42:58.497+0800][gc,stats    ]       Phase: Pause Mark Start                              0.000 / 0.000         0.021 / 0.064         0.021 / 0.064         0.021 / 0.064       ms
[2024-01-04T11:42:58.497+0800][gc,stats    ]       Phase: Pause Relocate Start                          0.000 / 0.000         0.013 / 0.020         0.013 / 0.020         0.013 / 0.020       ms
[2024-01-04T11:42:58.497+0800][gc,stats    ]    Subphase: Concurrent Classes Purge                      0.000 / 0.000         0.155 / 0.351         0.155 / 0.351         0.155 / 0.351       ms
[2024-01-04T11:42:58.497+0800][gc,stats    ]    Subphase: Concurrent Classes Unlink                     0.000 / 0.000         4.406 / 11.912        4.406 / 11.912        4.406 / 11.912      ms
[2024-01-04T11:42:58.497+0800][gc,stats    ]    Subphase: Concurrent Mark                               0.000 / 0.000       136.309 / 295.705     136.309 / 295.705     136.309 / 295.705     ms
[2024-01-04T11:42:58.497+0800][gc,stats    ]    Subphase: Concurrent Mark Try Flush                     0.000 / 0.000         0.050 / 0.125         0.050 / 0.125         0.050 / 0.125       ms
[2024-01-04T11:42:58.497+0800][gc,stats    ]    Subphase: Concurrent Mark Try Terminate                 0.000 / 0.000         3.075 / 15.520        3.075 / 15.520        3.075 / 15.520      ms
[2024-01-04T11:42:58.497+0800][gc,stats    ]    Subphase: Concurrent References Enqueue                 0.000 / 0.000         0.004 / 0.005         0.004 / 0.005         0.004 / 0.005       ms
[2024-01-04T11:42:58.497+0800][gc,stats    ]    Subphase: Concurrent References Process                 0.000 / 0.000         2.036 / 5.276         2.036 / 5.276         2.036 / 5.276       ms
[2024-01-04T11:42:58.497+0800][gc,stats    ]    Subphase: Concurrent Roots ClassLoaderDataGraph         0.000 / 0.000         0.186 / 2.096         0.186 / 2.096         0.186 / 2.096       ms
[2024-01-04T11:42:58.497+0800][gc,stats    ]    Subphase: Concurrent Roots CodeCache                    0.000 / 0.000         0.000 / 0.000         0.000 / 0.000         0.000 / 0.000       ms
[2024-01-04T11:42:58.497+0800][gc,stats    ]    Subphase: Concurrent Roots JavaThreads                  0.000 / 0.000         3.615 / 14.095        3.615 / 14.095        3.615 / 14.095      ms
[2024-01-04T11:42:58.497+0800][gc,stats    ]    Subphase: Concurrent Roots OopStorageSet                0.000 / 0.000         0.052 / 0.159         0.052 / 0.159         0.052 / 0.159       ms
[2024-01-04T11:42:58.497+0800][gc,stats    ]    Subphase: Concurrent Weak Roots OopStorageSet           0.000 / 0.000         0.479 / 0.631         0.479 / 0.631         0.479 / 0.631       ms
[2024-01-04T11:42:58.497+0800][gc,stats    ]    Subphase: Pause Mark Try Complete                       0.000 / 0.000         0.002 / 0.004         0.002 / 0.004         0.002 / 0.004       ms
[2024-01-04T11:42:58.497+0800][gc,stats    ]      System: Java Threads                                      0 / 0                61 / 79               61 / 79               61 / 79          threads
[2024-01-04T11:42:58.497+0800][gc,stats    ] =========================================================================================================================================================
[2024-01-04T11:43:08.496+0800][gc,stats    ] === Garbage Collection Statistics =======================================================================================================================
[2024-01-04T11:43:08.496+0800][gc,stats    ]                                                              Last 10s              Last 10m              Last 10h                Total
[2024-01-04T11:43:08.496+0800][gc,stats    ]                                                              Avg / Max             Avg / Max             Avg / Max             Avg / Max
[2024-01-04T11:43:08.496+0800][gc,stats    ]   Collector: Garbage Collection Cycle                      0.000 / 0.000       189.397 / 396.896     189.397 / 396.896     189.397 / 396.896     ms
[2024-01-04T11:43:08.496+0800][gc,stats    ]  Contention: Mark Segment Reset Contention                     0 / 0                 0 / 2                 0 / 2                 0 / 2           ops/s
[2024-01-04T11:43:08.496+0800][gc,stats    ]  Contention: Mark SeqNum Reset Contention                      0 / 0                 0 / 2                 0 / 2                 0 / 2           ops/s
[2024-01-04T11:43:08.496+0800][gc,stats    ]    Critical: Allocation Stall                                  0 / 0                 0 / 0                 0 / 0                 0 / 0           ops/s
[2024-01-04T11:43:08.496+0800][gc,stats    ]    Critical: Allocation Stall                              0.000 / 0.000         0.000 / 0.000         0.000 / 0.000         0.000 / 0.000       ms
[2024-01-04T11:43:08.496+0800][gc,stats    ]    Critical: GC Locker Stall                                   0 / 0                 0 / 0                 0 / 0                 0 / 0           ops/s
[2024-01-04T11:43:08.496+0800][gc,stats    ]    Critical: GC Locker Stall                               0.000 / 0.000         0.000 / 0.000         0.000 / 0.000         0.000 / 0.000       ms
[2024-01-04T11:43:08.496+0800][gc,stats    ]    Critical: Relocation Stall                                  0 / 0                 0 / 0                 0 / 0                 0 / 0           ops/s
[2024-01-04T11:43:08.496+0800][gc,stats    ]    Critical: Relocation Stall                              0.000 / 0.000         0.000 / 0.000         0.000 / 0.000         0.000 / 0.000       ms
[2024-01-04T11:43:08.496+0800][gc,stats    ]      Memory: Allocation Rate                                   0 / 2                34 / 428              34 / 428              34 / 428         MB/s
[2024-01-04T11:43:08.496+0800][gc,stats    ]      Memory: Defragment                                        0 / 0                 0 / 29                0 / 29                0 / 29          ops/s
[2024-01-04T11:43:08.496+0800][gc,stats    ]      Memory: Out Of Memory                                     0 / 0                 0 / 0                 0 / 0                 0 / 0           ops/s
[2024-01-04T11:43:08.496+0800][gc,stats    ]      Memory: Page Cache Flush                                  0 / 0                 0 / 58                0 / 58                0 / 58          MB/s
[2024-01-04T11:43:08.496+0800][gc,stats    ]      Memory: Page Cache Hit L1                                 0 / 1                 9 / 83                9 / 83                9 / 83          ops/s
[2024-01-04T11:43:08.496+0800][gc,stats    ]      Memory: Page Cache Hit L2                                 0 / 0                 0 / 0                 0 / 0                 0 / 0           ops/s
[2024-01-04T11:43:08.496+0800][gc,stats    ]      Memory: Page Cache Hit L3                                 0 / 0                 1 / 53                1 / 53                1 / 53          ops/s
[2024-01-04T11:43:08.496+0800][gc,stats    ]      Memory: Page Cache Miss                                   0 / 0                 5 / 65                5 / 65                5 / 65          ops/s
[2024-01-04T11:43:08.496+0800][gc,stats    ]      Memory: Uncommit                                          0 / 0                 0 / 0                 0 / 0                 0 / 0           MB/s
[2024-01-04T11:43:08.496+0800][gc,stats    ]      Memory: Undo Object Allocation Failed                     0 / 0                 0 / 3                 0 / 3                 0 / 3           ops/s
[2024-01-04T11:43:08.496+0800][gc,stats    ]      Memory: Undo Object Allocation Succeeded                  0 / 0                 1 / 140               1 / 140               1 / 140         ops/s
[2024-01-04T11:43:08.496+0800][gc,stats    ]      Memory: Undo Page Allocation                              0 / 0                 0 / 9                 0 / 9                 0 / 9           ops/s
[2024-01-04T11:43:08.496+0800][gc,stats    ]       Phase: Concurrent Mark                               0.000 / 0.000       141.869 / 310.445     141.869 / 310.445     141.869 / 310.445     ms
[2024-01-04T11:43:08.496+0800][gc,stats    ]       Phase: Concurrent Mark Continue                      0.000 / 0.000         0.000 / 0.000         0.000 / 0.000         0.000 / 0.000       ms
[2024-01-04T11:43:08.496+0800][gc,stats    ]       Phase: Concurrent Mark Free                          0.000 / 0.000         0.001 / 0.001         0.001 / 0.001         0.001 / 0.001       ms
[2024-01-04T11:43:08.496+0800][gc,stats    ]       Phase: Concurrent Process Non-Strong References      0.000 / 0.000         7.190 / 14.900        7.190 / 14.900        7.190 / 14.900      ms
[2024-01-04T11:43:08.496+0800][gc,stats    ]       Phase: Concurrent Relocate                           0.000 / 0.000        30.195 / 56.995       30.195 / 56.995       30.195 / 56.995      ms
[2024-01-04T11:43:08.496+0800][gc,stats    ]       Phase: Concurrent Reset Relocation Set               0.000 / 0.000         0.012 / 0.039         0.012 / 0.039         0.012 / 0.039       ms
[2024-01-04T11:43:08.496+0800][gc,stats    ]       Phase: Concurrent Select Relocation Set              0.000 / 0.000         8.989 / 19.186        8.989 / 19.186        8.989 / 19.186      ms
[2024-01-04T11:43:08.496+0800][gc,stats    ]       Phase: Pause Mark End                                0.000 / 0.000         0.022 / 0.032         0.022 / 0.032         0.022 / 0.032       ms
[2024-01-04T11:43:08.496+0800][gc,stats    ]       Phase: Pause Mark Start                              0.000 / 0.000         0.021 / 0.064         0.021 / 0.064         0.021 / 0.064       ms
[2024-01-04T11:43:08.496+0800][gc,stats    ]       Phase: Pause Relocate Start                          0.000 / 0.000         0.013 / 0.020         0.013 / 0.020         0.013 / 0.020       ms
[2024-01-04T11:43:08.496+0800][gc,stats    ]    Subphase: Concurrent Classes Purge                      0.000 / 0.000         0.155 / 0.351         0.155 / 0.351         0.155 / 0.351       ms
[2024-01-04T11:43:08.496+0800][gc,stats    ]    Subphase: Concurrent Classes Unlink                     0.000 / 0.000         4.406 / 11.912        4.406 / 11.912        4.406 / 11.912      ms
[2024-01-04T11:43:08.496+0800][gc,stats    ]    Subphase: Concurrent Mark                               0.000 / 0.000       136.309 / 295.705     136.309 / 295.705     136.309 / 295.705     ms
[2024-01-04T11:43:08.496+0800][gc,stats    ]    Subphase: Concurrent Mark Try Flush                     0.000 / 0.000         0.050 / 0.125         0.050 / 0.125         0.050 / 0.125       ms
[2024-01-04T11:43:08.496+0800][gc,stats    ]    Subphase: Concurrent Mark Try Terminate                 0.000 / 0.000         3.075 / 15.520        3.075 / 15.520        3.075 / 15.520      ms
[2024-01-04T11:43:08.496+0800][gc,stats    ]    Subphase: Concurrent References Enqueue                 0.000 / 0.000         0.004 / 0.005         0.004 / 0.005         0.004 / 0.005       ms
[2024-01-04T11:43:08.496+0800][gc,stats    ]    Subphase: Concurrent References Process                 0.000 / 0.000         2.036 / 5.276         2.036 / 5.276         2.036 / 5.276       ms
[2024-01-04T11:43:08.496+0800][gc,stats    ]    Subphase: Concurrent Roots ClassLoaderDataGraph         0.000 / 0.000         0.186 / 2.096         0.186 / 2.096         0.186 / 2.096       ms
[2024-01-04T11:43:08.496+0800][gc,stats    ]    Subphase: Concurrent Roots CodeCache                    0.000 / 0.000         0.000 / 0.000         0.000 / 0.000         0.000 / 0.000       ms
[2024-01-04T11:43:08.496+0800][gc,stats    ]    Subphase: Concurrent Roots JavaThreads                  0.000 / 0.000         3.615 / 14.095        3.615 / 14.095        3.615 / 14.095      ms
[2024-01-04T11:43:08.496+0800][gc,stats    ]    Subphase: Concurrent Roots OopStorageSet                0.000 / 0.000         0.052 / 0.159         0.052 / 0.159         0.052 / 0.159       ms
[2024-01-04T11:43:08.496+0800][gc,stats    ]    Subphase: Concurrent Weak Roots OopStorageSet           0.000 / 0.000         0.479 / 0.631         0.479 / 0.631         0.479 / 0.631       ms
[2024-01-04T11:43:08.496+0800][gc,stats    ]    Subphase: Pause Mark Try Complete                       0.000 / 0.000         0.002 / 0.004         0.002 / 0.004         0.002 / 0.004       ms
[2024-01-04T11:43:08.496+0800][gc,stats    ]      System: Java Threads                                      0 / 0                61 / 79               61 / 79               61 / 79          threads
[2024-01-04T11:43:08.496+0800][gc,stats    ] =========================================================================================================================================================
[2024-01-04T11:43:18.497+0800][gc,stats    ] === Garbage Collection Statistics =======================================================================================================================
[2024-01-04T11:43:18.497+0800][gc,stats    ]                                                              Last 10s              Last 10m              Last 10h                Total
[2024-01-04T11:43:18.497+0800][gc,stats    ]                                                              Avg / Max             Avg / Max             Avg / Max             Avg / Max
[2024-01-04T11:43:18.497+0800][gc,stats    ]   Collector: Garbage Collection Cycle                      0.000 / 0.000       189.397 / 396.896     189.397 / 396.896     189.397 / 396.896     ms
[2024-01-04T11:43:18.497+0800][gc,stats    ]  Contention: Mark Segment Reset Contention                     0 / 0                 0 / 2                 0 / 2                 0 / 2           ops/s
[2024-01-04T11:43:18.497+0800][gc,stats    ]  Contention: Mark SeqNum Reset Contention                      0 / 0                 0 / 2                 0 / 2                 0 / 2           ops/s
[2024-01-04T11:43:18.497+0800][gc,stats    ]    Critical: Allocation Stall                                  0 / 0                 0 / 0                 0 / 0                 0 / 0           ops/s
[2024-01-04T11:43:18.497+0800][gc,stats    ]    Critical: Allocation Stall                              0.000 / 0.000         0.000 / 0.000         0.000 / 0.000         0.000 / 0.000       ms
[2024-01-04T11:43:18.497+0800][gc,stats    ]    Critical: GC Locker Stall                                   0 / 0                 0 / 0                 0 / 0                 0 / 0           ops/s
[2024-01-04T11:43:18.497+0800][gc,stats    ]    Critical: GC Locker Stall                               0.000 / 0.000         0.000 / 0.000         0.000 / 0.000         0.000 / 0.000       ms
[2024-01-04T11:43:18.497+0800][gc,stats    ]    Critical: Relocation Stall                                  0 / 0                 0 / 0                 0 / 0                 0 / 0           ops/s
[2024-01-04T11:43:18.497+0800][gc,stats    ]    Critical: Relocation Stall                              0.000 / 0.000         0.000 / 0.000         0.000 / 0.000         0.000 / 0.000       ms
[2024-01-04T11:43:18.497+0800][gc,stats    ]      Memory: Allocation Rate                                   0 / 2                30 / 428              30 / 428              30 / 428         MB/s
[2024-01-04T11:43:18.497+0800][gc,stats    ]      Memory: Defragment                                        0 / 0                 0 / 29                0 / 29                0 / 29          ops/s
[2024-01-04T11:43:18.497+0800][gc,stats    ]      Memory: Out Of Memory                                     0 / 0                 0 / 0                 0 / 0                 0 / 0           ops/s
[2024-01-04T11:43:18.497+0800][gc,stats    ]      Memory: Page Cache Flush                                  0 / 0                 0 / 58                0 / 58                0 / 58          MB/s
[2024-01-04T11:43:18.497+0800][gc,stats    ]      Memory: Page Cache Hit L1                                 0 / 1                 8 / 83                8 / 83                8 / 83          ops/s
[2024-01-04T11:43:18.497+0800][gc,stats    ]      Memory: Page Cache Hit L2                                 0 / 0                 0 / 0                 0 / 0                 0 / 0           ops/s
[2024-01-04T11:43:18.497+0800][gc,stats    ]      Memory: Page Cache Hit L3                                 0 / 0                 1 / 53                1 / 53                1 / 53          ops/s
[2024-01-04T11:43:18.497+0800][gc,stats    ]      Memory: Page Cache Miss                                   0 / 0                 4 / 65                4 / 65                4 / 65          ops/s
[2024-01-04T11:43:18.497+0800][gc,stats    ]      Memory: Uncommit                                          0 / 0                 0 / 0                 0 / 0                 0 / 0           MB/s
[2024-01-04T11:43:18.497+0800][gc,stats    ]      Memory: Undo Object Allocation Failed                     0 / 0                 0 / 3                 0 / 3                 0 / 3           ops/s
[2024-01-04T11:43:18.497+0800][gc,stats    ]      Memory: Undo Object Allocation Succeeded                  0 / 0                 1 / 140               1 / 140               1 / 140         ops/s
[2024-01-04T11:43:18.497+0800][gc,stats    ]      Memory: Undo Page Allocation                              0 / 0                 0 / 9                 0 / 9                 0 / 9           ops/s
[2024-01-04T11:43:18.497+0800][gc,stats    ]       Phase: Concurrent Mark                               0.000 / 0.000       141.869 / 310.445     141.869 / 310.445     141.869 / 310.445     ms
[2024-01-04T11:43:18.497+0800][gc,stats    ]       Phase: Concurrent Mark Continue                      0.000 / 0.000         0.000 / 0.000         0.000 / 0.000         0.000 / 0.000       ms
[2024-01-04T11:43:18.497+0800][gc,stats    ]       Phase: Concurrent Mark Free                          0.000 / 0.000         0.001 / 0.001         0.001 / 0.001         0.001 / 0.001       ms
[2024-01-04T11:43:18.497+0800][gc,stats    ]       Phase: Concurrent Process Non-Strong References      0.000 / 0.000         7.190 / 14.900        7.190 / 14.900        7.190 / 14.900      ms
[2024-01-04T11:43:18.497+0800][gc,stats    ]       Phase: Concurrent Relocate                           0.000 / 0.000        30.195 / 56.995       30.195 / 56.995       30.195 / 56.995      ms
[2024-01-04T11:43:18.497+0800][gc,stats    ]       Phase: Concurrent Reset Relocation Set               0.000 / 0.000         0.012 / 0.039         0.012 / 0.039         0.012 / 0.039       ms
[2024-01-04T11:43:18.497+0800][gc,stats    ]       Phase: Concurrent Select Relocation Set              0.000 / 0.000         8.989 / 19.186        8.989 / 19.186        8.989 / 19.186      ms
[2024-01-04T11:43:18.497+0800][gc,stats    ]       Phase: Pause Mark End                                0.000 / 0.000         0.022 / 0.032         0.022 / 0.032         0.022 / 0.032       ms
[2024-01-04T11:43:18.497+0800][gc,stats    ]       Phase: Pause Mark Start                              0.000 / 0.000         0.021 / 0.064         0.021 / 0.064         0.021 / 0.064       ms
[2024-01-04T11:43:18.497+0800][gc,stats    ]       Phase: Pause Relocate Start                          0.000 / 0.000         0.013 / 0.020         0.013 / 0.020         0.013 / 0.020       ms
[2024-01-04T11:43:18.497+0800][gc,stats    ]    Subphase: Concurrent Classes Purge                      0.000 / 0.000         0.155 / 0.351         0.155 / 0.351         0.155 / 0.351       ms
[2024-01-04T11:43:18.497+0800][gc,stats    ]    Subphase: Concurrent Classes Unlink                     0.000 / 0.000         4.406 / 11.912        4.406 / 11.912        4.406 / 11.912      ms
[2024-01-04T11:43:18.497+0800][gc,stats    ]    Subphase: Concurrent Mark                               0.000 / 0.000       136.309 / 295.705     136.309 / 295.705     136.309 / 295.705     ms
[2024-01-04T11:43:18.497+0800][gc,stats    ]    Subphase: Concurrent Mark Try Flush                     0.000 / 0.000         0.050 / 0.125         0.050 / 0.125         0.050 / 0.125       ms
[2024-01-04T11:43:18.497+0800][gc,stats    ]    Subphase: Concurrent Mark Try Terminate                 0.000 / 0.000         3.075 / 15.520        3.075 / 15.520        3.075 / 15.520      ms
[2024-01-04T11:43:18.497+0800][gc,stats    ]    Subphase: Concurrent References Enqueue                 0.000 / 0.000         0.004 / 0.005         0.004 / 0.005         0.004 / 0.005       ms
[2024-01-04T11:43:18.497+0800][gc,stats    ]    Subphase: Concurrent References Process                 0.000 / 0.000         2.036 / 5.276         2.036 / 5.276         2.036 / 5.276       ms
[2024-01-04T11:43:18.497+0800][gc,stats    ]    Subphase: Concurrent Roots ClassLoaderDataGraph         0.000 / 0.000         0.186 / 2.096         0.186 / 2.096         0.186 / 2.096       ms
[2024-01-04T11:43:18.497+0800][gc,stats    ]    Subphase: Concurrent Roots CodeCache                    0.000 / 0.000         0.000 / 0.000         0.000 / 0.000         0.000 / 0.000       ms
[2024-01-04T11:43:18.497+0800][gc,stats    ]    Subphase: Concurrent Roots JavaThreads                  0.000 / 0.000         3.615 / 14.095        3.615 / 14.095        3.615 / 14.095      ms
[2024-01-04T11:43:18.497+0800][gc,stats    ]    Subphase: Concurrent Roots OopStorageSet                0.000 / 0.000         0.052 / 0.159         0.052 / 0.159         0.052 / 0.159       ms
[2024-01-04T11:43:18.497+0800][gc,stats    ]    Subphase: Concurrent Weak Roots OopStorageSet           0.000 / 0.000         0.479 / 0.631         0.479 / 0.631         0.479 / 0.631       ms
[2024-01-04T11:43:18.497+0800][gc,stats    ]    Subphase: Pause Mark Try Complete                       0.000 / 0.000         0.002 / 0.004         0.002 / 0.004         0.002 / 0.004       ms
[2024-01-04T11:43:18.497+0800][gc,stats    ]      System: Java Threads                                      0 / 0                61 / 79               61 / 79               61 / 79          threads
[2024-01-04T11:43:18.497+0800][gc,stats    ] =========================================================================================================================================================
[2024-01-04T11:43:28.496+0800][gc,stats    ] === Garbage Collection Statistics =======================================================================================================================
[2024-01-04T11:43:28.496+0800][gc,stats    ]                                                              Last 10s              Last 10m              Last 10h                Total
[2024-01-04T11:43:28.496+0800][gc,stats    ]                                                              Avg / Max             Avg / Max             Avg / Max             Avg / Max
[2024-01-04T11:43:28.496+0800][gc,stats    ]   Collector: Garbage Collection Cycle                      0.000 / 0.000       189.397 / 396.896     189.397 / 396.896     189.397 / 396.896     ms
[2024-01-04T11:43:28.496+0800][gc,stats    ]  Contention: Mark Segment Reset Contention                     0 / 0                 0 / 2                 0 / 2                 0 / 2           ops/s
[2024-01-04T11:43:28.496+0800][gc,stats    ]  Contention: Mark SeqNum Reset Contention                      0 / 0                 0 / 2                 0 / 2                 0 / 2           ops/s
[2024-01-04T11:43:28.496+0800][gc,stats    ]    Critical: Allocation Stall                                  0 / 0                 0 / 0                 0 / 0                 0 / 0           ops/s
[2024-01-04T11:43:28.496+0800][gc,stats    ]    Critical: Allocation Stall                              0.000 / 0.000         0.000 / 0.000         0.000 / 0.000         0.000 / 0.000       ms
[2024-01-04T11:43:28.496+0800][gc,stats    ]    Critical: GC Locker Stall                                   0 / 0                 0 / 0                 0 / 0                 0 / 0           ops/s
[2024-01-04T11:43:28.496+0800][gc,stats    ]    Critical: GC Locker Stall                               0.000 / 0.000         0.000 / 0.000         0.000 / 0.000         0.000 / 0.000       ms
[2024-01-04T11:43:28.496+0800][gc,stats    ]    Critical: Relocation Stall                                  0 / 0                 0 / 0                 0 / 0                 0 / 0           ops/s
[2024-01-04T11:43:28.496+0800][gc,stats    ]    Critical: Relocation Stall                              0.000 / 0.000         0.000 / 0.000         0.000 / 0.000         0.000 / 0.000       ms
[2024-01-04T11:43:28.496+0800][gc,stats    ]      Memory: Allocation Rate                                   1 / 10               27 / 428              27 / 428              27 / 428         MB/s
[2024-01-04T11:43:28.496+0800][gc,stats    ]      Memory: Defragment                                        0 / 0                 0 / 29                0 / 29                0 / 29          ops/s
[2024-01-04T11:43:28.496+0800][gc,stats    ]      Memory: Out Of Memory                                     0 / 0                 0 / 0                 0 / 0                 0 / 0           ops/s
[2024-01-04T11:43:28.496+0800][gc,stats    ]      Memory: Page Cache Flush                                  0 / 0                 0 / 58                0 / 58                0 / 58          MB/s
[2024-01-04T11:43:28.496+0800][gc,stats    ]      Memory: Page Cache Hit L1                                 0 / 5                 7 / 83                7 / 83                7 / 83          ops/s
[2024-01-04T11:43:28.496+0800][gc,stats    ]      Memory: Page Cache Hit L2                                 0 / 0                 0 / 0                 0 / 0                 0 / 0           ops/s
[2024-01-04T11:43:28.496+0800][gc,stats    ]      Memory: Page Cache Hit L3                                 0 / 0                 1 / 53                1 / 53                1 / 53          ops/s
[2024-01-04T11:43:28.496+0800][gc,stats    ]      Memory: Page Cache Miss                                   0 / 0                 4 / 65                4 / 65                4 / 65          ops/s
[2024-01-04T11:43:28.496+0800][gc,stats    ]      Memory: Uncommit                                          0 / 0                 0 / 0                 0 / 0                 0 / 0           MB/s
[2024-01-04T11:43:28.496+0800][gc,stats    ]      Memory: Undo Object Allocation Failed                     0 / 0                 0 / 3                 0 / 3                 0 / 3           ops/s
[2024-01-04T11:43:28.496+0800][gc,stats    ]      Memory: Undo Object Allocation Succeeded                  0 / 0                 1 / 140               1 / 140               1 / 140         ops/s
[2024-01-04T11:43:28.496+0800][gc,stats    ]      Memory: Undo Page Allocation                              0 / 0                 0 / 9                 0 / 9                 0 / 9           ops/s
[2024-01-04T11:43:28.496+0800][gc,stats    ]       Phase: Concurrent Mark                               0.000 / 0.000       141.869 / 310.445     141.869 / 310.445     141.869 / 310.445     ms
[2024-01-04T11:43:28.496+0800][gc,stats    ]       Phase: Concurrent Mark Continue                      0.000 / 0.000         0.000 / 0.000         0.000 / 0.000         0.000 / 0.000       ms
[2024-01-04T11:43:28.496+0800][gc,stats    ]       Phase: Concurrent Mark Free                          0.000 / 0.000         0.001 / 0.001         0.001 / 0.001         0.001 / 0.001       ms
[2024-01-04T11:43:28.496+0800][gc,stats    ]       Phase: Concurrent Process Non-Strong References      0.000 / 0.000         7.190 / 14.900        7.190 / 14.900        7.190 / 14.900      ms
[2024-01-04T11:43:28.496+0800][gc,stats    ]       Phase: Concurrent Relocate                           0.000 / 0.000        30.195 / 56.995       30.195 / 56.995       30.195 / 56.995      ms
[2024-01-04T11:43:28.496+0800][gc,stats    ]       Phase: Concurrent Reset Relocation Set               0.000 / 0.000         0.012 / 0.039         0.012 / 0.039         0.012 / 0.039       ms
[2024-01-04T11:43:28.496+0800][gc,stats    ]       Phase: Concurrent Select Relocation Set              0.000 / 0.000         8.989 / 19.186        8.989 / 19.186        8.989 / 19.186      ms
[2024-01-04T11:43:28.496+0800][gc,stats    ]       Phase: Pause Mark End                                0.000 / 0.000         0.022 / 0.032         0.022 / 0.032         0.022 / 0.032       ms
[2024-01-04T11:43:28.496+0800][gc,stats    ]       Phase: Pause Mark Start                              0.000 / 0.000         0.021 / 0.064         0.021 / 0.064         0.021 / 0.064       ms
[2024-01-04T11:43:28.496+0800][gc,stats    ]       Phase: Pause Relocate Start                          0.000 / 0.000         0.013 / 0.020         0.013 / 0.020         0.013 / 0.020       ms
[2024-01-04T11:43:28.496+0800][gc,stats    ]    Subphase: Concurrent Classes Purge                      0.000 / 0.000         0.155 / 0.351         0.155 / 0.351         0.155 / 0.351       ms
[2024-01-04T11:43:28.496+0800][gc,stats    ]    Subphase: Concurrent Classes Unlink                     0.000 / 0.000         4.406 / 11.912        4.406 / 11.912        4.406 / 11.912      ms
[2024-01-04T11:43:28.496+0800][gc,stats    ]    Subphase: Concurrent Mark                               0.000 / 0.000       136.309 / 295.705     136.309 / 295.705     136.309 / 295.705     ms
[2024-01-04T11:43:28.496+0800][gc,stats    ]    Subphase: Concurrent Mark Try Flush                     0.000 / 0.000         0.050 / 0.125         0.050 / 0.125         0.050 / 0.125       ms
[2024-01-04T11:43:28.496+0800][gc,stats    ]    Subphase: Concurrent Mark Try Terminate                 0.000 / 0.000         3.075 / 15.520        3.075 / 15.520        3.075 / 15.520      ms
[2024-01-04T11:43:28.496+0800][gc,stats    ]    Subphase: Concurrent References Enqueue                 0.000 / 0.000         0.004 / 0.005         0.004 / 0.005         0.004 / 0.005       ms
[2024-01-04T11:43:28.496+0800][gc,stats    ]    Subphase: Concurrent References Process                 0.000 / 0.000         2.036 / 5.276         2.036 / 5.276         2.036 / 5.276       ms
[2024-01-04T11:43:28.496+0800][gc,stats    ]    Subphase: Concurrent Roots ClassLoaderDataGraph         0.000 / 0.000         0.186 / 2.096         0.186 / 2.096         0.186 / 2.096       ms
[2024-01-04T11:43:28.496+0800][gc,stats    ]    Subphase: Concurrent Roots CodeCache                    0.000 / 0.000         0.000 / 0.000         0.000 / 0.000         0.000 / 0.000       ms
[2024-01-04T11:43:28.496+0800][gc,stats    ]    Subphase: Concurrent Roots JavaThreads                  0.000 / 0.000         3.615 / 14.095        3.615 / 14.095        3.615 / 14.095      ms
[2024-01-04T11:43:28.496+0800][gc,stats    ]    Subphase: Concurrent Roots OopStorageSet                0.000 / 0.000         0.052 / 0.159         0.052 / 0.159         0.052 / 0.159       ms
[2024-01-04T11:43:28.496+0800][gc,stats    ]    Subphase: Concurrent Weak Roots OopStorageSet           0.000 / 0.000         0.479 / 0.631         0.479 / 0.631         0.479 / 0.631       ms
[2024-01-04T11:43:28.496+0800][gc,stats    ]    Subphase: Pause Mark Try Complete                       0.000 / 0.000         0.002 / 0.004         0.002 / 0.004         0.002 / 0.004       ms
[2024-01-04T11:43:28.496+0800][gc,stats    ]      System: Java Threads                                      0 / 0                61 / 79               61 / 79               61 / 79          threads
[2024-01-04T11:43:28.496+0800][gc,stats    ] =========================================================================================================================================================
[2024-01-04T11:43:38.497+0800][gc,stats    ] === Garbage Collection Statistics =======================================================================================================================
[2024-01-04T11:43:38.497+0800][gc,stats    ]                                                              Last 10s              Last 10m              Last 10h                Total
[2024-01-04T11:43:38.497+0800][gc,stats    ]                                                              Avg / Max             Avg / Max             Avg / Max             Avg / Max
[2024-01-04T11:43:38.497+0800][gc,stats    ]   Collector: Garbage Collection Cycle                      0.000 / 0.000       189.397 / 396.896     189.397 / 396.896     189.397 / 396.896     ms
[2024-01-04T11:43:38.497+0800][gc,stats    ]  Contention: Mark Segment Reset Contention                     0 / 0                 0 / 2                 0 / 2                 0 / 2           ops/s
[2024-01-04T11:43:38.497+0800][gc,stats    ]  Contention: Mark SeqNum Reset Contention                      0 / 0                 0 / 2                 0 / 2                 0 / 2           ops/s
[2024-01-04T11:43:38.497+0800][gc,stats    ]    Critical: Allocation Stall                                  0 / 0                 0 / 0                 0 / 0                 0 / 0           ops/s
[2024-01-04T11:43:38.497+0800][gc,stats    ]    Critical: Allocation Stall                              0.000 / 0.000         0.000 / 0.000         0.000 / 0.000         0.000 / 0.000       ms
[2024-01-04T11:43:38.497+0800][gc,stats    ]    Critical: GC Locker Stall                                   0 / 0                 0 / 0                 0 / 0                 0 / 0           ops/s
[2024-01-04T11:43:38.497+0800][gc,stats    ]    Critical: GC Locker Stall                               0.000 / 0.000         0.000 / 0.000         0.000 / 0.000         0.000 / 0.000       ms
[2024-01-04T11:43:38.497+0800][gc,stats    ]    Critical: Relocation Stall                                  0 / 0                 0 / 0                 0 / 0                 0 / 0           ops/s
[2024-01-04T11:43:38.497+0800][gc,stats    ]    Critical: Relocation Stall                              0.000 / 0.000         0.000 / 0.000         0.000 / 0.000         0.000 / 0.000       ms
[2024-01-04T11:43:38.497+0800][gc,stats    ]      Memory: Allocation Rate                                   0 / 0                24 / 428              24 / 428              24 / 428         MB/s
[2024-01-04T11:43:38.497+0800][gc,stats    ]      Memory: Defragment                                        0 / 0                 0 / 29                0 / 29                0 / 29          ops/s
[2024-01-04T11:43:38.497+0800][gc,stats    ]      Memory: Out Of Memory                                     0 / 0                 0 / 0                 0 / 0                 0 / 0           ops/s
[2024-01-04T11:43:38.497+0800][gc,stats    ]      Memory: Page Cache Flush                                  0 / 0                 0 / 58                0 / 58                0 / 58          MB/s
[2024-01-04T11:43:38.497+0800][gc,stats    ]      Memory: Page Cache Hit L1                                 0 / 0                 6 / 83                6 / 83                6 / 83          ops/s
[2024-01-04T11:43:38.497+0800][gc,stats    ]      Memory: Page Cache Hit L2                                 0 / 0                 0 / 0                 0 / 0                 0 / 0           ops/s
[2024-01-04T11:43:38.497+0800][gc,stats    ]      Memory: Page Cache Hit L3                                 0 / 0                 1 / 53                1 / 53                1 / 53          ops/s
[2024-01-04T11:43:38.497+0800][gc,stats    ]      Memory: Page Cache Miss                                   0 / 0                 3 / 65                3 / 65                3 / 65          ops/s
[2024-01-04T11:43:38.497+0800][gc,stats    ]      Memory: Uncommit                                          0 / 0                 0 / 0                 0 / 0                 0 / 0           MB/s
[2024-01-04T11:43:38.497+0800][gc,stats    ]      Memory: Undo Object Allocation Failed                     0 / 0                 0 / 3                 0 / 3                 0 / 3           ops/s
[2024-01-04T11:43:38.497+0800][gc,stats    ]      Memory: Undo Object Allocation Succeeded                  0 / 0                 1 / 140               1 / 140               1 / 140         ops/s
[2024-01-04T11:43:38.497+0800][gc,stats    ]      Memory: Undo Page Allocation                              0 / 0                 0 / 9                 0 / 9                 0 / 9           ops/s
[2024-01-04T11:43:38.497+0800][gc,stats    ]       Phase: Concurrent Mark                               0.000 / 0.000       141.869 / 310.445     141.869 / 310.445     141.869 / 310.445     ms
[2024-01-04T11:43:38.497+0800][gc,stats    ]       Phase: Concurrent Mark Continue                      0.000 / 0.000         0.000 / 0.000         0.000 / 0.000         0.000 / 0.000       ms
[2024-01-04T11:43:38.497+0800][gc,stats    ]       Phase: Concurrent Mark Free                          0.000 / 0.000         0.001 / 0.001         0.001 / 0.001         0.001 / 0.001       ms
[2024-01-04T11:43:38.497+0800][gc,stats    ]       Phase: Concurrent Process Non-Strong References      0.000 / 0.000         7.190 / 14.900        7.190 / 14.900        7.190 / 14.900      ms
[2024-01-04T11:43:38.497+0800][gc,stats    ]       Phase: Concurrent Relocate                           0.000 / 0.000        30.195 / 56.995       30.195 / 56.995       30.195 / 56.995      ms
[2024-01-04T11:43:38.497+0800][gc,stats    ]       Phase: Concurrent Reset Relocation Set               0.000 / 0.000         0.012 / 0.039         0.012 / 0.039         0.012 / 0.039       ms
[2024-01-04T11:43:38.497+0800][gc,stats    ]       Phase: Concurrent Select Relocation Set              0.000 / 0.000         8.989 / 19.186        8.989 / 19.186        8.989 / 19.186      ms
[2024-01-04T11:43:38.497+0800][gc,stats    ]       Phase: Pause Mark End                                0.000 / 0.000         0.022 / 0.032         0.022 / 0.032         0.022 / 0.032       ms
[2024-01-04T11:43:38.497+0800][gc,stats    ]       Phase: Pause Mark Start                              0.000 / 0.000         0.021 / 0.064         0.021 / 0.064         0.021 / 0.064       ms
[2024-01-04T11:43:38.497+0800][gc,stats    ]       Phase: Pause Relocate Start                          0.000 / 0.000         0.013 / 0.020         0.013 / 0.020         0.013 / 0.020       ms
[2024-01-04T11:43:38.497+0800][gc,stats    ]    Subphase: Concurrent Classes Purge                      0.000 / 0.000         0.155 / 0.351         0.155 / 0.351         0.155 / 0.351       ms
[2024-01-04T11:43:38.497+0800][gc,stats    ]    Subphase: Concurrent Classes Unlink                     0.000 / 0.000         4.406 / 11.912        4.406 / 11.912        4.406 / 11.912      ms
[2024-01-04T11:43:38.497+0800][gc,stats    ]    Subphase: Concurrent Mark                               0.000 / 0.000       136.309 / 295.705     136.309 / 295.705     136.309 / 295.705     ms
[2024-01-04T11:43:38.497+0800][gc,stats    ]    Subphase: Concurrent Mark Try Flush                     0.000 / 0.000         0.050 / 0.125         0.050 / 0.125         0.050 / 0.125       ms
[2024-01-04T11:43:38.497+0800][gc,stats    ]    Subphase: Concurrent Mark Try Terminate                 0.000 / 0.000         3.075 / 15.520        3.075 / 15.520        3.075 / 15.520      ms
[2024-01-04T11:43:38.497+0800][gc,stats    ]    Subphase: Concurrent References Enqueue                 0.000 / 0.000         0.004 / 0.005         0.004 / 0.005         0.004 / 0.005       ms
[2024-01-04T11:43:38.497+0800][gc,stats    ]    Subphase: Concurrent References Process                 0.000 / 0.000         2.036 / 5.276         2.036 / 5.276         2.036 / 5.276       ms
[2024-01-04T11:43:38.497+0800][gc,stats    ]    Subphase: Concurrent Roots ClassLoaderDataGraph         0.000 / 0.000         0.186 / 2.096         0.186 / 2.096         0.186 / 2.096       ms
[2024-01-04T11:43:38.497+0800][gc,stats    ]    Subphase: Concurrent Roots CodeCache                    0.000 / 0.000         0.000 / 0.000         0.000 / 0.000         0.000 / 0.000       ms
[2024-01-04T11:43:38.497+0800][gc,stats    ]    Subphase: Concurrent Roots JavaThreads                  0.000 / 0.000         3.615 / 14.095        3.615 / 14.095        3.615 / 14.095      ms
[2024-01-04T11:43:38.497+0800][gc,stats    ]    Subphase: Concurrent Roots OopStorageSet                0.000 / 0.000         0.052 / 0.159         0.052 / 0.159         0.052 / 0.159       ms
[2024-01-04T11:43:38.497+0800][gc,stats    ]    Subphase: Concurrent Weak Roots OopStorageSet           0.000 / 0.000         0.479 / 0.631         0.479 / 0.631         0.479 / 0.631       ms
[2024-01-04T11:43:38.497+0800][gc,stats    ]    Subphase: Pause Mark Try Complete                       0.000 / 0.000         0.002 / 0.004         0.002 / 0.004         0.002 / 0.004       ms
[2024-01-04T11:43:38.497+0800][gc,stats    ]      System: Java Threads                                      0 / 0                61 / 79               61 / 79               61 / 79          threads
[2024-01-04T11:43:38.497+0800][gc,stats    ] =========================================================================================================================================================
[2024-01-04T11:43:48.497+0800][gc,stats    ] === Garbage Collection Statistics =======================================================================================================================
[2024-01-04T11:43:48.497+0800][gc,stats    ]                                                              Last 10s              Last 10m              Last 10h                Total
[2024-01-04T11:43:48.497+0800][gc,stats    ]                                                              Avg / Max             Avg / Max             Avg / Max             Avg / Max
[2024-01-04T11:43:48.497+0800][gc,stats    ]   Collector: Garbage Collection Cycle                      0.000 / 0.000       189.397 / 396.896     189.397 / 396.896     189.397 / 396.896     ms
[2024-01-04T11:43:48.497+0800][gc,stats    ]  Contention: Mark Segment Reset Contention                     0 / 0                 0 / 2                 0 / 2                 0 / 2           ops/s
[2024-01-04T11:43:48.497+0800][gc,stats    ]  Contention: Mark SeqNum Reset Contention                      0 / 0                 0 / 2                 0 / 2                 0 / 2           ops/s
[2024-01-04T11:43:48.497+0800][gc,stats    ]    Critical: Allocation Stall                                  0 / 0                 0 / 0                 0 / 0                 0 / 0           ops/s
[2024-01-04T11:43:48.497+0800][gc,stats    ]    Critical: Allocation Stall                              0.000 / 0.000         0.000 / 0.000         0.000 / 0.000         0.000 / 0.000       ms
[2024-01-04T11:43:48.497+0800][gc,stats    ]    Critical: GC Locker Stall                                   0 / 0                 0 / 0                 0 / 0                 0 / 0           ops/s
[2024-01-04T11:43:48.497+0800][gc,stats    ]    Critical: GC Locker Stall                               0.000 / 0.000         0.000 / 0.000         0.000 / 0.000         0.000 / 0.000       ms
[2024-01-04T11:43:48.497+0800][gc,stats    ]    Critical: Relocation Stall                                  0 / 0                 0 / 0                 0 / 0                 0 / 0           ops/s
[2024-01-04T11:43:48.497+0800][gc,stats    ]    Critical: Relocation Stall                              0.000 / 0.000         0.000 / 0.000         0.000 / 0.000         0.000 / 0.000       ms
[2024-01-04T11:43:48.497+0800][gc,stats    ]      Memory: Allocation Rate                                   0 / 0                22 / 428              22 / 428              22 / 428         MB/s
[2024-01-04T11:43:48.497+0800][gc,stats    ]      Memory: Defragment                                        0 / 0                 0 / 29                0 / 29                0 / 29          ops/s
[2024-01-04T11:43:48.497+0800][gc,stats    ]      Memory: Out Of Memory                                     0 / 0                 0 / 0                 0 / 0                 0 / 0           ops/s
[2024-01-04T11:43:48.497+0800][gc,stats    ]      Memory: Page Cache Flush                                  0 / 0                 0 / 58                0 / 58                0 / 58          MB/s
[2024-01-04T11:43:48.497+0800][gc,stats    ]      Memory: Page Cache Hit L1                                 0 / 0                 6 / 83                6 / 83                6 / 83          ops/s
[2024-01-04T11:43:48.497+0800][gc,stats    ]      Memory: Page Cache Hit L2                                 0 / 0                 0 / 0                 0 / 0                 0 / 0           ops/s
[2024-01-04T11:43:48.497+0800][gc,stats    ]      Memory: Page Cache Hit L3                                 0 / 0                 1 / 53                1 / 53                1 / 53          ops/s
[2024-01-04T11:43:48.497+0800][gc,stats    ]      Memory: Page Cache Miss                                   0 / 0                 3 / 65                3 / 65                3 / 65          ops/s
[2024-01-04T11:43:48.497+0800][gc,stats    ]      Memory: Uncommit                                          0 / 0                 0 / 0                 0 / 0                 0 / 0           MB/s
[2024-01-04T11:43:48.497+0800][gc,stats    ]      Memory: Undo Object Allocation Failed                     0 / 0                 0 / 3                 0 / 3                 0 / 3           ops/s
[2024-01-04T11:43:48.497+0800][gc,stats    ]      Memory: Undo Object Allocation Succeeded                  0 / 0                 1 / 140               1 / 140               1 / 140         ops/s
[2024-01-04T11:43:48.497+0800][gc,stats    ]      Memory: Undo Page Allocation                              0 / 0                 0 / 9                 0 / 9                 0 / 9           ops/s
[2024-01-04T11:43:48.497+0800][gc,stats    ]       Phase: Concurrent Mark                               0.000 / 0.000       141.869 / 310.445     141.869 / 310.445     141.869 / 310.445     ms
[2024-01-04T11:43:48.497+0800][gc,stats    ]       Phase: Concurrent Mark Continue                      0.000 / 0.000         0.000 / 0.000         0.000 / 0.000         0.000 / 0.000       ms
[2024-01-04T11:43:48.497+0800][gc,stats    ]       Phase: Concurrent Mark Free                          0.000 / 0.000         0.001 / 0.001         0.001 / 0.001         0.001 / 0.001       ms
[2024-01-04T11:43:48.497+0800][gc,stats    ]       Phase: Concurrent Process Non-Strong References      0.000 / 0.000         7.190 / 14.900        7.190 / 14.900        7.190 / 14.900      ms
[2024-01-04T11:43:48.497+0800][gc,stats    ]       Phase: Concurrent Relocate                           0.000 / 0.000        30.195 / 56.995       30.195 / 56.995       30.195 / 56.995      ms
[2024-01-04T11:43:48.497+0800][gc,stats    ]       Phase: Concurrent Reset Relocation Set               0.000 / 0.000         0.012 / 0.039         0.012 / 0.039         0.012 / 0.039       ms
[2024-01-04T11:43:48.497+0800][gc,stats    ]       Phase: Concurrent Select Relocation Set              0.000 / 0.000         8.989 / 19.186        8.989 / 19.186        8.989 / 19.186      ms
[2024-01-04T11:43:48.497+0800][gc,stats    ]       Phase: Pause Mark End                                0.000 / 0.000         0.022 / 0.032         0.022 / 0.032         0.022 / 0.032       ms
[2024-01-04T11:43:48.497+0800][gc,stats    ]       Phase: Pause Mark Start                              0.000 / 0.000         0.021 / 0.064         0.021 / 0.064         0.021 / 0.064       ms
[2024-01-04T11:43:48.497+0800][gc,stats    ]       Phase: Pause Relocate Start                          0.000 / 0.000         0.013 / 0.020         0.013 / 0.020         0.013 / 0.020       ms
[2024-01-04T11:43:48.497+0800][gc,stats    ]    Subphase: Concurrent Classes Purge                      0.000 / 0.000         0.155 / 0.351         0.155 / 0.351         0.155 / 0.351       ms
[2024-01-04T11:43:48.497+0800][gc,stats    ]    Subphase: Concurrent Classes Unlink                     0.000 / 0.000         4.406 / 11.912        4.406 / 11.912        4.406 / 11.912      ms
[2024-01-04T11:43:48.497+0800][gc,stats    ]    Subphase: Concurrent Mark                               0.000 / 0.000       136.309 / 295.705     136.309 / 295.705     136.309 / 295.705     ms
[2024-01-04T11:43:48.497+0800][gc,stats    ]    Subphase: Concurrent Mark Try Flush                     0.000 / 0.000         0.050 / 0.125         0.050 / 0.125         0.050 / 0.125       ms
[2024-01-04T11:43:48.497+0800][gc,stats    ]    Subphase: Concurrent Mark Try Terminate                 0.000 / 0.000         3.075 / 15.520        3.075 / 15.520        3.075 / 15.520      ms
[2024-01-04T11:43:48.497+0800][gc,stats    ]    Subphase: Concurrent References Enqueue                 0.000 / 0.000         0.004 / 0.005         0.004 / 0.005         0.004 / 0.005       ms
[2024-01-04T11:43:48.497+0800][gc,stats    ]    Subphase: Concurrent References Process                 0.000 / 0.000         2.036 / 5.276         2.036 / 5.276         2.036 / 5.276       ms
[2024-01-04T11:43:48.497+0800][gc,stats    ]    Subphase: Concurrent Roots ClassLoaderDataGraph         0.000 / 0.000         0.186 / 2.096         0.186 / 2.096         0.186 / 2.096       ms
[2024-01-04T11:43:48.497+0800][gc,stats    ]    Subphase: Concurrent Roots CodeCache                    0.000 / 0.000         0.000 / 0.000         0.000 / 0.000         0.000 / 0.000       ms
[2024-01-04T11:43:48.497+0800][gc,stats    ]    Subphase: Concurrent Roots JavaThreads                  0.000 / 0.000         3.615 / 14.095        3.615 / 14.095        3.615 / 14.095      ms
[2024-01-04T11:43:48.497+0800][gc,stats    ]    Subphase: Concurrent Roots OopStorageSet                0.000 / 0.000         0.052 / 0.159         0.052 / 0.159         0.052 / 0.159       ms
[2024-01-04T11:43:48.497+0800][gc,stats    ]    Subphase: Concurrent Weak Roots OopStorageSet           0.000 / 0.000         0.479 / 0.631         0.479 / 0.631         0.479 / 0.631       ms
[2024-01-04T11:43:48.497+0800][gc,stats    ]    Subphase: Pause Mark Try Complete                       0.000 / 0.000         0.002 / 0.004         0.002 / 0.004         0.002 / 0.004       ms
[2024-01-04T11:43:48.497+0800][gc,stats    ]      System: Java Threads                                      0 / 0                61 / 79               61 / 79               61 / 79          threads
[2024-01-04T11:43:48.497+0800][gc,stats    ] =========================================================================================================================================================
[2024-01-04T11:43:58.497+0800][gc,stats    ] === Garbage Collection Statistics =======================================================================================================================
[2024-01-04T11:43:58.497+0800][gc,stats    ]                                                              Last 10s              Last 10m              Last 10h                Total
[2024-01-04T11:43:58.497+0800][gc,stats    ]                                                              Avg / Max             Avg / Max             Avg / Max             Avg / Max
[2024-01-04T11:43:58.497+0800][gc,stats    ]   Collector: Garbage Collection Cycle                      0.000 / 0.000       189.397 / 396.896     189.397 / 396.896     189.397 / 396.896     ms
[2024-01-04T11:43:58.497+0800][gc,stats    ]  Contention: Mark Segment Reset Contention                     0 / 0                 0 / 2                 0 / 2                 0 / 2           ops/s
[2024-01-04T11:43:58.497+0800][gc,stats    ]  Contention: Mark SeqNum Reset Contention                      0 / 0                 0 / 2                 0 / 2                 0 / 2           ops/s
[2024-01-04T11:43:58.497+0800][gc,stats    ]    Critical: Allocation Stall                                  0 / 0                 0 / 0                 0 / 0                 0 / 0           ops/s
[2024-01-04T11:43:58.497+0800][gc,stats    ]    Critical: Allocation Stall                              0.000 / 0.000         0.000 / 0.000         0.000 / 0.000         0.000 / 0.000       ms
[2024-01-04T11:43:58.497+0800][gc,stats    ]    Critical: GC Locker Stall                                   0 / 0                 0 / 0                 0 / 0                 0 / 0           ops/s
[2024-01-04T11:43:58.497+0800][gc,stats    ]    Critical: GC Locker Stall                               0.000 / 0.000         0.000 / 0.000         0.000 / 0.000         0.000 / 0.000       ms
[2024-01-04T11:43:58.497+0800][gc,stats    ]    Critical: Relocation Stall                                  0 / 0                 0 / 0                 0 / 0                 0 / 0           ops/s
[2024-01-04T11:43:58.497+0800][gc,stats    ]    Critical: Relocation Stall                              0.000 / 0.000         0.000 / 0.000         0.000 / 0.000         0.000 / 0.000       ms
[2024-01-04T11:43:58.497+0800][gc,stats    ]      Memory: Allocation Rate                                   0 / 4                21 / 428              21 / 428              21 / 428         MB/s
[2024-01-04T11:43:58.497+0800][gc,stats    ]      Memory: Defragment                                        0 / 0                 0 / 29                0 / 29                0 / 29          ops/s
[2024-01-04T11:43:58.497+0800][gc,stats    ]      Memory: Out Of Memory                                     0 / 0                 0 / 0                 0 / 0                 0 / 0           ops/s
[2024-01-04T11:43:58.497+0800][gc,stats    ]      Memory: Page Cache Flush                                  0 / 0                 0 / 58                0 / 58                0 / 58          MB/s
[2024-01-04T11:43:58.497+0800][gc,stats    ]      Memory: Page Cache Hit L1                                 0 / 2                 5 / 83                5 / 83                5 / 83          ops/s
[2024-01-04T11:43:58.497+0800][gc,stats    ]      Memory: Page Cache Hit L2                                 0 / 0                 0 / 0                 0 / 0                 0 / 0           ops/s
[2024-01-04T11:43:58.497+0800][gc,stats    ]      Memory: Page Cache Hit L3                                 0 / 0                 1 / 53                1 / 53                1 / 53          ops/s
[2024-01-04T11:43:58.497+0800][gc,stats    ]      Memory: Page Cache Miss                                   0 / 0                 3 / 65                3 / 65                3 / 65          ops/s
[2024-01-04T11:43:58.497+0800][gc,stats    ]      Memory: Uncommit                                          0 / 0                 0 / 0                 0 / 0                 0 / 0           MB/s
[2024-01-04T11:43:58.497+0800][gc,stats    ]      Memory: Undo Object Allocation Failed                     0 / 0                 0 / 3                 0 / 3                 0 / 3           ops/s
[2024-01-04T11:43:58.497+0800][gc,stats    ]      Memory: Undo Object Allocation Succeeded                  0 / 0                 1 / 140               1 / 140               1 / 140         ops/s
[2024-01-04T11:43:58.497+0800][gc,stats    ]      Memory: Undo Page Allocation                              0 / 0                 0 / 9                 0 / 9                 0 / 9           ops/s
[2024-01-04T11:43:58.497+0800][gc,stats    ]       Phase: Concurrent Mark                               0.000 / 0.000       141.869 / 310.445     141.869 / 310.445     141.869 / 310.445     ms
[2024-01-04T11:43:58.497+0800][gc,stats    ]       Phase: Concurrent Mark Continue                      0.000 / 0.000         0.000 / 0.000         0.000 / 0.000         0.000 / 0.000       ms
[2024-01-04T11:43:58.497+0800][gc,stats    ]       Phase: Concurrent Mark Free                          0.000 / 0.000         0.001 / 0.001         0.001 / 0.001         0.001 / 0.001       ms
[2024-01-04T11:43:58.497+0800][gc,stats    ]       Phase: Concurrent Process Non-Strong References      0.000 / 0.000         7.190 / 14.900        7.190 / 14.900        7.190 / 14.900      ms
[2024-01-04T11:43:58.497+0800][gc,stats    ]       Phase: Concurrent Relocate                           0.000 / 0.000        30.195 / 56.995       30.195 / 56.995       30.195 / 56.995      ms
[2024-01-04T11:43:58.497+0800][gc,stats    ]       Phase: Concurrent Reset Relocation Set               0.000 / 0.000         0.012 / 0.039         0.012 / 0.039         0.012 / 0.039       ms
[2024-01-04T11:43:58.497+0800][gc,stats    ]       Phase: Concurrent Select Relocation Set              0.000 / 0.000         8.989 / 19.186        8.989 / 19.186        8.989 / 19.186      ms
[2024-01-04T11:43:58.497+0800][gc,stats    ]       Phase: Pause Mark End                                0.000 / 0.000         0.022 / 0.032         0.022 / 0.032         0.022 / 0.032       ms
[2024-01-04T11:43:58.497+0800][gc,stats    ]       Phase: Pause Mark Start                              0.000 / 0.000         0.021 / 0.064         0.021 / 0.064         0.021 / 0.064       ms
[2024-01-04T11:43:58.497+0800][gc,stats    ]       Phase: Pause Relocate Start                          0.000 / 0.000         0.013 / 0.020         0.013 / 0.020         0.013 / 0.020       ms
[2024-01-04T11:43:58.497+0800][gc,stats    ]    Subphase: Concurrent Classes Purge                      0.000 / 0.000         0.155 / 0.351         0.155 / 0.351         0.155 / 0.351       ms
[2024-01-04T11:43:58.497+0800][gc,stats    ]    Subphase: Concurrent Classes Unlink                     0.000 / 0.000         4.406 / 11.912        4.406 / 11.912        4.406 / 11.912      ms
[2024-01-04T11:43:58.497+0800][gc,stats    ]    Subphase: Concurrent Mark                               0.000 / 0.000       136.309 / 295.705     136.309 / 295.705     136.309 / 295.705     ms
[2024-01-04T11:43:58.497+0800][gc,stats    ]    Subphase: Concurrent Mark Try Flush                     0.000 / 0.000         0.050 / 0.125         0.050 / 0.125         0.050 / 0.125       ms
[2024-01-04T11:43:58.497+0800][gc,stats    ]    Subphase: Concurrent Mark Try Terminate                 0.000 / 0.000         3.075 / 15.520        3.075 / 15.520        3.075 / 15.520      ms
[2024-01-04T11:43:58.497+0800][gc,stats    ]    Subphase: Concurrent References Enqueue                 0.000 / 0.000         0.004 / 0.005         0.004 / 0.005         0.004 / 0.005       ms
[2024-01-04T11:43:58.497+0800][gc,stats    ]    Subphase: Concurrent References Process                 0.000 / 0.000         2.036 / 5.276         2.036 / 5.276         2.036 / 5.276       ms
[2024-01-04T11:43:58.497+0800][gc,stats    ]    Subphase: Concurrent Roots ClassLoaderDataGraph         0.000 / 0.000         0.186 / 2.096         0.186 / 2.096         0.186 / 2.096       ms
[2024-01-04T11:43:58.497+0800][gc,stats    ]    Subphase: Concurrent Roots CodeCache                    0.000 / 0.000         0.000 / 0.000         0.000 / 0.000         0.000 / 0.000       ms
[2024-01-04T11:43:58.497+0800][gc,stats    ]    Subphase: Concurrent Roots JavaThreads                  0.000 / 0.000         3.615 / 14.095        3.615 / 14.095        3.615 / 14.095      ms
[2024-01-04T11:43:58.497+0800][gc,stats    ]    Subphase: Concurrent Roots OopStorageSet                0.000 / 0.000         0.052 / 0.159         0.052 / 0.159         0.052 / 0.159       ms
[2024-01-04T11:43:58.497+0800][gc,stats    ]    Subphase: Concurrent Weak Roots OopStorageSet           0.000 / 0.000         0.479 / 0.631         0.479 / 0.631         0.479 / 0.631       ms
[2024-01-04T11:43:58.497+0800][gc,stats    ]    Subphase: Pause Mark Try Complete                       0.000 / 0.000         0.002 / 0.004         0.002 / 0.004         0.002 / 0.004       ms
[2024-01-04T11:43:58.497+0800][gc,stats    ]      System: Java Threads                                      0 / 0                61 / 79               61 / 79               61 / 79          threads
[2024-01-04T11:43:58.497+0800][gc,stats    ] =========================================================================================================================================================
[2024-01-04T11:44:08.497+0800][gc,stats    ] === Garbage Collection Statistics =======================================================================================================================
[2024-01-04T11:44:08.497+0800][gc,stats    ]                                                              Last 10s              Last 10m              Last 10h                Total
[2024-01-04T11:44:08.497+0800][gc,stats    ]                                                              Avg / Max             Avg / Max             Avg / Max             Avg / Max
[2024-01-04T11:44:08.497+0800][gc,stats    ]   Collector: Garbage Collection Cycle                      0.000 / 0.000       189.397 / 396.896     189.397 / 396.896     189.397 / 396.896     ms
[2024-01-04T11:44:08.497+0800][gc,stats    ]  Contention: Mark Segment Reset Contention                     0 / 0                 0 / 2                 0 / 2                 0 / 2           ops/s
[2024-01-04T11:44:08.497+0800][gc,stats    ]  Contention: Mark SeqNum Reset Contention                      0 / 0                 0 / 2                 0 / 2                 0 / 2           ops/s
[2024-01-04T11:44:08.497+0800][gc,stats    ]    Critical: Allocation Stall                                  0 / 0                 0 / 0                 0 / 0                 0 / 0           ops/s
[2024-01-04T11:44:08.497+0800][gc,stats    ]    Critical: Allocation Stall                              0.000 / 0.000         0.000 / 0.000         0.000 / 0.000         0.000 / 0.000       ms
[2024-01-04T11:44:08.497+0800][gc,stats    ]    Critical: GC Locker Stall                                   0 / 0                 0 / 0                 0 / 0                 0 / 0           ops/s
[2024-01-04T11:44:08.497+0800][gc,stats    ]    Critical: GC Locker Stall                               0.000 / 0.000         0.000 / 0.000         0.000 / 0.000         0.000 / 0.000       ms
[2024-01-04T11:44:08.497+0800][gc,stats    ]    Critical: Relocation Stall                                  0 / 0                 0 / 0                 0 / 0                 0 / 0           ops/s
[2024-01-04T11:44:08.497+0800][gc,stats    ]    Critical: Relocation Stall                              0.000 / 0.000         0.000 / 0.000         0.000 / 0.000         0.000 / 0.000       ms
[2024-01-04T11:44:08.497+0800][gc,stats    ]      Memory: Allocation Rate                                   0 / 2                19 / 428              19 / 428              19 / 428         MB/s
[2024-01-04T11:44:08.497+0800][gc,stats    ]      Memory: Defragment                                        0 / 0                 0 / 29                0 / 29                0 / 29          ops/s
[2024-01-04T11:44:08.497+0800][gc,stats    ]      Memory: Out Of Memory                                     0 / 0                 0 / 0                 0 / 0                 0 / 0           ops/s
[2024-01-04T11:44:08.497+0800][gc,stats    ]      Memory: Page Cache Flush                                  0 / 0                 0 / 58                0 / 58                0 / 58          MB/s
[2024-01-04T11:44:08.497+0800][gc,stats    ]      Memory: Page Cache Hit L1                                 0 / 1                 5 / 83                5 / 83                5 / 83          ops/s
[2024-01-04T11:44:08.497+0800][gc,stats    ]      Memory: Page Cache Hit L2                                 0 / 0                 0 / 0                 0 / 0                 0 / 0           ops/s
[2024-01-04T11:44:08.497+0800][gc,stats    ]      Memory: Page Cache Hit L3                                 0 / 0                 1 / 53                1 / 53                1 / 53          ops/s
[2024-01-04T11:44:08.497+0800][gc,stats    ]      Memory: Page Cache Miss                                   0 / 0                 3 / 65                3 / 65                3 / 65          ops/s
[2024-01-04T11:44:08.497+0800][gc,stats    ]      Memory: Uncommit                                          0 / 0                 0 / 0                 0 / 0                 0 / 0           MB/s
[2024-01-04T11:44:08.497+0800][gc,stats    ]      Memory: Undo Object Allocation Failed                     0 / 0                 0 / 3                 0 / 3                 0 / 3           ops/s
[2024-01-04T11:44:08.497+0800][gc,stats    ]      Memory: Undo Object Allocation Succeeded                  0 / 0                 1 / 140               1 / 140               1 / 140         ops/s
[2024-01-04T11:44:08.497+0800][gc,stats    ]      Memory: Undo Page Allocation                              0 / 0                 0 / 9                 0 / 9                 0 / 9           ops/s
[2024-01-04T11:44:08.497+0800][gc,stats    ]       Phase: Concurrent Mark                               0.000 / 0.000       141.869 / 310.445     141.869 / 310.445     141.869 / 310.445     ms
[2024-01-04T11:44:08.497+0800][gc,stats    ]       Phase: Concurrent Mark Continue                      0.000 / 0.000         0.000 / 0.000         0.000 / 0.000         0.000 / 0.000       ms
[2024-01-04T11:44:08.497+0800][gc,stats    ]       Phase: Concurrent Mark Free                          0.000 / 0.000         0.001 / 0.001         0.001 / 0.001         0.001 / 0.001       ms
[2024-01-04T11:44:08.497+0800][gc,stats    ]       Phase: Concurrent Process Non-Strong References      0.000 / 0.000         7.190 / 14.900        7.190 / 14.900        7.190 / 14.900      ms
[2024-01-04T11:44:08.497+0800][gc,stats    ]       Phase: Concurrent Relocate                           0.000 / 0.000        30.195 / 56.995       30.195 / 56.995       30.195 / 56.995      ms
[2024-01-04T11:44:08.497+0800][gc,stats    ]       Phase: Concurrent Reset Relocation Set               0.000 / 0.000         0.012 / 0.039         0.012 / 0.039         0.012 / 0.039       ms
[2024-01-04T11:44:08.497+0800][gc,stats    ]       Phase: Concurrent Select Relocation Set              0.000 / 0.000         8.989 / 19.186        8.989 / 19.186        8.989 / 19.186      ms
[2024-01-04T11:44:08.497+0800][gc,stats    ]       Phase: Pause Mark End                                0.000 / 0.000         0.022 / 0.032         0.022 / 0.032         0.022 / 0.032       ms
[2024-01-04T11:44:08.497+0800][gc,stats    ]       Phase: Pause Mark Start                              0.000 / 0.000         0.021 / 0.064         0.021 / 0.064         0.021 / 0.064       ms
[2024-01-04T11:44:08.497+0800][gc,stats    ]       Phase: Pause Relocate Start                          0.000 / 0.000         0.013 / 0.020         0.013 / 0.020         0.013 / 0.020       ms
[2024-01-04T11:44:08.497+0800][gc,stats    ]    Subphase: Concurrent Classes Purge                      0.000 / 0.000         0.155 / 0.351         0.155 / 0.351         0.155 / 0.351       ms
[2024-01-04T11:44:08.497+0800][gc,stats    ]    Subphase: Concurrent Classes Unlink                     0.000 / 0.000         4.406 / 11.912        4.406 / 11.912        4.406 / 11.912      ms
[2024-01-04T11:44:08.497+0800][gc,stats    ]    Subphase: Concurrent Mark                               0.000 / 0.000       136.309 / 295.705     136.309 / 295.705     136.309 / 295.705     ms
[2024-01-04T11:44:08.497+0800][gc,stats    ]    Subphase: Concurrent Mark Try Flush                     0.000 / 0.000         0.050 / 0.125         0.050 / 0.125         0.050 / 0.125       ms
[2024-01-04T11:44:08.497+0800][gc,stats    ]    Subphase: Concurrent Mark Try Terminate                 0.000 / 0.000         3.075 / 15.520        3.075 / 15.520        3.075 / 15.520      ms
[2024-01-04T11:44:08.497+0800][gc,stats    ]    Subphase: Concurrent References Enqueue                 0.000 / 0.000         0.004 / 0.005         0.004 / 0.005         0.004 / 0.005       ms
[2024-01-04T11:44:08.497+0800][gc,stats    ]    Subphase: Concurrent References Process                 0.000 / 0.000         2.036 / 5.276         2.036 / 5.276         2.036 / 5.276       ms
[2024-01-04T11:44:08.497+0800][gc,stats    ]    Subphase: Concurrent Roots ClassLoaderDataGraph         0.000 / 0.000         0.186 / 2.096         0.186 / 2.096         0.186 / 2.096       ms
[2024-01-04T11:44:08.497+0800][gc,stats    ]    Subphase: Concurrent Roots CodeCache                    0.000 / 0.000         0.000 / 0.000         0.000 / 0.000         0.000 / 0.000       ms
[2024-01-04T11:44:08.497+0800][gc,stats    ]    Subphase: Concurrent Roots JavaThreads                  0.000 / 0.000         3.615 / 14.095        3.615 / 14.095        3.615 / 14.095      ms
[2024-01-04T11:44:08.497+0800][gc,stats    ]    Subphase: Concurrent Roots OopStorageSet                0.000 / 0.000         0.052 / 0.159         0.052 / 0.159         0.052 / 0.159       ms
[2024-01-04T11:44:08.497+0800][gc,stats    ]    Subphase: Concurrent Weak Roots OopStorageSet           0.000 / 0.000         0.479 / 0.631         0.479 / 0.631         0.479 / 0.631       ms
[2024-01-04T11:44:08.497+0800][gc,stats    ]    Subphase: Pause Mark Try Complete                       0.000 / 0.000         0.002 / 0.004         0.002 / 0.004         0.002 / 0.004       ms
[2024-01-04T11:44:08.497+0800][gc,stats    ]      System: Java Threads                                      0 / 0                61 / 79               61 / 79               61 / 79          threads
[2024-01-04T11:44:08.497+0800][gc,stats    ] =========================================================================================================================================================
[2024-01-04T11:44:18.497+0800][gc,stats    ] === Garbage Collection Statistics =======================================================================================================================
[2024-01-04T11:44:18.497+0800][gc,stats    ]                                                              Last 10s              Last 10m              Last 10h                Total
[2024-01-04T11:44:18.497+0800][gc,stats    ]                                                              Avg / Max             Avg / Max             Avg / Max             Avg / Max
[2024-01-04T11:44:18.497+0800][gc,stats    ]   Collector: Garbage Collection Cycle                      0.000 / 0.000       189.397 / 396.896     189.397 / 396.896     189.397 / 396.896     ms
[2024-01-04T11:44:18.497+0800][gc,stats    ]  Contention: Mark Segment Reset Contention                     0 / 0                 0 / 2                 0 / 2                 0 / 2           ops/s
[2024-01-04T11:44:18.497+0800][gc,stats    ]  Contention: Mark SeqNum Reset Contention                      0 / 0                 0 / 2                 0 / 2                 0 / 2           ops/s
[2024-01-04T11:44:18.497+0800][gc,stats    ]    Critical: Allocation Stall                                  0 / 0                 0 / 0                 0 / 0                 0 / 0           ops/s
[2024-01-04T11:44:18.497+0800][gc,stats    ]    Critical: Allocation Stall                              0.000 / 0.000         0.000 / 0.000         0.000 / 0.000         0.000 / 0.000       ms
[2024-01-04T11:44:18.497+0800][gc,stats    ]    Critical: GC Locker Stall                                   0 / 0                 0 / 0                 0 / 0                 0 / 0           ops/s
[2024-01-04T11:44:18.497+0800][gc,stats    ]    Critical: GC Locker Stall                               0.000 / 0.000         0.000 / 0.000         0.000 / 0.000         0.000 / 0.000       ms
[2024-01-04T11:44:18.497+0800][gc,stats    ]    Critical: Relocation Stall                                  0 / 0                 0 / 0                 0 / 0                 0 / 0           ops/s
[2024-01-04T11:44:18.497+0800][gc,stats    ]    Critical: Relocation Stall                              0.000 / 0.000         0.000 / 0.000         0.000 / 0.000         0.000 / 0.000       ms
[2024-01-04T11:44:18.497+0800][gc,stats    ]      Memory: Allocation Rate                                   0 / 0                18 / 428              18 / 428              18 / 428         MB/s
[2024-01-04T11:44:18.497+0800][gc,stats    ]      Memory: Defragment                                        0 / 0                 0 / 29                0 / 29                0 / 29          ops/s
[2024-01-04T11:44:18.497+0800][gc,stats    ]      Memory: Out Of Memory                                     0 / 0                 0 / 0                 0 / 0                 0 / 0           ops/s
[2024-01-04T11:44:18.497+0800][gc,stats    ]      Memory: Page Cache Flush                                  0 / 0                 0 / 58                0 / 58                0 / 58          MB/s
[2024-01-04T11:44:18.497+0800][gc,stats    ]      Memory: Page Cache Hit L1                                 0 / 0                 5 / 83                5 / 83                5 / 83          ops/s
[2024-01-04T11:44:18.497+0800][gc,stats    ]      Memory: Page Cache Hit L2                                 0 / 0                 0 / 0                 0 / 0                 0 / 0           ops/s
[2024-01-04T11:44:18.497+0800][gc,stats    ]      Memory: Page Cache Hit L3                                 0 / 0                 1 / 53                1 / 53                1 / 53          ops/s
[2024-01-04T11:44:18.497+0800][gc,stats    ]      Memory: Page Cache Miss                                   0 / 0                 2 / 65                2 / 65                2 / 65          ops/s
[2024-01-04T11:44:18.497+0800][gc,stats    ]      Memory: Uncommit                                          0 / 0                 0 / 0                 0 / 0                 0 / 0           MB/s
[2024-01-04T11:44:18.497+0800][gc,stats    ]      Memory: Undo Object Allocation Failed                     0 / 0                 0 / 3                 0 / 3                 0 / 3           ops/s
[2024-01-04T11:44:18.497+0800][gc,stats    ]      Memory: Undo Object Allocation Succeeded                  0 / 0                 1 / 140               1 / 140               1 / 140         ops/s
[2024-01-04T11:44:18.497+0800][gc,stats    ]      Memory: Undo Page Allocation                              0 / 0                 0 / 9                 0 / 9                 0 / 9           ops/s
[2024-01-04T11:44:18.497+0800][gc,stats    ]       Phase: Concurrent Mark                               0.000 / 0.000       141.869 / 310.445     141.869 / 310.445     141.869 / 310.445     ms
[2024-01-04T11:44:18.497+0800][gc,stats    ]       Phase: Concurrent Mark Continue                      0.000 / 0.000         0.000 / 0.000         0.000 / 0.000         0.000 / 0.000       ms
[2024-01-04T11:44:18.497+0800][gc,stats    ]       Phase: Concurrent Mark Free                          0.000 / 0.000         0.001 / 0.001         0.001 / 0.001         0.001 / 0.001       ms
[2024-01-04T11:44:18.497+0800][gc,stats    ]       Phase: Concurrent Process Non-Strong References      0.000 / 0.000         7.190 / 14.900        7.190 / 14.900        7.190 / 14.900      ms
[2024-01-04T11:44:18.497+0800][gc,stats    ]       Phase: Concurrent Relocate                           0.000 / 0.000        30.195 / 56.995       30.195 / 56.995       30.195 / 56.995      ms
[2024-01-04T11:44:18.497+0800][gc,stats    ]       Phase: Concurrent Reset Relocation Set               0.000 / 0.000         0.012 / 0.039         0.012 / 0.039         0.012 / 0.039       ms
[2024-01-04T11:44:18.497+0800][gc,stats    ]       Phase: Concurrent Select Relocation Set              0.000 / 0.000         8.989 / 19.186        8.989 / 19.186        8.989 / 19.186      ms
[2024-01-04T11:44:18.497+0800][gc,stats    ]       Phase: Pause Mark End                                0.000 / 0.000         0.022 / 0.032         0.022 / 0.032         0.022 / 0.032       ms
[2024-01-04T11:44:18.497+0800][gc,stats    ]       Phase: Pause Mark Start                              0.000 / 0.000         0.021 / 0.064         0.021 / 0.064         0.021 / 0.064       ms
[2024-01-04T11:44:18.497+0800][gc,stats    ]       Phase: Pause Relocate Start                          0.000 / 0.000         0.013 / 0.020         0.013 / 0.020         0.013 / 0.020       ms
[2024-01-04T11:44:18.497+0800][gc,stats    ]    Subphase: Concurrent Classes Purge                      0.000 / 0.000         0.155 / 0.351         0.155 / 0.351         0.155 / 0.351       ms
[2024-01-04T11:44:18.497+0800][gc,stats    ]    Subphase: Concurrent Classes Unlink                     0.000 / 0.000         4.406 / 11.912        4.406 / 11.912        4.406 / 11.912      ms
[2024-01-04T11:44:18.497+0800][gc,stats    ]    Subphase: Concurrent Mark                               0.000 / 0.000       136.309 / 295.705     136.309 / 295.705     136.309 / 295.705     ms
[2024-01-04T11:44:18.497+0800][gc,stats    ]    Subphase: Concurrent Mark Try Flush                     0.000 / 0.000         0.050 / 0.125         0.050 / 0.125         0.050 / 0.125       ms
[2024-01-04T11:44:18.497+0800][gc,stats    ]    Subphase: Concurrent Mark Try Terminate                 0.000 / 0.000         3.075 / 15.520        3.075 / 15.520        3.075 / 15.520      ms
[2024-01-04T11:44:18.497+0800][gc,stats    ]    Subphase: Concurrent References Enqueue                 0.000 / 0.000         0.004 / 0.005         0.004 / 0.005         0.004 / 0.005       ms
[2024-01-04T11:44:18.497+0800][gc,stats    ]    Subphase: Concurrent References Process                 0.000 / 0.000         2.036 / 5.276         2.036 / 5.276         2.036 / 5.276       ms
[2024-01-04T11:44:18.497+0800][gc,stats    ]    Subphase: Concurrent Roots ClassLoaderDataGraph         0.000 / 0.000         0.186 / 2.096         0.186 / 2.096         0.186 / 2.096       ms
[2024-01-04T11:44:18.497+0800][gc,stats    ]    Subphase: Concurrent Roots CodeCache                    0.000 / 0.000         0.000 / 0.000         0.000 / 0.000         0.000 / 0.000       ms
[2024-01-04T11:44:18.497+0800][gc,stats    ]    Subphase: Concurrent Roots JavaThreads                  0.000 / 0.000         3.615 / 14.095        3.615 / 14.095        3.615 / 14.095      ms
[2024-01-04T11:44:18.497+0800][gc,stats    ]    Subphase: Concurrent Roots OopStorageSet                0.000 / 0.000         0.052 / 0.159         0.052 / 0.159         0.052 / 0.159       ms
[2024-01-04T11:44:18.497+0800][gc,stats    ]    Subphase: Concurrent Weak Roots OopStorageSet           0.000 / 0.000         0.479 / 0.631         0.479 / 0.631         0.479 / 0.631       ms
[2024-01-04T11:44:18.497+0800][gc,stats    ]    Subphase: Pause Mark Try Complete                       0.000 / 0.000         0.002 / 0.004         0.002 / 0.004         0.002 / 0.004       ms
[2024-01-04T11:44:18.497+0800][gc,stats    ]      System: Java Threads                                      0 / 0                61 / 79               61 / 79               61 / 79          threads
[2024-01-04T11:44:18.497+0800][gc,stats    ] =========================================================================================================================================================
[2024-01-04T11:44:28.496+0800][gc,stats    ] === Garbage Collection Statistics =======================================================================================================================
[2024-01-04T11:44:28.496+0800][gc,stats    ]                                                              Last 10s              Last 10m              Last 10h                Total
[2024-01-04T11:44:28.496+0800][gc,stats    ]                                                              Avg / Max             Avg / Max             Avg / Max             Avg / Max
[2024-01-04T11:44:28.496+0800][gc,stats    ]   Collector: Garbage Collection Cycle                      0.000 / 0.000       189.397 / 396.896     189.397 / 396.896     189.397 / 396.896     ms
[2024-01-04T11:44:28.496+0800][gc,stats    ]  Contention: Mark Segment Reset Contention                     0 / 0                 0 / 2                 0 / 2                 0 / 2           ops/s
[2024-01-04T11:44:28.496+0800][gc,stats    ]  Contention: Mark SeqNum Reset Contention                      0 / 0                 0 / 2                 0 / 2                 0 / 2           ops/s
[2024-01-04T11:44:28.496+0800][gc,stats    ]    Critical: Allocation Stall                                  0 / 0                 0 / 0                 0 / 0                 0 / 0           ops/s
[2024-01-04T11:44:28.496+0800][gc,stats    ]    Critical: Allocation Stall                              0.000 / 0.000         0.000 / 0.000         0.000 / 0.000         0.000 / 0.000       ms
[2024-01-04T11:44:28.496+0800][gc,stats    ]    Critical: GC Locker Stall                                   0 / 0                 0 / 0                 0 / 0                 0 / 0           ops/s
[2024-01-04T11:44:28.496+0800][gc,stats    ]    Critical: GC Locker Stall                               0.000 / 0.000         0.000 / 0.000         0.000 / 0.000         0.000 / 0.000       ms
[2024-01-04T11:44:28.496+0800][gc,stats    ]    Critical: Relocation Stall                                  0 / 0                 0 / 0                 0 / 0                 0 / 0           ops/s
[2024-01-04T11:44:28.496+0800][gc,stats    ]    Critical: Relocation Stall                              0.000 / 0.000         0.000 / 0.000         0.000 / 0.000         0.000 / 0.000       ms
[2024-01-04T11:44:28.496+0800][gc,stats    ]      Memory: Allocation Rate                                   0 / 2                17 / 428              17 / 428              17 / 428         MB/s
[2024-01-04T11:44:28.496+0800][gc,stats    ]      Memory: Defragment                                        0 / 0                 0 / 29                0 / 29                0 / 29          ops/s
[2024-01-04T11:44:28.496+0800][gc,stats    ]      Memory: Out Of Memory                                     0 / 0                 0 / 0                 0 / 0                 0 / 0           ops/s
[2024-01-04T11:44:28.496+0800][gc,stats    ]      Memory: Page Cache Flush                                  0 / 0                 0 / 58                0 / 58                0 / 58          MB/s
[2024-01-04T11:44:28.496+0800][gc,stats    ]      Memory: Page Cache Hit L1                                 0 / 1                 4 / 83                4 / 83                4 / 83          ops/s
[2024-01-04T11:44:28.496+0800][gc,stats    ]      Memory: Page Cache Hit L2                                 0 / 0                 0 / 0                 0 / 0                 0 / 0           ops/s
[2024-01-04T11:44:28.496+0800][gc,stats    ]      Memory: Page Cache Hit L3                                 0 / 0                 0 / 53                0 / 53                0 / 53          ops/s
[2024-01-04T11:44:28.496+0800][gc,stats    ]      Memory: Page Cache Miss                                   0 / 0                 2 / 65                2 / 65                2 / 65          ops/s
[2024-01-04T11:44:28.496+0800][gc,stats    ]      Memory: Uncommit                                          0 / 0                 0 / 0                 0 / 0                 0 / 0           MB/s
[2024-01-04T11:44:28.496+0800][gc,stats    ]      Memory: Undo Object Allocation Failed                     0 / 0                 0 / 3                 0 / 3                 0 / 3           ops/s
[2024-01-04T11:44:28.496+0800][gc,stats    ]      Memory: Undo Object Allocation Succeeded                  0 / 0                 0 / 140               0 / 140               0 / 140         ops/s
[2024-01-04T11:44:28.496+0800][gc,stats    ]      Memory: Undo Page Allocation                              0 / 0                 0 / 9                 0 / 9                 0 / 9           ops/s
[2024-01-04T11:44:28.496+0800][gc,stats    ]       Phase: Concurrent Mark                               0.000 / 0.000       141.869 / 310.445     141.869 / 310.445     141.869 / 310.445     ms
[2024-01-04T11:44:28.496+0800][gc,stats    ]       Phase: Concurrent Mark Continue                      0.000 / 0.000         0.000 / 0.000         0.000 / 0.000         0.000 / 0.000       ms
[2024-01-04T11:44:28.496+0800][gc,stats    ]       Phase: Concurrent Mark Free                          0.000 / 0.000         0.001 / 0.001         0.001 / 0.001         0.001 / 0.001       ms
[2024-01-04T11:44:28.496+0800][gc,stats    ]       Phase: Concurrent Process Non-Strong References      0.000 / 0.000         7.190 / 14.900        7.190 / 14.900        7.190 / 14.900      ms
[2024-01-04T11:44:28.496+0800][gc,stats    ]       Phase: Concurrent Relocate                           0.000 / 0.000        30.195 / 56.995       30.195 / 56.995       30.195 / 56.995      ms
[2024-01-04T11:44:28.496+0800][gc,stats    ]       Phase: Concurrent Reset Relocation Set               0.000 / 0.000         0.012 / 0.039         0.012 / 0.039         0.012 / 0.039       ms
[2024-01-04T11:44:28.496+0800][gc,stats    ]       Phase: Concurrent Select Relocation Set              0.000 / 0.000         8.989 / 19.186        8.989 / 19.186        8.989 / 19.186      ms
[2024-01-04T11:44:28.496+0800][gc,stats    ]       Phase: Pause Mark End                                0.000 / 0.000         0.022 / 0.032         0.022 / 0.032         0.022 / 0.032       ms
[2024-01-04T11:44:28.496+0800][gc,stats    ]       Phase: Pause Mark Start                              0.000 / 0.000         0.021 / 0.064         0.021 / 0.064         0.021 / 0.064       ms
[2024-01-04T11:44:28.496+0800][gc,stats    ]       Phase: Pause Relocate Start                          0.000 / 0.000         0.013 / 0.020         0.013 / 0.020         0.013 / 0.020       ms
[2024-01-04T11:44:28.496+0800][gc,stats    ]    Subphase: Concurrent Classes Purge                      0.000 / 0.000         0.155 / 0.351         0.155 / 0.351         0.155 / 0.351       ms
[2024-01-04T11:44:28.496+0800][gc,stats    ]    Subphase: Concurrent Classes Unlink                     0.000 / 0.000         4.406 / 11.912        4.406 / 11.912        4.406 / 11.912      ms
[2024-01-04T11:44:28.496+0800][gc,stats    ]    Subphase: Concurrent Mark                               0.000 / 0.000       136.309 / 295.705     136.309 / 295.705     136.309 / 295.705     ms
[2024-01-04T11:44:28.496+0800][gc,stats    ]    Subphase: Concurrent Mark Try Flush                     0.000 / 0.000         0.050 / 0.125         0.050 / 0.125         0.050 / 0.125       ms
[2024-01-04T11:44:28.496+0800][gc,stats    ]    Subphase: Concurrent Mark Try Terminate                 0.000 / 0.000         3.075 / 15.520        3.075 / 15.520        3.075 / 15.520      ms
[2024-01-04T11:44:28.496+0800][gc,stats    ]    Subphase: Concurrent References Enqueue                 0.000 / 0.000         0.004 / 0.005         0.004 / 0.005         0.004 / 0.005       ms
[2024-01-04T11:44:28.496+0800][gc,stats    ]    Subphase: Concurrent References Process                 0.000 / 0.000         2.036 / 5.276         2.036 / 5.276         2.036 / 5.276       ms
[2024-01-04T11:44:28.496+0800][gc,stats    ]    Subphase: Concurrent Roots ClassLoaderDataGraph         0.000 / 0.000         0.186 / 2.096         0.186 / 2.096         0.186 / 2.096       ms
[2024-01-04T11:44:28.496+0800][gc,stats    ]    Subphase: Concurrent Roots CodeCache                    0.000 / 0.000         0.000 / 0.000         0.000 / 0.000         0.000 / 0.000       ms
[2024-01-04T11:44:28.496+0800][gc,stats    ]    Subphase: Concurrent Roots JavaThreads                  0.000 / 0.000         3.615 / 14.095        3.615 / 14.095        3.615 / 14.095      ms
[2024-01-04T11:44:28.496+0800][gc,stats    ]    Subphase: Concurrent Roots OopStorageSet                0.000 / 0.000         0.052 / 0.159         0.052 / 0.159         0.052 / 0.159       ms
[2024-01-04T11:44:28.496+0800][gc,stats    ]    Subphase: Concurrent Weak Roots OopStorageSet           0.000 / 0.000         0.479 / 0.631         0.479 / 0.631         0.479 / 0.631       ms
[2024-01-04T11:44:28.496+0800][gc,stats    ]    Subphase: Pause Mark Try Complete                       0.000 / 0.000         0.002 / 0.004         0.002 / 0.004         0.002 / 0.004       ms
[2024-01-04T11:44:28.496+0800][gc,stats    ]      System: Java Threads                                      0 / 0                61 / 79               61 / 79               61 / 79          threads
[2024-01-04T11:44:28.496+0800][gc,stats    ] =========================================================================================================================================================
[2024-01-04T11:44:38.496+0800][gc,stats    ] === Garbage Collection Statistics =======================================================================================================================
[2024-01-04T11:44:38.496+0800][gc,stats    ]                                                              Last 10s              Last 10m              Last 10h                Total
[2024-01-04T11:44:38.496+0800][gc,stats    ]                                                              Avg / Max             Avg / Max             Avg / Max             Avg / Max
[2024-01-04T11:44:38.496+0800][gc,stats    ]   Collector: Garbage Collection Cycle                      0.000 / 0.000       189.397 / 396.896     189.397 / 396.896     189.397 / 396.896     ms
[2024-01-04T11:44:38.496+0800][gc,stats    ]  Contention: Mark Segment Reset Contention                     0 / 0                 0 / 2                 0 / 2                 0 / 2           ops/s
[2024-01-04T11:44:38.496+0800][gc,stats    ]  Contention: Mark SeqNum Reset Contention                      0 / 0                 0 / 2                 0 / 2                 0 / 2           ops/s
[2024-01-04T11:44:38.496+0800][gc,stats    ]    Critical: Allocation Stall                                  0 / 0                 0 / 0                 0 / 0                 0 / 0           ops/s
[2024-01-04T11:44:38.496+0800][gc,stats    ]    Critical: Allocation Stall                              0.000 / 0.000         0.000 / 0.000         0.000 / 0.000         0.000 / 0.000       ms
[2024-01-04T11:44:38.496+0800][gc,stats    ]    Critical: GC Locker Stall                                   0 / 0                 0 / 0                 0 / 0                 0 / 0           ops/s
[2024-01-04T11:44:38.496+0800][gc,stats    ]    Critical: GC Locker Stall                               0.000 / 0.000         0.000 / 0.000         0.000 / 0.000         0.000 / 0.000       ms
[2024-01-04T11:44:38.496+0800][gc,stats    ]    Critical: Relocation Stall                                  0 / 0                 0 / 0                 0 / 0                 0 / 0           ops/s
[2024-01-04T11:44:38.496+0800][gc,stats    ]    Critical: Relocation Stall                              0.000 / 0.000         0.000 / 0.000         0.000 / 0.000         0.000 / 0.000       ms
[2024-01-04T11:44:38.496+0800][gc,stats    ]      Memory: Allocation Rate                                   0 / 0                16 / 428              16 / 428              16 / 428         MB/s
[2024-01-04T11:44:38.496+0800][gc,stats    ]      Memory: Defragment                                        0 / 0                 0 / 29                0 / 29                0 / 29          ops/s
[2024-01-04T11:44:38.496+0800][gc,stats    ]      Memory: Out Of Memory                                     0 / 0                 0 / 0                 0 / 0                 0 / 0           ops/s
[2024-01-04T11:44:38.496+0800][gc,stats    ]      Memory: Page Cache Flush                                  0 / 0                 0 / 58                0 / 58                0 / 58          MB/s
[2024-01-04T11:44:38.496+0800][gc,stats    ]      Memory: Page Cache Hit L1                                 0 / 0                 4 / 83                4 / 83                4 / 83          ops/s
[2024-01-04T11:44:38.496+0800][gc,stats    ]      Memory: Page Cache Hit L2                                 0 / 0                 0 / 0                 0 / 0                 0 / 0           ops/s
[2024-01-04T11:44:38.496+0800][gc,stats    ]      Memory: Page Cache Hit L3                                 0 / 0                 0 / 53                0 / 53                0 / 53          ops/s
[2024-01-04T11:44:38.496+0800][gc,stats    ]      Memory: Page Cache Miss                                   0 / 0                 2 / 65                2 / 65                2 / 65          ops/s
[2024-01-04T11:44:38.496+0800][gc,stats    ]      Memory: Uncommit                                          0 / 0                 0 / 0                 0 / 0                 0 / 0           MB/s
[2024-01-04T11:44:38.496+0800][gc,stats    ]      Memory: Undo Object Allocation Failed                     0 / 0                 0 / 3                 0 / 3                 0 / 3           ops/s
[2024-01-04T11:44:38.496+0800][gc,stats    ]      Memory: Undo Object Allocation Succeeded                  0 / 0                 0 / 140               0 / 140               0 / 140         ops/s
[2024-01-04T11:44:38.496+0800][gc,stats    ]      Memory: Undo Page Allocation                              0 / 0                 0 / 9                 0 / 9                 0 / 9           ops/s
[2024-01-04T11:44:38.496+0800][gc,stats    ]       Phase: Concurrent Mark                               0.000 / 0.000       141.869 / 310.445     141.869 / 310.445     141.869 / 310.445     ms
[2024-01-04T11:44:38.496+0800][gc,stats    ]       Phase: Concurrent Mark Continue                      0.000 / 0.000         0.000 / 0.000         0.000 / 0.000         0.000 / 0.000       ms
[2024-01-04T11:44:38.496+0800][gc,stats    ]       Phase: Concurrent Mark Free                          0.000 / 0.000         0.001 / 0.001         0.001 / 0.001         0.001 / 0.001       ms
[2024-01-04T11:44:38.496+0800][gc,stats    ]       Phase: Concurrent Process Non-Strong References      0.000 / 0.000         7.190 / 14.900        7.190 / 14.900        7.190 / 14.900      ms
[2024-01-04T11:44:38.496+0800][gc,stats    ]       Phase: Concurrent Relocate                           0.000 / 0.000        30.195 / 56.995       30.195 / 56.995       30.195 / 56.995      ms
[2024-01-04T11:44:38.496+0800][gc,stats    ]       Phase: Concurrent Reset Relocation Set               0.000 / 0.000         0.012 / 0.039         0.012 / 0.039         0.012 / 0.039       ms
[2024-01-04T11:44:38.496+0800][gc,stats    ]       Phase: Concurrent Select Relocation Set              0.000 / 0.000         8.989 / 19.186        8.989 / 19.186        8.989 / 19.186      ms
[2024-01-04T11:44:38.496+0800][gc,stats    ]       Phase: Pause Mark End                                0.000 / 0.000         0.022 / 0.032         0.022 / 0.032         0.022 / 0.032       ms
[2024-01-04T11:44:38.496+0800][gc,stats    ]       Phase: Pause Mark Start                              0.000 / 0.000         0.021 / 0.064         0.021 / 0.064         0.021 / 0.064       ms
[2024-01-04T11:44:38.496+0800][gc,stats    ]       Phase: Pause Relocate Start                          0.000 / 0.000         0.013 / 0.020         0.013 / 0.020         0.013 / 0.020       ms
[2024-01-04T11:44:38.496+0800][gc,stats    ]    Subphase: Concurrent Classes Purge                      0.000 / 0.000         0.155 / 0.351         0.155 / 0.351         0.155 / 0.351       ms
[2024-01-04T11:44:38.496+0800][gc,stats    ]    Subphase: Concurrent Classes Unlink                     0.000 / 0.000         4.406 / 11.912        4.406 / 11.912        4.406 / 11.912      ms
[2024-01-04T11:44:38.496+0800][gc,stats    ]    Subphase: Concurrent Mark                               0.000 / 0.000       136.309 / 295.705     136.309 / 295.705     136.309 / 295.705     ms
[2024-01-04T11:44:38.496+0800][gc,stats    ]    Subphase: Concurrent Mark Try Flush                     0.000 / 0.000         0.050 / 0.125         0.050 / 0.125         0.050 / 0.125       ms
[2024-01-04T11:44:38.496+0800][gc,stats    ]    Subphase: Concurrent Mark Try Terminate                 0.000 / 0.000         3.075 / 15.520        3.075 / 15.520        3.075 / 15.520      ms
[2024-01-04T11:44:38.496+0800][gc,stats    ]    Subphase: Concurrent References Enqueue                 0.000 / 0.000         0.004 / 0.005         0.004 / 0.005         0.004 / 0.005       ms
[2024-01-04T11:44:38.496+0800][gc,stats    ]    Subphase: Concurrent References Process                 0.000 / 0.000         2.036 / 5.276         2.036 / 5.276         2.036 / 5.276       ms
[2024-01-04T11:44:38.496+0800][gc,stats    ]    Subphase: Concurrent Roots ClassLoaderDataGraph         0.000 / 0.000         0.186 / 2.096         0.186 / 2.096         0.186 / 2.096       ms
[2024-01-04T11:44:38.496+0800][gc,stats    ]    Subphase: Concurrent Roots CodeCache                    0.000 / 0.000         0.000 / 0.000         0.000 / 0.000         0.000 / 0.000       ms
[2024-01-04T11:44:38.496+0800][gc,stats    ]    Subphase: Concurrent Roots JavaThreads                  0.000 / 0.000         3.615 / 14.095        3.615 / 14.095        3.615 / 14.095      ms
[2024-01-04T11:44:38.496+0800][gc,stats    ]    Subphase: Concurrent Roots OopStorageSet                0.000 / 0.000         0.052 / 0.159         0.052 / 0.159         0.052 / 0.159       ms
[2024-01-04T11:44:38.496+0800][gc,stats    ]    Subphase: Concurrent Weak Roots OopStorageSet           0.000 / 0.000         0.479 / 0.631         0.479 / 0.631         0.479 / 0.631       ms
[2024-01-04T11:44:38.496+0800][gc,stats    ]    Subphase: Pause Mark Try Complete                       0.000 / 0.000         0.002 / 0.004         0.002 / 0.004         0.002 / 0.004       ms
[2024-01-04T11:44:38.496+0800][gc,stats    ]      System: Java Threads                                      0 / 0                61 / 79               61 / 79               61 / 79          threads
[2024-01-04T11:44:38.496+0800][gc,stats    ] =========================================================================================================================================================
[2024-01-04T11:44:48.496+0800][gc,stats    ] === Garbage Collection Statistics =======================================================================================================================
[2024-01-04T11:44:48.496+0800][gc,stats    ]                                                              Last 10s              Last 10m              Last 10h                Total
[2024-01-04T11:44:48.496+0800][gc,stats    ]                                                              Avg / Max             Avg / Max             Avg / Max             Avg / Max
[2024-01-04T11:44:48.496+0800][gc,stats    ]   Collector: Garbage Collection Cycle                      0.000 / 0.000       189.397 / 396.896     189.397 / 396.896     189.397 / 396.896     ms
[2024-01-04T11:44:48.496+0800][gc,stats    ]  Contention: Mark Segment Reset Contention                     0 / 0                 0 / 2                 0 / 2                 0 / 2           ops/s
[2024-01-04T11:44:48.496+0800][gc,stats    ]  Contention: Mark SeqNum Reset Contention                      0 / 0                 0 / 2                 0 / 2                 0 / 2           ops/s
[2024-01-04T11:44:48.496+0800][gc,stats    ]    Critical: Allocation Stall                                  0 / 0                 0 / 0                 0 / 0                 0 / 0           ops/s
[2024-01-04T11:44:48.496+0800][gc,stats    ]    Critical: Allocation Stall                              0.000 / 0.000         0.000 / 0.000         0.000 / 0.000         0.000 / 0.000       ms
[2024-01-04T11:44:48.496+0800][gc,stats    ]    Critical: GC Locker Stall                                   0 / 0                 0 / 0                 0 / 0                 0 / 0           ops/s
[2024-01-04T11:44:48.496+0800][gc,stats    ]    Critical: GC Locker Stall                               0.000 / 0.000         0.000 / 0.000         0.000 / 0.000         0.000 / 0.000       ms
[2024-01-04T11:44:48.496+0800][gc,stats    ]    Critical: Relocation Stall                                  0 / 0                 0 / 0                 0 / 0                 0 / 0           ops/s
[2024-01-04T11:44:48.496+0800][gc,stats    ]    Critical: Relocation Stall                              0.000 / 0.000         0.000 / 0.000         0.000 / 0.000         0.000 / 0.000       ms
[2024-01-04T11:44:48.496+0800][gc,stats    ]      Memory: Allocation Rate                                   0 / 2                15 / 428              15 / 428              15 / 428         MB/s
[2024-01-04T11:44:48.496+0800][gc,stats    ]      Memory: Defragment                                        0 / 0                 0 / 29                0 / 29                0 / 29          ops/s
[2024-01-04T11:44:48.496+0800][gc,stats    ]      Memory: Out Of Memory                                     0 / 0                 0 / 0                 0 / 0                 0 / 0           ops/s
[2024-01-04T11:44:48.496+0800][gc,stats    ]      Memory: Page Cache Flush                                  0 / 0                 0 / 58                0 / 58                0 / 58          MB/s
[2024-01-04T11:44:48.496+0800][gc,stats    ]      Memory: Page Cache Hit L1                                 0 / 1                 4 / 83                4 / 83                4 / 83          ops/s
[2024-01-04T11:44:48.496+0800][gc,stats    ]      Memory: Page Cache Hit L2                                 0 / 0                 0 / 0                 0 / 0                 0 / 0           ops/s
[2024-01-04T11:44:48.496+0800][gc,stats    ]      Memory: Page Cache Hit L3                                 0 / 0                 0 / 53                0 / 53                0 / 53          ops/s
[2024-01-04T11:44:48.496+0800][gc,stats    ]      Memory: Page Cache Miss                                   0 / 0                 2 / 65                2 / 65                2 / 65          ops/s
[2024-01-04T11:44:48.496+0800][gc,stats    ]      Memory: Uncommit                                          0 / 0                 0 / 0                 0 / 0                 0 / 0           MB/s
[2024-01-04T11:44:48.496+0800][gc,stats    ]      Memory: Undo Object Allocation Failed                     0 / 0                 0 / 3                 0 / 3                 0 / 3           ops/s
[2024-01-04T11:44:48.496+0800][gc,stats    ]      Memory: Undo Object Allocation Succeeded                  0 / 0                 0 / 140               0 / 140               0 / 140         ops/s
[2024-01-04T11:44:48.496+0800][gc,stats    ]      Memory: Undo Page Allocation                              0 / 0                 0 / 9                 0 / 9                 0 / 9           ops/s
[2024-01-04T11:44:48.496+0800][gc,stats    ]       Phase: Concurrent Mark                               0.000 / 0.000       141.869 / 310.445     141.869 / 310.445     141.869 / 310.445     ms
[2024-01-04T11:44:48.496+0800][gc,stats    ]       Phase: Concurrent Mark Continue                      0.000 / 0.000         0.000 / 0.000         0.000 / 0.000         0.000 / 0.000       ms
[2024-01-04T11:44:48.496+0800][gc,stats    ]       Phase: Concurrent Mark Free                          0.000 / 0.000         0.001 / 0.001         0.001 / 0.001         0.001 / 0.001       ms
[2024-01-04T11:44:48.496+0800][gc,stats    ]       Phase: Concurrent Process Non-Strong References      0.000 / 0.000         7.190 / 14.900        7.190 / 14.900        7.190 / 14.900      ms
[2024-01-04T11:44:48.496+0800][gc,stats    ]       Phase: Concurrent Relocate                           0.000 / 0.000        30.195 / 56.995       30.195 / 56.995       30.195 / 56.995      ms
[2024-01-04T11:44:48.496+0800][gc,stats    ]       Phase: Concurrent Reset Relocation Set               0.000 / 0.000         0.012 / 0.039         0.012 / 0.039         0.012 / 0.039       ms
[2024-01-04T11:44:48.496+0800][gc,stats    ]       Phase: Concurrent Select Relocation Set              0.000 / 0.000         8.989 / 19.186        8.989 / 19.186        8.989 / 19.186      ms
[2024-01-04T11:44:48.496+0800][gc,stats    ]       Phase: Pause Mark End                                0.000 / 0.000         0.022 / 0.032         0.022 / 0.032         0.022 / 0.032       ms
[2024-01-04T11:44:48.496+0800][gc,stats    ]       Phase: Pause Mark Start                              0.000 / 0.000         0.021 / 0.064         0.021 / 0.064         0.021 / 0.064       ms
[2024-01-04T11:44:48.496+0800][gc,stats    ]       Phase: Pause Relocate Start                          0.000 / 0.000         0.013 / 0.020         0.013 / 0.020         0.013 / 0.020       ms
[2024-01-04T11:44:48.496+0800][gc,stats    ]    Subphase: Concurrent Classes Purge                      0.000 / 0.000         0.155 / 0.351         0.155 / 0.351         0.155 / 0.351       ms
[2024-01-04T11:44:48.496+0800][gc,stats    ]    Subphase: Concurrent Classes Unlink                     0.000 / 0.000         4.406 / 11.912        4.406 / 11.912        4.406 / 11.912      ms
[2024-01-04T11:44:48.496+0800][gc,stats    ]    Subphase: Concurrent Mark                               0.000 / 0.000       136.309 / 295.705     136.309 / 295.705     136.309 / 295.705     ms
[2024-01-04T11:44:48.496+0800][gc,stats    ]    Subphase: Concurrent Mark Try Flush                     0.000 / 0.000         0.050 / 0.125         0.050 / 0.125         0.050 / 0.125       ms
[2024-01-04T11:44:48.496+0800][gc,stats    ]    Subphase: Concurrent Mark Try Terminate                 0.000 / 0.000         3.075 / 15.520        3.075 / 15.520        3.075 / 15.520      ms
[2024-01-04T11:44:48.496+0800][gc,stats    ]    Subphase: Concurrent References Enqueue                 0.000 / 0.000         0.004 / 0.005         0.004 / 0.005         0.004 / 0.005       ms
[2024-01-04T11:44:48.496+0800][gc,stats    ]    Subphase: Concurrent References Process                 0.000 / 0.000         2.036 / 5.276         2.036 / 5.276         2.036 / 5.276       ms
[2024-01-04T11:44:48.496+0800][gc,stats    ]    Subphase: Concurrent Roots ClassLoaderDataGraph         0.000 / 0.000         0.186 / 2.096         0.186 / 2.096         0.186 / 2.096       ms
[2024-01-04T11:44:48.496+0800][gc,stats    ]    Subphase: Concurrent Roots CodeCache                    0.000 / 0.000         0.000 / 0.000         0.000 / 0.000         0.000 / 0.000       ms
[2024-01-04T11:44:48.496+0800][gc,stats    ]    Subphase: Concurrent Roots JavaThreads                  0.000 / 0.000         3.615 / 14.095        3.615 / 14.095        3.615 / 14.095      ms
[2024-01-04T11:44:48.496+0800][gc,stats    ]    Subphase: Concurrent Roots OopStorageSet                0.000 / 0.000         0.052 / 0.159         0.052 / 0.159         0.052 / 0.159       ms
[2024-01-04T11:44:48.496+0800][gc,stats    ]    Subphase: Concurrent Weak Roots OopStorageSet           0.000 / 0.000         0.479 / 0.631         0.479 / 0.631         0.479 / 0.631       ms
[2024-01-04T11:44:48.496+0800][gc,stats    ]    Subphase: Pause Mark Try Complete                       0.000 / 0.000         0.002 / 0.004         0.002 / 0.004         0.002 / 0.004       ms
[2024-01-04T11:44:48.496+0800][gc,stats    ]      System: Java Threads                                      0 / 0                61 / 79               61 / 79               61 / 79          threads
[2024-01-04T11:44:48.496+0800][gc,stats    ] =========================================================================================================================================================
[2024-01-04T11:44:58.509+0800][gc,stats    ] === Garbage Collection Statistics =======================================================================================================================
[2024-01-04T11:44:58.509+0800][gc,stats    ]                                                              Last 10s              Last 10m              Last 10h                Total
[2024-01-04T11:44:58.509+0800][gc,stats    ]                                                              Avg / Max             Avg / Max             Avg / Max             Avg / Max
[2024-01-04T11:44:58.509+0800][gc,stats    ]   Collector: Garbage Collection Cycle                      0.000 / 0.000       189.397 / 396.896     189.397 / 396.896     189.397 / 396.896     ms
[2024-01-04T11:44:58.509+0800][gc,stats    ]  Contention: Mark Segment Reset Contention                     0 / 0                 0 / 2                 0 / 2                 0 / 2           ops/s
[2024-01-04T11:44:58.509+0800][gc,stats    ]  Contention: Mark SeqNum Reset Contention                      0 / 0                 0 / 2                 0 / 2                 0 / 2           ops/s
[2024-01-04T11:44:58.509+0800][gc,stats    ]    Critical: Allocation Stall                                  0 / 0                 0 / 0                 0 / 0                 0 / 0           ops/s
[2024-01-04T11:44:58.509+0800][gc,stats    ]    Critical: Allocation Stall                              0.000 / 0.000         0.000 / 0.000         0.000 / 0.000         0.000 / 0.000       ms
[2024-01-04T11:44:58.509+0800][gc,stats    ]    Critical: GC Locker Stall                                   0 / 0                 0 / 0                 0 / 0                 0 / 0           ops/s
[2024-01-04T11:44:58.509+0800][gc,stats    ]    Critical: GC Locker Stall                               0.000 / 0.000         0.000 / 0.000         0.000 / 0.000         0.000 / 0.000       ms
[2024-01-04T11:44:58.509+0800][gc,stats    ]    Critical: Relocation Stall                                  0 / 0                 0 / 0                 0 / 0                 0 / 0           ops/s
[2024-01-04T11:44:58.509+0800][gc,stats    ]    Critical: Relocation Stall                              0.000 / 0.000         0.000 / 0.000         0.000 / 0.000         0.000 / 0.000       ms
[2024-01-04T11:44:58.509+0800][gc,stats    ]      Memory: Allocation Rate                                   0 / 2                14 / 428              14 / 428              14 / 428         MB/s
[2024-01-04T11:44:58.509+0800][gc,stats    ]      Memory: Defragment                                        0 / 0                 0 / 29                0 / 29                0 / 29          ops/s
[2024-01-04T11:44:58.509+0800][gc,stats    ]      Memory: Out Of Memory                                     0 / 0                 0 / 0                 0 / 0                 0 / 0           ops/s
[2024-01-04T11:44:58.509+0800][gc,stats    ]      Memory: Page Cache Flush                                  0 / 0                 0 / 58                0 / 58                0 / 58          MB/s
[2024-01-04T11:44:58.509+0800][gc,stats    ]      Memory: Page Cache Hit L1                                 0 / 1                 4 / 83                4 / 83                4 / 83          ops/s
[2024-01-04T11:44:58.509+0800][gc,stats    ]      Memory: Page Cache Hit L2                                 0 / 0                 0 / 0                 0 / 0                 0 / 0           ops/s
[2024-01-04T11:44:58.509+0800][gc,stats    ]      Memory: Page Cache Hit L3                                 0 / 0                 0 / 53                0 / 53                0 / 53          ops/s
[2024-01-04T11:44:58.509+0800][gc,stats    ]      Memory: Page Cache Miss                                   0 / 0                 2 / 65                2 / 65                2 / 65          ops/s
[2024-01-04T11:44:58.509+0800][gc,stats    ]      Memory: Uncommit                                          0 / 0                 0 / 0                 0 / 0                 0 / 0           MB/s
[2024-01-04T11:44:58.509+0800][gc,stats    ]      Memory: Undo Object Allocation Failed                     0 / 0                 0 / 3                 0 / 3                 0 / 3           ops/s
[2024-01-04T11:44:58.509+0800][gc,stats    ]      Memory: Undo Object Allocation Succeeded                  0 / 0                 0 / 140               0 / 140               0 / 140         ops/s
[2024-01-04T11:44:58.509+0800][gc,stats    ]      Memory: Undo Page Allocation                              0 / 0                 0 / 9                 0 / 9                 0 / 9           ops/s
[2024-01-04T11:44:58.509+0800][gc,stats    ]       Phase: Concurrent Mark                               0.000 / 0.000       141.869 / 310.445     141.869 / 310.445     141.869 / 310.445     ms
[2024-01-04T11:44:58.509+0800][gc,stats    ]       Phase: Concurrent Mark Continue                      0.000 / 0.000         0.000 / 0.000         0.000 / 0.000         0.000 / 0.000       ms
[2024-01-04T11:44:58.509+0800][gc,stats    ]       Phase: Concurrent Mark Free                          0.000 / 0.000         0.001 / 0.001         0.001 / 0.001         0.001 / 0.001       ms
[2024-01-04T11:44:58.509+0800][gc,stats    ]       Phase: Concurrent Process Non-Strong References      0.000 / 0.000         7.190 / 14.900        7.190 / 14.900        7.190 / 14.900      ms
[2024-01-04T11:44:58.509+0800][gc,stats    ]       Phase: Concurrent Relocate                           0.000 / 0.000        30.195 / 56.995       30.195 / 56.995       30.195 / 56.995      ms
[2024-01-04T11:44:58.509+0800][gc,stats    ]       Phase: Concurrent Reset Relocation Set               0.000 / 0.000         0.012 / 0.039         0.012 / 0.039         0.012 / 0.039       ms
[2024-01-04T11:44:58.509+0800][gc,stats    ]       Phase: Concurrent Select Relocation Set              0.000 / 0.000         8.989 / 19.186        8.989 / 19.186        8.989 / 19.186      ms
[2024-01-04T11:44:58.509+0800][gc,stats    ]       Phase: Pause Mark End                                0.000 / 0.000         0.022 / 0.032         0.022 / 0.032         0.022 / 0.032       ms
[2024-01-04T11:44:58.509+0800][gc,stats    ]       Phase: Pause Mark Start                              0.000 / 0.000         0.021 / 0.064         0.021 / 0.064         0.021 / 0.064       ms
[2024-01-04T11:44:58.509+0800][gc,stats    ]       Phase: Pause Relocate Start                          0.000 / 0.000         0.013 / 0.020         0.013 / 0.020         0.013 / 0.020       ms
[2024-01-04T11:44:58.509+0800][gc,stats    ]    Subphase: Concurrent Classes Purge                      0.000 / 0.000         0.155 / 0.351         0.155 / 0.351         0.155 / 0.351       ms
[2024-01-04T11:44:58.509+0800][gc,stats    ]    Subphase: Concurrent Classes Unlink                     0.000 / 0.000         4.406 / 11.912        4.406 / 11.912        4.406 / 11.912      ms
[2024-01-04T11:44:58.509+0800][gc,stats    ]    Subphase: Concurrent Mark                               0.000 / 0.000       136.309 / 295.705     136.309 / 295.705     136.309 / 295.705     ms
[2024-01-04T11:44:58.509+0800][gc,stats    ]    Subphase: Concurrent Mark Try Flush                     0.000 / 0.000         0.050 / 0.125         0.050 / 0.125         0.050 / 0.125       ms
[2024-01-04T11:44:58.509+0800][gc,stats    ]    Subphase: Concurrent Mark Try Terminate                 0.000 / 0.000         3.075 / 15.520        3.075 / 15.520        3.075 / 15.520      ms
[2024-01-04T11:44:58.509+0800][gc,stats    ]    Subphase: Concurrent References Enqueue                 0.000 / 0.000         0.004 / 0.005         0.004 / 0.005         0.004 / 0.005       ms
[2024-01-04T11:44:58.509+0800][gc,stats    ]    Subphase: Concurrent References Process                 0.000 / 0.000         2.036 / 5.276         2.036 / 5.276         2.036 / 5.276       ms
[2024-01-04T11:44:58.509+0800][gc,stats    ]    Subphase: Concurrent Roots ClassLoaderDataGraph         0.000 / 0.000         0.186 / 2.096         0.186 / 2.096         0.186 / 2.096       ms
[2024-01-04T11:44:58.509+0800][gc,stats    ]    Subphase: Concurrent Roots CodeCache                    0.000 / 0.000         0.000 / 0.000         0.000 / 0.000         0.000 / 0.000       ms
[2024-01-04T11:44:58.509+0800][gc,stats    ]    Subphase: Concurrent Roots JavaThreads                  0.000 / 0.000         3.615 / 14.095        3.615 / 14.095        3.615 / 14.095      ms
[2024-01-04T11:44:58.509+0800][gc,stats    ]    Subphase: Concurrent Roots OopStorageSet                0.000 / 0.000         0.052 / 0.159         0.052 / 0.159         0.052 / 0.159       ms
[2024-01-04T11:44:58.509+0800][gc,stats    ]    Subphase: Concurrent Weak Roots OopStorageSet           0.000 / 0.000         0.479 / 0.631         0.479 / 0.631         0.479 / 0.631       ms
[2024-01-04T11:44:58.509+0800][gc,stats    ]    Subphase: Pause Mark Try Complete                       0.000 / 0.000         0.002 / 0.004         0.002 / 0.004         0.002 / 0.004       ms
[2024-01-04T11:44:58.509+0800][gc,stats    ]      System: Java Threads                                      0 / 0                61 / 79               61 / 79               61 / 79          threads
[2024-01-04T11:44:58.509+0800][gc,stats    ] =========================================================================================================================================================
[2024-01-04T11:45:08.496+0800][gc,stats    ] === Garbage Collection Statistics =======================================================================================================================
[2024-01-04T11:45:08.496+0800][gc,stats    ]                                                              Last 10s              Last 10m              Last 10h                Total
[2024-01-04T11:45:08.496+0800][gc,stats    ]                                                              Avg / Max             Avg / Max             Avg / Max             Avg / Max
[2024-01-04T11:45:08.496+0800][gc,stats    ]   Collector: Garbage Collection Cycle                      0.000 / 0.000       189.397 / 396.896     189.397 / 396.896     189.397 / 396.896     ms
[2024-01-04T11:45:08.496+0800][gc,stats    ]  Contention: Mark Segment Reset Contention                     0 / 0                 0 / 2                 0 / 2                 0 / 2           ops/s
[2024-01-04T11:45:08.496+0800][gc,stats    ]  Contention: Mark SeqNum Reset Contention                      0 / 0                 0 / 2                 0 / 2                 0 / 2           ops/s
[2024-01-04T11:45:08.496+0800][gc,stats    ]    Critical: Allocation Stall                                  0 / 0                 0 / 0                 0 / 0                 0 / 0           ops/s
[2024-01-04T11:45:08.496+0800][gc,stats    ]    Critical: Allocation Stall                              0.000 / 0.000         0.000 / 0.000         0.000 / 0.000         0.000 / 0.000       ms
[2024-01-04T11:45:08.496+0800][gc,stats    ]    Critical: GC Locker Stall                                   0 / 0                 0 / 0                 0 / 0                 0 / 0           ops/s
[2024-01-04T11:45:08.496+0800][gc,stats    ]    Critical: GC Locker Stall                               0.000 / 0.000         0.000 / 0.000         0.000 / 0.000         0.000 / 0.000       ms
[2024-01-04T11:45:08.496+0800][gc,stats    ]    Critical: Relocation Stall                                  0 / 0                 0 / 0                 0 / 0                 0 / 0           ops/s
[2024-01-04T11:45:08.496+0800][gc,stats    ]    Critical: Relocation Stall                              0.000 / 0.000         0.000 / 0.000         0.000 / 0.000         0.000 / 0.000       ms
[2024-01-04T11:45:08.496+0800][gc,stats    ]      Memory: Allocation Rate                                   0 / 2                13 / 428              13 / 428              13 / 428         MB/s
[2024-01-04T11:45:08.496+0800][gc,stats    ]      Memory: Defragment                                        0 / 0                 0 / 29                0 / 29                0 / 29          ops/s
[2024-01-04T11:45:08.496+0800][gc,stats    ]      Memory: Out Of Memory                                     0 / 0                 0 / 0                 0 / 0                 0 / 0           ops/s
[2024-01-04T11:45:08.496+0800][gc,stats    ]      Memory: Page Cache Flush                                  0 / 0                 0 / 58                0 / 58                0 / 58          MB/s
[2024-01-04T11:45:08.496+0800][gc,stats    ]      Memory: Page Cache Hit L1                                 0 / 1                 3 / 83                3 / 83                3 / 83          ops/s
[2024-01-04T11:45:08.496+0800][gc,stats    ]      Memory: Page Cache Hit L2                                 0 / 0                 0 / 0                 0 / 0                 0 / 0           ops/s
[2024-01-04T11:45:08.496+0800][gc,stats    ]      Memory: Page Cache Hit L3                                 0 / 0                 0 / 53                0 / 53                0 / 53          ops/s
[2024-01-04T11:45:08.496+0800][gc,stats    ]      Memory: Page Cache Miss                                   0 / 0                 2 / 65                2 / 65                2 / 65          ops/s
[2024-01-04T11:45:08.496+0800][gc,stats    ]      Memory: Uncommit                                          0 / 0                 0 / 0                 0 / 0                 0 / 0           MB/s
[2024-01-04T11:45:08.496+0800][gc,stats    ]      Memory: Undo Object Allocation Failed                     0 / 0                 0 / 3                 0 / 3                 0 / 3           ops/s
[2024-01-04T11:45:08.496+0800][gc,stats    ]      Memory: Undo Object Allocation Succeeded                  0 / 0                 0 / 140               0 / 140               0 / 140         ops/s
[2024-01-04T11:45:08.496+0800][gc,stats    ]      Memory: Undo Page Allocation                              0 / 0                 0 / 9                 0 / 9                 0 / 9           ops/s
[2024-01-04T11:45:08.496+0800][gc,stats    ]       Phase: Concurrent Mark                               0.000 / 0.000       141.869 / 310.445     141.869 / 310.445     141.869 / 310.445     ms
[2024-01-04T11:45:08.496+0800][gc,stats    ]       Phase: Concurrent Mark Continue                      0.000 / 0.000         0.000 / 0.000         0.000 / 0.000         0.000 / 0.000       ms
[2024-01-04T11:45:08.496+0800][gc,stats    ]       Phase: Concurrent Mark Free                          0.000 / 0.000         0.001 / 0.001         0.001 / 0.001         0.001 / 0.001       ms
[2024-01-04T11:45:08.496+0800][gc,stats    ]       Phase: Concurrent Process Non-Strong References      0.000 / 0.000         7.190 / 14.900        7.190 / 14.900        7.190 / 14.900      ms
[2024-01-04T11:45:08.496+0800][gc,stats    ]       Phase: Concurrent Relocate                           0.000 / 0.000        30.195 / 56.995       30.195 / 56.995       30.195 / 56.995      ms
[2024-01-04T11:45:08.496+0800][gc,stats    ]       Phase: Concurrent Reset Relocation Set               0.000 / 0.000         0.012 / 0.039         0.012 / 0.039         0.012 / 0.039       ms
[2024-01-04T11:45:08.496+0800][gc,stats    ]       Phase: Concurrent Select Relocation Set              0.000 / 0.000         8.989 / 19.186        8.989 / 19.186        8.989 / 19.186      ms
[2024-01-04T11:45:08.496+0800][gc,stats    ]       Phase: Pause Mark End                                0.000 / 0.000         0.022 / 0.032         0.022 / 0.032         0.022 / 0.032       ms
[2024-01-04T11:45:08.496+0800][gc,stats    ]       Phase: Pause Mark Start                              0.000 / 0.000         0.021 / 0.064         0.021 / 0.064         0.021 / 0.064       ms
[2024-01-04T11:45:08.496+0800][gc,stats    ]       Phase: Pause Relocate Start                          0.000 / 0.000         0.013 / 0.020         0.013 / 0.020         0.013 / 0.020       ms
[2024-01-04T11:45:08.496+0800][gc,stats    ]    Subphase: Concurrent Classes Purge                      0.000 / 0.000         0.155 / 0.351         0.155 / 0.351         0.155 / 0.351       ms
[2024-01-04T11:45:08.496+0800][gc,stats    ]    Subphase: Concurrent Classes Unlink                     0.000 / 0.000         4.406 / 11.912        4.406 / 11.912        4.406 / 11.912      ms
[2024-01-04T11:45:08.496+0800][gc,stats    ]    Subphase: Concurrent Mark                               0.000 / 0.000       136.309 / 295.705     136.309 / 295.705     136.309 / 295.705     ms
[2024-01-04T11:45:08.496+0800][gc,stats    ]    Subphase: Concurrent Mark Try Flush                     0.000 / 0.000         0.050 / 0.125         0.050 / 0.125         0.050 / 0.125       ms
[2024-01-04T11:45:08.496+0800][gc,stats    ]    Subphase: Concurrent Mark Try Terminate                 0.000 / 0.000         3.075 / 15.520        3.075 / 15.520        3.075 / 15.520      ms
[2024-01-04T11:45:08.496+0800][gc,stats    ]    Subphase: Concurrent References Enqueue                 0.000 / 0.000         0.004 / 0.005         0.004 / 0.005         0.004 / 0.005       ms
[2024-01-04T11:45:08.496+0800][gc,stats    ]    Subphase: Concurrent References Process                 0.000 / 0.000         2.036 / 5.276         2.036 / 5.276         2.036 / 5.276       ms
[2024-01-04T11:45:08.496+0800][gc,stats    ]    Subphase: Concurrent Roots ClassLoaderDataGraph         0.000 / 0.000         0.186 / 2.096         0.186 / 2.096         0.186 / 2.096       ms
[2024-01-04T11:45:08.496+0800][gc,stats    ]    Subphase: Concurrent Roots CodeCache                    0.000 / 0.000         0.000 / 0.000         0.000 / 0.000         0.000 / 0.000       ms
[2024-01-04T11:45:08.496+0800][gc,stats    ]    Subphase: Concurrent Roots JavaThreads                  0.000 / 0.000         3.615 / 14.095        3.615 / 14.095        3.615 / 14.095      ms
[2024-01-04T11:45:08.496+0800][gc,stats    ]    Subphase: Concurrent Roots OopStorageSet                0.000 / 0.000         0.052 / 0.159         0.052 / 0.159         0.052 / 0.159       ms
[2024-01-04T11:45:08.496+0800][gc,stats    ]    Subphase: Concurrent Weak Roots OopStorageSet           0.000 / 0.000         0.479 / 0.631         0.479 / 0.631         0.479 / 0.631       ms
[2024-01-04T11:45:08.496+0800][gc,stats    ]    Subphase: Pause Mark Try Complete                       0.000 / 0.000         0.002 / 0.004         0.002 / 0.004         0.002 / 0.004       ms
[2024-01-04T11:45:08.496+0800][gc,stats    ]      System: Java Threads                                      0 / 0                61 / 79               61 / 79               61 / 79          threads
[2024-01-04T11:45:08.496+0800][gc,stats    ] =========================================================================================================================================================
[2024-01-04T11:45:18.497+0800][gc,stats    ] === Garbage Collection Statistics =======================================================================================================================
[2024-01-04T11:45:18.497+0800][gc,stats    ]                                                              Last 10s              Last 10m              Last 10h                Total
[2024-01-04T11:45:18.497+0800][gc,stats    ]                                                              Avg / Max             Avg / Max             Avg / Max             Avg / Max
[2024-01-04T11:45:18.497+0800][gc,stats    ]   Collector: Garbage Collection Cycle                      0.000 / 0.000       189.397 / 396.896     189.397 / 396.896     189.397 / 396.896     ms
[2024-01-04T11:45:18.497+0800][gc,stats    ]  Contention: Mark Segment Reset Contention                     0 / 0                 0 / 2                 0 / 2                 0 / 2           ops/s
[2024-01-04T11:45:18.497+0800][gc,stats    ]  Contention: Mark SeqNum Reset Contention                      0 / 0                 0 / 2                 0 / 2                 0 / 2           ops/s
[2024-01-04T11:45:18.497+0800][gc,stats    ]    Critical: Allocation Stall                                  0 / 0                 0 / 0                 0 / 0                 0 / 0           ops/s
[2024-01-04T11:45:18.497+0800][gc,stats    ]    Critical: Allocation Stall                              0.000 / 0.000         0.000 / 0.000         0.000 / 0.000         0.000 / 0.000       ms
[2024-01-04T11:45:18.497+0800][gc,stats    ]    Critical: GC Locker Stall                                   0 / 0                 0 / 0                 0 / 0                 0 / 0           ops/s
[2024-01-04T11:45:18.497+0800][gc,stats    ]    Critical: GC Locker Stall                               0.000 / 0.000         0.000 / 0.000         0.000 / 0.000         0.000 / 0.000       ms
[2024-01-04T11:45:18.497+0800][gc,stats    ]    Critical: Relocation Stall                                  0 / 0                 0 / 0                 0 / 0                 0 / 0           ops/s
[2024-01-04T11:45:18.497+0800][gc,stats    ]    Critical: Relocation Stall                              0.000 / 0.000         0.000 / 0.000         0.000 / 0.000         0.000 / 0.000       ms
[2024-01-04T11:45:18.497+0800][gc,stats    ]      Memory: Allocation Rate                                   0 / 0                13 / 428              13 / 428              13 / 428         MB/s
[2024-01-04T11:45:18.497+0800][gc,stats    ]      Memory: Defragment                                        0 / 0                 0 / 29                0 / 29                0 / 29          ops/s
[2024-01-04T11:45:18.497+0800][gc,stats    ]      Memory: Out Of Memory                                     0 / 0                 0 / 0                 0 / 0                 0 / 0           ops/s
[2024-01-04T11:45:18.497+0800][gc,stats    ]      Memory: Page Cache Flush                                  0 / 0                 0 / 58                0 / 58                0 / 58          MB/s
[2024-01-04T11:45:18.497+0800][gc,stats    ]      Memory: Page Cache Hit L1                                 0 / 0                 3 / 83                3 / 83                3 / 83          ops/s
[2024-01-04T11:45:18.497+0800][gc,stats    ]      Memory: Page Cache Hit L2                                 0 / 0                 0 / 0                 0 / 0                 0 / 0           ops/s
[2024-01-04T11:45:18.497+0800][gc,stats    ]      Memory: Page Cache Hit L3                                 0 / 0                 0 / 53                0 / 53                0 / 53          ops/s
[2024-01-04T11:45:18.497+0800][gc,stats    ]      Memory: Page Cache Miss                                   0 / 0                 2 / 65                2 / 65                2 / 65          ops/s
[2024-01-04T11:45:18.497+0800][gc,stats    ]      Memory: Uncommit                                          0 / 0                 0 / 0                 0 / 0                 0 / 0           MB/s
[2024-01-04T11:45:18.497+0800][gc,stats    ]      Memory: Undo Object Allocation Failed                     0 / 0                 0 / 3                 0 / 3                 0 / 3           ops/s
[2024-01-04T11:45:18.497+0800][gc,stats    ]      Memory: Undo Object Allocation Succeeded                  0 / 0                 0 / 140               0 / 140               0 / 140         ops/s
[2024-01-04T11:45:18.497+0800][gc,stats    ]      Memory: Undo Page Allocation                              0 / 0                 0 / 9                 0 / 9                 0 / 9           ops/s
[2024-01-04T11:45:18.497+0800][gc,stats    ]       Phase: Concurrent Mark                               0.000 / 0.000       141.869 / 310.445     141.869 / 310.445     141.869 / 310.445     ms
[2024-01-04T11:45:18.497+0800][gc,stats    ]       Phase: Concurrent Mark Continue                      0.000 / 0.000         0.000 / 0.000         0.000 / 0.000         0.000 / 0.000       ms
[2024-01-04T11:45:18.497+0800][gc,stats    ]       Phase: Concurrent Mark Free                          0.000 / 0.000         0.001 / 0.001         0.001 / 0.001         0.001 / 0.001       ms
[2024-01-04T11:45:18.497+0800][gc,stats    ]       Phase: Concurrent Process Non-Strong References      0.000 / 0.000         7.190 / 14.900        7.190 / 14.900        7.190 / 14.900      ms
[2024-01-04T11:45:18.497+0800][gc,stats    ]       Phase: Concurrent Relocate                           0.000 / 0.000        30.195 / 56.995       30.195 / 56.995       30.195 / 56.995      ms
[2024-01-04T11:45:18.497+0800][gc,stats    ]       Phase: Concurrent Reset Relocation Set               0.000 / 0.000         0.012 / 0.039         0.012 / 0.039         0.012 / 0.039       ms
[2024-01-04T11:45:18.497+0800][gc,stats    ]       Phase: Concurrent Select Relocation Set              0.000 / 0.000         8.989 / 19.186        8.989 / 19.186        8.989 / 19.186      ms
[2024-01-04T11:45:18.497+0800][gc,stats    ]       Phase: Pause Mark End                                0.000 / 0.000         0.022 / 0.032         0.022 / 0.032         0.022 / 0.032       ms
[2024-01-04T11:45:18.497+0800][gc,stats    ]       Phase: Pause Mark Start                              0.000 / 0.000         0.021 / 0.064         0.021 / 0.064         0.021 / 0.064       ms
[2024-01-04T11:45:18.497+0800][gc,stats    ]       Phase: Pause Relocate Start                          0.000 / 0.000         0.013 / 0.020         0.013 / 0.020         0.013 / 0.020       ms
[2024-01-04T11:45:18.497+0800][gc,stats    ]    Subphase: Concurrent Classes Purge                      0.000 / 0.000         0.155 / 0.351         0.155 / 0.351         0.155 / 0.351       ms
[2024-01-04T11:45:18.497+0800][gc,stats    ]    Subphase: Concurrent Classes Unlink                     0.000 / 0.000         4.406 / 11.912        4.406 / 11.912        4.406 / 11.912      ms
[2024-01-04T11:45:18.497+0800][gc,stats    ]    Subphase: Concurrent Mark                               0.000 / 0.000       136.309 / 295.705     136.309 / 295.705     136.309 / 295.705     ms
[2024-01-04T11:45:18.497+0800][gc,stats    ]    Subphase: Concurrent Mark Try Flush                     0.000 / 0.000         0.050 / 0.125         0.050 / 0.125         0.050 / 0.125       ms
[2024-01-04T11:45:18.497+0800][gc,stats    ]    Subphase: Concurrent Mark Try Terminate                 0.000 / 0.000         3.075 / 15.520        3.075 / 15.520        3.075 / 15.520      ms
[2024-01-04T11:45:18.497+0800][gc,stats    ]    Subphase: Concurrent References Enqueue                 0.000 / 0.000         0.004 / 0.005         0.004 / 0.005         0.004 / 0.005       ms
[2024-01-04T11:45:18.497+0800][gc,stats    ]    Subphase: Concurrent References Process                 0.000 / 0.000         2.036 / 5.276         2.036 / 5.276         2.036 / 5.276       ms
[2024-01-04T11:45:18.497+0800][gc,stats    ]    Subphase: Concurrent Roots ClassLoaderDataGraph         0.000 / 0.000         0.186 / 2.096         0.186 / 2.096         0.186 / 2.096       ms
[2024-01-04T11:45:18.497+0800][gc,stats    ]    Subphase: Concurrent Roots CodeCache                    0.000 / 0.000         0.000 / 0.000         0.000 / 0.000         0.000 / 0.000       ms
[2024-01-04T11:45:18.497+0800][gc,stats    ]    Subphase: Concurrent Roots JavaThreads                  0.000 / 0.000         3.615 / 14.095        3.615 / 14.095        3.615 / 14.095      ms
[2024-01-04T11:45:18.497+0800][gc,stats    ]    Subphase: Concurrent Roots OopStorageSet                0.000 / 0.000         0.052 / 0.159         0.052 / 0.159         0.052 / 0.159       ms
[2024-01-04T11:45:18.497+0800][gc,stats    ]    Subphase: Concurrent Weak Roots OopStorageSet           0.000 / 0.000         0.479 / 0.631         0.479 / 0.631         0.479 / 0.631       ms
[2024-01-04T11:45:18.497+0800][gc,stats    ]    Subphase: Pause Mark Try Complete                       0.000 / 0.000         0.002 / 0.004         0.002 / 0.004         0.002 / 0.004       ms
[2024-01-04T11:45:18.497+0800][gc,stats    ]      System: Java Threads                                      0 / 0                61 / 79               61 / 79               61 / 79          threads
[2024-01-04T11:45:18.497+0800][gc,stats    ] =========================================================================================================================================================
[2024-01-04T11:45:28.497+0800][gc,stats    ] === Garbage Collection Statistics =======================================================================================================================
[2024-01-04T11:45:28.497+0800][gc,stats    ]                                                              Last 10s              Last 10m              Last 10h                Total
[2024-01-04T11:45:28.497+0800][gc,stats    ]                                                              Avg / Max             Avg / Max             Avg / Max             Avg / Max
[2024-01-04T11:45:28.497+0800][gc,stats    ]   Collector: Garbage Collection Cycle                      0.000 / 0.000       189.397 / 396.896     189.397 / 396.896     189.397 / 396.896     ms
[2024-01-04T11:45:28.497+0800][gc,stats    ]  Contention: Mark Segment Reset Contention                     0 / 0                 0 / 2                 0 / 2                 0 / 2           ops/s
[2024-01-04T11:45:28.497+0800][gc,stats    ]  Contention: Mark SeqNum Reset Contention                      0 / 0                 0 / 2                 0 / 2                 0 / 2           ops/s
[2024-01-04T11:45:28.497+0800][gc,stats    ]    Critical: Allocation Stall                                  0 / 0                 0 / 0                 0 / 0                 0 / 0           ops/s
[2024-01-04T11:45:28.497+0800][gc,stats    ]    Critical: Allocation Stall                              0.000 / 0.000         0.000 / 0.000         0.000 / 0.000         0.000 / 0.000       ms
[2024-01-04T11:45:28.497+0800][gc,stats    ]    Critical: GC Locker Stall                                   0 / 0                 0 / 0                 0 / 0                 0 / 0           ops/s
[2024-01-04T11:45:28.497+0800][gc,stats    ]    Critical: GC Locker Stall                               0.000 / 0.000         0.000 / 0.000         0.000 / 0.000         0.000 / 0.000       ms
[2024-01-04T11:45:28.497+0800][gc,stats    ]    Critical: Relocation Stall                                  0 / 0                 0 / 0                 0 / 0                 0 / 0           ops/s
[2024-01-04T11:45:28.497+0800][gc,stats    ]    Critical: Relocation Stall                              0.000 / 0.000         0.000 / 0.000         0.000 / 0.000         0.000 / 0.000       ms
[2024-01-04T11:45:28.497+0800][gc,stats    ]      Memory: Allocation Rate                                   0 / 2                12 / 428              12 / 428              12 / 428         MB/s
[2024-01-04T11:45:28.497+0800][gc,stats    ]      Memory: Defragment                                        0 / 0                 0 / 29                0 / 29                0 / 29          ops/s
[2024-01-04T11:45:28.497+0800][gc,stats    ]      Memory: Out Of Memory                                     0 / 0                 0 / 0                 0 / 0                 0 / 0           ops/s
[2024-01-04T11:45:28.497+0800][gc,stats    ]      Memory: Page Cache Flush                                  0 / 0                 0 / 58                0 / 58                0 / 58          MB/s
[2024-01-04T11:45:28.497+0800][gc,stats    ]      Memory: Page Cache Hit L1                                 0 / 1                 3 / 83                3 / 83                3 / 83          ops/s
[2024-01-04T11:45:28.497+0800][gc,stats    ]      Memory: Page Cache Hit L2                                 0 / 0                 0 / 0                 0 / 0                 0 / 0           ops/s
[2024-01-04T11:45:28.497+0800][gc,stats    ]      Memory: Page Cache Hit L3                                 0 / 0                 0 / 53                0 / 53                0 / 53          ops/s
[2024-01-04T11:45:28.497+0800][gc,stats    ]      Memory: Page Cache Miss                                   0 / 0                 1 / 65                1 / 65                1 / 65          ops/s
[2024-01-04T11:45:28.497+0800][gc,stats    ]      Memory: Uncommit                                          0 / 0                 0 / 0                 0 / 0                 0 / 0           MB/s
[2024-01-04T11:45:28.497+0800][gc,stats    ]      Memory: Undo Object Allocation Failed                     0 / 0                 0 / 3                 0 / 3                 0 / 3           ops/s
[2024-01-04T11:45:28.497+0800][gc,stats    ]      Memory: Undo Object Allocation Succeeded                  0 / 0                 0 / 140               0 / 140               0 / 140         ops/s
[2024-01-04T11:45:28.497+0800][gc,stats    ]      Memory: Undo Page Allocation                              0 / 0                 0 / 9                 0 / 9                 0 / 9           ops/s
[2024-01-04T11:45:28.497+0800][gc,stats    ]       Phase: Concurrent Mark                               0.000 / 0.000       141.869 / 310.445     141.869 / 310.445     141.869 / 310.445     ms
[2024-01-04T11:45:28.497+0800][gc,stats    ]       Phase: Concurrent Mark Continue                      0.000 / 0.000         0.000 / 0.000         0.000 / 0.000         0.000 / 0.000       ms
[2024-01-04T11:45:28.497+0800][gc,stats    ]       Phase: Concurrent Mark Free                          0.000 / 0.000         0.001 / 0.001         0.001 / 0.001         0.001 / 0.001       ms
[2024-01-04T11:45:28.497+0800][gc,stats    ]       Phase: Concurrent Process Non-Strong References      0.000 / 0.000         7.190 / 14.900        7.190 / 14.900        7.190 / 14.900      ms
[2024-01-04T11:45:28.497+0800][gc,stats    ]       Phase: Concurrent Relocate                           0.000 / 0.000        30.195 / 56.995       30.195 / 56.995       30.195 / 56.995      ms
[2024-01-04T11:45:28.497+0800][gc,stats    ]       Phase: Concurrent Reset Relocation Set               0.000 / 0.000         0.012 / 0.039         0.012 / 0.039         0.012 / 0.039       ms
[2024-01-04T11:45:28.497+0800][gc,stats    ]       Phase: Concurrent Select Relocation Set              0.000 / 0.000         8.989 / 19.186        8.989 / 19.186        8.989 / 19.186      ms
[2024-01-04T11:45:28.497+0800][gc,stats    ]       Phase: Pause Mark End                                0.000 / 0.000         0.022 / 0.032         0.022 / 0.032         0.022 / 0.032       ms
[2024-01-04T11:45:28.497+0800][gc,stats    ]       Phase: Pause Mark Start                              0.000 / 0.000         0.021 / 0.064         0.021 / 0.064         0.021 / 0.064       ms
[2024-01-04T11:45:28.497+0800][gc,stats    ]       Phase: Pause Relocate Start                          0.000 / 0.000         0.013 / 0.020         0.013 / 0.020         0.013 / 0.020       ms
[2024-01-04T11:45:28.497+0800][gc,stats    ]    Subphase: Concurrent Classes Purge                      0.000 / 0.000         0.155 / 0.351         0.155 / 0.351         0.155 / 0.351       ms
[2024-01-04T11:45:28.497+0800][gc,stats    ]    Subphase: Concurrent Classes Unlink                     0.000 / 0.000         4.406 / 11.912        4.406 / 11.912        4.406 / 11.912      ms
[2024-01-04T11:45:28.497+0800][gc,stats    ]    Subphase: Concurrent Mark                               0.000 / 0.000       136.309 / 295.705     136.309 / 295.705     136.309 / 295.705     ms
[2024-01-04T11:45:28.497+0800][gc,stats    ]    Subphase: Concurrent Mark Try Flush                     0.000 / 0.000         0.050 / 0.125         0.050 / 0.125         0.050 / 0.125       ms
[2024-01-04T11:45:28.497+0800][gc,stats    ]    Subphase: Concurrent Mark Try Terminate                 0.000 / 0.000         3.075 / 15.520        3.075 / 15.520        3.075 / 15.520      ms
[2024-01-04T11:45:28.497+0800][gc,stats    ]    Subphase: Concurrent References Enqueue                 0.000 / 0.000         0.004 / 0.005         0.004 / 0.005         0.004 / 0.005       ms
[2024-01-04T11:45:28.497+0800][gc,stats    ]    Subphase: Concurrent References Process                 0.000 / 0.000         2.036 / 5.276         2.036 / 5.276         2.036 / 5.276       ms
[2024-01-04T11:45:28.497+0800][gc,stats    ]    Subphase: Concurrent Roots ClassLoaderDataGraph         0.000 / 0.000         0.186 / 2.096         0.186 / 2.096         0.186 / 2.096       ms
[2024-01-04T11:45:28.497+0800][gc,stats    ]    Subphase: Concurrent Roots CodeCache                    0.000 / 0.000         0.000 / 0.000         0.000 / 0.000         0.000 / 0.000       ms
[2024-01-04T11:45:28.497+0800][gc,stats    ]    Subphase: Concurrent Roots JavaThreads                  0.000 / 0.000         3.615 / 14.095        3.615 / 14.095        3.615 / 14.095      ms
[2024-01-04T11:45:28.497+0800][gc,stats    ]    Subphase: Concurrent Roots OopStorageSet                0.000 / 0.000         0.052 / 0.159         0.052 / 0.159         0.052 / 0.159       ms
[2024-01-04T11:45:28.497+0800][gc,stats    ]    Subphase: Concurrent Weak Roots OopStorageSet           0.000 / 0.000         0.479 / 0.631         0.479 / 0.631         0.479 / 0.631       ms
[2024-01-04T11:45:28.497+0800][gc,stats    ]    Subphase: Pause Mark Try Complete                       0.000 / 0.000         0.002 / 0.004         0.002 / 0.004         0.002 / 0.004       ms
[2024-01-04T11:45:28.497+0800][gc,stats    ]      System: Java Threads                                      0 / 0                61 / 79               61 / 79               61 / 79          threads
[2024-01-04T11:45:28.497+0800][gc,stats    ] =========================================================================================================================================================
[2024-01-04T11:45:38.497+0800][gc,stats    ] === Garbage Collection Statistics =======================================================================================================================
[2024-01-04T11:45:38.497+0800][gc,stats    ]                                                              Last 10s              Last 10m              Last 10h                Total
[2024-01-04T11:45:38.497+0800][gc,stats    ]                                                              Avg / Max             Avg / Max             Avg / Max             Avg / Max
[2024-01-04T11:45:38.497+0800][gc,stats    ]   Collector: Garbage Collection Cycle                      0.000 / 0.000       189.397 / 396.896     189.397 / 396.896     189.397 / 396.896     ms
[2024-01-04T11:45:38.497+0800][gc,stats    ]  Contention: Mark Segment Reset Contention                     0 / 0                 0 / 2                 0 / 2                 0 / 2           ops/s
[2024-01-04T11:45:38.497+0800][gc,stats    ]  Contention: Mark SeqNum Reset Contention                      0 / 0                 0 / 2                 0 / 2                 0 / 2           ops/s
[2024-01-04T11:45:38.497+0800][gc,stats    ]    Critical: Allocation Stall                                  0 / 0                 0 / 0                 0 / 0                 0 / 0           ops/s
[2024-01-04T11:45:38.497+0800][gc,stats    ]    Critical: Allocation Stall                              0.000 / 0.000         0.000 / 0.000         0.000 / 0.000         0.000 / 0.000       ms
[2024-01-04T11:45:38.497+0800][gc,stats    ]    Critical: GC Locker Stall                                   0 / 0                 0 / 0                 0 / 0                 0 / 0           ops/s
[2024-01-04T11:45:38.497+0800][gc,stats    ]    Critical: GC Locker Stall                               0.000 / 0.000         0.000 / 0.000         0.000 / 0.000         0.000 / 0.000       ms
[2024-01-04T11:45:38.497+0800][gc,stats    ]    Critical: Relocation Stall                                  0 / 0                 0 / 0                 0 / 0                 0 / 0           ops/s
[2024-01-04T11:45:38.497+0800][gc,stats    ]    Critical: Relocation Stall                              0.000 / 0.000         0.000 / 0.000         0.000 / 0.000         0.000 / 0.000       ms
[2024-01-04T11:45:38.497+0800][gc,stats    ]      Memory: Allocation Rate                                   0 / 6                12 / 428              12 / 428              12 / 428         MB/s
[2024-01-04T11:45:38.497+0800][gc,stats    ]      Memory: Defragment                                        0 / 0                 0 / 29                0 / 29                0 / 29          ops/s
[2024-01-04T11:45:38.497+0800][gc,stats    ]      Memory: Out Of Memory                                     0 / 0                 0 / 0                 0 / 0                 0 / 0           ops/s
[2024-01-04T11:45:38.497+0800][gc,stats    ]      Memory: Page Cache Flush                                  0 / 0                 0 / 58                0 / 58                0 / 58          MB/s
[2024-01-04T11:45:38.497+0800][gc,stats    ]      Memory: Page Cache Hit L1                                 0 / 3                 3 / 83                3 / 83                3 / 83          ops/s
[2024-01-04T11:45:38.497+0800][gc,stats    ]      Memory: Page Cache Hit L2                                 0 / 0                 0 / 0                 0 / 0                 0 / 0           ops/s
[2024-01-04T11:45:38.497+0800][gc,stats    ]      Memory: Page Cache Hit L3                                 0 / 0                 0 / 53                0 / 53                0 / 53          ops/s
[2024-01-04T11:45:38.497+0800][gc,stats    ]      Memory: Page Cache Miss                                   0 / 0                 1 / 65                1 / 65                1 / 65          ops/s
[2024-01-04T11:45:38.497+0800][gc,stats    ]      Memory: Uncommit                                          0 / 0                 0 / 0                 0 / 0                 0 / 0           MB/s
[2024-01-04T11:45:38.497+0800][gc,stats    ]      Memory: Undo Object Allocation Failed                     0 / 0                 0 / 3                 0 / 3                 0 / 3           ops/s
[2024-01-04T11:45:38.497+0800][gc,stats    ]      Memory: Undo Object Allocation Succeeded                  0 / 0                 0 / 140               0 / 140               0 / 140         ops/s
[2024-01-04T11:45:38.497+0800][gc,stats    ]      Memory: Undo Page Allocation                              0 / 0                 0 / 9                 0 / 9                 0 / 9           ops/s
[2024-01-04T11:45:38.497+0800][gc,stats    ]       Phase: Concurrent Mark                               0.000 / 0.000       141.869 / 310.445     141.869 / 310.445     141.869 / 310.445     ms
[2024-01-04T11:45:38.497+0800][gc,stats    ]       Phase: Concurrent Mark Continue                      0.000 / 0.000         0.000 / 0.000         0.000 / 0.000         0.000 / 0.000       ms
[2024-01-04T11:45:38.497+0800][gc,stats    ]       Phase: Concurrent Mark Free                          0.000 / 0.000         0.001 / 0.001         0.001 / 0.001         0.001 / 0.001       ms
[2024-01-04T11:45:38.497+0800][gc,stats    ]       Phase: Concurrent Process Non-Strong References      0.000 / 0.000         7.190 / 14.900        7.190 / 14.900        7.190 / 14.900      ms
[2024-01-04T11:45:38.497+0800][gc,stats    ]       Phase: Concurrent Relocate                           0.000 / 0.000        30.195 / 56.995       30.195 / 56.995       30.195 / 56.995      ms
[2024-01-04T11:45:38.497+0800][gc,stats    ]       Phase: Concurrent Reset Relocation Set               0.000 / 0.000         0.012 / 0.039         0.012 / 0.039         0.012 / 0.039       ms
[2024-01-04T11:45:38.497+0800][gc,stats    ]       Phase: Concurrent Select Relocation Set              0.000 / 0.000         8.989 / 19.186        8.989 / 19.186        8.989 / 19.186      ms
[2024-01-04T11:45:38.497+0800][gc,stats    ]       Phase: Pause Mark End                                0.000 / 0.000         0.022 / 0.032         0.022 / 0.032         0.022 / 0.032       ms
[2024-01-04T11:45:38.497+0800][gc,stats    ]       Phase: Pause Mark Start                              0.000 / 0.000         0.021 / 0.064         0.021 / 0.064         0.021 / 0.064       ms
[2024-01-04T11:45:38.497+0800][gc,stats    ]       Phase: Pause Relocate Start                          0.000 / 0.000         0.013 / 0.020         0.013 / 0.020         0.013 / 0.020       ms
[2024-01-04T11:45:38.497+0800][gc,stats    ]    Subphase: Concurrent Classes Purge                      0.000 / 0.000         0.155 / 0.351         0.155 / 0.351         0.155 / 0.351       ms
[2024-01-04T11:45:38.497+0800][gc,stats    ]    Subphase: Concurrent Classes Unlink                     0.000 / 0.000         4.406 / 11.912        4.406 / 11.912        4.406 / 11.912      ms
[2024-01-04T11:45:38.497+0800][gc,stats    ]    Subphase: Concurrent Mark                               0.000 / 0.000       136.309 / 295.705     136.309 / 295.705     136.309 / 295.705     ms
[2024-01-04T11:45:38.497+0800][gc,stats    ]    Subphase: Concurrent Mark Try Flush                     0.000 / 0.000         0.050 / 0.125         0.050 / 0.125         0.050 / 0.125       ms
[2024-01-04T11:45:38.497+0800][gc,stats    ]    Subphase: Concurrent Mark Try Terminate                 0.000 / 0.000         3.075 / 15.520        3.075 / 15.520        3.075 / 15.520      ms
[2024-01-04T11:45:38.497+0800][gc,stats    ]    Subphase: Concurrent References Enqueue                 0.000 / 0.000         0.004 / 0.005         0.004 / 0.005         0.004 / 0.005       ms
[2024-01-04T11:45:38.497+0800][gc,stats    ]    Subphase: Concurrent References Process                 0.000 / 0.000         2.036 / 5.276         2.036 / 5.276         2.036 / 5.276       ms
[2024-01-04T11:45:38.497+0800][gc,stats    ]    Subphase: Concurrent Roots ClassLoaderDataGraph         0.000 / 0.000         0.186 / 2.096         0.186 / 2.096         0.186 / 2.096       ms
[2024-01-04T11:45:38.497+0800][gc,stats    ]    Subphase: Concurrent Roots CodeCache                    0.000 / 0.000         0.000 / 0.000         0.000 / 0.000         0.000 / 0.000       ms
[2024-01-04T11:45:38.497+0800][gc,stats    ]    Subphase: Concurrent Roots JavaThreads                  0.000 / 0.000         3.615 / 14.095        3.615 / 14.095        3.615 / 14.095      ms
[2024-01-04T11:45:38.497+0800][gc,stats    ]    Subphase: Concurrent Roots OopStorageSet                0.000 / 0.000         0.052 / 0.159         0.052 / 0.159         0.052 / 0.159       ms
[2024-01-04T11:45:38.497+0800][gc,stats    ]    Subphase: Concurrent Weak Roots OopStorageSet           0.000 / 0.000         0.479 / 0.631         0.479 / 0.631         0.479 / 0.631       ms
[2024-01-04T11:45:38.497+0800][gc,stats    ]    Subphase: Pause Mark Try Complete                       0.000 / 0.000         0.002 / 0.004         0.002 / 0.004         0.002 / 0.004       ms
[2024-01-04T11:45:38.497+0800][gc,stats    ]      System: Java Threads                                      0 / 0                61 / 79               61 / 79               61 / 79          threads
[2024-01-04T11:45:38.497+0800][gc,stats    ] =========================================================================================================================================================
[2024-01-04T11:45:48.497+0800][gc,stats    ] === Garbage Collection Statistics =======================================================================================================================
[2024-01-04T11:45:48.497+0800][gc,stats    ]                                                              Last 10s              Last 10m              Last 10h                Total
[2024-01-04T11:45:48.497+0800][gc,stats    ]                                                              Avg / Max             Avg / Max             Avg / Max             Avg / Max
[2024-01-04T11:45:48.497+0800][gc,stats    ]   Collector: Garbage Collection Cycle                      0.000 / 0.000       189.397 / 396.896     189.397 / 396.896     189.397 / 396.896     ms
[2024-01-04T11:45:48.497+0800][gc,stats    ]  Contention: Mark Segment Reset Contention                     0 / 0                 0 / 2                 0 / 2                 0 / 2           ops/s
[2024-01-04T11:45:48.497+0800][gc,stats    ]  Contention: Mark SeqNum Reset Contention                      0 / 0                 0 / 2                 0 / 2                 0 / 2           ops/s
[2024-01-04T11:45:48.497+0800][gc,stats    ]    Critical: Allocation Stall                                  0 / 0                 0 / 0                 0 / 0                 0 / 0           ops/s
[2024-01-04T11:45:48.497+0800][gc,stats    ]    Critical: Allocation Stall                              0.000 / 0.000         0.000 / 0.000         0.000 / 0.000         0.000 / 0.000       ms
[2024-01-04T11:45:48.497+0800][gc,stats    ]    Critical: GC Locker Stall                                   0 / 0                 0 / 0                 0 / 0                 0 / 0           ops/s
[2024-01-04T11:45:48.497+0800][gc,stats    ]    Critical: GC Locker Stall                               0.000 / 0.000         0.000 / 0.000         0.000 / 0.000         0.000 / 0.000       ms
[2024-01-04T11:45:48.497+0800][gc,stats    ]    Critical: Relocation Stall                                  0 / 0                 0 / 0                 0 / 0                 0 / 0           ops/s
[2024-01-04T11:45:48.497+0800][gc,stats    ]    Critical: Relocation Stall                              0.000 / 0.000         0.000 / 0.000         0.000 / 0.000         0.000 / 0.000       ms
[2024-01-04T11:45:48.497+0800][gc,stats    ]      Memory: Allocation Rate                                   0 / 0                11 / 428              11 / 428              11 / 428         MB/s
[2024-01-04T11:45:48.497+0800][gc,stats    ]      Memory: Defragment                                        0 / 0                 0 / 29                0 / 29                0 / 29          ops/s
[2024-01-04T11:45:48.497+0800][gc,stats    ]      Memory: Out Of Memory                                     0 / 0                 0 / 0                 0 / 0                 0 / 0           ops/s
[2024-01-04T11:45:48.497+0800][gc,stats    ]      Memory: Page Cache Flush                                  0 / 0                 0 / 58                0 / 58                0 / 58          MB/s
[2024-01-04T11:45:48.497+0800][gc,stats    ]      Memory: Page Cache Hit L1                                 0 / 0                 3 / 83                3 / 83                3 / 83          ops/s
[2024-01-04T11:45:48.497+0800][gc,stats    ]      Memory: Page Cache Hit L2                                 0 / 0                 0 / 0                 0 / 0                 0 / 0           ops/s
[2024-01-04T11:45:48.497+0800][gc,stats    ]      Memory: Page Cache Hit L3                                 0 / 0                 0 / 53                0 / 53                0 / 53          ops/s
[2024-01-04T11:45:48.497+0800][gc,stats    ]      Memory: Page Cache Miss                                   0 / 0                 1 / 65                1 / 65                1 / 65          ops/s
[2024-01-04T11:45:48.497+0800][gc,stats    ]      Memory: Uncommit                                          0 / 0                 0 / 0                 0 / 0                 0 / 0           MB/s
[2024-01-04T11:45:48.497+0800][gc,stats    ]      Memory: Undo Object Allocation Failed                     0 / 0                 0 / 3                 0 / 3                 0 / 3           ops/s
[2024-01-04T11:45:48.497+0800][gc,stats    ]      Memory: Undo Object Allocation Succeeded                  0 / 0                 0 / 140               0 / 140               0 / 140         ops/s
[2024-01-04T11:45:48.497+0800][gc,stats    ]      Memory: Undo Page Allocation                              0 / 0                 0 / 9                 0 / 9                 0 / 9           ops/s
[2024-01-04T11:45:48.497+0800][gc,stats    ]       Phase: Concurrent Mark                               0.000 / 0.000       141.869 / 310.445     141.869 / 310.445     141.869 / 310.445     ms
[2024-01-04T11:45:48.497+0800][gc,stats    ]       Phase: Concurrent Mark Continue                      0.000 / 0.000         0.000 / 0.000         0.000 / 0.000         0.000 / 0.000       ms
[2024-01-04T11:45:48.497+0800][gc,stats    ]       Phase: Concurrent Mark Free                          0.000 / 0.000         0.001 / 0.001         0.001 / 0.001         0.001 / 0.001       ms
[2024-01-04T11:45:48.497+0800][gc,stats    ]       Phase: Concurrent Process Non-Strong References      0.000 / 0.000         7.190 / 14.900        7.190 / 14.900        7.190 / 14.900      ms
[2024-01-04T11:45:48.497+0800][gc,stats    ]       Phase: Concurrent Relocate                           0.000 / 0.000        30.195 / 56.995       30.195 / 56.995       30.195 / 56.995      ms
[2024-01-04T11:45:48.497+0800][gc,stats    ]       Phase: Concurrent Reset Relocation Set               0.000 / 0.000         0.012 / 0.039         0.012 / 0.039         0.012 / 0.039       ms
[2024-01-04T11:45:48.497+0800][gc,stats    ]       Phase: Concurrent Select Relocation Set              0.000 / 0.000         8.989 / 19.186        8.989 / 19.186        8.989 / 19.186      ms
[2024-01-04T11:45:48.497+0800][gc,stats    ]       Phase: Pause Mark End                                0.000 / 0.000         0.022 / 0.032         0.022 / 0.032         0.022 / 0.032       ms
[2024-01-04T11:45:48.497+0800][gc,stats    ]       Phase: Pause Mark Start                              0.000 / 0.000         0.021 / 0.064         0.021 / 0.064         0.021 / 0.064       ms
[2024-01-04T11:45:48.497+0800][gc,stats    ]       Phase: Pause Relocate Start                          0.000 / 0.000         0.013 / 0.020         0.013 / 0.020         0.013 / 0.020       ms
[2024-01-04T11:45:48.497+0800][gc,stats    ]    Subphase: Concurrent Classes Purge                      0.000 / 0.000         0.155 / 0.351         0.155 / 0.351         0.155 / 0.351       ms
[2024-01-04T11:45:48.497+0800][gc,stats    ]    Subphase: Concurrent Classes Unlink                     0.000 / 0.000         4.406 / 11.912        4.406 / 11.912        4.406 / 11.912      ms
[2024-01-04T11:45:48.497+0800][gc,stats    ]    Subphase: Concurrent Mark                               0.000 / 0.000       136.309 / 295.705     136.309 / 295.705     136.309 / 295.705     ms
[2024-01-04T11:45:48.497+0800][gc,stats    ]    Subphase: Concurrent Mark Try Flush                     0.000 / 0.000         0.050 / 0.125         0.050 / 0.125         0.050 / 0.125       ms
[2024-01-04T11:45:48.497+0800][gc,stats    ]    Subphase: Concurrent Mark Try Terminate                 0.000 / 0.000         3.075 / 15.520        3.075 / 15.520        3.075 / 15.520      ms
[2024-01-04T11:45:48.497+0800][gc,stats    ]    Subphase: Concurrent References Enqueue                 0.000 / 0.000         0.004 / 0.005         0.004 / 0.005         0.004 / 0.005       ms
[2024-01-04T11:45:48.497+0800][gc,stats    ]    Subphase: Concurrent References Process                 0.000 / 0.000         2.036 / 5.276         2.036 / 5.276         2.036 / 5.276       ms
[2024-01-04T11:45:48.497+0800][gc,stats    ]    Subphase: Concurrent Roots ClassLoaderDataGraph         0.000 / 0.000         0.186 / 2.096         0.186 / 2.096         0.186 / 2.096       ms
[2024-01-04T11:45:48.497+0800][gc,stats    ]    Subphase: Concurrent Roots CodeCache                    0.000 / 0.000         0.000 / 0.000         0.000 / 0.000         0.000 / 0.000       ms
[2024-01-04T11:45:48.497+0800][gc,stats    ]    Subphase: Concurrent Roots JavaThreads                  0.000 / 0.000         3.615 / 14.095        3.615 / 14.095        3.615 / 14.095      ms
[2024-01-04T11:45:48.497+0800][gc,stats    ]    Subphase: Concurrent Roots OopStorageSet                0.000 / 0.000         0.052 / 0.159         0.052 / 0.159         0.052 / 0.159       ms
[2024-01-04T11:45:48.497+0800][gc,stats    ]    Subphase: Concurrent Weak Roots OopStorageSet           0.000 / 0.000         0.479 / 0.631         0.479 / 0.631         0.479 / 0.631       ms
[2024-01-04T11:45:48.497+0800][gc,stats    ]    Subphase: Pause Mark Try Complete                       0.000 / 0.000         0.002 / 0.004         0.002 / 0.004         0.002 / 0.004       ms
[2024-01-04T11:45:48.497+0800][gc,stats    ]      System: Java Threads                                      0 / 0                61 / 79               61 / 79               61 / 79          threads
[2024-01-04T11:45:48.497+0800][gc,stats    ] =========================================================================================================================================================
[2024-01-04T11:45:58.497+0800][gc,stats    ] === Garbage Collection Statistics =======================================================================================================================
[2024-01-04T11:45:58.497+0800][gc,stats    ]                                                              Last 10s              Last 10m              Last 10h                Total
[2024-01-04T11:45:58.497+0800][gc,stats    ]                                                              Avg / Max             Avg / Max             Avg / Max             Avg / Max
[2024-01-04T11:45:58.497+0800][gc,stats    ]   Collector: Garbage Collection Cycle                      0.000 / 0.000       189.397 / 396.896     189.397 / 396.896     189.397 / 396.896     ms
[2024-01-04T11:45:58.497+0800][gc,stats    ]  Contention: Mark Segment Reset Contention                     0 / 0                 0 / 2                 0 / 2                 0 / 2           ops/s
[2024-01-04T11:45:58.497+0800][gc,stats    ]  Contention: Mark SeqNum Reset Contention                      0 / 0                 0 / 2                 0 / 2                 0 / 2           ops/s
[2024-01-04T11:45:58.497+0800][gc,stats    ]    Critical: Allocation Stall                                  0 / 0                 0 / 0                 0 / 0                 0 / 0           ops/s
[2024-01-04T11:45:58.497+0800][gc,stats    ]    Critical: Allocation Stall                              0.000 / 0.000         0.000 / 0.000         0.000 / 0.000         0.000 / 0.000       ms
[2024-01-04T11:45:58.497+0800][gc,stats    ]    Critical: GC Locker Stall                                   0 / 0                 0 / 0                 0 / 0                 0 / 0           ops/s
[2024-01-04T11:45:58.497+0800][gc,stats    ]    Critical: GC Locker Stall                               0.000 / 0.000         0.000 / 0.000         0.000 / 0.000         0.000 / 0.000       ms
[2024-01-04T11:45:58.497+0800][gc,stats    ]    Critical: Relocation Stall                                  0 / 0                 0 / 0                 0 / 0                 0 / 0           ops/s
[2024-01-04T11:45:58.497+0800][gc,stats    ]    Critical: Relocation Stall                              0.000 / 0.000         0.000 / 0.000         0.000 / 0.000         0.000 / 0.000       ms
[2024-01-04T11:45:58.497+0800][gc,stats    ]      Memory: Allocation Rate                                   0 / 2                11 / 428              11 / 428              11 / 428         MB/s
[2024-01-04T11:45:58.497+0800][gc,stats    ]      Memory: Defragment                                        0 / 0                 0 / 29                0 / 29                0 / 29          ops/s
[2024-01-04T11:45:58.497+0800][gc,stats    ]      Memory: Out Of Memory                                     0 / 0                 0 / 0                 0 / 0                 0 / 0           ops/s
[2024-01-04T11:45:58.497+0800][gc,stats    ]      Memory: Page Cache Flush                                  0 / 0                 0 / 58                0 / 58                0 / 58          MB/s
[2024-01-04T11:45:58.497+0800][gc,stats    ]      Memory: Page Cache Hit L1                                 0 / 1                 3 / 83                3 / 83                3 / 83          ops/s
[2024-01-04T11:45:58.497+0800][gc,stats    ]      Memory: Page Cache Hit L2                                 0 / 0                 0 / 0                 0 / 0                 0 / 0           ops/s
[2024-01-04T11:45:58.497+0800][gc,stats    ]      Memory: Page Cache Hit L3                                 0 / 0                 0 / 53                0 / 53                0 / 53          ops/s
[2024-01-04T11:45:58.497+0800][gc,stats    ]      Memory: Page Cache Miss                                   0 / 0                 1 / 65                1 / 65                1 / 65          ops/s
[2024-01-04T11:45:58.497+0800][gc,stats    ]      Memory: Uncommit                                          0 / 0                 0 / 0                 0 / 0                 0 / 0           MB/s
[2024-01-04T11:45:58.497+0800][gc,stats    ]      Memory: Undo Object Allocation Failed                     0 / 0                 0 / 3                 0 / 3                 0 / 3           ops/s
[2024-01-04T11:45:58.497+0800][gc,stats    ]      Memory: Undo Object Allocation Succeeded                  0 / 0                 0 / 140               0 / 140               0 / 140         ops/s
[2024-01-04T11:45:58.497+0800][gc,stats    ]      Memory: Undo Page Allocation                              0 / 0                 0 / 9                 0 / 9                 0 / 9           ops/s
[2024-01-04T11:45:58.497+0800][gc,stats    ]       Phase: Concurrent Mark                               0.000 / 0.000       141.869 / 310.445     141.869 / 310.445     141.869 / 310.445     ms
[2024-01-04T11:45:58.497+0800][gc,stats    ]       Phase: Concurrent Mark Continue                      0.000 / 0.000         0.000 / 0.000         0.000 / 0.000         0.000 / 0.000       ms
[2024-01-04T11:45:58.497+0800][gc,stats    ]       Phase: Concurrent Mark Free                          0.000 / 0.000         0.001 / 0.001         0.001 / 0.001         0.001 / 0.001       ms
[2024-01-04T11:45:58.497+0800][gc,stats    ]       Phase: Concurrent Process Non-Strong References      0.000 / 0.000         7.190 / 14.900        7.190 / 14.900        7.190 / 14.900      ms
[2024-01-04T11:45:58.497+0800][gc,stats    ]       Phase: Concurrent Relocate                           0.000 / 0.000        30.195 / 56.995       30.195 / 56.995       30.195 / 56.995      ms
[2024-01-04T11:45:58.497+0800][gc,stats    ]       Phase: Concurrent Reset Relocation Set               0.000 / 0.000         0.012 / 0.039         0.012 / 0.039         0.012 / 0.039       ms
[2024-01-04T11:45:58.497+0800][gc,stats    ]       Phase: Concurrent Select Relocation Set              0.000 / 0.000         8.989 / 19.186        8.989 / 19.186        8.989 / 19.186      ms
[2024-01-04T11:45:58.497+0800][gc,stats    ]       Phase: Pause Mark End                                0.000 / 0.000         0.022 / 0.032         0.022 / 0.032         0.022 / 0.032       ms
[2024-01-04T11:45:58.497+0800][gc,stats    ]       Phase: Pause Mark Start                              0.000 / 0.000         0.021 / 0.064         0.021 / 0.064         0.021 / 0.064       ms
[2024-01-04T11:45:58.497+0800][gc,stats    ]       Phase: Pause Relocate Start                          0.000 / 0.000         0.013 / 0.020         0.013 / 0.020         0.013 / 0.020       ms
[2024-01-04T11:45:58.497+0800][gc,stats    ]    Subphase: Concurrent Classes Purge                      0.000 / 0.000         0.155 / 0.351         0.155 / 0.351         0.155 / 0.351       ms
[2024-01-04T11:45:58.497+0800][gc,stats    ]    Subphase: Concurrent Classes Unlink                     0.000 / 0.000         4.406 / 11.912        4.406 / 11.912        4.406 / 11.912      ms
[2024-01-04T11:45:58.497+0800][gc,stats    ]    Subphase: Concurrent Mark                               0.000 / 0.000       136.309 / 295.705     136.309 / 295.705     136.309 / 295.705     ms
[2024-01-04T11:45:58.497+0800][gc,stats    ]    Subphase: Concurrent Mark Try Flush                     0.000 / 0.000         0.050 / 0.125         0.050 / 0.125         0.050 / 0.125       ms
[2024-01-04T11:45:58.497+0800][gc,stats    ]    Subphase: Concurrent Mark Try Terminate                 0.000 / 0.000         3.075 / 15.520        3.075 / 15.520        3.075 / 15.520      ms
[2024-01-04T11:45:58.497+0800][gc,stats    ]    Subphase: Concurrent References Enqueue                 0.000 / 0.000         0.004 / 0.005         0.004 / 0.005         0.004 / 0.005       ms
[2024-01-04T11:45:58.497+0800][gc,stats    ]    Subphase: Concurrent References Process                 0.000 / 0.000         2.036 / 5.276         2.036 / 5.276         2.036 / 5.276       ms
[2024-01-04T11:45:58.497+0800][gc,stats    ]    Subphase: Concurrent Roots ClassLoaderDataGraph         0.000 / 0.000         0.186 / 2.096         0.186 / 2.096         0.186 / 2.096       ms
[2024-01-04T11:45:58.497+0800][gc,stats    ]    Subphase: Concurrent Roots CodeCache                    0.000 / 0.000         0.000 / 0.000         0.000 / 0.000         0.000 / 0.000       ms
[2024-01-04T11:45:58.497+0800][gc,stats    ]    Subphase: Concurrent Roots JavaThreads                  0.000 / 0.000         3.615 / 14.095        3.615 / 14.095        3.615 / 14.095      ms
[2024-01-04T11:45:58.497+0800][gc,stats    ]    Subphase: Concurrent Roots OopStorageSet                0.000 / 0.000         0.052 / 0.159         0.052 / 0.159         0.052 / 0.159       ms
[2024-01-04T11:45:58.497+0800][gc,stats    ]    Subphase: Concurrent Weak Roots OopStorageSet           0.000 / 0.000         0.479 / 0.631         0.479 / 0.631         0.479 / 0.631       ms
[2024-01-04T11:45:58.497+0800][gc,stats    ]    Subphase: Pause Mark Try Complete                       0.000 / 0.000         0.002 / 0.004         0.002 / 0.004         0.002 / 0.004       ms
[2024-01-04T11:45:58.497+0800][gc,stats    ]      System: Java Threads                                      0 / 0                61 / 79               61 / 79               61 / 79          threads
[2024-01-04T11:45:58.497+0800][gc,stats    ] =========================================================================================================================================================
[2024-01-04T11:46:08.496+0800][gc,stats    ] === Garbage Collection Statistics =======================================================================================================================
[2024-01-04T11:46:08.496+0800][gc,stats    ]                                                              Last 10s              Last 10m              Last 10h                Total
[2024-01-04T11:46:08.496+0800][gc,stats    ]                                                              Avg / Max             Avg / Max             Avg / Max             Avg / Max
[2024-01-04T11:46:08.496+0800][gc,stats    ]   Collector: Garbage Collection Cycle                      0.000 / 0.000       189.397 / 396.896     189.397 / 396.896     189.397 / 396.896     ms
[2024-01-04T11:46:08.496+0800][gc,stats    ]  Contention: Mark Segment Reset Contention                     0 / 0                 0 / 2                 0 / 2                 0 / 2           ops/s
[2024-01-04T11:46:08.496+0800][gc,stats    ]  Contention: Mark SeqNum Reset Contention                      0 / 0                 0 / 2                 0 / 2                 0 / 2           ops/s
[2024-01-04T11:46:08.496+0800][gc,stats    ]    Critical: Allocation Stall                                  0 / 0                 0 / 0                 0 / 0                 0 / 0           ops/s
[2024-01-04T11:46:08.496+0800][gc,stats    ]    Critical: Allocation Stall                              0.000 / 0.000         0.000 / 0.000         0.000 / 0.000         0.000 / 0.000       ms
[2024-01-04T11:46:08.496+0800][gc,stats    ]    Critical: GC Locker Stall                                   0 / 0                 0 / 0                 0 / 0                 0 / 0           ops/s
[2024-01-04T11:46:08.496+0800][gc,stats    ]    Critical: GC Locker Stall                               0.000 / 0.000         0.000 / 0.000         0.000 / 0.000         0.000 / 0.000       ms
[2024-01-04T11:46:08.496+0800][gc,stats    ]    Critical: Relocation Stall                                  0 / 0                 0 / 0                 0 / 0                 0 / 0           ops/s
[2024-01-04T11:46:08.496+0800][gc,stats    ]    Critical: Relocation Stall                              0.000 / 0.000         0.000 / 0.000         0.000 / 0.000         0.000 / 0.000       ms
[2024-01-04T11:46:08.496+0800][gc,stats    ]      Memory: Allocation Rate                                   0 / 2                10 / 428              10 / 428              10 / 428         MB/s
[2024-01-04T11:46:08.496+0800][gc,stats    ]      Memory: Defragment                                        0 / 0                 0 / 29                0 / 29                0 / 29          ops/s
[2024-01-04T11:46:08.496+0800][gc,stats    ]      Memory: Out Of Memory                                     0 / 0                 0 / 0                 0 / 0                 0 / 0           ops/s
[2024-01-04T11:46:08.496+0800][gc,stats    ]      Memory: Page Cache Flush                                  0 / 0                 0 / 58                0 / 58                0 / 58          MB/s
[2024-01-04T11:46:08.496+0800][gc,stats    ]      Memory: Page Cache Hit L1                                 0 / 1                 3 / 83                3 / 83                3 / 83          ops/s
[2024-01-04T11:46:08.496+0800][gc,stats    ]      Memory: Page Cache Hit L2                                 0 / 0                 0 / 0                 0 / 0                 0 / 0           ops/s
[2024-01-04T11:46:08.496+0800][gc,stats    ]      Memory: Page Cache Hit L3                                 0 / 0                 0 / 53                0 / 53                0 / 53          ops/s
[2024-01-04T11:46:08.496+0800][gc,stats    ]      Memory: Page Cache Miss                                   0 / 0                 1 / 65                1 / 65                1 / 65          ops/s
[2024-01-04T11:46:08.496+0800][gc,stats    ]      Memory: Uncommit                                          0 / 0                 0 / 0                 0 / 0                 0 / 0           MB/s
[2024-01-04T11:46:08.496+0800][gc,stats    ]      Memory: Undo Object Allocation Failed                     0 / 0                 0 / 3                 0 / 3                 0 / 3           ops/s
[2024-01-04T11:46:08.496+0800][gc,stats    ]      Memory: Undo Object Allocation Succeeded                  0 / 0                 0 / 140               0 / 140               0 / 140         ops/s
[2024-01-04T11:46:08.496+0800][gc,stats    ]      Memory: Undo Page Allocation                              0 / 0                 0 / 9                 0 / 9                 0 / 9           ops/s
[2024-01-04T11:46:08.496+0800][gc,stats    ]       Phase: Concurrent Mark                               0.000 / 0.000       141.869 / 310.445     141.869 / 310.445     141.869 / 310.445     ms
[2024-01-04T11:46:08.496+0800][gc,stats    ]       Phase: Concurrent Mark Continue                      0.000 / 0.000         0.000 / 0.000         0.000 / 0.000         0.000 / 0.000       ms
[2024-01-04T11:46:08.496+0800][gc,stats    ]       Phase: Concurrent Mark Free                          0.000 / 0.000         0.001 / 0.001         0.001 / 0.001         0.001 / 0.001       ms
[2024-01-04T11:46:08.496+0800][gc,stats    ]       Phase: Concurrent Process Non-Strong References      0.000 / 0.000         7.190 / 14.900        7.190 / 14.900        7.190 / 14.900      ms
[2024-01-04T11:46:08.496+0800][gc,stats    ]       Phase: Concurrent Relocate                           0.000 / 0.000        30.195 / 56.995       30.195 / 56.995       30.195 / 56.995      ms
[2024-01-04T11:46:08.496+0800][gc,stats    ]       Phase: Concurrent Reset Relocation Set               0.000 / 0.000         0.012 / 0.039         0.012 / 0.039         0.012 / 0.039       ms
[2024-01-04T11:46:08.496+0800][gc,stats    ]       Phase: Concurrent Select Relocation Set              0.000 / 0.000         8.989 / 19.186        8.989 / 19.186        8.989 / 19.186      ms
[2024-01-04T11:46:08.496+0800][gc,stats    ]       Phase: Pause Mark End                                0.000 / 0.000         0.022 / 0.032         0.022 / 0.032         0.022 / 0.032       ms
[2024-01-04T11:46:08.496+0800][gc,stats    ]       Phase: Pause Mark Start                              0.000 / 0.000         0.021 / 0.064         0.021 / 0.064         0.021 / 0.064       ms
[2024-01-04T11:46:08.496+0800][gc,stats    ]       Phase: Pause Relocate Start                          0.000 / 0.000         0.013 / 0.020         0.013 / 0.020         0.013 / 0.020       ms
[2024-01-04T11:46:08.496+0800][gc,stats    ]    Subphase: Concurrent Classes Purge                      0.000 / 0.000         0.155 / 0.351         0.155 / 0.351         0.155 / 0.351       ms
[2024-01-04T11:46:08.496+0800][gc,stats    ]    Subphase: Concurrent Classes Unlink                     0.000 / 0.000         4.406 / 11.912        4.406 / 11.912        4.406 / 11.912      ms
[2024-01-04T11:46:08.496+0800][gc,stats    ]    Subphase: Concurrent Mark                               0.000 / 0.000       136.309 / 295.705     136.309 / 295.705     136.309 / 295.705     ms
[2024-01-04T11:46:08.496+0800][gc,stats    ]    Subphase: Concurrent Mark Try Flush                     0.000 / 0.000         0.050 / 0.125         0.050 / 0.125         0.050 / 0.125       ms
[2024-01-04T11:46:08.496+0800][gc,stats    ]    Subphase: Concurrent Mark Try Terminate                 0.000 / 0.000         3.075 / 15.520        3.075 / 15.520        3.075 / 15.520      ms
[2024-01-04T11:46:08.496+0800][gc,stats    ]    Subphase: Concurrent References Enqueue                 0.000 / 0.000         0.004 / 0.005         0.004 / 0.005         0.004 / 0.005       ms
[2024-01-04T11:46:08.496+0800][gc,stats    ]    Subphase: Concurrent References Process                 0.000 / 0.000         2.036 / 5.276         2.036 / 5.276         2.036 / 5.276       ms
[2024-01-04T11:46:08.496+0800][gc,stats    ]    Subphase: Concurrent Roots ClassLoaderDataGraph         0.000 / 0.000         0.186 / 2.096         0.186 / 2.096         0.186 / 2.096       ms
[2024-01-04T11:46:08.496+0800][gc,stats    ]    Subphase: Concurrent Roots CodeCache                    0.000 / 0.000         0.000 / 0.000         0.000 / 0.000         0.000 / 0.000       ms
[2024-01-04T11:46:08.496+0800][gc,stats    ]    Subphase: Concurrent Roots JavaThreads                  0.000 / 0.000         3.615 / 14.095        3.615 / 14.095        3.615 / 14.095      ms
[2024-01-04T11:46:08.496+0800][gc,stats    ]    Subphase: Concurrent Roots OopStorageSet                0.000 / 0.000         0.052 / 0.159         0.052 / 0.159         0.052 / 0.159       ms
[2024-01-04T11:46:08.496+0800][gc,stats    ]    Subphase: Concurrent Weak Roots OopStorageSet           0.000 / 0.000         0.479 / 0.631         0.479 / 0.631         0.479 / 0.631       ms
[2024-01-04T11:46:08.496+0800][gc,stats    ]    Subphase: Pause Mark Try Complete                       0.000 / 0.000         0.002 / 0.004         0.002 / 0.004         0.002 / 0.004       ms
[2024-01-04T11:46:08.496+0800][gc,stats    ]      System: Java Threads                                      0 / 0                61 / 79               61 / 79               61 / 79          threads
[2024-01-04T11:46:08.496+0800][gc,stats    ] =========================================================================================================================================================
[2024-01-04T11:46:18.496+0800][gc,stats    ] === Garbage Collection Statistics =======================================================================================================================
[2024-01-04T11:46:18.496+0800][gc,stats    ]                                                              Last 10s              Last 10m              Last 10h                Total
[2024-01-04T11:46:18.496+0800][gc,stats    ]                                                              Avg / Max             Avg / Max             Avg / Max             Avg / Max
[2024-01-04T11:46:18.496+0800][gc,stats    ]   Collector: Garbage Collection Cycle                      0.000 / 0.000       189.397 / 396.896     189.397 / 396.896     189.397 / 396.896     ms
[2024-01-04T11:46:18.496+0800][gc,stats    ]  Contention: Mark Segment Reset Contention                     0 / 0                 0 / 2                 0 / 2                 0 / 2           ops/s
[2024-01-04T11:46:18.496+0800][gc,stats    ]  Contention: Mark SeqNum Reset Contention                      0 / 0                 0 / 2                 0 / 2                 0 / 2           ops/s
[2024-01-04T11:46:18.496+0800][gc,stats    ]    Critical: Allocation Stall                                  0 / 0                 0 / 0                 0 / 0                 0 / 0           ops/s
[2024-01-04T11:46:18.496+0800][gc,stats    ]    Critical: Allocation Stall                              0.000 / 0.000         0.000 / 0.000         0.000 / 0.000         0.000 / 0.000       ms
[2024-01-04T11:46:18.496+0800][gc,stats    ]    Critical: GC Locker Stall                                   0 / 0                 0 / 0                 0 / 0                 0 / 0           ops/s
[2024-01-04T11:46:18.496+0800][gc,stats    ]    Critical: GC Locker Stall                               0.000 / 0.000         0.000 / 0.000         0.000 / 0.000         0.000 / 0.000       ms
[2024-01-04T11:46:18.496+0800][gc,stats    ]    Critical: Relocation Stall                                  0 / 0                 0 / 0                 0 / 0                 0 / 0           ops/s
[2024-01-04T11:46:18.496+0800][gc,stats    ]    Critical: Relocation Stall                              0.000 / 0.000         0.000 / 0.000         0.000 / 0.000         0.000 / 0.000       ms
[2024-01-04T11:46:18.496+0800][gc,stats    ]      Memory: Allocation Rate                                   0 / 2                10 / 428              10 / 428              10 / 428         MB/s
[2024-01-04T11:46:18.496+0800][gc,stats    ]      Memory: Defragment                                        0 / 0                 0 / 29                0 / 29                0 / 29          ops/s
[2024-01-04T11:46:18.496+0800][gc,stats    ]      Memory: Out Of Memory                                     0 / 0                 0 / 0                 0 / 0                 0 / 0           ops/s
[2024-01-04T11:46:18.496+0800][gc,stats    ]      Memory: Page Cache Flush                                  0 / 0                 0 / 58                0 / 58                0 / 58          MB/s
[2024-01-04T11:46:18.496+0800][gc,stats    ]      Memory: Page Cache Hit L1                                 0 / 1                 2 / 83                2 / 83                2 / 83          ops/s
[2024-01-04T11:46:18.496+0800][gc,stats    ]      Memory: Page Cache Hit L2                                 0 / 0                 0 / 0                 0 / 0                 0 / 0           ops/s
[2024-01-04T11:46:18.496+0800][gc,stats    ]      Memory: Page Cache Hit L3                                 0 / 0                 0 / 53                0 / 53                0 / 53          ops/s
[2024-01-04T11:46:18.496+0800][gc,stats    ]      Memory: Page Cache Miss                                   0 / 0                 1 / 65                1 / 65                1 / 65          ops/s
[2024-01-04T11:46:18.496+0800][gc,stats    ]      Memory: Uncommit                                          0 / 0                 0 / 0                 0 / 0                 0 / 0           MB/s
[2024-01-04T11:46:18.496+0800][gc,stats    ]      Memory: Undo Object Allocation Failed                     0 / 0                 0 / 3                 0 / 3                 0 / 3           ops/s
[2024-01-04T11:46:18.496+0800][gc,stats    ]      Memory: Undo Object Allocation Succeeded                  0 / 0                 0 / 140               0 / 140               0 / 140         ops/s
[2024-01-04T11:46:18.496+0800][gc,stats    ]      Memory: Undo Page Allocation                              0 / 0                 0 / 9                 0 / 9                 0 / 9           ops/s
[2024-01-04T11:46:18.496+0800][gc,stats    ]       Phase: Concurrent Mark                               0.000 / 0.000       141.869 / 310.445     141.869 / 310.445     141.869 / 310.445     ms
[2024-01-04T11:46:18.496+0800][gc,stats    ]       Phase: Concurrent Mark Continue                      0.000 / 0.000         0.000 / 0.000         0.000 / 0.000         0.000 / 0.000       ms
[2024-01-04T11:46:18.496+0800][gc,stats    ]       Phase: Concurrent Mark Free                          0.000 / 0.000         0.001 / 0.001         0.001 / 0.001         0.001 / 0.001       ms
[2024-01-04T11:46:18.496+0800][gc,stats    ]       Phase: Concurrent Process Non-Strong References      0.000 / 0.000         7.190 / 14.900        7.190 / 14.900        7.190 / 14.900      ms
[2024-01-04T11:46:18.496+0800][gc,stats    ]       Phase: Concurrent Relocate                           0.000 / 0.000        30.195 / 56.995       30.195 / 56.995       30.195 / 56.995      ms
[2024-01-04T11:46:18.496+0800][gc,stats    ]       Phase: Concurrent Reset Relocation Set               0.000 / 0.000         0.012 / 0.039         0.012 / 0.039         0.012 / 0.039       ms
[2024-01-04T11:46:18.496+0800][gc,stats    ]       Phase: Concurrent Select Relocation Set              0.000 / 0.000         8.989 / 19.186        8.989 / 19.186        8.989 / 19.186      ms
[2024-01-04T11:46:18.496+0800][gc,stats    ]       Phase: Pause Mark End                                0.000 / 0.000         0.022 / 0.032         0.022 / 0.032         0.022 / 0.032       ms
[2024-01-04T11:46:18.496+0800][gc,stats    ]       Phase: Pause Mark Start                              0.000 / 0.000         0.021 / 0.064         0.021 / 0.064         0.021 / 0.064       ms
[2024-01-04T11:46:18.496+0800][gc,stats    ]       Phase: Pause Relocate Start                          0.000 / 0.000         0.013 / 0.020         0.013 / 0.020         0.013 / 0.020       ms
[2024-01-04T11:46:18.496+0800][gc,stats    ]    Subphase: Concurrent Classes Purge                      0.000 / 0.000         0.155 / 0.351         0.155 / 0.351         0.155 / 0.351       ms
[2024-01-04T11:46:18.496+0800][gc,stats    ]    Subphase: Concurrent Classes Unlink                     0.000 / 0.000         4.406 / 11.912        4.406 / 11.912        4.406 / 11.912      ms
[2024-01-04T11:46:18.496+0800][gc,stats    ]    Subphase: Concurrent Mark                               0.000 / 0.000       136.309 / 295.705     136.309 / 295.705     136.309 / 295.705     ms
[2024-01-04T11:46:18.496+0800][gc,stats    ]    Subphase: Concurrent Mark Try Flush                     0.000 / 0.000         0.050 / 0.125         0.050 / 0.125         0.050 / 0.125       ms
[2024-01-04T11:46:18.496+0800][gc,stats    ]    Subphase: Concurrent Mark Try Terminate                 0.000 / 0.000         3.075 / 15.520        3.075 / 15.520        3.075 / 15.520      ms
[2024-01-04T11:46:18.496+0800][gc,stats    ]    Subphase: Concurrent References Enqueue                 0.000 / 0.000         0.004 / 0.005         0.004 / 0.005         0.004 / 0.005       ms
[2024-01-04T11:46:18.496+0800][gc,stats    ]    Subphase: Concurrent References Process                 0.000 / 0.000         2.036 / 5.276         2.036 / 5.276         2.036 / 5.276       ms
[2024-01-04T11:46:18.496+0800][gc,stats    ]    Subphase: Concurrent Roots ClassLoaderDataGraph         0.000 / 0.000         0.186 / 2.096         0.186 / 2.096         0.186 / 2.096       ms
[2024-01-04T11:46:18.496+0800][gc,stats    ]    Subphase: Concurrent Roots CodeCache                    0.000 / 0.000         0.000 / 0.000         0.000 / 0.000         0.000 / 0.000       ms
[2024-01-04T11:46:18.496+0800][gc,stats    ]    Subphase: Concurrent Roots JavaThreads                  0.000 / 0.000         3.615 / 14.095        3.615 / 14.095        3.615 / 14.095      ms
[2024-01-04T11:46:18.496+0800][gc,stats    ]    Subphase: Concurrent Roots OopStorageSet                0.000 / 0.000         0.052 / 0.159         0.052 / 0.159         0.052 / 0.159       ms
[2024-01-04T11:46:18.496+0800][gc,stats    ]    Subphase: Concurrent Weak Roots OopStorageSet           0.000 / 0.000         0.479 / 0.631         0.479 / 0.631         0.479 / 0.631       ms
[2024-01-04T11:46:18.496+0800][gc,stats    ]    Subphase: Pause Mark Try Complete                       0.000 / 0.000         0.002 / 0.004         0.002 / 0.004         0.002 / 0.004       ms
[2024-01-04T11:46:18.496+0800][gc,stats    ]      System: Java Threads                                      0 / 0                61 / 79               61 / 79               61 / 79          threads
[2024-01-04T11:46:18.496+0800][gc,stats    ] =========================================================================================================================================================
[2024-01-04T11:46:28.501+0800][gc,stats    ] === Garbage Collection Statistics =======================================================================================================================
[2024-01-04T11:46:28.501+0800][gc,stats    ]                                                              Last 10s              Last 10m              Last 10h                Total
[2024-01-04T11:46:28.501+0800][gc,stats    ]                                                              Avg / Max             Avg / Max             Avg / Max             Avg / Max
[2024-01-04T11:46:28.501+0800][gc,stats    ]   Collector: Garbage Collection Cycle                      0.000 / 0.000       189.397 / 396.896     189.397 / 396.896     189.397 / 396.896     ms
[2024-01-04T11:46:28.501+0800][gc,stats    ]  Contention: Mark Segment Reset Contention                     0 / 0                 0 / 2                 0 / 2                 0 / 2           ops/s
[2024-01-04T11:46:28.501+0800][gc,stats    ]  Contention: Mark SeqNum Reset Contention                      0 / 0                 0 / 2                 0 / 2                 0 / 2           ops/s
[2024-01-04T11:46:28.501+0800][gc,stats    ]    Critical: Allocation Stall                                  0 / 0                 0 / 0                 0 / 0                 0 / 0           ops/s
[2024-01-04T11:46:28.501+0800][gc,stats    ]    Critical: Allocation Stall                              0.000 / 0.000         0.000 / 0.000         0.000 / 0.000         0.000 / 0.000       ms
[2024-01-04T11:46:28.501+0800][gc,stats    ]    Critical: GC Locker Stall                                   0 / 0                 0 / 0                 0 / 0                 0 / 0           ops/s
[2024-01-04T11:46:28.501+0800][gc,stats    ]    Critical: GC Locker Stall                               0.000 / 0.000         0.000 / 0.000         0.000 / 0.000         0.000 / 0.000       ms
[2024-01-04T11:46:28.501+0800][gc,stats    ]    Critical: Relocation Stall                                  0 / 0                 0 / 0                 0 / 0                 0 / 0           ops/s
[2024-01-04T11:46:28.501+0800][gc,stats    ]    Critical: Relocation Stall                              0.000 / 0.000         0.000 / 0.000         0.000 / 0.000         0.000 / 0.000       ms
[2024-01-04T11:46:28.501+0800][gc,stats    ]      Memory: Allocation Rate                                   0 / 0                 9 / 428               9 / 428               9 / 428         MB/s
[2024-01-04T11:46:28.501+0800][gc,stats    ]      Memory: Defragment                                        0 / 0                 0 / 29                0 / 29                0 / 29          ops/s
[2024-01-04T11:46:28.501+0800][gc,stats    ]      Memory: Out Of Memory                                     0 / 0                 0 / 0                 0 / 0                 0 / 0           ops/s
[2024-01-04T11:46:28.501+0800][gc,stats    ]      Memory: Page Cache Flush                                  0 / 0                 0 / 58                0 / 58                0 / 58          MB/s
[2024-01-04T11:46:28.501+0800][gc,stats    ]      Memory: Page Cache Hit L1                                 0 / 0                 2 / 83                2 / 83                2 / 83          ops/s
[2024-01-04T11:46:28.501+0800][gc,stats    ]      Memory: Page Cache Hit L2                                 0 / 0                 0 / 0                 0 / 0                 0 / 0           ops/s
[2024-01-04T11:46:28.501+0800][gc,stats    ]      Memory: Page Cache Hit L3                                 0 / 0                 0 / 53                0 / 53                0 / 53          ops/s
[2024-01-04T11:46:28.501+0800][gc,stats    ]      Memory: Page Cache Miss                                   0 / 0                 1 / 65                1 / 65                1 / 65          ops/s
[2024-01-04T11:46:28.501+0800][gc,stats    ]      Memory: Uncommit                                          0 / 0                 0 / 0                 0 / 0                 0 / 0           MB/s
[2024-01-04T11:46:28.501+0800][gc,stats    ]      Memory: Undo Object Allocation Failed                     0 / 0                 0 / 3                 0 / 3                 0 / 3           ops/s
[2024-01-04T11:46:28.501+0800][gc,stats    ]      Memory: Undo Object Allocation Succeeded                  0 / 0                 0 / 140               0 / 140               0 / 140         ops/s
[2024-01-04T11:46:28.501+0800][gc,stats    ]      Memory: Undo Page Allocation                              0 / 0                 0 / 9                 0 / 9                 0 / 9           ops/s
[2024-01-04T11:46:28.501+0800][gc,stats    ]       Phase: Concurrent Mark                               0.000 / 0.000       141.869 / 310.445     141.869 / 310.445     141.869 / 310.445     ms
[2024-01-04T11:46:28.501+0800][gc,stats    ]       Phase: Concurrent Mark Continue                      0.000 / 0.000         0.000 / 0.000         0.000 / 0.000         0.000 / 0.000       ms
[2024-01-04T11:46:28.501+0800][gc,stats    ]       Phase: Concurrent Mark Free                          0.000 / 0.000         0.001 / 0.001         0.001 / 0.001         0.001 / 0.001       ms
[2024-01-04T11:46:28.501+0800][gc,stats    ]       Phase: Concurrent Process Non-Strong References      0.000 / 0.000         7.190 / 14.900        7.190 / 14.900        7.190 / 14.900      ms
[2024-01-04T11:46:28.501+0800][gc,stats    ]       Phase: Concurrent Relocate                           0.000 / 0.000        30.195 / 56.995       30.195 / 56.995       30.195 / 56.995      ms
[2024-01-04T11:46:28.501+0800][gc,stats    ]       Phase: Concurrent Reset Relocation Set               0.000 / 0.000         0.012 / 0.039         0.012 / 0.039         0.012 / 0.039       ms
[2024-01-04T11:46:28.501+0800][gc,stats    ]       Phase: Concurrent Select Relocation Set              0.000 / 0.000         8.989 / 19.186        8.989 / 19.186        8.989 / 19.186      ms
[2024-01-04T11:46:28.501+0800][gc,stats    ]       Phase: Pause Mark End                                0.000 / 0.000         0.022 / 0.032         0.022 / 0.032         0.022 / 0.032       ms
[2024-01-04T11:46:28.501+0800][gc,stats    ]       Phase: Pause Mark Start                              0.000 / 0.000         0.021 / 0.064         0.021 / 0.064         0.021 / 0.064       ms
[2024-01-04T11:46:28.501+0800][gc,stats    ]       Phase: Pause Relocate Start                          0.000 / 0.000         0.013 / 0.020         0.013 / 0.020         0.013 / 0.020       ms
[2024-01-04T11:46:28.501+0800][gc,stats    ]    Subphase: Concurrent Classes Purge                      0.000 / 0.000         0.155 / 0.351         0.155 / 0.351         0.155 / 0.351       ms
[2024-01-04T11:46:28.501+0800][gc,stats    ]    Subphase: Concurrent Classes Unlink                     0.000 / 0.000         4.406 / 11.912        4.406 / 11.912        4.406 / 11.912      ms
[2024-01-04T11:46:28.501+0800][gc,stats    ]    Subphase: Concurrent Mark                               0.000 / 0.000       136.309 / 295.705     136.309 / 295.705     136.309 / 295.705     ms
[2024-01-04T11:46:28.501+0800][gc,stats    ]    Subphase: Concurrent Mark Try Flush                     0.000 / 0.000         0.050 / 0.125         0.050 / 0.125         0.050 / 0.125       ms
[2024-01-04T11:46:28.501+0800][gc,stats    ]    Subphase: Concurrent Mark Try Terminate                 0.000 / 0.000         3.075 / 15.520        3.075 / 15.520        3.075 / 15.520      ms
[2024-01-04T11:46:28.501+0800][gc,stats    ]    Subphase: Concurrent References Enqueue                 0.000 / 0.000         0.004 / 0.005         0.004 / 0.005         0.004 / 0.005       ms
[2024-01-04T11:46:28.501+0800][gc,stats    ]    Subphase: Concurrent References Process                 0.000 / 0.000         2.036 / 5.276         2.036 / 5.276         2.036 / 5.276       ms
[2024-01-04T11:46:28.501+0800][gc,stats    ]    Subphase: Concurrent Roots ClassLoaderDataGraph         0.000 / 0.000         0.186 / 2.096         0.186 / 2.096         0.186 / 2.096       ms
[2024-01-04T11:46:28.501+0800][gc,stats    ]    Subphase: Concurrent Roots CodeCache                    0.000 / 0.000         0.000 / 0.000         0.000 / 0.000         0.000 / 0.000       ms
[2024-01-04T11:46:28.501+0800][gc,stats    ]    Subphase: Concurrent Roots JavaThreads                  0.000 / 0.000         3.615 / 14.095        3.615 / 14.095        3.615 / 14.095      ms
[2024-01-04T11:46:28.501+0800][gc,stats    ]    Subphase: Concurrent Roots OopStorageSet                0.000 / 0.000         0.052 / 0.159         0.052 / 0.159         0.052 / 0.159       ms
[2024-01-04T11:46:28.501+0800][gc,stats    ]    Subphase: Concurrent Weak Roots OopStorageSet           0.000 / 0.000         0.479 / 0.631         0.479 / 0.631         0.479 / 0.631       ms
[2024-01-04T11:46:28.501+0800][gc,stats    ]    Subphase: Pause Mark Try Complete                       0.000 / 0.000         0.002 / 0.004         0.002 / 0.004         0.002 / 0.004       ms
[2024-01-04T11:46:28.501+0800][gc,stats    ]      System: Java Threads                                      0 / 0                61 / 79               61 / 79               61 / 79          threads
[2024-01-04T11:46:28.501+0800][gc,stats    ] =========================================================================================================================================================
[2024-01-04T11:46:38.497+0800][gc,stats    ] === Garbage Collection Statistics =======================================================================================================================
[2024-01-04T11:46:38.497+0800][gc,stats    ]                                                              Last 10s              Last 10m              Last 10h                Total
[2024-01-04T11:46:38.497+0800][gc,stats    ]                                                              Avg / Max             Avg / Max             Avg / Max             Avg / Max
[2024-01-04T11:46:38.497+0800][gc,stats    ]   Collector: Garbage Collection Cycle                      0.000 / 0.000       189.397 / 396.896     189.397 / 396.896     189.397 / 396.896     ms
[2024-01-04T11:46:38.497+0800][gc,stats    ]  Contention: Mark Segment Reset Contention                     0 / 0                 0 / 2                 0 / 2                 0 / 2           ops/s
[2024-01-04T11:46:38.497+0800][gc,stats    ]  Contention: Mark SeqNum Reset Contention                      0 / 0                 0 / 2                 0 / 2                 0 / 2           ops/s
[2024-01-04T11:46:38.497+0800][gc,stats    ]    Critical: Allocation Stall                                  0 / 0                 0 / 0                 0 / 0                 0 / 0           ops/s
[2024-01-04T11:46:38.497+0800][gc,stats    ]    Critical: Allocation Stall                              0.000 / 0.000         0.000 / 0.000         0.000 / 0.000         0.000 / 0.000       ms
[2024-01-04T11:46:38.497+0800][gc,stats    ]    Critical: GC Locker Stall                                   0 / 0                 0 / 0                 0 / 0                 0 / 0           ops/s
[2024-01-04T11:46:38.497+0800][gc,stats    ]    Critical: GC Locker Stall                               0.000 / 0.000         0.000 / 0.000         0.000 / 0.000         0.000 / 0.000       ms
[2024-01-04T11:46:38.497+0800][gc,stats    ]    Critical: Relocation Stall                                  0 / 0                 0 / 0                 0 / 0                 0 / 0           ops/s
[2024-01-04T11:46:38.497+0800][gc,stats    ]    Critical: Relocation Stall                              0.000 / 0.000         0.000 / 0.000         0.000 / 0.000         0.000 / 0.000       ms
[2024-01-04T11:46:38.497+0800][gc,stats    ]      Memory: Allocation Rate                                   0 / 2                 9 / 428               9 / 428               9 / 428         MB/s
[2024-01-04T11:46:38.497+0800][gc,stats    ]      Memory: Defragment                                        0 / 0                 0 / 29                0 / 29                0 / 29          ops/s
[2024-01-04T11:46:38.497+0800][gc,stats    ]      Memory: Out Of Memory                                     0 / 0                 0 / 0                 0 / 0                 0 / 0           ops/s
[2024-01-04T11:46:38.497+0800][gc,stats    ]      Memory: Page Cache Flush                                  0 / 0                 0 / 58                0 / 58                0 / 58          MB/s
[2024-01-04T11:46:38.497+0800][gc,stats    ]      Memory: Page Cache Hit L1                                 0 / 1                 2 / 83                2 / 83                2 / 83          ops/s
[2024-01-04T11:46:38.497+0800][gc,stats    ]      Memory: Page Cache Hit L2                                 0 / 0                 0 / 0                 0 / 0                 0 / 0           ops/s
[2024-01-04T11:46:38.497+0800][gc,stats    ]      Memory: Page Cache Hit L3                                 0 / 0                 0 / 53                0 / 53                0 / 53          ops/s
[2024-01-04T11:46:38.497+0800][gc,stats    ]      Memory: Page Cache Miss                                   0 / 0                 1 / 65                1 / 65                1 / 65          ops/s
[2024-01-04T11:46:38.497+0800][gc,stats    ]      Memory: Uncommit                                          0 / 0                 0 / 0                 0 / 0                 0 / 0           MB/s
[2024-01-04T11:46:38.497+0800][gc,stats    ]      Memory: Undo Object Allocation Failed                     0 / 0                 0 / 3                 0 / 3                 0 / 3           ops/s
[2024-01-04T11:46:38.497+0800][gc,stats    ]      Memory: Undo Object Allocation Succeeded                  0 / 0                 0 / 140               0 / 140               0 / 140         ops/s
[2024-01-04T11:46:38.497+0800][gc,stats    ]      Memory: Undo Page Allocation                              0 / 0                 0 / 9                 0 / 9                 0 / 9           ops/s
[2024-01-04T11:46:38.497+0800][gc,stats    ]       Phase: Concurrent Mark                               0.000 / 0.000       141.869 / 310.445     141.869 / 310.445     141.869 / 310.445     ms
[2024-01-04T11:46:38.497+0800][gc,stats    ]       Phase: Concurrent Mark Continue                      0.000 / 0.000         0.000 / 0.000         0.000 / 0.000         0.000 / 0.000       ms
[2024-01-04T11:46:38.497+0800][gc,stats    ]       Phase: Concurrent Mark Free                          0.000 / 0.000         0.001 / 0.001         0.001 / 0.001         0.001 / 0.001       ms
[2024-01-04T11:46:38.497+0800][gc,stats    ]       Phase: Concurrent Process Non-Strong References      0.000 / 0.000         7.190 / 14.900        7.190 / 14.900        7.190 / 14.900      ms
[2024-01-04T11:46:38.497+0800][gc,stats    ]       Phase: Concurrent Relocate                           0.000 / 0.000        30.195 / 56.995       30.195 / 56.995       30.195 / 56.995      ms
[2024-01-04T11:46:38.497+0800][gc,stats    ]       Phase: Concurrent Reset Relocation Set               0.000 / 0.000         0.012 / 0.039         0.012 / 0.039         0.012 / 0.039       ms
[2024-01-04T11:46:38.497+0800][gc,stats    ]       Phase: Concurrent Select Relocation Set              0.000 / 0.000         8.989 / 19.186        8.989 / 19.186        8.989 / 19.186      ms
[2024-01-04T11:46:38.497+0800][gc,stats    ]       Phase: Pause Mark End                                0.000 / 0.000         0.022 / 0.032         0.022 / 0.032         0.022 / 0.032       ms
[2024-01-04T11:46:38.497+0800][gc,stats    ]       Phase: Pause Mark Start                              0.000 / 0.000         0.021 / 0.064         0.021 / 0.064         0.021 / 0.064       ms
[2024-01-04T11:46:38.497+0800][gc,stats    ]       Phase: Pause Relocate Start                          0.000 / 0.000         0.013 / 0.020         0.013 / 0.020         0.013 / 0.020       ms
[2024-01-04T11:46:38.497+0800][gc,stats    ]    Subphase: Concurrent Classes Purge                      0.000 / 0.000         0.155 / 0.351         0.155 / 0.351         0.155 / 0.351       ms
[2024-01-04T11:46:38.497+0800][gc,stats    ]    Subphase: Concurrent Classes Unlink                     0.000 / 0.000         4.406 / 11.912        4.406 / 11.912        4.406 / 11.912      ms
[2024-01-04T11:46:38.497+0800][gc,stats    ]    Subphase: Concurrent Mark                               0.000 / 0.000       136.309 / 295.705     136.309 / 295.705     136.309 / 295.705     ms
[2024-01-04T11:46:38.497+0800][gc,stats    ]    Subphase: Concurrent Mark Try Flush                     0.000 / 0.000         0.050 / 0.125         0.050 / 0.125         0.050 / 0.125       ms
[2024-01-04T11:46:38.497+0800][gc,stats    ]    Subphase: Concurrent Mark Try Terminate                 0.000 / 0.000         3.075 / 15.520        3.075 / 15.520        3.075 / 15.520      ms
[2024-01-04T11:46:38.497+0800][gc,stats    ]    Subphase: Concurrent References Enqueue                 0.000 / 0.000         0.004 / 0.005         0.004 / 0.005         0.004 / 0.005       ms
[2024-01-04T11:46:38.497+0800][gc,stats    ]    Subphase: Concurrent References Process                 0.000 / 0.000         2.036 / 5.276         2.036 / 5.276         2.036 / 5.276       ms
[2024-01-04T11:46:38.497+0800][gc,stats    ]    Subphase: Concurrent Roots ClassLoaderDataGraph         0.000 / 0.000         0.186 / 2.096         0.186 / 2.096         0.186 / 2.096       ms
[2024-01-04T11:46:38.497+0800][gc,stats    ]    Subphase: Concurrent Roots CodeCache                    0.000 / 0.000         0.000 / 0.000         0.000 / 0.000         0.000 / 0.000       ms
[2024-01-04T11:46:38.497+0800][gc,stats    ]    Subphase: Concurrent Roots JavaThreads                  0.000 / 0.000         3.615 / 14.095        3.615 / 14.095        3.615 / 14.095      ms
[2024-01-04T11:46:38.497+0800][gc,stats    ]    Subphase: Concurrent Roots OopStorageSet                0.000 / 0.000         0.052 / 0.159         0.052 / 0.159         0.052 / 0.159       ms
[2024-01-04T11:46:38.497+0800][gc,stats    ]    Subphase: Concurrent Weak Roots OopStorageSet           0.000 / 0.000         0.479 / 0.631         0.479 / 0.631         0.479 / 0.631       ms
[2024-01-04T11:46:38.497+0800][gc,stats    ]    Subphase: Pause Mark Try Complete                       0.000 / 0.000         0.002 / 0.004         0.002 / 0.004         0.002 / 0.004       ms
[2024-01-04T11:46:38.497+0800][gc,stats    ]      System: Java Threads                                      0 / 0                61 / 79               61 / 79               61 / 79          threads
[2024-01-04T11:46:38.497+0800][gc,stats    ] =========================================================================================================================================================
[2024-01-04T11:46:48.496+0800][gc,stats    ] === Garbage Collection Statistics =======================================================================================================================
[2024-01-04T11:46:48.496+0800][gc,stats    ]                                                              Last 10s              Last 10m              Last 10h                Total
[2024-01-04T11:46:48.496+0800][gc,stats    ]                                                              Avg / Max             Avg / Max             Avg / Max             Avg / Max
[2024-01-04T11:46:48.496+0800][gc,stats    ]   Collector: Garbage Collection Cycle                      0.000 / 0.000       189.397 / 396.896     189.397 / 396.896     189.397 / 396.896     ms
[2024-01-04T11:46:48.496+0800][gc,stats    ]  Contention: Mark Segment Reset Contention                     0 / 0                 0 / 2                 0 / 2                 0 / 2           ops/s
[2024-01-04T11:46:48.496+0800][gc,stats    ]  Contention: Mark SeqNum Reset Contention                      0 / 0                 0 / 2                 0 / 2                 0 / 2           ops/s
[2024-01-04T11:46:48.496+0800][gc,stats    ]    Critical: Allocation Stall                                  0 / 0                 0 / 0                 0 / 0                 0 / 0           ops/s
[2024-01-04T11:46:48.496+0800][gc,stats    ]    Critical: Allocation Stall                              0.000 / 0.000         0.000 / 0.000         0.000 / 0.000         0.000 / 0.000       ms
[2024-01-04T11:46:48.496+0800][gc,stats    ]    Critical: GC Locker Stall                                   0 / 0                 0 / 0                 0 / 0                 0 / 0           ops/s
[2024-01-04T11:46:48.496+0800][gc,stats    ]    Critical: GC Locker Stall                               0.000 / 0.000         0.000 / 0.000         0.000 / 0.000         0.000 / 0.000       ms
[2024-01-04T11:46:48.496+0800][gc,stats    ]    Critical: Relocation Stall                                  0 / 0                 0 / 0                 0 / 0                 0 / 0           ops/s
[2024-01-04T11:46:48.496+0800][gc,stats    ]    Critical: Relocation Stall                              0.000 / 0.000         0.000 / 0.000         0.000 / 0.000         0.000 / 0.000       ms
[2024-01-04T11:46:48.496+0800][gc,stats    ]      Memory: Allocation Rate                                   0 / 2                 9 / 428               9 / 428               9 / 428         MB/s
[2024-01-04T11:46:48.496+0800][gc,stats    ]      Memory: Defragment                                        0 / 0                 0 / 29                0 / 29                0 / 29          ops/s
[2024-01-04T11:46:48.496+0800][gc,stats    ]      Memory: Out Of Memory                                     0 / 0                 0 / 0                 0 / 0                 0 / 0           ops/s
[2024-01-04T11:46:48.496+0800][gc,stats    ]      Memory: Page Cache Flush                                  0 / 0                 0 / 58                0 / 58                0 / 58          MB/s
[2024-01-04T11:46:48.496+0800][gc,stats    ]      Memory: Page Cache Hit L1                                 0 / 1                 2 / 83                2 / 83                2 / 83          ops/s
[2024-01-04T11:46:48.496+0800][gc,stats    ]      Memory: Page Cache Hit L2                                 0 / 0                 0 / 0                 0 / 0                 0 / 0           ops/s
[2024-01-04T11:46:48.496+0800][gc,stats    ]      Memory: Page Cache Hit L3                                 0 / 0                 0 / 53                0 / 53                0 / 53          ops/s
[2024-01-04T11:46:48.496+0800][gc,stats    ]      Memory: Page Cache Miss                                   0 / 0                 1 / 65                1 / 65                1 / 65          ops/s
[2024-01-04T11:46:48.496+0800][gc,stats    ]      Memory: Uncommit                                          0 / 0                 0 / 0                 0 / 0                 0 / 0           MB/s
[2024-01-04T11:46:48.496+0800][gc,stats    ]      Memory: Undo Object Allocation Failed                     0 / 0                 0 / 3                 0 / 3                 0 / 3           ops/s
[2024-01-04T11:46:48.496+0800][gc,stats    ]      Memory: Undo Object Allocation Succeeded                  0 / 0                 0 / 140               0 / 140               0 / 140         ops/s
[2024-01-04T11:46:48.496+0800][gc,stats    ]      Memory: Undo Page Allocation                              0 / 0                 0 / 9                 0 / 9                 0 / 9           ops/s
[2024-01-04T11:46:48.496+0800][gc,stats    ]       Phase: Concurrent Mark                               0.000 / 0.000       141.869 / 310.445     141.869 / 310.445     141.869 / 310.445     ms
[2024-01-04T11:46:48.496+0800][gc,stats    ]       Phase: Concurrent Mark Continue                      0.000 / 0.000         0.000 / 0.000         0.000 / 0.000         0.000 / 0.000       ms
[2024-01-04T11:46:48.496+0800][gc,stats    ]       Phase: Concurrent Mark Free                          0.000 / 0.000         0.001 / 0.001         0.001 / 0.001         0.001 / 0.001       ms
[2024-01-04T11:46:48.496+0800][gc,stats    ]       Phase: Concurrent Process Non-Strong References      0.000 / 0.000         7.190 / 14.900        7.190 / 14.900        7.190 / 14.900      ms
[2024-01-04T11:46:48.496+0800][gc,stats    ]       Phase: Concurrent Relocate                           0.000 / 0.000        30.195 / 56.995       30.195 / 56.995       30.195 / 56.995      ms
[2024-01-04T11:46:48.496+0800][gc,stats    ]       Phase: Concurrent Reset Relocation Set               0.000 / 0.000         0.012 / 0.039         0.012 / 0.039         0.012 / 0.039       ms
[2024-01-04T11:46:48.496+0800][gc,stats    ]       Phase: Concurrent Select Relocation Set              0.000 / 0.000         8.989 / 19.186        8.989 / 19.186        8.989 / 19.186      ms
[2024-01-04T11:46:48.496+0800][gc,stats    ]       Phase: Pause Mark End                                0.000 / 0.000         0.022 / 0.032         0.022 / 0.032         0.022 / 0.032       ms
[2024-01-04T11:46:48.496+0800][gc,stats    ]       Phase: Pause Mark Start                              0.000 / 0.000         0.021 / 0.064         0.021 / 0.064         0.021 / 0.064       ms
[2024-01-04T11:46:48.496+0800][gc,stats    ]       Phase: Pause Relocate Start                          0.000 / 0.000         0.013 / 0.020         0.013 / 0.020         0.013 / 0.020       ms
[2024-01-04T11:46:48.496+0800][gc,stats    ]    Subphase: Concurrent Classes Purge                      0.000 / 0.000         0.155 / 0.351         0.155 / 0.351         0.155 / 0.351       ms
[2024-01-04T11:46:48.496+0800][gc,stats    ]    Subphase: Concurrent Classes Unlink                     0.000 / 0.000         4.406 / 11.912        4.406 / 11.912        4.406 / 11.912      ms
[2024-01-04T11:46:48.496+0800][gc,stats    ]    Subphase: Concurrent Mark                               0.000 / 0.000       136.309 / 295.705     136.309 / 295.705     136.309 / 295.705     ms
[2024-01-04T11:46:48.496+0800][gc,stats    ]    Subphase: Concurrent Mark Try Flush                     0.000 / 0.000         0.050 / 0.125         0.050 / 0.125         0.050 / 0.125       ms
[2024-01-04T11:46:48.496+0800][gc,stats    ]    Subphase: Concurrent Mark Try Terminate                 0.000 / 0.000         3.075 / 15.520        3.075 / 15.520        3.075 / 15.520      ms
[2024-01-04T11:46:48.496+0800][gc,stats    ]    Subphase: Concurrent References Enqueue                 0.000 / 0.000         0.004 / 0.005         0.004 / 0.005         0.004 / 0.005       ms
[2024-01-04T11:46:48.496+0800][gc,stats    ]    Subphase: Concurrent References Process                 0.000 / 0.000         2.036 / 5.276         2.036 / 5.276         2.036 / 5.276       ms
[2024-01-04T11:46:48.496+0800][gc,stats    ]    Subphase: Concurrent Roots ClassLoaderDataGraph         0.000 / 0.000         0.186 / 2.096         0.186 / 2.096         0.186 / 2.096       ms
[2024-01-04T11:46:48.496+0800][gc,stats    ]    Subphase: Concurrent Roots CodeCache                    0.000 / 0.000         0.000 / 0.000         0.000 / 0.000         0.000 / 0.000       ms
[2024-01-04T11:46:48.496+0800][gc,stats    ]    Subphase: Concurrent Roots JavaThreads                  0.000 / 0.000         3.615 / 14.095        3.615 / 14.095        3.615 / 14.095      ms
[2024-01-04T11:46:48.496+0800][gc,stats    ]    Subphase: Concurrent Roots OopStorageSet                0.000 / 0.000         0.052 / 0.159         0.052 / 0.159         0.052 / 0.159       ms
[2024-01-04T11:46:48.496+0800][gc,stats    ]    Subphase: Concurrent Weak Roots OopStorageSet           0.000 / 0.000         0.479 / 0.631         0.479 / 0.631         0.479 / 0.631       ms
[2024-01-04T11:46:48.496+0800][gc,stats    ]    Subphase: Pause Mark Try Complete                       0.000 / 0.000         0.002 / 0.004         0.002 / 0.004         0.002 / 0.004       ms
[2024-01-04T11:46:48.496+0800][gc,stats    ]      System: Java Threads                                      0 / 0                61 / 79               61 / 79               61 / 79          threads
[2024-01-04T11:46:48.496+0800][gc,stats    ] =========================================================================================================================================================
[2024-01-04T11:46:58.497+0800][gc,stats    ] === Garbage Collection Statistics =======================================================================================================================
[2024-01-04T11:46:58.497+0800][gc,stats    ]                                                              Last 10s              Last 10m              Last 10h                Total
[2024-01-04T11:46:58.497+0800][gc,stats    ]                                                              Avg / Max             Avg / Max             Avg / Max             Avg / Max
[2024-01-04T11:46:58.497+0800][gc,stats    ]   Collector: Garbage Collection Cycle                      0.000 / 0.000       189.397 / 396.896     189.397 / 396.896     189.397 / 396.896     ms
[2024-01-04T11:46:58.497+0800][gc,stats    ]  Contention: Mark Segment Reset Contention                     0 / 0                 0 / 2                 0 / 2                 0 / 2           ops/s
[2024-01-04T11:46:58.497+0800][gc,stats    ]  Contention: Mark SeqNum Reset Contention                      0 / 0                 0 / 2                 0 / 2                 0 / 2           ops/s
[2024-01-04T11:46:58.497+0800][gc,stats    ]    Critical: Allocation Stall                                  0 / 0                 0 / 0                 0 / 0                 0 / 0           ops/s
[2024-01-04T11:46:58.497+0800][gc,stats    ]    Critical: Allocation Stall                              0.000 / 0.000         0.000 / 0.000         0.000 / 0.000         0.000 / 0.000       ms
[2024-01-04T11:46:58.497+0800][gc,stats    ]    Critical: GC Locker Stall                                   0 / 0                 0 / 0                 0 / 0                 0 / 0           ops/s
[2024-01-04T11:46:58.497+0800][gc,stats    ]    Critical: GC Locker Stall                               0.000 / 0.000         0.000 / 0.000         0.000 / 0.000         0.000 / 0.000       ms
[2024-01-04T11:46:58.497+0800][gc,stats    ]    Critical: Relocation Stall                                  0 / 0                 0 / 0                 0 / 0                 0 / 0           ops/s
[2024-01-04T11:46:58.497+0800][gc,stats    ]    Critical: Relocation Stall                              0.000 / 0.000         0.000 / 0.000         0.000 / 0.000         0.000 / 0.000       ms
[2024-01-04T11:46:58.497+0800][gc,stats    ]      Memory: Allocation Rate                                   0 / 2                 8 / 428               8 / 428               8 / 428         MB/s
[2024-01-04T11:46:58.497+0800][gc,stats    ]      Memory: Defragment                                        0 / 0                 0 / 29                0 / 29                0 / 29          ops/s
[2024-01-04T11:46:58.497+0800][gc,stats    ]      Memory: Out Of Memory                                     0 / 0                 0 / 0                 0 / 0                 0 / 0           ops/s
[2024-01-04T11:46:58.497+0800][gc,stats    ]      Memory: Page Cache Flush                                  0 / 0                 0 / 58                0 / 58                0 / 58          MB/s
[2024-01-04T11:46:58.497+0800][gc,stats    ]      Memory: Page Cache Hit L1                                 0 / 1                 2 / 83                2 / 83                2 / 83          ops/s
[2024-01-04T11:46:58.497+0800][gc,stats    ]      Memory: Page Cache Hit L2                                 0 / 0                 0 / 0                 0 / 0                 0 / 0           ops/s
[2024-01-04T11:46:58.497+0800][gc,stats    ]      Memory: Page Cache Hit L3                                 0 / 0                 0 / 53                0 / 53                0 / 53          ops/s
[2024-01-04T11:46:58.497+0800][gc,stats    ]      Memory: Page Cache Miss                                   0 / 0                 1 / 65                1 / 65                1 / 65          ops/s
[2024-01-04T11:46:58.497+0800][gc,stats    ]      Memory: Uncommit                                          0 / 0                 0 / 0                 0 / 0                 0 / 0           MB/s
[2024-01-04T11:46:58.497+0800][gc,stats    ]      Memory: Undo Object Allocation Failed                     0 / 0                 0 / 3                 0 / 3                 0 / 3           ops/s
[2024-01-04T11:46:58.497+0800][gc,stats    ]      Memory: Undo Object Allocation Succeeded                  0 / 0                 0 / 140               0 / 140               0 / 140         ops/s
[2024-01-04T11:46:58.497+0800][gc,stats    ]      Memory: Undo Page Allocation                              0 / 0                 0 / 9                 0 / 9                 0 / 9           ops/s
[2024-01-04T11:46:58.497+0800][gc,stats    ]       Phase: Concurrent Mark                               0.000 / 0.000       141.869 / 310.445     141.869 / 310.445     141.869 / 310.445     ms
[2024-01-04T11:46:58.497+0800][gc,stats    ]       Phase: Concurrent Mark Continue                      0.000 / 0.000         0.000 / 0.000         0.000 / 0.000         0.000 / 0.000       ms
[2024-01-04T11:46:58.497+0800][gc,stats    ]       Phase: Concurrent Mark Free                          0.000 / 0.000         0.001 / 0.001         0.001 / 0.001         0.001 / 0.001       ms
[2024-01-04T11:46:58.497+0800][gc,stats    ]       Phase: Concurrent Process Non-Strong References      0.000 / 0.000         7.190 / 14.900        7.190 / 14.900        7.190 / 14.900      ms
[2024-01-04T11:46:58.497+0800][gc,stats    ]       Phase: Concurrent Relocate                           0.000 / 0.000        30.195 / 56.995       30.195 / 56.995       30.195 / 56.995      ms
[2024-01-04T11:46:58.497+0800][gc,stats    ]       Phase: Concurrent Reset Relocation Set               0.000 / 0.000         0.012 / 0.039         0.012 / 0.039         0.012 / 0.039       ms
[2024-01-04T11:46:58.497+0800][gc,stats    ]       Phase: Concurrent Select Relocation Set              0.000 / 0.000         8.989 / 19.186        8.989 / 19.186        8.989 / 19.186      ms
[2024-01-04T11:46:58.497+0800][gc,stats    ]       Phase: Pause Mark End                                0.000 / 0.000         0.022 / 0.032         0.022 / 0.032         0.022 / 0.032       ms
[2024-01-04T11:46:58.497+0800][gc,stats    ]       Phase: Pause Mark Start                              0.000 / 0.000         0.021 / 0.064         0.021 / 0.064         0.021 / 0.064       ms
[2024-01-04T11:46:58.497+0800][gc,stats    ]       Phase: Pause Relocate Start                          0.000 / 0.000         0.013 / 0.020         0.013 / 0.020         0.013 / 0.020       ms
[2024-01-04T11:46:58.497+0800][gc,stats    ]    Subphase: Concurrent Classes Purge                      0.000 / 0.000         0.155 / 0.351         0.155 / 0.351         0.155 / 0.351       ms
[2024-01-04T11:46:58.497+0800][gc,stats    ]    Subphase: Concurrent Classes Unlink                     0.000 / 0.000         4.406 / 11.912        4.406 / 11.912        4.406 / 11.912      ms
[2024-01-04T11:46:58.497+0800][gc,stats    ]    Subphase: Concurrent Mark                               0.000 / 0.000       136.309 / 295.705     136.309 / 295.705     136.309 / 295.705     ms
[2024-01-04T11:46:58.497+0800][gc,stats    ]    Subphase: Concurrent Mark Try Flush                     0.000 / 0.000         0.050 / 0.125         0.050 / 0.125         0.050 / 0.125       ms
[2024-01-04T11:46:58.497+0800][gc,stats    ]    Subphase: Concurrent Mark Try Terminate                 0.000 / 0.000         3.075 / 15.520        3.075 / 15.520        3.075 / 15.520      ms
[2024-01-04T11:46:58.497+0800][gc,stats    ]    Subphase: Concurrent References Enqueue                 0.000 / 0.000         0.004 / 0.005         0.004 / 0.005         0.004 / 0.005       ms
[2024-01-04T11:46:58.497+0800][gc,stats    ]    Subphase: Concurrent References Process                 0.000 / 0.000         2.036 / 5.276         2.036 / 5.276         2.036 / 5.276       ms
[2024-01-04T11:46:58.497+0800][gc,stats    ]    Subphase: Concurrent Roots ClassLoaderDataGraph         0.000 / 0.000         0.186 / 2.096         0.186 / 2.096         0.186 / 2.096       ms
[2024-01-04T11:46:58.497+0800][gc,stats    ]    Subphase: Concurrent Roots CodeCache                    0.000 / 0.000         0.000 / 0.000         0.000 / 0.000         0.000 / 0.000       ms
[2024-01-04T11:46:58.497+0800][gc,stats    ]    Subphase: Concurrent Roots JavaThreads                  0.000 / 0.000         3.615 / 14.095        3.615 / 14.095        3.615 / 14.095      ms
[2024-01-04T11:46:58.497+0800][gc,stats    ]    Subphase: Concurrent Roots OopStorageSet                0.000 / 0.000         0.052 / 0.159         0.052 / 0.159         0.052 / 0.159       ms
[2024-01-04T11:46:58.497+0800][gc,stats    ]    Subphase: Concurrent Weak Roots OopStorageSet           0.000 / 0.000         0.479 / 0.631         0.479 / 0.631         0.479 / 0.631       ms
[2024-01-04T11:46:58.497+0800][gc,stats    ]    Subphase: Pause Mark Try Complete                       0.000 / 0.000         0.002 / 0.004         0.002 / 0.004         0.002 / 0.004       ms
[2024-01-04T11:46:58.497+0800][gc,stats    ]      System: Java Threads                                      0 / 0                61 / 79               61 / 79               61 / 79          threads
[2024-01-04T11:46:58.497+0800][gc,stats    ] =========================================================================================================================================================
[2024-01-04T11:47:08.512+0800][gc,stats    ] === Garbage Collection Statistics =======================================================================================================================
[2024-01-04T11:47:08.512+0800][gc,stats    ]                                                              Last 10s              Last 10m              Last 10h                Total
[2024-01-04T11:47:08.512+0800][gc,stats    ]                                                              Avg / Max             Avg / Max             Avg / Max             Avg / Max
[2024-01-04T11:47:08.512+0800][gc,stats    ]   Collector: Garbage Collection Cycle                      0.000 / 0.000       189.397 / 396.896     189.397 / 396.896     189.397 / 396.896     ms
[2024-01-04T11:47:08.512+0800][gc,stats    ]  Contention: Mark Segment Reset Contention                     0 / 0                 0 / 2                 0 / 2                 0 / 2           ops/s
[2024-01-04T11:47:08.512+0800][gc,stats    ]  Contention: Mark SeqNum Reset Contention                      0 / 0                 0 / 2                 0 / 2                 0 / 2           ops/s
[2024-01-04T11:47:08.512+0800][gc,stats    ]    Critical: Allocation Stall                                  0 / 0                 0 / 0                 0 / 0                 0 / 0           ops/s
[2024-01-04T11:47:08.512+0800][gc,stats    ]    Critical: Allocation Stall                              0.000 / 0.000         0.000 / 0.000         0.000 / 0.000         0.000 / 0.000       ms
[2024-01-04T11:47:08.512+0800][gc,stats    ]    Critical: GC Locker Stall                                   0 / 0                 0 / 0                 0 / 0                 0 / 0           ops/s
[2024-01-04T11:47:08.512+0800][gc,stats    ]    Critical: GC Locker Stall                               0.000 / 0.000         0.000 / 0.000         0.000 / 0.000         0.000 / 0.000       ms
[2024-01-04T11:47:08.512+0800][gc,stats    ]    Critical: Relocation Stall                                  0 / 0                 0 / 0                 0 / 0                 0 / 0           ops/s
[2024-01-04T11:47:08.512+0800][gc,stats    ]    Critical: Relocation Stall                              0.000 / 0.000         0.000 / 0.000         0.000 / 0.000         0.000 / 0.000       ms
[2024-01-04T11:47:08.512+0800][gc,stats    ]      Memory: Allocation Rate                                   0 / 2                 8 / 428               8 / 428               8 / 428         MB/s
[2024-01-04T11:47:08.512+0800][gc,stats    ]      Memory: Defragment                                        0 / 0                 0 / 29                0 / 29                0 / 29          ops/s
[2024-01-04T11:47:08.512+0800][gc,stats    ]      Memory: Out Of Memory                                     0 / 0                 0 / 0                 0 / 0                 0 / 0           ops/s
[2024-01-04T11:47:08.512+0800][gc,stats    ]      Memory: Page Cache Flush                                  0 / 0                 0 / 58                0 / 58                0 / 58          MB/s
[2024-01-04T11:47:08.512+0800][gc,stats    ]      Memory: Page Cache Hit L1                                 0 / 1                 2 / 83                2 / 83                2 / 83          ops/s
[2024-01-04T11:47:08.512+0800][gc,stats    ]      Memory: Page Cache Hit L2                                 0 / 0                 0 / 0                 0 / 0                 0 / 0           ops/s
[2024-01-04T11:47:08.512+0800][gc,stats    ]      Memory: Page Cache Hit L3                                 0 / 0                 0 / 53                0 / 53                0 / 53          ops/s
[2024-01-04T11:47:08.512+0800][gc,stats    ]      Memory: Page Cache Miss                                   0 / 0                 1 / 65                1 / 65                1 / 65          ops/s
[2024-01-04T11:47:08.512+0800][gc,stats    ]      Memory: Uncommit                                          0 / 0                 0 / 0                 0 / 0                 0 / 0           MB/s
[2024-01-04T11:47:08.512+0800][gc,stats    ]      Memory: Undo Object Allocation Failed                     0 / 0                 0 / 3                 0 / 3                 0 / 3           ops/s
[2024-01-04T11:47:08.512+0800][gc,stats    ]      Memory: Undo Object Allocation Succeeded                  0 / 0                 0 / 140               0 / 140               0 / 140         ops/s
[2024-01-04T11:47:08.512+0800][gc,stats    ]      Memory: Undo Page Allocation                              0 / 0                 0 / 9                 0 / 9                 0 / 9           ops/s
[2024-01-04T11:47:08.512+0800][gc,stats    ]       Phase: Concurrent Mark                               0.000 / 0.000       141.869 / 310.445     141.869 / 310.445     141.869 / 310.445     ms
[2024-01-04T11:47:08.512+0800][gc,stats    ]       Phase: Concurrent Mark Continue                      0.000 / 0.000         0.000 / 0.000         0.000 / 0.000         0.000 / 0.000       ms
[2024-01-04T11:47:08.512+0800][gc,stats    ]       Phase: Concurrent Mark Free                          0.000 / 0.000         0.001 / 0.001         0.001 / 0.001         0.001 / 0.001       ms
[2024-01-04T11:47:08.512+0800][gc,stats    ]       Phase: Concurrent Process Non-Strong References      0.000 / 0.000         7.190 / 14.900        7.190 / 14.900        7.190 / 14.900      ms
[2024-01-04T11:47:08.512+0800][gc,stats    ]       Phase: Concurrent Relocate                           0.000 / 0.000        30.195 / 56.995       30.195 / 56.995       30.195 / 56.995      ms
[2024-01-04T11:47:08.512+0800][gc,stats    ]       Phase: Concurrent Reset Relocation Set               0.000 / 0.000         0.012 / 0.039         0.012 / 0.039         0.012 / 0.039       ms
[2024-01-04T11:47:08.512+0800][gc,stats    ]       Phase: Concurrent Select Relocation Set              0.000 / 0.000         8.989 / 19.186        8.989 / 19.186        8.989 / 19.186      ms
[2024-01-04T11:47:08.512+0800][gc,stats    ]       Phase: Pause Mark End                                0.000 / 0.000         0.022 / 0.032         0.022 / 0.032         0.022 / 0.032       ms
[2024-01-04T11:47:08.512+0800][gc,stats    ]       Phase: Pause Mark Start                              0.000 / 0.000         0.021 / 0.064         0.021 / 0.064         0.021 / 0.064       ms
[2024-01-04T11:47:08.512+0800][gc,stats    ]       Phase: Pause Relocate Start                          0.000 / 0.000         0.013 / 0.020         0.013 / 0.020         0.013 / 0.020       ms
[2024-01-04T11:47:08.512+0800][gc,stats    ]    Subphase: Concurrent Classes Purge                      0.000 / 0.000         0.155 / 0.351         0.155 / 0.351         0.155 / 0.351       ms
[2024-01-04T11:47:08.512+0800][gc,stats    ]    Subphase: Concurrent Classes Unlink                     0.000 / 0.000         4.406 / 11.912        4.406 / 11.912        4.406 / 11.912      ms
[2024-01-04T11:47:08.512+0800][gc,stats    ]    Subphase: Concurrent Mark                               0.000 / 0.000       136.309 / 295.705     136.309 / 295.705     136.309 / 295.705     ms
[2024-01-04T11:47:08.512+0800][gc,stats    ]    Subphase: Concurrent Mark Try Flush                     0.000 / 0.000         0.050 / 0.125         0.050 / 0.125         0.050 / 0.125       ms
[2024-01-04T11:47:08.512+0800][gc,stats    ]    Subphase: Concurrent Mark Try Terminate                 0.000 / 0.000         3.075 / 15.520        3.075 / 15.520        3.075 / 15.520      ms
[2024-01-04T11:47:08.512+0800][gc,stats    ]    Subphase: Concurrent References Enqueue                 0.000 / 0.000         0.004 / 0.005         0.004 / 0.005         0.004 / 0.005       ms
[2024-01-04T11:47:08.512+0800][gc,stats    ]    Subphase: Concurrent References Process                 0.000 / 0.000         2.036 / 5.276         2.036 / 5.276         2.036 / 5.276       ms
[2024-01-04T11:47:08.512+0800][gc,stats    ]    Subphase: Concurrent Roots ClassLoaderDataGraph         0.000 / 0.000         0.186 / 2.096         0.186 / 2.096         0.186 / 2.096       ms
[2024-01-04T11:47:08.512+0800][gc,stats    ]    Subphase: Concurrent Roots CodeCache                    0.000 / 0.000         0.000 / 0.000         0.000 / 0.000         0.000 / 0.000       ms
[2024-01-04T11:47:08.512+0800][gc,stats    ]    Subphase: Concurrent Roots JavaThreads                  0.000 / 0.000         3.615 / 14.095        3.615 / 14.095        3.615 / 14.095      ms
[2024-01-04T11:47:08.512+0800][gc,stats    ]    Subphase: Concurrent Roots OopStorageSet                0.000 / 0.000         0.052 / 0.159         0.052 / 0.159         0.052 / 0.159       ms
[2024-01-04T11:47:08.512+0800][gc,stats    ]    Subphase: Concurrent Weak Roots OopStorageSet           0.000 / 0.000         0.479 / 0.631         0.479 / 0.631         0.479 / 0.631       ms
[2024-01-04T11:47:08.512+0800][gc,stats    ]    Subphase: Pause Mark Try Complete                       0.000 / 0.000         0.002 / 0.004         0.002 / 0.004         0.002 / 0.004       ms
[2024-01-04T11:47:08.512+0800][gc,stats    ]      System: Java Threads                                      0 / 0                61 / 79               61 / 79               61 / 79          threads
[2024-01-04T11:47:08.512+0800][gc,stats    ] =========================================================================================================================================================
[2024-01-04T11:47:17.297+0800][gc,start    ] GC(5) Garbage Collection (Proactive)
[2024-01-04T11:47:17.297+0800][gc,task     ] GC(5) Using 4 workers
[2024-01-04T11:47:17.297+0800][gc,phases   ] GC(5) Pause Mark Start 0.015ms
[2024-01-04T11:47:17.329+0800][gc,phases   ] GC(5) Concurrent Mark 31.802ms
[2024-01-04T11:47:17.329+0800][gc,phases   ] GC(5) Pause Mark End 0.024ms
[2024-01-04T11:47:17.329+0800][gc,phases   ] GC(5) Concurrent Mark Free 0.001ms
[2024-01-04T11:47:17.334+0800][gc,phases   ] GC(5) Concurrent Process Non-Strong References 5.680ms
[2024-01-04T11:47:17.335+0800][gc,phases   ] GC(5) Concurrent Reset Relocation Set 0.066ms
[2024-01-04T11:47:17.341+0800][gc,phases   ] GC(5) Concurrent Select Relocation Set 6.137ms
[2024-01-04T11:47:17.341+0800][gc,phases   ] GC(5) Pause Relocate Start 0.012ms
[2024-01-04T11:47:17.351+0800][gc,phases   ] GC(5) Concurrent Relocate 9.810ms
[2024-01-04T11:47:17.351+0800][gc,load     ] GC(5) Load: 0.00/0.00/0.00
[2024-01-04T11:47:17.351+0800][gc,mmu      ] GC(5) MMU: 2ms/96.8%, 5ms/98.7%, 10ms/99.4%, 20ms/99.7%, 50ms/99.9%, 100ms/99.9%
[2024-01-04T11:47:17.351+0800][gc,marking  ] GC(5) Mark: 4 stripe(s), 2 proactive flush(es), 1 terminate flush(es), 0 completion(s), 0 continuation(s) 
[2024-01-04T11:47:17.351+0800][gc,marking  ] GC(5) Mark Stack Usage: 32M
[2024-01-04T11:47:17.351+0800][gc,nmethod  ] GC(5) NMethods: 7107 registered, 647 unregistered
[2024-01-04T11:47:17.351+0800][gc,metaspace] GC(5) Metaspace: 41M used, 42M committed, 1088M reserved
[2024-01-04T11:47:17.351+0800][gc,ref      ] GC(5) Soft: 4135 encountered, 0 discovered, 0 enqueued
[2024-01-04T11:47:17.351+0800][gc,ref      ] GC(5) Weak: 33141 encountered, 31161 discovered, 30879 enqueued
[2024-01-04T11:47:17.351+0800][gc,ref      ] GC(5) Final: 327 encountered, 106 discovered, 5 enqueued
[2024-01-04T11:47:17.351+0800][gc,ref      ] GC(5) Phantom: 296 encountered, 200 discovered, 1 enqueued
[2024-01-04T11:47:17.351+0800][gc,reloc    ] GC(5) Small Pages: 269 / 538M, Empty: 74M, Relocated: 36M, In-Place: 0
[2024-01-04T11:47:17.351+0800][gc,reloc    ] GC(5) Medium Pages: 2 / 64M, Empty: 32M, Relocated: 0M, In-Place: 0
[2024-01-04T11:47:17.351+0800][gc,reloc    ] GC(5) Large Pages: 0 / 0M, Empty: 0M, Relocated: 0M, In-Place: 0
[2024-01-04T11:47:17.351+0800][gc,reloc    ] GC(5) Forwarding Usage: 7M
[2024-01-04T11:47:17.351+0800][gc,heap     ] GC(5) Min Capacity: 8M(0%)
[2024-01-04T11:47:17.351+0800][gc,heap     ] GC(5) Max Capacity: 3890M(100%)
[2024-01-04T11:47:17.351+0800][gc,heap     ] GC(5) Soft Max Capacity: 3890M(100%)
[2024-01-04T11:47:17.351+0800][gc,heap     ] GC(5)                Mark Start          Mark End        Relocate Start      Relocate End           High               Low         
[2024-01-04T11:47:17.351+0800][gc,heap     ] GC(5)  Capacity:     1562M (40%)        1562M (40%)        1562M (40%)        1562M (40%)        1562M (40%)        1562M (40%)    
[2024-01-04T11:47:17.351+0800][gc,heap     ] GC(5)      Free:     3288M (85%)        3288M (85%)        3390M (87%)        3790M (97%)        3790M (97%)        3288M (85%)    
[2024-01-04T11:47:17.351+0800][gc,heap     ] GC(5)      Used:      602M (15%)         602M (15%)         500M (13%)         100M (3%)          602M (15%)         100M (3%)     
[2024-01-04T11:47:17.351+0800][gc,heap     ] GC(5)      Live:         -                55M (1%)           55M (1%)           55M (1%)             -                  -          
[2024-01-04T11:47:17.351+0800][gc,heap     ] GC(5) Allocated:         -                 0M (0%)            4M (0%)            5M (0%)             -                  -          
[2024-01-04T11:47:17.351+0800][gc,heap     ] GC(5)   Garbage:         -               546M (14%)         440M (11%)          38M (1%)             -                  -          
[2024-01-04T11:47:17.351+0800][gc,heap     ] GC(5) Reclaimed:         -                  -               106M (3%)          507M (13%)            -                  -          
[2024-01-04T11:47:17.351+0800][gc          ] GC(5) Garbage Collection (Proactive) 602M(15%)->100M(3%)
[2024-01-04T11:47:17.574+0800][gc,heap     ] Uncommitted: 960M(25%)
[2024-01-04T11:47:18.497+0800][gc,stats    ] === Garbage Collection Statistics =======================================================================================================================
[2024-01-04T11:47:18.497+0800][gc,stats    ]                                                              Last 10s              Last 10m              Last 10h                Total
[2024-01-04T11:47:18.497+0800][gc,stats    ]                                                              Avg / Max             Avg / Max             Avg / Max             Avg / Max
[2024-01-04T11:47:18.497+0800][gc,stats    ]   Collector: Garbage Collection Cycle                     54.287 / 54.287      166.879 / 396.896     166.879 / 396.896     166.879 / 396.896     ms
[2024-01-04T11:47:18.497+0800][gc,stats    ]  Contention: Mark Segment Reset Contention                     0 / 3                 0 / 3                 0 / 3                 0 / 3           ops/s
[2024-01-04T11:47:18.497+0800][gc,stats    ]  Contention: Mark SeqNum Reset Contention                      0 / 0                 0 / 2                 0 / 2                 0 / 2           ops/s
[2024-01-04T11:47:18.497+0800][gc,stats    ]    Critical: Allocation Stall                                  0 / 0                 0 / 0                 0 / 0                 0 / 0           ops/s
[2024-01-04T11:47:18.497+0800][gc,stats    ]    Critical: Allocation Stall                              0.000 / 0.000         0.000 / 0.000         0.000 / 0.000         0.000 / 0.000       ms
[2024-01-04T11:47:18.497+0800][gc,stats    ]    Critical: GC Locker Stall                                   0 / 0                 0 / 0                 0 / 0                 0 / 0           ops/s
[2024-01-04T11:47:18.497+0800][gc,stats    ]    Critical: GC Locker Stall                               0.000 / 0.000         0.000 / 0.000         0.000 / 0.000         0.000 / 0.000       ms
[2024-01-04T11:47:18.497+0800][gc,stats    ]    Critical: Relocation Stall                                  0 / 0                 0 / 0                 0 / 0                 0 / 0           ops/s
[2024-01-04T11:47:18.497+0800][gc,stats    ]    Critical: Relocation Stall                              0.000 / 0.000         0.000 / 0.000         0.000 / 0.000         0.000 / 0.000       ms
[2024-01-04T11:47:18.497+0800][gc,stats    ]      Memory: Allocation Rate                                   0 / 6                 8 / 428               8 / 428               8 / 428         MB/s
[2024-01-04T11:47:18.497+0800][gc,stats    ]      Memory: Defragment                                        0 / 0                 0 / 29                0 / 29                0 / 29          ops/s
[2024-01-04T11:47:18.497+0800][gc,stats    ]      Memory: Out Of Memory                                     0 / 0                 0 / 0                 0 / 0                 0 / 0           ops/s
[2024-01-04T11:47:18.497+0800][gc,stats    ]      Memory: Page Cache Flush                                  0 / 0                 0 / 58                0 / 58                0 / 58          MB/s
[2024-01-04T11:47:18.497+0800][gc,stats    ]      Memory: Page Cache Hit L1                                 2 / 24                2 / 83                2 / 83                2 / 83          ops/s
[2024-01-04T11:47:18.497+0800][gc,stats    ]      Memory: Page Cache Hit L2                                 0 / 0                 0 / 0                 0 / 0                 0 / 0           ops/s
[2024-01-04T11:47:18.497+0800][gc,stats    ]      Memory: Page Cache Hit L3                                 0 / 0                 0 / 53                0 / 53                0 / 53          ops/s
[2024-01-04T11:47:18.497+0800][gc,stats    ]      Memory: Page Cache Miss                                   0 / 0                 1 / 65                1 / 65                1 / 65          ops/s
[2024-01-04T11:47:18.497+0800][gc,stats    ]      Memory: Uncommit                                         96 / 960               2 / 960               2 / 960               2 / 960         MB/s
[2024-01-04T11:47:18.497+0800][gc,stats    ]      Memory: Undo Object Allocation Failed                     0 / 0                 0 / 3                 0 / 3                 0 / 3           ops/s
[2024-01-04T11:47:18.497+0800][gc,stats    ]      Memory: Undo Object Allocation Succeeded                  0 / 0                 0 / 140               0 / 140               0 / 140         ops/s
[2024-01-04T11:47:18.497+0800][gc,stats    ]      Memory: Undo Page Allocation                              0 / 0                 0 / 9                 0 / 9                 0 / 9           ops/s
[2024-01-04T11:47:18.497+0800][gc,stats    ]       Phase: Concurrent Mark                              31.802 / 31.802      123.525 / 310.445     123.525 / 310.445     123.525 / 310.445     ms
[2024-01-04T11:47:18.497+0800][gc,stats    ]       Phase: Concurrent Mark Continue                      0.000 / 0.000         0.000 / 0.000         0.000 / 0.000         0.000 / 0.000       ms
[2024-01-04T11:47:18.497+0800][gc,stats    ]       Phase: Concurrent Mark Free                          0.001 / 0.001         0.001 / 0.001         0.001 / 0.001         0.001 / 0.001       ms
[2024-01-04T11:47:18.497+0800][gc,stats    ]       Phase: Concurrent Process Non-Strong References      5.680 / 5.680         6.938 / 14.900        6.938 / 14.900        6.938 / 14.900      ms
[2024-01-04T11:47:18.497+0800][gc,stats    ]       Phase: Concurrent Relocate                           9.810 / 9.810        26.797 / 56.995       26.797 / 56.995       26.797 / 56.995      ms
[2024-01-04T11:47:18.497+0800][gc,stats    ]       Phase: Concurrent Reset Relocation Set               0.066 / 0.066         0.021 / 0.066         0.021 / 0.066         0.021 / 0.066       ms
[2024-01-04T11:47:18.497+0800][gc,stats    ]       Phase: Concurrent Select Relocation Set              6.137 / 6.137         8.514 / 19.186        8.514 / 19.186        8.514 / 19.186      ms
[2024-01-04T11:47:18.497+0800][gc,stats    ]       Phase: Pause Mark End                                0.024 / 0.024         0.023 / 0.032         0.023 / 0.032         0.023 / 0.032       ms
[2024-01-04T11:47:18.497+0800][gc,stats    ]       Phase: Pause Mark Start                              0.015 / 0.015         0.020 / 0.064         0.020 / 0.064         0.020 / 0.064       ms
[2024-01-04T11:47:18.497+0800][gc,stats    ]       Phase: Pause Relocate Start                          0.012 / 0.012         0.013 / 0.020         0.013 / 0.020         0.013 / 0.020       ms
[2024-01-04T11:47:18.497+0800][gc,stats    ]    Subphase: Concurrent Classes Purge                      0.143 / 0.143         0.153 / 0.351         0.153 / 0.351         0.153 / 0.351       ms
[2024-01-04T11:47:18.497+0800][gc,stats    ]    Subphase: Concurrent Classes Unlink                     3.625 / 3.625         4.276 / 11.912        4.276 / 11.912        4.276 / 11.912      ms
[2024-01-04T11:47:18.497+0800][gc,stats    ]    Subphase: Concurrent Mark                              30.075 / 30.600      118.603 / 295.705     118.603 / 295.705     118.603 / 295.705     ms
[2024-01-04T11:47:18.497+0800][gc,stats    ]    Subphase: Concurrent Mark Try Flush                     0.036 / 0.073         0.048 / 0.125         0.048 / 0.125         0.048 / 0.125       ms
[2024-01-04T11:47:18.497+0800][gc,stats    ]    Subphase: Concurrent Mark Try Terminate                 0.890 / 1.615         2.779 / 15.520        2.779 / 15.520        2.779 / 15.520      ms
[2024-01-04T11:47:18.497+0800][gc,stats    ]    Subphase: Concurrent References Enqueue                 0.003 / 0.003         0.004 / 0.005         0.004 / 0.005         0.004 / 0.005       ms
[2024-01-04T11:47:18.497+0800][gc,stats    ]    Subphase: Concurrent References Process                 1.453 / 1.453         1.939 / 5.276         1.939 / 5.276         1.939 / 5.276       ms
[2024-01-04T11:47:18.497+0800][gc,stats    ]    Subphase: Concurrent Roots ClassLoaderDataGraph         0.055 / 0.197         0.164 / 2.096         0.164 / 2.096         0.164 / 2.096       ms
[2024-01-04T11:47:18.497+0800][gc,stats    ]    Subphase: Concurrent Roots CodeCache                    0.000 / 0.000         0.000 / 0.000         0.000 / 0.000         0.000 / 0.000       ms
[2024-01-04T11:47:18.497+0800][gc,stats    ]    Subphase: Concurrent Roots JavaThreads                  1.019 / 1.064         3.182 / 14.095        3.182 / 14.095        3.182 / 14.095      ms
[2024-01-04T11:47:18.497+0800][gc,stats    ]    Subphase: Concurrent Roots OopStorageSet                0.024 / 0.032         0.048 / 0.159         0.048 / 0.159         0.048 / 0.159       ms
[2024-01-04T11:47:18.497+0800][gc,stats    ]    Subphase: Concurrent Weak Roots OopStorageSet           0.360 / 0.361         0.459 / 0.631         0.459 / 0.631         0.459 / 0.631       ms
[2024-01-04T11:47:18.497+0800][gc,stats    ]    Subphase: Pause Mark Try Complete                       0.000 / 0.000         0.002 / 0.004         0.002 / 0.004         0.002 / 0.004       ms
[2024-01-04T11:47:18.497+0800][gc,stats    ]      System: Java Threads                                     69 / 69               62 / 79               62 / 79               62 / 79          threads
[2024-01-04T11:47:18.497+0800][gc,stats    ] =========================================================================================================================================================
[2024-01-04T11:47:28.497+0800][gc,stats    ] === Garbage Collection Statistics =======================================================================================================================
[2024-01-04T11:47:28.497+0800][gc,stats    ]                                                              Last 10s              Last 10m              Last 10h                Total
[2024-01-04T11:47:28.497+0800][gc,stats    ]                                                              Avg / Max             Avg / Max             Avg / Max             Avg / Max
[2024-01-04T11:47:28.497+0800][gc,stats    ]   Collector: Garbage Collection Cycle                      0.000 / 0.000       166.879 / 396.896     166.879 / 396.896     166.879 / 396.896     ms
[2024-01-04T11:47:28.497+0800][gc,stats    ]  Contention: Mark Segment Reset Contention                     0 / 0                 0 / 3                 0 / 3                 0 / 3           ops/s
[2024-01-04T11:47:28.497+0800][gc,stats    ]  Contention: Mark SeqNum Reset Contention                      0 / 0                 0 / 2                 0 / 2                 0 / 2           ops/s
[2024-01-04T11:47:28.497+0800][gc,stats    ]    Critical: Allocation Stall                                  0 / 0                 0 / 0                 0 / 0                 0 / 0           ops/s
[2024-01-04T11:47:28.497+0800][gc,stats    ]    Critical: Allocation Stall                              0.000 / 0.000         0.000 / 0.000         0.000 / 0.000         0.000 / 0.000       ms
[2024-01-04T11:47:28.497+0800][gc,stats    ]    Critical: GC Locker Stall                                   0 / 0                 0 / 0                 0 / 0                 0 / 0           ops/s
[2024-01-04T11:47:28.497+0800][gc,stats    ]    Critical: GC Locker Stall                               0.000 / 0.000         0.000 / 0.000         0.000 / 0.000         0.000 / 0.000       ms
[2024-01-04T11:47:28.497+0800][gc,stats    ]    Critical: Relocation Stall                                  0 / 0                 0 / 0                 0 / 0                 0 / 0           ops/s
[2024-01-04T11:47:28.497+0800][gc,stats    ]    Critical: Relocation Stall                              0.000 / 0.000         0.000 / 0.000         0.000 / 0.000         0.000 / 0.000       ms
[2024-01-04T11:47:28.497+0800][gc,stats    ]      Memory: Allocation Rate                                   1 / 8                 8 / 428               8 / 428               8 / 428         MB/s
[2024-01-04T11:47:28.497+0800][gc,stats    ]      Memory: Defragment                                        0 / 0                 0 / 29                0 / 29                0 / 29          ops/s
[2024-01-04T11:47:28.497+0800][gc,stats    ]      Memory: Out Of Memory                                     0 / 0                 0 / 0                 0 / 0                 0 / 0           ops/s
[2024-01-04T11:47:28.497+0800][gc,stats    ]      Memory: Page Cache Flush                                  0 / 0                 0 / 58                0 / 58                0 / 58          MB/s
[2024-01-04T11:47:28.497+0800][gc,stats    ]      Memory: Page Cache Hit L1                                 0 / 4                 2 / 83                2 / 83                2 / 83          ops/s
[2024-01-04T11:47:28.497+0800][gc,stats    ]      Memory: Page Cache Hit L2                                 0 / 0                 0 / 0                 0 / 0                 0 / 0           ops/s
[2024-01-04T11:47:28.497+0800][gc,stats    ]      Memory: Page Cache Hit L3                                 0 / 0                 0 / 53                0 / 53                0 / 53          ops/s
[2024-01-04T11:47:28.497+0800][gc,stats    ]      Memory: Page Cache Miss                                   0 / 0                 1 / 65                1 / 65                1 / 65          ops/s
[2024-01-04T11:47:28.497+0800][gc,stats    ]      Memory: Uncommit                                          0 / 0                 2 / 960               2 / 960               2 / 960         MB/s
[2024-01-04T11:47:28.497+0800][gc,stats    ]      Memory: Undo Object Allocation Failed                     0 / 0                 0 / 3                 0 / 3                 0 / 3           ops/s
[2024-01-04T11:47:28.497+0800][gc,stats    ]      Memory: Undo Object Allocation Succeeded                  0 / 0                 0 / 140               0 / 140               0 / 140         ops/s
[2024-01-04T11:47:28.497+0800][gc,stats    ]      Memory: Undo Page Allocation                              0 / 0                 0 / 9                 0 / 9                 0 / 9           ops/s
[2024-01-04T11:47:28.497+0800][gc,stats    ]       Phase: Concurrent Mark                               0.000 / 0.000       123.525 / 310.445     123.525 / 310.445     123.525 / 310.445     ms
[2024-01-04T11:47:28.497+0800][gc,stats    ]       Phase: Concurrent Mark Continue                      0.000 / 0.000         0.000 / 0.000         0.000 / 0.000         0.000 / 0.000       ms
[2024-01-04T11:47:28.497+0800][gc,stats    ]       Phase: Concurrent Mark Free                          0.000 / 0.000         0.001 / 0.001         0.001 / 0.001         0.001 / 0.001       ms
[2024-01-04T11:47:28.497+0800][gc,stats    ]       Phase: Concurrent Process Non-Strong References      0.000 / 0.000         6.938 / 14.900        6.938 / 14.900        6.938 / 14.900      ms
[2024-01-04T11:47:28.497+0800][gc,stats    ]       Phase: Concurrent Relocate                           0.000 / 0.000        26.797 / 56.995       26.797 / 56.995       26.797 / 56.995      ms
[2024-01-04T11:47:28.497+0800][gc,stats    ]       Phase: Concurrent Reset Relocation Set               0.000 / 0.000         0.021 / 0.066         0.021 / 0.066         0.021 / 0.066       ms
[2024-01-04T11:47:28.497+0800][gc,stats    ]       Phase: Concurrent Select Relocation Set              0.000 / 0.000         8.514 / 19.186        8.514 / 19.186        8.514 / 19.186      ms
[2024-01-04T11:47:28.497+0800][gc,stats    ]       Phase: Pause Mark End                                0.000 / 0.000         0.023 / 0.032         0.023 / 0.032         0.023 / 0.032       ms
[2024-01-04T11:47:28.497+0800][gc,stats    ]       Phase: Pause Mark Start                              0.000 / 0.000         0.020 / 0.064         0.020 / 0.064         0.020 / 0.064       ms
[2024-01-04T11:47:28.497+0800][gc,stats    ]       Phase: Pause Relocate Start                          0.000 / 0.000         0.013 / 0.020         0.013 / 0.020         0.013 / 0.020       ms
[2024-01-04T11:47:28.497+0800][gc,stats    ]    Subphase: Concurrent Classes Purge                      0.000 / 0.000         0.153 / 0.351         0.153 / 0.351         0.153 / 0.351       ms
[2024-01-04T11:47:28.497+0800][gc,stats    ]    Subphase: Concurrent Classes Unlink                     0.000 / 0.000         4.276 / 11.912        4.276 / 11.912        4.276 / 11.912      ms
[2024-01-04T11:47:28.497+0800][gc,stats    ]    Subphase: Concurrent Mark                               0.000 / 0.000       118.603 / 295.705     118.603 / 295.705     118.603 / 295.705     ms
[2024-01-04T11:47:28.497+0800][gc,stats    ]    Subphase: Concurrent Mark Try Flush                     0.000 / 0.000         0.048 / 0.125         0.048 / 0.125         0.048 / 0.125       ms
[2024-01-04T11:47:28.497+0800][gc,stats    ]    Subphase: Concurrent Mark Try Terminate                 0.000 / 0.000         2.779 / 15.520        2.779 / 15.520        2.779 / 15.520      ms
[2024-01-04T11:47:28.497+0800][gc,stats    ]    Subphase: Concurrent References Enqueue                 0.000 / 0.000         0.004 / 0.005         0.004 / 0.005         0.004 / 0.005       ms
[2024-01-04T11:47:28.497+0800][gc,stats    ]    Subphase: Concurrent References Process                 0.000 / 0.000         1.939 / 5.276         1.939 / 5.276         1.939 / 5.276       ms
[2024-01-04T11:47:28.497+0800][gc,stats    ]    Subphase: Concurrent Roots ClassLoaderDataGraph         0.000 / 0.000         0.164 / 2.096         0.164 / 2.096         0.164 / 2.096       ms
[2024-01-04T11:47:28.497+0800][gc,stats    ]    Subphase: Concurrent Roots CodeCache                    0.000 / 0.000         0.000 / 0.000         0.000 / 0.000         0.000 / 0.000       ms
[2024-01-04T11:47:28.497+0800][gc,stats    ]    Subphase: Concurrent Roots JavaThreads                  0.000 / 0.000         3.182 / 14.095        3.182 / 14.095        3.182 / 14.095      ms
[2024-01-04T11:47:28.497+0800][gc,stats    ]    Subphase: Concurrent Roots OopStorageSet                0.000 / 0.000         0.048 / 0.159         0.048 / 0.159         0.048 / 0.159       ms
[2024-01-04T11:47:28.497+0800][gc,stats    ]    Subphase: Concurrent Weak Roots OopStorageSet           0.000 / 0.000         0.459 / 0.631         0.459 / 0.631         0.459 / 0.631       ms
[2024-01-04T11:47:28.497+0800][gc,stats    ]    Subphase: Pause Mark Try Complete                       0.000 / 0.000         0.002 / 0.004         0.002 / 0.004         0.002 / 0.004       ms
[2024-01-04T11:47:28.497+0800][gc,stats    ]      System: Java Threads                                      0 / 0                62 / 79               62 / 79               62 / 79          threads
[2024-01-04T11:47:28.497+0800][gc,stats    ] =========================================================================================================================================================
[2024-01-04T11:47:38.496+0800][gc,stats    ] === Garbage Collection Statistics =======================================================================================================================
[2024-01-04T11:47:38.496+0800][gc,stats    ]                                                              Last 10s              Last 10m              Last 10h                Total
[2024-01-04T11:47:38.496+0800][gc,stats    ]                                                              Avg / Max             Avg / Max             Avg / Max             Avg / Max
[2024-01-04T11:47:38.496+0800][gc,stats    ]   Collector: Garbage Collection Cycle                      0.000 / 0.000       166.879 / 396.896     166.879 / 396.896     166.879 / 396.896     ms
[2024-01-04T11:47:38.496+0800][gc,stats    ]  Contention: Mark Segment Reset Contention                     0 / 0                 0 / 3                 0 / 3                 0 / 3           ops/s
[2024-01-04T11:47:38.496+0800][gc,stats    ]  Contention: Mark SeqNum Reset Contention                      0 / 0                 0 / 2                 0 / 2                 0 / 2           ops/s
[2024-01-04T11:47:38.496+0800][gc,stats    ]    Critical: Allocation Stall                                  0 / 0                 0 / 0                 0 / 0                 0 / 0           ops/s
[2024-01-04T11:47:38.496+0800][gc,stats    ]    Critical: Allocation Stall                              0.000 / 0.000         0.000 / 0.000         0.000 / 0.000         0.000 / 0.000       ms
[2024-01-04T11:47:38.496+0800][gc,stats    ]    Critical: GC Locker Stall                                   0 / 0                 0 / 0                 0 / 0                 0 / 0           ops/s
[2024-01-04T11:47:38.496+0800][gc,stats    ]    Critical: GC Locker Stall                               0.000 / 0.000         0.000 / 0.000         0.000 / 0.000         0.000 / 0.000       ms
[2024-01-04T11:47:38.496+0800][gc,stats    ]    Critical: Relocation Stall                                  0 / 0                 0 / 0                 0 / 0                 0 / 0           ops/s
[2024-01-04T11:47:38.496+0800][gc,stats    ]    Critical: Relocation Stall                              0.000 / 0.000         0.000 / 0.000         0.000 / 0.000         0.000 / 0.000       ms
[2024-01-04T11:47:38.496+0800][gc,stats    ]      Memory: Allocation Rate                                   0 / 0                 7 / 428               7 / 428               7 / 428         MB/s
[2024-01-04T11:47:38.496+0800][gc,stats    ]      Memory: Defragment                                        0 / 0                 0 / 29                0 / 29                0 / 29          ops/s
[2024-01-04T11:47:38.496+0800][gc,stats    ]      Memory: Out Of Memory                                     0 / 0                 0 / 0                 0 / 0                 0 / 0           ops/s
[2024-01-04T11:47:38.496+0800][gc,stats    ]      Memory: Page Cache Flush                                  0 / 0                 0 / 58                0 / 58                0 / 58          MB/s
[2024-01-04T11:47:38.496+0800][gc,stats    ]      Memory: Page Cache Hit L1                                 0 / 0                 2 / 83                2 / 83                2 / 83          ops/s
[2024-01-04T11:47:38.496+0800][gc,stats    ]      Memory: Page Cache Hit L2                                 0 / 0                 0 / 0                 0 / 0                 0 / 0           ops/s
[2024-01-04T11:47:38.496+0800][gc,stats    ]      Memory: Page Cache Hit L3                                 0 / 0                 0 / 53                0 / 53                0 / 53          ops/s
[2024-01-04T11:47:38.496+0800][gc,stats    ]      Memory: Page Cache Miss                                   0 / 0                 1 / 65                1 / 65                1 / 65          ops/s
[2024-01-04T11:47:38.496+0800][gc,stats    ]      Memory: Uncommit                                          0 / 0                 2 / 960               2 / 960               2 / 960         MB/s
[2024-01-04T11:47:38.496+0800][gc,stats    ]      Memory: Undo Object Allocation Failed                     0 / 0                 0 / 3                 0 / 3                 0 / 3           ops/s
[2024-01-04T11:47:38.496+0800][gc,stats    ]      Memory: Undo Object Allocation Succeeded                  0 / 0                 0 / 140               0 / 140               0 / 140         ops/s
[2024-01-04T11:47:38.496+0800][gc,stats    ]      Memory: Undo Page Allocation                              0 / 0                 0 / 9                 0 / 9                 0 / 9           ops/s
[2024-01-04T11:47:38.496+0800][gc,stats    ]       Phase: Concurrent Mark                               0.000 / 0.000       123.525 / 310.445     123.525 / 310.445     123.525 / 310.445     ms
[2024-01-04T11:47:38.496+0800][gc,stats    ]       Phase: Concurrent Mark Continue                      0.000 / 0.000         0.000 / 0.000         0.000 / 0.000         0.000 / 0.000       ms
[2024-01-04T11:47:38.496+0800][gc,stats    ]       Phase: Concurrent Mark Free                          0.000 / 0.000         0.001 / 0.001         0.001 / 0.001         0.001 / 0.001       ms
[2024-01-04T11:47:38.496+0800][gc,stats    ]       Phase: Concurrent Process Non-Strong References      0.000 / 0.000         6.938 / 14.900        6.938 / 14.900        6.938 / 14.900      ms
[2024-01-04T11:47:38.496+0800][gc,stats    ]       Phase: Concurrent Relocate                           0.000 / 0.000        26.797 / 56.995       26.797 / 56.995       26.797 / 56.995      ms
[2024-01-04T11:47:38.496+0800][gc,stats    ]       Phase: Concurrent Reset Relocation Set               0.000 / 0.000         0.021 / 0.066         0.021 / 0.066         0.021 / 0.066       ms
[2024-01-04T11:47:38.496+0800][gc,stats    ]       Phase: Concurrent Select Relocation Set              0.000 / 0.000         8.514 / 19.186        8.514 / 19.186        8.514 / 19.186      ms
[2024-01-04T11:47:38.496+0800][gc,stats    ]       Phase: Pause Mark End                                0.000 / 0.000         0.023 / 0.032         0.023 / 0.032         0.023 / 0.032       ms
[2024-01-04T11:47:38.496+0800][gc,stats    ]       Phase: Pause Mark Start                              0.000 / 0.000         0.020 / 0.064         0.020 / 0.064         0.020 / 0.064       ms
[2024-01-04T11:47:38.496+0800][gc,stats    ]       Phase: Pause Relocate Start                          0.000 / 0.000         0.013 / 0.020         0.013 / 0.020         0.013 / 0.020       ms
[2024-01-04T11:47:38.496+0800][gc,stats    ]    Subphase: Concurrent Classes Purge                      0.000 / 0.000         0.153 / 0.351         0.153 / 0.351         0.153 / 0.351       ms
[2024-01-04T11:47:38.496+0800][gc,stats    ]    Subphase: Concurrent Classes Unlink                     0.000 / 0.000         4.276 / 11.912        4.276 / 11.912        4.276 / 11.912      ms
[2024-01-04T11:47:38.496+0800][gc,stats    ]    Subphase: Concurrent Mark                               0.000 / 0.000       118.603 / 295.705     118.603 / 295.705     118.603 / 295.705     ms
[2024-01-04T11:47:38.496+0800][gc,stats    ]    Subphase: Concurrent Mark Try Flush                     0.000 / 0.000         0.048 / 0.125         0.048 / 0.125         0.048 / 0.125       ms
[2024-01-04T11:47:38.496+0800][gc,stats    ]    Subphase: Concurrent Mark Try Terminate                 0.000 / 0.000         2.779 / 15.520        2.779 / 15.520        2.779 / 15.520      ms
[2024-01-04T11:47:38.496+0800][gc,stats    ]    Subphase: Concurrent References Enqueue                 0.000 / 0.000         0.004 / 0.005         0.004 / 0.005         0.004 / 0.005       ms
[2024-01-04T11:47:38.496+0800][gc,stats    ]    Subphase: Concurrent References Process                 0.000 / 0.000         1.939 / 5.276         1.939 / 5.276         1.939 / 5.276       ms
[2024-01-04T11:47:38.496+0800][gc,stats    ]    Subphase: Concurrent Roots ClassLoaderDataGraph         0.000 / 0.000         0.164 / 2.096         0.164 / 2.096         0.164 / 2.096       ms
[2024-01-04T11:47:38.496+0800][gc,stats    ]    Subphase: Concurrent Roots CodeCache                    0.000 / 0.000         0.000 / 0.000         0.000 / 0.000         0.000 / 0.000       ms
[2024-01-04T11:47:38.496+0800][gc,stats    ]    Subphase: Concurrent Roots JavaThreads                  0.000 / 0.000         3.182 / 14.095        3.182 / 14.095        3.182 / 14.095      ms
[2024-01-04T11:47:38.496+0800][gc,stats    ]    Subphase: Concurrent Roots OopStorageSet                0.000 / 0.000         0.048 / 0.159         0.048 / 0.159         0.048 / 0.159       ms
[2024-01-04T11:47:38.496+0800][gc,stats    ]    Subphase: Concurrent Weak Roots OopStorageSet           0.000 / 0.000         0.459 / 0.631         0.459 / 0.631         0.459 / 0.631       ms
[2024-01-04T11:47:38.496+0800][gc,stats    ]    Subphase: Pause Mark Try Complete                       0.000 / 0.000         0.002 / 0.004         0.002 / 0.004         0.002 / 0.004       ms
[2024-01-04T11:47:38.496+0800][gc,stats    ]      System: Java Threads                                      0 / 0                62 / 79               62 / 79               62 / 79          threads
[2024-01-04T11:47:38.496+0800][gc,stats    ] =========================================================================================================================================================
[2024-01-04T11:47:48.497+0800][gc,stats    ] === Garbage Collection Statistics =======================================================================================================================
[2024-01-04T11:47:48.497+0800][gc,stats    ]                                                              Last 10s              Last 10m              Last 10h                Total
[2024-01-04T11:47:48.497+0800][gc,stats    ]                                                              Avg / Max             Avg / Max             Avg / Max             Avg / Max
[2024-01-04T11:47:48.497+0800][gc,stats    ]   Collector: Garbage Collection Cycle                      0.000 / 0.000       166.879 / 396.896     166.879 / 396.896     166.879 / 396.896     ms
[2024-01-04T11:47:48.497+0800][gc,stats    ]  Contention: Mark Segment Reset Contention                     0 / 0                 0 / 3                 0 / 3                 0 / 3           ops/s
[2024-01-04T11:47:48.497+0800][gc,stats    ]  Contention: Mark SeqNum Reset Contention                      0 / 0                 0 / 2                 0 / 2                 0 / 2           ops/s
[2024-01-04T11:47:48.497+0800][gc,stats    ]    Critical: Allocation Stall                                  0 / 0                 0 / 0                 0 / 0                 0 / 0           ops/s
[2024-01-04T11:47:48.497+0800][gc,stats    ]    Critical: Allocation Stall                              0.000 / 0.000         0.000 / 0.000         0.000 / 0.000         0.000 / 0.000       ms
[2024-01-04T11:47:48.497+0800][gc,stats    ]    Critical: GC Locker Stall                                   0 / 0                 0 / 0                 0 / 0                 0 / 0           ops/s
[2024-01-04T11:47:48.497+0800][gc,stats    ]    Critical: GC Locker Stall                               0.000 / 0.000         0.000 / 0.000         0.000 / 0.000         0.000 / 0.000       ms
[2024-01-04T11:47:48.497+0800][gc,stats    ]    Critical: Relocation Stall                                  0 / 0                 0 / 0                 0 / 0                 0 / 0           ops/s
[2024-01-04T11:47:48.497+0800][gc,stats    ]    Critical: Relocation Stall                              0.000 / 0.000         0.000 / 0.000         0.000 / 0.000         0.000 / 0.000       ms
[2024-01-04T11:47:48.497+0800][gc,stats    ]      Memory: Allocation Rate                                   0 / 2                 7 / 428               7 / 428               7 / 428         MB/s
[2024-01-04T11:47:48.497+0800][gc,stats    ]      Memory: Defragment                                        0 / 0                 0 / 29                0 / 29                0 / 29          ops/s
[2024-01-04T11:47:48.497+0800][gc,stats    ]      Memory: Out Of Memory                                     0 / 0                 0 / 0                 0 / 0                 0 / 0           ops/s
[2024-01-04T11:47:48.497+0800][gc,stats    ]      Memory: Page Cache Flush                                  0 / 0                 0 / 58                0 / 58                0 / 58          MB/s
[2024-01-04T11:47:48.497+0800][gc,stats    ]      Memory: Page Cache Hit L1                                 0 / 1                 2 / 83                2 / 83                2 / 83          ops/s
[2024-01-04T11:47:48.497+0800][gc,stats    ]      Memory: Page Cache Hit L2                                 0 / 0                 0 / 0                 0 / 0                 0 / 0           ops/s
[2024-01-04T11:47:48.497+0800][gc,stats    ]      Memory: Page Cache Hit L3                                 0 / 0                 0 / 53                0 / 53                0 / 53          ops/s
[2024-01-04T11:47:48.497+0800][gc,stats    ]      Memory: Page Cache Miss                                   0 / 0                 1 / 65                1 / 65                1 / 65          ops/s
[2024-01-04T11:47:48.497+0800][gc,stats    ]      Memory: Uncommit                                          0 / 0                 2 / 960               2 / 960               2 / 960         MB/s
[2024-01-04T11:47:48.497+0800][gc,stats    ]      Memory: Undo Object Allocation Failed                     0 / 0                 0 / 3                 0 / 3                 0 / 3           ops/s
[2024-01-04T11:47:48.497+0800][gc,stats    ]      Memory: Undo Object Allocation Succeeded                  0 / 0                 0 / 140               0 / 140               0 / 140         ops/s
[2024-01-04T11:47:48.497+0800][gc,stats    ]      Memory: Undo Page Allocation                              0 / 0                 0 / 9                 0 / 9                 0 / 9           ops/s
[2024-01-04T11:47:48.497+0800][gc,stats    ]       Phase: Concurrent Mark                               0.000 / 0.000       123.525 / 310.445     123.525 / 310.445     123.525 / 310.445     ms
[2024-01-04T11:47:48.497+0800][gc,stats    ]       Phase: Concurrent Mark Continue                      0.000 / 0.000         0.000 / 0.000         0.000 / 0.000         0.000 / 0.000       ms
[2024-01-04T11:47:48.497+0800][gc,stats    ]       Phase: Concurrent Mark Free                          0.000 / 0.000         0.001 / 0.001         0.001 / 0.001         0.001 / 0.001       ms
[2024-01-04T11:47:48.497+0800][gc,stats    ]       Phase: Concurrent Process Non-Strong References      0.000 / 0.000         6.938 / 14.900        6.938 / 14.900        6.938 / 14.900      ms
[2024-01-04T11:47:48.497+0800][gc,stats    ]       Phase: Concurrent Relocate                           0.000 / 0.000        26.797 / 56.995       26.797 / 56.995       26.797 / 56.995      ms
[2024-01-04T11:47:48.497+0800][gc,stats    ]       Phase: Concurrent Reset Relocation Set               0.000 / 0.000         0.021 / 0.066         0.021 / 0.066         0.021 / 0.066       ms
[2024-01-04T11:47:48.497+0800][gc,stats    ]       Phase: Concurrent Select Relocation Set              0.000 / 0.000         8.514 / 19.186        8.514 / 19.186        8.514 / 19.186      ms
[2024-01-04T11:47:48.497+0800][gc,stats    ]       Phase: Pause Mark End                                0.000 / 0.000         0.023 / 0.032         0.023 / 0.032         0.023 / 0.032       ms
[2024-01-04T11:47:48.497+0800][gc,stats    ]       Phase: Pause Mark Start                              0.000 / 0.000         0.020 / 0.064         0.020 / 0.064         0.020 / 0.064       ms
[2024-01-04T11:47:48.497+0800][gc,stats    ]       Phase: Pause Relocate Start                          0.000 / 0.000         0.013 / 0.020         0.013 / 0.020         0.013 / 0.020       ms
[2024-01-04T11:47:48.497+0800][gc,stats    ]    Subphase: Concurrent Classes Purge                      0.000 / 0.000         0.153 / 0.351         0.153 / 0.351         0.153 / 0.351       ms
[2024-01-04T11:47:48.497+0800][gc,stats    ]    Subphase: Concurrent Classes Unlink                     0.000 / 0.000         4.276 / 11.912        4.276 / 11.912        4.276 / 11.912      ms
[2024-01-04T11:47:48.497+0800][gc,stats    ]    Subphase: Concurrent Mark                               0.000 / 0.000       118.603 / 295.705     118.603 / 295.705     118.603 / 295.705     ms
[2024-01-04T11:47:48.497+0800][gc,stats    ]    Subphase: Concurrent Mark Try Flush                     0.000 / 0.000         0.048 / 0.125         0.048 / 0.125         0.048 / 0.125       ms
[2024-01-04T11:47:48.497+0800][gc,stats    ]    Subphase: Concurrent Mark Try Terminate                 0.000 / 0.000         2.779 / 15.520        2.779 / 15.520        2.779 / 15.520      ms
[2024-01-04T11:47:48.497+0800][gc,stats    ]    Subphase: Concurrent References Enqueue                 0.000 / 0.000         0.004 / 0.005         0.004 / 0.005         0.004 / 0.005       ms
[2024-01-04T11:47:48.497+0800][gc,stats    ]    Subphase: Concurrent References Process                 0.000 / 0.000         1.939 / 5.276         1.939 / 5.276         1.939 / 5.276       ms
[2024-01-04T11:47:48.497+0800][gc,stats    ]    Subphase: Concurrent Roots ClassLoaderDataGraph         0.000 / 0.000         0.164 / 2.096         0.164 / 2.096         0.164 / 2.096       ms
[2024-01-04T11:47:48.497+0800][gc,stats    ]    Subphase: Concurrent Roots CodeCache                    0.000 / 0.000         0.000 / 0.000         0.000 / 0.000         0.000 / 0.000       ms
[2024-01-04T11:47:48.497+0800][gc,stats    ]    Subphase: Concurrent Roots JavaThreads                  0.000 / 0.000         3.182 / 14.095        3.182 / 14.095        3.182 / 14.095      ms
[2024-01-04T11:47:48.497+0800][gc,stats    ]    Subphase: Concurrent Roots OopStorageSet                0.000 / 0.000         0.048 / 0.159         0.048 / 0.159         0.048 / 0.159       ms
[2024-01-04T11:47:48.497+0800][gc,stats    ]    Subphase: Concurrent Weak Roots OopStorageSet           0.000 / 0.000         0.459 / 0.631         0.459 / 0.631         0.459 / 0.631       ms
[2024-01-04T11:47:48.497+0800][gc,stats    ]    Subphase: Pause Mark Try Complete                       0.000 / 0.000         0.002 / 0.004         0.002 / 0.004         0.002 / 0.004       ms
[2024-01-04T11:47:48.497+0800][gc,stats    ]      System: Java Threads                                      0 / 0                62 / 79               62 / 79               62 / 79          threads
[2024-01-04T11:47:48.497+0800][gc,stats    ] =========================================================================================================================================================
[2024-01-04T11:47:58.497+0800][gc,stats    ] === Garbage Collection Statistics =======================================================================================================================
[2024-01-04T11:47:58.497+0800][gc,stats    ]                                                              Last 10s              Last 10m              Last 10h                Total
[2024-01-04T11:47:58.497+0800][gc,stats    ]                                                              Avg / Max             Avg / Max             Avg / Max             Avg / Max
[2024-01-04T11:47:58.497+0800][gc,stats    ]   Collector: Garbage Collection Cycle                      0.000 / 0.000       166.879 / 396.896     166.879 / 396.896     166.879 / 396.896     ms
[2024-01-04T11:47:58.497+0800][gc,stats    ]  Contention: Mark Segment Reset Contention                     0 / 0                 0 / 3                 0 / 3                 0 / 3           ops/s
[2024-01-04T11:47:58.497+0800][gc,stats    ]  Contention: Mark SeqNum Reset Contention                      0 / 0                 0 / 2                 0 / 2                 0 / 2           ops/s
[2024-01-04T11:47:58.497+0800][gc,stats    ]    Critical: Allocation Stall                                  0 / 0                 0 / 0                 0 / 0                 0 / 0           ops/s
[2024-01-04T11:47:58.497+0800][gc,stats    ]    Critical: Allocation Stall                              0.000 / 0.000         0.000 / 0.000         0.000 / 0.000         0.000 / 0.000       ms
[2024-01-04T11:47:58.497+0800][gc,stats    ]    Critical: GC Locker Stall                                   0 / 0                 0 / 0                 0 / 0                 0 / 0           ops/s
[2024-01-04T11:47:58.497+0800][gc,stats    ]    Critical: GC Locker Stall                               0.000 / 0.000         0.000 / 0.000         0.000 / 0.000         0.000 / 0.000       ms
[2024-01-04T11:47:58.497+0800][gc,stats    ]    Critical: Relocation Stall                                  0 / 0                 0 / 0                 0 / 0                 0 / 0           ops/s
[2024-01-04T11:47:58.497+0800][gc,stats    ]    Critical: Relocation Stall                              0.000 / 0.000         0.000 / 0.000         0.000 / 0.000         0.000 / 0.000       ms
[2024-01-04T11:47:58.497+0800][gc,stats    ]      Memory: Allocation Rate                                   0 / 2                 7 / 428               7 / 428               7 / 428         MB/s
[2024-01-04T11:47:58.497+0800][gc,stats    ]      Memory: Defragment                                        0 / 0                 0 / 29                0 / 29                0 / 29          ops/s
[2024-01-04T11:47:58.497+0800][gc,stats    ]      Memory: Out Of Memory                                     0 / 0                 0 / 0                 0 / 0                 0 / 0           ops/s
[2024-01-04T11:47:58.497+0800][gc,stats    ]      Memory: Page Cache Flush                                  0 / 0                 0 / 58                0 / 58                0 / 58          MB/s
[2024-01-04T11:47:58.497+0800][gc,stats    ]      Memory: Page Cache Hit L1                                 0 / 1                 2 / 83                2 / 83                2 / 83          ops/s
[2024-01-04T11:47:58.497+0800][gc,stats    ]      Memory: Page Cache Hit L2                                 0 / 0                 0 / 0                 0 / 0                 0 / 0           ops/s
[2024-01-04T11:47:58.497+0800][gc,stats    ]      Memory: Page Cache Hit L3                                 0 / 0                 0 / 53                0 / 53                0 / 53          ops/s
[2024-01-04T11:47:58.497+0800][gc,stats    ]      Memory: Page Cache Miss                                   0 / 0                 1 / 65                1 / 65                1 / 65          ops/s
[2024-01-04T11:47:58.497+0800][gc,stats    ]      Memory: Uncommit                                          0 / 0                 2 / 960               2 / 960               2 / 960         MB/s
[2024-01-04T11:47:58.497+0800][gc,stats    ]      Memory: Undo Object Allocation Failed                     0 / 0                 0 / 3                 0 / 3                 0 / 3           ops/s
[2024-01-04T11:47:58.497+0800][gc,stats    ]      Memory: Undo Object Allocation Succeeded                  0 / 0                 0 / 140               0 / 140               0 / 140         ops/s
[2024-01-04T11:47:58.497+0800][gc,stats    ]      Memory: Undo Page Allocation                              0 / 0                 0 / 9                 0 / 9                 0 / 9           ops/s
[2024-01-04T11:47:58.497+0800][gc,stats    ]       Phase: Concurrent Mark                               0.000 / 0.000       123.525 / 310.445     123.525 / 310.445     123.525 / 310.445     ms
[2024-01-04T11:47:58.497+0800][gc,stats    ]       Phase: Concurrent Mark Continue                      0.000 / 0.000         0.000 / 0.000         0.000 / 0.000         0.000 / 0.000       ms
[2024-01-04T11:47:58.497+0800][gc,stats    ]       Phase: Concurrent Mark Free                          0.000 / 0.000         0.001 / 0.001         0.001 / 0.001         0.001 / 0.001       ms
[2024-01-04T11:47:58.497+0800][gc,stats    ]       Phase: Concurrent Process Non-Strong References      0.000 / 0.000         6.938 / 14.900        6.938 / 14.900        6.938 / 14.900      ms
[2024-01-04T11:47:58.497+0800][gc,stats    ]       Phase: Concurrent Relocate                           0.000 / 0.000        26.797 / 56.995       26.797 / 56.995       26.797 / 56.995      ms
[2024-01-04T11:47:58.497+0800][gc,stats    ]       Phase: Concurrent Reset Relocation Set               0.000 / 0.000         0.021 / 0.066         0.021 / 0.066         0.021 / 0.066       ms
[2024-01-04T11:47:58.497+0800][gc,stats    ]       Phase: Concurrent Select Relocation Set              0.000 / 0.000         8.514 / 19.186        8.514 / 19.186        8.514 / 19.186      ms
[2024-01-04T11:47:58.497+0800][gc,stats    ]       Phase: Pause Mark End                                0.000 / 0.000         0.023 / 0.032         0.023 / 0.032         0.023 / 0.032       ms
[2024-01-04T11:47:58.497+0800][gc,stats    ]       Phase: Pause Mark Start                              0.000 / 0.000         0.020 / 0.064         0.020 / 0.064         0.020 / 0.064       ms
[2024-01-04T11:47:58.497+0800][gc,stats    ]       Phase: Pause Relocate Start                          0.000 / 0.000         0.013 / 0.020         0.013 / 0.020         0.013 / 0.020       ms
[2024-01-04T11:47:58.497+0800][gc,stats    ]    Subphase: Concurrent Classes Purge                      0.000 / 0.000         0.153 / 0.351         0.153 / 0.351         0.153 / 0.351       ms
[2024-01-04T11:47:58.497+0800][gc,stats    ]    Subphase: Concurrent Classes Unlink                     0.000 / 0.000         4.276 / 11.912        4.276 / 11.912        4.276 / 11.912      ms
[2024-01-04T11:47:58.497+0800][gc,stats    ]    Subphase: Concurrent Mark                               0.000 / 0.000       118.603 / 295.705     118.603 / 295.705     118.603 / 295.705     ms
[2024-01-04T11:47:58.497+0800][gc,stats    ]    Subphase: Concurrent Mark Try Flush                     0.000 / 0.000         0.048 / 0.125         0.048 / 0.125         0.048 / 0.125       ms
[2024-01-04T11:47:58.497+0800][gc,stats    ]    Subphase: Concurrent Mark Try Terminate                 0.000 / 0.000         2.779 / 15.520        2.779 / 15.520        2.779 / 15.520      ms
[2024-01-04T11:47:58.497+0800][gc,stats    ]    Subphase: Concurrent References Enqueue                 0.000 / 0.000         0.004 / 0.005         0.004 / 0.005         0.004 / 0.005       ms
[2024-01-04T11:47:58.497+0800][gc,stats    ]    Subphase: Concurrent References Process                 0.000 / 0.000         1.939 / 5.276         1.939 / 5.276         1.939 / 5.276       ms
[2024-01-04T11:47:58.497+0800][gc,stats    ]    Subphase: Concurrent Roots ClassLoaderDataGraph         0.000 / 0.000         0.164 / 2.096         0.164 / 2.096         0.164 / 2.096       ms
[2024-01-04T11:47:58.497+0800][gc,stats    ]    Subphase: Concurrent Roots CodeCache                    0.000 / 0.000         0.000 / 0.000         0.000 / 0.000         0.000 / 0.000       ms
[2024-01-04T11:47:58.497+0800][gc,stats    ]    Subphase: Concurrent Roots JavaThreads                  0.000 / 0.000         3.182 / 14.095        3.182 / 14.095        3.182 / 14.095      ms
[2024-01-04T11:47:58.497+0800][gc,stats    ]    Subphase: Concurrent Roots OopStorageSet                0.000 / 0.000         0.048 / 0.159         0.048 / 0.159         0.048 / 0.159       ms
[2024-01-04T11:47:58.497+0800][gc,stats    ]    Subphase: Concurrent Weak Roots OopStorageSet           0.000 / 0.000         0.459 / 0.631         0.459 / 0.631         0.459 / 0.631       ms
[2024-01-04T11:47:58.497+0800][gc,stats    ]    Subphase: Pause Mark Try Complete                       0.000 / 0.000         0.002 / 0.004         0.002 / 0.004         0.002 / 0.004       ms
[2024-01-04T11:47:58.497+0800][gc,stats    ]      System: Java Threads                                      0 / 0                62 / 79               62 / 79               62 / 79          threads
[2024-01-04T11:47:58.497+0800][gc,stats    ] =========================================================================================================================================================
[2024-01-04T11:48:08.496+0800][gc,stats    ] === Garbage Collection Statistics =======================================================================================================================
[2024-01-04T11:48:08.496+0800][gc,stats    ]                                                              Last 10s              Last 10m              Last 10h                Total
[2024-01-04T11:48:08.496+0800][gc,stats    ]                                                              Avg / Max             Avg / Max             Avg / Max             Avg / Max
[2024-01-04T11:48:08.496+0800][gc,stats    ]   Collector: Garbage Collection Cycle                      0.000 / 0.000       166.879 / 396.896     166.879 / 396.896     166.879 / 396.896     ms
[2024-01-04T11:48:08.496+0800][gc,stats    ]  Contention: Mark Segment Reset Contention                     0 / 0                 0 / 3                 0 / 3                 0 / 3           ops/s
[2024-01-04T11:48:08.496+0800][gc,stats    ]  Contention: Mark SeqNum Reset Contention                      0 / 0                 0 / 2                 0 / 2                 0 / 2           ops/s
[2024-01-04T11:48:08.496+0800][gc,stats    ]    Critical: Allocation Stall                                  0 / 0                 0 / 0                 0 / 0                 0 / 0           ops/s
[2024-01-04T11:48:08.496+0800][gc,stats    ]    Critical: Allocation Stall                              0.000 / 0.000         0.000 / 0.000         0.000 / 0.000         0.000 / 0.000       ms
[2024-01-04T11:48:08.496+0800][gc,stats    ]    Critical: GC Locker Stall                                   0 / 0                 0 / 0                 0 / 0                 0 / 0           ops/s
[2024-01-04T11:48:08.496+0800][gc,stats    ]    Critical: GC Locker Stall                               0.000 / 0.000         0.000 / 0.000         0.000 / 0.000         0.000 / 0.000       ms
[2024-01-04T11:48:08.496+0800][gc,stats    ]    Critical: Relocation Stall                                  0 / 0                 0 / 0                 0 / 0                 0 / 0           ops/s
[2024-01-04T11:48:08.496+0800][gc,stats    ]    Critical: Relocation Stall                              0.000 / 0.000         0.000 / 0.000         0.000 / 0.000         0.000 / 0.000       ms
[2024-01-04T11:48:08.496+0800][gc,stats    ]      Memory: Allocation Rate                                   0 / 4                 7 / 428               7 / 428               7 / 428         MB/s
[2024-01-04T11:48:08.496+0800][gc,stats    ]      Memory: Defragment                                        0 / 0                 0 / 29                0 / 29                0 / 29          ops/s
[2024-01-04T11:48:08.496+0800][gc,stats    ]      Memory: Out Of Memory                                     0 / 0                 0 / 0                 0 / 0                 0 / 0           ops/s
[2024-01-04T11:48:08.496+0800][gc,stats    ]      Memory: Page Cache Flush                                  0 / 0                 0 / 58                0 / 58                0 / 58          MB/s
[2024-01-04T11:48:08.496+0800][gc,stats    ]      Memory: Page Cache Hit L1                                 0 / 2                 2 / 83                2 / 83                2 / 83          ops/s
[2024-01-04T11:48:08.496+0800][gc,stats    ]      Memory: Page Cache Hit L2                                 0 / 0                 0 / 0                 0 / 0                 0 / 0           ops/s
[2024-01-04T11:48:08.496+0800][gc,stats    ]      Memory: Page Cache Hit L3                                 0 / 0                 0 / 53                0 / 53                0 / 53          ops/s
[2024-01-04T11:48:08.496+0800][gc,stats    ]      Memory: Page Cache Miss                                   0 / 0                 1 / 65                1 / 65                1 / 65          ops/s
[2024-01-04T11:48:08.496+0800][gc,stats    ]      Memory: Uncommit                                          0 / 0                 2 / 960               2 / 960               2 / 960         MB/s
[2024-01-04T11:48:08.496+0800][gc,stats    ]      Memory: Undo Object Allocation Failed                     0 / 0                 0 / 3                 0 / 3                 0 / 3           ops/s
[2024-01-04T11:48:08.496+0800][gc,stats    ]      Memory: Undo Object Allocation Succeeded                  0 / 0                 0 / 140               0 / 140               0 / 140         ops/s
[2024-01-04T11:48:08.496+0800][gc,stats    ]      Memory: Undo Page Allocation                              0 / 0                 0 / 9                 0 / 9                 0 / 9           ops/s
[2024-01-04T11:48:08.496+0800][gc,stats    ]       Phase: Concurrent Mark                               0.000 / 0.000       123.525 / 310.445     123.525 / 310.445     123.525 / 310.445     ms
[2024-01-04T11:48:08.496+0800][gc,stats    ]       Phase: Concurrent Mark Continue                      0.000 / 0.000         0.000 / 0.000         0.000 / 0.000         0.000 / 0.000       ms
[2024-01-04T11:48:08.496+0800][gc,stats    ]       Phase: Concurrent Mark Free                          0.000 / 0.000         0.001 / 0.001         0.001 / 0.001         0.001 / 0.001       ms
[2024-01-04T11:48:08.496+0800][gc,stats    ]       Phase: Concurrent Process Non-Strong References      0.000 / 0.000         6.938 / 14.900        6.938 / 14.900        6.938 / 14.900      ms
[2024-01-04T11:48:08.496+0800][gc,stats    ]       Phase: Concurrent Relocate                           0.000 / 0.000        26.797 / 56.995       26.797 / 56.995       26.797 / 56.995      ms
[2024-01-04T11:48:08.496+0800][gc,stats    ]       Phase: Concurrent Reset Relocation Set               0.000 / 0.000         0.021 / 0.066         0.021 / 0.066         0.021 / 0.066       ms
[2024-01-04T11:48:08.496+0800][gc,stats    ]       Phase: Concurrent Select Relocation Set              0.000 / 0.000         8.514 / 19.186        8.514 / 19.186        8.514 / 19.186      ms
[2024-01-04T11:48:08.496+0800][gc,stats    ]       Phase: Pause Mark End                                0.000 / 0.000         0.023 / 0.032         0.023 / 0.032         0.023 / 0.032       ms
[2024-01-04T11:48:08.496+0800][gc,stats    ]       Phase: Pause Mark Start                              0.000 / 0.000         0.020 / 0.064         0.020 / 0.064         0.020 / 0.064       ms
[2024-01-04T11:48:08.496+0800][gc,stats    ]       Phase: Pause Relocate Start                          0.000 / 0.000         0.013 / 0.020         0.013 / 0.020         0.013 / 0.020       ms
[2024-01-04T11:48:08.496+0800][gc,stats    ]    Subphase: Concurrent Classes Purge                      0.000 / 0.000         0.153 / 0.351         0.153 / 0.351         0.153 / 0.351       ms
[2024-01-04T11:48:08.496+0800][gc,stats    ]    Subphase: Concurrent Classes Unlink                     0.000 / 0.000         4.276 / 11.912        4.276 / 11.912        4.276 / 11.912      ms
[2024-01-04T11:48:08.496+0800][gc,stats    ]    Subphase: Concurrent Mark                               0.000 / 0.000       118.603 / 295.705     118.603 / 295.705     118.603 / 295.705     ms
[2024-01-04T11:48:08.496+0800][gc,stats    ]    Subphase: Concurrent Mark Try Flush                     0.000 / 0.000         0.048 / 0.125         0.048 / 0.125         0.048 / 0.125       ms
[2024-01-04T11:48:08.496+0800][gc,stats    ]    Subphase: Concurrent Mark Try Terminate                 0.000 / 0.000         2.779 / 15.520        2.779 / 15.520        2.779 / 15.520      ms
[2024-01-04T11:48:08.496+0800][gc,stats    ]    Subphase: Concurrent References Enqueue                 0.000 / 0.000         0.004 / 0.005         0.004 / 0.005         0.004 / 0.005       ms
[2024-01-04T11:48:08.496+0800][gc,stats    ]    Subphase: Concurrent References Process                 0.000 / 0.000         1.939 / 5.276         1.939 / 5.276         1.939 / 5.276       ms
[2024-01-04T11:48:08.496+0800][gc,stats    ]    Subphase: Concurrent Roots ClassLoaderDataGraph         0.000 / 0.000         0.164 / 2.096         0.164 / 2.096         0.164 / 2.096       ms
[2024-01-04T11:48:08.496+0800][gc,stats    ]    Subphase: Concurrent Roots CodeCache                    0.000 / 0.000         0.000 / 0.000         0.000 / 0.000         0.000 / 0.000       ms
[2024-01-04T11:48:08.496+0800][gc,stats    ]    Subphase: Concurrent Roots JavaThreads                  0.000 / 0.000         3.182 / 14.095        3.182 / 14.095        3.182 / 14.095      ms
[2024-01-04T11:48:08.496+0800][gc,stats    ]    Subphase: Concurrent Roots OopStorageSet                0.000 / 0.000         0.048 / 0.159         0.048 / 0.159         0.048 / 0.159       ms
[2024-01-04T11:48:08.496+0800][gc,stats    ]    Subphase: Concurrent Weak Roots OopStorageSet           0.000 / 0.000         0.459 / 0.631         0.459 / 0.631         0.459 / 0.631       ms
[2024-01-04T11:48:08.496+0800][gc,stats    ]    Subphase: Pause Mark Try Complete                       0.000 / 0.000         0.002 / 0.004         0.002 / 0.004         0.002 / 0.004       ms
[2024-01-04T11:48:08.496+0800][gc,stats    ]      System: Java Threads                                      0 / 0                62 / 79               62 / 79               62 / 79          threads
[2024-01-04T11:48:08.496+0800][gc,stats    ] =========================================================================================================================================================
[2024-01-04T11:48:18.500+0800][gc,stats    ] === Garbage Collection Statistics =======================================================================================================================
[2024-01-04T11:48:18.500+0800][gc,stats    ]                                                              Last 10s              Last 10m              Last 10h                Total
[2024-01-04T11:48:18.500+0800][gc,stats    ]                                                              Avg / Max             Avg / Max             Avg / Max             Avg / Max
[2024-01-04T11:48:18.500+0800][gc,stats    ]   Collector: Garbage Collection Cycle                      0.000 / 0.000       166.879 / 396.896     166.879 / 396.896     166.879 / 396.896     ms
[2024-01-04T11:48:18.500+0800][gc,stats    ]  Contention: Mark Segment Reset Contention                     0 / 0                 0 / 3                 0 / 3                 0 / 3           ops/s
[2024-01-04T11:48:18.500+0800][gc,stats    ]  Contention: Mark SeqNum Reset Contention                      0 / 0                 0 / 2                 0 / 2                 0 / 2           ops/s
[2024-01-04T11:48:18.500+0800][gc,stats    ]    Critical: Allocation Stall                                  0 / 0                 0 / 0                 0 / 0                 0 / 0           ops/s
[2024-01-04T11:48:18.500+0800][gc,stats    ]    Critical: Allocation Stall                              0.000 / 0.000         0.000 / 0.000         0.000 / 0.000         0.000 / 0.000       ms
[2024-01-04T11:48:18.500+0800][gc,stats    ]    Critical: GC Locker Stall                                   0 / 0                 0 / 0                 0 / 0                 0 / 0           ops/s
[2024-01-04T11:48:18.500+0800][gc,stats    ]    Critical: GC Locker Stall                               0.000 / 0.000         0.000 / 0.000         0.000 / 0.000         0.000 / 0.000       ms
[2024-01-04T11:48:18.500+0800][gc,stats    ]    Critical: Relocation Stall                                  0 / 0                 0 / 0                 0 / 0                 0 / 0           ops/s
[2024-01-04T11:48:18.500+0800][gc,stats    ]    Critical: Relocation Stall                              0.000 / 0.000         0.000 / 0.000         0.000 / 0.000         0.000 / 0.000       ms
[2024-01-04T11:48:18.500+0800][gc,stats    ]      Memory: Allocation Rate                                   0 / 2                 7 / 428               7 / 428               7 / 428         MB/s
[2024-01-04T11:48:18.500+0800][gc,stats    ]      Memory: Defragment                                        0 / 0                 0 / 29                0 / 29                0 / 29          ops/s
[2024-01-04T11:48:18.500+0800][gc,stats    ]      Memory: Out Of Memory                                     0 / 0                 0 / 0                 0 / 0                 0 / 0           ops/s
[2024-01-04T11:48:18.500+0800][gc,stats    ]      Memory: Page Cache Flush                                  0 / 0                 0 / 58                0 / 58                0 / 58          MB/s
[2024-01-04T11:48:18.500+0800][gc,stats    ]      Memory: Page Cache Hit L1                                 0 / 1                 2 / 83                2 / 83                2 / 83          ops/s
[2024-01-04T11:48:18.500+0800][gc,stats    ]      Memory: Page Cache Hit L2                                 0 / 0                 0 / 0                 0 / 0                 0 / 0           ops/s
[2024-01-04T11:48:18.500+0800][gc,stats    ]      Memory: Page Cache Hit L3                                 0 / 0                 0 / 53                0 / 53                0 / 53          ops/s
[2024-01-04T11:48:18.500+0800][gc,stats    ]      Memory: Page Cache Miss                                   0 / 0                 1 / 65                1 / 65                1 / 65          ops/s
[2024-01-04T11:48:18.500+0800][gc,stats    ]      Memory: Uncommit                                          0 / 0                 2 / 960               2 / 960               2 / 960         MB/s
[2024-01-04T11:48:18.500+0800][gc,stats    ]      Memory: Undo Object Allocation Failed                     0 / 0                 0 / 3                 0 / 3                 0 / 3           ops/s
[2024-01-04T11:48:18.500+0800][gc,stats    ]      Memory: Undo Object Allocation Succeeded                  0 / 0                 0 / 140               0 / 140               0 / 140         ops/s
[2024-01-04T11:48:18.500+0800][gc,stats    ]      Memory: Undo Page Allocation                              0 / 0                 0 / 9                 0 / 9                 0 / 9           ops/s
[2024-01-04T11:48:18.500+0800][gc,stats    ]       Phase: Concurrent Mark                               0.000 / 0.000       123.525 / 310.445     123.525 / 310.445     123.525 / 310.445     ms
[2024-01-04T11:48:18.500+0800][gc,stats    ]       Phase: Concurrent Mark Continue                      0.000 / 0.000         0.000 / 0.000         0.000 / 0.000         0.000 / 0.000       ms
[2024-01-04T11:48:18.500+0800][gc,stats    ]       Phase: Concurrent Mark Free                          0.000 / 0.000         0.001 / 0.001         0.001 / 0.001         0.001 / 0.001       ms
[2024-01-04T11:48:18.500+0800][gc,stats    ]       Phase: Concurrent Process Non-Strong References      0.000 / 0.000         6.938 / 14.900        6.938 / 14.900        6.938 / 14.900      ms
[2024-01-04T11:48:18.500+0800][gc,stats    ]       Phase: Concurrent Relocate                           0.000 / 0.000        26.797 / 56.995       26.797 / 56.995       26.797 / 56.995      ms
[2024-01-04T11:48:18.500+0800][gc,stats    ]       Phase: Concurrent Reset Relocation Set               0.000 / 0.000         0.021 / 0.066         0.021 / 0.066         0.021 / 0.066       ms
[2024-01-04T11:48:18.500+0800][gc,stats    ]       Phase: Concurrent Select Relocation Set              0.000 / 0.000         8.514 / 19.186        8.514 / 19.186        8.514 / 19.186      ms
[2024-01-04T11:48:18.500+0800][gc,stats    ]       Phase: Pause Mark End                                0.000 / 0.000         0.023 / 0.032         0.023 / 0.032         0.023 / 0.032       ms
[2024-01-04T11:48:18.500+0800][gc,stats    ]       Phase: Pause Mark Start                              0.000 / 0.000         0.020 / 0.064         0.020 / 0.064         0.020 / 0.064       ms
[2024-01-04T11:48:18.500+0800][gc,stats    ]       Phase: Pause Relocate Start                          0.000 / 0.000         0.013 / 0.020         0.013 / 0.020         0.013 / 0.020       ms
[2024-01-04T11:48:18.500+0800][gc,stats    ]    Subphase: Concurrent Classes Purge                      0.000 / 0.000         0.153 / 0.351         0.153 / 0.351         0.153 / 0.351       ms
[2024-01-04T11:48:18.500+0800][gc,stats    ]    Subphase: Concurrent Classes Unlink                     0.000 / 0.000         4.276 / 11.912        4.276 / 11.912        4.276 / 11.912      ms
[2024-01-04T11:48:18.500+0800][gc,stats    ]    Subphase: Concurrent Mark                               0.000 / 0.000       118.603 / 295.705     118.603 / 295.705     118.603 / 295.705     ms
[2024-01-04T11:48:18.500+0800][gc,stats    ]    Subphase: Concurrent Mark Try Flush                     0.000 / 0.000         0.048 / 0.125         0.048 / 0.125         0.048 / 0.125       ms
[2024-01-04T11:48:18.500+0800][gc,stats    ]    Subphase: Concurrent Mark Try Terminate                 0.000 / 0.000         2.779 / 15.520        2.779 / 15.520        2.779 / 15.520      ms
[2024-01-04T11:48:18.500+0800][gc,stats    ]    Subphase: Concurrent References Enqueue                 0.000 / 0.000         0.004 / 0.005         0.004 / 0.005         0.004 / 0.005       ms
[2024-01-04T11:48:18.500+0800][gc,stats    ]    Subphase: Concurrent References Process                 0.000 / 0.000         1.939 / 5.276         1.939 / 5.276         1.939 / 5.276       ms
[2024-01-04T11:48:18.500+0800][gc,stats    ]    Subphase: Concurrent Roots ClassLoaderDataGraph         0.000 / 0.000         0.164 / 2.096         0.164 / 2.096         0.164 / 2.096       ms
[2024-01-04T11:48:18.500+0800][gc,stats    ]    Subphase: Concurrent Roots CodeCache                    0.000 / 0.000         0.000 / 0.000         0.000 / 0.000         0.000 / 0.000       ms
[2024-01-04T11:48:18.500+0800][gc,stats    ]    Subphase: Concurrent Roots JavaThreads                  0.000 / 0.000         3.182 / 14.095        3.182 / 14.095        3.182 / 14.095      ms
[2024-01-04T11:48:18.500+0800][gc,stats    ]    Subphase: Concurrent Roots OopStorageSet                0.000 / 0.000         0.048 / 0.159         0.048 / 0.159         0.048 / 0.159       ms
[2024-01-04T11:48:18.500+0800][gc,stats    ]    Subphase: Concurrent Weak Roots OopStorageSet           0.000 / 0.000         0.459 / 0.631         0.459 / 0.631         0.459 / 0.631       ms
[2024-01-04T11:48:18.500+0800][gc,stats    ]    Subphase: Pause Mark Try Complete                       0.000 / 0.000         0.002 / 0.004         0.002 / 0.004         0.002 / 0.004       ms
[2024-01-04T11:48:18.500+0800][gc,stats    ]      System: Java Threads                                      0 / 0                62 / 79               62 / 79               62 / 79          threads
[2024-01-04T11:48:18.500+0800][gc,stats    ] =========================================================================================================================================================
[2024-01-04T11:48:28.497+0800][gc,stats    ] === Garbage Collection Statistics =======================================================================================================================
[2024-01-04T11:48:28.497+0800][gc,stats    ]                                                              Last 10s              Last 10m              Last 10h                Total
[2024-01-04T11:48:28.497+0800][gc,stats    ]                                                              Avg / Max             Avg / Max             Avg / Max             Avg / Max
[2024-01-04T11:48:28.497+0800][gc,stats    ]   Collector: Garbage Collection Cycle                      0.000 / 0.000       166.879 / 396.896     166.879 / 396.896     166.879 / 396.896     ms
[2024-01-04T11:48:28.497+0800][gc,stats    ]  Contention: Mark Segment Reset Contention                     0 / 0                 0 / 3                 0 / 3                 0 / 3           ops/s
[2024-01-04T11:48:28.497+0800][gc,stats    ]  Contention: Mark SeqNum Reset Contention                      0 / 0                 0 / 2                 0 / 2                 0 / 2           ops/s
[2024-01-04T11:48:28.497+0800][gc,stats    ]    Critical: Allocation Stall                                  0 / 0                 0 / 0                 0 / 0                 0 / 0           ops/s
[2024-01-04T11:48:28.497+0800][gc,stats    ]    Critical: Allocation Stall                              0.000 / 0.000         0.000 / 0.000         0.000 / 0.000         0.000 / 0.000       ms
[2024-01-04T11:48:28.497+0800][gc,stats    ]    Critical: GC Locker Stall                                   0 / 0                 0 / 0                 0 / 0                 0 / 0           ops/s
[2024-01-04T11:48:28.497+0800][gc,stats    ]    Critical: GC Locker Stall                               0.000 / 0.000         0.000 / 0.000         0.000 / 0.000         0.000 / 0.000       ms
[2024-01-04T11:48:28.497+0800][gc,stats    ]    Critical: Relocation Stall                                  0 / 0                 0 / 0                 0 / 0                 0 / 0           ops/s
[2024-01-04T11:48:28.497+0800][gc,stats    ]    Critical: Relocation Stall                              0.000 / 0.000         0.000 / 0.000         0.000 / 0.000         0.000 / 0.000       ms
[2024-01-04T11:48:28.497+0800][gc,stats    ]      Memory: Allocation Rate                                   0 / 2                 7 / 428               7 / 428               7 / 428         MB/s
[2024-01-04T11:48:28.497+0800][gc,stats    ]      Memory: Defragment                                        0 / 0                 0 / 29                0 / 29                0 / 29          ops/s
[2024-01-04T11:48:28.497+0800][gc,stats    ]      Memory: Out Of Memory                                     0 / 0                 0 / 0                 0 / 0                 0 / 0           ops/s
[2024-01-04T11:48:28.497+0800][gc,stats    ]      Memory: Page Cache Flush                                  0 / 0                 0 / 58                0 / 58                0 / 58          MB/s
[2024-01-04T11:48:28.497+0800][gc,stats    ]      Memory: Page Cache Hit L1                                 0 / 1                 2 / 83                2 / 83                2 / 83          ops/s
[2024-01-04T11:48:28.497+0800][gc,stats    ]      Memory: Page Cache Hit L2                                 0 / 0                 0 / 0                 0 / 0                 0 / 0           ops/s
[2024-01-04T11:48:28.497+0800][gc,stats    ]      Memory: Page Cache Hit L3                                 0 / 0                 0 / 53                0 / 53                0 / 53          ops/s
[2024-01-04T11:48:28.497+0800][gc,stats    ]      Memory: Page Cache Miss                                   0 / 0                 1 / 65                1 / 65                1 / 65          ops/s
[2024-01-04T11:48:28.497+0800][gc,stats    ]      Memory: Uncommit                                          0 / 0                 2 / 960               2 / 960               2 / 960         MB/s
[2024-01-04T11:48:28.497+0800][gc,stats    ]      Memory: Undo Object Allocation Failed                     0 / 0                 0 / 3                 0 / 3                 0 / 3           ops/s
[2024-01-04T11:48:28.497+0800][gc,stats    ]      Memory: Undo Object Allocation Succeeded                  0 / 0                 0 / 140               0 / 140               0 / 140         ops/s
[2024-01-04T11:48:28.497+0800][gc,stats    ]      Memory: Undo Page Allocation                              0 / 0                 0 / 9                 0 / 9                 0 / 9           ops/s
[2024-01-04T11:48:28.497+0800][gc,stats    ]       Phase: Concurrent Mark                               0.000 / 0.000       123.525 / 310.445     123.525 / 310.445     123.525 / 310.445     ms
[2024-01-04T11:48:28.497+0800][gc,stats    ]       Phase: Concurrent Mark Continue                      0.000 / 0.000         0.000 / 0.000         0.000 / 0.000         0.000 / 0.000       ms
[2024-01-04T11:48:28.497+0800][gc,stats    ]       Phase: Concurrent Mark Free                          0.000 / 0.000         0.001 / 0.001         0.001 / 0.001         0.001 / 0.001       ms
[2024-01-04T11:48:28.497+0800][gc,stats    ]       Phase: Concurrent Process Non-Strong References      0.000 / 0.000         6.938 / 14.900        6.938 / 14.900        6.938 / 14.900      ms
[2024-01-04T11:48:28.497+0800][gc,stats    ]       Phase: Concurrent Relocate                           0.000 / 0.000        26.797 / 56.995       26.797 / 56.995       26.797 / 56.995      ms
[2024-01-04T11:48:28.497+0800][gc,stats    ]       Phase: Concurrent Reset Relocation Set               0.000 / 0.000         0.021 / 0.066         0.021 / 0.066         0.021 / 0.066       ms
[2024-01-04T11:48:28.497+0800][gc,stats    ]       Phase: Concurrent Select Relocation Set              0.000 / 0.000         8.514 / 19.186        8.514 / 19.186        8.514 / 19.186      ms
[2024-01-04T11:48:28.497+0800][gc,stats    ]       Phase: Pause Mark End                                0.000 / 0.000         0.023 / 0.032         0.023 / 0.032         0.023 / 0.032       ms
[2024-01-04T11:48:28.497+0800][gc,stats    ]       Phase: Pause Mark Start                              0.000 / 0.000         0.020 / 0.064         0.020 / 0.064         0.020 / 0.064       ms
[2024-01-04T11:48:28.497+0800][gc,stats    ]       Phase: Pause Relocate Start                          0.000 / 0.000         0.013 / 0.020         0.013 / 0.020         0.013 / 0.020       ms
[2024-01-04T11:48:28.497+0800][gc,stats    ]    Subphase: Concurrent Classes Purge                      0.000 / 0.000         0.153 / 0.351         0.153 / 0.351         0.153 / 0.351       ms
[2024-01-04T11:48:28.497+0800][gc,stats    ]    Subphase: Concurrent Classes Unlink                     0.000 / 0.000         4.276 / 11.912        4.276 / 11.912        4.276 / 11.912      ms
[2024-01-04T11:48:28.497+0800][gc,stats    ]    Subphase: Concurrent Mark                               0.000 / 0.000       118.603 / 295.705     118.603 / 295.705     118.603 / 295.705     ms
[2024-01-04T11:48:28.497+0800][gc,stats    ]    Subphase: Concurrent Mark Try Flush                     0.000 / 0.000         0.048 / 0.125         0.048 / 0.125         0.048 / 0.125       ms
[2024-01-04T11:48:28.497+0800][gc,stats    ]    Subphase: Concurrent Mark Try Terminate                 0.000 / 0.000         2.779 / 15.520        2.779 / 15.520        2.779 / 15.520      ms
[2024-01-04T11:48:28.497+0800][gc,stats    ]    Subphase: Concurrent References Enqueue                 0.000 / 0.000         0.004 / 0.005         0.004 / 0.005         0.004 / 0.005       ms
[2024-01-04T11:48:28.497+0800][gc,stats    ]    Subphase: Concurrent References Process                 0.000 / 0.000         1.939 / 5.276         1.939 / 5.276         1.939 / 5.276       ms
[2024-01-04T11:48:28.497+0800][gc,stats    ]    Subphase: Concurrent Roots ClassLoaderDataGraph         0.000 / 0.000         0.164 / 2.096         0.164 / 2.096         0.164 / 2.096       ms
[2024-01-04T11:48:28.497+0800][gc,stats    ]    Subphase: Concurrent Roots CodeCache                    0.000 / 0.000         0.000 / 0.000         0.000 / 0.000         0.000 / 0.000       ms
[2024-01-04T11:48:28.497+0800][gc,stats    ]    Subphase: Concurrent Roots JavaThreads                  0.000 / 0.000         3.182 / 14.095        3.182 / 14.095        3.182 / 14.095      ms
[2024-01-04T11:48:28.497+0800][gc,stats    ]    Subphase: Concurrent Roots OopStorageSet                0.000 / 0.000         0.048 / 0.159         0.048 / 0.159         0.048 / 0.159       ms
[2024-01-04T11:48:28.497+0800][gc,stats    ]    Subphase: Concurrent Weak Roots OopStorageSet           0.000 / 0.000         0.459 / 0.631         0.459 / 0.631         0.459 / 0.631       ms
[2024-01-04T11:48:28.497+0800][gc,stats    ]    Subphase: Pause Mark Try Complete                       0.000 / 0.000         0.002 / 0.004         0.002 / 0.004         0.002 / 0.004       ms
[2024-01-04T11:48:28.497+0800][gc,stats    ]      System: Java Threads                                      0 / 0                62 / 79               62 / 79               62 / 79          threads
[2024-01-04T11:48:28.497+0800][gc,stats    ] =========================================================================================================================================================
[2024-01-04T11:48:38.497+0800][gc,stats    ] === Garbage Collection Statistics =======================================================================================================================
[2024-01-04T11:48:38.497+0800][gc,stats    ]                                                              Last 10s              Last 10m              Last 10h                Total
[2024-01-04T11:48:38.497+0800][gc,stats    ]                                                              Avg / Max             Avg / Max             Avg / Max             Avg / Max
[2024-01-04T11:48:38.497+0800][gc,stats    ]   Collector: Garbage Collection Cycle                      0.000 / 0.000       166.879 / 396.896     166.879 / 396.896     166.879 / 396.896     ms
[2024-01-04T11:48:38.497+0800][gc,stats    ]  Contention: Mark Segment Reset Contention                     0 / 0                 0 / 3                 0 / 3                 0 / 3           ops/s
[2024-01-04T11:48:38.497+0800][gc,stats    ]  Contention: Mark SeqNum Reset Contention                      0 / 0                 0 / 2                 0 / 2                 0 / 2           ops/s
[2024-01-04T11:48:38.497+0800][gc,stats    ]    Critical: Allocation Stall                                  0 / 0                 0 / 0                 0 / 0                 0 / 0           ops/s
[2024-01-04T11:48:38.497+0800][gc,stats    ]    Critical: Allocation Stall                              0.000 / 0.000         0.000 / 0.000         0.000 / 0.000         0.000 / 0.000       ms
[2024-01-04T11:48:38.497+0800][gc,stats    ]    Critical: GC Locker Stall                                   0 / 0                 0 / 0                 0 / 0                 0 / 0           ops/s
[2024-01-04T11:48:38.497+0800][gc,stats    ]    Critical: GC Locker Stall                               0.000 / 0.000         0.000 / 0.000         0.000 / 0.000         0.000 / 0.000       ms
[2024-01-04T11:48:38.497+0800][gc,stats    ]    Critical: Relocation Stall                                  0 / 0                 0 / 0                 0 / 0                 0 / 0           ops/s
[2024-01-04T11:48:38.497+0800][gc,stats    ]    Critical: Relocation Stall                              0.000 / 0.000         0.000 / 0.000         0.000 / 0.000         0.000 / 0.000       ms
[2024-01-04T11:48:38.497+0800][gc,stats    ]      Memory: Allocation Rate                                   0 / 0                 6 / 428               6 / 428               6 / 428         MB/s
[2024-01-04T11:48:38.497+0800][gc,stats    ]      Memory: Defragment                                        0 / 0                 0 / 29                0 / 29                0 / 29          ops/s
[2024-01-04T11:48:38.497+0800][gc,stats    ]      Memory: Out Of Memory                                     0 / 0                 0 / 0                 0 / 0                 0 / 0           ops/s
[2024-01-04T11:48:38.497+0800][gc,stats    ]      Memory: Page Cache Flush                                  0 / 0                 0 / 58                0 / 58                0 / 58          MB/s
[2024-01-04T11:48:38.497+0800][gc,stats    ]      Memory: Page Cache Hit L1                                 0 / 0                 2 / 83                2 / 83                2 / 83          ops/s
[2024-01-04T11:48:38.497+0800][gc,stats    ]      Memory: Page Cache Hit L2                                 0 / 0                 0 / 0                 0 / 0                 0 / 0           ops/s
[2024-01-04T11:48:38.497+0800][gc,stats    ]      Memory: Page Cache Hit L3                                 0 / 0                 0 / 53                0 / 53                0 / 53          ops/s
[2024-01-04T11:48:38.497+0800][gc,stats    ]      Memory: Page Cache Miss                                   0 / 0                 1 / 65                1 / 65                1 / 65          ops/s
[2024-01-04T11:48:38.497+0800][gc,stats    ]      Memory: Uncommit                                          0 / 0                 2 / 960               2 / 960               2 / 960         MB/s
[2024-01-04T11:48:38.497+0800][gc,stats    ]      Memory: Undo Object Allocation Failed                     0 / 0                 0 / 3                 0 / 3                 0 / 3           ops/s
[2024-01-04T11:48:38.497+0800][gc,stats    ]      Memory: Undo Object Allocation Succeeded                  0 / 0                 0 / 140               0 / 140               0 / 140         ops/s
[2024-01-04T11:48:38.497+0800][gc,stats    ]      Memory: Undo Page Allocation                              0 / 0                 0 / 9                 0 / 9                 0 / 9           ops/s
[2024-01-04T11:48:38.497+0800][gc,stats    ]       Phase: Concurrent Mark                               0.000 / 0.000       123.525 / 310.445     123.525 / 310.445     123.525 / 310.445     ms
[2024-01-04T11:48:38.497+0800][gc,stats    ]       Phase: Concurrent Mark Continue                      0.000 / 0.000         0.000 / 0.000         0.000 / 0.000         0.000 / 0.000       ms
[2024-01-04T11:48:38.497+0800][gc,stats    ]       Phase: Concurrent Mark Free                          0.000 / 0.000         0.001 / 0.001         0.001 / 0.001         0.001 / 0.001       ms
[2024-01-04T11:48:38.497+0800][gc,stats    ]       Phase: Concurrent Process Non-Strong References      0.000 / 0.000         6.938 / 14.900        6.938 / 14.900        6.938 / 14.900      ms
[2024-01-04T11:48:38.497+0800][gc,stats    ]       Phase: Concurrent Relocate                           0.000 / 0.000        26.797 / 56.995       26.797 / 56.995       26.797 / 56.995      ms
[2024-01-04T11:48:38.497+0800][gc,stats    ]       Phase: Concurrent Reset Relocation Set               0.000 / 0.000         0.021 / 0.066         0.021 / 0.066         0.021 / 0.066       ms
[2024-01-04T11:48:38.497+0800][gc,stats    ]       Phase: Concurrent Select Relocation Set              0.000 / 0.000         8.514 / 19.186        8.514 / 19.186        8.514 / 19.186      ms
[2024-01-04T11:48:38.497+0800][gc,stats    ]       Phase: Pause Mark End                                0.000 / 0.000         0.023 / 0.032         0.023 / 0.032         0.023 / 0.032       ms
[2024-01-04T11:48:38.497+0800][gc,stats    ]       Phase: Pause Mark Start                              0.000 / 0.000         0.020 / 0.064         0.020 / 0.064         0.020 / 0.064       ms
[2024-01-04T11:48:38.497+0800][gc,stats    ]       Phase: Pause Relocate Start                          0.000 / 0.000         0.013 / 0.020         0.013 / 0.020         0.013 / 0.020       ms
[2024-01-04T11:48:38.497+0800][gc,stats    ]    Subphase: Concurrent Classes Purge                      0.000 / 0.000         0.153 / 0.351         0.153 / 0.351         0.153 / 0.351       ms
[2024-01-04T11:48:38.497+0800][gc,stats    ]    Subphase: Concurrent Classes Unlink                     0.000 / 0.000         4.276 / 11.912        4.276 / 11.912        4.276 / 11.912      ms
[2024-01-04T11:48:38.497+0800][gc,stats    ]    Subphase: Concurrent Mark                               0.000 / 0.000       118.603 / 295.705     118.603 / 295.705     118.603 / 295.705     ms
[2024-01-04T11:48:38.497+0800][gc,stats    ]    Subphase: Concurrent Mark Try Flush                     0.000 / 0.000         0.048 / 0.125         0.048 / 0.125         0.048 / 0.125       ms
[2024-01-04T11:48:38.497+0800][gc,stats    ]    Subphase: Concurrent Mark Try Terminate                 0.000 / 0.000         2.779 / 15.520        2.779 / 15.520        2.779 / 15.520      ms
[2024-01-04T11:48:38.497+0800][gc,stats    ]    Subphase: Concurrent References Enqueue                 0.000 / 0.000         0.004 / 0.005         0.004 / 0.005         0.004 / 0.005       ms
[2024-01-04T11:48:38.497+0800][gc,stats    ]    Subphase: Concurrent References Process                 0.000 / 0.000         1.939 / 5.276         1.939 / 5.276         1.939 / 5.276       ms
[2024-01-04T11:48:38.497+0800][gc,stats    ]    Subphase: Concurrent Roots ClassLoaderDataGraph         0.000 / 0.000         0.164 / 2.096         0.164 / 2.096         0.164 / 2.096       ms
[2024-01-04T11:48:38.497+0800][gc,stats    ]    Subphase: Concurrent Roots CodeCache                    0.000 / 0.000         0.000 / 0.000         0.000 / 0.000         0.000 / 0.000       ms
[2024-01-04T11:48:38.497+0800][gc,stats    ]    Subphase: Concurrent Roots JavaThreads                  0.000 / 0.000         3.182 / 14.095        3.182 / 14.095        3.182 / 14.095      ms
[2024-01-04T11:48:38.497+0800][gc,stats    ]    Subphase: Concurrent Roots OopStorageSet                0.000 / 0.000         0.048 / 0.159         0.048 / 0.159         0.048 / 0.159       ms
[2024-01-04T11:48:38.497+0800][gc,stats    ]    Subphase: Concurrent Weak Roots OopStorageSet           0.000 / 0.000         0.459 / 0.631         0.459 / 0.631         0.459 / 0.631       ms
[2024-01-04T11:48:38.497+0800][gc,stats    ]    Subphase: Pause Mark Try Complete                       0.000 / 0.000         0.002 / 0.004         0.002 / 0.004         0.002 / 0.004       ms
[2024-01-04T11:48:38.497+0800][gc,stats    ]      System: Java Threads                                      0 / 0                62 / 79               62 / 79               62 / 79          threads
[2024-01-04T11:48:38.497+0800][gc,stats    ] =========================================================================================================================================================
[2024-01-04T11:48:48.497+0800][gc,stats    ] === Garbage Collection Statistics =======================================================================================================================
[2024-01-04T11:48:48.497+0800][gc,stats    ]                                                              Last 10s              Last 10m              Last 10h                Total
[2024-01-04T11:48:48.497+0800][gc,stats    ]                                                              Avg / Max             Avg / Max             Avg / Max             Avg / Max
[2024-01-04T11:48:48.497+0800][gc,stats    ]   Collector: Garbage Collection Cycle                      0.000 / 0.000       166.879 / 396.896     166.879 / 396.896     166.879 / 396.896     ms
[2024-01-04T11:48:48.497+0800][gc,stats    ]  Contention: Mark Segment Reset Contention                     0 / 0                 0 / 3                 0 / 3                 0 / 3           ops/s
[2024-01-04T11:48:48.497+0800][gc,stats    ]  Contention: Mark SeqNum Reset Contention                      0 / 0                 0 / 2                 0 / 2                 0 / 2           ops/s
[2024-01-04T11:48:48.497+0800][gc,stats    ]    Critical: Allocation Stall                                  0 / 0                 0 / 0                 0 / 0                 0 / 0           ops/s
[2024-01-04T11:48:48.497+0800][gc,stats    ]    Critical: Allocation Stall                              0.000 / 0.000         0.000 / 0.000         0.000 / 0.000         0.000 / 0.000       ms
[2024-01-04T11:48:48.497+0800][gc,stats    ]    Critical: GC Locker Stall                                   0 / 0                 0 / 0                 0 / 0                 0 / 0           ops/s
[2024-01-04T11:48:48.497+0800][gc,stats    ]    Critical: GC Locker Stall                               0.000 / 0.000         0.000 / 0.000         0.000 / 0.000         0.000 / 0.000       ms
[2024-01-04T11:48:48.497+0800][gc,stats    ]    Critical: Relocation Stall                                  0 / 0                 0 / 0                 0 / 0                 0 / 0           ops/s
[2024-01-04T11:48:48.497+0800][gc,stats    ]    Critical: Relocation Stall                              0.000 / 0.000         0.000 / 0.000         0.000 / 0.000         0.000 / 0.000       ms
[2024-01-04T11:48:48.497+0800][gc,stats    ]      Memory: Allocation Rate                                   0 / 2                 6 / 428               6 / 428               6 / 428         MB/s
[2024-01-04T11:48:48.497+0800][gc,stats    ]      Memory: Defragment                                        0 / 0                 0 / 29                0 / 29                0 / 29          ops/s
[2024-01-04T11:48:48.497+0800][gc,stats    ]      Memory: Out Of Memory                                     0 / 0                 0 / 0                 0 / 0                 0 / 0           ops/s
[2024-01-04T11:48:48.497+0800][gc,stats    ]      Memory: Page Cache Flush                                  0 / 0                 0 / 58                0 / 58                0 / 58          MB/s
[2024-01-04T11:48:48.497+0800][gc,stats    ]      Memory: Page Cache Hit L1                                 0 / 1                 1 / 83                1 / 83                1 / 83          ops/s
[2024-01-04T11:48:48.497+0800][gc,stats    ]      Memory: Page Cache Hit L2                                 0 / 0                 0 / 0                 0 / 0                 0 / 0           ops/s
[2024-01-04T11:48:48.497+0800][gc,stats    ]      Memory: Page Cache Hit L3                                 0 / 0                 0 / 53                0 / 53                0 / 53          ops/s
[2024-01-04T11:48:48.497+0800][gc,stats    ]      Memory: Page Cache Miss                                   0 / 0                 1 / 65                1 / 65                1 / 65          ops/s
[2024-01-04T11:48:48.497+0800][gc,stats    ]      Memory: Uncommit                                          0 / 0                 2 / 960               2 / 960               2 / 960         MB/s
[2024-01-04T11:48:48.497+0800][gc,stats    ]      Memory: Undo Object Allocation Failed                     0 / 0                 0 / 3                 0 / 3                 0 / 3           ops/s
[2024-01-04T11:48:48.497+0800][gc,stats    ]      Memory: Undo Object Allocation Succeeded                  0 / 0                 0 / 140               0 / 140               0 / 140         ops/s
[2024-01-04T11:48:48.497+0800][gc,stats    ]      Memory: Undo Page Allocation                              0 / 0                 0 / 9                 0 / 9                 0 / 9           ops/s
[2024-01-04T11:48:48.497+0800][gc,stats    ]       Phase: Concurrent Mark                               0.000 / 0.000       123.525 / 310.445     123.525 / 310.445     123.525 / 310.445     ms
[2024-01-04T11:48:48.497+0800][gc,stats    ]       Phase: Concurrent Mark Continue                      0.000 / 0.000         0.000 / 0.000         0.000 / 0.000         0.000 / 0.000       ms
[2024-01-04T11:48:48.497+0800][gc,stats    ]       Phase: Concurrent Mark Free                          0.000 / 0.000         0.001 / 0.001         0.001 / 0.001         0.001 / 0.001       ms
[2024-01-04T11:48:48.497+0800][gc,stats    ]       Phase: Concurrent Process Non-Strong References      0.000 / 0.000         6.938 / 14.900        6.938 / 14.900        6.938 / 14.900      ms
[2024-01-04T11:48:48.497+0800][gc,stats    ]       Phase: Concurrent Relocate                           0.000 / 0.000        26.797 / 56.995       26.797 / 56.995       26.797 / 56.995      ms
[2024-01-04T11:48:48.497+0800][gc,stats    ]       Phase: Concurrent Reset Relocation Set               0.000 / 0.000         0.021 / 0.066         0.021 / 0.066         0.021 / 0.066       ms
[2024-01-04T11:48:48.497+0800][gc,stats    ]       Phase: Concurrent Select Relocation Set              0.000 / 0.000         8.514 / 19.186        8.514 / 19.186        8.514 / 19.186      ms
[2024-01-04T11:48:48.497+0800][gc,stats    ]       Phase: Pause Mark End                                0.000 / 0.000         0.023 / 0.032         0.023 / 0.032         0.023 / 0.032       ms
[2024-01-04T11:48:48.497+0800][gc,stats    ]       Phase: Pause Mark Start                              0.000 / 0.000         0.020 / 0.064         0.020 / 0.064         0.020 / 0.064       ms
[2024-01-04T11:48:48.497+0800][gc,stats    ]       Phase: Pause Relocate Start                          0.000 / 0.000         0.013 / 0.020         0.013 / 0.020         0.013 / 0.020       ms
[2024-01-04T11:48:48.497+0800][gc,stats    ]    Subphase: Concurrent Classes Purge                      0.000 / 0.000         0.153 / 0.351         0.153 / 0.351         0.153 / 0.351       ms
[2024-01-04T11:48:48.497+0800][gc,stats    ]    Subphase: Concurrent Classes Unlink                     0.000 / 0.000         4.276 / 11.912        4.276 / 11.912        4.276 / 11.912      ms
[2024-01-04T11:48:48.497+0800][gc,stats    ]    Subphase: Concurrent Mark                               0.000 / 0.000       118.603 / 295.705     118.603 / 295.705     118.603 / 295.705     ms
[2024-01-04T11:48:48.497+0800][gc,stats    ]    Subphase: Concurrent Mark Try Flush                     0.000 / 0.000         0.048 / 0.125         0.048 / 0.125         0.048 / 0.125       ms
[2024-01-04T11:48:48.497+0800][gc,stats    ]    Subphase: Concurrent Mark Try Terminate                 0.000 / 0.000         2.779 / 15.520        2.779 / 15.520        2.779 / 15.520      ms
[2024-01-04T11:48:48.497+0800][gc,stats    ]    Subphase: Concurrent References Enqueue                 0.000 / 0.000         0.004 / 0.005         0.004 / 0.005         0.004 / 0.005       ms
[2024-01-04T11:48:48.497+0800][gc,stats    ]    Subphase: Concurrent References Process                 0.000 / 0.000         1.939 / 5.276         1.939 / 5.276         1.939 / 5.276       ms
[2024-01-04T11:48:48.497+0800][gc,stats    ]    Subphase: Concurrent Roots ClassLoaderDataGraph         0.000 / 0.000         0.164 / 2.096         0.164 / 2.096         0.164 / 2.096       ms
[2024-01-04T11:48:48.497+0800][gc,stats    ]    Subphase: Concurrent Roots CodeCache                    0.000 / 0.000         0.000 / 0.000         0.000 / 0.000         0.000 / 0.000       ms
[2024-01-04T11:48:48.497+0800][gc,stats    ]    Subphase: Concurrent Roots JavaThreads                  0.000 / 0.000         3.182 / 14.095        3.182 / 14.095        3.182 / 14.095      ms
[2024-01-04T11:48:48.497+0800][gc,stats    ]    Subphase: Concurrent Roots OopStorageSet                0.000 / 0.000         0.048 / 0.159         0.048 / 0.159         0.048 / 0.159       ms
[2024-01-04T11:48:48.497+0800][gc,stats    ]    Subphase: Concurrent Weak Roots OopStorageSet           0.000 / 0.000         0.459 / 0.631         0.459 / 0.631         0.459 / 0.631       ms
[2024-01-04T11:48:48.497+0800][gc,stats    ]    Subphase: Pause Mark Try Complete                       0.000 / 0.000         0.002 / 0.004         0.002 / 0.004         0.002 / 0.004       ms
[2024-01-04T11:48:48.497+0800][gc,stats    ]      System: Java Threads                                      0 / 0                62 / 79               62 / 79               62 / 79          threads
[2024-01-04T11:48:48.497+0800][gc,stats    ] =========================================================================================================================================================
[2024-01-04T11:48:58.497+0800][gc,stats    ] === Garbage Collection Statistics =======================================================================================================================
[2024-01-04T11:48:58.497+0800][gc,stats    ]                                                              Last 10s              Last 10m              Last 10h                Total
[2024-01-04T11:48:58.497+0800][gc,stats    ]                                                              Avg / Max             Avg / Max             Avg / Max             Avg / Max
[2024-01-04T11:48:58.497+0800][gc,stats    ]   Collector: Garbage Collection Cycle                      0.000 / 0.000       166.879 / 396.896     166.879 / 396.896     166.879 / 396.896     ms
[2024-01-04T11:48:58.497+0800][gc,stats    ]  Contention: Mark Segment Reset Contention                     0 / 0                 0 / 3                 0 / 3                 0 / 3           ops/s
[2024-01-04T11:48:58.497+0800][gc,stats    ]  Contention: Mark SeqNum Reset Contention                      0 / 0                 0 / 2                 0 / 2                 0 / 2           ops/s
[2024-01-04T11:48:58.497+0800][gc,stats    ]    Critical: Allocation Stall                                  0 / 0                 0 / 0                 0 / 0                 0 / 0           ops/s
[2024-01-04T11:48:58.497+0800][gc,stats    ]    Critical: Allocation Stall                              0.000 / 0.000         0.000 / 0.000         0.000 / 0.000         0.000 / 0.000       ms
[2024-01-04T11:48:58.497+0800][gc,stats    ]    Critical: GC Locker Stall                                   0 / 0                 0 / 0                 0 / 0                 0 / 0           ops/s
[2024-01-04T11:48:58.497+0800][gc,stats    ]    Critical: GC Locker Stall                               0.000 / 0.000         0.000 / 0.000         0.000 / 0.000         0.000 / 0.000       ms
[2024-01-04T11:48:58.497+0800][gc,stats    ]    Critical: Relocation Stall                                  0 / 0                 0 / 0                 0 / 0                 0 / 0           ops/s
[2024-01-04T11:48:58.497+0800][gc,stats    ]    Critical: Relocation Stall                              0.000 / 0.000         0.000 / 0.000         0.000 / 0.000         0.000 / 0.000       ms
[2024-01-04T11:48:58.497+0800][gc,stats    ]      Memory: Allocation Rate                                   0 / 2                 6 / 428               6 / 428               6 / 428         MB/s
[2024-01-04T11:48:58.497+0800][gc,stats    ]      Memory: Defragment                                        0 / 0                 0 / 29                0 / 29                0 / 29          ops/s
[2024-01-04T11:48:58.497+0800][gc,stats    ]      Memory: Out Of Memory                                     0 / 0                 0 / 0                 0 / 0                 0 / 0           ops/s
[2024-01-04T11:48:58.497+0800][gc,stats    ]      Memory: Page Cache Flush                                  0 / 0                 0 / 58                0 / 58                0 / 58          MB/s
[2024-01-04T11:48:58.497+0800][gc,stats    ]      Memory: Page Cache Hit L1                                 0 / 1                 1 / 83                1 / 83                1 / 83          ops/s
[2024-01-04T11:48:58.497+0800][gc,stats    ]      Memory: Page Cache Hit L2                                 0 / 0                 0 / 0                 0 / 0                 0 / 0           ops/s
[2024-01-04T11:48:58.497+0800][gc,stats    ]      Memory: Page Cache Hit L3                                 0 / 0                 0 / 53                0 / 53                0 / 53          ops/s
[2024-01-04T11:48:58.497+0800][gc,stats    ]      Memory: Page Cache Miss                                   0 / 0                 1 / 65                1 / 65                1 / 65          ops/s
[2024-01-04T11:48:58.497+0800][gc,stats    ]      Memory: Uncommit                                          0 / 0                 2 / 960               2 / 960               2 / 960         MB/s
[2024-01-04T11:48:58.497+0800][gc,stats    ]      Memory: Undo Object Allocation Failed                     0 / 0                 0 / 3                 0 / 3                 0 / 3           ops/s
[2024-01-04T11:48:58.497+0800][gc,stats    ]      Memory: Undo Object Allocation Succeeded                  0 / 0                 0 / 140               0 / 140               0 / 140         ops/s
[2024-01-04T11:48:58.497+0800][gc,stats    ]      Memory: Undo Page Allocation                              0 / 0                 0 / 9                 0 / 9                 0 / 9           ops/s
[2024-01-04T11:48:58.497+0800][gc,stats    ]       Phase: Concurrent Mark                               0.000 / 0.000       123.525 / 310.445     123.525 / 310.445     123.525 / 310.445     ms
[2024-01-04T11:48:58.497+0800][gc,stats    ]       Phase: Concurrent Mark Continue                      0.000 / 0.000         0.000 / 0.000         0.000 / 0.000         0.000 / 0.000       ms
[2024-01-04T11:48:58.497+0800][gc,stats    ]       Phase: Concurrent Mark Free                          0.000 / 0.000         0.001 / 0.001         0.001 / 0.001         0.001 / 0.001       ms
[2024-01-04T11:48:58.497+0800][gc,stats    ]       Phase: Concurrent Process Non-Strong References      0.000 / 0.000         6.938 / 14.900        6.938 / 14.900        6.938 / 14.900      ms
[2024-01-04T11:48:58.497+0800][gc,stats    ]       Phase: Concurrent Relocate                           0.000 / 0.000        26.797 / 56.995       26.797 / 56.995       26.797 / 56.995      ms
[2024-01-04T11:48:58.497+0800][gc,stats    ]       Phase: Concurrent Reset Relocation Set               0.000 / 0.000         0.021 / 0.066         0.021 / 0.066         0.021 / 0.066       ms
[2024-01-04T11:48:58.497+0800][gc,stats    ]       Phase: Concurrent Select Relocation Set              0.000 / 0.000         8.514 / 19.186        8.514 / 19.186        8.514 / 19.186      ms
[2024-01-04T11:48:58.497+0800][gc,stats    ]       Phase: Pause Mark End                                0.000 / 0.000         0.023 / 0.032         0.023 / 0.032         0.023 / 0.032       ms
[2024-01-04T11:48:58.497+0800][gc,stats    ]       Phase: Pause Mark Start                              0.000 / 0.000         0.020 / 0.064         0.020 / 0.064         0.020 / 0.064       ms
[2024-01-04T11:48:58.497+0800][gc,stats    ]       Phase: Pause Relocate Start                          0.000 / 0.000         0.013 / 0.020         0.013 / 0.020         0.013 / 0.020       ms
[2024-01-04T11:48:58.497+0800][gc,stats    ]    Subphase: Concurrent Classes Purge                      0.000 / 0.000         0.153 / 0.351         0.153 / 0.351         0.153 / 0.351       ms
[2024-01-04T11:48:58.497+0800][gc,stats    ]    Subphase: Concurrent Classes Unlink                     0.000 / 0.000         4.276 / 11.912        4.276 / 11.912        4.276 / 11.912      ms
[2024-01-04T11:48:58.497+0800][gc,stats    ]    Subphase: Concurrent Mark                               0.000 / 0.000       118.603 / 295.705     118.603 / 295.705     118.603 / 295.705     ms
[2024-01-04T11:48:58.497+0800][gc,stats    ]    Subphase: Concurrent Mark Try Flush                     0.000 / 0.000         0.048 / 0.125         0.048 / 0.125         0.048 / 0.125       ms
[2024-01-04T11:48:58.497+0800][gc,stats    ]    Subphase: Concurrent Mark Try Terminate                 0.000 / 0.000         2.779 / 15.520        2.779 / 15.520        2.779 / 15.520      ms
[2024-01-04T11:48:58.497+0800][gc,stats    ]    Subphase: Concurrent References Enqueue                 0.000 / 0.000         0.004 / 0.005         0.004 / 0.005         0.004 / 0.005       ms
[2024-01-04T11:48:58.497+0800][gc,stats    ]    Subphase: Concurrent References Process                 0.000 / 0.000         1.939 / 5.276         1.939 / 5.276         1.939 / 5.276       ms
[2024-01-04T11:48:58.497+0800][gc,stats    ]    Subphase: Concurrent Roots ClassLoaderDataGraph         0.000 / 0.000         0.164 / 2.096         0.164 / 2.096         0.164 / 2.096       ms
[2024-01-04T11:48:58.497+0800][gc,stats    ]    Subphase: Concurrent Roots CodeCache                    0.000 / 0.000         0.000 / 0.000         0.000 / 0.000         0.000 / 0.000       ms
[2024-01-04T11:48:58.497+0800][gc,stats    ]    Subphase: Concurrent Roots JavaThreads                  0.000 / 0.000         3.182 / 14.095        3.182 / 14.095        3.182 / 14.095      ms
[2024-01-04T11:48:58.497+0800][gc,stats    ]    Subphase: Concurrent Roots OopStorageSet                0.000 / 0.000         0.048 / 0.159         0.048 / 0.159         0.048 / 0.159       ms
[2024-01-04T11:48:58.497+0800][gc,stats    ]    Subphase: Concurrent Weak Roots OopStorageSet           0.000 / 0.000         0.459 / 0.631         0.459 / 0.631         0.459 / 0.631       ms
[2024-01-04T11:48:58.497+0800][gc,stats    ]    Subphase: Pause Mark Try Complete                       0.000 / 0.000         0.002 / 0.004         0.002 / 0.004         0.002 / 0.004       ms
[2024-01-04T11:48:58.497+0800][gc,stats    ]      System: Java Threads                                      0 / 0                62 / 79               62 / 79               62 / 79          threads
[2024-01-04T11:48:58.497+0800][gc,stats    ] =========================================================================================================================================================
[2024-01-04T11:49:08.497+0800][gc,stats    ] === Garbage Collection Statistics =======================================================================================================================
[2024-01-04T11:49:08.497+0800][gc,stats    ]                                                              Last 10s              Last 10m              Last 10h                Total
[2024-01-04T11:49:08.497+0800][gc,stats    ]                                                              Avg / Max             Avg / Max             Avg / Max             Avg / Max
[2024-01-04T11:49:08.497+0800][gc,stats    ]   Collector: Garbage Collection Cycle                      0.000 / 0.000       166.879 / 396.896     166.879 / 396.896     166.879 / 396.896     ms
[2024-01-04T11:49:08.497+0800][gc,stats    ]  Contention: Mark Segment Reset Contention                     0 / 0                 0 / 3                 0 / 3                 0 / 3           ops/s
[2024-01-04T11:49:08.497+0800][gc,stats    ]  Contention: Mark SeqNum Reset Contention                      0 / 0                 0 / 2                 0 / 2                 0 / 2           ops/s
[2024-01-04T11:49:08.497+0800][gc,stats    ]    Critical: Allocation Stall                                  0 / 0                 0 / 0                 0 / 0                 0 / 0           ops/s
[2024-01-04T11:49:08.497+0800][gc,stats    ]    Critical: Allocation Stall                              0.000 / 0.000         0.000 / 0.000         0.000 / 0.000         0.000 / 0.000       ms
[2024-01-04T11:49:08.497+0800][gc,stats    ]    Critical: GC Locker Stall                                   0 / 0                 0 / 0                 0 / 0                 0 / 0           ops/s
[2024-01-04T11:49:08.497+0800][gc,stats    ]    Critical: GC Locker Stall                               0.000 / 0.000         0.000 / 0.000         0.000 / 0.000         0.000 / 0.000       ms
[2024-01-04T11:49:08.497+0800][gc,stats    ]    Critical: Relocation Stall                                  0 / 0                 0 / 0                 0 / 0                 0 / 0           ops/s
[2024-01-04T11:49:08.497+0800][gc,stats    ]    Critical: Relocation Stall                              0.000 / 0.000         0.000 / 0.000         0.000 / 0.000         0.000 / 0.000       ms
[2024-01-04T11:49:08.497+0800][gc,stats    ]      Memory: Allocation Rate                                   0 / 2                 6 / 428               6 / 428               6 / 428         MB/s
[2024-01-04T11:49:08.497+0800][gc,stats    ]      Memory: Defragment                                        0 / 0                 0 / 29                0 / 29                0 / 29          ops/s
[2024-01-04T11:49:08.497+0800][gc,stats    ]      Memory: Out Of Memory                                     0 / 0                 0 / 0                 0 / 0                 0 / 0           ops/s
[2024-01-04T11:49:08.497+0800][gc,stats    ]      Memory: Page Cache Flush                                  0 / 0                 0 / 58                0 / 58                0 / 58          MB/s
[2024-01-04T11:49:08.497+0800][gc,stats    ]      Memory: Page Cache Hit L1                                 0 / 1                 1 / 83                1 / 83                1 / 83          ops/s
[2024-01-04T11:49:08.497+0800][gc,stats    ]      Memory: Page Cache Hit L2                                 0 / 0                 0 / 0                 0 / 0                 0 / 0           ops/s
[2024-01-04T11:49:08.497+0800][gc,stats    ]      Memory: Page Cache Hit L3                                 0 / 0                 0 / 53                0 / 53                0 / 53          ops/s
[2024-01-04T11:49:08.497+0800][gc,stats    ]      Memory: Page Cache Miss                                   0 / 0                 0 / 65                0 / 65                0 / 65          ops/s
[2024-01-04T11:49:08.497+0800][gc,stats    ]      Memory: Uncommit                                          0 / 0                 2 / 960               2 / 960               2 / 960         MB/s
[2024-01-04T11:49:08.497+0800][gc,stats    ]      Memory: Undo Object Allocation Failed                     0 / 0                 0 / 3                 0 / 3                 0 / 3           ops/s
[2024-01-04T11:49:08.497+0800][gc,stats    ]      Memory: Undo Object Allocation Succeeded                  0 / 0                 0 / 140               0 / 140               0 / 140         ops/s
[2024-01-04T11:49:08.497+0800][gc,stats    ]      Memory: Undo Page Allocation                              0 / 0                 0 / 9                 0 / 9                 0 / 9           ops/s
[2024-01-04T11:49:08.497+0800][gc,stats    ]       Phase: Concurrent Mark                               0.000 / 0.000       123.525 / 310.445     123.525 / 310.445     123.525 / 310.445     ms
[2024-01-04T11:49:08.497+0800][gc,stats    ]       Phase: Concurrent Mark Continue                      0.000 / 0.000         0.000 / 0.000         0.000 / 0.000         0.000 / 0.000       ms
[2024-01-04T11:49:08.497+0800][gc,stats    ]       Phase: Concurrent Mark Free                          0.000 / 0.000         0.001 / 0.001         0.001 / 0.001         0.001 / 0.001       ms
[2024-01-04T11:49:08.497+0800][gc,stats    ]       Phase: Concurrent Process Non-Strong References      0.000 / 0.000         6.938 / 14.900        6.938 / 14.900        6.938 / 14.900      ms
[2024-01-04T11:49:08.497+0800][gc,stats    ]       Phase: Concurrent Relocate                           0.000 / 0.000        26.797 / 56.995       26.797 / 56.995       26.797 / 56.995      ms
[2024-01-04T11:49:08.497+0800][gc,stats    ]       Phase: Concurrent Reset Relocation Set               0.000 / 0.000         0.021 / 0.066         0.021 / 0.066         0.021 / 0.066       ms
[2024-01-04T11:49:08.497+0800][gc,stats    ]       Phase: Concurrent Select Relocation Set              0.000 / 0.000         8.514 / 19.186        8.514 / 19.186        8.514 / 19.186      ms
[2024-01-04T11:49:08.497+0800][gc,stats    ]       Phase: Pause Mark End                                0.000 / 0.000         0.023 / 0.032         0.023 / 0.032         0.023 / 0.032       ms
[2024-01-04T11:49:08.497+0800][gc,stats    ]       Phase: Pause Mark Start                              0.000 / 0.000         0.020 / 0.064         0.020 / 0.064         0.020 / 0.064       ms
[2024-01-04T11:49:08.497+0800][gc,stats    ]       Phase: Pause Relocate Start                          0.000 / 0.000         0.013 / 0.020         0.013 / 0.020         0.013 / 0.020       ms
[2024-01-04T11:49:08.497+0800][gc,stats    ]    Subphase: Concurrent Classes Purge                      0.000 / 0.000         0.153 / 0.351         0.153 / 0.351         0.153 / 0.351       ms
[2024-01-04T11:49:08.497+0800][gc,stats    ]    Subphase: Concurrent Classes Unlink                     0.000 / 0.000         4.276 / 11.912        4.276 / 11.912        4.276 / 11.912      ms
[2024-01-04T11:49:08.497+0800][gc,stats    ]    Subphase: Concurrent Mark                               0.000 / 0.000       118.603 / 295.705     118.603 / 295.705     118.603 / 295.705     ms
[2024-01-04T11:49:08.497+0800][gc,stats    ]    Subphase: Concurrent Mark Try Flush                     0.000 / 0.000         0.048 / 0.125         0.048 / 0.125         0.048 / 0.125       ms
[2024-01-04T11:49:08.497+0800][gc,stats    ]    Subphase: Concurrent Mark Try Terminate                 0.000 / 0.000         2.779 / 15.520        2.779 / 15.520        2.779 / 15.520      ms
[2024-01-04T11:49:08.497+0800][gc,stats    ]    Subphase: Concurrent References Enqueue                 0.000 / 0.000         0.004 / 0.005         0.004 / 0.005         0.004 / 0.005       ms
[2024-01-04T11:49:08.497+0800][gc,stats    ]    Subphase: Concurrent References Process                 0.000 / 0.000         1.939 / 5.276         1.939 / 5.276         1.939 / 5.276       ms
[2024-01-04T11:49:08.497+0800][gc,stats    ]    Subphase: Concurrent Roots ClassLoaderDataGraph         0.000 / 0.000         0.164 / 2.096         0.164 / 2.096         0.164 / 2.096       ms
[2024-01-04T11:49:08.497+0800][gc,stats    ]    Subphase: Concurrent Roots CodeCache                    0.000 / 0.000         0.000 / 0.000         0.000 / 0.000         0.000 / 0.000       ms
[2024-01-04T11:49:08.497+0800][gc,stats    ]    Subphase: Concurrent Roots JavaThreads                  0.000 / 0.000         3.182 / 14.095        3.182 / 14.095        3.182 / 14.095      ms
[2024-01-04T11:49:08.497+0800][gc,stats    ]    Subphase: Concurrent Roots OopStorageSet                0.000 / 0.000         0.048 / 0.159         0.048 / 0.159         0.048 / 0.159       ms
[2024-01-04T11:49:08.497+0800][gc,stats    ]    Subphase: Concurrent Weak Roots OopStorageSet           0.000 / 0.000         0.459 / 0.631         0.459 / 0.631         0.459 / 0.631       ms
[2024-01-04T11:49:08.497+0800][gc,stats    ]    Subphase: Pause Mark Try Complete                       0.000 / 0.000         0.002 / 0.004         0.002 / 0.004         0.002 / 0.004       ms
[2024-01-04T11:49:08.497+0800][gc,stats    ]      System: Java Threads                                      0 / 0                62 / 79               62 / 79               62 / 79          threads
[2024-01-04T11:49:08.497+0800][gc,stats    ] =========================================================================================================================================================
[2024-01-04T11:49:18.497+0800][gc,stats    ] === Garbage Collection Statistics =======================================================================================================================
[2024-01-04T11:49:18.497+0800][gc,stats    ]                                                              Last 10s              Last 10m              Last 10h                Total
[2024-01-04T11:49:18.497+0800][gc,stats    ]                                                              Avg / Max             Avg / Max             Avg / Max             Avg / Max
[2024-01-04T11:49:18.497+0800][gc,stats    ]   Collector: Garbage Collection Cycle                      0.000 / 0.000       166.879 / 396.896     166.879 / 396.896     166.879 / 396.896     ms
[2024-01-04T11:49:18.497+0800][gc,stats    ]  Contention: Mark Segment Reset Contention                     0 / 0                 0 / 3                 0 / 3                 0 / 3           ops/s
[2024-01-04T11:49:18.497+0800][gc,stats    ]  Contention: Mark SeqNum Reset Contention                      0 / 0                 0 / 2                 0 / 2                 0 / 2           ops/s
[2024-01-04T11:49:18.497+0800][gc,stats    ]    Critical: Allocation Stall                                  0 / 0                 0 / 0                 0 / 0                 0 / 0           ops/s
[2024-01-04T11:49:18.497+0800][gc,stats    ]    Critical: Allocation Stall                              0.000 / 0.000         0.000 / 0.000         0.000 / 0.000         0.000 / 0.000       ms
[2024-01-04T11:49:18.497+0800][gc,stats    ]    Critical: GC Locker Stall                                   0 / 0                 0 / 0                 0 / 0                 0 / 0           ops/s
[2024-01-04T11:49:18.497+0800][gc,stats    ]    Critical: GC Locker Stall                               0.000 / 0.000         0.000 / 0.000         0.000 / 0.000         0.000 / 0.000       ms
[2024-01-04T11:49:18.497+0800][gc,stats    ]    Critical: Relocation Stall                                  0 / 0                 0 / 0                 0 / 0                 0 / 0           ops/s
[2024-01-04T11:49:18.497+0800][gc,stats    ]    Critical: Relocation Stall                              0.000 / 0.000         0.000 / 0.000         0.000 / 0.000         0.000 / 0.000       ms
[2024-01-04T11:49:18.497+0800][gc,stats    ]      Memory: Allocation Rate                                   0 / 0                 6 / 428               6 / 428               6 / 428         MB/s
[2024-01-04T11:49:18.497+0800][gc,stats    ]      Memory: Defragment                                        0 / 0                 0 / 29                0 / 29                0 / 29          ops/s
[2024-01-04T11:49:18.497+0800][gc,stats    ]      Memory: Out Of Memory                                     0 / 0                 0 / 0                 0 / 0                 0 / 0           ops/s
[2024-01-04T11:49:18.497+0800][gc,stats    ]      Memory: Page Cache Flush                                  0 / 0                 0 / 58                0 / 58                0 / 58          MB/s
[2024-01-04T11:49:18.497+0800][gc,stats    ]      Memory: Page Cache Hit L1                                 0 / 0                 1 / 83                1 / 83                1 / 83          ops/s
[2024-01-04T11:49:18.497+0800][gc,stats    ]      Memory: Page Cache Hit L2                                 0 / 0                 0 / 0                 0 / 0                 0 / 0           ops/s
[2024-01-04T11:49:18.497+0800][gc,stats    ]      Memory: Page Cache Hit L3                                 0 / 0                 0 / 53                0 / 53                0 / 53          ops/s
[2024-01-04T11:49:18.497+0800][gc,stats    ]      Memory: Page Cache Miss                                   0 / 0                 0 / 65                0 / 65                0 / 65          ops/s
[2024-01-04T11:49:18.497+0800][gc,stats    ]      Memory: Uncommit                                          0 / 0                 2 / 960               2 / 960               2 / 960         MB/s
[2024-01-04T11:49:18.497+0800][gc,stats    ]      Memory: Undo Object Allocation Failed                     0 / 0                 0 / 3                 0 / 3                 0 / 3           ops/s
[2024-01-04T11:49:18.497+0800][gc,stats    ]      Memory: Undo Object Allocation Succeeded                  0 / 0                 0 / 140               0 / 140               0 / 140         ops/s
[2024-01-04T11:49:18.497+0800][gc,stats    ]      Memory: Undo Page Allocation                              0 / 0                 0 / 9                 0 / 9                 0 / 9           ops/s
[2024-01-04T11:49:18.497+0800][gc,stats    ]       Phase: Concurrent Mark                               0.000 / 0.000       123.525 / 310.445     123.525 / 310.445     123.525 / 310.445     ms
[2024-01-04T11:49:18.497+0800][gc,stats    ]       Phase: Concurrent Mark Continue                      0.000 / 0.000         0.000 / 0.000         0.000 / 0.000         0.000 / 0.000       ms
[2024-01-04T11:49:18.497+0800][gc,stats    ]       Phase: Concurrent Mark Free                          0.000 / 0.000         0.001 / 0.001         0.001 / 0.001         0.001 / 0.001       ms
[2024-01-04T11:49:18.497+0800][gc,stats    ]       Phase: Concurrent Process Non-Strong References      0.000 / 0.000         6.938 / 14.900        6.938 / 14.900        6.938 / 14.900      ms
[2024-01-04T11:49:18.497+0800][gc,stats    ]       Phase: Concurrent Relocate                           0.000 / 0.000        26.797 / 56.995       26.797 / 56.995       26.797 / 56.995      ms
[2024-01-04T11:49:18.497+0800][gc,stats    ]       Phase: Concurrent Reset Relocation Set               0.000 / 0.000         0.021 / 0.066         0.021 / 0.066         0.021 / 0.066       ms
[2024-01-04T11:49:18.497+0800][gc,stats    ]       Phase: Concurrent Select Relocation Set              0.000 / 0.000         8.514 / 19.186        8.514 / 19.186        8.514 / 19.186      ms
[2024-01-04T11:49:18.497+0800][gc,stats    ]       Phase: Pause Mark End                                0.000 / 0.000         0.023 / 0.032         0.023 / 0.032         0.023 / 0.032       ms
[2024-01-04T11:49:18.497+0800][gc,stats    ]       Phase: Pause Mark Start                              0.000 / 0.000         0.020 / 0.064         0.020 / 0.064         0.020 / 0.064       ms
[2024-01-04T11:49:18.497+0800][gc,stats    ]       Phase: Pause Relocate Start                          0.000 / 0.000         0.013 / 0.020         0.013 / 0.020         0.013 / 0.020       ms
[2024-01-04T11:49:18.497+0800][gc,stats    ]    Subphase: Concurrent Classes Purge                      0.000 / 0.000         0.153 / 0.351         0.153 / 0.351         0.153 / 0.351       ms
[2024-01-04T11:49:18.497+0800][gc,stats    ]    Subphase: Concurrent Classes Unlink                     0.000 / 0.000         4.276 / 11.912        4.276 / 11.912        4.276 / 11.912      ms
[2024-01-04T11:49:18.497+0800][gc,stats    ]    Subphase: Concurrent Mark                               0.000 / 0.000       118.603 / 295.705     118.603 / 295.705     118.603 / 295.705     ms
[2024-01-04T11:49:18.497+0800][gc,stats    ]    Subphase: Concurrent Mark Try Flush                     0.000 / 0.000         0.048 / 0.125         0.048 / 0.125         0.048 / 0.125       ms
[2024-01-04T11:49:18.497+0800][gc,stats    ]    Subphase: Concurrent Mark Try Terminate                 0.000 / 0.000         2.779 / 15.520        2.779 / 15.520        2.779 / 15.520      ms
[2024-01-04T11:49:18.497+0800][gc,stats    ]    Subphase: Concurrent References Enqueue                 0.000 / 0.000         0.004 / 0.005         0.004 / 0.005         0.004 / 0.005       ms
[2024-01-04T11:49:18.497+0800][gc,stats    ]    Subphase: Concurrent References Process                 0.000 / 0.000         1.939 / 5.276         1.939 / 5.276         1.939 / 5.276       ms
[2024-01-04T11:49:18.497+0800][gc,stats    ]    Subphase: Concurrent Roots ClassLoaderDataGraph         0.000 / 0.000         0.164 / 2.096         0.164 / 2.096         0.164 / 2.096       ms
[2024-01-04T11:49:18.497+0800][gc,stats    ]    Subphase: Concurrent Roots CodeCache                    0.000 / 0.000         0.000 / 0.000         0.000 / 0.000         0.000 / 0.000       ms
[2024-01-04T11:49:18.497+0800][gc,stats    ]    Subphase: Concurrent Roots JavaThreads                  0.000 / 0.000         3.182 / 14.095        3.182 / 14.095        3.182 / 14.095      ms
[2024-01-04T11:49:18.497+0800][gc,stats    ]    Subphase: Concurrent Roots OopStorageSet                0.000 / 0.000         0.048 / 0.159         0.048 / 0.159         0.048 / 0.159       ms
[2024-01-04T11:49:18.497+0800][gc,stats    ]    Subphase: Concurrent Weak Roots OopStorageSet           0.000 / 0.000         0.459 / 0.631         0.459 / 0.631         0.459 / 0.631       ms
[2024-01-04T11:49:18.497+0800][gc,stats    ]    Subphase: Pause Mark Try Complete                       0.000 / 0.000         0.002 / 0.004         0.002 / 0.004         0.002 / 0.004       ms
[2024-01-04T11:49:18.497+0800][gc,stats    ]      System: Java Threads                                      0 / 0                62 / 79               62 / 79               62 / 79          threads
[2024-01-04T11:49:18.497+0800][gc,stats    ] =========================================================================================================================================================
[2024-01-04T11:49:28.497+0800][gc,stats    ] === Garbage Collection Statistics =======================================================================================================================
[2024-01-04T11:49:28.497+0800][gc,stats    ]                                                              Last 10s              Last 10m              Last 10h                Total
[2024-01-04T11:49:28.497+0800][gc,stats    ]                                                              Avg / Max             Avg / Max             Avg / Max             Avg / Max
[2024-01-04T11:49:28.497+0800][gc,stats    ]   Collector: Garbage Collection Cycle                      0.000 / 0.000       166.879 / 396.896     166.879 / 396.896     166.879 / 396.896     ms
[2024-01-04T11:49:28.497+0800][gc,stats    ]  Contention: Mark Segment Reset Contention                     0 / 0                 0 / 3                 0 / 3                 0 / 3           ops/s
[2024-01-04T11:49:28.497+0800][gc,stats    ]  Contention: Mark SeqNum Reset Contention                      0 / 0                 0 / 2                 0 / 2                 0 / 2           ops/s
[2024-01-04T11:49:28.497+0800][gc,stats    ]    Critical: Allocation Stall                                  0 / 0                 0 / 0                 0 / 0                 0 / 0           ops/s
[2024-01-04T11:49:28.497+0800][gc,stats    ]    Critical: Allocation Stall                              0.000 / 0.000         0.000 / 0.000         0.000 / 0.000         0.000 / 0.000       ms
[2024-01-04T11:49:28.497+0800][gc,stats    ]    Critical: GC Locker Stall                                   0 / 0                 0 / 0                 0 / 0                 0 / 0           ops/s
[2024-01-04T11:49:28.497+0800][gc,stats    ]    Critical: GC Locker Stall                               0.000 / 0.000         0.000 / 0.000         0.000 / 0.000         0.000 / 0.000       ms
[2024-01-04T11:49:28.497+0800][gc,stats    ]    Critical: Relocation Stall                                  0 / 0                 0 / 0                 0 / 0                 0 / 0           ops/s
[2024-01-04T11:49:28.497+0800][gc,stats    ]    Critical: Relocation Stall                              0.000 / 0.000         0.000 / 0.000         0.000 / 0.000         0.000 / 0.000       ms
[2024-01-04T11:49:28.497+0800][gc,stats    ]      Memory: Allocation Rate                                   0 / 0                 6 / 428               6 / 428               6 / 428         MB/s
[2024-01-04T11:49:28.497+0800][gc,stats    ]      Memory: Defragment                                        0 / 0                 0 / 29                0 / 29                0 / 29          ops/s
[2024-01-04T11:49:28.497+0800][gc,stats    ]      Memory: Out Of Memory                                     0 / 0                 0 / 0                 0 / 0                 0 / 0           ops/s
[2024-01-04T11:49:28.497+0800][gc,stats    ]      Memory: Page Cache Flush                                  0 / 0                 0 / 58                0 / 58                0 / 58          MB/s
[2024-01-04T11:49:28.497+0800][gc,stats    ]      Memory: Page Cache Hit L1                                 0 / 0                 1 / 83                1 / 83                1 / 83          ops/s
[2024-01-04T11:49:28.497+0800][gc,stats    ]      Memory: Page Cache Hit L2                                 0 / 0                 0 / 0                 0 / 0                 0 / 0           ops/s
[2024-01-04T11:49:28.497+0800][gc,stats    ]      Memory: Page Cache Hit L3                                 0 / 0                 0 / 53                0 / 53                0 / 53          ops/s
[2024-01-04T11:49:28.497+0800][gc,stats    ]      Memory: Page Cache Miss                                   0 / 0                 0 / 65                0 / 65                0 / 65          ops/s
[2024-01-04T11:49:28.497+0800][gc,stats    ]      Memory: Uncommit                                          0 / 0                 2 / 960               2 / 960               2 / 960         MB/s
[2024-01-04T11:49:28.497+0800][gc,stats    ]      Memory: Undo Object Allocation Failed                     0 / 0                 0 / 3                 0 / 3                 0 / 3           ops/s
[2024-01-04T11:49:28.497+0800][gc,stats    ]      Memory: Undo Object Allocation Succeeded                  0 / 0                 0 / 140               0 / 140               0 / 140         ops/s
[2024-01-04T11:49:28.497+0800][gc,stats    ]      Memory: Undo Page Allocation                              0 / 0                 0 / 9                 0 / 9                 0 / 9           ops/s
[2024-01-04T11:49:28.497+0800][gc,stats    ]       Phase: Concurrent Mark                               0.000 / 0.000       123.525 / 310.445     123.525 / 310.445     123.525 / 310.445     ms
[2024-01-04T11:49:28.497+0800][gc,stats    ]       Phase: Concurrent Mark Continue                      0.000 / 0.000         0.000 / 0.000         0.000 / 0.000         0.000 / 0.000       ms
[2024-01-04T11:49:28.497+0800][gc,stats    ]       Phase: Concurrent Mark Free                          0.000 / 0.000         0.001 / 0.001         0.001 / 0.001         0.001 / 0.001       ms
[2024-01-04T11:49:28.497+0800][gc,stats    ]       Phase: Concurrent Process Non-Strong References      0.000 / 0.000         6.938 / 14.900        6.938 / 14.900        6.938 / 14.900      ms
[2024-01-04T11:49:28.497+0800][gc,stats    ]       Phase: Concurrent Relocate                           0.000 / 0.000        26.797 / 56.995       26.797 / 56.995       26.797 / 56.995      ms
[2024-01-04T11:49:28.497+0800][gc,stats    ]       Phase: Concurrent Reset Relocation Set               0.000 / 0.000         0.021 / 0.066         0.021 / 0.066         0.021 / 0.066       ms
[2024-01-04T11:49:28.497+0800][gc,stats    ]       Phase: Concurrent Select Relocation Set              0.000 / 0.000         8.514 / 19.186        8.514 / 19.186        8.514 / 19.186      ms
[2024-01-04T11:49:28.497+0800][gc,stats    ]       Phase: Pause Mark End                                0.000 / 0.000         0.023 / 0.032         0.023 / 0.032         0.023 / 0.032       ms
[2024-01-04T11:49:28.497+0800][gc,stats    ]       Phase: Pause Mark Start                              0.000 / 0.000         0.020 / 0.064         0.020 / 0.064         0.020 / 0.064       ms
[2024-01-04T11:49:28.497+0800][gc,stats    ]       Phase: Pause Relocate Start                          0.000 / 0.000         0.013 / 0.020         0.013 / 0.020         0.013 / 0.020       ms
[2024-01-04T11:49:28.497+0800][gc,stats    ]    Subphase: Concurrent Classes Purge                      0.000 / 0.000         0.153 / 0.351         0.153 / 0.351         0.153 / 0.351       ms
[2024-01-04T11:49:28.497+0800][gc,stats    ]    Subphase: Concurrent Classes Unlink                     0.000 / 0.000         4.276 / 11.912        4.276 / 11.912        4.276 / 11.912      ms
[2024-01-04T11:49:28.497+0800][gc,stats    ]    Subphase: Concurrent Mark                               0.000 / 0.000       118.603 / 295.705     118.603 / 295.705     118.603 / 295.705     ms
[2024-01-04T11:49:28.497+0800][gc,stats    ]    Subphase: Concurrent Mark Try Flush                     0.000 / 0.000         0.048 / 0.125         0.048 / 0.125         0.048 / 0.125       ms
[2024-01-04T11:49:28.497+0800][gc,stats    ]    Subphase: Concurrent Mark Try Terminate                 0.000 / 0.000         2.779 / 15.520        2.779 / 15.520        2.779 / 15.520      ms
[2024-01-04T11:49:28.497+0800][gc,stats    ]    Subphase: Concurrent References Enqueue                 0.000 / 0.000         0.004 / 0.005         0.004 / 0.005         0.004 / 0.005       ms
[2024-01-04T11:49:28.497+0800][gc,stats    ]    Subphase: Concurrent References Process                 0.000 / 0.000         1.939 / 5.276         1.939 / 5.276         1.939 / 5.276       ms
[2024-01-04T11:49:28.497+0800][gc,stats    ]    Subphase: Concurrent Roots ClassLoaderDataGraph         0.000 / 0.000         0.164 / 2.096         0.164 / 2.096         0.164 / 2.096       ms
[2024-01-04T11:49:28.497+0800][gc,stats    ]    Subphase: Concurrent Roots CodeCache                    0.000 / 0.000         0.000 / 0.000         0.000 / 0.000         0.000 / 0.000       ms
[2024-01-04T11:49:28.497+0800][gc,stats    ]    Subphase: Concurrent Roots JavaThreads                  0.000 / 0.000         3.182 / 14.095        3.182 / 14.095        3.182 / 14.095      ms
[2024-01-04T11:49:28.497+0800][gc,stats    ]    Subphase: Concurrent Roots OopStorageSet                0.000 / 0.000         0.048 / 0.159         0.048 / 0.159         0.048 / 0.159       ms
[2024-01-04T11:49:28.497+0800][gc,stats    ]    Subphase: Concurrent Weak Roots OopStorageSet           0.000 / 0.000         0.459 / 0.631         0.459 / 0.631         0.459 / 0.631       ms
[2024-01-04T11:49:28.497+0800][gc,stats    ]    Subphase: Pause Mark Try Complete                       0.000 / 0.000         0.002 / 0.004         0.002 / 0.004         0.002 / 0.004       ms
[2024-01-04T11:49:28.497+0800][gc,stats    ]      System: Java Threads                                      0 / 0                62 / 79               62 / 79               62 / 79          threads
[2024-01-04T11:49:28.497+0800][gc,stats    ] =========================================================================================================================================================
[2024-01-04T11:49:38.497+0800][gc,stats    ] === Garbage Collection Statistics =======================================================================================================================
[2024-01-04T11:49:38.497+0800][gc,stats    ]                                                              Last 10s              Last 10m              Last 10h                Total
[2024-01-04T11:49:38.497+0800][gc,stats    ]                                                              Avg / Max             Avg / Max             Avg / Max             Avg / Max
[2024-01-04T11:49:38.497+0800][gc,stats    ]   Collector: Garbage Collection Cycle                      0.000 / 0.000       166.879 / 396.896     166.879 / 396.896     166.879 / 396.896     ms
[2024-01-04T11:49:38.497+0800][gc,stats    ]  Contention: Mark Segment Reset Contention                     0 / 0                 0 / 3                 0 / 3                 0 / 3           ops/s
[2024-01-04T11:49:38.497+0800][gc,stats    ]  Contention: Mark SeqNum Reset Contention                      0 / 0                 0 / 2                 0 / 2                 0 / 2           ops/s
[2024-01-04T11:49:38.497+0800][gc,stats    ]    Critical: Allocation Stall                                  0 / 0                 0 / 0                 0 / 0                 0 / 0           ops/s
[2024-01-04T11:49:38.497+0800][gc,stats    ]    Critical: Allocation Stall                              0.000 / 0.000         0.000 / 0.000         0.000 / 0.000         0.000 / 0.000       ms
[2024-01-04T11:49:38.497+0800][gc,stats    ]    Critical: GC Locker Stall                                   0 / 0                 0 / 0                 0 / 0                 0 / 0           ops/s
[2024-01-04T11:49:38.497+0800][gc,stats    ]    Critical: GC Locker Stall                               0.000 / 0.000         0.000 / 0.000         0.000 / 0.000         0.000 / 0.000       ms
[2024-01-04T11:49:38.497+0800][gc,stats    ]    Critical: Relocation Stall                                  0 / 0                 0 / 0                 0 / 0                 0 / 0           ops/s
[2024-01-04T11:49:38.497+0800][gc,stats    ]    Critical: Relocation Stall                              0.000 / 0.000         0.000 / 0.000         0.000 / 0.000         0.000 / 0.000       ms
[2024-01-04T11:49:38.497+0800][gc,stats    ]      Memory: Allocation Rate                                   0 / 0                 6 / 428               6 / 428               6 / 428         MB/s
[2024-01-04T11:49:38.497+0800][gc,stats    ]      Memory: Defragment                                        0 / 0                 0 / 29                0 / 29                0 / 29          ops/s
[2024-01-04T11:49:38.497+0800][gc,stats    ]      Memory: Out Of Memory                                     0 / 0                 0 / 0                 0 / 0                 0 / 0           ops/s
[2024-01-04T11:49:38.497+0800][gc,stats    ]      Memory: Page Cache Flush                                  0 / 0                 0 / 58                0 / 58                0 / 58          MB/s
[2024-01-04T11:49:38.497+0800][gc,stats    ]      Memory: Page Cache Hit L1                                 0 / 0                 1 / 83                1 / 83                1 / 83          ops/s
[2024-01-04T11:49:38.497+0800][gc,stats    ]      Memory: Page Cache Hit L2                                 0 / 0                 0 / 0                 0 / 0                 0 / 0           ops/s
[2024-01-04T11:49:38.497+0800][gc,stats    ]      Memory: Page Cache Hit L3                                 0 / 0                 0 / 53                0 / 53                0 / 53          ops/s
[2024-01-04T11:49:38.497+0800][gc,stats    ]      Memory: Page Cache Miss                                   0 / 0                 0 / 65                0 / 65                0 / 65          ops/s
[2024-01-04T11:49:38.497+0800][gc,stats    ]      Memory: Uncommit                                          0 / 0                 2 / 960               2 / 960               2 / 960         MB/s
[2024-01-04T11:49:38.497+0800][gc,stats    ]      Memory: Undo Object Allocation Failed                     0 / 0                 0 / 3                 0 / 3                 0 / 3           ops/s
[2024-01-04T11:49:38.497+0800][gc,stats    ]      Memory: Undo Object Allocation Succeeded                  0 / 0                 0 / 140               0 / 140               0 / 140         ops/s
[2024-01-04T11:49:38.497+0800][gc,stats    ]      Memory: Undo Page Allocation                              0 / 0                 0 / 9                 0 / 9                 0 / 9           ops/s
[2024-01-04T11:49:38.497+0800][gc,stats    ]       Phase: Concurrent Mark                               0.000 / 0.000       123.525 / 310.445     123.525 / 310.445     123.525 / 310.445     ms
[2024-01-04T11:49:38.497+0800][gc,stats    ]       Phase: Concurrent Mark Continue                      0.000 / 0.000         0.000 / 0.000         0.000 / 0.000         0.000 / 0.000       ms
[2024-01-04T11:49:38.497+0800][gc,stats    ]       Phase: Concurrent Mark Free                          0.000 / 0.000         0.001 / 0.001         0.001 / 0.001         0.001 / 0.001       ms
[2024-01-04T11:49:38.497+0800][gc,stats    ]       Phase: Concurrent Process Non-Strong References      0.000 / 0.000         6.938 / 14.900        6.938 / 14.900        6.938 / 14.900      ms
[2024-01-04T11:49:38.497+0800][gc,stats    ]       Phase: Concurrent Relocate                           0.000 / 0.000        26.797 / 56.995       26.797 / 56.995       26.797 / 56.995      ms
[2024-01-04T11:49:38.497+0800][gc,stats    ]       Phase: Concurrent Reset Relocation Set               0.000 / 0.000         0.021 / 0.066         0.021 / 0.066         0.021 / 0.066       ms
[2024-01-04T11:49:38.497+0800][gc,stats    ]       Phase: Concurrent Select Relocation Set              0.000 / 0.000         8.514 / 19.186        8.514 / 19.186        8.514 / 19.186      ms
[2024-01-04T11:49:38.497+0800][gc,stats    ]       Phase: Pause Mark End                                0.000 / 0.000         0.023 / 0.032         0.023 / 0.032         0.023 / 0.032       ms
[2024-01-04T11:49:38.497+0800][gc,stats    ]       Phase: Pause Mark Start                              0.000 / 0.000         0.020 / 0.064         0.020 / 0.064         0.020 / 0.064       ms
[2024-01-04T11:49:38.497+0800][gc,stats    ]       Phase: Pause Relocate Start                          0.000 / 0.000         0.013 / 0.020         0.013 / 0.020         0.013 / 0.020       ms
[2024-01-04T11:49:38.497+0800][gc,stats    ]    Subphase: Concurrent Classes Purge                      0.000 / 0.000         0.153 / 0.351         0.153 / 0.351         0.153 / 0.351       ms
[2024-01-04T11:49:38.497+0800][gc,stats    ]    Subphase: Concurrent Classes Unlink                     0.000 / 0.000         4.276 / 11.912        4.276 / 11.912        4.276 / 11.912      ms
[2024-01-04T11:49:38.497+0800][gc,stats    ]    Subphase: Concurrent Mark                               0.000 / 0.000       118.603 / 295.705     118.603 / 295.705     118.603 / 295.705     ms
[2024-01-04T11:49:38.497+0800][gc,stats    ]    Subphase: Concurrent Mark Try Flush                     0.000 / 0.000         0.048 / 0.125         0.048 / 0.125         0.048 / 0.125       ms
[2024-01-04T11:49:38.497+0800][gc,stats    ]    Subphase: Concurrent Mark Try Terminate                 0.000 / 0.000         2.779 / 15.520        2.779 / 15.520        2.779 / 15.520      ms
[2024-01-04T11:49:38.497+0800][gc,stats    ]    Subphase: Concurrent References Enqueue                 0.000 / 0.000         0.004 / 0.005         0.004 / 0.005         0.004 / 0.005       ms
[2024-01-04T11:49:38.497+0800][gc,stats    ]    Subphase: Concurrent References Process                 0.000 / 0.000         1.939 / 5.276         1.939 / 5.276         1.939 / 5.276       ms
[2024-01-04T11:49:38.497+0800][gc,stats    ]    Subphase: Concurrent Roots ClassLoaderDataGraph         0.000 / 0.000         0.164 / 2.096         0.164 / 2.096         0.164 / 2.096       ms
[2024-01-04T11:49:38.497+0800][gc,stats    ]    Subphase: Concurrent Roots CodeCache                    0.000 / 0.000         0.000 / 0.000         0.000 / 0.000         0.000 / 0.000       ms
[2024-01-04T11:49:38.497+0800][gc,stats    ]    Subphase: Concurrent Roots JavaThreads                  0.000 / 0.000         3.182 / 14.095        3.182 / 14.095        3.182 / 14.095      ms
[2024-01-04T11:49:38.497+0800][gc,stats    ]    Subphase: Concurrent Roots OopStorageSet                0.000 / 0.000         0.048 / 0.159         0.048 / 0.159         0.048 / 0.159       ms
[2024-01-04T11:49:38.497+0800][gc,stats    ]    Subphase: Concurrent Weak Roots OopStorageSet           0.000 / 0.000         0.459 / 0.631         0.459 / 0.631         0.459 / 0.631       ms
[2024-01-04T11:49:38.497+0800][gc,stats    ]    Subphase: Pause Mark Try Complete                       0.000 / 0.000         0.002 / 0.004         0.002 / 0.004         0.002 / 0.004       ms
[2024-01-04T11:49:38.497+0800][gc,stats    ]      System: Java Threads                                      0 / 0                62 / 79               62 / 79               62 / 79          threads
[2024-01-04T11:49:38.497+0800][gc,stats    ] =========================================================================================================================================================
[2024-01-04T11:49:48.497+0800][gc,stats    ] === Garbage Collection Statistics =======================================================================================================================
[2024-01-04T11:49:48.497+0800][gc,stats    ]                                                              Last 10s              Last 10m              Last 10h                Total
[2024-01-04T11:49:48.497+0800][gc,stats    ]                                                              Avg / Max             Avg / Max             Avg / Max             Avg / Max
[2024-01-04T11:49:48.497+0800][gc,stats    ]   Collector: Garbage Collection Cycle                      0.000 / 0.000       166.879 / 396.896     166.879 / 396.896     166.879 / 396.896     ms
[2024-01-04T11:49:48.497+0800][gc,stats    ]  Contention: Mark Segment Reset Contention                     0 / 0                 0 / 3                 0 / 3                 0 / 3           ops/s
[2024-01-04T11:49:48.497+0800][gc,stats    ]  Contention: Mark SeqNum Reset Contention                      0 / 0                 0 / 2                 0 / 2                 0 / 2           ops/s
[2024-01-04T11:49:48.497+0800][gc,stats    ]    Critical: Allocation Stall                                  0 / 0                 0 / 0                 0 / 0                 0 / 0           ops/s
[2024-01-04T11:49:48.497+0800][gc,stats    ]    Critical: Allocation Stall                              0.000 / 0.000         0.000 / 0.000         0.000 / 0.000         0.000 / 0.000       ms
[2024-01-04T11:49:48.497+0800][gc,stats    ]    Critical: GC Locker Stall                                   0 / 0                 0 / 0                 0 / 0                 0 / 0           ops/s
[2024-01-04T11:49:48.497+0800][gc,stats    ]    Critical: GC Locker Stall                               0.000 / 0.000         0.000 / 0.000         0.000 / 0.000         0.000 / 0.000       ms
[2024-01-04T11:49:48.497+0800][gc,stats    ]    Critical: Relocation Stall                                  0 / 0                 0 / 0                 0 / 0                 0 / 0           ops/s
[2024-01-04T11:49:48.497+0800][gc,stats    ]    Critical: Relocation Stall                              0.000 / 0.000         0.000 / 0.000         0.000 / 0.000         0.000 / 0.000       ms
[2024-01-04T11:49:48.497+0800][gc,stats    ]      Memory: Allocation Rate                                   0 / 2                 5 / 428               5 / 428               5 / 428         MB/s
[2024-01-04T11:49:48.497+0800][gc,stats    ]      Memory: Defragment                                        0 / 0                 0 / 29                0 / 29                0 / 29          ops/s
[2024-01-04T11:49:48.497+0800][gc,stats    ]      Memory: Out Of Memory                                     0 / 0                 0 / 0                 0 / 0                 0 / 0           ops/s
[2024-01-04T11:49:48.497+0800][gc,stats    ]      Memory: Page Cache Flush                                  0 / 0                 0 / 58                0 / 58                0 / 58          MB/s
[2024-01-04T11:49:48.497+0800][gc,stats    ]      Memory: Page Cache Hit L1                                 0 / 1                 1 / 83                1 / 83                1 / 83          ops/s
[2024-01-04T11:49:48.497+0800][gc,stats    ]      Memory: Page Cache Hit L2                                 0 / 0                 0 / 0                 0 / 0                 0 / 0           ops/s
[2024-01-04T11:49:48.497+0800][gc,stats    ]      Memory: Page Cache Hit L3                                 0 / 0                 0 / 53                0 / 53                0 / 53          ops/s
[2024-01-04T11:49:48.497+0800][gc,stats    ]      Memory: Page Cache Miss                                   0 / 0                 0 / 65                0 / 65                0 / 65          ops/s
[2024-01-04T11:49:48.497+0800][gc,stats    ]      Memory: Uncommit                                          0 / 0                 2 / 960               2 / 960               2 / 960         MB/s
[2024-01-04T11:49:48.497+0800][gc,stats    ]      Memory: Undo Object Allocation Failed                     0 / 0                 0 / 3                 0 / 3                 0 / 3           ops/s
[2024-01-04T11:49:48.497+0800][gc,stats    ]      Memory: Undo Object Allocation Succeeded                  0 / 0                 0 / 140               0 / 140               0 / 140         ops/s
[2024-01-04T11:49:48.497+0800][gc,stats    ]      Memory: Undo Page Allocation                              0 / 0                 0 / 9                 0 / 9                 0 / 9           ops/s
[2024-01-04T11:49:48.497+0800][gc,stats    ]       Phase: Concurrent Mark                               0.000 / 0.000       123.525 / 310.445     123.525 / 310.445     123.525 / 310.445     ms
[2024-01-04T11:49:48.497+0800][gc,stats    ]       Phase: Concurrent Mark Continue                      0.000 / 0.000         0.000 / 0.000         0.000 / 0.000         0.000 / 0.000       ms
[2024-01-04T11:49:48.497+0800][gc,stats    ]       Phase: Concurrent Mark Free                          0.000 / 0.000         0.001 / 0.001         0.001 / 0.001         0.001 / 0.001       ms
[2024-01-04T11:49:48.497+0800][gc,stats    ]       Phase: Concurrent Process Non-Strong References      0.000 / 0.000         6.938 / 14.900        6.938 / 14.900        6.938 / 14.900      ms
[2024-01-04T11:49:48.497+0800][gc,stats    ]       Phase: Concurrent Relocate                           0.000 / 0.000        26.797 / 56.995       26.797 / 56.995       26.797 / 56.995      ms
[2024-01-04T11:49:48.497+0800][gc,stats    ]       Phase: Concurrent Reset Relocation Set               0.000 / 0.000         0.021 / 0.066         0.021 / 0.066         0.021 / 0.066       ms
[2024-01-04T11:49:48.497+0800][gc,stats    ]       Phase: Concurrent Select Relocation Set              0.000 / 0.000         8.514 / 19.186        8.514 / 19.186        8.514 / 19.186      ms
[2024-01-04T11:49:48.497+0800][gc,stats    ]       Phase: Pause Mark End                                0.000 / 0.000         0.023 / 0.032         0.023 / 0.032         0.023 / 0.032       ms
[2024-01-04T11:49:48.497+0800][gc,stats    ]       Phase: Pause Mark Start                              0.000 / 0.000         0.020 / 0.064         0.020 / 0.064         0.020 / 0.064       ms
[2024-01-04T11:49:48.497+0800][gc,stats    ]       Phase: Pause Relocate Start                          0.000 / 0.000         0.013 / 0.020         0.013 / 0.020         0.013 / 0.020       ms
[2024-01-04T11:49:48.497+0800][gc,stats    ]    Subphase: Concurrent Classes Purge                      0.000 / 0.000         0.153 / 0.351         0.153 / 0.351         0.153 / 0.351       ms
[2024-01-04T11:49:48.497+0800][gc,stats    ]    Subphase: Concurrent Classes Unlink                     0.000 / 0.000         4.276 / 11.912        4.276 / 11.912        4.276 / 11.912      ms
[2024-01-04T11:49:48.497+0800][gc,stats    ]    Subphase: Concurrent Mark                               0.000 / 0.000       118.603 / 295.705     118.603 / 295.705     118.603 / 295.705     ms
[2024-01-04T11:49:48.497+0800][gc,stats    ]    Subphase: Concurrent Mark Try Flush                     0.000 / 0.000         0.048 / 0.125         0.048 / 0.125         0.048 / 0.125       ms
[2024-01-04T11:49:48.497+0800][gc,stats    ]    Subphase: Concurrent Mark Try Terminate                 0.000 / 0.000         2.779 / 15.520        2.779 / 15.520        2.779 / 15.520      ms
[2024-01-04T11:49:48.497+0800][gc,stats    ]    Subphase: Concurrent References Enqueue                 0.000 / 0.000         0.004 / 0.005         0.004 / 0.005         0.004 / 0.005       ms
[2024-01-04T11:49:48.497+0800][gc,stats    ]    Subphase: Concurrent References Process                 0.000 / 0.000         1.939 / 5.276         1.939 / 5.276         1.939 / 5.276       ms
[2024-01-04T11:49:48.497+0800][gc,stats    ]    Subphase: Concurrent Roots ClassLoaderDataGraph         0.000 / 0.000         0.164 / 2.096         0.164 / 2.096         0.164 / 2.096       ms
[2024-01-04T11:49:48.497+0800][gc,stats    ]    Subphase: Concurrent Roots CodeCache                    0.000 / 0.000         0.000 / 0.000         0.000 / 0.000         0.000 / 0.000       ms
[2024-01-04T11:49:48.497+0800][gc,stats    ]    Subphase: Concurrent Roots JavaThreads                  0.000 / 0.000         3.182 / 14.095        3.182 / 14.095        3.182 / 14.095      ms
[2024-01-04T11:49:48.497+0800][gc,stats    ]    Subphase: Concurrent Roots OopStorageSet                0.000 / 0.000         0.048 / 0.159         0.048 / 0.159         0.048 / 0.159       ms
[2024-01-04T11:49:48.497+0800][gc,stats    ]    Subphase: Concurrent Weak Roots OopStorageSet           0.000 / 0.000         0.459 / 0.631         0.459 / 0.631         0.459 / 0.631       ms
[2024-01-04T11:49:48.497+0800][gc,stats    ]    Subphase: Pause Mark Try Complete                       0.000 / 0.000         0.002 / 0.004         0.002 / 0.004         0.002 / 0.004       ms
[2024-01-04T11:49:48.497+0800][gc,stats    ]      System: Java Threads                                      0 / 0                62 / 79               62 / 79               62 / 79          threads
[2024-01-04T11:49:48.497+0800][gc,stats    ] =========================================================================================================================================================
[2024-01-04T11:49:58.497+0800][gc,stats    ] === Garbage Collection Statistics =======================================================================================================================
[2024-01-04T11:49:58.497+0800][gc,stats    ]                                                              Last 10s              Last 10m              Last 10h                Total
[2024-01-04T11:49:58.497+0800][gc,stats    ]                                                              Avg / Max             Avg / Max             Avg / Max             Avg / Max
[2024-01-04T11:49:58.497+0800][gc,stats    ]   Collector: Garbage Collection Cycle                      0.000 / 0.000       166.879 / 396.896     166.879 / 396.896     166.879 / 396.896     ms
[2024-01-04T11:49:58.497+0800][gc,stats    ]  Contention: Mark Segment Reset Contention                     0 / 0                 0 / 3                 0 / 3                 0 / 3           ops/s
[2024-01-04T11:49:58.497+0800][gc,stats    ]  Contention: Mark SeqNum Reset Contention                      0 / 0                 0 / 2                 0 / 2                 0 / 2           ops/s
[2024-01-04T11:49:58.497+0800][gc,stats    ]    Critical: Allocation Stall                                  0 / 0                 0 / 0                 0 / 0                 0 / 0           ops/s
[2024-01-04T11:49:58.497+0800][gc,stats    ]    Critical: Allocation Stall                              0.000 / 0.000         0.000 / 0.000         0.000 / 0.000         0.000 / 0.000       ms
[2024-01-04T11:49:58.497+0800][gc,stats    ]    Critical: GC Locker Stall                                   0 / 0                 0 / 0                 0 / 0                 0 / 0           ops/s
[2024-01-04T11:49:58.497+0800][gc,stats    ]    Critical: GC Locker Stall                               0.000 / 0.000         0.000 / 0.000         0.000 / 0.000         0.000 / 0.000       ms
[2024-01-04T11:49:58.497+0800][gc,stats    ]    Critical: Relocation Stall                                  0 / 0                 0 / 0                 0 / 0                 0 / 0           ops/s
[2024-01-04T11:49:58.497+0800][gc,stats    ]    Critical: Relocation Stall                              0.000 / 0.000         0.000 / 0.000         0.000 / 0.000         0.000 / 0.000       ms
[2024-01-04T11:49:58.497+0800][gc,stats    ]      Memory: Allocation Rate                                   0 / 2                 5 / 428               5 / 428               5 / 428         MB/s
[2024-01-04T11:49:58.497+0800][gc,stats    ]      Memory: Defragment                                        0 / 0                 0 / 29                0 / 29                0 / 29          ops/s
[2024-01-04T11:49:58.497+0800][gc,stats    ]      Memory: Out Of Memory                                     0 / 0                 0 / 0                 0 / 0                 0 / 0           ops/s
[2024-01-04T11:49:58.497+0800][gc,stats    ]      Memory: Page Cache Flush                                  0 / 0                 0 / 58                0 / 58                0 / 58          MB/s
[2024-01-04T11:49:58.497+0800][gc,stats    ]      Memory: Page Cache Hit L1                                 0 / 1                 1 / 83                1 / 83                1 / 83          ops/s
[2024-01-04T11:49:58.497+0800][gc,stats    ]      Memory: Page Cache Hit L2                                 0 / 0                 0 / 0                 0 / 0                 0 / 0           ops/s
[2024-01-04T11:49:58.497+0800][gc,stats    ]      Memory: Page Cache Hit L3                                 0 / 0                 0 / 53                0 / 53                0 / 53          ops/s
[2024-01-04T11:49:58.497+0800][gc,stats    ]      Memory: Page Cache Miss                                   0 / 0                 0 / 65                0 / 65                0 / 65          ops/s
[2024-01-04T11:49:58.497+0800][gc,stats    ]      Memory: Uncommit                                          0 / 0                 1 / 960               1 / 960               1 / 960         MB/s
[2024-01-04T11:49:58.497+0800][gc,stats    ]      Memory: Undo Object Allocation Failed                     0 / 0                 0 / 3                 0 / 3                 0 / 3           ops/s
[2024-01-04T11:49:58.497+0800][gc,stats    ]      Memory: Undo Object Allocation Succeeded                  0 / 0                 0 / 140               0 / 140               0 / 140         ops/s
[2024-01-04T11:49:58.497+0800][gc,stats    ]      Memory: Undo Page Allocation                              0 / 0                 0 / 9                 0 / 9                 0 / 9           ops/s
[2024-01-04T11:49:58.497+0800][gc,stats    ]       Phase: Concurrent Mark                               0.000 / 0.000       123.525 / 310.445     123.525 / 310.445     123.525 / 310.445     ms
[2024-01-04T11:49:58.497+0800][gc,stats    ]       Phase: Concurrent Mark Continue                      0.000 / 0.000         0.000 / 0.000         0.000 / 0.000         0.000 / 0.000       ms
[2024-01-04T11:49:58.497+0800][gc,stats    ]       Phase: Concurrent Mark Free                          0.000 / 0.000         0.001 / 0.001         0.001 / 0.001         0.001 / 0.001       ms
[2024-01-04T11:49:58.497+0800][gc,stats    ]       Phase: Concurrent Process Non-Strong References      0.000 / 0.000         6.938 / 14.900        6.938 / 14.900        6.938 / 14.900      ms
[2024-01-04T11:49:58.497+0800][gc,stats    ]       Phase: Concurrent Relocate                           0.000 / 0.000        26.797 / 56.995       26.797 / 56.995       26.797 / 56.995      ms
[2024-01-04T11:49:58.497+0800][gc,stats    ]       Phase: Concurrent Reset Relocation Set               0.000 / 0.000         0.021 / 0.066         0.021 / 0.066         0.021 / 0.066       ms
[2024-01-04T11:49:58.497+0800][gc,stats    ]       Phase: Concurrent Select Relocation Set              0.000 / 0.000         8.514 / 19.186        8.514 / 19.186        8.514 / 19.186      ms
[2024-01-04T11:49:58.497+0800][gc,stats    ]       Phase: Pause Mark End                                0.000 / 0.000         0.023 / 0.032         0.023 / 0.032         0.023 / 0.032       ms
[2024-01-04T11:49:58.497+0800][gc,stats    ]       Phase: Pause Mark Start                              0.000 / 0.000         0.020 / 0.064         0.020 / 0.064         0.020 / 0.064       ms
[2024-01-04T11:49:58.497+0800][gc,stats    ]       Phase: Pause Relocate Start                          0.000 / 0.000         0.013 / 0.020         0.013 / 0.020         0.013 / 0.020       ms
[2024-01-04T11:49:58.497+0800][gc,stats    ]    Subphase: Concurrent Classes Purge                      0.000 / 0.000         0.153 / 0.351         0.153 / 0.351         0.153 / 0.351       ms
[2024-01-04T11:49:58.497+0800][gc,stats    ]    Subphase: Concurrent Classes Unlink                     0.000 / 0.000         4.276 / 11.912        4.276 / 11.912        4.276 / 11.912      ms
[2024-01-04T11:49:58.497+0800][gc,stats    ]    Subphase: Concurrent Mark                               0.000 / 0.000       118.603 / 295.705     118.603 / 295.705     118.603 / 295.705     ms
[2024-01-04T11:49:58.497+0800][gc,stats    ]    Subphase: Concurrent Mark Try Flush                     0.000 / 0.000         0.048 / 0.125         0.048 / 0.125         0.048 / 0.125       ms
[2024-01-04T11:49:58.497+0800][gc,stats    ]    Subphase: Concurrent Mark Try Terminate                 0.000 / 0.000         2.779 / 15.520        2.779 / 15.520        2.779 / 15.520      ms
[2024-01-04T11:49:58.497+0800][gc,stats    ]    Subphase: Concurrent References Enqueue                 0.000 / 0.000         0.004 / 0.005         0.004 / 0.005         0.004 / 0.005       ms
[2024-01-04T11:49:58.497+0800][gc,stats    ]    Subphase: Concurrent References Process                 0.000 / 0.000         1.939 / 5.276         1.939 / 5.276         1.939 / 5.276       ms
[2024-01-04T11:49:58.497+0800][gc,stats    ]    Subphase: Concurrent Roots ClassLoaderDataGraph         0.000 / 0.000         0.164 / 2.096         0.164 / 2.096         0.164 / 2.096       ms
[2024-01-04T11:49:58.497+0800][gc,stats    ]    Subphase: Concurrent Roots CodeCache                    0.000 / 0.000         0.000 / 0.000         0.000 / 0.000         0.000 / 0.000       ms
[2024-01-04T11:49:58.497+0800][gc,stats    ]    Subphase: Concurrent Roots JavaThreads                  0.000 / 0.000         3.182 / 14.095        3.182 / 14.095        3.182 / 14.095      ms
[2024-01-04T11:49:58.497+0800][gc,stats    ]    Subphase: Concurrent Roots OopStorageSet                0.000 / 0.000         0.048 / 0.159         0.048 / 0.159         0.048 / 0.159       ms
[2024-01-04T11:49:58.497+0800][gc,stats    ]    Subphase: Concurrent Weak Roots OopStorageSet           0.000 / 0.000         0.459 / 0.631         0.459 / 0.631         0.459 / 0.631       ms
[2024-01-04T11:49:58.497+0800][gc,stats    ]    Subphase: Pause Mark Try Complete                       0.000 / 0.000         0.002 / 0.004         0.002 / 0.004         0.002 / 0.004       ms
[2024-01-04T11:49:58.497+0800][gc,stats    ]      System: Java Threads                                      0 / 0                62 / 79               62 / 79               62 / 79          threads
[2024-01-04T11:49:58.497+0800][gc,stats    ] =========================================================================================================================================================
[2024-01-04T11:50:08.497+0800][gc,stats    ] === Garbage Collection Statistics =======================================================================================================================
[2024-01-04T11:50:08.497+0800][gc,stats    ]                                                              Last 10s              Last 10m              Last 10h                Total
[2024-01-04T11:50:08.497+0800][gc,stats    ]                                                              Avg / Max             Avg / Max             Avg / Max             Avg / Max
[2024-01-04T11:50:08.497+0800][gc,stats    ]   Collector: Garbage Collection Cycle                      0.000 / 0.000       166.879 / 396.896     166.879 / 396.896     166.879 / 396.896     ms
[2024-01-04T11:50:08.497+0800][gc,stats    ]  Contention: Mark Segment Reset Contention                     0 / 0                 0 / 3                 0 / 3                 0 / 3           ops/s
[2024-01-04T11:50:08.497+0800][gc,stats    ]  Contention: Mark SeqNum Reset Contention                      0 / 0                 0 / 2                 0 / 2                 0 / 2           ops/s
[2024-01-04T11:50:08.497+0800][gc,stats    ]    Critical: Allocation Stall                                  0 / 0                 0 / 0                 0 / 0                 0 / 0           ops/s
[2024-01-04T11:50:08.497+0800][gc,stats    ]    Critical: Allocation Stall                              0.000 / 0.000         0.000 / 0.000         0.000 / 0.000         0.000 / 0.000       ms
[2024-01-04T11:50:08.497+0800][gc,stats    ]    Critical: GC Locker Stall                                   0 / 0                 0 / 0                 0 / 0                 0 / 0           ops/s
[2024-01-04T11:50:08.497+0800][gc,stats    ]    Critical: GC Locker Stall                               0.000 / 0.000         0.000 / 0.000         0.000 / 0.000         0.000 / 0.000       ms
[2024-01-04T11:50:08.497+0800][gc,stats    ]    Critical: Relocation Stall                                  0 / 0                 0 / 0                 0 / 0                 0 / 0           ops/s
[2024-01-04T11:50:08.497+0800][gc,stats    ]    Critical: Relocation Stall                              0.000 / 0.000         0.000 / 0.000         0.000 / 0.000         0.000 / 0.000       ms
[2024-01-04T11:50:08.497+0800][gc,stats    ]      Memory: Allocation Rate                                   0 / 2                 5 / 428               5 / 428               5 / 428         MB/s
[2024-01-04T11:50:08.497+0800][gc,stats    ]      Memory: Defragment                                        0 / 0                 0 / 29                0 / 29                0 / 29          ops/s
[2024-01-04T11:50:08.497+0800][gc,stats    ]      Memory: Out Of Memory                                     0 / 0                 0 / 0                 0 / 0                 0 / 0           ops/s
[2024-01-04T11:50:08.497+0800][gc,stats    ]      Memory: Page Cache Flush                                  0 / 0                 0 / 58                0 / 58                0 / 58          MB/s
[2024-01-04T11:50:08.497+0800][gc,stats    ]      Memory: Page Cache Hit L1                                 0 / 1                 1 / 83                1 / 83                1 / 83          ops/s
[2024-01-04T11:50:08.497+0800][gc,stats    ]      Memory: Page Cache Hit L2                                 0 / 0                 0 / 0                 0 / 0                 0 / 0           ops/s
[2024-01-04T11:50:08.497+0800][gc,stats    ]      Memory: Page Cache Hit L3                                 0 / 0                 0 / 53                0 / 53                0 / 53          ops/s
[2024-01-04T11:50:08.497+0800][gc,stats    ]      Memory: Page Cache Miss                                   0 / 0                 0 / 65                0 / 65                0 / 65          ops/s
[2024-01-04T11:50:08.497+0800][gc,stats    ]      Memory: Uncommit                                          0 / 0                 1 / 960               1 / 960               1 / 960         MB/s
[2024-01-04T11:50:08.497+0800][gc,stats    ]      Memory: Undo Object Allocation Failed                     0 / 0                 0 / 3                 0 / 3                 0 / 3           ops/s
[2024-01-04T11:50:08.497+0800][gc,stats    ]      Memory: Undo Object Allocation Succeeded                  0 / 0                 0 / 140               0 / 140               0 / 140         ops/s
[2024-01-04T11:50:08.497+0800][gc,stats    ]      Memory: Undo Page Allocation                              0 / 0                 0 / 9                 0 / 9                 0 / 9           ops/s
[2024-01-04T11:50:08.497+0800][gc,stats    ]       Phase: Concurrent Mark                               0.000 / 0.000       123.525 / 310.445     123.525 / 310.445     123.525 / 310.445     ms
[2024-01-04T11:50:08.497+0800][gc,stats    ]       Phase: Concurrent Mark Continue                      0.000 / 0.000         0.000 / 0.000         0.000 / 0.000         0.000 / 0.000       ms
[2024-01-04T11:50:08.497+0800][gc,stats    ]       Phase: Concurrent Mark Free                          0.000 / 0.000         0.001 / 0.001         0.001 / 0.001         0.001 / 0.001       ms
[2024-01-04T11:50:08.497+0800][gc,stats    ]       Phase: Concurrent Process Non-Strong References      0.000 / 0.000         6.938 / 14.900        6.938 / 14.900        6.938 / 14.900      ms
[2024-01-04T11:50:08.497+0800][gc,stats    ]       Phase: Concurrent Relocate                           0.000 / 0.000        26.797 / 56.995       26.797 / 56.995       26.797 / 56.995      ms
[2024-01-04T11:50:08.497+0800][gc,stats    ]       Phase: Concurrent Reset Relocation Set               0.000 / 0.000         0.021 / 0.066         0.021 / 0.066         0.021 / 0.066       ms
[2024-01-04T11:50:08.497+0800][gc,stats    ]       Phase: Concurrent Select Relocation Set              0.000 / 0.000         8.514 / 19.186        8.514 / 19.186        8.514 / 19.186      ms
[2024-01-04T11:50:08.497+0800][gc,stats    ]       Phase: Pause Mark End                                0.000 / 0.000         0.023 / 0.032         0.023 / 0.032         0.023 / 0.032       ms
[2024-01-04T11:50:08.497+0800][gc,stats    ]       Phase: Pause Mark Start                              0.000 / 0.000         0.020 / 0.064         0.020 / 0.064         0.020 / 0.064       ms
[2024-01-04T11:50:08.497+0800][gc,stats    ]       Phase: Pause Relocate Start                          0.000 / 0.000         0.013 / 0.020         0.013 / 0.020         0.013 / 0.020       ms
[2024-01-04T11:50:08.497+0800][gc,stats    ]    Subphase: Concurrent Classes Purge                      0.000 / 0.000         0.153 / 0.351         0.153 / 0.351         0.153 / 0.351       ms
[2024-01-04T11:50:08.497+0800][gc,stats    ]    Subphase: Concurrent Classes Unlink                     0.000 / 0.000         4.276 / 11.912        4.276 / 11.912        4.276 / 11.912      ms
[2024-01-04T11:50:08.497+0800][gc,stats    ]    Subphase: Concurrent Mark                               0.000 / 0.000       118.603 / 295.705     118.603 / 295.705     118.603 / 295.705     ms
[2024-01-04T11:50:08.497+0800][gc,stats    ]    Subphase: Concurrent Mark Try Flush                     0.000 / 0.000         0.048 / 0.125         0.048 / 0.125         0.048 / 0.125       ms
[2024-01-04T11:50:08.497+0800][gc,stats    ]    Subphase: Concurrent Mark Try Terminate                 0.000 / 0.000         2.779 / 15.520        2.779 / 15.520        2.779 / 15.520      ms
[2024-01-04T11:50:08.497+0800][gc,stats    ]    Subphase: Concurrent References Enqueue                 0.000 / 0.000         0.004 / 0.005         0.004 / 0.005         0.004 / 0.005       ms
[2024-01-04T11:50:08.497+0800][gc,stats    ]    Subphase: Concurrent References Process                 0.000 / 0.000         1.939 / 5.276         1.939 / 5.276         1.939 / 5.276       ms
[2024-01-04T11:50:08.497+0800][gc,stats    ]    Subphase: Concurrent Roots ClassLoaderDataGraph         0.000 / 0.000         0.164 / 2.096         0.164 / 2.096         0.164 / 2.096       ms
[2024-01-04T11:50:08.497+0800][gc,stats    ]    Subphase: Concurrent Roots CodeCache                    0.000 / 0.000         0.000 / 0.000         0.000 / 0.000         0.000 / 0.000       ms
[2024-01-04T11:50:08.497+0800][gc,stats    ]    Subphase: Concurrent Roots JavaThreads                  0.000 / 0.000         3.182 / 14.095        3.182 / 14.095        3.182 / 14.095      ms
[2024-01-04T11:50:08.497+0800][gc,stats    ]    Subphase: Concurrent Roots OopStorageSet                0.000 / 0.000         0.048 / 0.159         0.048 / 0.159         0.048 / 0.159       ms
[2024-01-04T11:50:08.497+0800][gc,stats    ]    Subphase: Concurrent Weak Roots OopStorageSet           0.000 / 0.000         0.459 / 0.631         0.459 / 0.631         0.459 / 0.631       ms
[2024-01-04T11:50:08.497+0800][gc,stats    ]    Subphase: Pause Mark Try Complete                       0.000 / 0.000         0.002 / 0.004         0.002 / 0.004         0.002 / 0.004       ms
[2024-01-04T11:50:08.497+0800][gc,stats    ]      System: Java Threads                                      0 / 0                62 / 79               62 / 79               62 / 79          threads
[2024-01-04T11:50:08.497+0800][gc,stats    ] =========================================================================================================================================================
[2024-01-04T11:50:18.497+0800][gc,stats    ] === Garbage Collection Statistics =======================================================================================================================
[2024-01-04T11:50:18.497+0800][gc,stats    ]                                                              Last 10s              Last 10m              Last 10h                Total
[2024-01-04T11:50:18.497+0800][gc,stats    ]                                                              Avg / Max             Avg / Max             Avg / Max             Avg / Max
[2024-01-04T11:50:18.497+0800][gc,stats    ]   Collector: Garbage Collection Cycle                      0.000 / 0.000       166.879 / 396.896     166.879 / 396.896     166.879 / 396.896     ms
[2024-01-04T11:50:18.497+0800][gc,stats    ]  Contention: Mark Segment Reset Contention                     0 / 0                 0 / 3                 0 / 3                 0 / 3           ops/s
[2024-01-04T11:50:18.497+0800][gc,stats    ]  Contention: Mark SeqNum Reset Contention                      0 / 0                 0 / 2                 0 / 2                 0 / 2           ops/s
[2024-01-04T11:50:18.497+0800][gc,stats    ]    Critical: Allocation Stall                                  0 / 0                 0 / 0                 0 / 0                 0 / 0           ops/s
[2024-01-04T11:50:18.497+0800][gc,stats    ]    Critical: Allocation Stall                              0.000 / 0.000         0.000 / 0.000         0.000 / 0.000         0.000 / 0.000       ms
[2024-01-04T11:50:18.497+0800][gc,stats    ]    Critical: GC Locker Stall                                   0 / 0                 0 / 0                 0 / 0                 0 / 0           ops/s
[2024-01-04T11:50:18.497+0800][gc,stats    ]    Critical: GC Locker Stall                               0.000 / 0.000         0.000 / 0.000         0.000 / 0.000         0.000 / 0.000       ms
[2024-01-04T11:50:18.497+0800][gc,stats    ]    Critical: Relocation Stall                                  0 / 0                 0 / 0                 0 / 0                 0 / 0           ops/s
[2024-01-04T11:50:18.497+0800][gc,stats    ]    Critical: Relocation Stall                              0.000 / 0.000         0.000 / 0.000         0.000 / 0.000         0.000 / 0.000       ms
[2024-01-04T11:50:18.497+0800][gc,stats    ]      Memory: Allocation Rate                                   0 / 0                 5 / 428               5 / 428               5 / 428         MB/s
[2024-01-04T11:50:18.497+0800][gc,stats    ]      Memory: Defragment                                        0 / 0                 0 / 29                0 / 29                0 / 29          ops/s
[2024-01-04T11:50:18.497+0800][gc,stats    ]      Memory: Out Of Memory                                     0 / 0                 0 / 0                 0 / 0                 0 / 0           ops/s
[2024-01-04T11:50:18.497+0800][gc,stats    ]      Memory: Page Cache Flush                                  0 / 0                 0 / 58                0 / 58                0 / 58          MB/s
[2024-01-04T11:50:18.497+0800][gc,stats    ]      Memory: Page Cache Hit L1                                 0 / 0                 1 / 83                1 / 83                1 / 83          ops/s
[2024-01-04T11:50:18.497+0800][gc,stats    ]      Memory: Page Cache Hit L2                                 0 / 0                 0 / 0                 0 / 0                 0 / 0           ops/s
[2024-01-04T11:50:18.497+0800][gc,stats    ]      Memory: Page Cache Hit L3                                 0 / 0                 0 / 53                0 / 53                0 / 53          ops/s
[2024-01-04T11:50:18.497+0800][gc,stats    ]      Memory: Page Cache Miss                                   0 / 0                 0 / 65                0 / 65                0 / 65          ops/s
[2024-01-04T11:50:18.497+0800][gc,stats    ]      Memory: Uncommit                                          0 / 0                 1 / 960               1 / 960               1 / 960         MB/s
[2024-01-04T11:50:18.497+0800][gc,stats    ]      Memory: Undo Object Allocation Failed                     0 / 0                 0 / 3                 0 / 3                 0 / 3           ops/s
[2024-01-04T11:50:18.497+0800][gc,stats    ]      Memory: Undo Object Allocation Succeeded                  0 / 0                 0 / 140               0 / 140               0 / 140         ops/s
[2024-01-04T11:50:18.497+0800][gc,stats    ]      Memory: Undo Page Allocation                              0 / 0                 0 / 9                 0 / 9                 0 / 9           ops/s
[2024-01-04T11:50:18.497+0800][gc,stats    ]       Phase: Concurrent Mark                               0.000 / 0.000       123.525 / 310.445     123.525 / 310.445     123.525 / 310.445     ms
[2024-01-04T11:50:18.497+0800][gc,stats    ]       Phase: Concurrent Mark Continue                      0.000 / 0.000         0.000 / 0.000         0.000 / 0.000         0.000 / 0.000       ms
[2024-01-04T11:50:18.497+0800][gc,stats    ]       Phase: Concurrent Mark Free                          0.000 / 0.000         0.001 / 0.001         0.001 / 0.001         0.001 / 0.001       ms
[2024-01-04T11:50:18.497+0800][gc,stats    ]       Phase: Concurrent Process Non-Strong References      0.000 / 0.000         6.938 / 14.900        6.938 / 14.900        6.938 / 14.900      ms
[2024-01-04T11:50:18.497+0800][gc,stats    ]       Phase: Concurrent Relocate                           0.000 / 0.000        26.797 / 56.995       26.797 / 56.995       26.797 / 56.995      ms
[2024-01-04T11:50:18.497+0800][gc,stats    ]       Phase: Concurrent Reset Relocation Set               0.000 / 0.000         0.021 / 0.066         0.021 / 0.066         0.021 / 0.066       ms
[2024-01-04T11:50:18.497+0800][gc,stats    ]       Phase: Concurrent Select Relocation Set              0.000 / 0.000         8.514 / 19.186        8.514 / 19.186        8.514 / 19.186      ms
[2024-01-04T11:50:18.497+0800][gc,stats    ]       Phase: Pause Mark End                                0.000 / 0.000         0.023 / 0.032         0.023 / 0.032         0.023 / 0.032       ms
[2024-01-04T11:50:18.497+0800][gc,stats    ]       Phase: Pause Mark Start                              0.000 / 0.000         0.020 / 0.064         0.020 / 0.064         0.020 / 0.064       ms
[2024-01-04T11:50:18.497+0800][gc,stats    ]       Phase: Pause Relocate Start                          0.000 / 0.000         0.013 / 0.020         0.013 / 0.020         0.013 / 0.020       ms
[2024-01-04T11:50:18.497+0800][gc,stats    ]    Subphase: Concurrent Classes Purge                      0.000 / 0.000         0.153 / 0.351         0.153 / 0.351         0.153 / 0.351       ms
[2024-01-04T11:50:18.497+0800][gc,stats    ]    Subphase: Concurrent Classes Unlink                     0.000 / 0.000         4.276 / 11.912        4.276 / 11.912        4.276 / 11.912      ms
[2024-01-04T11:50:18.497+0800][gc,stats    ]    Subphase: Concurrent Mark                               0.000 / 0.000       118.603 / 295.705     118.603 / 295.705     118.603 / 295.705     ms
[2024-01-04T11:50:18.497+0800][gc,stats    ]    Subphase: Concurrent Mark Try Flush                     0.000 / 0.000         0.048 / 0.125         0.048 / 0.125         0.048 / 0.125       ms
[2024-01-04T11:50:18.497+0800][gc,stats    ]    Subphase: Concurrent Mark Try Terminate                 0.000 / 0.000         2.779 / 15.520        2.779 / 15.520        2.779 / 15.520      ms
[2024-01-04T11:50:18.497+0800][gc,stats    ]    Subphase: Concurrent References Enqueue                 0.000 / 0.000         0.004 / 0.005         0.004 / 0.005         0.004 / 0.005       ms
[2024-01-04T11:50:18.497+0800][gc,stats    ]    Subphase: Concurrent References Process                 0.000 / 0.000         1.939 / 5.276         1.939 / 5.276         1.939 / 5.276       ms
[2024-01-04T11:50:18.497+0800][gc,stats    ]    Subphase: Concurrent Roots ClassLoaderDataGraph         0.000 / 0.000         0.164 / 2.096         0.164 / 2.096         0.164 / 2.096       ms
[2024-01-04T11:50:18.497+0800][gc,stats    ]    Subphase: Concurrent Roots CodeCache                    0.000 / 0.000         0.000 / 0.000         0.000 / 0.000         0.000 / 0.000       ms
[2024-01-04T11:50:18.497+0800][gc,stats    ]    Subphase: Concurrent Roots JavaThreads                  0.000 / 0.000         3.182 / 14.095        3.182 / 14.095        3.182 / 14.095      ms
[2024-01-04T11:50:18.497+0800][gc,stats    ]    Subphase: Concurrent Roots OopStorageSet                0.000 / 0.000         0.048 / 0.159         0.048 / 0.159         0.048 / 0.159       ms
[2024-01-04T11:50:18.497+0800][gc,stats    ]    Subphase: Concurrent Weak Roots OopStorageSet           0.000 / 0.000         0.459 / 0.631         0.459 / 0.631         0.459 / 0.631       ms
[2024-01-04T11:50:18.497+0800][gc,stats    ]    Subphase: Pause Mark Try Complete                       0.000 / 0.000         0.002 / 0.004         0.002 / 0.004         0.002 / 0.004       ms
[2024-01-04T11:50:18.497+0800][gc,stats    ]      System: Java Threads                                      0 / 0                62 / 79               62 / 79               62 / 79          threads
[2024-01-04T11:50:18.497+0800][gc,stats    ] =========================================================================================================================================================
[2024-01-04T11:50:28.497+0800][gc,stats    ] === Garbage Collection Statistics =======================================================================================================================
[2024-01-04T11:50:28.497+0800][gc,stats    ]                                                              Last 10s              Last 10m              Last 10h                Total
[2024-01-04T11:50:28.497+0800][gc,stats    ]                                                              Avg / Max             Avg / Max             Avg / Max             Avg / Max
[2024-01-04T11:50:28.497+0800][gc,stats    ]   Collector: Garbage Collection Cycle                      0.000 / 0.000       166.879 / 396.896     166.879 / 396.896     166.879 / 396.896     ms
[2024-01-04T11:50:28.497+0800][gc,stats    ]  Contention: Mark Segment Reset Contention                     0 / 0                 0 / 3                 0 / 3                 0 / 3           ops/s
[2024-01-04T11:50:28.497+0800][gc,stats    ]  Contention: Mark SeqNum Reset Contention                      0 / 0                 0 / 2                 0 / 2                 0 / 2           ops/s
[2024-01-04T11:50:28.497+0800][gc,stats    ]    Critical: Allocation Stall                                  0 / 0                 0 / 0                 0 / 0                 0 / 0           ops/s
[2024-01-04T11:50:28.497+0800][gc,stats    ]    Critical: Allocation Stall                              0.000 / 0.000         0.000 / 0.000         0.000 / 0.000         0.000 / 0.000       ms
[2024-01-04T11:50:28.497+0800][gc,stats    ]    Critical: GC Locker Stall                                   0 / 0                 0 / 0                 0 / 0                 0 / 0           ops/s
[2024-01-04T11:50:28.497+0800][gc,stats    ]    Critical: GC Locker Stall                               0.000 / 0.000         0.000 / 0.000         0.000 / 0.000         0.000 / 0.000       ms
[2024-01-04T11:50:28.497+0800][gc,stats    ]    Critical: Relocation Stall                                  0 / 0                 0 / 0                 0 / 0                 0 / 0           ops/s
[2024-01-04T11:50:28.497+0800][gc,stats    ]    Critical: Relocation Stall                              0.000 / 0.000         0.000 / 0.000         0.000 / 0.000         0.000 / 0.000       ms
[2024-01-04T11:50:28.497+0800][gc,stats    ]      Memory: Allocation Rate                                   0 / 0                 5 / 428               5 / 428               5 / 428         MB/s
[2024-01-04T11:50:28.497+0800][gc,stats    ]      Memory: Defragment                                        0 / 0                 0 / 29                0 / 29                0 / 29          ops/s
[2024-01-04T11:50:28.497+0800][gc,stats    ]      Memory: Out Of Memory                                     0 / 0                 0 / 0                 0 / 0                 0 / 0           ops/s
[2024-01-04T11:50:28.497+0800][gc,stats    ]      Memory: Page Cache Flush                                  0 / 0                 0 / 58                0 / 58                0 / 58          MB/s
[2024-01-04T11:50:28.497+0800][gc,stats    ]      Memory: Page Cache Hit L1                                 0 / 0                 1 / 83                1 / 83                1 / 83          ops/s
[2024-01-04T11:50:28.497+0800][gc,stats    ]      Memory: Page Cache Hit L2                                 0 / 0                 0 / 0                 0 / 0                 0 / 0           ops/s
[2024-01-04T11:50:28.497+0800][gc,stats    ]      Memory: Page Cache Hit L3                                 0 / 0                 0 / 53                0 / 53                0 / 53          ops/s
[2024-01-04T11:50:28.497+0800][gc,stats    ]      Memory: Page Cache Miss                                   0 / 0                 0 / 65                0 / 65                0 / 65          ops/s
[2024-01-04T11:50:28.497+0800][gc,stats    ]      Memory: Uncommit                                          0 / 0                 1 / 960               1 / 960               1 / 960         MB/s
[2024-01-04T11:50:28.497+0800][gc,stats    ]      Memory: Undo Object Allocation Failed                     0 / 0                 0 / 3                 0 / 3                 0 / 3           ops/s
[2024-01-04T11:50:28.497+0800][gc,stats    ]      Memory: Undo Object Allocation Succeeded                  0 / 0                 0 / 140               0 / 140               0 / 140         ops/s
[2024-01-04T11:50:28.497+0800][gc,stats    ]      Memory: Undo Page Allocation                              0 / 0                 0 / 9                 0 / 9                 0 / 9           ops/s
[2024-01-04T11:50:28.497+0800][gc,stats    ]       Phase: Concurrent Mark                               0.000 / 0.000       123.525 / 310.445     123.525 / 310.445     123.525 / 310.445     ms
[2024-01-04T11:50:28.497+0800][gc,stats    ]       Phase: Concurrent Mark Continue                      0.000 / 0.000         0.000 / 0.000         0.000 / 0.000         0.000 / 0.000       ms
[2024-01-04T11:50:28.497+0800][gc,stats    ]       Phase: Concurrent Mark Free                          0.000 / 0.000         0.001 / 0.001         0.001 / 0.001         0.001 / 0.001       ms
[2024-01-04T11:50:28.497+0800][gc,stats    ]       Phase: Concurrent Process Non-Strong References      0.000 / 0.000         6.938 / 14.900        6.938 / 14.900        6.938 / 14.900      ms
[2024-01-04T11:50:28.497+0800][gc,stats    ]       Phase: Concurrent Relocate                           0.000 / 0.000        26.797 / 56.995       26.797 / 56.995       26.797 / 56.995      ms
[2024-01-04T11:50:28.497+0800][gc,stats    ]       Phase: Concurrent Reset Relocation Set               0.000 / 0.000         0.021 / 0.066         0.021 / 0.066         0.021 / 0.066       ms
[2024-01-04T11:50:28.497+0800][gc,stats    ]       Phase: Concurrent Select Relocation Set              0.000 / 0.000         8.514 / 19.186        8.514 / 19.186        8.514 / 19.186      ms
[2024-01-04T11:50:28.497+0800][gc,stats    ]       Phase: Pause Mark End                                0.000 / 0.000         0.023 / 0.032         0.023 / 0.032         0.023 / 0.032       ms
[2024-01-04T11:50:28.497+0800][gc,stats    ]       Phase: Pause Mark Start                              0.000 / 0.000         0.020 / 0.064         0.020 / 0.064         0.020 / 0.064       ms
[2024-01-04T11:50:28.497+0800][gc,stats    ]       Phase: Pause Relocate Start                          0.000 / 0.000         0.013 / 0.020         0.013 / 0.020         0.013 / 0.020       ms
[2024-01-04T11:50:28.497+0800][gc,stats    ]    Subphase: Concurrent Classes Purge                      0.000 / 0.000         0.153 / 0.351         0.153 / 0.351         0.153 / 0.351       ms
[2024-01-04T11:50:28.497+0800][gc,stats    ]    Subphase: Concurrent Classes Unlink                     0.000 / 0.000         4.276 / 11.912        4.276 / 11.912        4.276 / 11.912      ms
[2024-01-04T11:50:28.497+0800][gc,stats    ]    Subphase: Concurrent Mark                               0.000 / 0.000       118.603 / 295.705     118.603 / 295.705     118.603 / 295.705     ms
[2024-01-04T11:50:28.497+0800][gc,stats    ]    Subphase: Concurrent Mark Try Flush                     0.000 / 0.000         0.048 / 0.125         0.048 / 0.125         0.048 / 0.125       ms
[2024-01-04T11:50:28.497+0800][gc,stats    ]    Subphase: Concurrent Mark Try Terminate                 0.000 / 0.000         2.779 / 15.520        2.779 / 15.520        2.779 / 15.520      ms
[2024-01-04T11:50:28.497+0800][gc,stats    ]    Subphase: Concurrent References Enqueue                 0.000 / 0.000         0.004 / 0.005         0.004 / 0.005         0.004 / 0.005       ms
[2024-01-04T11:50:28.497+0800][gc,stats    ]    Subphase: Concurrent References Process                 0.000 / 0.000         1.939 / 5.276         1.939 / 5.276         1.939 / 5.276       ms
[2024-01-04T11:50:28.497+0800][gc,stats    ]    Subphase: Concurrent Roots ClassLoaderDataGraph         0.000 / 0.000         0.164 / 2.096         0.164 / 2.096         0.164 / 2.096       ms
[2024-01-04T11:50:28.497+0800][gc,stats    ]    Subphase: Concurrent Roots CodeCache                    0.000 / 0.000         0.000 / 0.000         0.000 / 0.000         0.000 / 0.000       ms
[2024-01-04T11:50:28.497+0800][gc,stats    ]    Subphase: Concurrent Roots JavaThreads                  0.000 / 0.000         3.182 / 14.095        3.182 / 14.095        3.182 / 14.095      ms
[2024-01-04T11:50:28.497+0800][gc,stats    ]    Subphase: Concurrent Roots OopStorageSet                0.000 / 0.000         0.048 / 0.159         0.048 / 0.159         0.048 / 0.159       ms
[2024-01-04T11:50:28.497+0800][gc,stats    ]    Subphase: Concurrent Weak Roots OopStorageSet           0.000 / 0.000         0.459 / 0.631         0.459 / 0.631         0.459 / 0.631       ms
[2024-01-04T11:50:28.497+0800][gc,stats    ]    Subphase: Pause Mark Try Complete                       0.000 / 0.000         0.002 / 0.004         0.002 / 0.004         0.002 / 0.004       ms
[2024-01-04T11:50:28.497+0800][gc,stats    ]      System: Java Threads                                      0 / 0                62 / 79               62 / 79               62 / 79          threads
[2024-01-04T11:50:28.497+0800][gc,stats    ] =========================================================================================================================================================
[2024-01-04T11:50:38.496+0800][gc,stats    ] === Garbage Collection Statistics =======================================================================================================================
[2024-01-04T11:50:38.496+0800][gc,stats    ]                                                              Last 10s              Last 10m              Last 10h                Total
[2024-01-04T11:50:38.496+0800][gc,stats    ]                                                              Avg / Max             Avg / Max             Avg / Max             Avg / Max
[2024-01-04T11:50:38.496+0800][gc,stats    ]   Collector: Garbage Collection Cycle                      0.000 / 0.000       166.879 / 396.896     166.879 / 396.896     166.879 / 396.896     ms
[2024-01-04T11:50:38.496+0800][gc,stats    ]  Contention: Mark Segment Reset Contention                     0 / 0                 0 / 3                 0 / 3                 0 / 3           ops/s
[2024-01-04T11:50:38.496+0800][gc,stats    ]  Contention: Mark SeqNum Reset Contention                      0 / 0                 0 / 2                 0 / 2                 0 / 2           ops/s
[2024-01-04T11:50:38.496+0800][gc,stats    ]    Critical: Allocation Stall                                  0 / 0                 0 / 0                 0 / 0                 0 / 0           ops/s
[2024-01-04T11:50:38.496+0800][gc,stats    ]    Critical: Allocation Stall                              0.000 / 0.000         0.000 / 0.000         0.000 / 0.000         0.000 / 0.000       ms
[2024-01-04T11:50:38.496+0800][gc,stats    ]    Critical: GC Locker Stall                                   0 / 0                 0 / 0                 0 / 0                 0 / 0           ops/s
[2024-01-04T11:50:38.496+0800][gc,stats    ]    Critical: GC Locker Stall                               0.000 / 0.000         0.000 / 0.000         0.000 / 0.000         0.000 / 0.000       ms
[2024-01-04T11:50:38.496+0800][gc,stats    ]    Critical: Relocation Stall                                  0 / 0                 0 / 0                 0 / 0                 0 / 0           ops/s
[2024-01-04T11:50:38.496+0800][gc,stats    ]    Critical: Relocation Stall                              0.000 / 0.000         0.000 / 0.000         0.000 / 0.000         0.000 / 0.000       ms
[2024-01-04T11:50:38.496+0800][gc,stats    ]      Memory: Allocation Rate                                   0 / 2                 5 / 428               5 / 428               5 / 428         MB/s
[2024-01-04T11:50:38.496+0800][gc,stats    ]      Memory: Defragment                                        0 / 0                 0 / 29                0 / 29                0 / 29          ops/s
[2024-01-04T11:50:38.496+0800][gc,stats    ]      Memory: Out Of Memory                                     0 / 0                 0 / 0                 0 / 0                 0 / 0           ops/s
[2024-01-04T11:50:38.496+0800][gc,stats    ]      Memory: Page Cache Flush                                  0 / 0                 0 / 58                0 / 58                0 / 58          MB/s
[2024-01-04T11:50:38.496+0800][gc,stats    ]      Memory: Page Cache Hit L1                                 0 / 1                 1 / 83                1 / 83                1 / 83          ops/s
[2024-01-04T11:50:38.496+0800][gc,stats    ]      Memory: Page Cache Hit L2                                 0 / 0                 0 / 0                 0 / 0                 0 / 0           ops/s
[2024-01-04T11:50:38.496+0800][gc,stats    ]      Memory: Page Cache Hit L3                                 0 / 0                 0 / 53                0 / 53                0 / 53          ops/s
[2024-01-04T11:50:38.496+0800][gc,stats    ]      Memory: Page Cache Miss                                   0 / 0                 0 / 65                0 / 65                0 / 65          ops/s
[2024-01-04T11:50:38.496+0800][gc,stats    ]      Memory: Uncommit                                          0 / 0                 1 / 960               1 / 960               1 / 960         MB/s
[2024-01-04T11:50:38.496+0800][gc,stats    ]      Memory: Undo Object Allocation Failed                     0 / 0                 0 / 3                 0 / 3                 0 / 3           ops/s
[2024-01-04T11:50:38.496+0800][gc,stats    ]      Memory: Undo Object Allocation Succeeded                  0 / 0                 0 / 140               0 / 140               0 / 140         ops/s
[2024-01-04T11:50:38.496+0800][gc,stats    ]      Memory: Undo Page Allocation                              0 / 0                 0 / 9                 0 / 9                 0 / 9           ops/s
[2024-01-04T11:50:38.496+0800][gc,stats    ]       Phase: Concurrent Mark                               0.000 / 0.000       123.525 / 310.445     123.525 / 310.445     123.525 / 310.445     ms
[2024-01-04T11:50:38.496+0800][gc,stats    ]       Phase: Concurrent Mark Continue                      0.000 / 0.000         0.000 / 0.000         0.000 / 0.000         0.000 / 0.000       ms
[2024-01-04T11:50:38.496+0800][gc,stats    ]       Phase: Concurrent Mark Free                          0.000 / 0.000         0.001 / 0.001         0.001 / 0.001         0.001 / 0.001       ms
[2024-01-04T11:50:38.496+0800][gc,stats    ]       Phase: Concurrent Process Non-Strong References      0.000 / 0.000         6.938 / 14.900        6.938 / 14.900        6.938 / 14.900      ms
[2024-01-04T11:50:38.496+0800][gc,stats    ]       Phase: Concurrent Relocate                           0.000 / 0.000        26.797 / 56.995       26.797 / 56.995       26.797 / 56.995      ms
[2024-01-04T11:50:38.496+0800][gc,stats    ]       Phase: Concurrent Reset Relocation Set               0.000 / 0.000         0.021 / 0.066         0.021 / 0.066         0.021 / 0.066       ms
[2024-01-04T11:50:38.496+0800][gc,stats    ]       Phase: Concurrent Select Relocation Set              0.000 / 0.000         8.514 / 19.186        8.514 / 19.186        8.514 / 19.186      ms
[2024-01-04T11:50:38.496+0800][gc,stats    ]       Phase: Pause Mark End                                0.000 / 0.000         0.023 / 0.032         0.023 / 0.032         0.023 / 0.032       ms
[2024-01-04T11:50:38.496+0800][gc,stats    ]       Phase: Pause Mark Start                              0.000 / 0.000         0.020 / 0.064         0.020 / 0.064         0.020 / 0.064       ms
[2024-01-04T11:50:38.496+0800][gc,stats    ]       Phase: Pause Relocate Start                          0.000 / 0.000         0.013 / 0.020         0.013 / 0.020         0.013 / 0.020       ms
[2024-01-04T11:50:38.496+0800][gc,stats    ]    Subphase: Concurrent Classes Purge                      0.000 / 0.000         0.153 / 0.351         0.153 / 0.351         0.153 / 0.351       ms
[2024-01-04T11:50:38.496+0800][gc,stats    ]    Subphase: Concurrent Classes Unlink                     0.000 / 0.000         4.276 / 11.912        4.276 / 11.912        4.276 / 11.912      ms
[2024-01-04T11:50:38.496+0800][gc,stats    ]    Subphase: Concurrent Mark                               0.000 / 0.000       118.603 / 295.705     118.603 / 295.705     118.603 / 295.705     ms
[2024-01-04T11:50:38.496+0800][gc,stats    ]    Subphase: Concurrent Mark Try Flush                     0.000 / 0.000         0.048 / 0.125         0.048 / 0.125         0.048 / 0.125       ms
[2024-01-04T11:50:38.496+0800][gc,stats    ]    Subphase: Concurrent Mark Try Terminate                 0.000 / 0.000         2.779 / 15.520        2.779 / 15.520        2.779 / 15.520      ms
[2024-01-04T11:50:38.496+0800][gc,stats    ]    Subphase: Concurrent References Enqueue                 0.000 / 0.000         0.004 / 0.005         0.004 / 0.005         0.004 / 0.005       ms
[2024-01-04T11:50:38.496+0800][gc,stats    ]    Subphase: Concurrent References Process                 0.000 / 0.000         1.939 / 5.276         1.939 / 5.276         1.939 / 5.276       ms
[2024-01-04T11:50:38.496+0800][gc,stats    ]    Subphase: Concurrent Roots ClassLoaderDataGraph         0.000 / 0.000         0.164 / 2.096         0.164 / 2.096         0.164 / 2.096       ms
[2024-01-04T11:50:38.496+0800][gc,stats    ]    Subphase: Concurrent Roots CodeCache                    0.000 / 0.000         0.000 / 0.000         0.000 / 0.000         0.000 / 0.000       ms
[2024-01-04T11:50:38.496+0800][gc,stats    ]    Subphase: Concurrent Roots JavaThreads                  0.000 / 0.000         3.182 / 14.095        3.182 / 14.095        3.182 / 14.095      ms
[2024-01-04T11:50:38.496+0800][gc,stats    ]    Subphase: Concurrent Roots OopStorageSet                0.000 / 0.000         0.048 / 0.159         0.048 / 0.159         0.048 / 0.159       ms
[2024-01-04T11:50:38.496+0800][gc,stats    ]    Subphase: Concurrent Weak Roots OopStorageSet           0.000 / 0.000         0.459 / 0.631         0.459 / 0.631         0.459 / 0.631       ms
[2024-01-04T11:50:38.496+0800][gc,stats    ]    Subphase: Pause Mark Try Complete                       0.000 / 0.000         0.002 / 0.004         0.002 / 0.004         0.002 / 0.004       ms
[2024-01-04T11:50:38.496+0800][gc,stats    ]      System: Java Threads                                      0 / 0                62 / 79               62 / 79               62 / 79          threads
[2024-01-04T11:50:38.496+0800][gc,stats    ] =========================================================================================================================================================
[2024-01-04T11:50:48.497+0800][gc,stats    ] === Garbage Collection Statistics =======================================================================================================================
[2024-01-04T11:50:48.497+0800][gc,stats    ]                                                              Last 10s              Last 10m              Last 10h                Total
[2024-01-04T11:50:48.497+0800][gc,stats    ]                                                              Avg / Max             Avg / Max             Avg / Max             Avg / Max
[2024-01-04T11:50:48.497+0800][gc,stats    ]   Collector: Garbage Collection Cycle                      0.000 / 0.000       166.879 / 396.896     166.879 / 396.896     166.879 / 396.896     ms
[2024-01-04T11:50:48.497+0800][gc,stats    ]  Contention: Mark Segment Reset Contention                     0 / 0                 0 / 3                 0 / 3                 0 / 3           ops/s
[2024-01-04T11:50:48.497+0800][gc,stats    ]  Contention: Mark SeqNum Reset Contention                      0 / 0                 0 / 2                 0 / 2                 0 / 2           ops/s
[2024-01-04T11:50:48.497+0800][gc,stats    ]    Critical: Allocation Stall                                  0 / 0                 0 / 0                 0 / 0                 0 / 0           ops/s
[2024-01-04T11:50:48.497+0800][gc,stats    ]    Critical: Allocation Stall                              0.000 / 0.000         0.000 / 0.000         0.000 / 0.000         0.000 / 0.000       ms
[2024-01-04T11:50:48.497+0800][gc,stats    ]    Critical: GC Locker Stall                                   0 / 0                 0 / 0                 0 / 0                 0 / 0           ops/s
[2024-01-04T11:50:48.497+0800][gc,stats    ]    Critical: GC Locker Stall                               0.000 / 0.000         0.000 / 0.000         0.000 / 0.000         0.000 / 0.000       ms
[2024-01-04T11:50:48.497+0800][gc,stats    ]    Critical: Relocation Stall                                  0 / 0                 0 / 0                 0 / 0                 0 / 0           ops/s
[2024-01-04T11:50:48.497+0800][gc,stats    ]    Critical: Relocation Stall                              0.000 / 0.000         0.000 / 0.000         0.000 / 0.000         0.000 / 0.000       ms
[2024-01-04T11:50:48.497+0800][gc,stats    ]      Memory: Allocation Rate                                   0 / 0                 5 / 428               5 / 428               5 / 428         MB/s
[2024-01-04T11:50:48.497+0800][gc,stats    ]      Memory: Defragment                                        0 / 0                 0 / 29                0 / 29                0 / 29          ops/s
[2024-01-04T11:50:48.497+0800][gc,stats    ]      Memory: Out Of Memory                                     0 / 0                 0 / 0                 0 / 0                 0 / 0           ops/s
[2024-01-04T11:50:48.497+0800][gc,stats    ]      Memory: Page Cache Flush                                  0 / 0                 0 / 58                0 / 58                0 / 58          MB/s
[2024-01-04T11:50:48.497+0800][gc,stats    ]      Memory: Page Cache Hit L1                                 0 / 0                 1 / 83                1 / 83                1 / 83          ops/s
[2024-01-04T11:50:48.497+0800][gc,stats    ]      Memory: Page Cache Hit L2                                 0 / 0                 0 / 0                 0 / 0                 0 / 0           ops/s
[2024-01-04T11:50:48.497+0800][gc,stats    ]      Memory: Page Cache Hit L3                                 0 / 0                 0 / 53                0 / 53                0 / 53          ops/s
[2024-01-04T11:50:48.497+0800][gc,stats    ]      Memory: Page Cache Miss                                   0 / 0                 0 / 65                0 / 65                0 / 65          ops/s
[2024-01-04T11:50:48.497+0800][gc,stats    ]      Memory: Uncommit                                          0 / 0                 1 / 960               1 / 960               1 / 960         MB/s
[2024-01-04T11:50:48.497+0800][gc,stats    ]      Memory: Undo Object Allocation Failed                     0 / 0                 0 / 3                 0 / 3                 0 / 3           ops/s
[2024-01-04T11:50:48.497+0800][gc,stats    ]      Memory: Undo Object Allocation Succeeded                  0 / 0                 0 / 140               0 / 140               0 / 140         ops/s
[2024-01-04T11:50:48.497+0800][gc,stats    ]      Memory: Undo Page Allocation                              0 / 0                 0 / 9                 0 / 9                 0 / 9           ops/s
[2024-01-04T11:50:48.497+0800][gc,stats    ]       Phase: Concurrent Mark                               0.000 / 0.000       123.525 / 310.445     123.525 / 310.445     123.525 / 310.445     ms
[2024-01-04T11:50:48.497+0800][gc,stats    ]       Phase: Concurrent Mark Continue                      0.000 / 0.000         0.000 / 0.000         0.000 / 0.000         0.000 / 0.000       ms
[2024-01-04T11:50:48.497+0800][gc,stats    ]       Phase: Concurrent Mark Free                          0.000 / 0.000         0.001 / 0.001         0.001 / 0.001         0.001 / 0.001       ms
[2024-01-04T11:50:48.497+0800][gc,stats    ]       Phase: Concurrent Process Non-Strong References      0.000 / 0.000         6.938 / 14.900        6.938 / 14.900        6.938 / 14.900      ms
[2024-01-04T11:50:48.497+0800][gc,stats    ]       Phase: Concurrent Relocate                           0.000 / 0.000        26.797 / 56.995       26.797 / 56.995       26.797 / 56.995      ms
[2024-01-04T11:50:48.497+0800][gc,stats    ]       Phase: Concurrent Reset Relocation Set               0.000 / 0.000         0.021 / 0.066         0.021 / 0.066         0.021 / 0.066       ms
[2024-01-04T11:50:48.497+0800][gc,stats    ]       Phase: Concurrent Select Relocation Set              0.000 / 0.000         8.514 / 19.186        8.514 / 19.186        8.514 / 19.186      ms
[2024-01-04T11:50:48.497+0800][gc,stats    ]       Phase: Pause Mark End                                0.000 / 0.000         0.023 / 0.032         0.023 / 0.032         0.023 / 0.032       ms
[2024-01-04T11:50:48.497+0800][gc,stats    ]       Phase: Pause Mark Start                              0.000 / 0.000         0.020 / 0.064         0.020 / 0.064         0.020 / 0.064       ms
[2024-01-04T11:50:48.497+0800][gc,stats    ]       Phase: Pause Relocate Start                          0.000 / 0.000         0.013 / 0.020         0.013 / 0.020         0.013 / 0.020       ms
[2024-01-04T11:50:48.497+0800][gc,stats    ]    Subphase: Concurrent Classes Purge                      0.000 / 0.000         0.153 / 0.351         0.153 / 0.351         0.153 / 0.351       ms
[2024-01-04T11:50:48.497+0800][gc,stats    ]    Subphase: Concurrent Classes Unlink                     0.000 / 0.000         4.276 / 11.912        4.276 / 11.912        4.276 / 11.912      ms
[2024-01-04T11:50:48.497+0800][gc,stats    ]    Subphase: Concurrent Mark                               0.000 / 0.000       118.603 / 295.705     118.603 / 295.705     118.603 / 295.705     ms
[2024-01-04T11:50:48.497+0800][gc,stats    ]    Subphase: Concurrent Mark Try Flush                     0.000 / 0.000         0.048 / 0.125         0.048 / 0.125         0.048 / 0.125       ms
[2024-01-04T11:50:48.497+0800][gc,stats    ]    Subphase: Concurrent Mark Try Terminate                 0.000 / 0.000         2.779 / 15.520        2.779 / 15.520        2.779 / 15.520      ms
[2024-01-04T11:50:48.497+0800][gc,stats    ]    Subphase: Concurrent References Enqueue                 0.000 / 0.000         0.004 / 0.005         0.004 / 0.005         0.004 / 0.005       ms
[2024-01-04T11:50:48.497+0800][gc,stats    ]    Subphase: Concurrent References Process                 0.000 / 0.000         1.939 / 5.276         1.939 / 5.276         1.939 / 5.276       ms
[2024-01-04T11:50:48.497+0800][gc,stats    ]    Subphase: Concurrent Roots ClassLoaderDataGraph         0.000 / 0.000         0.164 / 2.096         0.164 / 2.096         0.164 / 2.096       ms
[2024-01-04T11:50:48.497+0800][gc,stats    ]    Subphase: Concurrent Roots CodeCache                    0.000 / 0.000         0.000 / 0.000         0.000 / 0.000         0.000 / 0.000       ms
[2024-01-04T11:50:48.497+0800][gc,stats    ]    Subphase: Concurrent Roots JavaThreads                  0.000 / 0.000         3.182 / 14.095        3.182 / 14.095        3.182 / 14.095      ms
[2024-01-04T11:50:48.497+0800][gc,stats    ]    Subphase: Concurrent Roots OopStorageSet                0.000 / 0.000         0.048 / 0.159         0.048 / 0.159         0.048 / 0.159       ms
[2024-01-04T11:50:48.497+0800][gc,stats    ]    Subphase: Concurrent Weak Roots OopStorageSet           0.000 / 0.000         0.459 / 0.631         0.459 / 0.631         0.459 / 0.631       ms
[2024-01-04T11:50:48.497+0800][gc,stats    ]    Subphase: Pause Mark Try Complete                       0.000 / 0.000         0.002 / 0.004         0.002 / 0.004         0.002 / 0.004       ms
[2024-01-04T11:50:48.497+0800][gc,stats    ]      System: Java Threads                                      0 / 0                62 / 79               62 / 79               62 / 79          threads
[2024-01-04T11:50:48.497+0800][gc,stats    ] =========================================================================================================================================================
[2024-01-04T11:50:58.497+0800][gc,stats    ] === Garbage Collection Statistics =======================================================================================================================
[2024-01-04T11:50:58.497+0800][gc,stats    ]                                                              Last 10s              Last 10m              Last 10h                Total
[2024-01-04T11:50:58.497+0800][gc,stats    ]                                                              Avg / Max             Avg / Max             Avg / Max             Avg / Max
[2024-01-04T11:50:58.497+0800][gc,stats    ]   Collector: Garbage Collection Cycle                      0.000 / 0.000       166.879 / 396.896     166.879 / 396.896     166.879 / 396.896     ms
[2024-01-04T11:50:58.497+0800][gc,stats    ]  Contention: Mark Segment Reset Contention                     0 / 0                 0 / 3                 0 / 3                 0 / 3           ops/s
[2024-01-04T11:50:58.497+0800][gc,stats    ]  Contention: Mark SeqNum Reset Contention                      0 / 0                 0 / 2                 0 / 2                 0 / 2           ops/s
[2024-01-04T11:50:58.497+0800][gc,stats    ]    Critical: Allocation Stall                                  0 / 0                 0 / 0                 0 / 0                 0 / 0           ops/s
[2024-01-04T11:50:58.497+0800][gc,stats    ]    Critical: Allocation Stall                              0.000 / 0.000         0.000 / 0.000         0.000 / 0.000         0.000 / 0.000       ms
[2024-01-04T11:50:58.497+0800][gc,stats    ]    Critical: GC Locker Stall                                   0 / 0                 0 / 0                 0 / 0                 0 / 0           ops/s
[2024-01-04T11:50:58.497+0800][gc,stats    ]    Critical: GC Locker Stall                               0.000 / 0.000         0.000 / 0.000         0.000 / 0.000         0.000 / 0.000       ms
[2024-01-04T11:50:58.497+0800][gc,stats    ]    Critical: Relocation Stall                                  0 / 0                 0 / 0                 0 / 0                 0 / 0           ops/s
[2024-01-04T11:50:58.497+0800][gc,stats    ]    Critical: Relocation Stall                              0.000 / 0.000         0.000 / 0.000         0.000 / 0.000         0.000 / 0.000       ms
[2024-01-04T11:50:58.497+0800][gc,stats    ]      Memory: Allocation Rate                                   0 / 0                 5 / 428               5 / 428               5 / 428         MB/s
[2024-01-04T11:50:58.497+0800][gc,stats    ]      Memory: Defragment                                        0 / 0                 0 / 29                0 / 29                0 / 29          ops/s
[2024-01-04T11:50:58.497+0800][gc,stats    ]      Memory: Out Of Memory                                     0 / 0                 0 / 0                 0 / 0                 0 / 0           ops/s
[2024-01-04T11:50:58.497+0800][gc,stats    ]      Memory: Page Cache Flush                                  0 / 0                 0 / 58                0 / 58                0 / 58          MB/s
[2024-01-04T11:50:58.497+0800][gc,stats    ]      Memory: Page Cache Hit L1                                 0 / 0                 1 / 83                1 / 83                1 / 83          ops/s
[2024-01-04T11:50:58.497+0800][gc,stats    ]      Memory: Page Cache Hit L2                                 0 / 0                 0 / 0                 0 / 0                 0 / 0           ops/s
[2024-01-04T11:50:58.497+0800][gc,stats    ]      Memory: Page Cache Hit L3                                 0 / 0                 0 / 53                0 / 53                0 / 53          ops/s
[2024-01-04T11:50:58.497+0800][gc,stats    ]      Memory: Page Cache Miss                                   0 / 0                 0 / 65                0 / 65                0 / 65          ops/s
[2024-01-04T11:50:58.497+0800][gc,stats    ]      Memory: Uncommit                                          0 / 0                 1 / 960               1 / 960               1 / 960         MB/s
[2024-01-04T11:50:58.497+0800][gc,stats    ]      Memory: Undo Object Allocation Failed                     0 / 0                 0 / 3                 0 / 3                 0 / 3           ops/s
[2024-01-04T11:50:58.497+0800][gc,stats    ]      Memory: Undo Object Allocation Succeeded                  0 / 0                 0 / 140               0 / 140               0 / 140         ops/s
[2024-01-04T11:50:58.497+0800][gc,stats    ]      Memory: Undo Page Allocation                              0 / 0                 0 / 9                 0 / 9                 0 / 9           ops/s
[2024-01-04T11:50:58.497+0800][gc,stats    ]       Phase: Concurrent Mark                               0.000 / 0.000       123.525 / 310.445     123.525 / 310.445     123.525 / 310.445     ms
[2024-01-04T11:50:58.497+0800][gc,stats    ]       Phase: Concurrent Mark Continue                      0.000 / 0.000         0.000 / 0.000         0.000 / 0.000         0.000 / 0.000       ms
[2024-01-04T11:50:58.497+0800][gc,stats    ]       Phase: Concurrent Mark Free                          0.000 / 0.000         0.001 / 0.001         0.001 / 0.001         0.001 / 0.001       ms
[2024-01-04T11:50:58.497+0800][gc,stats    ]       Phase: Concurrent Process Non-Strong References      0.000 / 0.000         6.938 / 14.900        6.938 / 14.900        6.938 / 14.900      ms
[2024-01-04T11:50:58.497+0800][gc,stats    ]       Phase: Concurrent Relocate                           0.000 / 0.000        26.797 / 56.995       26.797 / 56.995       26.797 / 56.995      ms
[2024-01-04T11:50:58.497+0800][gc,stats    ]       Phase: Concurrent Reset Relocation Set               0.000 / 0.000         0.021 / 0.066         0.021 / 0.066         0.021 / 0.066       ms
[2024-01-04T11:50:58.497+0800][gc,stats    ]       Phase: Concurrent Select Relocation Set              0.000 / 0.000         8.514 / 19.186        8.514 / 19.186        8.514 / 19.186      ms
[2024-01-04T11:50:58.497+0800][gc,stats    ]       Phase: Pause Mark End                                0.000 / 0.000         0.023 / 0.032         0.023 / 0.032         0.023 / 0.032       ms
[2024-01-04T11:50:58.497+0800][gc,stats    ]       Phase: Pause Mark Start                              0.000 / 0.000         0.020 / 0.064         0.020 / 0.064         0.020 / 0.064       ms
[2024-01-04T11:50:58.497+0800][gc,stats    ]       Phase: Pause Relocate Start                          0.000 / 0.000         0.013 / 0.020         0.013 / 0.020         0.013 / 0.020       ms
[2024-01-04T11:50:58.497+0800][gc,stats    ]    Subphase: Concurrent Classes Purge                      0.000 / 0.000         0.153 / 0.351         0.153 / 0.351         0.153 / 0.351       ms
[2024-01-04T11:50:58.497+0800][gc,stats    ]    Subphase: Concurrent Classes Unlink                     0.000 / 0.000         4.276 / 11.912        4.276 / 11.912        4.276 / 11.912      ms
[2024-01-04T11:50:58.497+0800][gc,stats    ]    Subphase: Concurrent Mark                               0.000 / 0.000       118.603 / 295.705     118.603 / 295.705     118.603 / 295.705     ms
[2024-01-04T11:50:58.497+0800][gc,stats    ]    Subphase: Concurrent Mark Try Flush                     0.000 / 0.000         0.048 / 0.125         0.048 / 0.125         0.048 / 0.125       ms
[2024-01-04T11:50:58.497+0800][gc,stats    ]    Subphase: Concurrent Mark Try Terminate                 0.000 / 0.000         2.779 / 15.520        2.779 / 15.520        2.779 / 15.520      ms
[2024-01-04T11:50:58.497+0800][gc,stats    ]    Subphase: Concurrent References Enqueue                 0.000 / 0.000         0.004 / 0.005         0.004 / 0.005         0.004 / 0.005       ms
[2024-01-04T11:50:58.497+0800][gc,stats    ]    Subphase: Concurrent References Process                 0.000 / 0.000         1.939 / 5.276         1.939 / 5.276         1.939 / 5.276       ms
[2024-01-04T11:50:58.497+0800][gc,stats    ]    Subphase: Concurrent Roots ClassLoaderDataGraph         0.000 / 0.000         0.164 / 2.096         0.164 / 2.096         0.164 / 2.096       ms
[2024-01-04T11:50:58.497+0800][gc,stats    ]    Subphase: Concurrent Roots CodeCache                    0.000 / 0.000         0.000 / 0.000         0.000 / 0.000         0.000 / 0.000       ms
[2024-01-04T11:50:58.497+0800][gc,stats    ]    Subphase: Concurrent Roots JavaThreads                  0.000 / 0.000         3.182 / 14.095        3.182 / 14.095        3.182 / 14.095      ms
[2024-01-04T11:50:58.497+0800][gc,stats    ]    Subphase: Concurrent Roots OopStorageSet                0.000 / 0.000         0.048 / 0.159         0.048 / 0.159         0.048 / 0.159       ms
[2024-01-04T11:50:58.497+0800][gc,stats    ]    Subphase: Concurrent Weak Roots OopStorageSet           0.000 / 0.000         0.459 / 0.631         0.459 / 0.631         0.459 / 0.631       ms
[2024-01-04T11:50:58.497+0800][gc,stats    ]    Subphase: Pause Mark Try Complete                       0.000 / 0.000         0.002 / 0.004         0.002 / 0.004         0.002 / 0.004       ms
[2024-01-04T11:50:58.497+0800][gc,stats    ]      System: Java Threads                                      0 / 0                62 / 79               62 / 79               62 / 79          threads
[2024-01-04T11:50:58.497+0800][gc,stats    ] =========================================================================================================================================================
[2024-01-04T11:51:08.496+0800][gc,stats    ] === Garbage Collection Statistics =======================================================================================================================
[2024-01-04T11:51:08.496+0800][gc,stats    ]                                                              Last 10s              Last 10m              Last 10h                Total
[2024-01-04T11:51:08.496+0800][gc,stats    ]                                                              Avg / Max             Avg / Max             Avg / Max             Avg / Max
[2024-01-04T11:51:08.496+0800][gc,stats    ]   Collector: Garbage Collection Cycle                      0.000 / 0.000       166.879 / 396.896     166.879 / 396.896     166.879 / 396.896     ms
[2024-01-04T11:51:08.496+0800][gc,stats    ]  Contention: Mark Segment Reset Contention                     0 / 0                 0 / 3                 0 / 3                 0 / 3           ops/s
[2024-01-04T11:51:08.496+0800][gc,stats    ]  Contention: Mark SeqNum Reset Contention                      0 / 0                 0 / 2                 0 / 2                 0 / 2           ops/s
[2024-01-04T11:51:08.496+0800][gc,stats    ]    Critical: Allocation Stall                                  0 / 0                 0 / 0                 0 / 0                 0 / 0           ops/s
[2024-01-04T11:51:08.496+0800][gc,stats    ]    Critical: Allocation Stall                              0.000 / 0.000         0.000 / 0.000         0.000 / 0.000         0.000 / 0.000       ms
[2024-01-04T11:51:08.496+0800][gc,stats    ]    Critical: GC Locker Stall                                   0 / 0                 0 / 0                 0 / 0                 0 / 0           ops/s
[2024-01-04T11:51:08.496+0800][gc,stats    ]    Critical: GC Locker Stall                               0.000 / 0.000         0.000 / 0.000         0.000 / 0.000         0.000 / 0.000       ms
[2024-01-04T11:51:08.496+0800][gc,stats    ]    Critical: Relocation Stall                                  0 / 0                 0 / 0                 0 / 0                 0 / 0           ops/s
[2024-01-04T11:51:08.496+0800][gc,stats    ]    Critical: Relocation Stall                              0.000 / 0.000         0.000 / 0.000         0.000 / 0.000         0.000 / 0.000       ms
[2024-01-04T11:51:08.496+0800][gc,stats    ]      Memory: Allocation Rate                                   0 / 2                 5 / 428               5 / 428               5 / 428         MB/s
[2024-01-04T11:51:08.496+0800][gc,stats    ]      Memory: Defragment                                        0 / 0                 0 / 29                0 / 29                0 / 29          ops/s
[2024-01-04T11:51:08.496+0800][gc,stats    ]      Memory: Out Of Memory                                     0 / 0                 0 / 0                 0 / 0                 0 / 0           ops/s
[2024-01-04T11:51:08.496+0800][gc,stats    ]      Memory: Page Cache Flush                                  0 / 0                 0 / 58                0 / 58                0 / 58          MB/s
[2024-01-04T11:51:08.496+0800][gc,stats    ]      Memory: Page Cache Hit L1                                 0 / 1                 1 / 83                1 / 83                1 / 83          ops/s
[2024-01-04T11:51:08.496+0800][gc,stats    ]      Memory: Page Cache Hit L2                                 0 / 0                 0 / 0                 0 / 0                 0 / 0           ops/s
[2024-01-04T11:51:08.496+0800][gc,stats    ]      Memory: Page Cache Hit L3                                 0 / 0                 0 / 53                0 / 53                0 / 53          ops/s
[2024-01-04T11:51:08.496+0800][gc,stats    ]      Memory: Page Cache Miss                                   0 / 0                 0 / 65                0 / 65                0 / 65          ops/s
[2024-01-04T11:51:08.496+0800][gc,stats    ]      Memory: Uncommit                                          0 / 0                 1 / 960               1 / 960               1 / 960         MB/s
[2024-01-04T11:51:08.496+0800][gc,stats    ]      Memory: Undo Object Allocation Failed                     0 / 0                 0 / 3                 0 / 3                 0 / 3           ops/s
[2024-01-04T11:51:08.496+0800][gc,stats    ]      Memory: Undo Object Allocation Succeeded                  0 / 0                 0 / 140               0 / 140               0 / 140         ops/s
[2024-01-04T11:51:08.496+0800][gc,stats    ]      Memory: Undo Page Allocation                              0 / 0                 0 / 9                 0 / 9                 0 / 9           ops/s
[2024-01-04T11:51:08.496+0800][gc,stats    ]       Phase: Concurrent Mark                               0.000 / 0.000       123.525 / 310.445     123.525 / 310.445     123.525 / 310.445     ms
[2024-01-04T11:51:08.496+0800][gc,stats    ]       Phase: Concurrent Mark Continue                      0.000 / 0.000         0.000 / 0.000         0.000 / 0.000         0.000 / 0.000       ms
[2024-01-04T11:51:08.496+0800][gc,stats    ]       Phase: Concurrent Mark Free                          0.000 / 0.000         0.001 / 0.001         0.001 / 0.001         0.001 / 0.001       ms
[2024-01-04T11:51:08.496+0800][gc,stats    ]       Phase: Concurrent Process Non-Strong References      0.000 / 0.000         6.938 / 14.900        6.938 / 14.900        6.938 / 14.900      ms
[2024-01-04T11:51:08.496+0800][gc,stats    ]       Phase: Concurrent Relocate                           0.000 / 0.000        26.797 / 56.995       26.797 / 56.995       26.797 / 56.995      ms
[2024-01-04T11:51:08.496+0800][gc,stats    ]       Phase: Concurrent Reset Relocation Set               0.000 / 0.000         0.021 / 0.066         0.021 / 0.066         0.021 / 0.066       ms
[2024-01-04T11:51:08.496+0800][gc,stats    ]       Phase: Concurrent Select Relocation Set              0.000 / 0.000         8.514 / 19.186        8.514 / 19.186        8.514 / 19.186      ms
[2024-01-04T11:51:08.496+0800][gc,stats    ]       Phase: Pause Mark End                                0.000 / 0.000         0.023 / 0.032         0.023 / 0.032         0.023 / 0.032       ms
[2024-01-04T11:51:08.496+0800][gc,stats    ]       Phase: Pause Mark Start                              0.000 / 0.000         0.020 / 0.064         0.020 / 0.064         0.020 / 0.064       ms
[2024-01-04T11:51:08.496+0800][gc,stats    ]       Phase: Pause Relocate Start                          0.000 / 0.000         0.013 / 0.020         0.013 / 0.020         0.013 / 0.020       ms
[2024-01-04T11:51:08.496+0800][gc,stats    ]    Subphase: Concurrent Classes Purge                      0.000 / 0.000         0.153 / 0.351         0.153 / 0.351         0.153 / 0.351       ms
[2024-01-04T11:51:08.496+0800][gc,stats    ]    Subphase: Concurrent Classes Unlink                     0.000 / 0.000         4.276 / 11.912        4.276 / 11.912        4.276 / 11.912      ms
[2024-01-04T11:51:08.496+0800][gc,stats    ]    Subphase: Concurrent Mark                               0.000 / 0.000       118.603 / 295.705     118.603 / 295.705     118.603 / 295.705     ms
[2024-01-04T11:51:08.496+0800][gc,stats    ]    Subphase: Concurrent Mark Try Flush                     0.000 / 0.000         0.048 / 0.125         0.048 / 0.125         0.048 / 0.125       ms
[2024-01-04T11:51:08.496+0800][gc,stats    ]    Subphase: Concurrent Mark Try Terminate                 0.000 / 0.000         2.779 / 15.520        2.779 / 15.520        2.779 / 15.520      ms
[2024-01-04T11:51:08.496+0800][gc,stats    ]    Subphase: Concurrent References Enqueue                 0.000 / 0.000         0.004 / 0.005         0.004 / 0.005         0.004 / 0.005       ms
[2024-01-04T11:51:08.496+0800][gc,stats    ]    Subphase: Concurrent References Process                 0.000 / 0.000         1.939 / 5.276         1.939 / 5.276         1.939 / 5.276       ms
[2024-01-04T11:51:08.496+0800][gc,stats    ]    Subphase: Concurrent Roots ClassLoaderDataGraph         0.000 / 0.000         0.164 / 2.096         0.164 / 2.096         0.164 / 2.096       ms
[2024-01-04T11:51:08.496+0800][gc,stats    ]    Subphase: Concurrent Roots CodeCache                    0.000 / 0.000         0.000 / 0.000         0.000 / 0.000         0.000 / 0.000       ms
[2024-01-04T11:51:08.496+0800][gc,stats    ]    Subphase: Concurrent Roots JavaThreads                  0.000 / 0.000         3.182 / 14.095        3.182 / 14.095        3.182 / 14.095      ms
[2024-01-04T11:51:08.496+0800][gc,stats    ]    Subphase: Concurrent Roots OopStorageSet                0.000 / 0.000         0.048 / 0.159         0.048 / 0.159         0.048 / 0.159       ms
[2024-01-04T11:51:08.496+0800][gc,stats    ]    Subphase: Concurrent Weak Roots OopStorageSet           0.000 / 0.000         0.459 / 0.631         0.459 / 0.631         0.459 / 0.631       ms
[2024-01-04T11:51:08.496+0800][gc,stats    ]    Subphase: Pause Mark Try Complete                       0.000 / 0.000         0.002 / 0.004         0.002 / 0.004         0.002 / 0.004       ms
[2024-01-04T11:51:08.496+0800][gc,stats    ]      System: Java Threads                                      0 / 0                62 / 79               62 / 79               62 / 79          threads
[2024-01-04T11:51:08.496+0800][gc,stats    ] =========================================================================================================================================================
[2024-01-04T11:51:18.500+0800][gc,stats    ] === Garbage Collection Statistics =======================================================================================================================
[2024-01-04T11:51:18.500+0800][gc,stats    ]                                                              Last 10s              Last 10m              Last 10h                Total
[2024-01-04T11:51:18.500+0800][gc,stats    ]                                                              Avg / Max             Avg / Max             Avg / Max             Avg / Max
[2024-01-04T11:51:18.500+0800][gc,stats    ]   Collector: Garbage Collection Cycle                      0.000 / 0.000       166.879 / 396.896     166.879 / 396.896     166.879 / 396.896     ms
[2024-01-04T11:51:18.500+0800][gc,stats    ]  Contention: Mark Segment Reset Contention                     0 / 0                 0 / 3                 0 / 3                 0 / 3           ops/s
[2024-01-04T11:51:18.500+0800][gc,stats    ]  Contention: Mark SeqNum Reset Contention                      0 / 0                 0 / 2                 0 / 2                 0 / 2           ops/s
[2024-01-04T11:51:18.500+0800][gc,stats    ]    Critical: Allocation Stall                                  0 / 0                 0 / 0                 0 / 0                 0 / 0           ops/s
[2024-01-04T11:51:18.500+0800][gc,stats    ]    Critical: Allocation Stall                              0.000 / 0.000         0.000 / 0.000         0.000 / 0.000         0.000 / 0.000       ms
[2024-01-04T11:51:18.500+0800][gc,stats    ]    Critical: GC Locker Stall                                   0 / 0                 0 / 0                 0 / 0                 0 / 0           ops/s
[2024-01-04T11:51:18.500+0800][gc,stats    ]    Critical: GC Locker Stall                               0.000 / 0.000         0.000 / 0.000         0.000 / 0.000         0.000 / 0.000       ms
[2024-01-04T11:51:18.500+0800][gc,stats    ]    Critical: Relocation Stall                                  0 / 0                 0 / 0                 0 / 0                 0 / 0           ops/s
[2024-01-04T11:51:18.500+0800][gc,stats    ]    Critical: Relocation Stall                              0.000 / 0.000         0.000 / 0.000         0.000 / 0.000         0.000 / 0.000       ms
[2024-01-04T11:51:18.500+0800][gc,stats    ]      Memory: Allocation Rate                                   0 / 0                 4 / 428               4 / 428               4 / 428         MB/s
[2024-01-04T11:51:18.500+0800][gc,stats    ]      Memory: Defragment                                        0 / 0                 0 / 29                0 / 29                0 / 29          ops/s
[2024-01-04T11:51:18.500+0800][gc,stats    ]      Memory: Out Of Memory                                     0 / 0                 0 / 0                 0 / 0                 0 / 0           ops/s
[2024-01-04T11:51:18.500+0800][gc,stats    ]      Memory: Page Cache Flush                                  0 / 0                 0 / 58                0 / 58                0 / 58          MB/s
[2024-01-04T11:51:18.500+0800][gc,stats    ]      Memory: Page Cache Hit L1                                 0 / 0                 1 / 83                1 / 83                1 / 83          ops/s
[2024-01-04T11:51:18.500+0800][gc,stats    ]      Memory: Page Cache Hit L2                                 0 / 0                 0 / 0                 0 / 0                 0 / 0           ops/s
[2024-01-04T11:51:18.500+0800][gc,stats    ]      Memory: Page Cache Hit L3                                 0 / 0                 0 / 53                0 / 53                0 / 53          ops/s
[2024-01-04T11:51:18.500+0800][gc,stats    ]      Memory: Page Cache Miss                                   0 / 0                 0 / 65                0 / 65                0 / 65          ops/s
[2024-01-04T11:51:18.500+0800][gc,stats    ]      Memory: Uncommit                                          0 / 0                 1 / 960               1 / 960               1 / 960         MB/s
[2024-01-04T11:51:18.500+0800][gc,stats    ]      Memory: Undo Object Allocation Failed                     0 / 0                 0 / 3                 0 / 3                 0 / 3           ops/s
[2024-01-04T11:51:18.500+0800][gc,stats    ]      Memory: Undo Object Allocation Succeeded                  0 / 0                 0 / 140               0 / 140               0 / 140         ops/s
[2024-01-04T11:51:18.500+0800][gc,stats    ]      Memory: Undo Page Allocation                              0 / 0                 0 / 9                 0 / 9                 0 / 9           ops/s
[2024-01-04T11:51:18.500+0800][gc,stats    ]       Phase: Concurrent Mark                               0.000 / 0.000       123.525 / 310.445     123.525 / 310.445     123.525 / 310.445     ms
[2024-01-04T11:51:18.500+0800][gc,stats    ]       Phase: Concurrent Mark Continue                      0.000 / 0.000         0.000 / 0.000         0.000 / 0.000         0.000 / 0.000       ms
[2024-01-04T11:51:18.500+0800][gc,stats    ]       Phase: Concurrent Mark Free                          0.000 / 0.000         0.001 / 0.001         0.001 / 0.001         0.001 / 0.001       ms
[2024-01-04T11:51:18.500+0800][gc,stats    ]       Phase: Concurrent Process Non-Strong References      0.000 / 0.000         6.938 / 14.900        6.938 / 14.900        6.938 / 14.900      ms
[2024-01-04T11:51:18.500+0800][gc,stats    ]       Phase: Concurrent Relocate                           0.000 / 0.000        26.797 / 56.995       26.797 / 56.995       26.797 / 56.995      ms
[2024-01-04T11:51:18.500+0800][gc,stats    ]       Phase: Concurrent Reset Relocation Set               0.000 / 0.000         0.021 / 0.066         0.021 / 0.066         0.021 / 0.066       ms
[2024-01-04T11:51:18.500+0800][gc,stats    ]       Phase: Concurrent Select Relocation Set              0.000 / 0.000         8.514 / 19.186        8.514 / 19.186        8.514 / 19.186      ms
[2024-01-04T11:51:18.500+0800][gc,stats    ]       Phase: Pause Mark End                                0.000 / 0.000         0.023 / 0.032         0.023 / 0.032         0.023 / 0.032       ms
[2024-01-04T11:51:18.500+0800][gc,stats    ]       Phase: Pause Mark Start                              0.000 / 0.000         0.020 / 0.064         0.020 / 0.064         0.020 / 0.064       ms
[2024-01-04T11:51:18.500+0800][gc,stats    ]       Phase: Pause Relocate Start                          0.000 / 0.000         0.013 / 0.020         0.013 / 0.020         0.013 / 0.020       ms
[2024-01-04T11:51:18.500+0800][gc,stats    ]    Subphase: Concurrent Classes Purge                      0.000 / 0.000         0.153 / 0.351         0.153 / 0.351         0.153 / 0.351       ms
[2024-01-04T11:51:18.500+0800][gc,stats    ]    Subphase: Concurrent Classes Unlink                     0.000 / 0.000         4.276 / 11.912        4.276 / 11.912        4.276 / 11.912      ms
[2024-01-04T11:51:18.500+0800][gc,stats    ]    Subphase: Concurrent Mark                               0.000 / 0.000       118.603 / 295.705     118.603 / 295.705     118.603 / 295.705     ms
[2024-01-04T11:51:18.500+0800][gc,stats    ]    Subphase: Concurrent Mark Try Flush                     0.000 / 0.000         0.048 / 0.125         0.048 / 0.125         0.048 / 0.125       ms
[2024-01-04T11:51:18.500+0800][gc,stats    ]    Subphase: Concurrent Mark Try Terminate                 0.000 / 0.000         2.779 / 15.520        2.779 / 15.520        2.779 / 15.520      ms
[2024-01-04T11:51:18.500+0800][gc,stats    ]    Subphase: Concurrent References Enqueue                 0.000 / 0.000         0.004 / 0.005         0.004 / 0.005         0.004 / 0.005       ms
[2024-01-04T11:51:18.500+0800][gc,stats    ]    Subphase: Concurrent References Process                 0.000 / 0.000         1.939 / 5.276         1.939 / 5.276         1.939 / 5.276       ms
[2024-01-04T11:51:18.500+0800][gc,stats    ]    Subphase: Concurrent Roots ClassLoaderDataGraph         0.000 / 0.000         0.164 / 2.096         0.164 / 2.096         0.164 / 2.096       ms
[2024-01-04T11:51:18.500+0800][gc,stats    ]    Subphase: Concurrent Roots CodeCache                    0.000 / 0.000         0.000 / 0.000         0.000 / 0.000         0.000 / 0.000       ms
[2024-01-04T11:51:18.500+0800][gc,stats    ]    Subphase: Concurrent Roots JavaThreads                  0.000 / 0.000         3.182 / 14.095        3.182 / 14.095        3.182 / 14.095      ms
[2024-01-04T11:51:18.500+0800][gc,stats    ]    Subphase: Concurrent Roots OopStorageSet                0.000 / 0.000         0.048 / 0.159         0.048 / 0.159         0.048 / 0.159       ms
[2024-01-04T11:51:18.500+0800][gc,stats    ]    Subphase: Concurrent Weak Roots OopStorageSet           0.000 / 0.000         0.459 / 0.631         0.459 / 0.631         0.459 / 0.631       ms
[2024-01-04T11:51:18.500+0800][gc,stats    ]    Subphase: Pause Mark Try Complete                       0.000 / 0.000         0.002 / 0.004         0.002 / 0.004         0.002 / 0.004       ms
[2024-01-04T11:51:18.500+0800][gc,stats    ]      System: Java Threads                                      0 / 0                62 / 79               62 / 79               62 / 79          threads
[2024-01-04T11:51:18.500+0800][gc,stats    ] =========================================================================================================================================================
[2024-01-04T11:51:28.514+0800][gc,stats    ] === Garbage Collection Statistics =======================================================================================================================
[2024-01-04T11:51:28.514+0800][gc,stats    ]                                                              Last 10s              Last 10m              Last 10h                Total
[2024-01-04T11:51:28.514+0800][gc,stats    ]                                                              Avg / Max             Avg / Max             Avg / Max             Avg / Max
[2024-01-04T11:51:28.514+0800][gc,stats    ]   Collector: Garbage Collection Cycle                      0.000 / 0.000       166.879 / 396.896     166.879 / 396.896     166.879 / 396.896     ms
[2024-01-04T11:51:28.514+0800][gc,stats    ]  Contention: Mark Segment Reset Contention                     0 / 0                 0 / 3                 0 / 3                 0 / 3           ops/s
[2024-01-04T11:51:28.514+0800][gc,stats    ]  Contention: Mark SeqNum Reset Contention                      0 / 0                 0 / 2                 0 / 2                 0 / 2           ops/s
[2024-01-04T11:51:28.514+0800][gc,stats    ]    Critical: Allocation Stall                                  0 / 0                 0 / 0                 0 / 0                 0 / 0           ops/s
[2024-01-04T11:51:28.514+0800][gc,stats    ]    Critical: Allocation Stall                              0.000 / 0.000         0.000 / 0.000         0.000 / 0.000         0.000 / 0.000       ms
[2024-01-04T11:51:28.514+0800][gc,stats    ]    Critical: GC Locker Stall                                   0 / 0                 0 / 0                 0 / 0                 0 / 0           ops/s
[2024-01-04T11:51:28.514+0800][gc,stats    ]    Critical: GC Locker Stall                               0.000 / 0.000         0.000 / 0.000         0.000 / 0.000         0.000 / 0.000       ms
[2024-01-04T11:51:28.514+0800][gc,stats    ]    Critical: Relocation Stall                                  0 / 0                 0 / 0                 0 / 0                 0 / 0           ops/s
[2024-01-04T11:51:28.514+0800][gc,stats    ]    Critical: Relocation Stall                              0.000 / 0.000         0.000 / 0.000         0.000 / 0.000         0.000 / 0.000       ms
[2024-01-04T11:51:28.514+0800][gc,stats    ]      Memory: Allocation Rate                                   0 / 0                 4 / 428               4 / 428               4 / 428         MB/s
[2024-01-04T11:51:28.514+0800][gc,stats    ]      Memory: Defragment                                        0 / 0                 0 / 29                0 / 29                0 / 29          ops/s
[2024-01-04T11:51:28.514+0800][gc,stats    ]      Memory: Out Of Memory                                     0 / 0                 0 / 0                 0 / 0                 0 / 0           ops/s
[2024-01-04T11:51:28.514+0800][gc,stats    ]      Memory: Page Cache Flush                                  0 / 0                 0 / 58                0 / 58                0 / 58          MB/s
[2024-01-04T11:51:28.514+0800][gc,stats    ]      Memory: Page Cache Hit L1                                 0 / 0                 1 / 83                1 / 83                1 / 83          ops/s
[2024-01-04T11:51:28.514+0800][gc,stats    ]      Memory: Page Cache Hit L2                                 0 / 0                 0 / 0                 0 / 0                 0 / 0           ops/s
[2024-01-04T11:51:28.514+0800][gc,stats    ]      Memory: Page Cache Hit L3                                 0 / 0                 0 / 53                0 / 53                0 / 53          ops/s
[2024-01-04T11:51:28.514+0800][gc,stats    ]      Memory: Page Cache Miss                                   0 / 0                 0 / 65                0 / 65                0 / 65          ops/s
[2024-01-04T11:51:28.514+0800][gc,stats    ]      Memory: Uncommit                                          0 / 0                 1 / 960               1 / 960               1 / 960         MB/s
[2024-01-04T11:51:28.514+0800][gc,stats    ]      Memory: Undo Object Allocation Failed                     0 / 0                 0 / 3                 0 / 3                 0 / 3           ops/s
[2024-01-04T11:51:28.514+0800][gc,stats    ]      Memory: Undo Object Allocation Succeeded                  0 / 0                 0 / 140               0 / 140               0 / 140         ops/s
[2024-01-04T11:51:28.514+0800][gc,stats    ]      Memory: Undo Page Allocation                              0 / 0                 0 / 9                 0 / 9                 0 / 9           ops/s
[2024-01-04T11:51:28.514+0800][gc,stats    ]       Phase: Concurrent Mark                               0.000 / 0.000       123.525 / 310.445     123.525 / 310.445     123.525 / 310.445     ms
[2024-01-04T11:51:28.514+0800][gc,stats    ]       Phase: Concurrent Mark Continue                      0.000 / 0.000         0.000 / 0.000         0.000 / 0.000         0.000 / 0.000       ms
[2024-01-04T11:51:28.514+0800][gc,stats    ]       Phase: Concurrent Mark Free                          0.000 / 0.000         0.001 / 0.001         0.001 / 0.001         0.001 / 0.001       ms
[2024-01-04T11:51:28.514+0800][gc,stats    ]       Phase: Concurrent Process Non-Strong References      0.000 / 0.000         6.938 / 14.900        6.938 / 14.900        6.938 / 14.900      ms
[2024-01-04T11:51:28.514+0800][gc,stats    ]       Phase: Concurrent Relocate                           0.000 / 0.000        26.797 / 56.995       26.797 / 56.995       26.797 / 56.995      ms
[2024-01-04T11:51:28.514+0800][gc,stats    ]       Phase: Concurrent Reset Relocation Set               0.000 / 0.000         0.021 / 0.066         0.021 / 0.066         0.021 / 0.066       ms
[2024-01-04T11:51:28.514+0800][gc,stats    ]       Phase: Concurrent Select Relocation Set              0.000 / 0.000         8.514 / 19.186        8.514 / 19.186        8.514 / 19.186      ms
[2024-01-04T11:51:28.514+0800][gc,stats    ]       Phase: Pause Mark End                                0.000 / 0.000         0.023 / 0.032         0.023 / 0.032         0.023 / 0.032       ms
[2024-01-04T11:51:28.514+0800][gc,stats    ]       Phase: Pause Mark Start                              0.000 / 0.000         0.020 / 0.064         0.020 / 0.064         0.020 / 0.064       ms
[2024-01-04T11:51:28.514+0800][gc,stats    ]       Phase: Pause Relocate Start                          0.000 / 0.000         0.013 / 0.020         0.013 / 0.020         0.013 / 0.020       ms
[2024-01-04T11:51:28.514+0800][gc,stats    ]    Subphase: Concurrent Classes Purge                      0.000 / 0.000         0.153 / 0.351         0.153 / 0.351         0.153 / 0.351       ms
[2024-01-04T11:51:28.514+0800][gc,stats    ]    Subphase: Concurrent Classes Unlink                     0.000 / 0.000         4.276 / 11.912        4.276 / 11.912        4.276 / 11.912      ms
[2024-01-04T11:51:28.514+0800][gc,stats    ]    Subphase: Concurrent Mark                               0.000 / 0.000       118.603 / 295.705     118.603 / 295.705     118.603 / 295.705     ms
[2024-01-04T11:51:28.514+0800][gc,stats    ]    Subphase: Concurrent Mark Try Flush                     0.000 / 0.000         0.048 / 0.125         0.048 / 0.125         0.048 / 0.125       ms
[2024-01-04T11:51:28.514+0800][gc,stats    ]    Subphase: Concurrent Mark Try Terminate                 0.000 / 0.000         2.779 / 15.520        2.779 / 15.520        2.779 / 15.520      ms
[2024-01-04T11:51:28.514+0800][gc,stats    ]    Subphase: Concurrent References Enqueue                 0.000 / 0.000         0.004 / 0.005         0.004 / 0.005         0.004 / 0.005       ms
[2024-01-04T11:51:28.514+0800][gc,stats    ]    Subphase: Concurrent References Process                 0.000 / 0.000         1.939 / 5.276         1.939 / 5.276         1.939 / 5.276       ms
[2024-01-04T11:51:28.514+0800][gc,stats    ]    Subphase: Concurrent Roots ClassLoaderDataGraph         0.000 / 0.000         0.164 / 2.096         0.164 / 2.096         0.164 / 2.096       ms
[2024-01-04T11:51:28.514+0800][gc,stats    ]    Subphase: Concurrent Roots CodeCache                    0.000 / 0.000         0.000 / 0.000         0.000 / 0.000         0.000 / 0.000       ms
[2024-01-04T11:51:28.514+0800][gc,stats    ]    Subphase: Concurrent Roots JavaThreads                  0.000 / 0.000         3.182 / 14.095        3.182 / 14.095        3.182 / 14.095      ms
[2024-01-04T11:51:28.514+0800][gc,stats    ]    Subphase: Concurrent Roots OopStorageSet                0.000 / 0.000         0.048 / 0.159         0.048 / 0.159         0.048 / 0.159       ms
[2024-01-04T11:51:28.514+0800][gc,stats    ]    Subphase: Concurrent Weak Roots OopStorageSet           0.000 / 0.000         0.459 / 0.631         0.459 / 0.631         0.459 / 0.631       ms
[2024-01-04T11:51:28.514+0800][gc,stats    ]    Subphase: Pause Mark Try Complete                       0.000 / 0.000         0.002 / 0.004         0.002 / 0.004         0.002 / 0.004       ms
[2024-01-04T11:51:28.514+0800][gc,stats    ]      System: Java Threads                                      0 / 0                62 / 79               62 / 79               62 / 79          threads
[2024-01-04T11:51:28.514+0800][gc,stats    ] =========================================================================================================================================================
[2024-01-04T11:51:38.504+0800][gc,stats    ] === Garbage Collection Statistics =======================================================================================================================
[2024-01-04T11:51:38.504+0800][gc,stats    ]                                                              Last 10s              Last 10m              Last 10h                Total
[2024-01-04T11:51:38.504+0800][gc,stats    ]                                                              Avg / Max             Avg / Max             Avg / Max             Avg / Max
[2024-01-04T11:51:38.504+0800][gc,stats    ]   Collector: Garbage Collection Cycle                      0.000 / 0.000       166.879 / 396.896     166.879 / 396.896     166.879 / 396.896     ms
[2024-01-04T11:51:38.504+0800][gc,stats    ]  Contention: Mark Segment Reset Contention                     0 / 0                 0 / 3                 0 / 3                 0 / 3           ops/s
[2024-01-04T11:51:38.504+0800][gc,stats    ]  Contention: Mark SeqNum Reset Contention                      0 / 0                 0 / 2                 0 / 2                 0 / 2           ops/s
[2024-01-04T11:51:38.504+0800][gc,stats    ]    Critical: Allocation Stall                                  0 / 0                 0 / 0                 0 / 0                 0 / 0           ops/s
[2024-01-04T11:51:38.504+0800][gc,stats    ]    Critical: Allocation Stall                              0.000 / 0.000         0.000 / 0.000         0.000 / 0.000         0.000 / 0.000       ms
[2024-01-04T11:51:38.504+0800][gc,stats    ]    Critical: GC Locker Stall                                   0 / 0                 0 / 0                 0 / 0                 0 / 0           ops/s
[2024-01-04T11:51:38.504+0800][gc,stats    ]    Critical: GC Locker Stall                               0.000 / 0.000         0.000 / 0.000         0.000 / 0.000         0.000 / 0.000       ms
[2024-01-04T11:51:38.504+0800][gc,stats    ]    Critical: Relocation Stall                                  0 / 0                 0 / 0                 0 / 0                 0 / 0           ops/s
[2024-01-04T11:51:38.504+0800][gc,stats    ]    Critical: Relocation Stall                              0.000 / 0.000         0.000 / 0.000         0.000 / 0.000         0.000 / 0.000       ms
[2024-01-04T11:51:38.504+0800][gc,stats    ]      Memory: Allocation Rate                                   0 / 0                 4 / 428               4 / 428               4 / 428         MB/s
[2024-01-04T11:51:38.504+0800][gc,stats    ]      Memory: Defragment                                        0 / 0                 0 / 29                0 / 29                0 / 29          ops/s
[2024-01-04T11:51:38.504+0800][gc,stats    ]      Memory: Out Of Memory                                     0 / 0                 0 / 0                 0 / 0                 0 / 0           ops/s
[2024-01-04T11:51:38.504+0800][gc,stats    ]      Memory: Page Cache Flush                                  0 / 0                 0 / 58                0 / 58                0 / 58          MB/s
[2024-01-04T11:51:38.504+0800][gc,stats    ]      Memory: Page Cache Hit L1                                 0 / 0                 1 / 83                1 / 83                1 / 83          ops/s
[2024-01-04T11:51:38.504+0800][gc,stats    ]      Memory: Page Cache Hit L2                                 0 / 0                 0 / 0                 0 / 0                 0 / 0           ops/s
[2024-01-04T11:51:38.504+0800][gc,stats    ]      Memory: Page Cache Hit L3                                 0 / 0                 0 / 53                0 / 53                0 / 53          ops/s
[2024-01-04T11:51:38.504+0800][gc,stats    ]      Memory: Page Cache Miss                                   0 / 0                 0 / 65                0 / 65                0 / 65          ops/s
[2024-01-04T11:51:38.504+0800][gc,stats    ]      Memory: Uncommit                                          0 / 0                 1 / 960               1 / 960               1 / 960         MB/s
[2024-01-04T11:51:38.504+0800][gc,stats    ]      Memory: Undo Object Allocation Failed                     0 / 0                 0 / 3                 0 / 3                 0 / 3           ops/s
[2024-01-04T11:51:38.504+0800][gc,stats    ]      Memory: Undo Object Allocation Succeeded                  0 / 0                 0 / 140               0 / 140               0 / 140         ops/s
[2024-01-04T11:51:38.504+0800][gc,stats    ]      Memory: Undo Page Allocation                              0 / 0                 0 / 9                 0 / 9                 0 / 9           ops/s
[2024-01-04T11:51:38.504+0800][gc,stats    ]       Phase: Concurrent Mark                               0.000 / 0.000       123.525 / 310.445     123.525 / 310.445     123.525 / 310.445     ms
[2024-01-04T11:51:38.504+0800][gc,stats    ]       Phase: Concurrent Mark Continue                      0.000 / 0.000         0.000 / 0.000         0.000 / 0.000         0.000 / 0.000       ms
[2024-01-04T11:51:38.504+0800][gc,stats    ]       Phase: Concurrent Mark Free                          0.000 / 0.000         0.001 / 0.001         0.001 / 0.001         0.001 / 0.001       ms
[2024-01-04T11:51:38.504+0800][gc,stats    ]       Phase: Concurrent Process Non-Strong References      0.000 / 0.000         6.938 / 14.900        6.938 / 14.900        6.938 / 14.900      ms
[2024-01-04T11:51:38.504+0800][gc,stats    ]       Phase: Concurrent Relocate                           0.000 / 0.000        26.797 / 56.995       26.797 / 56.995       26.797 / 56.995      ms
[2024-01-04T11:51:38.504+0800][gc,stats    ]       Phase: Concurrent Reset Relocation Set               0.000 / 0.000         0.021 / 0.066         0.021 / 0.066         0.021 / 0.066       ms
[2024-01-04T11:51:38.504+0800][gc,stats    ]       Phase: Concurrent Select Relocation Set              0.000 / 0.000         8.514 / 19.186        8.514 / 19.186        8.514 / 19.186      ms
[2024-01-04T11:51:38.504+0800][gc,stats    ]       Phase: Pause Mark End                                0.000 / 0.000         0.023 / 0.032         0.023 / 0.032         0.023 / 0.032       ms
[2024-01-04T11:51:38.504+0800][gc,stats    ]       Phase: Pause Mark Start                              0.000 / 0.000         0.020 / 0.064         0.020 / 0.064         0.020 / 0.064       ms
[2024-01-04T11:51:38.504+0800][gc,stats    ]       Phase: Pause Relocate Start                          0.000 / 0.000         0.013 / 0.020         0.013 / 0.020         0.013 / 0.020       ms
[2024-01-04T11:51:38.504+0800][gc,stats    ]    Subphase: Concurrent Classes Purge                      0.000 / 0.000         0.153 / 0.351         0.153 / 0.351         0.153 / 0.351       ms
[2024-01-04T11:51:38.504+0800][gc,stats    ]    Subphase: Concurrent Classes Unlink                     0.000 / 0.000         4.276 / 11.912        4.276 / 11.912        4.276 / 11.912      ms
[2024-01-04T11:51:38.504+0800][gc,stats    ]    Subphase: Concurrent Mark                               0.000 / 0.000       118.603 / 295.705     118.603 / 295.705     118.603 / 295.705     ms
[2024-01-04T11:51:38.504+0800][gc,stats    ]    Subphase: Concurrent Mark Try Flush                     0.000 / 0.000         0.048 / 0.125         0.048 / 0.125         0.048 / 0.125       ms
[2024-01-04T11:51:38.504+0800][gc,stats    ]    Subphase: Concurrent Mark Try Terminate                 0.000 / 0.000         2.779 / 15.520        2.779 / 15.520        2.779 / 15.520      ms
[2024-01-04T11:51:38.504+0800][gc,stats    ]    Subphase: Concurrent References Enqueue                 0.000 / 0.000         0.004 / 0.005         0.004 / 0.005         0.004 / 0.005       ms
[2024-01-04T11:51:38.504+0800][gc,stats    ]    Subphase: Concurrent References Process                 0.000 / 0.000         1.939 / 5.276         1.939 / 5.276         1.939 / 5.276       ms
[2024-01-04T11:51:38.504+0800][gc,stats    ]    Subphase: Concurrent Roots ClassLoaderDataGraph         0.000 / 0.000         0.164 / 2.096         0.164 / 2.096         0.164 / 2.096       ms
[2024-01-04T11:51:38.504+0800][gc,stats    ]    Subphase: Concurrent Roots CodeCache                    0.000 / 0.000         0.000 / 0.000         0.000 / 0.000         0.000 / 0.000       ms
[2024-01-04T11:51:38.504+0800][gc,stats    ]    Subphase: Concurrent Roots JavaThreads                  0.000 / 0.000         3.182 / 14.095        3.182 / 14.095        3.182 / 14.095      ms
[2024-01-04T11:51:38.504+0800][gc,stats    ]    Subphase: Concurrent Roots OopStorageSet                0.000 / 0.000         0.048 / 0.159         0.048 / 0.159         0.048 / 0.159       ms
[2024-01-04T11:51:38.504+0800][gc,stats    ]    Subphase: Concurrent Weak Roots OopStorageSet           0.000 / 0.000         0.459 / 0.631         0.459 / 0.631         0.459 / 0.631       ms
[2024-01-04T11:51:38.504+0800][gc,stats    ]    Subphase: Pause Mark Try Complete                       0.000 / 0.000         0.002 / 0.004         0.002 / 0.004         0.002 / 0.004       ms
[2024-01-04T11:51:38.504+0800][gc,stats    ]      System: Java Threads                                      0 / 0                62 / 79               62 / 79               62 / 79          threads
[2024-01-04T11:51:38.504+0800][gc,stats    ] =========================================================================================================================================================
[2024-01-04T11:51:48.500+0800][gc,stats    ] === Garbage Collection Statistics =======================================================================================================================
[2024-01-04T11:51:48.501+0800][gc,stats    ]                                                              Last 10s              Last 10m              Last 10h                Total
[2024-01-04T11:51:48.501+0800][gc,stats    ]                                                              Avg / Max             Avg / Max             Avg / Max             Avg / Max
[2024-01-04T11:51:48.501+0800][gc,stats    ]   Collector: Garbage Collection Cycle                      0.000 / 0.000       166.879 / 396.896     166.879 / 396.896     166.879 / 396.896     ms
[2024-01-04T11:51:48.501+0800][gc,stats    ]  Contention: Mark Segment Reset Contention                     0 / 0                 0 / 3                 0 / 3                 0 / 3           ops/s
[2024-01-04T11:51:48.501+0800][gc,stats    ]  Contention: Mark SeqNum Reset Contention                      0 / 0                 0 / 2                 0 / 2                 0 / 2           ops/s
[2024-01-04T11:51:48.502+0800][gc,stats    ]    Critical: Allocation Stall                                  0 / 0                 0 / 0                 0 / 0                 0 / 0           ops/s
[2024-01-04T11:51:48.502+0800][gc,stats    ]    Critical: Allocation Stall                              0.000 / 0.000         0.000 / 0.000         0.000 / 0.000         0.000 / 0.000       ms
[2024-01-04T11:51:48.502+0800][gc,stats    ]    Critical: GC Locker Stall                                   0 / 0                 0 / 0                 0 / 0                 0 / 0           ops/s
[2024-01-04T11:51:48.502+0800][gc,stats    ]    Critical: GC Locker Stall                               0.000 / 0.000         0.000 / 0.000         0.000 / 0.000         0.000 / 0.000       ms
[2024-01-04T11:51:48.502+0800][gc,stats    ]    Critical: Relocation Stall                                  0 / 0                 0 / 0                 0 / 0                 0 / 0           ops/s
[2024-01-04T11:51:48.502+0800][gc,stats    ]    Critical: Relocation Stall                              0.000 / 0.000         0.000 / 0.000         0.000 / 0.000         0.000 / 0.000       ms
[2024-01-04T11:51:48.502+0800][gc,stats    ]      Memory: Allocation Rate                                   0 / 2                 4 / 428               4 / 428               4 / 428         MB/s
[2024-01-04T11:51:48.503+0800][gc,stats    ]      Memory: Defragment                                        0 / 0                 0 / 29                0 / 29                0 / 29          ops/s
[2024-01-04T11:51:48.503+0800][gc,stats    ]      Memory: Out Of Memory                                     0 / 0                 0 / 0                 0 / 0                 0 / 0           ops/s
[2024-01-04T11:51:48.503+0800][gc,stats    ]      Memory: Page Cache Flush                                  0 / 0                 0 / 58                0 / 58                0 / 58          MB/s
[2024-01-04T11:51:48.503+0800][gc,stats    ]      Memory: Page Cache Hit L1                                 0 / 1                 1 / 83                1 / 83                1 / 83          ops/s
[2024-01-04T11:51:48.503+0800][gc,stats    ]      Memory: Page Cache Hit L2                                 0 / 0                 0 / 0                 0 / 0                 0 / 0           ops/s
[2024-01-04T11:51:48.503+0800][gc,stats    ]      Memory: Page Cache Hit L3                                 0 / 0                 0 / 53                0 / 53                0 / 53          ops/s
[2024-01-04T11:51:48.503+0800][gc,stats    ]      Memory: Page Cache Miss                                   0 / 0                 0 / 65                0 / 65                0 / 65          ops/s
[2024-01-04T11:51:48.503+0800][gc,stats    ]      Memory: Uncommit                                          0 / 0                 1 / 960               1 / 960               1 / 960         MB/s
[2024-01-04T11:51:48.503+0800][gc,stats    ]      Memory: Undo Object Allocation Failed                     0 / 0                 0 / 3                 0 / 3                 0 / 3           ops/s
[2024-01-04T11:51:48.503+0800][gc,stats    ]      Memory: Undo Object Allocation Succeeded                  0 / 0                 0 / 140               0 / 140               0 / 140         ops/s
[2024-01-04T11:51:48.503+0800][gc,stats    ]      Memory: Undo Page Allocation                              0 / 0                 0 / 9                 0 / 9                 0 / 9           ops/s
[2024-01-04T11:51:48.503+0800][gc,stats    ]       Phase: Concurrent Mark                               0.000 / 0.000       123.525 / 310.445     123.525 / 310.445     123.525 / 310.445     ms
[2024-01-04T11:51:48.504+0800][gc,stats    ]       Phase: Concurrent Mark Continue                      0.000 / 0.000         0.000 / 0.000         0.000 / 0.000         0.000 / 0.000       ms
[2024-01-04T11:51:48.504+0800][gc,stats    ]       Phase: Concurrent Mark Free                          0.000 / 0.000         0.001 / 0.001         0.001 / 0.001         0.001 / 0.001       ms
[2024-01-04T11:51:48.504+0800][gc,stats    ]       Phase: Concurrent Process Non-Strong References      0.000 / 0.000         6.938 / 14.900        6.938 / 14.900        6.938 / 14.900      ms
[2024-01-04T11:51:48.504+0800][gc,stats    ]       Phase: Concurrent Relocate                           0.000 / 0.000        26.797 / 56.995       26.797 / 56.995       26.797 / 56.995      ms
[2024-01-04T11:51:48.504+0800][gc,stats    ]       Phase: Concurrent Reset Relocation Set               0.000 / 0.000         0.021 / 0.066         0.021 / 0.066         0.021 / 0.066       ms
[2024-01-04T11:51:48.504+0800][gc,stats    ]       Phase: Concurrent Select Relocation Set              0.000 / 0.000         8.514 / 19.186        8.514 / 19.186        8.514 / 19.186      ms
[2024-01-04T11:51:48.504+0800][gc,stats    ]       Phase: Pause Mark End                                0.000 / 0.000         0.023 / 0.032         0.023 / 0.032         0.023 / 0.032       ms
[2024-01-04T11:51:48.504+0800][gc,stats    ]       Phase: Pause Mark Start                              0.000 / 0.000         0.020 / 0.064         0.020 / 0.064         0.020 / 0.064       ms
[2024-01-04T11:51:48.504+0800][gc,stats    ]       Phase: Pause Relocate Start                          0.000 / 0.000         0.013 / 0.020         0.013 / 0.020         0.013 / 0.020       ms
[2024-01-04T11:51:48.504+0800][gc,stats    ]    Subphase: Concurrent Classes Purge                      0.000 / 0.000         0.153 / 0.351         0.153 / 0.351         0.153 / 0.351       ms
[2024-01-04T11:51:48.504+0800][gc,stats    ]    Subphase: Concurrent Classes Unlink                     0.000 / 0.000         4.276 / 11.912        4.276 / 11.912        4.276 / 11.912      ms
[2024-01-04T11:51:48.504+0800][gc,stats    ]    Subphase: Concurrent Mark                               0.000 / 0.000       118.603 / 295.705     118.603 / 295.705     118.603 / 295.705     ms
[2024-01-04T11:51:48.504+0800][gc,stats    ]    Subphase: Concurrent Mark Try Flush                     0.000 / 0.000         0.048 / 0.125         0.048 / 0.125         0.048 / 0.125       ms
[2024-01-04T11:51:48.504+0800][gc,stats    ]    Subphase: Concurrent Mark Try Terminate                 0.000 / 0.000         2.779 / 15.520        2.779 / 15.520        2.779 / 15.520      ms
[2024-01-04T11:51:48.504+0800][gc,stats    ]    Subphase: Concurrent References Enqueue                 0.000 / 0.000         0.004 / 0.005         0.004 / 0.005         0.004 / 0.005       ms
[2024-01-04T11:51:48.504+0800][gc,stats    ]    Subphase: Concurrent References Process                 0.000 / 0.000         1.939 / 5.276         1.939 / 5.276         1.939 / 5.276       ms
[2024-01-04T11:51:48.504+0800][gc,stats    ]    Subphase: Concurrent Roots ClassLoaderDataGraph         0.000 / 0.000         0.164 / 2.096         0.164 / 2.096         0.164 / 2.096       ms
[2024-01-04T11:51:48.504+0800][gc,stats    ]    Subphase: Concurrent Roots CodeCache                    0.000 / 0.000         0.000 / 0.000         0.000 / 0.000         0.000 / 0.000       ms
[2024-01-04T11:51:48.504+0800][gc,stats    ]    Subphase: Concurrent Roots JavaThreads                  0.000 / 0.000         3.182 / 14.095        3.182 / 14.095        3.182 / 14.095      ms
[2024-01-04T11:51:48.504+0800][gc,stats    ]    Subphase: Concurrent Roots OopStorageSet                0.000 / 0.000         0.048 / 0.159         0.048 / 0.159         0.048 / 0.159       ms
[2024-01-04T11:51:48.504+0800][gc,stats    ]    Subphase: Concurrent Weak Roots OopStorageSet           0.000 / 0.000         0.459 / 0.631         0.459 / 0.631         0.459 / 0.631       ms
[2024-01-04T11:51:48.504+0800][gc,stats    ]    Subphase: Pause Mark Try Complete                       0.000 / 0.000         0.002 / 0.004         0.002 / 0.004         0.002 / 0.004       ms
[2024-01-04T11:51:48.504+0800][gc,stats    ]      System: Java Threads                                      0 / 0                62 / 79               62 / 79               62 / 79          threads
[2024-01-04T11:51:48.504+0800][gc,stats    ] =========================================================================================================================================================
[2024-01-04T11:51:58.514+0800][gc,stats    ] === Garbage Collection Statistics =======================================================================================================================
[2024-01-04T11:51:58.514+0800][gc,stats    ]                                                              Last 10s              Last 10m              Last 10h                Total
[2024-01-04T11:51:58.514+0800][gc,stats    ]                                                              Avg / Max             Avg / Max             Avg / Max             Avg / Max
[2024-01-04T11:51:58.514+0800][gc,stats    ]   Collector: Garbage Collection Cycle                      0.000 / 0.000       234.846 / 396.896     166.879 / 396.896     166.879 / 396.896     ms
[2024-01-04T11:51:58.514+0800][gc,stats    ]  Contention: Mark Segment Reset Contention                     0 / 0                 0 / 3                 0 / 3                 0 / 3           ops/s
[2024-01-04T11:51:58.514+0800][gc,stats    ]  Contention: Mark SeqNum Reset Contention                      0 / 0                 0 / 1                 0 / 2                 0 / 2           ops/s
[2024-01-04T11:51:58.514+0800][gc,stats    ]    Critical: Allocation Stall                                  0 / 0                 0 / 0                 0 / 0                 0 / 0           ops/s
[2024-01-04T11:51:58.514+0800][gc,stats    ]    Critical: Allocation Stall                              0.000 / 0.000         0.000 / 0.000         0.000 / 0.000         0.000 / 0.000       ms
[2024-01-04T11:51:58.514+0800][gc,stats    ]    Critical: GC Locker Stall                                   0 / 0                 0 / 0                 0 / 0                 0 / 0           ops/s
[2024-01-04T11:51:58.514+0800][gc,stats    ]    Critical: GC Locker Stall                               0.000 / 0.000         0.000 / 0.000         0.000 / 0.000         0.000 / 0.000       ms
[2024-01-04T11:51:58.514+0800][gc,stats    ]    Critical: Relocation Stall                                  0 / 0                 0 / 0                 0 / 0                 0 / 0           ops/s
[2024-01-04T11:51:58.514+0800][gc,stats    ]    Critical: Relocation Stall                              0.000 / 0.000         0.000 / 0.000         0.000 / 0.000         0.000 / 0.000       ms
[2024-01-04T11:51:58.514+0800][gc,stats    ]      Memory: Allocation Rate                                   0 / 2                 4 / 428               4 / 428               4 / 428         MB/s
[2024-01-04T11:51:58.514+0800][gc,stats    ]      Memory: Defragment                                        0 / 0                 0 / 29                0 / 29                0 / 29          ops/s
[2024-01-04T11:51:58.514+0800][gc,stats    ]      Memory: Out Of Memory                                     0 / 0                 0 / 0                 0 / 0                 0 / 0           ops/s
[2024-01-04T11:51:58.514+0800][gc,stats    ]      Memory: Page Cache Flush                                  0 / 0                 0 / 58                0 / 58                0 / 58          MB/s
[2024-01-04T11:51:58.514+0800][gc,stats    ]      Memory: Page Cache Hit L1                                 0 / 1                 1 / 83                1 / 83                1 / 83          ops/s
[2024-01-04T11:51:58.514+0800][gc,stats    ]      Memory: Page Cache Hit L2                                 0 / 0                 0 / 0                 0 / 0                 0 / 0           ops/s
[2024-01-04T11:51:58.514+0800][gc,stats    ]      Memory: Page Cache Hit L3                                 0 / 0                 0 / 27                0 / 53                0 / 53          ops/s
[2024-01-04T11:51:58.514+0800][gc,stats    ]      Memory: Page Cache Miss                                   0 / 0                 0 / 65                0 / 65                0 / 65          ops/s
[2024-01-04T11:51:58.514+0800][gc,stats    ]      Memory: Uncommit                                          0 / 0                 1 / 960               1 / 960               1 / 960         MB/s
[2024-01-04T11:51:58.514+0800][gc,stats    ]      Memory: Undo Object Allocation Failed                     0 / 0                 0 / 3                 0 / 3                 0 / 3           ops/s
[2024-01-04T11:51:58.514+0800][gc,stats    ]      Memory: Undo Object Allocation Succeeded                  0 / 0                 0 / 140               0 / 140               0 / 140         ops/s
[2024-01-04T11:51:58.514+0800][gc,stats    ]      Memory: Undo Page Allocation                              0 / 0                 0 / 9                 0 / 9                 0 / 9           ops/s
[2024-01-04T11:51:58.514+0800][gc,stats    ]       Phase: Concurrent Mark                               0.000 / 0.000       174.105 / 310.445     123.525 / 310.445     123.525 / 310.445     ms
[2024-01-04T11:51:58.514+0800][gc,stats    ]       Phase: Concurrent Mark Continue                      0.000 / 0.000         0.000 / 0.000         0.000 / 0.000         0.000 / 0.000       ms
[2024-01-04T11:51:58.514+0800][gc,stats    ]       Phase: Concurrent Mark Free                          0.000 / 0.000         0.001 / 0.001         0.001 / 0.001         0.001 / 0.001       ms
[2024-01-04T11:51:58.514+0800][gc,stats    ]       Phase: Concurrent Process Non-Strong References      0.000 / 0.000         9.556 / 14.900        6.938 / 14.900        6.938 / 14.900      ms
[2024-01-04T11:51:58.514+0800][gc,stats    ]       Phase: Concurrent Relocate                           0.000 / 0.000        38.937 / 56.995       26.797 / 56.995       26.797 / 56.995      ms
[2024-01-04T11:51:58.514+0800][gc,stats    ]       Phase: Concurrent Reset Relocation Set               0.000 / 0.000         0.030 / 0.066         0.021 / 0.066         0.021 / 0.066       ms
[2024-01-04T11:51:58.514+0800][gc,stats    ]       Phase: Concurrent Select Relocation Set              0.000 / 0.000        10.905 / 19.186        8.514 / 19.186        8.514 / 19.186      ms
[2024-01-04T11:51:58.514+0800][gc,stats    ]       Phase: Pause Mark End                                0.000 / 0.000         0.023 / 0.025         0.023 / 0.032         0.023 / 0.032       ms
[2024-01-04T11:51:58.514+0800][gc,stats    ]       Phase: Pause Mark Start                              0.000 / 0.000         0.026 / 0.064         0.020 / 0.064         0.020 / 0.064       ms
[2024-01-04T11:51:58.514+0800][gc,stats    ]       Phase: Pause Relocate Start                          0.000 / 0.000         0.015 / 0.020         0.013 / 0.020         0.013 / 0.020       ms
[2024-01-04T11:51:58.514+0800][gc,stats    ]    Subphase: Concurrent Classes Purge                      0.000 / 0.000         0.211 / 0.351         0.153 / 0.351         0.153 / 0.351       ms
[2024-01-04T11:51:58.514+0800][gc,stats    ]    Subphase: Concurrent Classes Unlink                     0.000 / 0.000         5.860 / 11.912        4.276 / 11.912        4.276 / 11.912      ms
[2024-01-04T11:51:58.514+0800][gc,stats    ]    Subphase: Concurrent Mark                               0.000 / 0.000       168.763 / 295.705     118.603 / 295.705     118.603 / 295.705     ms
[2024-01-04T11:51:58.514+0800][gc,stats    ]    Subphase: Concurrent Mark Try Flush                     0.000 / 0.000         0.057 / 0.125         0.048 / 0.125         0.048 / 0.125       ms
[2024-01-04T11:51:58.514+0800][gc,stats    ]    Subphase: Concurrent Mark Try Terminate                 0.000 / 0.000         1.007 / 1.726         2.779 / 15.520        2.779 / 15.520      ms
[2024-01-04T11:51:58.514+0800][gc,stats    ]    Subphase: Concurrent References Enqueue                 0.000 / 0.000         0.004 / 0.005         0.004 / 0.005         0.004 / 0.005       ms
[2024-01-04T11:51:58.514+0800][gc,stats    ]    Subphase: Concurrent References Process                 0.000 / 0.000         2.874 / 5.276         1.939 / 5.276         1.939 / 5.276       ms
[2024-01-04T11:51:58.514+0800][gc,stats    ]    Subphase: Concurrent Roots ClassLoaderDataGraph         0.000 / 0.000         0.204 / 2.096         0.164 / 2.096         0.164 / 2.096       ms
[2024-01-04T11:51:58.514+0800][gc,stats    ]    Subphase: Concurrent Roots CodeCache                    0.000 / 0.000         0.000 / 0.000         0.000 / 0.000         0.000 / 0.000       ms
[2024-01-04T11:51:58.514+0800][gc,stats    ]    Subphase: Concurrent Roots JavaThreads                  0.000 / 0.000         4.443 / 14.095        3.182 / 14.095        3.182 / 14.095      ms
[2024-01-04T11:51:58.514+0800][gc,stats    ]    Subphase: Concurrent Roots OopStorageSet                0.000 / 0.000         0.058 / 0.159         0.048 / 0.159         0.048 / 0.159       ms
[2024-01-04T11:51:58.514+0800][gc,stats    ]    Subphase: Concurrent Weak Roots OopStorageSet           0.000 / 0.000         0.476 / 0.524         0.459 / 0.631         0.459 / 0.631       ms
[2024-01-04T11:51:58.514+0800][gc,stats    ]    Subphase: Pause Mark Try Complete                       0.000 / 0.000         0.000 / 0.000         0.002 / 0.004         0.002 / 0.004       ms
[2024-01-04T11:51:58.514+0800][gc,stats    ]      System: Java Threads                                      0 / 0                71 / 79               62 / 79               62 / 79          threads
[2024-01-04T11:51:58.514+0800][gc,stats    ] =========================================================================================================================================================
[2024-01-04T11:52:08.509+0800][gc,stats    ] === Garbage Collection Statistics =======================================================================================================================
[2024-01-04T11:52:08.509+0800][gc,stats    ]                                                              Last 10s              Last 10m              Last 10h                Total
[2024-01-04T11:52:08.509+0800][gc,stats    ]                                                              Avg / Max             Avg / Max             Avg / Max             Avg / Max
[2024-01-04T11:52:08.509+0800][gc,stats    ]   Collector: Garbage Collection Cycle                      0.000 / 0.000       161.782 / 269.278     166.879 / 396.896     166.879 / 396.896     ms
[2024-01-04T11:52:08.509+0800][gc,stats    ]  Contention: Mark Segment Reset Contention                     0 / 0                 0 / 3                 0 / 3                 0 / 3           ops/s
[2024-01-04T11:52:08.509+0800][gc,stats    ]  Contention: Mark SeqNum Reset Contention                      0 / 0                 0 / 1                 0 / 2                 0 / 2           ops/s
[2024-01-04T11:52:08.509+0800][gc,stats    ]    Critical: Allocation Stall                                  0 / 0                 0 / 0                 0 / 0                 0 / 0           ops/s
[2024-01-04T11:52:08.509+0800][gc,stats    ]    Critical: Allocation Stall                              0.000 / 0.000         0.000 / 0.000         0.000 / 0.000         0.000 / 0.000       ms
[2024-01-04T11:52:08.509+0800][gc,stats    ]    Critical: GC Locker Stall                                   0 / 0                 0 / 0                 0 / 0                 0 / 0           ops/s
[2024-01-04T11:52:08.509+0800][gc,stats    ]    Critical: GC Locker Stall                               0.000 / 0.000         0.000 / 0.000         0.000 / 0.000         0.000 / 0.000       ms
[2024-01-04T11:52:08.509+0800][gc,stats    ]    Critical: Relocation Stall                                  0 / 0                 0 / 0                 0 / 0                 0 / 0           ops/s
[2024-01-04T11:52:08.509+0800][gc,stats    ]    Critical: Relocation Stall                              0.000 / 0.000         0.000 / 0.000         0.000 / 0.000         0.000 / 0.000       ms
[2024-01-04T11:52:08.509+0800][gc,stats    ]      Memory: Allocation Rate                                   0 / 2                 2 / 428               4 / 428               4 / 428         MB/s
[2024-01-04T11:52:08.509+0800][gc,stats    ]      Memory: Defragment                                        0 / 0                 0 / 29                0 / 29                0 / 29          ops/s
[2024-01-04T11:52:08.509+0800][gc,stats    ]      Memory: Out Of Memory                                     0 / 0                 0 / 0                 0 / 0                 0 / 0           ops/s
[2024-01-04T11:52:08.509+0800][gc,stats    ]      Memory: Page Cache Flush                                  0 / 0                 0 / 58                0 / 58                0 / 58          MB/s
[2024-01-04T11:52:08.509+0800][gc,stats    ]      Memory: Page Cache Hit L1                                 0 / 1                 0 / 72                1 / 83                1 / 83          ops/s
[2024-01-04T11:52:08.509+0800][gc,stats    ]      Memory: Page Cache Hit L2                                 0 / 0                 0 / 0                 0 / 0                 0 / 0           ops/s
[2024-01-04T11:52:08.509+0800][gc,stats    ]      Memory: Page Cache Hit L3                                 0 / 0                 0 / 27                0 / 53                0 / 53          ops/s
[2024-01-04T11:52:08.509+0800][gc,stats    ]      Memory: Page Cache Miss                                   0 / 0                 0 / 55                0 / 65                0 / 65          ops/s
[2024-01-04T11:52:08.509+0800][gc,stats    ]      Memory: Uncommit                                          0 / 0                 1 / 960               1 / 960               1 / 960         MB/s
[2024-01-04T11:52:08.509+0800][gc,stats    ]      Memory: Undo Object Allocation Failed                     0 / 0                 0 / 3                 0 / 3                 0 / 3           ops/s
[2024-01-04T11:52:08.509+0800][gc,stats    ]      Memory: Undo Object Allocation Succeeded                  0 / 0                 0 / 140               0 / 140               0 / 140         ops/s
[2024-01-04T11:52:08.509+0800][gc,stats    ]      Memory: Undo Page Allocation                              0 / 0                 0 / 9                 0 / 9                 0 / 9           ops/s
[2024-01-04T11:52:08.509+0800][gc,stats    ]       Phase: Concurrent Mark                               0.000 / 0.000       117.129 / 202.456     123.525 / 310.445     123.525 / 310.445     ms
[2024-01-04T11:52:08.509+0800][gc,stats    ]       Phase: Concurrent Mark Continue                      0.000 / 0.000         0.000 / 0.000         0.000 / 0.000         0.000 / 0.000       ms
[2024-01-04T11:52:08.509+0800][gc,stats    ]       Phase: Concurrent Mark Free                          0.000 / 0.000         0.001 / 0.001         0.001 / 0.001         0.001 / 0.001       ms
[2024-01-04T11:52:08.509+0800][gc,stats    ]       Phase: Concurrent Process Non-Strong References      0.000 / 0.000         7.819 / 9.958         6.938 / 14.900        6.938 / 14.900      ms
[2024-01-04T11:52:08.509+0800][gc,stats    ]       Phase: Concurrent Relocate                           0.000 / 0.000        28.819 / 47.829       26.797 / 56.995       26.797 / 56.995      ms
[2024-01-04T11:52:08.509+0800][gc,stats    ]       Phase: Concurrent Reset Relocation Set               0.000 / 0.000         0.053 / 0.066         0.021 / 0.066         0.021 / 0.066       ms
[2024-01-04T11:52:08.509+0800][gc,stats    ]       Phase: Concurrent Select Relocation Set              0.000 / 0.000         7.130 / 8.123         8.514 / 19.186        8.514 / 19.186      ms
[2024-01-04T11:52:08.509+0800][gc,stats    ]       Phase: Pause Mark End                                0.000 / 0.000         0.024 / 0.025         0.023 / 0.032         0.023 / 0.032       ms
[2024-01-04T11:52:08.509+0800][gc,stats    ]       Phase: Pause Mark Start                              0.000 / 0.000         0.014 / 0.015         0.020 / 0.064         0.020 / 0.064       ms
[2024-01-04T11:52:08.509+0800][gc,stats    ]       Phase: Pause Relocate Start                          0.000 / 0.000         0.016 / 0.020         0.013 / 0.020         0.013 / 0.020       ms
[2024-01-04T11:52:08.509+0800][gc,stats    ]    Subphase: Concurrent Classes Purge                      0.000 / 0.000         0.164 / 0.186         0.153 / 0.351         0.153 / 0.351       ms
[2024-01-04T11:52:08.509+0800][gc,stats    ]    Subphase: Concurrent Classes Unlink                     0.000 / 0.000         3.706 / 3.788         4.276 / 11.912        4.276 / 11.912      ms
[2024-01-04T11:52:08.509+0800][gc,stats    ]    Subphase: Concurrent Mark                               0.000 / 0.000       115.338 / 200.915     118.603 / 295.705     118.603 / 295.705     ms
[2024-01-04T11:52:08.509+0800][gc,stats    ]    Subphase: Concurrent Mark Try Flush                     0.000 / 0.000         0.045 / 0.091         0.048 / 0.125         0.048 / 0.125       ms
[2024-01-04T11:52:08.509+0800][gc,stats    ]    Subphase: Concurrent Mark Try Terminate                 0.000 / 0.000         1.065 / 1.726         2.779 / 15.520        2.779 / 15.520      ms
[2024-01-04T11:52:08.509+0800][gc,stats    ]    Subphase: Concurrent References Enqueue                 0.000 / 0.000         0.004 / 0.005         0.004 / 0.005         0.004 / 0.005       ms
[2024-01-04T11:52:08.509+0800][gc,stats    ]    Subphase: Concurrent References Process                 0.000 / 0.000         3.364 / 5.276         1.939 / 5.276         1.939 / 5.276       ms
[2024-01-04T11:52:08.509+0800][gc,stats    ]    Subphase: Concurrent Roots ClassLoaderDataGraph         0.000 / 0.000         0.065 / 0.283         0.164 / 2.096         0.164 / 2.096       ms
[2024-01-04T11:52:08.509+0800][gc,stats    ]    Subphase: Concurrent Roots CodeCache                    0.000 / 0.000         0.000 / 0.000         0.000 / 0.000         0.000 / 0.000       ms
[2024-01-04T11:52:08.509+0800][gc,stats    ]    Subphase: Concurrent Roots JavaThreads                  0.000 / 0.000         1.164 / 1.411         3.182 / 14.095        3.182 / 14.095      ms
[2024-01-04T11:52:08.509+0800][gc,stats    ]    Subphase: Concurrent Roots OopStorageSet                0.000 / 0.000         0.025 / 0.032         0.048 / 0.159         0.048 / 0.159       ms
[2024-01-04T11:52:08.509+0800][gc,stats    ]    Subphase: Concurrent Weak Roots OopStorageSet           0.000 / 0.000         0.438 / 0.524         0.459 / 0.631         0.459 / 0.631       ms
[2024-01-04T11:52:08.509+0800][gc,stats    ]    Subphase: Pause Mark Try Complete                       0.000 / 0.000         0.000 / 0.000         0.002 / 0.004         0.002 / 0.004       ms
[2024-01-04T11:52:08.509+0800][gc,stats    ]      System: Java Threads                                      0 / 0                68 / 69               62 / 79               62 / 79          threads
[2024-01-04T11:52:08.509+0800][gc,stats    ] =========================================================================================================================================================
[2024-01-04T11:52:17.403+0800][gc,start    ] GC(6) Garbage Collection (Proactive)
[2024-01-04T11:52:17.403+0800][gc,task     ] GC(6) Using 4 workers
[2024-01-04T11:52:17.403+0800][gc,phases   ] GC(6) Pause Mark Start 0.011ms
[2024-01-04T11:52:17.419+0800][gc,phases   ] GC(6) Concurrent Mark 15.856ms
[2024-01-04T11:52:17.419+0800][gc,phases   ] GC(6) Pause Mark End 0.020ms
[2024-01-04T11:52:17.419+0800][gc,phases   ] GC(6) Concurrent Mark Free 0.001ms
[2024-01-04T11:52:17.423+0800][gc,phases   ] GC(6) Concurrent Process Non-Strong References 5.106ms
[2024-01-04T11:52:17.423+0800][gc,phases   ] GC(6) Concurrent Reset Relocation Set 0.021ms
[2024-01-04T11:52:17.427+0800][gc,phases   ] GC(6) Concurrent Select Relocation Set 3.349ms
[2024-01-04T11:52:17.428+0800][gc,phases   ] GC(6) Pause Relocate Start 0.010ms
[2024-01-04T11:52:17.429+0800][gc,phases   ] GC(6) Concurrent Relocate 1.579ms
[2024-01-04T11:52:17.429+0800][gc,load     ] GC(6) Load: 0.00/0.00/0.00
[2024-01-04T11:52:17.429+0800][gc,mmu      ] GC(6) MMU: 2ms/96.8%, 5ms/98.7%, 10ms/99.4%, 20ms/99.7%, 50ms/99.9%, 100ms/99.9%
[2024-01-04T11:52:17.429+0800][gc,marking  ] GC(6) Mark: 4 stripe(s), 2 proactive flush(es), 1 terminate flush(es), 0 completion(s), 0 continuation(s) 
[2024-01-04T11:52:17.429+0800][gc,marking  ] GC(6) Mark Stack Usage: 32M
[2024-01-04T11:52:17.429+0800][gc,nmethod  ] GC(6) NMethods: 7585 registered, 647 unregistered
[2024-01-04T11:52:17.429+0800][gc,metaspace] GC(6) Metaspace: 41M used, 42M committed, 1088M reserved
[2024-01-04T11:52:17.429+0800][gc,ref      ] GC(6) Soft: 4136 encountered, 0 discovered, 0 enqueued
[2024-01-04T11:52:17.429+0800][gc,ref      ] GC(6) Weak: 2567 encountered, 436 discovered, 295 enqueued
[2024-01-04T11:52:17.429+0800][gc,ref      ] GC(6) Final: 498 encountered, 156 discovered, 155 enqueued
[2024-01-04T11:52:17.429+0800][gc,ref      ] GC(6) Phantom: 296 encountered, 231 discovered, 0 enqueued
[2024-01-04T11:52:17.429+0800][gc,reloc    ] GC(6) Small Pages: 63 / 126M, Empty: 8M, Relocated: 8M, In-Place: 0
[2024-01-04T11:52:17.429+0800][gc,reloc    ] GC(6) Medium Pages: 1 / 32M, Empty: 0M, Relocated: 0M, In-Place: 0
[2024-01-04T11:52:17.429+0800][gc,reloc    ] GC(6) Large Pages: 0 / 0M, Empty: 0M, Relocated: 0M, In-Place: 0
[2024-01-04T11:52:17.429+0800][gc,reloc    ] GC(6) Forwarding Usage: 0M
[2024-01-04T11:52:17.429+0800][gc,heap     ] GC(6) Min Capacity: 8M(0%)
[2024-01-04T11:52:17.429+0800][gc,heap     ] GC(6) Max Capacity: 3890M(100%)
[2024-01-04T11:52:17.429+0800][gc,heap     ] GC(6) Soft Max Capacity: 3890M(100%)
[2024-01-04T11:52:17.429+0800][gc,heap     ] GC(6)                Mark Start          Mark End        Relocate Start      Relocate End           High               Low         
[2024-01-04T11:52:17.429+0800][gc,heap     ] GC(6)  Capacity:      602M (15%)         602M (15%)         602M (15%)         602M (15%)         602M (15%)         602M (15%)    
[2024-01-04T11:52:17.429+0800][gc,heap     ] GC(6)      Free:     3732M (96%)        3732M (96%)        3740M (96%)        3828M (98%)        3828M (98%)        3732M (96%)    
[2024-01-04T11:52:17.429+0800][gc,heap     ] GC(6)      Used:      158M (4%)          158M (4%)          150M (4%)           62M (2%)          158M (4%)           62M (2%)     
[2024-01-04T11:52:17.429+0800][gc,heap     ] GC(6)      Live:         -                26M (1%)           26M (1%)           26M (1%)             -                  -          
[2024-01-04T11:52:17.429+0800][gc,heap     ] GC(6) Allocated:         -                 0M (0%)            0M (0%)            0M (0%)             -                  -          
[2024-01-04T11:52:17.429+0800][gc,heap     ] GC(6)   Garbage:         -               131M (3%)          123M (3%)           35M (1%)             -                  -          
[2024-01-04T11:52:17.429+0800][gc,heap     ] GC(6) Reclaimed:         -                  -                 8M (0%)           96M (2%)             -                  -          
[2024-01-04T11:52:17.429+0800][gc          ] GC(6) Garbage Collection (Proactive) 158M(4%)->62M(2%)
[2024-01-04T11:52:17.648+0800][gc,heap     ] Uncommitted: 444M(11%)
[2024-01-04T11:52:18.501+0800][gc,stats    ] === Garbage Collection Statistics =======================================================================================================================
[2024-01-04T11:52:18.501+0800][gc,stats    ]                                                              Last 10s              Last 10m              Last 10h                Total
[2024-01-04T11:52:18.501+0800][gc,stats    ]                                                              Avg / Max             Avg / Max             Avg / Max             Avg / Max
[2024-01-04T11:52:18.501+0800][gc,stats    ]   Collector: Garbage Collection Cycle                     26.566 / 26.566       40.426 / 54.287      146.834 / 396.896     146.834 / 396.896     ms
[2024-01-04T11:52:18.501+0800][gc,stats    ]  Contention: Mark Segment Reset Contention                     0 / 4                 0 / 4                 0 / 4                 0 / 4           ops/s
[2024-01-04T11:52:18.501+0800][gc,stats    ]  Contention: Mark SeqNum Reset Contention                      0 / 1                 0 / 1                 0 / 2                 0 / 2           ops/s
[2024-01-04T11:52:18.501+0800][gc,stats    ]    Critical: Allocation Stall                                  0 / 0                 0 / 0                 0 / 0                 0 / 0           ops/s
[2024-01-04T11:52:18.501+0800][gc,stats    ]    Critical: Allocation Stall                              0.000 / 0.000         0.000 / 0.000         0.000 / 0.000         0.000 / 0.000       ms
[2024-01-04T11:52:18.501+0800][gc,stats    ]    Critical: GC Locker Stall                                   0 / 0                 0 / 0                 0 / 0                 0 / 0           ops/s
[2024-01-04T11:52:18.501+0800][gc,stats    ]    Critical: GC Locker Stall                               0.000 / 0.000         0.000 / 0.000         0.000 / 0.000         0.000 / 0.000       ms
[2024-01-04T11:52:18.501+0800][gc,stats    ]    Critical: Relocation Stall                                  0 / 0                 0 / 0                 0 / 0                 0 / 0           ops/s
[2024-01-04T11:52:18.501+0800][gc,stats    ]    Critical: Relocation Stall                              0.000 / 0.000         0.000 / 0.000         0.000 / 0.000         0.000 / 0.000       ms
[2024-01-04T11:52:18.501+0800][gc,stats    ]      Memory: Allocation Rate                                   0 / 2                 0 / 90                4 / 428               4 / 428         MB/s
[2024-01-04T11:52:18.501+0800][gc,stats    ]      Memory: Defragment                                        0 / 0                 0 / 0                 0 / 29                0 / 29          ops/s
[2024-01-04T11:52:18.501+0800][gc,stats    ]      Memory: Out Of Memory                                     0 / 0                 0 / 0                 0 / 0                 0 / 0           ops/s
[2024-01-04T11:52:18.501+0800][gc,stats    ]      Memory: Page Cache Flush                                  0 / 0                 0 / 0                 0 / 58                0 / 58          MB/s
[2024-01-04T11:52:18.501+0800][gc,stats    ]      Memory: Page Cache Hit L1                                 0 / 6                 0 / 45                1 / 83                1 / 83          ops/s
[2024-01-04T11:52:18.501+0800][gc,stats    ]      Memory: Page Cache Hit L2                                 0 / 0                 0 / 0                 0 / 0                 0 / 0           ops/s
[2024-01-04T11:52:18.501+0800][gc,stats    ]      Memory: Page Cache Hit L3                                 0 / 0                 0 / 0                 0 / 53                0 / 53          ops/s
[2024-01-04T11:52:18.501+0800][gc,stats    ]      Memory: Page Cache Miss                                   0 / 0                 0 / 0                 0 / 65                0 / 65          ops/s
[2024-01-04T11:52:18.501+0800][gc,stats    ]      Memory: Uncommit                                         44 / 444               2 / 960               2 / 960               2 / 960         MB/s
[2024-01-04T11:52:18.501+0800][gc,stats    ]      Memory: Undo Object Allocation Failed                     0 / 0                 0 / 0                 0 / 3                 0 / 3           ops/s
[2024-01-04T11:52:18.501+0800][gc,stats    ]      Memory: Undo Object Allocation Succeeded                  0 / 0                 0 / 0                 0 / 140               0 / 140         ops/s
[2024-01-04T11:52:18.501+0800][gc,stats    ]      Memory: Undo Page Allocation                              0 / 0                 0 / 0                 0 / 9                 0 / 9           ops/s
[2024-01-04T11:52:18.501+0800][gc,stats    ]       Phase: Concurrent Mark                              15.856 / 15.856       23.829 / 31.802      108.144 / 310.445     108.144 / 310.445     ms
[2024-01-04T11:52:18.501+0800][gc,stats    ]       Phase: Concurrent Mark Continue                      0.000 / 0.000         0.000 / 0.000         0.000 / 0.000         0.000 / 0.000       ms
[2024-01-04T11:52:18.501+0800][gc,stats    ]       Phase: Concurrent Mark Free                          0.001 / 0.001         0.001 / 0.001         0.001 / 0.001         0.001 / 0.001       ms
[2024-01-04T11:52:18.501+0800][gc,stats    ]       Phase: Concurrent Process Non-Strong References      5.106 / 5.106         5.393 / 5.680         6.676 / 14.900        6.676 / 14.900      ms
[2024-01-04T11:52:18.501+0800][gc,stats    ]       Phase: Concurrent Relocate                           1.579 / 1.579         5.694 / 9.810        23.195 / 56.995       23.195 / 56.995      ms
[2024-01-04T11:52:18.501+0800][gc,stats    ]       Phase: Concurrent Reset Relocation Set               0.021 / 0.021         0.043 / 0.066         0.021 / 0.066         0.021 / 0.066       ms
[2024-01-04T11:52:18.501+0800][gc,stats    ]       Phase: Concurrent Select Relocation Set              3.349 / 3.349         4.743 / 6.137         7.776 / 19.186        7.776 / 19.186      ms
[2024-01-04T11:52:18.501+0800][gc,stats    ]       Phase: Pause Mark End                                0.020 / 0.020         0.022 / 0.024         0.022 / 0.032         0.022 / 0.032       ms
[2024-01-04T11:52:18.501+0800][gc,stats    ]       Phase: Pause Mark Start                              0.011 / 0.011         0.013 / 0.015         0.019 / 0.064         0.019 / 0.064       ms
[2024-01-04T11:52:18.501+0800][gc,stats    ]       Phase: Pause Relocate Start                          0.010 / 0.010         0.011 / 0.012         0.012 / 0.020         0.012 / 0.020       ms
[2024-01-04T11:52:18.501+0800][gc,stats    ]    Subphase: Concurrent Classes Purge                      0.159 / 0.159         0.151 / 0.159         0.154 / 0.351         0.154 / 0.351       ms
[2024-01-04T11:52:18.501+0800][gc,stats    ]    Subphase: Concurrent Classes Unlink                     4.446 / 4.446         4.035 / 4.446         4.300 / 11.912        4.300 / 11.912      ms
[2024-01-04T11:52:18.501+0800][gc,stats    ]    Subphase: Concurrent Mark                              13.773 / 14.678       21.924 / 30.600      103.627 / 295.705     103.627 / 295.705     ms
[2024-01-04T11:52:18.501+0800][gc,stats    ]    Subphase: Concurrent Mark Try Flush                     0.058 / 0.099         0.047 / 0.099         0.049 / 0.125         0.049 / 0.125       ms
[2024-01-04T11:52:18.501+0800][gc,stats    ]    Subphase: Concurrent Mark Try Terminate                 2.363 / 4.136         1.627 / 4.136         2.730 / 15.520        2.730 / 15.520      ms
[2024-01-04T11:52:18.501+0800][gc,stats    ]    Subphase: Concurrent References Enqueue                 0.005 / 0.005         0.004 / 0.005         0.004 / 0.005         0.004 / 0.005       ms
[2024-01-04T11:52:18.501+0800][gc,stats    ]    Subphase: Concurrent References Process                 0.044 / 0.044         0.749 / 1.453         1.668 / 5.276         1.668 / 5.276       ms
[2024-01-04T11:52:18.501+0800][gc,stats    ]    Subphase: Concurrent Roots ClassLoaderDataGraph         0.073 / 0.273         0.064 / 0.273         0.151 / 2.096         0.151 / 2.096       ms
[2024-01-04T11:52:18.501+0800][gc,stats    ]    Subphase: Concurrent Roots CodeCache                    0.000 / 0.000         0.000 / 0.000         0.000 / 0.000         0.000 / 0.000       ms
[2024-01-04T11:52:18.501+0800][gc,stats    ]    Subphase: Concurrent Roots JavaThreads                  0.950 / 1.060         0.984 / 1.064         2.863 / 14.095        2.863 / 14.095      ms
[2024-01-04T11:52:18.501+0800][gc,stats    ]    Subphase: Concurrent Roots OopStorageSet                0.029 / 0.034         0.027 / 0.034         0.045 / 0.159         0.045 / 0.159       ms
[2024-01-04T11:52:18.501+0800][gc,stats    ]    Subphase: Concurrent Weak Roots OopStorageSet           0.351 / 0.351         0.355 / 0.361         0.444 / 0.631         0.444 / 0.631       ms
[2024-01-04T11:52:18.501+0800][gc,stats    ]    Subphase: Pause Mark Try Complete                       0.000 / 0.000         0.000 / 0.000         0.002 / 0.004         0.002 / 0.004       ms
[2024-01-04T11:52:18.501+0800][gc,stats    ]      System: Java Threads                                     69 / 69               69 / 69               63 / 79               63 / 79          threads
[2024-01-04T11:52:18.501+0800][gc,stats    ] =========================================================================================================================================================
[2024-01-04T11:52:28.498+0800][gc,stats    ] === Garbage Collection Statistics =======================================================================================================================
[2024-01-04T11:52:28.498+0800][gc,stats    ]                                                              Last 10s              Last 10m              Last 10h                Total
[2024-01-04T11:52:28.498+0800][gc,stats    ]                                                              Avg / Max             Avg / Max             Avg / Max             Avg / Max
[2024-01-04T11:52:28.498+0800][gc,stats    ]   Collector: Garbage Collection Cycle                      0.000 / 0.000        40.426 / 54.287      146.834 / 396.896     146.834 / 396.896     ms
[2024-01-04T11:52:28.498+0800][gc,stats    ]  Contention: Mark Segment Reset Contention                     0 / 0                 0 / 4                 0 / 4                 0 / 4           ops/s
[2024-01-04T11:52:28.498+0800][gc,stats    ]  Contention: Mark SeqNum Reset Contention                      0 / 0                 0 / 1                 0 / 2                 0 / 2           ops/s
[2024-01-04T11:52:28.498+0800][gc,stats    ]    Critical: Allocation Stall                                  0 / 0                 0 / 0                 0 / 0                 0 / 0           ops/s
[2024-01-04T11:52:28.498+0800][gc,stats    ]    Critical: Allocation Stall                              0.000 / 0.000         0.000 / 0.000         0.000 / 0.000         0.000 / 0.000       ms
[2024-01-04T11:52:28.498+0800][gc,stats    ]    Critical: GC Locker Stall                                   0 / 0                 0 / 0                 0 / 0                 0 / 0           ops/s
[2024-01-04T11:52:28.498+0800][gc,stats    ]    Critical: GC Locker Stall                               0.000 / 0.000         0.000 / 0.000         0.000 / 0.000         0.000 / 0.000       ms
[2024-01-04T11:52:28.498+0800][gc,stats    ]    Critical: Relocation Stall                                  0 / 0                 0 / 0                 0 / 0                 0 / 0           ops/s
[2024-01-04T11:52:28.498+0800][gc,stats    ]    Critical: Relocation Stall                              0.000 / 0.000         0.000 / 0.000         0.000 / 0.000         0.000 / 0.000       ms
[2024-01-04T11:52:28.498+0800][gc,stats    ]      Memory: Allocation Rate                                   1 / 6                 0 / 10                4 / 428               4 / 428         MB/s
[2024-01-04T11:52:28.498+0800][gc,stats    ]      Memory: Defragment                                        0 / 0                 0 / 0                 0 / 29                0 / 29          ops/s
[2024-01-04T11:52:28.498+0800][gc,stats    ]      Memory: Out Of Memory                                     0 / 0                 0 / 0                 0 / 0                 0 / 0           ops/s
[2024-01-04T11:52:28.498+0800][gc,stats    ]      Memory: Page Cache Flush                                  0 / 0                 0 / 0                 0 / 58                0 / 58          MB/s
[2024-01-04T11:52:28.498+0800][gc,stats    ]      Memory: Page Cache Hit L1                                 0 / 3                 0 / 24                1 / 83                1 / 83          ops/s
[2024-01-04T11:52:28.498+0800][gc,stats    ]      Memory: Page Cache Hit L2                                 0 / 0                 0 / 0                 0 / 0                 0 / 0           ops/s
[2024-01-04T11:52:28.498+0800][gc,stats    ]      Memory: Page Cache Hit L3                                 0 / 0                 0 / 0                 0 / 53                0 / 53          ops/s
[2024-01-04T11:52:28.498+0800][gc,stats    ]      Memory: Page Cache Miss                                   0 / 0                 0 / 0                 0 / 65                0 / 65          ops/s
[2024-01-04T11:52:28.498+0800][gc,stats    ]      Memory: Uncommit                                          0 / 0                 2 / 960               2 / 960               2 / 960         MB/s
[2024-01-04T11:52:28.498+0800][gc,stats    ]      Memory: Undo Object Allocation Failed                     0 / 0                 0 / 0                 0 / 3                 0 / 3           ops/s
[2024-01-04T11:52:28.498+0800][gc,stats    ]      Memory: Undo Object Allocation Succeeded                  0 / 0                 0 / 0                 0 / 140               0 / 140         ops/s
[2024-01-04T11:52:28.498+0800][gc,stats    ]      Memory: Undo Page Allocation                              0 / 0                 0 / 0                 0 / 9                 0 / 9           ops/s
[2024-01-04T11:52:28.498+0800][gc,stats    ]       Phase: Concurrent Mark                               0.000 / 0.000        23.829 / 31.802      108.144 / 310.445     108.144 / 310.445     ms
[2024-01-04T11:52:28.498+0800][gc,stats    ]       Phase: Concurrent Mark Continue                      0.000 / 0.000         0.000 / 0.000         0.000 / 0.000         0.000 / 0.000       ms
[2024-01-04T11:52:28.498+0800][gc,stats    ]       Phase: Concurrent Mark Free                          0.000 / 0.000         0.001 / 0.001         0.001 / 0.001         0.001 / 0.001       ms
[2024-01-04T11:52:28.498+0800][gc,stats    ]       Phase: Concurrent Process Non-Strong References      0.000 / 0.000         5.393 / 5.680         6.676 / 14.900        6.676 / 14.900      ms
[2024-01-04T11:52:28.498+0800][gc,stats    ]       Phase: Concurrent Relocate                           0.000 / 0.000         5.694 / 9.810        23.195 / 56.995       23.195 / 56.995      ms
[2024-01-04T11:52:28.498+0800][gc,stats    ]       Phase: Concurrent Reset Relocation Set               0.000 / 0.000         0.043 / 0.066         0.021 / 0.066         0.021 / 0.066       ms
[2024-01-04T11:52:28.498+0800][gc,stats    ]       Phase: Concurrent Select Relocation Set              0.000 / 0.000         4.743 / 6.137         7.776 / 19.186        7.776 / 19.186      ms
[2024-01-04T11:52:28.498+0800][gc,stats    ]       Phase: Pause Mark End                                0.000 / 0.000         0.022 / 0.024         0.022 / 0.032         0.022 / 0.032       ms
[2024-01-04T11:52:28.498+0800][gc,stats    ]       Phase: Pause Mark Start                              0.000 / 0.000         0.013 / 0.015         0.019 / 0.064         0.019 / 0.064       ms
[2024-01-04T11:52:28.498+0800][gc,stats    ]       Phase: Pause Relocate Start                          0.000 / 0.000         0.011 / 0.012         0.012 / 0.020         0.012 / 0.020       ms
[2024-01-04T11:52:28.498+0800][gc,stats    ]    Subphase: Concurrent Classes Purge                      0.000 / 0.000         0.151 / 0.159         0.154 / 0.351         0.154 / 0.351       ms
[2024-01-04T11:52:28.498+0800][gc,stats    ]    Subphase: Concurrent Classes Unlink                     0.000 / 0.000         4.035 / 4.446         4.300 / 11.912        4.300 / 11.912      ms
[2024-01-04T11:52:28.498+0800][gc,stats    ]    Subphase: Concurrent Mark                               0.000 / 0.000        21.924 / 30.600      103.627 / 295.705     103.627 / 295.705     ms
[2024-01-04T11:52:28.498+0800][gc,stats    ]    Subphase: Concurrent Mark Try Flush                     0.000 / 0.000         0.047 / 0.099         0.049 / 0.125         0.049 / 0.125       ms
[2024-01-04T11:52:28.498+0800][gc,stats    ]    Subphase: Concurrent Mark Try Terminate                 0.000 / 0.000         1.627 / 4.136         2.730 / 15.520        2.730 / 15.520      ms
[2024-01-04T11:52:28.498+0800][gc,stats    ]    Subphase: Concurrent References Enqueue                 0.000 / 0.000         0.004 / 0.005         0.004 / 0.005         0.004 / 0.005       ms
[2024-01-04T11:52:28.498+0800][gc,stats    ]    Subphase: Concurrent References Process                 0.000 / 0.000         0.749 / 1.453         1.668 / 5.276         1.668 / 5.276       ms
[2024-01-04T11:52:28.498+0800][gc,stats    ]    Subphase: Concurrent Roots ClassLoaderDataGraph         0.000 / 0.000         0.064 / 0.273         0.151 / 2.096         0.151 / 2.096       ms
[2024-01-04T11:52:28.498+0800][gc,stats    ]    Subphase: Concurrent Roots CodeCache                    0.000 / 0.000         0.000 / 0.000         0.000 / 0.000         0.000 / 0.000       ms
[2024-01-04T11:52:28.498+0800][gc,stats    ]    Subphase: Concurrent Roots JavaThreads                  0.000 / 0.000         0.984 / 1.064         2.863 / 14.095        2.863 / 14.095      ms
[2024-01-04T11:52:28.498+0800][gc,stats    ]    Subphase: Concurrent Roots OopStorageSet                0.000 / 0.000         0.027 / 0.034         0.045 / 0.159         0.045 / 0.159       ms
[2024-01-04T11:52:28.498+0800][gc,stats    ]    Subphase: Concurrent Weak Roots OopStorageSet           0.000 / 0.000         0.355 / 0.361         0.444 / 0.631         0.444 / 0.631       ms
[2024-01-04T11:52:28.498+0800][gc,stats    ]    Subphase: Pause Mark Try Complete                       0.000 / 0.000         0.000 / 0.000         0.002 / 0.004         0.002 / 0.004       ms
[2024-01-04T11:52:28.498+0800][gc,stats    ]      System: Java Threads                                      0 / 0                69 / 69               63 / 79               63 / 79          threads
[2024-01-04T11:52:28.498+0800][gc,stats    ] =========================================================================================================================================================
[2024-01-04T11:52:38.501+0800][gc,stats    ] === Garbage Collection Statistics =======================================================================================================================
[2024-01-04T11:52:38.501+0800][gc,stats    ]                                                              Last 10s              Last 10m              Last 10h                Total
[2024-01-04T11:52:38.501+0800][gc,stats    ]                                                              Avg / Max             Avg / Max             Avg / Max             Avg / Max
[2024-01-04T11:52:38.501+0800][gc,stats    ]   Collector: Garbage Collection Cycle                      0.000 / 0.000        40.426 / 54.287      146.834 / 396.896     146.834 / 396.896     ms
[2024-01-04T11:52:38.501+0800][gc,stats    ]  Contention: Mark Segment Reset Contention                     0 / 0                 0 / 4                 0 / 4                 0 / 4           ops/s
[2024-01-04T11:52:38.501+0800][gc,stats    ]  Contention: Mark SeqNum Reset Contention                      0 / 0                 0 / 1                 0 / 2                 0 / 2           ops/s
[2024-01-04T11:52:38.501+0800][gc,stats    ]    Critical: Allocation Stall                                  0 / 0                 0 / 0                 0 / 0                 0 / 0           ops/s
[2024-01-04T11:52:38.501+0800][gc,stats    ]    Critical: Allocation Stall                              0.000 / 0.000         0.000 / 0.000         0.000 / 0.000         0.000 / 0.000       ms
[2024-01-04T11:52:38.501+0800][gc,stats    ]    Critical: GC Locker Stall                                   0 / 0                 0 / 0                 0 / 0                 0 / 0           ops/s
[2024-01-04T11:52:38.501+0800][gc,stats    ]    Critical: GC Locker Stall                               0.000 / 0.000         0.000 / 0.000         0.000 / 0.000         0.000 / 0.000       ms
[2024-01-04T11:52:38.501+0800][gc,stats    ]    Critical: Relocation Stall                                  0 / 0                 0 / 0                 0 / 0                 0 / 0           ops/s
[2024-01-04T11:52:38.501+0800][gc,stats    ]    Critical: Relocation Stall                              0.000 / 0.000         0.000 / 0.000         0.000 / 0.000         0.000 / 0.000       ms
[2024-01-04T11:52:38.501+0800][gc,stats    ]      Memory: Allocation Rate                                   0 / 2                 0 / 10                4 / 428               4 / 428         MB/s
[2024-01-04T11:52:38.501+0800][gc,stats    ]      Memory: Defragment                                        0 / 0                 0 / 0                 0 / 29                0 / 29          ops/s
[2024-01-04T11:52:38.501+0800][gc,stats    ]      Memory: Out Of Memory                                     0 / 0                 0 / 0                 0 / 0                 0 / 0           ops/s
[2024-01-04T11:52:38.501+0800][gc,stats    ]      Memory: Page Cache Flush                                  0 / 0                 0 / 0                 0 / 58                0 / 58          MB/s
[2024-01-04T11:52:38.501+0800][gc,stats    ]      Memory: Page Cache Hit L1                                 0 / 1                 0 / 24                1 / 83                1 / 83          ops/s
[2024-01-04T11:52:38.501+0800][gc,stats    ]      Memory: Page Cache Hit L2                                 0 / 0                 0 / 0                 0 / 0                 0 / 0           ops/s
[2024-01-04T11:52:38.501+0800][gc,stats    ]      Memory: Page Cache Hit L3                                 0 / 0                 0 / 0                 0 / 53                0 / 53          ops/s
[2024-01-04T11:52:38.501+0800][gc,stats    ]      Memory: Page Cache Miss                                   0 / 0                 0 / 0                 0 / 65                0 / 65          ops/s
[2024-01-04T11:52:38.501+0800][gc,stats    ]      Memory: Uncommit                                          0 / 0                 2 / 960               2 / 960               2 / 960         MB/s
[2024-01-04T11:52:38.501+0800][gc,stats    ]      Memory: Undo Object Allocation Failed                     0 / 0                 0 / 0                 0 / 3                 0 / 3           ops/s
[2024-01-04T11:52:38.501+0800][gc,stats    ]      Memory: Undo Object Allocation Succeeded                  0 / 0                 0 / 0                 0 / 140               0 / 140         ops/s
[2024-01-04T11:52:38.501+0800][gc,stats    ]      Memory: Undo Page Allocation                              0 / 0                 0 / 0                 0 / 9                 0 / 9           ops/s
[2024-01-04T11:52:38.501+0800][gc,stats    ]       Phase: Concurrent Mark                               0.000 / 0.000        23.829 / 31.802      108.144 / 310.445     108.144 / 310.445     ms
[2024-01-04T11:52:38.501+0800][gc,stats    ]       Phase: Concurrent Mark Continue                      0.000 / 0.000         0.000 / 0.000         0.000 / 0.000         0.000 / 0.000       ms
[2024-01-04T11:52:38.501+0800][gc,stats    ]       Phase: Concurrent Mark Free                          0.000 / 0.000         0.001 / 0.001         0.001 / 0.001         0.001 / 0.001       ms
[2024-01-04T11:52:38.501+0800][gc,stats    ]       Phase: Concurrent Process Non-Strong References      0.000 / 0.000         5.393 / 5.680         6.676 / 14.900        6.676 / 14.900      ms
[2024-01-04T11:52:38.501+0800][gc,stats    ]       Phase: Concurrent Relocate                           0.000 / 0.000         5.694 / 9.810        23.195 / 56.995       23.195 / 56.995      ms
[2024-01-04T11:52:38.501+0800][gc,stats    ]       Phase: Concurrent Reset Relocation Set               0.000 / 0.000         0.043 / 0.066         0.021 / 0.066         0.021 / 0.066       ms
[2024-01-04T11:52:38.501+0800][gc,stats    ]       Phase: Concurrent Select Relocation Set              0.000 / 0.000         4.743 / 6.137         7.776 / 19.186        7.776 / 19.186      ms
[2024-01-04T11:52:38.501+0800][gc,stats    ]       Phase: Pause Mark End                                0.000 / 0.000         0.022 / 0.024         0.022 / 0.032         0.022 / 0.032       ms
[2024-01-04T11:52:38.501+0800][gc,stats    ]       Phase: Pause Mark Start                              0.000 / 0.000         0.013 / 0.015         0.019 / 0.064         0.019 / 0.064       ms
[2024-01-04T11:52:38.501+0800][gc,stats    ]       Phase: Pause Relocate Start                          0.000 / 0.000         0.011 / 0.012         0.012 / 0.020         0.012 / 0.020       ms
[2024-01-04T11:52:38.501+0800][gc,stats    ]    Subphase: Concurrent Classes Purge                      0.000 / 0.000         0.151 / 0.159         0.154 / 0.351         0.154 / 0.351       ms
[2024-01-04T11:52:38.501+0800][gc,stats    ]    Subphase: Concurrent Classes Unlink                     0.000 / 0.000         4.035 / 4.446         4.300 / 11.912        4.300 / 11.912      ms
[2024-01-04T11:52:38.501+0800][gc,stats    ]    Subphase: Concurrent Mark                               0.000 / 0.000        21.924 / 30.600      103.627 / 295.705     103.627 / 295.705     ms
[2024-01-04T11:52:38.501+0800][gc,stats    ]    Subphase: Concurrent Mark Try Flush                     0.000 / 0.000         0.047 / 0.099         0.049 / 0.125         0.049 / 0.125       ms
[2024-01-04T11:52:38.501+0800][gc,stats    ]    Subphase: Concurrent Mark Try Terminate                 0.000 / 0.000         1.627 / 4.136         2.730 / 15.520        2.730 / 15.520      ms
[2024-01-04T11:52:38.501+0800][gc,stats    ]    Subphase: Concurrent References Enqueue                 0.000 / 0.000         0.004 / 0.005         0.004 / 0.005         0.004 / 0.005       ms
[2024-01-04T11:52:38.501+0800][gc,stats    ]    Subphase: Concurrent References Process                 0.000 / 0.000         0.749 / 1.453         1.668 / 5.276         1.668 / 5.276       ms
[2024-01-04T11:52:38.501+0800][gc,stats    ]    Subphase: Concurrent Roots ClassLoaderDataGraph         0.000 / 0.000         0.064 / 0.273         0.151 / 2.096         0.151 / 2.096       ms
[2024-01-04T11:52:38.501+0800][gc,stats    ]    Subphase: Concurrent Roots CodeCache                    0.000 / 0.000         0.000 / 0.000         0.000 / 0.000         0.000 / 0.000       ms
[2024-01-04T11:52:38.501+0800][gc,stats    ]    Subphase: Concurrent Roots JavaThreads                  0.000 / 0.000         0.984 / 1.064         2.863 / 14.095        2.863 / 14.095      ms
[2024-01-04T11:52:38.501+0800][gc,stats    ]    Subphase: Concurrent Roots OopStorageSet                0.000 / 0.000         0.027 / 0.034         0.045 / 0.159         0.045 / 0.159       ms
[2024-01-04T11:52:38.501+0800][gc,stats    ]    Subphase: Concurrent Weak Roots OopStorageSet           0.000 / 0.000         0.355 / 0.361         0.444 / 0.631         0.444 / 0.631       ms
[2024-01-04T11:52:38.501+0800][gc,stats    ]    Subphase: Pause Mark Try Complete                       0.000 / 0.000         0.000 / 0.000         0.002 / 0.004         0.002 / 0.004       ms
[2024-01-04T11:52:38.501+0800][gc,stats    ]      System: Java Threads                                      0 / 0                69 / 69               63 / 79               63 / 79          threads
[2024-01-04T11:52:38.501+0800][gc,stats    ] =========================================================================================================================================================
[2024-01-04T11:52:46.269+0800][gc,heap,exit] Heap
[2024-01-04T11:52:46.269+0800][gc,heap,exit]  ZHeap           used 94M, capacity 158M, max capacity 3890M
[2024-01-04T11:52:46.269+0800][gc,heap,exit]  Metaspace       used 43058K, committed 43584K, reserved 1114112K
[2024-01-04T11:52:46.269+0800][gc,heap,exit]   class space    used 4591K, committed 4864K, reserved 1048576K
