[2023-11-16T15:03:45.004+0800][gc,init] Initializing The Z Garbage Collector
[2023-11-16T15:03:45.004+0800][gc,init] Version: 19.0.2+7-44 (release)
[2023-11-16T15:03:45.004+0800][gc,init] NUMA Support: Disabled
[2023-11-16T15:03:45.004+0800][gc,init] CPUs: 16 total, 16 available
[2023-11-16T15:03:45.005+0800][gc,init] Memory: 15556M
[2023-11-16T15:03:45.005+0800][gc,init] Large Page Support: Disabled
[2023-11-16T15:03:45.005+0800][gc,init] GC Workers: 4 (dynamic)
[2023-11-16T15:03:45.006+0800][gc,init] Address Space Type: Contiguous/Unrestricted/Complete
[2023-11-16T15:03:45.006+0800][gc,init] Address Space Size: 163840M x 3 = 491520M
[2023-11-16T15:03:45.006+0800][gc,init] Min Capacity: 10240M
[2023-11-16T15:03:45.006+0800][gc,init] Initial Capacity: 10240M
[2023-11-16T15:03:45.006+0800][gc,init] Max Capacity: 10240M
[2023-11-16T15:03:45.006+0800][gc,init] Medium Page Size: 32M
[2023-11-16T15:03:45.006+0800][gc,init] Pre-touch: Disabled
[2023-11-16T15:03:45.006+0800][gc,init] Uncommit: Implicitly Disabled (-Xms equals -Xmx)
[2023-11-16T15:03:45.497+0800][gc,init] Runtime Workers: 10
[2023-11-16T15:03:45.498+0800][gc     ] Using The Z Garbage Collector
[2023-11-16T15:03:45.506+0800][gc,metaspace] CDS archive(s) mapped at: [0x0000000800000000-0x0000000800c40000-0x0000000800c40000), size 12845056, SharedBaseAddress: 0x0000000800000000, ArchiveRelocationMode: 0.
[2023-11-16T15:03:45.506+0800][gc,metaspace] Compressed class space mapped at: 0x0000000801000000-0x0000000841000000, reserved size: 1073741824
[2023-11-16T15:03:45.506+0800][gc,metaspace] Narrow klass base: 0x0000000800000000, Narrow klass shift: 0, Narrow klass range: 0x100000000
[2023-11-16T15:03:48.719+0800][gc,start    ] GC(0) Garbage Collection (Metadata GC Threshold)
[2023-11-16T15:03:48.720+0800][gc,task     ] GC(0) Using 4 workers
[2023-11-16T15:03:48.720+0800][gc,phases   ] GC(0) Pause Mark Start 0.015ms
[2023-11-16T15:03:48.744+0800][gc,phases   ] GC(0) Concurrent Mark 24.050ms
[2023-11-16T15:03:48.744+0800][gc,phases   ] GC(0) Pause Mark End 0.019ms
[2023-11-16T15:03:48.744+0800][gc,phases   ] GC(0) Concurrent Mark Free 0.001ms
[2023-11-16T15:03:48.745+0800][gc,phases   ] GC(0) Concurrent Process Non-Strong References 1.571ms
[2023-11-16T15:03:48.745+0800][gc,phases   ] GC(0) Concurrent Reset Relocation Set 0.001ms
[2023-11-16T15:03:48.753+0800][gc,phases   ] GC(0) Concurrent Select Relocation Set 8.184ms
[2023-11-16T15:03:48.753+0800][gc,phases   ] GC(0) Pause Relocate Start 0.009ms
[2023-11-16T15:03:48.756+0800][gc,phases   ] GC(0) Concurrent Relocate 2.961ms
[2023-11-16T15:03:48.756+0800][gc,load     ] GC(0) Load: 0.00/0.00/0.00
[2023-11-16T15:03:48.756+0800][gc,mmu      ] GC(0) MMU: 2ms/99.0%, 5ms/99.6%, 10ms/99.8%, 20ms/99.9%, 50ms/99.9%, 100ms/100.0%
[2023-11-16T15:03:48.756+0800][gc,marking  ] GC(0) Mark: 4 stripe(s), 2 proactive flush(es), 1 terminate flush(es), 0 completion(s), 0 continuation(s) 
[2023-11-16T15:03:48.756+0800][gc,marking  ] GC(0) Mark Stack Usage: 32M
[2023-11-16T15:03:48.757+0800][gc,nmethod  ] GC(0) NMethods: 2477 registered, 0 unregistered
[2023-11-16T15:03:48.757+0800][gc,metaspace] GC(0) Metaspace: 21M used, 21M committed, 1088M reserved
[2023-11-16T15:03:48.757+0800][gc,ref      ] GC(0) Soft: 3708 encountered, 0 discovered, 0 enqueued
[2023-11-16T15:03:48.757+0800][gc,ref      ] GC(0) Weak: 1642 encountered, 477 discovered, 437 enqueued
[2023-11-16T15:03:48.757+0800][gc,ref      ] GC(0) Final: 0 encountered, 0 discovered, 0 enqueued
[2023-11-16T15:03:48.757+0800][gc,ref      ] GC(0) Phantom: 431 encountered, 366 discovered, 163 enqueued
[2023-11-16T15:03:48.757+0800][gc,reloc    ] GC(0) Small Pages: 78 / 156M, Empty: 22M, Relocated: 8M, In-Place: 0
[2023-11-16T15:03:48.757+0800][gc,reloc    ] GC(0) Medium Pages: 1 / 32M, Empty: 0M, Relocated: 0M, In-Place: 0
[2023-11-16T15:03:48.757+0800][gc,reloc    ] GC(0) Large Pages: 0 / 0M, Empty: 0M, Relocated: 0M, In-Place: 0
[2023-11-16T15:03:48.757+0800][gc,reloc    ] GC(0) Forwarding Usage: 2M
[2023-11-16T15:03:48.757+0800][gc,heap     ] GC(0) Min Capacity: 10240M(100%)
[2023-11-16T15:03:48.757+0800][gc,heap     ] GC(0) Max Capacity: 10240M(100%)
[2023-11-16T15:03:48.757+0800][gc,heap     ] GC(0) Soft Max Capacity: 10240M(100%)
[2023-11-16T15:03:48.757+0800][gc,heap     ] GC(0)                Mark Start          Mark End        Relocate Start      Relocate End           High               Low         
[2023-11-16T15:03:48.757+0800][gc,heap     ] GC(0)  Capacity:    10240M (100%)      10240M (100%)      10240M (100%)      10240M (100%)      10240M (100%)      10240M (100%)   
[2023-11-16T15:03:48.757+0800][gc,heap     ] GC(0)      Free:    10052M (98%)       10048M (98%)       10066M (98%)       10182M (99%)       10182M (99%)       10044M (98%)    
[2023-11-16T15:03:48.757+0800][gc,heap     ] GC(0)      Used:      188M (2%)          192M (2%)          174M (2%)           58M (1%)          196M (2%)           58M (1%)     
[2023-11-16T15:03:48.757+0800][gc,heap     ] GC(0)      Live:         -                12M (0%)           12M (0%)           12M (0%)             -                  -          
[2023-11-16T15:03:48.757+0800][gc,heap     ] GC(0) Allocated:         -                 4M (0%)            8M (0%)            9M (0%)             -                  -          
[2023-11-16T15:03:48.757+0800][gc,heap     ] GC(0)   Garbage:         -               175M (2%)          153M (1%)           35M (0%)             -                  -          
[2023-11-16T15:03:48.757+0800][gc,heap     ] GC(0) Reclaimed:         -                  -                22M (0%)          139M (1%)             -                  -          
[2023-11-16T15:03:48.757+0800][gc          ] GC(0) Garbage Collection (Metadata GC Threshold) 188M(2%)->58M(1%)
[2023-11-16T15:03:50.208+0800][gc,start    ] GC(1) Garbage Collection (Metadata GC Threshold)
[2023-11-16T15:03:50.208+0800][gc,task     ] GC(1) Using 4 workers
[2023-11-16T15:03:50.209+0800][gc,phases   ] GC(1) Pause Mark Start 0.031ms
[2023-11-16T15:03:50.228+0800][gc,phases   ] GC(1) Concurrent Mark 19.011ms
[2023-11-16T15:03:50.228+0800][gc,phases   ] GC(1) Pause Mark End 0.014ms
[2023-11-16T15:03:50.228+0800][gc,phases   ] GC(1) Concurrent Mark Free 0.001ms
[2023-11-16T15:03:50.231+0800][gc,phases   ] GC(1) Concurrent Process Non-Strong References 2.420ms
[2023-11-16T15:03:50.231+0800][gc,phases   ] GC(1) Concurrent Reset Relocation Set 0.004ms
[2023-11-16T15:03:50.232+0800][gc,phases   ] GC(1) Concurrent Select Relocation Set 1.538ms
[2023-11-16T15:03:50.233+0800][gc,phases   ] GC(1) Pause Relocate Start 0.009ms
[2023-11-16T15:03:50.235+0800][gc,phases   ] GC(1) Concurrent Relocate 2.805ms
[2023-11-16T15:03:50.235+0800][gc,load     ] GC(1) Load: 0.00/0.00/0.00
[2023-11-16T15:03:50.235+0800][gc,mmu      ] GC(1) MMU: 2ms/98.4%, 5ms/99.4%, 10ms/99.7%, 20ms/99.8%, 50ms/99.9%, 100ms/99.9%
[2023-11-16T15:03:50.235+0800][gc,marking  ] GC(1) Mark: 4 stripe(s), 2 proactive flush(es), 1 terminate flush(es), 0 completion(s), 0 continuation(s) 
[2023-11-16T15:03:50.235+0800][gc,marking  ] GC(1) Mark Stack Usage: 32M
[2023-11-16T15:03:50.235+0800][gc,nmethod  ] GC(1) NMethods: 3035 registered, 0 unregistered
[2023-11-16T15:03:50.235+0800][gc,metaspace] GC(1) Metaspace: 35M used, 35M committed, 1088M reserved
[2023-11-16T15:03:50.235+0800][gc,ref      ] GC(1) Soft: 3976 encountered, 0 discovered, 0 enqueued
[2023-11-16T15:03:50.235+0800][gc,ref      ] GC(1) Weak: 1631 encountered, 454 discovered, 111 enqueued
[2023-11-16T15:03:50.235+0800][gc,ref      ] GC(1) Final: 140 encountered, 0 discovered, 0 enqueued
[2023-11-16T15:03:50.235+0800][gc,ref      ] GC(1) Phantom: 312 encountered, 208 discovered, 31 enqueued
[2023-11-16T15:03:50.235+0800][gc,reloc    ] GC(1) Small Pages: 51 / 102M, Empty: 0M, Relocated: 6M, In-Place: 0
[2023-11-16T15:03:50.235+0800][gc,reloc    ] GC(1) Medium Pages: 1 / 32M, Empty: 0M, Relocated: 0M, In-Place: 0
[2023-11-16T15:03:50.236+0800][gc,reloc    ] GC(1) Large Pages: 0 / 0M, Empty: 0M, Relocated: 0M, In-Place: 0
[2023-11-16T15:03:50.236+0800][gc,reloc    ] GC(1) Forwarding Usage: 1M
[2023-11-16T15:03:50.236+0800][gc,heap     ] GC(1) Min Capacity: 10240M(100%)
[2023-11-16T15:03:50.236+0800][gc,heap     ] GC(1) Max Capacity: 10240M(100%)
[2023-11-16T15:03:50.236+0800][gc,heap     ] GC(1) Soft Max Capacity: 10240M(100%)
[2023-11-16T15:03:50.236+0800][gc,heap     ] GC(1)                Mark Start          Mark End        Relocate Start      Relocate End           High               Low         
[2023-11-16T15:03:50.236+0800][gc,heap     ] GC(1)  Capacity:    10240M (100%)      10240M (100%)      10240M (100%)      10240M (100%)      10240M (100%)      10240M (100%)   
[2023-11-16T15:03:50.236+0800][gc,heap     ] GC(1)      Free:    10106M (99%)       10096M (99%)       10092M (99%)       10164M (99%)       10166M (99%)       10082M (98%)    
[2023-11-16T15:03:50.236+0800][gc,heap     ] GC(1)      Used:      134M (1%)          144M (1%)          148M (1%)           76M (1%)          158M (2%)           74M (1%)     
[2023-11-16T15:03:50.236+0800][gc,heap     ] GC(1)      Live:         -                18M (0%)           18M (0%)           18M (0%)             -                  -          
[2023-11-16T15:03:50.236+0800][gc,heap     ] GC(1) Allocated:         -                10M (0%)           14M (0%)           21M (0%)             -                  -          
[2023-11-16T15:03:50.236+0800][gc,heap     ] GC(1)   Garbage:         -               115M (1%)          115M (1%)           35M (0%)             -                  -          
[2023-11-16T15:03:50.236+0800][gc,heap     ] GC(1) Reclaimed:         -                  -                 0M (0%)           79M (1%)             -                  -          
[2023-11-16T15:03:50.236+0800][gc          ] GC(1) Garbage Collection (Metadata GC Threshold) 134M(1%)->76M(1%)
[2023-11-16T15:03:55.576+0800][gc,stats    ] === Garbage Collection Statistics =======================================================================================================================
[2023-11-16T15:03:55.576+0800][gc,stats    ]                                                              Last 10s              Last 10m              Last 10h                Total
[2023-11-16T15:03:55.576+0800][gc,stats    ]                                                              Avg / Max             Avg / Max             Avg / Max             Avg / Max
[2023-11-16T15:03:55.576+0800][gc,stats    ]   Collector: Garbage Collection Cycle                     32.129 / 37.536       32.129 / 37.536       32.129 / 37.536       32.129 / 37.536      ms
[2023-11-16T15:03:55.576+0800][gc,stats    ]  Contention: Mark Segment Reset Contention                     0 / 3                 0 / 3                 0 / 3                 0 / 3           ops/s
[2023-11-16T15:03:55.576+0800][gc,stats    ]  Contention: Mark SeqNum Reset Contention                      0 / 0                 0 / 0                 0 / 0                 0 / 0           ops/s
[2023-11-16T15:03:55.576+0800][gc,stats    ]    Critical: Allocation Stall                                  0 / 0                 0 / 0                 0 / 0                 0 / 0           ops/s
[2023-11-16T15:03:55.576+0800][gc,stats    ]    Critical: Allocation Stall                              0.000 / 0.000         0.000 / 0.000         0.000 / 0.000         0.000 / 0.000       ms
[2023-11-16T15:03:55.576+0800][gc,stats    ]    Critical: GC Locker Stall                                   0 / 0                 0 / 0                 0 / 0                 0 / 0           ops/s
[2023-11-16T15:03:55.576+0800][gc,stats    ]    Critical: GC Locker Stall                               0.000 / 0.000         0.000 / 0.000         0.000 / 0.000         0.000 / 0.000       ms
[2023-11-16T15:03:55.576+0800][gc,stats    ]    Critical: Relocation Stall                                  0 / 0                 0 / 0                 0 / 0                 0 / 0           ops/s
[2023-11-16T15:03:55.576+0800][gc,stats    ]    Critical: Relocation Stall                              0.000 / 0.000         0.000 / 0.000         0.000 / 0.000         0.000 / 0.000       ms
[2023-11-16T15:03:55.576+0800][gc,stats    ]      Memory: Allocation Rate                                  30 / 82               30 / 82               30 / 82               30 / 82          MB/s
[2023-11-16T15:03:55.576+0800][gc,stats    ]      Memory: Defragment                                        0 / 0                 0 / 0                 0 / 0                 0 / 0           ops/s
[2023-11-16T15:03:55.576+0800][gc,stats    ]      Memory: Out Of Memory                                     0 / 0                 0 / 0                 0 / 0                 0 / 0           ops/s
[2023-11-16T15:03:55.576+0800][gc,stats    ]      Memory: Page Cache Flush                                  0 / 0                 0 / 0                 0 / 0                 0 / 0           MB/s
[2023-11-16T15:03:55.576+0800][gc,stats    ]      Memory: Page Cache Hit L1                                 6 / 33                6 / 33                6 / 33                6 / 33          ops/s
[2023-11-16T15:03:55.576+0800][gc,stats    ]      Memory: Page Cache Hit L2                                 0 / 0                 0 / 0                 0 / 0                 0 / 0           ops/s
[2023-11-16T15:03:55.576+0800][gc,stats    ]      Memory: Page Cache Hit L3                                 8 / 41                8 / 41                8 / 41                8 / 41          ops/s
[2023-11-16T15:03:55.576+0800][gc,stats    ]      Memory: Page Cache Miss                                   0 / 1                 0 / 1                 0 / 1                 0 / 1           ops/s
[2023-11-16T15:03:55.576+0800][gc,stats    ]      Memory: Uncommit                                          0 / 0                 0 / 0                 0 / 0                 0 / 0           MB/s
[2023-11-16T15:03:55.576+0800][gc,stats    ]      Memory: Undo Object Allocation Failed                     0 / 0                 0 / 0                 0 / 0                 0 / 0           ops/s
[2023-11-16T15:03:55.576+0800][gc,stats    ]      Memory: Undo Object Allocation Succeeded                  0 / 3                 0 / 3                 0 / 3                 0 / 3           ops/s
[2023-11-16T15:03:55.576+0800][gc,stats    ]      Memory: Undo Page Allocation                              0 / 0                 0 / 0                 0 / 0                 0 / 0           ops/s
[2023-11-16T15:03:55.577+0800][gc,stats    ]       Phase: Concurrent Mark                              21.531 / 24.050       21.531 / 24.050       21.531 / 24.050       21.531 / 24.050      ms
[2023-11-16T15:03:55.577+0800][gc,stats    ]       Phase: Concurrent Mark Continue                      0.000 / 0.000         0.000 / 0.000         0.000 / 0.000         0.000 / 0.000       ms
[2023-11-16T15:03:55.577+0800][gc,stats    ]       Phase: Concurrent Mark Free                          0.001 / 0.001         0.001 / 0.001         0.001 / 0.001         0.001 / 0.001       ms
[2023-11-16T15:03:55.577+0800][gc,stats    ]       Phase: Concurrent Process Non-Strong References      1.995 / 2.420         1.995 / 2.420         1.995 / 2.420         1.995 / 2.420       ms
[2023-11-16T15:03:55.577+0800][gc,stats    ]       Phase: Concurrent Relocate                           2.883 / 2.961         2.883 / 2.961         2.883 / 2.961         2.883 / 2.961       ms
[2023-11-16T15:03:55.577+0800][gc,stats    ]       Phase: Concurrent Reset Relocation Set               0.002 / 0.004         0.002 / 0.004         0.002 / 0.004         0.002 / 0.004       ms
[2023-11-16T15:03:55.577+0800][gc,stats    ]       Phase: Concurrent Select Relocation Set              4.861 / 8.184         4.861 / 8.184         4.861 / 8.184         4.861 / 8.184       ms
[2023-11-16T15:03:55.577+0800][gc,stats    ]       Phase: Pause Mark End                                0.017 / 0.019         0.017 / 0.019         0.017 / 0.019         0.017 / 0.019       ms
[2023-11-16T15:03:55.577+0800][gc,stats    ]       Phase: Pause Mark Start                              0.023 / 0.031         0.023 / 0.031         0.023 / 0.031         0.023 / 0.031       ms
[2023-11-16T15:03:55.577+0800][gc,stats    ]       Phase: Pause Relocate Start                          0.009 / 0.009         0.009 / 0.009         0.009 / 0.009         0.009 / 0.009       ms
[2023-11-16T15:03:55.577+0800][gc,stats    ]    Subphase: Concurrent Classes Purge                      0.066 / 0.071         0.066 / 0.071         0.066 / 0.071         0.066 / 0.071       ms
[2023-11-16T15:03:55.577+0800][gc,stats    ]    Subphase: Concurrent Classes Unlink                     1.264 / 1.492         1.264 / 1.492         1.264 / 1.492         1.264 / 1.492       ms
[2023-11-16T15:03:55.577+0800][gc,stats    ]    Subphase: Concurrent Mark                              18.504 / 22.997       18.504 / 22.997       18.504 / 22.997       18.504 / 22.997      ms
[2023-11-16T15:03:55.577+0800][gc,stats    ]    Subphase: Concurrent Mark Try Flush                     0.201 / 0.455         0.201 / 0.455         0.201 / 0.455         0.201 / 0.455       ms
[2023-11-16T15:03:55.577+0800][gc,stats    ]    Subphase: Concurrent Mark Try Terminate                 4.353 / 12.985        4.353 / 12.985        4.353 / 12.985        4.353 / 12.985      ms
[2023-11-16T15:03:55.577+0800][gc,stats    ]    Subphase: Concurrent References Enqueue                 0.004 / 0.004         0.004 / 0.004         0.004 / 0.004         0.004 / 0.004       ms
[2023-11-16T15:03:55.577+0800][gc,stats    ]    Subphase: Concurrent References Process                 0.104 / 0.123         0.104 / 0.123         0.104 / 0.123         0.104 / 0.123       ms
[2023-11-16T15:03:55.577+0800][gc,stats    ]    Subphase: Concurrent Roots ClassLoaderDataGraph         0.107 / 0.428         0.107 / 0.428         0.107 / 0.428         0.107 / 0.428       ms
[2023-11-16T15:03:55.577+0800][gc,stats    ]    Subphase: Concurrent Roots CodeCache                    0.000 / 0.000         0.000 / 0.000         0.000 / 0.000         0.000 / 0.000       ms
[2023-11-16T15:03:55.577+0800][gc,stats    ]    Subphase: Concurrent Roots JavaThreads                  1.013 / 1.707         1.013 / 1.707         1.013 / 1.707         1.013 / 1.707       ms
[2023-11-16T15:03:55.577+0800][gc,stats    ]    Subphase: Concurrent Roots OopStorageSet                0.146 / 0.289         0.146 / 0.289         0.146 / 0.289         0.146 / 0.289       ms
[2023-11-16T15:03:55.577+0800][gc,stats    ]    Subphase: Concurrent Weak Roots OopStorageSet           0.440 / 0.670         0.440 / 0.670         0.440 / 0.670         0.440 / 0.670       ms
[2023-11-16T15:03:55.577+0800][gc,stats    ]    Subphase: Pause Mark Try Complete                       0.000 / 0.000         0.000 / 0.000         0.000 / 0.000         0.000 / 0.000       ms
[2023-11-16T15:03:55.577+0800][gc,stats    ]      System: Java Threads                                     34 / 47               34 / 47               34 / 47               34 / 47          threads
[2023-11-16T15:03:55.577+0800][gc,stats    ] =========================================================================================================================================================
[2023-11-16T15:04:05.576+0800][gc,stats    ] === Garbage Collection Statistics =======================================================================================================================
[2023-11-16T15:04:05.576+0800][gc,stats    ]                                                              Last 10s              Last 10m              Last 10h                Total
[2023-11-16T15:04:05.576+0800][gc,stats    ]                                                              Avg / Max             Avg / Max             Avg / Max             Avg / Max
[2023-11-16T15:04:05.576+0800][gc,stats    ]   Collector: Garbage Collection Cycle                      0.000 / 0.000        32.129 / 37.536       32.129 / 37.536       32.129 / 37.536      ms
[2023-11-16T15:04:05.576+0800][gc,stats    ]  Contention: Mark Segment Reset Contention                     0 / 0                 0 / 3                 0 / 3                 0 / 3           ops/s
[2023-11-16T15:04:05.576+0800][gc,stats    ]  Contention: Mark SeqNum Reset Contention                      0 / 0                 0 / 0                 0 / 0                 0 / 0           ops/s
[2023-11-16T15:04:05.576+0800][gc,stats    ]    Critical: Allocation Stall                                  0 / 0                 0 / 0                 0 / 0                 0 / 0           ops/s
[2023-11-16T15:04:05.576+0800][gc,stats    ]    Critical: Allocation Stall                              0.000 / 0.000         0.000 / 0.000         0.000 / 0.000         0.000 / 0.000       ms
[2023-11-16T15:04:05.576+0800][gc,stats    ]    Critical: GC Locker Stall                                   0 / 0                 0 / 0                 0 / 0                 0 / 0           ops/s
[2023-11-16T15:04:05.576+0800][gc,stats    ]    Critical: GC Locker Stall                               0.000 / 0.000         0.000 / 0.000         0.000 / 0.000         0.000 / 0.000       ms
[2023-11-16T15:04:05.576+0800][gc,stats    ]    Critical: Relocation Stall                                  0 / 0                 0 / 0                 0 / 0                 0 / 0           ops/s
[2023-11-16T15:04:05.576+0800][gc,stats    ]    Critical: Relocation Stall                              0.000 / 0.000         0.000 / 0.000         0.000 / 0.000         0.000 / 0.000       ms
[2023-11-16T15:04:05.576+0800][gc,stats    ]      Memory: Allocation Rate                                   0 / 2                15 / 82               15 / 82               15 / 82          MB/s
[2023-11-16T15:04:05.576+0800][gc,stats    ]      Memory: Defragment                                        0 / 0                 0 / 0                 0 / 0                 0 / 0           ops/s
[2023-11-16T15:04:05.576+0800][gc,stats    ]      Memory: Out Of Memory                                     0 / 0                 0 / 0                 0 / 0                 0 / 0           ops/s
[2023-11-16T15:04:05.576+0800][gc,stats    ]      Memory: Page Cache Flush                                  0 / 0                 0 / 0                 0 / 0                 0 / 0           MB/s
[2023-11-16T15:04:05.576+0800][gc,stats    ]      Memory: Page Cache Hit L1                                 0 / 1                 3 / 33                3 / 33                3 / 33          ops/s
[2023-11-16T15:04:05.576+0800][gc,stats    ]      Memory: Page Cache Hit L2                                 0 / 0                 0 / 0                 0 / 0                 0 / 0           ops/s
[2023-11-16T15:04:05.576+0800][gc,stats    ]      Memory: Page Cache Hit L3                                 0 / 0                 4 / 41                4 / 41                4 / 41          ops/s
[2023-11-16T15:04:05.576+0800][gc,stats    ]      Memory: Page Cache Miss                                   0 / 0                 0 / 1                 0 / 1                 0 / 1           ops/s
[2023-11-16T15:04:05.576+0800][gc,stats    ]      Memory: Uncommit                                          0 / 0                 0 / 0                 0 / 0                 0 / 0           MB/s
[2023-11-16T15:04:05.576+0800][gc,stats    ]      Memory: Undo Object Allocation Failed                     0 / 0                 0 / 0                 0 / 0                 0 / 0           ops/s
[2023-11-16T15:04:05.576+0800][gc,stats    ]      Memory: Undo Object Allocation Succeeded                  0 / 0                 0 / 3                 0 / 3                 0 / 3           ops/s
[2023-11-16T15:04:05.576+0800][gc,stats    ]      Memory: Undo Page Allocation                              0 / 0                 0 / 0                 0 / 0                 0 / 0           ops/s
[2023-11-16T15:04:05.576+0800][gc,stats    ]       Phase: Concurrent Mark                               0.000 / 0.000        21.531 / 24.050       21.531 / 24.050       21.531 / 24.050      ms
[2023-11-16T15:04:05.576+0800][gc,stats    ]       Phase: Concurrent Mark Continue                      0.000 / 0.000         0.000 / 0.000         0.000 / 0.000         0.000 / 0.000       ms
[2023-11-16T15:04:05.576+0800][gc,stats    ]       Phase: Concurrent Mark Free                          0.000 / 0.000         0.001 / 0.001         0.001 / 0.001         0.001 / 0.001       ms
[2023-11-16T15:04:05.576+0800][gc,stats    ]       Phase: Concurrent Process Non-Strong References      0.000 / 0.000         1.995 / 2.420         1.995 / 2.420         1.995 / 2.420       ms
[2023-11-16T15:04:05.576+0800][gc,stats    ]       Phase: Concurrent Relocate                           0.000 / 0.000         2.883 / 2.961         2.883 / 2.961         2.883 / 2.961       ms
[2023-11-16T15:04:05.576+0800][gc,stats    ]       Phase: Concurrent Reset Relocation Set               0.000 / 0.000         0.002 / 0.004         0.002 / 0.004         0.002 / 0.004       ms
[2023-11-16T15:04:05.576+0800][gc,stats    ]       Phase: Concurrent Select Relocation Set              0.000 / 0.000         4.861 / 8.184         4.861 / 8.184         4.861 / 8.184       ms
[2023-11-16T15:04:05.576+0800][gc,stats    ]       Phase: Pause Mark End                                0.000 / 0.000         0.017 / 0.019         0.017 / 0.019         0.017 / 0.019       ms
[2023-11-16T15:04:05.576+0800][gc,stats    ]       Phase: Pause Mark Start                              0.000 / 0.000         0.023 / 0.031         0.023 / 0.031         0.023 / 0.031       ms
[2023-11-16T15:04:05.576+0800][gc,stats    ]       Phase: Pause Relocate Start                          0.000 / 0.000         0.009 / 0.009         0.009 / 0.009         0.009 / 0.009       ms
[2023-11-16T15:04:05.576+0800][gc,stats    ]    Subphase: Concurrent Classes Purge                      0.000 / 0.000         0.066 / 0.071         0.066 / 0.071         0.066 / 0.071       ms
[2023-11-16T15:04:05.576+0800][gc,stats    ]    Subphase: Concurrent Classes Unlink                     0.000 / 0.000         1.264 / 1.492         1.264 / 1.492         1.264 / 1.492       ms
[2023-11-16T15:04:05.576+0800][gc,stats    ]    Subphase: Concurrent Mark                               0.000 / 0.000        18.504 / 22.997       18.504 / 22.997       18.504 / 22.997      ms
[2023-11-16T15:04:05.576+0800][gc,stats    ]    Subphase: Concurrent Mark Try Flush                     0.000 / 0.000         0.201 / 0.455         0.201 / 0.455         0.201 / 0.455       ms
[2023-11-16T15:04:05.576+0800][gc,stats    ]    Subphase: Concurrent Mark Try Terminate                 0.000 / 0.000         4.353 / 12.985        4.353 / 12.985        4.353 / 12.985      ms
[2023-11-16T15:04:05.576+0800][gc,stats    ]    Subphase: Concurrent References Enqueue                 0.000 / 0.000         0.004 / 0.004         0.004 / 0.004         0.004 / 0.004       ms
[2023-11-16T15:04:05.576+0800][gc,stats    ]    Subphase: Concurrent References Process                 0.000 / 0.000         0.104 / 0.123         0.104 / 0.123         0.104 / 0.123       ms
[2023-11-16T15:04:05.576+0800][gc,stats    ]    Subphase: Concurrent Roots ClassLoaderDataGraph         0.000 / 0.000         0.107 / 0.428         0.107 / 0.428         0.107 / 0.428       ms
[2023-11-16T15:04:05.576+0800][gc,stats    ]    Subphase: Concurrent Roots CodeCache                    0.000 / 0.000         0.000 / 0.000         0.000 / 0.000         0.000 / 0.000       ms
[2023-11-16T15:04:05.576+0800][gc,stats    ]    Subphase: Concurrent Roots JavaThreads                  0.000 / 0.000         1.013 / 1.707         1.013 / 1.707         1.013 / 1.707       ms
[2023-11-16T15:04:05.576+0800][gc,stats    ]    Subphase: Concurrent Roots OopStorageSet                0.000 / 0.000         0.146 / 0.289         0.146 / 0.289         0.146 / 0.289       ms
[2023-11-16T15:04:05.576+0800][gc,stats    ]    Subphase: Concurrent Weak Roots OopStorageSet           0.000 / 0.000         0.440 / 0.670         0.440 / 0.670         0.440 / 0.670       ms
[2023-11-16T15:04:05.576+0800][gc,stats    ]    Subphase: Pause Mark Try Complete                       0.000 / 0.000         0.000 / 0.000         0.000 / 0.000         0.000 / 0.000       ms
[2023-11-16T15:04:05.576+0800][gc,stats    ]      System: Java Threads                                      0 / 0                34 / 47               34 / 47               34 / 47          threads
[2023-11-16T15:04:05.576+0800][gc,stats    ] =========================================================================================================================================================
[2023-11-16T15:04:15.583+0800][gc,stats    ] === Garbage Collection Statistics =======================================================================================================================
[2023-11-16T15:04:15.583+0800][gc,stats    ]                                                              Last 10s              Last 10m              Last 10h                Total
[2023-11-16T15:04:15.583+0800][gc,stats    ]                                                              Avg / Max             Avg / Max             Avg / Max             Avg / Max
[2023-11-16T15:04:15.583+0800][gc,stats    ]   Collector: Garbage Collection Cycle                      0.000 / 0.000        32.129 / 37.536       32.129 / 37.536       32.129 / 37.536      ms
[2023-11-16T15:04:15.583+0800][gc,stats    ]  Contention: Mark Segment Reset Contention                     0 / 0                 0 / 3                 0 / 3                 0 / 3           ops/s
[2023-11-16T15:04:15.583+0800][gc,stats    ]  Contention: Mark SeqNum Reset Contention                      0 / 0                 0 / 0                 0 / 0                 0 / 0           ops/s
[2023-11-16T15:04:15.583+0800][gc,stats    ]    Critical: Allocation Stall                                  0 / 0                 0 / 0                 0 / 0                 0 / 0           ops/s
[2023-11-16T15:04:15.583+0800][gc,stats    ]    Critical: Allocation Stall                              0.000 / 0.000         0.000 / 0.000         0.000 / 0.000         0.000 / 0.000       ms
[2023-11-16T15:04:15.583+0800][gc,stats    ]    Critical: GC Locker Stall                                   0 / 0                 0 / 0                 0 / 0                 0 / 0           ops/s
[2023-11-16T15:04:15.583+0800][gc,stats    ]    Critical: GC Locker Stall                               0.000 / 0.000         0.000 / 0.000         0.000 / 0.000         0.000 / 0.000       ms
[2023-11-16T15:04:15.583+0800][gc,stats    ]    Critical: Relocation Stall                                  0 / 0                 0 / 0                 0 / 0                 0 / 0           ops/s
[2023-11-16T15:04:15.583+0800][gc,stats    ]    Critical: Relocation Stall                              0.000 / 0.000         0.000 / 0.000         0.000 / 0.000         0.000 / 0.000       ms
[2023-11-16T15:04:15.583+0800][gc,stats    ]      Memory: Allocation Rate                                   0 / 2                10 / 82               10 / 82               10 / 82          MB/s
[2023-11-16T15:04:15.583+0800][gc,stats    ]      Memory: Defragment                                        0 / 0                 0 / 0                 0 / 0                 0 / 0           ops/s
[2023-11-16T15:04:15.583+0800][gc,stats    ]      Memory: Out Of Memory                                     0 / 0                 0 / 0                 0 / 0                 0 / 0           ops/s
[2023-11-16T15:04:15.583+0800][gc,stats    ]      Memory: Page Cache Flush                                  0 / 0                 0 / 0                 0 / 0                 0 / 0           MB/s
[2023-11-16T15:04:15.583+0800][gc,stats    ]      Memory: Page Cache Hit L1                                 0 / 1                 2 / 33                2 / 33                2 / 33          ops/s
[2023-11-16T15:04:15.583+0800][gc,stats    ]      Memory: Page Cache Hit L2                                 0 / 0                 0 / 0                 0 / 0                 0 / 0           ops/s
[2023-11-16T15:04:15.583+0800][gc,stats    ]      Memory: Page Cache Hit L3                                 0 / 0                 2 / 41                2 / 41                2 / 41          ops/s
[2023-11-16T15:04:15.583+0800][gc,stats    ]      Memory: Page Cache Miss                                   0 / 0                 0 / 1                 0 / 1                 0 / 1           ops/s
[2023-11-16T15:04:15.583+0800][gc,stats    ]      Memory: Uncommit                                          0 / 0                 0 / 0                 0 / 0                 0 / 0           MB/s
[2023-11-16T15:04:15.583+0800][gc,stats    ]      Memory: Undo Object Allocation Failed                     0 / 0                 0 / 0                 0 / 0                 0 / 0           ops/s
[2023-11-16T15:04:15.583+0800][gc,stats    ]      Memory: Undo Object Allocation Succeeded                  0 / 0                 0 / 3                 0 / 3                 0 / 3           ops/s
[2023-11-16T15:04:15.583+0800][gc,stats    ]      Memory: Undo Page Allocation                              0 / 0                 0 / 0                 0 / 0                 0 / 0           ops/s
[2023-11-16T15:04:15.583+0800][gc,stats    ]       Phase: Concurrent Mark                               0.000 / 0.000        21.531 / 24.050       21.531 / 24.050       21.531 / 24.050      ms
[2023-11-16T15:04:15.583+0800][gc,stats    ]       Phase: Concurrent Mark Continue                      0.000 / 0.000         0.000 / 0.000         0.000 / 0.000         0.000 / 0.000       ms
[2023-11-16T15:04:15.583+0800][gc,stats    ]       Phase: Concurrent Mark Free                          0.000 / 0.000         0.001 / 0.001         0.001 / 0.001         0.001 / 0.001       ms
[2023-11-16T15:04:15.583+0800][gc,stats    ]       Phase: Concurrent Process Non-Strong References      0.000 / 0.000         1.995 / 2.420         1.995 / 2.420         1.995 / 2.420       ms
[2023-11-16T15:04:15.583+0800][gc,stats    ]       Phase: Concurrent Relocate                           0.000 / 0.000         2.883 / 2.961         2.883 / 2.961         2.883 / 2.961       ms
[2023-11-16T15:04:15.583+0800][gc,stats    ]       Phase: Concurrent Reset Relocation Set               0.000 / 0.000         0.002 / 0.004         0.002 / 0.004         0.002 / 0.004       ms
[2023-11-16T15:04:15.583+0800][gc,stats    ]       Phase: Concurrent Select Relocation Set              0.000 / 0.000         4.861 / 8.184         4.861 / 8.184         4.861 / 8.184       ms
[2023-11-16T15:04:15.583+0800][gc,stats    ]       Phase: Pause Mark End                                0.000 / 0.000         0.017 / 0.019         0.017 / 0.019         0.017 / 0.019       ms
[2023-11-16T15:04:15.583+0800][gc,stats    ]       Phase: Pause Mark Start                              0.000 / 0.000         0.023 / 0.031         0.023 / 0.031         0.023 / 0.031       ms
[2023-11-16T15:04:15.583+0800][gc,stats    ]       Phase: Pause Relocate Start                          0.000 / 0.000         0.009 / 0.009         0.009 / 0.009         0.009 / 0.009       ms
[2023-11-16T15:04:15.583+0800][gc,stats    ]    Subphase: Concurrent Classes Purge                      0.000 / 0.000         0.066 / 0.071         0.066 / 0.071         0.066 / 0.071       ms
[2023-11-16T15:04:15.583+0800][gc,stats    ]    Subphase: Concurrent Classes Unlink                     0.000 / 0.000         1.264 / 1.492         1.264 / 1.492         1.264 / 1.492       ms
[2023-11-16T15:04:15.583+0800][gc,stats    ]    Subphase: Concurrent Mark                               0.000 / 0.000        18.504 / 22.997       18.504 / 22.997       18.504 / 22.997      ms
[2023-11-16T15:04:15.583+0800][gc,stats    ]    Subphase: Concurrent Mark Try Flush                     0.000 / 0.000         0.201 / 0.455         0.201 / 0.455         0.201 / 0.455       ms
[2023-11-16T15:04:15.583+0800][gc,stats    ]    Subphase: Concurrent Mark Try Terminate                 0.000 / 0.000         4.353 / 12.985        4.353 / 12.985        4.353 / 12.985      ms
[2023-11-16T15:04:15.583+0800][gc,stats    ]    Subphase: Concurrent References Enqueue                 0.000 / 0.000         0.004 / 0.004         0.004 / 0.004         0.004 / 0.004       ms
[2023-11-16T15:04:15.584+0800][gc,stats    ]    Subphase: Concurrent References Process                 0.000 / 0.000         0.104 / 0.123         0.104 / 0.123         0.104 / 0.123       ms
[2023-11-16T15:04:15.584+0800][gc,stats    ]    Subphase: Concurrent Roots ClassLoaderDataGraph         0.000 / 0.000         0.107 / 0.428         0.107 / 0.428         0.107 / 0.428       ms
[2023-11-16T15:04:15.584+0800][gc,stats    ]    Subphase: Concurrent Roots CodeCache                    0.000 / 0.000         0.000 / 0.000         0.000 / 0.000         0.000 / 0.000       ms
[2023-11-16T15:04:15.584+0800][gc,stats    ]    Subphase: Concurrent Roots JavaThreads                  0.000 / 0.000         1.013 / 1.707         1.013 / 1.707         1.013 / 1.707       ms
[2023-11-16T15:04:15.584+0800][gc,stats    ]    Subphase: Concurrent Roots OopStorageSet                0.000 / 0.000         0.146 / 0.289         0.146 / 0.289         0.146 / 0.289       ms
[2023-11-16T15:04:15.584+0800][gc,stats    ]    Subphase: Concurrent Weak Roots OopStorageSet           0.000 / 0.000         0.440 / 0.670         0.440 / 0.670         0.440 / 0.670       ms
[2023-11-16T15:04:15.584+0800][gc,stats    ]    Subphase: Pause Mark Try Complete                       0.000 / 0.000         0.000 / 0.000         0.000 / 0.000         0.000 / 0.000       ms
[2023-11-16T15:04:15.584+0800][gc,stats    ]      System: Java Threads                                      0 / 0                34 / 47               34 / 47               34 / 47          threads
[2023-11-16T15:04:15.584+0800][gc,stats    ] =========================================================================================================================================================
[2023-11-16T15:04:25.576+0800][gc,stats    ] === Garbage Collection Statistics =======================================================================================================================
[2023-11-16T15:04:25.576+0800][gc,stats    ]                                                              Last 10s              Last 10m              Last 10h                Total
[2023-11-16T15:04:25.576+0800][gc,stats    ]                                                              Avg / Max             Avg / Max             Avg / Max             Avg / Max
[2023-11-16T15:04:25.576+0800][gc,stats    ]   Collector: Garbage Collection Cycle                      0.000 / 0.000        32.129 / 37.536       32.129 / 37.536       32.129 / 37.536      ms
[2023-11-16T15:04:25.576+0800][gc,stats    ]  Contention: Mark Segment Reset Contention                     0 / 0                 0 / 3                 0 / 3                 0 / 3           ops/s
[2023-11-16T15:04:25.576+0800][gc,stats    ]  Contention: Mark SeqNum Reset Contention                      0 / 0                 0 / 0                 0 / 0                 0 / 0           ops/s
[2023-11-16T15:04:25.576+0800][gc,stats    ]    Critical: Allocation Stall                                  0 / 0                 0 / 0                 0 / 0                 0 / 0           ops/s
[2023-11-16T15:04:25.576+0800][gc,stats    ]    Critical: Allocation Stall                              0.000 / 0.000         0.000 / 0.000         0.000 / 0.000         0.000 / 0.000       ms
[2023-11-16T15:04:25.576+0800][gc,stats    ]    Critical: GC Locker Stall                                   0 / 0                 0 / 0                 0 / 0                 0 / 0           ops/s
[2023-11-16T15:04:25.576+0800][gc,stats    ]    Critical: GC Locker Stall                               0.000 / 0.000         0.000 / 0.000         0.000 / 0.000         0.000 / 0.000       ms
[2023-11-16T15:04:25.576+0800][gc,stats    ]    Critical: Relocation Stall                                  0 / 0                 0 / 0                 0 / 0                 0 / 0           ops/s
[2023-11-16T15:04:25.576+0800][gc,stats    ]    Critical: Relocation Stall                              0.000 / 0.000         0.000 / 0.000         0.000 / 0.000         0.000 / 0.000       ms
[2023-11-16T15:04:25.576+0800][gc,stats    ]      Memory: Allocation Rate                                   0 / 0                 7 / 82                7 / 82                7 / 82          MB/s
[2023-11-16T15:04:25.576+0800][gc,stats    ]      Memory: Defragment                                        0 / 0                 0 / 0                 0 / 0                 0 / 0           ops/s
[2023-11-16T15:04:25.576+0800][gc,stats    ]      Memory: Out Of Memory                                     0 / 0                 0 / 0                 0 / 0                 0 / 0           ops/s
[2023-11-16T15:04:25.576+0800][gc,stats    ]      Memory: Page Cache Flush                                  0 / 0                 0 / 0                 0 / 0                 0 / 0           MB/s
[2023-11-16T15:04:25.576+0800][gc,stats    ]      Memory: Page Cache Hit L1                                 0 / 0                 1 / 33                1 / 33                1 / 33          ops/s
[2023-11-16T15:04:25.576+0800][gc,stats    ]      Memory: Page Cache Hit L2                                 0 / 0                 0 / 0                 0 / 0                 0 / 0           ops/s
[2023-11-16T15:04:25.576+0800][gc,stats    ]      Memory: Page Cache Hit L3                                 0 / 0                 2 / 41                2 / 41                2 / 41          ops/s
[2023-11-16T15:04:25.576+0800][gc,stats    ]      Memory: Page Cache Miss                                   0 / 0                 0 / 1                 0 / 1                 0 / 1           ops/s
[2023-11-16T15:04:25.576+0800][gc,stats    ]      Memory: Uncommit                                          0 / 0                 0 / 0                 0 / 0                 0 / 0           MB/s
[2023-11-16T15:04:25.576+0800][gc,stats    ]      Memory: Undo Object Allocation Failed                     0 / 0                 0 / 0                 0 / 0                 0 / 0           ops/s
[2023-11-16T15:04:25.576+0800][gc,stats    ]      Memory: Undo Object Allocation Succeeded                  0 / 0                 0 / 3                 0 / 3                 0 / 3           ops/s
[2023-11-16T15:04:25.576+0800][gc,stats    ]      Memory: Undo Page Allocation                              0 / 0                 0 / 0                 0 / 0                 0 / 0           ops/s
[2023-11-16T15:04:25.576+0800][gc,stats    ]       Phase: Concurrent Mark                               0.000 / 0.000        21.531 / 24.050       21.531 / 24.050       21.531 / 24.050      ms
[2023-11-16T15:04:25.576+0800][gc,stats    ]       Phase: Concurrent Mark Continue                      0.000 / 0.000         0.000 / 0.000         0.000 / 0.000         0.000 / 0.000       ms
[2023-11-16T15:04:25.576+0800][gc,stats    ]       Phase: Concurrent Mark Free                          0.000 / 0.000         0.001 / 0.001         0.001 / 0.001         0.001 / 0.001       ms
[2023-11-16T15:04:25.576+0800][gc,stats    ]       Phase: Concurrent Process Non-Strong References      0.000 / 0.000         1.995 / 2.420         1.995 / 2.420         1.995 / 2.420       ms
[2023-11-16T15:04:25.576+0800][gc,stats    ]       Phase: Concurrent Relocate                           0.000 / 0.000         2.883 / 2.961         2.883 / 2.961         2.883 / 2.961       ms
[2023-11-16T15:04:25.576+0800][gc,stats    ]       Phase: Concurrent Reset Relocation Set               0.000 / 0.000         0.002 / 0.004         0.002 / 0.004         0.002 / 0.004       ms
[2023-11-16T15:04:25.576+0800][gc,stats    ]       Phase: Concurrent Select Relocation Set              0.000 / 0.000         4.861 / 8.184         4.861 / 8.184         4.861 / 8.184       ms
[2023-11-16T15:04:25.576+0800][gc,stats    ]       Phase: Pause Mark End                                0.000 / 0.000         0.017 / 0.019         0.017 / 0.019         0.017 / 0.019       ms
[2023-11-16T15:04:25.576+0800][gc,stats    ]       Phase: Pause Mark Start                              0.000 / 0.000         0.023 / 0.031         0.023 / 0.031         0.023 / 0.031       ms
[2023-11-16T15:04:25.576+0800][gc,stats    ]       Phase: Pause Relocate Start                          0.000 / 0.000         0.009 / 0.009         0.009 / 0.009         0.009 / 0.009       ms
[2023-11-16T15:04:25.576+0800][gc,stats    ]    Subphase: Concurrent Classes Purge                      0.000 / 0.000         0.066 / 0.071         0.066 / 0.071         0.066 / 0.071       ms
[2023-11-16T15:04:25.576+0800][gc,stats    ]    Subphase: Concurrent Classes Unlink                     0.000 / 0.000         1.264 / 1.492         1.264 / 1.492         1.264 / 1.492       ms
[2023-11-16T15:04:25.576+0800][gc,stats    ]    Subphase: Concurrent Mark                               0.000 / 0.000        18.504 / 22.997       18.504 / 22.997       18.504 / 22.997      ms
[2023-11-16T15:04:25.576+0800][gc,stats    ]    Subphase: Concurrent Mark Try Flush                     0.000 / 0.000         0.201 / 0.455         0.201 / 0.455         0.201 / 0.455       ms
[2023-11-16T15:04:25.576+0800][gc,stats    ]    Subphase: Concurrent Mark Try Terminate                 0.000 / 0.000         4.353 / 12.985        4.353 / 12.985        4.353 / 12.985      ms
[2023-11-16T15:04:25.576+0800][gc,stats    ]    Subphase: Concurrent References Enqueue                 0.000 / 0.000         0.004 / 0.004         0.004 / 0.004         0.004 / 0.004       ms
[2023-11-16T15:04:25.576+0800][gc,stats    ]    Subphase: Concurrent References Process                 0.000 / 0.000         0.104 / 0.123         0.104 / 0.123         0.104 / 0.123       ms
[2023-11-16T15:04:25.576+0800][gc,stats    ]    Subphase: Concurrent Roots ClassLoaderDataGraph         0.000 / 0.000         0.107 / 0.428         0.107 / 0.428         0.107 / 0.428       ms
[2023-11-16T15:04:25.576+0800][gc,stats    ]    Subphase: Concurrent Roots CodeCache                    0.000 / 0.000         0.000 / 0.000         0.000 / 0.000         0.000 / 0.000       ms
[2023-11-16T15:04:25.576+0800][gc,stats    ]    Subphase: Concurrent Roots JavaThreads                  0.000 / 0.000         1.013 / 1.707         1.013 / 1.707         1.013 / 1.707       ms
[2023-11-16T15:04:25.576+0800][gc,stats    ]    Subphase: Concurrent Roots OopStorageSet                0.000 / 0.000         0.146 / 0.289         0.146 / 0.289         0.146 / 0.289       ms
[2023-11-16T15:04:25.576+0800][gc,stats    ]    Subphase: Concurrent Weak Roots OopStorageSet           0.000 / 0.000         0.440 / 0.670         0.440 / 0.670         0.440 / 0.670       ms
[2023-11-16T15:04:25.576+0800][gc,stats    ]    Subphase: Pause Mark Try Complete                       0.000 / 0.000         0.000 / 0.000         0.000 / 0.000         0.000 / 0.000       ms
[2023-11-16T15:04:25.576+0800][gc,stats    ]      System: Java Threads                                      0 / 0                34 / 47               34 / 47               34 / 47          threads
[2023-11-16T15:04:25.577+0800][gc,stats    ] =========================================================================================================================================================
[2023-11-16T15:04:35.576+0800][gc,stats    ] === Garbage Collection Statistics =======================================================================================================================
[2023-11-16T15:04:35.576+0800][gc,stats    ]                                                              Last 10s              Last 10m              Last 10h                Total
[2023-11-16T15:04:35.576+0800][gc,stats    ]                                                              Avg / Max             Avg / Max             Avg / Max             Avg / Max
[2023-11-16T15:04:35.576+0800][gc,stats    ]   Collector: Garbage Collection Cycle                      0.000 / 0.000        32.129 / 37.536       32.129 / 37.536       32.129 / 37.536      ms
[2023-11-16T15:04:35.576+0800][gc,stats    ]  Contention: Mark Segment Reset Contention                     0 / 0                 0 / 3                 0 / 3                 0 / 3           ops/s
[2023-11-16T15:04:35.576+0800][gc,stats    ]  Contention: Mark SeqNum Reset Contention                      0 / 0                 0 / 0                 0 / 0                 0 / 0           ops/s
[2023-11-16T15:04:35.576+0800][gc,stats    ]    Critical: Allocation Stall                                  0 / 0                 0 / 0                 0 / 0                 0 / 0           ops/s
[2023-11-16T15:04:35.576+0800][gc,stats    ]    Critical: Allocation Stall                              0.000 / 0.000         0.000 / 0.000         0.000 / 0.000         0.000 / 0.000       ms
[2023-11-16T15:04:35.576+0800][gc,stats    ]    Critical: GC Locker Stall                                   0 / 0                 0 / 0                 0 / 0                 0 / 0           ops/s
[2023-11-16T15:04:35.576+0800][gc,stats    ]    Critical: GC Locker Stall                               0.000 / 0.000         0.000 / 0.000         0.000 / 0.000         0.000 / 0.000       ms
[2023-11-16T15:04:35.576+0800][gc,stats    ]    Critical: Relocation Stall                                  0 / 0                 0 / 0                 0 / 0                 0 / 0           ops/s
[2023-11-16T15:04:35.576+0800][gc,stats    ]    Critical: Relocation Stall                              0.000 / 0.000         0.000 / 0.000         0.000 / 0.000         0.000 / 0.000       ms
[2023-11-16T15:04:35.576+0800][gc,stats    ]      Memory: Allocation Rate                                   0 / 2                 6 / 82                6 / 82                6 / 82          MB/s
[2023-11-16T15:04:35.576+0800][gc,stats    ]      Memory: Defragment                                        0 / 0                 0 / 0                 0 / 0                 0 / 0           ops/s
[2023-11-16T15:04:35.576+0800][gc,stats    ]      Memory: Out Of Memory                                     0 / 0                 0 / 0                 0 / 0                 0 / 0           ops/s
[2023-11-16T15:04:35.576+0800][gc,stats    ]      Memory: Page Cache Flush                                  0 / 0                 0 / 0                 0 / 0                 0 / 0           MB/s
[2023-11-16T15:04:35.576+0800][gc,stats    ]      Memory: Page Cache Hit L1                                 0 / 1                 1 / 33                1 / 33                1 / 33          ops/s
[2023-11-16T15:04:35.576+0800][gc,stats    ]      Memory: Page Cache Hit L2                                 0 / 0                 0 / 0                 0 / 0                 0 / 0           ops/s
[2023-11-16T15:04:35.576+0800][gc,stats    ]      Memory: Page Cache Hit L3                                 0 / 0                 1 / 41                1 / 41                1 / 41          ops/s
[2023-11-16T15:04:35.576+0800][gc,stats    ]      Memory: Page Cache Miss                                   0 / 0                 0 / 1                 0 / 1                 0 / 1           ops/s
[2023-11-16T15:04:35.576+0800][gc,stats    ]      Memory: Uncommit                                          0 / 0                 0 / 0                 0 / 0                 0 / 0           MB/s
[2023-11-16T15:04:35.576+0800][gc,stats    ]      Memory: Undo Object Allocation Failed                     0 / 0                 0 / 0                 0 / 0                 0 / 0           ops/s
[2023-11-16T15:04:35.576+0800][gc,stats    ]      Memory: Undo Object Allocation Succeeded                  0 / 0                 0 / 3                 0 / 3                 0 / 3           ops/s
[2023-11-16T15:04:35.576+0800][gc,stats    ]      Memory: Undo Page Allocation                              0 / 0                 0 / 0                 0 / 0                 0 / 0           ops/s
[2023-11-16T15:04:35.576+0800][gc,stats    ]       Phase: Concurrent Mark                               0.000 / 0.000        21.531 / 24.050       21.531 / 24.050       21.531 / 24.050      ms
[2023-11-16T15:04:35.576+0800][gc,stats    ]       Phase: Concurrent Mark Continue                      0.000 / 0.000         0.000 / 0.000         0.000 / 0.000         0.000 / 0.000       ms
[2023-11-16T15:04:35.576+0800][gc,stats    ]       Phase: Concurrent Mark Free                          0.000 / 0.000         0.001 / 0.001         0.001 / 0.001         0.001 / 0.001       ms
[2023-11-16T15:04:35.576+0800][gc,stats    ]       Phase: Concurrent Process Non-Strong References      0.000 / 0.000         1.995 / 2.420         1.995 / 2.420         1.995 / 2.420       ms
[2023-11-16T15:04:35.576+0800][gc,stats    ]       Phase: Concurrent Relocate                           0.000 / 0.000         2.883 / 2.961         2.883 / 2.961         2.883 / 2.961       ms
[2023-11-16T15:04:35.576+0800][gc,stats    ]       Phase: Concurrent Reset Relocation Set               0.000 / 0.000         0.002 / 0.004         0.002 / 0.004         0.002 / 0.004       ms
[2023-11-16T15:04:35.576+0800][gc,stats    ]       Phase: Concurrent Select Relocation Set              0.000 / 0.000         4.861 / 8.184         4.861 / 8.184         4.861 / 8.184       ms
[2023-11-16T15:04:35.576+0800][gc,stats    ]       Phase: Pause Mark End                                0.000 / 0.000         0.017 / 0.019         0.017 / 0.019         0.017 / 0.019       ms
[2023-11-16T15:04:35.576+0800][gc,stats    ]       Phase: Pause Mark Start                              0.000 / 0.000         0.023 / 0.031         0.023 / 0.031         0.023 / 0.031       ms
[2023-11-16T15:04:35.576+0800][gc,stats    ]       Phase: Pause Relocate Start                          0.000 / 0.000         0.009 / 0.009         0.009 / 0.009         0.009 / 0.009       ms
[2023-11-16T15:04:35.576+0800][gc,stats    ]    Subphase: Concurrent Classes Purge                      0.000 / 0.000         0.066 / 0.071         0.066 / 0.071         0.066 / 0.071       ms
[2023-11-16T15:04:35.576+0800][gc,stats    ]    Subphase: Concurrent Classes Unlink                     0.000 / 0.000         1.264 / 1.492         1.264 / 1.492         1.264 / 1.492       ms
[2023-11-16T15:04:35.576+0800][gc,stats    ]    Subphase: Concurrent Mark                               0.000 / 0.000        18.504 / 22.997       18.504 / 22.997       18.504 / 22.997      ms
[2023-11-16T15:04:35.576+0800][gc,stats    ]    Subphase: Concurrent Mark Try Flush                     0.000 / 0.000         0.201 / 0.455         0.201 / 0.455         0.201 / 0.455       ms
[2023-11-16T15:04:35.576+0800][gc,stats    ]    Subphase: Concurrent Mark Try Terminate                 0.000 / 0.000         4.353 / 12.985        4.353 / 12.985        4.353 / 12.985      ms
[2023-11-16T15:04:35.576+0800][gc,stats    ]    Subphase: Concurrent References Enqueue                 0.000 / 0.000         0.004 / 0.004         0.004 / 0.004         0.004 / 0.004       ms
[2023-11-16T15:04:35.576+0800][gc,stats    ]    Subphase: Concurrent References Process                 0.000 / 0.000         0.104 / 0.123         0.104 / 0.123         0.104 / 0.123       ms
[2023-11-16T15:04:35.576+0800][gc,stats    ]    Subphase: Concurrent Roots ClassLoaderDataGraph         0.000 / 0.000         0.107 / 0.428         0.107 / 0.428         0.107 / 0.428       ms
[2023-11-16T15:04:35.576+0800][gc,stats    ]    Subphase: Concurrent Roots CodeCache                    0.000 / 0.000         0.000 / 0.000         0.000 / 0.000         0.000 / 0.000       ms
[2023-11-16T15:04:35.576+0800][gc,stats    ]    Subphase: Concurrent Roots JavaThreads                  0.000 / 0.000         1.013 / 1.707         1.013 / 1.707         1.013 / 1.707       ms
[2023-11-16T15:04:35.576+0800][gc,stats    ]    Subphase: Concurrent Roots OopStorageSet                0.000 / 0.000         0.146 / 0.289         0.146 / 0.289         0.146 / 0.289       ms
[2023-11-16T15:04:35.576+0800][gc,stats    ]    Subphase: Concurrent Weak Roots OopStorageSet           0.000 / 0.000         0.440 / 0.670         0.440 / 0.670         0.440 / 0.670       ms
[2023-11-16T15:04:35.576+0800][gc,stats    ]    Subphase: Pause Mark Try Complete                       0.000 / 0.000         0.000 / 0.000         0.000 / 0.000         0.000 / 0.000       ms
[2023-11-16T15:04:35.576+0800][gc,stats    ]      System: Java Threads                                      0 / 0                34 / 47               34 / 47               34 / 47          threads
[2023-11-16T15:04:35.576+0800][gc,stats    ] =========================================================================================================================================================
[2023-11-16T15:04:45.576+0800][gc,stats    ] === Garbage Collection Statistics =======================================================================================================================
[2023-11-16T15:04:45.576+0800][gc,stats    ]                                                              Last 10s              Last 10m              Last 10h                Total
[2023-11-16T15:04:45.576+0800][gc,stats    ]                                                              Avg / Max             Avg / Max             Avg / Max             Avg / Max
[2023-11-16T15:04:45.576+0800][gc,stats    ]   Collector: Garbage Collection Cycle                      0.000 / 0.000        32.129 / 37.536       32.129 / 37.536       32.129 / 37.536      ms
[2023-11-16T15:04:45.576+0800][gc,stats    ]  Contention: Mark Segment Reset Contention                     0 / 0                 0 / 3                 0 / 3                 0 / 3           ops/s
[2023-11-16T15:04:45.576+0800][gc,stats    ]  Contention: Mark SeqNum Reset Contention                      0 / 0                 0 / 0                 0 / 0                 0 / 0           ops/s
[2023-11-16T15:04:45.576+0800][gc,stats    ]    Critical: Allocation Stall                                  0 / 0                 0 / 0                 0 / 0                 0 / 0           ops/s
[2023-11-16T15:04:45.576+0800][gc,stats    ]    Critical: Allocation Stall                              0.000 / 0.000         0.000 / 0.000         0.000 / 0.000         0.000 / 0.000       ms
[2023-11-16T15:04:45.576+0800][gc,stats    ]    Critical: GC Locker Stall                                   0 / 0                 0 / 0                 0 / 0                 0 / 0           ops/s
[2023-11-16T15:04:45.576+0800][gc,stats    ]    Critical: GC Locker Stall                               0.000 / 0.000         0.000 / 0.000         0.000 / 0.000         0.000 / 0.000       ms
[2023-11-16T15:04:45.576+0800][gc,stats    ]    Critical: Relocation Stall                                  0 / 0                 0 / 0                 0 / 0                 0 / 0           ops/s
[2023-11-16T15:04:45.576+0800][gc,stats    ]    Critical: Relocation Stall                              0.000 / 0.000         0.000 / 0.000         0.000 / 0.000         0.000 / 0.000       ms
[2023-11-16T15:04:45.576+0800][gc,stats    ]      Memory: Allocation Rate                                   0 / 0                 5 / 82                5 / 82                5 / 82          MB/s
[2023-11-16T15:04:45.576+0800][gc,stats    ]      Memory: Defragment                                        0 / 0                 0 / 0                 0 / 0                 0 / 0           ops/s
[2023-11-16T15:04:45.576+0800][gc,stats    ]      Memory: Out Of Memory                                     0 / 0                 0 / 0                 0 / 0                 0 / 0           ops/s
[2023-11-16T15:04:45.576+0800][gc,stats    ]      Memory: Page Cache Flush                                  0 / 0                 0 / 0                 0 / 0                 0 / 0           MB/s
[2023-11-16T15:04:45.576+0800][gc,stats    ]      Memory: Page Cache Hit L1                                 0 / 0                 1 / 33                1 / 33                1 / 33          ops/s
[2023-11-16T15:04:45.576+0800][gc,stats    ]      Memory: Page Cache Hit L2                                 0 / 0                 0 / 0                 0 / 0                 0 / 0           ops/s
[2023-11-16T15:04:45.576+0800][gc,stats    ]      Memory: Page Cache Hit L3                                 0 / 0                 1 / 41                1 / 41                1 / 41          ops/s
[2023-11-16T15:04:45.576+0800][gc,stats    ]      Memory: Page Cache Miss                                   0 / 0                 0 / 1                 0 / 1                 0 / 1           ops/s
[2023-11-16T15:04:45.576+0800][gc,stats    ]      Memory: Uncommit                                          0 / 0                 0 / 0                 0 / 0                 0 / 0           MB/s
[2023-11-16T15:04:45.576+0800][gc,stats    ]      Memory: Undo Object Allocation Failed                     0 / 0                 0 / 0                 0 / 0                 0 / 0           ops/s
[2023-11-16T15:04:45.576+0800][gc,stats    ]      Memory: Undo Object Allocation Succeeded                  0 / 0                 0 / 3                 0 / 3                 0 / 3           ops/s
[2023-11-16T15:04:45.576+0800][gc,stats    ]      Memory: Undo Page Allocation                              0 / 0                 0 / 0                 0 / 0                 0 / 0           ops/s
[2023-11-16T15:04:45.576+0800][gc,stats    ]       Phase: Concurrent Mark                               0.000 / 0.000        21.531 / 24.050       21.531 / 24.050       21.531 / 24.050      ms
[2023-11-16T15:04:45.576+0800][gc,stats    ]       Phase: Concurrent Mark Continue                      0.000 / 0.000         0.000 / 0.000         0.000 / 0.000         0.000 / 0.000       ms
[2023-11-16T15:04:45.576+0800][gc,stats    ]       Phase: Concurrent Mark Free                          0.000 / 0.000         0.001 / 0.001         0.001 / 0.001         0.001 / 0.001       ms
[2023-11-16T15:04:45.576+0800][gc,stats    ]       Phase: Concurrent Process Non-Strong References      0.000 / 0.000         1.995 / 2.420         1.995 / 2.420         1.995 / 2.420       ms
[2023-11-16T15:04:45.576+0800][gc,stats    ]       Phase: Concurrent Relocate                           0.000 / 0.000         2.883 / 2.961         2.883 / 2.961         2.883 / 2.961       ms
[2023-11-16T15:04:45.576+0800][gc,stats    ]       Phase: Concurrent Reset Relocation Set               0.000 / 0.000         0.002 / 0.004         0.002 / 0.004         0.002 / 0.004       ms
[2023-11-16T15:04:45.576+0800][gc,stats    ]       Phase: Concurrent Select Relocation Set              0.000 / 0.000         4.861 / 8.184         4.861 / 8.184         4.861 / 8.184       ms
[2023-11-16T15:04:45.576+0800][gc,stats    ]       Phase: Pause Mark End                                0.000 / 0.000         0.017 / 0.019         0.017 / 0.019         0.017 / 0.019       ms
[2023-11-16T15:04:45.576+0800][gc,stats    ]       Phase: Pause Mark Start                              0.000 / 0.000         0.023 / 0.031         0.023 / 0.031         0.023 / 0.031       ms
[2023-11-16T15:04:45.576+0800][gc,stats    ]       Phase: Pause Relocate Start                          0.000 / 0.000         0.009 / 0.009         0.009 / 0.009         0.009 / 0.009       ms
[2023-11-16T15:04:45.576+0800][gc,stats    ]    Subphase: Concurrent Classes Purge                      0.000 / 0.000         0.066 / 0.071         0.066 / 0.071         0.066 / 0.071       ms
[2023-11-16T15:04:45.576+0800][gc,stats    ]    Subphase: Concurrent Classes Unlink                     0.000 / 0.000         1.264 / 1.492         1.264 / 1.492         1.264 / 1.492       ms
[2023-11-16T15:04:45.576+0800][gc,stats    ]    Subphase: Concurrent Mark                               0.000 / 0.000        18.504 / 22.997       18.504 / 22.997       18.504 / 22.997      ms
[2023-11-16T15:04:45.576+0800][gc,stats    ]    Subphase: Concurrent Mark Try Flush                     0.000 / 0.000         0.201 / 0.455         0.201 / 0.455         0.201 / 0.455       ms
[2023-11-16T15:04:45.576+0800][gc,stats    ]    Subphase: Concurrent Mark Try Terminate                 0.000 / 0.000         4.353 / 12.985        4.353 / 12.985        4.353 / 12.985      ms
[2023-11-16T15:04:45.576+0800][gc,stats    ]    Subphase: Concurrent References Enqueue                 0.000 / 0.000         0.004 / 0.004         0.004 / 0.004         0.004 / 0.004       ms
[2023-11-16T15:04:45.577+0800][gc,stats    ]    Subphase: Concurrent References Process                 0.000 / 0.000         0.104 / 0.123         0.104 / 0.123         0.104 / 0.123       ms
[2023-11-16T15:04:45.577+0800][gc,stats    ]    Subphase: Concurrent Roots ClassLoaderDataGraph         0.000 / 0.000         0.107 / 0.428         0.107 / 0.428         0.107 / 0.428       ms
[2023-11-16T15:04:45.577+0800][gc,stats    ]    Subphase: Concurrent Roots CodeCache                    0.000 / 0.000         0.000 / 0.000         0.000 / 0.000         0.000 / 0.000       ms
[2023-11-16T15:04:45.577+0800][gc,stats    ]    Subphase: Concurrent Roots JavaThreads                  0.000 / 0.000         1.013 / 1.707         1.013 / 1.707         1.013 / 1.707       ms
[2023-11-16T15:04:45.577+0800][gc,stats    ]    Subphase: Concurrent Roots OopStorageSet                0.000 / 0.000         0.146 / 0.289         0.146 / 0.289         0.146 / 0.289       ms
[2023-11-16T15:04:45.577+0800][gc,stats    ]    Subphase: Concurrent Weak Roots OopStorageSet           0.000 / 0.000         0.440 / 0.670         0.440 / 0.670         0.440 / 0.670       ms
[2023-11-16T15:04:45.577+0800][gc,stats    ]    Subphase: Pause Mark Try Complete                       0.000 / 0.000         0.000 / 0.000         0.000 / 0.000         0.000 / 0.000       ms
[2023-11-16T15:04:45.577+0800][gc,stats    ]      System: Java Threads                                      0 / 0                34 / 47               34 / 47               34 / 47          threads
[2023-11-16T15:04:45.577+0800][gc,stats    ] =========================================================================================================================================================
[2023-11-16T15:04:55.589+0800][gc,stats    ] === Garbage Collection Statistics =======================================================================================================================
[2023-11-16T15:04:55.589+0800][gc,stats    ]                                                              Last 10s              Last 10m              Last 10h                Total
[2023-11-16T15:04:55.589+0800][gc,stats    ]                                                              Avg / Max             Avg / Max             Avg / Max             Avg / Max
[2023-11-16T15:04:55.589+0800][gc,stats    ]   Collector: Garbage Collection Cycle                      0.000 / 0.000        32.129 / 37.536       32.129 / 37.536       32.129 / 37.536      ms
[2023-11-16T15:04:55.589+0800][gc,stats    ]  Contention: Mark Segment Reset Contention                     0 / 0                 0 / 3                 0 / 3                 0 / 3           ops/s
[2023-11-16T15:04:55.589+0800][gc,stats    ]  Contention: Mark SeqNum Reset Contention                      0 / 0                 0 / 0                 0 / 0                 0 / 0           ops/s
[2023-11-16T15:04:55.589+0800][gc,stats    ]    Critical: Allocation Stall                                  0 / 0                 0 / 0                 0 / 0                 0 / 0           ops/s
[2023-11-16T15:04:55.589+0800][gc,stats    ]    Critical: Allocation Stall                              0.000 / 0.000         0.000 / 0.000         0.000 / 0.000         0.000 / 0.000       ms
[2023-11-16T15:04:55.589+0800][gc,stats    ]    Critical: GC Locker Stall                                   0 / 0                 0 / 0                 0 / 0                 0 / 0           ops/s
[2023-11-16T15:04:55.589+0800][gc,stats    ]    Critical: GC Locker Stall                               0.000 / 0.000         0.000 / 0.000         0.000 / 0.000         0.000 / 0.000       ms
[2023-11-16T15:04:55.589+0800][gc,stats    ]    Critical: Relocation Stall                                  0 / 0                 0 / 0                 0 / 0                 0 / 0           ops/s
[2023-11-16T15:04:55.589+0800][gc,stats    ]    Critical: Relocation Stall                              0.000 / 0.000         0.000 / 0.000         0.000 / 0.000         0.000 / 0.000       ms
[2023-11-16T15:04:55.589+0800][gc,stats    ]      Memory: Allocation Rate                                   0 / 2                 4 / 82                4 / 82                4 / 82          MB/s
[2023-11-16T15:04:55.589+0800][gc,stats    ]      Memory: Defragment                                        0 / 0                 0 / 0                 0 / 0                 0 / 0           ops/s
[2023-11-16T15:04:55.589+0800][gc,stats    ]      Memory: Out Of Memory                                     0 / 0                 0 / 0                 0 / 0                 0 / 0           ops/s
[2023-11-16T15:04:55.589+0800][gc,stats    ]      Memory: Page Cache Flush                                  0 / 0                 0 / 0                 0 / 0                 0 / 0           MB/s
[2023-11-16T15:04:55.589+0800][gc,stats    ]      Memory: Page Cache Hit L1                                 0 / 1                 1 / 33                1 / 33                1 / 33          ops/s
[2023-11-16T15:04:55.589+0800][gc,stats    ]      Memory: Page Cache Hit L2                                 0 / 0                 0 / 0                 0 / 0                 0 / 0           ops/s
[2023-11-16T15:04:55.589+0800][gc,stats    ]      Memory: Page Cache Hit L3                                 0 / 0                 1 / 41                1 / 41                1 / 41          ops/s
[2023-11-16T15:04:55.589+0800][gc,stats    ]      Memory: Page Cache Miss                                   0 / 0                 0 / 1                 0 / 1                 0 / 1           ops/s
[2023-11-16T15:04:55.589+0800][gc,stats    ]      Memory: Uncommit                                          0 / 0                 0 / 0                 0 / 0                 0 / 0           MB/s
[2023-11-16T15:04:55.589+0800][gc,stats    ]      Memory: Undo Object Allocation Failed                     0 / 0                 0 / 0                 0 / 0                 0 / 0           ops/s
[2023-11-16T15:04:55.589+0800][gc,stats    ]      Memory: Undo Object Allocation Succeeded                  0 / 0                 0 / 3                 0 / 3                 0 / 3           ops/s
[2023-11-16T15:04:55.589+0800][gc,stats    ]      Memory: Undo Page Allocation                              0 / 0                 0 / 0                 0 / 0                 0 / 0           ops/s
[2023-11-16T15:04:55.589+0800][gc,stats    ]       Phase: Concurrent Mark                               0.000 / 0.000        21.531 / 24.050       21.531 / 24.050       21.531 / 24.050      ms
[2023-11-16T15:04:55.589+0800][gc,stats    ]       Phase: Concurrent Mark Continue                      0.000 / 0.000         0.000 / 0.000         0.000 / 0.000         0.000 / 0.000       ms
[2023-11-16T15:04:55.589+0800][gc,stats    ]       Phase: Concurrent Mark Free                          0.000 / 0.000         0.001 / 0.001         0.001 / 0.001         0.001 / 0.001       ms
[2023-11-16T15:04:55.589+0800][gc,stats    ]       Phase: Concurrent Process Non-Strong References      0.000 / 0.000         1.995 / 2.420         1.995 / 2.420         1.995 / 2.420       ms
[2023-11-16T15:04:55.589+0800][gc,stats    ]       Phase: Concurrent Relocate                           0.000 / 0.000         2.883 / 2.961         2.883 / 2.961         2.883 / 2.961       ms
[2023-11-16T15:04:55.589+0800][gc,stats    ]       Phase: Concurrent Reset Relocation Set               0.000 / 0.000         0.002 / 0.004         0.002 / 0.004         0.002 / 0.004       ms
[2023-11-16T15:04:55.589+0800][gc,stats    ]       Phase: Concurrent Select Relocation Set              0.000 / 0.000         4.861 / 8.184         4.861 / 8.184         4.861 / 8.184       ms
[2023-11-16T15:04:55.589+0800][gc,stats    ]       Phase: Pause Mark End                                0.000 / 0.000         0.017 / 0.019         0.017 / 0.019         0.017 / 0.019       ms
[2023-11-16T15:04:55.589+0800][gc,stats    ]       Phase: Pause Mark Start                              0.000 / 0.000         0.023 / 0.031         0.023 / 0.031         0.023 / 0.031       ms
[2023-11-16T15:04:55.589+0800][gc,stats    ]       Phase: Pause Relocate Start                          0.000 / 0.000         0.009 / 0.009         0.009 / 0.009         0.009 / 0.009       ms
[2023-11-16T15:04:55.589+0800][gc,stats    ]    Subphase: Concurrent Classes Purge                      0.000 / 0.000         0.066 / 0.071         0.066 / 0.071         0.066 / 0.071       ms
[2023-11-16T15:04:55.589+0800][gc,stats    ]    Subphase: Concurrent Classes Unlink                     0.000 / 0.000         1.264 / 1.492         1.264 / 1.492         1.264 / 1.492       ms
[2023-11-16T15:04:55.589+0800][gc,stats    ]    Subphase: Concurrent Mark                               0.000 / 0.000        18.504 / 22.997       18.504 / 22.997       18.504 / 22.997      ms
[2023-11-16T15:04:55.589+0800][gc,stats    ]    Subphase: Concurrent Mark Try Flush                     0.000 / 0.000         0.201 / 0.455         0.201 / 0.455         0.201 / 0.455       ms
[2023-11-16T15:04:55.589+0800][gc,stats    ]    Subphase: Concurrent Mark Try Terminate                 0.000 / 0.000         4.353 / 12.985        4.353 / 12.985        4.353 / 12.985      ms
[2023-11-16T15:04:55.589+0800][gc,stats    ]    Subphase: Concurrent References Enqueue                 0.000 / 0.000         0.004 / 0.004         0.004 / 0.004         0.004 / 0.004       ms
[2023-11-16T15:04:55.589+0800][gc,stats    ]    Subphase: Concurrent References Process                 0.000 / 0.000         0.104 / 0.123         0.104 / 0.123         0.104 / 0.123       ms
[2023-11-16T15:04:55.590+0800][gc,stats    ]    Subphase: Concurrent Roots ClassLoaderDataGraph         0.000 / 0.000         0.107 / 0.428         0.107 / 0.428         0.107 / 0.428       ms
[2023-11-16T15:04:55.590+0800][gc,stats    ]    Subphase: Concurrent Roots CodeCache                    0.000 / 0.000         0.000 / 0.000         0.000 / 0.000         0.000 / 0.000       ms
[2023-11-16T15:04:55.590+0800][gc,stats    ]    Subphase: Concurrent Roots JavaThreads                  0.000 / 0.000         1.013 / 1.707         1.013 / 1.707         1.013 / 1.707       ms
[2023-11-16T15:04:55.590+0800][gc,stats    ]    Subphase: Concurrent Roots OopStorageSet                0.000 / 0.000         0.146 / 0.289         0.146 / 0.289         0.146 / 0.289       ms
[2023-11-16T15:04:55.590+0800][gc,stats    ]    Subphase: Concurrent Weak Roots OopStorageSet           0.000 / 0.000         0.440 / 0.670         0.440 / 0.670         0.440 / 0.670       ms
[2023-11-16T15:04:55.590+0800][gc,stats    ]    Subphase: Pause Mark Try Complete                       0.000 / 0.000         0.000 / 0.000         0.000 / 0.000         0.000 / 0.000       ms
[2023-11-16T15:04:55.590+0800][gc,stats    ]      System: Java Threads                                      0 / 0                34 / 47               34 / 47               34 / 47          threads
[2023-11-16T15:04:55.590+0800][gc,stats    ] =========================================================================================================================================================
[2023-11-16T15:05:05.576+0800][gc,stats    ] === Garbage Collection Statistics =======================================================================================================================
[2023-11-16T15:05:05.576+0800][gc,stats    ]                                                              Last 10s              Last 10m              Last 10h                Total
[2023-11-16T15:05:05.576+0800][gc,stats    ]                                                              Avg / Max             Avg / Max             Avg / Max             Avg / Max
[2023-11-16T15:05:05.576+0800][gc,stats    ]   Collector: Garbage Collection Cycle                      0.000 / 0.000        32.129 / 37.536       32.129 / 37.536       32.129 / 37.536      ms
[2023-11-16T15:05:05.576+0800][gc,stats    ]  Contention: Mark Segment Reset Contention                     0 / 0                 0 / 3                 0 / 3                 0 / 3           ops/s
[2023-11-16T15:05:05.576+0800][gc,stats    ]  Contention: Mark SeqNum Reset Contention                      0 / 0                 0 / 0                 0 / 0                 0 / 0           ops/s
[2023-11-16T15:05:05.576+0800][gc,stats    ]    Critical: Allocation Stall                                  0 / 0                 0 / 0                 0 / 0                 0 / 0           ops/s
[2023-11-16T15:05:05.576+0800][gc,stats    ]    Critical: Allocation Stall                              0.000 / 0.000         0.000 / 0.000         0.000 / 0.000         0.000 / 0.000       ms
[2023-11-16T15:05:05.576+0800][gc,stats    ]    Critical: GC Locker Stall                                   0 / 0                 0 / 0                 0 / 0                 0 / 0           ops/s
[2023-11-16T15:05:05.576+0800][gc,stats    ]    Critical: GC Locker Stall                               0.000 / 0.000         0.000 / 0.000         0.000 / 0.000         0.000 / 0.000       ms
[2023-11-16T15:05:05.576+0800][gc,stats    ]    Critical: Relocation Stall                                  0 / 0                 0 / 0                 0 / 0                 0 / 0           ops/s
[2023-11-16T15:05:05.576+0800][gc,stats    ]    Critical: Relocation Stall                              0.000 / 0.000         0.000 / 0.000         0.000 / 0.000         0.000 / 0.000       ms
[2023-11-16T15:05:05.576+0800][gc,stats    ]      Memory: Allocation Rate                                   0 / 2                 3 / 82                3 / 82                3 / 82          MB/s
[2023-11-16T15:05:05.576+0800][gc,stats    ]      Memory: Defragment                                        0 / 0                 0 / 0                 0 / 0                 0 / 0           ops/s
[2023-11-16T15:05:05.576+0800][gc,stats    ]      Memory: Out Of Memory                                     0 / 0                 0 / 0                 0 / 0                 0 / 0           ops/s
[2023-11-16T15:05:05.576+0800][gc,stats    ]      Memory: Page Cache Flush                                  0 / 0                 0 / 0                 0 / 0                 0 / 0           MB/s
[2023-11-16T15:05:05.576+0800][gc,stats    ]      Memory: Page Cache Hit L1                                 0 / 1                 0 / 33                0 / 33                0 / 33          ops/s
[2023-11-16T15:05:05.576+0800][gc,stats    ]      Memory: Page Cache Hit L2                                 0 / 0                 0 / 0                 0 / 0                 0 / 0           ops/s
[2023-11-16T15:05:05.576+0800][gc,stats    ]      Memory: Page Cache Hit L3                                 0 / 0                 1 / 41                1 / 41                1 / 41          ops/s
[2023-11-16T15:05:05.576+0800][gc,stats    ]      Memory: Page Cache Miss                                   0 / 0                 0 / 1                 0 / 1                 0 / 1           ops/s
[2023-11-16T15:05:05.576+0800][gc,stats    ]      Memory: Uncommit                                          0 / 0                 0 / 0                 0 / 0                 0 / 0           MB/s
[2023-11-16T15:05:05.576+0800][gc,stats    ]      Memory: Undo Object Allocation Failed                     0 / 0                 0 / 0                 0 / 0                 0 / 0           ops/s
[2023-11-16T15:05:05.576+0800][gc,stats    ]      Memory: Undo Object Allocation Succeeded                  0 / 0                 0 / 3                 0 / 3                 0 / 3           ops/s
[2023-11-16T15:05:05.576+0800][gc,stats    ]      Memory: Undo Page Allocation                              0 / 0                 0 / 0                 0 / 0                 0 / 0           ops/s
[2023-11-16T15:05:05.576+0800][gc,stats    ]       Phase: Concurrent Mark                               0.000 / 0.000        21.531 / 24.050       21.531 / 24.050       21.531 / 24.050      ms
[2023-11-16T15:05:05.576+0800][gc,stats    ]       Phase: Concurrent Mark Continue                      0.000 / 0.000         0.000 / 0.000         0.000 / 0.000         0.000 / 0.000       ms
[2023-11-16T15:05:05.576+0800][gc,stats    ]       Phase: Concurrent Mark Free                          0.000 / 0.000         0.001 / 0.001         0.001 / 0.001         0.001 / 0.001       ms
[2023-11-16T15:05:05.576+0800][gc,stats    ]       Phase: Concurrent Process Non-Strong References      0.000 / 0.000         1.995 / 2.420         1.995 / 2.420         1.995 / 2.420       ms
[2023-11-16T15:05:05.576+0800][gc,stats    ]       Phase: Concurrent Relocate                           0.000 / 0.000         2.883 / 2.961         2.883 / 2.961         2.883 / 2.961       ms
[2023-11-16T15:05:05.576+0800][gc,stats    ]       Phase: Concurrent Reset Relocation Set               0.000 / 0.000         0.002 / 0.004         0.002 / 0.004         0.002 / 0.004       ms
[2023-11-16T15:05:05.576+0800][gc,stats    ]       Phase: Concurrent Select Relocation Set              0.000 / 0.000         4.861 / 8.184         4.861 / 8.184         4.861 / 8.184       ms
[2023-11-16T15:05:05.576+0800][gc,stats    ]       Phase: Pause Mark End                                0.000 / 0.000         0.017 / 0.019         0.017 / 0.019         0.017 / 0.019       ms
[2023-11-16T15:05:05.576+0800][gc,stats    ]       Phase: Pause Mark Start                              0.000 / 0.000         0.023 / 0.031         0.023 / 0.031         0.023 / 0.031       ms
[2023-11-16T15:05:05.576+0800][gc,stats    ]       Phase: Pause Relocate Start                          0.000 / 0.000         0.009 / 0.009         0.009 / 0.009         0.009 / 0.009       ms
[2023-11-16T15:05:05.576+0800][gc,stats    ]    Subphase: Concurrent Classes Purge                      0.000 / 0.000         0.066 / 0.071         0.066 / 0.071         0.066 / 0.071       ms
[2023-11-16T15:05:05.576+0800][gc,stats    ]    Subphase: Concurrent Classes Unlink                     0.000 / 0.000         1.264 / 1.492         1.264 / 1.492         1.264 / 1.492       ms
[2023-11-16T15:05:05.576+0800][gc,stats    ]    Subphase: Concurrent Mark                               0.000 / 0.000        18.504 / 22.997       18.504 / 22.997       18.504 / 22.997      ms
[2023-11-16T15:05:05.576+0800][gc,stats    ]    Subphase: Concurrent Mark Try Flush                     0.000 / 0.000         0.201 / 0.455         0.201 / 0.455         0.201 / 0.455       ms
[2023-11-16T15:05:05.576+0800][gc,stats    ]    Subphase: Concurrent Mark Try Terminate                 0.000 / 0.000         4.353 / 12.985        4.353 / 12.985        4.353 / 12.985      ms
[2023-11-16T15:05:05.576+0800][gc,stats    ]    Subphase: Concurrent References Enqueue                 0.000 / 0.000         0.004 / 0.004         0.004 / 0.004         0.004 / 0.004       ms
[2023-11-16T15:05:05.576+0800][gc,stats    ]    Subphase: Concurrent References Process                 0.000 / 0.000         0.104 / 0.123         0.104 / 0.123         0.104 / 0.123       ms
[2023-11-16T15:05:05.576+0800][gc,stats    ]    Subphase: Concurrent Roots ClassLoaderDataGraph         0.000 / 0.000         0.107 / 0.428         0.107 / 0.428         0.107 / 0.428       ms
[2023-11-16T15:05:05.576+0800][gc,stats    ]    Subphase: Concurrent Roots CodeCache                    0.000 / 0.000         0.000 / 0.000         0.000 / 0.000         0.000 / 0.000       ms
[2023-11-16T15:05:05.576+0800][gc,stats    ]    Subphase: Concurrent Roots JavaThreads                  0.000 / 0.000         1.013 / 1.707         1.013 / 1.707         1.013 / 1.707       ms
[2023-11-16T15:05:05.576+0800][gc,stats    ]    Subphase: Concurrent Roots OopStorageSet                0.000 / 0.000         0.146 / 0.289         0.146 / 0.289         0.146 / 0.289       ms
[2023-11-16T15:05:05.576+0800][gc,stats    ]    Subphase: Concurrent Weak Roots OopStorageSet           0.000 / 0.000         0.440 / 0.670         0.440 / 0.670         0.440 / 0.670       ms
[2023-11-16T15:05:05.576+0800][gc,stats    ]    Subphase: Pause Mark Try Complete                       0.000 / 0.000         0.000 / 0.000         0.000 / 0.000         0.000 / 0.000       ms
[2023-11-16T15:05:05.576+0800][gc,stats    ]      System: Java Threads                                      0 / 0                34 / 47               34 / 47               34 / 47          threads
[2023-11-16T15:05:05.576+0800][gc,stats    ] =========================================================================================================================================================
[2023-11-16T15:05:15.576+0800][gc,stats    ] === Garbage Collection Statistics =======================================================================================================================
[2023-11-16T15:05:15.576+0800][gc,stats    ]                                                              Last 10s              Last 10m              Last 10h                Total
[2023-11-16T15:05:15.576+0800][gc,stats    ]                                                              Avg / Max             Avg / Max             Avg / Max             Avg / Max
[2023-11-16T15:05:15.576+0800][gc,stats    ]   Collector: Garbage Collection Cycle                      0.000 / 0.000        32.129 / 37.536       32.129 / 37.536       32.129 / 37.536      ms
[2023-11-16T15:05:15.576+0800][gc,stats    ]  Contention: Mark Segment Reset Contention                     0 / 0                 0 / 3                 0 / 3                 0 / 3           ops/s
[2023-11-16T15:05:15.576+0800][gc,stats    ]  Contention: Mark SeqNum Reset Contention                      0 / 0                 0 / 0                 0 / 0                 0 / 0           ops/s
[2023-11-16T15:05:15.576+0800][gc,stats    ]    Critical: Allocation Stall                                  0 / 0                 0 / 0                 0 / 0                 0 / 0           ops/s
[2023-11-16T15:05:15.576+0800][gc,stats    ]    Critical: Allocation Stall                              0.000 / 0.000         0.000 / 0.000         0.000 / 0.000         0.000 / 0.000       ms
[2023-11-16T15:05:15.576+0800][gc,stats    ]    Critical: GC Locker Stall                                   0 / 0                 0 / 0                 0 / 0                 0 / 0           ops/s
[2023-11-16T15:05:15.576+0800][gc,stats    ]    Critical: GC Locker Stall                               0.000 / 0.000         0.000 / 0.000         0.000 / 0.000         0.000 / 0.000       ms
[2023-11-16T15:05:15.576+0800][gc,stats    ]    Critical: Relocation Stall                                  0 / 0                 0 / 0                 0 / 0                 0 / 0           ops/s
[2023-11-16T15:05:15.576+0800][gc,stats    ]    Critical: Relocation Stall                              0.000 / 0.000         0.000 / 0.000         0.000 / 0.000         0.000 / 0.000       ms
[2023-11-16T15:05:15.576+0800][gc,stats    ]      Memory: Allocation Rate                                   0 / 2                 3 / 82                3 / 82                3 / 82          MB/s
[2023-11-16T15:05:15.576+0800][gc,stats    ]      Memory: Defragment                                        0 / 0                 0 / 0                 0 / 0                 0 / 0           ops/s
[2023-11-16T15:05:15.576+0800][gc,stats    ]      Memory: Out Of Memory                                     0 / 0                 0 / 0                 0 / 0                 0 / 0           ops/s
[2023-11-16T15:05:15.576+0800][gc,stats    ]      Memory: Page Cache Flush                                  0 / 0                 0 / 0                 0 / 0                 0 / 0           MB/s
[2023-11-16T15:05:15.576+0800][gc,stats    ]      Memory: Page Cache Hit L1                                 0 / 1                 0 / 33                0 / 33                0 / 33          ops/s
[2023-11-16T15:05:15.576+0800][gc,stats    ]      Memory: Page Cache Hit L2                                 0 / 0                 0 / 0                 0 / 0                 0 / 0           ops/s
[2023-11-16T15:05:15.576+0800][gc,stats    ]      Memory: Page Cache Hit L3                                 0 / 0                 0 / 41                0 / 41                0 / 41          ops/s
[2023-11-16T15:05:15.576+0800][gc,stats    ]      Memory: Page Cache Miss                                   0 / 0                 0 / 1                 0 / 1                 0 / 1           ops/s
[2023-11-16T15:05:15.576+0800][gc,stats    ]      Memory: Uncommit                                          0 / 0                 0 / 0                 0 / 0                 0 / 0           MB/s
[2023-11-16T15:05:15.576+0800][gc,stats    ]      Memory: Undo Object Allocation Failed                     0 / 0                 0 / 0                 0 / 0                 0 / 0           ops/s
[2023-11-16T15:05:15.576+0800][gc,stats    ]      Memory: Undo Object Allocation Succeeded                  0 / 0                 0 / 3                 0 / 3                 0 / 3           ops/s
[2023-11-16T15:05:15.576+0800][gc,stats    ]      Memory: Undo Page Allocation                              0 / 0                 0 / 0                 0 / 0                 0 / 0           ops/s
[2023-11-16T15:05:15.576+0800][gc,stats    ]       Phase: Concurrent Mark                               0.000 / 0.000        21.531 / 24.050       21.531 / 24.050       21.531 / 24.050      ms
[2023-11-16T15:05:15.576+0800][gc,stats    ]       Phase: Concurrent Mark Continue                      0.000 / 0.000         0.000 / 0.000         0.000 / 0.000         0.000 / 0.000       ms
[2023-11-16T15:05:15.576+0800][gc,stats    ]       Phase: Concurrent Mark Free                          0.000 / 0.000         0.001 / 0.001         0.001 / 0.001         0.001 / 0.001       ms
[2023-11-16T15:05:15.576+0800][gc,stats    ]       Phase: Concurrent Process Non-Strong References      0.000 / 0.000         1.995 / 2.420         1.995 / 2.420         1.995 / 2.420       ms
[2023-11-16T15:05:15.576+0800][gc,stats    ]       Phase: Concurrent Relocate                           0.000 / 0.000         2.883 / 2.961         2.883 / 2.961         2.883 / 2.961       ms
[2023-11-16T15:05:15.576+0800][gc,stats    ]       Phase: Concurrent Reset Relocation Set               0.000 / 0.000         0.002 / 0.004         0.002 / 0.004         0.002 / 0.004       ms
[2023-11-16T15:05:15.576+0800][gc,stats    ]       Phase: Concurrent Select Relocation Set              0.000 / 0.000         4.861 / 8.184         4.861 / 8.184         4.861 / 8.184       ms
[2023-11-16T15:05:15.576+0800][gc,stats    ]       Phase: Pause Mark End                                0.000 / 0.000         0.017 / 0.019         0.017 / 0.019         0.017 / 0.019       ms
[2023-11-16T15:05:15.576+0800][gc,stats    ]       Phase: Pause Mark Start                              0.000 / 0.000         0.023 / 0.031         0.023 / 0.031         0.023 / 0.031       ms
[2023-11-16T15:05:15.576+0800][gc,stats    ]       Phase: Pause Relocate Start                          0.000 / 0.000         0.009 / 0.009         0.009 / 0.009         0.009 / 0.009       ms
[2023-11-16T15:05:15.576+0800][gc,stats    ]    Subphase: Concurrent Classes Purge                      0.000 / 0.000         0.066 / 0.071         0.066 / 0.071         0.066 / 0.071       ms
[2023-11-16T15:05:15.576+0800][gc,stats    ]    Subphase: Concurrent Classes Unlink                     0.000 / 0.000         1.264 / 1.492         1.264 / 1.492         1.264 / 1.492       ms
[2023-11-16T15:05:15.576+0800][gc,stats    ]    Subphase: Concurrent Mark                               0.000 / 0.000        18.504 / 22.997       18.504 / 22.997       18.504 / 22.997      ms
[2023-11-16T15:05:15.576+0800][gc,stats    ]    Subphase: Concurrent Mark Try Flush                     0.000 / 0.000         0.201 / 0.455         0.201 / 0.455         0.201 / 0.455       ms
[2023-11-16T15:05:15.576+0800][gc,stats    ]    Subphase: Concurrent Mark Try Terminate                 0.000 / 0.000         4.353 / 12.985        4.353 / 12.985        4.353 / 12.985      ms
[2023-11-16T15:05:15.576+0800][gc,stats    ]    Subphase: Concurrent References Enqueue                 0.000 / 0.000         0.004 / 0.004         0.004 / 0.004         0.004 / 0.004       ms
[2023-11-16T15:05:15.576+0800][gc,stats    ]    Subphase: Concurrent References Process                 0.000 / 0.000         0.104 / 0.123         0.104 / 0.123         0.104 / 0.123       ms
[2023-11-16T15:05:15.576+0800][gc,stats    ]    Subphase: Concurrent Roots ClassLoaderDataGraph         0.000 / 0.000         0.107 / 0.428         0.107 / 0.428         0.107 / 0.428       ms
[2023-11-16T15:05:15.576+0800][gc,stats    ]    Subphase: Concurrent Roots CodeCache                    0.000 / 0.000         0.000 / 0.000         0.000 / 0.000         0.000 / 0.000       ms
[2023-11-16T15:05:15.576+0800][gc,stats    ]    Subphase: Concurrent Roots JavaThreads                  0.000 / 0.000         1.013 / 1.707         1.013 / 1.707         1.013 / 1.707       ms
[2023-11-16T15:05:15.576+0800][gc,stats    ]    Subphase: Concurrent Roots OopStorageSet                0.000 / 0.000         0.146 / 0.289         0.146 / 0.289         0.146 / 0.289       ms
[2023-11-16T15:05:15.576+0800][gc,stats    ]    Subphase: Concurrent Weak Roots OopStorageSet           0.000 / 0.000         0.440 / 0.670         0.440 / 0.670         0.440 / 0.670       ms
[2023-11-16T15:05:15.576+0800][gc,stats    ]    Subphase: Pause Mark Try Complete                       0.000 / 0.000         0.000 / 0.000         0.000 / 0.000         0.000 / 0.000       ms
[2023-11-16T15:05:15.577+0800][gc,stats    ]      System: Java Threads                                      0 / 0                34 / 47               34 / 47               34 / 47          threads
[2023-11-16T15:05:15.577+0800][gc,stats    ] =========================================================================================================================================================
[2023-11-16T15:05:25.591+0800][gc,stats    ] === Garbage Collection Statistics =======================================================================================================================
[2023-11-16T15:05:25.591+0800][gc,stats    ]                                                              Last 10s              Last 10m              Last 10h                Total
[2023-11-16T15:05:25.591+0800][gc,stats    ]                                                              Avg / Max             Avg / Max             Avg / Max             Avg / Max
[2023-11-16T15:05:25.591+0800][gc,stats    ]   Collector: Garbage Collection Cycle                      0.000 / 0.000        32.129 / 37.536       32.129 / 37.536       32.129 / 37.536      ms
[2023-11-16T15:05:25.591+0800][gc,stats    ]  Contention: Mark Segment Reset Contention                     0 / 0                 0 / 3                 0 / 3                 0 / 3           ops/s
[2023-11-16T15:05:25.591+0800][gc,stats    ]  Contention: Mark SeqNum Reset Contention                      0 / 0                 0 / 0                 0 / 0                 0 / 0           ops/s
[2023-11-16T15:05:25.591+0800][gc,stats    ]    Critical: Allocation Stall                                  0 / 0                 0 / 0                 0 / 0                 0 / 0           ops/s
[2023-11-16T15:05:25.591+0800][gc,stats    ]    Critical: Allocation Stall                              0.000 / 0.000         0.000 / 0.000         0.000 / 0.000         0.000 / 0.000       ms
[2023-11-16T15:05:25.591+0800][gc,stats    ]    Critical: GC Locker Stall                                   0 / 0                 0 / 0                 0 / 0                 0 / 0           ops/s
[2023-11-16T15:05:25.591+0800][gc,stats    ]    Critical: GC Locker Stall                               0.000 / 0.000         0.000 / 0.000         0.000 / 0.000         0.000 / 0.000       ms
[2023-11-16T15:05:25.591+0800][gc,stats    ]    Critical: Relocation Stall                                  0 / 0                 0 / 0                 0 / 0                 0 / 0           ops/s
[2023-11-16T15:05:25.591+0800][gc,stats    ]    Critical: Relocation Stall                              0.000 / 0.000         0.000 / 0.000         0.000 / 0.000         0.000 / 0.000       ms
[2023-11-16T15:05:25.591+0800][gc,stats    ]      Memory: Allocation Rate                                   0 / 2                 3 / 82                3 / 82                3 / 82          MB/s
[2023-11-16T15:05:25.591+0800][gc,stats    ]      Memory: Defragment                                        0 / 0                 0 / 0                 0 / 0                 0 / 0           ops/s
[2023-11-16T15:05:25.591+0800][gc,stats    ]      Memory: Out Of Memory                                     0 / 0                 0 / 0                 0 / 0                 0 / 0           ops/s
[2023-11-16T15:05:25.591+0800][gc,stats    ]      Memory: Page Cache Flush                                  0 / 0                 0 / 0                 0 / 0                 0 / 0           MB/s
[2023-11-16T15:05:25.591+0800][gc,stats    ]      Memory: Page Cache Hit L1                                 0 / 1                 0 / 33                0 / 33                0 / 33          ops/s
[2023-11-16T15:05:25.591+0800][gc,stats    ]      Memory: Page Cache Hit L2                                 0 / 0                 0 / 0                 0 / 0                 0 / 0           ops/s
[2023-11-16T15:05:25.591+0800][gc,stats    ]      Memory: Page Cache Hit L3                                 0 / 0                 0 / 41                0 / 41                0 / 41          ops/s
[2023-11-16T15:05:25.591+0800][gc,stats    ]      Memory: Page Cache Miss                                   0 / 0                 0 / 1                 0 / 1                 0 / 1           ops/s
[2023-11-16T15:05:25.591+0800][gc,stats    ]      Memory: Uncommit                                          0 / 0                 0 / 0                 0 / 0                 0 / 0           MB/s
[2023-11-16T15:05:25.591+0800][gc,stats    ]      Memory: Undo Object Allocation Failed                     0 / 0                 0 / 0                 0 / 0                 0 / 0           ops/s
[2023-11-16T15:05:25.591+0800][gc,stats    ]      Memory: Undo Object Allocation Succeeded                  0 / 0                 0 / 3                 0 / 3                 0 / 3           ops/s
[2023-11-16T15:05:25.591+0800][gc,stats    ]      Memory: Undo Page Allocation                              0 / 0                 0 / 0                 0 / 0                 0 / 0           ops/s
[2023-11-16T15:05:25.591+0800][gc,stats    ]       Phase: Concurrent Mark                               0.000 / 0.000        21.531 / 24.050       21.531 / 24.050       21.531 / 24.050      ms
[2023-11-16T15:05:25.591+0800][gc,stats    ]       Phase: Concurrent Mark Continue                      0.000 / 0.000         0.000 / 0.000         0.000 / 0.000         0.000 / 0.000       ms
[2023-11-16T15:05:25.591+0800][gc,stats    ]       Phase: Concurrent Mark Free                          0.000 / 0.000         0.001 / 0.001         0.001 / 0.001         0.001 / 0.001       ms
[2023-11-16T15:05:25.591+0800][gc,stats    ]       Phase: Concurrent Process Non-Strong References      0.000 / 0.000         1.995 / 2.420         1.995 / 2.420         1.995 / 2.420       ms
[2023-11-16T15:05:25.591+0800][gc,stats    ]       Phase: Concurrent Relocate                           0.000 / 0.000         2.883 / 2.961         2.883 / 2.961         2.883 / 2.961       ms
[2023-11-16T15:05:25.591+0800][gc,stats    ]       Phase: Concurrent Reset Relocation Set               0.000 / 0.000         0.002 / 0.004         0.002 / 0.004         0.002 / 0.004       ms
[2023-11-16T15:05:25.591+0800][gc,stats    ]       Phase: Concurrent Select Relocation Set              0.000 / 0.000         4.861 / 8.184         4.861 / 8.184         4.861 / 8.184       ms
[2023-11-16T15:05:25.591+0800][gc,stats    ]       Phase: Pause Mark End                                0.000 / 0.000         0.017 / 0.019         0.017 / 0.019         0.017 / 0.019       ms
[2023-11-16T15:05:25.591+0800][gc,stats    ]       Phase: Pause Mark Start                              0.000 / 0.000         0.023 / 0.031         0.023 / 0.031         0.023 / 0.031       ms
[2023-11-16T15:05:25.591+0800][gc,stats    ]       Phase: Pause Relocate Start                          0.000 / 0.000         0.009 / 0.009         0.009 / 0.009         0.009 / 0.009       ms
[2023-11-16T15:05:25.591+0800][gc,stats    ]    Subphase: Concurrent Classes Purge                      0.000 / 0.000         0.066 / 0.071         0.066 / 0.071         0.066 / 0.071       ms
[2023-11-16T15:05:25.591+0800][gc,stats    ]    Subphase: Concurrent Classes Unlink                     0.000 / 0.000         1.264 / 1.492         1.264 / 1.492         1.264 / 1.492       ms
[2023-11-16T15:05:25.591+0800][gc,stats    ]    Subphase: Concurrent Mark                               0.000 / 0.000        18.504 / 22.997       18.504 / 22.997       18.504 / 22.997      ms
[2023-11-16T15:05:25.591+0800][gc,stats    ]    Subphase: Concurrent Mark Try Flush                     0.000 / 0.000         0.201 / 0.455         0.201 / 0.455         0.201 / 0.455       ms
[2023-11-16T15:05:25.591+0800][gc,stats    ]    Subphase: Concurrent Mark Try Terminate                 0.000 / 0.000         4.353 / 12.985        4.353 / 12.985        4.353 / 12.985      ms
[2023-11-16T15:05:25.591+0800][gc,stats    ]    Subphase: Concurrent References Enqueue                 0.000 / 0.000         0.004 / 0.004         0.004 / 0.004         0.004 / 0.004       ms
[2023-11-16T15:05:25.591+0800][gc,stats    ]    Subphase: Concurrent References Process                 0.000 / 0.000         0.104 / 0.123         0.104 / 0.123         0.104 / 0.123       ms
[2023-11-16T15:05:25.592+0800][gc,stats    ]    Subphase: Concurrent Roots ClassLoaderDataGraph         0.000 / 0.000         0.107 / 0.428         0.107 / 0.428         0.107 / 0.428       ms
[2023-11-16T15:05:25.592+0800][gc,stats    ]    Subphase: Concurrent Roots CodeCache                    0.000 / 0.000         0.000 / 0.000         0.000 / 0.000         0.000 / 0.000       ms
[2023-11-16T15:05:25.592+0800][gc,stats    ]    Subphase: Concurrent Roots JavaThreads                  0.000 / 0.000         1.013 / 1.707         1.013 / 1.707         1.013 / 1.707       ms
[2023-11-16T15:05:25.592+0800][gc,stats    ]    Subphase: Concurrent Roots OopStorageSet                0.000 / 0.000         0.146 / 0.289         0.146 / 0.289         0.146 / 0.289       ms
[2023-11-16T15:05:25.592+0800][gc,stats    ]    Subphase: Concurrent Weak Roots OopStorageSet           0.000 / 0.000         0.440 / 0.670         0.440 / 0.670         0.440 / 0.670       ms
[2023-11-16T15:05:25.592+0800][gc,stats    ]    Subphase: Pause Mark Try Complete                       0.000 / 0.000         0.000 / 0.000         0.000 / 0.000         0.000 / 0.000       ms
[2023-11-16T15:05:25.592+0800][gc,stats    ]      System: Java Threads                                      0 / 0                34 / 47               34 / 47               34 / 47          threads
[2023-11-16T15:05:25.592+0800][gc,stats    ] =========================================================================================================================================================
[2023-11-16T15:05:35.590+0800][gc,stats    ] === Garbage Collection Statistics =======================================================================================================================
[2023-11-16T15:05:35.590+0800][gc,stats    ]                                                              Last 10s              Last 10m              Last 10h                Total
[2023-11-16T15:05:35.590+0800][gc,stats    ]                                                              Avg / Max             Avg / Max             Avg / Max             Avg / Max
[2023-11-16T15:05:35.590+0800][gc,stats    ]   Collector: Garbage Collection Cycle                      0.000 / 0.000        32.129 / 37.536       32.129 / 37.536       32.129 / 37.536      ms
[2023-11-16T15:05:35.590+0800][gc,stats    ]  Contention: Mark Segment Reset Contention                     0 / 0                 0 / 3                 0 / 3                 0 / 3           ops/s
[2023-11-16T15:05:35.590+0800][gc,stats    ]  Contention: Mark SeqNum Reset Contention                      0 / 0                 0 / 0                 0 / 0                 0 / 0           ops/s
[2023-11-16T15:05:35.590+0800][gc,stats    ]    Critical: Allocation Stall                                  0 / 0                 0 / 0                 0 / 0                 0 / 0           ops/s
[2023-11-16T15:05:35.590+0800][gc,stats    ]    Critical: Allocation Stall                              0.000 / 0.000         0.000 / 0.000         0.000 / 0.000         0.000 / 0.000       ms
[2023-11-16T15:05:35.590+0800][gc,stats    ]    Critical: GC Locker Stall                                   0 / 0                 0 / 0                 0 / 0                 0 / 0           ops/s
[2023-11-16T15:05:35.590+0800][gc,stats    ]    Critical: GC Locker Stall                               0.000 / 0.000         0.000 / 0.000         0.000 / 0.000         0.000 / 0.000       ms
[2023-11-16T15:05:35.590+0800][gc,stats    ]    Critical: Relocation Stall                                  0 / 0                 0 / 0                 0 / 0                 0 / 0           ops/s
[2023-11-16T15:05:35.590+0800][gc,stats    ]    Critical: Relocation Stall                              0.000 / 0.000         0.000 / 0.000         0.000 / 0.000         0.000 / 0.000       ms
[2023-11-16T15:05:35.590+0800][gc,stats    ]      Memory: Allocation Rate                                   0 / 2                 2 / 82                2 / 82                2 / 82          MB/s
[2023-11-16T15:05:35.590+0800][gc,stats    ]      Memory: Defragment                                        0 / 0                 0 / 0                 0 / 0                 0 / 0           ops/s
[2023-11-16T15:05:35.590+0800][gc,stats    ]      Memory: Out Of Memory                                     0 / 0                 0 / 0                 0 / 0                 0 / 0           ops/s
[2023-11-16T15:05:35.590+0800][gc,stats    ]      Memory: Page Cache Flush                                  0 / 0                 0 / 0                 0 / 0                 0 / 0           MB/s
[2023-11-16T15:05:35.590+0800][gc,stats    ]      Memory: Page Cache Hit L1                                 0 / 1                 0 / 33                0 / 33                0 / 33          ops/s
[2023-11-16T15:05:35.590+0800][gc,stats    ]      Memory: Page Cache Hit L2                                 0 / 0                 0 / 0                 0 / 0                 0 / 0           ops/s
[2023-11-16T15:05:35.590+0800][gc,stats    ]      Memory: Page Cache Hit L3                                 0 / 0                 0 / 41                0 / 41                0 / 41          ops/s
[2023-11-16T15:05:35.590+0800][gc,stats    ]      Memory: Page Cache Miss                                   0 / 0                 0 / 1                 0 / 1                 0 / 1           ops/s
[2023-11-16T15:05:35.590+0800][gc,stats    ]      Memory: Uncommit                                          0 / 0                 0 / 0                 0 / 0                 0 / 0           MB/s
[2023-11-16T15:05:35.590+0800][gc,stats    ]      Memory: Undo Object Allocation Failed                     0 / 0                 0 / 0                 0 / 0                 0 / 0           ops/s
[2023-11-16T15:05:35.590+0800][gc,stats    ]      Memory: Undo Object Allocation Succeeded                  0 / 0                 0 / 3                 0 / 3                 0 / 3           ops/s
[2023-11-16T15:05:35.590+0800][gc,stats    ]      Memory: Undo Page Allocation                              0 / 0                 0 / 0                 0 / 0                 0 / 0           ops/s
[2023-11-16T15:05:35.590+0800][gc,stats    ]       Phase: Concurrent Mark                               0.000 / 0.000        21.531 / 24.050       21.531 / 24.050       21.531 / 24.050      ms
[2023-11-16T15:05:35.590+0800][gc,stats    ]       Phase: Concurrent Mark Continue                      0.000 / 0.000         0.000 / 0.000         0.000 / 0.000         0.000 / 0.000       ms
[2023-11-16T15:05:35.590+0800][gc,stats    ]       Phase: Concurrent Mark Free                          0.000 / 0.000         0.001 / 0.001         0.001 / 0.001         0.001 / 0.001       ms
[2023-11-16T15:05:35.591+0800][gc,stats    ]       Phase: Concurrent Process Non-Strong References      0.000 / 0.000         1.995 / 2.420         1.995 / 2.420         1.995 / 2.420       ms
[2023-11-16T15:05:35.591+0800][gc,stats    ]       Phase: Concurrent Relocate                           0.000 / 0.000         2.883 / 2.961         2.883 / 2.961         2.883 / 2.961       ms
[2023-11-16T15:05:35.591+0800][gc,stats    ]       Phase: Concurrent Reset Relocation Set               0.000 / 0.000         0.002 / 0.004         0.002 / 0.004         0.002 / 0.004       ms
[2023-11-16T15:05:35.591+0800][gc,stats    ]       Phase: Concurrent Select Relocation Set              0.000 / 0.000         4.861 / 8.184         4.861 / 8.184         4.861 / 8.184       ms
[2023-11-16T15:05:35.591+0800][gc,stats    ]       Phase: Pause Mark End                                0.000 / 0.000         0.017 / 0.019         0.017 / 0.019         0.017 / 0.019       ms
[2023-11-16T15:05:35.591+0800][gc,stats    ]       Phase: Pause Mark Start                              0.000 / 0.000         0.023 / 0.031         0.023 / 0.031         0.023 / 0.031       ms
[2023-11-16T15:05:35.591+0800][gc,stats    ]       Phase: Pause Relocate Start                          0.000 / 0.000         0.009 / 0.009         0.009 / 0.009         0.009 / 0.009       ms
[2023-11-16T15:05:35.591+0800][gc,stats    ]    Subphase: Concurrent Classes Purge                      0.000 / 0.000         0.066 / 0.071         0.066 / 0.071         0.066 / 0.071       ms
[2023-11-16T15:05:35.591+0800][gc,stats    ]    Subphase: Concurrent Classes Unlink                     0.000 / 0.000         1.264 / 1.492         1.264 / 1.492         1.264 / 1.492       ms
[2023-11-16T15:05:35.591+0800][gc,stats    ]    Subphase: Concurrent Mark                               0.000 / 0.000        18.504 / 22.997       18.504 / 22.997       18.504 / 22.997      ms
[2023-11-16T15:05:35.591+0800][gc,stats    ]    Subphase: Concurrent Mark Try Flush                     0.000 / 0.000         0.201 / 0.455         0.201 / 0.455         0.201 / 0.455       ms
[2023-11-16T15:05:35.591+0800][gc,stats    ]    Subphase: Concurrent Mark Try Terminate                 0.000 / 0.000         4.353 / 12.985        4.353 / 12.985        4.353 / 12.985      ms
[2023-11-16T15:05:35.591+0800][gc,stats    ]    Subphase: Concurrent References Enqueue                 0.000 / 0.000         0.004 / 0.004         0.004 / 0.004         0.004 / 0.004       ms
[2023-11-16T15:05:35.591+0800][gc,stats    ]    Subphase: Concurrent References Process                 0.000 / 0.000         0.104 / 0.123         0.104 / 0.123         0.104 / 0.123       ms
[2023-11-16T15:05:35.591+0800][gc,stats    ]    Subphase: Concurrent Roots ClassLoaderDataGraph         0.000 / 0.000         0.107 / 0.428         0.107 / 0.428         0.107 / 0.428       ms
[2023-11-16T15:05:35.591+0800][gc,stats    ]    Subphase: Concurrent Roots CodeCache                    0.000 / 0.000         0.000 / 0.000         0.000 / 0.000         0.000 / 0.000       ms
[2023-11-16T15:05:35.591+0800][gc,stats    ]    Subphase: Concurrent Roots JavaThreads                  0.000 / 0.000         1.013 / 1.707         1.013 / 1.707         1.013 / 1.707       ms
[2023-11-16T15:05:35.591+0800][gc,stats    ]    Subphase: Concurrent Roots OopStorageSet                0.000 / 0.000         0.146 / 0.289         0.146 / 0.289         0.146 / 0.289       ms
[2023-11-16T15:05:35.591+0800][gc,stats    ]    Subphase: Concurrent Weak Roots OopStorageSet           0.000 / 0.000         0.440 / 0.670         0.440 / 0.670         0.440 / 0.670       ms
[2023-11-16T15:05:35.591+0800][gc,stats    ]    Subphase: Pause Mark Try Complete                       0.000 / 0.000         0.000 / 0.000         0.000 / 0.000         0.000 / 0.000       ms
[2023-11-16T15:05:35.591+0800][gc,stats    ]      System: Java Threads                                      0 / 0                34 / 47               34 / 47               34 / 47          threads
[2023-11-16T15:05:35.591+0800][gc,stats    ] =========================================================================================================================================================
[2023-11-16T15:05:45.581+0800][gc,stats    ] === Garbage Collection Statistics =======================================================================================================================
[2023-11-16T15:05:45.581+0800][gc,stats    ]                                                              Last 10s              Last 10m              Last 10h                Total
[2023-11-16T15:05:45.581+0800][gc,stats    ]                                                              Avg / Max             Avg / Max             Avg / Max             Avg / Max
[2023-11-16T15:05:45.581+0800][gc,stats    ]   Collector: Garbage Collection Cycle                      0.000 / 0.000        32.129 / 37.536       32.129 / 37.536       32.129 / 37.536      ms
[2023-11-16T15:05:45.581+0800][gc,stats    ]  Contention: Mark Segment Reset Contention                     0 / 0                 0 / 3                 0 / 3                 0 / 3           ops/s
[2023-11-16T15:05:45.581+0800][gc,stats    ]  Contention: Mark SeqNum Reset Contention                      0 / 0                 0 / 0                 0 / 0                 0 / 0           ops/s
[2023-11-16T15:05:45.581+0800][gc,stats    ]    Critical: Allocation Stall                                  0 / 0                 0 / 0                 0 / 0                 0 / 0           ops/s
[2023-11-16T15:05:45.581+0800][gc,stats    ]    Critical: Allocation Stall                              0.000 / 0.000         0.000 / 0.000         0.000 / 0.000         0.000 / 0.000       ms
[2023-11-16T15:05:45.581+0800][gc,stats    ]    Critical: GC Locker Stall                                   0 / 0                 0 / 0                 0 / 0                 0 / 0           ops/s
[2023-11-16T15:05:45.581+0800][gc,stats    ]    Critical: GC Locker Stall                               0.000 / 0.000         0.000 / 0.000         0.000 / 0.000         0.000 / 0.000       ms
[2023-11-16T15:05:45.581+0800][gc,stats    ]    Critical: Relocation Stall                                  0 / 0                 0 / 0                 0 / 0                 0 / 0           ops/s
[2023-11-16T15:05:45.581+0800][gc,stats    ]    Critical: Relocation Stall                              0.000 / 0.000         0.000 / 0.000         0.000 / 0.000         0.000 / 0.000       ms
[2023-11-16T15:05:45.581+0800][gc,stats    ]      Memory: Allocation Rate                                   0 / 2                 2 / 82                2 / 82                2 / 82          MB/s
[2023-11-16T15:05:45.581+0800][gc,stats    ]      Memory: Defragment                                        0 / 0                 0 / 0                 0 / 0                 0 / 0           ops/s
[2023-11-16T15:05:45.581+0800][gc,stats    ]      Memory: Out Of Memory                                     0 / 0                 0 / 0                 0 / 0                 0 / 0           ops/s
[2023-11-16T15:05:45.581+0800][gc,stats    ]      Memory: Page Cache Flush                                  0 / 0                 0 / 0                 0 / 0                 0 / 0           MB/s
[2023-11-16T15:05:45.581+0800][gc,stats    ]      Memory: Page Cache Hit L1                                 0 / 1                 0 / 33                0 / 33                0 / 33          ops/s
[2023-11-16T15:05:45.581+0800][gc,stats    ]      Memory: Page Cache Hit L2                                 0 / 0                 0 / 0                 0 / 0                 0 / 0           ops/s
[2023-11-16T15:05:45.581+0800][gc,stats    ]      Memory: Page Cache Hit L3                                 0 / 0                 0 / 41                0 / 41                0 / 41          ops/s
[2023-11-16T15:05:45.581+0800][gc,stats    ]      Memory: Page Cache Miss                                   0 / 0                 0 / 1                 0 / 1                 0 / 1           ops/s
[2023-11-16T15:05:45.581+0800][gc,stats    ]      Memory: Uncommit                                          0 / 0                 0 / 0                 0 / 0                 0 / 0           MB/s
[2023-11-16T15:05:45.581+0800][gc,stats    ]      Memory: Undo Object Allocation Failed                     0 / 0                 0 / 0                 0 / 0                 0 / 0           ops/s
[2023-11-16T15:05:45.581+0800][gc,stats    ]      Memory: Undo Object Allocation Succeeded                  0 / 0                 0 / 3                 0 / 3                 0 / 3           ops/s
[2023-11-16T15:05:45.581+0800][gc,stats    ]      Memory: Undo Page Allocation                              0 / 0                 0 / 0                 0 / 0                 0 / 0           ops/s
[2023-11-16T15:05:45.581+0800][gc,stats    ]       Phase: Concurrent Mark                               0.000 / 0.000        21.531 / 24.050       21.531 / 24.050       21.531 / 24.050      ms
[2023-11-16T15:05:45.581+0800][gc,stats    ]       Phase: Concurrent Mark Continue                      0.000 / 0.000         0.000 / 0.000         0.000 / 0.000         0.000 / 0.000       ms
[2023-11-16T15:05:45.581+0800][gc,stats    ]       Phase: Concurrent Mark Free                          0.000 / 0.000         0.001 / 0.001         0.001 / 0.001         0.001 / 0.001       ms
[2023-11-16T15:05:45.581+0800][gc,stats    ]       Phase: Concurrent Process Non-Strong References      0.000 / 0.000         1.995 / 2.420         1.995 / 2.420         1.995 / 2.420       ms
[2023-11-16T15:05:45.581+0800][gc,stats    ]       Phase: Concurrent Relocate                           0.000 / 0.000         2.883 / 2.961         2.883 / 2.961         2.883 / 2.961       ms
[2023-11-16T15:05:45.581+0800][gc,stats    ]       Phase: Concurrent Reset Relocation Set               0.000 / 0.000         0.002 / 0.004         0.002 / 0.004         0.002 / 0.004       ms
[2023-11-16T15:05:45.581+0800][gc,stats    ]       Phase: Concurrent Select Relocation Set              0.000 / 0.000         4.861 / 8.184         4.861 / 8.184         4.861 / 8.184       ms
[2023-11-16T15:05:45.581+0800][gc,stats    ]       Phase: Pause Mark End                                0.000 / 0.000         0.017 / 0.019         0.017 / 0.019         0.017 / 0.019       ms
[2023-11-16T15:05:45.581+0800][gc,stats    ]       Phase: Pause Mark Start                              0.000 / 0.000         0.023 / 0.031         0.023 / 0.031         0.023 / 0.031       ms
[2023-11-16T15:05:45.581+0800][gc,stats    ]       Phase: Pause Relocate Start                          0.000 / 0.000         0.009 / 0.009         0.009 / 0.009         0.009 / 0.009       ms
[2023-11-16T15:05:45.581+0800][gc,stats    ]    Subphase: Concurrent Classes Purge                      0.000 / 0.000         0.066 / 0.071         0.066 / 0.071         0.066 / 0.071       ms
[2023-11-16T15:05:45.581+0800][gc,stats    ]    Subphase: Concurrent Classes Unlink                     0.000 / 0.000         1.264 / 1.492         1.264 / 1.492         1.264 / 1.492       ms
[2023-11-16T15:05:45.581+0800][gc,stats    ]    Subphase: Concurrent Mark                               0.000 / 0.000        18.504 / 22.997       18.504 / 22.997       18.504 / 22.997      ms
[2023-11-16T15:05:45.581+0800][gc,stats    ]    Subphase: Concurrent Mark Try Flush                     0.000 / 0.000         0.201 / 0.455         0.201 / 0.455         0.201 / 0.455       ms
[2023-11-16T15:05:45.581+0800][gc,stats    ]    Subphase: Concurrent Mark Try Terminate                 0.000 / 0.000         4.353 / 12.985        4.353 / 12.985        4.353 / 12.985      ms
[2023-11-16T15:05:45.581+0800][gc,stats    ]    Subphase: Concurrent References Enqueue                 0.000 / 0.000         0.004 / 0.004         0.004 / 0.004         0.004 / 0.004       ms
[2023-11-16T15:05:45.581+0800][gc,stats    ]    Subphase: Concurrent References Process                 0.000 / 0.000         0.104 / 0.123         0.104 / 0.123         0.104 / 0.123       ms
[2023-11-16T15:05:45.581+0800][gc,stats    ]    Subphase: Concurrent Roots ClassLoaderDataGraph         0.000 / 0.000         0.107 / 0.428         0.107 / 0.428         0.107 / 0.428       ms
[2023-11-16T15:05:45.581+0800][gc,stats    ]    Subphase: Concurrent Roots CodeCache                    0.000 / 0.000         0.000 / 0.000         0.000 / 0.000         0.000 / 0.000       ms
[2023-11-16T15:05:45.581+0800][gc,stats    ]    Subphase: Concurrent Roots JavaThreads                  0.000 / 0.000         1.013 / 1.707         1.013 / 1.707         1.013 / 1.707       ms
[2023-11-16T15:05:45.581+0800][gc,stats    ]    Subphase: Concurrent Roots OopStorageSet                0.000 / 0.000         0.146 / 0.289         0.146 / 0.289         0.146 / 0.289       ms
[2023-11-16T15:05:45.581+0800][gc,stats    ]    Subphase: Concurrent Weak Roots OopStorageSet           0.000 / 0.000         0.440 / 0.670         0.440 / 0.670         0.440 / 0.670       ms
[2023-11-16T15:05:45.582+0800][gc,stats    ]    Subphase: Pause Mark Try Complete                       0.000 / 0.000         0.000 / 0.000         0.000 / 0.000         0.000 / 0.000       ms
[2023-11-16T15:05:45.582+0800][gc,stats    ]      System: Java Threads                                      0 / 0                34 / 47               34 / 47               34 / 47          threads
[2023-11-16T15:05:45.582+0800][gc,stats    ] =========================================================================================================================================================
[2023-11-16T15:05:55.587+0800][gc,stats    ] === Garbage Collection Statistics =======================================================================================================================
[2023-11-16T15:05:55.587+0800][gc,stats    ]                                                              Last 10s              Last 10m              Last 10h                Total
[2023-11-16T15:05:55.587+0800][gc,stats    ]                                                              Avg / Max             Avg / Max             Avg / Max             Avg / Max
[2023-11-16T15:05:55.587+0800][gc,stats    ]   Collector: Garbage Collection Cycle                      0.000 / 0.000        32.129 / 37.536       32.129 / 37.536       32.129 / 37.536      ms
[2023-11-16T15:05:55.587+0800][gc,stats    ]  Contention: Mark Segment Reset Contention                     0 / 0                 0 / 3                 0 / 3                 0 / 3           ops/s
[2023-11-16T15:05:55.587+0800][gc,stats    ]  Contention: Mark SeqNum Reset Contention                      0 / 0                 0 / 0                 0 / 0                 0 / 0           ops/s
[2023-11-16T15:05:55.587+0800][gc,stats    ]    Critical: Allocation Stall                                  0 / 0                 0 / 0                 0 / 0                 0 / 0           ops/s
[2023-11-16T15:05:55.587+0800][gc,stats    ]    Critical: Allocation Stall                              0.000 / 0.000         0.000 / 0.000         0.000 / 0.000         0.000 / 0.000       ms
[2023-11-16T15:05:55.587+0800][gc,stats    ]    Critical: GC Locker Stall                                   0 / 0                 0 / 0                 0 / 0                 0 / 0           ops/s
[2023-11-16T15:05:55.587+0800][gc,stats    ]    Critical: GC Locker Stall                               0.000 / 0.000         0.000 / 0.000         0.000 / 0.000         0.000 / 0.000       ms
[2023-11-16T15:05:55.587+0800][gc,stats    ]    Critical: Relocation Stall                                  0 / 0                 0 / 0                 0 / 0                 0 / 0           ops/s
[2023-11-16T15:05:55.587+0800][gc,stats    ]    Critical: Relocation Stall                              0.000 / 0.000         0.000 / 0.000         0.000 / 0.000         0.000 / 0.000       ms
[2023-11-16T15:05:55.587+0800][gc,stats    ]      Memory: Allocation Rate                                   0 / 0                 2 / 82                2 / 82                2 / 82          MB/s
[2023-11-16T15:05:55.587+0800][gc,stats    ]      Memory: Defragment                                        0 / 0                 0 / 0                 0 / 0                 0 / 0           ops/s
[2023-11-16T15:05:55.587+0800][gc,stats    ]      Memory: Out Of Memory                                     0 / 0                 0 / 0                 0 / 0                 0 / 0           ops/s
[2023-11-16T15:05:55.587+0800][gc,stats    ]      Memory: Page Cache Flush                                  0 / 0                 0 / 0                 0 / 0                 0 / 0           MB/s
[2023-11-16T15:05:55.587+0800][gc,stats    ]      Memory: Page Cache Hit L1                                 0 / 0                 0 / 33                0 / 33                0 / 33          ops/s
[2023-11-16T15:05:55.587+0800][gc,stats    ]      Memory: Page Cache Hit L2                                 0 / 0                 0 / 0                 0 / 0                 0 / 0           ops/s
[2023-11-16T15:05:55.587+0800][gc,stats    ]      Memory: Page Cache Hit L3                                 0 / 0                 0 / 41                0 / 41                0 / 41          ops/s
[2023-11-16T15:05:55.587+0800][gc,stats    ]      Memory: Page Cache Miss                                   0 / 0                 0 / 1                 0 / 1                 0 / 1           ops/s
[2023-11-16T15:05:55.587+0800][gc,stats    ]      Memory: Uncommit                                          0 / 0                 0 / 0                 0 / 0                 0 / 0           MB/s
[2023-11-16T15:05:55.587+0800][gc,stats    ]      Memory: Undo Object Allocation Failed                     0 / 0                 0 / 0                 0 / 0                 0 / 0           ops/s
[2023-11-16T15:05:55.587+0800][gc,stats    ]      Memory: Undo Object Allocation Succeeded                  0 / 0                 0 / 3                 0 / 3                 0 / 3           ops/s
[2023-11-16T15:05:55.587+0800][gc,stats    ]      Memory: Undo Page Allocation                              0 / 0                 0 / 0                 0 / 0                 0 / 0           ops/s
[2023-11-16T15:05:55.587+0800][gc,stats    ]       Phase: Concurrent Mark                               0.000 / 0.000        21.531 / 24.050       21.531 / 24.050       21.531 / 24.050      ms
[2023-11-16T15:05:55.587+0800][gc,stats    ]       Phase: Concurrent Mark Continue                      0.000 / 0.000         0.000 / 0.000         0.000 / 0.000         0.000 / 0.000       ms
[2023-11-16T15:05:55.587+0800][gc,stats    ]       Phase: Concurrent Mark Free                          0.000 / 0.000         0.001 / 0.001         0.001 / 0.001         0.001 / 0.001       ms
[2023-11-16T15:05:55.587+0800][gc,stats    ]       Phase: Concurrent Process Non-Strong References      0.000 / 0.000         1.995 / 2.420         1.995 / 2.420         1.995 / 2.420       ms
[2023-11-16T15:05:55.587+0800][gc,stats    ]       Phase: Concurrent Relocate                           0.000 / 0.000         2.883 / 2.961         2.883 / 2.961         2.883 / 2.961       ms
[2023-11-16T15:05:55.587+0800][gc,stats    ]       Phase: Concurrent Reset Relocation Set               0.000 / 0.000         0.002 / 0.004         0.002 / 0.004         0.002 / 0.004       ms
[2023-11-16T15:05:55.587+0800][gc,stats    ]       Phase: Concurrent Select Relocation Set              0.000 / 0.000         4.861 / 8.184         4.861 / 8.184         4.861 / 8.184       ms
[2023-11-16T15:05:55.587+0800][gc,stats    ]       Phase: Pause Mark End                                0.000 / 0.000         0.017 / 0.019         0.017 / 0.019         0.017 / 0.019       ms
[2023-11-16T15:05:55.587+0800][gc,stats    ]       Phase: Pause Mark Start                              0.000 / 0.000         0.023 / 0.031         0.023 / 0.031         0.023 / 0.031       ms
[2023-11-16T15:05:55.587+0800][gc,stats    ]       Phase: Pause Relocate Start                          0.000 / 0.000         0.009 / 0.009         0.009 / 0.009         0.009 / 0.009       ms
[2023-11-16T15:05:55.587+0800][gc,stats    ]    Subphase: Concurrent Classes Purge                      0.000 / 0.000         0.066 / 0.071         0.066 / 0.071         0.066 / 0.071       ms
[2023-11-16T15:05:55.587+0800][gc,stats    ]    Subphase: Concurrent Classes Unlink                     0.000 / 0.000         1.264 / 1.492         1.264 / 1.492         1.264 / 1.492       ms
[2023-11-16T15:05:55.587+0800][gc,stats    ]    Subphase: Concurrent Mark                               0.000 / 0.000        18.504 / 22.997       18.504 / 22.997       18.504 / 22.997      ms
[2023-11-16T15:05:55.587+0800][gc,stats    ]    Subphase: Concurrent Mark Try Flush                     0.000 / 0.000         0.201 / 0.455         0.201 / 0.455         0.201 / 0.455       ms
[2023-11-16T15:05:55.587+0800][gc,stats    ]    Subphase: Concurrent Mark Try Terminate                 0.000 / 0.000         4.353 / 12.985        4.353 / 12.985        4.353 / 12.985      ms
[2023-11-16T15:05:55.587+0800][gc,stats    ]    Subphase: Concurrent References Enqueue                 0.000 / 0.000         0.004 / 0.004         0.004 / 0.004         0.004 / 0.004       ms
[2023-11-16T15:05:55.587+0800][gc,stats    ]    Subphase: Concurrent References Process                 0.000 / 0.000         0.104 / 0.123         0.104 / 0.123         0.104 / 0.123       ms
[2023-11-16T15:05:55.587+0800][gc,stats    ]    Subphase: Concurrent Roots ClassLoaderDataGraph         0.000 / 0.000         0.107 / 0.428         0.107 / 0.428         0.107 / 0.428       ms
[2023-11-16T15:05:55.587+0800][gc,stats    ]    Subphase: Concurrent Roots CodeCache                    0.000 / 0.000         0.000 / 0.000         0.000 / 0.000         0.000 / 0.000       ms
[2023-11-16T15:05:55.587+0800][gc,stats    ]    Subphase: Concurrent Roots JavaThreads                  0.000 / 0.000         1.013 / 1.707         1.013 / 1.707         1.013 / 1.707       ms
[2023-11-16T15:05:55.587+0800][gc,stats    ]    Subphase: Concurrent Roots OopStorageSet                0.000 / 0.000         0.146 / 0.289         0.146 / 0.289         0.146 / 0.289       ms
[2023-11-16T15:05:55.587+0800][gc,stats    ]    Subphase: Concurrent Weak Roots OopStorageSet           0.000 / 0.000         0.440 / 0.670         0.440 / 0.670         0.440 / 0.670       ms
[2023-11-16T15:05:55.587+0800][gc,stats    ]    Subphase: Pause Mark Try Complete                       0.000 / 0.000         0.000 / 0.000         0.000 / 0.000         0.000 / 0.000       ms
[2023-11-16T15:05:55.587+0800][gc,stats    ]      System: Java Threads                                      0 / 0                34 / 47               34 / 47               34 / 47          threads
[2023-11-16T15:05:55.587+0800][gc,stats    ] =========================================================================================================================================================
[2023-11-16T15:06:05.579+0800][gc,stats    ] === Garbage Collection Statistics =======================================================================================================================
[2023-11-16T15:06:05.579+0800][gc,stats    ]                                                              Last 10s              Last 10m              Last 10h                Total
[2023-11-16T15:06:05.579+0800][gc,stats    ]                                                              Avg / Max             Avg / Max             Avg / Max             Avg / Max
[2023-11-16T15:06:05.579+0800][gc,stats    ]   Collector: Garbage Collection Cycle                      0.000 / 0.000        32.129 / 37.536       32.129 / 37.536       32.129 / 37.536      ms
[2023-11-16T15:06:05.579+0800][gc,stats    ]  Contention: Mark Segment Reset Contention                     0 / 0                 0 / 3                 0 / 3                 0 / 3           ops/s
[2023-11-16T15:06:05.579+0800][gc,stats    ]  Contention: Mark SeqNum Reset Contention                      0 / 0                 0 / 0                 0 / 0                 0 / 0           ops/s
[2023-11-16T15:06:05.579+0800][gc,stats    ]    Critical: Allocation Stall                                  0 / 0                 0 / 0                 0 / 0                 0 / 0           ops/s
[2023-11-16T15:06:05.579+0800][gc,stats    ]    Critical: Allocation Stall                              0.000 / 0.000         0.000 / 0.000         0.000 / 0.000         0.000 / 0.000       ms
[2023-11-16T15:06:05.579+0800][gc,stats    ]    Critical: GC Locker Stall                                   0 / 0                 0 / 0                 0 / 0                 0 / 0           ops/s
[2023-11-16T15:06:05.579+0800][gc,stats    ]    Critical: GC Locker Stall                               0.000 / 0.000         0.000 / 0.000         0.000 / 0.000         0.000 / 0.000       ms
[2023-11-16T15:06:05.579+0800][gc,stats    ]    Critical: Relocation Stall                                  0 / 0                 0 / 0                 0 / 0                 0 / 0           ops/s
[2023-11-16T15:06:05.579+0800][gc,stats    ]    Critical: Relocation Stall                              0.000 / 0.000         0.000 / 0.000         0.000 / 0.000         0.000 / 0.000       ms
[2023-11-16T15:06:05.579+0800][gc,stats    ]      Memory: Allocation Rate                                   0 / 2                 2 / 82                2 / 82                2 / 82          MB/s
[2023-11-16T15:06:05.579+0800][gc,stats    ]      Memory: Defragment                                        0 / 0                 0 / 0                 0 / 0                 0 / 0           ops/s
[2023-11-16T15:06:05.579+0800][gc,stats    ]      Memory: Out Of Memory                                     0 / 0                 0 / 0                 0 / 0                 0 / 0           ops/s
[2023-11-16T15:06:05.579+0800][gc,stats    ]      Memory: Page Cache Flush                                  0 / 0                 0 / 0                 0 / 0                 0 / 0           MB/s
[2023-11-16T15:06:05.579+0800][gc,stats    ]      Memory: Page Cache Hit L1                                 0 / 1                 0 / 33                0 / 33                0 / 33          ops/s
[2023-11-16T15:06:05.579+0800][gc,stats    ]      Memory: Page Cache Hit L2                                 0 / 0                 0 / 0                 0 / 0                 0 / 0           ops/s
[2023-11-16T15:06:05.579+0800][gc,stats    ]      Memory: Page Cache Hit L3                                 0 / 0                 0 / 41                0 / 41                0 / 41          ops/s
[2023-11-16T15:06:05.579+0800][gc,stats    ]      Memory: Page Cache Miss                                   0 / 0                 0 / 1                 0 / 1                 0 / 1           ops/s
[2023-11-16T15:06:05.579+0800][gc,stats    ]      Memory: Uncommit                                          0 / 0                 0 / 0                 0 / 0                 0 / 0           MB/s
[2023-11-16T15:06:05.579+0800][gc,stats    ]      Memory: Undo Object Allocation Failed                     0 / 0                 0 / 0                 0 / 0                 0 / 0           ops/s
[2023-11-16T15:06:05.580+0800][gc,stats    ]      Memory: Undo Object Allocation Succeeded                  0 / 0                 0 / 3                 0 / 3                 0 / 3           ops/s
[2023-11-16T15:06:05.580+0800][gc,stats    ]      Memory: Undo Page Allocation                              0 / 0                 0 / 0                 0 / 0                 0 / 0           ops/s
[2023-11-16T15:06:05.580+0800][gc,stats    ]       Phase: Concurrent Mark                               0.000 / 0.000        21.531 / 24.050       21.531 / 24.050       21.531 / 24.050      ms
[2023-11-16T15:06:05.580+0800][gc,stats    ]       Phase: Concurrent Mark Continue                      0.000 / 0.000         0.000 / 0.000         0.000 / 0.000         0.000 / 0.000       ms
[2023-11-16T15:06:05.580+0800][gc,stats    ]       Phase: Concurrent Mark Free                          0.000 / 0.000         0.001 / 0.001         0.001 / 0.001         0.001 / 0.001       ms
[2023-11-16T15:06:05.580+0800][gc,stats    ]       Phase: Concurrent Process Non-Strong References      0.000 / 0.000         1.995 / 2.420         1.995 / 2.420         1.995 / 2.420       ms
[2023-11-16T15:06:05.580+0800][gc,stats    ]       Phase: Concurrent Relocate                           0.000 / 0.000         2.883 / 2.961         2.883 / 2.961         2.883 / 2.961       ms
[2023-11-16T15:06:05.580+0800][gc,stats    ]       Phase: Concurrent Reset Relocation Set               0.000 / 0.000         0.002 / 0.004         0.002 / 0.004         0.002 / 0.004       ms
[2023-11-16T15:06:05.580+0800][gc,stats    ]       Phase: Concurrent Select Relocation Set              0.000 / 0.000         4.861 / 8.184         4.861 / 8.184         4.861 / 8.184       ms
[2023-11-16T15:06:05.580+0800][gc,stats    ]       Phase: Pause Mark End                                0.000 / 0.000         0.017 / 0.019         0.017 / 0.019         0.017 / 0.019       ms
[2023-11-16T15:06:05.580+0800][gc,stats    ]       Phase: Pause Mark Start                              0.000 / 0.000         0.023 / 0.031         0.023 / 0.031         0.023 / 0.031       ms
[2023-11-16T15:06:05.580+0800][gc,stats    ]       Phase: Pause Relocate Start                          0.000 / 0.000         0.009 / 0.009         0.009 / 0.009         0.009 / 0.009       ms
[2023-11-16T15:06:05.580+0800][gc,stats    ]    Subphase: Concurrent Classes Purge                      0.000 / 0.000         0.066 / 0.071         0.066 / 0.071         0.066 / 0.071       ms
[2023-11-16T15:06:05.580+0800][gc,stats    ]    Subphase: Concurrent Classes Unlink                     0.000 / 0.000         1.264 / 1.492         1.264 / 1.492         1.264 / 1.492       ms
[2023-11-16T15:06:05.580+0800][gc,stats    ]    Subphase: Concurrent Mark                               0.000 / 0.000        18.504 / 22.997       18.504 / 22.997       18.504 / 22.997      ms
[2023-11-16T15:06:05.580+0800][gc,stats    ]    Subphase: Concurrent Mark Try Flush                     0.000 / 0.000         0.201 / 0.455         0.201 / 0.455         0.201 / 0.455       ms
[2023-11-16T15:06:05.580+0800][gc,stats    ]    Subphase: Concurrent Mark Try Terminate                 0.000 / 0.000         4.353 / 12.985        4.353 / 12.985        4.353 / 12.985      ms
[2023-11-16T15:06:05.580+0800][gc,stats    ]    Subphase: Concurrent References Enqueue                 0.000 / 0.000         0.004 / 0.004         0.004 / 0.004         0.004 / 0.004       ms
[2023-11-16T15:06:05.580+0800][gc,stats    ]    Subphase: Concurrent References Process                 0.000 / 0.000         0.104 / 0.123         0.104 / 0.123         0.104 / 0.123       ms
[2023-11-16T15:06:05.580+0800][gc,stats    ]    Subphase: Concurrent Roots ClassLoaderDataGraph         0.000 / 0.000         0.107 / 0.428         0.107 / 0.428         0.107 / 0.428       ms
[2023-11-16T15:06:05.580+0800][gc,stats    ]    Subphase: Concurrent Roots CodeCache                    0.000 / 0.000         0.000 / 0.000         0.000 / 0.000         0.000 / 0.000       ms
[2023-11-16T15:06:05.580+0800][gc,stats    ]    Subphase: Concurrent Roots JavaThreads                  0.000 / 0.000         1.013 / 1.707         1.013 / 1.707         1.013 / 1.707       ms
[2023-11-16T15:06:05.580+0800][gc,stats    ]    Subphase: Concurrent Roots OopStorageSet                0.000 / 0.000         0.146 / 0.289         0.146 / 0.289         0.146 / 0.289       ms
[2023-11-16T15:06:05.580+0800][gc,stats    ]    Subphase: Concurrent Weak Roots OopStorageSet           0.000 / 0.000         0.440 / 0.670         0.440 / 0.670         0.440 / 0.670       ms
[2023-11-16T15:06:05.580+0800][gc,stats    ]    Subphase: Pause Mark Try Complete                       0.000 / 0.000         0.000 / 0.000         0.000 / 0.000         0.000 / 0.000       ms
[2023-11-16T15:06:05.580+0800][gc,stats    ]      System: Java Threads                                      0 / 0                34 / 47               34 / 47               34 / 47          threads
[2023-11-16T15:06:05.580+0800][gc,stats    ] =========================================================================================================================================================
[2023-11-16T15:06:15.576+0800][gc,stats    ] === Garbage Collection Statistics =======================================================================================================================
[2023-11-16T15:06:15.576+0800][gc,stats    ]                                                              Last 10s              Last 10m              Last 10h                Total
[2023-11-16T15:06:15.576+0800][gc,stats    ]                                                              Avg / Max             Avg / Max             Avg / Max             Avg / Max
[2023-11-16T15:06:15.576+0800][gc,stats    ]   Collector: Garbage Collection Cycle                      0.000 / 0.000        32.129 / 37.536       32.129 / 37.536       32.129 / 37.536      ms
[2023-11-16T15:06:15.576+0800][gc,stats    ]  Contention: Mark Segment Reset Contention                     0 / 0                 0 / 3                 0 / 3                 0 / 3           ops/s
[2023-11-16T15:06:15.576+0800][gc,stats    ]  Contention: Mark SeqNum Reset Contention                      0 / 0                 0 / 0                 0 / 0                 0 / 0           ops/s
[2023-11-16T15:06:15.576+0800][gc,stats    ]    Critical: Allocation Stall                                  0 / 0                 0 / 0                 0 / 0                 0 / 0           ops/s
[2023-11-16T15:06:15.576+0800][gc,stats    ]    Critical: Allocation Stall                              0.000 / 0.000         0.000 / 0.000         0.000 / 0.000         0.000 / 0.000       ms
[2023-11-16T15:06:15.576+0800][gc,stats    ]    Critical: GC Locker Stall                                   0 / 0                 0 / 0                 0 / 0                 0 / 0           ops/s
[2023-11-16T15:06:15.576+0800][gc,stats    ]    Critical: GC Locker Stall                               0.000 / 0.000         0.000 / 0.000         0.000 / 0.000         0.000 / 0.000       ms
[2023-11-16T15:06:15.576+0800][gc,stats    ]    Critical: Relocation Stall                                  0 / 0                 0 / 0                 0 / 0                 0 / 0           ops/s
[2023-11-16T15:06:15.576+0800][gc,stats    ]    Critical: Relocation Stall                              0.000 / 0.000         0.000 / 0.000         0.000 / 0.000         0.000 / 0.000       ms
[2023-11-16T15:06:15.576+0800][gc,stats    ]      Memory: Allocation Rate                                   0 / 2                 2 / 82                2 / 82                2 / 82          MB/s
[2023-11-16T15:06:15.576+0800][gc,stats    ]      Memory: Defragment                                        0 / 0                 0 / 0                 0 / 0                 0 / 0           ops/s
[2023-11-16T15:06:15.576+0800][gc,stats    ]      Memory: Out Of Memory                                     0 / 0                 0 / 0                 0 / 0                 0 / 0           ops/s
[2023-11-16T15:06:15.576+0800][gc,stats    ]      Memory: Page Cache Flush                                  0 / 0                 0 / 0                 0 / 0                 0 / 0           MB/s
[2023-11-16T15:06:15.576+0800][gc,stats    ]      Memory: Page Cache Hit L1                                 0 / 1                 0 / 33                0 / 33                0 / 33          ops/s
[2023-11-16T15:06:15.576+0800][gc,stats    ]      Memory: Page Cache Hit L2                                 0 / 0                 0 / 0                 0 / 0                 0 / 0           ops/s
[2023-11-16T15:06:15.576+0800][gc,stats    ]      Memory: Page Cache Hit L3                                 0 / 0                 0 / 41                0 / 41                0 / 41          ops/s
[2023-11-16T15:06:15.576+0800][gc,stats    ]      Memory: Page Cache Miss                                   0 / 0                 0 / 1                 0 / 1                 0 / 1           ops/s
[2023-11-16T15:06:15.576+0800][gc,stats    ]      Memory: Uncommit                                          0 / 0                 0 / 0                 0 / 0                 0 / 0           MB/s
[2023-11-16T15:06:15.576+0800][gc,stats    ]      Memory: Undo Object Allocation Failed                     0 / 0                 0 / 0                 0 / 0                 0 / 0           ops/s
[2023-11-16T15:06:15.576+0800][gc,stats    ]      Memory: Undo Object Allocation Succeeded                  0 / 0                 0 / 3                 0 / 3                 0 / 3           ops/s
[2023-11-16T15:06:15.576+0800][gc,stats    ]      Memory: Undo Page Allocation                              0 / 0                 0 / 0                 0 / 0                 0 / 0           ops/s
[2023-11-16T15:06:15.576+0800][gc,stats    ]       Phase: Concurrent Mark                               0.000 / 0.000        21.531 / 24.050       21.531 / 24.050       21.531 / 24.050      ms
[2023-11-16T15:06:15.577+0800][gc,stats    ]       Phase: Concurrent Mark Continue                      0.000 / 0.000         0.000 / 0.000         0.000 / 0.000         0.000 / 0.000       ms
[2023-11-16T15:06:15.577+0800][gc,stats    ]       Phase: Concurrent Mark Free                          0.000 / 0.000         0.001 / 0.001         0.001 / 0.001         0.001 / 0.001       ms
[2023-11-16T15:06:15.577+0800][gc,stats    ]       Phase: Concurrent Process Non-Strong References      0.000 / 0.000         1.995 / 2.420         1.995 / 2.420         1.995 / 2.420       ms
[2023-11-16T15:06:15.577+0800][gc,stats    ]       Phase: Concurrent Relocate                           0.000 / 0.000         2.883 / 2.961         2.883 / 2.961         2.883 / 2.961       ms
[2023-11-16T15:06:15.577+0800][gc,stats    ]       Phase: Concurrent Reset Relocation Set               0.000 / 0.000         0.002 / 0.004         0.002 / 0.004         0.002 / 0.004       ms
[2023-11-16T15:06:15.577+0800][gc,stats    ]       Phase: Concurrent Select Relocation Set              0.000 / 0.000         4.861 / 8.184         4.861 / 8.184         4.861 / 8.184       ms
[2023-11-16T15:06:15.577+0800][gc,stats    ]       Phase: Pause Mark End                                0.000 / 0.000         0.017 / 0.019         0.017 / 0.019         0.017 / 0.019       ms
[2023-11-16T15:06:15.577+0800][gc,stats    ]       Phase: Pause Mark Start                              0.000 / 0.000         0.023 / 0.031         0.023 / 0.031         0.023 / 0.031       ms
[2023-11-16T15:06:15.577+0800][gc,stats    ]       Phase: Pause Relocate Start                          0.000 / 0.000         0.009 / 0.009         0.009 / 0.009         0.009 / 0.009       ms
[2023-11-16T15:06:15.577+0800][gc,stats    ]    Subphase: Concurrent Classes Purge                      0.000 / 0.000         0.066 / 0.071         0.066 / 0.071         0.066 / 0.071       ms
[2023-11-16T15:06:15.577+0800][gc,stats    ]    Subphase: Concurrent Classes Unlink                     0.000 / 0.000         1.264 / 1.492         1.264 / 1.492         1.264 / 1.492       ms
[2023-11-16T15:06:15.577+0800][gc,stats    ]    Subphase: Concurrent Mark                               0.000 / 0.000        18.504 / 22.997       18.504 / 22.997       18.504 / 22.997      ms
[2023-11-16T15:06:15.577+0800][gc,stats    ]    Subphase: Concurrent Mark Try Flush                     0.000 / 0.000         0.201 / 0.455         0.201 / 0.455         0.201 / 0.455       ms
[2023-11-16T15:06:15.577+0800][gc,stats    ]    Subphase: Concurrent Mark Try Terminate                 0.000 / 0.000         4.353 / 12.985        4.353 / 12.985        4.353 / 12.985      ms
[2023-11-16T15:06:15.577+0800][gc,stats    ]    Subphase: Concurrent References Enqueue                 0.000 / 0.000         0.004 / 0.004         0.004 / 0.004         0.004 / 0.004       ms
[2023-11-16T15:06:15.577+0800][gc,stats    ]    Subphase: Concurrent References Process                 0.000 / 0.000         0.104 / 0.123         0.104 / 0.123         0.104 / 0.123       ms
[2023-11-16T15:06:15.577+0800][gc,stats    ]    Subphase: Concurrent Roots ClassLoaderDataGraph         0.000 / 0.000         0.107 / 0.428         0.107 / 0.428         0.107 / 0.428       ms
[2023-11-16T15:06:15.577+0800][gc,stats    ]    Subphase: Concurrent Roots CodeCache                    0.000 / 0.000         0.000 / 0.000         0.000 / 0.000         0.000 / 0.000       ms
[2023-11-16T15:06:15.577+0800][gc,stats    ]    Subphase: Concurrent Roots JavaThreads                  0.000 / 0.000         1.013 / 1.707         1.013 / 1.707         1.013 / 1.707       ms
[2023-11-16T15:06:15.577+0800][gc,stats    ]    Subphase: Concurrent Roots OopStorageSet                0.000 / 0.000         0.146 / 0.289         0.146 / 0.289         0.146 / 0.289       ms
[2023-11-16T15:06:15.577+0800][gc,stats    ]    Subphase: Concurrent Weak Roots OopStorageSet           0.000 / 0.000         0.440 / 0.670         0.440 / 0.670         0.440 / 0.670       ms
[2023-11-16T15:06:15.577+0800][gc,stats    ]    Subphase: Pause Mark Try Complete                       0.000 / 0.000         0.000 / 0.000         0.000 / 0.000         0.000 / 0.000       ms
[2023-11-16T15:06:15.577+0800][gc,stats    ]      System: Java Threads                                      0 / 0                34 / 47               34 / 47               34 / 47          threads
[2023-11-16T15:06:15.577+0800][gc,stats    ] =========================================================================================================================================================
[2023-11-16T15:06:25.576+0800][gc,stats    ] === Garbage Collection Statistics =======================================================================================================================
[2023-11-16T15:06:25.576+0800][gc,stats    ]                                                              Last 10s              Last 10m              Last 10h                Total
[2023-11-16T15:06:25.576+0800][gc,stats    ]                                                              Avg / Max             Avg / Max             Avg / Max             Avg / Max
[2023-11-16T15:06:25.576+0800][gc,stats    ]   Collector: Garbage Collection Cycle                      0.000 / 0.000        32.129 / 37.536       32.129 / 37.536       32.129 / 37.536      ms
[2023-11-16T15:06:25.576+0800][gc,stats    ]  Contention: Mark Segment Reset Contention                     0 / 0                 0 / 3                 0 / 3                 0 / 3           ops/s
[2023-11-16T15:06:25.576+0800][gc,stats    ]  Contention: Mark SeqNum Reset Contention                      0 / 0                 0 / 0                 0 / 0                 0 / 0           ops/s
[2023-11-16T15:06:25.576+0800][gc,stats    ]    Critical: Allocation Stall                                  0 / 0                 0 / 0                 0 / 0                 0 / 0           ops/s
[2023-11-16T15:06:25.576+0800][gc,stats    ]    Critical: Allocation Stall                              0.000 / 0.000         0.000 / 0.000         0.000 / 0.000         0.000 / 0.000       ms
[2023-11-16T15:06:25.576+0800][gc,stats    ]    Critical: GC Locker Stall                                   0 / 0                 0 / 0                 0 / 0                 0 / 0           ops/s
[2023-11-16T15:06:25.576+0800][gc,stats    ]    Critical: GC Locker Stall                               0.000 / 0.000         0.000 / 0.000         0.000 / 0.000         0.000 / 0.000       ms
[2023-11-16T15:06:25.576+0800][gc,stats    ]    Critical: Relocation Stall                                  0 / 0                 0 / 0                 0 / 0                 0 / 0           ops/s
[2023-11-16T15:06:25.576+0800][gc,stats    ]    Critical: Relocation Stall                              0.000 / 0.000         0.000 / 0.000         0.000 / 0.000         0.000 / 0.000       ms
[2023-11-16T15:06:25.576+0800][gc,stats    ]      Memory: Allocation Rate                                   0 / 0                 2 / 82                2 / 82                2 / 82          MB/s
[2023-11-16T15:06:25.576+0800][gc,stats    ]      Memory: Defragment                                        0 / 0                 0 / 0                 0 / 0                 0 / 0           ops/s
[2023-11-16T15:06:25.576+0800][gc,stats    ]      Memory: Out Of Memory                                     0 / 0                 0 / 0                 0 / 0                 0 / 0           ops/s
[2023-11-16T15:06:25.576+0800][gc,stats    ]      Memory: Page Cache Flush                                  0 / 0                 0 / 0                 0 / 0                 0 / 0           MB/s
[2023-11-16T15:06:25.576+0800][gc,stats    ]      Memory: Page Cache Hit L1                                 0 / 0                 0 / 33                0 / 33                0 / 33          ops/s
[2023-11-16T15:06:25.576+0800][gc,stats    ]      Memory: Page Cache Hit L2                                 0 / 0                 0 / 0                 0 / 0                 0 / 0           ops/s
[2023-11-16T15:06:25.576+0800][gc,stats    ]      Memory: Page Cache Hit L3                                 0 / 0                 0 / 41                0 / 41                0 / 41          ops/s
[2023-11-16T15:06:25.576+0800][gc,stats    ]      Memory: Page Cache Miss                                   0 / 0                 0 / 1                 0 / 1                 0 / 1           ops/s
[2023-11-16T15:06:25.576+0800][gc,stats    ]      Memory: Uncommit                                          0 / 0                 0 / 0                 0 / 0                 0 / 0           MB/s
[2023-11-16T15:06:25.576+0800][gc,stats    ]      Memory: Undo Object Allocation Failed                     0 / 0                 0 / 0                 0 / 0                 0 / 0           ops/s
[2023-11-16T15:06:25.576+0800][gc,stats    ]      Memory: Undo Object Allocation Succeeded                  0 / 0                 0 / 3                 0 / 3                 0 / 3           ops/s
[2023-11-16T15:06:25.576+0800][gc,stats    ]      Memory: Undo Page Allocation                              0 / 0                 0 / 0                 0 / 0                 0 / 0           ops/s
[2023-11-16T15:06:25.576+0800][gc,stats    ]       Phase: Concurrent Mark                               0.000 / 0.000        21.531 / 24.050       21.531 / 24.050       21.531 / 24.050      ms
[2023-11-16T15:06:25.576+0800][gc,stats    ]       Phase: Concurrent Mark Continue                      0.000 / 0.000         0.000 / 0.000         0.000 / 0.000         0.000 / 0.000       ms
[2023-11-16T15:06:25.576+0800][gc,stats    ]       Phase: Concurrent Mark Free                          0.000 / 0.000         0.001 / 0.001         0.001 / 0.001         0.001 / 0.001       ms
[2023-11-16T15:06:25.576+0800][gc,stats    ]       Phase: Concurrent Process Non-Strong References      0.000 / 0.000         1.995 / 2.420         1.995 / 2.420         1.995 / 2.420       ms
[2023-11-16T15:06:25.576+0800][gc,stats    ]       Phase: Concurrent Relocate                           0.000 / 0.000         2.883 / 2.961         2.883 / 2.961         2.883 / 2.961       ms
[2023-11-16T15:06:25.576+0800][gc,stats    ]       Phase: Concurrent Reset Relocation Set               0.000 / 0.000         0.002 / 0.004         0.002 / 0.004         0.002 / 0.004       ms
[2023-11-16T15:06:25.576+0800][gc,stats    ]       Phase: Concurrent Select Relocation Set              0.000 / 0.000         4.861 / 8.184         4.861 / 8.184         4.861 / 8.184       ms
[2023-11-16T15:06:25.576+0800][gc,stats    ]       Phase: Pause Mark End                                0.000 / 0.000         0.017 / 0.019         0.017 / 0.019         0.017 / 0.019       ms
[2023-11-16T15:06:25.576+0800][gc,stats    ]       Phase: Pause Mark Start                              0.000 / 0.000         0.023 / 0.031         0.023 / 0.031         0.023 / 0.031       ms
[2023-11-16T15:06:25.576+0800][gc,stats    ]       Phase: Pause Relocate Start                          0.000 / 0.000         0.009 / 0.009         0.009 / 0.009         0.009 / 0.009       ms
[2023-11-16T15:06:25.576+0800][gc,stats    ]    Subphase: Concurrent Classes Purge                      0.000 / 0.000         0.066 / 0.071         0.066 / 0.071         0.066 / 0.071       ms
[2023-11-16T15:06:25.576+0800][gc,stats    ]    Subphase: Concurrent Classes Unlink                     0.000 / 0.000         1.264 / 1.492         1.264 / 1.492         1.264 / 1.492       ms
[2023-11-16T15:06:25.576+0800][gc,stats    ]    Subphase: Concurrent Mark                               0.000 / 0.000        18.504 / 22.997       18.504 / 22.997       18.504 / 22.997      ms
[2023-11-16T15:06:25.576+0800][gc,stats    ]    Subphase: Concurrent Mark Try Flush                     0.000 / 0.000         0.201 / 0.455         0.201 / 0.455         0.201 / 0.455       ms
[2023-11-16T15:06:25.576+0800][gc,stats    ]    Subphase: Concurrent Mark Try Terminate                 0.000 / 0.000         4.353 / 12.985        4.353 / 12.985        4.353 / 12.985      ms
[2023-11-16T15:06:25.576+0800][gc,stats    ]    Subphase: Concurrent References Enqueue                 0.000 / 0.000         0.004 / 0.004         0.004 / 0.004         0.004 / 0.004       ms
[2023-11-16T15:06:25.576+0800][gc,stats    ]    Subphase: Concurrent References Process                 0.000 / 0.000         0.104 / 0.123         0.104 / 0.123         0.104 / 0.123       ms
[2023-11-16T15:06:25.576+0800][gc,stats    ]    Subphase: Concurrent Roots ClassLoaderDataGraph         0.000 / 0.000         0.107 / 0.428         0.107 / 0.428         0.107 / 0.428       ms
[2023-11-16T15:06:25.576+0800][gc,stats    ]    Subphase: Concurrent Roots CodeCache                    0.000 / 0.000         0.000 / 0.000         0.000 / 0.000         0.000 / 0.000       ms
[2023-11-16T15:06:25.576+0800][gc,stats    ]    Subphase: Concurrent Roots JavaThreads                  0.000 / 0.000         1.013 / 1.707         1.013 / 1.707         1.013 / 1.707       ms
[2023-11-16T15:06:25.576+0800][gc,stats    ]    Subphase: Concurrent Roots OopStorageSet                0.000 / 0.000         0.146 / 0.289         0.146 / 0.289         0.146 / 0.289       ms
[2023-11-16T15:06:25.576+0800][gc,stats    ]    Subphase: Concurrent Weak Roots OopStorageSet           0.000 / 0.000         0.440 / 0.670         0.440 / 0.670         0.440 / 0.670       ms
[2023-11-16T15:06:25.576+0800][gc,stats    ]    Subphase: Pause Mark Try Complete                       0.000 / 0.000         0.000 / 0.000         0.000 / 0.000         0.000 / 0.000       ms
[2023-11-16T15:06:25.576+0800][gc,stats    ]      System: Java Threads                                      0 / 0                34 / 47               34 / 47               34 / 47          threads
[2023-11-16T15:06:25.576+0800][gc,stats    ] =========================================================================================================================================================
[2023-11-16T15:06:35.576+0800][gc,stats    ] === Garbage Collection Statistics =======================================================================================================================
[2023-11-16T15:06:35.576+0800][gc,stats    ]                                                              Last 10s              Last 10m              Last 10h                Total
[2023-11-16T15:06:35.576+0800][gc,stats    ]                                                              Avg / Max             Avg / Max             Avg / Max             Avg / Max
[2023-11-16T15:06:35.576+0800][gc,stats    ]   Collector: Garbage Collection Cycle                      0.000 / 0.000        32.129 / 37.536       32.129 / 37.536       32.129 / 37.536      ms
[2023-11-16T15:06:35.576+0800][gc,stats    ]  Contention: Mark Segment Reset Contention                     0 / 0                 0 / 3                 0 / 3                 0 / 3           ops/s
[2023-11-16T15:06:35.576+0800][gc,stats    ]  Contention: Mark SeqNum Reset Contention                      0 / 0                 0 / 0                 0 / 0                 0 / 0           ops/s
[2023-11-16T15:06:35.576+0800][gc,stats    ]    Critical: Allocation Stall                                  0 / 0                 0 / 0                 0 / 0                 0 / 0           ops/s
[2023-11-16T15:06:35.576+0800][gc,stats    ]    Critical: Allocation Stall                              0.000 / 0.000         0.000 / 0.000         0.000 / 0.000         0.000 / 0.000       ms
[2023-11-16T15:06:35.576+0800][gc,stats    ]    Critical: GC Locker Stall                                   0 / 0                 0 / 0                 0 / 0                 0 / 0           ops/s
[2023-11-16T15:06:35.576+0800][gc,stats    ]    Critical: GC Locker Stall                               0.000 / 0.000         0.000 / 0.000         0.000 / 0.000         0.000 / 0.000       ms
[2023-11-16T15:06:35.576+0800][gc,stats    ]    Critical: Relocation Stall                                  0 / 0                 0 / 0                 0 / 0                 0 / 0           ops/s
[2023-11-16T15:06:35.576+0800][gc,stats    ]    Critical: Relocation Stall                              0.000 / 0.000         0.000 / 0.000         0.000 / 0.000         0.000 / 0.000       ms
[2023-11-16T15:06:35.576+0800][gc,stats    ]      Memory: Allocation Rate                                   0 / 0                 1 / 82                1 / 82                1 / 82          MB/s
[2023-11-16T15:06:35.576+0800][gc,stats    ]      Memory: Defragment                                        0 / 0                 0 / 0                 0 / 0                 0 / 0           ops/s
[2023-11-16T15:06:35.576+0800][gc,stats    ]      Memory: Out Of Memory                                     0 / 0                 0 / 0                 0 / 0                 0 / 0           ops/s
[2023-11-16T15:06:35.576+0800][gc,stats    ]      Memory: Page Cache Flush                                  0 / 0                 0 / 0                 0 / 0                 0 / 0           MB/s
[2023-11-16T15:06:35.576+0800][gc,stats    ]      Memory: Page Cache Hit L1                                 0 / 0                 0 / 33                0 / 33                0 / 33          ops/s
[2023-11-16T15:06:35.576+0800][gc,stats    ]      Memory: Page Cache Hit L2                                 0 / 0                 0 / 0                 0 / 0                 0 / 0           ops/s
[2023-11-16T15:06:35.577+0800][gc,stats    ]      Memory: Page Cache Hit L3                                 0 / 0                 0 / 41                0 / 41                0 / 41          ops/s
[2023-11-16T15:06:35.577+0800][gc,stats    ]      Memory: Page Cache Miss                                   0 / 0                 0 / 1                 0 / 1                 0 / 1           ops/s
[2023-11-16T15:06:35.577+0800][gc,stats    ]      Memory: Uncommit                                          0 / 0                 0 / 0                 0 / 0                 0 / 0           MB/s
[2023-11-16T15:06:35.577+0800][gc,stats    ]      Memory: Undo Object Allocation Failed                     0 / 0                 0 / 0                 0 / 0                 0 / 0           ops/s
[2023-11-16T15:06:35.577+0800][gc,stats    ]      Memory: Undo Object Allocation Succeeded                  0 / 0                 0 / 3                 0 / 3                 0 / 3           ops/s
[2023-11-16T15:06:35.577+0800][gc,stats    ]      Memory: Undo Page Allocation                              0 / 0                 0 / 0                 0 / 0                 0 / 0           ops/s
[2023-11-16T15:06:35.577+0800][gc,stats    ]       Phase: Concurrent Mark                               0.000 / 0.000        21.531 / 24.050       21.531 / 24.050       21.531 / 24.050      ms
[2023-11-16T15:06:35.577+0800][gc,stats    ]       Phase: Concurrent Mark Continue                      0.000 / 0.000         0.000 / 0.000         0.000 / 0.000         0.000 / 0.000       ms
[2023-11-16T15:06:35.577+0800][gc,stats    ]       Phase: Concurrent Mark Free                          0.000 / 0.000         0.001 / 0.001         0.001 / 0.001         0.001 / 0.001       ms
[2023-11-16T15:06:35.577+0800][gc,stats    ]       Phase: Concurrent Process Non-Strong References      0.000 / 0.000         1.995 / 2.420         1.995 / 2.420         1.995 / 2.420       ms
[2023-11-16T15:06:35.577+0800][gc,stats    ]       Phase: Concurrent Relocate                           0.000 / 0.000         2.883 / 2.961         2.883 / 2.961         2.883 / 2.961       ms
[2023-11-16T15:06:35.577+0800][gc,stats    ]       Phase: Concurrent Reset Relocation Set               0.000 / 0.000         0.002 / 0.004         0.002 / 0.004         0.002 / 0.004       ms
[2023-11-16T15:06:35.577+0800][gc,stats    ]       Phase: Concurrent Select Relocation Set              0.000 / 0.000         4.861 / 8.184         4.861 / 8.184         4.861 / 8.184       ms
[2023-11-16T15:06:35.577+0800][gc,stats    ]       Phase: Pause Mark End                                0.000 / 0.000         0.017 / 0.019         0.017 / 0.019         0.017 / 0.019       ms
[2023-11-16T15:06:35.577+0800][gc,stats    ]       Phase: Pause Mark Start                              0.000 / 0.000         0.023 / 0.031         0.023 / 0.031         0.023 / 0.031       ms
[2023-11-16T15:06:35.577+0800][gc,stats    ]       Phase: Pause Relocate Start                          0.000 / 0.000         0.009 / 0.009         0.009 / 0.009         0.009 / 0.009       ms
[2023-11-16T15:06:35.577+0800][gc,stats    ]    Subphase: Concurrent Classes Purge                      0.000 / 0.000         0.066 / 0.071         0.066 / 0.071         0.066 / 0.071       ms
[2023-11-16T15:06:35.577+0800][gc,stats    ]    Subphase: Concurrent Classes Unlink                     0.000 / 0.000         1.264 / 1.492         1.264 / 1.492         1.264 / 1.492       ms
[2023-11-16T15:06:35.577+0800][gc,stats    ]    Subphase: Concurrent Mark                               0.000 / 0.000        18.504 / 22.997       18.504 / 22.997       18.504 / 22.997      ms
[2023-11-16T15:06:35.577+0800][gc,stats    ]    Subphase: Concurrent Mark Try Flush                     0.000 / 0.000         0.201 / 0.455         0.201 / 0.455         0.201 / 0.455       ms
[2023-11-16T15:06:35.577+0800][gc,stats    ]    Subphase: Concurrent Mark Try Terminate                 0.000 / 0.000         4.353 / 12.985        4.353 / 12.985        4.353 / 12.985      ms
[2023-11-16T15:06:35.577+0800][gc,stats    ]    Subphase: Concurrent References Enqueue                 0.000 / 0.000         0.004 / 0.004         0.004 / 0.004         0.004 / 0.004       ms
[2023-11-16T15:06:35.577+0800][gc,stats    ]    Subphase: Concurrent References Process                 0.000 / 0.000         0.104 / 0.123         0.104 / 0.123         0.104 / 0.123       ms
[2023-11-16T15:06:35.577+0800][gc,stats    ]    Subphase: Concurrent Roots ClassLoaderDataGraph         0.000 / 0.000         0.107 / 0.428         0.107 / 0.428         0.107 / 0.428       ms
[2023-11-16T15:06:35.577+0800][gc,stats    ]    Subphase: Concurrent Roots CodeCache                    0.000 / 0.000         0.000 / 0.000         0.000 / 0.000         0.000 / 0.000       ms
[2023-11-16T15:06:35.577+0800][gc,stats    ]    Subphase: Concurrent Roots JavaThreads                  0.000 / 0.000         1.013 / 1.707         1.013 / 1.707         1.013 / 1.707       ms
[2023-11-16T15:06:35.577+0800][gc,stats    ]    Subphase: Concurrent Roots OopStorageSet                0.000 / 0.000         0.146 / 0.289         0.146 / 0.289         0.146 / 0.289       ms
[2023-11-16T15:06:35.577+0800][gc,stats    ]    Subphase: Concurrent Weak Roots OopStorageSet           0.000 / 0.000         0.440 / 0.670         0.440 / 0.670         0.440 / 0.670       ms
[2023-11-16T15:06:35.577+0800][gc,stats    ]    Subphase: Pause Mark Try Complete                       0.000 / 0.000         0.000 / 0.000         0.000 / 0.000         0.000 / 0.000       ms
[2023-11-16T15:06:35.577+0800][gc,stats    ]      System: Java Threads                                      0 / 0                34 / 47               34 / 47               34 / 47          threads
[2023-11-16T15:06:35.577+0800][gc,stats    ] =========================================================================================================================================================
[2023-11-16T15:06:45.576+0800][gc,stats    ] === Garbage Collection Statistics =======================================================================================================================
[2023-11-16T15:06:45.576+0800][gc,stats    ]                                                              Last 10s              Last 10m              Last 10h                Total
[2023-11-16T15:06:45.576+0800][gc,stats    ]                                                              Avg / Max             Avg / Max             Avg / Max             Avg / Max
[2023-11-16T15:06:45.576+0800][gc,stats    ]   Collector: Garbage Collection Cycle                      0.000 / 0.000        32.129 / 37.536       32.129 / 37.536       32.129 / 37.536      ms
[2023-11-16T15:06:45.576+0800][gc,stats    ]  Contention: Mark Segment Reset Contention                     0 / 0                 0 / 3                 0 / 3                 0 / 3           ops/s
[2023-11-16T15:06:45.576+0800][gc,stats    ]  Contention: Mark SeqNum Reset Contention                      0 / 0                 0 / 0                 0 / 0                 0 / 0           ops/s
[2023-11-16T15:06:45.576+0800][gc,stats    ]    Critical: Allocation Stall                                  0 / 0                 0 / 0                 0 / 0                 0 / 0           ops/s
[2023-11-16T15:06:45.576+0800][gc,stats    ]    Critical: Allocation Stall                              0.000 / 0.000         0.000 / 0.000         0.000 / 0.000         0.000 / 0.000       ms
[2023-11-16T15:06:45.576+0800][gc,stats    ]    Critical: GC Locker Stall                                   0 / 0                 0 / 0                 0 / 0                 0 / 0           ops/s
[2023-11-16T15:06:45.576+0800][gc,stats    ]    Critical: GC Locker Stall                               0.000 / 0.000         0.000 / 0.000         0.000 / 0.000         0.000 / 0.000       ms
[2023-11-16T15:06:45.576+0800][gc,stats    ]    Critical: Relocation Stall                                  0 / 0                 0 / 0                 0 / 0                 0 / 0           ops/s
[2023-11-16T15:06:45.576+0800][gc,stats    ]    Critical: Relocation Stall                              0.000 / 0.000         0.000 / 0.000         0.000 / 0.000         0.000 / 0.000       ms
[2023-11-16T15:06:45.576+0800][gc,stats    ]      Memory: Allocation Rate                                   0 / 4                 1 / 82                1 / 82                1 / 82          MB/s
[2023-11-16T15:06:45.576+0800][gc,stats    ]      Memory: Defragment                                        0 / 0                 0 / 0                 0 / 0                 0 / 0           ops/s
[2023-11-16T15:06:45.576+0800][gc,stats    ]      Memory: Out Of Memory                                     0 / 0                 0 / 0                 0 / 0                 0 / 0           ops/s
[2023-11-16T15:06:45.576+0800][gc,stats    ]      Memory: Page Cache Flush                                  0 / 0                 0 / 0                 0 / 0                 0 / 0           MB/s
[2023-11-16T15:06:45.576+0800][gc,stats    ]      Memory: Page Cache Hit L1                                 0 / 2                 0 / 33                0 / 33                0 / 33          ops/s
[2023-11-16T15:06:45.576+0800][gc,stats    ]      Memory: Page Cache Hit L2                                 0 / 0                 0 / 0                 0 / 0                 0 / 0           ops/s
[2023-11-16T15:06:45.576+0800][gc,stats    ]      Memory: Page Cache Hit L3                                 0 / 0                 0 / 41                0 / 41                0 / 41          ops/s
[2023-11-16T15:06:45.576+0800][gc,stats    ]      Memory: Page Cache Miss                                   0 / 0                 0 / 1                 0 / 1                 0 / 1           ops/s
[2023-11-16T15:06:45.576+0800][gc,stats    ]      Memory: Uncommit                                          0 / 0                 0 / 0                 0 / 0                 0 / 0           MB/s
[2023-11-16T15:06:45.576+0800][gc,stats    ]      Memory: Undo Object Allocation Failed                     0 / 0                 0 / 0                 0 / 0                 0 / 0           ops/s
[2023-11-16T15:06:45.576+0800][gc,stats    ]      Memory: Undo Object Allocation Succeeded                  0 / 0                 0 / 3                 0 / 3                 0 / 3           ops/s
[2023-11-16T15:06:45.576+0800][gc,stats    ]      Memory: Undo Page Allocation                              0 / 0                 0 / 0                 0 / 0                 0 / 0           ops/s
[2023-11-16T15:06:45.576+0800][gc,stats    ]       Phase: Concurrent Mark                               0.000 / 0.000        21.531 / 24.050       21.531 / 24.050       21.531 / 24.050      ms
[2023-11-16T15:06:45.576+0800][gc,stats    ]       Phase: Concurrent Mark Continue                      0.000 / 0.000         0.000 / 0.000         0.000 / 0.000         0.000 / 0.000       ms
[2023-11-16T15:06:45.576+0800][gc,stats    ]       Phase: Concurrent Mark Free                          0.000 / 0.000         0.001 / 0.001         0.001 / 0.001         0.001 / 0.001       ms
[2023-11-16T15:06:45.576+0800][gc,stats    ]       Phase: Concurrent Process Non-Strong References      0.000 / 0.000         1.995 / 2.420         1.995 / 2.420         1.995 / 2.420       ms
[2023-11-16T15:06:45.576+0800][gc,stats    ]       Phase: Concurrent Relocate                           0.000 / 0.000         2.883 / 2.961         2.883 / 2.961         2.883 / 2.961       ms
[2023-11-16T15:06:45.576+0800][gc,stats    ]       Phase: Concurrent Reset Relocation Set               0.000 / 0.000         0.002 / 0.004         0.002 / 0.004         0.002 / 0.004       ms
[2023-11-16T15:06:45.576+0800][gc,stats    ]       Phase: Concurrent Select Relocation Set              0.000 / 0.000         4.861 / 8.184         4.861 / 8.184         4.861 / 8.184       ms
[2023-11-16T15:06:45.576+0800][gc,stats    ]       Phase: Pause Mark End                                0.000 / 0.000         0.017 / 0.019         0.017 / 0.019         0.017 / 0.019       ms
[2023-11-16T15:06:45.576+0800][gc,stats    ]       Phase: Pause Mark Start                              0.000 / 0.000         0.023 / 0.031         0.023 / 0.031         0.023 / 0.031       ms
[2023-11-16T15:06:45.576+0800][gc,stats    ]       Phase: Pause Relocate Start                          0.000 / 0.000         0.009 / 0.009         0.009 / 0.009         0.009 / 0.009       ms
[2023-11-16T15:06:45.576+0800][gc,stats    ]    Subphase: Concurrent Classes Purge                      0.000 / 0.000         0.066 / 0.071         0.066 / 0.071         0.066 / 0.071       ms
[2023-11-16T15:06:45.576+0800][gc,stats    ]    Subphase: Concurrent Classes Unlink                     0.000 / 0.000         1.264 / 1.492         1.264 / 1.492         1.264 / 1.492       ms
[2023-11-16T15:06:45.576+0800][gc,stats    ]    Subphase: Concurrent Mark                               0.000 / 0.000        18.504 / 22.997       18.504 / 22.997       18.504 / 22.997      ms
[2023-11-16T15:06:45.576+0800][gc,stats    ]    Subphase: Concurrent Mark Try Flush                     0.000 / 0.000         0.201 / 0.455         0.201 / 0.455         0.201 / 0.455       ms
[2023-11-16T15:06:45.576+0800][gc,stats    ]    Subphase: Concurrent Mark Try Terminate                 0.000 / 0.000         4.353 / 12.985        4.353 / 12.985        4.353 / 12.985      ms
[2023-11-16T15:06:45.576+0800][gc,stats    ]    Subphase: Concurrent References Enqueue                 0.000 / 0.000         0.004 / 0.004         0.004 / 0.004         0.004 / 0.004       ms
[2023-11-16T15:06:45.576+0800][gc,stats    ]    Subphase: Concurrent References Process                 0.000 / 0.000         0.104 / 0.123         0.104 / 0.123         0.104 / 0.123       ms
[2023-11-16T15:06:45.576+0800][gc,stats    ]    Subphase: Concurrent Roots ClassLoaderDataGraph         0.000 / 0.000         0.107 / 0.428         0.107 / 0.428         0.107 / 0.428       ms
[2023-11-16T15:06:45.576+0800][gc,stats    ]    Subphase: Concurrent Roots CodeCache                    0.000 / 0.000         0.000 / 0.000         0.000 / 0.000         0.000 / 0.000       ms
[2023-11-16T15:06:45.576+0800][gc,stats    ]    Subphase: Concurrent Roots JavaThreads                  0.000 / 0.000         1.013 / 1.707         1.013 / 1.707         1.013 / 1.707       ms
[2023-11-16T15:06:45.576+0800][gc,stats    ]    Subphase: Concurrent Roots OopStorageSet                0.000 / 0.000         0.146 / 0.289         0.146 / 0.289         0.146 / 0.289       ms
[2023-11-16T15:06:45.576+0800][gc,stats    ]    Subphase: Concurrent Weak Roots OopStorageSet           0.000 / 0.000         0.440 / 0.670         0.440 / 0.670         0.440 / 0.670       ms
[2023-11-16T15:06:45.576+0800][gc,stats    ]    Subphase: Pause Mark Try Complete                       0.000 / 0.000         0.000 / 0.000         0.000 / 0.000         0.000 / 0.000       ms
[2023-11-16T15:06:45.576+0800][gc,stats    ]      System: Java Threads                                      0 / 0                34 / 47               34 / 47               34 / 47          threads
[2023-11-16T15:06:45.576+0800][gc,stats    ] =========================================================================================================================================================
[2023-11-16T15:06:55.582+0800][gc,stats    ] === Garbage Collection Statistics =======================================================================================================================
[2023-11-16T15:06:55.582+0800][gc,stats    ]                                                              Last 10s              Last 10m              Last 10h                Total
[2023-11-16T15:06:55.582+0800][gc,stats    ]                                                              Avg / Max             Avg / Max             Avg / Max             Avg / Max
[2023-11-16T15:06:55.582+0800][gc,stats    ]   Collector: Garbage Collection Cycle                      0.000 / 0.000        32.129 / 37.536       32.129 / 37.536       32.129 / 37.536      ms
[2023-11-16T15:06:55.582+0800][gc,stats    ]  Contention: Mark Segment Reset Contention                     0 / 0                 0 / 3                 0 / 3                 0 / 3           ops/s
[2023-11-16T15:06:55.582+0800][gc,stats    ]  Contention: Mark SeqNum Reset Contention                      0 / 0                 0 / 0                 0 / 0                 0 / 0           ops/s
[2023-11-16T15:06:55.582+0800][gc,stats    ]    Critical: Allocation Stall                                  0 / 0                 0 / 0                 0 / 0                 0 / 0           ops/s
[2023-11-16T15:06:55.582+0800][gc,stats    ]    Critical: Allocation Stall                              0.000 / 0.000         0.000 / 0.000         0.000 / 0.000         0.000 / 0.000       ms
[2023-11-16T15:06:55.582+0800][gc,stats    ]    Critical: GC Locker Stall                                   0 / 0                 0 / 0                 0 / 0                 0 / 0           ops/s
[2023-11-16T15:06:55.582+0800][gc,stats    ]    Critical: GC Locker Stall                               0.000 / 0.000         0.000 / 0.000         0.000 / 0.000         0.000 / 0.000       ms
[2023-11-16T15:06:55.582+0800][gc,stats    ]    Critical: Relocation Stall                                  0 / 0                 0 / 0                 0 / 0                 0 / 0           ops/s
[2023-11-16T15:06:55.582+0800][gc,stats    ]    Critical: Relocation Stall                              0.000 / 0.000         0.000 / 0.000         0.000 / 0.000         0.000 / 0.000       ms
[2023-11-16T15:06:55.582+0800][gc,stats    ]      Memory: Allocation Rate                                   0 / 2                 1 / 82                1 / 82                1 / 82          MB/s
[2023-11-16T15:06:55.582+0800][gc,stats    ]      Memory: Defragment                                        0 / 0                 0 / 0                 0 / 0                 0 / 0           ops/s
[2023-11-16T15:06:55.582+0800][gc,stats    ]      Memory: Out Of Memory                                     0 / 0                 0 / 0                 0 / 0                 0 / 0           ops/s
[2023-11-16T15:06:55.582+0800][gc,stats    ]      Memory: Page Cache Flush                                  0 / 0                 0 / 0                 0 / 0                 0 / 0           MB/s
[2023-11-16T15:06:55.582+0800][gc,stats    ]      Memory: Page Cache Hit L1                                 0 / 1                 0 / 33                0 / 33                0 / 33          ops/s
[2023-11-16T15:06:55.582+0800][gc,stats    ]      Memory: Page Cache Hit L2                                 0 / 0                 0 / 0                 0 / 0                 0 / 0           ops/s
[2023-11-16T15:06:55.582+0800][gc,stats    ]      Memory: Page Cache Hit L3                                 0 / 0                 0 / 41                0 / 41                0 / 41          ops/s
[2023-11-16T15:06:55.582+0800][gc,stats    ]      Memory: Page Cache Miss                                   0 / 0                 0 / 1                 0 / 1                 0 / 1           ops/s
[2023-11-16T15:06:55.582+0800][gc,stats    ]      Memory: Uncommit                                          0 / 0                 0 / 0                 0 / 0                 0 / 0           MB/s
[2023-11-16T15:06:55.582+0800][gc,stats    ]      Memory: Undo Object Allocation Failed                     0 / 0                 0 / 0                 0 / 0                 0 / 0           ops/s
[2023-11-16T15:06:55.582+0800][gc,stats    ]      Memory: Undo Object Allocation Succeeded                  0 / 0                 0 / 3                 0 / 3                 0 / 3           ops/s
[2023-11-16T15:06:55.582+0800][gc,stats    ]      Memory: Undo Page Allocation                              0 / 0                 0 / 0                 0 / 0                 0 / 0           ops/s
[2023-11-16T15:06:55.582+0800][gc,stats    ]       Phase: Concurrent Mark                               0.000 / 0.000        21.531 / 24.050       21.531 / 24.050       21.531 / 24.050      ms
[2023-11-16T15:06:55.582+0800][gc,stats    ]       Phase: Concurrent Mark Continue                      0.000 / 0.000         0.000 / 0.000         0.000 / 0.000         0.000 / 0.000       ms
[2023-11-16T15:06:55.582+0800][gc,stats    ]       Phase: Concurrent Mark Free                          0.000 / 0.000         0.001 / 0.001         0.001 / 0.001         0.001 / 0.001       ms
[2023-11-16T15:06:55.582+0800][gc,stats    ]       Phase: Concurrent Process Non-Strong References      0.000 / 0.000         1.995 / 2.420         1.995 / 2.420         1.995 / 2.420       ms
[2023-11-16T15:06:55.582+0800][gc,stats    ]       Phase: Concurrent Relocate                           0.000 / 0.000         2.883 / 2.961         2.883 / 2.961         2.883 / 2.961       ms
[2023-11-16T15:06:55.582+0800][gc,stats    ]       Phase: Concurrent Reset Relocation Set               0.000 / 0.000         0.002 / 0.004         0.002 / 0.004         0.002 / 0.004       ms
[2023-11-16T15:06:55.582+0800][gc,stats    ]       Phase: Concurrent Select Relocation Set              0.000 / 0.000         4.861 / 8.184         4.861 / 8.184         4.861 / 8.184       ms
[2023-11-16T15:06:55.582+0800][gc,stats    ]       Phase: Pause Mark End                                0.000 / 0.000         0.017 / 0.019         0.017 / 0.019         0.017 / 0.019       ms
[2023-11-16T15:06:55.582+0800][gc,stats    ]       Phase: Pause Mark Start                              0.000 / 0.000         0.023 / 0.031         0.023 / 0.031         0.023 / 0.031       ms
[2023-11-16T15:06:55.582+0800][gc,stats    ]       Phase: Pause Relocate Start                          0.000 / 0.000         0.009 / 0.009         0.009 / 0.009         0.009 / 0.009       ms
[2023-11-16T15:06:55.582+0800][gc,stats    ]    Subphase: Concurrent Classes Purge                      0.000 / 0.000         0.066 / 0.071         0.066 / 0.071         0.066 / 0.071       ms
[2023-11-16T15:06:55.582+0800][gc,stats    ]    Subphase: Concurrent Classes Unlink                     0.000 / 0.000         1.264 / 1.492         1.264 / 1.492         1.264 / 1.492       ms
[2023-11-16T15:06:55.582+0800][gc,stats    ]    Subphase: Concurrent Mark                               0.000 / 0.000        18.504 / 22.997       18.504 / 22.997       18.504 / 22.997      ms
[2023-11-16T15:06:55.582+0800][gc,stats    ]    Subphase: Concurrent Mark Try Flush                     0.000 / 0.000         0.201 / 0.455         0.201 / 0.455         0.201 / 0.455       ms
[2023-11-16T15:06:55.582+0800][gc,stats    ]    Subphase: Concurrent Mark Try Terminate                 0.000 / 0.000         4.353 / 12.985        4.353 / 12.985        4.353 / 12.985      ms
[2023-11-16T15:06:55.582+0800][gc,stats    ]    Subphase: Concurrent References Enqueue                 0.000 / 0.000         0.004 / 0.004         0.004 / 0.004         0.004 / 0.004       ms
[2023-11-16T15:06:55.582+0800][gc,stats    ]    Subphase: Concurrent References Process                 0.000 / 0.000         0.104 / 0.123         0.104 / 0.123         0.104 / 0.123       ms
[2023-11-16T15:06:55.582+0800][gc,stats    ]    Subphase: Concurrent Roots ClassLoaderDataGraph         0.000 / 0.000         0.107 / 0.428         0.107 / 0.428         0.107 / 0.428       ms
[2023-11-16T15:06:55.583+0800][gc,stats    ]    Subphase: Concurrent Roots CodeCache                    0.000 / 0.000         0.000 / 0.000         0.000 / 0.000         0.000 / 0.000       ms
[2023-11-16T15:06:55.583+0800][gc,stats    ]    Subphase: Concurrent Roots JavaThreads                  0.000 / 0.000         1.013 / 1.707         1.013 / 1.707         1.013 / 1.707       ms
[2023-11-16T15:06:55.583+0800][gc,stats    ]    Subphase: Concurrent Roots OopStorageSet                0.000 / 0.000         0.146 / 0.289         0.146 / 0.289         0.146 / 0.289       ms
[2023-11-16T15:06:55.583+0800][gc,stats    ]    Subphase: Concurrent Weak Roots OopStorageSet           0.000 / 0.000         0.440 / 0.670         0.440 / 0.670         0.440 / 0.670       ms
[2023-11-16T15:06:55.583+0800][gc,stats    ]    Subphase: Pause Mark Try Complete                       0.000 / 0.000         0.000 / 0.000         0.000 / 0.000         0.000 / 0.000       ms
[2023-11-16T15:06:55.583+0800][gc,stats    ]      System: Java Threads                                      0 / 0                34 / 47               34 / 47               34 / 47          threads
[2023-11-16T15:06:55.583+0800][gc,stats    ] =========================================================================================================================================================
[2023-11-16T15:07:05.576+0800][gc,stats    ] === Garbage Collection Statistics =======================================================================================================================
[2023-11-16T15:07:05.576+0800][gc,stats    ]                                                              Last 10s              Last 10m              Last 10h                Total
[2023-11-16T15:07:05.576+0800][gc,stats    ]                                                              Avg / Max             Avg / Max             Avg / Max             Avg / Max
[2023-11-16T15:07:05.576+0800][gc,stats    ]   Collector: Garbage Collection Cycle                      0.000 / 0.000        32.129 / 37.536       32.129 / 37.536       32.129 / 37.536      ms
[2023-11-16T15:07:05.576+0800][gc,stats    ]  Contention: Mark Segment Reset Contention                     0 / 0                 0 / 3                 0 / 3                 0 / 3           ops/s
[2023-11-16T15:07:05.576+0800][gc,stats    ]  Contention: Mark SeqNum Reset Contention                      0 / 0                 0 / 0                 0 / 0                 0 / 0           ops/s
[2023-11-16T15:07:05.576+0800][gc,stats    ]    Critical: Allocation Stall                                  0 / 0                 0 / 0                 0 / 0                 0 / 0           ops/s
[2023-11-16T15:07:05.576+0800][gc,stats    ]    Critical: Allocation Stall                              0.000 / 0.000         0.000 / 0.000         0.000 / 0.000         0.000 / 0.000       ms
[2023-11-16T15:07:05.576+0800][gc,stats    ]    Critical: GC Locker Stall                                   0 / 0                 0 / 0                 0 / 0                 0 / 0           ops/s
[2023-11-16T15:07:05.576+0800][gc,stats    ]    Critical: GC Locker Stall                               0.000 / 0.000         0.000 / 0.000         0.000 / 0.000         0.000 / 0.000       ms
[2023-11-16T15:07:05.576+0800][gc,stats    ]    Critical: Relocation Stall                                  0 / 0                 0 / 0                 0 / 0                 0 / 0           ops/s
[2023-11-16T15:07:05.576+0800][gc,stats    ]    Critical: Relocation Stall                              0.000 / 0.000         0.000 / 0.000         0.000 / 0.000         0.000 / 0.000       ms
[2023-11-16T15:07:05.576+0800][gc,stats    ]      Memory: Allocation Rate                                   0 / 2                 1 / 82                1 / 82                1 / 82          MB/s
[2023-11-16T15:07:05.576+0800][gc,stats    ]      Memory: Defragment                                        0 / 0                 0 / 0                 0 / 0                 0 / 0           ops/s
[2023-11-16T15:07:05.576+0800][gc,stats    ]      Memory: Out Of Memory                                     0 / 0                 0 / 0                 0 / 0                 0 / 0           ops/s
[2023-11-16T15:07:05.576+0800][gc,stats    ]      Memory: Page Cache Flush                                  0 / 0                 0 / 0                 0 / 0                 0 / 0           MB/s
[2023-11-16T15:07:05.576+0800][gc,stats    ]      Memory: Page Cache Hit L1                                 0 / 1                 0 / 33                0 / 33                0 / 33          ops/s
[2023-11-16T15:07:05.576+0800][gc,stats    ]      Memory: Page Cache Hit L2                                 0 / 0                 0 / 0                 0 / 0                 0 / 0           ops/s
[2023-11-16T15:07:05.576+0800][gc,stats    ]      Memory: Page Cache Hit L3                                 0 / 0                 0 / 41                0 / 41                0 / 41          ops/s
[2023-11-16T15:07:05.576+0800][gc,stats    ]      Memory: Page Cache Miss                                   0 / 0                 0 / 1                 0 / 1                 0 / 1           ops/s
[2023-11-16T15:07:05.576+0800][gc,stats    ]      Memory: Uncommit                                          0 / 0                 0 / 0                 0 / 0                 0 / 0           MB/s
[2023-11-16T15:07:05.576+0800][gc,stats    ]      Memory: Undo Object Allocation Failed                     0 / 0                 0 / 0                 0 / 0                 0 / 0           ops/s
[2023-11-16T15:07:05.576+0800][gc,stats    ]      Memory: Undo Object Allocation Succeeded                  0 / 0                 0 / 3                 0 / 3                 0 / 3           ops/s
[2023-11-16T15:07:05.576+0800][gc,stats    ]      Memory: Undo Page Allocation                              0 / 0                 0 / 0                 0 / 0                 0 / 0           ops/s
[2023-11-16T15:07:05.576+0800][gc,stats    ]       Phase: Concurrent Mark                               0.000 / 0.000        21.531 / 24.050       21.531 / 24.050       21.531 / 24.050      ms
[2023-11-16T15:07:05.576+0800][gc,stats    ]       Phase: Concurrent Mark Continue                      0.000 / 0.000         0.000 / 0.000         0.000 / 0.000         0.000 / 0.000       ms
[2023-11-16T15:07:05.576+0800][gc,stats    ]       Phase: Concurrent Mark Free                          0.000 / 0.000         0.001 / 0.001         0.001 / 0.001         0.001 / 0.001       ms
[2023-11-16T15:07:05.576+0800][gc,stats    ]       Phase: Concurrent Process Non-Strong References      0.000 / 0.000         1.995 / 2.420         1.995 / 2.420         1.995 / 2.420       ms
[2023-11-16T15:07:05.576+0800][gc,stats    ]       Phase: Concurrent Relocate                           0.000 / 0.000         2.883 / 2.961         2.883 / 2.961         2.883 / 2.961       ms
[2023-11-16T15:07:05.576+0800][gc,stats    ]       Phase: Concurrent Reset Relocation Set               0.000 / 0.000         0.002 / 0.004         0.002 / 0.004         0.002 / 0.004       ms
[2023-11-16T15:07:05.576+0800][gc,stats    ]       Phase: Concurrent Select Relocation Set              0.000 / 0.000         4.861 / 8.184         4.861 / 8.184         4.861 / 8.184       ms
[2023-11-16T15:07:05.576+0800][gc,stats    ]       Phase: Pause Mark End                                0.000 / 0.000         0.017 / 0.019         0.017 / 0.019         0.017 / 0.019       ms
[2023-11-16T15:07:05.576+0800][gc,stats    ]       Phase: Pause Mark Start                              0.000 / 0.000         0.023 / 0.031         0.023 / 0.031         0.023 / 0.031       ms
[2023-11-16T15:07:05.576+0800][gc,stats    ]       Phase: Pause Relocate Start                          0.000 / 0.000         0.009 / 0.009         0.009 / 0.009         0.009 / 0.009       ms
[2023-11-16T15:07:05.576+0800][gc,stats    ]    Subphase: Concurrent Classes Purge                      0.000 / 0.000         0.066 / 0.071         0.066 / 0.071         0.066 / 0.071       ms
[2023-11-16T15:07:05.576+0800][gc,stats    ]    Subphase: Concurrent Classes Unlink                     0.000 / 0.000         1.264 / 1.492         1.264 / 1.492         1.264 / 1.492       ms
[2023-11-16T15:07:05.576+0800][gc,stats    ]    Subphase: Concurrent Mark                               0.000 / 0.000        18.504 / 22.997       18.504 / 22.997       18.504 / 22.997      ms
[2023-11-16T15:07:05.576+0800][gc,stats    ]    Subphase: Concurrent Mark Try Flush                     0.000 / 0.000         0.201 / 0.455         0.201 / 0.455         0.201 / 0.455       ms
[2023-11-16T15:07:05.576+0800][gc,stats    ]    Subphase: Concurrent Mark Try Terminate                 0.000 / 0.000         4.353 / 12.985        4.353 / 12.985        4.353 / 12.985      ms
[2023-11-16T15:07:05.576+0800][gc,stats    ]    Subphase: Concurrent References Enqueue                 0.000 / 0.000         0.004 / 0.004         0.004 / 0.004         0.004 / 0.004       ms
[2023-11-16T15:07:05.576+0800][gc,stats    ]    Subphase: Concurrent References Process                 0.000 / 0.000         0.104 / 0.123         0.104 / 0.123         0.104 / 0.123       ms
[2023-11-16T15:07:05.576+0800][gc,stats    ]    Subphase: Concurrent Roots ClassLoaderDataGraph         0.000 / 0.000         0.107 / 0.428         0.107 / 0.428         0.107 / 0.428       ms
[2023-11-16T15:07:05.576+0800][gc,stats    ]    Subphase: Concurrent Roots CodeCache                    0.000 / 0.000         0.000 / 0.000         0.000 / 0.000         0.000 / 0.000       ms
[2023-11-16T15:07:05.576+0800][gc,stats    ]    Subphase: Concurrent Roots JavaThreads                  0.000 / 0.000         1.013 / 1.707         1.013 / 1.707         1.013 / 1.707       ms
[2023-11-16T15:07:05.576+0800][gc,stats    ]    Subphase: Concurrent Roots OopStorageSet                0.000 / 0.000         0.146 / 0.289         0.146 / 0.289         0.146 / 0.289       ms
[2023-11-16T15:07:05.576+0800][gc,stats    ]    Subphase: Concurrent Weak Roots OopStorageSet           0.000 / 0.000         0.440 / 0.670         0.440 / 0.670         0.440 / 0.670       ms
[2023-11-16T15:07:05.576+0800][gc,stats    ]    Subphase: Pause Mark Try Complete                       0.000 / 0.000         0.000 / 0.000         0.000 / 0.000         0.000 / 0.000       ms
[2023-11-16T15:07:05.576+0800][gc,stats    ]      System: Java Threads                                      0 / 0                34 / 47               34 / 47               34 / 47          threads
[2023-11-16T15:07:05.577+0800][gc,stats    ] =========================================================================================================================================================
[2023-11-16T15:07:15.577+0800][gc,stats    ] === Garbage Collection Statistics =======================================================================================================================
[2023-11-16T15:07:15.577+0800][gc,stats    ]                                                              Last 10s              Last 10m              Last 10h                Total
[2023-11-16T15:07:15.577+0800][gc,stats    ]                                                              Avg / Max             Avg / Max             Avg / Max             Avg / Max
[2023-11-16T15:07:15.577+0800][gc,stats    ]   Collector: Garbage Collection Cycle                      0.000 / 0.000        32.129 / 37.536       32.129 / 37.536       32.129 / 37.536      ms
[2023-11-16T15:07:15.577+0800][gc,stats    ]  Contention: Mark Segment Reset Contention                     0 / 0                 0 / 3                 0 / 3                 0 / 3           ops/s
[2023-11-16T15:07:15.577+0800][gc,stats    ]  Contention: Mark SeqNum Reset Contention                      0 / 0                 0 / 0                 0 / 0                 0 / 0           ops/s
[2023-11-16T15:07:15.577+0800][gc,stats    ]    Critical: Allocation Stall                                  0 / 0                 0 / 0                 0 / 0                 0 / 0           ops/s
[2023-11-16T15:07:15.577+0800][gc,stats    ]    Critical: Allocation Stall                              0.000 / 0.000         0.000 / 0.000         0.000 / 0.000         0.000 / 0.000       ms
[2023-11-16T15:07:15.577+0800][gc,stats    ]    Critical: GC Locker Stall                                   0 / 0                 0 / 0                 0 / 0                 0 / 0           ops/s
[2023-11-16T15:07:15.577+0800][gc,stats    ]    Critical: GC Locker Stall                               0.000 / 0.000         0.000 / 0.000         0.000 / 0.000         0.000 / 0.000       ms
[2023-11-16T15:07:15.577+0800][gc,stats    ]    Critical: Relocation Stall                                  0 / 0                 0 / 0                 0 / 0                 0 / 0           ops/s
[2023-11-16T15:07:15.577+0800][gc,stats    ]    Critical: Relocation Stall                              0.000 / 0.000         0.000 / 0.000         0.000 / 0.000         0.000 / 0.000       ms
[2023-11-16T15:07:15.577+0800][gc,stats    ]      Memory: Allocation Rate                                   0 / 0                 1 / 82                1 / 82                1 / 82          MB/s
[2023-11-16T15:07:15.577+0800][gc,stats    ]      Memory: Defragment                                        0 / 0                 0 / 0                 0 / 0                 0 / 0           ops/s
[2023-11-16T15:07:15.577+0800][gc,stats    ]      Memory: Out Of Memory                                     0 / 0                 0 / 0                 0 / 0                 0 / 0           ops/s
[2023-11-16T15:07:15.577+0800][gc,stats    ]      Memory: Page Cache Flush                                  0 / 0                 0 / 0                 0 / 0                 0 / 0           MB/s
[2023-11-16T15:07:15.577+0800][gc,stats    ]      Memory: Page Cache Hit L1                                 0 / 0                 0 / 33                0 / 33                0 / 33          ops/s
[2023-11-16T15:07:15.577+0800][gc,stats    ]      Memory: Page Cache Hit L2                                 0 / 0                 0 / 0                 0 / 0                 0 / 0           ops/s
[2023-11-16T15:07:15.577+0800][gc,stats    ]      Memory: Page Cache Hit L3                                 0 / 0                 0 / 41                0 / 41                0 / 41          ops/s
[2023-11-16T15:07:15.577+0800][gc,stats    ]      Memory: Page Cache Miss                                   0 / 0                 0 / 1                 0 / 1                 0 / 1           ops/s
[2023-11-16T15:07:15.577+0800][gc,stats    ]      Memory: Uncommit                                          0 / 0                 0 / 0                 0 / 0                 0 / 0           MB/s
[2023-11-16T15:07:15.577+0800][gc,stats    ]      Memory: Undo Object Allocation Failed                     0 / 0                 0 / 0                 0 / 0                 0 / 0           ops/s
[2023-11-16T15:07:15.577+0800][gc,stats    ]      Memory: Undo Object Allocation Succeeded                  0 / 0                 0 / 3                 0 / 3                 0 / 3           ops/s
[2023-11-16T15:07:15.577+0800][gc,stats    ]      Memory: Undo Page Allocation                              0 / 0                 0 / 0                 0 / 0                 0 / 0           ops/s
[2023-11-16T15:07:15.577+0800][gc,stats    ]       Phase: Concurrent Mark                               0.000 / 0.000        21.531 / 24.050       21.531 / 24.050       21.531 / 24.050      ms
[2023-11-16T15:07:15.577+0800][gc,stats    ]       Phase: Concurrent Mark Continue                      0.000 / 0.000         0.000 / 0.000         0.000 / 0.000         0.000 / 0.000       ms
[2023-11-16T15:07:15.577+0800][gc,stats    ]       Phase: Concurrent Mark Free                          0.000 / 0.000         0.001 / 0.001         0.001 / 0.001         0.001 / 0.001       ms
[2023-11-16T15:07:15.577+0800][gc,stats    ]       Phase: Concurrent Process Non-Strong References      0.000 / 0.000         1.995 / 2.420         1.995 / 2.420         1.995 / 2.420       ms
[2023-11-16T15:07:15.577+0800][gc,stats    ]       Phase: Concurrent Relocate                           0.000 / 0.000         2.883 / 2.961         2.883 / 2.961         2.883 / 2.961       ms
[2023-11-16T15:07:15.577+0800][gc,stats    ]       Phase: Concurrent Reset Relocation Set               0.000 / 0.000         0.002 / 0.004         0.002 / 0.004         0.002 / 0.004       ms
[2023-11-16T15:07:15.577+0800][gc,stats    ]       Phase: Concurrent Select Relocation Set              0.000 / 0.000         4.861 / 8.184         4.861 / 8.184         4.861 / 8.184       ms
[2023-11-16T15:07:15.577+0800][gc,stats    ]       Phase: Pause Mark End                                0.000 / 0.000         0.017 / 0.019         0.017 / 0.019         0.017 / 0.019       ms
[2023-11-16T15:07:15.577+0800][gc,stats    ]       Phase: Pause Mark Start                              0.000 / 0.000         0.023 / 0.031         0.023 / 0.031         0.023 / 0.031       ms
[2023-11-16T15:07:15.577+0800][gc,stats    ]       Phase: Pause Relocate Start                          0.000 / 0.000         0.009 / 0.009         0.009 / 0.009         0.009 / 0.009       ms
[2023-11-16T15:07:15.577+0800][gc,stats    ]    Subphase: Concurrent Classes Purge                      0.000 / 0.000         0.066 / 0.071         0.066 / 0.071         0.066 / 0.071       ms
[2023-11-16T15:07:15.577+0800][gc,stats    ]    Subphase: Concurrent Classes Unlink                     0.000 / 0.000         1.264 / 1.492         1.264 / 1.492         1.264 / 1.492       ms
[2023-11-16T15:07:15.577+0800][gc,stats    ]    Subphase: Concurrent Mark                               0.000 / 0.000        18.504 / 22.997       18.504 / 22.997       18.504 / 22.997      ms
[2023-11-16T15:07:15.577+0800][gc,stats    ]    Subphase: Concurrent Mark Try Flush                     0.000 / 0.000         0.201 / 0.455         0.201 / 0.455         0.201 / 0.455       ms
[2023-11-16T15:07:15.577+0800][gc,stats    ]    Subphase: Concurrent Mark Try Terminate                 0.000 / 0.000         4.353 / 12.985        4.353 / 12.985        4.353 / 12.985      ms
[2023-11-16T15:07:15.577+0800][gc,stats    ]    Subphase: Concurrent References Enqueue                 0.000 / 0.000         0.004 / 0.004         0.004 / 0.004         0.004 / 0.004       ms
[2023-11-16T15:07:15.577+0800][gc,stats    ]    Subphase: Concurrent References Process                 0.000 / 0.000         0.104 / 0.123         0.104 / 0.123         0.104 / 0.123       ms
[2023-11-16T15:07:15.577+0800][gc,stats    ]    Subphase: Concurrent Roots ClassLoaderDataGraph         0.000 / 0.000         0.107 / 0.428         0.107 / 0.428         0.107 / 0.428       ms
[2023-11-16T15:07:15.577+0800][gc,stats    ]    Subphase: Concurrent Roots CodeCache                    0.000 / 0.000         0.000 / 0.000         0.000 / 0.000         0.000 / 0.000       ms
[2023-11-16T15:07:15.577+0800][gc,stats    ]    Subphase: Concurrent Roots JavaThreads                  0.000 / 0.000         1.013 / 1.707         1.013 / 1.707         1.013 / 1.707       ms
[2023-11-16T15:07:15.578+0800][gc,stats    ]    Subphase: Concurrent Roots OopStorageSet                0.000 / 0.000         0.146 / 0.289         0.146 / 0.289         0.146 / 0.289       ms
[2023-11-16T15:07:15.578+0800][gc,stats    ]    Subphase: Concurrent Weak Roots OopStorageSet           0.000 / 0.000         0.440 / 0.670         0.440 / 0.670         0.440 / 0.670       ms
[2023-11-16T15:07:15.578+0800][gc,stats    ]    Subphase: Pause Mark Try Complete                       0.000 / 0.000         0.000 / 0.000         0.000 / 0.000         0.000 / 0.000       ms
[2023-11-16T15:07:15.578+0800][gc,stats    ]      System: Java Threads                                      0 / 0                34 / 47               34 / 47               34 / 47          threads
[2023-11-16T15:07:15.578+0800][gc,stats    ] =========================================================================================================================================================
[2023-11-16T15:07:25.576+0800][gc,stats    ] === Garbage Collection Statistics =======================================================================================================================
[2023-11-16T15:07:25.576+0800][gc,stats    ]                                                              Last 10s              Last 10m              Last 10h                Total
[2023-11-16T15:07:25.576+0800][gc,stats    ]                                                              Avg / Max             Avg / Max             Avg / Max             Avg / Max
[2023-11-16T15:07:25.576+0800][gc,stats    ]   Collector: Garbage Collection Cycle                      0.000 / 0.000        32.129 / 37.536       32.129 / 37.536       32.129 / 37.536      ms
[2023-11-16T15:07:25.576+0800][gc,stats    ]  Contention: Mark Segment Reset Contention                     0 / 0                 0 / 3                 0 / 3                 0 / 3           ops/s
[2023-11-16T15:07:25.576+0800][gc,stats    ]  Contention: Mark SeqNum Reset Contention                      0 / 0                 0 / 0                 0 / 0                 0 / 0           ops/s
[2023-11-16T15:07:25.576+0800][gc,stats    ]    Critical: Allocation Stall                                  0 / 0                 0 / 0                 0 / 0                 0 / 0           ops/s
[2023-11-16T15:07:25.576+0800][gc,stats    ]    Critical: Allocation Stall                              0.000 / 0.000         0.000 / 0.000         0.000 / 0.000         0.000 / 0.000       ms
[2023-11-16T15:07:25.576+0800][gc,stats    ]    Critical: GC Locker Stall                                   0 / 0                 0 / 0                 0 / 0                 0 / 0           ops/s
[2023-11-16T15:07:25.576+0800][gc,stats    ]    Critical: GC Locker Stall                               0.000 / 0.000         0.000 / 0.000         0.000 / 0.000         0.000 / 0.000       ms
[2023-11-16T15:07:25.576+0800][gc,stats    ]    Critical: Relocation Stall                                  0 / 0                 0 / 0                 0 / 0                 0 / 0           ops/s
[2023-11-16T15:07:25.576+0800][gc,stats    ]    Critical: Relocation Stall                              0.000 / 0.000         0.000 / 0.000         0.000 / 0.000         0.000 / 0.000       ms
[2023-11-16T15:07:25.576+0800][gc,stats    ]      Memory: Allocation Rate                                   0 / 2                 1 / 82                1 / 82                1 / 82          MB/s
[2023-11-16T15:07:25.576+0800][gc,stats    ]      Memory: Defragment                                        0 / 0                 0 / 0                 0 / 0                 0 / 0           ops/s
[2023-11-16T15:07:25.576+0800][gc,stats    ]      Memory: Out Of Memory                                     0 / 0                 0 / 0                 0 / 0                 0 / 0           ops/s
[2023-11-16T15:07:25.576+0800][gc,stats    ]      Memory: Page Cache Flush                                  0 / 0                 0 / 0                 0 / 0                 0 / 0           MB/s
[2023-11-16T15:07:25.576+0800][gc,stats    ]      Memory: Page Cache Hit L1                                 0 / 1                 0 / 33                0 / 33                0 / 33          ops/s
[2023-11-16T15:07:25.576+0800][gc,stats    ]      Memory: Page Cache Hit L2                                 0 / 0                 0 / 0                 0 / 0                 0 / 0           ops/s
[2023-11-16T15:07:25.576+0800][gc,stats    ]      Memory: Page Cache Hit L3                                 0 / 0                 0 / 41                0 / 41                0 / 41          ops/s
[2023-11-16T15:07:25.576+0800][gc,stats    ]      Memory: Page Cache Miss                                   0 / 0                 0 / 1                 0 / 1                 0 / 1           ops/s
[2023-11-16T15:07:25.576+0800][gc,stats    ]      Memory: Uncommit                                          0 / 0                 0 / 0                 0 / 0                 0 / 0           MB/s
[2023-11-16T15:07:25.576+0800][gc,stats    ]      Memory: Undo Object Allocation Failed                     0 / 0                 0 / 0                 0 / 0                 0 / 0           ops/s
[2023-11-16T15:07:25.576+0800][gc,stats    ]      Memory: Undo Object Allocation Succeeded                  0 / 0                 0 / 3                 0 / 3                 0 / 3           ops/s
[2023-11-16T15:07:25.576+0800][gc,stats    ]      Memory: Undo Page Allocation                              0 / 0                 0 / 0                 0 / 0                 0 / 0           ops/s
[2023-11-16T15:07:25.576+0800][gc,stats    ]       Phase: Concurrent Mark                               0.000 / 0.000        21.531 / 24.050       21.531 / 24.050       21.531 / 24.050      ms
[2023-11-16T15:07:25.576+0800][gc,stats    ]       Phase: Concurrent Mark Continue                      0.000 / 0.000         0.000 / 0.000         0.000 / 0.000         0.000 / 0.000       ms
[2023-11-16T15:07:25.576+0800][gc,stats    ]       Phase: Concurrent Mark Free                          0.000 / 0.000         0.001 / 0.001         0.001 / 0.001         0.001 / 0.001       ms
[2023-11-16T15:07:25.576+0800][gc,stats    ]       Phase: Concurrent Process Non-Strong References      0.000 / 0.000         1.995 / 2.420         1.995 / 2.420         1.995 / 2.420       ms
[2023-11-16T15:07:25.576+0800][gc,stats    ]       Phase: Concurrent Relocate                           0.000 / 0.000         2.883 / 2.961         2.883 / 2.961         2.883 / 2.961       ms
[2023-11-16T15:07:25.576+0800][gc,stats    ]       Phase: Concurrent Reset Relocation Set               0.000 / 0.000         0.002 / 0.004         0.002 / 0.004         0.002 / 0.004       ms
[2023-11-16T15:07:25.577+0800][gc,stats    ]       Phase: Concurrent Select Relocation Set              0.000 / 0.000         4.861 / 8.184         4.861 / 8.184         4.861 / 8.184       ms
[2023-11-16T15:07:25.577+0800][gc,stats    ]       Phase: Pause Mark End                                0.000 / 0.000         0.017 / 0.019         0.017 / 0.019         0.017 / 0.019       ms
[2023-11-16T15:07:25.577+0800][gc,stats    ]       Phase: Pause Mark Start                              0.000 / 0.000         0.023 / 0.031         0.023 / 0.031         0.023 / 0.031       ms
[2023-11-16T15:07:25.577+0800][gc,stats    ]       Phase: Pause Relocate Start                          0.000 / 0.000         0.009 / 0.009         0.009 / 0.009         0.009 / 0.009       ms
[2023-11-16T15:07:25.577+0800][gc,stats    ]    Subphase: Concurrent Classes Purge                      0.000 / 0.000         0.066 / 0.071         0.066 / 0.071         0.066 / 0.071       ms
[2023-11-16T15:07:25.577+0800][gc,stats    ]    Subphase: Concurrent Classes Unlink                     0.000 / 0.000         1.264 / 1.492         1.264 / 1.492         1.264 / 1.492       ms
[2023-11-16T15:07:25.577+0800][gc,stats    ]    Subphase: Concurrent Mark                               0.000 / 0.000        18.504 / 22.997       18.504 / 22.997       18.504 / 22.997      ms
[2023-11-16T15:07:25.577+0800][gc,stats    ]    Subphase: Concurrent Mark Try Flush                     0.000 / 0.000         0.201 / 0.455         0.201 / 0.455         0.201 / 0.455       ms
[2023-11-16T15:07:25.577+0800][gc,stats    ]    Subphase: Concurrent Mark Try Terminate                 0.000 / 0.000         4.353 / 12.985        4.353 / 12.985        4.353 / 12.985      ms
[2023-11-16T15:07:25.577+0800][gc,stats    ]    Subphase: Concurrent References Enqueue                 0.000 / 0.000         0.004 / 0.004         0.004 / 0.004         0.004 / 0.004       ms
[2023-11-16T15:07:25.577+0800][gc,stats    ]    Subphase: Concurrent References Process                 0.000 / 0.000         0.104 / 0.123         0.104 / 0.123         0.104 / 0.123       ms
[2023-11-16T15:07:25.577+0800][gc,stats    ]    Subphase: Concurrent Roots ClassLoaderDataGraph         0.000 / 0.000         0.107 / 0.428         0.107 / 0.428         0.107 / 0.428       ms
[2023-11-16T15:07:25.577+0800][gc,stats    ]    Subphase: Concurrent Roots CodeCache                    0.000 / 0.000         0.000 / 0.000         0.000 / 0.000         0.000 / 0.000       ms
[2023-11-16T15:07:25.577+0800][gc,stats    ]    Subphase: Concurrent Roots JavaThreads                  0.000 / 0.000         1.013 / 1.707         1.013 / 1.707         1.013 / 1.707       ms
[2023-11-16T15:07:25.577+0800][gc,stats    ]    Subphase: Concurrent Roots OopStorageSet                0.000 / 0.000         0.146 / 0.289         0.146 / 0.289         0.146 / 0.289       ms
[2023-11-16T15:07:25.577+0800][gc,stats    ]    Subphase: Concurrent Weak Roots OopStorageSet           0.000 / 0.000         0.440 / 0.670         0.440 / 0.670         0.440 / 0.670       ms
[2023-11-16T15:07:25.577+0800][gc,stats    ]    Subphase: Pause Mark Try Complete                       0.000 / 0.000         0.000 / 0.000         0.000 / 0.000         0.000 / 0.000       ms
[2023-11-16T15:07:25.577+0800][gc,stats    ]      System: Java Threads                                      0 / 0                34 / 47               34 / 47               34 / 47          threads
[2023-11-16T15:07:25.577+0800][gc,stats    ] =========================================================================================================================================================
[2023-11-16T15:07:35.577+0800][gc,stats    ] === Garbage Collection Statistics =======================================================================================================================
[2023-11-16T15:07:35.577+0800][gc,stats    ]                                                              Last 10s              Last 10m              Last 10h                Total
[2023-11-16T15:07:35.577+0800][gc,stats    ]                                                              Avg / Max             Avg / Max             Avg / Max             Avg / Max
[2023-11-16T15:07:35.577+0800][gc,stats    ]   Collector: Garbage Collection Cycle                      0.000 / 0.000        32.129 / 37.536       32.129 / 37.536       32.129 / 37.536      ms
[2023-11-16T15:07:35.577+0800][gc,stats    ]  Contention: Mark Segment Reset Contention                     0 / 0                 0 / 3                 0 / 3                 0 / 3           ops/s
[2023-11-16T15:07:35.577+0800][gc,stats    ]  Contention: Mark SeqNum Reset Contention                      0 / 0                 0 / 0                 0 / 0                 0 / 0           ops/s
[2023-11-16T15:07:35.577+0800][gc,stats    ]    Critical: Allocation Stall                                  0 / 0                 0 / 0                 0 / 0                 0 / 0           ops/s
[2023-11-16T15:07:35.577+0800][gc,stats    ]    Critical: Allocation Stall                              0.000 / 0.000         0.000 / 0.000         0.000 / 0.000         0.000 / 0.000       ms
[2023-11-16T15:07:35.577+0800][gc,stats    ]    Critical: GC Locker Stall                                   0 / 0                 0 / 0                 0 / 0                 0 / 0           ops/s
[2023-11-16T15:07:35.577+0800][gc,stats    ]    Critical: GC Locker Stall                               0.000 / 0.000         0.000 / 0.000         0.000 / 0.000         0.000 / 0.000       ms
[2023-11-16T15:07:35.577+0800][gc,stats    ]    Critical: Relocation Stall                                  0 / 0                 0 / 0                 0 / 0                 0 / 0           ops/s
[2023-11-16T15:07:35.577+0800][gc,stats    ]    Critical: Relocation Stall                              0.000 / 0.000         0.000 / 0.000         0.000 / 0.000         0.000 / 0.000       ms
[2023-11-16T15:07:35.577+0800][gc,stats    ]      Memory: Allocation Rate                                   0 / 2                 1 / 82                1 / 82                1 / 82          MB/s
[2023-11-16T15:07:35.577+0800][gc,stats    ]      Memory: Defragment                                        0 / 0                 0 / 0                 0 / 0                 0 / 0           ops/s
[2023-11-16T15:07:35.577+0800][gc,stats    ]      Memory: Out Of Memory                                     0 / 0                 0 / 0                 0 / 0                 0 / 0           ops/s
[2023-11-16T15:07:35.577+0800][gc,stats    ]      Memory: Page Cache Flush                                  0 / 0                 0 / 0                 0 / 0                 0 / 0           MB/s
[2023-11-16T15:07:35.577+0800][gc,stats    ]      Memory: Page Cache Hit L1                                 0 / 1                 0 / 33                0 / 33                0 / 33          ops/s
[2023-11-16T15:07:35.577+0800][gc,stats    ]      Memory: Page Cache Hit L2                                 0 / 0                 0 / 0                 0 / 0                 0 / 0           ops/s
[2023-11-16T15:07:35.577+0800][gc,stats    ]      Memory: Page Cache Hit L3                                 0 / 0                 0 / 41                0 / 41                0 / 41          ops/s
[2023-11-16T15:07:35.577+0800][gc,stats    ]      Memory: Page Cache Miss                                   0 / 0                 0 / 1                 0 / 1                 0 / 1           ops/s
[2023-11-16T15:07:35.577+0800][gc,stats    ]      Memory: Uncommit                                          0 / 0                 0 / 0                 0 / 0                 0 / 0           MB/s
[2023-11-16T15:07:35.577+0800][gc,stats    ]      Memory: Undo Object Allocation Failed                     0 / 0                 0 / 0                 0 / 0                 0 / 0           ops/s
[2023-11-16T15:07:35.577+0800][gc,stats    ]      Memory: Undo Object Allocation Succeeded                  0 / 0                 0 / 3                 0 / 3                 0 / 3           ops/s
[2023-11-16T15:07:35.577+0800][gc,stats    ]      Memory: Undo Page Allocation                              0 / 0                 0 / 0                 0 / 0                 0 / 0           ops/s
[2023-11-16T15:07:35.577+0800][gc,stats    ]       Phase: Concurrent Mark                               0.000 / 0.000        21.531 / 24.050       21.531 / 24.050       21.531 / 24.050      ms
[2023-11-16T15:07:35.577+0800][gc,stats    ]       Phase: Concurrent Mark Continue                      0.000 / 0.000         0.000 / 0.000         0.000 / 0.000         0.000 / 0.000       ms
[2023-11-16T15:07:35.577+0800][gc,stats    ]       Phase: Concurrent Mark Free                          0.000 / 0.000         0.001 / 0.001         0.001 / 0.001         0.001 / 0.001       ms
[2023-11-16T15:07:35.577+0800][gc,stats    ]       Phase: Concurrent Process Non-Strong References      0.000 / 0.000         1.995 / 2.420         1.995 / 2.420         1.995 / 2.420       ms
[2023-11-16T15:07:35.577+0800][gc,stats    ]       Phase: Concurrent Relocate                           0.000 / 0.000         2.883 / 2.961         2.883 / 2.961         2.883 / 2.961       ms
[2023-11-16T15:07:35.577+0800][gc,stats    ]       Phase: Concurrent Reset Relocation Set               0.000 / 0.000         0.002 / 0.004         0.002 / 0.004         0.002 / 0.004       ms
[2023-11-16T15:07:35.577+0800][gc,stats    ]       Phase: Concurrent Select Relocation Set              0.000 / 0.000         4.861 / 8.184         4.861 / 8.184         4.861 / 8.184       ms
[2023-11-16T15:07:35.577+0800][gc,stats    ]       Phase: Pause Mark End                                0.000 / 0.000         0.017 / 0.019         0.017 / 0.019         0.017 / 0.019       ms
[2023-11-16T15:07:35.577+0800][gc,stats    ]       Phase: Pause Mark Start                              0.000 / 0.000         0.023 / 0.031         0.023 / 0.031         0.023 / 0.031       ms
[2023-11-16T15:07:35.577+0800][gc,stats    ]       Phase: Pause Relocate Start                          0.000 / 0.000         0.009 / 0.009         0.009 / 0.009         0.009 / 0.009       ms
[2023-11-16T15:07:35.577+0800][gc,stats    ]    Subphase: Concurrent Classes Purge                      0.000 / 0.000         0.066 / 0.071         0.066 / 0.071         0.066 / 0.071       ms
[2023-11-16T15:07:35.577+0800][gc,stats    ]    Subphase: Concurrent Classes Unlink                     0.000 / 0.000         1.264 / 1.492         1.264 / 1.492         1.264 / 1.492       ms
[2023-11-16T15:07:35.577+0800][gc,stats    ]    Subphase: Concurrent Mark                               0.000 / 0.000        18.504 / 22.997       18.504 / 22.997       18.504 / 22.997      ms
[2023-11-16T15:07:35.577+0800][gc,stats    ]    Subphase: Concurrent Mark Try Flush                     0.000 / 0.000         0.201 / 0.455         0.201 / 0.455         0.201 / 0.455       ms
[2023-11-16T15:07:35.577+0800][gc,stats    ]    Subphase: Concurrent Mark Try Terminate                 0.000 / 0.000         4.353 / 12.985        4.353 / 12.985        4.353 / 12.985      ms
[2023-11-16T15:07:35.577+0800][gc,stats    ]    Subphase: Concurrent References Enqueue                 0.000 / 0.000         0.004 / 0.004         0.004 / 0.004         0.004 / 0.004       ms
[2023-11-16T15:07:35.577+0800][gc,stats    ]    Subphase: Concurrent References Process                 0.000 / 0.000         0.104 / 0.123         0.104 / 0.123         0.104 / 0.123       ms
[2023-11-16T15:07:35.577+0800][gc,stats    ]    Subphase: Concurrent Roots ClassLoaderDataGraph         0.000 / 0.000         0.107 / 0.428         0.107 / 0.428         0.107 / 0.428       ms
[2023-11-16T15:07:35.577+0800][gc,stats    ]    Subphase: Concurrent Roots CodeCache                    0.000 / 0.000         0.000 / 0.000         0.000 / 0.000         0.000 / 0.000       ms
[2023-11-16T15:07:35.577+0800][gc,stats    ]    Subphase: Concurrent Roots JavaThreads                  0.000 / 0.000         1.013 / 1.707         1.013 / 1.707         1.013 / 1.707       ms
[2023-11-16T15:07:35.577+0800][gc,stats    ]    Subphase: Concurrent Roots OopStorageSet                0.000 / 0.000         0.146 / 0.289         0.146 / 0.289         0.146 / 0.289       ms
[2023-11-16T15:07:35.577+0800][gc,stats    ]    Subphase: Concurrent Weak Roots OopStorageSet           0.000 / 0.000         0.440 / 0.670         0.440 / 0.670         0.440 / 0.670       ms
[2023-11-16T15:07:35.577+0800][gc,stats    ]    Subphase: Pause Mark Try Complete                       0.000 / 0.000         0.000 / 0.000         0.000 / 0.000         0.000 / 0.000       ms
[2023-11-16T15:07:35.577+0800][gc,stats    ]      System: Java Threads                                      0 / 0                34 / 47               34 / 47               34 / 47          threads
[2023-11-16T15:07:35.577+0800][gc,stats    ] =========================================================================================================================================================
[2023-11-16T15:07:45.584+0800][gc,stats    ] === Garbage Collection Statistics =======================================================================================================================
[2023-11-16T15:07:45.584+0800][gc,stats    ]                                                              Last 10s              Last 10m              Last 10h                Total
[2023-11-16T15:07:45.584+0800][gc,stats    ]                                                              Avg / Max             Avg / Max             Avg / Max             Avg / Max
[2023-11-16T15:07:45.584+0800][gc,stats    ]   Collector: Garbage Collection Cycle                      0.000 / 0.000        32.129 / 37.536       32.129 / 37.536       32.129 / 37.536      ms
[2023-11-16T15:07:45.584+0800][gc,stats    ]  Contention: Mark Segment Reset Contention                     0 / 0                 0 / 3                 0 / 3                 0 / 3           ops/s
[2023-11-16T15:07:45.584+0800][gc,stats    ]  Contention: Mark SeqNum Reset Contention                      0 / 0                 0 / 0                 0 / 0                 0 / 0           ops/s
[2023-11-16T15:07:45.584+0800][gc,stats    ]    Critical: Allocation Stall                                  0 / 0                 0 / 0                 0 / 0                 0 / 0           ops/s
[2023-11-16T15:07:45.584+0800][gc,stats    ]    Critical: Allocation Stall                              0.000 / 0.000         0.000 / 0.000         0.000 / 0.000         0.000 / 0.000       ms
[2023-11-16T15:07:45.584+0800][gc,stats    ]    Critical: GC Locker Stall                                   0 / 0                 0 / 0                 0 / 0                 0 / 0           ops/s
[2023-11-16T15:07:45.584+0800][gc,stats    ]    Critical: GC Locker Stall                               0.000 / 0.000         0.000 / 0.000         0.000 / 0.000         0.000 / 0.000       ms
[2023-11-16T15:07:45.584+0800][gc,stats    ]    Critical: Relocation Stall                                  0 / 0                 0 / 0                 0 / 0                 0 / 0           ops/s
[2023-11-16T15:07:45.584+0800][gc,stats    ]    Critical: Relocation Stall                              0.000 / 0.000         0.000 / 0.000         0.000 / 0.000         0.000 / 0.000       ms
[2023-11-16T15:07:45.584+0800][gc,stats    ]      Memory: Allocation Rate                                   0 / 2                 1 / 82                1 / 82                1 / 82          MB/s
[2023-11-16T15:07:45.584+0800][gc,stats    ]      Memory: Defragment                                        0 / 0                 0 / 0                 0 / 0                 0 / 0           ops/s
[2023-11-16T15:07:45.584+0800][gc,stats    ]      Memory: Out Of Memory                                     0 / 0                 0 / 0                 0 / 0                 0 / 0           ops/s
[2023-11-16T15:07:45.584+0800][gc,stats    ]      Memory: Page Cache Flush                                  0 / 0                 0 / 0                 0 / 0                 0 / 0           MB/s
[2023-11-16T15:07:45.584+0800][gc,stats    ]      Memory: Page Cache Hit L1                                 0 / 1                 0 / 33                0 / 33                0 / 33          ops/s
[2023-11-16T15:07:45.584+0800][gc,stats    ]      Memory: Page Cache Hit L2                                 0 / 0                 0 / 0                 0 / 0                 0 / 0           ops/s
[2023-11-16T15:07:45.584+0800][gc,stats    ]      Memory: Page Cache Hit L3                                 0 / 0                 0 / 41                0 / 41                0 / 41          ops/s
[2023-11-16T15:07:45.584+0800][gc,stats    ]      Memory: Page Cache Miss                                   0 / 0                 0 / 1                 0 / 1                 0 / 1           ops/s
[2023-11-16T15:07:45.584+0800][gc,stats    ]      Memory: Uncommit                                          0 / 0                 0 / 0                 0 / 0                 0 / 0           MB/s
[2023-11-16T15:07:45.584+0800][gc,stats    ]      Memory: Undo Object Allocation Failed                     0 / 0                 0 / 0                 0 / 0                 0 / 0           ops/s
[2023-11-16T15:07:45.584+0800][gc,stats    ]      Memory: Undo Object Allocation Succeeded                  0 / 0                 0 / 3                 0 / 3                 0 / 3           ops/s
[2023-11-16T15:07:45.584+0800][gc,stats    ]      Memory: Undo Page Allocation                              0 / 0                 0 / 0                 0 / 0                 0 / 0           ops/s
[2023-11-16T15:07:45.584+0800][gc,stats    ]       Phase: Concurrent Mark                               0.000 / 0.000        21.531 / 24.050       21.531 / 24.050       21.531 / 24.050      ms
[2023-11-16T15:07:45.584+0800][gc,stats    ]       Phase: Concurrent Mark Continue                      0.000 / 0.000         0.000 / 0.000         0.000 / 0.000         0.000 / 0.000       ms
[2023-11-16T15:07:45.584+0800][gc,stats    ]       Phase: Concurrent Mark Free                          0.000 / 0.000         0.001 / 0.001         0.001 / 0.001         0.001 / 0.001       ms
[2023-11-16T15:07:45.584+0800][gc,stats    ]       Phase: Concurrent Process Non-Strong References      0.000 / 0.000         1.995 / 2.420         1.995 / 2.420         1.995 / 2.420       ms
[2023-11-16T15:07:45.584+0800][gc,stats    ]       Phase: Concurrent Relocate                           0.000 / 0.000         2.883 / 2.961         2.883 / 2.961         2.883 / 2.961       ms
[2023-11-16T15:07:45.584+0800][gc,stats    ]       Phase: Concurrent Reset Relocation Set               0.000 / 0.000         0.002 / 0.004         0.002 / 0.004         0.002 / 0.004       ms
[2023-11-16T15:07:45.584+0800][gc,stats    ]       Phase: Concurrent Select Relocation Set              0.000 / 0.000         4.861 / 8.184         4.861 / 8.184         4.861 / 8.184       ms
[2023-11-16T15:07:45.584+0800][gc,stats    ]       Phase: Pause Mark End                                0.000 / 0.000         0.017 / 0.019         0.017 / 0.019         0.017 / 0.019       ms
[2023-11-16T15:07:45.584+0800][gc,stats    ]       Phase: Pause Mark Start                              0.000 / 0.000         0.023 / 0.031         0.023 / 0.031         0.023 / 0.031       ms
[2023-11-16T15:07:45.584+0800][gc,stats    ]       Phase: Pause Relocate Start                          0.000 / 0.000         0.009 / 0.009         0.009 / 0.009         0.009 / 0.009       ms
[2023-11-16T15:07:45.584+0800][gc,stats    ]    Subphase: Concurrent Classes Purge                      0.000 / 0.000         0.066 / 0.071         0.066 / 0.071         0.066 / 0.071       ms
[2023-11-16T15:07:45.584+0800][gc,stats    ]    Subphase: Concurrent Classes Unlink                     0.000 / 0.000         1.264 / 1.492         1.264 / 1.492         1.264 / 1.492       ms
[2023-11-16T15:07:45.584+0800][gc,stats    ]    Subphase: Concurrent Mark                               0.000 / 0.000        18.504 / 22.997       18.504 / 22.997       18.504 / 22.997      ms
[2023-11-16T15:07:45.584+0800][gc,stats    ]    Subphase: Concurrent Mark Try Flush                     0.000 / 0.000         0.201 / 0.455         0.201 / 0.455         0.201 / 0.455       ms
[2023-11-16T15:07:45.584+0800][gc,stats    ]    Subphase: Concurrent Mark Try Terminate                 0.000 / 0.000         4.353 / 12.985        4.353 / 12.985        4.353 / 12.985      ms
[2023-11-16T15:07:45.584+0800][gc,stats    ]    Subphase: Concurrent References Enqueue                 0.000 / 0.000         0.004 / 0.004         0.004 / 0.004         0.004 / 0.004       ms
[2023-11-16T15:07:45.584+0800][gc,stats    ]    Subphase: Concurrent References Process                 0.000 / 0.000         0.104 / 0.123         0.104 / 0.123         0.104 / 0.123       ms
[2023-11-16T15:07:45.584+0800][gc,stats    ]    Subphase: Concurrent Roots ClassLoaderDataGraph         0.000 / 0.000         0.107 / 0.428         0.107 / 0.428         0.107 / 0.428       ms
[2023-11-16T15:07:45.584+0800][gc,stats    ]    Subphase: Concurrent Roots CodeCache                    0.000 / 0.000         0.000 / 0.000         0.000 / 0.000         0.000 / 0.000       ms
[2023-11-16T15:07:45.584+0800][gc,stats    ]    Subphase: Concurrent Roots JavaThreads                  0.000 / 0.000         1.013 / 1.707         1.013 / 1.707         1.013 / 1.707       ms
[2023-11-16T15:07:45.584+0800][gc,stats    ]    Subphase: Concurrent Roots OopStorageSet                0.000 / 0.000         0.146 / 0.289         0.146 / 0.289         0.146 / 0.289       ms
[2023-11-16T15:07:45.584+0800][gc,stats    ]    Subphase: Concurrent Weak Roots OopStorageSet           0.000 / 0.000         0.440 / 0.670         0.440 / 0.670         0.440 / 0.670       ms
[2023-11-16T15:07:45.584+0800][gc,stats    ]    Subphase: Pause Mark Try Complete                       0.000 / 0.000         0.000 / 0.000         0.000 / 0.000         0.000 / 0.000       ms
[2023-11-16T15:07:45.585+0800][gc,stats    ]      System: Java Threads                                      0 / 0                34 / 47               34 / 47               34 / 47          threads
[2023-11-16T15:07:45.585+0800][gc,stats    ] =========================================================================================================================================================
[2023-11-16T15:07:55.589+0800][gc,stats    ] === Garbage Collection Statistics =======================================================================================================================
[2023-11-16T15:07:55.589+0800][gc,stats    ]                                                              Last 10s              Last 10m              Last 10h                Total
[2023-11-16T15:07:55.589+0800][gc,stats    ]                                                              Avg / Max             Avg / Max             Avg / Max             Avg / Max
[2023-11-16T15:07:55.589+0800][gc,stats    ]   Collector: Garbage Collection Cycle                      0.000 / 0.000        32.129 / 37.536       32.129 / 37.536       32.129 / 37.536      ms
[2023-11-16T15:07:55.589+0800][gc,stats    ]  Contention: Mark Segment Reset Contention                     0 / 0                 0 / 3                 0 / 3                 0 / 3           ops/s
[2023-11-16T15:07:55.589+0800][gc,stats    ]  Contention: Mark SeqNum Reset Contention                      0 / 0                 0 / 0                 0 / 0                 0 / 0           ops/s
[2023-11-16T15:07:55.589+0800][gc,stats    ]    Critical: Allocation Stall                                  0 / 0                 0 / 0                 0 / 0                 0 / 0           ops/s
[2023-11-16T15:07:55.589+0800][gc,stats    ]    Critical: Allocation Stall                              0.000 / 0.000         0.000 / 0.000         0.000 / 0.000         0.000 / 0.000       ms
[2023-11-16T15:07:55.589+0800][gc,stats    ]    Critical: GC Locker Stall                                   0 / 0                 0 / 0                 0 / 0                 0 / 0           ops/s
[2023-11-16T15:07:55.589+0800][gc,stats    ]    Critical: GC Locker Stall                               0.000 / 0.000         0.000 / 0.000         0.000 / 0.000         0.000 / 0.000       ms
[2023-11-16T15:07:55.589+0800][gc,stats    ]    Critical: Relocation Stall                                  0 / 0                 0 / 0                 0 / 0                 0 / 0           ops/s
[2023-11-16T15:07:55.589+0800][gc,stats    ]    Critical: Relocation Stall                              0.000 / 0.000         0.000 / 0.000         0.000 / 0.000         0.000 / 0.000       ms
[2023-11-16T15:07:55.589+0800][gc,stats    ]      Memory: Allocation Rate                                   0 / 2                 1 / 82                1 / 82                1 / 82          MB/s
[2023-11-16T15:07:55.589+0800][gc,stats    ]      Memory: Defragment                                        0 / 0                 0 / 0                 0 / 0                 0 / 0           ops/s
[2023-11-16T15:07:55.589+0800][gc,stats    ]      Memory: Out Of Memory                                     0 / 0                 0 / 0                 0 / 0                 0 / 0           ops/s
[2023-11-16T15:07:55.589+0800][gc,stats    ]      Memory: Page Cache Flush                                  0 / 0                 0 / 0                 0 / 0                 0 / 0           MB/s
[2023-11-16T15:07:55.589+0800][gc,stats    ]      Memory: Page Cache Hit L1                                 0 / 1                 0 / 33                0 / 33                0 / 33          ops/s
[2023-11-16T15:07:55.589+0800][gc,stats    ]      Memory: Page Cache Hit L2                                 0 / 0                 0 / 0                 0 / 0                 0 / 0           ops/s
[2023-11-16T15:07:55.589+0800][gc,stats    ]      Memory: Page Cache Hit L3                                 0 / 0                 0 / 41                0 / 41                0 / 41          ops/s
[2023-11-16T15:07:55.589+0800][gc,stats    ]      Memory: Page Cache Miss                                   0 / 0                 0 / 1                 0 / 1                 0 / 1           ops/s
[2023-11-16T15:07:55.589+0800][gc,stats    ]      Memory: Uncommit                                          0 / 0                 0 / 0                 0 / 0                 0 / 0           MB/s
[2023-11-16T15:07:55.589+0800][gc,stats    ]      Memory: Undo Object Allocation Failed                     0 / 0                 0 / 0                 0 / 0                 0 / 0           ops/s
[2023-11-16T15:07:55.589+0800][gc,stats    ]      Memory: Undo Object Allocation Succeeded                  0 / 0                 0 / 3                 0 / 3                 0 / 3           ops/s
[2023-11-16T15:07:55.589+0800][gc,stats    ]      Memory: Undo Page Allocation                              0 / 0                 0 / 0                 0 / 0                 0 / 0           ops/s
[2023-11-16T15:07:55.589+0800][gc,stats    ]       Phase: Concurrent Mark                               0.000 / 0.000        21.531 / 24.050       21.531 / 24.050       21.531 / 24.050      ms
[2023-11-16T15:07:55.589+0800][gc,stats    ]       Phase: Concurrent Mark Continue                      0.000 / 0.000         0.000 / 0.000         0.000 / 0.000         0.000 / 0.000       ms
[2023-11-16T15:07:55.589+0800][gc,stats    ]       Phase: Concurrent Mark Free                          0.000 / 0.000         0.001 / 0.001         0.001 / 0.001         0.001 / 0.001       ms
[2023-11-16T15:07:55.589+0800][gc,stats    ]       Phase: Concurrent Process Non-Strong References      0.000 / 0.000         1.995 / 2.420         1.995 / 2.420         1.995 / 2.420       ms
[2023-11-16T15:07:55.589+0800][gc,stats    ]       Phase: Concurrent Relocate                           0.000 / 0.000         2.883 / 2.961         2.883 / 2.961         2.883 / 2.961       ms
[2023-11-16T15:07:55.589+0800][gc,stats    ]       Phase: Concurrent Reset Relocation Set               0.000 / 0.000         0.002 / 0.004         0.002 / 0.004         0.002 / 0.004       ms
[2023-11-16T15:07:55.589+0800][gc,stats    ]       Phase: Concurrent Select Relocation Set              0.000 / 0.000         4.861 / 8.184         4.861 / 8.184         4.861 / 8.184       ms
[2023-11-16T15:07:55.589+0800][gc,stats    ]       Phase: Pause Mark End                                0.000 / 0.000         0.017 / 0.019         0.017 / 0.019         0.017 / 0.019       ms
[2023-11-16T15:07:55.589+0800][gc,stats    ]       Phase: Pause Mark Start                              0.000 / 0.000         0.023 / 0.031         0.023 / 0.031         0.023 / 0.031       ms
[2023-11-16T15:07:55.589+0800][gc,stats    ]       Phase: Pause Relocate Start                          0.000 / 0.000         0.009 / 0.009         0.009 / 0.009         0.009 / 0.009       ms
[2023-11-16T15:07:55.589+0800][gc,stats    ]    Subphase: Concurrent Classes Purge                      0.000 / 0.000         0.066 / 0.071         0.066 / 0.071         0.066 / 0.071       ms
[2023-11-16T15:07:55.589+0800][gc,stats    ]    Subphase: Concurrent Classes Unlink                     0.000 / 0.000         1.264 / 1.492         1.264 / 1.492         1.264 / 1.492       ms
[2023-11-16T15:07:55.589+0800][gc,stats    ]    Subphase: Concurrent Mark                               0.000 / 0.000        18.504 / 22.997       18.504 / 22.997       18.504 / 22.997      ms
[2023-11-16T15:07:55.589+0800][gc,stats    ]    Subphase: Concurrent Mark Try Flush                     0.000 / 0.000         0.201 / 0.455         0.201 / 0.455         0.201 / 0.455       ms
[2023-11-16T15:07:55.589+0800][gc,stats    ]    Subphase: Concurrent Mark Try Terminate                 0.000 / 0.000         4.353 / 12.985        4.353 / 12.985        4.353 / 12.985      ms
[2023-11-16T15:07:55.589+0800][gc,stats    ]    Subphase: Concurrent References Enqueue                 0.000 / 0.000         0.004 / 0.004         0.004 / 0.004         0.004 / 0.004       ms
[2023-11-16T15:07:55.589+0800][gc,stats    ]    Subphase: Concurrent References Process                 0.000 / 0.000         0.104 / 0.123         0.104 / 0.123         0.104 / 0.123       ms
[2023-11-16T15:07:55.589+0800][gc,stats    ]    Subphase: Concurrent Roots ClassLoaderDataGraph         0.000 / 0.000         0.107 / 0.428         0.107 / 0.428         0.107 / 0.428       ms
[2023-11-16T15:07:55.589+0800][gc,stats    ]    Subphase: Concurrent Roots CodeCache                    0.000 / 0.000         0.000 / 0.000         0.000 / 0.000         0.000 / 0.000       ms
[2023-11-16T15:07:55.589+0800][gc,stats    ]    Subphase: Concurrent Roots JavaThreads                  0.000 / 0.000         1.013 / 1.707         1.013 / 1.707         1.013 / 1.707       ms
[2023-11-16T15:07:55.589+0800][gc,stats    ]    Subphase: Concurrent Roots OopStorageSet                0.000 / 0.000         0.146 / 0.289         0.146 / 0.289         0.146 / 0.289       ms
[2023-11-16T15:07:55.589+0800][gc,stats    ]    Subphase: Concurrent Weak Roots OopStorageSet           0.000 / 0.000         0.440 / 0.670         0.440 / 0.670         0.440 / 0.670       ms
[2023-11-16T15:07:55.589+0800][gc,stats    ]    Subphase: Pause Mark Try Complete                       0.000 / 0.000         0.000 / 0.000         0.000 / 0.000         0.000 / 0.000       ms
[2023-11-16T15:07:55.589+0800][gc,stats    ]      System: Java Threads                                      0 / 0                34 / 47               34 / 47               34 / 47          threads
[2023-11-16T15:07:55.589+0800][gc,stats    ] =========================================================================================================================================================
[2023-11-16T15:08:05.576+0800][gc,stats    ] === Garbage Collection Statistics =======================================================================================================================
[2023-11-16T15:08:05.576+0800][gc,stats    ]                                                              Last 10s              Last 10m              Last 10h                Total
[2023-11-16T15:08:05.576+0800][gc,stats    ]                                                              Avg / Max             Avg / Max             Avg / Max             Avg / Max
[2023-11-16T15:08:05.576+0800][gc,stats    ]   Collector: Garbage Collection Cycle                      0.000 / 0.000        32.129 / 37.536       32.129 / 37.536       32.129 / 37.536      ms
[2023-11-16T15:08:05.576+0800][gc,stats    ]  Contention: Mark Segment Reset Contention                     0 / 0                 0 / 3                 0 / 3                 0 / 3           ops/s
[2023-11-16T15:08:05.576+0800][gc,stats    ]  Contention: Mark SeqNum Reset Contention                      0 / 0                 0 / 0                 0 / 0                 0 / 0           ops/s
[2023-11-16T15:08:05.576+0800][gc,stats    ]    Critical: Allocation Stall                                  0 / 0                 0 / 0                 0 / 0                 0 / 0           ops/s
[2023-11-16T15:08:05.576+0800][gc,stats    ]    Critical: Allocation Stall                              0.000 / 0.000         0.000 / 0.000         0.000 / 0.000         0.000 / 0.000       ms
[2023-11-16T15:08:05.576+0800][gc,stats    ]    Critical: GC Locker Stall                                   0 / 0                 0 / 0                 0 / 0                 0 / 0           ops/s
[2023-11-16T15:08:05.576+0800][gc,stats    ]    Critical: GC Locker Stall                               0.000 / 0.000         0.000 / 0.000         0.000 / 0.000         0.000 / 0.000       ms
[2023-11-16T15:08:05.576+0800][gc,stats    ]    Critical: Relocation Stall                                  0 / 0                 0 / 0                 0 / 0                 0 / 0           ops/s
[2023-11-16T15:08:05.576+0800][gc,stats    ]    Critical: Relocation Stall                              0.000 / 0.000         0.000 / 0.000         0.000 / 0.000         0.000 / 0.000       ms
[2023-11-16T15:08:05.576+0800][gc,stats    ]      Memory: Allocation Rate                                   0 / 2                 1 / 82                1 / 82                1 / 82          MB/s
[2023-11-16T15:08:05.576+0800][gc,stats    ]      Memory: Defragment                                        0 / 0                 0 / 0                 0 / 0                 0 / 0           ops/s
[2023-11-16T15:08:05.576+0800][gc,stats    ]      Memory: Out Of Memory                                     0 / 0                 0 / 0                 0 / 0                 0 / 0           ops/s
[2023-11-16T15:08:05.576+0800][gc,stats    ]      Memory: Page Cache Flush                                  0 / 0                 0 / 0                 0 / 0                 0 / 0           MB/s
[2023-11-16T15:08:05.576+0800][gc,stats    ]      Memory: Page Cache Hit L1                                 0 / 1                 0 / 33                0 / 33                0 / 33          ops/s
[2023-11-16T15:08:05.576+0800][gc,stats    ]      Memory: Page Cache Hit L2                                 0 / 0                 0 / 0                 0 / 0                 0 / 0           ops/s
[2023-11-16T15:08:05.576+0800][gc,stats    ]      Memory: Page Cache Hit L3                                 0 / 0                 0 / 41                0 / 41                0 / 41          ops/s
[2023-11-16T15:08:05.576+0800][gc,stats    ]      Memory: Page Cache Miss                                   0 / 0                 0 / 1                 0 / 1                 0 / 1           ops/s
[2023-11-16T15:08:05.576+0800][gc,stats    ]      Memory: Uncommit                                          0 / 0                 0 / 0                 0 / 0                 0 / 0           MB/s
[2023-11-16T15:08:05.576+0800][gc,stats    ]      Memory: Undo Object Allocation Failed                     0 / 0                 0 / 0                 0 / 0                 0 / 0           ops/s
[2023-11-16T15:08:05.576+0800][gc,stats    ]      Memory: Undo Object Allocation Succeeded                  0 / 0                 0 / 3                 0 / 3                 0 / 3           ops/s
[2023-11-16T15:08:05.576+0800][gc,stats    ]      Memory: Undo Page Allocation                              0 / 0                 0 / 0                 0 / 0                 0 / 0           ops/s
[2023-11-16T15:08:05.576+0800][gc,stats    ]       Phase: Concurrent Mark                               0.000 / 0.000        21.531 / 24.050       21.531 / 24.050       21.531 / 24.050      ms
[2023-11-16T15:08:05.576+0800][gc,stats    ]       Phase: Concurrent Mark Continue                      0.000 / 0.000         0.000 / 0.000         0.000 / 0.000         0.000 / 0.000       ms
[2023-11-16T15:08:05.576+0800][gc,stats    ]       Phase: Concurrent Mark Free                          0.000 / 0.000         0.001 / 0.001         0.001 / 0.001         0.001 / 0.001       ms
[2023-11-16T15:08:05.576+0800][gc,stats    ]       Phase: Concurrent Process Non-Strong References      0.000 / 0.000         1.995 / 2.420         1.995 / 2.420         1.995 / 2.420       ms
[2023-11-16T15:08:05.576+0800][gc,stats    ]       Phase: Concurrent Relocate                           0.000 / 0.000         2.883 / 2.961         2.883 / 2.961         2.883 / 2.961       ms
[2023-11-16T15:08:05.576+0800][gc,stats    ]       Phase: Concurrent Reset Relocation Set               0.000 / 0.000         0.002 / 0.004         0.002 / 0.004         0.002 / 0.004       ms
[2023-11-16T15:08:05.576+0800][gc,stats    ]       Phase: Concurrent Select Relocation Set              0.000 / 0.000         4.861 / 8.184         4.861 / 8.184         4.861 / 8.184       ms
[2023-11-16T15:08:05.576+0800][gc,stats    ]       Phase: Pause Mark End                                0.000 / 0.000         0.017 / 0.019         0.017 / 0.019         0.017 / 0.019       ms
[2023-11-16T15:08:05.576+0800][gc,stats    ]       Phase: Pause Mark Start                              0.000 / 0.000         0.023 / 0.031         0.023 / 0.031         0.023 / 0.031       ms
[2023-11-16T15:08:05.576+0800][gc,stats    ]       Phase: Pause Relocate Start                          0.000 / 0.000         0.009 / 0.009         0.009 / 0.009         0.009 / 0.009       ms
[2023-11-16T15:08:05.576+0800][gc,stats    ]    Subphase: Concurrent Classes Purge                      0.000 / 0.000         0.066 / 0.071         0.066 / 0.071         0.066 / 0.071       ms
[2023-11-16T15:08:05.576+0800][gc,stats    ]    Subphase: Concurrent Classes Unlink                     0.000 / 0.000         1.264 / 1.492         1.264 / 1.492         1.264 / 1.492       ms
[2023-11-16T15:08:05.576+0800][gc,stats    ]    Subphase: Concurrent Mark                               0.000 / 0.000        18.504 / 22.997       18.504 / 22.997       18.504 / 22.997      ms
[2023-11-16T15:08:05.576+0800][gc,stats    ]    Subphase: Concurrent Mark Try Flush                     0.000 / 0.000         0.201 / 0.455         0.201 / 0.455         0.201 / 0.455       ms
[2023-11-16T15:08:05.576+0800][gc,stats    ]    Subphase: Concurrent Mark Try Terminate                 0.000 / 0.000         4.353 / 12.985        4.353 / 12.985        4.353 / 12.985      ms
[2023-11-16T15:08:05.576+0800][gc,stats    ]    Subphase: Concurrent References Enqueue                 0.000 / 0.000         0.004 / 0.004         0.004 / 0.004         0.004 / 0.004       ms
[2023-11-16T15:08:05.576+0800][gc,stats    ]    Subphase: Concurrent References Process                 0.000 / 0.000         0.104 / 0.123         0.104 / 0.123         0.104 / 0.123       ms
[2023-11-16T15:08:05.576+0800][gc,stats    ]    Subphase: Concurrent Roots ClassLoaderDataGraph         0.000 / 0.000         0.107 / 0.428         0.107 / 0.428         0.107 / 0.428       ms
[2023-11-16T15:08:05.576+0800][gc,stats    ]    Subphase: Concurrent Roots CodeCache                    0.000 / 0.000         0.000 / 0.000         0.000 / 0.000         0.000 / 0.000       ms
[2023-11-16T15:08:05.576+0800][gc,stats    ]    Subphase: Concurrent Roots JavaThreads                  0.000 / 0.000         1.013 / 1.707         1.013 / 1.707         1.013 / 1.707       ms
[2023-11-16T15:08:05.576+0800][gc,stats    ]    Subphase: Concurrent Roots OopStorageSet                0.000 / 0.000         0.146 / 0.289         0.146 / 0.289         0.146 / 0.289       ms
[2023-11-16T15:08:05.576+0800][gc,stats    ]    Subphase: Concurrent Weak Roots OopStorageSet           0.000 / 0.000         0.440 / 0.670         0.440 / 0.670         0.440 / 0.670       ms
[2023-11-16T15:08:05.576+0800][gc,stats    ]    Subphase: Pause Mark Try Complete                       0.000 / 0.000         0.000 / 0.000         0.000 / 0.000         0.000 / 0.000       ms
[2023-11-16T15:08:05.576+0800][gc,stats    ]      System: Java Threads                                      0 / 0                34 / 47               34 / 47               34 / 47          threads
[2023-11-16T15:08:05.577+0800][gc,stats    ] =========================================================================================================================================================
[2023-11-16T15:08:15.576+0800][gc,stats    ] === Garbage Collection Statistics =======================================================================================================================
[2023-11-16T15:08:15.576+0800][gc,stats    ]                                                              Last 10s              Last 10m              Last 10h                Total
[2023-11-16T15:08:15.576+0800][gc,stats    ]                                                              Avg / Max             Avg / Max             Avg / Max             Avg / Max
[2023-11-16T15:08:15.576+0800][gc,stats    ]   Collector: Garbage Collection Cycle                      0.000 / 0.000        32.129 / 37.536       32.129 / 37.536       32.129 / 37.536      ms
[2023-11-16T15:08:15.576+0800][gc,stats    ]  Contention: Mark Segment Reset Contention                     0 / 0                 0 / 3                 0 / 3                 0 / 3           ops/s
[2023-11-16T15:08:15.576+0800][gc,stats    ]  Contention: Mark SeqNum Reset Contention                      0 / 0                 0 / 0                 0 / 0                 0 / 0           ops/s
[2023-11-16T15:08:15.576+0800][gc,stats    ]    Critical: Allocation Stall                                  0 / 0                 0 / 0                 0 / 0                 0 / 0           ops/s
[2023-11-16T15:08:15.576+0800][gc,stats    ]    Critical: Allocation Stall                              0.000 / 0.000         0.000 / 0.000         0.000 / 0.000         0.000 / 0.000       ms
[2023-11-16T15:08:15.576+0800][gc,stats    ]    Critical: GC Locker Stall                                   0 / 0                 0 / 0                 0 / 0                 0 / 0           ops/s
[2023-11-16T15:08:15.576+0800][gc,stats    ]    Critical: GC Locker Stall                               0.000 / 0.000         0.000 / 0.000         0.000 / 0.000         0.000 / 0.000       ms
[2023-11-16T15:08:15.576+0800][gc,stats    ]    Critical: Relocation Stall                                  0 / 0                 0 / 0                 0 / 0                 0 / 0           ops/s
[2023-11-16T15:08:15.576+0800][gc,stats    ]    Critical: Relocation Stall                              0.000 / 0.000         0.000 / 0.000         0.000 / 0.000         0.000 / 0.000       ms
[2023-11-16T15:08:15.576+0800][gc,stats    ]      Memory: Allocation Rate                                   0 / 2                 1 / 82                1 / 82                1 / 82          MB/s
[2023-11-16T15:08:15.576+0800][gc,stats    ]      Memory: Defragment                                        0 / 0                 0 / 0                 0 / 0                 0 / 0           ops/s
[2023-11-16T15:08:15.576+0800][gc,stats    ]      Memory: Out Of Memory                                     0 / 0                 0 / 0                 0 / 0                 0 / 0           ops/s
[2023-11-16T15:08:15.576+0800][gc,stats    ]      Memory: Page Cache Flush                                  0 / 0                 0 / 0                 0 / 0                 0 / 0           MB/s
[2023-11-16T15:08:15.576+0800][gc,stats    ]      Memory: Page Cache Hit L1                                 0 / 1                 0 / 33                0 / 33                0 / 33          ops/s
[2023-11-16T15:08:15.576+0800][gc,stats    ]      Memory: Page Cache Hit L2                                 0 / 0                 0 / 0                 0 / 0                 0 / 0           ops/s
[2023-11-16T15:08:15.576+0800][gc,stats    ]      Memory: Page Cache Hit L3                                 0 / 0                 0 / 41                0 / 41                0 / 41          ops/s
[2023-11-16T15:08:15.576+0800][gc,stats    ]      Memory: Page Cache Miss                                   0 / 0                 0 / 1                 0 / 1                 0 / 1           ops/s
[2023-11-16T15:08:15.576+0800][gc,stats    ]      Memory: Uncommit                                          0 / 0                 0 / 0                 0 / 0                 0 / 0           MB/s
[2023-11-16T15:08:15.576+0800][gc,stats    ]      Memory: Undo Object Allocation Failed                     0 / 0                 0 / 0                 0 / 0                 0 / 0           ops/s
[2023-11-16T15:08:15.576+0800][gc,stats    ]      Memory: Undo Object Allocation Succeeded                  0 / 0                 0 / 3                 0 / 3                 0 / 3           ops/s
[2023-11-16T15:08:15.576+0800][gc,stats    ]      Memory: Undo Page Allocation                              0 / 0                 0 / 0                 0 / 0                 0 / 0           ops/s
[2023-11-16T15:08:15.576+0800][gc,stats    ]       Phase: Concurrent Mark                               0.000 / 0.000        21.531 / 24.050       21.531 / 24.050       21.531 / 24.050      ms
[2023-11-16T15:08:15.576+0800][gc,stats    ]       Phase: Concurrent Mark Continue                      0.000 / 0.000         0.000 / 0.000         0.000 / 0.000         0.000 / 0.000       ms
[2023-11-16T15:08:15.576+0800][gc,stats    ]       Phase: Concurrent Mark Free                          0.000 / 0.000         0.001 / 0.001         0.001 / 0.001         0.001 / 0.001       ms
[2023-11-16T15:08:15.576+0800][gc,stats    ]       Phase: Concurrent Process Non-Strong References      0.000 / 0.000         1.995 / 2.420         1.995 / 2.420         1.995 / 2.420       ms
[2023-11-16T15:08:15.576+0800][gc,stats    ]       Phase: Concurrent Relocate                           0.000 / 0.000         2.883 / 2.961         2.883 / 2.961         2.883 / 2.961       ms
[2023-11-16T15:08:15.576+0800][gc,stats    ]       Phase: Concurrent Reset Relocation Set               0.000 / 0.000         0.002 / 0.004         0.002 / 0.004         0.002 / 0.004       ms
[2023-11-16T15:08:15.576+0800][gc,stats    ]       Phase: Concurrent Select Relocation Set              0.000 / 0.000         4.861 / 8.184         4.861 / 8.184         4.861 / 8.184       ms
[2023-11-16T15:08:15.576+0800][gc,stats    ]       Phase: Pause Mark End                                0.000 / 0.000         0.017 / 0.019         0.017 / 0.019         0.017 / 0.019       ms
[2023-11-16T15:08:15.576+0800][gc,stats    ]       Phase: Pause Mark Start                              0.000 / 0.000         0.023 / 0.031         0.023 / 0.031         0.023 / 0.031       ms
[2023-11-16T15:08:15.576+0800][gc,stats    ]       Phase: Pause Relocate Start                          0.000 / 0.000         0.009 / 0.009         0.009 / 0.009         0.009 / 0.009       ms
[2023-11-16T15:08:15.576+0800][gc,stats    ]    Subphase: Concurrent Classes Purge                      0.000 / 0.000         0.066 / 0.071         0.066 / 0.071         0.066 / 0.071       ms
[2023-11-16T15:08:15.576+0800][gc,stats    ]    Subphase: Concurrent Classes Unlink                     0.000 / 0.000         1.264 / 1.492         1.264 / 1.492         1.264 / 1.492       ms
[2023-11-16T15:08:15.576+0800][gc,stats    ]    Subphase: Concurrent Mark                               0.000 / 0.000        18.504 / 22.997       18.504 / 22.997       18.504 / 22.997      ms
[2023-11-16T15:08:15.576+0800][gc,stats    ]    Subphase: Concurrent Mark Try Flush                     0.000 / 0.000         0.201 / 0.455         0.201 / 0.455         0.201 / 0.455       ms
[2023-11-16T15:08:15.576+0800][gc,stats    ]    Subphase: Concurrent Mark Try Terminate                 0.000 / 0.000         4.353 / 12.985        4.353 / 12.985        4.353 / 12.985      ms
[2023-11-16T15:08:15.576+0800][gc,stats    ]    Subphase: Concurrent References Enqueue                 0.000 / 0.000         0.004 / 0.004         0.004 / 0.004         0.004 / 0.004       ms
[2023-11-16T15:08:15.576+0800][gc,stats    ]    Subphase: Concurrent References Process                 0.000 / 0.000         0.104 / 0.123         0.104 / 0.123         0.104 / 0.123       ms
[2023-11-16T15:08:15.576+0800][gc,stats    ]    Subphase: Concurrent Roots ClassLoaderDataGraph         0.000 / 0.000         0.107 / 0.428         0.107 / 0.428         0.107 / 0.428       ms
[2023-11-16T15:08:15.576+0800][gc,stats    ]    Subphase: Concurrent Roots CodeCache                    0.000 / 0.000         0.000 / 0.000         0.000 / 0.000         0.000 / 0.000       ms
[2023-11-16T15:08:15.576+0800][gc,stats    ]    Subphase: Concurrent Roots JavaThreads                  0.000 / 0.000         1.013 / 1.707         1.013 / 1.707         1.013 / 1.707       ms
[2023-11-16T15:08:15.576+0800][gc,stats    ]    Subphase: Concurrent Roots OopStorageSet                0.000 / 0.000         0.146 / 0.289         0.146 / 0.289         0.146 / 0.289       ms
[2023-11-16T15:08:15.576+0800][gc,stats    ]    Subphase: Concurrent Weak Roots OopStorageSet           0.000 / 0.000         0.440 / 0.670         0.440 / 0.670         0.440 / 0.670       ms
[2023-11-16T15:08:15.576+0800][gc,stats    ]    Subphase: Pause Mark Try Complete                       0.000 / 0.000         0.000 / 0.000         0.000 / 0.000         0.000 / 0.000       ms
[2023-11-16T15:08:15.576+0800][gc,stats    ]      System: Java Threads                                      0 / 0                34 / 47               34 / 47               34 / 47          threads
[2023-11-16T15:08:15.576+0800][gc,stats    ] =========================================================================================================================================================
[2023-11-16T15:08:25.576+0800][gc,stats    ] === Garbage Collection Statistics =======================================================================================================================
[2023-11-16T15:08:25.576+0800][gc,stats    ]                                                              Last 10s              Last 10m              Last 10h                Total
[2023-11-16T15:08:25.576+0800][gc,stats    ]                                                              Avg / Max             Avg / Max             Avg / Max             Avg / Max
[2023-11-16T15:08:25.576+0800][gc,stats    ]   Collector: Garbage Collection Cycle                      0.000 / 0.000        32.129 / 37.536       32.129 / 37.536       32.129 / 37.536      ms
[2023-11-16T15:08:25.576+0800][gc,stats    ]  Contention: Mark Segment Reset Contention                     0 / 0                 0 / 3                 0 / 3                 0 / 3           ops/s
[2023-11-16T15:08:25.576+0800][gc,stats    ]  Contention: Mark SeqNum Reset Contention                      0 / 0                 0 / 0                 0 / 0                 0 / 0           ops/s
[2023-11-16T15:08:25.576+0800][gc,stats    ]    Critical: Allocation Stall                                  0 / 0                 0 / 0                 0 / 0                 0 / 0           ops/s
[2023-11-16T15:08:25.576+0800][gc,stats    ]    Critical: Allocation Stall                              0.000 / 0.000         0.000 / 0.000         0.000 / 0.000         0.000 / 0.000       ms
[2023-11-16T15:08:25.576+0800][gc,stats    ]    Critical: GC Locker Stall                                   0 / 0                 0 / 0                 0 / 0                 0 / 0           ops/s
[2023-11-16T15:08:25.576+0800][gc,stats    ]    Critical: GC Locker Stall                               0.000 / 0.000         0.000 / 0.000         0.000 / 0.000         0.000 / 0.000       ms
[2023-11-16T15:08:25.576+0800][gc,stats    ]    Critical: Relocation Stall                                  0 / 0                 0 / 0                 0 / 0                 0 / 0           ops/s
[2023-11-16T15:08:25.576+0800][gc,stats    ]    Critical: Relocation Stall                              0.000 / 0.000         0.000 / 0.000         0.000 / 0.000         0.000 / 0.000       ms
[2023-11-16T15:08:25.576+0800][gc,stats    ]      Memory: Allocation Rate                                   0 / 0                 1 / 82                1 / 82                1 / 82          MB/s
[2023-11-16T15:08:25.576+0800][gc,stats    ]      Memory: Defragment                                        0 / 0                 0 / 0                 0 / 0                 0 / 0           ops/s
[2023-11-16T15:08:25.576+0800][gc,stats    ]      Memory: Out Of Memory                                     0 / 0                 0 / 0                 0 / 0                 0 / 0           ops/s
[2023-11-16T15:08:25.576+0800][gc,stats    ]      Memory: Page Cache Flush                                  0 / 0                 0 / 0                 0 / 0                 0 / 0           MB/s
[2023-11-16T15:08:25.576+0800][gc,stats    ]      Memory: Page Cache Hit L1                                 0 / 0                 0 / 33                0 / 33                0 / 33          ops/s
[2023-11-16T15:08:25.576+0800][gc,stats    ]      Memory: Page Cache Hit L2                                 0 / 0                 0 / 0                 0 / 0                 0 / 0           ops/s
[2023-11-16T15:08:25.576+0800][gc,stats    ]      Memory: Page Cache Hit L3                                 0 / 0                 0 / 41                0 / 41                0 / 41          ops/s
[2023-11-16T15:08:25.576+0800][gc,stats    ]      Memory: Page Cache Miss                                   0 / 0                 0 / 1                 0 / 1                 0 / 1           ops/s
[2023-11-16T15:08:25.576+0800][gc,stats    ]      Memory: Uncommit                                          0 / 0                 0 / 0                 0 / 0                 0 / 0           MB/s
[2023-11-16T15:08:25.576+0800][gc,stats    ]      Memory: Undo Object Allocation Failed                     0 / 0                 0 / 0                 0 / 0                 0 / 0           ops/s
[2023-11-16T15:08:25.576+0800][gc,stats    ]      Memory: Undo Object Allocation Succeeded                  0 / 0                 0 / 3                 0 / 3                 0 / 3           ops/s
[2023-11-16T15:08:25.576+0800][gc,stats    ]      Memory: Undo Page Allocation                              0 / 0                 0 / 0                 0 / 0                 0 / 0           ops/s
[2023-11-16T15:08:25.576+0800][gc,stats    ]       Phase: Concurrent Mark                               0.000 / 0.000        21.531 / 24.050       21.531 / 24.050       21.531 / 24.050      ms
[2023-11-16T15:08:25.576+0800][gc,stats    ]       Phase: Concurrent Mark Continue                      0.000 / 0.000         0.000 / 0.000         0.000 / 0.000         0.000 / 0.000       ms
[2023-11-16T15:08:25.576+0800][gc,stats    ]       Phase: Concurrent Mark Free                          0.000 / 0.000         0.001 / 0.001         0.001 / 0.001         0.001 / 0.001       ms
[2023-11-16T15:08:25.576+0800][gc,stats    ]       Phase: Concurrent Process Non-Strong References      0.000 / 0.000         1.995 / 2.420         1.995 / 2.420         1.995 / 2.420       ms
[2023-11-16T15:08:25.576+0800][gc,stats    ]       Phase: Concurrent Relocate                           0.000 / 0.000         2.883 / 2.961         2.883 / 2.961         2.883 / 2.961       ms
[2023-11-16T15:08:25.576+0800][gc,stats    ]       Phase: Concurrent Reset Relocation Set               0.000 / 0.000         0.002 / 0.004         0.002 / 0.004         0.002 / 0.004       ms
[2023-11-16T15:08:25.576+0800][gc,stats    ]       Phase: Concurrent Select Relocation Set              0.000 / 0.000         4.861 / 8.184         4.861 / 8.184         4.861 / 8.184       ms
[2023-11-16T15:08:25.576+0800][gc,stats    ]       Phase: Pause Mark End                                0.000 / 0.000         0.017 / 0.019         0.017 / 0.019         0.017 / 0.019       ms
[2023-11-16T15:08:25.576+0800][gc,stats    ]       Phase: Pause Mark Start                              0.000 / 0.000         0.023 / 0.031         0.023 / 0.031         0.023 / 0.031       ms
[2023-11-16T15:08:25.576+0800][gc,stats    ]       Phase: Pause Relocate Start                          0.000 / 0.000         0.009 / 0.009         0.009 / 0.009         0.009 / 0.009       ms
[2023-11-16T15:08:25.576+0800][gc,stats    ]    Subphase: Concurrent Classes Purge                      0.000 / 0.000         0.066 / 0.071         0.066 / 0.071         0.066 / 0.071       ms
[2023-11-16T15:08:25.576+0800][gc,stats    ]    Subphase: Concurrent Classes Unlink                     0.000 / 0.000         1.264 / 1.492         1.264 / 1.492         1.264 / 1.492       ms
[2023-11-16T15:08:25.576+0800][gc,stats    ]    Subphase: Concurrent Mark                               0.000 / 0.000        18.504 / 22.997       18.504 / 22.997       18.504 / 22.997      ms
[2023-11-16T15:08:25.576+0800][gc,stats    ]    Subphase: Concurrent Mark Try Flush                     0.000 / 0.000         0.201 / 0.455         0.201 / 0.455         0.201 / 0.455       ms
[2023-11-16T15:08:25.576+0800][gc,stats    ]    Subphase: Concurrent Mark Try Terminate                 0.000 / 0.000         4.353 / 12.985        4.353 / 12.985        4.353 / 12.985      ms
[2023-11-16T15:08:25.576+0800][gc,stats    ]    Subphase: Concurrent References Enqueue                 0.000 / 0.000         0.004 / 0.004         0.004 / 0.004         0.004 / 0.004       ms
[2023-11-16T15:08:25.576+0800][gc,stats    ]    Subphase: Concurrent References Process                 0.000 / 0.000         0.104 / 0.123         0.104 / 0.123         0.104 / 0.123       ms
[2023-11-16T15:08:25.576+0800][gc,stats    ]    Subphase: Concurrent Roots ClassLoaderDataGraph         0.000 / 0.000         0.107 / 0.428         0.107 / 0.428         0.107 / 0.428       ms
[2023-11-16T15:08:25.576+0800][gc,stats    ]    Subphase: Concurrent Roots CodeCache                    0.000 / 0.000         0.000 / 0.000         0.000 / 0.000         0.000 / 0.000       ms
[2023-11-16T15:08:25.576+0800][gc,stats    ]    Subphase: Concurrent Roots JavaThreads                  0.000 / 0.000         1.013 / 1.707         1.013 / 1.707         1.013 / 1.707       ms
[2023-11-16T15:08:25.576+0800][gc,stats    ]    Subphase: Concurrent Roots OopStorageSet                0.000 / 0.000         0.146 / 0.289         0.146 / 0.289         0.146 / 0.289       ms
[2023-11-16T15:08:25.576+0800][gc,stats    ]    Subphase: Concurrent Weak Roots OopStorageSet           0.000 / 0.000         0.440 / 0.670         0.440 / 0.670         0.440 / 0.670       ms
[2023-11-16T15:08:25.576+0800][gc,stats    ]    Subphase: Pause Mark Try Complete                       0.000 / 0.000         0.000 / 0.000         0.000 / 0.000         0.000 / 0.000       ms
[2023-11-16T15:08:25.576+0800][gc,stats    ]      System: Java Threads                                      0 / 0                34 / 47               34 / 47               34 / 47          threads
[2023-11-16T15:08:25.576+0800][gc,stats    ] =========================================================================================================================================================
[2023-11-16T15:08:35.576+0800][gc,stats    ] === Garbage Collection Statistics =======================================================================================================================
[2023-11-16T15:08:35.576+0800][gc,stats    ]                                                              Last 10s              Last 10m              Last 10h                Total
[2023-11-16T15:08:35.576+0800][gc,stats    ]                                                              Avg / Max             Avg / Max             Avg / Max             Avg / Max
[2023-11-16T15:08:35.576+0800][gc,stats    ]   Collector: Garbage Collection Cycle                      0.000 / 0.000        32.129 / 37.536       32.129 / 37.536       32.129 / 37.536      ms
[2023-11-16T15:08:35.576+0800][gc,stats    ]  Contention: Mark Segment Reset Contention                     0 / 0                 0 / 3                 0 / 3                 0 / 3           ops/s
[2023-11-16T15:08:35.576+0800][gc,stats    ]  Contention: Mark SeqNum Reset Contention                      0 / 0                 0 / 0                 0 / 0                 0 / 0           ops/s
[2023-11-16T15:08:35.576+0800][gc,stats    ]    Critical: Allocation Stall                                  0 / 0                 0 / 0                 0 / 0                 0 / 0           ops/s
[2023-11-16T15:08:35.576+0800][gc,stats    ]    Critical: Allocation Stall                              0.000 / 0.000         0.000 / 0.000         0.000 / 0.000         0.000 / 0.000       ms
[2023-11-16T15:08:35.576+0800][gc,stats    ]    Critical: GC Locker Stall                                   0 / 0                 0 / 0                 0 / 0                 0 / 0           ops/s
[2023-11-16T15:08:35.576+0800][gc,stats    ]    Critical: GC Locker Stall                               0.000 / 0.000         0.000 / 0.000         0.000 / 0.000         0.000 / 0.000       ms
[2023-11-16T15:08:35.576+0800][gc,stats    ]    Critical: Relocation Stall                                  0 / 0                 0 / 0                 0 / 0                 0 / 0           ops/s
[2023-11-16T15:08:35.576+0800][gc,stats    ]    Critical: Relocation Stall                              0.000 / 0.000         0.000 / 0.000         0.000 / 0.000         0.000 / 0.000       ms
[2023-11-16T15:08:35.576+0800][gc,stats    ]      Memory: Allocation Rate                                   0 / 0                 1 / 82                1 / 82                1 / 82          MB/s
[2023-11-16T15:08:35.576+0800][gc,stats    ]      Memory: Defragment                                        0 / 0                 0 / 0                 0 / 0                 0 / 0           ops/s
[2023-11-16T15:08:35.576+0800][gc,stats    ]      Memory: Out Of Memory                                     0 / 0                 0 / 0                 0 / 0                 0 / 0           ops/s
[2023-11-16T15:08:35.576+0800][gc,stats    ]      Memory: Page Cache Flush                                  0 / 0                 0 / 0                 0 / 0                 0 / 0           MB/s
[2023-11-16T15:08:35.576+0800][gc,stats    ]      Memory: Page Cache Hit L1                                 0 / 0                 0 / 33                0 / 33                0 / 33          ops/s
[2023-11-16T15:08:35.576+0800][gc,stats    ]      Memory: Page Cache Hit L2                                 0 / 0                 0 / 0                 0 / 0                 0 / 0           ops/s
[2023-11-16T15:08:35.576+0800][gc,stats    ]      Memory: Page Cache Hit L3                                 0 / 0                 0 / 41                0 / 41                0 / 41          ops/s
[2023-11-16T15:08:35.576+0800][gc,stats    ]      Memory: Page Cache Miss                                   0 / 0                 0 / 1                 0 / 1                 0 / 1           ops/s
[2023-11-16T15:08:35.576+0800][gc,stats    ]      Memory: Uncommit                                          0 / 0                 0 / 0                 0 / 0                 0 / 0           MB/s
[2023-11-16T15:08:35.576+0800][gc,stats    ]      Memory: Undo Object Allocation Failed                     0 / 0                 0 / 0                 0 / 0                 0 / 0           ops/s
[2023-11-16T15:08:35.576+0800][gc,stats    ]      Memory: Undo Object Allocation Succeeded                  0 / 0                 0 / 3                 0 / 3                 0 / 3           ops/s
[2023-11-16T15:08:35.576+0800][gc,stats    ]      Memory: Undo Page Allocation                              0 / 0                 0 / 0                 0 / 0                 0 / 0           ops/s
[2023-11-16T15:08:35.576+0800][gc,stats    ]       Phase: Concurrent Mark                               0.000 / 0.000        21.531 / 24.050       21.531 / 24.050       21.531 / 24.050      ms
[2023-11-16T15:08:35.576+0800][gc,stats    ]       Phase: Concurrent Mark Continue                      0.000 / 0.000         0.000 / 0.000         0.000 / 0.000         0.000 / 0.000       ms
[2023-11-16T15:08:35.576+0800][gc,stats    ]       Phase: Concurrent Mark Free                          0.000 / 0.000         0.001 / 0.001         0.001 / 0.001         0.001 / 0.001       ms
[2023-11-16T15:08:35.576+0800][gc,stats    ]       Phase: Concurrent Process Non-Strong References      0.000 / 0.000         1.995 / 2.420         1.995 / 2.420         1.995 / 2.420       ms
[2023-11-16T15:08:35.576+0800][gc,stats    ]       Phase: Concurrent Relocate                           0.000 / 0.000         2.883 / 2.961         2.883 / 2.961         2.883 / 2.961       ms
[2023-11-16T15:08:35.576+0800][gc,stats    ]       Phase: Concurrent Reset Relocation Set               0.000 / 0.000         0.002 / 0.004         0.002 / 0.004         0.002 / 0.004       ms
[2023-11-16T15:08:35.576+0800][gc,stats    ]       Phase: Concurrent Select Relocation Set              0.000 / 0.000         4.861 / 8.184         4.861 / 8.184         4.861 / 8.184       ms
[2023-11-16T15:08:35.576+0800][gc,stats    ]       Phase: Pause Mark End                                0.000 / 0.000         0.017 / 0.019         0.017 / 0.019         0.017 / 0.019       ms
[2023-11-16T15:08:35.576+0800][gc,stats    ]       Phase: Pause Mark Start                              0.000 / 0.000         0.023 / 0.031         0.023 / 0.031         0.023 / 0.031       ms
[2023-11-16T15:08:35.576+0800][gc,stats    ]       Phase: Pause Relocate Start                          0.000 / 0.000         0.009 / 0.009         0.009 / 0.009         0.009 / 0.009       ms
[2023-11-16T15:08:35.576+0800][gc,stats    ]    Subphase: Concurrent Classes Purge                      0.000 / 0.000         0.066 / 0.071         0.066 / 0.071         0.066 / 0.071       ms
[2023-11-16T15:08:35.576+0800][gc,stats    ]    Subphase: Concurrent Classes Unlink                     0.000 / 0.000         1.264 / 1.492         1.264 / 1.492         1.264 / 1.492       ms
[2023-11-16T15:08:35.576+0800][gc,stats    ]    Subphase: Concurrent Mark                               0.000 / 0.000        18.504 / 22.997       18.504 / 22.997       18.504 / 22.997      ms
[2023-11-16T15:08:35.576+0800][gc,stats    ]    Subphase: Concurrent Mark Try Flush                     0.000 / 0.000         0.201 / 0.455         0.201 / 0.455         0.201 / 0.455       ms
[2023-11-16T15:08:35.576+0800][gc,stats    ]    Subphase: Concurrent Mark Try Terminate                 0.000 / 0.000         4.353 / 12.985        4.353 / 12.985        4.353 / 12.985      ms
[2023-11-16T15:08:35.576+0800][gc,stats    ]    Subphase: Concurrent References Enqueue                 0.000 / 0.000         0.004 / 0.004         0.004 / 0.004         0.004 / 0.004       ms
[2023-11-16T15:08:35.576+0800][gc,stats    ]    Subphase: Concurrent References Process                 0.000 / 0.000         0.104 / 0.123         0.104 / 0.123         0.104 / 0.123       ms
[2023-11-16T15:08:35.576+0800][gc,stats    ]    Subphase: Concurrent Roots ClassLoaderDataGraph         0.000 / 0.000         0.107 / 0.428         0.107 / 0.428         0.107 / 0.428       ms
[2023-11-16T15:08:35.576+0800][gc,stats    ]    Subphase: Concurrent Roots CodeCache                    0.000 / 0.000         0.000 / 0.000         0.000 / 0.000         0.000 / 0.000       ms
[2023-11-16T15:08:35.576+0800][gc,stats    ]    Subphase: Concurrent Roots JavaThreads                  0.000 / 0.000         1.013 / 1.707         1.013 / 1.707         1.013 / 1.707       ms
[2023-11-16T15:08:35.576+0800][gc,stats    ]    Subphase: Concurrent Roots OopStorageSet                0.000 / 0.000         0.146 / 0.289         0.146 / 0.289         0.146 / 0.289       ms
[2023-11-16T15:08:35.576+0800][gc,stats    ]    Subphase: Concurrent Weak Roots OopStorageSet           0.000 / 0.000         0.440 / 0.670         0.440 / 0.670         0.440 / 0.670       ms
[2023-11-16T15:08:35.576+0800][gc,stats    ]    Subphase: Pause Mark Try Complete                       0.000 / 0.000         0.000 / 0.000         0.000 / 0.000         0.000 / 0.000       ms
[2023-11-16T15:08:35.576+0800][gc,stats    ]      System: Java Threads                                      0 / 0                34 / 47               34 / 47               34 / 47          threads
[2023-11-16T15:08:35.576+0800][gc,stats    ] =========================================================================================================================================================
[2023-11-16T15:08:45.576+0800][gc,stats    ] === Garbage Collection Statistics =======================================================================================================================
[2023-11-16T15:08:45.576+0800][gc,stats    ]                                                              Last 10s              Last 10m              Last 10h                Total
[2023-11-16T15:08:45.576+0800][gc,stats    ]                                                              Avg / Max             Avg / Max             Avg / Max             Avg / Max
[2023-11-16T15:08:45.576+0800][gc,stats    ]   Collector: Garbage Collection Cycle                      0.000 / 0.000        32.129 / 37.536       32.129 / 37.536       32.129 / 37.536      ms
[2023-11-16T15:08:45.576+0800][gc,stats    ]  Contention: Mark Segment Reset Contention                     0 / 0                 0 / 3                 0 / 3                 0 / 3           ops/s
[2023-11-16T15:08:45.576+0800][gc,stats    ]  Contention: Mark SeqNum Reset Contention                      0 / 0                 0 / 0                 0 / 0                 0 / 0           ops/s
[2023-11-16T15:08:45.576+0800][gc,stats    ]    Critical: Allocation Stall                                  0 / 0                 0 / 0                 0 / 0                 0 / 0           ops/s
[2023-11-16T15:08:45.576+0800][gc,stats    ]    Critical: Allocation Stall                              0.000 / 0.000         0.000 / 0.000         0.000 / 0.000         0.000 / 0.000       ms
[2023-11-16T15:08:45.576+0800][gc,stats    ]    Critical: GC Locker Stall                                   0 / 0                 0 / 0                 0 / 0                 0 / 0           ops/s
[2023-11-16T15:08:45.576+0800][gc,stats    ]    Critical: GC Locker Stall                               0.000 / 0.000         0.000 / 0.000         0.000 / 0.000         0.000 / 0.000       ms
[2023-11-16T15:08:45.576+0800][gc,stats    ]    Critical: Relocation Stall                                  0 / 0                 0 / 0                 0 / 0                 0 / 0           ops/s
[2023-11-16T15:08:45.576+0800][gc,stats    ]    Critical: Relocation Stall                              0.000 / 0.000         0.000 / 0.000         0.000 / 0.000         0.000 / 0.000       ms
[2023-11-16T15:08:45.576+0800][gc,stats    ]      Memory: Allocation Rate                                   0 / 0                 1 / 82                1 / 82                1 / 82          MB/s
[2023-11-16T15:08:45.576+0800][gc,stats    ]      Memory: Defragment                                        0 / 0                 0 / 0                 0 / 0                 0 / 0           ops/s
[2023-11-16T15:08:45.576+0800][gc,stats    ]      Memory: Out Of Memory                                     0 / 0                 0 / 0                 0 / 0                 0 / 0           ops/s
[2023-11-16T15:08:45.576+0800][gc,stats    ]      Memory: Page Cache Flush                                  0 / 0                 0 / 0                 0 / 0                 0 / 0           MB/s
[2023-11-16T15:08:45.576+0800][gc,stats    ]      Memory: Page Cache Hit L1                                 0 / 0                 0 / 33                0 / 33                0 / 33          ops/s
[2023-11-16T15:08:45.576+0800][gc,stats    ]      Memory: Page Cache Hit L2                                 0 / 0                 0 / 0                 0 / 0                 0 / 0           ops/s
[2023-11-16T15:08:45.576+0800][gc,stats    ]      Memory: Page Cache Hit L3                                 0 / 0                 0 / 41                0 / 41                0 / 41          ops/s
[2023-11-16T15:08:45.576+0800][gc,stats    ]      Memory: Page Cache Miss                                   0 / 0                 0 / 1                 0 / 1                 0 / 1           ops/s
[2023-11-16T15:08:45.576+0800][gc,stats    ]      Memory: Uncommit                                          0 / 0                 0 / 0                 0 / 0                 0 / 0           MB/s
[2023-11-16T15:08:45.576+0800][gc,stats    ]      Memory: Undo Object Allocation Failed                     0 / 0                 0 / 0                 0 / 0                 0 / 0           ops/s
[2023-11-16T15:08:45.576+0800][gc,stats    ]      Memory: Undo Object Allocation Succeeded                  0 / 0                 0 / 3                 0 / 3                 0 / 3           ops/s
[2023-11-16T15:08:45.576+0800][gc,stats    ]      Memory: Undo Page Allocation                              0 / 0                 0 / 0                 0 / 0                 0 / 0           ops/s
[2023-11-16T15:08:45.576+0800][gc,stats    ]       Phase: Concurrent Mark                               0.000 / 0.000        21.531 / 24.050       21.531 / 24.050       21.531 / 24.050      ms
[2023-11-16T15:08:45.576+0800][gc,stats    ]       Phase: Concurrent Mark Continue                      0.000 / 0.000         0.000 / 0.000         0.000 / 0.000         0.000 / 0.000       ms
[2023-11-16T15:08:45.576+0800][gc,stats    ]       Phase: Concurrent Mark Free                          0.000 / 0.000         0.001 / 0.001         0.001 / 0.001         0.001 / 0.001       ms
[2023-11-16T15:08:45.576+0800][gc,stats    ]       Phase: Concurrent Process Non-Strong References      0.000 / 0.000         1.995 / 2.420         1.995 / 2.420         1.995 / 2.420       ms
[2023-11-16T15:08:45.576+0800][gc,stats    ]       Phase: Concurrent Relocate                           0.000 / 0.000         2.883 / 2.961         2.883 / 2.961         2.883 / 2.961       ms
[2023-11-16T15:08:45.576+0800][gc,stats    ]       Phase: Concurrent Reset Relocation Set               0.000 / 0.000         0.002 / 0.004         0.002 / 0.004         0.002 / 0.004       ms
[2023-11-16T15:08:45.576+0800][gc,stats    ]       Phase: Concurrent Select Relocation Set              0.000 / 0.000         4.861 / 8.184         4.861 / 8.184         4.861 / 8.184       ms
[2023-11-16T15:08:45.576+0800][gc,stats    ]       Phase: Pause Mark End                                0.000 / 0.000         0.017 / 0.019         0.017 / 0.019         0.017 / 0.019       ms
[2023-11-16T15:08:45.576+0800][gc,stats    ]       Phase: Pause Mark Start                              0.000 / 0.000         0.023 / 0.031         0.023 / 0.031         0.023 / 0.031       ms
[2023-11-16T15:08:45.576+0800][gc,stats    ]       Phase: Pause Relocate Start                          0.000 / 0.000         0.009 / 0.009         0.009 / 0.009         0.009 / 0.009       ms
[2023-11-16T15:08:45.576+0800][gc,stats    ]    Subphase: Concurrent Classes Purge                      0.000 / 0.000         0.066 / 0.071         0.066 / 0.071         0.066 / 0.071       ms
[2023-11-16T15:08:45.576+0800][gc,stats    ]    Subphase: Concurrent Classes Unlink                     0.000 / 0.000         1.264 / 1.492         1.264 / 1.492         1.264 / 1.492       ms
[2023-11-16T15:08:45.576+0800][gc,stats    ]    Subphase: Concurrent Mark                               0.000 / 0.000        18.504 / 22.997       18.504 / 22.997       18.504 / 22.997      ms
[2023-11-16T15:08:45.576+0800][gc,stats    ]    Subphase: Concurrent Mark Try Flush                     0.000 / 0.000         0.201 / 0.455         0.201 / 0.455         0.201 / 0.455       ms
[2023-11-16T15:08:45.576+0800][gc,stats    ]    Subphase: Concurrent Mark Try Terminate                 0.000 / 0.000         4.353 / 12.985        4.353 / 12.985        4.353 / 12.985      ms
[2023-11-16T15:08:45.576+0800][gc,stats    ]    Subphase: Concurrent References Enqueue                 0.000 / 0.000         0.004 / 0.004         0.004 / 0.004         0.004 / 0.004       ms
[2023-11-16T15:08:45.576+0800][gc,stats    ]    Subphase: Concurrent References Process                 0.000 / 0.000         0.104 / 0.123         0.104 / 0.123         0.104 / 0.123       ms
[2023-11-16T15:08:45.576+0800][gc,stats    ]    Subphase: Concurrent Roots ClassLoaderDataGraph         0.000 / 0.000         0.107 / 0.428         0.107 / 0.428         0.107 / 0.428       ms
[2023-11-16T15:08:45.576+0800][gc,stats    ]    Subphase: Concurrent Roots CodeCache                    0.000 / 0.000         0.000 / 0.000         0.000 / 0.000         0.000 / 0.000       ms
[2023-11-16T15:08:45.576+0800][gc,stats    ]    Subphase: Concurrent Roots JavaThreads                  0.000 / 0.000         1.013 / 1.707         1.013 / 1.707         1.013 / 1.707       ms
[2023-11-16T15:08:45.576+0800][gc,stats    ]    Subphase: Concurrent Roots OopStorageSet                0.000 / 0.000         0.146 / 0.289         0.146 / 0.289         0.146 / 0.289       ms
[2023-11-16T15:08:45.576+0800][gc,stats    ]    Subphase: Concurrent Weak Roots OopStorageSet           0.000 / 0.000         0.440 / 0.670         0.440 / 0.670         0.440 / 0.670       ms
[2023-11-16T15:08:45.576+0800][gc,stats    ]    Subphase: Pause Mark Try Complete                       0.000 / 0.000         0.000 / 0.000         0.000 / 0.000         0.000 / 0.000       ms
[2023-11-16T15:08:45.576+0800][gc,stats    ]      System: Java Threads                                      0 / 0                34 / 47               34 / 47               34 / 47          threads
[2023-11-16T15:08:45.576+0800][gc,stats    ] =========================================================================================================================================================
[2023-11-16T15:08:55.576+0800][gc,stats    ] === Garbage Collection Statistics =======================================================================================================================
[2023-11-16T15:08:55.576+0800][gc,stats    ]                                                              Last 10s              Last 10m              Last 10h                Total
[2023-11-16T15:08:55.576+0800][gc,stats    ]                                                              Avg / Max             Avg / Max             Avg / Max             Avg / Max
[2023-11-16T15:08:55.576+0800][gc,stats    ]   Collector: Garbage Collection Cycle                      0.000 / 0.000        32.129 / 37.536       32.129 / 37.536       32.129 / 37.536      ms
[2023-11-16T15:08:55.576+0800][gc,stats    ]  Contention: Mark Segment Reset Contention                     0 / 0                 0 / 3                 0 / 3                 0 / 3           ops/s
[2023-11-16T15:08:55.576+0800][gc,stats    ]  Contention: Mark SeqNum Reset Contention                      0 / 0                 0 / 0                 0 / 0                 0 / 0           ops/s
[2023-11-16T15:08:55.576+0800][gc,stats    ]    Critical: Allocation Stall                                  0 / 0                 0 / 0                 0 / 0                 0 / 0           ops/s
[2023-11-16T15:08:55.576+0800][gc,stats    ]    Critical: Allocation Stall                              0.000 / 0.000         0.000 / 0.000         0.000 / 0.000         0.000 / 0.000       ms
[2023-11-16T15:08:55.576+0800][gc,stats    ]    Critical: GC Locker Stall                                   0 / 0                 0 / 0                 0 / 0                 0 / 0           ops/s
[2023-11-16T15:08:55.576+0800][gc,stats    ]    Critical: GC Locker Stall                               0.000 / 0.000         0.000 / 0.000         0.000 / 0.000         0.000 / 0.000       ms
[2023-11-16T15:08:55.576+0800][gc,stats    ]    Critical: Relocation Stall                                  0 / 0                 0 / 0                 0 / 0                 0 / 0           ops/s
[2023-11-16T15:08:55.576+0800][gc,stats    ]    Critical: Relocation Stall                              0.000 / 0.000         0.000 / 0.000         0.000 / 0.000         0.000 / 0.000       ms
[2023-11-16T15:08:55.576+0800][gc,stats    ]      Memory: Allocation Rate                                   0 / 2                 1 / 82                1 / 82                1 / 82          MB/s
[2023-11-16T15:08:55.576+0800][gc,stats    ]      Memory: Defragment                                        0 / 0                 0 / 0                 0 / 0                 0 / 0           ops/s
[2023-11-16T15:08:55.576+0800][gc,stats    ]      Memory: Out Of Memory                                     0 / 0                 0 / 0                 0 / 0                 0 / 0           ops/s
[2023-11-16T15:08:55.576+0800][gc,stats    ]      Memory: Page Cache Flush                                  0 / 0                 0 / 0                 0 / 0                 0 / 0           MB/s
[2023-11-16T15:08:55.576+0800][gc,stats    ]      Memory: Page Cache Hit L1                                 0 / 1                 0 / 33                0 / 33                0 / 33          ops/s
[2023-11-16T15:08:55.576+0800][gc,stats    ]      Memory: Page Cache Hit L2                                 0 / 0                 0 / 0                 0 / 0                 0 / 0           ops/s
[2023-11-16T15:08:55.576+0800][gc,stats    ]      Memory: Page Cache Hit L3                                 0 / 0                 0 / 41                0 / 41                0 / 41          ops/s
[2023-11-16T15:08:55.576+0800][gc,stats    ]      Memory: Page Cache Miss                                   0 / 0                 0 / 1                 0 / 1                 0 / 1           ops/s
[2023-11-16T15:08:55.576+0800][gc,stats    ]      Memory: Uncommit                                          0 / 0                 0 / 0                 0 / 0                 0 / 0           MB/s
[2023-11-16T15:08:55.576+0800][gc,stats    ]      Memory: Undo Object Allocation Failed                     0 / 0                 0 / 0                 0 / 0                 0 / 0           ops/s
[2023-11-16T15:08:55.576+0800][gc,stats    ]      Memory: Undo Object Allocation Succeeded                  0 / 0                 0 / 3                 0 / 3                 0 / 3           ops/s
[2023-11-16T15:08:55.576+0800][gc,stats    ]      Memory: Undo Page Allocation                              0 / 0                 0 / 0                 0 / 0                 0 / 0           ops/s
[2023-11-16T15:08:55.576+0800][gc,stats    ]       Phase: Concurrent Mark                               0.000 / 0.000        21.531 / 24.050       21.531 / 24.050       21.531 / 24.050      ms
[2023-11-16T15:08:55.576+0800][gc,stats    ]       Phase: Concurrent Mark Continue                      0.000 / 0.000         0.000 / 0.000         0.000 / 0.000         0.000 / 0.000       ms
[2023-11-16T15:08:55.576+0800][gc,stats    ]       Phase: Concurrent Mark Free                          0.000 / 0.000         0.001 / 0.001         0.001 / 0.001         0.001 / 0.001       ms
[2023-11-16T15:08:55.576+0800][gc,stats    ]       Phase: Concurrent Process Non-Strong References      0.000 / 0.000         1.995 / 2.420         1.995 / 2.420         1.995 / 2.420       ms
[2023-11-16T15:08:55.576+0800][gc,stats    ]       Phase: Concurrent Relocate                           0.000 / 0.000         2.883 / 2.961         2.883 / 2.961         2.883 / 2.961       ms
[2023-11-16T15:08:55.576+0800][gc,stats    ]       Phase: Concurrent Reset Relocation Set               0.000 / 0.000         0.002 / 0.004         0.002 / 0.004         0.002 / 0.004       ms
[2023-11-16T15:08:55.576+0800][gc,stats    ]       Phase: Concurrent Select Relocation Set              0.000 / 0.000         4.861 / 8.184         4.861 / 8.184         4.861 / 8.184       ms
[2023-11-16T15:08:55.576+0800][gc,stats    ]       Phase: Pause Mark End                                0.000 / 0.000         0.017 / 0.019         0.017 / 0.019         0.017 / 0.019       ms
[2023-11-16T15:08:55.576+0800][gc,stats    ]       Phase: Pause Mark Start                              0.000 / 0.000         0.023 / 0.031         0.023 / 0.031         0.023 / 0.031       ms
[2023-11-16T15:08:55.576+0800][gc,stats    ]       Phase: Pause Relocate Start                          0.000 / 0.000         0.009 / 0.009         0.009 / 0.009         0.009 / 0.009       ms
[2023-11-16T15:08:55.576+0800][gc,stats    ]    Subphase: Concurrent Classes Purge                      0.000 / 0.000         0.066 / 0.071         0.066 / 0.071         0.066 / 0.071       ms
[2023-11-16T15:08:55.576+0800][gc,stats    ]    Subphase: Concurrent Classes Unlink                     0.000 / 0.000         1.264 / 1.492         1.264 / 1.492         1.264 / 1.492       ms
[2023-11-16T15:08:55.576+0800][gc,stats    ]    Subphase: Concurrent Mark                               0.000 / 0.000        18.504 / 22.997       18.504 / 22.997       18.504 / 22.997      ms
[2023-11-16T15:08:55.576+0800][gc,stats    ]    Subphase: Concurrent Mark Try Flush                     0.000 / 0.000         0.201 / 0.455         0.201 / 0.455         0.201 / 0.455       ms
[2023-11-16T15:08:55.576+0800][gc,stats    ]    Subphase: Concurrent Mark Try Terminate                 0.000 / 0.000         4.353 / 12.985        4.353 / 12.985        4.353 / 12.985      ms
[2023-11-16T15:08:55.576+0800][gc,stats    ]    Subphase: Concurrent References Enqueue                 0.000 / 0.000         0.004 / 0.004         0.004 / 0.004         0.004 / 0.004       ms
[2023-11-16T15:08:55.576+0800][gc,stats    ]    Subphase: Concurrent References Process                 0.000 / 0.000         0.104 / 0.123         0.104 / 0.123         0.104 / 0.123       ms
[2023-11-16T15:08:55.576+0800][gc,stats    ]    Subphase: Concurrent Roots ClassLoaderDataGraph         0.000 / 0.000         0.107 / 0.428         0.107 / 0.428         0.107 / 0.428       ms
[2023-11-16T15:08:55.576+0800][gc,stats    ]    Subphase: Concurrent Roots CodeCache                    0.000 / 0.000         0.000 / 0.000         0.000 / 0.000         0.000 / 0.000       ms
[2023-11-16T15:08:55.576+0800][gc,stats    ]    Subphase: Concurrent Roots JavaThreads                  0.000 / 0.000         1.013 / 1.707         1.013 / 1.707         1.013 / 1.707       ms
[2023-11-16T15:08:55.576+0800][gc,stats    ]    Subphase: Concurrent Roots OopStorageSet                0.000 / 0.000         0.146 / 0.289         0.146 / 0.289         0.146 / 0.289       ms
[2023-11-16T15:08:55.576+0800][gc,stats    ]    Subphase: Concurrent Weak Roots OopStorageSet           0.000 / 0.000         0.440 / 0.670         0.440 / 0.670         0.440 / 0.670       ms
[2023-11-16T15:08:55.576+0800][gc,stats    ]    Subphase: Pause Mark Try Complete                       0.000 / 0.000         0.000 / 0.000         0.000 / 0.000         0.000 / 0.000       ms
[2023-11-16T15:08:55.577+0800][gc,stats    ]      System: Java Threads                                      0 / 0                34 / 47               34 / 47               34 / 47          threads
[2023-11-16T15:08:55.577+0800][gc,stats    ] =========================================================================================================================================================
[2023-11-16T15:09:05.577+0800][gc,stats    ] === Garbage Collection Statistics =======================================================================================================================
[2023-11-16T15:09:05.577+0800][gc,stats    ]                                                              Last 10s              Last 10m              Last 10h                Total
[2023-11-16T15:09:05.577+0800][gc,stats    ]                                                              Avg / Max             Avg / Max             Avg / Max             Avg / Max
[2023-11-16T15:09:05.577+0800][gc,stats    ]   Collector: Garbage Collection Cycle                      0.000 / 0.000        32.129 / 37.536       32.129 / 37.536       32.129 / 37.536      ms
[2023-11-16T15:09:05.577+0800][gc,stats    ]  Contention: Mark Segment Reset Contention                     0 / 0                 0 / 3                 0 / 3                 0 / 3           ops/s
[2023-11-16T15:09:05.577+0800][gc,stats    ]  Contention: Mark SeqNum Reset Contention                      0 / 0                 0 / 0                 0 / 0                 0 / 0           ops/s
[2023-11-16T15:09:05.577+0800][gc,stats    ]    Critical: Allocation Stall                                  0 / 0                 0 / 0                 0 / 0                 0 / 0           ops/s
[2023-11-16T15:09:05.577+0800][gc,stats    ]    Critical: Allocation Stall                              0.000 / 0.000         0.000 / 0.000         0.000 / 0.000         0.000 / 0.000       ms
[2023-11-16T15:09:05.577+0800][gc,stats    ]    Critical: GC Locker Stall                                   0 / 0                 0 / 0                 0 / 0                 0 / 0           ops/s
[2023-11-16T15:09:05.577+0800][gc,stats    ]    Critical: GC Locker Stall                               0.000 / 0.000         0.000 / 0.000         0.000 / 0.000         0.000 / 0.000       ms
[2023-11-16T15:09:05.577+0800][gc,stats    ]    Critical: Relocation Stall                                  0 / 0                 0 / 0                 0 / 0                 0 / 0           ops/s
[2023-11-16T15:09:05.577+0800][gc,stats    ]    Critical: Relocation Stall                              0.000 / 0.000         0.000 / 0.000         0.000 / 0.000         0.000 / 0.000       ms
[2023-11-16T15:09:05.577+0800][gc,stats    ]      Memory: Allocation Rate                                   0 / 2                 1 / 82                1 / 82                1 / 82          MB/s
[2023-11-16T15:09:05.577+0800][gc,stats    ]      Memory: Defragment                                        0 / 0                 0 / 0                 0 / 0                 0 / 0           ops/s
[2023-11-16T15:09:05.577+0800][gc,stats    ]      Memory: Out Of Memory                                     0 / 0                 0 / 0                 0 / 0                 0 / 0           ops/s
[2023-11-16T15:09:05.577+0800][gc,stats    ]      Memory: Page Cache Flush                                  0 / 0                 0 / 0                 0 / 0                 0 / 0           MB/s
[2023-11-16T15:09:05.577+0800][gc,stats    ]      Memory: Page Cache Hit L1                                 0 / 1                 0 / 33                0 / 33                0 / 33          ops/s
[2023-11-16T15:09:05.577+0800][gc,stats    ]      Memory: Page Cache Hit L2                                 0 / 0                 0 / 0                 0 / 0                 0 / 0           ops/s
[2023-11-16T15:09:05.577+0800][gc,stats    ]      Memory: Page Cache Hit L3                                 0 / 0                 0 / 41                0 / 41                0 / 41          ops/s
[2023-11-16T15:09:05.577+0800][gc,stats    ]      Memory: Page Cache Miss                                   0 / 0                 0 / 1                 0 / 1                 0 / 1           ops/s
[2023-11-16T15:09:05.577+0800][gc,stats    ]      Memory: Uncommit                                          0 / 0                 0 / 0                 0 / 0                 0 / 0           MB/s
[2023-11-16T15:09:05.577+0800][gc,stats    ]      Memory: Undo Object Allocation Failed                     0 / 0                 0 / 0                 0 / 0                 0 / 0           ops/s
[2023-11-16T15:09:05.577+0800][gc,stats    ]      Memory: Undo Object Allocation Succeeded                  0 / 0                 0 / 3                 0 / 3                 0 / 3           ops/s
[2023-11-16T15:09:05.577+0800][gc,stats    ]      Memory: Undo Page Allocation                              0 / 0                 0 / 0                 0 / 0                 0 / 0           ops/s
[2023-11-16T15:09:05.577+0800][gc,stats    ]       Phase: Concurrent Mark                               0.000 / 0.000        21.531 / 24.050       21.531 / 24.050       21.531 / 24.050      ms
[2023-11-16T15:09:05.577+0800][gc,stats    ]       Phase: Concurrent Mark Continue                      0.000 / 0.000         0.000 / 0.000         0.000 / 0.000         0.000 / 0.000       ms
[2023-11-16T15:09:05.577+0800][gc,stats    ]       Phase: Concurrent Mark Free                          0.000 / 0.000         0.001 / 0.001         0.001 / 0.001         0.001 / 0.001       ms
[2023-11-16T15:09:05.577+0800][gc,stats    ]       Phase: Concurrent Process Non-Strong References      0.000 / 0.000         1.995 / 2.420         1.995 / 2.420         1.995 / 2.420       ms
[2023-11-16T15:09:05.577+0800][gc,stats    ]       Phase: Concurrent Relocate                           0.000 / 0.000         2.883 / 2.961         2.883 / 2.961         2.883 / 2.961       ms
[2023-11-16T15:09:05.577+0800][gc,stats    ]       Phase: Concurrent Reset Relocation Set               0.000 / 0.000         0.002 / 0.004         0.002 / 0.004         0.002 / 0.004       ms
[2023-11-16T15:09:05.577+0800][gc,stats    ]       Phase: Concurrent Select Relocation Set              0.000 / 0.000         4.861 / 8.184         4.861 / 8.184         4.861 / 8.184       ms
[2023-11-16T15:09:05.577+0800][gc,stats    ]       Phase: Pause Mark End                                0.000 / 0.000         0.017 / 0.019         0.017 / 0.019         0.017 / 0.019       ms
[2023-11-16T15:09:05.577+0800][gc,stats    ]       Phase: Pause Mark Start                              0.000 / 0.000         0.023 / 0.031         0.023 / 0.031         0.023 / 0.031       ms
[2023-11-16T15:09:05.577+0800][gc,stats    ]       Phase: Pause Relocate Start                          0.000 / 0.000         0.009 / 0.009         0.009 / 0.009         0.009 / 0.009       ms
[2023-11-16T15:09:05.577+0800][gc,stats    ]    Subphase: Concurrent Classes Purge                      0.000 / 0.000         0.066 / 0.071         0.066 / 0.071         0.066 / 0.071       ms
[2023-11-16T15:09:05.577+0800][gc,stats    ]    Subphase: Concurrent Classes Unlink                     0.000 / 0.000         1.264 / 1.492         1.264 / 1.492         1.264 / 1.492       ms
[2023-11-16T15:09:05.577+0800][gc,stats    ]    Subphase: Concurrent Mark                               0.000 / 0.000        18.504 / 22.997       18.504 / 22.997       18.504 / 22.997      ms
[2023-11-16T15:09:05.577+0800][gc,stats    ]    Subphase: Concurrent Mark Try Flush                     0.000 / 0.000         0.201 / 0.455         0.201 / 0.455         0.201 / 0.455       ms
[2023-11-16T15:09:05.577+0800][gc,stats    ]    Subphase: Concurrent Mark Try Terminate                 0.000 / 0.000         4.353 / 12.985        4.353 / 12.985        4.353 / 12.985      ms
[2023-11-16T15:09:05.577+0800][gc,stats    ]    Subphase: Concurrent References Enqueue                 0.000 / 0.000         0.004 / 0.004         0.004 / 0.004         0.004 / 0.004       ms
[2023-11-16T15:09:05.577+0800][gc,stats    ]    Subphase: Concurrent References Process                 0.000 / 0.000         0.104 / 0.123         0.104 / 0.123         0.104 / 0.123       ms
[2023-11-16T15:09:05.577+0800][gc,stats    ]    Subphase: Concurrent Roots ClassLoaderDataGraph         0.000 / 0.000         0.107 / 0.428         0.107 / 0.428         0.107 / 0.428       ms
[2023-11-16T15:09:05.577+0800][gc,stats    ]    Subphase: Concurrent Roots CodeCache                    0.000 / 0.000         0.000 / 0.000         0.000 / 0.000         0.000 / 0.000       ms
[2023-11-16T15:09:05.577+0800][gc,stats    ]    Subphase: Concurrent Roots JavaThreads                  0.000 / 0.000         1.013 / 1.707         1.013 / 1.707         1.013 / 1.707       ms
[2023-11-16T15:09:05.577+0800][gc,stats    ]    Subphase: Concurrent Roots OopStorageSet                0.000 / 0.000         0.146 / 0.289         0.146 / 0.289         0.146 / 0.289       ms
[2023-11-16T15:09:05.577+0800][gc,stats    ]    Subphase: Concurrent Weak Roots OopStorageSet           0.000 / 0.000         0.440 / 0.670         0.440 / 0.670         0.440 / 0.670       ms
[2023-11-16T15:09:05.577+0800][gc,stats    ]    Subphase: Pause Mark Try Complete                       0.000 / 0.000         0.000 / 0.000         0.000 / 0.000         0.000 / 0.000       ms
[2023-11-16T15:09:05.577+0800][gc,stats    ]      System: Java Threads                                      0 / 0                34 / 47               34 / 47               34 / 47          threads
[2023-11-16T15:09:05.577+0800][gc,stats    ] =========================================================================================================================================================
[2023-11-16T15:09:15.576+0800][gc,stats    ] === Garbage Collection Statistics =======================================================================================================================
[2023-11-16T15:09:15.576+0800][gc,stats    ]                                                              Last 10s              Last 10m              Last 10h                Total
[2023-11-16T15:09:15.576+0800][gc,stats    ]                                                              Avg / Max             Avg / Max             Avg / Max             Avg / Max
[2023-11-16T15:09:15.576+0800][gc,stats    ]   Collector: Garbage Collection Cycle                      0.000 / 0.000        32.129 / 37.536       32.129 / 37.536       32.129 / 37.536      ms
[2023-11-16T15:09:15.576+0800][gc,stats    ]  Contention: Mark Segment Reset Contention                     0 / 0                 0 / 3                 0 / 3                 0 / 3           ops/s
[2023-11-16T15:09:15.576+0800][gc,stats    ]  Contention: Mark SeqNum Reset Contention                      0 / 0                 0 / 0                 0 / 0                 0 / 0           ops/s
[2023-11-16T15:09:15.576+0800][gc,stats    ]    Critical: Allocation Stall                                  0 / 0                 0 / 0                 0 / 0                 0 / 0           ops/s
[2023-11-16T15:09:15.576+0800][gc,stats    ]    Critical: Allocation Stall                              0.000 / 0.000         0.000 / 0.000         0.000 / 0.000         0.000 / 0.000       ms
[2023-11-16T15:09:15.576+0800][gc,stats    ]    Critical: GC Locker Stall                                   0 / 0                 0 / 0                 0 / 0                 0 / 0           ops/s
[2023-11-16T15:09:15.576+0800][gc,stats    ]    Critical: GC Locker Stall                               0.000 / 0.000         0.000 / 0.000         0.000 / 0.000         0.000 / 0.000       ms
[2023-11-16T15:09:15.576+0800][gc,stats    ]    Critical: Relocation Stall                                  0 / 0                 0 / 0                 0 / 0                 0 / 0           ops/s
[2023-11-16T15:09:15.576+0800][gc,stats    ]    Critical: Relocation Stall                              0.000 / 0.000         0.000 / 0.000         0.000 / 0.000         0.000 / 0.000       ms
[2023-11-16T15:09:15.576+0800][gc,stats    ]      Memory: Allocation Rate                                   0 / 2                 1 / 82                1 / 82                1 / 82          MB/s
[2023-11-16T15:09:15.576+0800][gc,stats    ]      Memory: Defragment                                        0 / 0                 0 / 0                 0 / 0                 0 / 0           ops/s
[2023-11-16T15:09:15.576+0800][gc,stats    ]      Memory: Out Of Memory                                     0 / 0                 0 / 0                 0 / 0                 0 / 0           ops/s
[2023-11-16T15:09:15.576+0800][gc,stats    ]      Memory: Page Cache Flush                                  0 / 0                 0 / 0                 0 / 0                 0 / 0           MB/s
[2023-11-16T15:09:15.576+0800][gc,stats    ]      Memory: Page Cache Hit L1                                 0 / 1                 0 / 33                0 / 33                0 / 33          ops/s
[2023-11-16T15:09:15.576+0800][gc,stats    ]      Memory: Page Cache Hit L2                                 0 / 0                 0 / 0                 0 / 0                 0 / 0           ops/s
[2023-11-16T15:09:15.576+0800][gc,stats    ]      Memory: Page Cache Hit L3                                 0 / 0                 0 / 41                0 / 41                0 / 41          ops/s
[2023-11-16T15:09:15.576+0800][gc,stats    ]      Memory: Page Cache Miss                                   0 / 0                 0 / 1                 0 / 1                 0 / 1           ops/s
[2023-11-16T15:09:15.576+0800][gc,stats    ]      Memory: Uncommit                                          0 / 0                 0 / 0                 0 / 0                 0 / 0           MB/s
[2023-11-16T15:09:15.576+0800][gc,stats    ]      Memory: Undo Object Allocation Failed                     0 / 0                 0 / 0                 0 / 0                 0 / 0           ops/s
[2023-11-16T15:09:15.576+0800][gc,stats    ]      Memory: Undo Object Allocation Succeeded                  0 / 0                 0 / 3                 0 / 3                 0 / 3           ops/s
[2023-11-16T15:09:15.576+0800][gc,stats    ]      Memory: Undo Page Allocation                              0 / 0                 0 / 0                 0 / 0                 0 / 0           ops/s
[2023-11-16T15:09:15.576+0800][gc,stats    ]       Phase: Concurrent Mark                               0.000 / 0.000        21.531 / 24.050       21.531 / 24.050       21.531 / 24.050      ms
[2023-11-16T15:09:15.576+0800][gc,stats    ]       Phase: Concurrent Mark Continue                      0.000 / 0.000         0.000 / 0.000         0.000 / 0.000         0.000 / 0.000       ms
[2023-11-16T15:09:15.576+0800][gc,stats    ]       Phase: Concurrent Mark Free                          0.000 / 0.000         0.001 / 0.001         0.001 / 0.001         0.001 / 0.001       ms
[2023-11-16T15:09:15.576+0800][gc,stats    ]       Phase: Concurrent Process Non-Strong References      0.000 / 0.000         1.995 / 2.420         1.995 / 2.420         1.995 / 2.420       ms
[2023-11-16T15:09:15.576+0800][gc,stats    ]       Phase: Concurrent Relocate                           0.000 / 0.000         2.883 / 2.961         2.883 / 2.961         2.883 / 2.961       ms
[2023-11-16T15:09:15.576+0800][gc,stats    ]       Phase: Concurrent Reset Relocation Set               0.000 / 0.000         0.002 / 0.004         0.002 / 0.004         0.002 / 0.004       ms
[2023-11-16T15:09:15.576+0800][gc,stats    ]       Phase: Concurrent Select Relocation Set              0.000 / 0.000         4.861 / 8.184         4.861 / 8.184         4.861 / 8.184       ms
[2023-11-16T15:09:15.576+0800][gc,stats    ]       Phase: Pause Mark End                                0.000 / 0.000         0.017 / 0.019         0.017 / 0.019         0.017 / 0.019       ms
[2023-11-16T15:09:15.576+0800][gc,stats    ]       Phase: Pause Mark Start                              0.000 / 0.000         0.023 / 0.031         0.023 / 0.031         0.023 / 0.031       ms
[2023-11-16T15:09:15.576+0800][gc,stats    ]       Phase: Pause Relocate Start                          0.000 / 0.000         0.009 / 0.009         0.009 / 0.009         0.009 / 0.009       ms
[2023-11-16T15:09:15.576+0800][gc,stats    ]    Subphase: Concurrent Classes Purge                      0.000 / 0.000         0.066 / 0.071         0.066 / 0.071         0.066 / 0.071       ms
[2023-11-16T15:09:15.576+0800][gc,stats    ]    Subphase: Concurrent Classes Unlink                     0.000 / 0.000         1.264 / 1.492         1.264 / 1.492         1.264 / 1.492       ms
[2023-11-16T15:09:15.576+0800][gc,stats    ]    Subphase: Concurrent Mark                               0.000 / 0.000        18.504 / 22.997       18.504 / 22.997       18.504 / 22.997      ms
[2023-11-16T15:09:15.576+0800][gc,stats    ]    Subphase: Concurrent Mark Try Flush                     0.000 / 0.000         0.201 / 0.455         0.201 / 0.455         0.201 / 0.455       ms
[2023-11-16T15:09:15.576+0800][gc,stats    ]    Subphase: Concurrent Mark Try Terminate                 0.000 / 0.000         4.353 / 12.985        4.353 / 12.985        4.353 / 12.985      ms
[2023-11-16T15:09:15.576+0800][gc,stats    ]    Subphase: Concurrent References Enqueue                 0.000 / 0.000         0.004 / 0.004         0.004 / 0.004         0.004 / 0.004       ms
[2023-11-16T15:09:15.576+0800][gc,stats    ]    Subphase: Concurrent References Process                 0.000 / 0.000         0.104 / 0.123         0.104 / 0.123         0.104 / 0.123       ms
[2023-11-16T15:09:15.576+0800][gc,stats    ]    Subphase: Concurrent Roots ClassLoaderDataGraph         0.000 / 0.000         0.107 / 0.428         0.107 / 0.428         0.107 / 0.428       ms
[2023-11-16T15:09:15.576+0800][gc,stats    ]    Subphase: Concurrent Roots CodeCache                    0.000 / 0.000         0.000 / 0.000         0.000 / 0.000         0.000 / 0.000       ms
[2023-11-16T15:09:15.576+0800][gc,stats    ]    Subphase: Concurrent Roots JavaThreads                  0.000 / 0.000         1.013 / 1.707         1.013 / 1.707         1.013 / 1.707       ms
[2023-11-16T15:09:15.576+0800][gc,stats    ]    Subphase: Concurrent Roots OopStorageSet                0.000 / 0.000         0.146 / 0.289         0.146 / 0.289         0.146 / 0.289       ms
[2023-11-16T15:09:15.576+0800][gc,stats    ]    Subphase: Concurrent Weak Roots OopStorageSet           0.000 / 0.000         0.440 / 0.670         0.440 / 0.670         0.440 / 0.670       ms
[2023-11-16T15:09:15.577+0800][gc,stats    ]    Subphase: Pause Mark Try Complete                       0.000 / 0.000         0.000 / 0.000         0.000 / 0.000         0.000 / 0.000       ms
[2023-11-16T15:09:15.577+0800][gc,stats    ]      System: Java Threads                                      0 / 0                34 / 47               34 / 47               34 / 47          threads
[2023-11-16T15:09:15.577+0800][gc,stats    ] =========================================================================================================================================================
[2023-11-16T15:09:25.577+0800][gc,stats    ] === Garbage Collection Statistics =======================================================================================================================
[2023-11-16T15:09:25.577+0800][gc,stats    ]                                                              Last 10s              Last 10m              Last 10h                Total
[2023-11-16T15:09:25.577+0800][gc,stats    ]                                                              Avg / Max             Avg / Max             Avg / Max             Avg / Max
[2023-11-16T15:09:25.577+0800][gc,stats    ]   Collector: Garbage Collection Cycle                      0.000 / 0.000        32.129 / 37.536       32.129 / 37.536       32.129 / 37.536      ms
[2023-11-16T15:09:25.577+0800][gc,stats    ]  Contention: Mark Segment Reset Contention                     0 / 0                 0 / 3                 0 / 3                 0 / 3           ops/s
[2023-11-16T15:09:25.577+0800][gc,stats    ]  Contention: Mark SeqNum Reset Contention                      0 / 0                 0 / 0                 0 / 0                 0 / 0           ops/s
[2023-11-16T15:09:25.577+0800][gc,stats    ]    Critical: Allocation Stall                                  0 / 0                 0 / 0                 0 / 0                 0 / 0           ops/s
[2023-11-16T15:09:25.577+0800][gc,stats    ]    Critical: Allocation Stall                              0.000 / 0.000         0.000 / 0.000         0.000 / 0.000         0.000 / 0.000       ms
[2023-11-16T15:09:25.577+0800][gc,stats    ]    Critical: GC Locker Stall                                   0 / 0                 0 / 0                 0 / 0                 0 / 0           ops/s
[2023-11-16T15:09:25.577+0800][gc,stats    ]    Critical: GC Locker Stall                               0.000 / 0.000         0.000 / 0.000         0.000 / 0.000         0.000 / 0.000       ms
[2023-11-16T15:09:25.577+0800][gc,stats    ]    Critical: Relocation Stall                                  0 / 0                 0 / 0                 0 / 0                 0 / 0           ops/s
[2023-11-16T15:09:25.577+0800][gc,stats    ]    Critical: Relocation Stall                              0.000 / 0.000         0.000 / 0.000         0.000 / 0.000         0.000 / 0.000       ms
[2023-11-16T15:09:25.577+0800][gc,stats    ]      Memory: Allocation Rate                                   0 / 0                 1 / 82                1 / 82                1 / 82          MB/s
[2023-11-16T15:09:25.577+0800][gc,stats    ]      Memory: Defragment                                        0 / 0                 0 / 0                 0 / 0                 0 / 0           ops/s
[2023-11-16T15:09:25.577+0800][gc,stats    ]      Memory: Out Of Memory                                     0 / 0                 0 / 0                 0 / 0                 0 / 0           ops/s
[2023-11-16T15:09:25.577+0800][gc,stats    ]      Memory: Page Cache Flush                                  0 / 0                 0 / 0                 0 / 0                 0 / 0           MB/s
[2023-11-16T15:09:25.577+0800][gc,stats    ]      Memory: Page Cache Hit L1                                 0 / 0                 0 / 33                0 / 33                0 / 33          ops/s
[2023-11-16T15:09:25.577+0800][gc,stats    ]      Memory: Page Cache Hit L2                                 0 / 0                 0 / 0                 0 / 0                 0 / 0           ops/s
[2023-11-16T15:09:25.577+0800][gc,stats    ]      Memory: Page Cache Hit L3                                 0 / 0                 0 / 41                0 / 41                0 / 41          ops/s
[2023-11-16T15:09:25.577+0800][gc,stats    ]      Memory: Page Cache Miss                                   0 / 0                 0 / 1                 0 / 1                 0 / 1           ops/s
[2023-11-16T15:09:25.577+0800][gc,stats    ]      Memory: Uncommit                                          0 / 0                 0 / 0                 0 / 0                 0 / 0           MB/s
[2023-11-16T15:09:25.577+0800][gc,stats    ]      Memory: Undo Object Allocation Failed                     0 / 0                 0 / 0                 0 / 0                 0 / 0           ops/s
[2023-11-16T15:09:25.577+0800][gc,stats    ]      Memory: Undo Object Allocation Succeeded                  0 / 0                 0 / 3                 0 / 3                 0 / 3           ops/s
[2023-11-16T15:09:25.577+0800][gc,stats    ]      Memory: Undo Page Allocation                              0 / 0                 0 / 0                 0 / 0                 0 / 0           ops/s
[2023-11-16T15:09:25.577+0800][gc,stats    ]       Phase: Concurrent Mark                               0.000 / 0.000        21.531 / 24.050       21.531 / 24.050       21.531 / 24.050      ms
[2023-11-16T15:09:25.577+0800][gc,stats    ]       Phase: Concurrent Mark Continue                      0.000 / 0.000         0.000 / 0.000         0.000 / 0.000         0.000 / 0.000       ms
[2023-11-16T15:09:25.577+0800][gc,stats    ]       Phase: Concurrent Mark Free                          0.000 / 0.000         0.001 / 0.001         0.001 / 0.001         0.001 / 0.001       ms
[2023-11-16T15:09:25.577+0800][gc,stats    ]       Phase: Concurrent Process Non-Strong References      0.000 / 0.000         1.995 / 2.420         1.995 / 2.420         1.995 / 2.420       ms
[2023-11-16T15:09:25.577+0800][gc,stats    ]       Phase: Concurrent Relocate                           0.000 / 0.000         2.883 / 2.961         2.883 / 2.961         2.883 / 2.961       ms
[2023-11-16T15:09:25.577+0800][gc,stats    ]       Phase: Concurrent Reset Relocation Set               0.000 / 0.000         0.002 / 0.004         0.002 / 0.004         0.002 / 0.004       ms
[2023-11-16T15:09:25.577+0800][gc,stats    ]       Phase: Concurrent Select Relocation Set              0.000 / 0.000         4.861 / 8.184         4.861 / 8.184         4.861 / 8.184       ms
[2023-11-16T15:09:25.577+0800][gc,stats    ]       Phase: Pause Mark End                                0.000 / 0.000         0.017 / 0.019         0.017 / 0.019         0.017 / 0.019       ms
[2023-11-16T15:09:25.577+0800][gc,stats    ]       Phase: Pause Mark Start                              0.000 / 0.000         0.023 / 0.031         0.023 / 0.031         0.023 / 0.031       ms
[2023-11-16T15:09:25.577+0800][gc,stats    ]       Phase: Pause Relocate Start                          0.000 / 0.000         0.009 / 0.009         0.009 / 0.009         0.009 / 0.009       ms
[2023-11-16T15:09:25.577+0800][gc,stats    ]    Subphase: Concurrent Classes Purge                      0.000 / 0.000         0.066 / 0.071         0.066 / 0.071         0.066 / 0.071       ms
[2023-11-16T15:09:25.577+0800][gc,stats    ]    Subphase: Concurrent Classes Unlink                     0.000 / 0.000         1.264 / 1.492         1.264 / 1.492         1.264 / 1.492       ms
[2023-11-16T15:09:25.577+0800][gc,stats    ]    Subphase: Concurrent Mark                               0.000 / 0.000        18.504 / 22.997       18.504 / 22.997       18.504 / 22.997      ms
[2023-11-16T15:09:25.577+0800][gc,stats    ]    Subphase: Concurrent Mark Try Flush                     0.000 / 0.000         0.201 / 0.455         0.201 / 0.455         0.201 / 0.455       ms
[2023-11-16T15:09:25.577+0800][gc,stats    ]    Subphase: Concurrent Mark Try Terminate                 0.000 / 0.000         4.353 / 12.985        4.353 / 12.985        4.353 / 12.985      ms
[2023-11-16T15:09:25.577+0800][gc,stats    ]    Subphase: Concurrent References Enqueue                 0.000 / 0.000         0.004 / 0.004         0.004 / 0.004         0.004 / 0.004       ms
[2023-11-16T15:09:25.577+0800][gc,stats    ]    Subphase: Concurrent References Process                 0.000 / 0.000         0.104 / 0.123         0.104 / 0.123         0.104 / 0.123       ms
[2023-11-16T15:09:25.577+0800][gc,stats    ]    Subphase: Concurrent Roots ClassLoaderDataGraph         0.000 / 0.000         0.107 / 0.428         0.107 / 0.428         0.107 / 0.428       ms
[2023-11-16T15:09:25.577+0800][gc,stats    ]    Subphase: Concurrent Roots CodeCache                    0.000 / 0.000         0.000 / 0.000         0.000 / 0.000         0.000 / 0.000       ms
[2023-11-16T15:09:25.577+0800][gc,stats    ]    Subphase: Concurrent Roots JavaThreads                  0.000 / 0.000         1.013 / 1.707         1.013 / 1.707         1.013 / 1.707       ms
[2023-11-16T15:09:25.577+0800][gc,stats    ]    Subphase: Concurrent Roots OopStorageSet                0.000 / 0.000         0.146 / 0.289         0.146 / 0.289         0.146 / 0.289       ms
[2023-11-16T15:09:25.577+0800][gc,stats    ]    Subphase: Concurrent Weak Roots OopStorageSet           0.000 / 0.000         0.440 / 0.670         0.440 / 0.670         0.440 / 0.670       ms
[2023-11-16T15:09:25.577+0800][gc,stats    ]    Subphase: Pause Mark Try Complete                       0.000 / 0.000         0.000 / 0.000         0.000 / 0.000         0.000 / 0.000       ms
[2023-11-16T15:09:25.577+0800][gc,stats    ]      System: Java Threads                                      0 / 0                34 / 47               34 / 47               34 / 47          threads
[2023-11-16T15:09:25.577+0800][gc,stats    ] =========================================================================================================================================================
[2023-11-16T15:09:35.576+0800][gc,stats    ] === Garbage Collection Statistics =======================================================================================================================
[2023-11-16T15:09:35.576+0800][gc,stats    ]                                                              Last 10s              Last 10m              Last 10h                Total
[2023-11-16T15:09:35.576+0800][gc,stats    ]                                                              Avg / Max             Avg / Max             Avg / Max             Avg / Max
[2023-11-16T15:09:35.576+0800][gc,stats    ]   Collector: Garbage Collection Cycle                      0.000 / 0.000        32.129 / 37.536       32.129 / 37.536       32.129 / 37.536      ms
[2023-11-16T15:09:35.576+0800][gc,stats    ]  Contention: Mark Segment Reset Contention                     0 / 0                 0 / 3                 0 / 3                 0 / 3           ops/s
[2023-11-16T15:09:35.576+0800][gc,stats    ]  Contention: Mark SeqNum Reset Contention                      0 / 0                 0 / 0                 0 / 0                 0 / 0           ops/s
[2023-11-16T15:09:35.576+0800][gc,stats    ]    Critical: Allocation Stall                                  0 / 0                 0 / 0                 0 / 0                 0 / 0           ops/s
[2023-11-16T15:09:35.576+0800][gc,stats    ]    Critical: Allocation Stall                              0.000 / 0.000         0.000 / 0.000         0.000 / 0.000         0.000 / 0.000       ms
[2023-11-16T15:09:35.576+0800][gc,stats    ]    Critical: GC Locker Stall                                   0 / 0                 0 / 0                 0 / 0                 0 / 0           ops/s
[2023-11-16T15:09:35.576+0800][gc,stats    ]    Critical: GC Locker Stall                               0.000 / 0.000         0.000 / 0.000         0.000 / 0.000         0.000 / 0.000       ms
[2023-11-16T15:09:35.576+0800][gc,stats    ]    Critical: Relocation Stall                                  0 / 0                 0 / 0                 0 / 0                 0 / 0           ops/s
[2023-11-16T15:09:35.576+0800][gc,stats    ]    Critical: Relocation Stall                              0.000 / 0.000         0.000 / 0.000         0.000 / 0.000         0.000 / 0.000       ms
[2023-11-16T15:09:35.576+0800][gc,stats    ]      Memory: Allocation Rate                                   0 / 0                 1 / 82                1 / 82                1 / 82          MB/s
[2023-11-16T15:09:35.576+0800][gc,stats    ]      Memory: Defragment                                        0 / 0                 0 / 0                 0 / 0                 0 / 0           ops/s
[2023-11-16T15:09:35.576+0800][gc,stats    ]      Memory: Out Of Memory                                     0 / 0                 0 / 0                 0 / 0                 0 / 0           ops/s
[2023-11-16T15:09:35.576+0800][gc,stats    ]      Memory: Page Cache Flush                                  0 / 0                 0 / 0                 0 / 0                 0 / 0           MB/s
[2023-11-16T15:09:35.576+0800][gc,stats    ]      Memory: Page Cache Hit L1                                 0 / 0                 0 / 33                0 / 33                0 / 33          ops/s
[2023-11-16T15:09:35.576+0800][gc,stats    ]      Memory: Page Cache Hit L2                                 0 / 0                 0 / 0                 0 / 0                 0 / 0           ops/s
[2023-11-16T15:09:35.576+0800][gc,stats    ]      Memory: Page Cache Hit L3                                 0 / 0                 0 / 41                0 / 41                0 / 41          ops/s
[2023-11-16T15:09:35.576+0800][gc,stats    ]      Memory: Page Cache Miss                                   0 / 0                 0 / 1                 0 / 1                 0 / 1           ops/s
[2023-11-16T15:09:35.576+0800][gc,stats    ]      Memory: Uncommit                                          0 / 0                 0 / 0                 0 / 0                 0 / 0           MB/s
[2023-11-16T15:09:35.576+0800][gc,stats    ]      Memory: Undo Object Allocation Failed                     0 / 0                 0 / 0                 0 / 0                 0 / 0           ops/s
[2023-11-16T15:09:35.576+0800][gc,stats    ]      Memory: Undo Object Allocation Succeeded                  0 / 0                 0 / 3                 0 / 3                 0 / 3           ops/s
[2023-11-16T15:09:35.576+0800][gc,stats    ]      Memory: Undo Page Allocation                              0 / 0                 0 / 0                 0 / 0                 0 / 0           ops/s
[2023-11-16T15:09:35.576+0800][gc,stats    ]       Phase: Concurrent Mark                               0.000 / 0.000        21.531 / 24.050       21.531 / 24.050       21.531 / 24.050      ms
[2023-11-16T15:09:35.576+0800][gc,stats    ]       Phase: Concurrent Mark Continue                      0.000 / 0.000         0.000 / 0.000         0.000 / 0.000         0.000 / 0.000       ms
[2023-11-16T15:09:35.576+0800][gc,stats    ]       Phase: Concurrent Mark Free                          0.000 / 0.000         0.001 / 0.001         0.001 / 0.001         0.001 / 0.001       ms
[2023-11-16T15:09:35.576+0800][gc,stats    ]       Phase: Concurrent Process Non-Strong References      0.000 / 0.000         1.995 / 2.420         1.995 / 2.420         1.995 / 2.420       ms
[2023-11-16T15:09:35.576+0800][gc,stats    ]       Phase: Concurrent Relocate                           0.000 / 0.000         2.883 / 2.961         2.883 / 2.961         2.883 / 2.961       ms
[2023-11-16T15:09:35.576+0800][gc,stats    ]       Phase: Concurrent Reset Relocation Set               0.000 / 0.000         0.002 / 0.004         0.002 / 0.004         0.002 / 0.004       ms
[2023-11-16T15:09:35.576+0800][gc,stats    ]       Phase: Concurrent Select Relocation Set              0.000 / 0.000         4.861 / 8.184         4.861 / 8.184         4.861 / 8.184       ms
[2023-11-16T15:09:35.576+0800][gc,stats    ]       Phase: Pause Mark End                                0.000 / 0.000         0.017 / 0.019         0.017 / 0.019         0.017 / 0.019       ms
[2023-11-16T15:09:35.576+0800][gc,stats    ]       Phase: Pause Mark Start                              0.000 / 0.000         0.023 / 0.031         0.023 / 0.031         0.023 / 0.031       ms
[2023-11-16T15:09:35.576+0800][gc,stats    ]       Phase: Pause Relocate Start                          0.000 / 0.000         0.009 / 0.009         0.009 / 0.009         0.009 / 0.009       ms
[2023-11-16T15:09:35.576+0800][gc,stats    ]    Subphase: Concurrent Classes Purge                      0.000 / 0.000         0.066 / 0.071         0.066 / 0.071         0.066 / 0.071       ms
[2023-11-16T15:09:35.576+0800][gc,stats    ]    Subphase: Concurrent Classes Unlink                     0.000 / 0.000         1.264 / 1.492         1.264 / 1.492         1.264 / 1.492       ms
[2023-11-16T15:09:35.576+0800][gc,stats    ]    Subphase: Concurrent Mark                               0.000 / 0.000        18.504 / 22.997       18.504 / 22.997       18.504 / 22.997      ms
[2023-11-16T15:09:35.576+0800][gc,stats    ]    Subphase: Concurrent Mark Try Flush                     0.000 / 0.000         0.201 / 0.455         0.201 / 0.455         0.201 / 0.455       ms
[2023-11-16T15:09:35.576+0800][gc,stats    ]    Subphase: Concurrent Mark Try Terminate                 0.000 / 0.000         4.353 / 12.985        4.353 / 12.985        4.353 / 12.985      ms
[2023-11-16T15:09:35.576+0800][gc,stats    ]    Subphase: Concurrent References Enqueue                 0.000 / 0.000         0.004 / 0.004         0.004 / 0.004         0.004 / 0.004       ms
[2023-11-16T15:09:35.576+0800][gc,stats    ]    Subphase: Concurrent References Process                 0.000 / 0.000         0.104 / 0.123         0.104 / 0.123         0.104 / 0.123       ms
[2023-11-16T15:09:35.576+0800][gc,stats    ]    Subphase: Concurrent Roots ClassLoaderDataGraph         0.000 / 0.000         0.107 / 0.428         0.107 / 0.428         0.107 / 0.428       ms
[2023-11-16T15:09:35.576+0800][gc,stats    ]    Subphase: Concurrent Roots CodeCache                    0.000 / 0.000         0.000 / 0.000         0.000 / 0.000         0.000 / 0.000       ms
[2023-11-16T15:09:35.577+0800][gc,stats    ]    Subphase: Concurrent Roots JavaThreads                  0.000 / 0.000         1.013 / 1.707         1.013 / 1.707         1.013 / 1.707       ms
[2023-11-16T15:09:35.577+0800][gc,stats    ]    Subphase: Concurrent Roots OopStorageSet                0.000 / 0.000         0.146 / 0.289         0.146 / 0.289         0.146 / 0.289       ms
[2023-11-16T15:09:35.577+0800][gc,stats    ]    Subphase: Concurrent Weak Roots OopStorageSet           0.000 / 0.000         0.440 / 0.670         0.440 / 0.670         0.440 / 0.670       ms
[2023-11-16T15:09:35.577+0800][gc,stats    ]    Subphase: Pause Mark Try Complete                       0.000 / 0.000         0.000 / 0.000         0.000 / 0.000         0.000 / 0.000       ms
[2023-11-16T15:09:35.577+0800][gc,stats    ]      System: Java Threads                                      0 / 0                34 / 47               34 / 47               34 / 47          threads
[2023-11-16T15:09:35.577+0800][gc,stats    ] =========================================================================================================================================================
[2023-11-16T15:09:45.587+0800][gc,stats    ] === Garbage Collection Statistics =======================================================================================================================
[2023-11-16T15:09:45.587+0800][gc,stats    ]                                                              Last 10s              Last 10m              Last 10h                Total
[2023-11-16T15:09:45.587+0800][gc,stats    ]                                                              Avg / Max             Avg / Max             Avg / Max             Avg / Max
[2023-11-16T15:09:45.587+0800][gc,stats    ]   Collector: Garbage Collection Cycle                      0.000 / 0.000        32.129 / 37.536       32.129 / 37.536       32.129 / 37.536      ms
[2023-11-16T15:09:45.587+0800][gc,stats    ]  Contention: Mark Segment Reset Contention                     0 / 0                 0 / 3                 0 / 3                 0 / 3           ops/s
[2023-11-16T15:09:45.587+0800][gc,stats    ]  Contention: Mark SeqNum Reset Contention                      0 / 0                 0 / 0                 0 / 0                 0 / 0           ops/s
[2023-11-16T15:09:45.587+0800][gc,stats    ]    Critical: Allocation Stall                                  0 / 0                 0 / 0                 0 / 0                 0 / 0           ops/s
[2023-11-16T15:09:45.587+0800][gc,stats    ]    Critical: Allocation Stall                              0.000 / 0.000         0.000 / 0.000         0.000 / 0.000         0.000 / 0.000       ms
[2023-11-16T15:09:45.587+0800][gc,stats    ]    Critical: GC Locker Stall                                   0 / 0                 0 / 0                 0 / 0                 0 / 0           ops/s
[2023-11-16T15:09:45.587+0800][gc,stats    ]    Critical: GC Locker Stall                               0.000 / 0.000         0.000 / 0.000         0.000 / 0.000         0.000 / 0.000       ms
[2023-11-16T15:09:45.587+0800][gc,stats    ]    Critical: Relocation Stall                                  0 / 0                 0 / 0                 0 / 0                 0 / 0           ops/s
[2023-11-16T15:09:45.587+0800][gc,stats    ]    Critical: Relocation Stall                              0.000 / 0.000         0.000 / 0.000         0.000 / 0.000         0.000 / 0.000       ms
[2023-11-16T15:09:45.587+0800][gc,stats    ]      Memory: Allocation Rate                                   0 / 2                 1 / 82                1 / 82                1 / 82          MB/s
[2023-11-16T15:09:45.587+0800][gc,stats    ]      Memory: Defragment                                        0 / 0                 0 / 0                 0 / 0                 0 / 0           ops/s
[2023-11-16T15:09:45.587+0800][gc,stats    ]      Memory: Out Of Memory                                     0 / 0                 0 / 0                 0 / 0                 0 / 0           ops/s
[2023-11-16T15:09:45.587+0800][gc,stats    ]      Memory: Page Cache Flush                                  0 / 0                 0 / 0                 0 / 0                 0 / 0           MB/s
[2023-11-16T15:09:45.587+0800][gc,stats    ]      Memory: Page Cache Hit L1                                 0 / 1                 0 / 33                0 / 33                0 / 33          ops/s
[2023-11-16T15:09:45.587+0800][gc,stats    ]      Memory: Page Cache Hit L2                                 0 / 0                 0 / 0                 0 / 0                 0 / 0           ops/s
[2023-11-16T15:09:45.587+0800][gc,stats    ]      Memory: Page Cache Hit L3                                 0 / 0                 0 / 41                0 / 41                0 / 41          ops/s
[2023-11-16T15:09:45.587+0800][gc,stats    ]      Memory: Page Cache Miss                                   0 / 0                 0 / 1                 0 / 1                 0 / 1           ops/s
[2023-11-16T15:09:45.587+0800][gc,stats    ]      Memory: Uncommit                                          0 / 0                 0 / 0                 0 / 0                 0 / 0           MB/s
[2023-11-16T15:09:45.587+0800][gc,stats    ]      Memory: Undo Object Allocation Failed                     0 / 0                 0 / 0                 0 / 0                 0 / 0           ops/s
[2023-11-16T15:09:45.587+0800][gc,stats    ]      Memory: Undo Object Allocation Succeeded                  0 / 0                 0 / 3                 0 / 3                 0 / 3           ops/s
[2023-11-16T15:09:45.587+0800][gc,stats    ]      Memory: Undo Page Allocation                              0 / 0                 0 / 0                 0 / 0                 0 / 0           ops/s
[2023-11-16T15:09:45.587+0800][gc,stats    ]       Phase: Concurrent Mark                               0.000 / 0.000        21.531 / 24.050       21.531 / 24.050       21.531 / 24.050      ms
[2023-11-16T15:09:45.587+0800][gc,stats    ]       Phase: Concurrent Mark Continue                      0.000 / 0.000         0.000 / 0.000         0.000 / 0.000         0.000 / 0.000       ms
[2023-11-16T15:09:45.587+0800][gc,stats    ]       Phase: Concurrent Mark Free                          0.000 / 0.000         0.001 / 0.001         0.001 / 0.001         0.001 / 0.001       ms
[2023-11-16T15:09:45.587+0800][gc,stats    ]       Phase: Concurrent Process Non-Strong References      0.000 / 0.000         1.995 / 2.420         1.995 / 2.420         1.995 / 2.420       ms
[2023-11-16T15:09:45.587+0800][gc,stats    ]       Phase: Concurrent Relocate                           0.000 / 0.000         2.883 / 2.961         2.883 / 2.961         2.883 / 2.961       ms
[2023-11-16T15:09:45.587+0800][gc,stats    ]       Phase: Concurrent Reset Relocation Set               0.000 / 0.000         0.002 / 0.004         0.002 / 0.004         0.002 / 0.004       ms
[2023-11-16T15:09:45.587+0800][gc,stats    ]       Phase: Concurrent Select Relocation Set              0.000 / 0.000         4.861 / 8.184         4.861 / 8.184         4.861 / 8.184       ms
[2023-11-16T15:09:45.587+0800][gc,stats    ]       Phase: Pause Mark End                                0.000 / 0.000         0.017 / 0.019         0.017 / 0.019         0.017 / 0.019       ms
[2023-11-16T15:09:45.587+0800][gc,stats    ]       Phase: Pause Mark Start                              0.000 / 0.000         0.023 / 0.031         0.023 / 0.031         0.023 / 0.031       ms
[2023-11-16T15:09:45.587+0800][gc,stats    ]       Phase: Pause Relocate Start                          0.000 / 0.000         0.009 / 0.009         0.009 / 0.009         0.009 / 0.009       ms
[2023-11-16T15:09:45.587+0800][gc,stats    ]    Subphase: Concurrent Classes Purge                      0.000 / 0.000         0.066 / 0.071         0.066 / 0.071         0.066 / 0.071       ms
[2023-11-16T15:09:45.587+0800][gc,stats    ]    Subphase: Concurrent Classes Unlink                     0.000 / 0.000         1.264 / 1.492         1.264 / 1.492         1.264 / 1.492       ms
[2023-11-16T15:09:45.587+0800][gc,stats    ]    Subphase: Concurrent Mark                               0.000 / 0.000        18.504 / 22.997       18.504 / 22.997       18.504 / 22.997      ms
[2023-11-16T15:09:45.587+0800][gc,stats    ]    Subphase: Concurrent Mark Try Flush                     0.000 / 0.000         0.201 / 0.455         0.201 / 0.455         0.201 / 0.455       ms
[2023-11-16T15:09:45.587+0800][gc,stats    ]    Subphase: Concurrent Mark Try Terminate                 0.000 / 0.000         4.353 / 12.985        4.353 / 12.985        4.353 / 12.985      ms
[2023-11-16T15:09:45.587+0800][gc,stats    ]    Subphase: Concurrent References Enqueue                 0.000 / 0.000         0.004 / 0.004         0.004 / 0.004         0.004 / 0.004       ms
[2023-11-16T15:09:45.587+0800][gc,stats    ]    Subphase: Concurrent References Process                 0.000 / 0.000         0.104 / 0.123         0.104 / 0.123         0.104 / 0.123       ms
[2023-11-16T15:09:45.587+0800][gc,stats    ]    Subphase: Concurrent Roots ClassLoaderDataGraph         0.000 / 0.000         0.107 / 0.428         0.107 / 0.428         0.107 / 0.428       ms
[2023-11-16T15:09:45.587+0800][gc,stats    ]    Subphase: Concurrent Roots CodeCache                    0.000 / 0.000         0.000 / 0.000         0.000 / 0.000         0.000 / 0.000       ms
[2023-11-16T15:09:45.587+0800][gc,stats    ]    Subphase: Concurrent Roots JavaThreads                  0.000 / 0.000         1.013 / 1.707         1.013 / 1.707         1.013 / 1.707       ms
[2023-11-16T15:09:45.587+0800][gc,stats    ]    Subphase: Concurrent Roots OopStorageSet                0.000 / 0.000         0.146 / 0.289         0.146 / 0.289         0.146 / 0.289       ms
[2023-11-16T15:09:45.587+0800][gc,stats    ]    Subphase: Concurrent Weak Roots OopStorageSet           0.000 / 0.000         0.440 / 0.670         0.440 / 0.670         0.440 / 0.670       ms
[2023-11-16T15:09:45.587+0800][gc,stats    ]    Subphase: Pause Mark Try Complete                       0.000 / 0.000         0.000 / 0.000         0.000 / 0.000         0.000 / 0.000       ms
[2023-11-16T15:09:45.587+0800][gc,stats    ]      System: Java Threads                                      0 / 0                34 / 47               34 / 47               34 / 47          threads
[2023-11-16T15:09:45.587+0800][gc,stats    ] =========================================================================================================================================================
[2023-11-16T15:09:55.576+0800][gc,stats    ] === Garbage Collection Statistics =======================================================================================================================
[2023-11-16T15:09:55.576+0800][gc,stats    ]                                                              Last 10s              Last 10m              Last 10h                Total
[2023-11-16T15:09:55.576+0800][gc,stats    ]                                                              Avg / Max             Avg / Max             Avg / Max             Avg / Max
[2023-11-16T15:09:55.576+0800][gc,stats    ]   Collector: Garbage Collection Cycle                      0.000 / 0.000        32.129 / 37.536       32.129 / 37.536       32.129 / 37.536      ms
[2023-11-16T15:09:55.576+0800][gc,stats    ]  Contention: Mark Segment Reset Contention                     0 / 0                 0 / 3                 0 / 3                 0 / 3           ops/s
[2023-11-16T15:09:55.576+0800][gc,stats    ]  Contention: Mark SeqNum Reset Contention                      0 / 0                 0 / 0                 0 / 0                 0 / 0           ops/s
[2023-11-16T15:09:55.576+0800][gc,stats    ]    Critical: Allocation Stall                                  0 / 0                 0 / 0                 0 / 0                 0 / 0           ops/s
[2023-11-16T15:09:55.576+0800][gc,stats    ]    Critical: Allocation Stall                              0.000 / 0.000         0.000 / 0.000         0.000 / 0.000         0.000 / 0.000       ms
[2023-11-16T15:09:55.576+0800][gc,stats    ]    Critical: GC Locker Stall                                   0 / 0                 0 / 0                 0 / 0                 0 / 0           ops/s
[2023-11-16T15:09:55.576+0800][gc,stats    ]    Critical: GC Locker Stall                               0.000 / 0.000         0.000 / 0.000         0.000 / 0.000         0.000 / 0.000       ms
[2023-11-16T15:09:55.576+0800][gc,stats    ]    Critical: Relocation Stall                                  0 / 0                 0 / 0                 0 / 0                 0 / 0           ops/s
[2023-11-16T15:09:55.576+0800][gc,stats    ]    Critical: Relocation Stall                              0.000 / 0.000         0.000 / 0.000         0.000 / 0.000         0.000 / 0.000       ms
[2023-11-16T15:09:55.576+0800][gc,stats    ]      Memory: Allocation Rate                                   0 / 2                 0 / 82                0 / 82                0 / 82          MB/s
[2023-11-16T15:09:55.576+0800][gc,stats    ]      Memory: Defragment                                        0 / 0                 0 / 0                 0 / 0                 0 / 0           ops/s
[2023-11-16T15:09:55.576+0800][gc,stats    ]      Memory: Out Of Memory                                     0 / 0                 0 / 0                 0 / 0                 0 / 0           ops/s
[2023-11-16T15:09:55.576+0800][gc,stats    ]      Memory: Page Cache Flush                                  0 / 0                 0 / 0                 0 / 0                 0 / 0           MB/s
[2023-11-16T15:09:55.576+0800][gc,stats    ]      Memory: Page Cache Hit L1                                 0 / 1                 0 / 33                0 / 33                0 / 33          ops/s
[2023-11-16T15:09:55.576+0800][gc,stats    ]      Memory: Page Cache Hit L2                                 0 / 0                 0 / 0                 0 / 0                 0 / 0           ops/s
[2023-11-16T15:09:55.576+0800][gc,stats    ]      Memory: Page Cache Hit L3                                 0 / 0                 0 / 41                0 / 41                0 / 41          ops/s
[2023-11-16T15:09:55.576+0800][gc,stats    ]      Memory: Page Cache Miss                                   0 / 0                 0 / 1                 0 / 1                 0 / 1           ops/s
[2023-11-16T15:09:55.576+0800][gc,stats    ]      Memory: Uncommit                                          0 / 0                 0 / 0                 0 / 0                 0 / 0           MB/s
[2023-11-16T15:09:55.576+0800][gc,stats    ]      Memory: Undo Object Allocation Failed                     0 / 0                 0 / 0                 0 / 0                 0 / 0           ops/s
[2023-11-16T15:09:55.576+0800][gc,stats    ]      Memory: Undo Object Allocation Succeeded                  0 / 0                 0 / 3                 0 / 3                 0 / 3           ops/s
[2023-11-16T15:09:55.576+0800][gc,stats    ]      Memory: Undo Page Allocation                              0 / 0                 0 / 0                 0 / 0                 0 / 0           ops/s
[2023-11-16T15:09:55.576+0800][gc,stats    ]       Phase: Concurrent Mark                               0.000 / 0.000        21.531 / 24.050       21.531 / 24.050       21.531 / 24.050      ms
[2023-11-16T15:09:55.576+0800][gc,stats    ]       Phase: Concurrent Mark Continue                      0.000 / 0.000         0.000 / 0.000         0.000 / 0.000         0.000 / 0.000       ms
[2023-11-16T15:09:55.576+0800][gc,stats    ]       Phase: Concurrent Mark Free                          0.000 / 0.000         0.001 / 0.001         0.001 / 0.001         0.001 / 0.001       ms
[2023-11-16T15:09:55.576+0800][gc,stats    ]       Phase: Concurrent Process Non-Strong References      0.000 / 0.000         1.995 / 2.420         1.995 / 2.420         1.995 / 2.420       ms
[2023-11-16T15:09:55.576+0800][gc,stats    ]       Phase: Concurrent Relocate                           0.000 / 0.000         2.883 / 2.961         2.883 / 2.961         2.883 / 2.961       ms
[2023-11-16T15:09:55.576+0800][gc,stats    ]       Phase: Concurrent Reset Relocation Set               0.000 / 0.000         0.002 / 0.004         0.002 / 0.004         0.002 / 0.004       ms
[2023-11-16T15:09:55.576+0800][gc,stats    ]       Phase: Concurrent Select Relocation Set              0.000 / 0.000         4.861 / 8.184         4.861 / 8.184         4.861 / 8.184       ms
[2023-11-16T15:09:55.576+0800][gc,stats    ]       Phase: Pause Mark End                                0.000 / 0.000         0.017 / 0.019         0.017 / 0.019         0.017 / 0.019       ms
[2023-11-16T15:09:55.576+0800][gc,stats    ]       Phase: Pause Mark Start                              0.000 / 0.000         0.023 / 0.031         0.023 / 0.031         0.023 / 0.031       ms
[2023-11-16T15:09:55.576+0800][gc,stats    ]       Phase: Pause Relocate Start                          0.000 / 0.000         0.009 / 0.009         0.009 / 0.009         0.009 / 0.009       ms
[2023-11-16T15:09:55.576+0800][gc,stats    ]    Subphase: Concurrent Classes Purge                      0.000 / 0.000         0.066 / 0.071         0.066 / 0.071         0.066 / 0.071       ms
[2023-11-16T15:09:55.576+0800][gc,stats    ]    Subphase: Concurrent Classes Unlink                     0.000 / 0.000         1.264 / 1.492         1.264 / 1.492         1.264 / 1.492       ms
[2023-11-16T15:09:55.576+0800][gc,stats    ]    Subphase: Concurrent Mark                               0.000 / 0.000        18.504 / 22.997       18.504 / 22.997       18.504 / 22.997      ms
[2023-11-16T15:09:55.576+0800][gc,stats    ]    Subphase: Concurrent Mark Try Flush                     0.000 / 0.000         0.201 / 0.455         0.201 / 0.455         0.201 / 0.455       ms
[2023-11-16T15:09:55.576+0800][gc,stats    ]    Subphase: Concurrent Mark Try Terminate                 0.000 / 0.000         4.353 / 12.985        4.353 / 12.985        4.353 / 12.985      ms
[2023-11-16T15:09:55.576+0800][gc,stats    ]    Subphase: Concurrent References Enqueue                 0.000 / 0.000         0.004 / 0.004         0.004 / 0.004         0.004 / 0.004       ms
[2023-11-16T15:09:55.576+0800][gc,stats    ]    Subphase: Concurrent References Process                 0.000 / 0.000         0.104 / 0.123         0.104 / 0.123         0.104 / 0.123       ms
[2023-11-16T15:09:55.576+0800][gc,stats    ]    Subphase: Concurrent Roots ClassLoaderDataGraph         0.000 / 0.000         0.107 / 0.428         0.107 / 0.428         0.107 / 0.428       ms
[2023-11-16T15:09:55.576+0800][gc,stats    ]    Subphase: Concurrent Roots CodeCache                    0.000 / 0.000         0.000 / 0.000         0.000 / 0.000         0.000 / 0.000       ms
[2023-11-16T15:09:55.576+0800][gc,stats    ]    Subphase: Concurrent Roots JavaThreads                  0.000 / 0.000         1.013 / 1.707         1.013 / 1.707         1.013 / 1.707       ms
[2023-11-16T15:09:55.576+0800][gc,stats    ]    Subphase: Concurrent Roots OopStorageSet                0.000 / 0.000         0.146 / 0.289         0.146 / 0.289         0.146 / 0.289       ms
[2023-11-16T15:09:55.576+0800][gc,stats    ]    Subphase: Concurrent Weak Roots OopStorageSet           0.000 / 0.000         0.440 / 0.670         0.440 / 0.670         0.440 / 0.670       ms
[2023-11-16T15:09:55.576+0800][gc,stats    ]    Subphase: Pause Mark Try Complete                       0.000 / 0.000         0.000 / 0.000         0.000 / 0.000         0.000 / 0.000       ms
[2023-11-16T15:09:55.576+0800][gc,stats    ]      System: Java Threads                                      0 / 0                34 / 47               34 / 47               34 / 47          threads
[2023-11-16T15:09:55.576+0800][gc,stats    ] =========================================================================================================================================================
[2023-11-16T15:10:05.576+0800][gc,stats    ] === Garbage Collection Statistics =======================================================================================================================
[2023-11-16T15:10:05.576+0800][gc,stats    ]                                                              Last 10s              Last 10m              Last 10h                Total
[2023-11-16T15:10:05.576+0800][gc,stats    ]                                                              Avg / Max             Avg / Max             Avg / Max             Avg / Max
[2023-11-16T15:10:05.576+0800][gc,stats    ]   Collector: Garbage Collection Cycle                      0.000 / 0.000        32.129 / 37.536       32.129 / 37.536       32.129 / 37.536      ms
[2023-11-16T15:10:05.576+0800][gc,stats    ]  Contention: Mark Segment Reset Contention                     0 / 0                 0 / 3                 0 / 3                 0 / 3           ops/s
[2023-11-16T15:10:05.576+0800][gc,stats    ]  Contention: Mark SeqNum Reset Contention                      0 / 0                 0 / 0                 0 / 0                 0 / 0           ops/s
[2023-11-16T15:10:05.576+0800][gc,stats    ]    Critical: Allocation Stall                                  0 / 0                 0 / 0                 0 / 0                 0 / 0           ops/s
[2023-11-16T15:10:05.576+0800][gc,stats    ]    Critical: Allocation Stall                              0.000 / 0.000         0.000 / 0.000         0.000 / 0.000         0.000 / 0.000       ms
[2023-11-16T15:10:05.576+0800][gc,stats    ]    Critical: GC Locker Stall                                   0 / 0                 0 / 0                 0 / 0                 0 / 0           ops/s
[2023-11-16T15:10:05.576+0800][gc,stats    ]    Critical: GC Locker Stall                               0.000 / 0.000         0.000 / 0.000         0.000 / 0.000         0.000 / 0.000       ms
[2023-11-16T15:10:05.576+0800][gc,stats    ]    Critical: Relocation Stall                                  0 / 0                 0 / 0                 0 / 0                 0 / 0           ops/s
[2023-11-16T15:10:05.576+0800][gc,stats    ]    Critical: Relocation Stall                              0.000 / 0.000         0.000 / 0.000         0.000 / 0.000         0.000 / 0.000       ms
[2023-11-16T15:10:05.576+0800][gc,stats    ]      Memory: Allocation Rate                                   0 / 2                 0 / 82                0 / 82                0 / 82          MB/s
[2023-11-16T15:10:05.576+0800][gc,stats    ]      Memory: Defragment                                        0 / 0                 0 / 0                 0 / 0                 0 / 0           ops/s
[2023-11-16T15:10:05.576+0800][gc,stats    ]      Memory: Out Of Memory                                     0 / 0                 0 / 0                 0 / 0                 0 / 0           ops/s
[2023-11-16T15:10:05.576+0800][gc,stats    ]      Memory: Page Cache Flush                                  0 / 0                 0 / 0                 0 / 0                 0 / 0           MB/s
[2023-11-16T15:10:05.576+0800][gc,stats    ]      Memory: Page Cache Hit L1                                 0 / 1                 0 / 33                0 / 33                0 / 33          ops/s
[2023-11-16T15:10:05.576+0800][gc,stats    ]      Memory: Page Cache Hit L2                                 0 / 0                 0 / 0                 0 / 0                 0 / 0           ops/s
[2023-11-16T15:10:05.576+0800][gc,stats    ]      Memory: Page Cache Hit L3                                 0 / 0                 0 / 41                0 / 41                0 / 41          ops/s
[2023-11-16T15:10:05.576+0800][gc,stats    ]      Memory: Page Cache Miss                                   0 / 0                 0 / 1                 0 / 1                 0 / 1           ops/s
[2023-11-16T15:10:05.576+0800][gc,stats    ]      Memory: Uncommit                                          0 / 0                 0 / 0                 0 / 0                 0 / 0           MB/s
[2023-11-16T15:10:05.576+0800][gc,stats    ]      Memory: Undo Object Allocation Failed                     0 / 0                 0 / 0                 0 / 0                 0 / 0           ops/s
[2023-11-16T15:10:05.576+0800][gc,stats    ]      Memory: Undo Object Allocation Succeeded                  0 / 0                 0 / 3                 0 / 3                 0 / 3           ops/s
[2023-11-16T15:10:05.576+0800][gc,stats    ]      Memory: Undo Page Allocation                              0 / 0                 0 / 0                 0 / 0                 0 / 0           ops/s
[2023-11-16T15:10:05.576+0800][gc,stats    ]       Phase: Concurrent Mark                               0.000 / 0.000        21.531 / 24.050       21.531 / 24.050       21.531 / 24.050      ms
[2023-11-16T15:10:05.576+0800][gc,stats    ]       Phase: Concurrent Mark Continue                      0.000 / 0.000         0.000 / 0.000         0.000 / 0.000         0.000 / 0.000       ms
[2023-11-16T15:10:05.576+0800][gc,stats    ]       Phase: Concurrent Mark Free                          0.000 / 0.000         0.001 / 0.001         0.001 / 0.001         0.001 / 0.001       ms
[2023-11-16T15:10:05.576+0800][gc,stats    ]       Phase: Concurrent Process Non-Strong References      0.000 / 0.000         1.995 / 2.420         1.995 / 2.420         1.995 / 2.420       ms
[2023-11-16T15:10:05.576+0800][gc,stats    ]       Phase: Concurrent Relocate                           0.000 / 0.000         2.883 / 2.961         2.883 / 2.961         2.883 / 2.961       ms
[2023-11-16T15:10:05.576+0800][gc,stats    ]       Phase: Concurrent Reset Relocation Set               0.000 / 0.000         0.002 / 0.004         0.002 / 0.004         0.002 / 0.004       ms
[2023-11-16T15:10:05.576+0800][gc,stats    ]       Phase: Concurrent Select Relocation Set              0.000 / 0.000         4.861 / 8.184         4.861 / 8.184         4.861 / 8.184       ms
[2023-11-16T15:10:05.576+0800][gc,stats    ]       Phase: Pause Mark End                                0.000 / 0.000         0.017 / 0.019         0.017 / 0.019         0.017 / 0.019       ms
[2023-11-16T15:10:05.576+0800][gc,stats    ]       Phase: Pause Mark Start                              0.000 / 0.000         0.023 / 0.031         0.023 / 0.031         0.023 / 0.031       ms
[2023-11-16T15:10:05.576+0800][gc,stats    ]       Phase: Pause Relocate Start                          0.000 / 0.000         0.009 / 0.009         0.009 / 0.009         0.009 / 0.009       ms
[2023-11-16T15:10:05.576+0800][gc,stats    ]    Subphase: Concurrent Classes Purge                      0.000 / 0.000         0.066 / 0.071         0.066 / 0.071         0.066 / 0.071       ms
[2023-11-16T15:10:05.576+0800][gc,stats    ]    Subphase: Concurrent Classes Unlink                     0.000 / 0.000         1.264 / 1.492         1.264 / 1.492         1.264 / 1.492       ms
[2023-11-16T15:10:05.576+0800][gc,stats    ]    Subphase: Concurrent Mark                               0.000 / 0.000        18.504 / 22.997       18.504 / 22.997       18.504 / 22.997      ms
[2023-11-16T15:10:05.576+0800][gc,stats    ]    Subphase: Concurrent Mark Try Flush                     0.000 / 0.000         0.201 / 0.455         0.201 / 0.455         0.201 / 0.455       ms
[2023-11-16T15:10:05.576+0800][gc,stats    ]    Subphase: Concurrent Mark Try Terminate                 0.000 / 0.000         4.353 / 12.985        4.353 / 12.985        4.353 / 12.985      ms
[2023-11-16T15:10:05.576+0800][gc,stats    ]    Subphase: Concurrent References Enqueue                 0.000 / 0.000         0.004 / 0.004         0.004 / 0.004         0.004 / 0.004       ms
[2023-11-16T15:10:05.576+0800][gc,stats    ]    Subphase: Concurrent References Process                 0.000 / 0.000         0.104 / 0.123         0.104 / 0.123         0.104 / 0.123       ms
[2023-11-16T15:10:05.576+0800][gc,stats    ]    Subphase: Concurrent Roots ClassLoaderDataGraph         0.000 / 0.000         0.107 / 0.428         0.107 / 0.428         0.107 / 0.428       ms
[2023-11-16T15:10:05.576+0800][gc,stats    ]    Subphase: Concurrent Roots CodeCache                    0.000 / 0.000         0.000 / 0.000         0.000 / 0.000         0.000 / 0.000       ms
[2023-11-16T15:10:05.576+0800][gc,stats    ]    Subphase: Concurrent Roots JavaThreads                  0.000 / 0.000         1.013 / 1.707         1.013 / 1.707         1.013 / 1.707       ms
[2023-11-16T15:10:05.576+0800][gc,stats    ]    Subphase: Concurrent Roots OopStorageSet                0.000 / 0.000         0.146 / 0.289         0.146 / 0.289         0.146 / 0.289       ms
[2023-11-16T15:10:05.576+0800][gc,stats    ]    Subphase: Concurrent Weak Roots OopStorageSet           0.000 / 0.000         0.440 / 0.670         0.440 / 0.670         0.440 / 0.670       ms
[2023-11-16T15:10:05.576+0800][gc,stats    ]    Subphase: Pause Mark Try Complete                       0.000 / 0.000         0.000 / 0.000         0.000 / 0.000         0.000 / 0.000       ms
[2023-11-16T15:10:05.576+0800][gc,stats    ]      System: Java Threads                                      0 / 0                34 / 47               34 / 47               34 / 47          threads
[2023-11-16T15:10:05.577+0800][gc,stats    ] =========================================================================================================================================================
[2023-11-16T15:10:15.581+0800][gc,stats    ] === Garbage Collection Statistics =======================================================================================================================
[2023-11-16T15:10:15.581+0800][gc,stats    ]                                                              Last 10s              Last 10m              Last 10h                Total
[2023-11-16T15:10:15.581+0800][gc,stats    ]                                                              Avg / Max             Avg / Max             Avg / Max             Avg / Max
[2023-11-16T15:10:15.581+0800][gc,stats    ]   Collector: Garbage Collection Cycle                      0.000 / 0.000        32.129 / 37.536       32.129 / 37.536       32.129 / 37.536      ms
[2023-11-16T15:10:15.581+0800][gc,stats    ]  Contention: Mark Segment Reset Contention                     0 / 0                 0 / 3                 0 / 3                 0 / 3           ops/s
[2023-11-16T15:10:15.581+0800][gc,stats    ]  Contention: Mark SeqNum Reset Contention                      0 / 0                 0 / 0                 0 / 0                 0 / 0           ops/s
[2023-11-16T15:10:15.581+0800][gc,stats    ]    Critical: Allocation Stall                                  0 / 0                 0 / 0                 0 / 0                 0 / 0           ops/s
[2023-11-16T15:10:15.581+0800][gc,stats    ]    Critical: Allocation Stall                              0.000 / 0.000         0.000 / 0.000         0.000 / 0.000         0.000 / 0.000       ms
[2023-11-16T15:10:15.581+0800][gc,stats    ]    Critical: GC Locker Stall                                   0 / 0                 0 / 0                 0 / 0                 0 / 0           ops/s
[2023-11-16T15:10:15.581+0800][gc,stats    ]    Critical: GC Locker Stall                               0.000 / 0.000         0.000 / 0.000         0.000 / 0.000         0.000 / 0.000       ms
[2023-11-16T15:10:15.581+0800][gc,stats    ]    Critical: Relocation Stall                                  0 / 0                 0 / 0                 0 / 0                 0 / 0           ops/s
[2023-11-16T15:10:15.581+0800][gc,stats    ]    Critical: Relocation Stall                              0.000 / 0.000         0.000 / 0.000         0.000 / 0.000         0.000 / 0.000       ms
[2023-11-16T15:10:15.581+0800][gc,stats    ]      Memory: Allocation Rate                                   0 / 0                 0 / 82                0 / 82                0 / 82          MB/s
[2023-11-16T15:10:15.581+0800][gc,stats    ]      Memory: Defragment                                        0 / 0                 0 / 0                 0 / 0                 0 / 0           ops/s
[2023-11-16T15:10:15.581+0800][gc,stats    ]      Memory: Out Of Memory                                     0 / 0                 0 / 0                 0 / 0                 0 / 0           ops/s
[2023-11-16T15:10:15.581+0800][gc,stats    ]      Memory: Page Cache Flush                                  0 / 0                 0 / 0                 0 / 0                 0 / 0           MB/s
[2023-11-16T15:10:15.581+0800][gc,stats    ]      Memory: Page Cache Hit L1                                 0 / 0                 0 / 33                0 / 33                0 / 33          ops/s
[2023-11-16T15:10:15.581+0800][gc,stats    ]      Memory: Page Cache Hit L2                                 0 / 0                 0 / 0                 0 / 0                 0 / 0           ops/s
[2023-11-16T15:10:15.581+0800][gc,stats    ]      Memory: Page Cache Hit L3                                 0 / 0                 0 / 41                0 / 41                0 / 41          ops/s
[2023-11-16T15:10:15.581+0800][gc,stats    ]      Memory: Page Cache Miss                                   0 / 0                 0 / 1                 0 / 1                 0 / 1           ops/s
[2023-11-16T15:10:15.581+0800][gc,stats    ]      Memory: Uncommit                                          0 / 0                 0 / 0                 0 / 0                 0 / 0           MB/s
[2023-11-16T15:10:15.581+0800][gc,stats    ]      Memory: Undo Object Allocation Failed                     0 / 0                 0 / 0                 0 / 0                 0 / 0           ops/s
[2023-11-16T15:10:15.581+0800][gc,stats    ]      Memory: Undo Object Allocation Succeeded                  0 / 0                 0 / 3                 0 / 3                 0 / 3           ops/s
[2023-11-16T15:10:15.581+0800][gc,stats    ]      Memory: Undo Page Allocation                              0 / 0                 0 / 0                 0 / 0                 0 / 0           ops/s
[2023-11-16T15:10:15.581+0800][gc,stats    ]       Phase: Concurrent Mark                               0.000 / 0.000        21.531 / 24.050       21.531 / 24.050       21.531 / 24.050      ms
[2023-11-16T15:10:15.581+0800][gc,stats    ]       Phase: Concurrent Mark Continue                      0.000 / 0.000         0.000 / 0.000         0.000 / 0.000         0.000 / 0.000       ms
[2023-11-16T15:10:15.581+0800][gc,stats    ]       Phase: Concurrent Mark Free                          0.000 / 0.000         0.001 / 0.001         0.001 / 0.001         0.001 / 0.001       ms
[2023-11-16T15:10:15.581+0800][gc,stats    ]       Phase: Concurrent Process Non-Strong References      0.000 / 0.000         1.995 / 2.420         1.995 / 2.420         1.995 / 2.420       ms
[2023-11-16T15:10:15.581+0800][gc,stats    ]       Phase: Concurrent Relocate                           0.000 / 0.000         2.883 / 2.961         2.883 / 2.961         2.883 / 2.961       ms
[2023-11-16T15:10:15.581+0800][gc,stats    ]       Phase: Concurrent Reset Relocation Set               0.000 / 0.000         0.002 / 0.004         0.002 / 0.004         0.002 / 0.004       ms
[2023-11-16T15:10:15.581+0800][gc,stats    ]       Phase: Concurrent Select Relocation Set              0.000 / 0.000         4.861 / 8.184         4.861 / 8.184         4.861 / 8.184       ms
[2023-11-16T15:10:15.581+0800][gc,stats    ]       Phase: Pause Mark End                                0.000 / 0.000         0.017 / 0.019         0.017 / 0.019         0.017 / 0.019       ms
[2023-11-16T15:10:15.581+0800][gc,stats    ]       Phase: Pause Mark Start                              0.000 / 0.000         0.023 / 0.031         0.023 / 0.031         0.023 / 0.031       ms
[2023-11-16T15:10:15.581+0800][gc,stats    ]       Phase: Pause Relocate Start                          0.000 / 0.000         0.009 / 0.009         0.009 / 0.009         0.009 / 0.009       ms
[2023-11-16T15:10:15.581+0800][gc,stats    ]    Subphase: Concurrent Classes Purge                      0.000 / 0.000         0.066 / 0.071         0.066 / 0.071         0.066 / 0.071       ms
[2023-11-16T15:10:15.581+0800][gc,stats    ]    Subphase: Concurrent Classes Unlink                     0.000 / 0.000         1.264 / 1.492         1.264 / 1.492         1.264 / 1.492       ms
[2023-11-16T15:10:15.581+0800][gc,stats    ]    Subphase: Concurrent Mark                               0.000 / 0.000        18.504 / 22.997       18.504 / 22.997       18.504 / 22.997      ms
[2023-11-16T15:10:15.581+0800][gc,stats    ]    Subphase: Concurrent Mark Try Flush                     0.000 / 0.000         0.201 / 0.455         0.201 / 0.455         0.201 / 0.455       ms
[2023-11-16T15:10:15.581+0800][gc,stats    ]    Subphase: Concurrent Mark Try Terminate                 0.000 / 0.000         4.353 / 12.985        4.353 / 12.985        4.353 / 12.985      ms
[2023-11-16T15:10:15.581+0800][gc,stats    ]    Subphase: Concurrent References Enqueue                 0.000 / 0.000         0.004 / 0.004         0.004 / 0.004         0.004 / 0.004       ms
[2023-11-16T15:10:15.581+0800][gc,stats    ]    Subphase: Concurrent References Process                 0.000 / 0.000         0.104 / 0.123         0.104 / 0.123         0.104 / 0.123       ms
[2023-11-16T15:10:15.581+0800][gc,stats    ]    Subphase: Concurrent Roots ClassLoaderDataGraph         0.000 / 0.000         0.107 / 0.428         0.107 / 0.428         0.107 / 0.428       ms
[2023-11-16T15:10:15.581+0800][gc,stats    ]    Subphase: Concurrent Roots CodeCache                    0.000 / 0.000         0.000 / 0.000         0.000 / 0.000         0.000 / 0.000       ms
[2023-11-16T15:10:15.581+0800][gc,stats    ]    Subphase: Concurrent Roots JavaThreads                  0.000 / 0.000         1.013 / 1.707         1.013 / 1.707         1.013 / 1.707       ms
[2023-11-16T15:10:15.581+0800][gc,stats    ]    Subphase: Concurrent Roots OopStorageSet                0.000 / 0.000         0.146 / 0.289         0.146 / 0.289         0.146 / 0.289       ms
[2023-11-16T15:10:15.581+0800][gc,stats    ]    Subphase: Concurrent Weak Roots OopStorageSet           0.000 / 0.000         0.440 / 0.670         0.440 / 0.670         0.440 / 0.670       ms
[2023-11-16T15:10:15.581+0800][gc,stats    ]    Subphase: Pause Mark Try Complete                       0.000 / 0.000         0.000 / 0.000         0.000 / 0.000         0.000 / 0.000       ms
[2023-11-16T15:10:15.581+0800][gc,stats    ]      System: Java Threads                                      0 / 0                34 / 47               34 / 47               34 / 47          threads
[2023-11-16T15:10:15.581+0800][gc,stats    ] =========================================================================================================================================================
[2023-11-16T15:10:25.576+0800][gc,stats    ] === Garbage Collection Statistics =======================================================================================================================
[2023-11-16T15:10:25.576+0800][gc,stats    ]                                                              Last 10s              Last 10m              Last 10h                Total
[2023-11-16T15:10:25.576+0800][gc,stats    ]                                                              Avg / Max             Avg / Max             Avg / Max             Avg / Max
[2023-11-16T15:10:25.576+0800][gc,stats    ]   Collector: Garbage Collection Cycle                      0.000 / 0.000        32.129 / 37.536       32.129 / 37.536       32.129 / 37.536      ms
[2023-11-16T15:10:25.576+0800][gc,stats    ]  Contention: Mark Segment Reset Contention                     0 / 0                 0 / 3                 0 / 3                 0 / 3           ops/s
[2023-11-16T15:10:25.576+0800][gc,stats    ]  Contention: Mark SeqNum Reset Contention                      0 / 0                 0 / 0                 0 / 0                 0 / 0           ops/s
[2023-11-16T15:10:25.576+0800][gc,stats    ]    Critical: Allocation Stall                                  0 / 0                 0 / 0                 0 / 0                 0 / 0           ops/s
[2023-11-16T15:10:25.576+0800][gc,stats    ]    Critical: Allocation Stall                              0.000 / 0.000         0.000 / 0.000         0.000 / 0.000         0.000 / 0.000       ms
[2023-11-16T15:10:25.576+0800][gc,stats    ]    Critical: GC Locker Stall                                   0 / 0                 0 / 0                 0 / 0                 0 / 0           ops/s
[2023-11-16T15:10:25.576+0800][gc,stats    ]    Critical: GC Locker Stall                               0.000 / 0.000         0.000 / 0.000         0.000 / 0.000         0.000 / 0.000       ms
[2023-11-16T15:10:25.576+0800][gc,stats    ]    Critical: Relocation Stall                                  0 / 0                 0 / 0                 0 / 0                 0 / 0           ops/s
[2023-11-16T15:10:25.576+0800][gc,stats    ]    Critical: Relocation Stall                              0.000 / 0.000         0.000 / 0.000         0.000 / 0.000         0.000 / 0.000       ms
[2023-11-16T15:10:25.576+0800][gc,stats    ]      Memory: Allocation Rate                                   0 / 2                 0 / 82                0 / 82                0 / 82          MB/s
[2023-11-16T15:10:25.576+0800][gc,stats    ]      Memory: Defragment                                        0 / 0                 0 / 0                 0 / 0                 0 / 0           ops/s
[2023-11-16T15:10:25.576+0800][gc,stats    ]      Memory: Out Of Memory                                     0 / 0                 0 / 0                 0 / 0                 0 / 0           ops/s
[2023-11-16T15:10:25.576+0800][gc,stats    ]      Memory: Page Cache Flush                                  0 / 0                 0 / 0                 0 / 0                 0 / 0           MB/s
[2023-11-16T15:10:25.576+0800][gc,stats    ]      Memory: Page Cache Hit L1                                 0 / 1                 0 / 33                0 / 33                0 / 33          ops/s
[2023-11-16T15:10:25.576+0800][gc,stats    ]      Memory: Page Cache Hit L2                                 0 / 0                 0 / 0                 0 / 0                 0 / 0           ops/s
[2023-11-16T15:10:25.576+0800][gc,stats    ]      Memory: Page Cache Hit L3                                 0 / 0                 0 / 41                0 / 41                0 / 41          ops/s
[2023-11-16T15:10:25.576+0800][gc,stats    ]      Memory: Page Cache Miss                                   0 / 0                 0 / 1                 0 / 1                 0 / 1           ops/s
[2023-11-16T15:10:25.576+0800][gc,stats    ]      Memory: Uncommit                                          0 / 0                 0 / 0                 0 / 0                 0 / 0           MB/s
[2023-11-16T15:10:25.576+0800][gc,stats    ]      Memory: Undo Object Allocation Failed                     0 / 0                 0 / 0                 0 / 0                 0 / 0           ops/s
[2023-11-16T15:10:25.576+0800][gc,stats    ]      Memory: Undo Object Allocation Succeeded                  0 / 0                 0 / 3                 0 / 3                 0 / 3           ops/s
[2023-11-16T15:10:25.576+0800][gc,stats    ]      Memory: Undo Page Allocation                              0 / 0                 0 / 0                 0 / 0                 0 / 0           ops/s
[2023-11-16T15:10:25.576+0800][gc,stats    ]       Phase: Concurrent Mark                               0.000 / 0.000        21.531 / 24.050       21.531 / 24.050       21.531 / 24.050      ms
[2023-11-16T15:10:25.576+0800][gc,stats    ]       Phase: Concurrent Mark Continue                      0.000 / 0.000         0.000 / 0.000         0.000 / 0.000         0.000 / 0.000       ms
[2023-11-16T15:10:25.576+0800][gc,stats    ]       Phase: Concurrent Mark Free                          0.000 / 0.000         0.001 / 0.001         0.001 / 0.001         0.001 / 0.001       ms
[2023-11-16T15:10:25.576+0800][gc,stats    ]       Phase: Concurrent Process Non-Strong References      0.000 / 0.000         1.995 / 2.420         1.995 / 2.420         1.995 / 2.420       ms
[2023-11-16T15:10:25.576+0800][gc,stats    ]       Phase: Concurrent Relocate                           0.000 / 0.000         2.883 / 2.961         2.883 / 2.961         2.883 / 2.961       ms
[2023-11-16T15:10:25.576+0800][gc,stats    ]       Phase: Concurrent Reset Relocation Set               0.000 / 0.000         0.002 / 0.004         0.002 / 0.004         0.002 / 0.004       ms
[2023-11-16T15:10:25.576+0800][gc,stats    ]       Phase: Concurrent Select Relocation Set              0.000 / 0.000         4.861 / 8.184         4.861 / 8.184         4.861 / 8.184       ms
[2023-11-16T15:10:25.576+0800][gc,stats    ]       Phase: Pause Mark End                                0.000 / 0.000         0.017 / 0.019         0.017 / 0.019         0.017 / 0.019       ms
[2023-11-16T15:10:25.576+0800][gc,stats    ]       Phase: Pause Mark Start                              0.000 / 0.000         0.023 / 0.031         0.023 / 0.031         0.023 / 0.031       ms
[2023-11-16T15:10:25.576+0800][gc,stats    ]       Phase: Pause Relocate Start                          0.000 / 0.000         0.009 / 0.009         0.009 / 0.009         0.009 / 0.009       ms
[2023-11-16T15:10:25.576+0800][gc,stats    ]    Subphase: Concurrent Classes Purge                      0.000 / 0.000         0.066 / 0.071         0.066 / 0.071         0.066 / 0.071       ms
[2023-11-16T15:10:25.576+0800][gc,stats    ]    Subphase: Concurrent Classes Unlink                     0.000 / 0.000         1.264 / 1.492         1.264 / 1.492         1.264 / 1.492       ms
[2023-11-16T15:10:25.576+0800][gc,stats    ]    Subphase: Concurrent Mark                               0.000 / 0.000        18.504 / 22.997       18.504 / 22.997       18.504 / 22.997      ms
[2023-11-16T15:10:25.576+0800][gc,stats    ]    Subphase: Concurrent Mark Try Flush                     0.000 / 0.000         0.201 / 0.455         0.201 / 0.455         0.201 / 0.455       ms
[2023-11-16T15:10:25.576+0800][gc,stats    ]    Subphase: Concurrent Mark Try Terminate                 0.000 / 0.000         4.353 / 12.985        4.353 / 12.985        4.353 / 12.985      ms
[2023-11-16T15:10:25.576+0800][gc,stats    ]    Subphase: Concurrent References Enqueue                 0.000 / 0.000         0.004 / 0.004         0.004 / 0.004         0.004 / 0.004       ms
[2023-11-16T15:10:25.576+0800][gc,stats    ]    Subphase: Concurrent References Process                 0.000 / 0.000         0.104 / 0.123         0.104 / 0.123         0.104 / 0.123       ms
[2023-11-16T15:10:25.576+0800][gc,stats    ]    Subphase: Concurrent Roots ClassLoaderDataGraph         0.000 / 0.000         0.107 / 0.428         0.107 / 0.428         0.107 / 0.428       ms
[2023-11-16T15:10:25.576+0800][gc,stats    ]    Subphase: Concurrent Roots CodeCache                    0.000 / 0.000         0.000 / 0.000         0.000 / 0.000         0.000 / 0.000       ms
[2023-11-16T15:10:25.576+0800][gc,stats    ]    Subphase: Concurrent Roots JavaThreads                  0.000 / 0.000         1.013 / 1.707         1.013 / 1.707         1.013 / 1.707       ms
[2023-11-16T15:10:25.576+0800][gc,stats    ]    Subphase: Concurrent Roots OopStorageSet                0.000 / 0.000         0.146 / 0.289         0.146 / 0.289         0.146 / 0.289       ms
[2023-11-16T15:10:25.576+0800][gc,stats    ]    Subphase: Concurrent Weak Roots OopStorageSet           0.000 / 0.000         0.440 / 0.670         0.440 / 0.670         0.440 / 0.670       ms
[2023-11-16T15:10:25.576+0800][gc,stats    ]    Subphase: Pause Mark Try Complete                       0.000 / 0.000         0.000 / 0.000         0.000 / 0.000         0.000 / 0.000       ms
[2023-11-16T15:10:25.576+0800][gc,stats    ]      System: Java Threads                                      0 / 0                34 / 47               34 / 47               34 / 47          threads
[2023-11-16T15:10:25.576+0800][gc,stats    ] =========================================================================================================================================================
[2023-11-16T15:10:35.583+0800][gc,stats    ] === Garbage Collection Statistics =======================================================================================================================
[2023-11-16T15:10:35.583+0800][gc,stats    ]                                                              Last 10s              Last 10m              Last 10h                Total
[2023-11-16T15:10:35.583+0800][gc,stats    ]                                                              Avg / Max             Avg / Max             Avg / Max             Avg / Max
[2023-11-16T15:10:35.583+0800][gc,stats    ]   Collector: Garbage Collection Cycle                      0.000 / 0.000        32.129 / 37.536       32.129 / 37.536       32.129 / 37.536      ms
[2023-11-16T15:10:35.583+0800][gc,stats    ]  Contention: Mark Segment Reset Contention                     0 / 0                 0 / 3                 0 / 3                 0 / 3           ops/s
[2023-11-16T15:10:35.583+0800][gc,stats    ]  Contention: Mark SeqNum Reset Contention                      0 / 0                 0 / 0                 0 / 0                 0 / 0           ops/s
[2023-11-16T15:10:35.583+0800][gc,stats    ]    Critical: Allocation Stall                                  0 / 0                 0 / 0                 0 / 0                 0 / 0           ops/s
[2023-11-16T15:10:35.583+0800][gc,stats    ]    Critical: Allocation Stall                              0.000 / 0.000         0.000 / 0.000         0.000 / 0.000         0.000 / 0.000       ms
[2023-11-16T15:10:35.583+0800][gc,stats    ]    Critical: GC Locker Stall                                   0 / 0                 0 / 0                 0 / 0                 0 / 0           ops/s
[2023-11-16T15:10:35.583+0800][gc,stats    ]    Critical: GC Locker Stall                               0.000 / 0.000         0.000 / 0.000         0.000 / 0.000         0.000 / 0.000       ms
[2023-11-16T15:10:35.583+0800][gc,stats    ]    Critical: Relocation Stall                                  0 / 0                 0 / 0                 0 / 0                 0 / 0           ops/s
[2023-11-16T15:10:35.583+0800][gc,stats    ]    Critical: Relocation Stall                              0.000 / 0.000         0.000 / 0.000         0.000 / 0.000         0.000 / 0.000       ms
[2023-11-16T15:10:35.583+0800][gc,stats    ]      Memory: Allocation Rate                                   0 / 2                 0 / 82                0 / 82                0 / 82          MB/s
[2023-11-16T15:10:35.583+0800][gc,stats    ]      Memory: Defragment                                        0 / 0                 0 / 0                 0 / 0                 0 / 0           ops/s
[2023-11-16T15:10:35.583+0800][gc,stats    ]      Memory: Out Of Memory                                     0 / 0                 0 / 0                 0 / 0                 0 / 0           ops/s
[2023-11-16T15:10:35.583+0800][gc,stats    ]      Memory: Page Cache Flush                                  0 / 0                 0 / 0                 0 / 0                 0 / 0           MB/s
[2023-11-16T15:10:35.583+0800][gc,stats    ]      Memory: Page Cache Hit L1                                 0 / 1                 0 / 33                0 / 33                0 / 33          ops/s
[2023-11-16T15:10:35.583+0800][gc,stats    ]      Memory: Page Cache Hit L2                                 0 / 0                 0 / 0                 0 / 0                 0 / 0           ops/s
[2023-11-16T15:10:35.583+0800][gc,stats    ]      Memory: Page Cache Hit L3                                 0 / 0                 0 / 41                0 / 41                0 / 41          ops/s
[2023-11-16T15:10:35.583+0800][gc,stats    ]      Memory: Page Cache Miss                                   0 / 0                 0 / 1                 0 / 1                 0 / 1           ops/s
[2023-11-16T15:10:35.583+0800][gc,stats    ]      Memory: Uncommit                                          0 / 0                 0 / 0                 0 / 0                 0 / 0           MB/s
[2023-11-16T15:10:35.583+0800][gc,stats    ]      Memory: Undo Object Allocation Failed                     0 / 0                 0 / 0                 0 / 0                 0 / 0           ops/s
[2023-11-16T15:10:35.583+0800][gc,stats    ]      Memory: Undo Object Allocation Succeeded                  0 / 0                 0 / 3                 0 / 3                 0 / 3           ops/s
[2023-11-16T15:10:35.583+0800][gc,stats    ]      Memory: Undo Page Allocation                              0 / 0                 0 / 0                 0 / 0                 0 / 0           ops/s
[2023-11-16T15:10:35.583+0800][gc,stats    ]       Phase: Concurrent Mark                               0.000 / 0.000        21.531 / 24.050       21.531 / 24.050       21.531 / 24.050      ms
[2023-11-16T15:10:35.583+0800][gc,stats    ]       Phase: Concurrent Mark Continue                      0.000 / 0.000         0.000 / 0.000         0.000 / 0.000         0.000 / 0.000       ms
[2023-11-16T15:10:35.583+0800][gc,stats    ]       Phase: Concurrent Mark Free                          0.000 / 0.000         0.001 / 0.001         0.001 / 0.001         0.001 / 0.001       ms
[2023-11-16T15:10:35.583+0800][gc,stats    ]       Phase: Concurrent Process Non-Strong References      0.000 / 0.000         1.995 / 2.420         1.995 / 2.420         1.995 / 2.420       ms
[2023-11-16T15:10:35.583+0800][gc,stats    ]       Phase: Concurrent Relocate                           0.000 / 0.000         2.883 / 2.961         2.883 / 2.961         2.883 / 2.961       ms
[2023-11-16T15:10:35.583+0800][gc,stats    ]       Phase: Concurrent Reset Relocation Set               0.000 / 0.000         0.002 / 0.004         0.002 / 0.004         0.002 / 0.004       ms
[2023-11-16T15:10:35.583+0800][gc,stats    ]       Phase: Concurrent Select Relocation Set              0.000 / 0.000         4.861 / 8.184         4.861 / 8.184         4.861 / 8.184       ms
[2023-11-16T15:10:35.583+0800][gc,stats    ]       Phase: Pause Mark End                                0.000 / 0.000         0.017 / 0.019         0.017 / 0.019         0.017 / 0.019       ms
[2023-11-16T15:10:35.583+0800][gc,stats    ]       Phase: Pause Mark Start                              0.000 / 0.000         0.023 / 0.031         0.023 / 0.031         0.023 / 0.031       ms
[2023-11-16T15:10:35.583+0800][gc,stats    ]       Phase: Pause Relocate Start                          0.000 / 0.000         0.009 / 0.009         0.009 / 0.009         0.009 / 0.009       ms
[2023-11-16T15:10:35.583+0800][gc,stats    ]    Subphase: Concurrent Classes Purge                      0.000 / 0.000         0.066 / 0.071         0.066 / 0.071         0.066 / 0.071       ms
[2023-11-16T15:10:35.583+0800][gc,stats    ]    Subphase: Concurrent Classes Unlink                     0.000 / 0.000         1.264 / 1.492         1.264 / 1.492         1.264 / 1.492       ms
[2023-11-16T15:10:35.583+0800][gc,stats    ]    Subphase: Concurrent Mark                               0.000 / 0.000        18.504 / 22.997       18.504 / 22.997       18.504 / 22.997      ms
[2023-11-16T15:10:35.583+0800][gc,stats    ]    Subphase: Concurrent Mark Try Flush                     0.000 / 0.000         0.201 / 0.455         0.201 / 0.455         0.201 / 0.455       ms
[2023-11-16T15:10:35.583+0800][gc,stats    ]    Subphase: Concurrent Mark Try Terminate                 0.000 / 0.000         4.353 / 12.985        4.353 / 12.985        4.353 / 12.985      ms
[2023-11-16T15:10:35.583+0800][gc,stats    ]    Subphase: Concurrent References Enqueue                 0.000 / 0.000         0.004 / 0.004         0.004 / 0.004         0.004 / 0.004       ms
[2023-11-16T15:10:35.583+0800][gc,stats    ]    Subphase: Concurrent References Process                 0.000 / 0.000         0.104 / 0.123         0.104 / 0.123         0.104 / 0.123       ms
[2023-11-16T15:10:35.583+0800][gc,stats    ]    Subphase: Concurrent Roots ClassLoaderDataGraph         0.000 / 0.000         0.107 / 0.428         0.107 / 0.428         0.107 / 0.428       ms
[2023-11-16T15:10:35.583+0800][gc,stats    ]    Subphase: Concurrent Roots CodeCache                    0.000 / 0.000         0.000 / 0.000         0.000 / 0.000         0.000 / 0.000       ms
[2023-11-16T15:10:35.583+0800][gc,stats    ]    Subphase: Concurrent Roots JavaThreads                  0.000 / 0.000         1.013 / 1.707         1.013 / 1.707         1.013 / 1.707       ms
[2023-11-16T15:10:35.583+0800][gc,stats    ]    Subphase: Concurrent Roots OopStorageSet                0.000 / 0.000         0.146 / 0.289         0.146 / 0.289         0.146 / 0.289       ms
[2023-11-16T15:10:35.583+0800][gc,stats    ]    Subphase: Concurrent Weak Roots OopStorageSet           0.000 / 0.000         0.440 / 0.670         0.440 / 0.670         0.440 / 0.670       ms
[2023-11-16T15:10:35.583+0800][gc,stats    ]    Subphase: Pause Mark Try Complete                       0.000 / 0.000         0.000 / 0.000         0.000 / 0.000         0.000 / 0.000       ms
[2023-11-16T15:10:35.583+0800][gc,stats    ]      System: Java Threads                                      0 / 0                34 / 47               34 / 47               34 / 47          threads
[2023-11-16T15:10:35.583+0800][gc,stats    ] =========================================================================================================================================================
[2023-11-16T15:10:45.576+0800][gc,stats    ] === Garbage Collection Statistics =======================================================================================================================
[2023-11-16T15:10:45.576+0800][gc,stats    ]                                                              Last 10s              Last 10m              Last 10h                Total
[2023-11-16T15:10:45.576+0800][gc,stats    ]                                                              Avg / Max             Avg / Max             Avg / Max             Avg / Max
[2023-11-16T15:10:45.576+0800][gc,stats    ]   Collector: Garbage Collection Cycle                      0.000 / 0.000        32.129 / 37.536       32.129 / 37.536       32.129 / 37.536      ms
[2023-11-16T15:10:45.576+0800][gc,stats    ]  Contention: Mark Segment Reset Contention                     0 / 0                 0 / 3                 0 / 3                 0 / 3           ops/s
[2023-11-16T15:10:45.576+0800][gc,stats    ]  Contention: Mark SeqNum Reset Contention                      0 / 0                 0 / 0                 0 / 0                 0 / 0           ops/s
[2023-11-16T15:10:45.576+0800][gc,stats    ]    Critical: Allocation Stall                                  0 / 0                 0 / 0                 0 / 0                 0 / 0           ops/s
[2023-11-16T15:10:45.576+0800][gc,stats    ]    Critical: Allocation Stall                              0.000 / 0.000         0.000 / 0.000         0.000 / 0.000         0.000 / 0.000       ms
[2023-11-16T15:10:45.576+0800][gc,stats    ]    Critical: GC Locker Stall                                   0 / 0                 0 / 0                 0 / 0                 0 / 0           ops/s
[2023-11-16T15:10:45.576+0800][gc,stats    ]    Critical: GC Locker Stall                               0.000 / 0.000         0.000 / 0.000         0.000 / 0.000         0.000 / 0.000       ms
[2023-11-16T15:10:45.576+0800][gc,stats    ]    Critical: Relocation Stall                                  0 / 0                 0 / 0                 0 / 0                 0 / 0           ops/s
[2023-11-16T15:10:45.576+0800][gc,stats    ]    Critical: Relocation Stall                              0.000 / 0.000         0.000 / 0.000         0.000 / 0.000         0.000 / 0.000       ms
[2023-11-16T15:10:45.576+0800][gc,stats    ]      Memory: Allocation Rate                                   0 / 2                 0 / 82                0 / 82                0 / 82          MB/s
[2023-11-16T15:10:45.576+0800][gc,stats    ]      Memory: Defragment                                        0 / 0                 0 / 0                 0 / 0                 0 / 0           ops/s
[2023-11-16T15:10:45.576+0800][gc,stats    ]      Memory: Out Of Memory                                     0 / 0                 0 / 0                 0 / 0                 0 / 0           ops/s
[2023-11-16T15:10:45.576+0800][gc,stats    ]      Memory: Page Cache Flush                                  0 / 0                 0 / 0                 0 / 0                 0 / 0           MB/s
[2023-11-16T15:10:45.576+0800][gc,stats    ]      Memory: Page Cache Hit L1                                 0 / 1                 0 / 33                0 / 33                0 / 33          ops/s
[2023-11-16T15:10:45.576+0800][gc,stats    ]      Memory: Page Cache Hit L2                                 0 / 0                 0 / 0                 0 / 0                 0 / 0           ops/s
[2023-11-16T15:10:45.576+0800][gc,stats    ]      Memory: Page Cache Hit L3                                 0 / 0                 0 / 41                0 / 41                0 / 41          ops/s
[2023-11-16T15:10:45.576+0800][gc,stats    ]      Memory: Page Cache Miss                                   0 / 0                 0 / 1                 0 / 1                 0 / 1           ops/s
[2023-11-16T15:10:45.576+0800][gc,stats    ]      Memory: Uncommit                                          0 / 0                 0 / 0                 0 / 0                 0 / 0           MB/s
[2023-11-16T15:10:45.576+0800][gc,stats    ]      Memory: Undo Object Allocation Failed                     0 / 0                 0 / 0                 0 / 0                 0 / 0           ops/s
[2023-11-16T15:10:45.576+0800][gc,stats    ]      Memory: Undo Object Allocation Succeeded                  0 / 0                 0 / 3                 0 / 3                 0 / 3           ops/s
[2023-11-16T15:10:45.576+0800][gc,stats    ]      Memory: Undo Page Allocation                              0 / 0                 0 / 0                 0 / 0                 0 / 0           ops/s
[2023-11-16T15:10:45.576+0800][gc,stats    ]       Phase: Concurrent Mark                               0.000 / 0.000        21.531 / 24.050       21.531 / 24.050       21.531 / 24.050      ms
[2023-11-16T15:10:45.576+0800][gc,stats    ]       Phase: Concurrent Mark Continue                      0.000 / 0.000         0.000 / 0.000         0.000 / 0.000         0.000 / 0.000       ms
[2023-11-16T15:10:45.576+0800][gc,stats    ]       Phase: Concurrent Mark Free                          0.000 / 0.000         0.001 / 0.001         0.001 / 0.001         0.001 / 0.001       ms
[2023-11-16T15:10:45.576+0800][gc,stats    ]       Phase: Concurrent Process Non-Strong References      0.000 / 0.000         1.995 / 2.420         1.995 / 2.420         1.995 / 2.420       ms
[2023-11-16T15:10:45.576+0800][gc,stats    ]       Phase: Concurrent Relocate                           0.000 / 0.000         2.883 / 2.961         2.883 / 2.961         2.883 / 2.961       ms
[2023-11-16T15:10:45.576+0800][gc,stats    ]       Phase: Concurrent Reset Relocation Set               0.000 / 0.000         0.002 / 0.004         0.002 / 0.004         0.002 / 0.004       ms
[2023-11-16T15:10:45.576+0800][gc,stats    ]       Phase: Concurrent Select Relocation Set              0.000 / 0.000         4.861 / 8.184         4.861 / 8.184         4.861 / 8.184       ms
[2023-11-16T15:10:45.576+0800][gc,stats    ]       Phase: Pause Mark End                                0.000 / 0.000         0.017 / 0.019         0.017 / 0.019         0.017 / 0.019       ms
[2023-11-16T15:10:45.576+0800][gc,stats    ]       Phase: Pause Mark Start                              0.000 / 0.000         0.023 / 0.031         0.023 / 0.031         0.023 / 0.031       ms
[2023-11-16T15:10:45.576+0800][gc,stats    ]       Phase: Pause Relocate Start                          0.000 / 0.000         0.009 / 0.009         0.009 / 0.009         0.009 / 0.009       ms
[2023-11-16T15:10:45.576+0800][gc,stats    ]    Subphase: Concurrent Classes Purge                      0.000 / 0.000         0.066 / 0.071         0.066 / 0.071         0.066 / 0.071       ms
[2023-11-16T15:10:45.576+0800][gc,stats    ]    Subphase: Concurrent Classes Unlink                     0.000 / 0.000         1.264 / 1.492         1.264 / 1.492         1.264 / 1.492       ms
[2023-11-16T15:10:45.576+0800][gc,stats    ]    Subphase: Concurrent Mark                               0.000 / 0.000        18.504 / 22.997       18.504 / 22.997       18.504 / 22.997      ms
[2023-11-16T15:10:45.576+0800][gc,stats    ]    Subphase: Concurrent Mark Try Flush                     0.000 / 0.000         0.201 / 0.455         0.201 / 0.455         0.201 / 0.455       ms
[2023-11-16T15:10:45.576+0800][gc,stats    ]    Subphase: Concurrent Mark Try Terminate                 0.000 / 0.000         4.353 / 12.985        4.353 / 12.985        4.353 / 12.985      ms
[2023-11-16T15:10:45.576+0800][gc,stats    ]    Subphase: Concurrent References Enqueue                 0.000 / 0.000         0.004 / 0.004         0.004 / 0.004         0.004 / 0.004       ms
[2023-11-16T15:10:45.576+0800][gc,stats    ]    Subphase: Concurrent References Process                 0.000 / 0.000         0.104 / 0.123         0.104 / 0.123         0.104 / 0.123       ms
[2023-11-16T15:10:45.576+0800][gc,stats    ]    Subphase: Concurrent Roots ClassLoaderDataGraph         0.000 / 0.000         0.107 / 0.428         0.107 / 0.428         0.107 / 0.428       ms
[2023-11-16T15:10:45.576+0800][gc,stats    ]    Subphase: Concurrent Roots CodeCache                    0.000 / 0.000         0.000 / 0.000         0.000 / 0.000         0.000 / 0.000       ms
[2023-11-16T15:10:45.576+0800][gc,stats    ]    Subphase: Concurrent Roots JavaThreads                  0.000 / 0.000         1.013 / 1.707         1.013 / 1.707         1.013 / 1.707       ms
[2023-11-16T15:10:45.576+0800][gc,stats    ]    Subphase: Concurrent Roots OopStorageSet                0.000 / 0.000         0.146 / 0.289         0.146 / 0.289         0.146 / 0.289       ms
[2023-11-16T15:10:45.576+0800][gc,stats    ]    Subphase: Concurrent Weak Roots OopStorageSet           0.000 / 0.000         0.440 / 0.670         0.440 / 0.670         0.440 / 0.670       ms
[2023-11-16T15:10:45.576+0800][gc,stats    ]    Subphase: Pause Mark Try Complete                       0.000 / 0.000         0.000 / 0.000         0.000 / 0.000         0.000 / 0.000       ms
[2023-11-16T15:10:45.576+0800][gc,stats    ]      System: Java Threads                                      0 / 0                34 / 47               34 / 47               34 / 47          threads
[2023-11-16T15:10:45.576+0800][gc,stats    ] =========================================================================================================================================================
[2023-11-16T15:10:55.576+0800][gc,stats    ] === Garbage Collection Statistics =======================================================================================================================
[2023-11-16T15:10:55.576+0800][gc,stats    ]                                                              Last 10s              Last 10m              Last 10h                Total
[2023-11-16T15:10:55.576+0800][gc,stats    ]                                                              Avg / Max             Avg / Max             Avg / Max             Avg / Max
[2023-11-16T15:10:55.576+0800][gc,stats    ]   Collector: Garbage Collection Cycle                      0.000 / 0.000        32.129 / 37.536       32.129 / 37.536       32.129 / 37.536      ms
[2023-11-16T15:10:55.576+0800][gc,stats    ]  Contention: Mark Segment Reset Contention                     0 / 0                 0 / 3                 0 / 3                 0 / 3           ops/s
[2023-11-16T15:10:55.576+0800][gc,stats    ]  Contention: Mark SeqNum Reset Contention                      0 / 0                 0 / 0                 0 / 0                 0 / 0           ops/s
[2023-11-16T15:10:55.576+0800][gc,stats    ]    Critical: Allocation Stall                                  0 / 0                 0 / 0                 0 / 0                 0 / 0           ops/s
[2023-11-16T15:10:55.576+0800][gc,stats    ]    Critical: Allocation Stall                              0.000 / 0.000         0.000 / 0.000         0.000 / 0.000         0.000 / 0.000       ms
[2023-11-16T15:10:55.576+0800][gc,stats    ]    Critical: GC Locker Stall                                   0 / 0                 0 / 0                 0 / 0                 0 / 0           ops/s
[2023-11-16T15:10:55.576+0800][gc,stats    ]    Critical: GC Locker Stall                               0.000 / 0.000         0.000 / 0.000         0.000 / 0.000         0.000 / 0.000       ms
[2023-11-16T15:10:55.576+0800][gc,stats    ]    Critical: Relocation Stall                                  0 / 0                 0 / 0                 0 / 0                 0 / 0           ops/s
[2023-11-16T15:10:55.576+0800][gc,stats    ]    Critical: Relocation Stall                              0.000 / 0.000         0.000 / 0.000         0.000 / 0.000         0.000 / 0.000       ms
[2023-11-16T15:10:55.576+0800][gc,stats    ]      Memory: Allocation Rate                                   0 / 2                 0 / 82                0 / 82                0 / 82          MB/s
[2023-11-16T15:10:55.576+0800][gc,stats    ]      Memory: Defragment                                        0 / 0                 0 / 0                 0 / 0                 0 / 0           ops/s
[2023-11-16T15:10:55.576+0800][gc,stats    ]      Memory: Out Of Memory                                     0 / 0                 0 / 0                 0 / 0                 0 / 0           ops/s
[2023-11-16T15:10:55.576+0800][gc,stats    ]      Memory: Page Cache Flush                                  0 / 0                 0 / 0                 0 / 0                 0 / 0           MB/s
[2023-11-16T15:10:55.576+0800][gc,stats    ]      Memory: Page Cache Hit L1                                 0 / 1                 0 / 33                0 / 33                0 / 33          ops/s
[2023-11-16T15:10:55.576+0800][gc,stats    ]      Memory: Page Cache Hit L2                                 0 / 0                 0 / 0                 0 / 0                 0 / 0           ops/s
[2023-11-16T15:10:55.576+0800][gc,stats    ]      Memory: Page Cache Hit L3                                 0 / 0                 0 / 41                0 / 41                0 / 41          ops/s
[2023-11-16T15:10:55.576+0800][gc,stats    ]      Memory: Page Cache Miss                                   0 / 0                 0 / 1                 0 / 1                 0 / 1           ops/s
[2023-11-16T15:10:55.576+0800][gc,stats    ]      Memory: Uncommit                                          0 / 0                 0 / 0                 0 / 0                 0 / 0           MB/s
[2023-11-16T15:10:55.576+0800][gc,stats    ]      Memory: Undo Object Allocation Failed                     0 / 0                 0 / 0                 0 / 0                 0 / 0           ops/s
[2023-11-16T15:10:55.576+0800][gc,stats    ]      Memory: Undo Object Allocation Succeeded                  0 / 0                 0 / 3                 0 / 3                 0 / 3           ops/s
[2023-11-16T15:10:55.576+0800][gc,stats    ]      Memory: Undo Page Allocation                              0 / 0                 0 / 0                 0 / 0                 0 / 0           ops/s
[2023-11-16T15:10:55.576+0800][gc,stats    ]       Phase: Concurrent Mark                               0.000 / 0.000        21.531 / 24.050       21.531 / 24.050       21.531 / 24.050      ms
[2023-11-16T15:10:55.576+0800][gc,stats    ]       Phase: Concurrent Mark Continue                      0.000 / 0.000         0.000 / 0.000         0.000 / 0.000         0.000 / 0.000       ms
[2023-11-16T15:10:55.576+0800][gc,stats    ]       Phase: Concurrent Mark Free                          0.000 / 0.000         0.001 / 0.001         0.001 / 0.001         0.001 / 0.001       ms
[2023-11-16T15:10:55.576+0800][gc,stats    ]       Phase: Concurrent Process Non-Strong References      0.000 / 0.000         1.995 / 2.420         1.995 / 2.420         1.995 / 2.420       ms
[2023-11-16T15:10:55.576+0800][gc,stats    ]       Phase: Concurrent Relocate                           0.000 / 0.000         2.883 / 2.961         2.883 / 2.961         2.883 / 2.961       ms
[2023-11-16T15:10:55.576+0800][gc,stats    ]       Phase: Concurrent Reset Relocation Set               0.000 / 0.000         0.002 / 0.004         0.002 / 0.004         0.002 / 0.004       ms
[2023-11-16T15:10:55.576+0800][gc,stats    ]       Phase: Concurrent Select Relocation Set              0.000 / 0.000         4.861 / 8.184         4.861 / 8.184         4.861 / 8.184       ms
[2023-11-16T15:10:55.576+0800][gc,stats    ]       Phase: Pause Mark End                                0.000 / 0.000         0.017 / 0.019         0.017 / 0.019         0.017 / 0.019       ms
[2023-11-16T15:10:55.576+0800][gc,stats    ]       Phase: Pause Mark Start                              0.000 / 0.000         0.023 / 0.031         0.023 / 0.031         0.023 / 0.031       ms
[2023-11-16T15:10:55.576+0800][gc,stats    ]       Phase: Pause Relocate Start                          0.000 / 0.000         0.009 / 0.009         0.009 / 0.009         0.009 / 0.009       ms
[2023-11-16T15:10:55.576+0800][gc,stats    ]    Subphase: Concurrent Classes Purge                      0.000 / 0.000         0.066 / 0.071         0.066 / 0.071         0.066 / 0.071       ms
[2023-11-16T15:10:55.576+0800][gc,stats    ]    Subphase: Concurrent Classes Unlink                     0.000 / 0.000         1.264 / 1.492         1.264 / 1.492         1.264 / 1.492       ms
[2023-11-16T15:10:55.576+0800][gc,stats    ]    Subphase: Concurrent Mark                               0.000 / 0.000        18.504 / 22.997       18.504 / 22.997       18.504 / 22.997      ms
[2023-11-16T15:10:55.576+0800][gc,stats    ]    Subphase: Concurrent Mark Try Flush                     0.000 / 0.000         0.201 / 0.455         0.201 / 0.455         0.201 / 0.455       ms
[2023-11-16T15:10:55.576+0800][gc,stats    ]    Subphase: Concurrent Mark Try Terminate                 0.000 / 0.000         4.353 / 12.985        4.353 / 12.985        4.353 / 12.985      ms
[2023-11-16T15:10:55.576+0800][gc,stats    ]    Subphase: Concurrent References Enqueue                 0.000 / 0.000         0.004 / 0.004         0.004 / 0.004         0.004 / 0.004       ms
[2023-11-16T15:10:55.576+0800][gc,stats    ]    Subphase: Concurrent References Process                 0.000 / 0.000         0.104 / 0.123         0.104 / 0.123         0.104 / 0.123       ms
[2023-11-16T15:10:55.576+0800][gc,stats    ]    Subphase: Concurrent Roots ClassLoaderDataGraph         0.000 / 0.000         0.107 / 0.428         0.107 / 0.428         0.107 / 0.428       ms
[2023-11-16T15:10:55.576+0800][gc,stats    ]    Subphase: Concurrent Roots CodeCache                    0.000 / 0.000         0.000 / 0.000         0.000 / 0.000         0.000 / 0.000       ms
[2023-11-16T15:10:55.576+0800][gc,stats    ]    Subphase: Concurrent Roots JavaThreads                  0.000 / 0.000         1.013 / 1.707         1.013 / 1.707         1.013 / 1.707       ms
[2023-11-16T15:10:55.576+0800][gc,stats    ]    Subphase: Concurrent Roots OopStorageSet                0.000 / 0.000         0.146 / 0.289         0.146 / 0.289         0.146 / 0.289       ms
[2023-11-16T15:10:55.576+0800][gc,stats    ]    Subphase: Concurrent Weak Roots OopStorageSet           0.000 / 0.000         0.440 / 0.670         0.440 / 0.670         0.440 / 0.670       ms
[2023-11-16T15:10:55.576+0800][gc,stats    ]    Subphase: Pause Mark Try Complete                       0.000 / 0.000         0.000 / 0.000         0.000 / 0.000         0.000 / 0.000       ms
[2023-11-16T15:10:55.576+0800][gc,stats    ]      System: Java Threads                                      0 / 0                34 / 47               34 / 47               34 / 47          threads
[2023-11-16T15:10:55.576+0800][gc,stats    ] =========================================================================================================================================================
[2023-11-16T15:11:05.577+0800][gc,stats    ] === Garbage Collection Statistics =======================================================================================================================
[2023-11-16T15:11:05.577+0800][gc,stats    ]                                                              Last 10s              Last 10m              Last 10h                Total
[2023-11-16T15:11:05.577+0800][gc,stats    ]                                                              Avg / Max             Avg / Max             Avg / Max             Avg / Max
[2023-11-16T15:11:05.577+0800][gc,stats    ]   Collector: Garbage Collection Cycle                      0.000 / 0.000        32.129 / 37.536       32.129 / 37.536       32.129 / 37.536      ms
[2023-11-16T15:11:05.577+0800][gc,stats    ]  Contention: Mark Segment Reset Contention                     0 / 0                 0 / 3                 0 / 3                 0 / 3           ops/s
[2023-11-16T15:11:05.577+0800][gc,stats    ]  Contention: Mark SeqNum Reset Contention                      0 / 0                 0 / 0                 0 / 0                 0 / 0           ops/s
[2023-11-16T15:11:05.577+0800][gc,stats    ]    Critical: Allocation Stall                                  0 / 0                 0 / 0                 0 / 0                 0 / 0           ops/s
[2023-11-16T15:11:05.577+0800][gc,stats    ]    Critical: Allocation Stall                              0.000 / 0.000         0.000 / 0.000         0.000 / 0.000         0.000 / 0.000       ms
[2023-11-16T15:11:05.577+0800][gc,stats    ]    Critical: GC Locker Stall                                   0 / 0                 0 / 0                 0 / 0                 0 / 0           ops/s
[2023-11-16T15:11:05.577+0800][gc,stats    ]    Critical: GC Locker Stall                               0.000 / 0.000         0.000 / 0.000         0.000 / 0.000         0.000 / 0.000       ms
[2023-11-16T15:11:05.577+0800][gc,stats    ]    Critical: Relocation Stall                                  0 / 0                 0 / 0                 0 / 0                 0 / 0           ops/s
[2023-11-16T15:11:05.577+0800][gc,stats    ]    Critical: Relocation Stall                              0.000 / 0.000         0.000 / 0.000         0.000 / 0.000         0.000 / 0.000       ms
[2023-11-16T15:11:05.577+0800][gc,stats    ]      Memory: Allocation Rate                                   0 / 6                 0 / 82                0 / 82                0 / 82          MB/s
[2023-11-16T15:11:05.577+0800][gc,stats    ]      Memory: Defragment                                        0 / 0                 0 / 0                 0 / 0                 0 / 0           ops/s
[2023-11-16T15:11:05.577+0800][gc,stats    ]      Memory: Out Of Memory                                     0 / 0                 0 / 0                 0 / 0                 0 / 0           ops/s
[2023-11-16T15:11:05.577+0800][gc,stats    ]      Memory: Page Cache Flush                                  0 / 0                 0 / 0                 0 / 0                 0 / 0           MB/s
[2023-11-16T15:11:05.577+0800][gc,stats    ]      Memory: Page Cache Hit L1                                 0 / 3                 0 / 33                0 / 33                0 / 33          ops/s
[2023-11-16T15:11:05.577+0800][gc,stats    ]      Memory: Page Cache Hit L2                                 0 / 0                 0 / 0                 0 / 0                 0 / 0           ops/s
[2023-11-16T15:11:05.577+0800][gc,stats    ]      Memory: Page Cache Hit L3                                 0 / 0                 0 / 41                0 / 41                0 / 41          ops/s
[2023-11-16T15:11:05.577+0800][gc,stats    ]      Memory: Page Cache Miss                                   0 / 0                 0 / 1                 0 / 1                 0 / 1           ops/s
[2023-11-16T15:11:05.577+0800][gc,stats    ]      Memory: Uncommit                                          0 / 0                 0 / 0                 0 / 0                 0 / 0           MB/s
[2023-11-16T15:11:05.577+0800][gc,stats    ]      Memory: Undo Object Allocation Failed                     0 / 0                 0 / 0                 0 / 0                 0 / 0           ops/s
[2023-11-16T15:11:05.577+0800][gc,stats    ]      Memory: Undo Object Allocation Succeeded                  0 / 0                 0 / 3                 0 / 3                 0 / 3           ops/s
[2023-11-16T15:11:05.577+0800][gc,stats    ]      Memory: Undo Page Allocation                              0 / 0                 0 / 0                 0 / 0                 0 / 0           ops/s
[2023-11-16T15:11:05.577+0800][gc,stats    ]       Phase: Concurrent Mark                               0.000 / 0.000        21.531 / 24.050       21.531 / 24.050       21.531 / 24.050      ms
[2023-11-16T15:11:05.577+0800][gc,stats    ]       Phase: Concurrent Mark Continue                      0.000 / 0.000         0.000 / 0.000         0.000 / 0.000         0.000 / 0.000       ms
[2023-11-16T15:11:05.577+0800][gc,stats    ]       Phase: Concurrent Mark Free                          0.000 / 0.000         0.001 / 0.001         0.001 / 0.001         0.001 / 0.001       ms
[2023-11-16T15:11:05.577+0800][gc,stats    ]       Phase: Concurrent Process Non-Strong References      0.000 / 0.000         1.995 / 2.420         1.995 / 2.420         1.995 / 2.420       ms
[2023-11-16T15:11:05.577+0800][gc,stats    ]       Phase: Concurrent Relocate                           0.000 / 0.000         2.883 / 2.961         2.883 / 2.961         2.883 / 2.961       ms
[2023-11-16T15:11:05.577+0800][gc,stats    ]       Phase: Concurrent Reset Relocation Set               0.000 / 0.000         0.002 / 0.004         0.002 / 0.004         0.002 / 0.004       ms
[2023-11-16T15:11:05.577+0800][gc,stats    ]       Phase: Concurrent Select Relocation Set              0.000 / 0.000         4.861 / 8.184         4.861 / 8.184         4.861 / 8.184       ms
[2023-11-16T15:11:05.577+0800][gc,stats    ]       Phase: Pause Mark End                                0.000 / 0.000         0.017 / 0.019         0.017 / 0.019         0.017 / 0.019       ms
[2023-11-16T15:11:05.577+0800][gc,stats    ]       Phase: Pause Mark Start                              0.000 / 0.000         0.023 / 0.031         0.023 / 0.031         0.023 / 0.031       ms
[2023-11-16T15:11:05.577+0800][gc,stats    ]       Phase: Pause Relocate Start                          0.000 / 0.000         0.009 / 0.009         0.009 / 0.009         0.009 / 0.009       ms
[2023-11-16T15:11:05.577+0800][gc,stats    ]    Subphase: Concurrent Classes Purge                      0.000 / 0.000         0.066 / 0.071         0.066 / 0.071         0.066 / 0.071       ms
[2023-11-16T15:11:05.577+0800][gc,stats    ]    Subphase: Concurrent Classes Unlink                     0.000 / 0.000         1.264 / 1.492         1.264 / 1.492         1.264 / 1.492       ms
[2023-11-16T15:11:05.577+0800][gc,stats    ]    Subphase: Concurrent Mark                               0.000 / 0.000        18.504 / 22.997       18.504 / 22.997       18.504 / 22.997      ms
[2023-11-16T15:11:05.577+0800][gc,stats    ]    Subphase: Concurrent Mark Try Flush                     0.000 / 0.000         0.201 / 0.455         0.201 / 0.455         0.201 / 0.455       ms
[2023-11-16T15:11:05.577+0800][gc,stats    ]    Subphase: Concurrent Mark Try Terminate                 0.000 / 0.000         4.353 / 12.985        4.353 / 12.985        4.353 / 12.985      ms
[2023-11-16T15:11:05.577+0800][gc,stats    ]    Subphase: Concurrent References Enqueue                 0.000 / 0.000         0.004 / 0.004         0.004 / 0.004         0.004 / 0.004       ms
[2023-11-16T15:11:05.577+0800][gc,stats    ]    Subphase: Concurrent References Process                 0.000 / 0.000         0.104 / 0.123         0.104 / 0.123         0.104 / 0.123       ms
[2023-11-16T15:11:05.577+0800][gc,stats    ]    Subphase: Concurrent Roots ClassLoaderDataGraph         0.000 / 0.000         0.107 / 0.428         0.107 / 0.428         0.107 / 0.428       ms
[2023-11-16T15:11:05.577+0800][gc,stats    ]    Subphase: Concurrent Roots CodeCache                    0.000 / 0.000         0.000 / 0.000         0.000 / 0.000         0.000 / 0.000       ms
[2023-11-16T15:11:05.577+0800][gc,stats    ]    Subphase: Concurrent Roots JavaThreads                  0.000 / 0.000         1.013 / 1.707         1.013 / 1.707         1.013 / 1.707       ms
[2023-11-16T15:11:05.577+0800][gc,stats    ]    Subphase: Concurrent Roots OopStorageSet                0.000 / 0.000         0.146 / 0.289         0.146 / 0.289         0.146 / 0.289       ms
[2023-11-16T15:11:05.577+0800][gc,stats    ]    Subphase: Concurrent Weak Roots OopStorageSet           0.000 / 0.000         0.440 / 0.670         0.440 / 0.670         0.440 / 0.670       ms
[2023-11-16T15:11:05.577+0800][gc,stats    ]    Subphase: Pause Mark Try Complete                       0.000 / 0.000         0.000 / 0.000         0.000 / 0.000         0.000 / 0.000       ms
[2023-11-16T15:11:05.577+0800][gc,stats    ]      System: Java Threads                                      0 / 0                34 / 47               34 / 47               34 / 47          threads
[2023-11-16T15:11:05.577+0800][gc,stats    ] =========================================================================================================================================================
[2023-11-16T15:11:15.589+0800][gc,stats    ] === Garbage Collection Statistics =======================================================================================================================
[2023-11-16T15:11:15.589+0800][gc,stats    ]                                                              Last 10s              Last 10m              Last 10h                Total
[2023-11-16T15:11:15.589+0800][gc,stats    ]                                                              Avg / Max             Avg / Max             Avg / Max             Avg / Max
[2023-11-16T15:11:15.589+0800][gc,stats    ]   Collector: Garbage Collection Cycle                      0.000 / 0.000        32.129 / 37.536       32.129 / 37.536       32.129 / 37.536      ms
[2023-11-16T15:11:15.589+0800][gc,stats    ]  Contention: Mark Segment Reset Contention                     0 / 0                 0 / 3                 0 / 3                 0 / 3           ops/s
[2023-11-16T15:11:15.589+0800][gc,stats    ]  Contention: Mark SeqNum Reset Contention                      0 / 0                 0 / 0                 0 / 0                 0 / 0           ops/s
[2023-11-16T15:11:15.589+0800][gc,stats    ]    Critical: Allocation Stall                                  0 / 0                 0 / 0                 0 / 0                 0 / 0           ops/s
[2023-11-16T15:11:15.589+0800][gc,stats    ]    Critical: Allocation Stall                              0.000 / 0.000         0.000 / 0.000         0.000 / 0.000         0.000 / 0.000       ms
[2023-11-16T15:11:15.589+0800][gc,stats    ]    Critical: GC Locker Stall                                   0 / 0                 0 / 0                 0 / 0                 0 / 0           ops/s
[2023-11-16T15:11:15.589+0800][gc,stats    ]    Critical: GC Locker Stall                               0.000 / 0.000         0.000 / 0.000         0.000 / 0.000         0.000 / 0.000       ms
[2023-11-16T15:11:15.589+0800][gc,stats    ]    Critical: Relocation Stall                                  0 / 0                 0 / 0                 0 / 0                 0 / 0           ops/s
[2023-11-16T15:11:15.589+0800][gc,stats    ]    Critical: Relocation Stall                              0.000 / 0.000         0.000 / 0.000         0.000 / 0.000         0.000 / 0.000       ms
[2023-11-16T15:11:15.589+0800][gc,stats    ]      Memory: Allocation Rate                                   0 / 4                 0 / 82                0 / 82                0 / 82          MB/s
[2023-11-16T15:11:15.589+0800][gc,stats    ]      Memory: Defragment                                        0 / 0                 0 / 0                 0 / 0                 0 / 0           ops/s
[2023-11-16T15:11:15.589+0800][gc,stats    ]      Memory: Out Of Memory                                     0 / 0                 0 / 0                 0 / 0                 0 / 0           ops/s
[2023-11-16T15:11:15.589+0800][gc,stats    ]      Memory: Page Cache Flush                                  0 / 0                 0 / 0                 0 / 0                 0 / 0           MB/s
[2023-11-16T15:11:15.589+0800][gc,stats    ]      Memory: Page Cache Hit L1                                 0 / 2                 0 / 33                0 / 33                0 / 33          ops/s
[2023-11-16T15:11:15.589+0800][gc,stats    ]      Memory: Page Cache Hit L2                                 0 / 0                 0 / 0                 0 / 0                 0 / 0           ops/s
[2023-11-16T15:11:15.589+0800][gc,stats    ]      Memory: Page Cache Hit L3                                 0 / 0                 0 / 41                0 / 41                0 / 41          ops/s
[2023-11-16T15:11:15.589+0800][gc,stats    ]      Memory: Page Cache Miss                                   0 / 0                 0 / 1                 0 / 1                 0 / 1           ops/s
[2023-11-16T15:11:15.589+0800][gc,stats    ]      Memory: Uncommit                                          0 / 0                 0 / 0                 0 / 0                 0 / 0           MB/s
[2023-11-16T15:11:15.589+0800][gc,stats    ]      Memory: Undo Object Allocation Failed                     0 / 0                 0 / 0                 0 / 0                 0 / 0           ops/s
[2023-11-16T15:11:15.589+0800][gc,stats    ]      Memory: Undo Object Allocation Succeeded                  0 / 0                 0 / 3                 0 / 3                 0 / 3           ops/s
[2023-11-16T15:11:15.589+0800][gc,stats    ]      Memory: Undo Page Allocation                              0 / 0                 0 / 0                 0 / 0                 0 / 0           ops/s
[2023-11-16T15:11:15.589+0800][gc,stats    ]       Phase: Concurrent Mark                               0.000 / 0.000        21.531 / 24.050       21.531 / 24.050       21.531 / 24.050      ms
[2023-11-16T15:11:15.589+0800][gc,stats    ]       Phase: Concurrent Mark Continue                      0.000 / 0.000         0.000 / 0.000         0.000 / 0.000         0.000 / 0.000       ms
[2023-11-16T15:11:15.589+0800][gc,stats    ]       Phase: Concurrent Mark Free                          0.000 / 0.000         0.001 / 0.001         0.001 / 0.001         0.001 / 0.001       ms
[2023-11-16T15:11:15.589+0800][gc,stats    ]       Phase: Concurrent Process Non-Strong References      0.000 / 0.000         1.995 / 2.420         1.995 / 2.420         1.995 / 2.420       ms
[2023-11-16T15:11:15.589+0800][gc,stats    ]       Phase: Concurrent Relocate                           0.000 / 0.000         2.883 / 2.961         2.883 / 2.961         2.883 / 2.961       ms
[2023-11-16T15:11:15.589+0800][gc,stats    ]       Phase: Concurrent Reset Relocation Set               0.000 / 0.000         0.002 / 0.004         0.002 / 0.004         0.002 / 0.004       ms
[2023-11-16T15:11:15.589+0800][gc,stats    ]       Phase: Concurrent Select Relocation Set              0.000 / 0.000         4.861 / 8.184         4.861 / 8.184         4.861 / 8.184       ms
[2023-11-16T15:11:15.589+0800][gc,stats    ]       Phase: Pause Mark End                                0.000 / 0.000         0.017 / 0.019         0.017 / 0.019         0.017 / 0.019       ms
[2023-11-16T15:11:15.589+0800][gc,stats    ]       Phase: Pause Mark Start                              0.000 / 0.000         0.023 / 0.031         0.023 / 0.031         0.023 / 0.031       ms
[2023-11-16T15:11:15.589+0800][gc,stats    ]       Phase: Pause Relocate Start                          0.000 / 0.000         0.009 / 0.009         0.009 / 0.009         0.009 / 0.009       ms
[2023-11-16T15:11:15.589+0800][gc,stats    ]    Subphase: Concurrent Classes Purge                      0.000 / 0.000         0.066 / 0.071         0.066 / 0.071         0.066 / 0.071       ms
[2023-11-16T15:11:15.589+0800][gc,stats    ]    Subphase: Concurrent Classes Unlink                     0.000 / 0.000         1.264 / 1.492         1.264 / 1.492         1.264 / 1.492       ms
[2023-11-16T15:11:15.589+0800][gc,stats    ]    Subphase: Concurrent Mark                               0.000 / 0.000        18.504 / 22.997       18.504 / 22.997       18.504 / 22.997      ms
[2023-11-16T15:11:15.589+0800][gc,stats    ]    Subphase: Concurrent Mark Try Flush                     0.000 / 0.000         0.201 / 0.455         0.201 / 0.455         0.201 / 0.455       ms
[2023-11-16T15:11:15.589+0800][gc,stats    ]    Subphase: Concurrent Mark Try Terminate                 0.000 / 0.000         4.353 / 12.985        4.353 / 12.985        4.353 / 12.985      ms
[2023-11-16T15:11:15.589+0800][gc,stats    ]    Subphase: Concurrent References Enqueue                 0.000 / 0.000         0.004 / 0.004         0.004 / 0.004         0.004 / 0.004       ms
[2023-11-16T15:11:15.589+0800][gc,stats    ]    Subphase: Concurrent References Process                 0.000 / 0.000         0.104 / 0.123         0.104 / 0.123         0.104 / 0.123       ms
[2023-11-16T15:11:15.589+0800][gc,stats    ]    Subphase: Concurrent Roots ClassLoaderDataGraph         0.000 / 0.000         0.107 / 0.428         0.107 / 0.428         0.107 / 0.428       ms
[2023-11-16T15:11:15.589+0800][gc,stats    ]    Subphase: Concurrent Roots CodeCache                    0.000 / 0.000         0.000 / 0.000         0.000 / 0.000         0.000 / 0.000       ms
[2023-11-16T15:11:15.589+0800][gc,stats    ]    Subphase: Concurrent Roots JavaThreads                  0.000 / 0.000         1.013 / 1.707         1.013 / 1.707         1.013 / 1.707       ms
[2023-11-16T15:11:15.589+0800][gc,stats    ]    Subphase: Concurrent Roots OopStorageSet                0.000 / 0.000         0.146 / 0.289         0.146 / 0.289         0.146 / 0.289       ms
[2023-11-16T15:11:15.589+0800][gc,stats    ]    Subphase: Concurrent Weak Roots OopStorageSet           0.000 / 0.000         0.440 / 0.670         0.440 / 0.670         0.440 / 0.670       ms
[2023-11-16T15:11:15.589+0800][gc,stats    ]    Subphase: Pause Mark Try Complete                       0.000 / 0.000         0.000 / 0.000         0.000 / 0.000         0.000 / 0.000       ms
[2023-11-16T15:11:15.590+0800][gc,stats    ]      System: Java Threads                                      0 / 0                34 / 47               34 / 47               34 / 47          threads
[2023-11-16T15:11:15.590+0800][gc,stats    ] =========================================================================================================================================================
[2023-11-16T15:11:25.584+0800][gc,stats    ] === Garbage Collection Statistics =======================================================================================================================
[2023-11-16T15:11:25.584+0800][gc,stats    ]                                                              Last 10s              Last 10m              Last 10h                Total
[2023-11-16T15:11:25.584+0800][gc,stats    ]                                                              Avg / Max             Avg / Max             Avg / Max             Avg / Max
[2023-11-16T15:11:25.584+0800][gc,stats    ]   Collector: Garbage Collection Cycle                      0.000 / 0.000        32.129 / 37.536       32.129 / 37.536       32.129 / 37.536      ms
[2023-11-16T15:11:25.584+0800][gc,stats    ]  Contention: Mark Segment Reset Contention                     0 / 0                 0 / 3                 0 / 3                 0 / 3           ops/s
[2023-11-16T15:11:25.584+0800][gc,stats    ]  Contention: Mark SeqNum Reset Contention                      0 / 0                 0 / 0                 0 / 0                 0 / 0           ops/s
[2023-11-16T15:11:25.584+0800][gc,stats    ]    Critical: Allocation Stall                                  0 / 0                 0 / 0                 0 / 0                 0 / 0           ops/s
[2023-11-16T15:11:25.584+0800][gc,stats    ]    Critical: Allocation Stall                              0.000 / 0.000         0.000 / 0.000         0.000 / 0.000         0.000 / 0.000       ms
[2023-11-16T15:11:25.584+0800][gc,stats    ]    Critical: GC Locker Stall                                   0 / 0                 0 / 0                 0 / 0                 0 / 0           ops/s
[2023-11-16T15:11:25.584+0800][gc,stats    ]    Critical: GC Locker Stall                               0.000 / 0.000         0.000 / 0.000         0.000 / 0.000         0.000 / 0.000       ms
[2023-11-16T15:11:25.584+0800][gc,stats    ]    Critical: Relocation Stall                                  0 / 0                 0 / 0                 0 / 0                 0 / 0           ops/s
[2023-11-16T15:11:25.584+0800][gc,stats    ]    Critical: Relocation Stall                              0.000 / 0.000         0.000 / 0.000         0.000 / 0.000         0.000 / 0.000       ms
[2023-11-16T15:11:25.584+0800][gc,stats    ]      Memory: Allocation Rate                                   0 / 0                 0 / 82                0 / 82                0 / 82          MB/s
[2023-11-16T15:11:25.584+0800][gc,stats    ]      Memory: Defragment                                        0 / 0                 0 / 0                 0 / 0                 0 / 0           ops/s
[2023-11-16T15:11:25.584+0800][gc,stats    ]      Memory: Out Of Memory                                     0 / 0                 0 / 0                 0 / 0                 0 / 0           ops/s
[2023-11-16T15:11:25.584+0800][gc,stats    ]      Memory: Page Cache Flush                                  0 / 0                 0 / 0                 0 / 0                 0 / 0           MB/s
[2023-11-16T15:11:25.584+0800][gc,stats    ]      Memory: Page Cache Hit L1                                 0 / 0                 0 / 33                0 / 33                0 / 33          ops/s
[2023-11-16T15:11:25.584+0800][gc,stats    ]      Memory: Page Cache Hit L2                                 0 / 0                 0 / 0                 0 / 0                 0 / 0           ops/s
[2023-11-16T15:11:25.584+0800][gc,stats    ]      Memory: Page Cache Hit L3                                 0 / 0                 0 / 41                0 / 41                0 / 41          ops/s
[2023-11-16T15:11:25.584+0800][gc,stats    ]      Memory: Page Cache Miss                                   0 / 0                 0 / 1                 0 / 1                 0 / 1           ops/s
[2023-11-16T15:11:25.584+0800][gc,stats    ]      Memory: Uncommit                                          0 / 0                 0 / 0                 0 / 0                 0 / 0           MB/s
[2023-11-16T15:11:25.584+0800][gc,stats    ]      Memory: Undo Object Allocation Failed                     0 / 0                 0 / 0                 0 / 0                 0 / 0           ops/s
[2023-11-16T15:11:25.584+0800][gc,stats    ]      Memory: Undo Object Allocation Succeeded                  0 / 0                 0 / 3                 0 / 3                 0 / 3           ops/s
[2023-11-16T15:11:25.584+0800][gc,stats    ]      Memory: Undo Page Allocation                              0 / 0                 0 / 0                 0 / 0                 0 / 0           ops/s
[2023-11-16T15:11:25.584+0800][gc,stats    ]       Phase: Concurrent Mark                               0.000 / 0.000        21.531 / 24.050       21.531 / 24.050       21.531 / 24.050      ms
[2023-11-16T15:11:25.584+0800][gc,stats    ]       Phase: Concurrent Mark Continue                      0.000 / 0.000         0.000 / 0.000         0.000 / 0.000         0.000 / 0.000       ms
[2023-11-16T15:11:25.584+0800][gc,stats    ]       Phase: Concurrent Mark Free                          0.000 / 0.000         0.001 / 0.001         0.001 / 0.001         0.001 / 0.001       ms
[2023-11-16T15:11:25.584+0800][gc,stats    ]       Phase: Concurrent Process Non-Strong References      0.000 / 0.000         1.995 / 2.420         1.995 / 2.420         1.995 / 2.420       ms
[2023-11-16T15:11:25.584+0800][gc,stats    ]       Phase: Concurrent Relocate                           0.000 / 0.000         2.883 / 2.961         2.883 / 2.961         2.883 / 2.961       ms
[2023-11-16T15:11:25.584+0800][gc,stats    ]       Phase: Concurrent Reset Relocation Set               0.000 / 0.000         0.002 / 0.004         0.002 / 0.004         0.002 / 0.004       ms
[2023-11-16T15:11:25.584+0800][gc,stats    ]       Phase: Concurrent Select Relocation Set              0.000 / 0.000         4.861 / 8.184         4.861 / 8.184         4.861 / 8.184       ms
[2023-11-16T15:11:25.584+0800][gc,stats    ]       Phase: Pause Mark End                                0.000 / 0.000         0.017 / 0.019         0.017 / 0.019         0.017 / 0.019       ms
[2023-11-16T15:11:25.584+0800][gc,stats    ]       Phase: Pause Mark Start                              0.000 / 0.000         0.023 / 0.031         0.023 / 0.031         0.023 / 0.031       ms
[2023-11-16T15:11:25.584+0800][gc,stats    ]       Phase: Pause Relocate Start                          0.000 / 0.000         0.009 / 0.009         0.009 / 0.009         0.009 / 0.009       ms
[2023-11-16T15:11:25.584+0800][gc,stats    ]    Subphase: Concurrent Classes Purge                      0.000 / 0.000         0.066 / 0.071         0.066 / 0.071         0.066 / 0.071       ms
[2023-11-16T15:11:25.584+0800][gc,stats    ]    Subphase: Concurrent Classes Unlink                     0.000 / 0.000         1.264 / 1.492         1.264 / 1.492         1.264 / 1.492       ms
[2023-11-16T15:11:25.584+0800][gc,stats    ]    Subphase: Concurrent Mark                               0.000 / 0.000        18.504 / 22.997       18.504 / 22.997       18.504 / 22.997      ms
[2023-11-16T15:11:25.584+0800][gc,stats    ]    Subphase: Concurrent Mark Try Flush                     0.000 / 0.000         0.201 / 0.455         0.201 / 0.455         0.201 / 0.455       ms
[2023-11-16T15:11:25.584+0800][gc,stats    ]    Subphase: Concurrent Mark Try Terminate                 0.000 / 0.000         4.353 / 12.985        4.353 / 12.985        4.353 / 12.985      ms
[2023-11-16T15:11:25.584+0800][gc,stats    ]    Subphase: Concurrent References Enqueue                 0.000 / 0.000         0.004 / 0.004         0.004 / 0.004         0.004 / 0.004       ms
[2023-11-16T15:11:25.585+0800][gc,stats    ]    Subphase: Concurrent References Process                 0.000 / 0.000         0.104 / 0.123         0.104 / 0.123         0.104 / 0.123       ms
[2023-11-16T15:11:25.585+0800][gc,stats    ]    Subphase: Concurrent Roots ClassLoaderDataGraph         0.000 / 0.000         0.107 / 0.428         0.107 / 0.428         0.107 / 0.428       ms
[2023-11-16T15:11:25.585+0800][gc,stats    ]    Subphase: Concurrent Roots CodeCache                    0.000 / 0.000         0.000 / 0.000         0.000 / 0.000         0.000 / 0.000       ms
[2023-11-16T15:11:25.585+0800][gc,stats    ]    Subphase: Concurrent Roots JavaThreads                  0.000 / 0.000         1.013 / 1.707         1.013 / 1.707         1.013 / 1.707       ms
[2023-11-16T15:11:25.585+0800][gc,stats    ]    Subphase: Concurrent Roots OopStorageSet                0.000 / 0.000         0.146 / 0.289         0.146 / 0.289         0.146 / 0.289       ms
[2023-11-16T15:11:25.585+0800][gc,stats    ]    Subphase: Concurrent Weak Roots OopStorageSet           0.000 / 0.000         0.440 / 0.670         0.440 / 0.670         0.440 / 0.670       ms
[2023-11-16T15:11:25.585+0800][gc,stats    ]    Subphase: Pause Mark Try Complete                       0.000 / 0.000         0.000 / 0.000         0.000 / 0.000         0.000 / 0.000       ms
[2023-11-16T15:11:25.585+0800][gc,stats    ]      System: Java Threads                                      0 / 0                34 / 47               34 / 47               34 / 47          threads
[2023-11-16T15:11:25.585+0800][gc,stats    ] =========================================================================================================================================================
[2023-11-16T15:11:35.576+0800][gc,stats    ] === Garbage Collection Statistics =======================================================================================================================
[2023-11-16T15:11:35.576+0800][gc,stats    ]                                                              Last 10s              Last 10m              Last 10h                Total
[2023-11-16T15:11:35.576+0800][gc,stats    ]                                                              Avg / Max             Avg / Max             Avg / Max             Avg / Max
[2023-11-16T15:11:35.576+0800][gc,stats    ]   Collector: Garbage Collection Cycle                      0.000 / 0.000        32.129 / 37.536       32.129 / 37.536       32.129 / 37.536      ms
[2023-11-16T15:11:35.576+0800][gc,stats    ]  Contention: Mark Segment Reset Contention                     0 / 0                 0 / 3                 0 / 3                 0 / 3           ops/s
[2023-11-16T15:11:35.576+0800][gc,stats    ]  Contention: Mark SeqNum Reset Contention                      0 / 0                 0 / 0                 0 / 0                 0 / 0           ops/s
[2023-11-16T15:11:35.576+0800][gc,stats    ]    Critical: Allocation Stall                                  0 / 0                 0 / 0                 0 / 0                 0 / 0           ops/s
[2023-11-16T15:11:35.576+0800][gc,stats    ]    Critical: Allocation Stall                              0.000 / 0.000         0.000 / 0.000         0.000 / 0.000         0.000 / 0.000       ms
[2023-11-16T15:11:35.576+0800][gc,stats    ]    Critical: GC Locker Stall                                   0 / 0                 0 / 0                 0 / 0                 0 / 0           ops/s
[2023-11-16T15:11:35.576+0800][gc,stats    ]    Critical: GC Locker Stall                               0.000 / 0.000         0.000 / 0.000         0.000 / 0.000         0.000 / 0.000       ms
[2023-11-16T15:11:35.576+0800][gc,stats    ]    Critical: Relocation Stall                                  0 / 0                 0 / 0                 0 / 0                 0 / 0           ops/s
[2023-11-16T15:11:35.576+0800][gc,stats    ]    Critical: Relocation Stall                              0.000 / 0.000         0.000 / 0.000         0.000 / 0.000         0.000 / 0.000       ms
[2023-11-16T15:11:35.576+0800][gc,stats    ]      Memory: Allocation Rate                                   0 / 2                 0 / 82                0 / 82                0 / 82          MB/s
[2023-11-16T15:11:35.576+0800][gc,stats    ]      Memory: Defragment                                        0 / 0                 0 / 0                 0 / 0                 0 / 0           ops/s
[2023-11-16T15:11:35.576+0800][gc,stats    ]      Memory: Out Of Memory                                     0 / 0                 0 / 0                 0 / 0                 0 / 0           ops/s
[2023-11-16T15:11:35.576+0800][gc,stats    ]      Memory: Page Cache Flush                                  0 / 0                 0 / 0                 0 / 0                 0 / 0           MB/s
[2023-11-16T15:11:35.576+0800][gc,stats    ]      Memory: Page Cache Hit L1                                 0 / 1                 0 / 33                0 / 33                0 / 33          ops/s
[2023-11-16T15:11:35.576+0800][gc,stats    ]      Memory: Page Cache Hit L2                                 0 / 0                 0 / 0                 0 / 0                 0 / 0           ops/s
[2023-11-16T15:11:35.576+0800][gc,stats    ]      Memory: Page Cache Hit L3                                 0 / 0                 0 / 41                0 / 41                0 / 41          ops/s
[2023-11-16T15:11:35.576+0800][gc,stats    ]      Memory: Page Cache Miss                                   0 / 0                 0 / 1                 0 / 1                 0 / 1           ops/s
[2023-11-16T15:11:35.576+0800][gc,stats    ]      Memory: Uncommit                                          0 / 0                 0 / 0                 0 / 0                 0 / 0           MB/s
[2023-11-16T15:11:35.576+0800][gc,stats    ]      Memory: Undo Object Allocation Failed                     0 / 0                 0 / 0                 0 / 0                 0 / 0           ops/s
[2023-11-16T15:11:35.576+0800][gc,stats    ]      Memory: Undo Object Allocation Succeeded                  0 / 0                 0 / 3                 0 / 3                 0 / 3           ops/s
[2023-11-16T15:11:35.576+0800][gc,stats    ]      Memory: Undo Page Allocation                              0 / 0                 0 / 0                 0 / 0                 0 / 0           ops/s
[2023-11-16T15:11:35.576+0800][gc,stats    ]       Phase: Concurrent Mark                               0.000 / 0.000        21.531 / 24.050       21.531 / 24.050       21.531 / 24.050      ms
[2023-11-16T15:11:35.576+0800][gc,stats    ]       Phase: Concurrent Mark Continue                      0.000 / 0.000         0.000 / 0.000         0.000 / 0.000         0.000 / 0.000       ms
[2023-11-16T15:11:35.576+0800][gc,stats    ]       Phase: Concurrent Mark Free                          0.000 / 0.000         0.001 / 0.001         0.001 / 0.001         0.001 / 0.001       ms
[2023-11-16T15:11:35.576+0800][gc,stats    ]       Phase: Concurrent Process Non-Strong References      0.000 / 0.000         1.995 / 2.420         1.995 / 2.420         1.995 / 2.420       ms
[2023-11-16T15:11:35.576+0800][gc,stats    ]       Phase: Concurrent Relocate                           0.000 / 0.000         2.883 / 2.961         2.883 / 2.961         2.883 / 2.961       ms
[2023-11-16T15:11:35.576+0800][gc,stats    ]       Phase: Concurrent Reset Relocation Set               0.000 / 0.000         0.002 / 0.004         0.002 / 0.004         0.002 / 0.004       ms
[2023-11-16T15:11:35.576+0800][gc,stats    ]       Phase: Concurrent Select Relocation Set              0.000 / 0.000         4.861 / 8.184         4.861 / 8.184         4.861 / 8.184       ms
[2023-11-16T15:11:35.576+0800][gc,stats    ]       Phase: Pause Mark End                                0.000 / 0.000         0.017 / 0.019         0.017 / 0.019         0.017 / 0.019       ms
[2023-11-16T15:11:35.576+0800][gc,stats    ]       Phase: Pause Mark Start                              0.000 / 0.000         0.023 / 0.031         0.023 / 0.031         0.023 / 0.031       ms
[2023-11-16T15:11:35.576+0800][gc,stats    ]       Phase: Pause Relocate Start                          0.000 / 0.000         0.009 / 0.009         0.009 / 0.009         0.009 / 0.009       ms
[2023-11-16T15:11:35.576+0800][gc,stats    ]    Subphase: Concurrent Classes Purge                      0.000 / 0.000         0.066 / 0.071         0.066 / 0.071         0.066 / 0.071       ms
[2023-11-16T15:11:35.576+0800][gc,stats    ]    Subphase: Concurrent Classes Unlink                     0.000 / 0.000         1.264 / 1.492         1.264 / 1.492         1.264 / 1.492       ms
[2023-11-16T15:11:35.576+0800][gc,stats    ]    Subphase: Concurrent Mark                               0.000 / 0.000        18.504 / 22.997       18.504 / 22.997       18.504 / 22.997      ms
[2023-11-16T15:11:35.576+0800][gc,stats    ]    Subphase: Concurrent Mark Try Flush                     0.000 / 0.000         0.201 / 0.455         0.201 / 0.455         0.201 / 0.455       ms
[2023-11-16T15:11:35.576+0800][gc,stats    ]    Subphase: Concurrent Mark Try Terminate                 0.000 / 0.000         4.353 / 12.985        4.353 / 12.985        4.353 / 12.985      ms
[2023-11-16T15:11:35.576+0800][gc,stats    ]    Subphase: Concurrent References Enqueue                 0.000 / 0.000         0.004 / 0.004         0.004 / 0.004         0.004 / 0.004       ms
[2023-11-16T15:11:35.576+0800][gc,stats    ]    Subphase: Concurrent References Process                 0.000 / 0.000         0.104 / 0.123         0.104 / 0.123         0.104 / 0.123       ms
[2023-11-16T15:11:35.576+0800][gc,stats    ]    Subphase: Concurrent Roots ClassLoaderDataGraph         0.000 / 0.000         0.107 / 0.428         0.107 / 0.428         0.107 / 0.428       ms
[2023-11-16T15:11:35.576+0800][gc,stats    ]    Subphase: Concurrent Roots CodeCache                    0.000 / 0.000         0.000 / 0.000         0.000 / 0.000         0.000 / 0.000       ms
[2023-11-16T15:11:35.576+0800][gc,stats    ]    Subphase: Concurrent Roots JavaThreads                  0.000 / 0.000         1.013 / 1.707         1.013 / 1.707         1.013 / 1.707       ms
[2023-11-16T15:11:35.576+0800][gc,stats    ]    Subphase: Concurrent Roots OopStorageSet                0.000 / 0.000         0.146 / 0.289         0.146 / 0.289         0.146 / 0.289       ms
[2023-11-16T15:11:35.576+0800][gc,stats    ]    Subphase: Concurrent Weak Roots OopStorageSet           0.000 / 0.000         0.440 / 0.670         0.440 / 0.670         0.440 / 0.670       ms
[2023-11-16T15:11:35.576+0800][gc,stats    ]    Subphase: Pause Mark Try Complete                       0.000 / 0.000         0.000 / 0.000         0.000 / 0.000         0.000 / 0.000       ms
[2023-11-16T15:11:35.576+0800][gc,stats    ]      System: Java Threads                                      0 / 0                34 / 47               34 / 47               34 / 47          threads
[2023-11-16T15:11:35.577+0800][gc,stats    ] =========================================================================================================================================================
[2023-11-16T15:11:45.576+0800][gc,stats    ] === Garbage Collection Statistics =======================================================================================================================
[2023-11-16T15:11:45.576+0800][gc,stats    ]                                                              Last 10s              Last 10m              Last 10h                Total
[2023-11-16T15:11:45.576+0800][gc,stats    ]                                                              Avg / Max             Avg / Max             Avg / Max             Avg / Max
[2023-11-16T15:11:45.576+0800][gc,stats    ]   Collector: Garbage Collection Cycle                      0.000 / 0.000        32.129 / 37.536       32.129 / 37.536       32.129 / 37.536      ms
[2023-11-16T15:11:45.576+0800][gc,stats    ]  Contention: Mark Segment Reset Contention                     0 / 0                 0 / 3                 0 / 3                 0 / 3           ops/s
[2023-11-16T15:11:45.576+0800][gc,stats    ]  Contention: Mark SeqNum Reset Contention                      0 / 0                 0 / 0                 0 / 0                 0 / 0           ops/s
[2023-11-16T15:11:45.576+0800][gc,stats    ]    Critical: Allocation Stall                                  0 / 0                 0 / 0                 0 / 0                 0 / 0           ops/s
[2023-11-16T15:11:45.576+0800][gc,stats    ]    Critical: Allocation Stall                              0.000 / 0.000         0.000 / 0.000         0.000 / 0.000         0.000 / 0.000       ms
[2023-11-16T15:11:45.576+0800][gc,stats    ]    Critical: GC Locker Stall                                   0 / 0                 0 / 0                 0 / 0                 0 / 0           ops/s
[2023-11-16T15:11:45.576+0800][gc,stats    ]    Critical: GC Locker Stall                               0.000 / 0.000         0.000 / 0.000         0.000 / 0.000         0.000 / 0.000       ms
[2023-11-16T15:11:45.576+0800][gc,stats    ]    Critical: Relocation Stall                                  0 / 0                 0 / 0                 0 / 0                 0 / 0           ops/s
[2023-11-16T15:11:45.576+0800][gc,stats    ]    Critical: Relocation Stall                              0.000 / 0.000         0.000 / 0.000         0.000 / 0.000         0.000 / 0.000       ms
[2023-11-16T15:11:45.576+0800][gc,stats    ]      Memory: Allocation Rate                                   0 / 2                 0 / 82                0 / 82                0 / 82          MB/s
[2023-11-16T15:11:45.576+0800][gc,stats    ]      Memory: Defragment                                        0 / 0                 0 / 0                 0 / 0                 0 / 0           ops/s
[2023-11-16T15:11:45.576+0800][gc,stats    ]      Memory: Out Of Memory                                     0 / 0                 0 / 0                 0 / 0                 0 / 0           ops/s
[2023-11-16T15:11:45.576+0800][gc,stats    ]      Memory: Page Cache Flush                                  0 / 0                 0 / 0                 0 / 0                 0 / 0           MB/s
[2023-11-16T15:11:45.576+0800][gc,stats    ]      Memory: Page Cache Hit L1                                 0 / 1                 0 / 33                0 / 33                0 / 33          ops/s
[2023-11-16T15:11:45.576+0800][gc,stats    ]      Memory: Page Cache Hit L2                                 0 / 0                 0 / 0                 0 / 0                 0 / 0           ops/s
[2023-11-16T15:11:45.576+0800][gc,stats    ]      Memory: Page Cache Hit L3                                 0 / 0                 0 / 41                0 / 41                0 / 41          ops/s
[2023-11-16T15:11:45.576+0800][gc,stats    ]      Memory: Page Cache Miss                                   0 / 0                 0 / 1                 0 / 1                 0 / 1           ops/s
[2023-11-16T15:11:45.576+0800][gc,stats    ]      Memory: Uncommit                                          0 / 0                 0 / 0                 0 / 0                 0 / 0           MB/s
[2023-11-16T15:11:45.576+0800][gc,stats    ]      Memory: Undo Object Allocation Failed                     0 / 0                 0 / 0                 0 / 0                 0 / 0           ops/s
[2023-11-16T15:11:45.576+0800][gc,stats    ]      Memory: Undo Object Allocation Succeeded                  0 / 0                 0 / 3                 0 / 3                 0 / 3           ops/s
[2023-11-16T15:11:45.576+0800][gc,stats    ]      Memory: Undo Page Allocation                              0 / 0                 0 / 0                 0 / 0                 0 / 0           ops/s
[2023-11-16T15:11:45.576+0800][gc,stats    ]       Phase: Concurrent Mark                               0.000 / 0.000        21.531 / 24.050       21.531 / 24.050       21.531 / 24.050      ms
[2023-11-16T15:11:45.576+0800][gc,stats    ]       Phase: Concurrent Mark Continue                      0.000 / 0.000         0.000 / 0.000         0.000 / 0.000         0.000 / 0.000       ms
[2023-11-16T15:11:45.576+0800][gc,stats    ]       Phase: Concurrent Mark Free                          0.000 / 0.000         0.001 / 0.001         0.001 / 0.001         0.001 / 0.001       ms
[2023-11-16T15:11:45.576+0800][gc,stats    ]       Phase: Concurrent Process Non-Strong References      0.000 / 0.000         1.995 / 2.420         1.995 / 2.420         1.995 / 2.420       ms
[2023-11-16T15:11:45.576+0800][gc,stats    ]       Phase: Concurrent Relocate                           0.000 / 0.000         2.883 / 2.961         2.883 / 2.961         2.883 / 2.961       ms
[2023-11-16T15:11:45.576+0800][gc,stats    ]       Phase: Concurrent Reset Relocation Set               0.000 / 0.000         0.002 / 0.004         0.002 / 0.004         0.002 / 0.004       ms
[2023-11-16T15:11:45.576+0800][gc,stats    ]       Phase: Concurrent Select Relocation Set              0.000 / 0.000         4.861 / 8.184         4.861 / 8.184         4.861 / 8.184       ms
[2023-11-16T15:11:45.576+0800][gc,stats    ]       Phase: Pause Mark End                                0.000 / 0.000         0.017 / 0.019         0.017 / 0.019         0.017 / 0.019       ms
[2023-11-16T15:11:45.576+0800][gc,stats    ]       Phase: Pause Mark Start                              0.000 / 0.000         0.023 / 0.031         0.023 / 0.031         0.023 / 0.031       ms
[2023-11-16T15:11:45.576+0800][gc,stats    ]       Phase: Pause Relocate Start                          0.000 / 0.000         0.009 / 0.009         0.009 / 0.009         0.009 / 0.009       ms
[2023-11-16T15:11:45.576+0800][gc,stats    ]    Subphase: Concurrent Classes Purge                      0.000 / 0.000         0.066 / 0.071         0.066 / 0.071         0.066 / 0.071       ms
[2023-11-16T15:11:45.576+0800][gc,stats    ]    Subphase: Concurrent Classes Unlink                     0.000 / 0.000         1.264 / 1.492         1.264 / 1.492         1.264 / 1.492       ms
[2023-11-16T15:11:45.576+0800][gc,stats    ]    Subphase: Concurrent Mark                               0.000 / 0.000        18.504 / 22.997       18.504 / 22.997       18.504 / 22.997      ms
[2023-11-16T15:11:45.576+0800][gc,stats    ]    Subphase: Concurrent Mark Try Flush                     0.000 / 0.000         0.201 / 0.455         0.201 / 0.455         0.201 / 0.455       ms
[2023-11-16T15:11:45.576+0800][gc,stats    ]    Subphase: Concurrent Mark Try Terminate                 0.000 / 0.000         4.353 / 12.985        4.353 / 12.985        4.353 / 12.985      ms
[2023-11-16T15:11:45.576+0800][gc,stats    ]    Subphase: Concurrent References Enqueue                 0.000 / 0.000         0.004 / 0.004         0.004 / 0.004         0.004 / 0.004       ms
[2023-11-16T15:11:45.576+0800][gc,stats    ]    Subphase: Concurrent References Process                 0.000 / 0.000         0.104 / 0.123         0.104 / 0.123         0.104 / 0.123       ms
[2023-11-16T15:11:45.576+0800][gc,stats    ]    Subphase: Concurrent Roots ClassLoaderDataGraph         0.000 / 0.000         0.107 / 0.428         0.107 / 0.428         0.107 / 0.428       ms
[2023-11-16T15:11:45.576+0800][gc,stats    ]    Subphase: Concurrent Roots CodeCache                    0.000 / 0.000         0.000 / 0.000         0.000 / 0.000         0.000 / 0.000       ms
[2023-11-16T15:11:45.576+0800][gc,stats    ]    Subphase: Concurrent Roots JavaThreads                  0.000 / 0.000         1.013 / 1.707         1.013 / 1.707         1.013 / 1.707       ms
[2023-11-16T15:11:45.577+0800][gc,stats    ]    Subphase: Concurrent Roots OopStorageSet                0.000 / 0.000         0.146 / 0.289         0.146 / 0.289         0.146 / 0.289       ms
[2023-11-16T15:11:45.577+0800][gc,stats    ]    Subphase: Concurrent Weak Roots OopStorageSet           0.000 / 0.000         0.440 / 0.670         0.440 / 0.670         0.440 / 0.670       ms
[2023-11-16T15:11:45.577+0800][gc,stats    ]    Subphase: Pause Mark Try Complete                       0.000 / 0.000         0.000 / 0.000         0.000 / 0.000         0.000 / 0.000       ms
[2023-11-16T15:11:45.577+0800][gc,stats    ]      System: Java Threads                                      0 / 0                34 / 47               34 / 47               34 / 47          threads
[2023-11-16T15:11:45.577+0800][gc,stats    ] =========================================================================================================================================================
[2023-11-16T15:11:55.576+0800][gc,stats    ] === Garbage Collection Statistics =======================================================================================================================
[2023-11-16T15:11:55.576+0800][gc,stats    ]                                                              Last 10s              Last 10m              Last 10h                Total
[2023-11-16T15:11:55.576+0800][gc,stats    ]                                                              Avg / Max             Avg / Max             Avg / Max             Avg / Max
[2023-11-16T15:11:55.576+0800][gc,stats    ]   Collector: Garbage Collection Cycle                      0.000 / 0.000        32.129 / 37.536       32.129 / 37.536       32.129 / 37.536      ms
[2023-11-16T15:11:55.576+0800][gc,stats    ]  Contention: Mark Segment Reset Contention                     0 / 0                 0 / 3                 0 / 3                 0 / 3           ops/s
[2023-11-16T15:11:55.576+0800][gc,stats    ]  Contention: Mark SeqNum Reset Contention                      0 / 0                 0 / 0                 0 / 0                 0 / 0           ops/s
[2023-11-16T15:11:55.576+0800][gc,stats    ]    Critical: Allocation Stall                                  0 / 0                 0 / 0                 0 / 0                 0 / 0           ops/s
[2023-11-16T15:11:55.576+0800][gc,stats    ]    Critical: Allocation Stall                              0.000 / 0.000         0.000 / 0.000         0.000 / 0.000         0.000 / 0.000       ms
[2023-11-16T15:11:55.576+0800][gc,stats    ]    Critical: GC Locker Stall                                   0 / 0                 0 / 0                 0 / 0                 0 / 0           ops/s
[2023-11-16T15:11:55.576+0800][gc,stats    ]    Critical: GC Locker Stall                               0.000 / 0.000         0.000 / 0.000         0.000 / 0.000         0.000 / 0.000       ms
[2023-11-16T15:11:55.576+0800][gc,stats    ]    Critical: Relocation Stall                                  0 / 0                 0 / 0                 0 / 0                 0 / 0           ops/s
[2023-11-16T15:11:55.576+0800][gc,stats    ]    Critical: Relocation Stall                              0.000 / 0.000         0.000 / 0.000         0.000 / 0.000         0.000 / 0.000       ms
[2023-11-16T15:11:55.576+0800][gc,stats    ]      Memory: Allocation Rate                                   0 / 0                 0 / 82                0 / 82                0 / 82          MB/s
[2023-11-16T15:11:55.576+0800][gc,stats    ]      Memory: Defragment                                        0 / 0                 0 / 0                 0 / 0                 0 / 0           ops/s
[2023-11-16T15:11:55.576+0800][gc,stats    ]      Memory: Out Of Memory                                     0 / 0                 0 / 0                 0 / 0                 0 / 0           ops/s
[2023-11-16T15:11:55.576+0800][gc,stats    ]      Memory: Page Cache Flush                                  0 / 0                 0 / 0                 0 / 0                 0 / 0           MB/s
[2023-11-16T15:11:55.576+0800][gc,stats    ]      Memory: Page Cache Hit L1                                 0 / 0                 0 / 33                0 / 33                0 / 33          ops/s
[2023-11-16T15:11:55.576+0800][gc,stats    ]      Memory: Page Cache Hit L2                                 0 / 0                 0 / 0                 0 / 0                 0 / 0           ops/s
[2023-11-16T15:11:55.576+0800][gc,stats    ]      Memory: Page Cache Hit L3                                 0 / 0                 0 / 41                0 / 41                0 / 41          ops/s
[2023-11-16T15:11:55.576+0800][gc,stats    ]      Memory: Page Cache Miss                                   0 / 0                 0 / 1                 0 / 1                 0 / 1           ops/s
[2023-11-16T15:11:55.576+0800][gc,stats    ]      Memory: Uncommit                                          0 / 0                 0 / 0                 0 / 0                 0 / 0           MB/s
[2023-11-16T15:11:55.576+0800][gc,stats    ]      Memory: Undo Object Allocation Failed                     0 / 0                 0 / 0                 0 / 0                 0 / 0           ops/s
[2023-11-16T15:11:55.576+0800][gc,stats    ]      Memory: Undo Object Allocation Succeeded                  0 / 0                 0 / 3                 0 / 3                 0 / 3           ops/s
[2023-11-16T15:11:55.576+0800][gc,stats    ]      Memory: Undo Page Allocation                              0 / 0                 0 / 0                 0 / 0                 0 / 0           ops/s
[2023-11-16T15:11:55.576+0800][gc,stats    ]       Phase: Concurrent Mark                               0.000 / 0.000        21.531 / 24.050       21.531 / 24.050       21.531 / 24.050      ms
[2023-11-16T15:11:55.576+0800][gc,stats    ]       Phase: Concurrent Mark Continue                      0.000 / 0.000         0.000 / 0.000         0.000 / 0.000         0.000 / 0.000       ms
[2023-11-16T15:11:55.576+0800][gc,stats    ]       Phase: Concurrent Mark Free                          0.000 / 0.000         0.001 / 0.001         0.001 / 0.001         0.001 / 0.001       ms
[2023-11-16T15:11:55.576+0800][gc,stats    ]       Phase: Concurrent Process Non-Strong References      0.000 / 0.000         1.995 / 2.420         1.995 / 2.420         1.995 / 2.420       ms
[2023-11-16T15:11:55.576+0800][gc,stats    ]       Phase: Concurrent Relocate                           0.000 / 0.000         2.883 / 2.961         2.883 / 2.961         2.883 / 2.961       ms
[2023-11-16T15:11:55.576+0800][gc,stats    ]       Phase: Concurrent Reset Relocation Set               0.000 / 0.000         0.002 / 0.004         0.002 / 0.004         0.002 / 0.004       ms
[2023-11-16T15:11:55.576+0800][gc,stats    ]       Phase: Concurrent Select Relocation Set              0.000 / 0.000         4.861 / 8.184         4.861 / 8.184         4.861 / 8.184       ms
[2023-11-16T15:11:55.576+0800][gc,stats    ]       Phase: Pause Mark End                                0.000 / 0.000         0.017 / 0.019         0.017 / 0.019         0.017 / 0.019       ms
[2023-11-16T15:11:55.576+0800][gc,stats    ]       Phase: Pause Mark Start                              0.000 / 0.000         0.023 / 0.031         0.023 / 0.031         0.023 / 0.031       ms
[2023-11-16T15:11:55.576+0800][gc,stats    ]       Phase: Pause Relocate Start                          0.000 / 0.000         0.009 / 0.009         0.009 / 0.009         0.009 / 0.009       ms
[2023-11-16T15:11:55.576+0800][gc,stats    ]    Subphase: Concurrent Classes Purge                      0.000 / 0.000         0.066 / 0.071         0.066 / 0.071         0.066 / 0.071       ms
[2023-11-16T15:11:55.576+0800][gc,stats    ]    Subphase: Concurrent Classes Unlink                     0.000 / 0.000         1.264 / 1.492         1.264 / 1.492         1.264 / 1.492       ms
[2023-11-16T15:11:55.576+0800][gc,stats    ]    Subphase: Concurrent Mark                               0.000 / 0.000        18.504 / 22.997       18.504 / 22.997       18.504 / 22.997      ms
[2023-11-16T15:11:55.576+0800][gc,stats    ]    Subphase: Concurrent Mark Try Flush                     0.000 / 0.000         0.201 / 0.455         0.201 / 0.455         0.201 / 0.455       ms
[2023-11-16T15:11:55.576+0800][gc,stats    ]    Subphase: Concurrent Mark Try Terminate                 0.000 / 0.000         4.353 / 12.985        4.353 / 12.985        4.353 / 12.985      ms
[2023-11-16T15:11:55.577+0800][gc,stats    ]    Subphase: Concurrent References Enqueue                 0.000 / 0.000         0.004 / 0.004         0.004 / 0.004         0.004 / 0.004       ms
[2023-11-16T15:11:55.577+0800][gc,stats    ]    Subphase: Concurrent References Process                 0.000 / 0.000         0.104 / 0.123         0.104 / 0.123         0.104 / 0.123       ms
[2023-11-16T15:11:55.577+0800][gc,stats    ]    Subphase: Concurrent Roots ClassLoaderDataGraph         0.000 / 0.000         0.107 / 0.428         0.107 / 0.428         0.107 / 0.428       ms
[2023-11-16T15:11:55.577+0800][gc,stats    ]    Subphase: Concurrent Roots CodeCache                    0.000 / 0.000         0.000 / 0.000         0.000 / 0.000         0.000 / 0.000       ms
[2023-11-16T15:11:55.577+0800][gc,stats    ]    Subphase: Concurrent Roots JavaThreads                  0.000 / 0.000         1.013 / 1.707         1.013 / 1.707         1.013 / 1.707       ms
[2023-11-16T15:11:55.577+0800][gc,stats    ]    Subphase: Concurrent Roots OopStorageSet                0.000 / 0.000         0.146 / 0.289         0.146 / 0.289         0.146 / 0.289       ms
[2023-11-16T15:11:55.577+0800][gc,stats    ]    Subphase: Concurrent Weak Roots OopStorageSet           0.000 / 0.000         0.440 / 0.670         0.440 / 0.670         0.440 / 0.670       ms
[2023-11-16T15:11:55.577+0800][gc,stats    ]    Subphase: Pause Mark Try Complete                       0.000 / 0.000         0.000 / 0.000         0.000 / 0.000         0.000 / 0.000       ms
[2023-11-16T15:11:55.577+0800][gc,stats    ]      System: Java Threads                                      0 / 0                34 / 47               34 / 47               34 / 47          threads
[2023-11-16T15:11:55.577+0800][gc,stats    ] =========================================================================================================================================================
[2023-11-16T15:12:05.576+0800][gc,stats    ] === Garbage Collection Statistics =======================================================================================================================
[2023-11-16T15:12:05.576+0800][gc,stats    ]                                                              Last 10s              Last 10m              Last 10h                Total
[2023-11-16T15:12:05.576+0800][gc,stats    ]                                                              Avg / Max             Avg / Max             Avg / Max             Avg / Max
[2023-11-16T15:12:05.576+0800][gc,stats    ]   Collector: Garbage Collection Cycle                      0.000 / 0.000        32.129 / 37.536       32.129 / 37.536       32.129 / 37.536      ms
[2023-11-16T15:12:05.576+0800][gc,stats    ]  Contention: Mark Segment Reset Contention                     0 / 0                 0 / 3                 0 / 3                 0 / 3           ops/s
[2023-11-16T15:12:05.576+0800][gc,stats    ]  Contention: Mark SeqNum Reset Contention                      0 / 0                 0 / 0                 0 / 0                 0 / 0           ops/s
[2023-11-16T15:12:05.576+0800][gc,stats    ]    Critical: Allocation Stall                                  0 / 0                 0 / 0                 0 / 0                 0 / 0           ops/s
[2023-11-16T15:12:05.576+0800][gc,stats    ]    Critical: Allocation Stall                              0.000 / 0.000         0.000 / 0.000         0.000 / 0.000         0.000 / 0.000       ms
[2023-11-16T15:12:05.576+0800][gc,stats    ]    Critical: GC Locker Stall                                   0 / 0                 0 / 0                 0 / 0                 0 / 0           ops/s
[2023-11-16T15:12:05.576+0800][gc,stats    ]    Critical: GC Locker Stall                               0.000 / 0.000         0.000 / 0.000         0.000 / 0.000         0.000 / 0.000       ms
[2023-11-16T15:12:05.576+0800][gc,stats    ]    Critical: Relocation Stall                                  0 / 0                 0 / 0                 0 / 0                 0 / 0           ops/s
[2023-11-16T15:12:05.576+0800][gc,stats    ]    Critical: Relocation Stall                              0.000 / 0.000         0.000 / 0.000         0.000 / 0.000         0.000 / 0.000       ms
[2023-11-16T15:12:05.576+0800][gc,stats    ]      Memory: Allocation Rate                                   0 / 2                 0 / 82                0 / 82                0 / 82          MB/s
[2023-11-16T15:12:05.576+0800][gc,stats    ]      Memory: Defragment                                        0 / 0                 0 / 0                 0 / 0                 0 / 0           ops/s
[2023-11-16T15:12:05.576+0800][gc,stats    ]      Memory: Out Of Memory                                     0 / 0                 0 / 0                 0 / 0                 0 / 0           ops/s
[2023-11-16T15:12:05.576+0800][gc,stats    ]      Memory: Page Cache Flush                                  0 / 0                 0 / 0                 0 / 0                 0 / 0           MB/s
[2023-11-16T15:12:05.576+0800][gc,stats    ]      Memory: Page Cache Hit L1                                 0 / 1                 0 / 33                0 / 33                0 / 33          ops/s
[2023-11-16T15:12:05.576+0800][gc,stats    ]      Memory: Page Cache Hit L2                                 0 / 0                 0 / 0                 0 / 0                 0 / 0           ops/s
[2023-11-16T15:12:05.576+0800][gc,stats    ]      Memory: Page Cache Hit L3                                 0 / 0                 0 / 41                0 / 41                0 / 41          ops/s
[2023-11-16T15:12:05.576+0800][gc,stats    ]      Memory: Page Cache Miss                                   0 / 0                 0 / 1                 0 / 1                 0 / 1           ops/s
[2023-11-16T15:12:05.576+0800][gc,stats    ]      Memory: Uncommit                                          0 / 0                 0 / 0                 0 / 0                 0 / 0           MB/s
[2023-11-16T15:12:05.576+0800][gc,stats    ]      Memory: Undo Object Allocation Failed                     0 / 0                 0 / 0                 0 / 0                 0 / 0           ops/s
[2023-11-16T15:12:05.576+0800][gc,stats    ]      Memory: Undo Object Allocation Succeeded                  0 / 0                 0 / 3                 0 / 3                 0 / 3           ops/s
[2023-11-16T15:12:05.576+0800][gc,stats    ]      Memory: Undo Page Allocation                              0 / 0                 0 / 0                 0 / 0                 0 / 0           ops/s
[2023-11-16T15:12:05.576+0800][gc,stats    ]       Phase: Concurrent Mark                               0.000 / 0.000        21.531 / 24.050       21.531 / 24.050       21.531 / 24.050      ms
[2023-11-16T15:12:05.576+0800][gc,stats    ]       Phase: Concurrent Mark Continue                      0.000 / 0.000         0.000 / 0.000         0.000 / 0.000         0.000 / 0.000       ms
[2023-11-16T15:12:05.576+0800][gc,stats    ]       Phase: Concurrent Mark Free                          0.000 / 0.000         0.001 / 0.001         0.001 / 0.001         0.001 / 0.001       ms
[2023-11-16T15:12:05.576+0800][gc,stats    ]       Phase: Concurrent Process Non-Strong References      0.000 / 0.000         1.995 / 2.420         1.995 / 2.420         1.995 / 2.420       ms
[2023-11-16T15:12:05.576+0800][gc,stats    ]       Phase: Concurrent Relocate                           0.000 / 0.000         2.883 / 2.961         2.883 / 2.961         2.883 / 2.961       ms
[2023-11-16T15:12:05.576+0800][gc,stats    ]       Phase: Concurrent Reset Relocation Set               0.000 / 0.000         0.002 / 0.004         0.002 / 0.004         0.002 / 0.004       ms
[2023-11-16T15:12:05.576+0800][gc,stats    ]       Phase: Concurrent Select Relocation Set              0.000 / 0.000         4.861 / 8.184         4.861 / 8.184         4.861 / 8.184       ms
[2023-11-16T15:12:05.576+0800][gc,stats    ]       Phase: Pause Mark End                                0.000 / 0.000         0.017 / 0.019         0.017 / 0.019         0.017 / 0.019       ms
[2023-11-16T15:12:05.576+0800][gc,stats    ]       Phase: Pause Mark Start                              0.000 / 0.000         0.023 / 0.031         0.023 / 0.031         0.023 / 0.031       ms
[2023-11-16T15:12:05.576+0800][gc,stats    ]       Phase: Pause Relocate Start                          0.000 / 0.000         0.009 / 0.009         0.009 / 0.009         0.009 / 0.009       ms
[2023-11-16T15:12:05.576+0800][gc,stats    ]    Subphase: Concurrent Classes Purge                      0.000 / 0.000         0.066 / 0.071         0.066 / 0.071         0.066 / 0.071       ms
[2023-11-16T15:12:05.576+0800][gc,stats    ]    Subphase: Concurrent Classes Unlink                     0.000 / 0.000         1.264 / 1.492         1.264 / 1.492         1.264 / 1.492       ms
[2023-11-16T15:12:05.576+0800][gc,stats    ]    Subphase: Concurrent Mark                               0.000 / 0.000        18.504 / 22.997       18.504 / 22.997       18.504 / 22.997      ms
[2023-11-16T15:12:05.576+0800][gc,stats    ]    Subphase: Concurrent Mark Try Flush                     0.000 / 0.000         0.201 / 0.455         0.201 / 0.455         0.201 / 0.455       ms
[2023-11-16T15:12:05.576+0800][gc,stats    ]    Subphase: Concurrent Mark Try Terminate                 0.000 / 0.000         4.353 / 12.985        4.353 / 12.985        4.353 / 12.985      ms
[2023-11-16T15:12:05.576+0800][gc,stats    ]    Subphase: Concurrent References Enqueue                 0.000 / 0.000         0.004 / 0.004         0.004 / 0.004         0.004 / 0.004       ms
[2023-11-16T15:12:05.576+0800][gc,stats    ]    Subphase: Concurrent References Process                 0.000 / 0.000         0.104 / 0.123         0.104 / 0.123         0.104 / 0.123       ms
[2023-11-16T15:12:05.576+0800][gc,stats    ]    Subphase: Concurrent Roots ClassLoaderDataGraph         0.000 / 0.000         0.107 / 0.428         0.107 / 0.428         0.107 / 0.428       ms
[2023-11-16T15:12:05.576+0800][gc,stats    ]    Subphase: Concurrent Roots CodeCache                    0.000 / 0.000         0.000 / 0.000         0.000 / 0.000         0.000 / 0.000       ms
[2023-11-16T15:12:05.576+0800][gc,stats    ]    Subphase: Concurrent Roots JavaThreads                  0.000 / 0.000         1.013 / 1.707         1.013 / 1.707         1.013 / 1.707       ms
[2023-11-16T15:12:05.576+0800][gc,stats    ]    Subphase: Concurrent Roots OopStorageSet                0.000 / 0.000         0.146 / 0.289         0.146 / 0.289         0.146 / 0.289       ms
[2023-11-16T15:12:05.576+0800][gc,stats    ]    Subphase: Concurrent Weak Roots OopStorageSet           0.000 / 0.000         0.440 / 0.670         0.440 / 0.670         0.440 / 0.670       ms
[2023-11-16T15:12:05.576+0800][gc,stats    ]    Subphase: Pause Mark Try Complete                       0.000 / 0.000         0.000 / 0.000         0.000 / 0.000         0.000 / 0.000       ms
[2023-11-16T15:12:05.577+0800][gc,stats    ]      System: Java Threads                                      0 / 0                34 / 47               34 / 47               34 / 47          threads
[2023-11-16T15:12:05.577+0800][gc,stats    ] =========================================================================================================================================================
[2023-11-16T15:12:15.576+0800][gc,stats    ] === Garbage Collection Statistics =======================================================================================================================
[2023-11-16T15:12:15.576+0800][gc,stats    ]                                                              Last 10s              Last 10m              Last 10h                Total
[2023-11-16T15:12:15.576+0800][gc,stats    ]                                                              Avg / Max             Avg / Max             Avg / Max             Avg / Max
[2023-11-16T15:12:15.576+0800][gc,stats    ]   Collector: Garbage Collection Cycle                      0.000 / 0.000        32.129 / 37.536       32.129 / 37.536       32.129 / 37.536      ms
[2023-11-16T15:12:15.576+0800][gc,stats    ]  Contention: Mark Segment Reset Contention                     0 / 0                 0 / 3                 0 / 3                 0 / 3           ops/s
[2023-11-16T15:12:15.576+0800][gc,stats    ]  Contention: Mark SeqNum Reset Contention                      0 / 0                 0 / 0                 0 / 0                 0 / 0           ops/s
[2023-11-16T15:12:15.576+0800][gc,stats    ]    Critical: Allocation Stall                                  0 / 0                 0 / 0                 0 / 0                 0 / 0           ops/s
[2023-11-16T15:12:15.576+0800][gc,stats    ]    Critical: Allocation Stall                              0.000 / 0.000         0.000 / 0.000         0.000 / 0.000         0.000 / 0.000       ms
[2023-11-16T15:12:15.576+0800][gc,stats    ]    Critical: GC Locker Stall                                   0 / 0                 0 / 0                 0 / 0                 0 / 0           ops/s
[2023-11-16T15:12:15.576+0800][gc,stats    ]    Critical: GC Locker Stall                               0.000 / 0.000         0.000 / 0.000         0.000 / 0.000         0.000 / 0.000       ms
[2023-11-16T15:12:15.576+0800][gc,stats    ]    Critical: Relocation Stall                                  0 / 0                 0 / 0                 0 / 0                 0 / 0           ops/s
[2023-11-16T15:12:15.576+0800][gc,stats    ]    Critical: Relocation Stall                              0.000 / 0.000         0.000 / 0.000         0.000 / 0.000         0.000 / 0.000       ms
[2023-11-16T15:12:15.576+0800][gc,stats    ]      Memory: Allocation Rate                                   0 / 2                 0 / 82                0 / 82                0 / 82          MB/s
[2023-11-16T15:12:15.576+0800][gc,stats    ]      Memory: Defragment                                        0 / 0                 0 / 0                 0 / 0                 0 / 0           ops/s
[2023-11-16T15:12:15.576+0800][gc,stats    ]      Memory: Out Of Memory                                     0 / 0                 0 / 0                 0 / 0                 0 / 0           ops/s
[2023-11-16T15:12:15.576+0800][gc,stats    ]      Memory: Page Cache Flush                                  0 / 0                 0 / 0                 0 / 0                 0 / 0           MB/s
[2023-11-16T15:12:15.576+0800][gc,stats    ]      Memory: Page Cache Hit L1                                 0 / 1                 0 / 33                0 / 33                0 / 33          ops/s
[2023-11-16T15:12:15.576+0800][gc,stats    ]      Memory: Page Cache Hit L2                                 0 / 0                 0 / 0                 0 / 0                 0 / 0           ops/s
[2023-11-16T15:12:15.576+0800][gc,stats    ]      Memory: Page Cache Hit L3                                 0 / 0                 0 / 41                0 / 41                0 / 41          ops/s
[2023-11-16T15:12:15.576+0800][gc,stats    ]      Memory: Page Cache Miss                                   0 / 0                 0 / 1                 0 / 1                 0 / 1           ops/s
[2023-11-16T15:12:15.576+0800][gc,stats    ]      Memory: Uncommit                                          0 / 0                 0 / 0                 0 / 0                 0 / 0           MB/s
[2023-11-16T15:12:15.576+0800][gc,stats    ]      Memory: Undo Object Allocation Failed                     0 / 0                 0 / 0                 0 / 0                 0 / 0           ops/s
[2023-11-16T15:12:15.576+0800][gc,stats    ]      Memory: Undo Object Allocation Succeeded                  0 / 0                 0 / 3                 0 / 3                 0 / 3           ops/s
[2023-11-16T15:12:15.576+0800][gc,stats    ]      Memory: Undo Page Allocation                              0 / 0                 0 / 0                 0 / 0                 0 / 0           ops/s
[2023-11-16T15:12:15.576+0800][gc,stats    ]       Phase: Concurrent Mark                               0.000 / 0.000        21.531 / 24.050       21.531 / 24.050       21.531 / 24.050      ms
[2023-11-16T15:12:15.576+0800][gc,stats    ]       Phase: Concurrent Mark Continue                      0.000 / 0.000         0.000 / 0.000         0.000 / 0.000         0.000 / 0.000       ms
[2023-11-16T15:12:15.576+0800][gc,stats    ]       Phase: Concurrent Mark Free                          0.000 / 0.000         0.001 / 0.001         0.001 / 0.001         0.001 / 0.001       ms
[2023-11-16T15:12:15.576+0800][gc,stats    ]       Phase: Concurrent Process Non-Strong References      0.000 / 0.000         1.995 / 2.420         1.995 / 2.420         1.995 / 2.420       ms
[2023-11-16T15:12:15.576+0800][gc,stats    ]       Phase: Concurrent Relocate                           0.000 / 0.000         2.883 / 2.961         2.883 / 2.961         2.883 / 2.961       ms
[2023-11-16T15:12:15.576+0800][gc,stats    ]       Phase: Concurrent Reset Relocation Set               0.000 / 0.000         0.002 / 0.004         0.002 / 0.004         0.002 / 0.004       ms
[2023-11-16T15:12:15.576+0800][gc,stats    ]       Phase: Concurrent Select Relocation Set              0.000 / 0.000         4.861 / 8.184         4.861 / 8.184         4.861 / 8.184       ms
[2023-11-16T15:12:15.576+0800][gc,stats    ]       Phase: Pause Mark End                                0.000 / 0.000         0.017 / 0.019         0.017 / 0.019         0.017 / 0.019       ms
[2023-11-16T15:12:15.576+0800][gc,stats    ]       Phase: Pause Mark Start                              0.000 / 0.000         0.023 / 0.031         0.023 / 0.031         0.023 / 0.031       ms
[2023-11-16T15:12:15.576+0800][gc,stats    ]       Phase: Pause Relocate Start                          0.000 / 0.000         0.009 / 0.009         0.009 / 0.009         0.009 / 0.009       ms
[2023-11-16T15:12:15.576+0800][gc,stats    ]    Subphase: Concurrent Classes Purge                      0.000 / 0.000         0.066 / 0.071         0.066 / 0.071         0.066 / 0.071       ms
[2023-11-16T15:12:15.576+0800][gc,stats    ]    Subphase: Concurrent Classes Unlink                     0.000 / 0.000         1.264 / 1.492         1.264 / 1.492         1.264 / 1.492       ms
[2023-11-16T15:12:15.576+0800][gc,stats    ]    Subphase: Concurrent Mark                               0.000 / 0.000        18.504 / 22.997       18.504 / 22.997       18.504 / 22.997      ms
[2023-11-16T15:12:15.576+0800][gc,stats    ]    Subphase: Concurrent Mark Try Flush                     0.000 / 0.000         0.201 / 0.455         0.201 / 0.455         0.201 / 0.455       ms
[2023-11-16T15:12:15.577+0800][gc,stats    ]    Subphase: Concurrent Mark Try Terminate                 0.000 / 0.000         4.353 / 12.985        4.353 / 12.985        4.353 / 12.985      ms
[2023-11-16T15:12:15.577+0800][gc,stats    ]    Subphase: Concurrent References Enqueue                 0.000 / 0.000         0.004 / 0.004         0.004 / 0.004         0.004 / 0.004       ms
[2023-11-16T15:12:15.577+0800][gc,stats    ]    Subphase: Concurrent References Process                 0.000 / 0.000         0.104 / 0.123         0.104 / 0.123         0.104 / 0.123       ms
[2023-11-16T15:12:15.577+0800][gc,stats    ]    Subphase: Concurrent Roots ClassLoaderDataGraph         0.000 / 0.000         0.107 / 0.428         0.107 / 0.428         0.107 / 0.428       ms
[2023-11-16T15:12:15.577+0800][gc,stats    ]    Subphase: Concurrent Roots CodeCache                    0.000 / 0.000         0.000 / 0.000         0.000 / 0.000         0.000 / 0.000       ms
[2023-11-16T15:12:15.577+0800][gc,stats    ]    Subphase: Concurrent Roots JavaThreads                  0.000 / 0.000         1.013 / 1.707         1.013 / 1.707         1.013 / 1.707       ms
[2023-11-16T15:12:15.577+0800][gc,stats    ]    Subphase: Concurrent Roots OopStorageSet                0.000 / 0.000         0.146 / 0.289         0.146 / 0.289         0.146 / 0.289       ms
[2023-11-16T15:12:15.577+0800][gc,stats    ]    Subphase: Concurrent Weak Roots OopStorageSet           0.000 / 0.000         0.440 / 0.670         0.440 / 0.670         0.440 / 0.670       ms
[2023-11-16T15:12:15.577+0800][gc,stats    ]    Subphase: Pause Mark Try Complete                       0.000 / 0.000         0.000 / 0.000         0.000 / 0.000         0.000 / 0.000       ms
[2023-11-16T15:12:15.577+0800][gc,stats    ]      System: Java Threads                                      0 / 0                34 / 47               34 / 47               34 / 47          threads
[2023-11-16T15:12:15.577+0800][gc,stats    ] =========================================================================================================================================================
[2023-11-16T15:12:25.585+0800][gc,stats    ] === Garbage Collection Statistics =======================================================================================================================
[2023-11-16T15:12:25.585+0800][gc,stats    ]                                                              Last 10s              Last 10m              Last 10h                Total
[2023-11-16T15:12:25.585+0800][gc,stats    ]                                                              Avg / Max             Avg / Max             Avg / Max             Avg / Max
[2023-11-16T15:12:25.585+0800][gc,stats    ]   Collector: Garbage Collection Cycle                      0.000 / 0.000        32.129 / 37.536       32.129 / 37.536       32.129 / 37.536      ms
[2023-11-16T15:12:25.585+0800][gc,stats    ]  Contention: Mark Segment Reset Contention                     0 / 0                 0 / 3                 0 / 3                 0 / 3           ops/s
[2023-11-16T15:12:25.585+0800][gc,stats    ]  Contention: Mark SeqNum Reset Contention                      0 / 0                 0 / 0                 0 / 0                 0 / 0           ops/s
[2023-11-16T15:12:25.585+0800][gc,stats    ]    Critical: Allocation Stall                                  0 / 0                 0 / 0                 0 / 0                 0 / 0           ops/s
[2023-11-16T15:12:25.585+0800][gc,stats    ]    Critical: Allocation Stall                              0.000 / 0.000         0.000 / 0.000         0.000 / 0.000         0.000 / 0.000       ms
[2023-11-16T15:12:25.585+0800][gc,stats    ]    Critical: GC Locker Stall                                   0 / 0                 0 / 0                 0 / 0                 0 / 0           ops/s
[2023-11-16T15:12:25.585+0800][gc,stats    ]    Critical: GC Locker Stall                               0.000 / 0.000         0.000 / 0.000         0.000 / 0.000         0.000 / 0.000       ms
[2023-11-16T15:12:25.585+0800][gc,stats    ]    Critical: Relocation Stall                                  0 / 0                 0 / 0                 0 / 0                 0 / 0           ops/s
[2023-11-16T15:12:25.585+0800][gc,stats    ]    Critical: Relocation Stall                              0.000 / 0.000         0.000 / 0.000         0.000 / 0.000         0.000 / 0.000       ms
[2023-11-16T15:12:25.585+0800][gc,stats    ]      Memory: Allocation Rate                                   0 / 0                 0 / 82                0 / 82                0 / 82          MB/s
[2023-11-16T15:12:25.585+0800][gc,stats    ]      Memory: Defragment                                        0 / 0                 0 / 0                 0 / 0                 0 / 0           ops/s
[2023-11-16T15:12:25.585+0800][gc,stats    ]      Memory: Out Of Memory                                     0 / 0                 0 / 0                 0 / 0                 0 / 0           ops/s
[2023-11-16T15:12:25.585+0800][gc,stats    ]      Memory: Page Cache Flush                                  0 / 0                 0 / 0                 0 / 0                 0 / 0           MB/s
[2023-11-16T15:12:25.585+0800][gc,stats    ]      Memory: Page Cache Hit L1                                 0 / 0                 0 / 33                0 / 33                0 / 33          ops/s
[2023-11-16T15:12:25.585+0800][gc,stats    ]      Memory: Page Cache Hit L2                                 0 / 0                 0 / 0                 0 / 0                 0 / 0           ops/s
[2023-11-16T15:12:25.585+0800][gc,stats    ]      Memory: Page Cache Hit L3                                 0 / 0                 0 / 41                0 / 41                0 / 41          ops/s
[2023-11-16T15:12:25.585+0800][gc,stats    ]      Memory: Page Cache Miss                                   0 / 0                 0 / 1                 0 / 1                 0 / 1           ops/s
[2023-11-16T15:12:25.585+0800][gc,stats    ]      Memory: Uncommit                                          0 / 0                 0 / 0                 0 / 0                 0 / 0           MB/s
[2023-11-16T15:12:25.585+0800][gc,stats    ]      Memory: Undo Object Allocation Failed                     0 / 0                 0 / 0                 0 / 0                 0 / 0           ops/s
[2023-11-16T15:12:25.585+0800][gc,stats    ]      Memory: Undo Object Allocation Succeeded                  0 / 0                 0 / 3                 0 / 3                 0 / 3           ops/s
[2023-11-16T15:12:25.585+0800][gc,stats    ]      Memory: Undo Page Allocation                              0 / 0                 0 / 0                 0 / 0                 0 / 0           ops/s
[2023-11-16T15:12:25.585+0800][gc,stats    ]       Phase: Concurrent Mark                               0.000 / 0.000        21.531 / 24.050       21.531 / 24.050       21.531 / 24.050      ms
[2023-11-16T15:12:25.585+0800][gc,stats    ]       Phase: Concurrent Mark Continue                      0.000 / 0.000         0.000 / 0.000         0.000 / 0.000         0.000 / 0.000       ms
[2023-11-16T15:12:25.585+0800][gc,stats    ]       Phase: Concurrent Mark Free                          0.000 / 0.000         0.001 / 0.001         0.001 / 0.001         0.001 / 0.001       ms
[2023-11-16T15:12:25.585+0800][gc,stats    ]       Phase: Concurrent Process Non-Strong References      0.000 / 0.000         1.995 / 2.420         1.995 / 2.420         1.995 / 2.420       ms
[2023-11-16T15:12:25.585+0800][gc,stats    ]       Phase: Concurrent Relocate                           0.000 / 0.000         2.883 / 2.961         2.883 / 2.961         2.883 / 2.961       ms
[2023-11-16T15:12:25.585+0800][gc,stats    ]       Phase: Concurrent Reset Relocation Set               0.000 / 0.000         0.002 / 0.004         0.002 / 0.004         0.002 / 0.004       ms
[2023-11-16T15:12:25.585+0800][gc,stats    ]       Phase: Concurrent Select Relocation Set              0.000 / 0.000         4.861 / 8.184         4.861 / 8.184         4.861 / 8.184       ms
[2023-11-16T15:12:25.585+0800][gc,stats    ]       Phase: Pause Mark End                                0.000 / 0.000         0.017 / 0.019         0.017 / 0.019         0.017 / 0.019       ms
[2023-11-16T15:12:25.585+0800][gc,stats    ]       Phase: Pause Mark Start                              0.000 / 0.000         0.023 / 0.031         0.023 / 0.031         0.023 / 0.031       ms
[2023-11-16T15:12:25.585+0800][gc,stats    ]       Phase: Pause Relocate Start                          0.000 / 0.000         0.009 / 0.009         0.009 / 0.009         0.009 / 0.009       ms
[2023-11-16T15:12:25.585+0800][gc,stats    ]    Subphase: Concurrent Classes Purge                      0.000 / 0.000         0.066 / 0.071         0.066 / 0.071         0.066 / 0.071       ms
[2023-11-16T15:12:25.585+0800][gc,stats    ]    Subphase: Concurrent Classes Unlink                     0.000 / 0.000         1.264 / 1.492         1.264 / 1.492         1.264 / 1.492       ms
[2023-11-16T15:12:25.585+0800][gc,stats    ]    Subphase: Concurrent Mark                               0.000 / 0.000        18.504 / 22.997       18.504 / 22.997       18.504 / 22.997      ms
[2023-11-16T15:12:25.585+0800][gc,stats    ]    Subphase: Concurrent Mark Try Flush                     0.000 / 0.000         0.201 / 0.455         0.201 / 0.455         0.201 / 0.455       ms
[2023-11-16T15:12:25.585+0800][gc,stats    ]    Subphase: Concurrent Mark Try Terminate                 0.000 / 0.000         4.353 / 12.985        4.353 / 12.985        4.353 / 12.985      ms
[2023-11-16T15:12:25.585+0800][gc,stats    ]    Subphase: Concurrent References Enqueue                 0.000 / 0.000         0.004 / 0.004         0.004 / 0.004         0.004 / 0.004       ms
[2023-11-16T15:12:25.586+0800][gc,stats    ]    Subphase: Concurrent References Process                 0.000 / 0.000         0.104 / 0.123         0.104 / 0.123         0.104 / 0.123       ms
[2023-11-16T15:12:25.586+0800][gc,stats    ]    Subphase: Concurrent Roots ClassLoaderDataGraph         0.000 / 0.000         0.107 / 0.428         0.107 / 0.428         0.107 / 0.428       ms
[2023-11-16T15:12:25.586+0800][gc,stats    ]    Subphase: Concurrent Roots CodeCache                    0.000 / 0.000         0.000 / 0.000         0.000 / 0.000         0.000 / 0.000       ms
[2023-11-16T15:12:25.586+0800][gc,stats    ]    Subphase: Concurrent Roots JavaThreads                  0.000 / 0.000         1.013 / 1.707         1.013 / 1.707         1.013 / 1.707       ms
[2023-11-16T15:12:25.586+0800][gc,stats    ]    Subphase: Concurrent Roots OopStorageSet                0.000 / 0.000         0.146 / 0.289         0.146 / 0.289         0.146 / 0.289       ms
[2023-11-16T15:12:25.586+0800][gc,stats    ]    Subphase: Concurrent Weak Roots OopStorageSet           0.000 / 0.000         0.440 / 0.670         0.440 / 0.670         0.440 / 0.670       ms
[2023-11-16T15:12:25.586+0800][gc,stats    ]    Subphase: Pause Mark Try Complete                       0.000 / 0.000         0.000 / 0.000         0.000 / 0.000         0.000 / 0.000       ms
[2023-11-16T15:12:25.586+0800][gc,stats    ]      System: Java Threads                                      0 / 0                34 / 47               34 / 47               34 / 47          threads
[2023-11-16T15:12:25.586+0800][gc,stats    ] =========================================================================================================================================================
[2023-11-16T15:12:35.589+0800][gc,stats    ] === Garbage Collection Statistics =======================================================================================================================
[2023-11-16T15:12:35.589+0800][gc,stats    ]                                                              Last 10s              Last 10m              Last 10h                Total
[2023-11-16T15:12:35.589+0800][gc,stats    ]                                                              Avg / Max             Avg / Max             Avg / Max             Avg / Max
[2023-11-16T15:12:35.589+0800][gc,stats    ]   Collector: Garbage Collection Cycle                      0.000 / 0.000        32.129 / 37.536       32.129 / 37.536       32.129 / 37.536      ms
[2023-11-16T15:12:35.589+0800][gc,stats    ]  Contention: Mark Segment Reset Contention                     0 / 0                 0 / 3                 0 / 3                 0 / 3           ops/s
[2023-11-16T15:12:35.589+0800][gc,stats    ]  Contention: Mark SeqNum Reset Contention                      0 / 0                 0 / 0                 0 / 0                 0 / 0           ops/s
[2023-11-16T15:12:35.589+0800][gc,stats    ]    Critical: Allocation Stall                                  0 / 0                 0 / 0                 0 / 0                 0 / 0           ops/s
[2023-11-16T15:12:35.589+0800][gc,stats    ]    Critical: Allocation Stall                              0.000 / 0.000         0.000 / 0.000         0.000 / 0.000         0.000 / 0.000       ms
[2023-11-16T15:12:35.589+0800][gc,stats    ]    Critical: GC Locker Stall                                   0 / 0                 0 / 0                 0 / 0                 0 / 0           ops/s
[2023-11-16T15:12:35.589+0800][gc,stats    ]    Critical: GC Locker Stall                               0.000 / 0.000         0.000 / 0.000         0.000 / 0.000         0.000 / 0.000       ms
[2023-11-16T15:12:35.589+0800][gc,stats    ]    Critical: Relocation Stall                                  0 / 0                 0 / 0                 0 / 0                 0 / 0           ops/s
[2023-11-16T15:12:35.589+0800][gc,stats    ]    Critical: Relocation Stall                              0.000 / 0.000         0.000 / 0.000         0.000 / 0.000         0.000 / 0.000       ms
[2023-11-16T15:12:35.589+0800][gc,stats    ]      Memory: Allocation Rate                                   0 / 2                 0 / 82                0 / 82                0 / 82          MB/s
[2023-11-16T15:12:35.589+0800][gc,stats    ]      Memory: Defragment                                        0 / 0                 0 / 0                 0 / 0                 0 / 0           ops/s
[2023-11-16T15:12:35.589+0800][gc,stats    ]      Memory: Out Of Memory                                     0 / 0                 0 / 0                 0 / 0                 0 / 0           ops/s
[2023-11-16T15:12:35.589+0800][gc,stats    ]      Memory: Page Cache Flush                                  0 / 0                 0 / 0                 0 / 0                 0 / 0           MB/s
[2023-11-16T15:12:35.589+0800][gc,stats    ]      Memory: Page Cache Hit L1                                 0 / 1                 0 / 33                0 / 33                0 / 33          ops/s
[2023-11-16T15:12:35.589+0800][gc,stats    ]      Memory: Page Cache Hit L2                                 0 / 0                 0 / 0                 0 / 0                 0 / 0           ops/s
[2023-11-16T15:12:35.589+0800][gc,stats    ]      Memory: Page Cache Hit L3                                 0 / 0                 0 / 41                0 / 41                0 / 41          ops/s
[2023-11-16T15:12:35.589+0800][gc,stats    ]      Memory: Page Cache Miss                                   0 / 0                 0 / 1                 0 / 1                 0 / 1           ops/s
[2023-11-16T15:12:35.589+0800][gc,stats    ]      Memory: Uncommit                                          0 / 0                 0 / 0                 0 / 0                 0 / 0           MB/s
[2023-11-16T15:12:35.589+0800][gc,stats    ]      Memory: Undo Object Allocation Failed                     0 / 0                 0 / 0                 0 / 0                 0 / 0           ops/s
[2023-11-16T15:12:35.589+0800][gc,stats    ]      Memory: Undo Object Allocation Succeeded                  0 / 0                 0 / 3                 0 / 3                 0 / 3           ops/s
[2023-11-16T15:12:35.589+0800][gc,stats    ]      Memory: Undo Page Allocation                              0 / 0                 0 / 0                 0 / 0                 0 / 0           ops/s
[2023-11-16T15:12:35.589+0800][gc,stats    ]       Phase: Concurrent Mark                               0.000 / 0.000        21.531 / 24.050       21.531 / 24.050       21.531 / 24.050      ms
[2023-11-16T15:12:35.589+0800][gc,stats    ]       Phase: Concurrent Mark Continue                      0.000 / 0.000         0.000 / 0.000         0.000 / 0.000         0.000 / 0.000       ms
[2023-11-16T15:12:35.589+0800][gc,stats    ]       Phase: Concurrent Mark Free                          0.000 / 0.000         0.001 / 0.001         0.001 / 0.001         0.001 / 0.001       ms
[2023-11-16T15:12:35.589+0800][gc,stats    ]       Phase: Concurrent Process Non-Strong References      0.000 / 0.000         1.995 / 2.420         1.995 / 2.420         1.995 / 2.420       ms
[2023-11-16T15:12:35.589+0800][gc,stats    ]       Phase: Concurrent Relocate                           0.000 / 0.000         2.883 / 2.961         2.883 / 2.961         2.883 / 2.961       ms
[2023-11-16T15:12:35.589+0800][gc,stats    ]       Phase: Concurrent Reset Relocation Set               0.000 / 0.000         0.002 / 0.004         0.002 / 0.004         0.002 / 0.004       ms
[2023-11-16T15:12:35.589+0800][gc,stats    ]       Phase: Concurrent Select Relocation Set              0.000 / 0.000         4.861 / 8.184         4.861 / 8.184         4.861 / 8.184       ms
[2023-11-16T15:12:35.589+0800][gc,stats    ]       Phase: Pause Mark End                                0.000 / 0.000         0.017 / 0.019         0.017 / 0.019         0.017 / 0.019       ms
[2023-11-16T15:12:35.589+0800][gc,stats    ]       Phase: Pause Mark Start                              0.000 / 0.000         0.023 / 0.031         0.023 / 0.031         0.023 / 0.031       ms
[2023-11-16T15:12:35.589+0800][gc,stats    ]       Phase: Pause Relocate Start                          0.000 / 0.000         0.009 / 0.009         0.009 / 0.009         0.009 / 0.009       ms
[2023-11-16T15:12:35.589+0800][gc,stats    ]    Subphase: Concurrent Classes Purge                      0.000 / 0.000         0.066 / 0.071         0.066 / 0.071         0.066 / 0.071       ms
[2023-11-16T15:12:35.589+0800][gc,stats    ]    Subphase: Concurrent Classes Unlink                     0.000 / 0.000         1.264 / 1.492         1.264 / 1.492         1.264 / 1.492       ms
[2023-11-16T15:12:35.589+0800][gc,stats    ]    Subphase: Concurrent Mark                               0.000 / 0.000        18.504 / 22.997       18.504 / 22.997       18.504 / 22.997      ms
[2023-11-16T15:12:35.589+0800][gc,stats    ]    Subphase: Concurrent Mark Try Flush                     0.000 / 0.000         0.201 / 0.455         0.201 / 0.455         0.201 / 0.455       ms
[2023-11-16T15:12:35.589+0800][gc,stats    ]    Subphase: Concurrent Mark Try Terminate                 0.000 / 0.000         4.353 / 12.985        4.353 / 12.985        4.353 / 12.985      ms
[2023-11-16T15:12:35.589+0800][gc,stats    ]    Subphase: Concurrent References Enqueue                 0.000 / 0.000         0.004 / 0.004         0.004 / 0.004         0.004 / 0.004       ms
[2023-11-16T15:12:35.589+0800][gc,stats    ]    Subphase: Concurrent References Process                 0.000 / 0.000         0.104 / 0.123         0.104 / 0.123         0.104 / 0.123       ms
[2023-11-16T15:12:35.589+0800][gc,stats    ]    Subphase: Concurrent Roots ClassLoaderDataGraph         0.000 / 0.000         0.107 / 0.428         0.107 / 0.428         0.107 / 0.428       ms
[2023-11-16T15:12:35.589+0800][gc,stats    ]    Subphase: Concurrent Roots CodeCache                    0.000 / 0.000         0.000 / 0.000         0.000 / 0.000         0.000 / 0.000       ms
[2023-11-16T15:12:35.589+0800][gc,stats    ]    Subphase: Concurrent Roots JavaThreads                  0.000 / 0.000         1.013 / 1.707         1.013 / 1.707         1.013 / 1.707       ms
[2023-11-16T15:12:35.589+0800][gc,stats    ]    Subphase: Concurrent Roots OopStorageSet                0.000 / 0.000         0.146 / 0.289         0.146 / 0.289         0.146 / 0.289       ms
[2023-11-16T15:12:35.589+0800][gc,stats    ]    Subphase: Concurrent Weak Roots OopStorageSet           0.000 / 0.000         0.440 / 0.670         0.440 / 0.670         0.440 / 0.670       ms
[2023-11-16T15:12:35.589+0800][gc,stats    ]    Subphase: Pause Mark Try Complete                       0.000 / 0.000         0.000 / 0.000         0.000 / 0.000         0.000 / 0.000       ms
[2023-11-16T15:12:35.589+0800][gc,stats    ]      System: Java Threads                                      0 / 0                34 / 47               34 / 47               34 / 47          threads
[2023-11-16T15:12:35.589+0800][gc,stats    ] =========================================================================================================================================================
[2023-11-16T15:12:45.584+0800][gc,stats    ] === Garbage Collection Statistics =======================================================================================================================
[2023-11-16T15:12:45.584+0800][gc,stats    ]                                                              Last 10s              Last 10m              Last 10h                Total
[2023-11-16T15:12:45.584+0800][gc,stats    ]                                                              Avg / Max             Avg / Max             Avg / Max             Avg / Max
[2023-11-16T15:12:45.584+0800][gc,stats    ]   Collector: Garbage Collection Cycle                      0.000 / 0.000        32.129 / 37.536       32.129 / 37.536       32.129 / 37.536      ms
[2023-11-16T15:12:45.584+0800][gc,stats    ]  Contention: Mark Segment Reset Contention                     0 / 0                 0 / 3                 0 / 3                 0 / 3           ops/s
[2023-11-16T15:12:45.584+0800][gc,stats    ]  Contention: Mark SeqNum Reset Contention                      0 / 0                 0 / 0                 0 / 0                 0 / 0           ops/s
[2023-11-16T15:12:45.584+0800][gc,stats    ]    Critical: Allocation Stall                                  0 / 0                 0 / 0                 0 / 0                 0 / 0           ops/s
[2023-11-16T15:12:45.584+0800][gc,stats    ]    Critical: Allocation Stall                              0.000 / 0.000         0.000 / 0.000         0.000 / 0.000         0.000 / 0.000       ms
[2023-11-16T15:12:45.584+0800][gc,stats    ]    Critical: GC Locker Stall                                   0 / 0                 0 / 0                 0 / 0                 0 / 0           ops/s
[2023-11-16T15:12:45.584+0800][gc,stats    ]    Critical: GC Locker Stall                               0.000 / 0.000         0.000 / 0.000         0.000 / 0.000         0.000 / 0.000       ms
[2023-11-16T15:12:45.584+0800][gc,stats    ]    Critical: Relocation Stall                                  0 / 0                 0 / 0                 0 / 0                 0 / 0           ops/s
[2023-11-16T15:12:45.584+0800][gc,stats    ]    Critical: Relocation Stall                              0.000 / 0.000         0.000 / 0.000         0.000 / 0.000         0.000 / 0.000       ms
[2023-11-16T15:12:45.584+0800][gc,stats    ]      Memory: Allocation Rate                                   0 / 0                 0 / 82                0 / 82                0 / 82          MB/s
[2023-11-16T15:12:45.584+0800][gc,stats    ]      Memory: Defragment                                        0 / 0                 0 / 0                 0 / 0                 0 / 0           ops/s
[2023-11-16T15:12:45.584+0800][gc,stats    ]      Memory: Out Of Memory                                     0 / 0                 0 / 0                 0 / 0                 0 / 0           ops/s
[2023-11-16T15:12:45.584+0800][gc,stats    ]      Memory: Page Cache Flush                                  0 / 0                 0 / 0                 0 / 0                 0 / 0           MB/s
[2023-11-16T15:12:45.584+0800][gc,stats    ]      Memory: Page Cache Hit L1                                 0 / 0                 0 / 33                0 / 33                0 / 33          ops/s
[2023-11-16T15:12:45.584+0800][gc,stats    ]      Memory: Page Cache Hit L2                                 0 / 0                 0 / 0                 0 / 0                 0 / 0           ops/s
[2023-11-16T15:12:45.584+0800][gc,stats    ]      Memory: Page Cache Hit L3                                 0 / 0                 0 / 41                0 / 41                0 / 41          ops/s
[2023-11-16T15:12:45.584+0800][gc,stats    ]      Memory: Page Cache Miss                                   0 / 0                 0 / 1                 0 / 1                 0 / 1           ops/s
[2023-11-16T15:12:45.584+0800][gc,stats    ]      Memory: Uncommit                                          0 / 0                 0 / 0                 0 / 0                 0 / 0           MB/s
[2023-11-16T15:12:45.584+0800][gc,stats    ]      Memory: Undo Object Allocation Failed                     0 / 0                 0 / 0                 0 / 0                 0 / 0           ops/s
[2023-11-16T15:12:45.584+0800][gc,stats    ]      Memory: Undo Object Allocation Succeeded                  0 / 0                 0 / 3                 0 / 3                 0 / 3           ops/s
[2023-11-16T15:12:45.584+0800][gc,stats    ]      Memory: Undo Page Allocation                              0 / 0                 0 / 0                 0 / 0                 0 / 0           ops/s
[2023-11-16T15:12:45.584+0800][gc,stats    ]       Phase: Concurrent Mark                               0.000 / 0.000        21.531 / 24.050       21.531 / 24.050       21.531 / 24.050      ms
[2023-11-16T15:12:45.584+0800][gc,stats    ]       Phase: Concurrent Mark Continue                      0.000 / 0.000         0.000 / 0.000         0.000 / 0.000         0.000 / 0.000       ms
[2023-11-16T15:12:45.584+0800][gc,stats    ]       Phase: Concurrent Mark Free                          0.000 / 0.000         0.001 / 0.001         0.001 / 0.001         0.001 / 0.001       ms
[2023-11-16T15:12:45.584+0800][gc,stats    ]       Phase: Concurrent Process Non-Strong References      0.000 / 0.000         1.995 / 2.420         1.995 / 2.420         1.995 / 2.420       ms
[2023-11-16T15:12:45.584+0800][gc,stats    ]       Phase: Concurrent Relocate                           0.000 / 0.000         2.883 / 2.961         2.883 / 2.961         2.883 / 2.961       ms
[2023-11-16T15:12:45.584+0800][gc,stats    ]       Phase: Concurrent Reset Relocation Set               0.000 / 0.000         0.002 / 0.004         0.002 / 0.004         0.002 / 0.004       ms
[2023-11-16T15:12:45.584+0800][gc,stats    ]       Phase: Concurrent Select Relocation Set              0.000 / 0.000         4.861 / 8.184         4.861 / 8.184         4.861 / 8.184       ms
[2023-11-16T15:12:45.584+0800][gc,stats    ]       Phase: Pause Mark End                                0.000 / 0.000         0.017 / 0.019         0.017 / 0.019         0.017 / 0.019       ms
[2023-11-16T15:12:45.584+0800][gc,stats    ]       Phase: Pause Mark Start                              0.000 / 0.000         0.023 / 0.031         0.023 / 0.031         0.023 / 0.031       ms
[2023-11-16T15:12:45.584+0800][gc,stats    ]       Phase: Pause Relocate Start                          0.000 / 0.000         0.009 / 0.009         0.009 / 0.009         0.009 / 0.009       ms
[2023-11-16T15:12:45.584+0800][gc,stats    ]    Subphase: Concurrent Classes Purge                      0.000 / 0.000         0.066 / 0.071         0.066 / 0.071         0.066 / 0.071       ms
[2023-11-16T15:12:45.584+0800][gc,stats    ]    Subphase: Concurrent Classes Unlink                     0.000 / 0.000         1.264 / 1.492         1.264 / 1.492         1.264 / 1.492       ms
[2023-11-16T15:12:45.584+0800][gc,stats    ]    Subphase: Concurrent Mark                               0.000 / 0.000        18.504 / 22.997       18.504 / 22.997       18.504 / 22.997      ms
[2023-11-16T15:12:45.584+0800][gc,stats    ]    Subphase: Concurrent Mark Try Flush                     0.000 / 0.000         0.201 / 0.455         0.201 / 0.455         0.201 / 0.455       ms
[2023-11-16T15:12:45.584+0800][gc,stats    ]    Subphase: Concurrent Mark Try Terminate                 0.000 / 0.000         4.353 / 12.985        4.353 / 12.985        4.353 / 12.985      ms
[2023-11-16T15:12:45.584+0800][gc,stats    ]    Subphase: Concurrent References Enqueue                 0.000 / 0.000         0.004 / 0.004         0.004 / 0.004         0.004 / 0.004       ms
[2023-11-16T15:12:45.584+0800][gc,stats    ]    Subphase: Concurrent References Process                 0.000 / 0.000         0.104 / 0.123         0.104 / 0.123         0.104 / 0.123       ms
[2023-11-16T15:12:45.584+0800][gc,stats    ]    Subphase: Concurrent Roots ClassLoaderDataGraph         0.000 / 0.000         0.107 / 0.428         0.107 / 0.428         0.107 / 0.428       ms
[2023-11-16T15:12:45.584+0800][gc,stats    ]    Subphase: Concurrent Roots CodeCache                    0.000 / 0.000         0.000 / 0.000         0.000 / 0.000         0.000 / 0.000       ms
[2023-11-16T15:12:45.585+0800][gc,stats    ]    Subphase: Concurrent Roots JavaThreads                  0.000 / 0.000         1.013 / 1.707         1.013 / 1.707         1.013 / 1.707       ms
[2023-11-16T15:12:45.585+0800][gc,stats    ]    Subphase: Concurrent Roots OopStorageSet                0.000 / 0.000         0.146 / 0.289         0.146 / 0.289         0.146 / 0.289       ms
[2023-11-16T15:12:45.585+0800][gc,stats    ]    Subphase: Concurrent Weak Roots OopStorageSet           0.000 / 0.000         0.440 / 0.670         0.440 / 0.670         0.440 / 0.670       ms
[2023-11-16T15:12:45.585+0800][gc,stats    ]    Subphase: Pause Mark Try Complete                       0.000 / 0.000         0.000 / 0.000         0.000 / 0.000         0.000 / 0.000       ms
[2023-11-16T15:12:45.585+0800][gc,stats    ]      System: Java Threads                                      0 / 0                34 / 47               34 / 47               34 / 47          threads
[2023-11-16T15:12:45.585+0800][gc,stats    ] =========================================================================================================================================================
[2023-11-16T15:12:55.588+0800][gc,stats    ] === Garbage Collection Statistics =======================================================================================================================
[2023-11-16T15:12:55.588+0800][gc,stats    ]                                                              Last 10s              Last 10m              Last 10h                Total
[2023-11-16T15:12:55.588+0800][gc,stats    ]                                                              Avg / Max             Avg / Max             Avg / Max             Avg / Max
[2023-11-16T15:12:55.588+0800][gc,stats    ]   Collector: Garbage Collection Cycle                      0.000 / 0.000        32.129 / 37.536       32.129 / 37.536       32.129 / 37.536      ms
[2023-11-16T15:12:55.588+0800][gc,stats    ]  Contention: Mark Segment Reset Contention                     0 / 0                 0 / 3                 0 / 3                 0 / 3           ops/s
[2023-11-16T15:12:55.588+0800][gc,stats    ]  Contention: Mark SeqNum Reset Contention                      0 / 0                 0 / 0                 0 / 0                 0 / 0           ops/s
[2023-11-16T15:12:55.588+0800][gc,stats    ]    Critical: Allocation Stall                                  0 / 0                 0 / 0                 0 / 0                 0 / 0           ops/s
[2023-11-16T15:12:55.588+0800][gc,stats    ]    Critical: Allocation Stall                              0.000 / 0.000         0.000 / 0.000         0.000 / 0.000         0.000 / 0.000       ms
[2023-11-16T15:12:55.588+0800][gc,stats    ]    Critical: GC Locker Stall                                   0 / 0                 0 / 0                 0 / 0                 0 / 0           ops/s
[2023-11-16T15:12:55.588+0800][gc,stats    ]    Critical: GC Locker Stall                               0.000 / 0.000         0.000 / 0.000         0.000 / 0.000         0.000 / 0.000       ms
[2023-11-16T15:12:55.588+0800][gc,stats    ]    Critical: Relocation Stall                                  0 / 0                 0 / 0                 0 / 0                 0 / 0           ops/s
[2023-11-16T15:12:55.588+0800][gc,stats    ]    Critical: Relocation Stall                              0.000 / 0.000         0.000 / 0.000         0.000 / 0.000         0.000 / 0.000       ms
[2023-11-16T15:12:55.588+0800][gc,stats    ]      Memory: Allocation Rate                                   0 / 0                 0 / 82                0 / 82                0 / 82          MB/s
[2023-11-16T15:12:55.589+0800][gc,stats    ]      Memory: Defragment                                        0 / 0                 0 / 0                 0 / 0                 0 / 0           ops/s
[2023-11-16T15:12:55.589+0800][gc,stats    ]      Memory: Out Of Memory                                     0 / 0                 0 / 0                 0 / 0                 0 / 0           ops/s
[2023-11-16T15:12:55.589+0800][gc,stats    ]      Memory: Page Cache Flush                                  0 / 0                 0 / 0                 0 / 0                 0 / 0           MB/s
[2023-11-16T15:12:55.589+0800][gc,stats    ]      Memory: Page Cache Hit L1                                 0 / 0                 0 / 33                0 / 33                0 / 33          ops/s
[2023-11-16T15:12:55.589+0800][gc,stats    ]      Memory: Page Cache Hit L2                                 0 / 0                 0 / 0                 0 / 0                 0 / 0           ops/s
[2023-11-16T15:12:55.589+0800][gc,stats    ]      Memory: Page Cache Hit L3                                 0 / 0                 0 / 41                0 / 41                0 / 41          ops/s
[2023-11-16T15:12:55.589+0800][gc,stats    ]      Memory: Page Cache Miss                                   0 / 0                 0 / 1                 0 / 1                 0 / 1           ops/s
[2023-11-16T15:12:55.589+0800][gc,stats    ]      Memory: Uncommit                                          0 / 0                 0 / 0                 0 / 0                 0 / 0           MB/s
[2023-11-16T15:12:55.589+0800][gc,stats    ]      Memory: Undo Object Allocation Failed                     0 / 0                 0 / 0                 0 / 0                 0 / 0           ops/s
[2023-11-16T15:12:55.589+0800][gc,stats    ]      Memory: Undo Object Allocation Succeeded                  0 / 0                 0 / 3                 0 / 3                 0 / 3           ops/s
[2023-11-16T15:12:55.589+0800][gc,stats    ]      Memory: Undo Page Allocation                              0 / 0                 0 / 0                 0 / 0                 0 / 0           ops/s
[2023-11-16T15:12:55.589+0800][gc,stats    ]       Phase: Concurrent Mark                               0.000 / 0.000        21.531 / 24.050       21.531 / 24.050       21.531 / 24.050      ms
[2023-11-16T15:12:55.589+0800][gc,stats    ]       Phase: Concurrent Mark Continue                      0.000 / 0.000         0.000 / 0.000         0.000 / 0.000         0.000 / 0.000       ms
[2023-11-16T15:12:55.589+0800][gc,stats    ]       Phase: Concurrent Mark Free                          0.000 / 0.000         0.001 / 0.001         0.001 / 0.001         0.001 / 0.001       ms
[2023-11-16T15:12:55.589+0800][gc,stats    ]       Phase: Concurrent Process Non-Strong References      0.000 / 0.000         1.995 / 2.420         1.995 / 2.420         1.995 / 2.420       ms
[2023-11-16T15:12:55.589+0800][gc,stats    ]       Phase: Concurrent Relocate                           0.000 / 0.000         2.883 / 2.961         2.883 / 2.961         2.883 / 2.961       ms
[2023-11-16T15:12:55.589+0800][gc,stats    ]       Phase: Concurrent Reset Relocation Set               0.000 / 0.000         0.002 / 0.004         0.002 / 0.004         0.002 / 0.004       ms
[2023-11-16T15:12:55.589+0800][gc,stats    ]       Phase: Concurrent Select Relocation Set              0.000 / 0.000         4.861 / 8.184         4.861 / 8.184         4.861 / 8.184       ms
[2023-11-16T15:12:55.589+0800][gc,stats    ]       Phase: Pause Mark End                                0.000 / 0.000         0.017 / 0.019         0.017 / 0.019         0.017 / 0.019       ms
[2023-11-16T15:12:55.589+0800][gc,stats    ]       Phase: Pause Mark Start                              0.000 / 0.000         0.023 / 0.031         0.023 / 0.031         0.023 / 0.031       ms
[2023-11-16T15:12:55.589+0800][gc,stats    ]       Phase: Pause Relocate Start                          0.000 / 0.000         0.009 / 0.009         0.009 / 0.009         0.009 / 0.009       ms
[2023-11-16T15:12:55.589+0800][gc,stats    ]    Subphase: Concurrent Classes Purge                      0.000 / 0.000         0.066 / 0.071         0.066 / 0.071         0.066 / 0.071       ms
[2023-11-16T15:12:55.589+0800][gc,stats    ]    Subphase: Concurrent Classes Unlink                     0.000 / 0.000         1.264 / 1.492         1.264 / 1.492         1.264 / 1.492       ms
[2023-11-16T15:12:55.589+0800][gc,stats    ]    Subphase: Concurrent Mark                               0.000 / 0.000        18.504 / 22.997       18.504 / 22.997       18.504 / 22.997      ms
[2023-11-16T15:12:55.589+0800][gc,stats    ]    Subphase: Concurrent Mark Try Flush                     0.000 / 0.000         0.201 / 0.455         0.201 / 0.455         0.201 / 0.455       ms
[2023-11-16T15:12:55.589+0800][gc,stats    ]    Subphase: Concurrent Mark Try Terminate                 0.000 / 0.000         4.353 / 12.985        4.353 / 12.985        4.353 / 12.985      ms
[2023-11-16T15:12:55.589+0800][gc,stats    ]    Subphase: Concurrent References Enqueue                 0.000 / 0.000         0.004 / 0.004         0.004 / 0.004         0.004 / 0.004       ms
[2023-11-16T15:12:55.589+0800][gc,stats    ]    Subphase: Concurrent References Process                 0.000 / 0.000         0.104 / 0.123         0.104 / 0.123         0.104 / 0.123       ms
[2023-11-16T15:12:55.589+0800][gc,stats    ]    Subphase: Concurrent Roots ClassLoaderDataGraph         0.000 / 0.000         0.107 / 0.428         0.107 / 0.428         0.107 / 0.428       ms
[2023-11-16T15:12:55.589+0800][gc,stats    ]    Subphase: Concurrent Roots CodeCache                    0.000 / 0.000         0.000 / 0.000         0.000 / 0.000         0.000 / 0.000       ms
[2023-11-16T15:12:55.589+0800][gc,stats    ]    Subphase: Concurrent Roots JavaThreads                  0.000 / 0.000         1.013 / 1.707         1.013 / 1.707         1.013 / 1.707       ms
[2023-11-16T15:12:55.589+0800][gc,stats    ]    Subphase: Concurrent Roots OopStorageSet                0.000 / 0.000         0.146 / 0.289         0.146 / 0.289         0.146 / 0.289       ms
[2023-11-16T15:12:55.589+0800][gc,stats    ]    Subphase: Concurrent Weak Roots OopStorageSet           0.000 / 0.000         0.440 / 0.670         0.440 / 0.670         0.440 / 0.670       ms
[2023-11-16T15:12:55.589+0800][gc,stats    ]    Subphase: Pause Mark Try Complete                       0.000 / 0.000         0.000 / 0.000         0.000 / 0.000         0.000 / 0.000       ms
[2023-11-16T15:12:55.589+0800][gc,stats    ]      System: Java Threads                                      0 / 0                34 / 47               34 / 47               34 / 47          threads
[2023-11-16T15:12:55.589+0800][gc,stats    ] =========================================================================================================================================================
[2023-11-16T15:13:05.590+0800][gc,stats    ] === Garbage Collection Statistics =======================================================================================================================
[2023-11-16T15:13:05.590+0800][gc,stats    ]                                                              Last 10s              Last 10m              Last 10h                Total
[2023-11-16T15:13:05.590+0800][gc,stats    ]                                                              Avg / Max             Avg / Max             Avg / Max             Avg / Max
[2023-11-16T15:13:05.590+0800][gc,stats    ]   Collector: Garbage Collection Cycle                      0.000 / 0.000        32.129 / 37.536       32.129 / 37.536       32.129 / 37.536      ms
[2023-11-16T15:13:05.590+0800][gc,stats    ]  Contention: Mark Segment Reset Contention                     0 / 0                 0 / 3                 0 / 3                 0 / 3           ops/s
[2023-11-16T15:13:05.590+0800][gc,stats    ]  Contention: Mark SeqNum Reset Contention                      0 / 0                 0 / 0                 0 / 0                 0 / 0           ops/s
[2023-11-16T15:13:05.590+0800][gc,stats    ]    Critical: Allocation Stall                                  0 / 0                 0 / 0                 0 / 0                 0 / 0           ops/s
[2023-11-16T15:13:05.590+0800][gc,stats    ]    Critical: Allocation Stall                              0.000 / 0.000         0.000 / 0.000         0.000 / 0.000         0.000 / 0.000       ms
[2023-11-16T15:13:05.590+0800][gc,stats    ]    Critical: GC Locker Stall                                   0 / 0                 0 / 0                 0 / 0                 0 / 0           ops/s
[2023-11-16T15:13:05.590+0800][gc,stats    ]    Critical: GC Locker Stall                               0.000 / 0.000         0.000 / 0.000         0.000 / 0.000         0.000 / 0.000       ms
[2023-11-16T15:13:05.590+0800][gc,stats    ]    Critical: Relocation Stall                                  0 / 0                 0 / 0                 0 / 0                 0 / 0           ops/s
[2023-11-16T15:13:05.590+0800][gc,stats    ]    Critical: Relocation Stall                              0.000 / 0.000         0.000 / 0.000         0.000 / 0.000         0.000 / 0.000       ms
[2023-11-16T15:13:05.590+0800][gc,stats    ]      Memory: Allocation Rate                                   0 / 0                 0 / 82                0 / 82                0 / 82          MB/s
[2023-11-16T15:13:05.590+0800][gc,stats    ]      Memory: Defragment                                        0 / 0                 0 / 0                 0 / 0                 0 / 0           ops/s
[2023-11-16T15:13:05.590+0800][gc,stats    ]      Memory: Out Of Memory                                     0 / 0                 0 / 0                 0 / 0                 0 / 0           ops/s
[2023-11-16T15:13:05.590+0800][gc,stats    ]      Memory: Page Cache Flush                                  0 / 0                 0 / 0                 0 / 0                 0 / 0           MB/s
[2023-11-16T15:13:05.590+0800][gc,stats    ]      Memory: Page Cache Hit L1                                 0 / 0                 0 / 33                0 / 33                0 / 33          ops/s
[2023-11-16T15:13:05.590+0800][gc,stats    ]      Memory: Page Cache Hit L2                                 0 / 0                 0 / 0                 0 / 0                 0 / 0           ops/s
[2023-11-16T15:13:05.590+0800][gc,stats    ]      Memory: Page Cache Hit L3                                 0 / 0                 0 / 41                0 / 41                0 / 41          ops/s
[2023-11-16T15:13:05.590+0800][gc,stats    ]      Memory: Page Cache Miss                                   0 / 0                 0 / 1                 0 / 1                 0 / 1           ops/s
[2023-11-16T15:13:05.590+0800][gc,stats    ]      Memory: Uncommit                                          0 / 0                 0 / 0                 0 / 0                 0 / 0           MB/s
[2023-11-16T15:13:05.590+0800][gc,stats    ]      Memory: Undo Object Allocation Failed                     0 / 0                 0 / 0                 0 / 0                 0 / 0           ops/s
[2023-11-16T15:13:05.590+0800][gc,stats    ]      Memory: Undo Object Allocation Succeeded                  0 / 0                 0 / 3                 0 / 3                 0 / 3           ops/s
[2023-11-16T15:13:05.590+0800][gc,stats    ]      Memory: Undo Page Allocation                              0 / 0                 0 / 0                 0 / 0                 0 / 0           ops/s
[2023-11-16T15:13:05.590+0800][gc,stats    ]       Phase: Concurrent Mark                               0.000 / 0.000        21.531 / 24.050       21.531 / 24.050       21.531 / 24.050      ms
[2023-11-16T15:13:05.590+0800][gc,stats    ]       Phase: Concurrent Mark Continue                      0.000 / 0.000         0.000 / 0.000         0.000 / 0.000         0.000 / 0.000       ms
[2023-11-16T15:13:05.590+0800][gc,stats    ]       Phase: Concurrent Mark Free                          0.000 / 0.000         0.001 / 0.001         0.001 / 0.001         0.001 / 0.001       ms
[2023-11-16T15:13:05.590+0800][gc,stats    ]       Phase: Concurrent Process Non-Strong References      0.000 / 0.000         1.995 / 2.420         1.995 / 2.420         1.995 / 2.420       ms
[2023-11-16T15:13:05.590+0800][gc,stats    ]       Phase: Concurrent Relocate                           0.000 / 0.000         2.883 / 2.961         2.883 / 2.961         2.883 / 2.961       ms
[2023-11-16T15:13:05.590+0800][gc,stats    ]       Phase: Concurrent Reset Relocation Set               0.000 / 0.000         0.002 / 0.004         0.002 / 0.004         0.002 / 0.004       ms
[2023-11-16T15:13:05.590+0800][gc,stats    ]       Phase: Concurrent Select Relocation Set              0.000 / 0.000         4.861 / 8.184         4.861 / 8.184         4.861 / 8.184       ms
[2023-11-16T15:13:05.590+0800][gc,stats    ]       Phase: Pause Mark End                                0.000 / 0.000         0.017 / 0.019         0.017 / 0.019         0.017 / 0.019       ms
[2023-11-16T15:13:05.590+0800][gc,stats    ]       Phase: Pause Mark Start                              0.000 / 0.000         0.023 / 0.031         0.023 / 0.031         0.023 / 0.031       ms
[2023-11-16T15:13:05.590+0800][gc,stats    ]       Phase: Pause Relocate Start                          0.000 / 0.000         0.009 / 0.009         0.009 / 0.009         0.009 / 0.009       ms
[2023-11-16T15:13:05.590+0800][gc,stats    ]    Subphase: Concurrent Classes Purge                      0.000 / 0.000         0.066 / 0.071         0.066 / 0.071         0.066 / 0.071       ms
[2023-11-16T15:13:05.590+0800][gc,stats    ]    Subphase: Concurrent Classes Unlink                     0.000 / 0.000         1.264 / 1.492         1.264 / 1.492         1.264 / 1.492       ms
[2023-11-16T15:13:05.590+0800][gc,stats    ]    Subphase: Concurrent Mark                               0.000 / 0.000        18.504 / 22.997       18.504 / 22.997       18.504 / 22.997      ms
[2023-11-16T15:13:05.590+0800][gc,stats    ]    Subphase: Concurrent Mark Try Flush                     0.000 / 0.000         0.201 / 0.455         0.201 / 0.455         0.201 / 0.455       ms
[2023-11-16T15:13:05.590+0800][gc,stats    ]    Subphase: Concurrent Mark Try Terminate                 0.000 / 0.000         4.353 / 12.985        4.353 / 12.985        4.353 / 12.985      ms
[2023-11-16T15:13:05.590+0800][gc,stats    ]    Subphase: Concurrent References Enqueue                 0.000 / 0.000         0.004 / 0.004         0.004 / 0.004         0.004 / 0.004       ms
[2023-11-16T15:13:05.590+0800][gc,stats    ]    Subphase: Concurrent References Process                 0.000 / 0.000         0.104 / 0.123         0.104 / 0.123         0.104 / 0.123       ms
[2023-11-16T15:13:05.590+0800][gc,stats    ]    Subphase: Concurrent Roots ClassLoaderDataGraph         0.000 / 0.000         0.107 / 0.428         0.107 / 0.428         0.107 / 0.428       ms
[2023-11-16T15:13:05.590+0800][gc,stats    ]    Subphase: Concurrent Roots CodeCache                    0.000 / 0.000         0.000 / 0.000         0.000 / 0.000         0.000 / 0.000       ms
[2023-11-16T15:13:05.590+0800][gc,stats    ]    Subphase: Concurrent Roots JavaThreads                  0.000 / 0.000         1.013 / 1.707         1.013 / 1.707         1.013 / 1.707       ms
[2023-11-16T15:13:05.591+0800][gc,stats    ]    Subphase: Concurrent Roots OopStorageSet                0.000 / 0.000         0.146 / 0.289         0.146 / 0.289         0.146 / 0.289       ms
[2023-11-16T15:13:05.591+0800][gc,stats    ]    Subphase: Concurrent Weak Roots OopStorageSet           0.000 / 0.000         0.440 / 0.670         0.440 / 0.670         0.440 / 0.670       ms
[2023-11-16T15:13:05.591+0800][gc,stats    ]    Subphase: Pause Mark Try Complete                       0.000 / 0.000         0.000 / 0.000         0.000 / 0.000         0.000 / 0.000       ms
[2023-11-16T15:13:05.591+0800][gc,stats    ]      System: Java Threads                                      0 / 0                34 / 47               34 / 47               34 / 47          threads
[2023-11-16T15:13:05.591+0800][gc,stats    ] =========================================================================================================================================================
[2023-11-16T15:13:15.585+0800][gc,stats    ] === Garbage Collection Statistics =======================================================================================================================
[2023-11-16T15:13:15.585+0800][gc,stats    ]                                                              Last 10s              Last 10m              Last 10h                Total
[2023-11-16T15:13:15.585+0800][gc,stats    ]                                                              Avg / Max             Avg / Max             Avg / Max             Avg / Max
[2023-11-16T15:13:15.585+0800][gc,stats    ]   Collector: Garbage Collection Cycle                      0.000 / 0.000        32.129 / 37.536       32.129 / 37.536       32.129 / 37.536      ms
[2023-11-16T15:13:15.585+0800][gc,stats    ]  Contention: Mark Segment Reset Contention                     0 / 0                 0 / 3                 0 / 3                 0 / 3           ops/s
[2023-11-16T15:13:15.585+0800][gc,stats    ]  Contention: Mark SeqNum Reset Contention                      0 / 0                 0 / 0                 0 / 0                 0 / 0           ops/s
[2023-11-16T15:13:15.585+0800][gc,stats    ]    Critical: Allocation Stall                                  0 / 0                 0 / 0                 0 / 0                 0 / 0           ops/s
[2023-11-16T15:13:15.585+0800][gc,stats    ]    Critical: Allocation Stall                              0.000 / 0.000         0.000 / 0.000         0.000 / 0.000         0.000 / 0.000       ms
[2023-11-16T15:13:15.585+0800][gc,stats    ]    Critical: GC Locker Stall                                   0 / 0                 0 / 0                 0 / 0                 0 / 0           ops/s
[2023-11-16T15:13:15.585+0800][gc,stats    ]    Critical: GC Locker Stall                               0.000 / 0.000         0.000 / 0.000         0.000 / 0.000         0.000 / 0.000       ms
[2023-11-16T15:13:15.585+0800][gc,stats    ]    Critical: Relocation Stall                                  0 / 0                 0 / 0                 0 / 0                 0 / 0           ops/s
[2023-11-16T15:13:15.585+0800][gc,stats    ]    Critical: Relocation Stall                              0.000 / 0.000         0.000 / 0.000         0.000 / 0.000         0.000 / 0.000       ms
[2023-11-16T15:13:15.585+0800][gc,stats    ]      Memory: Allocation Rate                                   0 / 8                 0 / 82                0 / 82                0 / 82          MB/s
[2023-11-16T15:13:15.585+0800][gc,stats    ]      Memory: Defragment                                        0 / 0                 0 / 0                 0 / 0                 0 / 0           ops/s
[2023-11-16T15:13:15.585+0800][gc,stats    ]      Memory: Out Of Memory                                     0 / 0                 0 / 0                 0 / 0                 0 / 0           ops/s
[2023-11-16T15:13:15.585+0800][gc,stats    ]      Memory: Page Cache Flush                                  0 / 0                 0 / 0                 0 / 0                 0 / 0           MB/s
[2023-11-16T15:13:15.585+0800][gc,stats    ]      Memory: Page Cache Hit L1                                 0 / 4                 0 / 33                0 / 33                0 / 33          ops/s
[2023-11-16T15:13:15.585+0800][gc,stats    ]      Memory: Page Cache Hit L2                                 0 / 0                 0 / 0                 0 / 0                 0 / 0           ops/s
[2023-11-16T15:13:15.585+0800][gc,stats    ]      Memory: Page Cache Hit L3                                 0 / 0                 0 / 41                0 / 41                0 / 41          ops/s
[2023-11-16T15:13:15.585+0800][gc,stats    ]      Memory: Page Cache Miss                                   0 / 0                 0 / 1                 0 / 1                 0 / 1           ops/s
[2023-11-16T15:13:15.585+0800][gc,stats    ]      Memory: Uncommit                                          0 / 0                 0 / 0                 0 / 0                 0 / 0           MB/s
[2023-11-16T15:13:15.585+0800][gc,stats    ]      Memory: Undo Object Allocation Failed                     0 / 0                 0 / 0                 0 / 0                 0 / 0           ops/s
[2023-11-16T15:13:15.585+0800][gc,stats    ]      Memory: Undo Object Allocation Succeeded                  0 / 0                 0 / 3                 0 / 3                 0 / 3           ops/s
[2023-11-16T15:13:15.585+0800][gc,stats    ]      Memory: Undo Page Allocation                              0 / 0                 0 / 0                 0 / 0                 0 / 0           ops/s
[2023-11-16T15:13:15.585+0800][gc,stats    ]       Phase: Concurrent Mark                               0.000 / 0.000        21.531 / 24.050       21.531 / 24.050       21.531 / 24.050      ms
[2023-11-16T15:13:15.585+0800][gc,stats    ]       Phase: Concurrent Mark Continue                      0.000 / 0.000         0.000 / 0.000         0.000 / 0.000         0.000 / 0.000       ms
[2023-11-16T15:13:15.585+0800][gc,stats    ]       Phase: Concurrent Mark Free                          0.000 / 0.000         0.001 / 0.001         0.001 / 0.001         0.001 / 0.001       ms
[2023-11-16T15:13:15.585+0800][gc,stats    ]       Phase: Concurrent Process Non-Strong References      0.000 / 0.000         1.995 / 2.420         1.995 / 2.420         1.995 / 2.420       ms
[2023-11-16T15:13:15.585+0800][gc,stats    ]       Phase: Concurrent Relocate                           0.000 / 0.000         2.883 / 2.961         2.883 / 2.961         2.883 / 2.961       ms
[2023-11-16T15:13:15.585+0800][gc,stats    ]       Phase: Concurrent Reset Relocation Set               0.000 / 0.000         0.002 / 0.004         0.002 / 0.004         0.002 / 0.004       ms
[2023-11-16T15:13:15.585+0800][gc,stats    ]       Phase: Concurrent Select Relocation Set              0.000 / 0.000         4.861 / 8.184         4.861 / 8.184         4.861 / 8.184       ms
[2023-11-16T15:13:15.585+0800][gc,stats    ]       Phase: Pause Mark End                                0.000 / 0.000         0.017 / 0.019         0.017 / 0.019         0.017 / 0.019       ms
[2023-11-16T15:13:15.585+0800][gc,stats    ]       Phase: Pause Mark Start                              0.000 / 0.000         0.023 / 0.031         0.023 / 0.031         0.023 / 0.031       ms
[2023-11-16T15:13:15.585+0800][gc,stats    ]       Phase: Pause Relocate Start                          0.000 / 0.000         0.009 / 0.009         0.009 / 0.009         0.009 / 0.009       ms
[2023-11-16T15:13:15.585+0800][gc,stats    ]    Subphase: Concurrent Classes Purge                      0.000 / 0.000         0.066 / 0.071         0.066 / 0.071         0.066 / 0.071       ms
[2023-11-16T15:13:15.585+0800][gc,stats    ]    Subphase: Concurrent Classes Unlink                     0.000 / 0.000         1.264 / 1.492         1.264 / 1.492         1.264 / 1.492       ms
[2023-11-16T15:13:15.585+0800][gc,stats    ]    Subphase: Concurrent Mark                               0.000 / 0.000        18.504 / 22.997       18.504 / 22.997       18.504 / 22.997      ms
[2023-11-16T15:13:15.585+0800][gc,stats    ]    Subphase: Concurrent Mark Try Flush                     0.000 / 0.000         0.201 / 0.455         0.201 / 0.455         0.201 / 0.455       ms
[2023-11-16T15:13:15.585+0800][gc,stats    ]    Subphase: Concurrent Mark Try Terminate                 0.000 / 0.000         4.353 / 12.985        4.353 / 12.985        4.353 / 12.985      ms
[2023-11-16T15:13:15.585+0800][gc,stats    ]    Subphase: Concurrent References Enqueue                 0.000 / 0.000         0.004 / 0.004         0.004 / 0.004         0.004 / 0.004       ms
[2023-11-16T15:13:15.585+0800][gc,stats    ]    Subphase: Concurrent References Process                 0.000 / 0.000         0.104 / 0.123         0.104 / 0.123         0.104 / 0.123       ms
[2023-11-16T15:13:15.585+0800][gc,stats    ]    Subphase: Concurrent Roots ClassLoaderDataGraph         0.000 / 0.000         0.107 / 0.428         0.107 / 0.428         0.107 / 0.428       ms
[2023-11-16T15:13:15.585+0800][gc,stats    ]    Subphase: Concurrent Roots CodeCache                    0.000 / 0.000         0.000 / 0.000         0.000 / 0.000         0.000 / 0.000       ms
[2023-11-16T15:13:15.585+0800][gc,stats    ]    Subphase: Concurrent Roots JavaThreads                  0.000 / 0.000         1.013 / 1.707         1.013 / 1.707         1.013 / 1.707       ms
[2023-11-16T15:13:15.586+0800][gc,stats    ]    Subphase: Concurrent Roots OopStorageSet                0.000 / 0.000         0.146 / 0.289         0.146 / 0.289         0.146 / 0.289       ms
[2023-11-16T15:13:15.586+0800][gc,stats    ]    Subphase: Concurrent Weak Roots OopStorageSet           0.000 / 0.000         0.440 / 0.670         0.440 / 0.670         0.440 / 0.670       ms
[2023-11-16T15:13:15.586+0800][gc,stats    ]    Subphase: Pause Mark Try Complete                       0.000 / 0.000         0.000 / 0.000         0.000 / 0.000         0.000 / 0.000       ms
[2023-11-16T15:13:15.586+0800][gc,stats    ]      System: Java Threads                                      0 / 0                34 / 47               34 / 47               34 / 47          threads
[2023-11-16T15:13:15.586+0800][gc,stats    ] =========================================================================================================================================================
[2023-11-16T15:13:25.579+0800][gc,stats    ] === Garbage Collection Statistics =======================================================================================================================
[2023-11-16T15:13:25.579+0800][gc,stats    ]                                                              Last 10s              Last 10m              Last 10h                Total
[2023-11-16T15:13:25.579+0800][gc,stats    ]                                                              Avg / Max             Avg / Max             Avg / Max             Avg / Max
[2023-11-16T15:13:25.579+0800][gc,stats    ]   Collector: Garbage Collection Cycle                      0.000 / 0.000        32.129 / 37.536       32.129 / 37.536       32.129 / 37.536      ms
[2023-11-16T15:13:25.579+0800][gc,stats    ]  Contention: Mark Segment Reset Contention                     0 / 0                 0 / 3                 0 / 3                 0 / 3           ops/s
[2023-11-16T15:13:25.579+0800][gc,stats    ]  Contention: Mark SeqNum Reset Contention                      0 / 0                 0 / 0                 0 / 0                 0 / 0           ops/s
[2023-11-16T15:13:25.579+0800][gc,stats    ]    Critical: Allocation Stall                                  0 / 0                 0 / 0                 0 / 0                 0 / 0           ops/s
[2023-11-16T15:13:25.579+0800][gc,stats    ]    Critical: Allocation Stall                              0.000 / 0.000         0.000 / 0.000         0.000 / 0.000         0.000 / 0.000       ms
[2023-11-16T15:13:25.579+0800][gc,stats    ]    Critical: GC Locker Stall                                   0 / 0                 0 / 0                 0 / 0                 0 / 0           ops/s
[2023-11-16T15:13:25.579+0800][gc,stats    ]    Critical: GC Locker Stall                               0.000 / 0.000         0.000 / 0.000         0.000 / 0.000         0.000 / 0.000       ms
[2023-11-16T15:13:25.579+0800][gc,stats    ]    Critical: Relocation Stall                                  0 / 0                 0 / 0                 0 / 0                 0 / 0           ops/s
[2023-11-16T15:13:25.579+0800][gc,stats    ]    Critical: Relocation Stall                              0.000 / 0.000         0.000 / 0.000         0.000 / 0.000         0.000 / 0.000       ms
[2023-11-16T15:13:25.579+0800][gc,stats    ]      Memory: Allocation Rate                                   0 / 0                 0 / 82                0 / 82                0 / 82          MB/s
[2023-11-16T15:13:25.579+0800][gc,stats    ]      Memory: Defragment                                        0 / 0                 0 / 0                 0 / 0                 0 / 0           ops/s
[2023-11-16T15:13:25.579+0800][gc,stats    ]      Memory: Out Of Memory                                     0 / 0                 0 / 0                 0 / 0                 0 / 0           ops/s
[2023-11-16T15:13:25.580+0800][gc,stats    ]      Memory: Page Cache Flush                                  0 / 0                 0 / 0                 0 / 0                 0 / 0           MB/s
[2023-11-16T15:13:25.580+0800][gc,stats    ]      Memory: Page Cache Hit L1                                 0 / 0                 0 / 33                0 / 33                0 / 33          ops/s
[2023-11-16T15:13:25.580+0800][gc,stats    ]      Memory: Page Cache Hit L2                                 0 / 0                 0 / 0                 0 / 0                 0 / 0           ops/s
[2023-11-16T15:13:25.580+0800][gc,stats    ]      Memory: Page Cache Hit L3                                 0 / 0                 0 / 41                0 / 41                0 / 41          ops/s
[2023-11-16T15:13:25.580+0800][gc,stats    ]      Memory: Page Cache Miss                                   0 / 0                 0 / 1                 0 / 1                 0 / 1           ops/s
[2023-11-16T15:13:25.580+0800][gc,stats    ]      Memory: Uncommit                                          0 / 0                 0 / 0                 0 / 0                 0 / 0           MB/s
[2023-11-16T15:13:25.580+0800][gc,stats    ]      Memory: Undo Object Allocation Failed                     0 / 0                 0 / 0                 0 / 0                 0 / 0           ops/s
[2023-11-16T15:13:25.580+0800][gc,stats    ]      Memory: Undo Object Allocation Succeeded                  0 / 0                 0 / 3                 0 / 3                 0 / 3           ops/s
[2023-11-16T15:13:25.580+0800][gc,stats    ]      Memory: Undo Page Allocation                              0 / 0                 0 / 0                 0 / 0                 0 / 0           ops/s
[2023-11-16T15:13:25.580+0800][gc,stats    ]       Phase: Concurrent Mark                               0.000 / 0.000        21.531 / 24.050       21.531 / 24.050       21.531 / 24.050      ms
[2023-11-16T15:13:25.580+0800][gc,stats    ]       Phase: Concurrent Mark Continue                      0.000 / 0.000         0.000 / 0.000         0.000 / 0.000         0.000 / 0.000       ms
[2023-11-16T15:13:25.580+0800][gc,stats    ]       Phase: Concurrent Mark Free                          0.000 / 0.000         0.001 / 0.001         0.001 / 0.001         0.001 / 0.001       ms
[2023-11-16T15:13:25.580+0800][gc,stats    ]       Phase: Concurrent Process Non-Strong References      0.000 / 0.000         1.995 / 2.420         1.995 / 2.420         1.995 / 2.420       ms
[2023-11-16T15:13:25.580+0800][gc,stats    ]       Phase: Concurrent Relocate                           0.000 / 0.000         2.883 / 2.961         2.883 / 2.961         2.883 / 2.961       ms
[2023-11-16T15:13:25.580+0800][gc,stats    ]       Phase: Concurrent Reset Relocation Set               0.000 / 0.000         0.002 / 0.004         0.002 / 0.004         0.002 / 0.004       ms
[2023-11-16T15:13:25.580+0800][gc,stats    ]       Phase: Concurrent Select Relocation Set              0.000 / 0.000         4.861 / 8.184         4.861 / 8.184         4.861 / 8.184       ms
[2023-11-16T15:13:25.580+0800][gc,stats    ]       Phase: Pause Mark End                                0.000 / 0.000         0.017 / 0.019         0.017 / 0.019         0.017 / 0.019       ms
[2023-11-16T15:13:25.580+0800][gc,stats    ]       Phase: Pause Mark Start                              0.000 / 0.000         0.023 / 0.031         0.023 / 0.031         0.023 / 0.031       ms
[2023-11-16T15:13:25.580+0800][gc,stats    ]       Phase: Pause Relocate Start                          0.000 / 0.000         0.009 / 0.009         0.009 / 0.009         0.009 / 0.009       ms
[2023-11-16T15:13:25.580+0800][gc,stats    ]    Subphase: Concurrent Classes Purge                      0.000 / 0.000         0.066 / 0.071         0.066 / 0.071         0.066 / 0.071       ms
[2023-11-16T15:13:25.580+0800][gc,stats    ]    Subphase: Concurrent Classes Unlink                     0.000 / 0.000         1.264 / 1.492         1.264 / 1.492         1.264 / 1.492       ms
[2023-11-16T15:13:25.580+0800][gc,stats    ]    Subphase: Concurrent Mark                               0.000 / 0.000        18.504 / 22.997       18.504 / 22.997       18.504 / 22.997      ms
[2023-11-16T15:13:25.580+0800][gc,stats    ]    Subphase: Concurrent Mark Try Flush                     0.000 / 0.000         0.201 / 0.455         0.201 / 0.455         0.201 / 0.455       ms
[2023-11-16T15:13:25.580+0800][gc,stats    ]    Subphase: Concurrent Mark Try Terminate                 0.000 / 0.000         4.353 / 12.985        4.353 / 12.985        4.353 / 12.985      ms
[2023-11-16T15:13:25.580+0800][gc,stats    ]    Subphase: Concurrent References Enqueue                 0.000 / 0.000         0.004 / 0.004         0.004 / 0.004         0.004 / 0.004       ms
[2023-11-16T15:13:25.580+0800][gc,stats    ]    Subphase: Concurrent References Process                 0.000 / 0.000         0.104 / 0.123         0.104 / 0.123         0.104 / 0.123       ms
[2023-11-16T15:13:25.580+0800][gc,stats    ]    Subphase: Concurrent Roots ClassLoaderDataGraph         0.000 / 0.000         0.107 / 0.428         0.107 / 0.428         0.107 / 0.428       ms
[2023-11-16T15:13:25.580+0800][gc,stats    ]    Subphase: Concurrent Roots CodeCache                    0.000 / 0.000         0.000 / 0.000         0.000 / 0.000         0.000 / 0.000       ms
[2023-11-16T15:13:25.580+0800][gc,stats    ]    Subphase: Concurrent Roots JavaThreads                  0.000 / 0.000         1.013 / 1.707         1.013 / 1.707         1.013 / 1.707       ms
[2023-11-16T15:13:25.580+0800][gc,stats    ]    Subphase: Concurrent Roots OopStorageSet                0.000 / 0.000         0.146 / 0.289         0.146 / 0.289         0.146 / 0.289       ms
[2023-11-16T15:13:25.580+0800][gc,stats    ]    Subphase: Concurrent Weak Roots OopStorageSet           0.000 / 0.000         0.440 / 0.670         0.440 / 0.670         0.440 / 0.670       ms
[2023-11-16T15:13:25.580+0800][gc,stats    ]    Subphase: Pause Mark Try Complete                       0.000 / 0.000         0.000 / 0.000         0.000 / 0.000         0.000 / 0.000       ms
[2023-11-16T15:13:25.580+0800][gc,stats    ]      System: Java Threads                                      0 / 0                34 / 47               34 / 47               34 / 47          threads
[2023-11-16T15:13:25.580+0800][gc,stats    ] =========================================================================================================================================================
[2023-11-16T15:13:35.588+0800][gc,stats    ] === Garbage Collection Statistics =======================================================================================================================
[2023-11-16T15:13:35.588+0800][gc,stats    ]                                                              Last 10s              Last 10m              Last 10h                Total
[2023-11-16T15:13:35.588+0800][gc,stats    ]                                                              Avg / Max             Avg / Max             Avg / Max             Avg / Max
[2023-11-16T15:13:35.588+0800][gc,stats    ]   Collector: Garbage Collection Cycle                      0.000 / 0.000        32.129 / 37.536       32.129 / 37.536       32.129 / 37.536      ms
[2023-11-16T15:13:35.588+0800][gc,stats    ]  Contention: Mark Segment Reset Contention                     0 / 0                 0 / 3                 0 / 3                 0 / 3           ops/s
[2023-11-16T15:13:35.588+0800][gc,stats    ]  Contention: Mark SeqNum Reset Contention                      0 / 0                 0 / 0                 0 / 0                 0 / 0           ops/s
[2023-11-16T15:13:35.588+0800][gc,stats    ]    Critical: Allocation Stall                                  0 / 0                 0 / 0                 0 / 0                 0 / 0           ops/s
[2023-11-16T15:13:35.588+0800][gc,stats    ]    Critical: Allocation Stall                              0.000 / 0.000         0.000 / 0.000         0.000 / 0.000         0.000 / 0.000       ms
[2023-11-16T15:13:35.588+0800][gc,stats    ]    Critical: GC Locker Stall                                   0 / 0                 0 / 0                 0 / 0                 0 / 0           ops/s
[2023-11-16T15:13:35.588+0800][gc,stats    ]    Critical: GC Locker Stall                               0.000 / 0.000         0.000 / 0.000         0.000 / 0.000         0.000 / 0.000       ms
[2023-11-16T15:13:35.588+0800][gc,stats    ]    Critical: Relocation Stall                                  0 / 0                 0 / 0                 0 / 0                 0 / 0           ops/s
[2023-11-16T15:13:35.588+0800][gc,stats    ]    Critical: Relocation Stall                              0.000 / 0.000         0.000 / 0.000         0.000 / 0.000         0.000 / 0.000       ms
[2023-11-16T15:13:35.588+0800][gc,stats    ]      Memory: Allocation Rate                                   0 / 0                 0 / 82                0 / 82                0 / 82          MB/s
[2023-11-16T15:13:35.588+0800][gc,stats    ]      Memory: Defragment                                        0 / 0                 0 / 0                 0 / 0                 0 / 0           ops/s
[2023-11-16T15:13:35.588+0800][gc,stats    ]      Memory: Out Of Memory                                     0 / 0                 0 / 0                 0 / 0                 0 / 0           ops/s
[2023-11-16T15:13:35.588+0800][gc,stats    ]      Memory: Page Cache Flush                                  0 / 0                 0 / 0                 0 / 0                 0 / 0           MB/s
[2023-11-16T15:13:35.588+0800][gc,stats    ]      Memory: Page Cache Hit L1                                 0 / 0                 0 / 33                0 / 33                0 / 33          ops/s
[2023-11-16T15:13:35.588+0800][gc,stats    ]      Memory: Page Cache Hit L2                                 0 / 0                 0 / 0                 0 / 0                 0 / 0           ops/s
[2023-11-16T15:13:35.588+0800][gc,stats    ]      Memory: Page Cache Hit L3                                 0 / 0                 0 / 41                0 / 41                0 / 41          ops/s
[2023-11-16T15:13:35.588+0800][gc,stats    ]      Memory: Page Cache Miss                                   0 / 0                 0 / 1                 0 / 1                 0 / 1           ops/s
[2023-11-16T15:13:35.588+0800][gc,stats    ]      Memory: Uncommit                                          0 / 0                 0 / 0                 0 / 0                 0 / 0           MB/s
[2023-11-16T15:13:35.588+0800][gc,stats    ]      Memory: Undo Object Allocation Failed                     0 / 0                 0 / 0                 0 / 0                 0 / 0           ops/s
[2023-11-16T15:13:35.588+0800][gc,stats    ]      Memory: Undo Object Allocation Succeeded                  0 / 0                 0 / 3                 0 / 3                 0 / 3           ops/s
[2023-11-16T15:13:35.588+0800][gc,stats    ]      Memory: Undo Page Allocation                              0 / 0                 0 / 0                 0 / 0                 0 / 0           ops/s
[2023-11-16T15:13:35.588+0800][gc,stats    ]       Phase: Concurrent Mark                               0.000 / 0.000        21.531 / 24.050       21.531 / 24.050       21.531 / 24.050      ms
[2023-11-16T15:13:35.588+0800][gc,stats    ]       Phase: Concurrent Mark Continue                      0.000 / 0.000         0.000 / 0.000         0.000 / 0.000         0.000 / 0.000       ms
[2023-11-16T15:13:35.588+0800][gc,stats    ]       Phase: Concurrent Mark Free                          0.000 / 0.000         0.001 / 0.001         0.001 / 0.001         0.001 / 0.001       ms
[2023-11-16T15:13:35.588+0800][gc,stats    ]       Phase: Concurrent Process Non-Strong References      0.000 / 0.000         1.995 / 2.420         1.995 / 2.420         1.995 / 2.420       ms
[2023-11-16T15:13:35.588+0800][gc,stats    ]       Phase: Concurrent Relocate                           0.000 / 0.000         2.883 / 2.961         2.883 / 2.961         2.883 / 2.961       ms
[2023-11-16T15:13:35.588+0800][gc,stats    ]       Phase: Concurrent Reset Relocation Set               0.000 / 0.000         0.002 / 0.004         0.002 / 0.004         0.002 / 0.004       ms
[2023-11-16T15:13:35.588+0800][gc,stats    ]       Phase: Concurrent Select Relocation Set              0.000 / 0.000         4.861 / 8.184         4.861 / 8.184         4.861 / 8.184       ms
[2023-11-16T15:13:35.588+0800][gc,stats    ]       Phase: Pause Mark End                                0.000 / 0.000         0.017 / 0.019         0.017 / 0.019         0.017 / 0.019       ms
[2023-11-16T15:13:35.588+0800][gc,stats    ]       Phase: Pause Mark Start                              0.000 / 0.000         0.023 / 0.031         0.023 / 0.031         0.023 / 0.031       ms
[2023-11-16T15:13:35.588+0800][gc,stats    ]       Phase: Pause Relocate Start                          0.000 / 0.000         0.009 / 0.009         0.009 / 0.009         0.009 / 0.009       ms
[2023-11-16T15:13:35.588+0800][gc,stats    ]    Subphase: Concurrent Classes Purge                      0.000 / 0.000         0.066 / 0.071         0.066 / 0.071         0.066 / 0.071       ms
[2023-11-16T15:13:35.588+0800][gc,stats    ]    Subphase: Concurrent Classes Unlink                     0.000 / 0.000         1.264 / 1.492         1.264 / 1.492         1.264 / 1.492       ms
[2023-11-16T15:13:35.588+0800][gc,stats    ]    Subphase: Concurrent Mark                               0.000 / 0.000        18.504 / 22.997       18.504 / 22.997       18.504 / 22.997      ms
[2023-11-16T15:13:35.588+0800][gc,stats    ]    Subphase: Concurrent Mark Try Flush                     0.000 / 0.000         0.201 / 0.455         0.201 / 0.455         0.201 / 0.455       ms
[2023-11-16T15:13:35.588+0800][gc,stats    ]    Subphase: Concurrent Mark Try Terminate                 0.000 / 0.000         4.353 / 12.985        4.353 / 12.985        4.353 / 12.985      ms
[2023-11-16T15:13:35.588+0800][gc,stats    ]    Subphase: Concurrent References Enqueue                 0.000 / 0.000         0.004 / 0.004         0.004 / 0.004         0.004 / 0.004       ms
[2023-11-16T15:13:35.588+0800][gc,stats    ]    Subphase: Concurrent References Process                 0.000 / 0.000         0.104 / 0.123         0.104 / 0.123         0.104 / 0.123       ms
[2023-11-16T15:13:35.588+0800][gc,stats    ]    Subphase: Concurrent Roots ClassLoaderDataGraph         0.000 / 0.000         0.107 / 0.428         0.107 / 0.428         0.107 / 0.428       ms
[2023-11-16T15:13:35.588+0800][gc,stats    ]    Subphase: Concurrent Roots CodeCache                    0.000 / 0.000         0.000 / 0.000         0.000 / 0.000         0.000 / 0.000       ms
[2023-11-16T15:13:35.588+0800][gc,stats    ]    Subphase: Concurrent Roots JavaThreads                  0.000 / 0.000         1.013 / 1.707         1.013 / 1.707         1.013 / 1.707       ms
[2023-11-16T15:13:35.588+0800][gc,stats    ]    Subphase: Concurrent Roots OopStorageSet                0.000 / 0.000         0.146 / 0.289         0.146 / 0.289         0.146 / 0.289       ms
[2023-11-16T15:13:35.589+0800][gc,stats    ]    Subphase: Concurrent Weak Roots OopStorageSet           0.000 / 0.000         0.440 / 0.670         0.440 / 0.670         0.440 / 0.670       ms
[2023-11-16T15:13:35.589+0800][gc,stats    ]    Subphase: Pause Mark Try Complete                       0.000 / 0.000         0.000 / 0.000         0.000 / 0.000         0.000 / 0.000       ms
[2023-11-16T15:13:35.589+0800][gc,stats    ]      System: Java Threads                                      0 / 0                34 / 47               34 / 47               34 / 47          threads
[2023-11-16T15:13:35.589+0800][gc,stats    ] =========================================================================================================================================================
[2023-11-16T15:13:45.586+0800][gc,stats    ] === Garbage Collection Statistics =======================================================================================================================
[2023-11-16T15:13:45.586+0800][gc,stats    ]                                                              Last 10s              Last 10m              Last 10h                Total
[2023-11-16T15:13:45.586+0800][gc,stats    ]                                                              Avg / Max             Avg / Max             Avg / Max             Avg / Max
[2023-11-16T15:13:45.586+0800][gc,stats    ]   Collector: Garbage Collection Cycle                      0.000 / 0.000        32.129 / 37.536       32.129 / 37.536       32.129 / 37.536      ms
[2023-11-16T15:13:45.586+0800][gc,stats    ]  Contention: Mark Segment Reset Contention                     0 / 0                 0 / 3                 0 / 3                 0 / 3           ops/s
[2023-11-16T15:13:45.586+0800][gc,stats    ]  Contention: Mark SeqNum Reset Contention                      0 / 0                 0 / 0                 0 / 0                 0 / 0           ops/s
[2023-11-16T15:13:45.586+0800][gc,stats    ]    Critical: Allocation Stall                                  0 / 0                 0 / 0                 0 / 0                 0 / 0           ops/s
[2023-11-16T15:13:45.586+0800][gc,stats    ]    Critical: Allocation Stall                              0.000 / 0.000         0.000 / 0.000         0.000 / 0.000         0.000 / 0.000       ms
[2023-11-16T15:13:45.586+0800][gc,stats    ]    Critical: GC Locker Stall                                   0 / 0                 0 / 0                 0 / 0                 0 / 0           ops/s
[2023-11-16T15:13:45.586+0800][gc,stats    ]    Critical: GC Locker Stall                               0.000 / 0.000         0.000 / 0.000         0.000 / 0.000         0.000 / 0.000       ms
[2023-11-16T15:13:45.586+0800][gc,stats    ]    Critical: Relocation Stall                                  0 / 0                 0 / 0                 0 / 0                 0 / 0           ops/s
[2023-11-16T15:13:45.586+0800][gc,stats    ]    Critical: Relocation Stall                              0.000 / 0.000         0.000 / 0.000         0.000 / 0.000         0.000 / 0.000       ms
[2023-11-16T15:13:45.586+0800][gc,stats    ]      Memory: Allocation Rate                                   0 / 0                 0 / 82                0 / 82                0 / 82          MB/s
[2023-11-16T15:13:45.586+0800][gc,stats    ]      Memory: Defragment                                        0 / 0                 0 / 0                 0 / 0                 0 / 0           ops/s
[2023-11-16T15:13:45.586+0800][gc,stats    ]      Memory: Out Of Memory                                     0 / 0                 0 / 0                 0 / 0                 0 / 0           ops/s
[2023-11-16T15:13:45.586+0800][gc,stats    ]      Memory: Page Cache Flush                                  0 / 0                 0 / 0                 0 / 0                 0 / 0           MB/s
[2023-11-16T15:13:45.586+0800][gc,stats    ]      Memory: Page Cache Hit L1                                 0 / 0                 0 / 33                0 / 33                0 / 33          ops/s
[2023-11-16T15:13:45.586+0800][gc,stats    ]      Memory: Page Cache Hit L2                                 0 / 0                 0 / 0                 0 / 0                 0 / 0           ops/s
[2023-11-16T15:13:45.586+0800][gc,stats    ]      Memory: Page Cache Hit L3                                 0 / 0                 0 / 41                0 / 41                0 / 41          ops/s
[2023-11-16T15:13:45.586+0800][gc,stats    ]      Memory: Page Cache Miss                                   0 / 0                 0 / 1                 0 / 1                 0 / 1           ops/s
[2023-11-16T15:13:45.586+0800][gc,stats    ]      Memory: Uncommit                                          0 / 0                 0 / 0                 0 / 0                 0 / 0           MB/s
[2023-11-16T15:13:45.586+0800][gc,stats    ]      Memory: Undo Object Allocation Failed                     0 / 0                 0 / 0                 0 / 0                 0 / 0           ops/s
[2023-11-16T15:13:45.586+0800][gc,stats    ]      Memory: Undo Object Allocation Succeeded                  0 / 0                 0 / 3                 0 / 3                 0 / 3           ops/s
[2023-11-16T15:13:45.586+0800][gc,stats    ]      Memory: Undo Page Allocation                              0 / 0                 0 / 0                 0 / 0                 0 / 0           ops/s
[2023-11-16T15:13:45.586+0800][gc,stats    ]       Phase: Concurrent Mark                               0.000 / 0.000        21.531 / 24.050       21.531 / 24.050       21.531 / 24.050      ms
[2023-11-16T15:13:45.586+0800][gc,stats    ]       Phase: Concurrent Mark Continue                      0.000 / 0.000         0.000 / 0.000         0.000 / 0.000         0.000 / 0.000       ms
[2023-11-16T15:13:45.586+0800][gc,stats    ]       Phase: Concurrent Mark Free                          0.000 / 0.000         0.001 / 0.001         0.001 / 0.001         0.001 / 0.001       ms
[2023-11-16T15:13:45.586+0800][gc,stats    ]       Phase: Concurrent Process Non-Strong References      0.000 / 0.000         1.995 / 2.420         1.995 / 2.420         1.995 / 2.420       ms
[2023-11-16T15:13:45.586+0800][gc,stats    ]       Phase: Concurrent Relocate                           0.000 / 0.000         2.883 / 2.961         2.883 / 2.961         2.883 / 2.961       ms
[2023-11-16T15:13:45.586+0800][gc,stats    ]       Phase: Concurrent Reset Relocation Set               0.000 / 0.000         0.002 / 0.004         0.002 / 0.004         0.002 / 0.004       ms
[2023-11-16T15:13:45.586+0800][gc,stats    ]       Phase: Concurrent Select Relocation Set              0.000 / 0.000         4.861 / 8.184         4.861 / 8.184         4.861 / 8.184       ms
[2023-11-16T15:13:45.586+0800][gc,stats    ]       Phase: Pause Mark End                                0.000 / 0.000         0.017 / 0.019         0.017 / 0.019         0.017 / 0.019       ms
[2023-11-16T15:13:45.586+0800][gc,stats    ]       Phase: Pause Mark Start                              0.000 / 0.000         0.023 / 0.031         0.023 / 0.031         0.023 / 0.031       ms
[2023-11-16T15:13:45.586+0800][gc,stats    ]       Phase: Pause Relocate Start                          0.000 / 0.000         0.009 / 0.009         0.009 / 0.009         0.009 / 0.009       ms
[2023-11-16T15:13:45.586+0800][gc,stats    ]    Subphase: Concurrent Classes Purge                      0.000 / 0.000         0.066 / 0.071         0.066 / 0.071         0.066 / 0.071       ms
[2023-11-16T15:13:45.586+0800][gc,stats    ]    Subphase: Concurrent Classes Unlink                     0.000 / 0.000         1.264 / 1.492         1.264 / 1.492         1.264 / 1.492       ms
[2023-11-16T15:13:45.586+0800][gc,stats    ]    Subphase: Concurrent Mark                               0.000 / 0.000        18.504 / 22.997       18.504 / 22.997       18.504 / 22.997      ms
[2023-11-16T15:13:45.586+0800][gc,stats    ]    Subphase: Concurrent Mark Try Flush                     0.000 / 0.000         0.201 / 0.455         0.201 / 0.455         0.201 / 0.455       ms
[2023-11-16T15:13:45.586+0800][gc,stats    ]    Subphase: Concurrent Mark Try Terminate                 0.000 / 0.000         4.353 / 12.985        4.353 / 12.985        4.353 / 12.985      ms
[2023-11-16T15:13:45.586+0800][gc,stats    ]    Subphase: Concurrent References Enqueue                 0.000 / 0.000         0.004 / 0.004         0.004 / 0.004         0.004 / 0.004       ms
[2023-11-16T15:13:45.586+0800][gc,stats    ]    Subphase: Concurrent References Process                 0.000 / 0.000         0.104 / 0.123         0.104 / 0.123         0.104 / 0.123       ms
[2023-11-16T15:13:45.586+0800][gc,stats    ]    Subphase: Concurrent Roots ClassLoaderDataGraph         0.000 / 0.000         0.107 / 0.428         0.107 / 0.428         0.107 / 0.428       ms
[2023-11-16T15:13:45.586+0800][gc,stats    ]    Subphase: Concurrent Roots CodeCache                    0.000 / 0.000         0.000 / 0.000         0.000 / 0.000         0.000 / 0.000       ms
[2023-11-16T15:13:45.586+0800][gc,stats    ]    Subphase: Concurrent Roots JavaThreads                  0.000 / 0.000         1.013 / 1.707         1.013 / 1.707         1.013 / 1.707       ms
[2023-11-16T15:13:45.586+0800][gc,stats    ]    Subphase: Concurrent Roots OopStorageSet                0.000 / 0.000         0.146 / 0.289         0.146 / 0.289         0.146 / 0.289       ms
[2023-11-16T15:13:45.586+0800][gc,stats    ]    Subphase: Concurrent Weak Roots OopStorageSet           0.000 / 0.000         0.440 / 0.670         0.440 / 0.670         0.440 / 0.670       ms
[2023-11-16T15:13:45.586+0800][gc,stats    ]    Subphase: Pause Mark Try Complete                       0.000 / 0.000         0.000 / 0.000         0.000 / 0.000         0.000 / 0.000       ms
[2023-11-16T15:13:45.586+0800][gc,stats    ]      System: Java Threads                                      0 / 0                34 / 47               34 / 47               34 / 47          threads
[2023-11-16T15:13:45.586+0800][gc,stats    ] =========================================================================================================================================================
[2023-11-16T15:13:55.581+0800][gc,stats    ] === Garbage Collection Statistics =======================================================================================================================
[2023-11-16T15:13:55.581+0800][gc,stats    ]                                                              Last 10s              Last 10m              Last 10h                Total
[2023-11-16T15:13:55.581+0800][gc,stats    ]                                                              Avg / Max             Avg / Max             Avg / Max             Avg / Max
[2023-11-16T15:13:55.581+0800][gc,stats    ]   Collector: Garbage Collection Cycle                      0.000 / 0.000         0.000 / 0.000        32.129 / 37.536       32.129 / 37.536      ms
[2023-11-16T15:13:55.581+0800][gc,stats    ]  Contention: Mark Segment Reset Contention                     0 / 0                 0 / 0                 0 / 3                 0 / 3           ops/s
[2023-11-16T15:13:55.581+0800][gc,stats    ]  Contention: Mark SeqNum Reset Contention                      0 / 0                 0 / 0                 0 / 0                 0 / 0           ops/s
[2023-11-16T15:13:55.581+0800][gc,stats    ]    Critical: Allocation Stall                                  0 / 0                 0 / 0                 0 / 0                 0 / 0           ops/s
[2023-11-16T15:13:55.581+0800][gc,stats    ]    Critical: Allocation Stall                              0.000 / 0.000         0.000 / 0.000         0.000 / 0.000         0.000 / 0.000       ms
[2023-11-16T15:13:55.581+0800][gc,stats    ]    Critical: GC Locker Stall                                   0 / 0                 0 / 0                 0 / 0                 0 / 0           ops/s
[2023-11-16T15:13:55.581+0800][gc,stats    ]    Critical: GC Locker Stall                               0.000 / 0.000         0.000 / 0.000         0.000 / 0.000         0.000 / 0.000       ms
[2023-11-16T15:13:55.581+0800][gc,stats    ]    Critical: Relocation Stall                                  0 / 0                 0 / 0                 0 / 0                 0 / 0           ops/s
[2023-11-16T15:13:55.581+0800][gc,stats    ]    Critical: Relocation Stall                              0.000 / 0.000         0.000 / 0.000         0.000 / 0.000         0.000 / 0.000       ms
[2023-11-16T15:13:55.581+0800][gc,stats    ]      Memory: Allocation Rate                                   0 / 0                 0 / 8                 0 / 82                0 / 82          MB/s
[2023-11-16T15:13:55.581+0800][gc,stats    ]      Memory: Defragment                                        0 / 0                 0 / 0                 0 / 0                 0 / 0           ops/s
[2023-11-16T15:13:55.581+0800][gc,stats    ]      Memory: Out Of Memory                                     0 / 0                 0 / 0                 0 / 0                 0 / 0           ops/s
[2023-11-16T15:13:55.581+0800][gc,stats    ]      Memory: Page Cache Flush                                  0 / 0                 0 / 0                 0 / 0                 0 / 0           MB/s
[2023-11-16T15:13:55.581+0800][gc,stats    ]      Memory: Page Cache Hit L1                                 0 / 0                 0 / 4                 0 / 33                0 / 33          ops/s
[2023-11-16T15:13:55.581+0800][gc,stats    ]      Memory: Page Cache Hit L2                                 0 / 0                 0 / 0                 0 / 0                 0 / 0           ops/s
[2023-11-16T15:13:55.581+0800][gc,stats    ]      Memory: Page Cache Hit L3                                 0 / 0                 0 / 0                 0 / 41                0 / 41          ops/s
[2023-11-16T15:13:55.581+0800][gc,stats    ]      Memory: Page Cache Miss                                   0 / 0                 0 / 0                 0 / 1                 0 / 1           ops/s
[2023-11-16T15:13:55.581+0800][gc,stats    ]      Memory: Uncommit                                          0 / 0                 0 / 0                 0 / 0                 0 / 0           MB/s
[2023-11-16T15:13:55.581+0800][gc,stats    ]      Memory: Undo Object Allocation Failed                     0 / 0                 0 / 0                 0 / 0                 0 / 0           ops/s
[2023-11-16T15:13:55.581+0800][gc,stats    ]      Memory: Undo Object Allocation Succeeded                  0 / 0                 0 / 0                 0 / 3                 0 / 3           ops/s
[2023-11-16T15:13:55.581+0800][gc,stats    ]      Memory: Undo Page Allocation                              0 / 0                 0 / 0                 0 / 0                 0 / 0           ops/s
[2023-11-16T15:13:55.581+0800][gc,stats    ]       Phase: Concurrent Mark                               0.000 / 0.000         0.000 / 0.000        21.531 / 24.050       21.531 / 24.050      ms
[2023-11-16T15:13:55.581+0800][gc,stats    ]       Phase: Concurrent Mark Continue                      0.000 / 0.000         0.000 / 0.000         0.000 / 0.000         0.000 / 0.000       ms
[2023-11-16T15:13:55.581+0800][gc,stats    ]       Phase: Concurrent Mark Free                          0.000 / 0.000         0.000 / 0.000         0.001 / 0.001         0.001 / 0.001       ms
[2023-11-16T15:13:55.581+0800][gc,stats    ]       Phase: Concurrent Process Non-Strong References      0.000 / 0.000         0.000 / 0.000         1.995 / 2.420         1.995 / 2.420       ms
[2023-11-16T15:13:55.581+0800][gc,stats    ]       Phase: Concurrent Relocate                           0.000 / 0.000         0.000 / 0.000         2.883 / 2.961         2.883 / 2.961       ms
[2023-11-16T15:13:55.581+0800][gc,stats    ]       Phase: Concurrent Reset Relocation Set               0.000 / 0.000         0.000 / 0.000         0.002 / 0.004         0.002 / 0.004       ms
[2023-11-16T15:13:55.581+0800][gc,stats    ]       Phase: Concurrent Select Relocation Set              0.000 / 0.000         0.000 / 0.000         4.861 / 8.184         4.861 / 8.184       ms
[2023-11-16T15:13:55.581+0800][gc,stats    ]       Phase: Pause Mark End                                0.000 / 0.000         0.000 / 0.000         0.017 / 0.019         0.017 / 0.019       ms
[2023-11-16T15:13:55.581+0800][gc,stats    ]       Phase: Pause Mark Start                              0.000 / 0.000         0.000 / 0.000         0.023 / 0.031         0.023 / 0.031       ms
[2023-11-16T15:13:55.581+0800][gc,stats    ]       Phase: Pause Relocate Start                          0.000 / 0.000         0.000 / 0.000         0.009 / 0.009         0.009 / 0.009       ms
[2023-11-16T15:13:55.581+0800][gc,stats    ]    Subphase: Concurrent Classes Purge                      0.000 / 0.000         0.000 / 0.000         0.066 / 0.071         0.066 / 0.071       ms
[2023-11-16T15:13:55.581+0800][gc,stats    ]    Subphase: Concurrent Classes Unlink                     0.000 / 0.000         0.000 / 0.000         1.264 / 1.492         1.264 / 1.492       ms
[2023-11-16T15:13:55.581+0800][gc,stats    ]    Subphase: Concurrent Mark                               0.000 / 0.000         0.000 / 0.000        18.504 / 22.997       18.504 / 22.997      ms
[2023-11-16T15:13:55.581+0800][gc,stats    ]    Subphase: Concurrent Mark Try Flush                     0.000 / 0.000         0.000 / 0.000         0.201 / 0.455         0.201 / 0.455       ms
[2023-11-16T15:13:55.581+0800][gc,stats    ]    Subphase: Concurrent Mark Try Terminate                 0.000 / 0.000         0.000 / 0.000         4.353 / 12.985        4.353 / 12.985      ms
[2023-11-16T15:13:55.581+0800][gc,stats    ]    Subphase: Concurrent References Enqueue                 0.000 / 0.000         0.000 / 0.000         0.004 / 0.004         0.004 / 0.004       ms
[2023-11-16T15:13:55.581+0800][gc,stats    ]    Subphase: Concurrent References Process                 0.000 / 0.000         0.000 / 0.000         0.104 / 0.123         0.104 / 0.123       ms
[2023-11-16T15:13:55.582+0800][gc,stats    ]    Subphase: Concurrent Roots ClassLoaderDataGraph         0.000 / 0.000         0.000 / 0.000         0.107 / 0.428         0.107 / 0.428       ms
[2023-11-16T15:13:55.582+0800][gc,stats    ]    Subphase: Concurrent Roots CodeCache                    0.000 / 0.000         0.000 / 0.000         0.000 / 0.000         0.000 / 0.000       ms
[2023-11-16T15:13:55.582+0800][gc,stats    ]    Subphase: Concurrent Roots JavaThreads                  0.000 / 0.000         0.000 / 0.000         1.013 / 1.707         1.013 / 1.707       ms
[2023-11-16T15:13:55.582+0800][gc,stats    ]    Subphase: Concurrent Roots OopStorageSet                0.000 / 0.000         0.000 / 0.000         0.146 / 0.289         0.146 / 0.289       ms
[2023-11-16T15:13:55.582+0800][gc,stats    ]    Subphase: Concurrent Weak Roots OopStorageSet           0.000 / 0.000         0.000 / 0.000         0.440 / 0.670         0.440 / 0.670       ms
[2023-11-16T15:13:55.582+0800][gc,stats    ]    Subphase: Pause Mark Try Complete                       0.000 / 0.000         0.000 / 0.000         0.000 / 0.000         0.000 / 0.000       ms
[2023-11-16T15:13:55.582+0800][gc,stats    ]      System: Java Threads                                      0 / 0                 0 / 0                34 / 47               34 / 47          threads
[2023-11-16T15:13:55.582+0800][gc,stats    ] =========================================================================================================================================================
[2023-11-16T15:14:05.576+0800][gc,stats    ] === Garbage Collection Statistics =======================================================================================================================
[2023-11-16T15:14:05.576+0800][gc,stats    ]                                                              Last 10s              Last 10m              Last 10h                Total
[2023-11-16T15:14:05.576+0800][gc,stats    ]                                                              Avg / Max             Avg / Max             Avg / Max             Avg / Max
[2023-11-16T15:14:05.576+0800][gc,stats    ]   Collector: Garbage Collection Cycle                      0.000 / 0.000         0.000 / 0.000        32.129 / 37.536       32.129 / 37.536      ms
[2023-11-16T15:14:05.576+0800][gc,stats    ]  Contention: Mark Segment Reset Contention                     0 / 0                 0 / 0                 0 / 3                 0 / 3           ops/s
[2023-11-16T15:14:05.576+0800][gc,stats    ]  Contention: Mark SeqNum Reset Contention                      0 / 0                 0 / 0                 0 / 0                 0 / 0           ops/s
[2023-11-16T15:14:05.576+0800][gc,stats    ]    Critical: Allocation Stall                                  0 / 0                 0 / 0                 0 / 0                 0 / 0           ops/s
[2023-11-16T15:14:05.576+0800][gc,stats    ]    Critical: Allocation Stall                              0.000 / 0.000         0.000 / 0.000         0.000 / 0.000         0.000 / 0.000       ms
[2023-11-16T15:14:05.576+0800][gc,stats    ]    Critical: GC Locker Stall                                   0 / 0                 0 / 0                 0 / 0                 0 / 0           ops/s
[2023-11-16T15:14:05.576+0800][gc,stats    ]    Critical: GC Locker Stall                               0.000 / 0.000         0.000 / 0.000         0.000 / 0.000         0.000 / 0.000       ms
[2023-11-16T15:14:05.576+0800][gc,stats    ]    Critical: Relocation Stall                                  0 / 0                 0 / 0                 0 / 0                 0 / 0           ops/s
[2023-11-16T15:14:05.576+0800][gc,stats    ]    Critical: Relocation Stall                              0.000 / 0.000         0.000 / 0.000         0.000 / 0.000         0.000 / 0.000       ms
[2023-11-16T15:14:05.576+0800][gc,stats    ]      Memory: Allocation Rate                                   0 / 0                 0 / 8                 0 / 82                0 / 82          MB/s
[2023-11-16T15:14:05.576+0800][gc,stats    ]      Memory: Defragment                                        0 / 0                 0 / 0                 0 / 0                 0 / 0           ops/s
[2023-11-16T15:14:05.576+0800][gc,stats    ]      Memory: Out Of Memory                                     0 / 0                 0 / 0                 0 / 0                 0 / 0           ops/s
[2023-11-16T15:14:05.576+0800][gc,stats    ]      Memory: Page Cache Flush                                  0 / 0                 0 / 0                 0 / 0                 0 / 0           MB/s
[2023-11-16T15:14:05.576+0800][gc,stats    ]      Memory: Page Cache Hit L1                                 0 / 0                 0 / 4                 0 / 33                0 / 33          ops/s
[2023-11-16T15:14:05.576+0800][gc,stats    ]      Memory: Page Cache Hit L2                                 0 / 0                 0 / 0                 0 / 0                 0 / 0           ops/s
[2023-11-16T15:14:05.576+0800][gc,stats    ]      Memory: Page Cache Hit L3                                 0 / 0                 0 / 0                 0 / 41                0 / 41          ops/s
[2023-11-16T15:14:05.576+0800][gc,stats    ]      Memory: Page Cache Miss                                   0 / 0                 0 / 0                 0 / 1                 0 / 1           ops/s
[2023-11-16T15:14:05.576+0800][gc,stats    ]      Memory: Uncommit                                          0 / 0                 0 / 0                 0 / 0                 0 / 0           MB/s
[2023-11-16T15:14:05.576+0800][gc,stats    ]      Memory: Undo Object Allocation Failed                     0 / 0                 0 / 0                 0 / 0                 0 / 0           ops/s
[2023-11-16T15:14:05.576+0800][gc,stats    ]      Memory: Undo Object Allocation Succeeded                  0 / 0                 0 / 0                 0 / 3                 0 / 3           ops/s
[2023-11-16T15:14:05.576+0800][gc,stats    ]      Memory: Undo Page Allocation                              0 / 0                 0 / 0                 0 / 0                 0 / 0           ops/s
[2023-11-16T15:14:05.576+0800][gc,stats    ]       Phase: Concurrent Mark                               0.000 / 0.000         0.000 / 0.000        21.531 / 24.050       21.531 / 24.050      ms
[2023-11-16T15:14:05.576+0800][gc,stats    ]       Phase: Concurrent Mark Continue                      0.000 / 0.000         0.000 / 0.000         0.000 / 0.000         0.000 / 0.000       ms
[2023-11-16T15:14:05.576+0800][gc,stats    ]       Phase: Concurrent Mark Free                          0.000 / 0.000         0.000 / 0.000         0.001 / 0.001         0.001 / 0.001       ms
[2023-11-16T15:14:05.576+0800][gc,stats    ]       Phase: Concurrent Process Non-Strong References      0.000 / 0.000         0.000 / 0.000         1.995 / 2.420         1.995 / 2.420       ms
[2023-11-16T15:14:05.576+0800][gc,stats    ]       Phase: Concurrent Relocate                           0.000 / 0.000         0.000 / 0.000         2.883 / 2.961         2.883 / 2.961       ms
[2023-11-16T15:14:05.576+0800][gc,stats    ]       Phase: Concurrent Reset Relocation Set               0.000 / 0.000         0.000 / 0.000         0.002 / 0.004         0.002 / 0.004       ms
[2023-11-16T15:14:05.576+0800][gc,stats    ]       Phase: Concurrent Select Relocation Set              0.000 / 0.000         0.000 / 0.000         4.861 / 8.184         4.861 / 8.184       ms
[2023-11-16T15:14:05.576+0800][gc,stats    ]       Phase: Pause Mark End                                0.000 / 0.000         0.000 / 0.000         0.017 / 0.019         0.017 / 0.019       ms
[2023-11-16T15:14:05.576+0800][gc,stats    ]       Phase: Pause Mark Start                              0.000 / 0.000         0.000 / 0.000         0.023 / 0.031         0.023 / 0.031       ms
[2023-11-16T15:14:05.576+0800][gc,stats    ]       Phase: Pause Relocate Start                          0.000 / 0.000         0.000 / 0.000         0.009 / 0.009         0.009 / 0.009       ms
[2023-11-16T15:14:05.576+0800][gc,stats    ]    Subphase: Concurrent Classes Purge                      0.000 / 0.000         0.000 / 0.000         0.066 / 0.071         0.066 / 0.071       ms
[2023-11-16T15:14:05.576+0800][gc,stats    ]    Subphase: Concurrent Classes Unlink                     0.000 / 0.000         0.000 / 0.000         1.264 / 1.492         1.264 / 1.492       ms
[2023-11-16T15:14:05.576+0800][gc,stats    ]    Subphase: Concurrent Mark                               0.000 / 0.000         0.000 / 0.000        18.504 / 22.997       18.504 / 22.997      ms
[2023-11-16T15:14:05.576+0800][gc,stats    ]    Subphase: Concurrent Mark Try Flush                     0.000 / 0.000         0.000 / 0.000         0.201 / 0.455         0.201 / 0.455       ms
[2023-11-16T15:14:05.576+0800][gc,stats    ]    Subphase: Concurrent Mark Try Terminate                 0.000 / 0.000         0.000 / 0.000         4.353 / 12.985        4.353 / 12.985      ms
[2023-11-16T15:14:05.576+0800][gc,stats    ]    Subphase: Concurrent References Enqueue                 0.000 / 0.000         0.000 / 0.000         0.004 / 0.004         0.004 / 0.004       ms
[2023-11-16T15:14:05.578+0800][gc,stats    ]    Subphase: Concurrent References Process                 0.000 / 0.000         0.000 / 0.000         0.104 / 0.123         0.104 / 0.123       ms
[2023-11-16T15:14:05.578+0800][gc,stats    ]    Subphase: Concurrent Roots ClassLoaderDataGraph         0.000 / 0.000         0.000 / 0.000         0.107 / 0.428         0.107 / 0.428       ms
[2023-11-16T15:14:05.578+0800][gc,stats    ]    Subphase: Concurrent Roots CodeCache                    0.000 / 0.000         0.000 / 0.000         0.000 / 0.000         0.000 / 0.000       ms
[2023-11-16T15:14:05.578+0800][gc,stats    ]    Subphase: Concurrent Roots JavaThreads                  0.000 / 0.000         0.000 / 0.000         1.013 / 1.707         1.013 / 1.707       ms
[2023-11-16T15:14:05.578+0800][gc,stats    ]    Subphase: Concurrent Roots OopStorageSet                0.000 / 0.000         0.000 / 0.000         0.146 / 0.289         0.146 / 0.289       ms
[2023-11-16T15:14:05.578+0800][gc,stats    ]    Subphase: Concurrent Weak Roots OopStorageSet           0.000 / 0.000         0.000 / 0.000         0.440 / 0.670         0.440 / 0.670       ms
[2023-11-16T15:14:05.578+0800][gc,stats    ]    Subphase: Pause Mark Try Complete                       0.000 / 0.000         0.000 / 0.000         0.000 / 0.000         0.000 / 0.000       ms
[2023-11-16T15:14:05.578+0800][gc,stats    ]      System: Java Threads                                      0 / 0                 0 / 0                34 / 47               34 / 47          threads
[2023-11-16T15:14:05.578+0800][gc,stats    ] =========================================================================================================================================================
[2023-11-16T15:14:15.581+0800][gc,stats    ] === Garbage Collection Statistics =======================================================================================================================
[2023-11-16T15:14:15.581+0800][gc,stats    ]                                                              Last 10s              Last 10m              Last 10h                Total
[2023-11-16T15:14:15.581+0800][gc,stats    ]                                                              Avg / Max             Avg / Max             Avg / Max             Avg / Max
[2023-11-16T15:14:15.581+0800][gc,stats    ]   Collector: Garbage Collection Cycle                      0.000 / 0.000         0.000 / 0.000        32.129 / 37.536       32.129 / 37.536      ms
[2023-11-16T15:14:15.581+0800][gc,stats    ]  Contention: Mark Segment Reset Contention                     0 / 0                 0 / 0                 0 / 3                 0 / 3           ops/s
[2023-11-16T15:14:15.581+0800][gc,stats    ]  Contention: Mark SeqNum Reset Contention                      0 / 0                 0 / 0                 0 / 0                 0 / 0           ops/s
[2023-11-16T15:14:15.581+0800][gc,stats    ]    Critical: Allocation Stall                                  0 / 0                 0 / 0                 0 / 0                 0 / 0           ops/s
[2023-11-16T15:14:15.581+0800][gc,stats    ]    Critical: Allocation Stall                              0.000 / 0.000         0.000 / 0.000         0.000 / 0.000         0.000 / 0.000       ms
[2023-11-16T15:14:15.581+0800][gc,stats    ]    Critical: GC Locker Stall                                   0 / 0                 0 / 0                 0 / 0                 0 / 0           ops/s
[2023-11-16T15:14:15.581+0800][gc,stats    ]    Critical: GC Locker Stall                               0.000 / 0.000         0.000 / 0.000         0.000 / 0.000         0.000 / 0.000       ms
[2023-11-16T15:14:15.581+0800][gc,stats    ]    Critical: Relocation Stall                                  0 / 0                 0 / 0                 0 / 0                 0 / 0           ops/s
[2023-11-16T15:14:15.581+0800][gc,stats    ]    Critical: Relocation Stall                              0.000 / 0.000         0.000 / 0.000         0.000 / 0.000         0.000 / 0.000       ms
[2023-11-16T15:14:15.581+0800][gc,stats    ]      Memory: Allocation Rate                                   0 / 0                 0 / 8                 0 / 82                0 / 82          MB/s
[2023-11-16T15:14:15.581+0800][gc,stats    ]      Memory: Defragment                                        0 / 0                 0 / 0                 0 / 0                 0 / 0           ops/s
[2023-11-16T15:14:15.581+0800][gc,stats    ]      Memory: Out Of Memory                                     0 / 0                 0 / 0                 0 / 0                 0 / 0           ops/s
[2023-11-16T15:14:15.581+0800][gc,stats    ]      Memory: Page Cache Flush                                  0 / 0                 0 / 0                 0 / 0                 0 / 0           MB/s
[2023-11-16T15:14:15.581+0800][gc,stats    ]      Memory: Page Cache Hit L1                                 0 / 0                 0 / 4                 0 / 33                0 / 33          ops/s
[2023-11-16T15:14:15.581+0800][gc,stats    ]      Memory: Page Cache Hit L2                                 0 / 0                 0 / 0                 0 / 0                 0 / 0           ops/s
[2023-11-16T15:14:15.581+0800][gc,stats    ]      Memory: Page Cache Hit L3                                 0 / 0                 0 / 0                 0 / 41                0 / 41          ops/s
[2023-11-16T15:14:15.581+0800][gc,stats    ]      Memory: Page Cache Miss                                   0 / 0                 0 / 0                 0 / 1                 0 / 1           ops/s
[2023-11-16T15:14:15.581+0800][gc,stats    ]      Memory: Uncommit                                          0 / 0                 0 / 0                 0 / 0                 0 / 0           MB/s
[2023-11-16T15:14:15.581+0800][gc,stats    ]      Memory: Undo Object Allocation Failed                     0 / 0                 0 / 0                 0 / 0                 0 / 0           ops/s
[2023-11-16T15:14:15.581+0800][gc,stats    ]      Memory: Undo Object Allocation Succeeded                  0 / 0                 0 / 0                 0 / 3                 0 / 3           ops/s
[2023-11-16T15:14:15.581+0800][gc,stats    ]      Memory: Undo Page Allocation                              0 / 0                 0 / 0                 0 / 0                 0 / 0           ops/s
[2023-11-16T15:14:15.581+0800][gc,stats    ]       Phase: Concurrent Mark                               0.000 / 0.000         0.000 / 0.000        21.531 / 24.050       21.531 / 24.050      ms
[2023-11-16T15:14:15.581+0800][gc,stats    ]       Phase: Concurrent Mark Continue                      0.000 / 0.000         0.000 / 0.000         0.000 / 0.000         0.000 / 0.000       ms
[2023-11-16T15:14:15.581+0800][gc,stats    ]       Phase: Concurrent Mark Free                          0.000 / 0.000         0.000 / 0.000         0.001 / 0.001         0.001 / 0.001       ms
[2023-11-16T15:14:15.581+0800][gc,stats    ]       Phase: Concurrent Process Non-Strong References      0.000 / 0.000         0.000 / 0.000         1.995 / 2.420         1.995 / 2.420       ms
[2023-11-16T15:14:15.581+0800][gc,stats    ]       Phase: Concurrent Relocate                           0.000 / 0.000         0.000 / 0.000         2.883 / 2.961         2.883 / 2.961       ms
[2023-11-16T15:14:15.581+0800][gc,stats    ]       Phase: Concurrent Reset Relocation Set               0.000 / 0.000         0.000 / 0.000         0.002 / 0.004         0.002 / 0.004       ms
[2023-11-16T15:14:15.581+0800][gc,stats    ]       Phase: Concurrent Select Relocation Set              0.000 / 0.000         0.000 / 0.000         4.861 / 8.184         4.861 / 8.184       ms
[2023-11-16T15:14:15.581+0800][gc,stats    ]       Phase: Pause Mark End                                0.000 / 0.000         0.000 / 0.000         0.017 / 0.019         0.017 / 0.019       ms
[2023-11-16T15:14:15.581+0800][gc,stats    ]       Phase: Pause Mark Start                              0.000 / 0.000         0.000 / 0.000         0.023 / 0.031         0.023 / 0.031       ms
[2023-11-16T15:14:15.581+0800][gc,stats    ]       Phase: Pause Relocate Start                          0.000 / 0.000         0.000 / 0.000         0.009 / 0.009         0.009 / 0.009       ms
[2023-11-16T15:14:15.581+0800][gc,stats    ]    Subphase: Concurrent Classes Purge                      0.000 / 0.000         0.000 / 0.000         0.066 / 0.071         0.066 / 0.071       ms
[2023-11-16T15:14:15.581+0800][gc,stats    ]    Subphase: Concurrent Classes Unlink                     0.000 / 0.000         0.000 / 0.000         1.264 / 1.492         1.264 / 1.492       ms
[2023-11-16T15:14:15.581+0800][gc,stats    ]    Subphase: Concurrent Mark                               0.000 / 0.000         0.000 / 0.000        18.504 / 22.997       18.504 / 22.997      ms
[2023-11-16T15:14:15.581+0800][gc,stats    ]    Subphase: Concurrent Mark Try Flush                     0.000 / 0.000         0.000 / 0.000         0.201 / 0.455         0.201 / 0.455       ms
[2023-11-16T15:14:15.581+0800][gc,stats    ]    Subphase: Concurrent Mark Try Terminate                 0.000 / 0.000         0.000 / 0.000         4.353 / 12.985        4.353 / 12.985      ms
[2023-11-16T15:14:15.581+0800][gc,stats    ]    Subphase: Concurrent References Enqueue                 0.000 / 0.000         0.000 / 0.000         0.004 / 0.004         0.004 / 0.004       ms
[2023-11-16T15:14:15.581+0800][gc,stats    ]    Subphase: Concurrent References Process                 0.000 / 0.000         0.000 / 0.000         0.104 / 0.123         0.104 / 0.123       ms
[2023-11-16T15:14:15.582+0800][gc,stats    ]    Subphase: Concurrent Roots ClassLoaderDataGraph         0.000 / 0.000         0.000 / 0.000         0.107 / 0.428         0.107 / 0.428       ms
[2023-11-16T15:14:15.582+0800][gc,stats    ]    Subphase: Concurrent Roots CodeCache                    0.000 / 0.000         0.000 / 0.000         0.000 / 0.000         0.000 / 0.000       ms
[2023-11-16T15:14:15.582+0800][gc,stats    ]    Subphase: Concurrent Roots JavaThreads                  0.000 / 0.000         0.000 / 0.000         1.013 / 1.707         1.013 / 1.707       ms
[2023-11-16T15:14:15.582+0800][gc,stats    ]    Subphase: Concurrent Roots OopStorageSet                0.000 / 0.000         0.000 / 0.000         0.146 / 0.289         0.146 / 0.289       ms
[2023-11-16T15:14:15.582+0800][gc,stats    ]    Subphase: Concurrent Weak Roots OopStorageSet           0.000 / 0.000         0.000 / 0.000         0.440 / 0.670         0.440 / 0.670       ms
[2023-11-16T15:14:15.582+0800][gc,stats    ]    Subphase: Pause Mark Try Complete                       0.000 / 0.000         0.000 / 0.000         0.000 / 0.000         0.000 / 0.000       ms
[2023-11-16T15:14:15.582+0800][gc,stats    ]      System: Java Threads                                      0 / 0                 0 / 0                34 / 47               34 / 47          threads
[2023-11-16T15:14:15.582+0800][gc,stats    ] =========================================================================================================================================================
[2023-11-16T15:14:25.587+0800][gc,stats    ] === Garbage Collection Statistics =======================================================================================================================
[2023-11-16T15:14:25.587+0800][gc,stats    ]                                                              Last 10s              Last 10m              Last 10h                Total
[2023-11-16T15:14:25.587+0800][gc,stats    ]                                                              Avg / Max             Avg / Max             Avg / Max             Avg / Max
[2023-11-16T15:14:25.587+0800][gc,stats    ]   Collector: Garbage Collection Cycle                      0.000 / 0.000         0.000 / 0.000        32.129 / 37.536       32.129 / 37.536      ms
[2023-11-16T15:14:25.587+0800][gc,stats    ]  Contention: Mark Segment Reset Contention                     0 / 0                 0 / 0                 0 / 3                 0 / 3           ops/s
[2023-11-16T15:14:25.587+0800][gc,stats    ]  Contention: Mark SeqNum Reset Contention                      0 / 0                 0 / 0                 0 / 0                 0 / 0           ops/s
[2023-11-16T15:14:25.587+0800][gc,stats    ]    Critical: Allocation Stall                                  0 / 0                 0 / 0                 0 / 0                 0 / 0           ops/s
[2023-11-16T15:14:25.587+0800][gc,stats    ]    Critical: Allocation Stall                              0.000 / 0.000         0.000 / 0.000         0.000 / 0.000         0.000 / 0.000       ms
[2023-11-16T15:14:25.587+0800][gc,stats    ]    Critical: GC Locker Stall                                   0 / 0                 0 / 0                 0 / 0                 0 / 0           ops/s
[2023-11-16T15:14:25.587+0800][gc,stats    ]    Critical: GC Locker Stall                               0.000 / 0.000         0.000 / 0.000         0.000 / 0.000         0.000 / 0.000       ms
[2023-11-16T15:14:25.587+0800][gc,stats    ]    Critical: Relocation Stall                                  0 / 0                 0 / 0                 0 / 0                 0 / 0           ops/s
[2023-11-16T15:14:25.587+0800][gc,stats    ]    Critical: Relocation Stall                              0.000 / 0.000         0.000 / 0.000         0.000 / 0.000         0.000 / 0.000       ms
[2023-11-16T15:14:25.587+0800][gc,stats    ]      Memory: Allocation Rate                                   0 / 0                 0 / 8                 0 / 82                0 / 82          MB/s
[2023-11-16T15:14:25.587+0800][gc,stats    ]      Memory: Defragment                                        0 / 0                 0 / 0                 0 / 0                 0 / 0           ops/s
[2023-11-16T15:14:25.587+0800][gc,stats    ]      Memory: Out Of Memory                                     0 / 0                 0 / 0                 0 / 0                 0 / 0           ops/s
[2023-11-16T15:14:25.587+0800][gc,stats    ]      Memory: Page Cache Flush                                  0 / 0                 0 / 0                 0 / 0                 0 / 0           MB/s
[2023-11-16T15:14:25.587+0800][gc,stats    ]      Memory: Page Cache Hit L1                                 0 / 0                 0 / 4                 0 / 33                0 / 33          ops/s
[2023-11-16T15:14:25.587+0800][gc,stats    ]      Memory: Page Cache Hit L2                                 0 / 0                 0 / 0                 0 / 0                 0 / 0           ops/s
[2023-11-16T15:14:25.587+0800][gc,stats    ]      Memory: Page Cache Hit L3                                 0 / 0                 0 / 0                 0 / 41                0 / 41          ops/s
[2023-11-16T15:14:25.587+0800][gc,stats    ]      Memory: Page Cache Miss                                   0 / 0                 0 / 0                 0 / 1                 0 / 1           ops/s
[2023-11-16T15:14:25.587+0800][gc,stats    ]      Memory: Uncommit                                          0 / 0                 0 / 0                 0 / 0                 0 / 0           MB/s
[2023-11-16T15:14:25.587+0800][gc,stats    ]      Memory: Undo Object Allocation Failed                     0 / 0                 0 / 0                 0 / 0                 0 / 0           ops/s
[2023-11-16T15:14:25.587+0800][gc,stats    ]      Memory: Undo Object Allocation Succeeded                  0 / 0                 0 / 0                 0 / 3                 0 / 3           ops/s
[2023-11-16T15:14:25.587+0800][gc,stats    ]      Memory: Undo Page Allocation                              0 / 0                 0 / 0                 0 / 0                 0 / 0           ops/s
[2023-11-16T15:14:25.587+0800][gc,stats    ]       Phase: Concurrent Mark                               0.000 / 0.000         0.000 / 0.000        21.531 / 24.050       21.531 / 24.050      ms
[2023-11-16T15:14:25.587+0800][gc,stats    ]       Phase: Concurrent Mark Continue                      0.000 / 0.000         0.000 / 0.000         0.000 / 0.000         0.000 / 0.000       ms
[2023-11-16T15:14:25.587+0800][gc,stats    ]       Phase: Concurrent Mark Free                          0.000 / 0.000         0.000 / 0.000         0.001 / 0.001         0.001 / 0.001       ms
[2023-11-16T15:14:25.587+0800][gc,stats    ]       Phase: Concurrent Process Non-Strong References      0.000 / 0.000         0.000 / 0.000         1.995 / 2.420         1.995 / 2.420       ms
[2023-11-16T15:14:25.587+0800][gc,stats    ]       Phase: Concurrent Relocate                           0.000 / 0.000         0.000 / 0.000         2.883 / 2.961         2.883 / 2.961       ms
[2023-11-16T15:14:25.587+0800][gc,stats    ]       Phase: Concurrent Reset Relocation Set               0.000 / 0.000         0.000 / 0.000         0.002 / 0.004         0.002 / 0.004       ms
[2023-11-16T15:14:25.587+0800][gc,stats    ]       Phase: Concurrent Select Relocation Set              0.000 / 0.000         0.000 / 0.000         4.861 / 8.184         4.861 / 8.184       ms
[2023-11-16T15:14:25.587+0800][gc,stats    ]       Phase: Pause Mark End                                0.000 / 0.000         0.000 / 0.000         0.017 / 0.019         0.017 / 0.019       ms
[2023-11-16T15:14:25.587+0800][gc,stats    ]       Phase: Pause Mark Start                              0.000 / 0.000         0.000 / 0.000         0.023 / 0.031         0.023 / 0.031       ms
[2023-11-16T15:14:25.587+0800][gc,stats    ]       Phase: Pause Relocate Start                          0.000 / 0.000         0.000 / 0.000         0.009 / 0.009         0.009 / 0.009       ms
[2023-11-16T15:14:25.587+0800][gc,stats    ]    Subphase: Concurrent Classes Purge                      0.000 / 0.000         0.000 / 0.000         0.066 / 0.071         0.066 / 0.071       ms
[2023-11-16T15:14:25.587+0800][gc,stats    ]    Subphase: Concurrent Classes Unlink                     0.000 / 0.000         0.000 / 0.000         1.264 / 1.492         1.264 / 1.492       ms
[2023-11-16T15:14:25.587+0800][gc,stats    ]    Subphase: Concurrent Mark                               0.000 / 0.000         0.000 / 0.000        18.504 / 22.997       18.504 / 22.997      ms
[2023-11-16T15:14:25.587+0800][gc,stats    ]    Subphase: Concurrent Mark Try Flush                     0.000 / 0.000         0.000 / 0.000         0.201 / 0.455         0.201 / 0.455       ms
[2023-11-16T15:14:25.587+0800][gc,stats    ]    Subphase: Concurrent Mark Try Terminate                 0.000 / 0.000         0.000 / 0.000         4.353 / 12.985        4.353 / 12.985      ms
[2023-11-16T15:14:25.587+0800][gc,stats    ]    Subphase: Concurrent References Enqueue                 0.000 / 0.000         0.000 / 0.000         0.004 / 0.004         0.004 / 0.004       ms
[2023-11-16T15:14:25.587+0800][gc,stats    ]    Subphase: Concurrent References Process                 0.000 / 0.000         0.000 / 0.000         0.104 / 0.123         0.104 / 0.123       ms
[2023-11-16T15:14:25.587+0800][gc,stats    ]    Subphase: Concurrent Roots ClassLoaderDataGraph         0.000 / 0.000         0.000 / 0.000         0.107 / 0.428         0.107 / 0.428       ms
[2023-11-16T15:14:25.587+0800][gc,stats    ]    Subphase: Concurrent Roots CodeCache                    0.000 / 0.000         0.000 / 0.000         0.000 / 0.000         0.000 / 0.000       ms
[2023-11-16T15:14:25.587+0800][gc,stats    ]    Subphase: Concurrent Roots JavaThreads                  0.000 / 0.000         0.000 / 0.000         1.013 / 1.707         1.013 / 1.707       ms
[2023-11-16T15:14:25.587+0800][gc,stats    ]    Subphase: Concurrent Roots OopStorageSet                0.000 / 0.000         0.000 / 0.000         0.146 / 0.289         0.146 / 0.289       ms
[2023-11-16T15:14:25.587+0800][gc,stats    ]    Subphase: Concurrent Weak Roots OopStorageSet           0.000 / 0.000         0.000 / 0.000         0.440 / 0.670         0.440 / 0.670       ms
[2023-11-16T15:14:25.587+0800][gc,stats    ]    Subphase: Pause Mark Try Complete                       0.000 / 0.000         0.000 / 0.000         0.000 / 0.000         0.000 / 0.000       ms
[2023-11-16T15:14:25.587+0800][gc,stats    ]      System: Java Threads                                      0 / 0                 0 / 0                34 / 47               34 / 47          threads
[2023-11-16T15:14:25.587+0800][gc,stats    ] =========================================================================================================================================================
[2023-11-16T15:14:35.580+0800][gc,stats    ] === Garbage Collection Statistics =======================================================================================================================
[2023-11-16T15:14:35.580+0800][gc,stats    ]                                                              Last 10s              Last 10m              Last 10h                Total
[2023-11-16T15:14:35.580+0800][gc,stats    ]                                                              Avg / Max             Avg / Max             Avg / Max             Avg / Max
[2023-11-16T15:14:35.580+0800][gc,stats    ]   Collector: Garbage Collection Cycle                      0.000 / 0.000         0.000 / 0.000        32.129 / 37.536       32.129 / 37.536      ms
[2023-11-16T15:14:35.580+0800][gc,stats    ]  Contention: Mark Segment Reset Contention                     0 / 0                 0 / 0                 0 / 3                 0 / 3           ops/s
[2023-11-16T15:14:35.580+0800][gc,stats    ]  Contention: Mark SeqNum Reset Contention                      0 / 0                 0 / 0                 0 / 0                 0 / 0           ops/s
[2023-11-16T15:14:35.580+0800][gc,stats    ]    Critical: Allocation Stall                                  0 / 0                 0 / 0                 0 / 0                 0 / 0           ops/s
[2023-11-16T15:14:35.580+0800][gc,stats    ]    Critical: Allocation Stall                              0.000 / 0.000         0.000 / 0.000         0.000 / 0.000         0.000 / 0.000       ms
[2023-11-16T15:14:35.580+0800][gc,stats    ]    Critical: GC Locker Stall                                   0 / 0                 0 / 0                 0 / 0                 0 / 0           ops/s
[2023-11-16T15:14:35.580+0800][gc,stats    ]    Critical: GC Locker Stall                               0.000 / 0.000         0.000 / 0.000         0.000 / 0.000         0.000 / 0.000       ms
[2023-11-16T15:14:35.580+0800][gc,stats    ]    Critical: Relocation Stall                                  0 / 0                 0 / 0                 0 / 0                 0 / 0           ops/s
[2023-11-16T15:14:35.580+0800][gc,stats    ]    Critical: Relocation Stall                              0.000 / 0.000         0.000 / 0.000         0.000 / 0.000         0.000 / 0.000       ms
[2023-11-16T15:14:35.580+0800][gc,stats    ]      Memory: Allocation Rate                                   0 / 0                 0 / 8                 0 / 82                0 / 82          MB/s
[2023-11-16T15:14:35.580+0800][gc,stats    ]      Memory: Defragment                                        0 / 0                 0 / 0                 0 / 0                 0 / 0           ops/s
[2023-11-16T15:14:35.580+0800][gc,stats    ]      Memory: Out Of Memory                                     0 / 0                 0 / 0                 0 / 0                 0 / 0           ops/s
[2023-11-16T15:14:35.580+0800][gc,stats    ]      Memory: Page Cache Flush                                  0 / 0                 0 / 0                 0 / 0                 0 / 0           MB/s
[2023-11-16T15:14:35.580+0800][gc,stats    ]      Memory: Page Cache Hit L1                                 0 / 0                 0 / 4                 0 / 33                0 / 33          ops/s
[2023-11-16T15:14:35.580+0800][gc,stats    ]      Memory: Page Cache Hit L2                                 0 / 0                 0 / 0                 0 / 0                 0 / 0           ops/s
[2023-11-16T15:14:35.580+0800][gc,stats    ]      Memory: Page Cache Hit L3                                 0 / 0                 0 / 0                 0 / 41                0 / 41          ops/s
[2023-11-16T15:14:35.580+0800][gc,stats    ]      Memory: Page Cache Miss                                   0 / 0                 0 / 0                 0 / 1                 0 / 1           ops/s
[2023-11-16T15:14:35.580+0800][gc,stats    ]      Memory: Uncommit                                          0 / 0                 0 / 0                 0 / 0                 0 / 0           MB/s
[2023-11-16T15:14:35.580+0800][gc,stats    ]      Memory: Undo Object Allocation Failed                     0 / 0                 0 / 0                 0 / 0                 0 / 0           ops/s
[2023-11-16T15:14:35.580+0800][gc,stats    ]      Memory: Undo Object Allocation Succeeded                  0 / 0                 0 / 0                 0 / 3                 0 / 3           ops/s
[2023-11-16T15:14:35.580+0800][gc,stats    ]      Memory: Undo Page Allocation                              0 / 0                 0 / 0                 0 / 0                 0 / 0           ops/s
[2023-11-16T15:14:35.580+0800][gc,stats    ]       Phase: Concurrent Mark                               0.000 / 0.000         0.000 / 0.000        21.531 / 24.050       21.531 / 24.050      ms
[2023-11-16T15:14:35.580+0800][gc,stats    ]       Phase: Concurrent Mark Continue                      0.000 / 0.000         0.000 / 0.000         0.000 / 0.000         0.000 / 0.000       ms
[2023-11-16T15:14:35.580+0800][gc,stats    ]       Phase: Concurrent Mark Free                          0.000 / 0.000         0.000 / 0.000         0.001 / 0.001         0.001 / 0.001       ms
[2023-11-16T15:14:35.580+0800][gc,stats    ]       Phase: Concurrent Process Non-Strong References      0.000 / 0.000         0.000 / 0.000         1.995 / 2.420         1.995 / 2.420       ms
[2023-11-16T15:14:35.580+0800][gc,stats    ]       Phase: Concurrent Relocate                           0.000 / 0.000         0.000 / 0.000         2.883 / 2.961         2.883 / 2.961       ms
[2023-11-16T15:14:35.580+0800][gc,stats    ]       Phase: Concurrent Reset Relocation Set               0.000 / 0.000         0.000 / 0.000         0.002 / 0.004         0.002 / 0.004       ms
[2023-11-16T15:14:35.580+0800][gc,stats    ]       Phase: Concurrent Select Relocation Set              0.000 / 0.000         0.000 / 0.000         4.861 / 8.184         4.861 / 8.184       ms
[2023-11-16T15:14:35.580+0800][gc,stats    ]       Phase: Pause Mark End                                0.000 / 0.000         0.000 / 0.000         0.017 / 0.019         0.017 / 0.019       ms
[2023-11-16T15:14:35.580+0800][gc,stats    ]       Phase: Pause Mark Start                              0.000 / 0.000         0.000 / 0.000         0.023 / 0.031         0.023 / 0.031       ms
[2023-11-16T15:14:35.580+0800][gc,stats    ]       Phase: Pause Relocate Start                          0.000 / 0.000         0.000 / 0.000         0.009 / 0.009         0.009 / 0.009       ms
[2023-11-16T15:14:35.580+0800][gc,stats    ]    Subphase: Concurrent Classes Purge                      0.000 / 0.000         0.000 / 0.000         0.066 / 0.071         0.066 / 0.071       ms
[2023-11-16T15:14:35.581+0800][gc,stats    ]    Subphase: Concurrent Classes Unlink                     0.000 / 0.000         0.000 / 0.000         1.264 / 1.492         1.264 / 1.492       ms
[2023-11-16T15:14:35.581+0800][gc,stats    ]    Subphase: Concurrent Mark                               0.000 / 0.000         0.000 / 0.000        18.504 / 22.997       18.504 / 22.997      ms
[2023-11-16T15:14:35.581+0800][gc,stats    ]    Subphase: Concurrent Mark Try Flush                     0.000 / 0.000         0.000 / 0.000         0.201 / 0.455         0.201 / 0.455       ms
[2023-11-16T15:14:35.581+0800][gc,stats    ]    Subphase: Concurrent Mark Try Terminate                 0.000 / 0.000         0.000 / 0.000         4.353 / 12.985        4.353 / 12.985      ms
[2023-11-16T15:14:35.581+0800][gc,stats    ]    Subphase: Concurrent References Enqueue                 0.000 / 0.000         0.000 / 0.000         0.004 / 0.004         0.004 / 0.004       ms
[2023-11-16T15:14:35.581+0800][gc,stats    ]    Subphase: Concurrent References Process                 0.000 / 0.000         0.000 / 0.000         0.104 / 0.123         0.104 / 0.123       ms
[2023-11-16T15:14:35.581+0800][gc,stats    ]    Subphase: Concurrent Roots ClassLoaderDataGraph         0.000 / 0.000         0.000 / 0.000         0.107 / 0.428         0.107 / 0.428       ms
[2023-11-16T15:14:35.581+0800][gc,stats    ]    Subphase: Concurrent Roots CodeCache                    0.000 / 0.000         0.000 / 0.000         0.000 / 0.000         0.000 / 0.000       ms
[2023-11-16T15:14:35.581+0800][gc,stats    ]    Subphase: Concurrent Roots JavaThreads                  0.000 / 0.000         0.000 / 0.000         1.013 / 1.707         1.013 / 1.707       ms
[2023-11-16T15:14:35.581+0800][gc,stats    ]    Subphase: Concurrent Roots OopStorageSet                0.000 / 0.000         0.000 / 0.000         0.146 / 0.289         0.146 / 0.289       ms
[2023-11-16T15:14:35.581+0800][gc,stats    ]    Subphase: Concurrent Weak Roots OopStorageSet           0.000 / 0.000         0.000 / 0.000         0.440 / 0.670         0.440 / 0.670       ms
[2023-11-16T15:14:35.581+0800][gc,stats    ]    Subphase: Pause Mark Try Complete                       0.000 / 0.000         0.000 / 0.000         0.000 / 0.000         0.000 / 0.000       ms
[2023-11-16T15:14:35.581+0800][gc,stats    ]      System: Java Threads                                      0 / 0                 0 / 0                34 / 47               34 / 47          threads
[2023-11-16T15:14:35.581+0800][gc,stats    ] =========================================================================================================================================================
[2023-11-16T15:14:45.580+0800][gc,stats    ] === Garbage Collection Statistics =======================================================================================================================
[2023-11-16T15:14:45.580+0800][gc,stats    ]                                                              Last 10s              Last 10m              Last 10h                Total
[2023-11-16T15:14:45.580+0800][gc,stats    ]                                                              Avg / Max             Avg / Max             Avg / Max             Avg / Max
[2023-11-16T15:14:45.580+0800][gc,stats    ]   Collector: Garbage Collection Cycle                      0.000 / 0.000         0.000 / 0.000        32.129 / 37.536       32.129 / 37.536      ms
[2023-11-16T15:14:45.580+0800][gc,stats    ]  Contention: Mark Segment Reset Contention                     0 / 0                 0 / 0                 0 / 3                 0 / 3           ops/s
[2023-11-16T15:14:45.580+0800][gc,stats    ]  Contention: Mark SeqNum Reset Contention                      0 / 0                 0 / 0                 0 / 0                 0 / 0           ops/s
[2023-11-16T15:14:45.580+0800][gc,stats    ]    Critical: Allocation Stall                                  0 / 0                 0 / 0                 0 / 0                 0 / 0           ops/s
[2023-11-16T15:14:45.580+0800][gc,stats    ]    Critical: Allocation Stall                              0.000 / 0.000         0.000 / 0.000         0.000 / 0.000         0.000 / 0.000       ms
[2023-11-16T15:14:45.580+0800][gc,stats    ]    Critical: GC Locker Stall                                   0 / 0                 0 / 0                 0 / 0                 0 / 0           ops/s
[2023-11-16T15:14:45.580+0800][gc,stats    ]    Critical: GC Locker Stall                               0.000 / 0.000         0.000 / 0.000         0.000 / 0.000         0.000 / 0.000       ms
[2023-11-16T15:14:45.580+0800][gc,stats    ]    Critical: Relocation Stall                                  0 / 0                 0 / 0                 0 / 0                 0 / 0           ops/s
[2023-11-16T15:14:45.580+0800][gc,stats    ]    Critical: Relocation Stall                              0.000 / 0.000         0.000 / 0.000         0.000 / 0.000         0.000 / 0.000       ms
[2023-11-16T15:14:45.580+0800][gc,stats    ]      Memory: Allocation Rate                                   0 / 0                 0 / 8                 0 / 82                0 / 82          MB/s
[2023-11-16T15:14:45.580+0800][gc,stats    ]      Memory: Defragment                                        0 / 0                 0 / 0                 0 / 0                 0 / 0           ops/s
[2023-11-16T15:14:45.580+0800][gc,stats    ]      Memory: Out Of Memory                                     0 / 0                 0 / 0                 0 / 0                 0 / 0           ops/s
[2023-11-16T15:14:45.580+0800][gc,stats    ]      Memory: Page Cache Flush                                  0 / 0                 0 / 0                 0 / 0                 0 / 0           MB/s
[2023-11-16T15:14:45.580+0800][gc,stats    ]      Memory: Page Cache Hit L1                                 0 / 0                 0 / 4                 0 / 33                0 / 33          ops/s
[2023-11-16T15:14:45.580+0800][gc,stats    ]      Memory: Page Cache Hit L2                                 0 / 0                 0 / 0                 0 / 0                 0 / 0           ops/s
[2023-11-16T15:14:45.580+0800][gc,stats    ]      Memory: Page Cache Hit L3                                 0 / 0                 0 / 0                 0 / 41                0 / 41          ops/s
[2023-11-16T15:14:45.580+0800][gc,stats    ]      Memory: Page Cache Miss                                   0 / 0                 0 / 0                 0 / 1                 0 / 1           ops/s
[2023-11-16T15:14:45.580+0800][gc,stats    ]      Memory: Uncommit                                          0 / 0                 0 / 0                 0 / 0                 0 / 0           MB/s
[2023-11-16T15:14:45.580+0800][gc,stats    ]      Memory: Undo Object Allocation Failed                     0 / 0                 0 / 0                 0 / 0                 0 / 0           ops/s
[2023-11-16T15:14:45.580+0800][gc,stats    ]      Memory: Undo Object Allocation Succeeded                  0 / 0                 0 / 0                 0 / 3                 0 / 3           ops/s
[2023-11-16T15:14:45.580+0800][gc,stats    ]      Memory: Undo Page Allocation                              0 / 0                 0 / 0                 0 / 0                 0 / 0           ops/s
[2023-11-16T15:14:45.580+0800][gc,stats    ]       Phase: Concurrent Mark                               0.000 / 0.000         0.000 / 0.000        21.531 / 24.050       21.531 / 24.050      ms
[2023-11-16T15:14:45.580+0800][gc,stats    ]       Phase: Concurrent Mark Continue                      0.000 / 0.000         0.000 / 0.000         0.000 / 0.000         0.000 / 0.000       ms
[2023-11-16T15:14:45.580+0800][gc,stats    ]       Phase: Concurrent Mark Free                          0.000 / 0.000         0.000 / 0.000         0.001 / 0.001         0.001 / 0.001       ms
[2023-11-16T15:14:45.580+0800][gc,stats    ]       Phase: Concurrent Process Non-Strong References      0.000 / 0.000         0.000 / 0.000         1.995 / 2.420         1.995 / 2.420       ms
[2023-11-16T15:14:45.580+0800][gc,stats    ]       Phase: Concurrent Relocate                           0.000 / 0.000         0.000 / 0.000         2.883 / 2.961         2.883 / 2.961       ms
[2023-11-16T15:14:45.580+0800][gc,stats    ]       Phase: Concurrent Reset Relocation Set               0.000 / 0.000         0.000 / 0.000         0.002 / 0.004         0.002 / 0.004       ms
[2023-11-16T15:14:45.580+0800][gc,stats    ]       Phase: Concurrent Select Relocation Set              0.000 / 0.000         0.000 / 0.000         4.861 / 8.184         4.861 / 8.184       ms
[2023-11-16T15:14:45.580+0800][gc,stats    ]       Phase: Pause Mark End                                0.000 / 0.000         0.000 / 0.000         0.017 / 0.019         0.017 / 0.019       ms
[2023-11-16T15:14:45.580+0800][gc,stats    ]       Phase: Pause Mark Start                              0.000 / 0.000         0.000 / 0.000         0.023 / 0.031         0.023 / 0.031       ms
[2023-11-16T15:14:45.580+0800][gc,stats    ]       Phase: Pause Relocate Start                          0.000 / 0.000         0.000 / 0.000         0.009 / 0.009         0.009 / 0.009       ms
[2023-11-16T15:14:45.580+0800][gc,stats    ]    Subphase: Concurrent Classes Purge                      0.000 / 0.000         0.000 / 0.000         0.066 / 0.071         0.066 / 0.071       ms
[2023-11-16T15:14:45.580+0800][gc,stats    ]    Subphase: Concurrent Classes Unlink                     0.000 / 0.000         0.000 / 0.000         1.264 / 1.492         1.264 / 1.492       ms
[2023-11-16T15:14:45.580+0800][gc,stats    ]    Subphase: Concurrent Mark                               0.000 / 0.000         0.000 / 0.000        18.504 / 22.997       18.504 / 22.997      ms
[2023-11-16T15:14:45.580+0800][gc,stats    ]    Subphase: Concurrent Mark Try Flush                     0.000 / 0.000         0.000 / 0.000         0.201 / 0.455         0.201 / 0.455       ms
[2023-11-16T15:14:45.580+0800][gc,stats    ]    Subphase: Concurrent Mark Try Terminate                 0.000 / 0.000         0.000 / 0.000         4.353 / 12.985        4.353 / 12.985      ms
[2023-11-16T15:14:45.580+0800][gc,stats    ]    Subphase: Concurrent References Enqueue                 0.000 / 0.000         0.000 / 0.000         0.004 / 0.004         0.004 / 0.004       ms
[2023-11-16T15:14:45.580+0800][gc,stats    ]    Subphase: Concurrent References Process                 0.000 / 0.000         0.000 / 0.000         0.104 / 0.123         0.104 / 0.123       ms
[2023-11-16T15:14:45.580+0800][gc,stats    ]    Subphase: Concurrent Roots ClassLoaderDataGraph         0.000 / 0.000         0.000 / 0.000         0.107 / 0.428         0.107 / 0.428       ms
[2023-11-16T15:14:45.580+0800][gc,stats    ]    Subphase: Concurrent Roots CodeCache                    0.000 / 0.000         0.000 / 0.000         0.000 / 0.000         0.000 / 0.000       ms
[2023-11-16T15:14:45.581+0800][gc,stats    ]    Subphase: Concurrent Roots JavaThreads                  0.000 / 0.000         0.000 / 0.000         1.013 / 1.707         1.013 / 1.707       ms
[2023-11-16T15:14:45.581+0800][gc,stats    ]    Subphase: Concurrent Roots OopStorageSet                0.000 / 0.000         0.000 / 0.000         0.146 / 0.289         0.146 / 0.289       ms
[2023-11-16T15:14:45.581+0800][gc,stats    ]    Subphase: Concurrent Weak Roots OopStorageSet           0.000 / 0.000         0.000 / 0.000         0.440 / 0.670         0.440 / 0.670       ms
[2023-11-16T15:14:45.581+0800][gc,stats    ]    Subphase: Pause Mark Try Complete                       0.000 / 0.000         0.000 / 0.000         0.000 / 0.000         0.000 / 0.000       ms
[2023-11-16T15:14:45.581+0800][gc,stats    ]      System: Java Threads                                      0 / 0                 0 / 0                34 / 47               34 / 47          threads
[2023-11-16T15:14:45.581+0800][gc,stats    ] =========================================================================================================================================================
[2023-11-16T15:14:55.584+0800][gc,stats    ] === Garbage Collection Statistics =======================================================================================================================
[2023-11-16T15:14:55.584+0800][gc,stats    ]                                                              Last 10s              Last 10m              Last 10h                Total
[2023-11-16T15:14:55.584+0800][gc,stats    ]                                                              Avg / Max             Avg / Max             Avg / Max             Avg / Max
[2023-11-16T15:14:55.584+0800][gc,stats    ]   Collector: Garbage Collection Cycle                      0.000 / 0.000         0.000 / 0.000        32.129 / 37.536       32.129 / 37.536      ms
[2023-11-16T15:14:55.584+0800][gc,stats    ]  Contention: Mark Segment Reset Contention                     0 / 0                 0 / 0                 0 / 3                 0 / 3           ops/s
[2023-11-16T15:14:55.584+0800][gc,stats    ]  Contention: Mark SeqNum Reset Contention                      0 / 0                 0 / 0                 0 / 0                 0 / 0           ops/s
[2023-11-16T15:14:55.584+0800][gc,stats    ]    Critical: Allocation Stall                                  0 / 0                 0 / 0                 0 / 0                 0 / 0           ops/s
[2023-11-16T15:14:55.584+0800][gc,stats    ]    Critical: Allocation Stall                              0.000 / 0.000         0.000 / 0.000         0.000 / 0.000         0.000 / 0.000       ms
[2023-11-16T15:14:55.584+0800][gc,stats    ]    Critical: GC Locker Stall                                   0 / 0                 0 / 0                 0 / 0                 0 / 0           ops/s
[2023-11-16T15:14:55.584+0800][gc,stats    ]    Critical: GC Locker Stall                               0.000 / 0.000         0.000 / 0.000         0.000 / 0.000         0.000 / 0.000       ms
[2023-11-16T15:14:55.584+0800][gc,stats    ]    Critical: Relocation Stall                                  0 / 0                 0 / 0                 0 / 0                 0 / 0           ops/s
[2023-11-16T15:14:55.584+0800][gc,stats    ]    Critical: Relocation Stall                              0.000 / 0.000         0.000 / 0.000         0.000 / 0.000         0.000 / 0.000       ms
[2023-11-16T15:14:55.584+0800][gc,stats    ]      Memory: Allocation Rate                                   0 / 2                 0 / 8                 0 / 82                0 / 82          MB/s
[2023-11-16T15:14:55.584+0800][gc,stats    ]      Memory: Defragment                                        0 / 0                 0 / 0                 0 / 0                 0 / 0           ops/s
[2023-11-16T15:14:55.584+0800][gc,stats    ]      Memory: Out Of Memory                                     0 / 0                 0 / 0                 0 / 0                 0 / 0           ops/s
[2023-11-16T15:14:55.584+0800][gc,stats    ]      Memory: Page Cache Flush                                  0 / 0                 0 / 0                 0 / 0                 0 / 0           MB/s
[2023-11-16T15:14:55.584+0800][gc,stats    ]      Memory: Page Cache Hit L1                                 0 / 1                 0 / 4                 0 / 33                0 / 33          ops/s
[2023-11-16T15:14:55.584+0800][gc,stats    ]      Memory: Page Cache Hit L2                                 0 / 0                 0 / 0                 0 / 0                 0 / 0           ops/s
[2023-11-16T15:14:55.584+0800][gc,stats    ]      Memory: Page Cache Hit L3                                 0 / 0                 0 / 0                 0 / 41                0 / 41          ops/s
[2023-11-16T15:14:55.584+0800][gc,stats    ]      Memory: Page Cache Miss                                   0 / 0                 0 / 0                 0 / 1                 0 / 1           ops/s
[2023-11-16T15:14:55.584+0800][gc,stats    ]      Memory: Uncommit                                          0 / 0                 0 / 0                 0 / 0                 0 / 0           MB/s
[2023-11-16T15:14:55.584+0800][gc,stats    ]      Memory: Undo Object Allocation Failed                     0 / 0                 0 / 0                 0 / 0                 0 / 0           ops/s
[2023-11-16T15:14:55.584+0800][gc,stats    ]      Memory: Undo Object Allocation Succeeded                  0 / 0                 0 / 0                 0 / 3                 0 / 3           ops/s
[2023-11-16T15:14:55.584+0800][gc,stats    ]      Memory: Undo Page Allocation                              0 / 0                 0 / 0                 0 / 0                 0 / 0           ops/s
[2023-11-16T15:14:55.584+0800][gc,stats    ]       Phase: Concurrent Mark                               0.000 / 0.000         0.000 / 0.000        21.531 / 24.050       21.531 / 24.050      ms
[2023-11-16T15:14:55.584+0800][gc,stats    ]       Phase: Concurrent Mark Continue                      0.000 / 0.000         0.000 / 0.000         0.000 / 0.000         0.000 / 0.000       ms
[2023-11-16T15:14:55.584+0800][gc,stats    ]       Phase: Concurrent Mark Free                          0.000 / 0.000         0.000 / 0.000         0.001 / 0.001         0.001 / 0.001       ms
[2023-11-16T15:14:55.584+0800][gc,stats    ]       Phase: Concurrent Process Non-Strong References      0.000 / 0.000         0.000 / 0.000         1.995 / 2.420         1.995 / 2.420       ms
[2023-11-16T15:14:55.584+0800][gc,stats    ]       Phase: Concurrent Relocate                           0.000 / 0.000         0.000 / 0.000         2.883 / 2.961         2.883 / 2.961       ms
[2023-11-16T15:14:55.584+0800][gc,stats    ]       Phase: Concurrent Reset Relocation Set               0.000 / 0.000         0.000 / 0.000         0.002 / 0.004         0.002 / 0.004       ms
[2023-11-16T15:14:55.584+0800][gc,stats    ]       Phase: Concurrent Select Relocation Set              0.000 / 0.000         0.000 / 0.000         4.861 / 8.184         4.861 / 8.184       ms
[2023-11-16T15:14:55.584+0800][gc,stats    ]       Phase: Pause Mark End                                0.000 / 0.000         0.000 / 0.000         0.017 / 0.019         0.017 / 0.019       ms
[2023-11-16T15:14:55.584+0800][gc,stats    ]       Phase: Pause Mark Start                              0.000 / 0.000         0.000 / 0.000         0.023 / 0.031         0.023 / 0.031       ms
[2023-11-16T15:14:55.584+0800][gc,stats    ]       Phase: Pause Relocate Start                          0.000 / 0.000         0.000 / 0.000         0.009 / 0.009         0.009 / 0.009       ms
[2023-11-16T15:14:55.584+0800][gc,stats    ]    Subphase: Concurrent Classes Purge                      0.000 / 0.000         0.000 / 0.000         0.066 / 0.071         0.066 / 0.071       ms
[2023-11-16T15:14:55.584+0800][gc,stats    ]    Subphase: Concurrent Classes Unlink                     0.000 / 0.000         0.000 / 0.000         1.264 / 1.492         1.264 / 1.492       ms
[2023-11-16T15:14:55.584+0800][gc,stats    ]    Subphase: Concurrent Mark                               0.000 / 0.000         0.000 / 0.000        18.504 / 22.997       18.504 / 22.997      ms
[2023-11-16T15:14:55.584+0800][gc,stats    ]    Subphase: Concurrent Mark Try Flush                     0.000 / 0.000         0.000 / 0.000         0.201 / 0.455         0.201 / 0.455       ms
[2023-11-16T15:14:55.584+0800][gc,stats    ]    Subphase: Concurrent Mark Try Terminate                 0.000 / 0.000         0.000 / 0.000         4.353 / 12.985        4.353 / 12.985      ms
[2023-11-16T15:14:55.584+0800][gc,stats    ]    Subphase: Concurrent References Enqueue                 0.000 / 0.000         0.000 / 0.000         0.004 / 0.004         0.004 / 0.004       ms
[2023-11-16T15:14:55.584+0800][gc,stats    ]    Subphase: Concurrent References Process                 0.000 / 0.000         0.000 / 0.000         0.104 / 0.123         0.104 / 0.123       ms
[2023-11-16T15:14:55.584+0800][gc,stats    ]    Subphase: Concurrent Roots ClassLoaderDataGraph         0.000 / 0.000         0.000 / 0.000         0.107 / 0.428         0.107 / 0.428       ms
[2023-11-16T15:14:55.584+0800][gc,stats    ]    Subphase: Concurrent Roots CodeCache                    0.000 / 0.000         0.000 / 0.000         0.000 / 0.000         0.000 / 0.000       ms
[2023-11-16T15:14:55.584+0800][gc,stats    ]    Subphase: Concurrent Roots JavaThreads                  0.000 / 0.000         0.000 / 0.000         1.013 / 1.707         1.013 / 1.707       ms
[2023-11-16T15:14:55.584+0800][gc,stats    ]    Subphase: Concurrent Roots OopStorageSet                0.000 / 0.000         0.000 / 0.000         0.146 / 0.289         0.146 / 0.289       ms
[2023-11-16T15:14:55.584+0800][gc,stats    ]    Subphase: Concurrent Weak Roots OopStorageSet           0.000 / 0.000         0.000 / 0.000         0.440 / 0.670         0.440 / 0.670       ms
[2023-11-16T15:14:55.584+0800][gc,stats    ]    Subphase: Pause Mark Try Complete                       0.000 / 0.000         0.000 / 0.000         0.000 / 0.000         0.000 / 0.000       ms
[2023-11-16T15:14:55.584+0800][gc,stats    ]      System: Java Threads                                      0 / 0                 0 / 0                34 / 47               34 / 47          threads
[2023-11-16T15:14:55.584+0800][gc,stats    ] =========================================================================================================================================================
[2023-11-16T15:15:05.590+0800][gc,stats    ] === Garbage Collection Statistics =======================================================================================================================
[2023-11-16T15:15:05.590+0800][gc,stats    ]                                                              Last 10s              Last 10m              Last 10h                Total
[2023-11-16T15:15:05.590+0800][gc,stats    ]                                                              Avg / Max             Avg / Max             Avg / Max             Avg / Max
[2023-11-16T15:15:05.590+0800][gc,stats    ]   Collector: Garbage Collection Cycle                      0.000 / 0.000         0.000 / 0.000        32.129 / 37.536       32.129 / 37.536      ms
[2023-11-16T15:15:05.590+0800][gc,stats    ]  Contention: Mark Segment Reset Contention                     0 / 0                 0 / 0                 0 / 3                 0 / 3           ops/s
[2023-11-16T15:15:05.590+0800][gc,stats    ]  Contention: Mark SeqNum Reset Contention                      0 / 0                 0 / 0                 0 / 0                 0 / 0           ops/s
[2023-11-16T15:15:05.590+0800][gc,stats    ]    Critical: Allocation Stall                                  0 / 0                 0 / 0                 0 / 0                 0 / 0           ops/s
[2023-11-16T15:15:05.590+0800][gc,stats    ]    Critical: Allocation Stall                              0.000 / 0.000         0.000 / 0.000         0.000 / 0.000         0.000 / 0.000       ms
[2023-11-16T15:15:05.590+0800][gc,stats    ]    Critical: GC Locker Stall                                   0 / 0                 0 / 0                 0 / 0                 0 / 0           ops/s
[2023-11-16T15:15:05.590+0800][gc,stats    ]    Critical: GC Locker Stall                               0.000 / 0.000         0.000 / 0.000         0.000 / 0.000         0.000 / 0.000       ms
[2023-11-16T15:15:05.590+0800][gc,stats    ]    Critical: Relocation Stall                                  0 / 0                 0 / 0                 0 / 0                 0 / 0           ops/s
[2023-11-16T15:15:05.590+0800][gc,stats    ]    Critical: Relocation Stall                              0.000 / 0.000         0.000 / 0.000         0.000 / 0.000         0.000 / 0.000       ms
[2023-11-16T15:15:05.590+0800][gc,stats    ]      Memory: Allocation Rate                                   0 / 0                 0 / 8                 0 / 82                0 / 82          MB/s
[2023-11-16T15:15:05.590+0800][gc,stats    ]      Memory: Defragment                                        0 / 0                 0 / 0                 0 / 0                 0 / 0           ops/s
[2023-11-16T15:15:05.590+0800][gc,stats    ]      Memory: Out Of Memory                                     0 / 0                 0 / 0                 0 / 0                 0 / 0           ops/s
[2023-11-16T15:15:05.590+0800][gc,stats    ]      Memory: Page Cache Flush                                  0 / 0                 0 / 0                 0 / 0                 0 / 0           MB/s
[2023-11-16T15:15:05.590+0800][gc,stats    ]      Memory: Page Cache Hit L1                                 0 / 0                 0 / 4                 0 / 33                0 / 33          ops/s
[2023-11-16T15:15:05.590+0800][gc,stats    ]      Memory: Page Cache Hit L2                                 0 / 0                 0 / 0                 0 / 0                 0 / 0           ops/s
[2023-11-16T15:15:05.590+0800][gc,stats    ]      Memory: Page Cache Hit L3                                 0 / 0                 0 / 0                 0 / 41                0 / 41          ops/s
[2023-11-16T15:15:05.590+0800][gc,stats    ]      Memory: Page Cache Miss                                   0 / 0                 0 / 0                 0 / 1                 0 / 1           ops/s
[2023-11-16T15:15:05.590+0800][gc,stats    ]      Memory: Uncommit                                          0 / 0                 0 / 0                 0 / 0                 0 / 0           MB/s
[2023-11-16T15:15:05.590+0800][gc,stats    ]      Memory: Undo Object Allocation Failed                     0 / 0                 0 / 0                 0 / 0                 0 / 0           ops/s
[2023-11-16T15:15:05.590+0800][gc,stats    ]      Memory: Undo Object Allocation Succeeded                  0 / 0                 0 / 0                 0 / 3                 0 / 3           ops/s
[2023-11-16T15:15:05.590+0800][gc,stats    ]      Memory: Undo Page Allocation                              0 / 0                 0 / 0                 0 / 0                 0 / 0           ops/s
[2023-11-16T15:15:05.590+0800][gc,stats    ]       Phase: Concurrent Mark                               0.000 / 0.000         0.000 / 0.000        21.531 / 24.050       21.531 / 24.050      ms
[2023-11-16T15:15:05.590+0800][gc,stats    ]       Phase: Concurrent Mark Continue                      0.000 / 0.000         0.000 / 0.000         0.000 / 0.000         0.000 / 0.000       ms
[2023-11-16T15:15:05.590+0800][gc,stats    ]       Phase: Concurrent Mark Free                          0.000 / 0.000         0.000 / 0.000         0.001 / 0.001         0.001 / 0.001       ms
[2023-11-16T15:15:05.591+0800][gc,stats    ]       Phase: Concurrent Process Non-Strong References      0.000 / 0.000         0.000 / 0.000         1.995 / 2.420         1.995 / 2.420       ms
[2023-11-16T15:15:05.591+0800][gc,stats    ]       Phase: Concurrent Relocate                           0.000 / 0.000         0.000 / 0.000         2.883 / 2.961         2.883 / 2.961       ms
[2023-11-16T15:15:05.591+0800][gc,stats    ]       Phase: Concurrent Reset Relocation Set               0.000 / 0.000         0.000 / 0.000         0.002 / 0.004         0.002 / 0.004       ms
[2023-11-16T15:15:05.591+0800][gc,stats    ]       Phase: Concurrent Select Relocation Set              0.000 / 0.000         0.000 / 0.000         4.861 / 8.184         4.861 / 8.184       ms
[2023-11-16T15:15:05.591+0800][gc,stats    ]       Phase: Pause Mark End                                0.000 / 0.000         0.000 / 0.000         0.017 / 0.019         0.017 / 0.019       ms
[2023-11-16T15:15:05.591+0800][gc,stats    ]       Phase: Pause Mark Start                              0.000 / 0.000         0.000 / 0.000         0.023 / 0.031         0.023 / 0.031       ms
[2023-11-16T15:15:05.591+0800][gc,stats    ]       Phase: Pause Relocate Start                          0.000 / 0.000         0.000 / 0.000         0.009 / 0.009         0.009 / 0.009       ms
[2023-11-16T15:15:05.591+0800][gc,stats    ]    Subphase: Concurrent Classes Purge                      0.000 / 0.000         0.000 / 0.000         0.066 / 0.071         0.066 / 0.071       ms
[2023-11-16T15:15:05.591+0800][gc,stats    ]    Subphase: Concurrent Classes Unlink                     0.000 / 0.000         0.000 / 0.000         1.264 / 1.492         1.264 / 1.492       ms
[2023-11-16T15:15:05.591+0800][gc,stats    ]    Subphase: Concurrent Mark                               0.000 / 0.000         0.000 / 0.000        18.504 / 22.997       18.504 / 22.997      ms
[2023-11-16T15:15:05.591+0800][gc,stats    ]    Subphase: Concurrent Mark Try Flush                     0.000 / 0.000         0.000 / 0.000         0.201 / 0.455         0.201 / 0.455       ms
[2023-11-16T15:15:05.591+0800][gc,stats    ]    Subphase: Concurrent Mark Try Terminate                 0.000 / 0.000         0.000 / 0.000         4.353 / 12.985        4.353 / 12.985      ms
[2023-11-16T15:15:05.591+0800][gc,stats    ]    Subphase: Concurrent References Enqueue                 0.000 / 0.000         0.000 / 0.000         0.004 / 0.004         0.004 / 0.004       ms
[2023-11-16T15:15:05.591+0800][gc,stats    ]    Subphase: Concurrent References Process                 0.000 / 0.000         0.000 / 0.000         0.104 / 0.123         0.104 / 0.123       ms
[2023-11-16T15:15:05.591+0800][gc,stats    ]    Subphase: Concurrent Roots ClassLoaderDataGraph         0.000 / 0.000         0.000 / 0.000         0.107 / 0.428         0.107 / 0.428       ms
[2023-11-16T15:15:05.591+0800][gc,stats    ]    Subphase: Concurrent Roots CodeCache                    0.000 / 0.000         0.000 / 0.000         0.000 / 0.000         0.000 / 0.000       ms
[2023-11-16T15:15:05.591+0800][gc,stats    ]    Subphase: Concurrent Roots JavaThreads                  0.000 / 0.000         0.000 / 0.000         1.013 / 1.707         1.013 / 1.707       ms
[2023-11-16T15:15:05.591+0800][gc,stats    ]    Subphase: Concurrent Roots OopStorageSet                0.000 / 0.000         0.000 / 0.000         0.146 / 0.289         0.146 / 0.289       ms
[2023-11-16T15:15:05.591+0800][gc,stats    ]    Subphase: Concurrent Weak Roots OopStorageSet           0.000 / 0.000         0.000 / 0.000         0.440 / 0.670         0.440 / 0.670       ms
[2023-11-16T15:15:05.591+0800][gc,stats    ]    Subphase: Pause Mark Try Complete                       0.000 / 0.000         0.000 / 0.000         0.000 / 0.000         0.000 / 0.000       ms
[2023-11-16T15:15:05.591+0800][gc,stats    ]      System: Java Threads                                      0 / 0                 0 / 0                34 / 47               34 / 47          threads
[2023-11-16T15:15:05.591+0800][gc,stats    ] =========================================================================================================================================================
[2023-11-16T15:15:15.582+0800][gc,stats    ] === Garbage Collection Statistics =======================================================================================================================
[2023-11-16T15:15:15.582+0800][gc,stats    ]                                                              Last 10s              Last 10m              Last 10h                Total
[2023-11-16T15:15:15.582+0800][gc,stats    ]                                                              Avg / Max             Avg / Max             Avg / Max             Avg / Max
[2023-11-16T15:15:15.582+0800][gc,stats    ]   Collector: Garbage Collection Cycle                      0.000 / 0.000         0.000 / 0.000        32.129 / 37.536       32.129 / 37.536      ms
[2023-11-16T15:15:15.582+0800][gc,stats    ]  Contention: Mark Segment Reset Contention                     0 / 0                 0 / 0                 0 / 3                 0 / 3           ops/s
[2023-11-16T15:15:15.582+0800][gc,stats    ]  Contention: Mark SeqNum Reset Contention                      0 / 0                 0 / 0                 0 / 0                 0 / 0           ops/s
[2023-11-16T15:15:15.582+0800][gc,stats    ]    Critical: Allocation Stall                                  0 / 0                 0 / 0                 0 / 0                 0 / 0           ops/s
[2023-11-16T15:15:15.582+0800][gc,stats    ]    Critical: Allocation Stall                              0.000 / 0.000         0.000 / 0.000         0.000 / 0.000         0.000 / 0.000       ms
[2023-11-16T15:15:15.582+0800][gc,stats    ]    Critical: GC Locker Stall                                   0 / 0                 0 / 0                 0 / 0                 0 / 0           ops/s
[2023-11-16T15:15:15.582+0800][gc,stats    ]    Critical: GC Locker Stall                               0.000 / 0.000         0.000 / 0.000         0.000 / 0.000         0.000 / 0.000       ms
[2023-11-16T15:15:15.582+0800][gc,stats    ]    Critical: Relocation Stall                                  0 / 0                 0 / 0                 0 / 0                 0 / 0           ops/s
[2023-11-16T15:15:15.582+0800][gc,stats    ]    Critical: Relocation Stall                              0.000 / 0.000         0.000 / 0.000         0.000 / 0.000         0.000 / 0.000       ms
[2023-11-16T15:15:15.582+0800][gc,stats    ]      Memory: Allocation Rate                                   0 / 0                 0 / 8                 0 / 82                0 / 82          MB/s
[2023-11-16T15:15:15.582+0800][gc,stats    ]      Memory: Defragment                                        0 / 0                 0 / 0                 0 / 0                 0 / 0           ops/s
[2023-11-16T15:15:15.582+0800][gc,stats    ]      Memory: Out Of Memory                                     0 / 0                 0 / 0                 0 / 0                 0 / 0           ops/s
[2023-11-16T15:15:15.582+0800][gc,stats    ]      Memory: Page Cache Flush                                  0 / 0                 0 / 0                 0 / 0                 0 / 0           MB/s
[2023-11-16T15:15:15.582+0800][gc,stats    ]      Memory: Page Cache Hit L1                                 0 / 0                 0 / 4                 0 / 33                0 / 33          ops/s
[2023-11-16T15:15:15.582+0800][gc,stats    ]      Memory: Page Cache Hit L2                                 0 / 0                 0 / 0                 0 / 0                 0 / 0           ops/s
[2023-11-16T15:15:15.582+0800][gc,stats    ]      Memory: Page Cache Hit L3                                 0 / 0                 0 / 0                 0 / 41                0 / 41          ops/s
[2023-11-16T15:15:15.582+0800][gc,stats    ]      Memory: Page Cache Miss                                   0 / 0                 0 / 0                 0 / 1                 0 / 1           ops/s
[2023-11-16T15:15:15.582+0800][gc,stats    ]      Memory: Uncommit                                          0 / 0                 0 / 0                 0 / 0                 0 / 0           MB/s
[2023-11-16T15:15:15.582+0800][gc,stats    ]      Memory: Undo Object Allocation Failed                     0 / 0                 0 / 0                 0 / 0                 0 / 0           ops/s
[2023-11-16T15:15:15.582+0800][gc,stats    ]      Memory: Undo Object Allocation Succeeded                  0 / 0                 0 / 0                 0 / 3                 0 / 3           ops/s
[2023-11-16T15:15:15.582+0800][gc,stats    ]      Memory: Undo Page Allocation                              0 / 0                 0 / 0                 0 / 0                 0 / 0           ops/s
[2023-11-16T15:15:15.582+0800][gc,stats    ]       Phase: Concurrent Mark                               0.000 / 0.000         0.000 / 0.000        21.531 / 24.050       21.531 / 24.050      ms
[2023-11-16T15:15:15.582+0800][gc,stats    ]       Phase: Concurrent Mark Continue                      0.000 / 0.000         0.000 / 0.000         0.000 / 0.000         0.000 / 0.000       ms
[2023-11-16T15:15:15.582+0800][gc,stats    ]       Phase: Concurrent Mark Free                          0.000 / 0.000         0.000 / 0.000         0.001 / 0.001         0.001 / 0.001       ms
[2023-11-16T15:15:15.582+0800][gc,stats    ]       Phase: Concurrent Process Non-Strong References      0.000 / 0.000         0.000 / 0.000         1.995 / 2.420         1.995 / 2.420       ms
[2023-11-16T15:15:15.582+0800][gc,stats    ]       Phase: Concurrent Relocate                           0.000 / 0.000         0.000 / 0.000         2.883 / 2.961         2.883 / 2.961       ms
[2023-11-16T15:15:15.582+0800][gc,stats    ]       Phase: Concurrent Reset Relocation Set               0.000 / 0.000         0.000 / 0.000         0.002 / 0.004         0.002 / 0.004       ms
[2023-11-16T15:15:15.582+0800][gc,stats    ]       Phase: Concurrent Select Relocation Set              0.000 / 0.000         0.000 / 0.000         4.861 / 8.184         4.861 / 8.184       ms
[2023-11-16T15:15:15.582+0800][gc,stats    ]       Phase: Pause Mark End                                0.000 / 0.000         0.000 / 0.000         0.017 / 0.019         0.017 / 0.019       ms
[2023-11-16T15:15:15.582+0800][gc,stats    ]       Phase: Pause Mark Start                              0.000 / 0.000         0.000 / 0.000         0.023 / 0.031         0.023 / 0.031       ms
[2023-11-16T15:15:15.582+0800][gc,stats    ]       Phase: Pause Relocate Start                          0.000 / 0.000         0.000 / 0.000         0.009 / 0.009         0.009 / 0.009       ms
[2023-11-16T15:15:15.582+0800][gc,stats    ]    Subphase: Concurrent Classes Purge                      0.000 / 0.000         0.000 / 0.000         0.066 / 0.071         0.066 / 0.071       ms
[2023-11-16T15:15:15.582+0800][gc,stats    ]    Subphase: Concurrent Classes Unlink                     0.000 / 0.000         0.000 / 0.000         1.264 / 1.492         1.264 / 1.492       ms
[2023-11-16T15:15:15.582+0800][gc,stats    ]    Subphase: Concurrent Mark                               0.000 / 0.000         0.000 / 0.000        18.504 / 22.997       18.504 / 22.997      ms
[2023-11-16T15:15:15.582+0800][gc,stats    ]    Subphase: Concurrent Mark Try Flush                     0.000 / 0.000         0.000 / 0.000         0.201 / 0.455         0.201 / 0.455       ms
[2023-11-16T15:15:15.582+0800][gc,stats    ]    Subphase: Concurrent Mark Try Terminate                 0.000 / 0.000         0.000 / 0.000         4.353 / 12.985        4.353 / 12.985      ms
[2023-11-16T15:15:15.582+0800][gc,stats    ]    Subphase: Concurrent References Enqueue                 0.000 / 0.000         0.000 / 0.000         0.004 / 0.004         0.004 / 0.004       ms
[2023-11-16T15:15:15.582+0800][gc,stats    ]    Subphase: Concurrent References Process                 0.000 / 0.000         0.000 / 0.000         0.104 / 0.123         0.104 / 0.123       ms
[2023-11-16T15:15:15.582+0800][gc,stats    ]    Subphase: Concurrent Roots ClassLoaderDataGraph         0.000 / 0.000         0.000 / 0.000         0.107 / 0.428         0.107 / 0.428       ms
[2023-11-16T15:15:15.582+0800][gc,stats    ]    Subphase: Concurrent Roots CodeCache                    0.000 / 0.000         0.000 / 0.000         0.000 / 0.000         0.000 / 0.000       ms
[2023-11-16T15:15:15.582+0800][gc,stats    ]    Subphase: Concurrent Roots JavaThreads                  0.000 / 0.000         0.000 / 0.000         1.013 / 1.707         1.013 / 1.707       ms
[2023-11-16T15:15:15.582+0800][gc,stats    ]    Subphase: Concurrent Roots OopStorageSet                0.000 / 0.000         0.000 / 0.000         0.146 / 0.289         0.146 / 0.289       ms
[2023-11-16T15:15:15.582+0800][gc,stats    ]    Subphase: Concurrent Weak Roots OopStorageSet           0.000 / 0.000         0.000 / 0.000         0.440 / 0.670         0.440 / 0.670       ms
[2023-11-16T15:15:15.582+0800][gc,stats    ]    Subphase: Pause Mark Try Complete                       0.000 / 0.000         0.000 / 0.000         0.000 / 0.000         0.000 / 0.000       ms
[2023-11-16T15:15:15.582+0800][gc,stats    ]      System: Java Threads                                      0 / 0                 0 / 0                34 / 47               34 / 47          threads
[2023-11-16T15:15:15.582+0800][gc,stats    ] =========================================================================================================================================================
[2023-11-16T15:15:25.580+0800][gc,stats    ] === Garbage Collection Statistics =======================================================================================================================
[2023-11-16T15:15:25.580+0800][gc,stats    ]                                                              Last 10s              Last 10m              Last 10h                Total
[2023-11-16T15:15:25.580+0800][gc,stats    ]                                                              Avg / Max             Avg / Max             Avg / Max             Avg / Max
[2023-11-16T15:15:25.580+0800][gc,stats    ]   Collector: Garbage Collection Cycle                      0.000 / 0.000         0.000 / 0.000        32.129 / 37.536       32.129 / 37.536      ms
[2023-11-16T15:15:25.580+0800][gc,stats    ]  Contention: Mark Segment Reset Contention                     0 / 0                 0 / 0                 0 / 3                 0 / 3           ops/s
[2023-11-16T15:15:25.580+0800][gc,stats    ]  Contention: Mark SeqNum Reset Contention                      0 / 0                 0 / 0                 0 / 0                 0 / 0           ops/s
[2023-11-16T15:15:25.580+0800][gc,stats    ]    Critical: Allocation Stall                                  0 / 0                 0 / 0                 0 / 0                 0 / 0           ops/s
[2023-11-16T15:15:25.580+0800][gc,stats    ]    Critical: Allocation Stall                              0.000 / 0.000         0.000 / 0.000         0.000 / 0.000         0.000 / 0.000       ms
[2023-11-16T15:15:25.580+0800][gc,stats    ]    Critical: GC Locker Stall                                   0 / 0                 0 / 0                 0 / 0                 0 / 0           ops/s
[2023-11-16T15:15:25.580+0800][gc,stats    ]    Critical: GC Locker Stall                               0.000 / 0.000         0.000 / 0.000         0.000 / 0.000         0.000 / 0.000       ms
[2023-11-16T15:15:25.580+0800][gc,stats    ]    Critical: Relocation Stall                                  0 / 0                 0 / 0                 0 / 0                 0 / 0           ops/s
[2023-11-16T15:15:25.580+0800][gc,stats    ]    Critical: Relocation Stall                              0.000 / 0.000         0.000 / 0.000         0.000 / 0.000         0.000 / 0.000       ms
[2023-11-16T15:15:25.580+0800][gc,stats    ]      Memory: Allocation Rate                                   0 / 0                 0 / 8                 0 / 82                0 / 82          MB/s
[2023-11-16T15:15:25.580+0800][gc,stats    ]      Memory: Defragment                                        0 / 0                 0 / 0                 0 / 0                 0 / 0           ops/s
[2023-11-16T15:15:25.580+0800][gc,stats    ]      Memory: Out Of Memory                                     0 / 0                 0 / 0                 0 / 0                 0 / 0           ops/s
[2023-11-16T15:15:25.580+0800][gc,stats    ]      Memory: Page Cache Flush                                  0 / 0                 0 / 0                 0 / 0                 0 / 0           MB/s
[2023-11-16T15:15:25.580+0800][gc,stats    ]      Memory: Page Cache Hit L1                                 0 / 0                 0 / 4                 0 / 33                0 / 33          ops/s
[2023-11-16T15:15:25.580+0800][gc,stats    ]      Memory: Page Cache Hit L2                                 0 / 0                 0 / 0                 0 / 0                 0 / 0           ops/s
[2023-11-16T15:15:25.580+0800][gc,stats    ]      Memory: Page Cache Hit L3                                 0 / 0                 0 / 0                 0 / 41                0 / 41          ops/s
[2023-11-16T15:15:25.580+0800][gc,stats    ]      Memory: Page Cache Miss                                   0 / 0                 0 / 0                 0 / 1                 0 / 1           ops/s
[2023-11-16T15:15:25.581+0800][gc,stats    ]      Memory: Uncommit                                          0 / 0                 0 / 0                 0 / 0                 0 / 0           MB/s
[2023-11-16T15:15:25.581+0800][gc,stats    ]      Memory: Undo Object Allocation Failed                     0 / 0                 0 / 0                 0 / 0                 0 / 0           ops/s
[2023-11-16T15:15:25.581+0800][gc,stats    ]      Memory: Undo Object Allocation Succeeded                  0 / 0                 0 / 0                 0 / 3                 0 / 3           ops/s
[2023-11-16T15:15:25.581+0800][gc,stats    ]      Memory: Undo Page Allocation                              0 / 0                 0 / 0                 0 / 0                 0 / 0           ops/s
[2023-11-16T15:15:25.581+0800][gc,stats    ]       Phase: Concurrent Mark                               0.000 / 0.000         0.000 / 0.000        21.531 / 24.050       21.531 / 24.050      ms
[2023-11-16T15:15:25.581+0800][gc,stats    ]       Phase: Concurrent Mark Continue                      0.000 / 0.000         0.000 / 0.000         0.000 / 0.000         0.000 / 0.000       ms
[2023-11-16T15:15:25.581+0800][gc,stats    ]       Phase: Concurrent Mark Free                          0.000 / 0.000         0.000 / 0.000         0.001 / 0.001         0.001 / 0.001       ms
[2023-11-16T15:15:25.581+0800][gc,stats    ]       Phase: Concurrent Process Non-Strong References      0.000 / 0.000         0.000 / 0.000         1.995 / 2.420         1.995 / 2.420       ms
[2023-11-16T15:15:25.581+0800][gc,stats    ]       Phase: Concurrent Relocate                           0.000 / 0.000         0.000 / 0.000         2.883 / 2.961         2.883 / 2.961       ms
[2023-11-16T15:15:25.581+0800][gc,stats    ]       Phase: Concurrent Reset Relocation Set               0.000 / 0.000         0.000 / 0.000         0.002 / 0.004         0.002 / 0.004       ms
[2023-11-16T15:15:25.581+0800][gc,stats    ]       Phase: Concurrent Select Relocation Set              0.000 / 0.000         0.000 / 0.000         4.861 / 8.184         4.861 / 8.184       ms
[2023-11-16T15:15:25.581+0800][gc,stats    ]       Phase: Pause Mark End                                0.000 / 0.000         0.000 / 0.000         0.017 / 0.019         0.017 / 0.019       ms
[2023-11-16T15:15:25.581+0800][gc,stats    ]       Phase: Pause Mark Start                              0.000 / 0.000         0.000 / 0.000         0.023 / 0.031         0.023 / 0.031       ms
[2023-11-16T15:15:25.581+0800][gc,stats    ]       Phase: Pause Relocate Start                          0.000 / 0.000         0.000 / 0.000         0.009 / 0.009         0.009 / 0.009       ms
[2023-11-16T15:15:25.581+0800][gc,stats    ]    Subphase: Concurrent Classes Purge                      0.000 / 0.000         0.000 / 0.000         0.066 / 0.071         0.066 / 0.071       ms
[2023-11-16T15:15:25.581+0800][gc,stats    ]    Subphase: Concurrent Classes Unlink                     0.000 / 0.000         0.000 / 0.000         1.264 / 1.492         1.264 / 1.492       ms
[2023-11-16T15:15:25.581+0800][gc,stats    ]    Subphase: Concurrent Mark                               0.000 / 0.000         0.000 / 0.000        18.504 / 22.997       18.504 / 22.997      ms
[2023-11-16T15:15:25.581+0800][gc,stats    ]    Subphase: Concurrent Mark Try Flush                     0.000 / 0.000         0.000 / 0.000         0.201 / 0.455         0.201 / 0.455       ms
[2023-11-16T15:15:25.581+0800][gc,stats    ]    Subphase: Concurrent Mark Try Terminate                 0.000 / 0.000         0.000 / 0.000         4.353 / 12.985        4.353 / 12.985      ms
[2023-11-16T15:15:25.581+0800][gc,stats    ]    Subphase: Concurrent References Enqueue                 0.000 / 0.000         0.000 / 0.000         0.004 / 0.004         0.004 / 0.004       ms
[2023-11-16T15:15:25.581+0800][gc,stats    ]    Subphase: Concurrent References Process                 0.000 / 0.000         0.000 / 0.000         0.104 / 0.123         0.104 / 0.123       ms
[2023-11-16T15:15:25.581+0800][gc,stats    ]    Subphase: Concurrent Roots ClassLoaderDataGraph         0.000 / 0.000         0.000 / 0.000         0.107 / 0.428         0.107 / 0.428       ms
[2023-11-16T15:15:25.581+0800][gc,stats    ]    Subphase: Concurrent Roots CodeCache                    0.000 / 0.000         0.000 / 0.000         0.000 / 0.000         0.000 / 0.000       ms
[2023-11-16T15:15:25.581+0800][gc,stats    ]    Subphase: Concurrent Roots JavaThreads                  0.000 / 0.000         0.000 / 0.000         1.013 / 1.707         1.013 / 1.707       ms
[2023-11-16T15:15:25.581+0800][gc,stats    ]    Subphase: Concurrent Roots OopStorageSet                0.000 / 0.000         0.000 / 0.000         0.146 / 0.289         0.146 / 0.289       ms
[2023-11-16T15:15:25.581+0800][gc,stats    ]    Subphase: Concurrent Weak Roots OopStorageSet           0.000 / 0.000         0.000 / 0.000         0.440 / 0.670         0.440 / 0.670       ms
[2023-11-16T15:15:25.581+0800][gc,stats    ]    Subphase: Pause Mark Try Complete                       0.000 / 0.000         0.000 / 0.000         0.000 / 0.000         0.000 / 0.000       ms
[2023-11-16T15:15:25.581+0800][gc,stats    ]      System: Java Threads                                      0 / 0                 0 / 0                34 / 47               34 / 47          threads
[2023-11-16T15:15:25.581+0800][gc,stats    ] =========================================================================================================================================================
[2023-11-16T15:15:35.589+0800][gc,stats    ] === Garbage Collection Statistics =======================================================================================================================
[2023-11-16T15:15:35.589+0800][gc,stats    ]                                                              Last 10s              Last 10m              Last 10h                Total
[2023-11-16T15:15:35.589+0800][gc,stats    ]                                                              Avg / Max             Avg / Max             Avg / Max             Avg / Max
[2023-11-16T15:15:35.589+0800][gc,stats    ]   Collector: Garbage Collection Cycle                      0.000 / 0.000         0.000 / 0.000        32.129 / 37.536       32.129 / 37.536      ms
[2023-11-16T15:15:35.589+0800][gc,stats    ]  Contention: Mark Segment Reset Contention                     0 / 0                 0 / 0                 0 / 3                 0 / 3           ops/s
[2023-11-16T15:15:35.589+0800][gc,stats    ]  Contention: Mark SeqNum Reset Contention                      0 / 0                 0 / 0                 0 / 0                 0 / 0           ops/s
[2023-11-16T15:15:35.589+0800][gc,stats    ]    Critical: Allocation Stall                                  0 / 0                 0 / 0                 0 / 0                 0 / 0           ops/s
[2023-11-16T15:15:35.589+0800][gc,stats    ]    Critical: Allocation Stall                              0.000 / 0.000         0.000 / 0.000         0.000 / 0.000         0.000 / 0.000       ms
[2023-11-16T15:15:35.589+0800][gc,stats    ]    Critical: GC Locker Stall                                   0 / 0                 0 / 0                 0 / 0                 0 / 0           ops/s
[2023-11-16T15:15:35.589+0800][gc,stats    ]    Critical: GC Locker Stall                               0.000 / 0.000         0.000 / 0.000         0.000 / 0.000         0.000 / 0.000       ms
[2023-11-16T15:15:35.589+0800][gc,stats    ]    Critical: Relocation Stall                                  0 / 0                 0 / 0                 0 / 0                 0 / 0           ops/s
[2023-11-16T15:15:35.589+0800][gc,stats    ]    Critical: Relocation Stall                              0.000 / 0.000         0.000 / 0.000         0.000 / 0.000         0.000 / 0.000       ms
[2023-11-16T15:15:35.589+0800][gc,stats    ]      Memory: Allocation Rate                                   0 / 0                 0 / 8                 0 / 82                0 / 82          MB/s
[2023-11-16T15:15:35.589+0800][gc,stats    ]      Memory: Defragment                                        0 / 0                 0 / 0                 0 / 0                 0 / 0           ops/s
[2023-11-16T15:15:35.589+0800][gc,stats    ]      Memory: Out Of Memory                                     0 / 0                 0 / 0                 0 / 0                 0 / 0           ops/s
[2023-11-16T15:15:35.589+0800][gc,stats    ]      Memory: Page Cache Flush                                  0 / 0                 0 / 0                 0 / 0                 0 / 0           MB/s
[2023-11-16T15:15:35.589+0800][gc,stats    ]      Memory: Page Cache Hit L1                                 0 / 0                 0 / 4                 0 / 33                0 / 33          ops/s
[2023-11-16T15:15:35.589+0800][gc,stats    ]      Memory: Page Cache Hit L2                                 0 / 0                 0 / 0                 0 / 0                 0 / 0           ops/s
[2023-11-16T15:15:35.589+0800][gc,stats    ]      Memory: Page Cache Hit L3                                 0 / 0                 0 / 0                 0 / 41                0 / 41          ops/s
[2023-11-16T15:15:35.589+0800][gc,stats    ]      Memory: Page Cache Miss                                   0 / 0                 0 / 0                 0 / 1                 0 / 1           ops/s
[2023-11-16T15:15:35.589+0800][gc,stats    ]      Memory: Uncommit                                          0 / 0                 0 / 0                 0 / 0                 0 / 0           MB/s
[2023-11-16T15:15:35.589+0800][gc,stats    ]      Memory: Undo Object Allocation Failed                     0 / 0                 0 / 0                 0 / 0                 0 / 0           ops/s
[2023-11-16T15:15:35.589+0800][gc,stats    ]      Memory: Undo Object Allocation Succeeded                  0 / 0                 0 / 0                 0 / 3                 0 / 3           ops/s
[2023-11-16T15:15:35.589+0800][gc,stats    ]      Memory: Undo Page Allocation                              0 / 0                 0 / 0                 0 / 0                 0 / 0           ops/s
[2023-11-16T15:15:35.589+0800][gc,stats    ]       Phase: Concurrent Mark                               0.000 / 0.000         0.000 / 0.000        21.531 / 24.050       21.531 / 24.050      ms
[2023-11-16T15:15:35.589+0800][gc,stats    ]       Phase: Concurrent Mark Continue                      0.000 / 0.000         0.000 / 0.000         0.000 / 0.000         0.000 / 0.000       ms
[2023-11-16T15:15:35.589+0800][gc,stats    ]       Phase: Concurrent Mark Free                          0.000 / 0.000         0.000 / 0.000         0.001 / 0.001         0.001 / 0.001       ms
[2023-11-16T15:15:35.589+0800][gc,stats    ]       Phase: Concurrent Process Non-Strong References      0.000 / 0.000         0.000 / 0.000         1.995 / 2.420         1.995 / 2.420       ms
[2023-11-16T15:15:35.589+0800][gc,stats    ]       Phase: Concurrent Relocate                           0.000 / 0.000         0.000 / 0.000         2.883 / 2.961         2.883 / 2.961       ms
[2023-11-16T15:15:35.589+0800][gc,stats    ]       Phase: Concurrent Reset Relocation Set               0.000 / 0.000         0.000 / 0.000         0.002 / 0.004         0.002 / 0.004       ms
[2023-11-16T15:15:35.589+0800][gc,stats    ]       Phase: Concurrent Select Relocation Set              0.000 / 0.000         0.000 / 0.000         4.861 / 8.184         4.861 / 8.184       ms
[2023-11-16T15:15:35.589+0800][gc,stats    ]       Phase: Pause Mark End                                0.000 / 0.000         0.000 / 0.000         0.017 / 0.019         0.017 / 0.019       ms
[2023-11-16T15:15:35.589+0800][gc,stats    ]       Phase: Pause Mark Start                              0.000 / 0.000         0.000 / 0.000         0.023 / 0.031         0.023 / 0.031       ms
[2023-11-16T15:15:35.589+0800][gc,stats    ]       Phase: Pause Relocate Start                          0.000 / 0.000         0.000 / 0.000         0.009 / 0.009         0.009 / 0.009       ms
[2023-11-16T15:15:35.589+0800][gc,stats    ]    Subphase: Concurrent Classes Purge                      0.000 / 0.000         0.000 / 0.000         0.066 / 0.071         0.066 / 0.071       ms
[2023-11-16T15:15:35.589+0800][gc,stats    ]    Subphase: Concurrent Classes Unlink                     0.000 / 0.000         0.000 / 0.000         1.264 / 1.492         1.264 / 1.492       ms
[2023-11-16T15:15:35.589+0800][gc,stats    ]    Subphase: Concurrent Mark                               0.000 / 0.000         0.000 / 0.000        18.504 / 22.997       18.504 / 22.997      ms
[2023-11-16T15:15:35.589+0800][gc,stats    ]    Subphase: Concurrent Mark Try Flush                     0.000 / 0.000         0.000 / 0.000         0.201 / 0.455         0.201 / 0.455       ms
[2023-11-16T15:15:35.589+0800][gc,stats    ]    Subphase: Concurrent Mark Try Terminate                 0.000 / 0.000         0.000 / 0.000         4.353 / 12.985        4.353 / 12.985      ms
[2023-11-16T15:15:35.589+0800][gc,stats    ]    Subphase: Concurrent References Enqueue                 0.000 / 0.000         0.000 / 0.000         0.004 / 0.004         0.004 / 0.004       ms
[2023-11-16T15:15:35.589+0800][gc,stats    ]    Subphase: Concurrent References Process                 0.000 / 0.000         0.000 / 0.000         0.104 / 0.123         0.104 / 0.123       ms
[2023-11-16T15:15:35.589+0800][gc,stats    ]    Subphase: Concurrent Roots ClassLoaderDataGraph         0.000 / 0.000         0.000 / 0.000         0.107 / 0.428         0.107 / 0.428       ms
[2023-11-16T15:15:35.589+0800][gc,stats    ]    Subphase: Concurrent Roots CodeCache                    0.000 / 0.000         0.000 / 0.000         0.000 / 0.000         0.000 / 0.000       ms
[2023-11-16T15:15:35.589+0800][gc,stats    ]    Subphase: Concurrent Roots JavaThreads                  0.000 / 0.000         0.000 / 0.000         1.013 / 1.707         1.013 / 1.707       ms
[2023-11-16T15:15:35.589+0800][gc,stats    ]    Subphase: Concurrent Roots OopStorageSet                0.000 / 0.000         0.000 / 0.000         0.146 / 0.289         0.146 / 0.289       ms
[2023-11-16T15:15:35.589+0800][gc,stats    ]    Subphase: Concurrent Weak Roots OopStorageSet           0.000 / 0.000         0.000 / 0.000         0.440 / 0.670         0.440 / 0.670       ms
[2023-11-16T15:15:35.589+0800][gc,stats    ]    Subphase: Pause Mark Try Complete                       0.000 / 0.000         0.000 / 0.000         0.000 / 0.000         0.000 / 0.000       ms
[2023-11-16T15:15:35.589+0800][gc,stats    ]      System: Java Threads                                      0 / 0                 0 / 0                34 / 47               34 / 47          threads
[2023-11-16T15:15:35.589+0800][gc,stats    ] =========================================================================================================================================================
[2023-11-16T15:15:45.585+0800][gc,stats    ] === Garbage Collection Statistics =======================================================================================================================
[2023-11-16T15:15:45.585+0800][gc,stats    ]                                                              Last 10s              Last 10m              Last 10h                Total
[2023-11-16T15:15:45.585+0800][gc,stats    ]                                                              Avg / Max             Avg / Max             Avg / Max             Avg / Max
[2023-11-16T15:15:45.585+0800][gc,stats    ]   Collector: Garbage Collection Cycle                      0.000 / 0.000         0.000 / 0.000        32.129 / 37.536       32.129 / 37.536      ms
[2023-11-16T15:15:45.585+0800][gc,stats    ]  Contention: Mark Segment Reset Contention                     0 / 0                 0 / 0                 0 / 3                 0 / 3           ops/s
[2023-11-16T15:15:45.585+0800][gc,stats    ]  Contention: Mark SeqNum Reset Contention                      0 / 0                 0 / 0                 0 / 0                 0 / 0           ops/s
[2023-11-16T15:15:45.585+0800][gc,stats    ]    Critical: Allocation Stall                                  0 / 0                 0 / 0                 0 / 0                 0 / 0           ops/s
[2023-11-16T15:15:45.585+0800][gc,stats    ]    Critical: Allocation Stall                              0.000 / 0.000         0.000 / 0.000         0.000 / 0.000         0.000 / 0.000       ms
[2023-11-16T15:15:45.585+0800][gc,stats    ]    Critical: GC Locker Stall                                   0 / 0                 0 / 0                 0 / 0                 0 / 0           ops/s
[2023-11-16T15:15:45.585+0800][gc,stats    ]    Critical: GC Locker Stall                               0.000 / 0.000         0.000 / 0.000         0.000 / 0.000         0.000 / 0.000       ms
[2023-11-16T15:15:45.585+0800][gc,stats    ]    Critical: Relocation Stall                                  0 / 0                 0 / 0                 0 / 0                 0 / 0           ops/s
[2023-11-16T15:15:45.585+0800][gc,stats    ]    Critical: Relocation Stall                              0.000 / 0.000         0.000 / 0.000         0.000 / 0.000         0.000 / 0.000       ms
[2023-11-16T15:15:45.585+0800][gc,stats    ]      Memory: Allocation Rate                                   0 / 0                 0 / 8                 0 / 82                0 / 82          MB/s
[2023-11-16T15:15:45.585+0800][gc,stats    ]      Memory: Defragment                                        0 / 0                 0 / 0                 0 / 0                 0 / 0           ops/s
[2023-11-16T15:15:45.585+0800][gc,stats    ]      Memory: Out Of Memory                                     0 / 0                 0 / 0                 0 / 0                 0 / 0           ops/s
[2023-11-16T15:15:45.585+0800][gc,stats    ]      Memory: Page Cache Flush                                  0 / 0                 0 / 0                 0 / 0                 0 / 0           MB/s
[2023-11-16T15:15:45.585+0800][gc,stats    ]      Memory: Page Cache Hit L1                                 0 / 0                 0 / 4                 0 / 33                0 / 33          ops/s
[2023-11-16T15:15:45.585+0800][gc,stats    ]      Memory: Page Cache Hit L2                                 0 / 0                 0 / 0                 0 / 0                 0 / 0           ops/s
[2023-11-16T15:15:45.585+0800][gc,stats    ]      Memory: Page Cache Hit L3                                 0 / 0                 0 / 0                 0 / 41                0 / 41          ops/s
[2023-11-16T15:15:45.585+0800][gc,stats    ]      Memory: Page Cache Miss                                   0 / 0                 0 / 0                 0 / 1                 0 / 1           ops/s
[2023-11-16T15:15:45.585+0800][gc,stats    ]      Memory: Uncommit                                          0 / 0                 0 / 0                 0 / 0                 0 / 0           MB/s
[2023-11-16T15:15:45.585+0800][gc,stats    ]      Memory: Undo Object Allocation Failed                     0 / 0                 0 / 0                 0 / 0                 0 / 0           ops/s
[2023-11-16T15:15:45.585+0800][gc,stats    ]      Memory: Undo Object Allocation Succeeded                  0 / 0                 0 / 0                 0 / 3                 0 / 3           ops/s
[2023-11-16T15:15:45.585+0800][gc,stats    ]      Memory: Undo Page Allocation                              0 / 0                 0 / 0                 0 / 0                 0 / 0           ops/s
[2023-11-16T15:15:45.585+0800][gc,stats    ]       Phase: Concurrent Mark                               0.000 / 0.000         0.000 / 0.000        21.531 / 24.050       21.531 / 24.050      ms
[2023-11-16T15:15:45.585+0800][gc,stats    ]       Phase: Concurrent Mark Continue                      0.000 / 0.000         0.000 / 0.000         0.000 / 0.000         0.000 / 0.000       ms
[2023-11-16T15:15:45.585+0800][gc,stats    ]       Phase: Concurrent Mark Free                          0.000 / 0.000         0.000 / 0.000         0.001 / 0.001         0.001 / 0.001       ms
[2023-11-16T15:15:45.585+0800][gc,stats    ]       Phase: Concurrent Process Non-Strong References      0.000 / 0.000         0.000 / 0.000         1.995 / 2.420         1.995 / 2.420       ms
[2023-11-16T15:15:45.585+0800][gc,stats    ]       Phase: Concurrent Relocate                           0.000 / 0.000         0.000 / 0.000         2.883 / 2.961         2.883 / 2.961       ms
[2023-11-16T15:15:45.585+0800][gc,stats    ]       Phase: Concurrent Reset Relocation Set               0.000 / 0.000         0.000 / 0.000         0.002 / 0.004         0.002 / 0.004       ms
[2023-11-16T15:15:45.585+0800][gc,stats    ]       Phase: Concurrent Select Relocation Set              0.000 / 0.000         0.000 / 0.000         4.861 / 8.184         4.861 / 8.184       ms
[2023-11-16T15:15:45.585+0800][gc,stats    ]       Phase: Pause Mark End                                0.000 / 0.000         0.000 / 0.000         0.017 / 0.019         0.017 / 0.019       ms
[2023-11-16T15:15:45.585+0800][gc,stats    ]       Phase: Pause Mark Start                              0.000 / 0.000         0.000 / 0.000         0.023 / 0.031         0.023 / 0.031       ms
[2023-11-16T15:15:45.585+0800][gc,stats    ]       Phase: Pause Relocate Start                          0.000 / 0.000         0.000 / 0.000         0.009 / 0.009         0.009 / 0.009       ms
[2023-11-16T15:15:45.585+0800][gc,stats    ]    Subphase: Concurrent Classes Purge                      0.000 / 0.000         0.000 / 0.000         0.066 / 0.071         0.066 / 0.071       ms
[2023-11-16T15:15:45.585+0800][gc,stats    ]    Subphase: Concurrent Classes Unlink                     0.000 / 0.000         0.000 / 0.000         1.264 / 1.492         1.264 / 1.492       ms
[2023-11-16T15:15:45.585+0800][gc,stats    ]    Subphase: Concurrent Mark                               0.000 / 0.000         0.000 / 0.000        18.504 / 22.997       18.504 / 22.997      ms
[2023-11-16T15:15:45.585+0800][gc,stats    ]    Subphase: Concurrent Mark Try Flush                     0.000 / 0.000         0.000 / 0.000         0.201 / 0.455         0.201 / 0.455       ms
[2023-11-16T15:15:45.585+0800][gc,stats    ]    Subphase: Concurrent Mark Try Terminate                 0.000 / 0.000         0.000 / 0.000         4.353 / 12.985        4.353 / 12.985      ms
[2023-11-16T15:15:45.585+0800][gc,stats    ]    Subphase: Concurrent References Enqueue                 0.000 / 0.000         0.000 / 0.000         0.004 / 0.004         0.004 / 0.004       ms
[2023-11-16T15:15:45.585+0800][gc,stats    ]    Subphase: Concurrent References Process                 0.000 / 0.000         0.000 / 0.000         0.104 / 0.123         0.104 / 0.123       ms
[2023-11-16T15:15:45.585+0800][gc,stats    ]    Subphase: Concurrent Roots ClassLoaderDataGraph         0.000 / 0.000         0.000 / 0.000         0.107 / 0.428         0.107 / 0.428       ms
[2023-11-16T15:15:45.586+0800][gc,stats    ]    Subphase: Concurrent Roots CodeCache                    0.000 / 0.000         0.000 / 0.000         0.000 / 0.000         0.000 / 0.000       ms
[2023-11-16T15:15:45.586+0800][gc,stats    ]    Subphase: Concurrent Roots JavaThreads                  0.000 / 0.000         0.000 / 0.000         1.013 / 1.707         1.013 / 1.707       ms
[2023-11-16T15:15:45.586+0800][gc,stats    ]    Subphase: Concurrent Roots OopStorageSet                0.000 / 0.000         0.000 / 0.000         0.146 / 0.289         0.146 / 0.289       ms
[2023-11-16T15:15:45.586+0800][gc,stats    ]    Subphase: Concurrent Weak Roots OopStorageSet           0.000 / 0.000         0.000 / 0.000         0.440 / 0.670         0.440 / 0.670       ms
[2023-11-16T15:15:45.586+0800][gc,stats    ]    Subphase: Pause Mark Try Complete                       0.000 / 0.000         0.000 / 0.000         0.000 / 0.000         0.000 / 0.000       ms
[2023-11-16T15:15:45.586+0800][gc,stats    ]      System: Java Threads                                      0 / 0                 0 / 0                34 / 47               34 / 47          threads
[2023-11-16T15:15:45.586+0800][gc,stats    ] =========================================================================================================================================================
[2023-11-16T15:15:55.585+0800][gc,stats    ] === Garbage Collection Statistics =======================================================================================================================
[2023-11-16T15:15:55.585+0800][gc,stats    ]                                                              Last 10s              Last 10m              Last 10h                Total
[2023-11-16T15:15:55.585+0800][gc,stats    ]                                                              Avg / Max             Avg / Max             Avg / Max             Avg / Max
[2023-11-16T15:15:55.585+0800][gc,stats    ]   Collector: Garbage Collection Cycle                      0.000 / 0.000         0.000 / 0.000        32.129 / 37.536       32.129 / 37.536      ms
[2023-11-16T15:15:55.585+0800][gc,stats    ]  Contention: Mark Segment Reset Contention                     0 / 0                 0 / 0                 0 / 3                 0 / 3           ops/s
[2023-11-16T15:15:55.585+0800][gc,stats    ]  Contention: Mark SeqNum Reset Contention                      0 / 0                 0 / 0                 0 / 0                 0 / 0           ops/s
[2023-11-16T15:15:55.585+0800][gc,stats    ]    Critical: Allocation Stall                                  0 / 0                 0 / 0                 0 / 0                 0 / 0           ops/s
[2023-11-16T15:15:55.585+0800][gc,stats    ]    Critical: Allocation Stall                              0.000 / 0.000         0.000 / 0.000         0.000 / 0.000         0.000 / 0.000       ms
[2023-11-16T15:15:55.585+0800][gc,stats    ]    Critical: GC Locker Stall                                   0 / 0                 0 / 0                 0 / 0                 0 / 0           ops/s
[2023-11-16T15:15:55.585+0800][gc,stats    ]    Critical: GC Locker Stall                               0.000 / 0.000         0.000 / 0.000         0.000 / 0.000         0.000 / 0.000       ms
[2023-11-16T15:15:55.585+0800][gc,stats    ]    Critical: Relocation Stall                                  0 / 0                 0 / 0                 0 / 0                 0 / 0           ops/s
[2023-11-16T15:15:55.585+0800][gc,stats    ]    Critical: Relocation Stall                              0.000 / 0.000         0.000 / 0.000         0.000 / 0.000         0.000 / 0.000       ms
[2023-11-16T15:15:55.585+0800][gc,stats    ]      Memory: Allocation Rate                                   0 / 0                 0 / 8                 0 / 82                0 / 82          MB/s
[2023-11-16T15:15:55.585+0800][gc,stats    ]      Memory: Defragment                                        0 / 0                 0 / 0                 0 / 0                 0 / 0           ops/s
[2023-11-16T15:15:55.585+0800][gc,stats    ]      Memory: Out Of Memory                                     0 / 0                 0 / 0                 0 / 0                 0 / 0           ops/s
[2023-11-16T15:15:55.585+0800][gc,stats    ]      Memory: Page Cache Flush                                  0 / 0                 0 / 0                 0 / 0                 0 / 0           MB/s
[2023-11-16T15:15:55.585+0800][gc,stats    ]      Memory: Page Cache Hit L1                                 0 / 0                 0 / 4                 0 / 33                0 / 33          ops/s
[2023-11-16T15:15:55.586+0800][gc,stats    ]      Memory: Page Cache Hit L2                                 0 / 0                 0 / 0                 0 / 0                 0 / 0           ops/s
[2023-11-16T15:15:55.586+0800][gc,stats    ]      Memory: Page Cache Hit L3                                 0 / 0                 0 / 0                 0 / 41                0 / 41          ops/s
[2023-11-16T15:15:55.586+0800][gc,stats    ]      Memory: Page Cache Miss                                   0 / 0                 0 / 0                 0 / 1                 0 / 1           ops/s
[2023-11-16T15:15:55.586+0800][gc,stats    ]      Memory: Uncommit                                          0 / 0                 0 / 0                 0 / 0                 0 / 0           MB/s
[2023-11-16T15:15:55.586+0800][gc,stats    ]      Memory: Undo Object Allocation Failed                     0 / 0                 0 / 0                 0 / 0                 0 / 0           ops/s
[2023-11-16T15:15:55.586+0800][gc,stats    ]      Memory: Undo Object Allocation Succeeded                  0 / 0                 0 / 0                 0 / 3                 0 / 3           ops/s
[2023-11-16T15:15:55.586+0800][gc,stats    ]      Memory: Undo Page Allocation                              0 / 0                 0 / 0                 0 / 0                 0 / 0           ops/s
[2023-11-16T15:15:55.586+0800][gc,stats    ]       Phase: Concurrent Mark                               0.000 / 0.000         0.000 / 0.000        21.531 / 24.050       21.531 / 24.050      ms
[2023-11-16T15:15:55.586+0800][gc,stats    ]       Phase: Concurrent Mark Continue                      0.000 / 0.000         0.000 / 0.000         0.000 / 0.000         0.000 / 0.000       ms
[2023-11-16T15:15:55.586+0800][gc,stats    ]       Phase: Concurrent Mark Free                          0.000 / 0.000         0.000 / 0.000         0.001 / 0.001         0.001 / 0.001       ms
[2023-11-16T15:15:55.586+0800][gc,stats    ]       Phase: Concurrent Process Non-Strong References      0.000 / 0.000         0.000 / 0.000         1.995 / 2.420         1.995 / 2.420       ms
[2023-11-16T15:15:55.586+0800][gc,stats    ]       Phase: Concurrent Relocate                           0.000 / 0.000         0.000 / 0.000         2.883 / 2.961         2.883 / 2.961       ms
[2023-11-16T15:15:55.586+0800][gc,stats    ]       Phase: Concurrent Reset Relocation Set               0.000 / 0.000         0.000 / 0.000         0.002 / 0.004         0.002 / 0.004       ms
[2023-11-16T15:15:55.586+0800][gc,stats    ]       Phase: Concurrent Select Relocation Set              0.000 / 0.000         0.000 / 0.000         4.861 / 8.184         4.861 / 8.184       ms
[2023-11-16T15:15:55.586+0800][gc,stats    ]       Phase: Pause Mark End                                0.000 / 0.000         0.000 / 0.000         0.017 / 0.019         0.017 / 0.019       ms
[2023-11-16T15:15:55.586+0800][gc,stats    ]       Phase: Pause Mark Start                              0.000 / 0.000         0.000 / 0.000         0.023 / 0.031         0.023 / 0.031       ms
[2023-11-16T15:15:55.586+0800][gc,stats    ]       Phase: Pause Relocate Start                          0.000 / 0.000         0.000 / 0.000         0.009 / 0.009         0.009 / 0.009       ms
[2023-11-16T15:15:55.586+0800][gc,stats    ]    Subphase: Concurrent Classes Purge                      0.000 / 0.000         0.000 / 0.000         0.066 / 0.071         0.066 / 0.071       ms
[2023-11-16T15:15:55.586+0800][gc,stats    ]    Subphase: Concurrent Classes Unlink                     0.000 / 0.000         0.000 / 0.000         1.264 / 1.492         1.264 / 1.492       ms
[2023-11-16T15:15:55.586+0800][gc,stats    ]    Subphase: Concurrent Mark                               0.000 / 0.000         0.000 / 0.000        18.504 / 22.997       18.504 / 22.997      ms
[2023-11-16T15:15:55.586+0800][gc,stats    ]    Subphase: Concurrent Mark Try Flush                     0.000 / 0.000         0.000 / 0.000         0.201 / 0.455         0.201 / 0.455       ms
[2023-11-16T15:15:55.586+0800][gc,stats    ]    Subphase: Concurrent Mark Try Terminate                 0.000 / 0.000         0.000 / 0.000         4.353 / 12.985        4.353 / 12.985      ms
[2023-11-16T15:15:55.586+0800][gc,stats    ]    Subphase: Concurrent References Enqueue                 0.000 / 0.000         0.000 / 0.000         0.004 / 0.004         0.004 / 0.004       ms
[2023-11-16T15:15:55.586+0800][gc,stats    ]    Subphase: Concurrent References Process                 0.000 / 0.000         0.000 / 0.000         0.104 / 0.123         0.104 / 0.123       ms
[2023-11-16T15:15:55.586+0800][gc,stats    ]    Subphase: Concurrent Roots ClassLoaderDataGraph         0.000 / 0.000         0.000 / 0.000         0.107 / 0.428         0.107 / 0.428       ms
[2023-11-16T15:15:55.586+0800][gc,stats    ]    Subphase: Concurrent Roots CodeCache                    0.000 / 0.000         0.000 / 0.000         0.000 / 0.000         0.000 / 0.000       ms
[2023-11-16T15:15:55.586+0800][gc,stats    ]    Subphase: Concurrent Roots JavaThreads                  0.000 / 0.000         0.000 / 0.000         1.013 / 1.707         1.013 / 1.707       ms
[2023-11-16T15:15:55.586+0800][gc,stats    ]    Subphase: Concurrent Roots OopStorageSet                0.000 / 0.000         0.000 / 0.000         0.146 / 0.289         0.146 / 0.289       ms
[2023-11-16T15:15:55.586+0800][gc,stats    ]    Subphase: Concurrent Weak Roots OopStorageSet           0.000 / 0.000         0.000 / 0.000         0.440 / 0.670         0.440 / 0.670       ms
[2023-11-16T15:15:55.586+0800][gc,stats    ]    Subphase: Pause Mark Try Complete                       0.000 / 0.000         0.000 / 0.000         0.000 / 0.000         0.000 / 0.000       ms
[2023-11-16T15:15:55.586+0800][gc,stats    ]      System: Java Threads                                      0 / 0                 0 / 0                34 / 47               34 / 47          threads
[2023-11-16T15:15:55.586+0800][gc,stats    ] =========================================================================================================================================================
[2023-11-16T15:16:05.590+0800][gc,stats    ] === Garbage Collection Statistics =======================================================================================================================
[2023-11-16T15:16:05.590+0800][gc,stats    ]                                                              Last 10s              Last 10m              Last 10h                Total
[2023-11-16T15:16:05.590+0800][gc,stats    ]                                                              Avg / Max             Avg / Max             Avg / Max             Avg / Max
[2023-11-16T15:16:05.590+0800][gc,stats    ]   Collector: Garbage Collection Cycle                      0.000 / 0.000         0.000 / 0.000        32.129 / 37.536       32.129 / 37.536      ms
[2023-11-16T15:16:05.590+0800][gc,stats    ]  Contention: Mark Segment Reset Contention                     0 / 0                 0 / 0                 0 / 3                 0 / 3           ops/s
[2023-11-16T15:16:05.590+0800][gc,stats    ]  Contention: Mark SeqNum Reset Contention                      0 / 0                 0 / 0                 0 / 0                 0 / 0           ops/s
[2023-11-16T15:16:05.590+0800][gc,stats    ]    Critical: Allocation Stall                                  0 / 0                 0 / 0                 0 / 0                 0 / 0           ops/s
[2023-11-16T15:16:05.590+0800][gc,stats    ]    Critical: Allocation Stall                              0.000 / 0.000         0.000 / 0.000         0.000 / 0.000         0.000 / 0.000       ms
[2023-11-16T15:16:05.590+0800][gc,stats    ]    Critical: GC Locker Stall                                   0 / 0                 0 / 0                 0 / 0                 0 / 0           ops/s
[2023-11-16T15:16:05.590+0800][gc,stats    ]    Critical: GC Locker Stall                               0.000 / 0.000         0.000 / 0.000         0.000 / 0.000         0.000 / 0.000       ms
[2023-11-16T15:16:05.590+0800][gc,stats    ]    Critical: Relocation Stall                                  0 / 0                 0 / 0                 0 / 0                 0 / 0           ops/s
[2023-11-16T15:16:05.590+0800][gc,stats    ]    Critical: Relocation Stall                              0.000 / 0.000         0.000 / 0.000         0.000 / 0.000         0.000 / 0.000       ms
[2023-11-16T15:16:05.590+0800][gc,stats    ]      Memory: Allocation Rate                                   0 / 0                 0 / 8                 0 / 82                0 / 82          MB/s
[2023-11-16T15:16:05.590+0800][gc,stats    ]      Memory: Defragment                                        0 / 0                 0 / 0                 0 / 0                 0 / 0           ops/s
[2023-11-16T15:16:05.590+0800][gc,stats    ]      Memory: Out Of Memory                                     0 / 0                 0 / 0                 0 / 0                 0 / 0           ops/s
[2023-11-16T15:16:05.590+0800][gc,stats    ]      Memory: Page Cache Flush                                  0 / 0                 0 / 0                 0 / 0                 0 / 0           MB/s
[2023-11-16T15:16:05.590+0800][gc,stats    ]      Memory: Page Cache Hit L1                                 0 / 0                 0 / 4                 0 / 33                0 / 33          ops/s
[2023-11-16T15:16:05.590+0800][gc,stats    ]      Memory: Page Cache Hit L2                                 0 / 0                 0 / 0                 0 / 0                 0 / 0           ops/s
[2023-11-16T15:16:05.590+0800][gc,stats    ]      Memory: Page Cache Hit L3                                 0 / 0                 0 / 0                 0 / 41                0 / 41          ops/s
[2023-11-16T15:16:05.590+0800][gc,stats    ]      Memory: Page Cache Miss                                   0 / 0                 0 / 0                 0 / 1                 0 / 1           ops/s
[2023-11-16T15:16:05.590+0800][gc,stats    ]      Memory: Uncommit                                          0 / 0                 0 / 0                 0 / 0                 0 / 0           MB/s
[2023-11-16T15:16:05.590+0800][gc,stats    ]      Memory: Undo Object Allocation Failed                     0 / 0                 0 / 0                 0 / 0                 0 / 0           ops/s
[2023-11-16T15:16:05.591+0800][gc,stats    ]      Memory: Undo Object Allocation Succeeded                  0 / 0                 0 / 0                 0 / 3                 0 / 3           ops/s
[2023-11-16T15:16:05.591+0800][gc,stats    ]      Memory: Undo Page Allocation                              0 / 0                 0 / 0                 0 / 0                 0 / 0           ops/s
[2023-11-16T15:16:05.591+0800][gc,stats    ]       Phase: Concurrent Mark                               0.000 / 0.000         0.000 / 0.000        21.531 / 24.050       21.531 / 24.050      ms
[2023-11-16T15:16:05.591+0800][gc,stats    ]       Phase: Concurrent Mark Continue                      0.000 / 0.000         0.000 / 0.000         0.000 / 0.000         0.000 / 0.000       ms
[2023-11-16T15:16:05.591+0800][gc,stats    ]       Phase: Concurrent Mark Free                          0.000 / 0.000         0.000 / 0.000         0.001 / 0.001         0.001 / 0.001       ms
[2023-11-16T15:16:05.591+0800][gc,stats    ]       Phase: Concurrent Process Non-Strong References      0.000 / 0.000         0.000 / 0.000         1.995 / 2.420         1.995 / 2.420       ms
[2023-11-16T15:16:05.591+0800][gc,stats    ]       Phase: Concurrent Relocate                           0.000 / 0.000         0.000 / 0.000         2.883 / 2.961         2.883 / 2.961       ms
[2023-11-16T15:16:05.591+0800][gc,stats    ]       Phase: Concurrent Reset Relocation Set               0.000 / 0.000         0.000 / 0.000         0.002 / 0.004         0.002 / 0.004       ms
[2023-11-16T15:16:05.591+0800][gc,stats    ]       Phase: Concurrent Select Relocation Set              0.000 / 0.000         0.000 / 0.000         4.861 / 8.184         4.861 / 8.184       ms
[2023-11-16T15:16:05.591+0800][gc,stats    ]       Phase: Pause Mark End                                0.000 / 0.000         0.000 / 0.000         0.017 / 0.019         0.017 / 0.019       ms
[2023-11-16T15:16:05.591+0800][gc,stats    ]       Phase: Pause Mark Start                              0.000 / 0.000         0.000 / 0.000         0.023 / 0.031         0.023 / 0.031       ms
[2023-11-16T15:16:05.591+0800][gc,stats    ]       Phase: Pause Relocate Start                          0.000 / 0.000         0.000 / 0.000         0.009 / 0.009         0.009 / 0.009       ms
[2023-11-16T15:16:05.591+0800][gc,stats    ]    Subphase: Concurrent Classes Purge                      0.000 / 0.000         0.000 / 0.000         0.066 / 0.071         0.066 / 0.071       ms
[2023-11-16T15:16:05.591+0800][gc,stats    ]    Subphase: Concurrent Classes Unlink                     0.000 / 0.000         0.000 / 0.000         1.264 / 1.492         1.264 / 1.492       ms
[2023-11-16T15:16:05.591+0800][gc,stats    ]    Subphase: Concurrent Mark                               0.000 / 0.000         0.000 / 0.000        18.504 / 22.997       18.504 / 22.997      ms
[2023-11-16T15:16:05.591+0800][gc,stats    ]    Subphase: Concurrent Mark Try Flush                     0.000 / 0.000         0.000 / 0.000         0.201 / 0.455         0.201 / 0.455       ms
[2023-11-16T15:16:05.591+0800][gc,stats    ]    Subphase: Concurrent Mark Try Terminate                 0.000 / 0.000         0.000 / 0.000         4.353 / 12.985        4.353 / 12.985      ms
[2023-11-16T15:16:05.591+0800][gc,stats    ]    Subphase: Concurrent References Enqueue                 0.000 / 0.000         0.000 / 0.000         0.004 / 0.004         0.004 / 0.004       ms
[2023-11-16T15:16:05.591+0800][gc,stats    ]    Subphase: Concurrent References Process                 0.000 / 0.000         0.000 / 0.000         0.104 / 0.123         0.104 / 0.123       ms
[2023-11-16T15:16:05.591+0800][gc,stats    ]    Subphase: Concurrent Roots ClassLoaderDataGraph         0.000 / 0.000         0.000 / 0.000         0.107 / 0.428         0.107 / 0.428       ms
[2023-11-16T15:16:05.591+0800][gc,stats    ]    Subphase: Concurrent Roots CodeCache                    0.000 / 0.000         0.000 / 0.000         0.000 / 0.000         0.000 / 0.000       ms
[2023-11-16T15:16:05.591+0800][gc,stats    ]    Subphase: Concurrent Roots JavaThreads                  0.000 / 0.000         0.000 / 0.000         1.013 / 1.707         1.013 / 1.707       ms
[2023-11-16T15:16:05.591+0800][gc,stats    ]    Subphase: Concurrent Roots OopStorageSet                0.000 / 0.000         0.000 / 0.000         0.146 / 0.289         0.146 / 0.289       ms
[2023-11-16T15:16:05.591+0800][gc,stats    ]    Subphase: Concurrent Weak Roots OopStorageSet           0.000 / 0.000         0.000 / 0.000         0.440 / 0.670         0.440 / 0.670       ms
[2023-11-16T15:16:05.591+0800][gc,stats    ]    Subphase: Pause Mark Try Complete                       0.000 / 0.000         0.000 / 0.000         0.000 / 0.000         0.000 / 0.000       ms
[2023-11-16T15:16:05.591+0800][gc,stats    ]      System: Java Threads                                      0 / 0                 0 / 0                34 / 47               34 / 47          threads
[2023-11-16T15:16:05.591+0800][gc,stats    ] =========================================================================================================================================================
[2023-11-16T15:16:15.580+0800][gc,stats    ] === Garbage Collection Statistics =======================================================================================================================
[2023-11-16T15:16:15.580+0800][gc,stats    ]                                                              Last 10s              Last 10m              Last 10h                Total
[2023-11-16T15:16:15.580+0800][gc,stats    ]                                                              Avg / Max             Avg / Max             Avg / Max             Avg / Max
[2023-11-16T15:16:15.580+0800][gc,stats    ]   Collector: Garbage Collection Cycle                      0.000 / 0.000         0.000 / 0.000        32.129 / 37.536       32.129 / 37.536      ms
[2023-11-16T15:16:15.580+0800][gc,stats    ]  Contention: Mark Segment Reset Contention                     0 / 0                 0 / 0                 0 / 3                 0 / 3           ops/s
[2023-11-16T15:16:15.580+0800][gc,stats    ]  Contention: Mark SeqNum Reset Contention                      0 / 0                 0 / 0                 0 / 0                 0 / 0           ops/s
[2023-11-16T15:16:15.580+0800][gc,stats    ]    Critical: Allocation Stall                                  0 / 0                 0 / 0                 0 / 0                 0 / 0           ops/s
[2023-11-16T15:16:15.580+0800][gc,stats    ]    Critical: Allocation Stall                              0.000 / 0.000         0.000 / 0.000         0.000 / 0.000         0.000 / 0.000       ms
[2023-11-16T15:16:15.580+0800][gc,stats    ]    Critical: GC Locker Stall                                   0 / 0                 0 / 0                 0 / 0                 0 / 0           ops/s
[2023-11-16T15:16:15.580+0800][gc,stats    ]    Critical: GC Locker Stall                               0.000 / 0.000         0.000 / 0.000         0.000 / 0.000         0.000 / 0.000       ms
[2023-11-16T15:16:15.580+0800][gc,stats    ]    Critical: Relocation Stall                                  0 / 0                 0 / 0                 0 / 0                 0 / 0           ops/s
[2023-11-16T15:16:15.580+0800][gc,stats    ]    Critical: Relocation Stall                              0.000 / 0.000         0.000 / 0.000         0.000 / 0.000         0.000 / 0.000       ms
[2023-11-16T15:16:15.580+0800][gc,stats    ]      Memory: Allocation Rate                                   0 / 0                 0 / 8                 0 / 82                0 / 82          MB/s
[2023-11-16T15:16:15.580+0800][gc,stats    ]      Memory: Defragment                                        0 / 0                 0 / 0                 0 / 0                 0 / 0           ops/s
[2023-11-16T15:16:15.580+0800][gc,stats    ]      Memory: Out Of Memory                                     0 / 0                 0 / 0                 0 / 0                 0 / 0           ops/s
[2023-11-16T15:16:15.580+0800][gc,stats    ]      Memory: Page Cache Flush                                  0 / 0                 0 / 0                 0 / 0                 0 / 0           MB/s
[2023-11-16T15:16:15.580+0800][gc,stats    ]      Memory: Page Cache Hit L1                                 0 / 0                 0 / 4                 0 / 33                0 / 33          ops/s
[2023-11-16T15:16:15.580+0800][gc,stats    ]      Memory: Page Cache Hit L2                                 0 / 0                 0 / 0                 0 / 0                 0 / 0           ops/s
[2023-11-16T15:16:15.580+0800][gc,stats    ]      Memory: Page Cache Hit L3                                 0 / 0                 0 / 0                 0 / 41                0 / 41          ops/s
[2023-11-16T15:16:15.580+0800][gc,stats    ]      Memory: Page Cache Miss                                   0 / 0                 0 / 0                 0 / 1                 0 / 1           ops/s
[2023-11-16T15:16:15.580+0800][gc,stats    ]      Memory: Uncommit                                          0 / 0                 0 / 0                 0 / 0                 0 / 0           MB/s
[2023-11-16T15:16:15.580+0800][gc,stats    ]      Memory: Undo Object Allocation Failed                     0 / 0                 0 / 0                 0 / 0                 0 / 0           ops/s
[2023-11-16T15:16:15.580+0800][gc,stats    ]      Memory: Undo Object Allocation Succeeded                  0 / 0                 0 / 0                 0 / 3                 0 / 3           ops/s
[2023-11-16T15:16:15.580+0800][gc,stats    ]      Memory: Undo Page Allocation                              0 / 0                 0 / 0                 0 / 0                 0 / 0           ops/s
[2023-11-16T15:16:15.580+0800][gc,stats    ]       Phase: Concurrent Mark                               0.000 / 0.000         0.000 / 0.000        21.531 / 24.050       21.531 / 24.050      ms
[2023-11-16T15:16:15.580+0800][gc,stats    ]       Phase: Concurrent Mark Continue                      0.000 / 0.000         0.000 / 0.000         0.000 / 0.000         0.000 / 0.000       ms
[2023-11-16T15:16:15.580+0800][gc,stats    ]       Phase: Concurrent Mark Free                          0.000 / 0.000         0.000 / 0.000         0.001 / 0.001         0.001 / 0.001       ms
[2023-11-16T15:16:15.580+0800][gc,stats    ]       Phase: Concurrent Process Non-Strong References      0.000 / 0.000         0.000 / 0.000         1.995 / 2.420         1.995 / 2.420       ms
[2023-11-16T15:16:15.580+0800][gc,stats    ]       Phase: Concurrent Relocate                           0.000 / 0.000         0.000 / 0.000         2.883 / 2.961         2.883 / 2.961       ms
[2023-11-16T15:16:15.580+0800][gc,stats    ]       Phase: Concurrent Reset Relocation Set               0.000 / 0.000         0.000 / 0.000         0.002 / 0.004         0.002 / 0.004       ms
[2023-11-16T15:16:15.580+0800][gc,stats    ]       Phase: Concurrent Select Relocation Set              0.000 / 0.000         0.000 / 0.000         4.861 / 8.184         4.861 / 8.184       ms
[2023-11-16T15:16:15.580+0800][gc,stats    ]       Phase: Pause Mark End                                0.000 / 0.000         0.000 / 0.000         0.017 / 0.019         0.017 / 0.019       ms
[2023-11-16T15:16:15.580+0800][gc,stats    ]       Phase: Pause Mark Start                              0.000 / 0.000         0.000 / 0.000         0.023 / 0.031         0.023 / 0.031       ms
[2023-11-16T15:16:15.580+0800][gc,stats    ]       Phase: Pause Relocate Start                          0.000 / 0.000         0.000 / 0.000         0.009 / 0.009         0.009 / 0.009       ms
[2023-11-16T15:16:15.580+0800][gc,stats    ]    Subphase: Concurrent Classes Purge                      0.000 / 0.000         0.000 / 0.000         0.066 / 0.071         0.066 / 0.071       ms
[2023-11-16T15:16:15.580+0800][gc,stats    ]    Subphase: Concurrent Classes Unlink                     0.000 / 0.000         0.000 / 0.000         1.264 / 1.492         1.264 / 1.492       ms
[2023-11-16T15:16:15.580+0800][gc,stats    ]    Subphase: Concurrent Mark                               0.000 / 0.000         0.000 / 0.000        18.504 / 22.997       18.504 / 22.997      ms
[2023-11-16T15:16:15.580+0800][gc,stats    ]    Subphase: Concurrent Mark Try Flush                     0.000 / 0.000         0.000 / 0.000         0.201 / 0.455         0.201 / 0.455       ms
[2023-11-16T15:16:15.580+0800][gc,stats    ]    Subphase: Concurrent Mark Try Terminate                 0.000 / 0.000         0.000 / 0.000         4.353 / 12.985        4.353 / 12.985      ms
[2023-11-16T15:16:15.580+0800][gc,stats    ]    Subphase: Concurrent References Enqueue                 0.000 / 0.000         0.000 / 0.000         0.004 / 0.004         0.004 / 0.004       ms
[2023-11-16T15:16:15.580+0800][gc,stats    ]    Subphase: Concurrent References Process                 0.000 / 0.000         0.000 / 0.000         0.104 / 0.123         0.104 / 0.123       ms
[2023-11-16T15:16:15.580+0800][gc,stats    ]    Subphase: Concurrent Roots ClassLoaderDataGraph         0.000 / 0.000         0.000 / 0.000         0.107 / 0.428         0.107 / 0.428       ms
[2023-11-16T15:16:15.580+0800][gc,stats    ]    Subphase: Concurrent Roots CodeCache                    0.000 / 0.000         0.000 / 0.000         0.000 / 0.000         0.000 / 0.000       ms
[2023-11-16T15:16:15.580+0800][gc,stats    ]    Subphase: Concurrent Roots JavaThreads                  0.000 / 0.000         0.000 / 0.000         1.013 / 1.707         1.013 / 1.707       ms
[2023-11-16T15:16:15.580+0800][gc,stats    ]    Subphase: Concurrent Roots OopStorageSet                0.000 / 0.000         0.000 / 0.000         0.146 / 0.289         0.146 / 0.289       ms
[2023-11-16T15:16:15.580+0800][gc,stats    ]    Subphase: Concurrent Weak Roots OopStorageSet           0.000 / 0.000         0.000 / 0.000         0.440 / 0.670         0.440 / 0.670       ms
[2023-11-16T15:16:15.580+0800][gc,stats    ]    Subphase: Pause Mark Try Complete                       0.000 / 0.000         0.000 / 0.000         0.000 / 0.000         0.000 / 0.000       ms
[2023-11-16T15:16:15.580+0800][gc,stats    ]      System: Java Threads                                      0 / 0                 0 / 0                34 / 47               34 / 47          threads
[2023-11-16T15:16:15.580+0800][gc,stats    ] =========================================================================================================================================================
[2023-11-16T15:16:25.578+0800][gc,stats    ] === Garbage Collection Statistics =======================================================================================================================
[2023-11-16T15:16:25.578+0800][gc,stats    ]                                                              Last 10s              Last 10m              Last 10h                Total
[2023-11-16T15:16:25.578+0800][gc,stats    ]                                                              Avg / Max             Avg / Max             Avg / Max             Avg / Max
[2023-11-16T15:16:25.578+0800][gc,stats    ]   Collector: Garbage Collection Cycle                      0.000 / 0.000         0.000 / 0.000        32.129 / 37.536       32.129 / 37.536      ms
[2023-11-16T15:16:25.578+0800][gc,stats    ]  Contention: Mark Segment Reset Contention                     0 / 0                 0 / 0                 0 / 3                 0 / 3           ops/s
[2023-11-16T15:16:25.578+0800][gc,stats    ]  Contention: Mark SeqNum Reset Contention                      0 / 0                 0 / 0                 0 / 0                 0 / 0           ops/s
[2023-11-16T15:16:25.578+0800][gc,stats    ]    Critical: Allocation Stall                                  0 / 0                 0 / 0                 0 / 0                 0 / 0           ops/s
[2023-11-16T15:16:25.578+0800][gc,stats    ]    Critical: Allocation Stall                              0.000 / 0.000         0.000 / 0.000         0.000 / 0.000         0.000 / 0.000       ms
[2023-11-16T15:16:25.578+0800][gc,stats    ]    Critical: GC Locker Stall                                   0 / 0                 0 / 0                 0 / 0                 0 / 0           ops/s
[2023-11-16T15:16:25.578+0800][gc,stats    ]    Critical: GC Locker Stall                               0.000 / 0.000         0.000 / 0.000         0.000 / 0.000         0.000 / 0.000       ms
[2023-11-16T15:16:25.578+0800][gc,stats    ]    Critical: Relocation Stall                                  0 / 0                 0 / 0                 0 / 0                 0 / 0           ops/s
[2023-11-16T15:16:25.578+0800][gc,stats    ]    Critical: Relocation Stall                              0.000 / 0.000         0.000 / 0.000         0.000 / 0.000         0.000 / 0.000       ms
[2023-11-16T15:16:25.578+0800][gc,stats    ]      Memory: Allocation Rate                                   0 / 0                 0 / 8                 0 / 82                0 / 82          MB/s
[2023-11-16T15:16:25.578+0800][gc,stats    ]      Memory: Defragment                                        0 / 0                 0 / 0                 0 / 0                 0 / 0           ops/s
[2023-11-16T15:16:25.578+0800][gc,stats    ]      Memory: Out Of Memory                                     0 / 0                 0 / 0                 0 / 0                 0 / 0           ops/s
[2023-11-16T15:16:25.578+0800][gc,stats    ]      Memory: Page Cache Flush                                  0 / 0                 0 / 0                 0 / 0                 0 / 0           MB/s
[2023-11-16T15:16:25.578+0800][gc,stats    ]      Memory: Page Cache Hit L1                                 0 / 0                 0 / 4                 0 / 33                0 / 33          ops/s
[2023-11-16T15:16:25.578+0800][gc,stats    ]      Memory: Page Cache Hit L2                                 0 / 0                 0 / 0                 0 / 0                 0 / 0           ops/s
[2023-11-16T15:16:25.578+0800][gc,stats    ]      Memory: Page Cache Hit L3                                 0 / 0                 0 / 0                 0 / 41                0 / 41          ops/s
[2023-11-16T15:16:25.578+0800][gc,stats    ]      Memory: Page Cache Miss                                   0 / 0                 0 / 0                 0 / 1                 0 / 1           ops/s
[2023-11-16T15:16:25.578+0800][gc,stats    ]      Memory: Uncommit                                          0 / 0                 0 / 0                 0 / 0                 0 / 0           MB/s
[2023-11-16T15:16:25.578+0800][gc,stats    ]      Memory: Undo Object Allocation Failed                     0 / 0                 0 / 0                 0 / 0                 0 / 0           ops/s
[2023-11-16T15:16:25.578+0800][gc,stats    ]      Memory: Undo Object Allocation Succeeded                  0 / 0                 0 / 0                 0 / 3                 0 / 3           ops/s
[2023-11-16T15:16:25.578+0800][gc,stats    ]      Memory: Undo Page Allocation                              0 / 0                 0 / 0                 0 / 0                 0 / 0           ops/s
[2023-11-16T15:16:25.578+0800][gc,stats    ]       Phase: Concurrent Mark                               0.000 / 0.000         0.000 / 0.000        21.531 / 24.050       21.531 / 24.050      ms
[2023-11-16T15:16:25.578+0800][gc,stats    ]       Phase: Concurrent Mark Continue                      0.000 / 0.000         0.000 / 0.000         0.000 / 0.000         0.000 / 0.000       ms
[2023-11-16T15:16:25.578+0800][gc,stats    ]       Phase: Concurrent Mark Free                          0.000 / 0.000         0.000 / 0.000         0.001 / 0.001         0.001 / 0.001       ms
[2023-11-16T15:16:25.578+0800][gc,stats    ]       Phase: Concurrent Process Non-Strong References      0.000 / 0.000         0.000 / 0.000         1.995 / 2.420         1.995 / 2.420       ms
[2023-11-16T15:16:25.578+0800][gc,stats    ]       Phase: Concurrent Relocate                           0.000 / 0.000         0.000 / 0.000         2.883 / 2.961         2.883 / 2.961       ms
[2023-11-16T15:16:25.578+0800][gc,stats    ]       Phase: Concurrent Reset Relocation Set               0.000 / 0.000         0.000 / 0.000         0.002 / 0.004         0.002 / 0.004       ms
[2023-11-16T15:16:25.578+0800][gc,stats    ]       Phase: Concurrent Select Relocation Set              0.000 / 0.000         0.000 / 0.000         4.861 / 8.184         4.861 / 8.184       ms
[2023-11-16T15:16:25.578+0800][gc,stats    ]       Phase: Pause Mark End                                0.000 / 0.000         0.000 / 0.000         0.017 / 0.019         0.017 / 0.019       ms
[2023-11-16T15:16:25.578+0800][gc,stats    ]       Phase: Pause Mark Start                              0.000 / 0.000         0.000 / 0.000         0.023 / 0.031         0.023 / 0.031       ms
[2023-11-16T15:16:25.578+0800][gc,stats    ]       Phase: Pause Relocate Start                          0.000 / 0.000         0.000 / 0.000         0.009 / 0.009         0.009 / 0.009       ms
[2023-11-16T15:16:25.578+0800][gc,stats    ]    Subphase: Concurrent Classes Purge                      0.000 / 0.000         0.000 / 0.000         0.066 / 0.071         0.066 / 0.071       ms
[2023-11-16T15:16:25.578+0800][gc,stats    ]    Subphase: Concurrent Classes Unlink                     0.000 / 0.000         0.000 / 0.000         1.264 / 1.492         1.264 / 1.492       ms
[2023-11-16T15:16:25.578+0800][gc,stats    ]    Subphase: Concurrent Mark                               0.000 / 0.000         0.000 / 0.000        18.504 / 22.997       18.504 / 22.997      ms
[2023-11-16T15:16:25.578+0800][gc,stats    ]    Subphase: Concurrent Mark Try Flush                     0.000 / 0.000         0.000 / 0.000         0.201 / 0.455         0.201 / 0.455       ms
[2023-11-16T15:16:25.579+0800][gc,stats    ]    Subphase: Concurrent Mark Try Terminate                 0.000 / 0.000         0.000 / 0.000         4.353 / 12.985        4.353 / 12.985      ms
[2023-11-16T15:16:25.579+0800][gc,stats    ]    Subphase: Concurrent References Enqueue                 0.000 / 0.000         0.000 / 0.000         0.004 / 0.004         0.004 / 0.004       ms
[2023-11-16T15:16:25.579+0800][gc,stats    ]    Subphase: Concurrent References Process                 0.000 / 0.000         0.000 / 0.000         0.104 / 0.123         0.104 / 0.123       ms
[2023-11-16T15:16:25.579+0800][gc,stats    ]    Subphase: Concurrent Roots ClassLoaderDataGraph         0.000 / 0.000         0.000 / 0.000         0.107 / 0.428         0.107 / 0.428       ms
[2023-11-16T15:16:25.579+0800][gc,stats    ]    Subphase: Concurrent Roots CodeCache                    0.000 / 0.000         0.000 / 0.000         0.000 / 0.000         0.000 / 0.000       ms
[2023-11-16T15:16:25.579+0800][gc,stats    ]    Subphase: Concurrent Roots JavaThreads                  0.000 / 0.000         0.000 / 0.000         1.013 / 1.707         1.013 / 1.707       ms
[2023-11-16T15:16:25.579+0800][gc,stats    ]    Subphase: Concurrent Roots OopStorageSet                0.000 / 0.000         0.000 / 0.000         0.146 / 0.289         0.146 / 0.289       ms
[2023-11-16T15:16:25.579+0800][gc,stats    ]    Subphase: Concurrent Weak Roots OopStorageSet           0.000 / 0.000         0.000 / 0.000         0.440 / 0.670         0.440 / 0.670       ms
[2023-11-16T15:16:25.579+0800][gc,stats    ]    Subphase: Pause Mark Try Complete                       0.000 / 0.000         0.000 / 0.000         0.000 / 0.000         0.000 / 0.000       ms
[2023-11-16T15:16:25.579+0800][gc,stats    ]      System: Java Threads                                      0 / 0                 0 / 0                34 / 47               34 / 47          threads
[2023-11-16T15:16:25.579+0800][gc,stats    ] =========================================================================================================================================================
[2023-11-16T15:16:35.582+0800][gc,stats    ] === Garbage Collection Statistics =======================================================================================================================
[2023-11-16T15:16:35.582+0800][gc,stats    ]                                                              Last 10s              Last 10m              Last 10h                Total
[2023-11-16T15:16:35.582+0800][gc,stats    ]                                                              Avg / Max             Avg / Max             Avg / Max             Avg / Max
[2023-11-16T15:16:35.582+0800][gc,stats    ]   Collector: Garbage Collection Cycle                      0.000 / 0.000         0.000 / 0.000        32.129 / 37.536       32.129 / 37.536      ms
[2023-11-16T15:16:35.582+0800][gc,stats    ]  Contention: Mark Segment Reset Contention                     0 / 0                 0 / 0                 0 / 3                 0 / 3           ops/s
[2023-11-16T15:16:35.582+0800][gc,stats    ]  Contention: Mark SeqNum Reset Contention                      0 / 0                 0 / 0                 0 / 0                 0 / 0           ops/s
[2023-11-16T15:16:35.582+0800][gc,stats    ]    Critical: Allocation Stall                                  0 / 0                 0 / 0                 0 / 0                 0 / 0           ops/s
[2023-11-16T15:16:35.582+0800][gc,stats    ]    Critical: Allocation Stall                              0.000 / 0.000         0.000 / 0.000         0.000 / 0.000         0.000 / 0.000       ms
[2023-11-16T15:16:35.582+0800][gc,stats    ]    Critical: GC Locker Stall                                   0 / 0                 0 / 0                 0 / 0                 0 / 0           ops/s
[2023-11-16T15:16:35.582+0800][gc,stats    ]    Critical: GC Locker Stall                               0.000 / 0.000         0.000 / 0.000         0.000 / 0.000         0.000 / 0.000       ms
[2023-11-16T15:16:35.582+0800][gc,stats    ]    Critical: Relocation Stall                                  0 / 0                 0 / 0                 0 / 0                 0 / 0           ops/s
[2023-11-16T15:16:35.582+0800][gc,stats    ]    Critical: Relocation Stall                              0.000 / 0.000         0.000 / 0.000         0.000 / 0.000         0.000 / 0.000       ms
[2023-11-16T15:16:35.582+0800][gc,stats    ]      Memory: Allocation Rate                                   0 / 0                 0 / 8                 0 / 82                0 / 82          MB/s
[2023-11-16T15:16:35.582+0800][gc,stats    ]      Memory: Defragment                                        0 / 0                 0 / 0                 0 / 0                 0 / 0           ops/s
[2023-11-16T15:16:35.582+0800][gc,stats    ]      Memory: Out Of Memory                                     0 / 0                 0 / 0                 0 / 0                 0 / 0           ops/s
[2023-11-16T15:16:35.582+0800][gc,stats    ]      Memory: Page Cache Flush                                  0 / 0                 0 / 0                 0 / 0                 0 / 0           MB/s
[2023-11-16T15:16:35.582+0800][gc,stats    ]      Memory: Page Cache Hit L1                                 0 / 0                 0 / 4                 0 / 33                0 / 33          ops/s
[2023-11-16T15:16:35.582+0800][gc,stats    ]      Memory: Page Cache Hit L2                                 0 / 0                 0 / 0                 0 / 0                 0 / 0           ops/s
[2023-11-16T15:16:35.582+0800][gc,stats    ]      Memory: Page Cache Hit L3                                 0 / 0                 0 / 0                 0 / 41                0 / 41          ops/s
[2023-11-16T15:16:35.582+0800][gc,stats    ]      Memory: Page Cache Miss                                   0 / 0                 0 / 0                 0 / 1                 0 / 1           ops/s
[2023-11-16T15:16:35.582+0800][gc,stats    ]      Memory: Uncommit                                          0 / 0                 0 / 0                 0 / 0                 0 / 0           MB/s
[2023-11-16T15:16:35.582+0800][gc,stats    ]      Memory: Undo Object Allocation Failed                     0 / 0                 0 / 0                 0 / 0                 0 / 0           ops/s
[2023-11-16T15:16:35.582+0800][gc,stats    ]      Memory: Undo Object Allocation Succeeded                  0 / 0                 0 / 0                 0 / 3                 0 / 3           ops/s
[2023-11-16T15:16:35.582+0800][gc,stats    ]      Memory: Undo Page Allocation                              0 / 0                 0 / 0                 0 / 0                 0 / 0           ops/s
[2023-11-16T15:16:35.582+0800][gc,stats    ]       Phase: Concurrent Mark                               0.000 / 0.000         0.000 / 0.000        21.531 / 24.050       21.531 / 24.050      ms
[2023-11-16T15:16:35.582+0800][gc,stats    ]       Phase: Concurrent Mark Continue                      0.000 / 0.000         0.000 / 0.000         0.000 / 0.000         0.000 / 0.000       ms
[2023-11-16T15:16:35.582+0800][gc,stats    ]       Phase: Concurrent Mark Free                          0.000 / 0.000         0.000 / 0.000         0.001 / 0.001         0.001 / 0.001       ms
[2023-11-16T15:16:35.582+0800][gc,stats    ]       Phase: Concurrent Process Non-Strong References      0.000 / 0.000         0.000 / 0.000         1.995 / 2.420         1.995 / 2.420       ms
[2023-11-16T15:16:35.582+0800][gc,stats    ]       Phase: Concurrent Relocate                           0.000 / 0.000         0.000 / 0.000         2.883 / 2.961         2.883 / 2.961       ms
[2023-11-16T15:16:35.582+0800][gc,stats    ]       Phase: Concurrent Reset Relocation Set               0.000 / 0.000         0.000 / 0.000         0.002 / 0.004         0.002 / 0.004       ms
[2023-11-16T15:16:35.582+0800][gc,stats    ]       Phase: Concurrent Select Relocation Set              0.000 / 0.000         0.000 / 0.000         4.861 / 8.184         4.861 / 8.184       ms
[2023-11-16T15:16:35.582+0800][gc,stats    ]       Phase: Pause Mark End                                0.000 / 0.000         0.000 / 0.000         0.017 / 0.019         0.017 / 0.019       ms
[2023-11-16T15:16:35.582+0800][gc,stats    ]       Phase: Pause Mark Start                              0.000 / 0.000         0.000 / 0.000         0.023 / 0.031         0.023 / 0.031       ms
[2023-11-16T15:16:35.582+0800][gc,stats    ]       Phase: Pause Relocate Start                          0.000 / 0.000         0.000 / 0.000         0.009 / 0.009         0.009 / 0.009       ms
[2023-11-16T15:16:35.582+0800][gc,stats    ]    Subphase: Concurrent Classes Purge                      0.000 / 0.000         0.000 / 0.000         0.066 / 0.071         0.066 / 0.071       ms
[2023-11-16T15:16:35.582+0800][gc,stats    ]    Subphase: Concurrent Classes Unlink                     0.000 / 0.000         0.000 / 0.000         1.264 / 1.492         1.264 / 1.492       ms
[2023-11-16T15:16:35.582+0800][gc,stats    ]    Subphase: Concurrent Mark                               0.000 / 0.000         0.000 / 0.000        18.504 / 22.997       18.504 / 22.997      ms
[2023-11-16T15:16:35.582+0800][gc,stats    ]    Subphase: Concurrent Mark Try Flush                     0.000 / 0.000         0.000 / 0.000         0.201 / 0.455         0.201 / 0.455       ms
[2023-11-16T15:16:35.582+0800][gc,stats    ]    Subphase: Concurrent Mark Try Terminate                 0.000 / 0.000         0.000 / 0.000         4.353 / 12.985        4.353 / 12.985      ms
[2023-11-16T15:16:35.582+0800][gc,stats    ]    Subphase: Concurrent References Enqueue                 0.000 / 0.000         0.000 / 0.000         0.004 / 0.004         0.004 / 0.004       ms
[2023-11-16T15:16:35.582+0800][gc,stats    ]    Subphase: Concurrent References Process                 0.000 / 0.000         0.000 / 0.000         0.104 / 0.123         0.104 / 0.123       ms
[2023-11-16T15:16:35.582+0800][gc,stats    ]    Subphase: Concurrent Roots ClassLoaderDataGraph         0.000 / 0.000         0.000 / 0.000         0.107 / 0.428         0.107 / 0.428       ms
[2023-11-16T15:16:35.582+0800][gc,stats    ]    Subphase: Concurrent Roots CodeCache                    0.000 / 0.000         0.000 / 0.000         0.000 / 0.000         0.000 / 0.000       ms
[2023-11-16T15:16:35.582+0800][gc,stats    ]    Subphase: Concurrent Roots JavaThreads                  0.000 / 0.000         0.000 / 0.000         1.013 / 1.707         1.013 / 1.707       ms
[2023-11-16T15:16:35.582+0800][gc,stats    ]    Subphase: Concurrent Roots OopStorageSet                0.000 / 0.000         0.000 / 0.000         0.146 / 0.289         0.146 / 0.289       ms
[2023-11-16T15:16:35.582+0800][gc,stats    ]    Subphase: Concurrent Weak Roots OopStorageSet           0.000 / 0.000         0.000 / 0.000         0.440 / 0.670         0.440 / 0.670       ms
[2023-11-16T15:16:35.582+0800][gc,stats    ]    Subphase: Pause Mark Try Complete                       0.000 / 0.000         0.000 / 0.000         0.000 / 0.000         0.000 / 0.000       ms
[2023-11-16T15:16:35.582+0800][gc,stats    ]      System: Java Threads                                      0 / 0                 0 / 0                34 / 47               34 / 47          threads
[2023-11-16T15:16:35.582+0800][gc,stats    ] =========================================================================================================================================================
[2023-11-16T15:16:45.590+0800][gc,stats    ] === Garbage Collection Statistics =======================================================================================================================
[2023-11-16T15:16:45.590+0800][gc,stats    ]                                                              Last 10s              Last 10m              Last 10h                Total
[2023-11-16T15:16:45.590+0800][gc,stats    ]                                                              Avg / Max             Avg / Max             Avg / Max             Avg / Max
[2023-11-16T15:16:45.590+0800][gc,stats    ]   Collector: Garbage Collection Cycle                      0.000 / 0.000         0.000 / 0.000        32.129 / 37.536       32.129 / 37.536      ms
[2023-11-16T15:16:45.590+0800][gc,stats    ]  Contention: Mark Segment Reset Contention                     0 / 0                 0 / 0                 0 / 3                 0 / 3           ops/s
[2023-11-16T15:16:45.590+0800][gc,stats    ]  Contention: Mark SeqNum Reset Contention                      0 / 0                 0 / 0                 0 / 0                 0 / 0           ops/s
[2023-11-16T15:16:45.590+0800][gc,stats    ]    Critical: Allocation Stall                                  0 / 0                 0 / 0                 0 / 0                 0 / 0           ops/s
[2023-11-16T15:16:45.590+0800][gc,stats    ]    Critical: Allocation Stall                              0.000 / 0.000         0.000 / 0.000         0.000 / 0.000         0.000 / 0.000       ms
[2023-11-16T15:16:45.590+0800][gc,stats    ]    Critical: GC Locker Stall                                   0 / 0                 0 / 0                 0 / 0                 0 / 0           ops/s
[2023-11-16T15:16:45.590+0800][gc,stats    ]    Critical: GC Locker Stall                               0.000 / 0.000         0.000 / 0.000         0.000 / 0.000         0.000 / 0.000       ms
[2023-11-16T15:16:45.590+0800][gc,stats    ]    Critical: Relocation Stall                                  0 / 0                 0 / 0                 0 / 0                 0 / 0           ops/s
[2023-11-16T15:16:45.590+0800][gc,stats    ]    Critical: Relocation Stall                              0.000 / 0.000         0.000 / 0.000         0.000 / 0.000         0.000 / 0.000       ms
[2023-11-16T15:16:45.590+0800][gc,stats    ]      Memory: Allocation Rate                                   0 / 0                 0 / 8                 0 / 82                0 / 82          MB/s
[2023-11-16T15:16:45.590+0800][gc,stats    ]      Memory: Defragment                                        0 / 0                 0 / 0                 0 / 0                 0 / 0           ops/s
[2023-11-16T15:16:45.590+0800][gc,stats    ]      Memory: Out Of Memory                                     0 / 0                 0 / 0                 0 / 0                 0 / 0           ops/s
[2023-11-16T15:16:45.590+0800][gc,stats    ]      Memory: Page Cache Flush                                  0 / 0                 0 / 0                 0 / 0                 0 / 0           MB/s
[2023-11-16T15:16:45.590+0800][gc,stats    ]      Memory: Page Cache Hit L1                                 0 / 0                 0 / 4                 0 / 33                0 / 33          ops/s
[2023-11-16T15:16:45.590+0800][gc,stats    ]      Memory: Page Cache Hit L2                                 0 / 0                 0 / 0                 0 / 0                 0 / 0           ops/s
[2023-11-16T15:16:45.590+0800][gc,stats    ]      Memory: Page Cache Hit L3                                 0 / 0                 0 / 0                 0 / 41                0 / 41          ops/s
[2023-11-16T15:16:45.590+0800][gc,stats    ]      Memory: Page Cache Miss                                   0 / 0                 0 / 0                 0 / 1                 0 / 1           ops/s
[2023-11-16T15:16:45.590+0800][gc,stats    ]      Memory: Uncommit                                          0 / 0                 0 / 0                 0 / 0                 0 / 0           MB/s
[2023-11-16T15:16:45.590+0800][gc,stats    ]      Memory: Undo Object Allocation Failed                     0 / 0                 0 / 0                 0 / 0                 0 / 0           ops/s
[2023-11-16T15:16:45.590+0800][gc,stats    ]      Memory: Undo Object Allocation Succeeded                  0 / 0                 0 / 0                 0 / 3                 0 / 3           ops/s
[2023-11-16T15:16:45.590+0800][gc,stats    ]      Memory: Undo Page Allocation                              0 / 0                 0 / 0                 0 / 0                 0 / 0           ops/s
[2023-11-16T15:16:45.590+0800][gc,stats    ]       Phase: Concurrent Mark                               0.000 / 0.000         0.000 / 0.000        21.531 / 24.050       21.531 / 24.050      ms
[2023-11-16T15:16:45.590+0800][gc,stats    ]       Phase: Concurrent Mark Continue                      0.000 / 0.000         0.000 / 0.000         0.000 / 0.000         0.000 / 0.000       ms
[2023-11-16T15:16:45.590+0800][gc,stats    ]       Phase: Concurrent Mark Free                          0.000 / 0.000         0.000 / 0.000         0.001 / 0.001         0.001 / 0.001       ms
[2023-11-16T15:16:45.590+0800][gc,stats    ]       Phase: Concurrent Process Non-Strong References      0.000 / 0.000         0.000 / 0.000         1.995 / 2.420         1.995 / 2.420       ms
[2023-11-16T15:16:45.590+0800][gc,stats    ]       Phase: Concurrent Relocate                           0.000 / 0.000         0.000 / 0.000         2.883 / 2.961         2.883 / 2.961       ms
[2023-11-16T15:16:45.590+0800][gc,stats    ]       Phase: Concurrent Reset Relocation Set               0.000 / 0.000         0.000 / 0.000         0.002 / 0.004         0.002 / 0.004       ms
[2023-11-16T15:16:45.590+0800][gc,stats    ]       Phase: Concurrent Select Relocation Set              0.000 / 0.000         0.000 / 0.000         4.861 / 8.184         4.861 / 8.184       ms
[2023-11-16T15:16:45.590+0800][gc,stats    ]       Phase: Pause Mark End                                0.000 / 0.000         0.000 / 0.000         0.017 / 0.019         0.017 / 0.019       ms
[2023-11-16T15:16:45.590+0800][gc,stats    ]       Phase: Pause Mark Start                              0.000 / 0.000         0.000 / 0.000         0.023 / 0.031         0.023 / 0.031       ms
[2023-11-16T15:16:45.590+0800][gc,stats    ]       Phase: Pause Relocate Start                          0.000 / 0.000         0.000 / 0.000         0.009 / 0.009         0.009 / 0.009       ms
[2023-11-16T15:16:45.590+0800][gc,stats    ]    Subphase: Concurrent Classes Purge                      0.000 / 0.000         0.000 / 0.000         0.066 / 0.071         0.066 / 0.071       ms
[2023-11-16T15:16:45.590+0800][gc,stats    ]    Subphase: Concurrent Classes Unlink                     0.000 / 0.000         0.000 / 0.000         1.264 / 1.492         1.264 / 1.492       ms
[2023-11-16T15:16:45.590+0800][gc,stats    ]    Subphase: Concurrent Mark                               0.000 / 0.000         0.000 / 0.000        18.504 / 22.997       18.504 / 22.997      ms
[2023-11-16T15:16:45.590+0800][gc,stats    ]    Subphase: Concurrent Mark Try Flush                     0.000 / 0.000         0.000 / 0.000         0.201 / 0.455         0.201 / 0.455       ms
[2023-11-16T15:16:45.590+0800][gc,stats    ]    Subphase: Concurrent Mark Try Terminate                 0.000 / 0.000         0.000 / 0.000         4.353 / 12.985        4.353 / 12.985      ms
[2023-11-16T15:16:45.590+0800][gc,stats    ]    Subphase: Concurrent References Enqueue                 0.000 / 0.000         0.000 / 0.000         0.004 / 0.004         0.004 / 0.004       ms
[2023-11-16T15:16:45.590+0800][gc,stats    ]    Subphase: Concurrent References Process                 0.000 / 0.000         0.000 / 0.000         0.104 / 0.123         0.104 / 0.123       ms
[2023-11-16T15:16:45.590+0800][gc,stats    ]    Subphase: Concurrent Roots ClassLoaderDataGraph         0.000 / 0.000         0.000 / 0.000         0.107 / 0.428         0.107 / 0.428       ms
[2023-11-16T15:16:45.590+0800][gc,stats    ]    Subphase: Concurrent Roots CodeCache                    0.000 / 0.000         0.000 / 0.000         0.000 / 0.000         0.000 / 0.000       ms
[2023-11-16T15:16:45.590+0800][gc,stats    ]    Subphase: Concurrent Roots JavaThreads                  0.000 / 0.000         0.000 / 0.000         1.013 / 1.707         1.013 / 1.707       ms
[2023-11-16T15:16:45.590+0800][gc,stats    ]    Subphase: Concurrent Roots OopStorageSet                0.000 / 0.000         0.000 / 0.000         0.146 / 0.289         0.146 / 0.289       ms
[2023-11-16T15:16:45.590+0800][gc,stats    ]    Subphase: Concurrent Weak Roots OopStorageSet           0.000 / 0.000         0.000 / 0.000         0.440 / 0.670         0.440 / 0.670       ms
[2023-11-16T15:16:45.590+0800][gc,stats    ]    Subphase: Pause Mark Try Complete                       0.000 / 0.000         0.000 / 0.000         0.000 / 0.000         0.000 / 0.000       ms
[2023-11-16T15:16:45.590+0800][gc,stats    ]      System: Java Threads                                      0 / 0                 0 / 0                34 / 47               34 / 47          threads
[2023-11-16T15:16:45.590+0800][gc,stats    ] =========================================================================================================================================================
[2023-11-16T15:16:55.591+0800][gc,stats    ] === Garbage Collection Statistics =======================================================================================================================
[2023-11-16T15:16:55.591+0800][gc,stats    ]                                                              Last 10s              Last 10m              Last 10h                Total
[2023-11-16T15:16:55.591+0800][gc,stats    ]                                                              Avg / Max             Avg / Max             Avg / Max             Avg / Max
[2023-11-16T15:16:55.591+0800][gc,stats    ]   Collector: Garbage Collection Cycle                      0.000 / 0.000         0.000 / 0.000        32.129 / 37.536       32.129 / 37.536      ms
[2023-11-16T15:16:55.591+0800][gc,stats    ]  Contention: Mark Segment Reset Contention                     0 / 0                 0 / 0                 0 / 3                 0 / 3           ops/s
[2023-11-16T15:16:55.591+0800][gc,stats    ]  Contention: Mark SeqNum Reset Contention                      0 / 0                 0 / 0                 0 / 0                 0 / 0           ops/s
[2023-11-16T15:16:55.591+0800][gc,stats    ]    Critical: Allocation Stall                                  0 / 0                 0 / 0                 0 / 0                 0 / 0           ops/s
[2023-11-16T15:16:55.591+0800][gc,stats    ]    Critical: Allocation Stall                              0.000 / 0.000         0.000 / 0.000         0.000 / 0.000         0.000 / 0.000       ms
[2023-11-16T15:16:55.591+0800][gc,stats    ]    Critical: GC Locker Stall                                   0 / 0                 0 / 0                 0 / 0                 0 / 0           ops/s
[2023-11-16T15:16:55.591+0800][gc,stats    ]    Critical: GC Locker Stall                               0.000 / 0.000         0.000 / 0.000         0.000 / 0.000         0.000 / 0.000       ms
[2023-11-16T15:16:55.591+0800][gc,stats    ]    Critical: Relocation Stall                                  0 / 0                 0 / 0                 0 / 0                 0 / 0           ops/s
[2023-11-16T15:16:55.591+0800][gc,stats    ]    Critical: Relocation Stall                              0.000 / 0.000         0.000 / 0.000         0.000 / 0.000         0.000 / 0.000       ms
[2023-11-16T15:16:55.591+0800][gc,stats    ]      Memory: Allocation Rate                                   0 / 0                 0 / 8                 0 / 82                0 / 82          MB/s
[2023-11-16T15:16:55.591+0800][gc,stats    ]      Memory: Defragment                                        0 / 0                 0 / 0                 0 / 0                 0 / 0           ops/s
[2023-11-16T15:16:55.591+0800][gc,stats    ]      Memory: Out Of Memory                                     0 / 0                 0 / 0                 0 / 0                 0 / 0           ops/s
[2023-11-16T15:16:55.591+0800][gc,stats    ]      Memory: Page Cache Flush                                  0 / 0                 0 / 0                 0 / 0                 0 / 0           MB/s
[2023-11-16T15:16:55.591+0800][gc,stats    ]      Memory: Page Cache Hit L1                                 0 / 0                 0 / 4                 0 / 33                0 / 33          ops/s
[2023-11-16T15:16:55.591+0800][gc,stats    ]      Memory: Page Cache Hit L2                                 0 / 0                 0 / 0                 0 / 0                 0 / 0           ops/s
[2023-11-16T15:16:55.591+0800][gc,stats    ]      Memory: Page Cache Hit L3                                 0 / 0                 0 / 0                 0 / 41                0 / 41          ops/s
[2023-11-16T15:16:55.591+0800][gc,stats    ]      Memory: Page Cache Miss                                   0 / 0                 0 / 0                 0 / 1                 0 / 1           ops/s
[2023-11-16T15:16:55.591+0800][gc,stats    ]      Memory: Uncommit                                          0 / 0                 0 / 0                 0 / 0                 0 / 0           MB/s
[2023-11-16T15:16:55.591+0800][gc,stats    ]      Memory: Undo Object Allocation Failed                     0 / 0                 0 / 0                 0 / 0                 0 / 0           ops/s
[2023-11-16T15:16:55.591+0800][gc,stats    ]      Memory: Undo Object Allocation Succeeded                  0 / 0                 0 / 0                 0 / 3                 0 / 3           ops/s
[2023-11-16T15:16:55.591+0800][gc,stats    ]      Memory: Undo Page Allocation                              0 / 0                 0 / 0                 0 / 0                 0 / 0           ops/s
[2023-11-16T15:16:55.591+0800][gc,stats    ]       Phase: Concurrent Mark                               0.000 / 0.000         0.000 / 0.000        21.531 / 24.050       21.531 / 24.050      ms
[2023-11-16T15:16:55.591+0800][gc,stats    ]       Phase: Concurrent Mark Continue                      0.000 / 0.000         0.000 / 0.000         0.000 / 0.000         0.000 / 0.000       ms
[2023-11-16T15:16:55.591+0800][gc,stats    ]       Phase: Concurrent Mark Free                          0.000 / 0.000         0.000 / 0.000         0.001 / 0.001         0.001 / 0.001       ms
[2023-11-16T15:16:55.591+0800][gc,stats    ]       Phase: Concurrent Process Non-Strong References      0.000 / 0.000         0.000 / 0.000         1.995 / 2.420         1.995 / 2.420       ms
[2023-11-16T15:16:55.591+0800][gc,stats    ]       Phase: Concurrent Relocate                           0.000 / 0.000         0.000 / 0.000         2.883 / 2.961         2.883 / 2.961       ms
[2023-11-16T15:16:55.591+0800][gc,stats    ]       Phase: Concurrent Reset Relocation Set               0.000 / 0.000         0.000 / 0.000         0.002 / 0.004         0.002 / 0.004       ms
[2023-11-16T15:16:55.591+0800][gc,stats    ]       Phase: Concurrent Select Relocation Set              0.000 / 0.000         0.000 / 0.000         4.861 / 8.184         4.861 / 8.184       ms
[2023-11-16T15:16:55.591+0800][gc,stats    ]       Phase: Pause Mark End                                0.000 / 0.000         0.000 / 0.000         0.017 / 0.019         0.017 / 0.019       ms
[2023-11-16T15:16:55.591+0800][gc,stats    ]       Phase: Pause Mark Start                              0.000 / 0.000         0.000 / 0.000         0.023 / 0.031         0.023 / 0.031       ms
[2023-11-16T15:16:55.591+0800][gc,stats    ]       Phase: Pause Relocate Start                          0.000 / 0.000         0.000 / 0.000         0.009 / 0.009         0.009 / 0.009       ms
[2023-11-16T15:16:55.591+0800][gc,stats    ]    Subphase: Concurrent Classes Purge                      0.000 / 0.000         0.000 / 0.000         0.066 / 0.071         0.066 / 0.071       ms
[2023-11-16T15:16:55.591+0800][gc,stats    ]    Subphase: Concurrent Classes Unlink                     0.000 / 0.000         0.000 / 0.000         1.264 / 1.492         1.264 / 1.492       ms
[2023-11-16T15:16:55.591+0800][gc,stats    ]    Subphase: Concurrent Mark                               0.000 / 0.000         0.000 / 0.000        18.504 / 22.997       18.504 / 22.997      ms
[2023-11-16T15:16:55.591+0800][gc,stats    ]    Subphase: Concurrent Mark Try Flush                     0.000 / 0.000         0.000 / 0.000         0.201 / 0.455         0.201 / 0.455       ms
[2023-11-16T15:16:55.591+0800][gc,stats    ]    Subphase: Concurrent Mark Try Terminate                 0.000 / 0.000         0.000 / 0.000         4.353 / 12.985        4.353 / 12.985      ms
[2023-11-16T15:16:55.592+0800][gc,stats    ]    Subphase: Concurrent References Enqueue                 0.000 / 0.000         0.000 / 0.000         0.004 / 0.004         0.004 / 0.004       ms
[2023-11-16T15:16:55.592+0800][gc,stats    ]    Subphase: Concurrent References Process                 0.000 / 0.000         0.000 / 0.000         0.104 / 0.123         0.104 / 0.123       ms
[2023-11-16T15:16:55.592+0800][gc,stats    ]    Subphase: Concurrent Roots ClassLoaderDataGraph         0.000 / 0.000         0.000 / 0.000         0.107 / 0.428         0.107 / 0.428       ms
[2023-11-16T15:16:55.592+0800][gc,stats    ]    Subphase: Concurrent Roots CodeCache                    0.000 / 0.000         0.000 / 0.000         0.000 / 0.000         0.000 / 0.000       ms
[2023-11-16T15:16:55.592+0800][gc,stats    ]    Subphase: Concurrent Roots JavaThreads                  0.000 / 0.000         0.000 / 0.000         1.013 / 1.707         1.013 / 1.707       ms
[2023-11-16T15:16:55.592+0800][gc,stats    ]    Subphase: Concurrent Roots OopStorageSet                0.000 / 0.000         0.000 / 0.000         0.146 / 0.289         0.146 / 0.289       ms
[2023-11-16T15:16:55.592+0800][gc,stats    ]    Subphase: Concurrent Weak Roots OopStorageSet           0.000 / 0.000         0.000 / 0.000         0.440 / 0.670         0.440 / 0.670       ms
[2023-11-16T15:16:55.592+0800][gc,stats    ]    Subphase: Pause Mark Try Complete                       0.000 / 0.000         0.000 / 0.000         0.000 / 0.000         0.000 / 0.000       ms
[2023-11-16T15:16:55.592+0800][gc,stats    ]      System: Java Threads                                      0 / 0                 0 / 0                34 / 47               34 / 47          threads
[2023-11-16T15:16:55.592+0800][gc,stats    ] =========================================================================================================================================================
[2023-11-16T15:17:05.590+0800][gc,stats    ] === Garbage Collection Statistics =======================================================================================================================
[2023-11-16T15:17:05.590+0800][gc,stats    ]                                                              Last 10s              Last 10m              Last 10h                Total
[2023-11-16T15:17:05.590+0800][gc,stats    ]                                                              Avg / Max             Avg / Max             Avg / Max             Avg / Max
[2023-11-16T15:17:05.590+0800][gc,stats    ]   Collector: Garbage Collection Cycle                      0.000 / 0.000         0.000 / 0.000        32.129 / 37.536       32.129 / 37.536      ms
[2023-11-16T15:17:05.590+0800][gc,stats    ]  Contention: Mark Segment Reset Contention                     0 / 0                 0 / 0                 0 / 3                 0 / 3           ops/s
[2023-11-16T15:17:05.590+0800][gc,stats    ]  Contention: Mark SeqNum Reset Contention                      0 / 0                 0 / 0                 0 / 0                 0 / 0           ops/s
[2023-11-16T15:17:05.590+0800][gc,stats    ]    Critical: Allocation Stall                                  0 / 0                 0 / 0                 0 / 0                 0 / 0           ops/s
[2023-11-16T15:17:05.590+0800][gc,stats    ]    Critical: Allocation Stall                              0.000 / 0.000         0.000 / 0.000         0.000 / 0.000         0.000 / 0.000       ms
[2023-11-16T15:17:05.590+0800][gc,stats    ]    Critical: GC Locker Stall                                   0 / 0                 0 / 0                 0 / 0                 0 / 0           ops/s
[2023-11-16T15:17:05.590+0800][gc,stats    ]    Critical: GC Locker Stall                               0.000 / 0.000         0.000 / 0.000         0.000 / 0.000         0.000 / 0.000       ms
[2023-11-16T15:17:05.590+0800][gc,stats    ]    Critical: Relocation Stall                                  0 / 0                 0 / 0                 0 / 0                 0 / 0           ops/s
[2023-11-16T15:17:05.590+0800][gc,stats    ]    Critical: Relocation Stall                              0.000 / 0.000         0.000 / 0.000         0.000 / 0.000         0.000 / 0.000       ms
[2023-11-16T15:17:05.590+0800][gc,stats    ]      Memory: Allocation Rate                                   0 / 0                 0 / 8                 0 / 82                0 / 82          MB/s
[2023-11-16T15:17:05.590+0800][gc,stats    ]      Memory: Defragment                                        0 / 0                 0 / 0                 0 / 0                 0 / 0           ops/s
[2023-11-16T15:17:05.590+0800][gc,stats    ]      Memory: Out Of Memory                                     0 / 0                 0 / 0                 0 / 0                 0 / 0           ops/s
[2023-11-16T15:17:05.590+0800][gc,stats    ]      Memory: Page Cache Flush                                  0 / 0                 0 / 0                 0 / 0                 0 / 0           MB/s
[2023-11-16T15:17:05.590+0800][gc,stats    ]      Memory: Page Cache Hit L1                                 0 / 0                 0 / 4                 0 / 33                0 / 33          ops/s
[2023-11-16T15:17:05.590+0800][gc,stats    ]      Memory: Page Cache Hit L2                                 0 / 0                 0 / 0                 0 / 0                 0 / 0           ops/s
[2023-11-16T15:17:05.590+0800][gc,stats    ]      Memory: Page Cache Hit L3                                 0 / 0                 0 / 0                 0 / 41                0 / 41          ops/s
[2023-11-16T15:17:05.590+0800][gc,stats    ]      Memory: Page Cache Miss                                   0 / 0                 0 / 0                 0 / 1                 0 / 1           ops/s
[2023-11-16T15:17:05.590+0800][gc,stats    ]      Memory: Uncommit                                          0 / 0                 0 / 0                 0 / 0                 0 / 0           MB/s
[2023-11-16T15:17:05.590+0800][gc,stats    ]      Memory: Undo Object Allocation Failed                     0 / 0                 0 / 0                 0 / 0                 0 / 0           ops/s
[2023-11-16T15:17:05.590+0800][gc,stats    ]      Memory: Undo Object Allocation Succeeded                  0 / 0                 0 / 0                 0 / 3                 0 / 3           ops/s
[2023-11-16T15:17:05.590+0800][gc,stats    ]      Memory: Undo Page Allocation                              0 / 0                 0 / 0                 0 / 0                 0 / 0           ops/s
[2023-11-16T15:17:05.590+0800][gc,stats    ]       Phase: Concurrent Mark                               0.000 / 0.000         0.000 / 0.000        21.531 / 24.050       21.531 / 24.050      ms
[2023-11-16T15:17:05.590+0800][gc,stats    ]       Phase: Concurrent Mark Continue                      0.000 / 0.000         0.000 / 0.000         0.000 / 0.000         0.000 / 0.000       ms
[2023-11-16T15:17:05.590+0800][gc,stats    ]       Phase: Concurrent Mark Free                          0.000 / 0.000         0.000 / 0.000         0.001 / 0.001         0.001 / 0.001       ms
[2023-11-16T15:17:05.590+0800][gc,stats    ]       Phase: Concurrent Process Non-Strong References      0.000 / 0.000         0.000 / 0.000         1.995 / 2.420         1.995 / 2.420       ms
[2023-11-16T15:17:05.590+0800][gc,stats    ]       Phase: Concurrent Relocate                           0.000 / 0.000         0.000 / 0.000         2.883 / 2.961         2.883 / 2.961       ms
[2023-11-16T15:17:05.590+0800][gc,stats    ]       Phase: Concurrent Reset Relocation Set               0.000 / 0.000         0.000 / 0.000         0.002 / 0.004         0.002 / 0.004       ms
[2023-11-16T15:17:05.590+0800][gc,stats    ]       Phase: Concurrent Select Relocation Set              0.000 / 0.000         0.000 / 0.000         4.861 / 8.184         4.861 / 8.184       ms
[2023-11-16T15:17:05.590+0800][gc,stats    ]       Phase: Pause Mark End                                0.000 / 0.000         0.000 / 0.000         0.017 / 0.019         0.017 / 0.019       ms
[2023-11-16T15:17:05.590+0800][gc,stats    ]       Phase: Pause Mark Start                              0.000 / 0.000         0.000 / 0.000         0.023 / 0.031         0.023 / 0.031       ms
[2023-11-16T15:17:05.590+0800][gc,stats    ]       Phase: Pause Relocate Start                          0.000 / 0.000         0.000 / 0.000         0.009 / 0.009         0.009 / 0.009       ms
[2023-11-16T15:17:05.590+0800][gc,stats    ]    Subphase: Concurrent Classes Purge                      0.000 / 0.000         0.000 / 0.000         0.066 / 0.071         0.066 / 0.071       ms
[2023-11-16T15:17:05.590+0800][gc,stats    ]    Subphase: Concurrent Classes Unlink                     0.000 / 0.000         0.000 / 0.000         1.264 / 1.492         1.264 / 1.492       ms
[2023-11-16T15:17:05.590+0800][gc,stats    ]    Subphase: Concurrent Mark                               0.000 / 0.000         0.000 / 0.000        18.504 / 22.997       18.504 / 22.997      ms
[2023-11-16T15:17:05.590+0800][gc,stats    ]    Subphase: Concurrent Mark Try Flush                     0.000 / 0.000         0.000 / 0.000         0.201 / 0.455         0.201 / 0.455       ms
[2023-11-16T15:17:05.590+0800][gc,stats    ]    Subphase: Concurrent Mark Try Terminate                 0.000 / 0.000         0.000 / 0.000         4.353 / 12.985        4.353 / 12.985      ms
[2023-11-16T15:17:05.590+0800][gc,stats    ]    Subphase: Concurrent References Enqueue                 0.000 / 0.000         0.000 / 0.000         0.004 / 0.004         0.004 / 0.004       ms
[2023-11-16T15:17:05.590+0800][gc,stats    ]    Subphase: Concurrent References Process                 0.000 / 0.000         0.000 / 0.000         0.104 / 0.123         0.104 / 0.123       ms
[2023-11-16T15:17:05.590+0800][gc,stats    ]    Subphase: Concurrent Roots ClassLoaderDataGraph         0.000 / 0.000         0.000 / 0.000         0.107 / 0.428         0.107 / 0.428       ms
[2023-11-16T15:17:05.590+0800][gc,stats    ]    Subphase: Concurrent Roots CodeCache                    0.000 / 0.000         0.000 / 0.000         0.000 / 0.000         0.000 / 0.000       ms
[2023-11-16T15:17:05.590+0800][gc,stats    ]    Subphase: Concurrent Roots JavaThreads                  0.000 / 0.000         0.000 / 0.000         1.013 / 1.707         1.013 / 1.707       ms
[2023-11-16T15:17:05.590+0800][gc,stats    ]    Subphase: Concurrent Roots OopStorageSet                0.000 / 0.000         0.000 / 0.000         0.146 / 0.289         0.146 / 0.289       ms
[2023-11-16T15:17:05.590+0800][gc,stats    ]    Subphase: Concurrent Weak Roots OopStorageSet           0.000 / 0.000         0.000 / 0.000         0.440 / 0.670         0.440 / 0.670       ms
[2023-11-16T15:17:05.590+0800][gc,stats    ]    Subphase: Pause Mark Try Complete                       0.000 / 0.000         0.000 / 0.000         0.000 / 0.000         0.000 / 0.000       ms
[2023-11-16T15:17:05.590+0800][gc,stats    ]      System: Java Threads                                      0 / 0                 0 / 0                34 / 47               34 / 47          threads
[2023-11-16T15:17:05.590+0800][gc,stats    ] =========================================================================================================================================================
[2023-11-16T15:17:15.589+0800][gc,stats    ] === Garbage Collection Statistics =======================================================================================================================
[2023-11-16T15:17:15.589+0800][gc,stats    ]                                                              Last 10s              Last 10m              Last 10h                Total
[2023-11-16T15:17:15.589+0800][gc,stats    ]                                                              Avg / Max             Avg / Max             Avg / Max             Avg / Max
[2023-11-16T15:17:15.589+0800][gc,stats    ]   Collector: Garbage Collection Cycle                      0.000 / 0.000         0.000 / 0.000        32.129 / 37.536       32.129 / 37.536      ms
[2023-11-16T15:17:15.589+0800][gc,stats    ]  Contention: Mark Segment Reset Contention                     0 / 0                 0 / 0                 0 / 3                 0 / 3           ops/s
[2023-11-16T15:17:15.589+0800][gc,stats    ]  Contention: Mark SeqNum Reset Contention                      0 / 0                 0 / 0                 0 / 0                 0 / 0           ops/s
[2023-11-16T15:17:15.589+0800][gc,stats    ]    Critical: Allocation Stall                                  0 / 0                 0 / 0                 0 / 0                 0 / 0           ops/s
[2023-11-16T15:17:15.589+0800][gc,stats    ]    Critical: Allocation Stall                              0.000 / 0.000         0.000 / 0.000         0.000 / 0.000         0.000 / 0.000       ms
[2023-11-16T15:17:15.589+0800][gc,stats    ]    Critical: GC Locker Stall                                   0 / 0                 0 / 0                 0 / 0                 0 / 0           ops/s
[2023-11-16T15:17:15.589+0800][gc,stats    ]    Critical: GC Locker Stall                               0.000 / 0.000         0.000 / 0.000         0.000 / 0.000         0.000 / 0.000       ms
[2023-11-16T15:17:15.589+0800][gc,stats    ]    Critical: Relocation Stall                                  0 / 0                 0 / 0                 0 / 0                 0 / 0           ops/s
[2023-11-16T15:17:15.589+0800][gc,stats    ]    Critical: Relocation Stall                              0.000 / 0.000         0.000 / 0.000         0.000 / 0.000         0.000 / 0.000       ms
[2023-11-16T15:17:15.589+0800][gc,stats    ]      Memory: Allocation Rate                                   0 / 0                 0 / 8                 0 / 82                0 / 82          MB/s
[2023-11-16T15:17:15.589+0800][gc,stats    ]      Memory: Defragment                                        0 / 0                 0 / 0                 0 / 0                 0 / 0           ops/s
[2023-11-16T15:17:15.589+0800][gc,stats    ]      Memory: Out Of Memory                                     0 / 0                 0 / 0                 0 / 0                 0 / 0           ops/s
[2023-11-16T15:17:15.589+0800][gc,stats    ]      Memory: Page Cache Flush                                  0 / 0                 0 / 0                 0 / 0                 0 / 0           MB/s
[2023-11-16T15:17:15.589+0800][gc,stats    ]      Memory: Page Cache Hit L1                                 0 / 0                 0 / 4                 0 / 33                0 / 33          ops/s
[2023-11-16T15:17:15.589+0800][gc,stats    ]      Memory: Page Cache Hit L2                                 0 / 0                 0 / 0                 0 / 0                 0 / 0           ops/s
[2023-11-16T15:17:15.589+0800][gc,stats    ]      Memory: Page Cache Hit L3                                 0 / 0                 0 / 0                 0 / 41                0 / 41          ops/s
[2023-11-16T15:17:15.589+0800][gc,stats    ]      Memory: Page Cache Miss                                   0 / 0                 0 / 0                 0 / 1                 0 / 1           ops/s
[2023-11-16T15:17:15.589+0800][gc,stats    ]      Memory: Uncommit                                          0 / 0                 0 / 0                 0 / 0                 0 / 0           MB/s
[2023-11-16T15:17:15.589+0800][gc,stats    ]      Memory: Undo Object Allocation Failed                     0 / 0                 0 / 0                 0 / 0                 0 / 0           ops/s
[2023-11-16T15:17:15.589+0800][gc,stats    ]      Memory: Undo Object Allocation Succeeded                  0 / 0                 0 / 0                 0 / 3                 0 / 3           ops/s
[2023-11-16T15:17:15.589+0800][gc,stats    ]      Memory: Undo Page Allocation                              0 / 0                 0 / 0                 0 / 0                 0 / 0           ops/s
[2023-11-16T15:17:15.589+0800][gc,stats    ]       Phase: Concurrent Mark                               0.000 / 0.000         0.000 / 0.000        21.531 / 24.050       21.531 / 24.050      ms
[2023-11-16T15:17:15.589+0800][gc,stats    ]       Phase: Concurrent Mark Continue                      0.000 / 0.000         0.000 / 0.000         0.000 / 0.000         0.000 / 0.000       ms
[2023-11-16T15:17:15.589+0800][gc,stats    ]       Phase: Concurrent Mark Free                          0.000 / 0.000         0.000 / 0.000         0.001 / 0.001         0.001 / 0.001       ms
[2023-11-16T15:17:15.589+0800][gc,stats    ]       Phase: Concurrent Process Non-Strong References      0.000 / 0.000         0.000 / 0.000         1.995 / 2.420         1.995 / 2.420       ms
[2023-11-16T15:17:15.589+0800][gc,stats    ]       Phase: Concurrent Relocate                           0.000 / 0.000         0.000 / 0.000         2.883 / 2.961         2.883 / 2.961       ms
[2023-11-16T15:17:15.589+0800][gc,stats    ]       Phase: Concurrent Reset Relocation Set               0.000 / 0.000         0.000 / 0.000         0.002 / 0.004         0.002 / 0.004       ms
[2023-11-16T15:17:15.589+0800][gc,stats    ]       Phase: Concurrent Select Relocation Set              0.000 / 0.000         0.000 / 0.000         4.861 / 8.184         4.861 / 8.184       ms
[2023-11-16T15:17:15.589+0800][gc,stats    ]       Phase: Pause Mark End                                0.000 / 0.000         0.000 / 0.000         0.017 / 0.019         0.017 / 0.019       ms
[2023-11-16T15:17:15.589+0800][gc,stats    ]       Phase: Pause Mark Start                              0.000 / 0.000         0.000 / 0.000         0.023 / 0.031         0.023 / 0.031       ms
[2023-11-16T15:17:15.589+0800][gc,stats    ]       Phase: Pause Relocate Start                          0.000 / 0.000         0.000 / 0.000         0.009 / 0.009         0.009 / 0.009       ms
[2023-11-16T15:17:15.589+0800][gc,stats    ]    Subphase: Concurrent Classes Purge                      0.000 / 0.000         0.000 / 0.000         0.066 / 0.071         0.066 / 0.071       ms
[2023-11-16T15:17:15.589+0800][gc,stats    ]    Subphase: Concurrent Classes Unlink                     0.000 / 0.000         0.000 / 0.000         1.264 / 1.492         1.264 / 1.492       ms
[2023-11-16T15:17:15.589+0800][gc,stats    ]    Subphase: Concurrent Mark                               0.000 / 0.000         0.000 / 0.000        18.504 / 22.997       18.504 / 22.997      ms
[2023-11-16T15:17:15.589+0800][gc,stats    ]    Subphase: Concurrent Mark Try Flush                     0.000 / 0.000         0.000 / 0.000         0.201 / 0.455         0.201 / 0.455       ms
[2023-11-16T15:17:15.589+0800][gc,stats    ]    Subphase: Concurrent Mark Try Terminate                 0.000 / 0.000         0.000 / 0.000         4.353 / 12.985        4.353 / 12.985      ms
[2023-11-16T15:17:15.589+0800][gc,stats    ]    Subphase: Concurrent References Enqueue                 0.000 / 0.000         0.000 / 0.000         0.004 / 0.004         0.004 / 0.004       ms
[2023-11-16T15:17:15.589+0800][gc,stats    ]    Subphase: Concurrent References Process                 0.000 / 0.000         0.000 / 0.000         0.104 / 0.123         0.104 / 0.123       ms
[2023-11-16T15:17:15.589+0800][gc,stats    ]    Subphase: Concurrent Roots ClassLoaderDataGraph         0.000 / 0.000         0.000 / 0.000         0.107 / 0.428         0.107 / 0.428       ms
[2023-11-16T15:17:15.589+0800][gc,stats    ]    Subphase: Concurrent Roots CodeCache                    0.000 / 0.000         0.000 / 0.000         0.000 / 0.000         0.000 / 0.000       ms
[2023-11-16T15:17:15.589+0800][gc,stats    ]    Subphase: Concurrent Roots JavaThreads                  0.000 / 0.000         0.000 / 0.000         1.013 / 1.707         1.013 / 1.707       ms
[2023-11-16T15:17:15.589+0800][gc,stats    ]    Subphase: Concurrent Roots OopStorageSet                0.000 / 0.000         0.000 / 0.000         0.146 / 0.289         0.146 / 0.289       ms
[2023-11-16T15:17:15.589+0800][gc,stats    ]    Subphase: Concurrent Weak Roots OopStorageSet           0.000 / 0.000         0.000 / 0.000         0.440 / 0.670         0.440 / 0.670       ms
[2023-11-16T15:17:15.590+0800][gc,stats    ]    Subphase: Pause Mark Try Complete                       0.000 / 0.000         0.000 / 0.000         0.000 / 0.000         0.000 / 0.000       ms
[2023-11-16T15:17:15.590+0800][gc,stats    ]      System: Java Threads                                      0 / 0                 0 / 0                34 / 47               34 / 47          threads
[2023-11-16T15:17:15.590+0800][gc,stats    ] =========================================================================================================================================================
[2023-11-16T15:17:25.586+0800][gc,stats    ] === Garbage Collection Statistics =======================================================================================================================
[2023-11-16T15:17:25.586+0800][gc,stats    ]                                                              Last 10s              Last 10m              Last 10h                Total
[2023-11-16T15:17:25.586+0800][gc,stats    ]                                                              Avg / Max             Avg / Max             Avg / Max             Avg / Max
[2023-11-16T15:17:25.586+0800][gc,stats    ]   Collector: Garbage Collection Cycle                      0.000 / 0.000         0.000 / 0.000        32.129 / 37.536       32.129 / 37.536      ms
[2023-11-16T15:17:25.586+0800][gc,stats    ]  Contention: Mark Segment Reset Contention                     0 / 0                 0 / 0                 0 / 3                 0 / 3           ops/s
[2023-11-16T15:17:25.586+0800][gc,stats    ]  Contention: Mark SeqNum Reset Contention                      0 / 0                 0 / 0                 0 / 0                 0 / 0           ops/s
[2023-11-16T15:17:25.586+0800][gc,stats    ]    Critical: Allocation Stall                                  0 / 0                 0 / 0                 0 / 0                 0 / 0           ops/s
[2023-11-16T15:17:25.586+0800][gc,stats    ]    Critical: Allocation Stall                              0.000 / 0.000         0.000 / 0.000         0.000 / 0.000         0.000 / 0.000       ms
[2023-11-16T15:17:25.586+0800][gc,stats    ]    Critical: GC Locker Stall                                   0 / 0                 0 / 0                 0 / 0                 0 / 0           ops/s
[2023-11-16T15:17:25.586+0800][gc,stats    ]    Critical: GC Locker Stall                               0.000 / 0.000         0.000 / 0.000         0.000 / 0.000         0.000 / 0.000       ms
[2023-11-16T15:17:25.586+0800][gc,stats    ]    Critical: Relocation Stall                                  0 / 0                 0 / 0                 0 / 0                 0 / 0           ops/s
[2023-11-16T15:17:25.586+0800][gc,stats    ]    Critical: Relocation Stall                              0.000 / 0.000         0.000 / 0.000         0.000 / 0.000         0.000 / 0.000       ms
[2023-11-16T15:17:25.586+0800][gc,stats    ]      Memory: Allocation Rate                                   0 / 0                 0 / 8                 0 / 82                0 / 82          MB/s
[2023-11-16T15:17:25.586+0800][gc,stats    ]      Memory: Defragment                                        0 / 0                 0 / 0                 0 / 0                 0 / 0           ops/s
[2023-11-16T15:17:25.586+0800][gc,stats    ]      Memory: Out Of Memory                                     0 / 0                 0 / 0                 0 / 0                 0 / 0           ops/s
[2023-11-16T15:17:25.586+0800][gc,stats    ]      Memory: Page Cache Flush                                  0 / 0                 0 / 0                 0 / 0                 0 / 0           MB/s
[2023-11-16T15:17:25.586+0800][gc,stats    ]      Memory: Page Cache Hit L1                                 0 / 0                 0 / 4                 0 / 33                0 / 33          ops/s
[2023-11-16T15:17:25.587+0800][gc,stats    ]      Memory: Page Cache Hit L2                                 0 / 0                 0 / 0                 0 / 0                 0 / 0           ops/s
[2023-11-16T15:17:25.587+0800][gc,stats    ]      Memory: Page Cache Hit L3                                 0 / 0                 0 / 0                 0 / 41                0 / 41          ops/s
[2023-11-16T15:17:25.587+0800][gc,stats    ]      Memory: Page Cache Miss                                   0 / 0                 0 / 0                 0 / 1                 0 / 1           ops/s
[2023-11-16T15:17:25.587+0800][gc,stats    ]      Memory: Uncommit                                          0 / 0                 0 / 0                 0 / 0                 0 / 0           MB/s
[2023-11-16T15:17:25.587+0800][gc,stats    ]      Memory: Undo Object Allocation Failed                     0 / 0                 0 / 0                 0 / 0                 0 / 0           ops/s
[2023-11-16T15:17:25.587+0800][gc,stats    ]      Memory: Undo Object Allocation Succeeded                  0 / 0                 0 / 0                 0 / 3                 0 / 3           ops/s
[2023-11-16T15:17:25.587+0800][gc,stats    ]      Memory: Undo Page Allocation                              0 / 0                 0 / 0                 0 / 0                 0 / 0           ops/s
[2023-11-16T15:17:25.587+0800][gc,stats    ]       Phase: Concurrent Mark                               0.000 / 0.000         0.000 / 0.000        21.531 / 24.050       21.531 / 24.050      ms
[2023-11-16T15:17:25.587+0800][gc,stats    ]       Phase: Concurrent Mark Continue                      0.000 / 0.000         0.000 / 0.000         0.000 / 0.000         0.000 / 0.000       ms
[2023-11-16T15:17:25.587+0800][gc,stats    ]       Phase: Concurrent Mark Free                          0.000 / 0.000         0.000 / 0.000         0.001 / 0.001         0.001 / 0.001       ms
[2023-11-16T15:17:25.587+0800][gc,stats    ]       Phase: Concurrent Process Non-Strong References      0.000 / 0.000         0.000 / 0.000         1.995 / 2.420         1.995 / 2.420       ms
[2023-11-16T15:17:25.587+0800][gc,stats    ]       Phase: Concurrent Relocate                           0.000 / 0.000         0.000 / 0.000         2.883 / 2.961         2.883 / 2.961       ms
[2023-11-16T15:17:25.587+0800][gc,stats    ]       Phase: Concurrent Reset Relocation Set               0.000 / 0.000         0.000 / 0.000         0.002 / 0.004         0.002 / 0.004       ms
[2023-11-16T15:17:25.587+0800][gc,stats    ]       Phase: Concurrent Select Relocation Set              0.000 / 0.000         0.000 / 0.000         4.861 / 8.184         4.861 / 8.184       ms
[2023-11-16T15:17:25.587+0800][gc,stats    ]       Phase: Pause Mark End                                0.000 / 0.000         0.000 / 0.000         0.017 / 0.019         0.017 / 0.019       ms
[2023-11-16T15:17:25.587+0800][gc,stats    ]       Phase: Pause Mark Start                              0.000 / 0.000         0.000 / 0.000         0.023 / 0.031         0.023 / 0.031       ms
[2023-11-16T15:17:25.587+0800][gc,stats    ]       Phase: Pause Relocate Start                          0.000 / 0.000         0.000 / 0.000         0.009 / 0.009         0.009 / 0.009       ms
[2023-11-16T15:17:25.587+0800][gc,stats    ]    Subphase: Concurrent Classes Purge                      0.000 / 0.000         0.000 / 0.000         0.066 / 0.071         0.066 / 0.071       ms
[2023-11-16T15:17:25.587+0800][gc,stats    ]    Subphase: Concurrent Classes Unlink                     0.000 / 0.000         0.000 / 0.000         1.264 / 1.492         1.264 / 1.492       ms
[2023-11-16T15:17:25.587+0800][gc,stats    ]    Subphase: Concurrent Mark                               0.000 / 0.000         0.000 / 0.000        18.504 / 22.997       18.504 / 22.997      ms
[2023-11-16T15:17:25.587+0800][gc,stats    ]    Subphase: Concurrent Mark Try Flush                     0.000 / 0.000         0.000 / 0.000         0.201 / 0.455         0.201 / 0.455       ms
[2023-11-16T15:17:25.587+0800][gc,stats    ]    Subphase: Concurrent Mark Try Terminate                 0.000 / 0.000         0.000 / 0.000         4.353 / 12.985        4.353 / 12.985      ms
[2023-11-16T15:17:25.587+0800][gc,stats    ]    Subphase: Concurrent References Enqueue                 0.000 / 0.000         0.000 / 0.000         0.004 / 0.004         0.004 / 0.004       ms
[2023-11-16T15:17:25.587+0800][gc,stats    ]    Subphase: Concurrent References Process                 0.000 / 0.000         0.000 / 0.000         0.104 / 0.123         0.104 / 0.123       ms
[2023-11-16T15:17:25.587+0800][gc,stats    ]    Subphase: Concurrent Roots ClassLoaderDataGraph         0.000 / 0.000         0.000 / 0.000         0.107 / 0.428         0.107 / 0.428       ms
[2023-11-16T15:17:25.587+0800][gc,stats    ]    Subphase: Concurrent Roots CodeCache                    0.000 / 0.000         0.000 / 0.000         0.000 / 0.000         0.000 / 0.000       ms
[2023-11-16T15:17:25.587+0800][gc,stats    ]    Subphase: Concurrent Roots JavaThreads                  0.000 / 0.000         0.000 / 0.000         1.013 / 1.707         1.013 / 1.707       ms
[2023-11-16T15:17:25.587+0800][gc,stats    ]    Subphase: Concurrent Roots OopStorageSet                0.000 / 0.000         0.000 / 0.000         0.146 / 0.289         0.146 / 0.289       ms
[2023-11-16T15:17:25.587+0800][gc,stats    ]    Subphase: Concurrent Weak Roots OopStorageSet           0.000 / 0.000         0.000 / 0.000         0.440 / 0.670         0.440 / 0.670       ms
[2023-11-16T15:17:25.587+0800][gc,stats    ]    Subphase: Pause Mark Try Complete                       0.000 / 0.000         0.000 / 0.000         0.000 / 0.000         0.000 / 0.000       ms
[2023-11-16T15:17:25.587+0800][gc,stats    ]      System: Java Threads                                      0 / 0                 0 / 0                34 / 47               34 / 47          threads
[2023-11-16T15:17:25.587+0800][gc,stats    ] =========================================================================================================================================================
[2023-11-16T15:17:35.577+0800][gc,stats    ] === Garbage Collection Statistics =======================================================================================================================
[2023-11-16T15:17:35.577+0800][gc,stats    ]                                                              Last 10s              Last 10m              Last 10h                Total
[2023-11-16T15:17:35.577+0800][gc,stats    ]                                                              Avg / Max             Avg / Max             Avg / Max             Avg / Max
[2023-11-16T15:17:35.577+0800][gc,stats    ]   Collector: Garbage Collection Cycle                      0.000 / 0.000         0.000 / 0.000        32.129 / 37.536       32.129 / 37.536      ms
[2023-11-16T15:17:35.577+0800][gc,stats    ]  Contention: Mark Segment Reset Contention                     0 / 0                 0 / 0                 0 / 3                 0 / 3           ops/s
[2023-11-16T15:17:35.577+0800][gc,stats    ]  Contention: Mark SeqNum Reset Contention                      0 / 0                 0 / 0                 0 / 0                 0 / 0           ops/s
[2023-11-16T15:17:35.577+0800][gc,stats    ]    Critical: Allocation Stall                                  0 / 0                 0 / 0                 0 / 0                 0 / 0           ops/s
[2023-11-16T15:17:35.577+0800][gc,stats    ]    Critical: Allocation Stall                              0.000 / 0.000         0.000 / 0.000         0.000 / 0.000         0.000 / 0.000       ms
[2023-11-16T15:17:35.577+0800][gc,stats    ]    Critical: GC Locker Stall                                   0 / 0                 0 / 0                 0 / 0                 0 / 0           ops/s
[2023-11-16T15:17:35.577+0800][gc,stats    ]    Critical: GC Locker Stall                               0.000 / 0.000         0.000 / 0.000         0.000 / 0.000         0.000 / 0.000       ms
[2023-11-16T15:17:35.577+0800][gc,stats    ]    Critical: Relocation Stall                                  0 / 0                 0 / 0                 0 / 0                 0 / 0           ops/s
[2023-11-16T15:17:35.577+0800][gc,stats    ]    Critical: Relocation Stall                              0.000 / 0.000         0.000 / 0.000         0.000 / 0.000         0.000 / 0.000       ms
[2023-11-16T15:17:35.577+0800][gc,stats    ]      Memory: Allocation Rate                                   0 / 0                 0 / 8                 0 / 82                0 / 82          MB/s
[2023-11-16T15:17:35.577+0800][gc,stats    ]      Memory: Defragment                                        0 / 0                 0 / 0                 0 / 0                 0 / 0           ops/s
[2023-11-16T15:17:35.577+0800][gc,stats    ]      Memory: Out Of Memory                                     0 / 0                 0 / 0                 0 / 0                 0 / 0           ops/s
[2023-11-16T15:17:35.577+0800][gc,stats    ]      Memory: Page Cache Flush                                  0 / 0                 0 / 0                 0 / 0                 0 / 0           MB/s
[2023-11-16T15:17:35.577+0800][gc,stats    ]      Memory: Page Cache Hit L1                                 0 / 0                 0 / 4                 0 / 33                0 / 33          ops/s
[2023-11-16T15:17:35.577+0800][gc,stats    ]      Memory: Page Cache Hit L2                                 0 / 0                 0 / 0                 0 / 0                 0 / 0           ops/s
[2023-11-16T15:17:35.577+0800][gc,stats    ]      Memory: Page Cache Hit L3                                 0 / 0                 0 / 0                 0 / 41                0 / 41          ops/s
[2023-11-16T15:17:35.577+0800][gc,stats    ]      Memory: Page Cache Miss                                   0 / 0                 0 / 0                 0 / 1                 0 / 1           ops/s
[2023-11-16T15:17:35.577+0800][gc,stats    ]      Memory: Uncommit                                          0 / 0                 0 / 0                 0 / 0                 0 / 0           MB/s
[2023-11-16T15:17:35.577+0800][gc,stats    ]      Memory: Undo Object Allocation Failed                     0 / 0                 0 / 0                 0 / 0                 0 / 0           ops/s
[2023-11-16T15:17:35.577+0800][gc,stats    ]      Memory: Undo Object Allocation Succeeded                  0 / 0                 0 / 0                 0 / 3                 0 / 3           ops/s
[2023-11-16T15:17:35.577+0800][gc,stats    ]      Memory: Undo Page Allocation                              0 / 0                 0 / 0                 0 / 0                 0 / 0           ops/s
[2023-11-16T15:17:35.577+0800][gc,stats    ]       Phase: Concurrent Mark                               0.000 / 0.000         0.000 / 0.000        21.531 / 24.050       21.531 / 24.050      ms
[2023-11-16T15:17:35.577+0800][gc,stats    ]       Phase: Concurrent Mark Continue                      0.000 / 0.000         0.000 / 0.000         0.000 / 0.000         0.000 / 0.000       ms
[2023-11-16T15:17:35.577+0800][gc,stats    ]       Phase: Concurrent Mark Free                          0.000 / 0.000         0.000 / 0.000         0.001 / 0.001         0.001 / 0.001       ms
[2023-11-16T15:17:35.577+0800][gc,stats    ]       Phase: Concurrent Process Non-Strong References      0.000 / 0.000         0.000 / 0.000         1.995 / 2.420         1.995 / 2.420       ms
[2023-11-16T15:17:35.577+0800][gc,stats    ]       Phase: Concurrent Relocate                           0.000 / 0.000         0.000 / 0.000         2.883 / 2.961         2.883 / 2.961       ms
[2023-11-16T15:17:35.577+0800][gc,stats    ]       Phase: Concurrent Reset Relocation Set               0.000 / 0.000         0.000 / 0.000         0.002 / 0.004         0.002 / 0.004       ms
[2023-11-16T15:17:35.577+0800][gc,stats    ]       Phase: Concurrent Select Relocation Set              0.000 / 0.000         0.000 / 0.000         4.861 / 8.184         4.861 / 8.184       ms
[2023-11-16T15:17:35.577+0800][gc,stats    ]       Phase: Pause Mark End                                0.000 / 0.000         0.000 / 0.000         0.017 / 0.019         0.017 / 0.019       ms
[2023-11-16T15:17:35.577+0800][gc,stats    ]       Phase: Pause Mark Start                              0.000 / 0.000         0.000 / 0.000         0.023 / 0.031         0.023 / 0.031       ms
[2023-11-16T15:17:35.577+0800][gc,stats    ]       Phase: Pause Relocate Start                          0.000 / 0.000         0.000 / 0.000         0.009 / 0.009         0.009 / 0.009       ms
[2023-11-16T15:17:35.577+0800][gc,stats    ]    Subphase: Concurrent Classes Purge                      0.000 / 0.000         0.000 / 0.000         0.066 / 0.071         0.066 / 0.071       ms
[2023-11-16T15:17:35.577+0800][gc,stats    ]    Subphase: Concurrent Classes Unlink                     0.000 / 0.000         0.000 / 0.000         1.264 / 1.492         1.264 / 1.492       ms
[2023-11-16T15:17:35.577+0800][gc,stats    ]    Subphase: Concurrent Mark                               0.000 / 0.000         0.000 / 0.000        18.504 / 22.997       18.504 / 22.997      ms
[2023-11-16T15:17:35.577+0800][gc,stats    ]    Subphase: Concurrent Mark Try Flush                     0.000 / 0.000         0.000 / 0.000         0.201 / 0.455         0.201 / 0.455       ms
[2023-11-16T15:17:35.577+0800][gc,stats    ]    Subphase: Concurrent Mark Try Terminate                 0.000 / 0.000         0.000 / 0.000         4.353 / 12.985        4.353 / 12.985      ms
[2023-11-16T15:17:35.577+0800][gc,stats    ]    Subphase: Concurrent References Enqueue                 0.000 / 0.000         0.000 / 0.000         0.004 / 0.004         0.004 / 0.004       ms
[2023-11-16T15:17:35.577+0800][gc,stats    ]    Subphase: Concurrent References Process                 0.000 / 0.000         0.000 / 0.000         0.104 / 0.123         0.104 / 0.123       ms
[2023-11-16T15:17:35.577+0800][gc,stats    ]    Subphase: Concurrent Roots ClassLoaderDataGraph         0.000 / 0.000         0.000 / 0.000         0.107 / 0.428         0.107 / 0.428       ms
[2023-11-16T15:17:35.577+0800][gc,stats    ]    Subphase: Concurrent Roots CodeCache                    0.000 / 0.000         0.000 / 0.000         0.000 / 0.000         0.000 / 0.000       ms
[2023-11-16T15:17:35.578+0800][gc,stats    ]    Subphase: Concurrent Roots JavaThreads                  0.000 / 0.000         0.000 / 0.000         1.013 / 1.707         1.013 / 1.707       ms
[2023-11-16T15:17:35.578+0800][gc,stats    ]    Subphase: Concurrent Roots OopStorageSet                0.000 / 0.000         0.000 / 0.000         0.146 / 0.289         0.146 / 0.289       ms
[2023-11-16T15:17:35.578+0800][gc,stats    ]    Subphase: Concurrent Weak Roots OopStorageSet           0.000 / 0.000         0.000 / 0.000         0.440 / 0.670         0.440 / 0.670       ms
[2023-11-16T15:17:35.578+0800][gc,stats    ]    Subphase: Pause Mark Try Complete                       0.000 / 0.000         0.000 / 0.000         0.000 / 0.000         0.000 / 0.000       ms
[2023-11-16T15:17:35.578+0800][gc,stats    ]      System: Java Threads                                      0 / 0                 0 / 0                34 / 47               34 / 47          threads
[2023-11-16T15:17:35.578+0800][gc,stats    ] =========================================================================================================================================================
[2023-11-16T15:17:45.585+0800][gc,stats    ] === Garbage Collection Statistics =======================================================================================================================
[2023-11-16T15:17:45.585+0800][gc,stats    ]                                                              Last 10s              Last 10m              Last 10h                Total
[2023-11-16T15:17:45.585+0800][gc,stats    ]                                                              Avg / Max             Avg / Max             Avg / Max             Avg / Max
[2023-11-16T15:17:45.585+0800][gc,stats    ]   Collector: Garbage Collection Cycle                      0.000 / 0.000         0.000 / 0.000        32.129 / 37.536       32.129 / 37.536      ms
[2023-11-16T15:17:45.585+0800][gc,stats    ]  Contention: Mark Segment Reset Contention                     0 / 0                 0 / 0                 0 / 3                 0 / 3           ops/s
[2023-11-16T15:17:45.585+0800][gc,stats    ]  Contention: Mark SeqNum Reset Contention                      0 / 0                 0 / 0                 0 / 0                 0 / 0           ops/s
[2023-11-16T15:17:45.585+0800][gc,stats    ]    Critical: Allocation Stall                                  0 / 0                 0 / 0                 0 / 0                 0 / 0           ops/s
[2023-11-16T15:17:45.585+0800][gc,stats    ]    Critical: Allocation Stall                              0.000 / 0.000         0.000 / 0.000         0.000 / 0.000         0.000 / 0.000       ms
[2023-11-16T15:17:45.585+0800][gc,stats    ]    Critical: GC Locker Stall                                   0 / 0                 0 / 0                 0 / 0                 0 / 0           ops/s
[2023-11-16T15:17:45.585+0800][gc,stats    ]    Critical: GC Locker Stall                               0.000 / 0.000         0.000 / 0.000         0.000 / 0.000         0.000 / 0.000       ms
[2023-11-16T15:17:45.585+0800][gc,stats    ]    Critical: Relocation Stall                                  0 / 0                 0 / 0                 0 / 0                 0 / 0           ops/s
[2023-11-16T15:17:45.585+0800][gc,stats    ]    Critical: Relocation Stall                              0.000 / 0.000         0.000 / 0.000         0.000 / 0.000         0.000 / 0.000       ms
[2023-11-16T15:17:45.585+0800][gc,stats    ]      Memory: Allocation Rate                                   0 / 0                 0 / 8                 0 / 82                0 / 82          MB/s
[2023-11-16T15:17:45.585+0800][gc,stats    ]      Memory: Defragment                                        0 / 0                 0 / 0                 0 / 0                 0 / 0           ops/s
[2023-11-16T15:17:45.585+0800][gc,stats    ]      Memory: Out Of Memory                                     0 / 0                 0 / 0                 0 / 0                 0 / 0           ops/s
[2023-11-16T15:17:45.585+0800][gc,stats    ]      Memory: Page Cache Flush                                  0 / 0                 0 / 0                 0 / 0                 0 / 0           MB/s
[2023-11-16T15:17:45.585+0800][gc,stats    ]      Memory: Page Cache Hit L1                                 0 / 0                 0 / 4                 0 / 33                0 / 33          ops/s
[2023-11-16T15:17:45.585+0800][gc,stats    ]      Memory: Page Cache Hit L2                                 0 / 0                 0 / 0                 0 / 0                 0 / 0           ops/s
[2023-11-16T15:17:45.585+0800][gc,stats    ]      Memory: Page Cache Hit L3                                 0 / 0                 0 / 0                 0 / 41                0 / 41          ops/s
[2023-11-16T15:17:45.585+0800][gc,stats    ]      Memory: Page Cache Miss                                   0 / 0                 0 / 0                 0 / 1                 0 / 1           ops/s
[2023-11-16T15:17:45.585+0800][gc,stats    ]      Memory: Uncommit                                          0 / 0                 0 / 0                 0 / 0                 0 / 0           MB/s
[2023-11-16T15:17:45.585+0800][gc,stats    ]      Memory: Undo Object Allocation Failed                     0 / 0                 0 / 0                 0 / 0                 0 / 0           ops/s
[2023-11-16T15:17:45.585+0800][gc,stats    ]      Memory: Undo Object Allocation Succeeded                  0 / 0                 0 / 0                 0 / 3                 0 / 3           ops/s
[2023-11-16T15:17:45.585+0800][gc,stats    ]      Memory: Undo Page Allocation                              0 / 0                 0 / 0                 0 / 0                 0 / 0           ops/s
[2023-11-16T15:17:45.585+0800][gc,stats    ]       Phase: Concurrent Mark                               0.000 / 0.000         0.000 / 0.000        21.531 / 24.050       21.531 / 24.050      ms
[2023-11-16T15:17:45.585+0800][gc,stats    ]       Phase: Concurrent Mark Continue                      0.000 / 0.000         0.000 / 0.000         0.000 / 0.000         0.000 / 0.000       ms
[2023-11-16T15:17:45.585+0800][gc,stats    ]       Phase: Concurrent Mark Free                          0.000 / 0.000         0.000 / 0.000         0.001 / 0.001         0.001 / 0.001       ms
[2023-11-16T15:17:45.585+0800][gc,stats    ]       Phase: Concurrent Process Non-Strong References      0.000 / 0.000         0.000 / 0.000         1.995 / 2.420         1.995 / 2.420       ms
[2023-11-16T15:17:45.585+0800][gc,stats    ]       Phase: Concurrent Relocate                           0.000 / 0.000         0.000 / 0.000         2.883 / 2.961         2.883 / 2.961       ms
[2023-11-16T15:17:45.585+0800][gc,stats    ]       Phase: Concurrent Reset Relocation Set               0.000 / 0.000         0.000 / 0.000         0.002 / 0.004         0.002 / 0.004       ms
[2023-11-16T15:17:45.585+0800][gc,stats    ]       Phase: Concurrent Select Relocation Set              0.000 / 0.000         0.000 / 0.000         4.861 / 8.184         4.861 / 8.184       ms
[2023-11-16T15:17:45.585+0800][gc,stats    ]       Phase: Pause Mark End                                0.000 / 0.000         0.000 / 0.000         0.017 / 0.019         0.017 / 0.019       ms
[2023-11-16T15:17:45.585+0800][gc,stats    ]       Phase: Pause Mark Start                              0.000 / 0.000         0.000 / 0.000         0.023 / 0.031         0.023 / 0.031       ms
[2023-11-16T15:17:45.585+0800][gc,stats    ]       Phase: Pause Relocate Start                          0.000 / 0.000         0.000 / 0.000         0.009 / 0.009         0.009 / 0.009       ms
[2023-11-16T15:17:45.585+0800][gc,stats    ]    Subphase: Concurrent Classes Purge                      0.000 / 0.000         0.000 / 0.000         0.066 / 0.071         0.066 / 0.071       ms
[2023-11-16T15:17:45.585+0800][gc,stats    ]    Subphase: Concurrent Classes Unlink                     0.000 / 0.000         0.000 / 0.000         1.264 / 1.492         1.264 / 1.492       ms
[2023-11-16T15:17:45.585+0800][gc,stats    ]    Subphase: Concurrent Mark                               0.000 / 0.000         0.000 / 0.000        18.504 / 22.997       18.504 / 22.997      ms
[2023-11-16T15:17:45.585+0800][gc,stats    ]    Subphase: Concurrent Mark Try Flush                     0.000 / 0.000         0.000 / 0.000         0.201 / 0.455         0.201 / 0.455       ms
[2023-11-16T15:17:45.585+0800][gc,stats    ]    Subphase: Concurrent Mark Try Terminate                 0.000 / 0.000         0.000 / 0.000         4.353 / 12.985        4.353 / 12.985      ms
[2023-11-16T15:17:45.585+0800][gc,stats    ]    Subphase: Concurrent References Enqueue                 0.000 / 0.000         0.000 / 0.000         0.004 / 0.004         0.004 / 0.004       ms
[2023-11-16T15:17:45.585+0800][gc,stats    ]    Subphase: Concurrent References Process                 0.000 / 0.000         0.000 / 0.000         0.104 / 0.123         0.104 / 0.123       ms
[2023-11-16T15:17:45.585+0800][gc,stats    ]    Subphase: Concurrent Roots ClassLoaderDataGraph         0.000 / 0.000         0.000 / 0.000         0.107 / 0.428         0.107 / 0.428       ms
[2023-11-16T15:17:45.585+0800][gc,stats    ]    Subphase: Concurrent Roots CodeCache                    0.000 / 0.000         0.000 / 0.000         0.000 / 0.000         0.000 / 0.000       ms
[2023-11-16T15:17:45.585+0800][gc,stats    ]    Subphase: Concurrent Roots JavaThreads                  0.000 / 0.000         0.000 / 0.000         1.013 / 1.707         1.013 / 1.707       ms
[2023-11-16T15:17:45.585+0800][gc,stats    ]    Subphase: Concurrent Roots OopStorageSet                0.000 / 0.000         0.000 / 0.000         0.146 / 0.289         0.146 / 0.289       ms
[2023-11-16T15:17:45.585+0800][gc,stats    ]    Subphase: Concurrent Weak Roots OopStorageSet           0.000 / 0.000         0.000 / 0.000         0.440 / 0.670         0.440 / 0.670       ms
[2023-11-16T15:17:45.585+0800][gc,stats    ]    Subphase: Pause Mark Try Complete                       0.000 / 0.000         0.000 / 0.000         0.000 / 0.000         0.000 / 0.000       ms
[2023-11-16T15:17:45.586+0800][gc,stats    ]      System: Java Threads                                      0 / 0                 0 / 0                34 / 47               34 / 47          threads
[2023-11-16T15:17:45.586+0800][gc,stats    ] =========================================================================================================================================================
[2023-11-16T15:17:55.591+0800][gc,stats    ] === Garbage Collection Statistics =======================================================================================================================
[2023-11-16T15:17:55.591+0800][gc,stats    ]                                                              Last 10s              Last 10m              Last 10h                Total
[2023-11-16T15:17:55.591+0800][gc,stats    ]                                                              Avg / Max             Avg / Max             Avg / Max             Avg / Max
[2023-11-16T15:17:55.591+0800][gc,stats    ]   Collector: Garbage Collection Cycle                      0.000 / 0.000         0.000 / 0.000        32.129 / 37.536       32.129 / 37.536      ms
[2023-11-16T15:17:55.591+0800][gc,stats    ]  Contention: Mark Segment Reset Contention                     0 / 0                 0 / 0                 0 / 3                 0 / 3           ops/s
[2023-11-16T15:17:55.591+0800][gc,stats    ]  Contention: Mark SeqNum Reset Contention                      0 / 0                 0 / 0                 0 / 0                 0 / 0           ops/s
[2023-11-16T15:17:55.591+0800][gc,stats    ]    Critical: Allocation Stall                                  0 / 0                 0 / 0                 0 / 0                 0 / 0           ops/s
[2023-11-16T15:17:55.591+0800][gc,stats    ]    Critical: Allocation Stall                              0.000 / 0.000         0.000 / 0.000         0.000 / 0.000         0.000 / 0.000       ms
[2023-11-16T15:17:55.591+0800][gc,stats    ]    Critical: GC Locker Stall                                   0 / 0                 0 / 0                 0 / 0                 0 / 0           ops/s
[2023-11-16T15:17:55.591+0800][gc,stats    ]    Critical: GC Locker Stall                               0.000 / 0.000         0.000 / 0.000         0.000 / 0.000         0.000 / 0.000       ms
[2023-11-16T15:17:55.591+0800][gc,stats    ]    Critical: Relocation Stall                                  0 / 0                 0 / 0                 0 / 0                 0 / 0           ops/s
[2023-11-16T15:17:55.591+0800][gc,stats    ]    Critical: Relocation Stall                              0.000 / 0.000         0.000 / 0.000         0.000 / 0.000         0.000 / 0.000       ms
[2023-11-16T15:17:55.591+0800][gc,stats    ]      Memory: Allocation Rate                                   0 / 0                 0 / 8                 0 / 82                0 / 82          MB/s
[2023-11-16T15:17:55.591+0800][gc,stats    ]      Memory: Defragment                                        0 / 0                 0 / 0                 0 / 0                 0 / 0           ops/s
[2023-11-16T15:17:55.591+0800][gc,stats    ]      Memory: Out Of Memory                                     0 / 0                 0 / 0                 0 / 0                 0 / 0           ops/s
[2023-11-16T15:17:55.591+0800][gc,stats    ]      Memory: Page Cache Flush                                  0 / 0                 0 / 0                 0 / 0                 0 / 0           MB/s
[2023-11-16T15:17:55.591+0800][gc,stats    ]      Memory: Page Cache Hit L1                                 0 / 0                 0 / 4                 0 / 33                0 / 33          ops/s
[2023-11-16T15:17:55.591+0800][gc,stats    ]      Memory: Page Cache Hit L2                                 0 / 0                 0 / 0                 0 / 0                 0 / 0           ops/s
[2023-11-16T15:17:55.591+0800][gc,stats    ]      Memory: Page Cache Hit L3                                 0 / 0                 0 / 0                 0 / 41                0 / 41          ops/s
[2023-11-16T15:17:55.591+0800][gc,stats    ]      Memory: Page Cache Miss                                   0 / 0                 0 / 0                 0 / 1                 0 / 1           ops/s
[2023-11-16T15:17:55.591+0800][gc,stats    ]      Memory: Uncommit                                          0 / 0                 0 / 0                 0 / 0                 0 / 0           MB/s
[2023-11-16T15:17:55.591+0800][gc,stats    ]      Memory: Undo Object Allocation Failed                     0 / 0                 0 / 0                 0 / 0                 0 / 0           ops/s
[2023-11-16T15:17:55.591+0800][gc,stats    ]      Memory: Undo Object Allocation Succeeded                  0 / 0                 0 / 0                 0 / 3                 0 / 3           ops/s
[2023-11-16T15:17:55.591+0800][gc,stats    ]      Memory: Undo Page Allocation                              0 / 0                 0 / 0                 0 / 0                 0 / 0           ops/s
[2023-11-16T15:17:55.591+0800][gc,stats    ]       Phase: Concurrent Mark                               0.000 / 0.000         0.000 / 0.000        21.531 / 24.050       21.531 / 24.050      ms
[2023-11-16T15:17:55.591+0800][gc,stats    ]       Phase: Concurrent Mark Continue                      0.000 / 0.000         0.000 / 0.000         0.000 / 0.000         0.000 / 0.000       ms
[2023-11-16T15:17:55.591+0800][gc,stats    ]       Phase: Concurrent Mark Free                          0.000 / 0.000         0.000 / 0.000         0.001 / 0.001         0.001 / 0.001       ms
[2023-11-16T15:17:55.591+0800][gc,stats    ]       Phase: Concurrent Process Non-Strong References      0.000 / 0.000         0.000 / 0.000         1.995 / 2.420         1.995 / 2.420       ms
[2023-11-16T15:17:55.591+0800][gc,stats    ]       Phase: Concurrent Relocate                           0.000 / 0.000         0.000 / 0.000         2.883 / 2.961         2.883 / 2.961       ms
[2023-11-16T15:17:55.591+0800][gc,stats    ]       Phase: Concurrent Reset Relocation Set               0.000 / 0.000         0.000 / 0.000         0.002 / 0.004         0.002 / 0.004       ms
[2023-11-16T15:17:55.591+0800][gc,stats    ]       Phase: Concurrent Select Relocation Set              0.000 / 0.000         0.000 / 0.000         4.861 / 8.184         4.861 / 8.184       ms
[2023-11-16T15:17:55.591+0800][gc,stats    ]       Phase: Pause Mark End                                0.000 / 0.000         0.000 / 0.000         0.017 / 0.019         0.017 / 0.019       ms
[2023-11-16T15:17:55.591+0800][gc,stats    ]       Phase: Pause Mark Start                              0.000 / 0.000         0.000 / 0.000         0.023 / 0.031         0.023 / 0.031       ms
[2023-11-16T15:17:55.591+0800][gc,stats    ]       Phase: Pause Relocate Start                          0.000 / 0.000         0.000 / 0.000         0.009 / 0.009         0.009 / 0.009       ms
[2023-11-16T15:17:55.591+0800][gc,stats    ]    Subphase: Concurrent Classes Purge                      0.000 / 0.000         0.000 / 0.000         0.066 / 0.071         0.066 / 0.071       ms
[2023-11-16T15:17:55.591+0800][gc,stats    ]    Subphase: Concurrent Classes Unlink                     0.000 / 0.000         0.000 / 0.000         1.264 / 1.492         1.264 / 1.492       ms
[2023-11-16T15:17:55.591+0800][gc,stats    ]    Subphase: Concurrent Mark                               0.000 / 0.000         0.000 / 0.000        18.504 / 22.997       18.504 / 22.997      ms
[2023-11-16T15:17:55.591+0800][gc,stats    ]    Subphase: Concurrent Mark Try Flush                     0.000 / 0.000         0.000 / 0.000         0.201 / 0.455         0.201 / 0.455       ms
[2023-11-16T15:17:55.591+0800][gc,stats    ]    Subphase: Concurrent Mark Try Terminate                 0.000 / 0.000         0.000 / 0.000         4.353 / 12.985        4.353 / 12.985      ms
[2023-11-16T15:17:55.591+0800][gc,stats    ]    Subphase: Concurrent References Enqueue                 0.000 / 0.000         0.000 / 0.000         0.004 / 0.004         0.004 / 0.004       ms
[2023-11-16T15:17:55.591+0800][gc,stats    ]    Subphase: Concurrent References Process                 0.000 / 0.000         0.000 / 0.000         0.104 / 0.123         0.104 / 0.123       ms
[2023-11-16T15:17:55.591+0800][gc,stats    ]    Subphase: Concurrent Roots ClassLoaderDataGraph         0.000 / 0.000         0.000 / 0.000         0.107 / 0.428         0.107 / 0.428       ms
[2023-11-16T15:17:55.591+0800][gc,stats    ]    Subphase: Concurrent Roots CodeCache                    0.000 / 0.000         0.000 / 0.000         0.000 / 0.000         0.000 / 0.000       ms
[2023-11-16T15:17:55.591+0800][gc,stats    ]    Subphase: Concurrent Roots JavaThreads                  0.000 / 0.000         0.000 / 0.000         1.013 / 1.707         1.013 / 1.707       ms
[2023-11-16T15:17:55.591+0800][gc,stats    ]    Subphase: Concurrent Roots OopStorageSet                0.000 / 0.000         0.000 / 0.000         0.146 / 0.289         0.146 / 0.289       ms
[2023-11-16T15:17:55.591+0800][gc,stats    ]    Subphase: Concurrent Weak Roots OopStorageSet           0.000 / 0.000         0.000 / 0.000         0.440 / 0.670         0.440 / 0.670       ms
[2023-11-16T15:17:55.591+0800][gc,stats    ]    Subphase: Pause Mark Try Complete                       0.000 / 0.000         0.000 / 0.000         0.000 / 0.000         0.000 / 0.000       ms
[2023-11-16T15:17:55.592+0800][gc,stats    ]      System: Java Threads                                      0 / 0                 0 / 0                34 / 47               34 / 47          threads
[2023-11-16T15:17:55.592+0800][gc,stats    ] =========================================================================================================================================================
[2023-11-16T15:18:05.583+0800][gc,stats    ] === Garbage Collection Statistics =======================================================================================================================
[2023-11-16T15:18:05.583+0800][gc,stats    ]                                                              Last 10s              Last 10m              Last 10h                Total
[2023-11-16T15:18:05.583+0800][gc,stats    ]                                                              Avg / Max             Avg / Max             Avg / Max             Avg / Max
[2023-11-16T15:18:05.583+0800][gc,stats    ]   Collector: Garbage Collection Cycle                      0.000 / 0.000         0.000 / 0.000        32.129 / 37.536       32.129 / 37.536      ms
[2023-11-16T15:18:05.583+0800][gc,stats    ]  Contention: Mark Segment Reset Contention                     0 / 0                 0 / 0                 0 / 3                 0 / 3           ops/s
[2023-11-16T15:18:05.583+0800][gc,stats    ]  Contention: Mark SeqNum Reset Contention                      0 / 0                 0 / 0                 0 / 0                 0 / 0           ops/s
[2023-11-16T15:18:05.583+0800][gc,stats    ]    Critical: Allocation Stall                                  0 / 0                 0 / 0                 0 / 0                 0 / 0           ops/s
[2023-11-16T15:18:05.583+0800][gc,stats    ]    Critical: Allocation Stall                              0.000 / 0.000         0.000 / 0.000         0.000 / 0.000         0.000 / 0.000       ms
[2023-11-16T15:18:05.583+0800][gc,stats    ]    Critical: GC Locker Stall                                   0 / 0                 0 / 0                 0 / 0                 0 / 0           ops/s
[2023-11-16T15:18:05.583+0800][gc,stats    ]    Critical: GC Locker Stall                               0.000 / 0.000         0.000 / 0.000         0.000 / 0.000         0.000 / 0.000       ms
[2023-11-16T15:18:05.583+0800][gc,stats    ]    Critical: Relocation Stall                                  0 / 0                 0 / 0                 0 / 0                 0 / 0           ops/s
[2023-11-16T15:18:05.583+0800][gc,stats    ]    Critical: Relocation Stall                              0.000 / 0.000         0.000 / 0.000         0.000 / 0.000         0.000 / 0.000       ms
[2023-11-16T15:18:05.583+0800][gc,stats    ]      Memory: Allocation Rate                                   0 / 0                 0 / 8                 0 / 82                0 / 82          MB/s
[2023-11-16T15:18:05.583+0800][gc,stats    ]      Memory: Defragment                                        0 / 0                 0 / 0                 0 / 0                 0 / 0           ops/s
[2023-11-16T15:18:05.583+0800][gc,stats    ]      Memory: Out Of Memory                                     0 / 0                 0 / 0                 0 / 0                 0 / 0           ops/s
[2023-11-16T15:18:05.583+0800][gc,stats    ]      Memory: Page Cache Flush                                  0 / 0                 0 / 0                 0 / 0                 0 / 0           MB/s
[2023-11-16T15:18:05.583+0800][gc,stats    ]      Memory: Page Cache Hit L1                                 0 / 0                 0 / 4                 0 / 33                0 / 33          ops/s
[2023-11-16T15:18:05.583+0800][gc,stats    ]      Memory: Page Cache Hit L2                                 0 / 0                 0 / 0                 0 / 0                 0 / 0           ops/s
[2023-11-16T15:18:05.583+0800][gc,stats    ]      Memory: Page Cache Hit L3                                 0 / 0                 0 / 0                 0 / 41                0 / 41          ops/s
[2023-11-16T15:18:05.583+0800][gc,stats    ]      Memory: Page Cache Miss                                   0 / 0                 0 / 0                 0 / 1                 0 / 1           ops/s
[2023-11-16T15:18:05.583+0800][gc,stats    ]      Memory: Uncommit                                          0 / 0                 0 / 0                 0 / 0                 0 / 0           MB/s
[2023-11-16T15:18:05.583+0800][gc,stats    ]      Memory: Undo Object Allocation Failed                     0 / 0                 0 / 0                 0 / 0                 0 / 0           ops/s
[2023-11-16T15:18:05.583+0800][gc,stats    ]      Memory: Undo Object Allocation Succeeded                  0 / 0                 0 / 0                 0 / 3                 0 / 3           ops/s
[2023-11-16T15:18:05.583+0800][gc,stats    ]      Memory: Undo Page Allocation                              0 / 0                 0 / 0                 0 / 0                 0 / 0           ops/s
[2023-11-16T15:18:05.583+0800][gc,stats    ]       Phase: Concurrent Mark                               0.000 / 0.000         0.000 / 0.000        21.531 / 24.050       21.531 / 24.050      ms
[2023-11-16T15:18:05.583+0800][gc,stats    ]       Phase: Concurrent Mark Continue                      0.000 / 0.000         0.000 / 0.000         0.000 / 0.000         0.000 / 0.000       ms
[2023-11-16T15:18:05.583+0800][gc,stats    ]       Phase: Concurrent Mark Free                          0.000 / 0.000         0.000 / 0.000         0.001 / 0.001         0.001 / 0.001       ms
[2023-11-16T15:18:05.583+0800][gc,stats    ]       Phase: Concurrent Process Non-Strong References      0.000 / 0.000         0.000 / 0.000         1.995 / 2.420         1.995 / 2.420       ms
[2023-11-16T15:18:05.583+0800][gc,stats    ]       Phase: Concurrent Relocate                           0.000 / 0.000         0.000 / 0.000         2.883 / 2.961         2.883 / 2.961       ms
[2023-11-16T15:18:05.583+0800][gc,stats    ]       Phase: Concurrent Reset Relocation Set               0.000 / 0.000         0.000 / 0.000         0.002 / 0.004         0.002 / 0.004       ms
[2023-11-16T15:18:05.583+0800][gc,stats    ]       Phase: Concurrent Select Relocation Set              0.000 / 0.000         0.000 / 0.000         4.861 / 8.184         4.861 / 8.184       ms
[2023-11-16T15:18:05.583+0800][gc,stats    ]       Phase: Pause Mark End                                0.000 / 0.000         0.000 / 0.000         0.017 / 0.019         0.017 / 0.019       ms
[2023-11-16T15:18:05.583+0800][gc,stats    ]       Phase: Pause Mark Start                              0.000 / 0.000         0.000 / 0.000         0.023 / 0.031         0.023 / 0.031       ms
[2023-11-16T15:18:05.583+0800][gc,stats    ]       Phase: Pause Relocate Start                          0.000 / 0.000         0.000 / 0.000         0.009 / 0.009         0.009 / 0.009       ms
[2023-11-16T15:18:05.583+0800][gc,stats    ]    Subphase: Concurrent Classes Purge                      0.000 / 0.000         0.000 / 0.000         0.066 / 0.071         0.066 / 0.071       ms
[2023-11-16T15:18:05.583+0800][gc,stats    ]    Subphase: Concurrent Classes Unlink                     0.000 / 0.000         0.000 / 0.000         1.264 / 1.492         1.264 / 1.492       ms
[2023-11-16T15:18:05.583+0800][gc,stats    ]    Subphase: Concurrent Mark                               0.000 / 0.000         0.000 / 0.000        18.504 / 22.997       18.504 / 22.997      ms
[2023-11-16T15:18:05.583+0800][gc,stats    ]    Subphase: Concurrent Mark Try Flush                     0.000 / 0.000         0.000 / 0.000         0.201 / 0.455         0.201 / 0.455       ms
[2023-11-16T15:18:05.583+0800][gc,stats    ]    Subphase: Concurrent Mark Try Terminate                 0.000 / 0.000         0.000 / 0.000         4.353 / 12.985        4.353 / 12.985      ms
[2023-11-16T15:18:05.583+0800][gc,stats    ]    Subphase: Concurrent References Enqueue                 0.000 / 0.000         0.000 / 0.000         0.004 / 0.004         0.004 / 0.004       ms
[2023-11-16T15:18:05.583+0800][gc,stats    ]    Subphase: Concurrent References Process                 0.000 / 0.000         0.000 / 0.000         0.104 / 0.123         0.104 / 0.123       ms
[2023-11-16T15:18:05.583+0800][gc,stats    ]    Subphase: Concurrent Roots ClassLoaderDataGraph         0.000 / 0.000         0.000 / 0.000         0.107 / 0.428         0.107 / 0.428       ms
[2023-11-16T15:18:05.583+0800][gc,stats    ]    Subphase: Concurrent Roots CodeCache                    0.000 / 0.000         0.000 / 0.000         0.000 / 0.000         0.000 / 0.000       ms
[2023-11-16T15:18:05.583+0800][gc,stats    ]    Subphase: Concurrent Roots JavaThreads                  0.000 / 0.000         0.000 / 0.000         1.013 / 1.707         1.013 / 1.707       ms
[2023-11-16T15:18:05.583+0800][gc,stats    ]    Subphase: Concurrent Roots OopStorageSet                0.000 / 0.000         0.000 / 0.000         0.146 / 0.289         0.146 / 0.289       ms
[2023-11-16T15:18:05.583+0800][gc,stats    ]    Subphase: Concurrent Weak Roots OopStorageSet           0.000 / 0.000         0.000 / 0.000         0.440 / 0.670         0.440 / 0.670       ms
[2023-11-16T15:18:05.583+0800][gc,stats    ]    Subphase: Pause Mark Try Complete                       0.000 / 0.000         0.000 / 0.000         0.000 / 0.000         0.000 / 0.000       ms
[2023-11-16T15:18:05.583+0800][gc,stats    ]      System: Java Threads                                      0 / 0                 0 / 0                34 / 47               34 / 47          threads
[2023-11-16T15:18:05.583+0800][gc,stats    ] =========================================================================================================================================================
[2023-11-16T15:18:15.582+0800][gc,stats    ] === Garbage Collection Statistics =======================================================================================================================
[2023-11-16T15:18:15.582+0800][gc,stats    ]                                                              Last 10s              Last 10m              Last 10h                Total
[2023-11-16T15:18:15.582+0800][gc,stats    ]                                                              Avg / Max             Avg / Max             Avg / Max             Avg / Max
[2023-11-16T15:18:15.582+0800][gc,stats    ]   Collector: Garbage Collection Cycle                      0.000 / 0.000         0.000 / 0.000        32.129 / 37.536       32.129 / 37.536      ms
[2023-11-16T15:18:15.582+0800][gc,stats    ]  Contention: Mark Segment Reset Contention                     0 / 0                 0 / 0                 0 / 3                 0 / 3           ops/s
[2023-11-16T15:18:15.582+0800][gc,stats    ]  Contention: Mark SeqNum Reset Contention                      0 / 0                 0 / 0                 0 / 0                 0 / 0           ops/s
[2023-11-16T15:18:15.582+0800][gc,stats    ]    Critical: Allocation Stall                                  0 / 0                 0 / 0                 0 / 0                 0 / 0           ops/s
[2023-11-16T15:18:15.582+0800][gc,stats    ]    Critical: Allocation Stall                              0.000 / 0.000         0.000 / 0.000         0.000 / 0.000         0.000 / 0.000       ms
[2023-11-16T15:18:15.582+0800][gc,stats    ]    Critical: GC Locker Stall                                   0 / 0                 0 / 0                 0 / 0                 0 / 0           ops/s
[2023-11-16T15:18:15.582+0800][gc,stats    ]    Critical: GC Locker Stall                               0.000 / 0.000         0.000 / 0.000         0.000 / 0.000         0.000 / 0.000       ms
[2023-11-16T15:18:15.582+0800][gc,stats    ]    Critical: Relocation Stall                                  0 / 0                 0 / 0                 0 / 0                 0 / 0           ops/s
[2023-11-16T15:18:15.582+0800][gc,stats    ]    Critical: Relocation Stall                              0.000 / 0.000         0.000 / 0.000         0.000 / 0.000         0.000 / 0.000       ms
[2023-11-16T15:18:15.582+0800][gc,stats    ]      Memory: Allocation Rate                                   0 / 0                 0 / 8                 0 / 82                0 / 82          MB/s
[2023-11-16T15:18:15.582+0800][gc,stats    ]      Memory: Defragment                                        0 / 0                 0 / 0                 0 / 0                 0 / 0           ops/s
[2023-11-16T15:18:15.582+0800][gc,stats    ]      Memory: Out Of Memory                                     0 / 0                 0 / 0                 0 / 0                 0 / 0           ops/s
[2023-11-16T15:18:15.582+0800][gc,stats    ]      Memory: Page Cache Flush                                  0 / 0                 0 / 0                 0 / 0                 0 / 0           MB/s
[2023-11-16T15:18:15.582+0800][gc,stats    ]      Memory: Page Cache Hit L1                                 0 / 0                 0 / 4                 0 / 33                0 / 33          ops/s
[2023-11-16T15:18:15.582+0800][gc,stats    ]      Memory: Page Cache Hit L2                                 0 / 0                 0 / 0                 0 / 0                 0 / 0           ops/s
[2023-11-16T15:18:15.582+0800][gc,stats    ]      Memory: Page Cache Hit L3                                 0 / 0                 0 / 0                 0 / 41                0 / 41          ops/s
[2023-11-16T15:18:15.582+0800][gc,stats    ]      Memory: Page Cache Miss                                   0 / 0                 0 / 0                 0 / 1                 0 / 1           ops/s
[2023-11-16T15:18:15.582+0800][gc,stats    ]      Memory: Uncommit                                          0 / 0                 0 / 0                 0 / 0                 0 / 0           MB/s
[2023-11-16T15:18:15.582+0800][gc,stats    ]      Memory: Undo Object Allocation Failed                     0 / 0                 0 / 0                 0 / 0                 0 / 0           ops/s
[2023-11-16T15:18:15.582+0800][gc,stats    ]      Memory: Undo Object Allocation Succeeded                  0 / 0                 0 / 0                 0 / 3                 0 / 3           ops/s
[2023-11-16T15:18:15.582+0800][gc,stats    ]      Memory: Undo Page Allocation                              0 / 0                 0 / 0                 0 / 0                 0 / 0           ops/s
[2023-11-16T15:18:15.582+0800][gc,stats    ]       Phase: Concurrent Mark                               0.000 / 0.000         0.000 / 0.000        21.531 / 24.050       21.531 / 24.050      ms
[2023-11-16T15:18:15.582+0800][gc,stats    ]       Phase: Concurrent Mark Continue                      0.000 / 0.000         0.000 / 0.000         0.000 / 0.000         0.000 / 0.000       ms
[2023-11-16T15:18:15.582+0800][gc,stats    ]       Phase: Concurrent Mark Free                          0.000 / 0.000         0.000 / 0.000         0.001 / 0.001         0.001 / 0.001       ms
[2023-11-16T15:18:15.582+0800][gc,stats    ]       Phase: Concurrent Process Non-Strong References      0.000 / 0.000         0.000 / 0.000         1.995 / 2.420         1.995 / 2.420       ms
[2023-11-16T15:18:15.582+0800][gc,stats    ]       Phase: Concurrent Relocate                           0.000 / 0.000         0.000 / 0.000         2.883 / 2.961         2.883 / 2.961       ms
[2023-11-16T15:18:15.582+0800][gc,stats    ]       Phase: Concurrent Reset Relocation Set               0.000 / 0.000         0.000 / 0.000         0.002 / 0.004         0.002 / 0.004       ms
[2023-11-16T15:18:15.582+0800][gc,stats    ]       Phase: Concurrent Select Relocation Set              0.000 / 0.000         0.000 / 0.000         4.861 / 8.184         4.861 / 8.184       ms
[2023-11-16T15:18:15.582+0800][gc,stats    ]       Phase: Pause Mark End                                0.000 / 0.000         0.000 / 0.000         0.017 / 0.019         0.017 / 0.019       ms
[2023-11-16T15:18:15.582+0800][gc,stats    ]       Phase: Pause Mark Start                              0.000 / 0.000         0.000 / 0.000         0.023 / 0.031         0.023 / 0.031       ms
[2023-11-16T15:18:15.582+0800][gc,stats    ]       Phase: Pause Relocate Start                          0.000 / 0.000         0.000 / 0.000         0.009 / 0.009         0.009 / 0.009       ms
[2023-11-16T15:18:15.582+0800][gc,stats    ]    Subphase: Concurrent Classes Purge                      0.000 / 0.000         0.000 / 0.000         0.066 / 0.071         0.066 / 0.071       ms
[2023-11-16T15:18:15.582+0800][gc,stats    ]    Subphase: Concurrent Classes Unlink                     0.000 / 0.000         0.000 / 0.000         1.264 / 1.492         1.264 / 1.492       ms
[2023-11-16T15:18:15.582+0800][gc,stats    ]    Subphase: Concurrent Mark                               0.000 / 0.000         0.000 / 0.000        18.504 / 22.997       18.504 / 22.997      ms
[2023-11-16T15:18:15.582+0800][gc,stats    ]    Subphase: Concurrent Mark Try Flush                     0.000 / 0.000         0.000 / 0.000         0.201 / 0.455         0.201 / 0.455       ms
[2023-11-16T15:18:15.582+0800][gc,stats    ]    Subphase: Concurrent Mark Try Terminate                 0.000 / 0.000         0.000 / 0.000         4.353 / 12.985        4.353 / 12.985      ms
[2023-11-16T15:18:15.582+0800][gc,stats    ]    Subphase: Concurrent References Enqueue                 0.000 / 0.000         0.000 / 0.000         0.004 / 0.004         0.004 / 0.004       ms
[2023-11-16T15:18:15.582+0800][gc,stats    ]    Subphase: Concurrent References Process                 0.000 / 0.000         0.000 / 0.000         0.104 / 0.123         0.104 / 0.123       ms
[2023-11-16T15:18:15.582+0800][gc,stats    ]    Subphase: Concurrent Roots ClassLoaderDataGraph         0.000 / 0.000         0.000 / 0.000         0.107 / 0.428         0.107 / 0.428       ms
[2023-11-16T15:18:15.582+0800][gc,stats    ]    Subphase: Concurrent Roots CodeCache                    0.000 / 0.000         0.000 / 0.000         0.000 / 0.000         0.000 / 0.000       ms
[2023-11-16T15:18:15.582+0800][gc,stats    ]    Subphase: Concurrent Roots JavaThreads                  0.000 / 0.000         0.000 / 0.000         1.013 / 1.707         1.013 / 1.707       ms
[2023-11-16T15:18:15.582+0800][gc,stats    ]    Subphase: Concurrent Roots OopStorageSet                0.000 / 0.000         0.000 / 0.000         0.146 / 0.289         0.146 / 0.289       ms
[2023-11-16T15:18:15.582+0800][gc,stats    ]    Subphase: Concurrent Weak Roots OopStorageSet           0.000 / 0.000         0.000 / 0.000         0.440 / 0.670         0.440 / 0.670       ms
[2023-11-16T15:18:15.582+0800][gc,stats    ]    Subphase: Pause Mark Try Complete                       0.000 / 0.000         0.000 / 0.000         0.000 / 0.000         0.000 / 0.000       ms
[2023-11-16T15:18:15.582+0800][gc,stats    ]      System: Java Threads                                      0 / 0                 0 / 0                34 / 47               34 / 47          threads
[2023-11-16T15:18:15.582+0800][gc,stats    ] =========================================================================================================================================================
[2023-11-16T15:18:25.587+0800][gc,stats    ] === Garbage Collection Statistics =======================================================================================================================
[2023-11-16T15:18:25.587+0800][gc,stats    ]                                                              Last 10s              Last 10m              Last 10h                Total
[2023-11-16T15:18:25.587+0800][gc,stats    ]                                                              Avg / Max             Avg / Max             Avg / Max             Avg / Max
[2023-11-16T15:18:25.587+0800][gc,stats    ]   Collector: Garbage Collection Cycle                      0.000 / 0.000         0.000 / 0.000        32.129 / 37.536       32.129 / 37.536      ms
[2023-11-16T15:18:25.587+0800][gc,stats    ]  Contention: Mark Segment Reset Contention                     0 / 0                 0 / 0                 0 / 3                 0 / 3           ops/s
[2023-11-16T15:18:25.587+0800][gc,stats    ]  Contention: Mark SeqNum Reset Contention                      0 / 0                 0 / 0                 0 / 0                 0 / 0           ops/s
[2023-11-16T15:18:25.587+0800][gc,stats    ]    Critical: Allocation Stall                                  0 / 0                 0 / 0                 0 / 0                 0 / 0           ops/s
[2023-11-16T15:18:25.587+0800][gc,stats    ]    Critical: Allocation Stall                              0.000 / 0.000         0.000 / 0.000         0.000 / 0.000         0.000 / 0.000       ms
[2023-11-16T15:18:25.587+0800][gc,stats    ]    Critical: GC Locker Stall                                   0 / 0                 0 / 0                 0 / 0                 0 / 0           ops/s
[2023-11-16T15:18:25.587+0800][gc,stats    ]    Critical: GC Locker Stall                               0.000 / 0.000         0.000 / 0.000         0.000 / 0.000         0.000 / 0.000       ms
[2023-11-16T15:18:25.587+0800][gc,stats    ]    Critical: Relocation Stall                                  0 / 0                 0 / 0                 0 / 0                 0 / 0           ops/s
[2023-11-16T15:18:25.587+0800][gc,stats    ]    Critical: Relocation Stall                              0.000 / 0.000         0.000 / 0.000         0.000 / 0.000         0.000 / 0.000       ms
[2023-11-16T15:18:25.587+0800][gc,stats    ]      Memory: Allocation Rate                                   0 / 0                 0 / 8                 0 / 82                0 / 82          MB/s
[2023-11-16T15:18:25.587+0800][gc,stats    ]      Memory: Defragment                                        0 / 0                 0 / 0                 0 / 0                 0 / 0           ops/s
[2023-11-16T15:18:25.587+0800][gc,stats    ]      Memory: Out Of Memory                                     0 / 0                 0 / 0                 0 / 0                 0 / 0           ops/s
[2023-11-16T15:18:25.587+0800][gc,stats    ]      Memory: Page Cache Flush                                  0 / 0                 0 / 0                 0 / 0                 0 / 0           MB/s
[2023-11-16T15:18:25.587+0800][gc,stats    ]      Memory: Page Cache Hit L1                                 0 / 0                 0 / 4                 0 / 33                0 / 33          ops/s
[2023-11-16T15:18:25.587+0800][gc,stats    ]      Memory: Page Cache Hit L2                                 0 / 0                 0 / 0                 0 / 0                 0 / 0           ops/s
[2023-11-16T15:18:25.587+0800][gc,stats    ]      Memory: Page Cache Hit L3                                 0 / 0                 0 / 0                 0 / 41                0 / 41          ops/s
[2023-11-16T15:18:25.587+0800][gc,stats    ]      Memory: Page Cache Miss                                   0 / 0                 0 / 0                 0 / 1                 0 / 1           ops/s
[2023-11-16T15:18:25.587+0800][gc,stats    ]      Memory: Uncommit                                          0 / 0                 0 / 0                 0 / 0                 0 / 0           MB/s
[2023-11-16T15:18:25.587+0800][gc,stats    ]      Memory: Undo Object Allocation Failed                     0 / 0                 0 / 0                 0 / 0                 0 / 0           ops/s
[2023-11-16T15:18:25.587+0800][gc,stats    ]      Memory: Undo Object Allocation Succeeded                  0 / 0                 0 / 0                 0 / 3                 0 / 3           ops/s
[2023-11-16T15:18:25.587+0800][gc,stats    ]      Memory: Undo Page Allocation                              0 / 0                 0 / 0                 0 / 0                 0 / 0           ops/s
[2023-11-16T15:18:25.587+0800][gc,stats    ]       Phase: Concurrent Mark                               0.000 / 0.000         0.000 / 0.000        21.531 / 24.050       21.531 / 24.050      ms
[2023-11-16T15:18:25.587+0800][gc,stats    ]       Phase: Concurrent Mark Continue                      0.000 / 0.000         0.000 / 0.000         0.000 / 0.000         0.000 / 0.000       ms
[2023-11-16T15:18:25.587+0800][gc,stats    ]       Phase: Concurrent Mark Free                          0.000 / 0.000         0.000 / 0.000         0.001 / 0.001         0.001 / 0.001       ms
[2023-11-16T15:18:25.587+0800][gc,stats    ]       Phase: Concurrent Process Non-Strong References      0.000 / 0.000         0.000 / 0.000         1.995 / 2.420         1.995 / 2.420       ms
[2023-11-16T15:18:25.587+0800][gc,stats    ]       Phase: Concurrent Relocate                           0.000 / 0.000         0.000 / 0.000         2.883 / 2.961         2.883 / 2.961       ms
[2023-11-16T15:18:25.587+0800][gc,stats    ]       Phase: Concurrent Reset Relocation Set               0.000 / 0.000         0.000 / 0.000         0.002 / 0.004         0.002 / 0.004       ms
[2023-11-16T15:18:25.587+0800][gc,stats    ]       Phase: Concurrent Select Relocation Set              0.000 / 0.000         0.000 / 0.000         4.861 / 8.184         4.861 / 8.184       ms
[2023-11-16T15:18:25.587+0800][gc,stats    ]       Phase: Pause Mark End                                0.000 / 0.000         0.000 / 0.000         0.017 / 0.019         0.017 / 0.019       ms
[2023-11-16T15:18:25.587+0800][gc,stats    ]       Phase: Pause Mark Start                              0.000 / 0.000         0.000 / 0.000         0.023 / 0.031         0.023 / 0.031       ms
[2023-11-16T15:18:25.587+0800][gc,stats    ]       Phase: Pause Relocate Start                          0.000 / 0.000         0.000 / 0.000         0.009 / 0.009         0.009 / 0.009       ms
[2023-11-16T15:18:25.587+0800][gc,stats    ]    Subphase: Concurrent Classes Purge                      0.000 / 0.000         0.000 / 0.000         0.066 / 0.071         0.066 / 0.071       ms
[2023-11-16T15:18:25.587+0800][gc,stats    ]    Subphase: Concurrent Classes Unlink                     0.000 / 0.000         0.000 / 0.000         1.264 / 1.492         1.264 / 1.492       ms
[2023-11-16T15:18:25.587+0800][gc,stats    ]    Subphase: Concurrent Mark                               0.000 / 0.000         0.000 / 0.000        18.504 / 22.997       18.504 / 22.997      ms
[2023-11-16T15:18:25.587+0800][gc,stats    ]    Subphase: Concurrent Mark Try Flush                     0.000 / 0.000         0.000 / 0.000         0.201 / 0.455         0.201 / 0.455       ms
[2023-11-16T15:18:25.587+0800][gc,stats    ]    Subphase: Concurrent Mark Try Terminate                 0.000 / 0.000         0.000 / 0.000         4.353 / 12.985        4.353 / 12.985      ms
[2023-11-16T15:18:25.587+0800][gc,stats    ]    Subphase: Concurrent References Enqueue                 0.000 / 0.000         0.000 / 0.000         0.004 / 0.004         0.004 / 0.004       ms
[2023-11-16T15:18:25.587+0800][gc,stats    ]    Subphase: Concurrent References Process                 0.000 / 0.000         0.000 / 0.000         0.104 / 0.123         0.104 / 0.123       ms
[2023-11-16T15:18:25.587+0800][gc,stats    ]    Subphase: Concurrent Roots ClassLoaderDataGraph         0.000 / 0.000         0.000 / 0.000         0.107 / 0.428         0.107 / 0.428       ms
[2023-11-16T15:18:25.587+0800][gc,stats    ]    Subphase: Concurrent Roots CodeCache                    0.000 / 0.000         0.000 / 0.000         0.000 / 0.000         0.000 / 0.000       ms
[2023-11-16T15:18:25.587+0800][gc,stats    ]    Subphase: Concurrent Roots JavaThreads                  0.000 / 0.000         0.000 / 0.000         1.013 / 1.707         1.013 / 1.707       ms
[2023-11-16T15:18:25.587+0800][gc,stats    ]    Subphase: Concurrent Roots OopStorageSet                0.000 / 0.000         0.000 / 0.000         0.146 / 0.289         0.146 / 0.289       ms
[2023-11-16T15:18:25.587+0800][gc,stats    ]    Subphase: Concurrent Weak Roots OopStorageSet           0.000 / 0.000         0.000 / 0.000         0.440 / 0.670         0.440 / 0.670       ms
[2023-11-16T15:18:25.587+0800][gc,stats    ]    Subphase: Pause Mark Try Complete                       0.000 / 0.000         0.000 / 0.000         0.000 / 0.000         0.000 / 0.000       ms
[2023-11-16T15:18:25.587+0800][gc,stats    ]      System: Java Threads                                      0 / 0                 0 / 0                34 / 47               34 / 47          threads
[2023-11-16T15:18:25.587+0800][gc,stats    ] =========================================================================================================================================================
[2023-11-16T15:18:35.589+0800][gc,stats    ] === Garbage Collection Statistics =======================================================================================================================
[2023-11-16T15:18:35.589+0800][gc,stats    ]                                                              Last 10s              Last 10m              Last 10h                Total
[2023-11-16T15:18:35.589+0800][gc,stats    ]                                                              Avg / Max             Avg / Max             Avg / Max             Avg / Max
[2023-11-16T15:18:35.589+0800][gc,stats    ]   Collector: Garbage Collection Cycle                      0.000 / 0.000         0.000 / 0.000        32.129 / 37.536       32.129 / 37.536      ms
[2023-11-16T15:18:35.589+0800][gc,stats    ]  Contention: Mark Segment Reset Contention                     0 / 0                 0 / 0                 0 / 3                 0 / 3           ops/s
[2023-11-16T15:18:35.589+0800][gc,stats    ]  Contention: Mark SeqNum Reset Contention                      0 / 0                 0 / 0                 0 / 0                 0 / 0           ops/s
[2023-11-16T15:18:35.589+0800][gc,stats    ]    Critical: Allocation Stall                                  0 / 0                 0 / 0                 0 / 0                 0 / 0           ops/s
[2023-11-16T15:18:35.589+0800][gc,stats    ]    Critical: Allocation Stall                              0.000 / 0.000         0.000 / 0.000         0.000 / 0.000         0.000 / 0.000       ms
[2023-11-16T15:18:35.589+0800][gc,stats    ]    Critical: GC Locker Stall                                   0 / 0                 0 / 0                 0 / 0                 0 / 0           ops/s
[2023-11-16T15:18:35.589+0800][gc,stats    ]    Critical: GC Locker Stall                               0.000 / 0.000         0.000 / 0.000         0.000 / 0.000         0.000 / 0.000       ms
[2023-11-16T15:18:35.589+0800][gc,stats    ]    Critical: Relocation Stall                                  0 / 0                 0 / 0                 0 / 0                 0 / 0           ops/s
[2023-11-16T15:18:35.589+0800][gc,stats    ]    Critical: Relocation Stall                              0.000 / 0.000         0.000 / 0.000         0.000 / 0.000         0.000 / 0.000       ms
[2023-11-16T15:18:35.589+0800][gc,stats    ]      Memory: Allocation Rate                                   0 / 0                 0 / 8                 0 / 82                0 / 82          MB/s
[2023-11-16T15:18:35.589+0800][gc,stats    ]      Memory: Defragment                                        0 / 0                 0 / 0                 0 / 0                 0 / 0           ops/s
[2023-11-16T15:18:35.589+0800][gc,stats    ]      Memory: Out Of Memory                                     0 / 0                 0 / 0                 0 / 0                 0 / 0           ops/s
[2023-11-16T15:18:35.589+0800][gc,stats    ]      Memory: Page Cache Flush                                  0 / 0                 0 / 0                 0 / 0                 0 / 0           MB/s
[2023-11-16T15:18:35.589+0800][gc,stats    ]      Memory: Page Cache Hit L1                                 0 / 0                 0 / 4                 0 / 33                0 / 33          ops/s
[2023-11-16T15:18:35.589+0800][gc,stats    ]      Memory: Page Cache Hit L2                                 0 / 0                 0 / 0                 0 / 0                 0 / 0           ops/s
[2023-11-16T15:18:35.589+0800][gc,stats    ]      Memory: Page Cache Hit L3                                 0 / 0                 0 / 0                 0 / 41                0 / 41          ops/s
[2023-11-16T15:18:35.589+0800][gc,stats    ]      Memory: Page Cache Miss                                   0 / 0                 0 / 0                 0 / 1                 0 / 1           ops/s
[2023-11-16T15:18:35.589+0800][gc,stats    ]      Memory: Uncommit                                          0 / 0                 0 / 0                 0 / 0                 0 / 0           MB/s
[2023-11-16T15:18:35.589+0800][gc,stats    ]      Memory: Undo Object Allocation Failed                     0 / 0                 0 / 0                 0 / 0                 0 / 0           ops/s
[2023-11-16T15:18:35.589+0800][gc,stats    ]      Memory: Undo Object Allocation Succeeded                  0 / 0                 0 / 0                 0 / 3                 0 / 3           ops/s
[2023-11-16T15:18:35.589+0800][gc,stats    ]      Memory: Undo Page Allocation                              0 / 0                 0 / 0                 0 / 0                 0 / 0           ops/s
[2023-11-16T15:18:35.589+0800][gc,stats    ]       Phase: Concurrent Mark                               0.000 / 0.000         0.000 / 0.000        21.531 / 24.050       21.531 / 24.050      ms
[2023-11-16T15:18:35.589+0800][gc,stats    ]       Phase: Concurrent Mark Continue                      0.000 / 0.000         0.000 / 0.000         0.000 / 0.000         0.000 / 0.000       ms
[2023-11-16T15:18:35.589+0800][gc,stats    ]       Phase: Concurrent Mark Free                          0.000 / 0.000         0.000 / 0.000         0.001 / 0.001         0.001 / 0.001       ms
[2023-11-16T15:18:35.589+0800][gc,stats    ]       Phase: Concurrent Process Non-Strong References      0.000 / 0.000         0.000 / 0.000         1.995 / 2.420         1.995 / 2.420       ms
[2023-11-16T15:18:35.589+0800][gc,stats    ]       Phase: Concurrent Relocate                           0.000 / 0.000         0.000 / 0.000         2.883 / 2.961         2.883 / 2.961       ms
[2023-11-16T15:18:35.589+0800][gc,stats    ]       Phase: Concurrent Reset Relocation Set               0.000 / 0.000         0.000 / 0.000         0.002 / 0.004         0.002 / 0.004       ms
[2023-11-16T15:18:35.589+0800][gc,stats    ]       Phase: Concurrent Select Relocation Set              0.000 / 0.000         0.000 / 0.000         4.861 / 8.184         4.861 / 8.184       ms
[2023-11-16T15:18:35.589+0800][gc,stats    ]       Phase: Pause Mark End                                0.000 / 0.000         0.000 / 0.000         0.017 / 0.019         0.017 / 0.019       ms
[2023-11-16T15:18:35.589+0800][gc,stats    ]       Phase: Pause Mark Start                              0.000 / 0.000         0.000 / 0.000         0.023 / 0.031         0.023 / 0.031       ms
[2023-11-16T15:18:35.589+0800][gc,stats    ]       Phase: Pause Relocate Start                          0.000 / 0.000         0.000 / 0.000         0.009 / 0.009         0.009 / 0.009       ms
[2023-11-16T15:18:35.589+0800][gc,stats    ]    Subphase: Concurrent Classes Purge                      0.000 / 0.000         0.000 / 0.000         0.066 / 0.071         0.066 / 0.071       ms
[2023-11-16T15:18:35.589+0800][gc,stats    ]    Subphase: Concurrent Classes Unlink                     0.000 / 0.000         0.000 / 0.000         1.264 / 1.492         1.264 / 1.492       ms
[2023-11-16T15:18:35.589+0800][gc,stats    ]    Subphase: Concurrent Mark                               0.000 / 0.000         0.000 / 0.000        18.504 / 22.997       18.504 / 22.997      ms
[2023-11-16T15:18:35.589+0800][gc,stats    ]    Subphase: Concurrent Mark Try Flush                     0.000 / 0.000         0.000 / 0.000         0.201 / 0.455         0.201 / 0.455       ms
[2023-11-16T15:18:35.589+0800][gc,stats    ]    Subphase: Concurrent Mark Try Terminate                 0.000 / 0.000         0.000 / 0.000         4.353 / 12.985        4.353 / 12.985      ms
[2023-11-16T15:18:35.589+0800][gc,stats    ]    Subphase: Concurrent References Enqueue                 0.000 / 0.000         0.000 / 0.000         0.004 / 0.004         0.004 / 0.004       ms
[2023-11-16T15:18:35.589+0800][gc,stats    ]    Subphase: Concurrent References Process                 0.000 / 0.000         0.000 / 0.000         0.104 / 0.123         0.104 / 0.123       ms
[2023-11-16T15:18:35.589+0800][gc,stats    ]    Subphase: Concurrent Roots ClassLoaderDataGraph         0.000 / 0.000         0.000 / 0.000         0.107 / 0.428         0.107 / 0.428       ms
[2023-11-16T15:18:35.590+0800][gc,stats    ]    Subphase: Concurrent Roots CodeCache                    0.000 / 0.000         0.000 / 0.000         0.000 / 0.000         0.000 / 0.000       ms
[2023-11-16T15:18:35.590+0800][gc,stats    ]    Subphase: Concurrent Roots JavaThreads                  0.000 / 0.000         0.000 / 0.000         1.013 / 1.707         1.013 / 1.707       ms
[2023-11-16T15:18:35.590+0800][gc,stats    ]    Subphase: Concurrent Roots OopStorageSet                0.000 / 0.000         0.000 / 0.000         0.146 / 0.289         0.146 / 0.289       ms
[2023-11-16T15:18:35.590+0800][gc,stats    ]    Subphase: Concurrent Weak Roots OopStorageSet           0.000 / 0.000         0.000 / 0.000         0.440 / 0.670         0.440 / 0.670       ms
[2023-11-16T15:18:35.590+0800][gc,stats    ]    Subphase: Pause Mark Try Complete                       0.000 / 0.000         0.000 / 0.000         0.000 / 0.000         0.000 / 0.000       ms
[2023-11-16T15:18:35.590+0800][gc,stats    ]      System: Java Threads                                      0 / 0                 0 / 0                34 / 47               34 / 47          threads
[2023-11-16T15:18:35.590+0800][gc,stats    ] =========================================================================================================================================================
[2023-11-16T15:18:45.582+0800][gc,stats    ] === Garbage Collection Statistics =======================================================================================================================
[2023-11-16T15:18:45.582+0800][gc,stats    ]                                                              Last 10s              Last 10m              Last 10h                Total
[2023-11-16T15:18:45.582+0800][gc,stats    ]                                                              Avg / Max             Avg / Max             Avg / Max             Avg / Max
[2023-11-16T15:18:45.582+0800][gc,stats    ]   Collector: Garbage Collection Cycle                      0.000 / 0.000         0.000 / 0.000        32.129 / 37.536       32.129 / 37.536      ms
[2023-11-16T15:18:45.582+0800][gc,stats    ]  Contention: Mark Segment Reset Contention                     0 / 0                 0 / 0                 0 / 3                 0 / 3           ops/s
[2023-11-16T15:18:45.582+0800][gc,stats    ]  Contention: Mark SeqNum Reset Contention                      0 / 0                 0 / 0                 0 / 0                 0 / 0           ops/s
[2023-11-16T15:18:45.582+0800][gc,stats    ]    Critical: Allocation Stall                                  0 / 0                 0 / 0                 0 / 0                 0 / 0           ops/s
[2023-11-16T15:18:45.582+0800][gc,stats    ]    Critical: Allocation Stall                              0.000 / 0.000         0.000 / 0.000         0.000 / 0.000         0.000 / 0.000       ms
[2023-11-16T15:18:45.582+0800][gc,stats    ]    Critical: GC Locker Stall                                   0 / 0                 0 / 0                 0 / 0                 0 / 0           ops/s
[2023-11-16T15:18:45.582+0800][gc,stats    ]    Critical: GC Locker Stall                               0.000 / 0.000         0.000 / 0.000         0.000 / 0.000         0.000 / 0.000       ms
[2023-11-16T15:18:45.582+0800][gc,stats    ]    Critical: Relocation Stall                                  0 / 0                 0 / 0                 0 / 0                 0 / 0           ops/s
[2023-11-16T15:18:45.582+0800][gc,stats    ]    Critical: Relocation Stall                              0.000 / 0.000         0.000 / 0.000         0.000 / 0.000         0.000 / 0.000       ms
[2023-11-16T15:18:45.582+0800][gc,stats    ]      Memory: Allocation Rate                                   0 / 0                 0 / 8                 0 / 82                0 / 82          MB/s
[2023-11-16T15:18:45.582+0800][gc,stats    ]      Memory: Defragment                                        0 / 0                 0 / 0                 0 / 0                 0 / 0           ops/s
[2023-11-16T15:18:45.582+0800][gc,stats    ]      Memory: Out Of Memory                                     0 / 0                 0 / 0                 0 / 0                 0 / 0           ops/s
[2023-11-16T15:18:45.582+0800][gc,stats    ]      Memory: Page Cache Flush                                  0 / 0                 0 / 0                 0 / 0                 0 / 0           MB/s
[2023-11-16T15:18:45.582+0800][gc,stats    ]      Memory: Page Cache Hit L1                                 0 / 0                 0 / 4                 0 / 33                0 / 33          ops/s
[2023-11-16T15:18:45.582+0800][gc,stats    ]      Memory: Page Cache Hit L2                                 0 / 0                 0 / 0                 0 / 0                 0 / 0           ops/s
[2023-11-16T15:18:45.582+0800][gc,stats    ]      Memory: Page Cache Hit L3                                 0 / 0                 0 / 0                 0 / 41                0 / 41          ops/s
[2023-11-16T15:18:45.582+0800][gc,stats    ]      Memory: Page Cache Miss                                   0 / 0                 0 / 0                 0 / 1                 0 / 1           ops/s
[2023-11-16T15:18:45.582+0800][gc,stats    ]      Memory: Uncommit                                          0 / 0                 0 / 0                 0 / 0                 0 / 0           MB/s
[2023-11-16T15:18:45.582+0800][gc,stats    ]      Memory: Undo Object Allocation Failed                     0 / 0                 0 / 0                 0 / 0                 0 / 0           ops/s
[2023-11-16T15:18:45.582+0800][gc,stats    ]      Memory: Undo Object Allocation Succeeded                  0 / 0                 0 / 0                 0 / 3                 0 / 3           ops/s
[2023-11-16T15:18:45.582+0800][gc,stats    ]      Memory: Undo Page Allocation                              0 / 0                 0 / 0                 0 / 0                 0 / 0           ops/s
[2023-11-16T15:18:45.582+0800][gc,stats    ]       Phase: Concurrent Mark                               0.000 / 0.000         0.000 / 0.000        21.531 / 24.050       21.531 / 24.050      ms
[2023-11-16T15:18:45.582+0800][gc,stats    ]       Phase: Concurrent Mark Continue                      0.000 / 0.000         0.000 / 0.000         0.000 / 0.000         0.000 / 0.000       ms
[2023-11-16T15:18:45.582+0800][gc,stats    ]       Phase: Concurrent Mark Free                          0.000 / 0.000         0.000 / 0.000         0.001 / 0.001         0.001 / 0.001       ms
[2023-11-16T15:18:45.582+0800][gc,stats    ]       Phase: Concurrent Process Non-Strong References      0.000 / 0.000         0.000 / 0.000         1.995 / 2.420         1.995 / 2.420       ms
[2023-11-16T15:18:45.582+0800][gc,stats    ]       Phase: Concurrent Relocate                           0.000 / 0.000         0.000 / 0.000         2.883 / 2.961         2.883 / 2.961       ms
[2023-11-16T15:18:45.582+0800][gc,stats    ]       Phase: Concurrent Reset Relocation Set               0.000 / 0.000         0.000 / 0.000         0.002 / 0.004         0.002 / 0.004       ms
[2023-11-16T15:18:45.582+0800][gc,stats    ]       Phase: Concurrent Select Relocation Set              0.000 / 0.000         0.000 / 0.000         4.861 / 8.184         4.861 / 8.184       ms
[2023-11-16T15:18:45.582+0800][gc,stats    ]       Phase: Pause Mark End                                0.000 / 0.000         0.000 / 0.000         0.017 / 0.019         0.017 / 0.019       ms
[2023-11-16T15:18:45.582+0800][gc,stats    ]       Phase: Pause Mark Start                              0.000 / 0.000         0.000 / 0.000         0.023 / 0.031         0.023 / 0.031       ms
[2023-11-16T15:18:45.582+0800][gc,stats    ]       Phase: Pause Relocate Start                          0.000 / 0.000         0.000 / 0.000         0.009 / 0.009         0.009 / 0.009       ms
[2023-11-16T15:18:45.582+0800][gc,stats    ]    Subphase: Concurrent Classes Purge                      0.000 / 0.000         0.000 / 0.000         0.066 / 0.071         0.066 / 0.071       ms
[2023-11-16T15:18:45.582+0800][gc,stats    ]    Subphase: Concurrent Classes Unlink                     0.000 / 0.000         0.000 / 0.000         1.264 / 1.492         1.264 / 1.492       ms
[2023-11-16T15:18:45.582+0800][gc,stats    ]    Subphase: Concurrent Mark                               0.000 / 0.000         0.000 / 0.000        18.504 / 22.997       18.504 / 22.997      ms
[2023-11-16T15:18:45.582+0800][gc,stats    ]    Subphase: Concurrent Mark Try Flush                     0.000 / 0.000         0.000 / 0.000         0.201 / 0.455         0.201 / 0.455       ms
[2023-11-16T15:18:45.582+0800][gc,stats    ]    Subphase: Concurrent Mark Try Terminate                 0.000 / 0.000         0.000 / 0.000         4.353 / 12.985        4.353 / 12.985      ms
[2023-11-16T15:18:45.582+0800][gc,stats    ]    Subphase: Concurrent References Enqueue                 0.000 / 0.000         0.000 / 0.000         0.004 / 0.004         0.004 / 0.004       ms
[2023-11-16T15:18:45.582+0800][gc,stats    ]    Subphase: Concurrent References Process                 0.000 / 0.000         0.000 / 0.000         0.104 / 0.123         0.104 / 0.123       ms
[2023-11-16T15:18:45.582+0800][gc,stats    ]    Subphase: Concurrent Roots ClassLoaderDataGraph         0.000 / 0.000         0.000 / 0.000         0.107 / 0.428         0.107 / 0.428       ms
[2023-11-16T15:18:45.582+0800][gc,stats    ]    Subphase: Concurrent Roots CodeCache                    0.000 / 0.000         0.000 / 0.000         0.000 / 0.000         0.000 / 0.000       ms
[2023-11-16T15:18:45.582+0800][gc,stats    ]    Subphase: Concurrent Roots JavaThreads                  0.000 / 0.000         0.000 / 0.000         1.013 / 1.707         1.013 / 1.707       ms
[2023-11-16T15:18:45.582+0800][gc,stats    ]    Subphase: Concurrent Roots OopStorageSet                0.000 / 0.000         0.000 / 0.000         0.146 / 0.289         0.146 / 0.289       ms
[2023-11-16T15:18:45.583+0800][gc,stats    ]    Subphase: Concurrent Weak Roots OopStorageSet           0.000 / 0.000         0.000 / 0.000         0.440 / 0.670         0.440 / 0.670       ms
[2023-11-16T15:18:45.583+0800][gc,stats    ]    Subphase: Pause Mark Try Complete                       0.000 / 0.000         0.000 / 0.000         0.000 / 0.000         0.000 / 0.000       ms
[2023-11-16T15:18:45.583+0800][gc,stats    ]      System: Java Threads                                      0 / 0                 0 / 0                34 / 47               34 / 47          threads
[2023-11-16T15:18:45.583+0800][gc,stats    ] =========================================================================================================================================================
[2023-11-16T15:18:55.577+0800][gc,stats    ] === Garbage Collection Statistics =======================================================================================================================
[2023-11-16T15:18:55.577+0800][gc,stats    ]                                                              Last 10s              Last 10m              Last 10h                Total
[2023-11-16T15:18:55.577+0800][gc,stats    ]                                                              Avg / Max             Avg / Max             Avg / Max             Avg / Max
[2023-11-16T15:18:55.577+0800][gc,stats    ]   Collector: Garbage Collection Cycle                      0.000 / 0.000         0.000 / 0.000        32.129 / 37.536       32.129 / 37.536      ms
[2023-11-16T15:18:55.577+0800][gc,stats    ]  Contention: Mark Segment Reset Contention                     0 / 0                 0 / 0                 0 / 3                 0 / 3           ops/s
[2023-11-16T15:18:55.577+0800][gc,stats    ]  Contention: Mark SeqNum Reset Contention                      0 / 0                 0 / 0                 0 / 0                 0 / 0           ops/s
[2023-11-16T15:18:55.577+0800][gc,stats    ]    Critical: Allocation Stall                                  0 / 0                 0 / 0                 0 / 0                 0 / 0           ops/s
[2023-11-16T15:18:55.577+0800][gc,stats    ]    Critical: Allocation Stall                              0.000 / 0.000         0.000 / 0.000         0.000 / 0.000         0.000 / 0.000       ms
[2023-11-16T15:18:55.577+0800][gc,stats    ]    Critical: GC Locker Stall                                   0 / 0                 0 / 0                 0 / 0                 0 / 0           ops/s
[2023-11-16T15:18:55.577+0800][gc,stats    ]    Critical: GC Locker Stall                               0.000 / 0.000         0.000 / 0.000         0.000 / 0.000         0.000 / 0.000       ms
[2023-11-16T15:18:55.577+0800][gc,stats    ]    Critical: Relocation Stall                                  0 / 0                 0 / 0                 0 / 0                 0 / 0           ops/s
[2023-11-16T15:18:55.577+0800][gc,stats    ]    Critical: Relocation Stall                              0.000 / 0.000         0.000 / 0.000         0.000 / 0.000         0.000 / 0.000       ms
[2023-11-16T15:18:55.577+0800][gc,stats    ]      Memory: Allocation Rate                                   0 / 0                 0 / 8                 0 / 82                0 / 82          MB/s
[2023-11-16T15:18:55.577+0800][gc,stats    ]      Memory: Defragment                                        0 / 0                 0 / 0                 0 / 0                 0 / 0           ops/s
[2023-11-16T15:18:55.577+0800][gc,stats    ]      Memory: Out Of Memory                                     0 / 0                 0 / 0                 0 / 0                 0 / 0           ops/s
[2023-11-16T15:18:55.577+0800][gc,stats    ]      Memory: Page Cache Flush                                  0 / 0                 0 / 0                 0 / 0                 0 / 0           MB/s
[2023-11-16T15:18:55.577+0800][gc,stats    ]      Memory: Page Cache Hit L1                                 0 / 0                 0 / 4                 0 / 33                0 / 33          ops/s
[2023-11-16T15:18:55.577+0800][gc,stats    ]      Memory: Page Cache Hit L2                                 0 / 0                 0 / 0                 0 / 0                 0 / 0           ops/s
[2023-11-16T15:18:55.577+0800][gc,stats    ]      Memory: Page Cache Hit L3                                 0 / 0                 0 / 0                 0 / 41                0 / 41          ops/s
[2023-11-16T15:18:55.577+0800][gc,stats    ]      Memory: Page Cache Miss                                   0 / 0                 0 / 0                 0 / 1                 0 / 1           ops/s
[2023-11-16T15:18:55.577+0800][gc,stats    ]      Memory: Uncommit                                          0 / 0                 0 / 0                 0 / 0                 0 / 0           MB/s
[2023-11-16T15:18:55.577+0800][gc,stats    ]      Memory: Undo Object Allocation Failed                     0 / 0                 0 / 0                 0 / 0                 0 / 0           ops/s
[2023-11-16T15:18:55.577+0800][gc,stats    ]      Memory: Undo Object Allocation Succeeded                  0 / 0                 0 / 0                 0 / 3                 0 / 3           ops/s
[2023-11-16T15:18:55.577+0800][gc,stats    ]      Memory: Undo Page Allocation                              0 / 0                 0 / 0                 0 / 0                 0 / 0           ops/s
[2023-11-16T15:18:55.577+0800][gc,stats    ]       Phase: Concurrent Mark                               0.000 / 0.000         0.000 / 0.000        21.531 / 24.050       21.531 / 24.050      ms
[2023-11-16T15:18:55.577+0800][gc,stats    ]       Phase: Concurrent Mark Continue                      0.000 / 0.000         0.000 / 0.000         0.000 / 0.000         0.000 / 0.000       ms
[2023-11-16T15:18:55.577+0800][gc,stats    ]       Phase: Concurrent Mark Free                          0.000 / 0.000         0.000 / 0.000         0.001 / 0.001         0.001 / 0.001       ms
[2023-11-16T15:18:55.577+0800][gc,stats    ]       Phase: Concurrent Process Non-Strong References      0.000 / 0.000         0.000 / 0.000         1.995 / 2.420         1.995 / 2.420       ms
[2023-11-16T15:18:55.577+0800][gc,stats    ]       Phase: Concurrent Relocate                           0.000 / 0.000         0.000 / 0.000         2.883 / 2.961         2.883 / 2.961       ms
[2023-11-16T15:18:55.577+0800][gc,stats    ]       Phase: Concurrent Reset Relocation Set               0.000 / 0.000         0.000 / 0.000         0.002 / 0.004         0.002 / 0.004       ms
[2023-11-16T15:18:55.577+0800][gc,stats    ]       Phase: Concurrent Select Relocation Set              0.000 / 0.000         0.000 / 0.000         4.861 / 8.184         4.861 / 8.184       ms
[2023-11-16T15:18:55.577+0800][gc,stats    ]       Phase: Pause Mark End                                0.000 / 0.000         0.000 / 0.000         0.017 / 0.019         0.017 / 0.019       ms
[2023-11-16T15:18:55.577+0800][gc,stats    ]       Phase: Pause Mark Start                              0.000 / 0.000         0.000 / 0.000         0.023 / 0.031         0.023 / 0.031       ms
[2023-11-16T15:18:55.577+0800][gc,stats    ]       Phase: Pause Relocate Start                          0.000 / 0.000         0.000 / 0.000         0.009 / 0.009         0.009 / 0.009       ms
[2023-11-16T15:18:55.577+0800][gc,stats    ]    Subphase: Concurrent Classes Purge                      0.000 / 0.000         0.000 / 0.000         0.066 / 0.071         0.066 / 0.071       ms
[2023-11-16T15:18:55.577+0800][gc,stats    ]    Subphase: Concurrent Classes Unlink                     0.000 / 0.000         0.000 / 0.000         1.264 / 1.492         1.264 / 1.492       ms
[2023-11-16T15:18:55.577+0800][gc,stats    ]    Subphase: Concurrent Mark                               0.000 / 0.000         0.000 / 0.000        18.504 / 22.997       18.504 / 22.997      ms
[2023-11-16T15:18:55.577+0800][gc,stats    ]    Subphase: Concurrent Mark Try Flush                     0.000 / 0.000         0.000 / 0.000         0.201 / 0.455         0.201 / 0.455       ms
[2023-11-16T15:18:55.577+0800][gc,stats    ]    Subphase: Concurrent Mark Try Terminate                 0.000 / 0.000         0.000 / 0.000         4.353 / 12.985        4.353 / 12.985      ms
[2023-11-16T15:18:55.577+0800][gc,stats    ]    Subphase: Concurrent References Enqueue                 0.000 / 0.000         0.000 / 0.000         0.004 / 0.004         0.004 / 0.004       ms
[2023-11-16T15:18:55.577+0800][gc,stats    ]    Subphase: Concurrent References Process                 0.000 / 0.000         0.000 / 0.000         0.104 / 0.123         0.104 / 0.123       ms
[2023-11-16T15:18:55.577+0800][gc,stats    ]    Subphase: Concurrent Roots ClassLoaderDataGraph         0.000 / 0.000         0.000 / 0.000         0.107 / 0.428         0.107 / 0.428       ms
[2023-11-16T15:18:55.577+0800][gc,stats    ]    Subphase: Concurrent Roots CodeCache                    0.000 / 0.000         0.000 / 0.000         0.000 / 0.000         0.000 / 0.000       ms
[2023-11-16T15:18:55.578+0800][gc,stats    ]    Subphase: Concurrent Roots JavaThreads                  0.000 / 0.000         0.000 / 0.000         1.013 / 1.707         1.013 / 1.707       ms
[2023-11-16T15:18:55.578+0800][gc,stats    ]    Subphase: Concurrent Roots OopStorageSet                0.000 / 0.000         0.000 / 0.000         0.146 / 0.289         0.146 / 0.289       ms
[2023-11-16T15:18:55.578+0800][gc,stats    ]    Subphase: Concurrent Weak Roots OopStorageSet           0.000 / 0.000         0.000 / 0.000         0.440 / 0.670         0.440 / 0.670       ms
[2023-11-16T15:18:55.578+0800][gc,stats    ]    Subphase: Pause Mark Try Complete                       0.000 / 0.000         0.000 / 0.000         0.000 / 0.000         0.000 / 0.000       ms
[2023-11-16T15:18:55.578+0800][gc,stats    ]      System: Java Threads                                      0 / 0                 0 / 0                34 / 47               34 / 47          threads
[2023-11-16T15:18:55.578+0800][gc,stats    ] =========================================================================================================================================================
[2023-11-16T15:19:05.582+0800][gc,stats    ] === Garbage Collection Statistics =======================================================================================================================
[2023-11-16T15:19:05.582+0800][gc,stats    ]                                                              Last 10s              Last 10m              Last 10h                Total
[2023-11-16T15:19:05.582+0800][gc,stats    ]                                                              Avg / Max             Avg / Max             Avg / Max             Avg / Max
[2023-11-16T15:19:05.582+0800][gc,stats    ]   Collector: Garbage Collection Cycle                      0.000 / 0.000         0.000 / 0.000        32.129 / 37.536       32.129 / 37.536      ms
[2023-11-16T15:19:05.582+0800][gc,stats    ]  Contention: Mark Segment Reset Contention                     0 / 0                 0 / 0                 0 / 3                 0 / 3           ops/s
[2023-11-16T15:19:05.582+0800][gc,stats    ]  Contention: Mark SeqNum Reset Contention                      0 / 0                 0 / 0                 0 / 0                 0 / 0           ops/s
[2023-11-16T15:19:05.582+0800][gc,stats    ]    Critical: Allocation Stall                                  0 / 0                 0 / 0                 0 / 0                 0 / 0           ops/s
[2023-11-16T15:19:05.582+0800][gc,stats    ]    Critical: Allocation Stall                              0.000 / 0.000         0.000 / 0.000         0.000 / 0.000         0.000 / 0.000       ms
[2023-11-16T15:19:05.582+0800][gc,stats    ]    Critical: GC Locker Stall                                   0 / 0                 0 / 0                 0 / 0                 0 / 0           ops/s
[2023-11-16T15:19:05.582+0800][gc,stats    ]    Critical: GC Locker Stall                               0.000 / 0.000         0.000 / 0.000         0.000 / 0.000         0.000 / 0.000       ms
[2023-11-16T15:19:05.582+0800][gc,stats    ]    Critical: Relocation Stall                                  0 / 0                 0 / 0                 0 / 0                 0 / 0           ops/s
[2023-11-16T15:19:05.582+0800][gc,stats    ]    Critical: Relocation Stall                              0.000 / 0.000         0.000 / 0.000         0.000 / 0.000         0.000 / 0.000       ms
[2023-11-16T15:19:05.582+0800][gc,stats    ]      Memory: Allocation Rate                                   0 / 0                 0 / 8                 0 / 82                0 / 82          MB/s
[2023-11-16T15:19:05.582+0800][gc,stats    ]      Memory: Defragment                                        0 / 0                 0 / 0                 0 / 0                 0 / 0           ops/s
[2023-11-16T15:19:05.582+0800][gc,stats    ]      Memory: Out Of Memory                                     0 / 0                 0 / 0                 0 / 0                 0 / 0           ops/s
[2023-11-16T15:19:05.582+0800][gc,stats    ]      Memory: Page Cache Flush                                  0 / 0                 0 / 0                 0 / 0                 0 / 0           MB/s
[2023-11-16T15:19:05.582+0800][gc,stats    ]      Memory: Page Cache Hit L1                                 0 / 0                 0 / 4                 0 / 33                0 / 33          ops/s
[2023-11-16T15:19:05.582+0800][gc,stats    ]      Memory: Page Cache Hit L2                                 0 / 0                 0 / 0                 0 / 0                 0 / 0           ops/s
[2023-11-16T15:19:05.582+0800][gc,stats    ]      Memory: Page Cache Hit L3                                 0 / 0                 0 / 0                 0 / 41                0 / 41          ops/s
[2023-11-16T15:19:05.582+0800][gc,stats    ]      Memory: Page Cache Miss                                   0 / 0                 0 / 0                 0 / 1                 0 / 1           ops/s
[2023-11-16T15:19:05.582+0800][gc,stats    ]      Memory: Uncommit                                          0 / 0                 0 / 0                 0 / 0                 0 / 0           MB/s
[2023-11-16T15:19:05.582+0800][gc,stats    ]      Memory: Undo Object Allocation Failed                     0 / 0                 0 / 0                 0 / 0                 0 / 0           ops/s
[2023-11-16T15:19:05.582+0800][gc,stats    ]      Memory: Undo Object Allocation Succeeded                  0 / 0                 0 / 0                 0 / 3                 0 / 3           ops/s
[2023-11-16T15:19:05.582+0800][gc,stats    ]      Memory: Undo Page Allocation                              0 / 0                 0 / 0                 0 / 0                 0 / 0           ops/s
[2023-11-16T15:19:05.582+0800][gc,stats    ]       Phase: Concurrent Mark                               0.000 / 0.000         0.000 / 0.000        21.531 / 24.050       21.531 / 24.050      ms
[2023-11-16T15:19:05.582+0800][gc,stats    ]       Phase: Concurrent Mark Continue                      0.000 / 0.000         0.000 / 0.000         0.000 / 0.000         0.000 / 0.000       ms
[2023-11-16T15:19:05.582+0800][gc,stats    ]       Phase: Concurrent Mark Free                          0.000 / 0.000         0.000 / 0.000         0.001 / 0.001         0.001 / 0.001       ms
[2023-11-16T15:19:05.582+0800][gc,stats    ]       Phase: Concurrent Process Non-Strong References      0.000 / 0.000         0.000 / 0.000         1.995 / 2.420         1.995 / 2.420       ms
[2023-11-16T15:19:05.582+0800][gc,stats    ]       Phase: Concurrent Relocate                           0.000 / 0.000         0.000 / 0.000         2.883 / 2.961         2.883 / 2.961       ms
[2023-11-16T15:19:05.582+0800][gc,stats    ]       Phase: Concurrent Reset Relocation Set               0.000 / 0.000         0.000 / 0.000         0.002 / 0.004         0.002 / 0.004       ms
[2023-11-16T15:19:05.582+0800][gc,stats    ]       Phase: Concurrent Select Relocation Set              0.000 / 0.000         0.000 / 0.000         4.861 / 8.184         4.861 / 8.184       ms
[2023-11-16T15:19:05.582+0800][gc,stats    ]       Phase: Pause Mark End                                0.000 / 0.000         0.000 / 0.000         0.017 / 0.019         0.017 / 0.019       ms
[2023-11-16T15:19:05.582+0800][gc,stats    ]       Phase: Pause Mark Start                              0.000 / 0.000         0.000 / 0.000         0.023 / 0.031         0.023 / 0.031       ms
[2023-11-16T15:19:05.582+0800][gc,stats    ]       Phase: Pause Relocate Start                          0.000 / 0.000         0.000 / 0.000         0.009 / 0.009         0.009 / 0.009       ms
[2023-11-16T15:19:05.582+0800][gc,stats    ]    Subphase: Concurrent Classes Purge                      0.000 / 0.000         0.000 / 0.000         0.066 / 0.071         0.066 / 0.071       ms
[2023-11-16T15:19:05.582+0800][gc,stats    ]    Subphase: Concurrent Classes Unlink                     0.000 / 0.000         0.000 / 0.000         1.264 / 1.492         1.264 / 1.492       ms
[2023-11-16T15:19:05.582+0800][gc,stats    ]    Subphase: Concurrent Mark                               0.000 / 0.000         0.000 / 0.000        18.504 / 22.997       18.504 / 22.997      ms
[2023-11-16T15:19:05.582+0800][gc,stats    ]    Subphase: Concurrent Mark Try Flush                     0.000 / 0.000         0.000 / 0.000         0.201 / 0.455         0.201 / 0.455       ms
[2023-11-16T15:19:05.582+0800][gc,stats    ]    Subphase: Concurrent Mark Try Terminate                 0.000 / 0.000         0.000 / 0.000         4.353 / 12.985        4.353 / 12.985      ms
[2023-11-16T15:19:05.582+0800][gc,stats    ]    Subphase: Concurrent References Enqueue                 0.000 / 0.000         0.000 / 0.000         0.004 / 0.004         0.004 / 0.004       ms
[2023-11-16T15:19:05.582+0800][gc,stats    ]    Subphase: Concurrent References Process                 0.000 / 0.000         0.000 / 0.000         0.104 / 0.123         0.104 / 0.123       ms
[2023-11-16T15:19:05.582+0800][gc,stats    ]    Subphase: Concurrent Roots ClassLoaderDataGraph         0.000 / 0.000         0.000 / 0.000         0.107 / 0.428         0.107 / 0.428       ms
[2023-11-16T15:19:05.582+0800][gc,stats    ]    Subphase: Concurrent Roots CodeCache                    0.000 / 0.000         0.000 / 0.000         0.000 / 0.000         0.000 / 0.000       ms
[2023-11-16T15:19:05.582+0800][gc,stats    ]    Subphase: Concurrent Roots JavaThreads                  0.000 / 0.000         0.000 / 0.000         1.013 / 1.707         1.013 / 1.707       ms
[2023-11-16T15:19:05.582+0800][gc,stats    ]    Subphase: Concurrent Roots OopStorageSet                0.000 / 0.000         0.000 / 0.000         0.146 / 0.289         0.146 / 0.289       ms
[2023-11-16T15:19:05.582+0800][gc,stats    ]    Subphase: Concurrent Weak Roots OopStorageSet           0.000 / 0.000         0.000 / 0.000         0.440 / 0.670         0.440 / 0.670       ms
[2023-11-16T15:19:05.582+0800][gc,stats    ]    Subphase: Pause Mark Try Complete                       0.000 / 0.000         0.000 / 0.000         0.000 / 0.000         0.000 / 0.000       ms
[2023-11-16T15:19:05.582+0800][gc,stats    ]      System: Java Threads                                      0 / 0                 0 / 0                34 / 47               34 / 47          threads
[2023-11-16T15:19:05.582+0800][gc,stats    ] =========================================================================================================================================================
[2023-11-16T15:19:15.585+0800][gc,stats    ] === Garbage Collection Statistics =======================================================================================================================
[2023-11-16T15:19:15.585+0800][gc,stats    ]                                                              Last 10s              Last 10m              Last 10h                Total
[2023-11-16T15:19:15.585+0800][gc,stats    ]                                                              Avg / Max             Avg / Max             Avg / Max             Avg / Max
[2023-11-16T15:19:15.585+0800][gc,stats    ]   Collector: Garbage Collection Cycle                      0.000 / 0.000         0.000 / 0.000        32.129 / 37.536       32.129 / 37.536      ms
[2023-11-16T15:19:15.585+0800][gc,stats    ]  Contention: Mark Segment Reset Contention                     0 / 0                 0 / 0                 0 / 3                 0 / 3           ops/s
[2023-11-16T15:19:15.585+0800][gc,stats    ]  Contention: Mark SeqNum Reset Contention                      0 / 0                 0 / 0                 0 / 0                 0 / 0           ops/s
[2023-11-16T15:19:15.585+0800][gc,stats    ]    Critical: Allocation Stall                                  0 / 0                 0 / 0                 0 / 0                 0 / 0           ops/s
[2023-11-16T15:19:15.585+0800][gc,stats    ]    Critical: Allocation Stall                              0.000 / 0.000         0.000 / 0.000         0.000 / 0.000         0.000 / 0.000       ms
[2023-11-16T15:19:15.585+0800][gc,stats    ]    Critical: GC Locker Stall                                   0 / 0                 0 / 0                 0 / 0                 0 / 0           ops/s
[2023-11-16T15:19:15.585+0800][gc,stats    ]    Critical: GC Locker Stall                               0.000 / 0.000         0.000 / 0.000         0.000 / 0.000         0.000 / 0.000       ms
[2023-11-16T15:19:15.585+0800][gc,stats    ]    Critical: Relocation Stall                                  0 / 0                 0 / 0                 0 / 0                 0 / 0           ops/s
[2023-11-16T15:19:15.585+0800][gc,stats    ]    Critical: Relocation Stall                              0.000 / 0.000         0.000 / 0.000         0.000 / 0.000         0.000 / 0.000       ms
[2023-11-16T15:19:15.585+0800][gc,stats    ]      Memory: Allocation Rate                                   0 / 0                 0 / 8                 0 / 82                0 / 82          MB/s
[2023-11-16T15:19:15.585+0800][gc,stats    ]      Memory: Defragment                                        0 / 0                 0 / 0                 0 / 0                 0 / 0           ops/s
[2023-11-16T15:19:15.585+0800][gc,stats    ]      Memory: Out Of Memory                                     0 / 0                 0 / 0                 0 / 0                 0 / 0           ops/s
[2023-11-16T15:19:15.585+0800][gc,stats    ]      Memory: Page Cache Flush                                  0 / 0                 0 / 0                 0 / 0                 0 / 0           MB/s
[2023-11-16T15:19:15.585+0800][gc,stats    ]      Memory: Page Cache Hit L1                                 0 / 0                 0 / 4                 0 / 33                0 / 33          ops/s
[2023-11-16T15:19:15.585+0800][gc,stats    ]      Memory: Page Cache Hit L2                                 0 / 0                 0 / 0                 0 / 0                 0 / 0           ops/s
[2023-11-16T15:19:15.585+0800][gc,stats    ]      Memory: Page Cache Hit L3                                 0 / 0                 0 / 0                 0 / 41                0 / 41          ops/s
[2023-11-16T15:19:15.585+0800][gc,stats    ]      Memory: Page Cache Miss                                   0 / 0                 0 / 0                 0 / 1                 0 / 1           ops/s
[2023-11-16T15:19:15.585+0800][gc,stats    ]      Memory: Uncommit                                          0 / 0                 0 / 0                 0 / 0                 0 / 0           MB/s
[2023-11-16T15:19:15.585+0800][gc,stats    ]      Memory: Undo Object Allocation Failed                     0 / 0                 0 / 0                 0 / 0                 0 / 0           ops/s
[2023-11-16T15:19:15.585+0800][gc,stats    ]      Memory: Undo Object Allocation Succeeded                  0 / 0                 0 / 0                 0 / 3                 0 / 3           ops/s
[2023-11-16T15:19:15.585+0800][gc,stats    ]      Memory: Undo Page Allocation                              0 / 0                 0 / 0                 0 / 0                 0 / 0           ops/s
[2023-11-16T15:19:15.585+0800][gc,stats    ]       Phase: Concurrent Mark                               0.000 / 0.000         0.000 / 0.000        21.531 / 24.050       21.531 / 24.050      ms
[2023-11-16T15:19:15.585+0800][gc,stats    ]       Phase: Concurrent Mark Continue                      0.000 / 0.000         0.000 / 0.000         0.000 / 0.000         0.000 / 0.000       ms
[2023-11-16T15:19:15.585+0800][gc,stats    ]       Phase: Concurrent Mark Free                          0.000 / 0.000         0.000 / 0.000         0.001 / 0.001         0.001 / 0.001       ms
[2023-11-16T15:19:15.585+0800][gc,stats    ]       Phase: Concurrent Process Non-Strong References      0.000 / 0.000         0.000 / 0.000         1.995 / 2.420         1.995 / 2.420       ms
[2023-11-16T15:19:15.585+0800][gc,stats    ]       Phase: Concurrent Relocate                           0.000 / 0.000         0.000 / 0.000         2.883 / 2.961         2.883 / 2.961       ms
[2023-11-16T15:19:15.585+0800][gc,stats    ]       Phase: Concurrent Reset Relocation Set               0.000 / 0.000         0.000 / 0.000         0.002 / 0.004         0.002 / 0.004       ms
[2023-11-16T15:19:15.585+0800][gc,stats    ]       Phase: Concurrent Select Relocation Set              0.000 / 0.000         0.000 / 0.000         4.861 / 8.184         4.861 / 8.184       ms
[2023-11-16T15:19:15.585+0800][gc,stats    ]       Phase: Pause Mark End                                0.000 / 0.000         0.000 / 0.000         0.017 / 0.019         0.017 / 0.019       ms
[2023-11-16T15:19:15.585+0800][gc,stats    ]       Phase: Pause Mark Start                              0.000 / 0.000         0.000 / 0.000         0.023 / 0.031         0.023 / 0.031       ms
[2023-11-16T15:19:15.585+0800][gc,stats    ]       Phase: Pause Relocate Start                          0.000 / 0.000         0.000 / 0.000         0.009 / 0.009         0.009 / 0.009       ms
[2023-11-16T15:19:15.585+0800][gc,stats    ]    Subphase: Concurrent Classes Purge                      0.000 / 0.000         0.000 / 0.000         0.066 / 0.071         0.066 / 0.071       ms
[2023-11-16T15:19:15.585+0800][gc,stats    ]    Subphase: Concurrent Classes Unlink                     0.000 / 0.000         0.000 / 0.000         1.264 / 1.492         1.264 / 1.492       ms
[2023-11-16T15:19:15.585+0800][gc,stats    ]    Subphase: Concurrent Mark                               0.000 / 0.000         0.000 / 0.000        18.504 / 22.997       18.504 / 22.997      ms
[2023-11-16T15:19:15.585+0800][gc,stats    ]    Subphase: Concurrent Mark Try Flush                     0.000 / 0.000         0.000 / 0.000         0.201 / 0.455         0.201 / 0.455       ms
[2023-11-16T15:19:15.585+0800][gc,stats    ]    Subphase: Concurrent Mark Try Terminate                 0.000 / 0.000         0.000 / 0.000         4.353 / 12.985        4.353 / 12.985      ms
[2023-11-16T15:19:15.586+0800][gc,stats    ]    Subphase: Concurrent References Enqueue                 0.000 / 0.000         0.000 / 0.000         0.004 / 0.004         0.004 / 0.004       ms
[2023-11-16T15:19:15.586+0800][gc,stats    ]    Subphase: Concurrent References Process                 0.000 / 0.000         0.000 / 0.000         0.104 / 0.123         0.104 / 0.123       ms
[2023-11-16T15:19:15.586+0800][gc,stats    ]    Subphase: Concurrent Roots ClassLoaderDataGraph         0.000 / 0.000         0.000 / 0.000         0.107 / 0.428         0.107 / 0.428       ms
[2023-11-16T15:19:15.586+0800][gc,stats    ]    Subphase: Concurrent Roots CodeCache                    0.000 / 0.000         0.000 / 0.000         0.000 / 0.000         0.000 / 0.000       ms
[2023-11-16T15:19:15.586+0800][gc,stats    ]    Subphase: Concurrent Roots JavaThreads                  0.000 / 0.000         0.000 / 0.000         1.013 / 1.707         1.013 / 1.707       ms
[2023-11-16T15:19:15.586+0800][gc,stats    ]    Subphase: Concurrent Roots OopStorageSet                0.000 / 0.000         0.000 / 0.000         0.146 / 0.289         0.146 / 0.289       ms
[2023-11-16T15:19:15.586+0800][gc,stats    ]    Subphase: Concurrent Weak Roots OopStorageSet           0.000 / 0.000         0.000 / 0.000         0.440 / 0.670         0.440 / 0.670       ms
[2023-11-16T15:19:15.586+0800][gc,stats    ]    Subphase: Pause Mark Try Complete                       0.000 / 0.000         0.000 / 0.000         0.000 / 0.000         0.000 / 0.000       ms
[2023-11-16T15:19:15.586+0800][gc,stats    ]      System: Java Threads                                      0 / 0                 0 / 0                34 / 47               34 / 47          threads
[2023-11-16T15:19:15.586+0800][gc,stats    ] =========================================================================================================================================================
[2023-11-16T15:19:25.587+0800][gc,stats    ] === Garbage Collection Statistics =======================================================================================================================
[2023-11-16T15:19:25.587+0800][gc,stats    ]                                                              Last 10s              Last 10m              Last 10h                Total
[2023-11-16T15:19:25.587+0800][gc,stats    ]                                                              Avg / Max             Avg / Max             Avg / Max             Avg / Max
[2023-11-16T15:19:25.587+0800][gc,stats    ]   Collector: Garbage Collection Cycle                      0.000 / 0.000         0.000 / 0.000        32.129 / 37.536       32.129 / 37.536      ms
[2023-11-16T15:19:25.587+0800][gc,stats    ]  Contention: Mark Segment Reset Contention                     0 / 0                 0 / 0                 0 / 3                 0 / 3           ops/s
[2023-11-16T15:19:25.587+0800][gc,stats    ]  Contention: Mark SeqNum Reset Contention                      0 / 0                 0 / 0                 0 / 0                 0 / 0           ops/s
[2023-11-16T15:19:25.587+0800][gc,stats    ]    Critical: Allocation Stall                                  0 / 0                 0 / 0                 0 / 0                 0 / 0           ops/s
[2023-11-16T15:19:25.587+0800][gc,stats    ]    Critical: Allocation Stall                              0.000 / 0.000         0.000 / 0.000         0.000 / 0.000         0.000 / 0.000       ms
[2023-11-16T15:19:25.587+0800][gc,stats    ]    Critical: GC Locker Stall                                   0 / 0                 0 / 0                 0 / 0                 0 / 0           ops/s
[2023-11-16T15:19:25.587+0800][gc,stats    ]    Critical: GC Locker Stall                               0.000 / 0.000         0.000 / 0.000         0.000 / 0.000         0.000 / 0.000       ms
[2023-11-16T15:19:25.587+0800][gc,stats    ]    Critical: Relocation Stall                                  0 / 0                 0 / 0                 0 / 0                 0 / 0           ops/s
[2023-11-16T15:19:25.587+0800][gc,stats    ]    Critical: Relocation Stall                              0.000 / 0.000         0.000 / 0.000         0.000 / 0.000         0.000 / 0.000       ms
[2023-11-16T15:19:25.587+0800][gc,stats    ]      Memory: Allocation Rate                                   0 / 0                 0 / 8                 0 / 82                0 / 82          MB/s
[2023-11-16T15:19:25.587+0800][gc,stats    ]      Memory: Defragment                                        0 / 0                 0 / 0                 0 / 0                 0 / 0           ops/s
[2023-11-16T15:19:25.587+0800][gc,stats    ]      Memory: Out Of Memory                                     0 / 0                 0 / 0                 0 / 0                 0 / 0           ops/s
[2023-11-16T15:19:25.587+0800][gc,stats    ]      Memory: Page Cache Flush                                  0 / 0                 0 / 0                 0 / 0                 0 / 0           MB/s
[2023-11-16T15:19:25.587+0800][gc,stats    ]      Memory: Page Cache Hit L1                                 0 / 0                 0 / 4                 0 / 33                0 / 33          ops/s
[2023-11-16T15:19:25.587+0800][gc,stats    ]      Memory: Page Cache Hit L2                                 0 / 0                 0 / 0                 0 / 0                 0 / 0           ops/s
[2023-11-16T15:19:25.588+0800][gc,stats    ]      Memory: Page Cache Hit L3                                 0 / 0                 0 / 0                 0 / 41                0 / 41          ops/s
[2023-11-16T15:19:25.588+0800][gc,stats    ]      Memory: Page Cache Miss                                   0 / 0                 0 / 0                 0 / 1                 0 / 1           ops/s
[2023-11-16T15:19:25.588+0800][gc,stats    ]      Memory: Uncommit                                          0 / 0                 0 / 0                 0 / 0                 0 / 0           MB/s
[2023-11-16T15:19:25.588+0800][gc,stats    ]      Memory: Undo Object Allocation Failed                     0 / 0                 0 / 0                 0 / 0                 0 / 0           ops/s
[2023-11-16T15:19:25.588+0800][gc,stats    ]      Memory: Undo Object Allocation Succeeded                  0 / 0                 0 / 0                 0 / 3                 0 / 3           ops/s
[2023-11-16T15:19:25.588+0800][gc,stats    ]      Memory: Undo Page Allocation                              0 / 0                 0 / 0                 0 / 0                 0 / 0           ops/s
[2023-11-16T15:19:25.588+0800][gc,stats    ]       Phase: Concurrent Mark                               0.000 / 0.000         0.000 / 0.000        21.531 / 24.050       21.531 / 24.050      ms
[2023-11-16T15:19:25.588+0800][gc,stats    ]       Phase: Concurrent Mark Continue                      0.000 / 0.000         0.000 / 0.000         0.000 / 0.000         0.000 / 0.000       ms
[2023-11-16T15:19:25.588+0800][gc,stats    ]       Phase: Concurrent Mark Free                          0.000 / 0.000         0.000 / 0.000         0.001 / 0.001         0.001 / 0.001       ms
[2023-11-16T15:19:25.588+0800][gc,stats    ]       Phase: Concurrent Process Non-Strong References      0.000 / 0.000         0.000 / 0.000         1.995 / 2.420         1.995 / 2.420       ms
[2023-11-16T15:19:25.588+0800][gc,stats    ]       Phase: Concurrent Relocate                           0.000 / 0.000         0.000 / 0.000         2.883 / 2.961         2.883 / 2.961       ms
[2023-11-16T15:19:25.588+0800][gc,stats    ]       Phase: Concurrent Reset Relocation Set               0.000 / 0.000         0.000 / 0.000         0.002 / 0.004         0.002 / 0.004       ms
[2023-11-16T15:19:25.588+0800][gc,stats    ]       Phase: Concurrent Select Relocation Set              0.000 / 0.000         0.000 / 0.000         4.861 / 8.184         4.861 / 8.184       ms
[2023-11-16T15:19:25.588+0800][gc,stats    ]       Phase: Pause Mark End                                0.000 / 0.000         0.000 / 0.000         0.017 / 0.019         0.017 / 0.019       ms
[2023-11-16T15:19:25.588+0800][gc,stats    ]       Phase: Pause Mark Start                              0.000 / 0.000         0.000 / 0.000         0.023 / 0.031         0.023 / 0.031       ms
[2023-11-16T15:19:25.588+0800][gc,stats    ]       Phase: Pause Relocate Start                          0.000 / 0.000         0.000 / 0.000         0.009 / 0.009         0.009 / 0.009       ms
[2023-11-16T15:19:25.588+0800][gc,stats    ]    Subphase: Concurrent Classes Purge                      0.000 / 0.000         0.000 / 0.000         0.066 / 0.071         0.066 / 0.071       ms
[2023-11-16T15:19:25.588+0800][gc,stats    ]    Subphase: Concurrent Classes Unlink                     0.000 / 0.000         0.000 / 0.000         1.264 / 1.492         1.264 / 1.492       ms
[2023-11-16T15:19:25.588+0800][gc,stats    ]    Subphase: Concurrent Mark                               0.000 / 0.000         0.000 / 0.000        18.504 / 22.997       18.504 / 22.997      ms
[2023-11-16T15:19:25.588+0800][gc,stats    ]    Subphase: Concurrent Mark Try Flush                     0.000 / 0.000         0.000 / 0.000         0.201 / 0.455         0.201 / 0.455       ms
[2023-11-16T15:19:25.588+0800][gc,stats    ]    Subphase: Concurrent Mark Try Terminate                 0.000 / 0.000         0.000 / 0.000         4.353 / 12.985        4.353 / 12.985      ms
[2023-11-16T15:19:25.588+0800][gc,stats    ]    Subphase: Concurrent References Enqueue                 0.000 / 0.000         0.000 / 0.000         0.004 / 0.004         0.004 / 0.004       ms
[2023-11-16T15:19:25.588+0800][gc,stats    ]    Subphase: Concurrent References Process                 0.000 / 0.000         0.000 / 0.000         0.104 / 0.123         0.104 / 0.123       ms
[2023-11-16T15:19:25.588+0800][gc,stats    ]    Subphase: Concurrent Roots ClassLoaderDataGraph         0.000 / 0.000         0.000 / 0.000         0.107 / 0.428         0.107 / 0.428       ms
[2023-11-16T15:19:25.588+0800][gc,stats    ]    Subphase: Concurrent Roots CodeCache                    0.000 / 0.000         0.000 / 0.000         0.000 / 0.000         0.000 / 0.000       ms
[2023-11-16T15:19:25.588+0800][gc,stats    ]    Subphase: Concurrent Roots JavaThreads                  0.000 / 0.000         0.000 / 0.000         1.013 / 1.707         1.013 / 1.707       ms
[2023-11-16T15:19:25.588+0800][gc,stats    ]    Subphase: Concurrent Roots OopStorageSet                0.000 / 0.000         0.000 / 0.000         0.146 / 0.289         0.146 / 0.289       ms
[2023-11-16T15:19:25.588+0800][gc,stats    ]    Subphase: Concurrent Weak Roots OopStorageSet           0.000 / 0.000         0.000 / 0.000         0.440 / 0.670         0.440 / 0.670       ms
[2023-11-16T15:19:25.588+0800][gc,stats    ]    Subphase: Pause Mark Try Complete                       0.000 / 0.000         0.000 / 0.000         0.000 / 0.000         0.000 / 0.000       ms
[2023-11-16T15:19:25.588+0800][gc,stats    ]      System: Java Threads                                      0 / 0                 0 / 0                34 / 47               34 / 47          threads
[2023-11-16T15:19:25.588+0800][gc,stats    ] =========================================================================================================================================================
[2023-11-16T15:19:35.576+0800][gc,stats    ] === Garbage Collection Statistics =======================================================================================================================
[2023-11-16T15:19:35.576+0800][gc,stats    ]                                                              Last 10s              Last 10m              Last 10h                Total
[2023-11-16T15:19:35.576+0800][gc,stats    ]                                                              Avg / Max             Avg / Max             Avg / Max             Avg / Max
[2023-11-16T15:19:35.576+0800][gc,stats    ]   Collector: Garbage Collection Cycle                      0.000 / 0.000         0.000 / 0.000        32.129 / 37.536       32.129 / 37.536      ms
[2023-11-16T15:19:35.576+0800][gc,stats    ]  Contention: Mark Segment Reset Contention                     0 / 0                 0 / 0                 0 / 3                 0 / 3           ops/s
[2023-11-16T15:19:35.576+0800][gc,stats    ]  Contention: Mark SeqNum Reset Contention                      0 / 0                 0 / 0                 0 / 0                 0 / 0           ops/s
[2023-11-16T15:19:35.576+0800][gc,stats    ]    Critical: Allocation Stall                                  0 / 0                 0 / 0                 0 / 0                 0 / 0           ops/s
[2023-11-16T15:19:35.576+0800][gc,stats    ]    Critical: Allocation Stall                              0.000 / 0.000         0.000 / 0.000         0.000 / 0.000         0.000 / 0.000       ms
[2023-11-16T15:19:35.576+0800][gc,stats    ]    Critical: GC Locker Stall                                   0 / 0                 0 / 0                 0 / 0                 0 / 0           ops/s
[2023-11-16T15:19:35.576+0800][gc,stats    ]    Critical: GC Locker Stall                               0.000 / 0.000         0.000 / 0.000         0.000 / 0.000         0.000 / 0.000       ms
[2023-11-16T15:19:35.576+0800][gc,stats    ]    Critical: Relocation Stall                                  0 / 0                 0 / 0                 0 / 0                 0 / 0           ops/s
[2023-11-16T15:19:35.576+0800][gc,stats    ]    Critical: Relocation Stall                              0.000 / 0.000         0.000 / 0.000         0.000 / 0.000         0.000 / 0.000       ms
[2023-11-16T15:19:35.576+0800][gc,stats    ]      Memory: Allocation Rate                                   0 / 0                 0 / 8                 0 / 82                0 / 82          MB/s
[2023-11-16T15:19:35.576+0800][gc,stats    ]      Memory: Defragment                                        0 / 0                 0 / 0                 0 / 0                 0 / 0           ops/s
[2023-11-16T15:19:35.577+0800][gc,stats    ]      Memory: Out Of Memory                                     0 / 0                 0 / 0                 0 / 0                 0 / 0           ops/s
[2023-11-16T15:19:35.577+0800][gc,stats    ]      Memory: Page Cache Flush                                  0 / 0                 0 / 0                 0 / 0                 0 / 0           MB/s
[2023-11-16T15:19:35.577+0800][gc,stats    ]      Memory: Page Cache Hit L1                                 0 / 0                 0 / 4                 0 / 33                0 / 33          ops/s
[2023-11-16T15:19:35.577+0800][gc,stats    ]      Memory: Page Cache Hit L2                                 0 / 0                 0 / 0                 0 / 0                 0 / 0           ops/s
[2023-11-16T15:19:35.577+0800][gc,stats    ]      Memory: Page Cache Hit L3                                 0 / 0                 0 / 0                 0 / 41                0 / 41          ops/s
[2023-11-16T15:19:35.577+0800][gc,stats    ]      Memory: Page Cache Miss                                   0 / 0                 0 / 0                 0 / 1                 0 / 1           ops/s
[2023-11-16T15:19:35.577+0800][gc,stats    ]      Memory: Uncommit                                          0 / 0                 0 / 0                 0 / 0                 0 / 0           MB/s
[2023-11-16T15:19:35.577+0800][gc,stats    ]      Memory: Undo Object Allocation Failed                     0 / 0                 0 / 0                 0 / 0                 0 / 0           ops/s
[2023-11-16T15:19:35.577+0800][gc,stats    ]      Memory: Undo Object Allocation Succeeded                  0 / 0                 0 / 0                 0 / 3                 0 / 3           ops/s
[2023-11-16T15:19:35.577+0800][gc,stats    ]      Memory: Undo Page Allocation                              0 / 0                 0 / 0                 0 / 0                 0 / 0           ops/s
[2023-11-16T15:19:35.577+0800][gc,stats    ]       Phase: Concurrent Mark                               0.000 / 0.000         0.000 / 0.000        21.531 / 24.050       21.531 / 24.050      ms
[2023-11-16T15:19:35.577+0800][gc,stats    ]       Phase: Concurrent Mark Continue                      0.000 / 0.000         0.000 / 0.000         0.000 / 0.000         0.000 / 0.000       ms
[2023-11-16T15:19:35.577+0800][gc,stats    ]       Phase: Concurrent Mark Free                          0.000 / 0.000         0.000 / 0.000         0.001 / 0.001         0.001 / 0.001       ms
[2023-11-16T15:19:35.577+0800][gc,stats    ]       Phase: Concurrent Process Non-Strong References      0.000 / 0.000         0.000 / 0.000         1.995 / 2.420         1.995 / 2.420       ms
[2023-11-16T15:19:35.577+0800][gc,stats    ]       Phase: Concurrent Relocate                           0.000 / 0.000         0.000 / 0.000         2.883 / 2.961         2.883 / 2.961       ms
[2023-11-16T15:19:35.577+0800][gc,stats    ]       Phase: Concurrent Reset Relocation Set               0.000 / 0.000         0.000 / 0.000         0.002 / 0.004         0.002 / 0.004       ms
[2023-11-16T15:19:35.577+0800][gc,stats    ]       Phase: Concurrent Select Relocation Set              0.000 / 0.000         0.000 / 0.000         4.861 / 8.184         4.861 / 8.184       ms
[2023-11-16T15:19:35.577+0800][gc,stats    ]       Phase: Pause Mark End                                0.000 / 0.000         0.000 / 0.000         0.017 / 0.019         0.017 / 0.019       ms
[2023-11-16T15:19:35.577+0800][gc,stats    ]       Phase: Pause Mark Start                              0.000 / 0.000         0.000 / 0.000         0.023 / 0.031         0.023 / 0.031       ms
[2023-11-16T15:19:35.577+0800][gc,stats    ]       Phase: Pause Relocate Start                          0.000 / 0.000         0.000 / 0.000         0.009 / 0.009         0.009 / 0.009       ms
[2023-11-16T15:19:35.577+0800][gc,stats    ]    Subphase: Concurrent Classes Purge                      0.000 / 0.000         0.000 / 0.000         0.066 / 0.071         0.066 / 0.071       ms
[2023-11-16T15:19:35.577+0800][gc,stats    ]    Subphase: Concurrent Classes Unlink                     0.000 / 0.000         0.000 / 0.000         1.264 / 1.492         1.264 / 1.492       ms
[2023-11-16T15:19:35.577+0800][gc,stats    ]    Subphase: Concurrent Mark                               0.000 / 0.000         0.000 / 0.000        18.504 / 22.997       18.504 / 22.997      ms
[2023-11-16T15:19:35.577+0800][gc,stats    ]    Subphase: Concurrent Mark Try Flush                     0.000 / 0.000         0.000 / 0.000         0.201 / 0.455         0.201 / 0.455       ms
[2023-11-16T15:19:35.577+0800][gc,stats    ]    Subphase: Concurrent Mark Try Terminate                 0.000 / 0.000         0.000 / 0.000         4.353 / 12.985        4.353 / 12.985      ms
[2023-11-16T15:19:35.577+0800][gc,stats    ]    Subphase: Concurrent References Enqueue                 0.000 / 0.000         0.000 / 0.000         0.004 / 0.004         0.004 / 0.004       ms
[2023-11-16T15:19:35.577+0800][gc,stats    ]    Subphase: Concurrent References Process                 0.000 / 0.000         0.000 / 0.000         0.104 / 0.123         0.104 / 0.123       ms
[2023-11-16T15:19:35.577+0800][gc,stats    ]    Subphase: Concurrent Roots ClassLoaderDataGraph         0.000 / 0.000         0.000 / 0.000         0.107 / 0.428         0.107 / 0.428       ms
[2023-11-16T15:19:35.577+0800][gc,stats    ]    Subphase: Concurrent Roots CodeCache                    0.000 / 0.000         0.000 / 0.000         0.000 / 0.000         0.000 / 0.000       ms
[2023-11-16T15:19:35.577+0800][gc,stats    ]    Subphase: Concurrent Roots JavaThreads                  0.000 / 0.000         0.000 / 0.000         1.013 / 1.707         1.013 / 1.707       ms
[2023-11-16T15:19:35.577+0800][gc,stats    ]    Subphase: Concurrent Roots OopStorageSet                0.000 / 0.000         0.000 / 0.000         0.146 / 0.289         0.146 / 0.289       ms
[2023-11-16T15:19:35.577+0800][gc,stats    ]    Subphase: Concurrent Weak Roots OopStorageSet           0.000 / 0.000         0.000 / 0.000         0.440 / 0.670         0.440 / 0.670       ms
[2023-11-16T15:19:35.577+0800][gc,stats    ]    Subphase: Pause Mark Try Complete                       0.000 / 0.000         0.000 / 0.000         0.000 / 0.000         0.000 / 0.000       ms
[2023-11-16T15:19:35.577+0800][gc,stats    ]      System: Java Threads                                      0 / 0                 0 / 0                34 / 47               34 / 47          threads
[2023-11-16T15:19:35.577+0800][gc,stats    ] =========================================================================================================================================================
[2023-11-16T15:19:45.588+0800][gc,stats    ] === Garbage Collection Statistics =======================================================================================================================
[2023-11-16T15:19:45.588+0800][gc,stats    ]                                                              Last 10s              Last 10m              Last 10h                Total
[2023-11-16T15:19:45.588+0800][gc,stats    ]                                                              Avg / Max             Avg / Max             Avg / Max             Avg / Max
[2023-11-16T15:19:45.588+0800][gc,stats    ]   Collector: Garbage Collection Cycle                      0.000 / 0.000         0.000 / 0.000        32.129 / 37.536       32.129 / 37.536      ms
[2023-11-16T15:19:45.588+0800][gc,stats    ]  Contention: Mark Segment Reset Contention                     0 / 0                 0 / 0                 0 / 3                 0 / 3           ops/s
[2023-11-16T15:19:45.588+0800][gc,stats    ]  Contention: Mark SeqNum Reset Contention                      0 / 0                 0 / 0                 0 / 0                 0 / 0           ops/s
[2023-11-16T15:19:45.588+0800][gc,stats    ]    Critical: Allocation Stall                                  0 / 0                 0 / 0                 0 / 0                 0 / 0           ops/s
[2023-11-16T15:19:45.588+0800][gc,stats    ]    Critical: Allocation Stall                              0.000 / 0.000         0.000 / 0.000         0.000 / 0.000         0.000 / 0.000       ms
[2023-11-16T15:19:45.588+0800][gc,stats    ]    Critical: GC Locker Stall                                   0 / 0                 0 / 0                 0 / 0                 0 / 0           ops/s
[2023-11-16T15:19:45.588+0800][gc,stats    ]    Critical: GC Locker Stall                               0.000 / 0.000         0.000 / 0.000         0.000 / 0.000         0.000 / 0.000       ms
[2023-11-16T15:19:45.588+0800][gc,stats    ]    Critical: Relocation Stall                                  0 / 0                 0 / 0                 0 / 0                 0 / 0           ops/s
[2023-11-16T15:19:45.588+0800][gc,stats    ]    Critical: Relocation Stall                              0.000 / 0.000         0.000 / 0.000         0.000 / 0.000         0.000 / 0.000       ms
[2023-11-16T15:19:45.588+0800][gc,stats    ]      Memory: Allocation Rate                                   0 / 0                 0 / 8                 0 / 82                0 / 82          MB/s
[2023-11-16T15:19:45.588+0800][gc,stats    ]      Memory: Defragment                                        0 / 0                 0 / 0                 0 / 0                 0 / 0           ops/s
[2023-11-16T15:19:45.588+0800][gc,stats    ]      Memory: Out Of Memory                                     0 / 0                 0 / 0                 0 / 0                 0 / 0           ops/s
[2023-11-16T15:19:45.588+0800][gc,stats    ]      Memory: Page Cache Flush                                  0 / 0                 0 / 0                 0 / 0                 0 / 0           MB/s
[2023-11-16T15:19:45.588+0800][gc,stats    ]      Memory: Page Cache Hit L1                                 0 / 0                 0 / 4                 0 / 33                0 / 33          ops/s
[2023-11-16T15:19:45.588+0800][gc,stats    ]      Memory: Page Cache Hit L2                                 0 / 0                 0 / 0                 0 / 0                 0 / 0           ops/s
[2023-11-16T15:19:45.588+0800][gc,stats    ]      Memory: Page Cache Hit L3                                 0 / 0                 0 / 0                 0 / 41                0 / 41          ops/s
[2023-11-16T15:19:45.588+0800][gc,stats    ]      Memory: Page Cache Miss                                   0 / 0                 0 / 0                 0 / 1                 0 / 1           ops/s
[2023-11-16T15:19:45.588+0800][gc,stats    ]      Memory: Uncommit                                          0 / 0                 0 / 0                 0 / 0                 0 / 0           MB/s
[2023-11-16T15:19:45.588+0800][gc,stats    ]      Memory: Undo Object Allocation Failed                     0 / 0                 0 / 0                 0 / 0                 0 / 0           ops/s
[2023-11-16T15:19:45.588+0800][gc,stats    ]      Memory: Undo Object Allocation Succeeded                  0 / 0                 0 / 0                 0 / 3                 0 / 3           ops/s
[2023-11-16T15:19:45.588+0800][gc,stats    ]      Memory: Undo Page Allocation                              0 / 0                 0 / 0                 0 / 0                 0 / 0           ops/s
[2023-11-16T15:19:45.588+0800][gc,stats    ]       Phase: Concurrent Mark                               0.000 / 0.000         0.000 / 0.000        21.531 / 24.050       21.531 / 24.050      ms
[2023-11-16T15:19:45.588+0800][gc,stats    ]       Phase: Concurrent Mark Continue                      0.000 / 0.000         0.000 / 0.000         0.000 / 0.000         0.000 / 0.000       ms
[2023-11-16T15:19:45.588+0800][gc,stats    ]       Phase: Concurrent Mark Free                          0.000 / 0.000         0.000 / 0.000         0.001 / 0.001         0.001 / 0.001       ms
[2023-11-16T15:19:45.588+0800][gc,stats    ]       Phase: Concurrent Process Non-Strong References      0.000 / 0.000         0.000 / 0.000         1.995 / 2.420         1.995 / 2.420       ms
[2023-11-16T15:19:45.588+0800][gc,stats    ]       Phase: Concurrent Relocate                           0.000 / 0.000         0.000 / 0.000         2.883 / 2.961         2.883 / 2.961       ms
[2023-11-16T15:19:45.588+0800][gc,stats    ]       Phase: Concurrent Reset Relocation Set               0.000 / 0.000         0.000 / 0.000         0.002 / 0.004         0.002 / 0.004       ms
[2023-11-16T15:19:45.588+0800][gc,stats    ]       Phase: Concurrent Select Relocation Set              0.000 / 0.000         0.000 / 0.000         4.861 / 8.184         4.861 / 8.184       ms
[2023-11-16T15:19:45.588+0800][gc,stats    ]       Phase: Pause Mark End                                0.000 / 0.000         0.000 / 0.000         0.017 / 0.019         0.017 / 0.019       ms
[2023-11-16T15:19:45.588+0800][gc,stats    ]       Phase: Pause Mark Start                              0.000 / 0.000         0.000 / 0.000         0.023 / 0.031         0.023 / 0.031       ms
[2023-11-16T15:19:45.588+0800][gc,stats    ]       Phase: Pause Relocate Start                          0.000 / 0.000         0.000 / 0.000         0.009 / 0.009         0.009 / 0.009       ms
[2023-11-16T15:19:45.588+0800][gc,stats    ]    Subphase: Concurrent Classes Purge                      0.000 / 0.000         0.000 / 0.000         0.066 / 0.071         0.066 / 0.071       ms
[2023-11-16T15:19:45.588+0800][gc,stats    ]    Subphase: Concurrent Classes Unlink                     0.000 / 0.000         0.000 / 0.000         1.264 / 1.492         1.264 / 1.492       ms
[2023-11-16T15:19:45.588+0800][gc,stats    ]    Subphase: Concurrent Mark                               0.000 / 0.000         0.000 / 0.000        18.504 / 22.997       18.504 / 22.997      ms
[2023-11-16T15:19:45.588+0800][gc,stats    ]    Subphase: Concurrent Mark Try Flush                     0.000 / 0.000         0.000 / 0.000         0.201 / 0.455         0.201 / 0.455       ms
[2023-11-16T15:19:45.588+0800][gc,stats    ]    Subphase: Concurrent Mark Try Terminate                 0.000 / 0.000         0.000 / 0.000         4.353 / 12.985        4.353 / 12.985      ms
[2023-11-16T15:19:45.588+0800][gc,stats    ]    Subphase: Concurrent References Enqueue                 0.000 / 0.000         0.000 / 0.000         0.004 / 0.004         0.004 / 0.004       ms
[2023-11-16T15:19:45.588+0800][gc,stats    ]    Subphase: Concurrent References Process                 0.000 / 0.000         0.000 / 0.000         0.104 / 0.123         0.104 / 0.123       ms
[2023-11-16T15:19:45.588+0800][gc,stats    ]    Subphase: Concurrent Roots ClassLoaderDataGraph         0.000 / 0.000         0.000 / 0.000         0.107 / 0.428         0.107 / 0.428       ms
[2023-11-16T15:19:45.588+0800][gc,stats    ]    Subphase: Concurrent Roots CodeCache                    0.000 / 0.000         0.000 / 0.000         0.000 / 0.000         0.000 / 0.000       ms
[2023-11-16T15:19:45.588+0800][gc,stats    ]    Subphase: Concurrent Roots JavaThreads                  0.000 / 0.000         0.000 / 0.000         1.013 / 1.707         1.013 / 1.707       ms
[2023-11-16T15:19:45.588+0800][gc,stats    ]    Subphase: Concurrent Roots OopStorageSet                0.000 / 0.000         0.000 / 0.000         0.146 / 0.289         0.146 / 0.289       ms
[2023-11-16T15:19:45.588+0800][gc,stats    ]    Subphase: Concurrent Weak Roots OopStorageSet           0.000 / 0.000         0.000 / 0.000         0.440 / 0.670         0.440 / 0.670       ms
[2023-11-16T15:19:45.588+0800][gc,stats    ]    Subphase: Pause Mark Try Complete                       0.000 / 0.000         0.000 / 0.000         0.000 / 0.000         0.000 / 0.000       ms
[2023-11-16T15:19:45.588+0800][gc,stats    ]      System: Java Threads                                      0 / 0                 0 / 0                34 / 47               34 / 47          threads
[2023-11-16T15:19:45.588+0800][gc,stats    ] =========================================================================================================================================================
[2023-11-16T15:19:55.590+0800][gc,stats    ] === Garbage Collection Statistics =======================================================================================================================
[2023-11-16T15:19:55.590+0800][gc,stats    ]                                                              Last 10s              Last 10m              Last 10h                Total
[2023-11-16T15:19:55.590+0800][gc,stats    ]                                                              Avg / Max             Avg / Max             Avg / Max             Avg / Max
[2023-11-16T15:19:55.590+0800][gc,stats    ]   Collector: Garbage Collection Cycle                      0.000 / 0.000         0.000 / 0.000        32.129 / 37.536       32.129 / 37.536      ms
[2023-11-16T15:19:55.590+0800][gc,stats    ]  Contention: Mark Segment Reset Contention                     0 / 0                 0 / 0                 0 / 3                 0 / 3           ops/s
[2023-11-16T15:19:55.590+0800][gc,stats    ]  Contention: Mark SeqNum Reset Contention                      0 / 0                 0 / 0                 0 / 0                 0 / 0           ops/s
[2023-11-16T15:19:55.590+0800][gc,stats    ]    Critical: Allocation Stall                                  0 / 0                 0 / 0                 0 / 0                 0 / 0           ops/s
[2023-11-16T15:19:55.590+0800][gc,stats    ]    Critical: Allocation Stall                              0.000 / 0.000         0.000 / 0.000         0.000 / 0.000         0.000 / 0.000       ms
[2023-11-16T15:19:55.590+0800][gc,stats    ]    Critical: GC Locker Stall                                   0 / 0                 0 / 0                 0 / 0                 0 / 0           ops/s
[2023-11-16T15:19:55.590+0800][gc,stats    ]    Critical: GC Locker Stall                               0.000 / 0.000         0.000 / 0.000         0.000 / 0.000         0.000 / 0.000       ms
[2023-11-16T15:19:55.590+0800][gc,stats    ]    Critical: Relocation Stall                                  0 / 0                 0 / 0                 0 / 0                 0 / 0           ops/s
[2023-11-16T15:19:55.590+0800][gc,stats    ]    Critical: Relocation Stall                              0.000 / 0.000         0.000 / 0.000         0.000 / 0.000         0.000 / 0.000       ms
[2023-11-16T15:19:55.590+0800][gc,stats    ]      Memory: Allocation Rate                                   0 / 0                 0 / 8                 0 / 82                0 / 82          MB/s
[2023-11-16T15:19:55.590+0800][gc,stats    ]      Memory: Defragment                                        0 / 0                 0 / 0                 0 / 0                 0 / 0           ops/s
[2023-11-16T15:19:55.590+0800][gc,stats    ]      Memory: Out Of Memory                                     0 / 0                 0 / 0                 0 / 0                 0 / 0           ops/s
[2023-11-16T15:19:55.590+0800][gc,stats    ]      Memory: Page Cache Flush                                  0 / 0                 0 / 0                 0 / 0                 0 / 0           MB/s
[2023-11-16T15:19:55.590+0800][gc,stats    ]      Memory: Page Cache Hit L1                                 0 / 0                 0 / 4                 0 / 33                0 / 33          ops/s
[2023-11-16T15:19:55.590+0800][gc,stats    ]      Memory: Page Cache Hit L2                                 0 / 0                 0 / 0                 0 / 0                 0 / 0           ops/s
[2023-11-16T15:19:55.590+0800][gc,stats    ]      Memory: Page Cache Hit L3                                 0 / 0                 0 / 0                 0 / 41                0 / 41          ops/s
[2023-11-16T15:19:55.590+0800][gc,stats    ]      Memory: Page Cache Miss                                   0 / 0                 0 / 0                 0 / 1                 0 / 1           ops/s
[2023-11-16T15:19:55.590+0800][gc,stats    ]      Memory: Uncommit                                          0 / 0                 0 / 0                 0 / 0                 0 / 0           MB/s
[2023-11-16T15:19:55.590+0800][gc,stats    ]      Memory: Undo Object Allocation Failed                     0 / 0                 0 / 0                 0 / 0                 0 / 0           ops/s
[2023-11-16T15:19:55.590+0800][gc,stats    ]      Memory: Undo Object Allocation Succeeded                  0 / 0                 0 / 0                 0 / 3                 0 / 3           ops/s
[2023-11-16T15:19:55.590+0800][gc,stats    ]      Memory: Undo Page Allocation                              0 / 0                 0 / 0                 0 / 0                 0 / 0           ops/s
[2023-11-16T15:19:55.590+0800][gc,stats    ]       Phase: Concurrent Mark                               0.000 / 0.000         0.000 / 0.000        21.531 / 24.050       21.531 / 24.050      ms
[2023-11-16T15:19:55.590+0800][gc,stats    ]       Phase: Concurrent Mark Continue                      0.000 / 0.000         0.000 / 0.000         0.000 / 0.000         0.000 / 0.000       ms
[2023-11-16T15:19:55.590+0800][gc,stats    ]       Phase: Concurrent Mark Free                          0.000 / 0.000         0.000 / 0.000         0.001 / 0.001         0.001 / 0.001       ms
[2023-11-16T15:19:55.590+0800][gc,stats    ]       Phase: Concurrent Process Non-Strong References      0.000 / 0.000         0.000 / 0.000         1.995 / 2.420         1.995 / 2.420       ms
[2023-11-16T15:19:55.590+0800][gc,stats    ]       Phase: Concurrent Relocate                           0.000 / 0.000         0.000 / 0.000         2.883 / 2.961         2.883 / 2.961       ms
[2023-11-16T15:19:55.590+0800][gc,stats    ]       Phase: Concurrent Reset Relocation Set               0.000 / 0.000         0.000 / 0.000         0.002 / 0.004         0.002 / 0.004       ms
[2023-11-16T15:19:55.590+0800][gc,stats    ]       Phase: Concurrent Select Relocation Set              0.000 / 0.000         0.000 / 0.000         4.861 / 8.184         4.861 / 8.184       ms
[2023-11-16T15:19:55.590+0800][gc,stats    ]       Phase: Pause Mark End                                0.000 / 0.000         0.000 / 0.000         0.017 / 0.019         0.017 / 0.019       ms
[2023-11-16T15:19:55.590+0800][gc,stats    ]       Phase: Pause Mark Start                              0.000 / 0.000         0.000 / 0.000         0.023 / 0.031         0.023 / 0.031       ms
[2023-11-16T15:19:55.590+0800][gc,stats    ]       Phase: Pause Relocate Start                          0.000 / 0.000         0.000 / 0.000         0.009 / 0.009         0.009 / 0.009       ms
[2023-11-16T15:19:55.590+0800][gc,stats    ]    Subphase: Concurrent Classes Purge                      0.000 / 0.000         0.000 / 0.000         0.066 / 0.071         0.066 / 0.071       ms
[2023-11-16T15:19:55.590+0800][gc,stats    ]    Subphase: Concurrent Classes Unlink                     0.000 / 0.000         0.000 / 0.000         1.264 / 1.492         1.264 / 1.492       ms
[2023-11-16T15:19:55.590+0800][gc,stats    ]    Subphase: Concurrent Mark                               0.000 / 0.000         0.000 / 0.000        18.504 / 22.997       18.504 / 22.997      ms
[2023-11-16T15:19:55.590+0800][gc,stats    ]    Subphase: Concurrent Mark Try Flush                     0.000 / 0.000         0.000 / 0.000         0.201 / 0.455         0.201 / 0.455       ms
[2023-11-16T15:19:55.590+0800][gc,stats    ]    Subphase: Concurrent Mark Try Terminate                 0.000 / 0.000         0.000 / 0.000         4.353 / 12.985        4.353 / 12.985      ms
[2023-11-16T15:19:55.590+0800][gc,stats    ]    Subphase: Concurrent References Enqueue                 0.000 / 0.000         0.000 / 0.000         0.004 / 0.004         0.004 / 0.004       ms
[2023-11-16T15:19:55.590+0800][gc,stats    ]    Subphase: Concurrent References Process                 0.000 / 0.000         0.000 / 0.000         0.104 / 0.123         0.104 / 0.123       ms
[2023-11-16T15:19:55.590+0800][gc,stats    ]    Subphase: Concurrent Roots ClassLoaderDataGraph         0.000 / 0.000         0.000 / 0.000         0.107 / 0.428         0.107 / 0.428       ms
[2023-11-16T15:19:55.590+0800][gc,stats    ]    Subphase: Concurrent Roots CodeCache                    0.000 / 0.000         0.000 / 0.000         0.000 / 0.000         0.000 / 0.000       ms
[2023-11-16T15:19:55.590+0800][gc,stats    ]    Subphase: Concurrent Roots JavaThreads                  0.000 / 0.000         0.000 / 0.000         1.013 / 1.707         1.013 / 1.707       ms
[2023-11-16T15:19:55.590+0800][gc,stats    ]    Subphase: Concurrent Roots OopStorageSet                0.000 / 0.000         0.000 / 0.000         0.146 / 0.289         0.146 / 0.289       ms
[2023-11-16T15:19:55.590+0800][gc,stats    ]    Subphase: Concurrent Weak Roots OopStorageSet           0.000 / 0.000         0.000 / 0.000         0.440 / 0.670         0.440 / 0.670       ms
[2023-11-16T15:19:55.590+0800][gc,stats    ]    Subphase: Pause Mark Try Complete                       0.000 / 0.000         0.000 / 0.000         0.000 / 0.000         0.000 / 0.000       ms
[2023-11-16T15:19:55.590+0800][gc,stats    ]      System: Java Threads                                      0 / 0                 0 / 0                34 / 47               34 / 47          threads
[2023-11-16T15:19:55.590+0800][gc,stats    ] =========================================================================================================================================================
[2023-11-16T15:20:05.585+0800][gc,stats    ] === Garbage Collection Statistics =======================================================================================================================
[2023-11-16T15:20:05.585+0800][gc,stats    ]                                                              Last 10s              Last 10m              Last 10h                Total
[2023-11-16T15:20:05.585+0800][gc,stats    ]                                                              Avg / Max             Avg / Max             Avg / Max             Avg / Max
[2023-11-16T15:20:05.585+0800][gc,stats    ]   Collector: Garbage Collection Cycle                      0.000 / 0.000         0.000 / 0.000        32.129 / 37.536       32.129 / 37.536      ms
[2023-11-16T15:20:05.585+0800][gc,stats    ]  Contention: Mark Segment Reset Contention                     0 / 0                 0 / 0                 0 / 3                 0 / 3           ops/s
[2023-11-16T15:20:05.585+0800][gc,stats    ]  Contention: Mark SeqNum Reset Contention                      0 / 0                 0 / 0                 0 / 0                 0 / 0           ops/s
[2023-11-16T15:20:05.585+0800][gc,stats    ]    Critical: Allocation Stall                                  0 / 0                 0 / 0                 0 / 0                 0 / 0           ops/s
[2023-11-16T15:20:05.585+0800][gc,stats    ]    Critical: Allocation Stall                              0.000 / 0.000         0.000 / 0.000         0.000 / 0.000         0.000 / 0.000       ms
[2023-11-16T15:20:05.585+0800][gc,stats    ]    Critical: GC Locker Stall                                   0 / 0                 0 / 0                 0 / 0                 0 / 0           ops/s
[2023-11-16T15:20:05.585+0800][gc,stats    ]    Critical: GC Locker Stall                               0.000 / 0.000         0.000 / 0.000         0.000 / 0.000         0.000 / 0.000       ms
[2023-11-16T15:20:05.585+0800][gc,stats    ]    Critical: Relocation Stall                                  0 / 0                 0 / 0                 0 / 0                 0 / 0           ops/s
[2023-11-16T15:20:05.585+0800][gc,stats    ]    Critical: Relocation Stall                              0.000 / 0.000         0.000 / 0.000         0.000 / 0.000         0.000 / 0.000       ms
[2023-11-16T15:20:05.585+0800][gc,stats    ]      Memory: Allocation Rate                                   0 / 0                 0 / 8                 0 / 82                0 / 82          MB/s
[2023-11-16T15:20:05.585+0800][gc,stats    ]      Memory: Defragment                                        0 / 0                 0 / 0                 0 / 0                 0 / 0           ops/s
[2023-11-16T15:20:05.585+0800][gc,stats    ]      Memory: Out Of Memory                                     0 / 0                 0 / 0                 0 / 0                 0 / 0           ops/s
[2023-11-16T15:20:05.585+0800][gc,stats    ]      Memory: Page Cache Flush                                  0 / 0                 0 / 0                 0 / 0                 0 / 0           MB/s
[2023-11-16T15:20:05.585+0800][gc,stats    ]      Memory: Page Cache Hit L1                                 0 / 0                 0 / 4                 0 / 33                0 / 33          ops/s
[2023-11-16T15:20:05.585+0800][gc,stats    ]      Memory: Page Cache Hit L2                                 0 / 0                 0 / 0                 0 / 0                 0 / 0           ops/s
[2023-11-16T15:20:05.585+0800][gc,stats    ]      Memory: Page Cache Hit L3                                 0 / 0                 0 / 0                 0 / 41                0 / 41          ops/s
[2023-11-16T15:20:05.585+0800][gc,stats    ]      Memory: Page Cache Miss                                   0 / 0                 0 / 0                 0 / 1                 0 / 1           ops/s
[2023-11-16T15:20:05.585+0800][gc,stats    ]      Memory: Uncommit                                          0 / 0                 0 / 0                 0 / 0                 0 / 0           MB/s
[2023-11-16T15:20:05.585+0800][gc,stats    ]      Memory: Undo Object Allocation Failed                     0 / 0                 0 / 0                 0 / 0                 0 / 0           ops/s
[2023-11-16T15:20:05.585+0800][gc,stats    ]      Memory: Undo Object Allocation Succeeded                  0 / 0                 0 / 0                 0 / 3                 0 / 3           ops/s
[2023-11-16T15:20:05.585+0800][gc,stats    ]      Memory: Undo Page Allocation                              0 / 0                 0 / 0                 0 / 0                 0 / 0           ops/s
[2023-11-16T15:20:05.585+0800][gc,stats    ]       Phase: Concurrent Mark                               0.000 / 0.000         0.000 / 0.000        21.531 / 24.050       21.531 / 24.050      ms
[2023-11-16T15:20:05.585+0800][gc,stats    ]       Phase: Concurrent Mark Continue                      0.000 / 0.000         0.000 / 0.000         0.000 / 0.000         0.000 / 0.000       ms
[2023-11-16T15:20:05.585+0800][gc,stats    ]       Phase: Concurrent Mark Free                          0.000 / 0.000         0.000 / 0.000         0.001 / 0.001         0.001 / 0.001       ms
[2023-11-16T15:20:05.585+0800][gc,stats    ]       Phase: Concurrent Process Non-Strong References      0.000 / 0.000         0.000 / 0.000         1.995 / 2.420         1.995 / 2.420       ms
[2023-11-16T15:20:05.585+0800][gc,stats    ]       Phase: Concurrent Relocate                           0.000 / 0.000         0.000 / 0.000         2.883 / 2.961         2.883 / 2.961       ms
[2023-11-16T15:20:05.585+0800][gc,stats    ]       Phase: Concurrent Reset Relocation Set               0.000 / 0.000         0.000 / 0.000         0.002 / 0.004         0.002 / 0.004       ms
[2023-11-16T15:20:05.585+0800][gc,stats    ]       Phase: Concurrent Select Relocation Set              0.000 / 0.000         0.000 / 0.000         4.861 / 8.184         4.861 / 8.184       ms
[2023-11-16T15:20:05.585+0800][gc,stats    ]       Phase: Pause Mark End                                0.000 / 0.000         0.000 / 0.000         0.017 / 0.019         0.017 / 0.019       ms
[2023-11-16T15:20:05.585+0800][gc,stats    ]       Phase: Pause Mark Start                              0.000 / 0.000         0.000 / 0.000         0.023 / 0.031         0.023 / 0.031       ms
[2023-11-16T15:20:05.585+0800][gc,stats    ]       Phase: Pause Relocate Start                          0.000 / 0.000         0.000 / 0.000         0.009 / 0.009         0.009 / 0.009       ms
[2023-11-16T15:20:05.585+0800][gc,stats    ]    Subphase: Concurrent Classes Purge                      0.000 / 0.000         0.000 / 0.000         0.066 / 0.071         0.066 / 0.071       ms
[2023-11-16T15:20:05.585+0800][gc,stats    ]    Subphase: Concurrent Classes Unlink                     0.000 / 0.000         0.000 / 0.000         1.264 / 1.492         1.264 / 1.492       ms
[2023-11-16T15:20:05.585+0800][gc,stats    ]    Subphase: Concurrent Mark                               0.000 / 0.000         0.000 / 0.000        18.504 / 22.997       18.504 / 22.997      ms
[2023-11-16T15:20:05.585+0800][gc,stats    ]    Subphase: Concurrent Mark Try Flush                     0.000 / 0.000         0.000 / 0.000         0.201 / 0.455         0.201 / 0.455       ms
[2023-11-16T15:20:05.585+0800][gc,stats    ]    Subphase: Concurrent Mark Try Terminate                 0.000 / 0.000         0.000 / 0.000         4.353 / 12.985        4.353 / 12.985      ms
[2023-11-16T15:20:05.585+0800][gc,stats    ]    Subphase: Concurrent References Enqueue                 0.000 / 0.000         0.000 / 0.000         0.004 / 0.004         0.004 / 0.004       ms
[2023-11-16T15:20:05.585+0800][gc,stats    ]    Subphase: Concurrent References Process                 0.000 / 0.000         0.000 / 0.000         0.104 / 0.123         0.104 / 0.123       ms
[2023-11-16T15:20:05.585+0800][gc,stats    ]    Subphase: Concurrent Roots ClassLoaderDataGraph         0.000 / 0.000         0.000 / 0.000         0.107 / 0.428         0.107 / 0.428       ms
[2023-11-16T15:20:05.585+0800][gc,stats    ]    Subphase: Concurrent Roots CodeCache                    0.000 / 0.000         0.000 / 0.000         0.000 / 0.000         0.000 / 0.000       ms
[2023-11-16T15:20:05.585+0800][gc,stats    ]    Subphase: Concurrent Roots JavaThreads                  0.000 / 0.000         0.000 / 0.000         1.013 / 1.707         1.013 / 1.707       ms
[2023-11-16T15:20:05.585+0800][gc,stats    ]    Subphase: Concurrent Roots OopStorageSet                0.000 / 0.000         0.000 / 0.000         0.146 / 0.289         0.146 / 0.289       ms
[2023-11-16T15:20:05.585+0800][gc,stats    ]    Subphase: Concurrent Weak Roots OopStorageSet           0.000 / 0.000         0.000 / 0.000         0.440 / 0.670         0.440 / 0.670       ms
[2023-11-16T15:20:05.585+0800][gc,stats    ]    Subphase: Pause Mark Try Complete                       0.000 / 0.000         0.000 / 0.000         0.000 / 0.000         0.000 / 0.000       ms
[2023-11-16T15:20:05.585+0800][gc,stats    ]      System: Java Threads                                      0 / 0                 0 / 0                34 / 47               34 / 47          threads
[2023-11-16T15:20:05.585+0800][gc,stats    ] =========================================================================================================================================================
[2023-11-16T15:20:15.590+0800][gc,stats    ] === Garbage Collection Statistics =======================================================================================================================
[2023-11-16T15:20:15.590+0800][gc,stats    ]                                                              Last 10s              Last 10m              Last 10h                Total
[2023-11-16T15:20:15.590+0800][gc,stats    ]                                                              Avg / Max             Avg / Max             Avg / Max             Avg / Max
[2023-11-16T15:20:15.590+0800][gc,stats    ]   Collector: Garbage Collection Cycle                      0.000 / 0.000         0.000 / 0.000        32.129 / 37.536       32.129 / 37.536      ms
[2023-11-16T15:20:15.590+0800][gc,stats    ]  Contention: Mark Segment Reset Contention                     0 / 0                 0 / 0                 0 / 3                 0 / 3           ops/s
[2023-11-16T15:20:15.590+0800][gc,stats    ]  Contention: Mark SeqNum Reset Contention                      0 / 0                 0 / 0                 0 / 0                 0 / 0           ops/s
[2023-11-16T15:20:15.590+0800][gc,stats    ]    Critical: Allocation Stall                                  0 / 0                 0 / 0                 0 / 0                 0 / 0           ops/s
[2023-11-16T15:20:15.590+0800][gc,stats    ]    Critical: Allocation Stall                              0.000 / 0.000         0.000 / 0.000         0.000 / 0.000         0.000 / 0.000       ms
[2023-11-16T15:20:15.590+0800][gc,stats    ]    Critical: GC Locker Stall                                   0 / 0                 0 / 0                 0 / 0                 0 / 0           ops/s
[2023-11-16T15:20:15.590+0800][gc,stats    ]    Critical: GC Locker Stall                               0.000 / 0.000         0.000 / 0.000         0.000 / 0.000         0.000 / 0.000       ms
[2023-11-16T15:20:15.590+0800][gc,stats    ]    Critical: Relocation Stall                                  0 / 0                 0 / 0                 0 / 0                 0 / 0           ops/s
[2023-11-16T15:20:15.590+0800][gc,stats    ]    Critical: Relocation Stall                              0.000 / 0.000         0.000 / 0.000         0.000 / 0.000         0.000 / 0.000       ms
[2023-11-16T15:20:15.590+0800][gc,stats    ]      Memory: Allocation Rate                                   0 / 0                 0 / 8                 0 / 82                0 / 82          MB/s
[2023-11-16T15:20:15.590+0800][gc,stats    ]      Memory: Defragment                                        0 / 0                 0 / 0                 0 / 0                 0 / 0           ops/s
[2023-11-16T15:20:15.590+0800][gc,stats    ]      Memory: Out Of Memory                                     0 / 0                 0 / 0                 0 / 0                 0 / 0           ops/s
[2023-11-16T15:20:15.590+0800][gc,stats    ]      Memory: Page Cache Flush                                  0 / 0                 0 / 0                 0 / 0                 0 / 0           MB/s
[2023-11-16T15:20:15.590+0800][gc,stats    ]      Memory: Page Cache Hit L1                                 0 / 0                 0 / 4                 0 / 33                0 / 33          ops/s
[2023-11-16T15:20:15.590+0800][gc,stats    ]      Memory: Page Cache Hit L2                                 0 / 0                 0 / 0                 0 / 0                 0 / 0           ops/s
[2023-11-16T15:20:15.590+0800][gc,stats    ]      Memory: Page Cache Hit L3                                 0 / 0                 0 / 0                 0 / 41                0 / 41          ops/s
[2023-11-16T15:20:15.590+0800][gc,stats    ]      Memory: Page Cache Miss                                   0 / 0                 0 / 0                 0 / 1                 0 / 1           ops/s
[2023-11-16T15:20:15.590+0800][gc,stats    ]      Memory: Uncommit                                          0 / 0                 0 / 0                 0 / 0                 0 / 0           MB/s
[2023-11-16T15:20:15.590+0800][gc,stats    ]      Memory: Undo Object Allocation Failed                     0 / 0                 0 / 0                 0 / 0                 0 / 0           ops/s
[2023-11-16T15:20:15.590+0800][gc,stats    ]      Memory: Undo Object Allocation Succeeded                  0 / 0                 0 / 0                 0 / 3                 0 / 3           ops/s
[2023-11-16T15:20:15.590+0800][gc,stats    ]      Memory: Undo Page Allocation                              0 / 0                 0 / 0                 0 / 0                 0 / 0           ops/s
[2023-11-16T15:20:15.590+0800][gc,stats    ]       Phase: Concurrent Mark                               0.000 / 0.000         0.000 / 0.000        21.531 / 24.050       21.531 / 24.050      ms
[2023-11-16T15:20:15.590+0800][gc,stats    ]       Phase: Concurrent Mark Continue                      0.000 / 0.000         0.000 / 0.000         0.000 / 0.000         0.000 / 0.000       ms
[2023-11-16T15:20:15.590+0800][gc,stats    ]       Phase: Concurrent Mark Free                          0.000 / 0.000         0.000 / 0.000         0.001 / 0.001         0.001 / 0.001       ms
[2023-11-16T15:20:15.590+0800][gc,stats    ]       Phase: Concurrent Process Non-Strong References      0.000 / 0.000         0.000 / 0.000         1.995 / 2.420         1.995 / 2.420       ms
[2023-11-16T15:20:15.590+0800][gc,stats    ]       Phase: Concurrent Relocate                           0.000 / 0.000         0.000 / 0.000         2.883 / 2.961         2.883 / 2.961       ms
[2023-11-16T15:20:15.590+0800][gc,stats    ]       Phase: Concurrent Reset Relocation Set               0.000 / 0.000         0.000 / 0.000         0.002 / 0.004         0.002 / 0.004       ms
[2023-11-16T15:20:15.590+0800][gc,stats    ]       Phase: Concurrent Select Relocation Set              0.000 / 0.000         0.000 / 0.000         4.861 / 8.184         4.861 / 8.184       ms
[2023-11-16T15:20:15.590+0800][gc,stats    ]       Phase: Pause Mark End                                0.000 / 0.000         0.000 / 0.000         0.017 / 0.019         0.017 / 0.019       ms
[2023-11-16T15:20:15.590+0800][gc,stats    ]       Phase: Pause Mark Start                              0.000 / 0.000         0.000 / 0.000         0.023 / 0.031         0.023 / 0.031       ms
[2023-11-16T15:20:15.590+0800][gc,stats    ]       Phase: Pause Relocate Start                          0.000 / 0.000         0.000 / 0.000         0.009 / 0.009         0.009 / 0.009       ms
[2023-11-16T15:20:15.590+0800][gc,stats    ]    Subphase: Concurrent Classes Purge                      0.000 / 0.000         0.000 / 0.000         0.066 / 0.071         0.066 / 0.071       ms
[2023-11-16T15:20:15.590+0800][gc,stats    ]    Subphase: Concurrent Classes Unlink                     0.000 / 0.000         0.000 / 0.000         1.264 / 1.492         1.264 / 1.492       ms
[2023-11-16T15:20:15.590+0800][gc,stats    ]    Subphase: Concurrent Mark                               0.000 / 0.000         0.000 / 0.000        18.504 / 22.997       18.504 / 22.997      ms
[2023-11-16T15:20:15.590+0800][gc,stats    ]    Subphase: Concurrent Mark Try Flush                     0.000 / 0.000         0.000 / 0.000         0.201 / 0.455         0.201 / 0.455       ms
[2023-11-16T15:20:15.590+0800][gc,stats    ]    Subphase: Concurrent Mark Try Terminate                 0.000 / 0.000         0.000 / 0.000         4.353 / 12.985        4.353 / 12.985      ms
[2023-11-16T15:20:15.590+0800][gc,stats    ]    Subphase: Concurrent References Enqueue                 0.000 / 0.000         0.000 / 0.000         0.004 / 0.004         0.004 / 0.004       ms
[2023-11-16T15:20:15.590+0800][gc,stats    ]    Subphase: Concurrent References Process                 0.000 / 0.000         0.000 / 0.000         0.104 / 0.123         0.104 / 0.123       ms
[2023-11-16T15:20:15.591+0800][gc,stats    ]    Subphase: Concurrent Roots ClassLoaderDataGraph         0.000 / 0.000         0.000 / 0.000         0.107 / 0.428         0.107 / 0.428       ms
[2023-11-16T15:20:15.591+0800][gc,stats    ]    Subphase: Concurrent Roots CodeCache                    0.000 / 0.000         0.000 / 0.000         0.000 / 0.000         0.000 / 0.000       ms
[2023-11-16T15:20:15.591+0800][gc,stats    ]    Subphase: Concurrent Roots JavaThreads                  0.000 / 0.000         0.000 / 0.000         1.013 / 1.707         1.013 / 1.707       ms
[2023-11-16T15:20:15.591+0800][gc,stats    ]    Subphase: Concurrent Roots OopStorageSet                0.000 / 0.000         0.000 / 0.000         0.146 / 0.289         0.146 / 0.289       ms
[2023-11-16T15:20:15.591+0800][gc,stats    ]    Subphase: Concurrent Weak Roots OopStorageSet           0.000 / 0.000         0.000 / 0.000         0.440 / 0.670         0.440 / 0.670       ms
[2023-11-16T15:20:15.591+0800][gc,stats    ]    Subphase: Pause Mark Try Complete                       0.000 / 0.000         0.000 / 0.000         0.000 / 0.000         0.000 / 0.000       ms
[2023-11-16T15:20:15.591+0800][gc,stats    ]      System: Java Threads                                      0 / 0                 0 / 0                34 / 47               34 / 47          threads
[2023-11-16T15:20:15.591+0800][gc,stats    ] =========================================================================================================================================================
[2023-11-16T15:20:25.576+0800][gc,stats    ] === Garbage Collection Statistics =======================================================================================================================
[2023-11-16T15:20:25.576+0800][gc,stats    ]                                                              Last 10s              Last 10m              Last 10h                Total
[2023-11-16T15:20:25.576+0800][gc,stats    ]                                                              Avg / Max             Avg / Max             Avg / Max             Avg / Max
[2023-11-16T15:20:25.576+0800][gc,stats    ]   Collector: Garbage Collection Cycle                      0.000 / 0.000         0.000 / 0.000        32.129 / 37.536       32.129 / 37.536      ms
[2023-11-16T15:20:25.576+0800][gc,stats    ]  Contention: Mark Segment Reset Contention                     0 / 0                 0 / 0                 0 / 3                 0 / 3           ops/s
[2023-11-16T15:20:25.576+0800][gc,stats    ]  Contention: Mark SeqNum Reset Contention                      0 / 0                 0 / 0                 0 / 0                 0 / 0           ops/s
[2023-11-16T15:20:25.576+0800][gc,stats    ]    Critical: Allocation Stall                                  0 / 0                 0 / 0                 0 / 0                 0 / 0           ops/s
[2023-11-16T15:20:25.576+0800][gc,stats    ]    Critical: Allocation Stall                              0.000 / 0.000         0.000 / 0.000         0.000 / 0.000         0.000 / 0.000       ms
[2023-11-16T15:20:25.576+0800][gc,stats    ]    Critical: GC Locker Stall                                   0 / 0                 0 / 0                 0 / 0                 0 / 0           ops/s
[2023-11-16T15:20:25.576+0800][gc,stats    ]    Critical: GC Locker Stall                               0.000 / 0.000         0.000 / 0.000         0.000 / 0.000         0.000 / 0.000       ms
[2023-11-16T15:20:25.576+0800][gc,stats    ]    Critical: Relocation Stall                                  0 / 0                 0 / 0                 0 / 0                 0 / 0           ops/s
[2023-11-16T15:20:25.576+0800][gc,stats    ]    Critical: Relocation Stall                              0.000 / 0.000         0.000 / 0.000         0.000 / 0.000         0.000 / 0.000       ms
[2023-11-16T15:20:25.576+0800][gc,stats    ]      Memory: Allocation Rate                                   0 / 0                 0 / 8                 0 / 82                0 / 82          MB/s
[2023-11-16T15:20:25.576+0800][gc,stats    ]      Memory: Defragment                                        0 / 0                 0 / 0                 0 / 0                 0 / 0           ops/s
[2023-11-16T15:20:25.576+0800][gc,stats    ]      Memory: Out Of Memory                                     0 / 0                 0 / 0                 0 / 0                 0 / 0           ops/s
[2023-11-16T15:20:25.576+0800][gc,stats    ]      Memory: Page Cache Flush                                  0 / 0                 0 / 0                 0 / 0                 0 / 0           MB/s
[2023-11-16T15:20:25.576+0800][gc,stats    ]      Memory: Page Cache Hit L1                                 0 / 0                 0 / 4                 0 / 33                0 / 33          ops/s
[2023-11-16T15:20:25.576+0800][gc,stats    ]      Memory: Page Cache Hit L2                                 0 / 0                 0 / 0                 0 / 0                 0 / 0           ops/s
[2023-11-16T15:20:25.576+0800][gc,stats    ]      Memory: Page Cache Hit L3                                 0 / 0                 0 / 0                 0 / 41                0 / 41          ops/s
[2023-11-16T15:20:25.576+0800][gc,stats    ]      Memory: Page Cache Miss                                   0 / 0                 0 / 0                 0 / 1                 0 / 1           ops/s
[2023-11-16T15:20:25.576+0800][gc,stats    ]      Memory: Uncommit                                          0 / 0                 0 / 0                 0 / 0                 0 / 0           MB/s
[2023-11-16T15:20:25.576+0800][gc,stats    ]      Memory: Undo Object Allocation Failed                     0 / 0                 0 / 0                 0 / 0                 0 / 0           ops/s
[2023-11-16T15:20:25.576+0800][gc,stats    ]      Memory: Undo Object Allocation Succeeded                  0 / 0                 0 / 0                 0 / 3                 0 / 3           ops/s
[2023-11-16T15:20:25.576+0800][gc,stats    ]      Memory: Undo Page Allocation                              0 / 0                 0 / 0                 0 / 0                 0 / 0           ops/s
[2023-11-16T15:20:25.576+0800][gc,stats    ]       Phase: Concurrent Mark                               0.000 / 0.000         0.000 / 0.000        21.531 / 24.050       21.531 / 24.050      ms
[2023-11-16T15:20:25.576+0800][gc,stats    ]       Phase: Concurrent Mark Continue                      0.000 / 0.000         0.000 / 0.000         0.000 / 0.000         0.000 / 0.000       ms
[2023-11-16T15:20:25.576+0800][gc,stats    ]       Phase: Concurrent Mark Free                          0.000 / 0.000         0.000 / 0.000         0.001 / 0.001         0.001 / 0.001       ms
[2023-11-16T15:20:25.576+0800][gc,stats    ]       Phase: Concurrent Process Non-Strong References      0.000 / 0.000         0.000 / 0.000         1.995 / 2.420         1.995 / 2.420       ms
[2023-11-16T15:20:25.576+0800][gc,stats    ]       Phase: Concurrent Relocate                           0.000 / 0.000         0.000 / 0.000         2.883 / 2.961         2.883 / 2.961       ms
[2023-11-16T15:20:25.576+0800][gc,stats    ]       Phase: Concurrent Reset Relocation Set               0.000 / 0.000         0.000 / 0.000         0.002 / 0.004         0.002 / 0.004       ms
[2023-11-16T15:20:25.576+0800][gc,stats    ]       Phase: Concurrent Select Relocation Set              0.000 / 0.000         0.000 / 0.000         4.861 / 8.184         4.861 / 8.184       ms
[2023-11-16T15:20:25.576+0800][gc,stats    ]       Phase: Pause Mark End                                0.000 / 0.000         0.000 / 0.000         0.017 / 0.019         0.017 / 0.019       ms
[2023-11-16T15:20:25.576+0800][gc,stats    ]       Phase: Pause Mark Start                              0.000 / 0.000         0.000 / 0.000         0.023 / 0.031         0.023 / 0.031       ms
[2023-11-16T15:20:25.576+0800][gc,stats    ]       Phase: Pause Relocate Start                          0.000 / 0.000         0.000 / 0.000         0.009 / 0.009         0.009 / 0.009       ms
[2023-11-16T15:20:25.576+0800][gc,stats    ]    Subphase: Concurrent Classes Purge                      0.000 / 0.000         0.000 / 0.000         0.066 / 0.071         0.066 / 0.071       ms
[2023-11-16T15:20:25.576+0800][gc,stats    ]    Subphase: Concurrent Classes Unlink                     0.000 / 0.000         0.000 / 0.000         1.264 / 1.492         1.264 / 1.492       ms
[2023-11-16T15:20:25.576+0800][gc,stats    ]    Subphase: Concurrent Mark                               0.000 / 0.000         0.000 / 0.000        18.504 / 22.997       18.504 / 22.997      ms
[2023-11-16T15:20:25.576+0800][gc,stats    ]    Subphase: Concurrent Mark Try Flush                     0.000 / 0.000         0.000 / 0.000         0.201 / 0.455         0.201 / 0.455       ms
[2023-11-16T15:20:25.576+0800][gc,stats    ]    Subphase: Concurrent Mark Try Terminate                 0.000 / 0.000         0.000 / 0.000         4.353 / 12.985        4.353 / 12.985      ms
[2023-11-16T15:20:25.576+0800][gc,stats    ]    Subphase: Concurrent References Enqueue                 0.000 / 0.000         0.000 / 0.000         0.004 / 0.004         0.004 / 0.004       ms
[2023-11-16T15:20:25.576+0800][gc,stats    ]    Subphase: Concurrent References Process                 0.000 / 0.000         0.000 / 0.000         0.104 / 0.123         0.104 / 0.123       ms
[2023-11-16T15:20:25.576+0800][gc,stats    ]    Subphase: Concurrent Roots ClassLoaderDataGraph         0.000 / 0.000         0.000 / 0.000         0.107 / 0.428         0.107 / 0.428       ms
[2023-11-16T15:20:25.576+0800][gc,stats    ]    Subphase: Concurrent Roots CodeCache                    0.000 / 0.000         0.000 / 0.000         0.000 / 0.000         0.000 / 0.000       ms
[2023-11-16T15:20:25.576+0800][gc,stats    ]    Subphase: Concurrent Roots JavaThreads                  0.000 / 0.000         0.000 / 0.000         1.013 / 1.707         1.013 / 1.707       ms
[2023-11-16T15:20:25.576+0800][gc,stats    ]    Subphase: Concurrent Roots OopStorageSet                0.000 / 0.000         0.000 / 0.000         0.146 / 0.289         0.146 / 0.289       ms
[2023-11-16T15:20:25.576+0800][gc,stats    ]    Subphase: Concurrent Weak Roots OopStorageSet           0.000 / 0.000         0.000 / 0.000         0.440 / 0.670         0.440 / 0.670       ms
[2023-11-16T15:20:25.576+0800][gc,stats    ]    Subphase: Pause Mark Try Complete                       0.000 / 0.000         0.000 / 0.000         0.000 / 0.000         0.000 / 0.000       ms
[2023-11-16T15:20:25.576+0800][gc,stats    ]      System: Java Threads                                      0 / 0                 0 / 0                34 / 47               34 / 47          threads
[2023-11-16T15:20:25.576+0800][gc,stats    ] =========================================================================================================================================================
[2023-11-16T15:20:35.590+0800][gc,stats    ] === Garbage Collection Statistics =======================================================================================================================
[2023-11-16T15:20:35.590+0800][gc,stats    ]                                                              Last 10s              Last 10m              Last 10h                Total
[2023-11-16T15:20:35.590+0800][gc,stats    ]                                                              Avg / Max             Avg / Max             Avg / Max             Avg / Max
[2023-11-16T15:20:35.590+0800][gc,stats    ]   Collector: Garbage Collection Cycle                      0.000 / 0.000         0.000 / 0.000        32.129 / 37.536       32.129 / 37.536      ms
[2023-11-16T15:20:35.590+0800][gc,stats    ]  Contention: Mark Segment Reset Contention                     0 / 0                 0 / 0                 0 / 3                 0 / 3           ops/s
[2023-11-16T15:20:35.590+0800][gc,stats    ]  Contention: Mark SeqNum Reset Contention                      0 / 0                 0 / 0                 0 / 0                 0 / 0           ops/s
[2023-11-16T15:20:35.590+0800][gc,stats    ]    Critical: Allocation Stall                                  0 / 0                 0 / 0                 0 / 0                 0 / 0           ops/s
[2023-11-16T15:20:35.590+0800][gc,stats    ]    Critical: Allocation Stall                              0.000 / 0.000         0.000 / 0.000         0.000 / 0.000         0.000 / 0.000       ms
[2023-11-16T15:20:35.590+0800][gc,stats    ]    Critical: GC Locker Stall                                   0 / 0                 0 / 0                 0 / 0                 0 / 0           ops/s
[2023-11-16T15:20:35.590+0800][gc,stats    ]    Critical: GC Locker Stall                               0.000 / 0.000         0.000 / 0.000         0.000 / 0.000         0.000 / 0.000       ms
[2023-11-16T15:20:35.590+0800][gc,stats    ]    Critical: Relocation Stall                                  0 / 0                 0 / 0                 0 / 0                 0 / 0           ops/s
[2023-11-16T15:20:35.590+0800][gc,stats    ]    Critical: Relocation Stall                              0.000 / 0.000         0.000 / 0.000         0.000 / 0.000         0.000 / 0.000       ms
[2023-11-16T15:20:35.590+0800][gc,stats    ]      Memory: Allocation Rate                                   0 / 0                 0 / 8                 0 / 82                0 / 82          MB/s
[2023-11-16T15:20:35.590+0800][gc,stats    ]      Memory: Defragment                                        0 / 0                 0 / 0                 0 / 0                 0 / 0           ops/s
[2023-11-16T15:20:35.590+0800][gc,stats    ]      Memory: Out Of Memory                                     0 / 0                 0 / 0                 0 / 0                 0 / 0           ops/s
[2023-11-16T15:20:35.590+0800][gc,stats    ]      Memory: Page Cache Flush                                  0 / 0                 0 / 0                 0 / 0                 0 / 0           MB/s
[2023-11-16T15:20:35.590+0800][gc,stats    ]      Memory: Page Cache Hit L1                                 0 / 0                 0 / 4                 0 / 33                0 / 33          ops/s
[2023-11-16T15:20:35.590+0800][gc,stats    ]      Memory: Page Cache Hit L2                                 0 / 0                 0 / 0                 0 / 0                 0 / 0           ops/s
[2023-11-16T15:20:35.590+0800][gc,stats    ]      Memory: Page Cache Hit L3                                 0 / 0                 0 / 0                 0 / 41                0 / 41          ops/s
[2023-11-16T15:20:35.590+0800][gc,stats    ]      Memory: Page Cache Miss                                   0 / 0                 0 / 0                 0 / 1                 0 / 1           ops/s
[2023-11-16T15:20:35.590+0800][gc,stats    ]      Memory: Uncommit                                          0 / 0                 0 / 0                 0 / 0                 0 / 0           MB/s
[2023-11-16T15:20:35.590+0800][gc,stats    ]      Memory: Undo Object Allocation Failed                     0 / 0                 0 / 0                 0 / 0                 0 / 0           ops/s
[2023-11-16T15:20:35.590+0800][gc,stats    ]      Memory: Undo Object Allocation Succeeded                  0 / 0                 0 / 0                 0 / 3                 0 / 3           ops/s
[2023-11-16T15:20:35.590+0800][gc,stats    ]      Memory: Undo Page Allocation                              0 / 0                 0 / 0                 0 / 0                 0 / 0           ops/s
[2023-11-16T15:20:35.590+0800][gc,stats    ]       Phase: Concurrent Mark                               0.000 / 0.000         0.000 / 0.000        21.531 / 24.050       21.531 / 24.050      ms
[2023-11-16T15:20:35.590+0800][gc,stats    ]       Phase: Concurrent Mark Continue                      0.000 / 0.000         0.000 / 0.000         0.000 / 0.000         0.000 / 0.000       ms
[2023-11-16T15:20:35.590+0800][gc,stats    ]       Phase: Concurrent Mark Free                          0.000 / 0.000         0.000 / 0.000         0.001 / 0.001         0.001 / 0.001       ms
[2023-11-16T15:20:35.590+0800][gc,stats    ]       Phase: Concurrent Process Non-Strong References      0.000 / 0.000         0.000 / 0.000         1.995 / 2.420         1.995 / 2.420       ms
[2023-11-16T15:20:35.590+0800][gc,stats    ]       Phase: Concurrent Relocate                           0.000 / 0.000         0.000 / 0.000         2.883 / 2.961         2.883 / 2.961       ms
[2023-11-16T15:20:35.590+0800][gc,stats    ]       Phase: Concurrent Reset Relocation Set               0.000 / 0.000         0.000 / 0.000         0.002 / 0.004         0.002 / 0.004       ms
[2023-11-16T15:20:35.590+0800][gc,stats    ]       Phase: Concurrent Select Relocation Set              0.000 / 0.000         0.000 / 0.000         4.861 / 8.184         4.861 / 8.184       ms
[2023-11-16T15:20:35.590+0800][gc,stats    ]       Phase: Pause Mark End                                0.000 / 0.000         0.000 / 0.000         0.017 / 0.019         0.017 / 0.019       ms
[2023-11-16T15:20:35.590+0800][gc,stats    ]       Phase: Pause Mark Start                              0.000 / 0.000         0.000 / 0.000         0.023 / 0.031         0.023 / 0.031       ms
[2023-11-16T15:20:35.590+0800][gc,stats    ]       Phase: Pause Relocate Start                          0.000 / 0.000         0.000 / 0.000         0.009 / 0.009         0.009 / 0.009       ms
[2023-11-16T15:20:35.590+0800][gc,stats    ]    Subphase: Concurrent Classes Purge                      0.000 / 0.000         0.000 / 0.000         0.066 / 0.071         0.066 / 0.071       ms
[2023-11-16T15:20:35.590+0800][gc,stats    ]    Subphase: Concurrent Classes Unlink                     0.000 / 0.000         0.000 / 0.000         1.264 / 1.492         1.264 / 1.492       ms
[2023-11-16T15:20:35.590+0800][gc,stats    ]    Subphase: Concurrent Mark                               0.000 / 0.000         0.000 / 0.000        18.504 / 22.997       18.504 / 22.997      ms
[2023-11-16T15:20:35.590+0800][gc,stats    ]    Subphase: Concurrent Mark Try Flush                     0.000 / 0.000         0.000 / 0.000         0.201 / 0.455         0.201 / 0.455       ms
[2023-11-16T15:20:35.590+0800][gc,stats    ]    Subphase: Concurrent Mark Try Terminate                 0.000 / 0.000         0.000 / 0.000         4.353 / 12.985        4.353 / 12.985      ms
[2023-11-16T15:20:35.590+0800][gc,stats    ]    Subphase: Concurrent References Enqueue                 0.000 / 0.000         0.000 / 0.000         0.004 / 0.004         0.004 / 0.004       ms
[2023-11-16T15:20:35.590+0800][gc,stats    ]    Subphase: Concurrent References Process                 0.000 / 0.000         0.000 / 0.000         0.104 / 0.123         0.104 / 0.123       ms
[2023-11-16T15:20:35.590+0800][gc,stats    ]    Subphase: Concurrent Roots ClassLoaderDataGraph         0.000 / 0.000         0.000 / 0.000         0.107 / 0.428         0.107 / 0.428       ms
[2023-11-16T15:20:35.590+0800][gc,stats    ]    Subphase: Concurrent Roots CodeCache                    0.000 / 0.000         0.000 / 0.000         0.000 / 0.000         0.000 / 0.000       ms
[2023-11-16T15:20:35.590+0800][gc,stats    ]    Subphase: Concurrent Roots JavaThreads                  0.000 / 0.000         0.000 / 0.000         1.013 / 1.707         1.013 / 1.707       ms
[2023-11-16T15:20:35.590+0800][gc,stats    ]    Subphase: Concurrent Roots OopStorageSet                0.000 / 0.000         0.000 / 0.000         0.146 / 0.289         0.146 / 0.289       ms
[2023-11-16T15:20:35.590+0800][gc,stats    ]    Subphase: Concurrent Weak Roots OopStorageSet           0.000 / 0.000         0.000 / 0.000         0.440 / 0.670         0.440 / 0.670       ms
[2023-11-16T15:20:35.590+0800][gc,stats    ]    Subphase: Pause Mark Try Complete                       0.000 / 0.000         0.000 / 0.000         0.000 / 0.000         0.000 / 0.000       ms
[2023-11-16T15:20:35.590+0800][gc,stats    ]      System: Java Threads                                      0 / 0                 0 / 0                34 / 47               34 / 47          threads
[2023-11-16T15:20:35.590+0800][gc,stats    ] =========================================================================================================================================================
[2023-11-16T15:20:45.590+0800][gc,stats    ] === Garbage Collection Statistics =======================================================================================================================
[2023-11-16T15:20:45.590+0800][gc,stats    ]                                                              Last 10s              Last 10m              Last 10h                Total
[2023-11-16T15:20:45.590+0800][gc,stats    ]                                                              Avg / Max             Avg / Max             Avg / Max             Avg / Max
[2023-11-16T15:20:45.590+0800][gc,stats    ]   Collector: Garbage Collection Cycle                      0.000 / 0.000         0.000 / 0.000        32.129 / 37.536       32.129 / 37.536      ms
[2023-11-16T15:20:45.590+0800][gc,stats    ]  Contention: Mark Segment Reset Contention                     0 / 0                 0 / 0                 0 / 3                 0 / 3           ops/s
[2023-11-16T15:20:45.590+0800][gc,stats    ]  Contention: Mark SeqNum Reset Contention                      0 / 0                 0 / 0                 0 / 0                 0 / 0           ops/s
[2023-11-16T15:20:45.590+0800][gc,stats    ]    Critical: Allocation Stall                                  0 / 0                 0 / 0                 0 / 0                 0 / 0           ops/s
[2023-11-16T15:20:45.590+0800][gc,stats    ]    Critical: Allocation Stall                              0.000 / 0.000         0.000 / 0.000         0.000 / 0.000         0.000 / 0.000       ms
[2023-11-16T15:20:45.590+0800][gc,stats    ]    Critical: GC Locker Stall                                   0 / 0                 0 / 0                 0 / 0                 0 / 0           ops/s
[2023-11-16T15:20:45.590+0800][gc,stats    ]    Critical: GC Locker Stall                               0.000 / 0.000         0.000 / 0.000         0.000 / 0.000         0.000 / 0.000       ms
[2023-11-16T15:20:45.590+0800][gc,stats    ]    Critical: Relocation Stall                                  0 / 0                 0 / 0                 0 / 0                 0 / 0           ops/s
[2023-11-16T15:20:45.590+0800][gc,stats    ]    Critical: Relocation Stall                              0.000 / 0.000         0.000 / 0.000         0.000 / 0.000         0.000 / 0.000       ms
[2023-11-16T15:20:45.590+0800][gc,stats    ]      Memory: Allocation Rate                                   0 / 0                 0 / 8                 0 / 82                0 / 82          MB/s
[2023-11-16T15:20:45.590+0800][gc,stats    ]      Memory: Defragment                                        0 / 0                 0 / 0                 0 / 0                 0 / 0           ops/s
[2023-11-16T15:20:45.590+0800][gc,stats    ]      Memory: Out Of Memory                                     0 / 0                 0 / 0                 0 / 0                 0 / 0           ops/s
[2023-11-16T15:20:45.590+0800][gc,stats    ]      Memory: Page Cache Flush                                  0 / 0                 0 / 0                 0 / 0                 0 / 0           MB/s
[2023-11-16T15:20:45.590+0800][gc,stats    ]      Memory: Page Cache Hit L1                                 0 / 0                 0 / 4                 0 / 33                0 / 33          ops/s
[2023-11-16T15:20:45.590+0800][gc,stats    ]      Memory: Page Cache Hit L2                                 0 / 0                 0 / 0                 0 / 0                 0 / 0           ops/s
[2023-11-16T15:20:45.590+0800][gc,stats    ]      Memory: Page Cache Hit L3                                 0 / 0                 0 / 0                 0 / 41                0 / 41          ops/s
[2023-11-16T15:20:45.590+0800][gc,stats    ]      Memory: Page Cache Miss                                   0 / 0                 0 / 0                 0 / 1                 0 / 1           ops/s
[2023-11-16T15:20:45.590+0800][gc,stats    ]      Memory: Uncommit                                          0 / 0                 0 / 0                 0 / 0                 0 / 0           MB/s
[2023-11-16T15:20:45.590+0800][gc,stats    ]      Memory: Undo Object Allocation Failed                     0 / 0                 0 / 0                 0 / 0                 0 / 0           ops/s
[2023-11-16T15:20:45.590+0800][gc,stats    ]      Memory: Undo Object Allocation Succeeded                  0 / 0                 0 / 0                 0 / 3                 0 / 3           ops/s
[2023-11-16T15:20:45.590+0800][gc,stats    ]      Memory: Undo Page Allocation                              0 / 0                 0 / 0                 0 / 0                 0 / 0           ops/s
[2023-11-16T15:20:45.590+0800][gc,stats    ]       Phase: Concurrent Mark                               0.000 / 0.000         0.000 / 0.000        21.531 / 24.050       21.531 / 24.050      ms
[2023-11-16T15:20:45.590+0800][gc,stats    ]       Phase: Concurrent Mark Continue                      0.000 / 0.000         0.000 / 0.000         0.000 / 0.000         0.000 / 0.000       ms
[2023-11-16T15:20:45.590+0800][gc,stats    ]       Phase: Concurrent Mark Free                          0.000 / 0.000         0.000 / 0.000         0.001 / 0.001         0.001 / 0.001       ms
[2023-11-16T15:20:45.590+0800][gc,stats    ]       Phase: Concurrent Process Non-Strong References      0.000 / 0.000         0.000 / 0.000         1.995 / 2.420         1.995 / 2.420       ms
[2023-11-16T15:20:45.590+0800][gc,stats    ]       Phase: Concurrent Relocate                           0.000 / 0.000         0.000 / 0.000         2.883 / 2.961         2.883 / 2.961       ms
[2023-11-16T15:20:45.590+0800][gc,stats    ]       Phase: Concurrent Reset Relocation Set               0.000 / 0.000         0.000 / 0.000         0.002 / 0.004         0.002 / 0.004       ms
[2023-11-16T15:20:45.590+0800][gc,stats    ]       Phase: Concurrent Select Relocation Set              0.000 / 0.000         0.000 / 0.000         4.861 / 8.184         4.861 / 8.184       ms
[2023-11-16T15:20:45.590+0800][gc,stats    ]       Phase: Pause Mark End                                0.000 / 0.000         0.000 / 0.000         0.017 / 0.019         0.017 / 0.019       ms
[2023-11-16T15:20:45.590+0800][gc,stats    ]       Phase: Pause Mark Start                              0.000 / 0.000         0.000 / 0.000         0.023 / 0.031         0.023 / 0.031       ms
[2023-11-16T15:20:45.590+0800][gc,stats    ]       Phase: Pause Relocate Start                          0.000 / 0.000         0.000 / 0.000         0.009 / 0.009         0.009 / 0.009       ms
[2023-11-16T15:20:45.590+0800][gc,stats    ]    Subphase: Concurrent Classes Purge                      0.000 / 0.000         0.000 / 0.000         0.066 / 0.071         0.066 / 0.071       ms
[2023-11-16T15:20:45.590+0800][gc,stats    ]    Subphase: Concurrent Classes Unlink                     0.000 / 0.000         0.000 / 0.000         1.264 / 1.492         1.264 / 1.492       ms
[2023-11-16T15:20:45.590+0800][gc,stats    ]    Subphase: Concurrent Mark                               0.000 / 0.000         0.000 / 0.000        18.504 / 22.997       18.504 / 22.997      ms
[2023-11-16T15:20:45.590+0800][gc,stats    ]    Subphase: Concurrent Mark Try Flush                     0.000 / 0.000         0.000 / 0.000         0.201 / 0.455         0.201 / 0.455       ms
[2023-11-16T15:20:45.590+0800][gc,stats    ]    Subphase: Concurrent Mark Try Terminate                 0.000 / 0.000         0.000 / 0.000         4.353 / 12.985        4.353 / 12.985      ms
[2023-11-16T15:20:45.590+0800][gc,stats    ]    Subphase: Concurrent References Enqueue                 0.000 / 0.000         0.000 / 0.000         0.004 / 0.004         0.004 / 0.004       ms
[2023-11-16T15:20:45.590+0800][gc,stats    ]    Subphase: Concurrent References Process                 0.000 / 0.000         0.000 / 0.000         0.104 / 0.123         0.104 / 0.123       ms
[2023-11-16T15:20:45.590+0800][gc,stats    ]    Subphase: Concurrent Roots ClassLoaderDataGraph         0.000 / 0.000         0.000 / 0.000         0.107 / 0.428         0.107 / 0.428       ms
[2023-11-16T15:20:45.590+0800][gc,stats    ]    Subphase: Concurrent Roots CodeCache                    0.000 / 0.000         0.000 / 0.000         0.000 / 0.000         0.000 / 0.000       ms
[2023-11-16T15:20:45.590+0800][gc,stats    ]    Subphase: Concurrent Roots JavaThreads                  0.000 / 0.000         0.000 / 0.000         1.013 / 1.707         1.013 / 1.707       ms
[2023-11-16T15:20:45.590+0800][gc,stats    ]    Subphase: Concurrent Roots OopStorageSet                0.000 / 0.000         0.000 / 0.000         0.146 / 0.289         0.146 / 0.289       ms
[2023-11-16T15:20:45.590+0800][gc,stats    ]    Subphase: Concurrent Weak Roots OopStorageSet           0.000 / 0.000         0.000 / 0.000         0.440 / 0.670         0.440 / 0.670       ms
[2023-11-16T15:20:45.590+0800][gc,stats    ]    Subphase: Pause Mark Try Complete                       0.000 / 0.000         0.000 / 0.000         0.000 / 0.000         0.000 / 0.000       ms
[2023-11-16T15:20:45.590+0800][gc,stats    ]      System: Java Threads                                      0 / 0                 0 / 0                34 / 47               34 / 47          threads
[2023-11-16T15:20:45.590+0800][gc,stats    ] =========================================================================================================================================================
[2023-11-16T15:20:55.577+0800][gc,stats    ] === Garbage Collection Statistics =======================================================================================================================
[2023-11-16T15:20:55.577+0800][gc,stats    ]                                                              Last 10s              Last 10m              Last 10h                Total
[2023-11-16T15:20:55.577+0800][gc,stats    ]                                                              Avg / Max             Avg / Max             Avg / Max             Avg / Max
[2023-11-16T15:20:55.577+0800][gc,stats    ]   Collector: Garbage Collection Cycle                      0.000 / 0.000         0.000 / 0.000        32.129 / 37.536       32.129 / 37.536      ms
[2023-11-16T15:20:55.577+0800][gc,stats    ]  Contention: Mark Segment Reset Contention                     0 / 0                 0 / 0                 0 / 3                 0 / 3           ops/s
[2023-11-16T15:20:55.577+0800][gc,stats    ]  Contention: Mark SeqNum Reset Contention                      0 / 0                 0 / 0                 0 / 0                 0 / 0           ops/s
[2023-11-16T15:20:55.577+0800][gc,stats    ]    Critical: Allocation Stall                                  0 / 0                 0 / 0                 0 / 0                 0 / 0           ops/s
[2023-11-16T15:20:55.577+0800][gc,stats    ]    Critical: Allocation Stall                              0.000 / 0.000         0.000 / 0.000         0.000 / 0.000         0.000 / 0.000       ms
[2023-11-16T15:20:55.577+0800][gc,stats    ]    Critical: GC Locker Stall                                   0 / 0                 0 / 0                 0 / 0                 0 / 0           ops/s
[2023-11-16T15:20:55.577+0800][gc,stats    ]    Critical: GC Locker Stall                               0.000 / 0.000         0.000 / 0.000         0.000 / 0.000         0.000 / 0.000       ms
[2023-11-16T15:20:55.577+0800][gc,stats    ]    Critical: Relocation Stall                                  0 / 0                 0 / 0                 0 / 0                 0 / 0           ops/s
[2023-11-16T15:20:55.577+0800][gc,stats    ]    Critical: Relocation Stall                              0.000 / 0.000         0.000 / 0.000         0.000 / 0.000         0.000 / 0.000       ms
[2023-11-16T15:20:55.577+0800][gc,stats    ]      Memory: Allocation Rate                                   0 / 0                 0 / 8                 0 / 82                0 / 82          MB/s
[2023-11-16T15:20:55.577+0800][gc,stats    ]      Memory: Defragment                                        0 / 0                 0 / 0                 0 / 0                 0 / 0           ops/s
[2023-11-16T15:20:55.577+0800][gc,stats    ]      Memory: Out Of Memory                                     0 / 0                 0 / 0                 0 / 0                 0 / 0           ops/s
[2023-11-16T15:20:55.577+0800][gc,stats    ]      Memory: Page Cache Flush                                  0 / 0                 0 / 0                 0 / 0                 0 / 0           MB/s
[2023-11-16T15:20:55.577+0800][gc,stats    ]      Memory: Page Cache Hit L1                                 0 / 0                 0 / 4                 0 / 33                0 / 33          ops/s
[2023-11-16T15:20:55.577+0800][gc,stats    ]      Memory: Page Cache Hit L2                                 0 / 0                 0 / 0                 0 / 0                 0 / 0           ops/s
[2023-11-16T15:20:55.577+0800][gc,stats    ]      Memory: Page Cache Hit L3                                 0 / 0                 0 / 0                 0 / 41                0 / 41          ops/s
[2023-11-16T15:20:55.577+0800][gc,stats    ]      Memory: Page Cache Miss                                   0 / 0                 0 / 0                 0 / 1                 0 / 1           ops/s
[2023-11-16T15:20:55.577+0800][gc,stats    ]      Memory: Uncommit                                          0 / 0                 0 / 0                 0 / 0                 0 / 0           MB/s
[2023-11-16T15:20:55.577+0800][gc,stats    ]      Memory: Undo Object Allocation Failed                     0 / 0                 0 / 0                 0 / 0                 0 / 0           ops/s
[2023-11-16T15:20:55.577+0800][gc,stats    ]      Memory: Undo Object Allocation Succeeded                  0 / 0                 0 / 0                 0 / 3                 0 / 3           ops/s
[2023-11-16T15:20:55.577+0800][gc,stats    ]      Memory: Undo Page Allocation                              0 / 0                 0 / 0                 0 / 0                 0 / 0           ops/s
[2023-11-16T15:20:55.577+0800][gc,stats    ]       Phase: Concurrent Mark                               0.000 / 0.000         0.000 / 0.000        21.531 / 24.050       21.531 / 24.050      ms
[2023-11-16T15:20:55.577+0800][gc,stats    ]       Phase: Concurrent Mark Continue                      0.000 / 0.000         0.000 / 0.000         0.000 / 0.000         0.000 / 0.000       ms
[2023-11-16T15:20:55.577+0800][gc,stats    ]       Phase: Concurrent Mark Free                          0.000 / 0.000         0.000 / 0.000         0.001 / 0.001         0.001 / 0.001       ms
[2023-11-16T15:20:55.577+0800][gc,stats    ]       Phase: Concurrent Process Non-Strong References      0.000 / 0.000         0.000 / 0.000         1.995 / 2.420         1.995 / 2.420       ms
[2023-11-16T15:20:55.577+0800][gc,stats    ]       Phase: Concurrent Relocate                           0.000 / 0.000         0.000 / 0.000         2.883 / 2.961         2.883 / 2.961       ms
[2023-11-16T15:20:55.577+0800][gc,stats    ]       Phase: Concurrent Reset Relocation Set               0.000 / 0.000         0.000 / 0.000         0.002 / 0.004         0.002 / 0.004       ms
[2023-11-16T15:20:55.577+0800][gc,stats    ]       Phase: Concurrent Select Relocation Set              0.000 / 0.000         0.000 / 0.000         4.861 / 8.184         4.861 / 8.184       ms
[2023-11-16T15:20:55.577+0800][gc,stats    ]       Phase: Pause Mark End                                0.000 / 0.000         0.000 / 0.000         0.017 / 0.019         0.017 / 0.019       ms
[2023-11-16T15:20:55.577+0800][gc,stats    ]       Phase: Pause Mark Start                              0.000 / 0.000         0.000 / 0.000         0.023 / 0.031         0.023 / 0.031       ms
[2023-11-16T15:20:55.577+0800][gc,stats    ]       Phase: Pause Relocate Start                          0.000 / 0.000         0.000 / 0.000         0.009 / 0.009         0.009 / 0.009       ms
[2023-11-16T15:20:55.577+0800][gc,stats    ]    Subphase: Concurrent Classes Purge                      0.000 / 0.000         0.000 / 0.000         0.066 / 0.071         0.066 / 0.071       ms
[2023-11-16T15:20:55.577+0800][gc,stats    ]    Subphase: Concurrent Classes Unlink                     0.000 / 0.000         0.000 / 0.000         1.264 / 1.492         1.264 / 1.492       ms
[2023-11-16T15:20:55.577+0800][gc,stats    ]    Subphase: Concurrent Mark                               0.000 / 0.000         0.000 / 0.000        18.504 / 22.997       18.504 / 22.997      ms
[2023-11-16T15:20:55.577+0800][gc,stats    ]    Subphase: Concurrent Mark Try Flush                     0.000 / 0.000         0.000 / 0.000         0.201 / 0.455         0.201 / 0.455       ms
[2023-11-16T15:20:55.577+0800][gc,stats    ]    Subphase: Concurrent Mark Try Terminate                 0.000 / 0.000         0.000 / 0.000         4.353 / 12.985        4.353 / 12.985      ms
[2023-11-16T15:20:55.577+0800][gc,stats    ]    Subphase: Concurrent References Enqueue                 0.000 / 0.000         0.000 / 0.000         0.004 / 0.004         0.004 / 0.004       ms
[2023-11-16T15:20:55.577+0800][gc,stats    ]    Subphase: Concurrent References Process                 0.000 / 0.000         0.000 / 0.000         0.104 / 0.123         0.104 / 0.123       ms
[2023-11-16T15:20:55.577+0800][gc,stats    ]    Subphase: Concurrent Roots ClassLoaderDataGraph         0.000 / 0.000         0.000 / 0.000         0.107 / 0.428         0.107 / 0.428       ms
[2023-11-16T15:20:55.577+0800][gc,stats    ]    Subphase: Concurrent Roots CodeCache                    0.000 / 0.000         0.000 / 0.000         0.000 / 0.000         0.000 / 0.000       ms
[2023-11-16T15:20:55.577+0800][gc,stats    ]    Subphase: Concurrent Roots JavaThreads                  0.000 / 0.000         0.000 / 0.000         1.013 / 1.707         1.013 / 1.707       ms
[2023-11-16T15:20:55.577+0800][gc,stats    ]    Subphase: Concurrent Roots OopStorageSet                0.000 / 0.000         0.000 / 0.000         0.146 / 0.289         0.146 / 0.289       ms
[2023-11-16T15:20:55.577+0800][gc,stats    ]    Subphase: Concurrent Weak Roots OopStorageSet           0.000 / 0.000         0.000 / 0.000         0.440 / 0.670         0.440 / 0.670       ms
[2023-11-16T15:20:55.577+0800][gc,stats    ]    Subphase: Pause Mark Try Complete                       0.000 / 0.000         0.000 / 0.000         0.000 / 0.000         0.000 / 0.000       ms
[2023-11-16T15:20:55.577+0800][gc,stats    ]      System: Java Threads                                      0 / 0                 0 / 0                34 / 47               34 / 47          threads
[2023-11-16T15:20:55.577+0800][gc,stats    ] =========================================================================================================================================================
[2023-11-16T15:21:05.587+0800][gc,stats    ] === Garbage Collection Statistics =======================================================================================================================
[2023-11-16T15:21:05.587+0800][gc,stats    ]                                                              Last 10s              Last 10m              Last 10h                Total
[2023-11-16T15:21:05.587+0800][gc,stats    ]                                                              Avg / Max             Avg / Max             Avg / Max             Avg / Max
[2023-11-16T15:21:05.587+0800][gc,stats    ]   Collector: Garbage Collection Cycle                      0.000 / 0.000         0.000 / 0.000        32.129 / 37.536       32.129 / 37.536      ms
[2023-11-16T15:21:05.587+0800][gc,stats    ]  Contention: Mark Segment Reset Contention                     0 / 0                 0 / 0                 0 / 3                 0 / 3           ops/s
[2023-11-16T15:21:05.587+0800][gc,stats    ]  Contention: Mark SeqNum Reset Contention                      0 / 0                 0 / 0                 0 / 0                 0 / 0           ops/s
[2023-11-16T15:21:05.587+0800][gc,stats    ]    Critical: Allocation Stall                                  0 / 0                 0 / 0                 0 / 0                 0 / 0           ops/s
[2023-11-16T15:21:05.587+0800][gc,stats    ]    Critical: Allocation Stall                              0.000 / 0.000         0.000 / 0.000         0.000 / 0.000         0.000 / 0.000       ms
[2023-11-16T15:21:05.587+0800][gc,stats    ]    Critical: GC Locker Stall                                   0 / 0                 0 / 0                 0 / 0                 0 / 0           ops/s
[2023-11-16T15:21:05.587+0800][gc,stats    ]    Critical: GC Locker Stall                               0.000 / 0.000         0.000 / 0.000         0.000 / 0.000         0.000 / 0.000       ms
[2023-11-16T15:21:05.587+0800][gc,stats    ]    Critical: Relocation Stall                                  0 / 0                 0 / 0                 0 / 0                 0 / 0           ops/s
[2023-11-16T15:21:05.587+0800][gc,stats    ]    Critical: Relocation Stall                              0.000 / 0.000         0.000 / 0.000         0.000 / 0.000         0.000 / 0.000       ms
[2023-11-16T15:21:05.587+0800][gc,stats    ]      Memory: Allocation Rate                                   0 / 0                 0 / 8                 0 / 82                0 / 82          MB/s
[2023-11-16T15:21:05.587+0800][gc,stats    ]      Memory: Defragment                                        0 / 0                 0 / 0                 0 / 0                 0 / 0           ops/s
[2023-11-16T15:21:05.587+0800][gc,stats    ]      Memory: Out Of Memory                                     0 / 0                 0 / 0                 0 / 0                 0 / 0           ops/s
[2023-11-16T15:21:05.587+0800][gc,stats    ]      Memory: Page Cache Flush                                  0 / 0                 0 / 0                 0 / 0                 0 / 0           MB/s
[2023-11-16T15:21:05.587+0800][gc,stats    ]      Memory: Page Cache Hit L1                                 0 / 0                 0 / 4                 0 / 33                0 / 33          ops/s
[2023-11-16T15:21:05.587+0800][gc,stats    ]      Memory: Page Cache Hit L2                                 0 / 0                 0 / 0                 0 / 0                 0 / 0           ops/s
[2023-11-16T15:21:05.587+0800][gc,stats    ]      Memory: Page Cache Hit L3                                 0 / 0                 0 / 0                 0 / 41                0 / 41          ops/s
[2023-11-16T15:21:05.587+0800][gc,stats    ]      Memory: Page Cache Miss                                   0 / 0                 0 / 0                 0 / 1                 0 / 1           ops/s
[2023-11-16T15:21:05.587+0800][gc,stats    ]      Memory: Uncommit                                          0 / 0                 0 / 0                 0 / 0                 0 / 0           MB/s
[2023-11-16T15:21:05.587+0800][gc,stats    ]      Memory: Undo Object Allocation Failed                     0 / 0                 0 / 0                 0 / 0                 0 / 0           ops/s
[2023-11-16T15:21:05.587+0800][gc,stats    ]      Memory: Undo Object Allocation Succeeded                  0 / 0                 0 / 0                 0 / 3                 0 / 3           ops/s
[2023-11-16T15:21:05.587+0800][gc,stats    ]      Memory: Undo Page Allocation                              0 / 0                 0 / 0                 0 / 0                 0 / 0           ops/s
[2023-11-16T15:21:05.587+0800][gc,stats    ]       Phase: Concurrent Mark                               0.000 / 0.000         0.000 / 0.000        21.531 / 24.050       21.531 / 24.050      ms
[2023-11-16T15:21:05.587+0800][gc,stats    ]       Phase: Concurrent Mark Continue                      0.000 / 0.000         0.000 / 0.000         0.000 / 0.000         0.000 / 0.000       ms
[2023-11-16T15:21:05.587+0800][gc,stats    ]       Phase: Concurrent Mark Free                          0.000 / 0.000         0.000 / 0.000         0.001 / 0.001         0.001 / 0.001       ms
[2023-11-16T15:21:05.587+0800][gc,stats    ]       Phase: Concurrent Process Non-Strong References      0.000 / 0.000         0.000 / 0.000         1.995 / 2.420         1.995 / 2.420       ms
[2023-11-16T15:21:05.587+0800][gc,stats    ]       Phase: Concurrent Relocate                           0.000 / 0.000         0.000 / 0.000         2.883 / 2.961         2.883 / 2.961       ms
[2023-11-16T15:21:05.587+0800][gc,stats    ]       Phase: Concurrent Reset Relocation Set               0.000 / 0.000         0.000 / 0.000         0.002 / 0.004         0.002 / 0.004       ms
[2023-11-16T15:21:05.587+0800][gc,stats    ]       Phase: Concurrent Select Relocation Set              0.000 / 0.000         0.000 / 0.000         4.861 / 8.184         4.861 / 8.184       ms
[2023-11-16T15:21:05.587+0800][gc,stats    ]       Phase: Pause Mark End                                0.000 / 0.000         0.000 / 0.000         0.017 / 0.019         0.017 / 0.019       ms
[2023-11-16T15:21:05.587+0800][gc,stats    ]       Phase: Pause Mark Start                              0.000 / 0.000         0.000 / 0.000         0.023 / 0.031         0.023 / 0.031       ms
[2023-11-16T15:21:05.587+0800][gc,stats    ]       Phase: Pause Relocate Start                          0.000 / 0.000         0.000 / 0.000         0.009 / 0.009         0.009 / 0.009       ms
[2023-11-16T15:21:05.587+0800][gc,stats    ]    Subphase: Concurrent Classes Purge                      0.000 / 0.000         0.000 / 0.000         0.066 / 0.071         0.066 / 0.071       ms
[2023-11-16T15:21:05.587+0800][gc,stats    ]    Subphase: Concurrent Classes Unlink                     0.000 / 0.000         0.000 / 0.000         1.264 / 1.492         1.264 / 1.492       ms
[2023-11-16T15:21:05.587+0800][gc,stats    ]    Subphase: Concurrent Mark                               0.000 / 0.000         0.000 / 0.000        18.504 / 22.997       18.504 / 22.997      ms
[2023-11-16T15:21:05.587+0800][gc,stats    ]    Subphase: Concurrent Mark Try Flush                     0.000 / 0.000         0.000 / 0.000         0.201 / 0.455         0.201 / 0.455       ms
[2023-11-16T15:21:05.587+0800][gc,stats    ]    Subphase: Concurrent Mark Try Terminate                 0.000 / 0.000         0.000 / 0.000         4.353 / 12.985        4.353 / 12.985      ms
[2023-11-16T15:21:05.588+0800][gc,stats    ]    Subphase: Concurrent References Enqueue                 0.000 / 0.000         0.000 / 0.000         0.004 / 0.004         0.004 / 0.004       ms
[2023-11-16T15:21:05.588+0800][gc,stats    ]    Subphase: Concurrent References Process                 0.000 / 0.000         0.000 / 0.000         0.104 / 0.123         0.104 / 0.123       ms
[2023-11-16T15:21:05.588+0800][gc,stats    ]    Subphase: Concurrent Roots ClassLoaderDataGraph         0.000 / 0.000         0.000 / 0.000         0.107 / 0.428         0.107 / 0.428       ms
[2023-11-16T15:21:05.588+0800][gc,stats    ]    Subphase: Concurrent Roots CodeCache                    0.000 / 0.000         0.000 / 0.000         0.000 / 0.000         0.000 / 0.000       ms
[2023-11-16T15:21:05.588+0800][gc,stats    ]    Subphase: Concurrent Roots JavaThreads                  0.000 / 0.000         0.000 / 0.000         1.013 / 1.707         1.013 / 1.707       ms
[2023-11-16T15:21:05.588+0800][gc,stats    ]    Subphase: Concurrent Roots OopStorageSet                0.000 / 0.000         0.000 / 0.000         0.146 / 0.289         0.146 / 0.289       ms
[2023-11-16T15:21:05.588+0800][gc,stats    ]    Subphase: Concurrent Weak Roots OopStorageSet           0.000 / 0.000         0.000 / 0.000         0.440 / 0.670         0.440 / 0.670       ms
[2023-11-16T15:21:05.588+0800][gc,stats    ]    Subphase: Pause Mark Try Complete                       0.000 / 0.000         0.000 / 0.000         0.000 / 0.000         0.000 / 0.000       ms
[2023-11-16T15:21:05.588+0800][gc,stats    ]      System: Java Threads                                      0 / 0                 0 / 0                34 / 47               34 / 47          threads
[2023-11-16T15:21:05.588+0800][gc,stats    ] =========================================================================================================================================================
[2023-11-16T15:21:15.586+0800][gc,stats    ] === Garbage Collection Statistics =======================================================================================================================
[2023-11-16T15:21:15.586+0800][gc,stats    ]                                                              Last 10s              Last 10m              Last 10h                Total
[2023-11-16T15:21:15.586+0800][gc,stats    ]                                                              Avg / Max             Avg / Max             Avg / Max             Avg / Max
[2023-11-16T15:21:15.586+0800][gc,stats    ]   Collector: Garbage Collection Cycle                      0.000 / 0.000         0.000 / 0.000        32.129 / 37.536       32.129 / 37.536      ms
[2023-11-16T15:21:15.586+0800][gc,stats    ]  Contention: Mark Segment Reset Contention                     0 / 0                 0 / 0                 0 / 3                 0 / 3           ops/s
[2023-11-16T15:21:15.586+0800][gc,stats    ]  Contention: Mark SeqNum Reset Contention                      0 / 0                 0 / 0                 0 / 0                 0 / 0           ops/s
[2023-11-16T15:21:15.586+0800][gc,stats    ]    Critical: Allocation Stall                                  0 / 0                 0 / 0                 0 / 0                 0 / 0           ops/s
[2023-11-16T15:21:15.586+0800][gc,stats    ]    Critical: Allocation Stall                              0.000 / 0.000         0.000 / 0.000         0.000 / 0.000         0.000 / 0.000       ms
[2023-11-16T15:21:15.586+0800][gc,stats    ]    Critical: GC Locker Stall                                   0 / 0                 0 / 0                 0 / 0                 0 / 0           ops/s
[2023-11-16T15:21:15.586+0800][gc,stats    ]    Critical: GC Locker Stall                               0.000 / 0.000         0.000 / 0.000         0.000 / 0.000         0.000 / 0.000       ms
[2023-11-16T15:21:15.586+0800][gc,stats    ]    Critical: Relocation Stall                                  0 / 0                 0 / 0                 0 / 0                 0 / 0           ops/s
[2023-11-16T15:21:15.586+0800][gc,stats    ]    Critical: Relocation Stall                              0.000 / 0.000         0.000 / 0.000         0.000 / 0.000         0.000 / 0.000       ms
[2023-11-16T15:21:15.586+0800][gc,stats    ]      Memory: Allocation Rate                                   0 / 0                 0 / 8                 0 / 82                0 / 82          MB/s
[2023-11-16T15:21:15.586+0800][gc,stats    ]      Memory: Defragment                                        0 / 0                 0 / 0                 0 / 0                 0 / 0           ops/s
[2023-11-16T15:21:15.586+0800][gc,stats    ]      Memory: Out Of Memory                                     0 / 0                 0 / 0                 0 / 0                 0 / 0           ops/s
[2023-11-16T15:21:15.586+0800][gc,stats    ]      Memory: Page Cache Flush                                  0 / 0                 0 / 0                 0 / 0                 0 / 0           MB/s
[2023-11-16T15:21:15.586+0800][gc,stats    ]      Memory: Page Cache Hit L1                                 0 / 0                 0 / 4                 0 / 33                0 / 33          ops/s
[2023-11-16T15:21:15.586+0800][gc,stats    ]      Memory: Page Cache Hit L2                                 0 / 0                 0 / 0                 0 / 0                 0 / 0           ops/s
[2023-11-16T15:21:15.586+0800][gc,stats    ]      Memory: Page Cache Hit L3                                 0 / 0                 0 / 0                 0 / 41                0 / 41          ops/s
[2023-11-16T15:21:15.586+0800][gc,stats    ]      Memory: Page Cache Miss                                   0 / 0                 0 / 0                 0 / 1                 0 / 1           ops/s
[2023-11-16T15:21:15.586+0800][gc,stats    ]      Memory: Uncommit                                          0 / 0                 0 / 0                 0 / 0                 0 / 0           MB/s
[2023-11-16T15:21:15.586+0800][gc,stats    ]      Memory: Undo Object Allocation Failed                     0 / 0                 0 / 0                 0 / 0                 0 / 0           ops/s
[2023-11-16T15:21:15.586+0800][gc,stats    ]      Memory: Undo Object Allocation Succeeded                  0 / 0                 0 / 0                 0 / 3                 0 / 3           ops/s
[2023-11-16T15:21:15.586+0800][gc,stats    ]      Memory: Undo Page Allocation                              0 / 0                 0 / 0                 0 / 0                 0 / 0           ops/s
[2023-11-16T15:21:15.586+0800][gc,stats    ]       Phase: Concurrent Mark                               0.000 / 0.000         0.000 / 0.000        21.531 / 24.050       21.531 / 24.050      ms
[2023-11-16T15:21:15.586+0800][gc,stats    ]       Phase: Concurrent Mark Continue                      0.000 / 0.000         0.000 / 0.000         0.000 / 0.000         0.000 / 0.000       ms
[2023-11-16T15:21:15.586+0800][gc,stats    ]       Phase: Concurrent Mark Free                          0.000 / 0.000         0.000 / 0.000         0.001 / 0.001         0.001 / 0.001       ms
[2023-11-16T15:21:15.586+0800][gc,stats    ]       Phase: Concurrent Process Non-Strong References      0.000 / 0.000         0.000 / 0.000         1.995 / 2.420         1.995 / 2.420       ms
[2023-11-16T15:21:15.586+0800][gc,stats    ]       Phase: Concurrent Relocate                           0.000 / 0.000         0.000 / 0.000         2.883 / 2.961         2.883 / 2.961       ms
[2023-11-16T15:21:15.586+0800][gc,stats    ]       Phase: Concurrent Reset Relocation Set               0.000 / 0.000         0.000 / 0.000         0.002 / 0.004         0.002 / 0.004       ms
[2023-11-16T15:21:15.586+0800][gc,stats    ]       Phase: Concurrent Select Relocation Set              0.000 / 0.000         0.000 / 0.000         4.861 / 8.184         4.861 / 8.184       ms
[2023-11-16T15:21:15.586+0800][gc,stats    ]       Phase: Pause Mark End                                0.000 / 0.000         0.000 / 0.000         0.017 / 0.019         0.017 / 0.019       ms
[2023-11-16T15:21:15.586+0800][gc,stats    ]       Phase: Pause Mark Start                              0.000 / 0.000         0.000 / 0.000         0.023 / 0.031         0.023 / 0.031       ms
[2023-11-16T15:21:15.586+0800][gc,stats    ]       Phase: Pause Relocate Start                          0.000 / 0.000         0.000 / 0.000         0.009 / 0.009         0.009 / 0.009       ms
[2023-11-16T15:21:15.586+0800][gc,stats    ]    Subphase: Concurrent Classes Purge                      0.000 / 0.000         0.000 / 0.000         0.066 / 0.071         0.066 / 0.071       ms
[2023-11-16T15:21:15.586+0800][gc,stats    ]    Subphase: Concurrent Classes Unlink                     0.000 / 0.000         0.000 / 0.000         1.264 / 1.492         1.264 / 1.492       ms
[2023-11-16T15:21:15.586+0800][gc,stats    ]    Subphase: Concurrent Mark                               0.000 / 0.000         0.000 / 0.000        18.504 / 22.997       18.504 / 22.997      ms
[2023-11-16T15:21:15.586+0800][gc,stats    ]    Subphase: Concurrent Mark Try Flush                     0.000 / 0.000         0.000 / 0.000         0.201 / 0.455         0.201 / 0.455       ms
[2023-11-16T15:21:15.586+0800][gc,stats    ]    Subphase: Concurrent Mark Try Terminate                 0.000 / 0.000         0.000 / 0.000         4.353 / 12.985        4.353 / 12.985      ms
[2023-11-16T15:21:15.586+0800][gc,stats    ]    Subphase: Concurrent References Enqueue                 0.000 / 0.000         0.000 / 0.000         0.004 / 0.004         0.004 / 0.004       ms
[2023-11-16T15:21:15.586+0800][gc,stats    ]    Subphase: Concurrent References Process                 0.000 / 0.000         0.000 / 0.000         0.104 / 0.123         0.104 / 0.123       ms
[2023-11-16T15:21:15.586+0800][gc,stats    ]    Subphase: Concurrent Roots ClassLoaderDataGraph         0.000 / 0.000         0.000 / 0.000         0.107 / 0.428         0.107 / 0.428       ms
[2023-11-16T15:21:15.586+0800][gc,stats    ]    Subphase: Concurrent Roots CodeCache                    0.000 / 0.000         0.000 / 0.000         0.000 / 0.000         0.000 / 0.000       ms
[2023-11-16T15:21:15.586+0800][gc,stats    ]    Subphase: Concurrent Roots JavaThreads                  0.000 / 0.000         0.000 / 0.000         1.013 / 1.707         1.013 / 1.707       ms
[2023-11-16T15:21:15.586+0800][gc,stats    ]    Subphase: Concurrent Roots OopStorageSet                0.000 / 0.000         0.000 / 0.000         0.146 / 0.289         0.146 / 0.289       ms
[2023-11-16T15:21:15.586+0800][gc,stats    ]    Subphase: Concurrent Weak Roots OopStorageSet           0.000 / 0.000         0.000 / 0.000         0.440 / 0.670         0.440 / 0.670       ms
[2023-11-16T15:21:15.586+0800][gc,stats    ]    Subphase: Pause Mark Try Complete                       0.000 / 0.000         0.000 / 0.000         0.000 / 0.000         0.000 / 0.000       ms
[2023-11-16T15:21:15.586+0800][gc,stats    ]      System: Java Threads                                      0 / 0                 0 / 0                34 / 47               34 / 47          threads
[2023-11-16T15:21:15.586+0800][gc,stats    ] =========================================================================================================================================================
[2023-11-16T15:21:25.590+0800][gc,stats    ] === Garbage Collection Statistics =======================================================================================================================
[2023-11-16T15:21:25.590+0800][gc,stats    ]                                                              Last 10s              Last 10m              Last 10h                Total
[2023-11-16T15:21:25.590+0800][gc,stats    ]                                                              Avg / Max             Avg / Max             Avg / Max             Avg / Max
[2023-11-16T15:21:25.590+0800][gc,stats    ]   Collector: Garbage Collection Cycle                      0.000 / 0.000         0.000 / 0.000        32.129 / 37.536       32.129 / 37.536      ms
[2023-11-16T15:21:25.590+0800][gc,stats    ]  Contention: Mark Segment Reset Contention                     0 / 0                 0 / 0                 0 / 3                 0 / 3           ops/s
[2023-11-16T15:21:25.590+0800][gc,stats    ]  Contention: Mark SeqNum Reset Contention                      0 / 0                 0 / 0                 0 / 0                 0 / 0           ops/s
[2023-11-16T15:21:25.590+0800][gc,stats    ]    Critical: Allocation Stall                                  0 / 0                 0 / 0                 0 / 0                 0 / 0           ops/s
[2023-11-16T15:21:25.590+0800][gc,stats    ]    Critical: Allocation Stall                              0.000 / 0.000         0.000 / 0.000         0.000 / 0.000         0.000 / 0.000       ms
[2023-11-16T15:21:25.590+0800][gc,stats    ]    Critical: GC Locker Stall                                   0 / 0                 0 / 0                 0 / 0                 0 / 0           ops/s
[2023-11-16T15:21:25.590+0800][gc,stats    ]    Critical: GC Locker Stall                               0.000 / 0.000         0.000 / 0.000         0.000 / 0.000         0.000 / 0.000       ms
[2023-11-16T15:21:25.590+0800][gc,stats    ]    Critical: Relocation Stall                                  0 / 0                 0 / 0                 0 / 0                 0 / 0           ops/s
[2023-11-16T15:21:25.590+0800][gc,stats    ]    Critical: Relocation Stall                              0.000 / 0.000         0.000 / 0.000         0.000 / 0.000         0.000 / 0.000       ms
[2023-11-16T15:21:25.590+0800][gc,stats    ]      Memory: Allocation Rate                                   0 / 0                 0 / 8                 0 / 82                0 / 82          MB/s
[2023-11-16T15:21:25.590+0800][gc,stats    ]      Memory: Defragment                                        0 / 0                 0 / 0                 0 / 0                 0 / 0           ops/s
[2023-11-16T15:21:25.590+0800][gc,stats    ]      Memory: Out Of Memory                                     0 / 0                 0 / 0                 0 / 0                 0 / 0           ops/s
[2023-11-16T15:21:25.590+0800][gc,stats    ]      Memory: Page Cache Flush                                  0 / 0                 0 / 0                 0 / 0                 0 / 0           MB/s
[2023-11-16T15:21:25.590+0800][gc,stats    ]      Memory: Page Cache Hit L1                                 0 / 0                 0 / 4                 0 / 33                0 / 33          ops/s
[2023-11-16T15:21:25.590+0800][gc,stats    ]      Memory: Page Cache Hit L2                                 0 / 0                 0 / 0                 0 / 0                 0 / 0           ops/s
[2023-11-16T15:21:25.590+0800][gc,stats    ]      Memory: Page Cache Hit L3                                 0 / 0                 0 / 0                 0 / 41                0 / 41          ops/s
[2023-11-16T15:21:25.590+0800][gc,stats    ]      Memory: Page Cache Miss                                   0 / 0                 0 / 0                 0 / 1                 0 / 1           ops/s
[2023-11-16T15:21:25.590+0800][gc,stats    ]      Memory: Uncommit                                          0 / 0                 0 / 0                 0 / 0                 0 / 0           MB/s
[2023-11-16T15:21:25.590+0800][gc,stats    ]      Memory: Undo Object Allocation Failed                     0 / 0                 0 / 0                 0 / 0                 0 / 0           ops/s
[2023-11-16T15:21:25.590+0800][gc,stats    ]      Memory: Undo Object Allocation Succeeded                  0 / 0                 0 / 0                 0 / 3                 0 / 3           ops/s
[2023-11-16T15:21:25.590+0800][gc,stats    ]      Memory: Undo Page Allocation                              0 / 0                 0 / 0                 0 / 0                 0 / 0           ops/s
[2023-11-16T15:21:25.590+0800][gc,stats    ]       Phase: Concurrent Mark                               0.000 / 0.000         0.000 / 0.000        21.531 / 24.050       21.531 / 24.050      ms
[2023-11-16T15:21:25.590+0800][gc,stats    ]       Phase: Concurrent Mark Continue                      0.000 / 0.000         0.000 / 0.000         0.000 / 0.000         0.000 / 0.000       ms
[2023-11-16T15:21:25.590+0800][gc,stats    ]       Phase: Concurrent Mark Free                          0.000 / 0.000         0.000 / 0.000         0.001 / 0.001         0.001 / 0.001       ms
[2023-11-16T15:21:25.590+0800][gc,stats    ]       Phase: Concurrent Process Non-Strong References      0.000 / 0.000         0.000 / 0.000         1.995 / 2.420         1.995 / 2.420       ms
[2023-11-16T15:21:25.590+0800][gc,stats    ]       Phase: Concurrent Relocate                           0.000 / 0.000         0.000 / 0.000         2.883 / 2.961         2.883 / 2.961       ms
[2023-11-16T15:21:25.590+0800][gc,stats    ]       Phase: Concurrent Reset Relocation Set               0.000 / 0.000         0.000 / 0.000         0.002 / 0.004         0.002 / 0.004       ms
[2023-11-16T15:21:25.590+0800][gc,stats    ]       Phase: Concurrent Select Relocation Set              0.000 / 0.000         0.000 / 0.000         4.861 / 8.184         4.861 / 8.184       ms
[2023-11-16T15:21:25.590+0800][gc,stats    ]       Phase: Pause Mark End                                0.000 / 0.000         0.000 / 0.000         0.017 / 0.019         0.017 / 0.019       ms
[2023-11-16T15:21:25.590+0800][gc,stats    ]       Phase: Pause Mark Start                              0.000 / 0.000         0.000 / 0.000         0.023 / 0.031         0.023 / 0.031       ms
[2023-11-16T15:21:25.590+0800][gc,stats    ]       Phase: Pause Relocate Start                          0.000 / 0.000         0.000 / 0.000         0.009 / 0.009         0.009 / 0.009       ms
[2023-11-16T15:21:25.590+0800][gc,stats    ]    Subphase: Concurrent Classes Purge                      0.000 / 0.000         0.000 / 0.000         0.066 / 0.071         0.066 / 0.071       ms
[2023-11-16T15:21:25.590+0800][gc,stats    ]    Subphase: Concurrent Classes Unlink                     0.000 / 0.000         0.000 / 0.000         1.264 / 1.492         1.264 / 1.492       ms
[2023-11-16T15:21:25.590+0800][gc,stats    ]    Subphase: Concurrent Mark                               0.000 / 0.000         0.000 / 0.000        18.504 / 22.997       18.504 / 22.997      ms
[2023-11-16T15:21:25.590+0800][gc,stats    ]    Subphase: Concurrent Mark Try Flush                     0.000 / 0.000         0.000 / 0.000         0.201 / 0.455         0.201 / 0.455       ms
[2023-11-16T15:21:25.590+0800][gc,stats    ]    Subphase: Concurrent Mark Try Terminate                 0.000 / 0.000         0.000 / 0.000         4.353 / 12.985        4.353 / 12.985      ms
[2023-11-16T15:21:25.590+0800][gc,stats    ]    Subphase: Concurrent References Enqueue                 0.000 / 0.000         0.000 / 0.000         0.004 / 0.004         0.004 / 0.004       ms
[2023-11-16T15:21:25.590+0800][gc,stats    ]    Subphase: Concurrent References Process                 0.000 / 0.000         0.000 / 0.000         0.104 / 0.123         0.104 / 0.123       ms
[2023-11-16T15:21:25.590+0800][gc,stats    ]    Subphase: Concurrent Roots ClassLoaderDataGraph         0.000 / 0.000         0.000 / 0.000         0.107 / 0.428         0.107 / 0.428       ms
[2023-11-16T15:21:25.590+0800][gc,stats    ]    Subphase: Concurrent Roots CodeCache                    0.000 / 0.000         0.000 / 0.000         0.000 / 0.000         0.000 / 0.000       ms
[2023-11-16T15:21:25.590+0800][gc,stats    ]    Subphase: Concurrent Roots JavaThreads                  0.000 / 0.000         0.000 / 0.000         1.013 / 1.707         1.013 / 1.707       ms
[2023-11-16T15:21:25.590+0800][gc,stats    ]    Subphase: Concurrent Roots OopStorageSet                0.000 / 0.000         0.000 / 0.000         0.146 / 0.289         0.146 / 0.289       ms
[2023-11-16T15:21:25.590+0800][gc,stats    ]    Subphase: Concurrent Weak Roots OopStorageSet           0.000 / 0.000         0.000 / 0.000         0.440 / 0.670         0.440 / 0.670       ms
[2023-11-16T15:21:25.590+0800][gc,stats    ]    Subphase: Pause Mark Try Complete                       0.000 / 0.000         0.000 / 0.000         0.000 / 0.000         0.000 / 0.000       ms
[2023-11-16T15:21:25.590+0800][gc,stats    ]      System: Java Threads                                      0 / 0                 0 / 0                34 / 47               34 / 47          threads
[2023-11-16T15:21:25.590+0800][gc,stats    ] =========================================================================================================================================================
[2023-11-16T15:21:35.583+0800][gc,stats    ] === Garbage Collection Statistics =======================================================================================================================
[2023-11-16T15:21:35.583+0800][gc,stats    ]                                                              Last 10s              Last 10m              Last 10h                Total
[2023-11-16T15:21:35.583+0800][gc,stats    ]                                                              Avg / Max             Avg / Max             Avg / Max             Avg / Max
[2023-11-16T15:21:35.583+0800][gc,stats    ]   Collector: Garbage Collection Cycle                      0.000 / 0.000         0.000 / 0.000        32.129 / 37.536       32.129 / 37.536      ms
[2023-11-16T15:21:35.583+0800][gc,stats    ]  Contention: Mark Segment Reset Contention                     0 / 0                 0 / 0                 0 / 3                 0 / 3           ops/s
[2023-11-16T15:21:35.583+0800][gc,stats    ]  Contention: Mark SeqNum Reset Contention                      0 / 0                 0 / 0                 0 / 0                 0 / 0           ops/s
[2023-11-16T15:21:35.583+0800][gc,stats    ]    Critical: Allocation Stall                                  0 / 0                 0 / 0                 0 / 0                 0 / 0           ops/s
[2023-11-16T15:21:35.583+0800][gc,stats    ]    Critical: Allocation Stall                              0.000 / 0.000         0.000 / 0.000         0.000 / 0.000         0.000 / 0.000       ms
[2023-11-16T15:21:35.583+0800][gc,stats    ]    Critical: GC Locker Stall                                   0 / 0                 0 / 0                 0 / 0                 0 / 0           ops/s
[2023-11-16T15:21:35.583+0800][gc,stats    ]    Critical: GC Locker Stall                               0.000 / 0.000         0.000 / 0.000         0.000 / 0.000         0.000 / 0.000       ms
[2023-11-16T15:21:35.583+0800][gc,stats    ]    Critical: Relocation Stall                                  0 / 0                 0 / 0                 0 / 0                 0 / 0           ops/s
[2023-11-16T15:21:35.583+0800][gc,stats    ]    Critical: Relocation Stall                              0.000 / 0.000         0.000 / 0.000         0.000 / 0.000         0.000 / 0.000       ms
[2023-11-16T15:21:35.583+0800][gc,stats    ]      Memory: Allocation Rate                                   0 / 0                 0 / 8                 0 / 82                0 / 82          MB/s
[2023-11-16T15:21:35.583+0800][gc,stats    ]      Memory: Defragment                                        0 / 0                 0 / 0                 0 / 0                 0 / 0           ops/s
[2023-11-16T15:21:35.583+0800][gc,stats    ]      Memory: Out Of Memory                                     0 / 0                 0 / 0                 0 / 0                 0 / 0           ops/s
[2023-11-16T15:21:35.583+0800][gc,stats    ]      Memory: Page Cache Flush                                  0 / 0                 0 / 0                 0 / 0                 0 / 0           MB/s
[2023-11-16T15:21:35.583+0800][gc,stats    ]      Memory: Page Cache Hit L1                                 0 / 0                 0 / 4                 0 / 33                0 / 33          ops/s
[2023-11-16T15:21:35.583+0800][gc,stats    ]      Memory: Page Cache Hit L2                                 0 / 0                 0 / 0                 0 / 0                 0 / 0           ops/s
[2023-11-16T15:21:35.583+0800][gc,stats    ]      Memory: Page Cache Hit L3                                 0 / 0                 0 / 0                 0 / 41                0 / 41          ops/s
[2023-11-16T15:21:35.583+0800][gc,stats    ]      Memory: Page Cache Miss                                   0 / 0                 0 / 0                 0 / 1                 0 / 1           ops/s
[2023-11-16T15:21:35.583+0800][gc,stats    ]      Memory: Uncommit                                          0 / 0                 0 / 0                 0 / 0                 0 / 0           MB/s
[2023-11-16T15:21:35.583+0800][gc,stats    ]      Memory: Undo Object Allocation Failed                     0 / 0                 0 / 0                 0 / 0                 0 / 0           ops/s
[2023-11-16T15:21:35.583+0800][gc,stats    ]      Memory: Undo Object Allocation Succeeded                  0 / 0                 0 / 0                 0 / 3                 0 / 3           ops/s
[2023-11-16T15:21:35.583+0800][gc,stats    ]      Memory: Undo Page Allocation                              0 / 0                 0 / 0                 0 / 0                 0 / 0           ops/s
[2023-11-16T15:21:35.583+0800][gc,stats    ]       Phase: Concurrent Mark                               0.000 / 0.000         0.000 / 0.000        21.531 / 24.050       21.531 / 24.050      ms
[2023-11-16T15:21:35.583+0800][gc,stats    ]       Phase: Concurrent Mark Continue                      0.000 / 0.000         0.000 / 0.000         0.000 / 0.000         0.000 / 0.000       ms
[2023-11-16T15:21:35.583+0800][gc,stats    ]       Phase: Concurrent Mark Free                          0.000 / 0.000         0.000 / 0.000         0.001 / 0.001         0.001 / 0.001       ms
[2023-11-16T15:21:35.583+0800][gc,stats    ]       Phase: Concurrent Process Non-Strong References      0.000 / 0.000         0.000 / 0.000         1.995 / 2.420         1.995 / 2.420       ms
[2023-11-16T15:21:35.583+0800][gc,stats    ]       Phase: Concurrent Relocate                           0.000 / 0.000         0.000 / 0.000         2.883 / 2.961         2.883 / 2.961       ms
[2023-11-16T15:21:35.583+0800][gc,stats    ]       Phase: Concurrent Reset Relocation Set               0.000 / 0.000         0.000 / 0.000         0.002 / 0.004         0.002 / 0.004       ms
[2023-11-16T15:21:35.583+0800][gc,stats    ]       Phase: Concurrent Select Relocation Set              0.000 / 0.000         0.000 / 0.000         4.861 / 8.184         4.861 / 8.184       ms
[2023-11-16T15:21:35.583+0800][gc,stats    ]       Phase: Pause Mark End                                0.000 / 0.000         0.000 / 0.000         0.017 / 0.019         0.017 / 0.019       ms
[2023-11-16T15:21:35.583+0800][gc,stats    ]       Phase: Pause Mark Start                              0.000 / 0.000         0.000 / 0.000         0.023 / 0.031         0.023 / 0.031       ms
[2023-11-16T15:21:35.583+0800][gc,stats    ]       Phase: Pause Relocate Start                          0.000 / 0.000         0.000 / 0.000         0.009 / 0.009         0.009 / 0.009       ms
[2023-11-16T15:21:35.583+0800][gc,stats    ]    Subphase: Concurrent Classes Purge                      0.000 / 0.000         0.000 / 0.000         0.066 / 0.071         0.066 / 0.071       ms
[2023-11-16T15:21:35.583+0800][gc,stats    ]    Subphase: Concurrent Classes Unlink                     0.000 / 0.000         0.000 / 0.000         1.264 / 1.492         1.264 / 1.492       ms
[2023-11-16T15:21:35.583+0800][gc,stats    ]    Subphase: Concurrent Mark                               0.000 / 0.000         0.000 / 0.000        18.504 / 22.997       18.504 / 22.997      ms
[2023-11-16T15:21:35.583+0800][gc,stats    ]    Subphase: Concurrent Mark Try Flush                     0.000 / 0.000         0.000 / 0.000         0.201 / 0.455         0.201 / 0.455       ms
[2023-11-16T15:21:35.583+0800][gc,stats    ]    Subphase: Concurrent Mark Try Terminate                 0.000 / 0.000         0.000 / 0.000         4.353 / 12.985        4.353 / 12.985      ms
[2023-11-16T15:21:35.583+0800][gc,stats    ]    Subphase: Concurrent References Enqueue                 0.000 / 0.000         0.000 / 0.000         0.004 / 0.004         0.004 / 0.004       ms
[2023-11-16T15:21:35.583+0800][gc,stats    ]    Subphase: Concurrent References Process                 0.000 / 0.000         0.000 / 0.000         0.104 / 0.123         0.104 / 0.123       ms
[2023-11-16T15:21:35.583+0800][gc,stats    ]    Subphase: Concurrent Roots ClassLoaderDataGraph         0.000 / 0.000         0.000 / 0.000         0.107 / 0.428         0.107 / 0.428       ms
[2023-11-16T15:21:35.583+0800][gc,stats    ]    Subphase: Concurrent Roots CodeCache                    0.000 / 0.000         0.000 / 0.000         0.000 / 0.000         0.000 / 0.000       ms
[2023-11-16T15:21:35.583+0800][gc,stats    ]    Subphase: Concurrent Roots JavaThreads                  0.000 / 0.000         0.000 / 0.000         1.013 / 1.707         1.013 / 1.707       ms
[2023-11-16T15:21:35.583+0800][gc,stats    ]    Subphase: Concurrent Roots OopStorageSet                0.000 / 0.000         0.000 / 0.000         0.146 / 0.289         0.146 / 0.289       ms
[2023-11-16T15:21:35.584+0800][gc,stats    ]    Subphase: Concurrent Weak Roots OopStorageSet           0.000 / 0.000         0.000 / 0.000         0.440 / 0.670         0.440 / 0.670       ms
[2023-11-16T15:21:35.584+0800][gc,stats    ]    Subphase: Pause Mark Try Complete                       0.000 / 0.000         0.000 / 0.000         0.000 / 0.000         0.000 / 0.000       ms
[2023-11-16T15:21:35.584+0800][gc,stats    ]      System: Java Threads                                      0 / 0                 0 / 0                34 / 47               34 / 47          threads
[2023-11-16T15:21:35.584+0800][gc,stats    ] =========================================================================================================================================================
[2023-11-16T15:21:45.587+0800][gc,stats    ] === Garbage Collection Statistics =======================================================================================================================
[2023-11-16T15:21:45.587+0800][gc,stats    ]                                                              Last 10s              Last 10m              Last 10h                Total
[2023-11-16T15:21:45.587+0800][gc,stats    ]                                                              Avg / Max             Avg / Max             Avg / Max             Avg / Max
[2023-11-16T15:21:45.587+0800][gc,stats    ]   Collector: Garbage Collection Cycle                      0.000 / 0.000         0.000 / 0.000        32.129 / 37.536       32.129 / 37.536      ms
[2023-11-16T15:21:45.587+0800][gc,stats    ]  Contention: Mark Segment Reset Contention                     0 / 0                 0 / 0                 0 / 3                 0 / 3           ops/s
[2023-11-16T15:21:45.587+0800][gc,stats    ]  Contention: Mark SeqNum Reset Contention                      0 / 0                 0 / 0                 0 / 0                 0 / 0           ops/s
[2023-11-16T15:21:45.587+0800][gc,stats    ]    Critical: Allocation Stall                                  0 / 0                 0 / 0                 0 / 0                 0 / 0           ops/s
[2023-11-16T15:21:45.587+0800][gc,stats    ]    Critical: Allocation Stall                              0.000 / 0.000         0.000 / 0.000         0.000 / 0.000         0.000 / 0.000       ms
[2023-11-16T15:21:45.587+0800][gc,stats    ]    Critical: GC Locker Stall                                   0 / 0                 0 / 0                 0 / 0                 0 / 0           ops/s
[2023-11-16T15:21:45.587+0800][gc,stats    ]    Critical: GC Locker Stall                               0.000 / 0.000         0.000 / 0.000         0.000 / 0.000         0.000 / 0.000       ms
[2023-11-16T15:21:45.587+0800][gc,stats    ]    Critical: Relocation Stall                                  0 / 0                 0 / 0                 0 / 0                 0 / 0           ops/s
[2023-11-16T15:21:45.587+0800][gc,stats    ]    Critical: Relocation Stall                              0.000 / 0.000         0.000 / 0.000         0.000 / 0.000         0.000 / 0.000       ms
[2023-11-16T15:21:45.587+0800][gc,stats    ]      Memory: Allocation Rate                                   0 / 0                 0 / 8                 0 / 82                0 / 82          MB/s
[2023-11-16T15:21:45.587+0800][gc,stats    ]      Memory: Defragment                                        0 / 0                 0 / 0                 0 / 0                 0 / 0           ops/s
[2023-11-16T15:21:45.587+0800][gc,stats    ]      Memory: Out Of Memory                                     0 / 0                 0 / 0                 0 / 0                 0 / 0           ops/s
[2023-11-16T15:21:45.587+0800][gc,stats    ]      Memory: Page Cache Flush                                  0 / 0                 0 / 0                 0 / 0                 0 / 0           MB/s
[2023-11-16T15:21:45.587+0800][gc,stats    ]      Memory: Page Cache Hit L1                                 0 / 0                 0 / 4                 0 / 33                0 / 33          ops/s
[2023-11-16T15:21:45.587+0800][gc,stats    ]      Memory: Page Cache Hit L2                                 0 / 0                 0 / 0                 0 / 0                 0 / 0           ops/s
[2023-11-16T15:21:45.587+0800][gc,stats    ]      Memory: Page Cache Hit L3                                 0 / 0                 0 / 0                 0 / 41                0 / 41          ops/s
[2023-11-16T15:21:45.587+0800][gc,stats    ]      Memory: Page Cache Miss                                   0 / 0                 0 / 0                 0 / 1                 0 / 1           ops/s
[2023-11-16T15:21:45.587+0800][gc,stats    ]      Memory: Uncommit                                          0 / 0                 0 / 0                 0 / 0                 0 / 0           MB/s
[2023-11-16T15:21:45.587+0800][gc,stats    ]      Memory: Undo Object Allocation Failed                     0 / 0                 0 / 0                 0 / 0                 0 / 0           ops/s
[2023-11-16T15:21:45.587+0800][gc,stats    ]      Memory: Undo Object Allocation Succeeded                  0 / 0                 0 / 0                 0 / 3                 0 / 3           ops/s
[2023-11-16T15:21:45.587+0800][gc,stats    ]      Memory: Undo Page Allocation                              0 / 0                 0 / 0                 0 / 0                 0 / 0           ops/s
[2023-11-16T15:21:45.587+0800][gc,stats    ]       Phase: Concurrent Mark                               0.000 / 0.000         0.000 / 0.000        21.531 / 24.050       21.531 / 24.050      ms
[2023-11-16T15:21:45.587+0800][gc,stats    ]       Phase: Concurrent Mark Continue                      0.000 / 0.000         0.000 / 0.000         0.000 / 0.000         0.000 / 0.000       ms
[2023-11-16T15:21:45.587+0800][gc,stats    ]       Phase: Concurrent Mark Free                          0.000 / 0.000         0.000 / 0.000         0.001 / 0.001         0.001 / 0.001       ms
[2023-11-16T15:21:45.587+0800][gc,stats    ]       Phase: Concurrent Process Non-Strong References      0.000 / 0.000         0.000 / 0.000         1.995 / 2.420         1.995 / 2.420       ms
[2023-11-16T15:21:45.587+0800][gc,stats    ]       Phase: Concurrent Relocate                           0.000 / 0.000         0.000 / 0.000         2.883 / 2.961         2.883 / 2.961       ms
[2023-11-16T15:21:45.587+0800][gc,stats    ]       Phase: Concurrent Reset Relocation Set               0.000 / 0.000         0.000 / 0.000         0.002 / 0.004         0.002 / 0.004       ms
[2023-11-16T15:21:45.587+0800][gc,stats    ]       Phase: Concurrent Select Relocation Set              0.000 / 0.000         0.000 / 0.000         4.861 / 8.184         4.861 / 8.184       ms
[2023-11-16T15:21:45.587+0800][gc,stats    ]       Phase: Pause Mark End                                0.000 / 0.000         0.000 / 0.000         0.017 / 0.019         0.017 / 0.019       ms
[2023-11-16T15:21:45.587+0800][gc,stats    ]       Phase: Pause Mark Start                              0.000 / 0.000         0.000 / 0.000         0.023 / 0.031         0.023 / 0.031       ms
[2023-11-16T15:21:45.587+0800][gc,stats    ]       Phase: Pause Relocate Start                          0.000 / 0.000         0.000 / 0.000         0.009 / 0.009         0.009 / 0.009       ms
[2023-11-16T15:21:45.587+0800][gc,stats    ]    Subphase: Concurrent Classes Purge                      0.000 / 0.000         0.000 / 0.000         0.066 / 0.071         0.066 / 0.071       ms
[2023-11-16T15:21:45.587+0800][gc,stats    ]    Subphase: Concurrent Classes Unlink                     0.000 / 0.000         0.000 / 0.000         1.264 / 1.492         1.264 / 1.492       ms
[2023-11-16T15:21:45.587+0800][gc,stats    ]    Subphase: Concurrent Mark                               0.000 / 0.000         0.000 / 0.000        18.504 / 22.997       18.504 / 22.997      ms
[2023-11-16T15:21:45.587+0800][gc,stats    ]    Subphase: Concurrent Mark Try Flush                     0.000 / 0.000         0.000 / 0.000         0.201 / 0.455         0.201 / 0.455       ms
[2023-11-16T15:21:45.587+0800][gc,stats    ]    Subphase: Concurrent Mark Try Terminate                 0.000 / 0.000         0.000 / 0.000         4.353 / 12.985        4.353 / 12.985      ms
[2023-11-16T15:21:45.587+0800][gc,stats    ]    Subphase: Concurrent References Enqueue                 0.000 / 0.000         0.000 / 0.000         0.004 / 0.004         0.004 / 0.004       ms
[2023-11-16T15:21:45.587+0800][gc,stats    ]    Subphase: Concurrent References Process                 0.000 / 0.000         0.000 / 0.000         0.104 / 0.123         0.104 / 0.123       ms
[2023-11-16T15:21:45.587+0800][gc,stats    ]    Subphase: Concurrent Roots ClassLoaderDataGraph         0.000 / 0.000         0.000 / 0.000         0.107 / 0.428         0.107 / 0.428       ms
[2023-11-16T15:21:45.587+0800][gc,stats    ]    Subphase: Concurrent Roots CodeCache                    0.000 / 0.000         0.000 / 0.000         0.000 / 0.000         0.000 / 0.000       ms
[2023-11-16T15:21:45.587+0800][gc,stats    ]    Subphase: Concurrent Roots JavaThreads                  0.000 / 0.000         0.000 / 0.000         1.013 / 1.707         1.013 / 1.707       ms
[2023-11-16T15:21:45.587+0800][gc,stats    ]    Subphase: Concurrent Roots OopStorageSet                0.000 / 0.000         0.000 / 0.000         0.146 / 0.289         0.146 / 0.289       ms
[2023-11-16T15:21:45.587+0800][gc,stats    ]    Subphase: Concurrent Weak Roots OopStorageSet           0.000 / 0.000         0.000 / 0.000         0.440 / 0.670         0.440 / 0.670       ms
[2023-11-16T15:21:45.587+0800][gc,stats    ]    Subphase: Pause Mark Try Complete                       0.000 / 0.000         0.000 / 0.000         0.000 / 0.000         0.000 / 0.000       ms
[2023-11-16T15:21:45.587+0800][gc,stats    ]      System: Java Threads                                      0 / 0                 0 / 0                34 / 47               34 / 47          threads
[2023-11-16T15:21:45.587+0800][gc,stats    ] =========================================================================================================================================================
[2023-11-16T15:21:55.580+0800][gc,stats    ] === Garbage Collection Statistics =======================================================================================================================
[2023-11-16T15:21:55.580+0800][gc,stats    ]                                                              Last 10s              Last 10m              Last 10h                Total
[2023-11-16T15:21:55.580+0800][gc,stats    ]                                                              Avg / Max             Avg / Max             Avg / Max             Avg / Max
[2023-11-16T15:21:55.580+0800][gc,stats    ]   Collector: Garbage Collection Cycle                      0.000 / 0.000         0.000 / 0.000        32.129 / 37.536       32.129 / 37.536      ms
[2023-11-16T15:21:55.580+0800][gc,stats    ]  Contention: Mark Segment Reset Contention                     0 / 0                 0 / 0                 0 / 3                 0 / 3           ops/s
[2023-11-16T15:21:55.580+0800][gc,stats    ]  Contention: Mark SeqNum Reset Contention                      0 / 0                 0 / 0                 0 / 0                 0 / 0           ops/s
[2023-11-16T15:21:55.580+0800][gc,stats    ]    Critical: Allocation Stall                                  0 / 0                 0 / 0                 0 / 0                 0 / 0           ops/s
[2023-11-16T15:21:55.580+0800][gc,stats    ]    Critical: Allocation Stall                              0.000 / 0.000         0.000 / 0.000         0.000 / 0.000         0.000 / 0.000       ms
[2023-11-16T15:21:55.580+0800][gc,stats    ]    Critical: GC Locker Stall                                   0 / 0                 0 / 0                 0 / 0                 0 / 0           ops/s
[2023-11-16T15:21:55.580+0800][gc,stats    ]    Critical: GC Locker Stall                               0.000 / 0.000         0.000 / 0.000         0.000 / 0.000         0.000 / 0.000       ms
[2023-11-16T15:21:55.580+0800][gc,stats    ]    Critical: Relocation Stall                                  0 / 0                 0 / 0                 0 / 0                 0 / 0           ops/s
[2023-11-16T15:21:55.580+0800][gc,stats    ]    Critical: Relocation Stall                              0.000 / 0.000         0.000 / 0.000         0.000 / 0.000         0.000 / 0.000       ms
[2023-11-16T15:21:55.580+0800][gc,stats    ]      Memory: Allocation Rate                                   0 / 0                 0 / 8                 0 / 82                0 / 82          MB/s
[2023-11-16T15:21:55.580+0800][gc,stats    ]      Memory: Defragment                                        0 / 0                 0 / 0                 0 / 0                 0 / 0           ops/s
[2023-11-16T15:21:55.580+0800][gc,stats    ]      Memory: Out Of Memory                                     0 / 0                 0 / 0                 0 / 0                 0 / 0           ops/s
[2023-11-16T15:21:55.580+0800][gc,stats    ]      Memory: Page Cache Flush                                  0 / 0                 0 / 0                 0 / 0                 0 / 0           MB/s
[2023-11-16T15:21:55.580+0800][gc,stats    ]      Memory: Page Cache Hit L1                                 0 / 0                 0 / 4                 0 / 33                0 / 33          ops/s
[2023-11-16T15:21:55.580+0800][gc,stats    ]      Memory: Page Cache Hit L2                                 0 / 0                 0 / 0                 0 / 0                 0 / 0           ops/s
[2023-11-16T15:21:55.580+0800][gc,stats    ]      Memory: Page Cache Hit L3                                 0 / 0                 0 / 0                 0 / 41                0 / 41          ops/s
[2023-11-16T15:21:55.580+0800][gc,stats    ]      Memory: Page Cache Miss                                   0 / 0                 0 / 0                 0 / 1                 0 / 1           ops/s
[2023-11-16T15:21:55.580+0800][gc,stats    ]      Memory: Uncommit                                          0 / 0                 0 / 0                 0 / 0                 0 / 0           MB/s
[2023-11-16T15:21:55.580+0800][gc,stats    ]      Memory: Undo Object Allocation Failed                     0 / 0                 0 / 0                 0 / 0                 0 / 0           ops/s
[2023-11-16T15:21:55.580+0800][gc,stats    ]      Memory: Undo Object Allocation Succeeded                  0 / 0                 0 / 0                 0 / 3                 0 / 3           ops/s
[2023-11-16T15:21:55.580+0800][gc,stats    ]      Memory: Undo Page Allocation                              0 / 0                 0 / 0                 0 / 0                 0 / 0           ops/s
[2023-11-16T15:21:55.580+0800][gc,stats    ]       Phase: Concurrent Mark                               0.000 / 0.000         0.000 / 0.000        21.531 / 24.050       21.531 / 24.050      ms
[2023-11-16T15:21:55.580+0800][gc,stats    ]       Phase: Concurrent Mark Continue                      0.000 / 0.000         0.000 / 0.000         0.000 / 0.000         0.000 / 0.000       ms
[2023-11-16T15:21:55.580+0800][gc,stats    ]       Phase: Concurrent Mark Free                          0.000 / 0.000         0.000 / 0.000         0.001 / 0.001         0.001 / 0.001       ms
[2023-11-16T15:21:55.580+0800][gc,stats    ]       Phase: Concurrent Process Non-Strong References      0.000 / 0.000         0.000 / 0.000         1.995 / 2.420         1.995 / 2.420       ms
[2023-11-16T15:21:55.580+0800][gc,stats    ]       Phase: Concurrent Relocate                           0.000 / 0.000         0.000 / 0.000         2.883 / 2.961         2.883 / 2.961       ms
[2023-11-16T15:21:55.580+0800][gc,stats    ]       Phase: Concurrent Reset Relocation Set               0.000 / 0.000         0.000 / 0.000         0.002 / 0.004         0.002 / 0.004       ms
[2023-11-16T15:21:55.580+0800][gc,stats    ]       Phase: Concurrent Select Relocation Set              0.000 / 0.000         0.000 / 0.000         4.861 / 8.184         4.861 / 8.184       ms
[2023-11-16T15:21:55.580+0800][gc,stats    ]       Phase: Pause Mark End                                0.000 / 0.000         0.000 / 0.000         0.017 / 0.019         0.017 / 0.019       ms
[2023-11-16T15:21:55.580+0800][gc,stats    ]       Phase: Pause Mark Start                              0.000 / 0.000         0.000 / 0.000         0.023 / 0.031         0.023 / 0.031       ms
[2023-11-16T15:21:55.580+0800][gc,stats    ]       Phase: Pause Relocate Start                          0.000 / 0.000         0.000 / 0.000         0.009 / 0.009         0.009 / 0.009       ms
[2023-11-16T15:21:55.580+0800][gc,stats    ]    Subphase: Concurrent Classes Purge                      0.000 / 0.000         0.000 / 0.000         0.066 / 0.071         0.066 / 0.071       ms
[2023-11-16T15:21:55.580+0800][gc,stats    ]    Subphase: Concurrent Classes Unlink                     0.000 / 0.000         0.000 / 0.000         1.264 / 1.492         1.264 / 1.492       ms
[2023-11-16T15:21:55.580+0800][gc,stats    ]    Subphase: Concurrent Mark                               0.000 / 0.000         0.000 / 0.000        18.504 / 22.997       18.504 / 22.997      ms
[2023-11-16T15:21:55.580+0800][gc,stats    ]    Subphase: Concurrent Mark Try Flush                     0.000 / 0.000         0.000 / 0.000         0.201 / 0.455         0.201 / 0.455       ms
[2023-11-16T15:21:55.580+0800][gc,stats    ]    Subphase: Concurrent Mark Try Terminate                 0.000 / 0.000         0.000 / 0.000         4.353 / 12.985        4.353 / 12.985      ms
[2023-11-16T15:21:55.581+0800][gc,stats    ]    Subphase: Concurrent References Enqueue                 0.000 / 0.000         0.000 / 0.000         0.004 / 0.004         0.004 / 0.004       ms
[2023-11-16T15:21:55.581+0800][gc,stats    ]    Subphase: Concurrent References Process                 0.000 / 0.000         0.000 / 0.000         0.104 / 0.123         0.104 / 0.123       ms
[2023-11-16T15:21:55.581+0800][gc,stats    ]    Subphase: Concurrent Roots ClassLoaderDataGraph         0.000 / 0.000         0.000 / 0.000         0.107 / 0.428         0.107 / 0.428       ms
[2023-11-16T15:21:55.581+0800][gc,stats    ]    Subphase: Concurrent Roots CodeCache                    0.000 / 0.000         0.000 / 0.000         0.000 / 0.000         0.000 / 0.000       ms
[2023-11-16T15:21:55.581+0800][gc,stats    ]    Subphase: Concurrent Roots JavaThreads                  0.000 / 0.000         0.000 / 0.000         1.013 / 1.707         1.013 / 1.707       ms
[2023-11-16T15:21:55.581+0800][gc,stats    ]    Subphase: Concurrent Roots OopStorageSet                0.000 / 0.000         0.000 / 0.000         0.146 / 0.289         0.146 / 0.289       ms
[2023-11-16T15:21:55.581+0800][gc,stats    ]    Subphase: Concurrent Weak Roots OopStorageSet           0.000 / 0.000         0.000 / 0.000         0.440 / 0.670         0.440 / 0.670       ms
[2023-11-16T15:21:55.581+0800][gc,stats    ]    Subphase: Pause Mark Try Complete                       0.000 / 0.000         0.000 / 0.000         0.000 / 0.000         0.000 / 0.000       ms
[2023-11-16T15:21:55.581+0800][gc,stats    ]      System: Java Threads                                      0 / 0                 0 / 0                34 / 47               34 / 47          threads
[2023-11-16T15:21:55.581+0800][gc,stats    ] =========================================================================================================================================================
[2023-11-16T15:22:05.580+0800][gc,stats    ] === Garbage Collection Statistics =======================================================================================================================
[2023-11-16T15:22:05.580+0800][gc,stats    ]                                                              Last 10s              Last 10m              Last 10h                Total
[2023-11-16T15:22:05.580+0800][gc,stats    ]                                                              Avg / Max             Avg / Max             Avg / Max             Avg / Max
[2023-11-16T15:22:05.580+0800][gc,stats    ]   Collector: Garbage Collection Cycle                      0.000 / 0.000         0.000 / 0.000        32.129 / 37.536       32.129 / 37.536      ms
[2023-11-16T15:22:05.580+0800][gc,stats    ]  Contention: Mark Segment Reset Contention                     0 / 0                 0 / 0                 0 / 3                 0 / 3           ops/s
[2023-11-16T15:22:05.580+0800][gc,stats    ]  Contention: Mark SeqNum Reset Contention                      0 / 0                 0 / 0                 0 / 0                 0 / 0           ops/s
[2023-11-16T15:22:05.580+0800][gc,stats    ]    Critical: Allocation Stall                                  0 / 0                 0 / 0                 0 / 0                 0 / 0           ops/s
[2023-11-16T15:22:05.580+0800][gc,stats    ]    Critical: Allocation Stall                              0.000 / 0.000         0.000 / 0.000         0.000 / 0.000         0.000 / 0.000       ms
[2023-11-16T15:22:05.580+0800][gc,stats    ]    Critical: GC Locker Stall                                   0 / 0                 0 / 0                 0 / 0                 0 / 0           ops/s
[2023-11-16T15:22:05.580+0800][gc,stats    ]    Critical: GC Locker Stall                               0.000 / 0.000         0.000 / 0.000         0.000 / 0.000         0.000 / 0.000       ms
[2023-11-16T15:22:05.580+0800][gc,stats    ]    Critical: Relocation Stall                                  0 / 0                 0 / 0                 0 / 0                 0 / 0           ops/s
[2023-11-16T15:22:05.581+0800][gc,stats    ]    Critical: Relocation Stall                              0.000 / 0.000         0.000 / 0.000         0.000 / 0.000         0.000 / 0.000       ms
[2023-11-16T15:22:05.581+0800][gc,stats    ]      Memory: Allocation Rate                                   0 / 0                 0 / 8                 0 / 82                0 / 82          MB/s
[2023-11-16T15:22:05.581+0800][gc,stats    ]      Memory: Defragment                                        0 / 0                 0 / 0                 0 / 0                 0 / 0           ops/s
[2023-11-16T15:22:05.581+0800][gc,stats    ]      Memory: Out Of Memory                                     0 / 0                 0 / 0                 0 / 0                 0 / 0           ops/s
[2023-11-16T15:22:05.581+0800][gc,stats    ]      Memory: Page Cache Flush                                  0 / 0                 0 / 0                 0 / 0                 0 / 0           MB/s
[2023-11-16T15:22:05.581+0800][gc,stats    ]      Memory: Page Cache Hit L1                                 0 / 0                 0 / 4                 0 / 33                0 / 33          ops/s
[2023-11-16T15:22:05.581+0800][gc,stats    ]      Memory: Page Cache Hit L2                                 0 / 0                 0 / 0                 0 / 0                 0 / 0           ops/s
[2023-11-16T15:22:05.581+0800][gc,stats    ]      Memory: Page Cache Hit L3                                 0 / 0                 0 / 0                 0 / 41                0 / 41          ops/s
[2023-11-16T15:22:05.581+0800][gc,stats    ]      Memory: Page Cache Miss                                   0 / 0                 0 / 0                 0 / 1                 0 / 1           ops/s
[2023-11-16T15:22:05.581+0800][gc,stats    ]      Memory: Uncommit                                          0 / 0                 0 / 0                 0 / 0                 0 / 0           MB/s
[2023-11-16T15:22:05.581+0800][gc,stats    ]      Memory: Undo Object Allocation Failed                     0 / 0                 0 / 0                 0 / 0                 0 / 0           ops/s
[2023-11-16T15:22:05.581+0800][gc,stats    ]      Memory: Undo Object Allocation Succeeded                  0 / 0                 0 / 0                 0 / 3                 0 / 3           ops/s
[2023-11-16T15:22:05.581+0800][gc,stats    ]      Memory: Undo Page Allocation                              0 / 0                 0 / 0                 0 / 0                 0 / 0           ops/s
[2023-11-16T15:22:05.581+0800][gc,stats    ]       Phase: Concurrent Mark                               0.000 / 0.000         0.000 / 0.000        21.531 / 24.050       21.531 / 24.050      ms
[2023-11-16T15:22:05.581+0800][gc,stats    ]       Phase: Concurrent Mark Continue                      0.000 / 0.000         0.000 / 0.000         0.000 / 0.000         0.000 / 0.000       ms
[2023-11-16T15:22:05.581+0800][gc,stats    ]       Phase: Concurrent Mark Free                          0.000 / 0.000         0.000 / 0.000         0.001 / 0.001         0.001 / 0.001       ms
[2023-11-16T15:22:05.581+0800][gc,stats    ]       Phase: Concurrent Process Non-Strong References      0.000 / 0.000         0.000 / 0.000         1.995 / 2.420         1.995 / 2.420       ms
[2023-11-16T15:22:05.581+0800][gc,stats    ]       Phase: Concurrent Relocate                           0.000 / 0.000         0.000 / 0.000         2.883 / 2.961         2.883 / 2.961       ms
[2023-11-16T15:22:05.581+0800][gc,stats    ]       Phase: Concurrent Reset Relocation Set               0.000 / 0.000         0.000 / 0.000         0.002 / 0.004         0.002 / 0.004       ms
[2023-11-16T15:22:05.581+0800][gc,stats    ]       Phase: Concurrent Select Relocation Set              0.000 / 0.000         0.000 / 0.000         4.861 / 8.184         4.861 / 8.184       ms
[2023-11-16T15:22:05.581+0800][gc,stats    ]       Phase: Pause Mark End                                0.000 / 0.000         0.000 / 0.000         0.017 / 0.019         0.017 / 0.019       ms
[2023-11-16T15:22:05.581+0800][gc,stats    ]       Phase: Pause Mark Start                              0.000 / 0.000         0.000 / 0.000         0.023 / 0.031         0.023 / 0.031       ms
[2023-11-16T15:22:05.581+0800][gc,stats    ]       Phase: Pause Relocate Start                          0.000 / 0.000         0.000 / 0.000         0.009 / 0.009         0.009 / 0.009       ms
[2023-11-16T15:22:05.581+0800][gc,stats    ]    Subphase: Concurrent Classes Purge                      0.000 / 0.000         0.000 / 0.000         0.066 / 0.071         0.066 / 0.071       ms
[2023-11-16T15:22:05.581+0800][gc,stats    ]    Subphase: Concurrent Classes Unlink                     0.000 / 0.000         0.000 / 0.000         1.264 / 1.492         1.264 / 1.492       ms
[2023-11-16T15:22:05.581+0800][gc,stats    ]    Subphase: Concurrent Mark                               0.000 / 0.000         0.000 / 0.000        18.504 / 22.997       18.504 / 22.997      ms
[2023-11-16T15:22:05.581+0800][gc,stats    ]    Subphase: Concurrent Mark Try Flush                     0.000 / 0.000         0.000 / 0.000         0.201 / 0.455         0.201 / 0.455       ms
[2023-11-16T15:22:05.581+0800][gc,stats    ]    Subphase: Concurrent Mark Try Terminate                 0.000 / 0.000         0.000 / 0.000         4.353 / 12.985        4.353 / 12.985      ms
[2023-11-16T15:22:05.581+0800][gc,stats    ]    Subphase: Concurrent References Enqueue                 0.000 / 0.000         0.000 / 0.000         0.004 / 0.004         0.004 / 0.004       ms
[2023-11-16T15:22:05.581+0800][gc,stats    ]    Subphase: Concurrent References Process                 0.000 / 0.000         0.000 / 0.000         0.104 / 0.123         0.104 / 0.123       ms
[2023-11-16T15:22:05.581+0800][gc,stats    ]    Subphase: Concurrent Roots ClassLoaderDataGraph         0.000 / 0.000         0.000 / 0.000         0.107 / 0.428         0.107 / 0.428       ms
[2023-11-16T15:22:05.581+0800][gc,stats    ]    Subphase: Concurrent Roots CodeCache                    0.000 / 0.000         0.000 / 0.000         0.000 / 0.000         0.000 / 0.000       ms
[2023-11-16T15:22:05.581+0800][gc,stats    ]    Subphase: Concurrent Roots JavaThreads                  0.000 / 0.000         0.000 / 0.000         1.013 / 1.707         1.013 / 1.707       ms
[2023-11-16T15:22:05.581+0800][gc,stats    ]    Subphase: Concurrent Roots OopStorageSet                0.000 / 0.000         0.000 / 0.000         0.146 / 0.289         0.146 / 0.289       ms
[2023-11-16T15:22:05.581+0800][gc,stats    ]    Subphase: Concurrent Weak Roots OopStorageSet           0.000 / 0.000         0.000 / 0.000         0.440 / 0.670         0.440 / 0.670       ms
[2023-11-16T15:22:05.581+0800][gc,stats    ]    Subphase: Pause Mark Try Complete                       0.000 / 0.000         0.000 / 0.000         0.000 / 0.000         0.000 / 0.000       ms
[2023-11-16T15:22:05.581+0800][gc,stats    ]      System: Java Threads                                      0 / 0                 0 / 0                34 / 47               34 / 47          threads
[2023-11-16T15:22:05.581+0800][gc,stats    ] =========================================================================================================================================================
[2023-11-16T15:22:15.589+0800][gc,stats    ] === Garbage Collection Statistics =======================================================================================================================
[2023-11-16T15:22:15.589+0800][gc,stats    ]                                                              Last 10s              Last 10m              Last 10h                Total
[2023-11-16T15:22:15.589+0800][gc,stats    ]                                                              Avg / Max             Avg / Max             Avg / Max             Avg / Max
[2023-11-16T15:22:15.589+0800][gc,stats    ]   Collector: Garbage Collection Cycle                      0.000 / 0.000         0.000 / 0.000        32.129 / 37.536       32.129 / 37.536      ms
[2023-11-16T15:22:15.589+0800][gc,stats    ]  Contention: Mark Segment Reset Contention                     0 / 0                 0 / 0                 0 / 3                 0 / 3           ops/s
[2023-11-16T15:22:15.589+0800][gc,stats    ]  Contention: Mark SeqNum Reset Contention                      0 / 0                 0 / 0                 0 / 0                 0 / 0           ops/s
[2023-11-16T15:22:15.589+0800][gc,stats    ]    Critical: Allocation Stall                                  0 / 0                 0 / 0                 0 / 0                 0 / 0           ops/s
[2023-11-16T15:22:15.589+0800][gc,stats    ]    Critical: Allocation Stall                              0.000 / 0.000         0.000 / 0.000         0.000 / 0.000         0.000 / 0.000       ms
[2023-11-16T15:22:15.589+0800][gc,stats    ]    Critical: GC Locker Stall                                   0 / 0                 0 / 0                 0 / 0                 0 / 0           ops/s
[2023-11-16T15:22:15.589+0800][gc,stats    ]    Critical: GC Locker Stall                               0.000 / 0.000         0.000 / 0.000         0.000 / 0.000         0.000 / 0.000       ms
[2023-11-16T15:22:15.589+0800][gc,stats    ]    Critical: Relocation Stall                                  0 / 0                 0 / 0                 0 / 0                 0 / 0           ops/s
[2023-11-16T15:22:15.589+0800][gc,stats    ]    Critical: Relocation Stall                              0.000 / 0.000         0.000 / 0.000         0.000 / 0.000         0.000 / 0.000       ms
[2023-11-16T15:22:15.589+0800][gc,stats    ]      Memory: Allocation Rate                                   0 / 0                 0 / 8                 0 / 82                0 / 82          MB/s
[2023-11-16T15:22:15.589+0800][gc,stats    ]      Memory: Defragment                                        0 / 0                 0 / 0                 0 / 0                 0 / 0           ops/s
[2023-11-16T15:22:15.589+0800][gc,stats    ]      Memory: Out Of Memory                                     0 / 0                 0 / 0                 0 / 0                 0 / 0           ops/s
[2023-11-16T15:22:15.589+0800][gc,stats    ]      Memory: Page Cache Flush                                  0 / 0                 0 / 0                 0 / 0                 0 / 0           MB/s
[2023-11-16T15:22:15.589+0800][gc,stats    ]      Memory: Page Cache Hit L1                                 0 / 0                 0 / 4                 0 / 33                0 / 33          ops/s
[2023-11-16T15:22:15.589+0800][gc,stats    ]      Memory: Page Cache Hit L2                                 0 / 0                 0 / 0                 0 / 0                 0 / 0           ops/s
[2023-11-16T15:22:15.589+0800][gc,stats    ]      Memory: Page Cache Hit L3                                 0 / 0                 0 / 0                 0 / 41                0 / 41          ops/s
[2023-11-16T15:22:15.589+0800][gc,stats    ]      Memory: Page Cache Miss                                   0 / 0                 0 / 0                 0 / 1                 0 / 1           ops/s
[2023-11-16T15:22:15.589+0800][gc,stats    ]      Memory: Uncommit                                          0 / 0                 0 / 0                 0 / 0                 0 / 0           MB/s
[2023-11-16T15:22:15.589+0800][gc,stats    ]      Memory: Undo Object Allocation Failed                     0 / 0                 0 / 0                 0 / 0                 0 / 0           ops/s
[2023-11-16T15:22:15.589+0800][gc,stats    ]      Memory: Undo Object Allocation Succeeded                  0 / 0                 0 / 0                 0 / 3                 0 / 3           ops/s
[2023-11-16T15:22:15.589+0800][gc,stats    ]      Memory: Undo Page Allocation                              0 / 0                 0 / 0                 0 / 0                 0 / 0           ops/s
[2023-11-16T15:22:15.589+0800][gc,stats    ]       Phase: Concurrent Mark                               0.000 / 0.000         0.000 / 0.000        21.531 / 24.050       21.531 / 24.050      ms
[2023-11-16T15:22:15.589+0800][gc,stats    ]       Phase: Concurrent Mark Continue                      0.000 / 0.000         0.000 / 0.000         0.000 / 0.000         0.000 / 0.000       ms
[2023-11-16T15:22:15.589+0800][gc,stats    ]       Phase: Concurrent Mark Free                          0.000 / 0.000         0.000 / 0.000         0.001 / 0.001         0.001 / 0.001       ms
[2023-11-16T15:22:15.589+0800][gc,stats    ]       Phase: Concurrent Process Non-Strong References      0.000 / 0.000         0.000 / 0.000         1.995 / 2.420         1.995 / 2.420       ms
[2023-11-16T15:22:15.589+0800][gc,stats    ]       Phase: Concurrent Relocate                           0.000 / 0.000         0.000 / 0.000         2.883 / 2.961         2.883 / 2.961       ms
[2023-11-16T15:22:15.589+0800][gc,stats    ]       Phase: Concurrent Reset Relocation Set               0.000 / 0.000         0.000 / 0.000         0.002 / 0.004         0.002 / 0.004       ms
[2023-11-16T15:22:15.589+0800][gc,stats    ]       Phase: Concurrent Select Relocation Set              0.000 / 0.000         0.000 / 0.000         4.861 / 8.184         4.861 / 8.184       ms
[2023-11-16T15:22:15.589+0800][gc,stats    ]       Phase: Pause Mark End                                0.000 / 0.000         0.000 / 0.000         0.017 / 0.019         0.017 / 0.019       ms
[2023-11-16T15:22:15.589+0800][gc,stats    ]       Phase: Pause Mark Start                              0.000 / 0.000         0.000 / 0.000         0.023 / 0.031         0.023 / 0.031       ms
[2023-11-16T15:22:15.589+0800][gc,stats    ]       Phase: Pause Relocate Start                          0.000 / 0.000         0.000 / 0.000         0.009 / 0.009         0.009 / 0.009       ms
[2023-11-16T15:22:15.589+0800][gc,stats    ]    Subphase: Concurrent Classes Purge                      0.000 / 0.000         0.000 / 0.000         0.066 / 0.071         0.066 / 0.071       ms
[2023-11-16T15:22:15.589+0800][gc,stats    ]    Subphase: Concurrent Classes Unlink                     0.000 / 0.000         0.000 / 0.000         1.264 / 1.492         1.264 / 1.492       ms
[2023-11-16T15:22:15.589+0800][gc,stats    ]    Subphase: Concurrent Mark                               0.000 / 0.000         0.000 / 0.000        18.504 / 22.997       18.504 / 22.997      ms
[2023-11-16T15:22:15.589+0800][gc,stats    ]    Subphase: Concurrent Mark Try Flush                     0.000 / 0.000         0.000 / 0.000         0.201 / 0.455         0.201 / 0.455       ms
[2023-11-16T15:22:15.589+0800][gc,stats    ]    Subphase: Concurrent Mark Try Terminate                 0.000 / 0.000         0.000 / 0.000         4.353 / 12.985        4.353 / 12.985      ms
[2023-11-16T15:22:15.589+0800][gc,stats    ]    Subphase: Concurrent References Enqueue                 0.000 / 0.000         0.000 / 0.000         0.004 / 0.004         0.004 / 0.004       ms
[2023-11-16T15:22:15.589+0800][gc,stats    ]    Subphase: Concurrent References Process                 0.000 / 0.000         0.000 / 0.000         0.104 / 0.123         0.104 / 0.123       ms
[2023-11-16T15:22:15.589+0800][gc,stats    ]    Subphase: Concurrent Roots ClassLoaderDataGraph         0.000 / 0.000         0.000 / 0.000         0.107 / 0.428         0.107 / 0.428       ms
[2023-11-16T15:22:15.589+0800][gc,stats    ]    Subphase: Concurrent Roots CodeCache                    0.000 / 0.000         0.000 / 0.000         0.000 / 0.000         0.000 / 0.000       ms
[2023-11-16T15:22:15.589+0800][gc,stats    ]    Subphase: Concurrent Roots JavaThreads                  0.000 / 0.000         0.000 / 0.000         1.013 / 1.707         1.013 / 1.707       ms
[2023-11-16T15:22:15.589+0800][gc,stats    ]    Subphase: Concurrent Roots OopStorageSet                0.000 / 0.000         0.000 / 0.000         0.146 / 0.289         0.146 / 0.289       ms
[2023-11-16T15:22:15.589+0800][gc,stats    ]    Subphase: Concurrent Weak Roots OopStorageSet           0.000 / 0.000         0.000 / 0.000         0.440 / 0.670         0.440 / 0.670       ms
[2023-11-16T15:22:15.589+0800][gc,stats    ]    Subphase: Pause Mark Try Complete                       0.000 / 0.000         0.000 / 0.000         0.000 / 0.000         0.000 / 0.000       ms
[2023-11-16T15:22:15.589+0800][gc,stats    ]      System: Java Threads                                      0 / 0                 0 / 0                34 / 47               34 / 47          threads
[2023-11-16T15:22:15.589+0800][gc,stats    ] =========================================================================================================================================================
[2023-11-16T15:22:25.590+0800][gc,stats    ] === Garbage Collection Statistics =======================================================================================================================
[2023-11-16T15:22:25.590+0800][gc,stats    ]                                                              Last 10s              Last 10m              Last 10h                Total
[2023-11-16T15:22:25.590+0800][gc,stats    ]                                                              Avg / Max             Avg / Max             Avg / Max             Avg / Max
[2023-11-16T15:22:25.590+0800][gc,stats    ]   Collector: Garbage Collection Cycle                      0.000 / 0.000         0.000 / 0.000        32.129 / 37.536       32.129 / 37.536      ms
[2023-11-16T15:22:25.590+0800][gc,stats    ]  Contention: Mark Segment Reset Contention                     0 / 0                 0 / 0                 0 / 3                 0 / 3           ops/s
[2023-11-16T15:22:25.590+0800][gc,stats    ]  Contention: Mark SeqNum Reset Contention                      0 / 0                 0 / 0                 0 / 0                 0 / 0           ops/s
[2023-11-16T15:22:25.590+0800][gc,stats    ]    Critical: Allocation Stall                                  0 / 0                 0 / 0                 0 / 0                 0 / 0           ops/s
[2023-11-16T15:22:25.590+0800][gc,stats    ]    Critical: Allocation Stall                              0.000 / 0.000         0.000 / 0.000         0.000 / 0.000         0.000 / 0.000       ms
[2023-11-16T15:22:25.590+0800][gc,stats    ]    Critical: GC Locker Stall                                   0 / 0                 0 / 0                 0 / 0                 0 / 0           ops/s
[2023-11-16T15:22:25.590+0800][gc,stats    ]    Critical: GC Locker Stall                               0.000 / 0.000         0.000 / 0.000         0.000 / 0.000         0.000 / 0.000       ms
[2023-11-16T15:22:25.590+0800][gc,stats    ]    Critical: Relocation Stall                                  0 / 0                 0 / 0                 0 / 0                 0 / 0           ops/s
[2023-11-16T15:22:25.590+0800][gc,stats    ]    Critical: Relocation Stall                              0.000 / 0.000         0.000 / 0.000         0.000 / 0.000         0.000 / 0.000       ms
[2023-11-16T15:22:25.590+0800][gc,stats    ]      Memory: Allocation Rate                                   0 / 0                 0 / 8                 0 / 82                0 / 82          MB/s
[2023-11-16T15:22:25.590+0800][gc,stats    ]      Memory: Defragment                                        0 / 0                 0 / 0                 0 / 0                 0 / 0           ops/s
[2023-11-16T15:22:25.590+0800][gc,stats    ]      Memory: Out Of Memory                                     0 / 0                 0 / 0                 0 / 0                 0 / 0           ops/s
[2023-11-16T15:22:25.590+0800][gc,stats    ]      Memory: Page Cache Flush                                  0 / 0                 0 / 0                 0 / 0                 0 / 0           MB/s
[2023-11-16T15:22:25.590+0800][gc,stats    ]      Memory: Page Cache Hit L1                                 0 / 0                 0 / 4                 0 / 33                0 / 33          ops/s
[2023-11-16T15:22:25.590+0800][gc,stats    ]      Memory: Page Cache Hit L2                                 0 / 0                 0 / 0                 0 / 0                 0 / 0           ops/s
[2023-11-16T15:22:25.590+0800][gc,stats    ]      Memory: Page Cache Hit L3                                 0 / 0                 0 / 0                 0 / 41                0 / 41          ops/s
[2023-11-16T15:22:25.590+0800][gc,stats    ]      Memory: Page Cache Miss                                   0 / 0                 0 / 0                 0 / 1                 0 / 1           ops/s
[2023-11-16T15:22:25.590+0800][gc,stats    ]      Memory: Uncommit                                          0 / 0                 0 / 0                 0 / 0                 0 / 0           MB/s
[2023-11-16T15:22:25.590+0800][gc,stats    ]      Memory: Undo Object Allocation Failed                     0 / 0                 0 / 0                 0 / 0                 0 / 0           ops/s
[2023-11-16T15:22:25.590+0800][gc,stats    ]      Memory: Undo Object Allocation Succeeded                  0 / 0                 0 / 0                 0 / 3                 0 / 3           ops/s
[2023-11-16T15:22:25.590+0800][gc,stats    ]      Memory: Undo Page Allocation                              0 / 0                 0 / 0                 0 / 0                 0 / 0           ops/s
[2023-11-16T15:22:25.590+0800][gc,stats    ]       Phase: Concurrent Mark                               0.000 / 0.000         0.000 / 0.000        21.531 / 24.050       21.531 / 24.050      ms
[2023-11-16T15:22:25.590+0800][gc,stats    ]       Phase: Concurrent Mark Continue                      0.000 / 0.000         0.000 / 0.000         0.000 / 0.000         0.000 / 0.000       ms
[2023-11-16T15:22:25.590+0800][gc,stats    ]       Phase: Concurrent Mark Free                          0.000 / 0.000         0.000 / 0.000         0.001 / 0.001         0.001 / 0.001       ms
[2023-11-16T15:22:25.590+0800][gc,stats    ]       Phase: Concurrent Process Non-Strong References      0.000 / 0.000         0.000 / 0.000         1.995 / 2.420         1.995 / 2.420       ms
[2023-11-16T15:22:25.590+0800][gc,stats    ]       Phase: Concurrent Relocate                           0.000 / 0.000         0.000 / 0.000         2.883 / 2.961         2.883 / 2.961       ms
[2023-11-16T15:22:25.590+0800][gc,stats    ]       Phase: Concurrent Reset Relocation Set               0.000 / 0.000         0.000 / 0.000         0.002 / 0.004         0.002 / 0.004       ms
[2023-11-16T15:22:25.590+0800][gc,stats    ]       Phase: Concurrent Select Relocation Set              0.000 / 0.000         0.000 / 0.000         4.861 / 8.184         4.861 / 8.184       ms
[2023-11-16T15:22:25.590+0800][gc,stats    ]       Phase: Pause Mark End                                0.000 / 0.000         0.000 / 0.000         0.017 / 0.019         0.017 / 0.019       ms
[2023-11-16T15:22:25.590+0800][gc,stats    ]       Phase: Pause Mark Start                              0.000 / 0.000         0.000 / 0.000         0.023 / 0.031         0.023 / 0.031       ms
[2023-11-16T15:22:25.590+0800][gc,stats    ]       Phase: Pause Relocate Start                          0.000 / 0.000         0.000 / 0.000         0.009 / 0.009         0.009 / 0.009       ms
[2023-11-16T15:22:25.590+0800][gc,stats    ]    Subphase: Concurrent Classes Purge                      0.000 / 0.000         0.000 / 0.000         0.066 / 0.071         0.066 / 0.071       ms
[2023-11-16T15:22:25.590+0800][gc,stats    ]    Subphase: Concurrent Classes Unlink                     0.000 / 0.000         0.000 / 0.000         1.264 / 1.492         1.264 / 1.492       ms
[2023-11-16T15:22:25.590+0800][gc,stats    ]    Subphase: Concurrent Mark                               0.000 / 0.000         0.000 / 0.000        18.504 / 22.997       18.504 / 22.997      ms
[2023-11-16T15:22:25.590+0800][gc,stats    ]    Subphase: Concurrent Mark Try Flush                     0.000 / 0.000         0.000 / 0.000         0.201 / 0.455         0.201 / 0.455       ms
[2023-11-16T15:22:25.590+0800][gc,stats    ]    Subphase: Concurrent Mark Try Terminate                 0.000 / 0.000         0.000 / 0.000         4.353 / 12.985        4.353 / 12.985      ms
[2023-11-16T15:22:25.590+0800][gc,stats    ]    Subphase: Concurrent References Enqueue                 0.000 / 0.000         0.000 / 0.000         0.004 / 0.004         0.004 / 0.004       ms
[2023-11-16T15:22:25.590+0800][gc,stats    ]    Subphase: Concurrent References Process                 0.000 / 0.000         0.000 / 0.000         0.104 / 0.123         0.104 / 0.123       ms
[2023-11-16T15:22:25.590+0800][gc,stats    ]    Subphase: Concurrent Roots ClassLoaderDataGraph         0.000 / 0.000         0.000 / 0.000         0.107 / 0.428         0.107 / 0.428       ms
[2023-11-16T15:22:25.590+0800][gc,stats    ]    Subphase: Concurrent Roots CodeCache                    0.000 / 0.000         0.000 / 0.000         0.000 / 0.000         0.000 / 0.000       ms
[2023-11-16T15:22:25.590+0800][gc,stats    ]    Subphase: Concurrent Roots JavaThreads                  0.000 / 0.000         0.000 / 0.000         1.013 / 1.707         1.013 / 1.707       ms
[2023-11-16T15:22:25.590+0800][gc,stats    ]    Subphase: Concurrent Roots OopStorageSet                0.000 / 0.000         0.000 / 0.000         0.146 / 0.289         0.146 / 0.289       ms
[2023-11-16T15:22:25.590+0800][gc,stats    ]    Subphase: Concurrent Weak Roots OopStorageSet           0.000 / 0.000         0.000 / 0.000         0.440 / 0.670         0.440 / 0.670       ms
[2023-11-16T15:22:25.590+0800][gc,stats    ]    Subphase: Pause Mark Try Complete                       0.000 / 0.000         0.000 / 0.000         0.000 / 0.000         0.000 / 0.000       ms
[2023-11-16T15:22:25.590+0800][gc,stats    ]      System: Java Threads                                      0 / 0                 0 / 0                34 / 47               34 / 47          threads
[2023-11-16T15:22:25.590+0800][gc,stats    ] =========================================================================================================================================================
[2023-11-16T15:22:35.579+0800][gc,stats    ] === Garbage Collection Statistics =======================================================================================================================
[2023-11-16T15:22:35.579+0800][gc,stats    ]                                                              Last 10s              Last 10m              Last 10h                Total
[2023-11-16T15:22:35.579+0800][gc,stats    ]                                                              Avg / Max             Avg / Max             Avg / Max             Avg / Max
[2023-11-16T15:22:35.579+0800][gc,stats    ]   Collector: Garbage Collection Cycle                      0.000 / 0.000         0.000 / 0.000        32.129 / 37.536       32.129 / 37.536      ms
[2023-11-16T15:22:35.579+0800][gc,stats    ]  Contention: Mark Segment Reset Contention                     0 / 0                 0 / 0                 0 / 3                 0 / 3           ops/s
[2023-11-16T15:22:35.579+0800][gc,stats    ]  Contention: Mark SeqNum Reset Contention                      0 / 0                 0 / 0                 0 / 0                 0 / 0           ops/s
[2023-11-16T15:22:35.579+0800][gc,stats    ]    Critical: Allocation Stall                                  0 / 0                 0 / 0                 0 / 0                 0 / 0           ops/s
[2023-11-16T15:22:35.579+0800][gc,stats    ]    Critical: Allocation Stall                              0.000 / 0.000         0.000 / 0.000         0.000 / 0.000         0.000 / 0.000       ms
[2023-11-16T15:22:35.579+0800][gc,stats    ]    Critical: GC Locker Stall                                   0 / 0                 0 / 0                 0 / 0                 0 / 0           ops/s
[2023-11-16T15:22:35.579+0800][gc,stats    ]    Critical: GC Locker Stall                               0.000 / 0.000         0.000 / 0.000         0.000 / 0.000         0.000 / 0.000       ms
[2023-11-16T15:22:35.579+0800][gc,stats    ]    Critical: Relocation Stall                                  0 / 0                 0 / 0                 0 / 0                 0 / 0           ops/s
[2023-11-16T15:22:35.579+0800][gc,stats    ]    Critical: Relocation Stall                              0.000 / 0.000         0.000 / 0.000         0.000 / 0.000         0.000 / 0.000       ms
[2023-11-16T15:22:35.579+0800][gc,stats    ]      Memory: Allocation Rate                                   0 / 0                 0 / 8                 0 / 82                0 / 82          MB/s
[2023-11-16T15:22:35.579+0800][gc,stats    ]      Memory: Defragment                                        0 / 0                 0 / 0                 0 / 0                 0 / 0           ops/s
[2023-11-16T15:22:35.579+0800][gc,stats    ]      Memory: Out Of Memory                                     0 / 0                 0 / 0                 0 / 0                 0 / 0           ops/s
[2023-11-16T15:22:35.579+0800][gc,stats    ]      Memory: Page Cache Flush                                  0 / 0                 0 / 0                 0 / 0                 0 / 0           MB/s
[2023-11-16T15:22:35.579+0800][gc,stats    ]      Memory: Page Cache Hit L1                                 0 / 0                 0 / 4                 0 / 33                0 / 33          ops/s
[2023-11-16T15:22:35.579+0800][gc,stats    ]      Memory: Page Cache Hit L2                                 0 / 0                 0 / 0                 0 / 0                 0 / 0           ops/s
[2023-11-16T15:22:35.579+0800][gc,stats    ]      Memory: Page Cache Hit L3                                 0 / 0                 0 / 0                 0 / 41                0 / 41          ops/s
[2023-11-16T15:22:35.579+0800][gc,stats    ]      Memory: Page Cache Miss                                   0 / 0                 0 / 0                 0 / 1                 0 / 1           ops/s
[2023-11-16T15:22:35.579+0800][gc,stats    ]      Memory: Uncommit                                          0 / 0                 0 / 0                 0 / 0                 0 / 0           MB/s
[2023-11-16T15:22:35.579+0800][gc,stats    ]      Memory: Undo Object Allocation Failed                     0 / 0                 0 / 0                 0 / 0                 0 / 0           ops/s
[2023-11-16T15:22:35.579+0800][gc,stats    ]      Memory: Undo Object Allocation Succeeded                  0 / 0                 0 / 0                 0 / 3                 0 / 3           ops/s
[2023-11-16T15:22:35.579+0800][gc,stats    ]      Memory: Undo Page Allocation                              0 / 0                 0 / 0                 0 / 0                 0 / 0           ops/s
[2023-11-16T15:22:35.579+0800][gc,stats    ]       Phase: Concurrent Mark                               0.000 / 0.000         0.000 / 0.000        21.531 / 24.050       21.531 / 24.050      ms
[2023-11-16T15:22:35.579+0800][gc,stats    ]       Phase: Concurrent Mark Continue                      0.000 / 0.000         0.000 / 0.000         0.000 / 0.000         0.000 / 0.000       ms
[2023-11-16T15:22:35.579+0800][gc,stats    ]       Phase: Concurrent Mark Free                          0.000 / 0.000         0.000 / 0.000         0.001 / 0.001         0.001 / 0.001       ms
[2023-11-16T15:22:35.579+0800][gc,stats    ]       Phase: Concurrent Process Non-Strong References      0.000 / 0.000         0.000 / 0.000         1.995 / 2.420         1.995 / 2.420       ms
[2023-11-16T15:22:35.579+0800][gc,stats    ]       Phase: Concurrent Relocate                           0.000 / 0.000         0.000 / 0.000         2.883 / 2.961         2.883 / 2.961       ms
[2023-11-16T15:22:35.579+0800][gc,stats    ]       Phase: Concurrent Reset Relocation Set               0.000 / 0.000         0.000 / 0.000         0.002 / 0.004         0.002 / 0.004       ms
[2023-11-16T15:22:35.579+0800][gc,stats    ]       Phase: Concurrent Select Relocation Set              0.000 / 0.000         0.000 / 0.000         4.861 / 8.184         4.861 / 8.184       ms
[2023-11-16T15:22:35.579+0800][gc,stats    ]       Phase: Pause Mark End                                0.000 / 0.000         0.000 / 0.000         0.017 / 0.019         0.017 / 0.019       ms
[2023-11-16T15:22:35.579+0800][gc,stats    ]       Phase: Pause Mark Start                              0.000 / 0.000         0.000 / 0.000         0.023 / 0.031         0.023 / 0.031       ms
[2023-11-16T15:22:35.579+0800][gc,stats    ]       Phase: Pause Relocate Start                          0.000 / 0.000         0.000 / 0.000         0.009 / 0.009         0.009 / 0.009       ms
[2023-11-16T15:22:35.579+0800][gc,stats    ]    Subphase: Concurrent Classes Purge                      0.000 / 0.000         0.000 / 0.000         0.066 / 0.071         0.066 / 0.071       ms
[2023-11-16T15:22:35.579+0800][gc,stats    ]    Subphase: Concurrent Classes Unlink                     0.000 / 0.000         0.000 / 0.000         1.264 / 1.492         1.264 / 1.492       ms
[2023-11-16T15:22:35.579+0800][gc,stats    ]    Subphase: Concurrent Mark                               0.000 / 0.000         0.000 / 0.000        18.504 / 22.997       18.504 / 22.997      ms
[2023-11-16T15:22:35.579+0800][gc,stats    ]    Subphase: Concurrent Mark Try Flush                     0.000 / 0.000         0.000 / 0.000         0.201 / 0.455         0.201 / 0.455       ms
[2023-11-16T15:22:35.579+0800][gc,stats    ]    Subphase: Concurrent Mark Try Terminate                 0.000 / 0.000         0.000 / 0.000         4.353 / 12.985        4.353 / 12.985      ms
[2023-11-16T15:22:35.579+0800][gc,stats    ]    Subphase: Concurrent References Enqueue                 0.000 / 0.000         0.000 / 0.000         0.004 / 0.004         0.004 / 0.004       ms
[2023-11-16T15:22:35.579+0800][gc,stats    ]    Subphase: Concurrent References Process                 0.000 / 0.000         0.000 / 0.000         0.104 / 0.123         0.104 / 0.123       ms
[2023-11-16T15:22:35.579+0800][gc,stats    ]    Subphase: Concurrent Roots ClassLoaderDataGraph         0.000 / 0.000         0.000 / 0.000         0.107 / 0.428         0.107 / 0.428       ms
[2023-11-16T15:22:35.579+0800][gc,stats    ]    Subphase: Concurrent Roots CodeCache                    0.000 / 0.000         0.000 / 0.000         0.000 / 0.000         0.000 / 0.000       ms
[2023-11-16T15:22:35.579+0800][gc,stats    ]    Subphase: Concurrent Roots JavaThreads                  0.000 / 0.000         0.000 / 0.000         1.013 / 1.707         1.013 / 1.707       ms
[2023-11-16T15:22:35.579+0800][gc,stats    ]    Subphase: Concurrent Roots OopStorageSet                0.000 / 0.000         0.000 / 0.000         0.146 / 0.289         0.146 / 0.289       ms
[2023-11-16T15:22:35.579+0800][gc,stats    ]    Subphase: Concurrent Weak Roots OopStorageSet           0.000 / 0.000         0.000 / 0.000         0.440 / 0.670         0.440 / 0.670       ms
[2023-11-16T15:22:35.579+0800][gc,stats    ]    Subphase: Pause Mark Try Complete                       0.000 / 0.000         0.000 / 0.000         0.000 / 0.000         0.000 / 0.000       ms
[2023-11-16T15:22:35.579+0800][gc,stats    ]      System: Java Threads                                      0 / 0                 0 / 0                34 / 47               34 / 47          threads
[2023-11-16T15:22:35.579+0800][gc,stats    ] =========================================================================================================================================================
[2023-11-16T15:22:45.586+0800][gc,stats    ] === Garbage Collection Statistics =======================================================================================================================
[2023-11-16T15:22:45.586+0800][gc,stats    ]                                                              Last 10s              Last 10m              Last 10h                Total
[2023-11-16T15:22:45.586+0800][gc,stats    ]                                                              Avg / Max             Avg / Max             Avg / Max             Avg / Max
[2023-11-16T15:22:45.586+0800][gc,stats    ]   Collector: Garbage Collection Cycle                      0.000 / 0.000         0.000 / 0.000        32.129 / 37.536       32.129 / 37.536      ms
[2023-11-16T15:22:45.586+0800][gc,stats    ]  Contention: Mark Segment Reset Contention                     0 / 0                 0 / 0                 0 / 3                 0 / 3           ops/s
[2023-11-16T15:22:45.586+0800][gc,stats    ]  Contention: Mark SeqNum Reset Contention                      0 / 0                 0 / 0                 0 / 0                 0 / 0           ops/s
[2023-11-16T15:22:45.586+0800][gc,stats    ]    Critical: Allocation Stall                                  0 / 0                 0 / 0                 0 / 0                 0 / 0           ops/s
[2023-11-16T15:22:45.586+0800][gc,stats    ]    Critical: Allocation Stall                              0.000 / 0.000         0.000 / 0.000         0.000 / 0.000         0.000 / 0.000       ms
[2023-11-16T15:22:45.586+0800][gc,stats    ]    Critical: GC Locker Stall                                   0 / 0                 0 / 0                 0 / 0                 0 / 0           ops/s
[2023-11-16T15:22:45.586+0800][gc,stats    ]    Critical: GC Locker Stall                               0.000 / 0.000         0.000 / 0.000         0.000 / 0.000         0.000 / 0.000       ms
[2023-11-16T15:22:45.586+0800][gc,stats    ]    Critical: Relocation Stall                                  0 / 0                 0 / 0                 0 / 0                 0 / 0           ops/s
[2023-11-16T15:22:45.586+0800][gc,stats    ]    Critical: Relocation Stall                              0.000 / 0.000         0.000 / 0.000         0.000 / 0.000         0.000 / 0.000       ms
[2023-11-16T15:22:45.586+0800][gc,stats    ]      Memory: Allocation Rate                                   0 / 0                 0 / 8                 0 / 82                0 / 82          MB/s
[2023-11-16T15:22:45.586+0800][gc,stats    ]      Memory: Defragment                                        0 / 0                 0 / 0                 0 / 0                 0 / 0           ops/s
[2023-11-16T15:22:45.586+0800][gc,stats    ]      Memory: Out Of Memory                                     0 / 0                 0 / 0                 0 / 0                 0 / 0           ops/s
[2023-11-16T15:22:45.586+0800][gc,stats    ]      Memory: Page Cache Flush                                  0 / 0                 0 / 0                 0 / 0                 0 / 0           MB/s
[2023-11-16T15:22:45.586+0800][gc,stats    ]      Memory: Page Cache Hit L1                                 0 / 0                 0 / 4                 0 / 33                0 / 33          ops/s
[2023-11-16T15:22:45.586+0800][gc,stats    ]      Memory: Page Cache Hit L2                                 0 / 0                 0 / 0                 0 / 0                 0 / 0           ops/s
[2023-11-16T15:22:45.586+0800][gc,stats    ]      Memory: Page Cache Hit L3                                 0 / 0                 0 / 0                 0 / 41                0 / 41          ops/s
[2023-11-16T15:22:45.586+0800][gc,stats    ]      Memory: Page Cache Miss                                   0 / 0                 0 / 0                 0 / 1                 0 / 1           ops/s
[2023-11-16T15:22:45.586+0800][gc,stats    ]      Memory: Uncommit                                          0 / 0                 0 / 0                 0 / 0                 0 / 0           MB/s
[2023-11-16T15:22:45.586+0800][gc,stats    ]      Memory: Undo Object Allocation Failed                     0 / 0                 0 / 0                 0 / 0                 0 / 0           ops/s
[2023-11-16T15:22:45.586+0800][gc,stats    ]      Memory: Undo Object Allocation Succeeded                  0 / 0                 0 / 0                 0 / 3                 0 / 3           ops/s
[2023-11-16T15:22:45.586+0800][gc,stats    ]      Memory: Undo Page Allocation                              0 / 0                 0 / 0                 0 / 0                 0 / 0           ops/s
[2023-11-16T15:22:45.586+0800][gc,stats    ]       Phase: Concurrent Mark                               0.000 / 0.000         0.000 / 0.000        21.531 / 24.050       21.531 / 24.050      ms
[2023-11-16T15:22:45.586+0800][gc,stats    ]       Phase: Concurrent Mark Continue                      0.000 / 0.000         0.000 / 0.000         0.000 / 0.000         0.000 / 0.000       ms
[2023-11-16T15:22:45.586+0800][gc,stats    ]       Phase: Concurrent Mark Free                          0.000 / 0.000         0.000 / 0.000         0.001 / 0.001         0.001 / 0.001       ms
[2023-11-16T15:22:45.586+0800][gc,stats    ]       Phase: Concurrent Process Non-Strong References      0.000 / 0.000         0.000 / 0.000         1.995 / 2.420         1.995 / 2.420       ms
[2023-11-16T15:22:45.586+0800][gc,stats    ]       Phase: Concurrent Relocate                           0.000 / 0.000         0.000 / 0.000         2.883 / 2.961         2.883 / 2.961       ms
[2023-11-16T15:22:45.586+0800][gc,stats    ]       Phase: Concurrent Reset Relocation Set               0.000 / 0.000         0.000 / 0.000         0.002 / 0.004         0.002 / 0.004       ms
[2023-11-16T15:22:45.586+0800][gc,stats    ]       Phase: Concurrent Select Relocation Set              0.000 / 0.000         0.000 / 0.000         4.861 / 8.184         4.861 / 8.184       ms
[2023-11-16T15:22:45.586+0800][gc,stats    ]       Phase: Pause Mark End                                0.000 / 0.000         0.000 / 0.000         0.017 / 0.019         0.017 / 0.019       ms
[2023-11-16T15:22:45.586+0800][gc,stats    ]       Phase: Pause Mark Start                              0.000 / 0.000         0.000 / 0.000         0.023 / 0.031         0.023 / 0.031       ms
[2023-11-16T15:22:45.586+0800][gc,stats    ]       Phase: Pause Relocate Start                          0.000 / 0.000         0.000 / 0.000         0.009 / 0.009         0.009 / 0.009       ms
[2023-11-16T15:22:45.586+0800][gc,stats    ]    Subphase: Concurrent Classes Purge                      0.000 / 0.000         0.000 / 0.000         0.066 / 0.071         0.066 / 0.071       ms
[2023-11-16T15:22:45.586+0800][gc,stats    ]    Subphase: Concurrent Classes Unlink                     0.000 / 0.000         0.000 / 0.000         1.264 / 1.492         1.264 / 1.492       ms
[2023-11-16T15:22:45.586+0800][gc,stats    ]    Subphase: Concurrent Mark                               0.000 / 0.000         0.000 / 0.000        18.504 / 22.997       18.504 / 22.997      ms
[2023-11-16T15:22:45.586+0800][gc,stats    ]    Subphase: Concurrent Mark Try Flush                     0.000 / 0.000         0.000 / 0.000         0.201 / 0.455         0.201 / 0.455       ms
[2023-11-16T15:22:45.586+0800][gc,stats    ]    Subphase: Concurrent Mark Try Terminate                 0.000 / 0.000         0.000 / 0.000         4.353 / 12.985        4.353 / 12.985      ms
[2023-11-16T15:22:45.586+0800][gc,stats    ]    Subphase: Concurrent References Enqueue                 0.000 / 0.000         0.000 / 0.000         0.004 / 0.004         0.004 / 0.004       ms
[2023-11-16T15:22:45.586+0800][gc,stats    ]    Subphase: Concurrent References Process                 0.000 / 0.000         0.000 / 0.000         0.104 / 0.123         0.104 / 0.123       ms
[2023-11-16T15:22:45.586+0800][gc,stats    ]    Subphase: Concurrent Roots ClassLoaderDataGraph         0.000 / 0.000         0.000 / 0.000         0.107 / 0.428         0.107 / 0.428       ms
[2023-11-16T15:22:45.586+0800][gc,stats    ]    Subphase: Concurrent Roots CodeCache                    0.000 / 0.000         0.000 / 0.000         0.000 / 0.000         0.000 / 0.000       ms
[2023-11-16T15:22:45.586+0800][gc,stats    ]    Subphase: Concurrent Roots JavaThreads                  0.000 / 0.000         0.000 / 0.000         1.013 / 1.707         1.013 / 1.707       ms
[2023-11-16T15:22:45.587+0800][gc,stats    ]    Subphase: Concurrent Roots OopStorageSet                0.000 / 0.000         0.000 / 0.000         0.146 / 0.289         0.146 / 0.289       ms
[2023-11-16T15:22:45.587+0800][gc,stats    ]    Subphase: Concurrent Weak Roots OopStorageSet           0.000 / 0.000         0.000 / 0.000         0.440 / 0.670         0.440 / 0.670       ms
[2023-11-16T15:22:45.587+0800][gc,stats    ]    Subphase: Pause Mark Try Complete                       0.000 / 0.000         0.000 / 0.000         0.000 / 0.000         0.000 / 0.000       ms
[2023-11-16T15:22:45.587+0800][gc,stats    ]      System: Java Threads                                      0 / 0                 0 / 0                34 / 47               34 / 47          threads
[2023-11-16T15:22:45.587+0800][gc,stats    ] =========================================================================================================================================================
[2023-11-16T15:22:55.583+0800][gc,stats    ] === Garbage Collection Statistics =======================================================================================================================
[2023-11-16T15:22:55.583+0800][gc,stats    ]                                                              Last 10s              Last 10m              Last 10h                Total
[2023-11-16T15:22:55.583+0800][gc,stats    ]                                                              Avg / Max             Avg / Max             Avg / Max             Avg / Max
[2023-11-16T15:22:55.583+0800][gc,stats    ]   Collector: Garbage Collection Cycle                      0.000 / 0.000         0.000 / 0.000        32.129 / 37.536       32.129 / 37.536      ms
[2023-11-16T15:22:55.583+0800][gc,stats    ]  Contention: Mark Segment Reset Contention                     0 / 0                 0 / 0                 0 / 3                 0 / 3           ops/s
[2023-11-16T15:22:55.583+0800][gc,stats    ]  Contention: Mark SeqNum Reset Contention                      0 / 0                 0 / 0                 0 / 0                 0 / 0           ops/s
[2023-11-16T15:22:55.583+0800][gc,stats    ]    Critical: Allocation Stall                                  0 / 0                 0 / 0                 0 / 0                 0 / 0           ops/s
[2023-11-16T15:22:55.583+0800][gc,stats    ]    Critical: Allocation Stall                              0.000 / 0.000         0.000 / 0.000         0.000 / 0.000         0.000 / 0.000       ms
[2023-11-16T15:22:55.583+0800][gc,stats    ]    Critical: GC Locker Stall                                   0 / 0                 0 / 0                 0 / 0                 0 / 0           ops/s
[2023-11-16T15:22:55.583+0800][gc,stats    ]    Critical: GC Locker Stall                               0.000 / 0.000         0.000 / 0.000         0.000 / 0.000         0.000 / 0.000       ms
[2023-11-16T15:22:55.583+0800][gc,stats    ]    Critical: Relocation Stall                                  0 / 0                 0 / 0                 0 / 0                 0 / 0           ops/s
[2023-11-16T15:22:55.583+0800][gc,stats    ]    Critical: Relocation Stall                              0.000 / 0.000         0.000 / 0.000         0.000 / 0.000         0.000 / 0.000       ms
[2023-11-16T15:22:55.583+0800][gc,stats    ]      Memory: Allocation Rate                                   0 / 0                 0 / 8                 0 / 82                0 / 82          MB/s
[2023-11-16T15:22:55.583+0800][gc,stats    ]      Memory: Defragment                                        0 / 0                 0 / 0                 0 / 0                 0 / 0           ops/s
[2023-11-16T15:22:55.583+0800][gc,stats    ]      Memory: Out Of Memory                                     0 / 0                 0 / 0                 0 / 0                 0 / 0           ops/s
[2023-11-16T15:22:55.583+0800][gc,stats    ]      Memory: Page Cache Flush                                  0 / 0                 0 / 0                 0 / 0                 0 / 0           MB/s
[2023-11-16T15:22:55.583+0800][gc,stats    ]      Memory: Page Cache Hit L1                                 0 / 0                 0 / 4                 0 / 33                0 / 33          ops/s
[2023-11-16T15:22:55.583+0800][gc,stats    ]      Memory: Page Cache Hit L2                                 0 / 0                 0 / 0                 0 / 0                 0 / 0           ops/s
[2023-11-16T15:22:55.583+0800][gc,stats    ]      Memory: Page Cache Hit L3                                 0 / 0                 0 / 0                 0 / 41                0 / 41          ops/s
[2023-11-16T15:22:55.583+0800][gc,stats    ]      Memory: Page Cache Miss                                   0 / 0                 0 / 0                 0 / 1                 0 / 1           ops/s
[2023-11-16T15:22:55.583+0800][gc,stats    ]      Memory: Uncommit                                          0 / 0                 0 / 0                 0 / 0                 0 / 0           MB/s
[2023-11-16T15:22:55.583+0800][gc,stats    ]      Memory: Undo Object Allocation Failed                     0 / 0                 0 / 0                 0 / 0                 0 / 0           ops/s
[2023-11-16T15:22:55.583+0800][gc,stats    ]      Memory: Undo Object Allocation Succeeded                  0 / 0                 0 / 0                 0 / 3                 0 / 3           ops/s
[2023-11-16T15:22:55.583+0800][gc,stats    ]      Memory: Undo Page Allocation                              0 / 0                 0 / 0                 0 / 0                 0 / 0           ops/s
[2023-11-16T15:22:55.583+0800][gc,stats    ]       Phase: Concurrent Mark                               0.000 / 0.000         0.000 / 0.000        21.531 / 24.050       21.531 / 24.050      ms
[2023-11-16T15:22:55.583+0800][gc,stats    ]       Phase: Concurrent Mark Continue                      0.000 / 0.000         0.000 / 0.000         0.000 / 0.000         0.000 / 0.000       ms
[2023-11-16T15:22:55.583+0800][gc,stats    ]       Phase: Concurrent Mark Free                          0.000 / 0.000         0.000 / 0.000         0.001 / 0.001         0.001 / 0.001       ms
[2023-11-16T15:22:55.583+0800][gc,stats    ]       Phase: Concurrent Process Non-Strong References      0.000 / 0.000         0.000 / 0.000         1.995 / 2.420         1.995 / 2.420       ms
[2023-11-16T15:22:55.583+0800][gc,stats    ]       Phase: Concurrent Relocate                           0.000 / 0.000         0.000 / 0.000         2.883 / 2.961         2.883 / 2.961       ms
[2023-11-16T15:22:55.583+0800][gc,stats    ]       Phase: Concurrent Reset Relocation Set               0.000 / 0.000         0.000 / 0.000         0.002 / 0.004         0.002 / 0.004       ms
[2023-11-16T15:22:55.583+0800][gc,stats    ]       Phase: Concurrent Select Relocation Set              0.000 / 0.000         0.000 / 0.000         4.861 / 8.184         4.861 / 8.184       ms
[2023-11-16T15:22:55.583+0800][gc,stats    ]       Phase: Pause Mark End                                0.000 / 0.000         0.000 / 0.000         0.017 / 0.019         0.017 / 0.019       ms
[2023-11-16T15:22:55.583+0800][gc,stats    ]       Phase: Pause Mark Start                              0.000 / 0.000         0.000 / 0.000         0.023 / 0.031         0.023 / 0.031       ms
[2023-11-16T15:22:55.583+0800][gc,stats    ]       Phase: Pause Relocate Start                          0.000 / 0.000         0.000 / 0.000         0.009 / 0.009         0.009 / 0.009       ms
[2023-11-16T15:22:55.583+0800][gc,stats    ]    Subphase: Concurrent Classes Purge                      0.000 / 0.000         0.000 / 0.000         0.066 / 0.071         0.066 / 0.071       ms
[2023-11-16T15:22:55.583+0800][gc,stats    ]    Subphase: Concurrent Classes Unlink                     0.000 / 0.000         0.000 / 0.000         1.264 / 1.492         1.264 / 1.492       ms
[2023-11-16T15:22:55.583+0800][gc,stats    ]    Subphase: Concurrent Mark                               0.000 / 0.000         0.000 / 0.000        18.504 / 22.997       18.504 / 22.997      ms
[2023-11-16T15:22:55.583+0800][gc,stats    ]    Subphase: Concurrent Mark Try Flush                     0.000 / 0.000         0.000 / 0.000         0.201 / 0.455         0.201 / 0.455       ms
[2023-11-16T15:22:55.583+0800][gc,stats    ]    Subphase: Concurrent Mark Try Terminate                 0.000 / 0.000         0.000 / 0.000         4.353 / 12.985        4.353 / 12.985      ms
[2023-11-16T15:22:55.583+0800][gc,stats    ]    Subphase: Concurrent References Enqueue                 0.000 / 0.000         0.000 / 0.000         0.004 / 0.004         0.004 / 0.004       ms
[2023-11-16T15:22:55.583+0800][gc,stats    ]    Subphase: Concurrent References Process                 0.000 / 0.000         0.000 / 0.000         0.104 / 0.123         0.104 / 0.123       ms
[2023-11-16T15:22:55.583+0800][gc,stats    ]    Subphase: Concurrent Roots ClassLoaderDataGraph         0.000 / 0.000         0.000 / 0.000         0.107 / 0.428         0.107 / 0.428       ms
[2023-11-16T15:22:55.583+0800][gc,stats    ]    Subphase: Concurrent Roots CodeCache                    0.000 / 0.000         0.000 / 0.000         0.000 / 0.000         0.000 / 0.000       ms
[2023-11-16T15:22:55.583+0800][gc,stats    ]    Subphase: Concurrent Roots JavaThreads                  0.000 / 0.000         0.000 / 0.000         1.013 / 1.707         1.013 / 1.707       ms
[2023-11-16T15:22:55.583+0800][gc,stats    ]    Subphase: Concurrent Roots OopStorageSet                0.000 / 0.000         0.000 / 0.000         0.146 / 0.289         0.146 / 0.289       ms
[2023-11-16T15:22:55.583+0800][gc,stats    ]    Subphase: Concurrent Weak Roots OopStorageSet           0.000 / 0.000         0.000 / 0.000         0.440 / 0.670         0.440 / 0.670       ms
[2023-11-16T15:22:55.583+0800][gc,stats    ]    Subphase: Pause Mark Try Complete                       0.000 / 0.000         0.000 / 0.000         0.000 / 0.000         0.000 / 0.000       ms
[2023-11-16T15:22:55.583+0800][gc,stats    ]      System: Java Threads                                      0 / 0                 0 / 0                34 / 47               34 / 47          threads
[2023-11-16T15:22:55.583+0800][gc,stats    ] =========================================================================================================================================================
[2023-11-16T15:23:05.581+0800][gc,stats    ] === Garbage Collection Statistics =======================================================================================================================
[2023-11-16T15:23:05.581+0800][gc,stats    ]                                                              Last 10s              Last 10m              Last 10h                Total
[2023-11-16T15:23:05.581+0800][gc,stats    ]                                                              Avg / Max             Avg / Max             Avg / Max             Avg / Max
[2023-11-16T15:23:05.581+0800][gc,stats    ]   Collector: Garbage Collection Cycle                      0.000 / 0.000         0.000 / 0.000        32.129 / 37.536       32.129 / 37.536      ms
[2023-11-16T15:23:05.581+0800][gc,stats    ]  Contention: Mark Segment Reset Contention                     0 / 0                 0 / 0                 0 / 3                 0 / 3           ops/s
[2023-11-16T15:23:05.581+0800][gc,stats    ]  Contention: Mark SeqNum Reset Contention                      0 / 0                 0 / 0                 0 / 0                 0 / 0           ops/s
[2023-11-16T15:23:05.581+0800][gc,stats    ]    Critical: Allocation Stall                                  0 / 0                 0 / 0                 0 / 0                 0 / 0           ops/s
[2023-11-16T15:23:05.581+0800][gc,stats    ]    Critical: Allocation Stall                              0.000 / 0.000         0.000 / 0.000         0.000 / 0.000         0.000 / 0.000       ms
[2023-11-16T15:23:05.581+0800][gc,stats    ]    Critical: GC Locker Stall                                   0 / 0                 0 / 0                 0 / 0                 0 / 0           ops/s
[2023-11-16T15:23:05.581+0800][gc,stats    ]    Critical: GC Locker Stall                               0.000 / 0.000         0.000 / 0.000         0.000 / 0.000         0.000 / 0.000       ms
[2023-11-16T15:23:05.581+0800][gc,stats    ]    Critical: Relocation Stall                                  0 / 0                 0 / 0                 0 / 0                 0 / 0           ops/s
[2023-11-16T15:23:05.581+0800][gc,stats    ]    Critical: Relocation Stall                              0.000 / 0.000         0.000 / 0.000         0.000 / 0.000         0.000 / 0.000       ms
[2023-11-16T15:23:05.581+0800][gc,stats    ]      Memory: Allocation Rate                                   0 / 0                 0 / 8                 0 / 82                0 / 82          MB/s
[2023-11-16T15:23:05.581+0800][gc,stats    ]      Memory: Defragment                                        0 / 0                 0 / 0                 0 / 0                 0 / 0           ops/s
[2023-11-16T15:23:05.581+0800][gc,stats    ]      Memory: Out Of Memory                                     0 / 0                 0 / 0                 0 / 0                 0 / 0           ops/s
[2023-11-16T15:23:05.581+0800][gc,stats    ]      Memory: Page Cache Flush                                  0 / 0                 0 / 0                 0 / 0                 0 / 0           MB/s
[2023-11-16T15:23:05.581+0800][gc,stats    ]      Memory: Page Cache Hit L1                                 0 / 0                 0 / 4                 0 / 33                0 / 33          ops/s
[2023-11-16T15:23:05.581+0800][gc,stats    ]      Memory: Page Cache Hit L2                                 0 / 0                 0 / 0                 0 / 0                 0 / 0           ops/s
[2023-11-16T15:23:05.581+0800][gc,stats    ]      Memory: Page Cache Hit L3                                 0 / 0                 0 / 0                 0 / 41                0 / 41          ops/s
[2023-11-16T15:23:05.581+0800][gc,stats    ]      Memory: Page Cache Miss                                   0 / 0                 0 / 0                 0 / 1                 0 / 1           ops/s
[2023-11-16T15:23:05.581+0800][gc,stats    ]      Memory: Uncommit                                          0 / 0                 0 / 0                 0 / 0                 0 / 0           MB/s
[2023-11-16T15:23:05.581+0800][gc,stats    ]      Memory: Undo Object Allocation Failed                     0 / 0                 0 / 0                 0 / 0                 0 / 0           ops/s
[2023-11-16T15:23:05.581+0800][gc,stats    ]      Memory: Undo Object Allocation Succeeded                  0 / 0                 0 / 0                 0 / 3                 0 / 3           ops/s
[2023-11-16T15:23:05.581+0800][gc,stats    ]      Memory: Undo Page Allocation                              0 / 0                 0 / 0                 0 / 0                 0 / 0           ops/s
[2023-11-16T15:23:05.582+0800][gc,stats    ]       Phase: Concurrent Mark                               0.000 / 0.000         0.000 / 0.000        21.531 / 24.050       21.531 / 24.050      ms
[2023-11-16T15:23:05.582+0800][gc,stats    ]       Phase: Concurrent Mark Continue                      0.000 / 0.000         0.000 / 0.000         0.000 / 0.000         0.000 / 0.000       ms
[2023-11-16T15:23:05.582+0800][gc,stats    ]       Phase: Concurrent Mark Free                          0.000 / 0.000         0.000 / 0.000         0.001 / 0.001         0.001 / 0.001       ms
[2023-11-16T15:23:05.582+0800][gc,stats    ]       Phase: Concurrent Process Non-Strong References      0.000 / 0.000         0.000 / 0.000         1.995 / 2.420         1.995 / 2.420       ms
[2023-11-16T15:23:05.582+0800][gc,stats    ]       Phase: Concurrent Relocate                           0.000 / 0.000         0.000 / 0.000         2.883 / 2.961         2.883 / 2.961       ms
[2023-11-16T15:23:05.582+0800][gc,stats    ]       Phase: Concurrent Reset Relocation Set               0.000 / 0.000         0.000 / 0.000         0.002 / 0.004         0.002 / 0.004       ms
[2023-11-16T15:23:05.582+0800][gc,stats    ]       Phase: Concurrent Select Relocation Set              0.000 / 0.000         0.000 / 0.000         4.861 / 8.184         4.861 / 8.184       ms
[2023-11-16T15:23:05.582+0800][gc,stats    ]       Phase: Pause Mark End                                0.000 / 0.000         0.000 / 0.000         0.017 / 0.019         0.017 / 0.019       ms
[2023-11-16T15:23:05.582+0800][gc,stats    ]       Phase: Pause Mark Start                              0.000 / 0.000         0.000 / 0.000         0.023 / 0.031         0.023 / 0.031       ms
[2023-11-16T15:23:05.582+0800][gc,stats    ]       Phase: Pause Relocate Start                          0.000 / 0.000         0.000 / 0.000         0.009 / 0.009         0.009 / 0.009       ms
[2023-11-16T15:23:05.582+0800][gc,stats    ]    Subphase: Concurrent Classes Purge                      0.000 / 0.000         0.000 / 0.000         0.066 / 0.071         0.066 / 0.071       ms
[2023-11-16T15:23:05.582+0800][gc,stats    ]    Subphase: Concurrent Classes Unlink                     0.000 / 0.000         0.000 / 0.000         1.264 / 1.492         1.264 / 1.492       ms
[2023-11-16T15:23:05.582+0800][gc,stats    ]    Subphase: Concurrent Mark                               0.000 / 0.000         0.000 / 0.000        18.504 / 22.997       18.504 / 22.997      ms
[2023-11-16T15:23:05.582+0800][gc,stats    ]    Subphase: Concurrent Mark Try Flush                     0.000 / 0.000         0.000 / 0.000         0.201 / 0.455         0.201 / 0.455       ms
[2023-11-16T15:23:05.582+0800][gc,stats    ]    Subphase: Concurrent Mark Try Terminate                 0.000 / 0.000         0.000 / 0.000         4.353 / 12.985        4.353 / 12.985      ms
[2023-11-16T15:23:05.582+0800][gc,stats    ]    Subphase: Concurrent References Enqueue                 0.000 / 0.000         0.000 / 0.000         0.004 / 0.004         0.004 / 0.004       ms
[2023-11-16T15:23:05.582+0800][gc,stats    ]    Subphase: Concurrent References Process                 0.000 / 0.000         0.000 / 0.000         0.104 / 0.123         0.104 / 0.123       ms
[2023-11-16T15:23:05.582+0800][gc,stats    ]    Subphase: Concurrent Roots ClassLoaderDataGraph         0.000 / 0.000         0.000 / 0.000         0.107 / 0.428         0.107 / 0.428       ms
[2023-11-16T15:23:05.582+0800][gc,stats    ]    Subphase: Concurrent Roots CodeCache                    0.000 / 0.000         0.000 / 0.000         0.000 / 0.000         0.000 / 0.000       ms
[2023-11-16T15:23:05.582+0800][gc,stats    ]    Subphase: Concurrent Roots JavaThreads                  0.000 / 0.000         0.000 / 0.000         1.013 / 1.707         1.013 / 1.707       ms
[2023-11-16T15:23:05.582+0800][gc,stats    ]    Subphase: Concurrent Roots OopStorageSet                0.000 / 0.000         0.000 / 0.000         0.146 / 0.289         0.146 / 0.289       ms
[2023-11-16T15:23:05.582+0800][gc,stats    ]    Subphase: Concurrent Weak Roots OopStorageSet           0.000 / 0.000         0.000 / 0.000         0.440 / 0.670         0.440 / 0.670       ms
[2023-11-16T15:23:05.582+0800][gc,stats    ]    Subphase: Pause Mark Try Complete                       0.000 / 0.000         0.000 / 0.000         0.000 / 0.000         0.000 / 0.000       ms
[2023-11-16T15:23:05.582+0800][gc,stats    ]      System: Java Threads                                      0 / 0                 0 / 0                34 / 47               34 / 47          threads
[2023-11-16T15:23:05.582+0800][gc,stats    ] =========================================================================================================================================================
[2023-11-16T15:23:15.586+0800][gc,stats    ] === Garbage Collection Statistics =======================================================================================================================
[2023-11-16T15:23:15.586+0800][gc,stats    ]                                                              Last 10s              Last 10m              Last 10h                Total
[2023-11-16T15:23:15.586+0800][gc,stats    ]                                                              Avg / Max             Avg / Max             Avg / Max             Avg / Max
[2023-11-16T15:23:15.586+0800][gc,stats    ]   Collector: Garbage Collection Cycle                      0.000 / 0.000         0.000 / 0.000        32.129 / 37.536       32.129 / 37.536      ms
[2023-11-16T15:23:15.586+0800][gc,stats    ]  Contention: Mark Segment Reset Contention                     0 / 0                 0 / 0                 0 / 3                 0 / 3           ops/s
[2023-11-16T15:23:15.586+0800][gc,stats    ]  Contention: Mark SeqNum Reset Contention                      0 / 0                 0 / 0                 0 / 0                 0 / 0           ops/s
[2023-11-16T15:23:15.586+0800][gc,stats    ]    Critical: Allocation Stall                                  0 / 0                 0 / 0                 0 / 0                 0 / 0           ops/s
[2023-11-16T15:23:15.586+0800][gc,stats    ]    Critical: Allocation Stall                              0.000 / 0.000         0.000 / 0.000         0.000 / 0.000         0.000 / 0.000       ms
[2023-11-16T15:23:15.586+0800][gc,stats    ]    Critical: GC Locker Stall                                   0 / 0                 0 / 0                 0 / 0                 0 / 0           ops/s
[2023-11-16T15:23:15.586+0800][gc,stats    ]    Critical: GC Locker Stall                               0.000 / 0.000         0.000 / 0.000         0.000 / 0.000         0.000 / 0.000       ms
[2023-11-16T15:23:15.586+0800][gc,stats    ]    Critical: Relocation Stall                                  0 / 0                 0 / 0                 0 / 0                 0 / 0           ops/s
[2023-11-16T15:23:15.586+0800][gc,stats    ]    Critical: Relocation Stall                              0.000 / 0.000         0.000 / 0.000         0.000 / 0.000         0.000 / 0.000       ms
[2023-11-16T15:23:15.586+0800][gc,stats    ]      Memory: Allocation Rate                                   0 / 0                 0 / 2                 0 / 82                0 / 82          MB/s
[2023-11-16T15:23:15.586+0800][gc,stats    ]      Memory: Defragment                                        0 / 0                 0 / 0                 0 / 0                 0 / 0           ops/s
[2023-11-16T15:23:15.586+0800][gc,stats    ]      Memory: Out Of Memory                                     0 / 0                 0 / 0                 0 / 0                 0 / 0           ops/s
[2023-11-16T15:23:15.586+0800][gc,stats    ]      Memory: Page Cache Flush                                  0 / 0                 0 / 0                 0 / 0                 0 / 0           MB/s
[2023-11-16T15:23:15.586+0800][gc,stats    ]      Memory: Page Cache Hit L1                                 0 / 0                 0 / 1                 0 / 33                0 / 33          ops/s
[2023-11-16T15:23:15.586+0800][gc,stats    ]      Memory: Page Cache Hit L2                                 0 / 0                 0 / 0                 0 / 0                 0 / 0           ops/s
[2023-11-16T15:23:15.586+0800][gc,stats    ]      Memory: Page Cache Hit L3                                 0 / 0                 0 / 0                 0 / 41                0 / 41          ops/s
[2023-11-16T15:23:15.586+0800][gc,stats    ]      Memory: Page Cache Miss                                   0 / 0                 0 / 0                 0 / 1                 0 / 1           ops/s
[2023-11-16T15:23:15.586+0800][gc,stats    ]      Memory: Uncommit                                          0 / 0                 0 / 0                 0 / 0                 0 / 0           MB/s
[2023-11-16T15:23:15.586+0800][gc,stats    ]      Memory: Undo Object Allocation Failed                     0 / 0                 0 / 0                 0 / 0                 0 / 0           ops/s
[2023-11-16T15:23:15.586+0800][gc,stats    ]      Memory: Undo Object Allocation Succeeded                  0 / 0                 0 / 0                 0 / 3                 0 / 3           ops/s
[2023-11-16T15:23:15.586+0800][gc,stats    ]      Memory: Undo Page Allocation                              0 / 0                 0 / 0                 0 / 0                 0 / 0           ops/s
[2023-11-16T15:23:15.586+0800][gc,stats    ]       Phase: Concurrent Mark                               0.000 / 0.000         0.000 / 0.000        21.531 / 24.050       21.531 / 24.050      ms
[2023-11-16T15:23:15.586+0800][gc,stats    ]       Phase: Concurrent Mark Continue                      0.000 / 0.000         0.000 / 0.000         0.000 / 0.000         0.000 / 0.000       ms
[2023-11-16T15:23:15.586+0800][gc,stats    ]       Phase: Concurrent Mark Free                          0.000 / 0.000         0.000 / 0.000         0.001 / 0.001         0.001 / 0.001       ms
[2023-11-16T15:23:15.586+0800][gc,stats    ]       Phase: Concurrent Process Non-Strong References      0.000 / 0.000         0.000 / 0.000         1.995 / 2.420         1.995 / 2.420       ms
[2023-11-16T15:23:15.586+0800][gc,stats    ]       Phase: Concurrent Relocate                           0.000 / 0.000         0.000 / 0.000         2.883 / 2.961         2.883 / 2.961       ms
[2023-11-16T15:23:15.586+0800][gc,stats    ]       Phase: Concurrent Reset Relocation Set               0.000 / 0.000         0.000 / 0.000         0.002 / 0.004         0.002 / 0.004       ms
[2023-11-16T15:23:15.586+0800][gc,stats    ]       Phase: Concurrent Select Relocation Set              0.000 / 0.000         0.000 / 0.000         4.861 / 8.184         4.861 / 8.184       ms
[2023-11-16T15:23:15.586+0800][gc,stats    ]       Phase: Pause Mark End                                0.000 / 0.000         0.000 / 0.000         0.017 / 0.019         0.017 / 0.019       ms
[2023-11-16T15:23:15.586+0800][gc,stats    ]       Phase: Pause Mark Start                              0.000 / 0.000         0.000 / 0.000         0.023 / 0.031         0.023 / 0.031       ms
[2023-11-16T15:23:15.586+0800][gc,stats    ]       Phase: Pause Relocate Start                          0.000 / 0.000         0.000 / 0.000         0.009 / 0.009         0.009 / 0.009       ms
[2023-11-16T15:23:15.586+0800][gc,stats    ]    Subphase: Concurrent Classes Purge                      0.000 / 0.000         0.000 / 0.000         0.066 / 0.071         0.066 / 0.071       ms
[2023-11-16T15:23:15.586+0800][gc,stats    ]    Subphase: Concurrent Classes Unlink                     0.000 / 0.000         0.000 / 0.000         1.264 / 1.492         1.264 / 1.492       ms
[2023-11-16T15:23:15.586+0800][gc,stats    ]    Subphase: Concurrent Mark                               0.000 / 0.000         0.000 / 0.000        18.504 / 22.997       18.504 / 22.997      ms
[2023-11-16T15:23:15.586+0800][gc,stats    ]    Subphase: Concurrent Mark Try Flush                     0.000 / 0.000         0.000 / 0.000         0.201 / 0.455         0.201 / 0.455       ms
[2023-11-16T15:23:15.586+0800][gc,stats    ]    Subphase: Concurrent Mark Try Terminate                 0.000 / 0.000         0.000 / 0.000         4.353 / 12.985        4.353 / 12.985      ms
[2023-11-16T15:23:15.586+0800][gc,stats    ]    Subphase: Concurrent References Enqueue                 0.000 / 0.000         0.000 / 0.000         0.004 / 0.004         0.004 / 0.004       ms
[2023-11-16T15:23:15.586+0800][gc,stats    ]    Subphase: Concurrent References Process                 0.000 / 0.000         0.000 / 0.000         0.104 / 0.123         0.104 / 0.123       ms
[2023-11-16T15:23:15.586+0800][gc,stats    ]    Subphase: Concurrent Roots ClassLoaderDataGraph         0.000 / 0.000         0.000 / 0.000         0.107 / 0.428         0.107 / 0.428       ms
[2023-11-16T15:23:15.586+0800][gc,stats    ]    Subphase: Concurrent Roots CodeCache                    0.000 / 0.000         0.000 / 0.000         0.000 / 0.000         0.000 / 0.000       ms
[2023-11-16T15:23:15.586+0800][gc,stats    ]    Subphase: Concurrent Roots JavaThreads                  0.000 / 0.000         0.000 / 0.000         1.013 / 1.707         1.013 / 1.707       ms
[2023-11-16T15:23:15.586+0800][gc,stats    ]    Subphase: Concurrent Roots OopStorageSet                0.000 / 0.000         0.000 / 0.000         0.146 / 0.289         0.146 / 0.289       ms
[2023-11-16T15:23:15.586+0800][gc,stats    ]    Subphase: Concurrent Weak Roots OopStorageSet           0.000 / 0.000         0.000 / 0.000         0.440 / 0.670         0.440 / 0.670       ms
[2023-11-16T15:23:15.586+0800][gc,stats    ]    Subphase: Pause Mark Try Complete                       0.000 / 0.000         0.000 / 0.000         0.000 / 0.000         0.000 / 0.000       ms
[2023-11-16T15:23:15.587+0800][gc,stats    ]      System: Java Threads                                      0 / 0                 0 / 0                34 / 47               34 / 47          threads
[2023-11-16T15:23:15.587+0800][gc,stats    ] =========================================================================================================================================================
[2023-11-16T15:23:25.582+0800][gc,stats    ] === Garbage Collection Statistics =======================================================================================================================
[2023-11-16T15:23:25.582+0800][gc,stats    ]                                                              Last 10s              Last 10m              Last 10h                Total
[2023-11-16T15:23:25.582+0800][gc,stats    ]                                                              Avg / Max             Avg / Max             Avg / Max             Avg / Max
[2023-11-16T15:23:25.582+0800][gc,stats    ]   Collector: Garbage Collection Cycle                      0.000 / 0.000         0.000 / 0.000        32.129 / 37.536       32.129 / 37.536      ms
[2023-11-16T15:23:25.582+0800][gc,stats    ]  Contention: Mark Segment Reset Contention                     0 / 0                 0 / 0                 0 / 3                 0 / 3           ops/s
[2023-11-16T15:23:25.582+0800][gc,stats    ]  Contention: Mark SeqNum Reset Contention                      0 / 0                 0 / 0                 0 / 0                 0 / 0           ops/s
[2023-11-16T15:23:25.582+0800][gc,stats    ]    Critical: Allocation Stall                                  0 / 0                 0 / 0                 0 / 0                 0 / 0           ops/s
[2023-11-16T15:23:25.582+0800][gc,stats    ]    Critical: Allocation Stall                              0.000 / 0.000         0.000 / 0.000         0.000 / 0.000         0.000 / 0.000       ms
[2023-11-16T15:23:25.582+0800][gc,stats    ]    Critical: GC Locker Stall                                   0 / 0                 0 / 0                 0 / 0                 0 / 0           ops/s
[2023-11-16T15:23:25.582+0800][gc,stats    ]    Critical: GC Locker Stall                               0.000 / 0.000         0.000 / 0.000         0.000 / 0.000         0.000 / 0.000       ms
[2023-11-16T15:23:25.582+0800][gc,stats    ]    Critical: Relocation Stall                                  0 / 0                 0 / 0                 0 / 0                 0 / 0           ops/s
[2023-11-16T15:23:25.582+0800][gc,stats    ]    Critical: Relocation Stall                              0.000 / 0.000         0.000 / 0.000         0.000 / 0.000         0.000 / 0.000       ms
[2023-11-16T15:23:25.582+0800][gc,stats    ]      Memory: Allocation Rate                                   0 / 0                 0 / 2                 0 / 82                0 / 82          MB/s
[2023-11-16T15:23:25.582+0800][gc,stats    ]      Memory: Defragment                                        0 / 0                 0 / 0                 0 / 0                 0 / 0           ops/s
[2023-11-16T15:23:25.582+0800][gc,stats    ]      Memory: Out Of Memory                                     0 / 0                 0 / 0                 0 / 0                 0 / 0           ops/s
[2023-11-16T15:23:25.582+0800][gc,stats    ]      Memory: Page Cache Flush                                  0 / 0                 0 / 0                 0 / 0                 0 / 0           MB/s
[2023-11-16T15:23:25.582+0800][gc,stats    ]      Memory: Page Cache Hit L1                                 0 / 0                 0 / 1                 0 / 33                0 / 33          ops/s
[2023-11-16T15:23:25.582+0800][gc,stats    ]      Memory: Page Cache Hit L2                                 0 / 0                 0 / 0                 0 / 0                 0 / 0           ops/s
[2023-11-16T15:23:25.582+0800][gc,stats    ]      Memory: Page Cache Hit L3                                 0 / 0                 0 / 0                 0 / 41                0 / 41          ops/s
[2023-11-16T15:23:25.582+0800][gc,stats    ]      Memory: Page Cache Miss                                   0 / 0                 0 / 0                 0 / 1                 0 / 1           ops/s
[2023-11-16T15:23:25.582+0800][gc,stats    ]      Memory: Uncommit                                          0 / 0                 0 / 0                 0 / 0                 0 / 0           MB/s
[2023-11-16T15:23:25.582+0800][gc,stats    ]      Memory: Undo Object Allocation Failed                     0 / 0                 0 / 0                 0 / 0                 0 / 0           ops/s
[2023-11-16T15:23:25.582+0800][gc,stats    ]      Memory: Undo Object Allocation Succeeded                  0 / 0                 0 / 0                 0 / 3                 0 / 3           ops/s
[2023-11-16T15:23:25.582+0800][gc,stats    ]      Memory: Undo Page Allocation                              0 / 0                 0 / 0                 0 / 0                 0 / 0           ops/s
[2023-11-16T15:23:25.582+0800][gc,stats    ]       Phase: Concurrent Mark                               0.000 / 0.000         0.000 / 0.000        21.531 / 24.050       21.531 / 24.050      ms
[2023-11-16T15:23:25.582+0800][gc,stats    ]       Phase: Concurrent Mark Continue                      0.000 / 0.000         0.000 / 0.000         0.000 / 0.000         0.000 / 0.000       ms
[2023-11-16T15:23:25.582+0800][gc,stats    ]       Phase: Concurrent Mark Free                          0.000 / 0.000         0.000 / 0.000         0.001 / 0.001         0.001 / 0.001       ms
[2023-11-16T15:23:25.582+0800][gc,stats    ]       Phase: Concurrent Process Non-Strong References      0.000 / 0.000         0.000 / 0.000         1.995 / 2.420         1.995 / 2.420       ms
[2023-11-16T15:23:25.582+0800][gc,stats    ]       Phase: Concurrent Relocate                           0.000 / 0.000         0.000 / 0.000         2.883 / 2.961         2.883 / 2.961       ms
[2023-11-16T15:23:25.582+0800][gc,stats    ]       Phase: Concurrent Reset Relocation Set               0.000 / 0.000         0.000 / 0.000         0.002 / 0.004         0.002 / 0.004       ms
[2023-11-16T15:23:25.582+0800][gc,stats    ]       Phase: Concurrent Select Relocation Set              0.000 / 0.000         0.000 / 0.000         4.861 / 8.184         4.861 / 8.184       ms
[2023-11-16T15:23:25.582+0800][gc,stats    ]       Phase: Pause Mark End                                0.000 / 0.000         0.000 / 0.000         0.017 / 0.019         0.017 / 0.019       ms
[2023-11-16T15:23:25.582+0800][gc,stats    ]       Phase: Pause Mark Start                              0.000 / 0.000         0.000 / 0.000         0.023 / 0.031         0.023 / 0.031       ms
[2023-11-16T15:23:25.582+0800][gc,stats    ]       Phase: Pause Relocate Start                          0.000 / 0.000         0.000 / 0.000         0.009 / 0.009         0.009 / 0.009       ms
[2023-11-16T15:23:25.582+0800][gc,stats    ]    Subphase: Concurrent Classes Purge                      0.000 / 0.000         0.000 / 0.000         0.066 / 0.071         0.066 / 0.071       ms
[2023-11-16T15:23:25.582+0800][gc,stats    ]    Subphase: Concurrent Classes Unlink                     0.000 / 0.000         0.000 / 0.000         1.264 / 1.492         1.264 / 1.492       ms
[2023-11-16T15:23:25.582+0800][gc,stats    ]    Subphase: Concurrent Mark                               0.000 / 0.000         0.000 / 0.000        18.504 / 22.997       18.504 / 22.997      ms
[2023-11-16T15:23:25.582+0800][gc,stats    ]    Subphase: Concurrent Mark Try Flush                     0.000 / 0.000         0.000 / 0.000         0.201 / 0.455         0.201 / 0.455       ms
[2023-11-16T15:23:25.582+0800][gc,stats    ]    Subphase: Concurrent Mark Try Terminate                 0.000 / 0.000         0.000 / 0.000         4.353 / 12.985        4.353 / 12.985      ms
[2023-11-16T15:23:25.583+0800][gc,stats    ]    Subphase: Concurrent References Enqueue                 0.000 / 0.000         0.000 / 0.000         0.004 / 0.004         0.004 / 0.004       ms
[2023-11-16T15:23:25.583+0800][gc,stats    ]    Subphase: Concurrent References Process                 0.000 / 0.000         0.000 / 0.000         0.104 / 0.123         0.104 / 0.123       ms
[2023-11-16T15:23:25.583+0800][gc,stats    ]    Subphase: Concurrent Roots ClassLoaderDataGraph         0.000 / 0.000         0.000 / 0.000         0.107 / 0.428         0.107 / 0.428       ms
[2023-11-16T15:23:25.583+0800][gc,stats    ]    Subphase: Concurrent Roots CodeCache                    0.000 / 0.000         0.000 / 0.000         0.000 / 0.000         0.000 / 0.000       ms
[2023-11-16T15:23:25.583+0800][gc,stats    ]    Subphase: Concurrent Roots JavaThreads                  0.000 / 0.000         0.000 / 0.000         1.013 / 1.707         1.013 / 1.707       ms
[2023-11-16T15:23:25.583+0800][gc,stats    ]    Subphase: Concurrent Roots OopStorageSet                0.000 / 0.000         0.000 / 0.000         0.146 / 0.289         0.146 / 0.289       ms
[2023-11-16T15:23:25.583+0800][gc,stats    ]    Subphase: Concurrent Weak Roots OopStorageSet           0.000 / 0.000         0.000 / 0.000         0.440 / 0.670         0.440 / 0.670       ms
[2023-11-16T15:23:25.583+0800][gc,stats    ]    Subphase: Pause Mark Try Complete                       0.000 / 0.000         0.000 / 0.000         0.000 / 0.000         0.000 / 0.000       ms
[2023-11-16T15:23:25.583+0800][gc,stats    ]      System: Java Threads                                      0 / 0                 0 / 0                34 / 47               34 / 47          threads
[2023-11-16T15:23:25.583+0800][gc,stats    ] =========================================================================================================================================================
[2023-11-16T15:23:35.579+0800][gc,stats    ] === Garbage Collection Statistics =======================================================================================================================
[2023-11-16T15:23:35.579+0800][gc,stats    ]                                                              Last 10s              Last 10m              Last 10h                Total
[2023-11-16T15:23:35.579+0800][gc,stats    ]                                                              Avg / Max             Avg / Max             Avg / Max             Avg / Max
[2023-11-16T15:23:35.579+0800][gc,stats    ]   Collector: Garbage Collection Cycle                      0.000 / 0.000         0.000 / 0.000        32.129 / 37.536       32.129 / 37.536      ms
[2023-11-16T15:23:35.579+0800][gc,stats    ]  Contention: Mark Segment Reset Contention                     0 / 0                 0 / 0                 0 / 3                 0 / 3           ops/s
[2023-11-16T15:23:35.579+0800][gc,stats    ]  Contention: Mark SeqNum Reset Contention                      0 / 0                 0 / 0                 0 / 0                 0 / 0           ops/s
[2023-11-16T15:23:35.579+0800][gc,stats    ]    Critical: Allocation Stall                                  0 / 0                 0 / 0                 0 / 0                 0 / 0           ops/s
[2023-11-16T15:23:35.579+0800][gc,stats    ]    Critical: Allocation Stall                              0.000 / 0.000         0.000 / 0.000         0.000 / 0.000         0.000 / 0.000       ms
[2023-11-16T15:23:35.579+0800][gc,stats    ]    Critical: GC Locker Stall                                   0 / 0                 0 / 0                 0 / 0                 0 / 0           ops/s
[2023-11-16T15:23:35.579+0800][gc,stats    ]    Critical: GC Locker Stall                               0.000 / 0.000         0.000 / 0.000         0.000 / 0.000         0.000 / 0.000       ms
[2023-11-16T15:23:35.579+0800][gc,stats    ]    Critical: Relocation Stall                                  0 / 0                 0 / 0                 0 / 0                 0 / 0           ops/s
[2023-11-16T15:23:35.579+0800][gc,stats    ]    Critical: Relocation Stall                              0.000 / 0.000         0.000 / 0.000         0.000 / 0.000         0.000 / 0.000       ms
[2023-11-16T15:23:35.579+0800][gc,stats    ]      Memory: Allocation Rate                                   0 / 0                 0 / 2                 0 / 82                0 / 82          MB/s
[2023-11-16T15:23:35.579+0800][gc,stats    ]      Memory: Defragment                                        0 / 0                 0 / 0                 0 / 0                 0 / 0           ops/s
[2023-11-16T15:23:35.579+0800][gc,stats    ]      Memory: Out Of Memory                                     0 / 0                 0 / 0                 0 / 0                 0 / 0           ops/s
[2023-11-16T15:23:35.579+0800][gc,stats    ]      Memory: Page Cache Flush                                  0 / 0                 0 / 0                 0 / 0                 0 / 0           MB/s
[2023-11-16T15:23:35.579+0800][gc,stats    ]      Memory: Page Cache Hit L1                                 0 / 0                 0 / 1                 0 / 33                0 / 33          ops/s
[2023-11-16T15:23:35.579+0800][gc,stats    ]      Memory: Page Cache Hit L2                                 0 / 0                 0 / 0                 0 / 0                 0 / 0           ops/s
[2023-11-16T15:23:35.579+0800][gc,stats    ]      Memory: Page Cache Hit L3                                 0 / 0                 0 / 0                 0 / 41                0 / 41          ops/s
[2023-11-16T15:23:35.579+0800][gc,stats    ]      Memory: Page Cache Miss                                   0 / 0                 0 / 0                 0 / 1                 0 / 1           ops/s
[2023-11-16T15:23:35.579+0800][gc,stats    ]      Memory: Uncommit                                          0 / 0                 0 / 0                 0 / 0                 0 / 0           MB/s
[2023-11-16T15:23:35.579+0800][gc,stats    ]      Memory: Undo Object Allocation Failed                     0 / 0                 0 / 0                 0 / 0                 0 / 0           ops/s
[2023-11-16T15:23:35.579+0800][gc,stats    ]      Memory: Undo Object Allocation Succeeded                  0 / 0                 0 / 0                 0 / 3                 0 / 3           ops/s
[2023-11-16T15:23:35.579+0800][gc,stats    ]      Memory: Undo Page Allocation                              0 / 0                 0 / 0                 0 / 0                 0 / 0           ops/s
[2023-11-16T15:23:35.579+0800][gc,stats    ]       Phase: Concurrent Mark                               0.000 / 0.000         0.000 / 0.000        21.531 / 24.050       21.531 / 24.050      ms
[2023-11-16T15:23:35.579+0800][gc,stats    ]       Phase: Concurrent Mark Continue                      0.000 / 0.000         0.000 / 0.000         0.000 / 0.000         0.000 / 0.000       ms
[2023-11-16T15:23:35.579+0800][gc,stats    ]       Phase: Concurrent Mark Free                          0.000 / 0.000         0.000 / 0.000         0.001 / 0.001         0.001 / 0.001       ms
[2023-11-16T15:23:35.579+0800][gc,stats    ]       Phase: Concurrent Process Non-Strong References      0.000 / 0.000         0.000 / 0.000         1.995 / 2.420         1.995 / 2.420       ms
[2023-11-16T15:23:35.579+0800][gc,stats    ]       Phase: Concurrent Relocate                           0.000 / 0.000         0.000 / 0.000         2.883 / 2.961         2.883 / 2.961       ms
[2023-11-16T15:23:35.579+0800][gc,stats    ]       Phase: Concurrent Reset Relocation Set               0.000 / 0.000         0.000 / 0.000         0.002 / 0.004         0.002 / 0.004       ms
[2023-11-16T15:23:35.579+0800][gc,stats    ]       Phase: Concurrent Select Relocation Set              0.000 / 0.000         0.000 / 0.000         4.861 / 8.184         4.861 / 8.184       ms
[2023-11-16T15:23:35.579+0800][gc,stats    ]       Phase: Pause Mark End                                0.000 / 0.000         0.000 / 0.000         0.017 / 0.019         0.017 / 0.019       ms
[2023-11-16T15:23:35.579+0800][gc,stats    ]       Phase: Pause Mark Start                              0.000 / 0.000         0.000 / 0.000         0.023 / 0.031         0.023 / 0.031       ms
[2023-11-16T15:23:35.579+0800][gc,stats    ]       Phase: Pause Relocate Start                          0.000 / 0.000         0.000 / 0.000         0.009 / 0.009         0.009 / 0.009       ms
[2023-11-16T15:23:35.579+0800][gc,stats    ]    Subphase: Concurrent Classes Purge                      0.000 / 0.000         0.000 / 0.000         0.066 / 0.071         0.066 / 0.071       ms
[2023-11-16T15:23:35.579+0800][gc,stats    ]    Subphase: Concurrent Classes Unlink                     0.000 / 0.000         0.000 / 0.000         1.264 / 1.492         1.264 / 1.492       ms
[2023-11-16T15:23:35.579+0800][gc,stats    ]    Subphase: Concurrent Mark                               0.000 / 0.000         0.000 / 0.000        18.504 / 22.997       18.504 / 22.997      ms
[2023-11-16T15:23:35.579+0800][gc,stats    ]    Subphase: Concurrent Mark Try Flush                     0.000 / 0.000         0.000 / 0.000         0.201 / 0.455         0.201 / 0.455       ms
[2023-11-16T15:23:35.579+0800][gc,stats    ]    Subphase: Concurrent Mark Try Terminate                 0.000 / 0.000         0.000 / 0.000         4.353 / 12.985        4.353 / 12.985      ms
[2023-11-16T15:23:35.579+0800][gc,stats    ]    Subphase: Concurrent References Enqueue                 0.000 / 0.000         0.000 / 0.000         0.004 / 0.004         0.004 / 0.004       ms
[2023-11-16T15:23:35.579+0800][gc,stats    ]    Subphase: Concurrent References Process                 0.000 / 0.000         0.000 / 0.000         0.104 / 0.123         0.104 / 0.123       ms
[2023-11-16T15:23:35.579+0800][gc,stats    ]    Subphase: Concurrent Roots ClassLoaderDataGraph         0.000 / 0.000         0.000 / 0.000         0.107 / 0.428         0.107 / 0.428       ms
[2023-11-16T15:23:35.579+0800][gc,stats    ]    Subphase: Concurrent Roots CodeCache                    0.000 / 0.000         0.000 / 0.000         0.000 / 0.000         0.000 / 0.000       ms
[2023-11-16T15:23:35.579+0800][gc,stats    ]    Subphase: Concurrent Roots JavaThreads                  0.000 / 0.000         0.000 / 0.000         1.013 / 1.707         1.013 / 1.707       ms
[2023-11-16T15:23:35.579+0800][gc,stats    ]    Subphase: Concurrent Roots OopStorageSet                0.000 / 0.000         0.000 / 0.000         0.146 / 0.289         0.146 / 0.289       ms
[2023-11-16T15:23:35.579+0800][gc,stats    ]    Subphase: Concurrent Weak Roots OopStorageSet           0.000 / 0.000         0.000 / 0.000         0.440 / 0.670         0.440 / 0.670       ms
[2023-11-16T15:23:35.580+0800][gc,stats    ]    Subphase: Pause Mark Try Complete                       0.000 / 0.000         0.000 / 0.000         0.000 / 0.000         0.000 / 0.000       ms
[2023-11-16T15:23:35.580+0800][gc,stats    ]      System: Java Threads                                      0 / 0                 0 / 0                34 / 47               34 / 47          threads
[2023-11-16T15:23:35.580+0800][gc,stats    ] =========================================================================================================================================================
[2023-11-16T15:23:45.586+0800][gc,stats    ] === Garbage Collection Statistics =======================================================================================================================
[2023-11-16T15:23:45.586+0800][gc,stats    ]                                                              Last 10s              Last 10m              Last 10h                Total
[2023-11-16T15:23:45.586+0800][gc,stats    ]                                                              Avg / Max             Avg / Max             Avg / Max             Avg / Max
[2023-11-16T15:23:45.586+0800][gc,stats    ]   Collector: Garbage Collection Cycle                      0.000 / 0.000         0.000 / 0.000        32.129 / 37.536       32.129 / 37.536      ms
[2023-11-16T15:23:45.586+0800][gc,stats    ]  Contention: Mark Segment Reset Contention                     0 / 0                 0 / 0                 0 / 3                 0 / 3           ops/s
[2023-11-16T15:23:45.586+0800][gc,stats    ]  Contention: Mark SeqNum Reset Contention                      0 / 0                 0 / 0                 0 / 0                 0 / 0           ops/s
[2023-11-16T15:23:45.586+0800][gc,stats    ]    Critical: Allocation Stall                                  0 / 0                 0 / 0                 0 / 0                 0 / 0           ops/s
[2023-11-16T15:23:45.586+0800][gc,stats    ]    Critical: Allocation Stall                              0.000 / 0.000         0.000 / 0.000         0.000 / 0.000         0.000 / 0.000       ms
[2023-11-16T15:23:45.586+0800][gc,stats    ]    Critical: GC Locker Stall                                   0 / 0                 0 / 0                 0 / 0                 0 / 0           ops/s
[2023-11-16T15:23:45.586+0800][gc,stats    ]    Critical: GC Locker Stall                               0.000 / 0.000         0.000 / 0.000         0.000 / 0.000         0.000 / 0.000       ms
[2023-11-16T15:23:45.586+0800][gc,stats    ]    Critical: Relocation Stall                                  0 / 0                 0 / 0                 0 / 0                 0 / 0           ops/s
[2023-11-16T15:23:45.586+0800][gc,stats    ]    Critical: Relocation Stall                              0.000 / 0.000         0.000 / 0.000         0.000 / 0.000         0.000 / 0.000       ms
[2023-11-16T15:23:45.586+0800][gc,stats    ]      Memory: Allocation Rate                                   0 / 0                 0 / 2                 0 / 82                0 / 82          MB/s
[2023-11-16T15:23:45.586+0800][gc,stats    ]      Memory: Defragment                                        0 / 0                 0 / 0                 0 / 0                 0 / 0           ops/s
[2023-11-16T15:23:45.586+0800][gc,stats    ]      Memory: Out Of Memory                                     0 / 0                 0 / 0                 0 / 0                 0 / 0           ops/s
[2023-11-16T15:23:45.586+0800][gc,stats    ]      Memory: Page Cache Flush                                  0 / 0                 0 / 0                 0 / 0                 0 / 0           MB/s
[2023-11-16T15:23:45.586+0800][gc,stats    ]      Memory: Page Cache Hit L1                                 0 / 0                 0 / 1                 0 / 33                0 / 33          ops/s
[2023-11-16T15:23:45.586+0800][gc,stats    ]      Memory: Page Cache Hit L2                                 0 / 0                 0 / 0                 0 / 0                 0 / 0           ops/s
[2023-11-16T15:23:45.586+0800][gc,stats    ]      Memory: Page Cache Hit L3                                 0 / 0                 0 / 0                 0 / 41                0 / 41          ops/s
[2023-11-16T15:23:45.586+0800][gc,stats    ]      Memory: Page Cache Miss                                   0 / 0                 0 / 0                 0 / 1                 0 / 1           ops/s
[2023-11-16T15:23:45.586+0800][gc,stats    ]      Memory: Uncommit                                          0 / 0                 0 / 0                 0 / 0                 0 / 0           MB/s
[2023-11-16T15:23:45.586+0800][gc,stats    ]      Memory: Undo Object Allocation Failed                     0 / 0                 0 / 0                 0 / 0                 0 / 0           ops/s
[2023-11-16T15:23:45.586+0800][gc,stats    ]      Memory: Undo Object Allocation Succeeded                  0 / 0                 0 / 0                 0 / 3                 0 / 3           ops/s
[2023-11-16T15:23:45.586+0800][gc,stats    ]      Memory: Undo Page Allocation                              0 / 0                 0 / 0                 0 / 0                 0 / 0           ops/s
[2023-11-16T15:23:45.586+0800][gc,stats    ]       Phase: Concurrent Mark                               0.000 / 0.000         0.000 / 0.000        21.531 / 24.050       21.531 / 24.050      ms
[2023-11-16T15:23:45.586+0800][gc,stats    ]       Phase: Concurrent Mark Continue                      0.000 / 0.000         0.000 / 0.000         0.000 / 0.000         0.000 / 0.000       ms
[2023-11-16T15:23:45.586+0800][gc,stats    ]       Phase: Concurrent Mark Free                          0.000 / 0.000         0.000 / 0.000         0.001 / 0.001         0.001 / 0.001       ms
[2023-11-16T15:23:45.586+0800][gc,stats    ]       Phase: Concurrent Process Non-Strong References      0.000 / 0.000         0.000 / 0.000         1.995 / 2.420         1.995 / 2.420       ms
[2023-11-16T15:23:45.586+0800][gc,stats    ]       Phase: Concurrent Relocate                           0.000 / 0.000         0.000 / 0.000         2.883 / 2.961         2.883 / 2.961       ms
[2023-11-16T15:23:45.586+0800][gc,stats    ]       Phase: Concurrent Reset Relocation Set               0.000 / 0.000         0.000 / 0.000         0.002 / 0.004         0.002 / 0.004       ms
[2023-11-16T15:23:45.586+0800][gc,stats    ]       Phase: Concurrent Select Relocation Set              0.000 / 0.000         0.000 / 0.000         4.861 / 8.184         4.861 / 8.184       ms
[2023-11-16T15:23:45.586+0800][gc,stats    ]       Phase: Pause Mark End                                0.000 / 0.000         0.000 / 0.000         0.017 / 0.019         0.017 / 0.019       ms
[2023-11-16T15:23:45.586+0800][gc,stats    ]       Phase: Pause Mark Start                              0.000 / 0.000         0.000 / 0.000         0.023 / 0.031         0.023 / 0.031       ms
[2023-11-16T15:23:45.586+0800][gc,stats    ]       Phase: Pause Relocate Start                          0.000 / 0.000         0.000 / 0.000         0.009 / 0.009         0.009 / 0.009       ms
[2023-11-16T15:23:45.586+0800][gc,stats    ]    Subphase: Concurrent Classes Purge                      0.000 / 0.000         0.000 / 0.000         0.066 / 0.071         0.066 / 0.071       ms
[2023-11-16T15:23:45.586+0800][gc,stats    ]    Subphase: Concurrent Classes Unlink                     0.000 / 0.000         0.000 / 0.000         1.264 / 1.492         1.264 / 1.492       ms
[2023-11-16T15:23:45.586+0800][gc,stats    ]    Subphase: Concurrent Mark                               0.000 / 0.000         0.000 / 0.000        18.504 / 22.997       18.504 / 22.997      ms
[2023-11-16T15:23:45.586+0800][gc,stats    ]    Subphase: Concurrent Mark Try Flush                     0.000 / 0.000         0.000 / 0.000         0.201 / 0.455         0.201 / 0.455       ms
[2023-11-16T15:23:45.586+0800][gc,stats    ]    Subphase: Concurrent Mark Try Terminate                 0.000 / 0.000         0.000 / 0.000         4.353 / 12.985        4.353 / 12.985      ms
[2023-11-16T15:23:45.586+0800][gc,stats    ]    Subphase: Concurrent References Enqueue                 0.000 / 0.000         0.000 / 0.000         0.004 / 0.004         0.004 / 0.004       ms
[2023-11-16T15:23:45.586+0800][gc,stats    ]    Subphase: Concurrent References Process                 0.000 / 0.000         0.000 / 0.000         0.104 / 0.123         0.104 / 0.123       ms
[2023-11-16T15:23:45.586+0800][gc,stats    ]    Subphase: Concurrent Roots ClassLoaderDataGraph         0.000 / 0.000         0.000 / 0.000         0.107 / 0.428         0.107 / 0.428       ms
[2023-11-16T15:23:45.586+0800][gc,stats    ]    Subphase: Concurrent Roots CodeCache                    0.000 / 0.000         0.000 / 0.000         0.000 / 0.000         0.000 / 0.000       ms
[2023-11-16T15:23:45.586+0800][gc,stats    ]    Subphase: Concurrent Roots JavaThreads                  0.000 / 0.000         0.000 / 0.000         1.013 / 1.707         1.013 / 1.707       ms
[2023-11-16T15:23:45.586+0800][gc,stats    ]    Subphase: Concurrent Roots OopStorageSet                0.000 / 0.000         0.000 / 0.000         0.146 / 0.289         0.146 / 0.289       ms
[2023-11-16T15:23:45.586+0800][gc,stats    ]    Subphase: Concurrent Weak Roots OopStorageSet           0.000 / 0.000         0.000 / 0.000         0.440 / 0.670         0.440 / 0.670       ms
[2023-11-16T15:23:45.586+0800][gc,stats    ]    Subphase: Pause Mark Try Complete                       0.000 / 0.000         0.000 / 0.000         0.000 / 0.000         0.000 / 0.000       ms
[2023-11-16T15:23:45.586+0800][gc,stats    ]      System: Java Threads                                      0 / 0                 0 / 0                34 / 47               34 / 47          threads
[2023-11-16T15:23:45.586+0800][gc,stats    ] =========================================================================================================================================================
[2023-11-16T15:23:55.577+0800][gc,stats    ] === Garbage Collection Statistics =======================================================================================================================
[2023-11-16T15:23:55.577+0800][gc,stats    ]                                                              Last 10s              Last 10m              Last 10h                Total
[2023-11-16T15:23:55.577+0800][gc,stats    ]                                                              Avg / Max             Avg / Max             Avg / Max             Avg / Max
[2023-11-16T15:23:55.577+0800][gc,stats    ]   Collector: Garbage Collection Cycle                      0.000 / 0.000         0.000 / 0.000        32.129 / 37.536       32.129 / 37.536      ms
[2023-11-16T15:23:55.577+0800][gc,stats    ]  Contention: Mark Segment Reset Contention                     0 / 0                 0 / 0                 0 / 3                 0 / 3           ops/s
[2023-11-16T15:23:55.577+0800][gc,stats    ]  Contention: Mark SeqNum Reset Contention                      0 / 0                 0 / 0                 0 / 0                 0 / 0           ops/s
[2023-11-16T15:23:55.577+0800][gc,stats    ]    Critical: Allocation Stall                                  0 / 0                 0 / 0                 0 / 0                 0 / 0           ops/s
[2023-11-16T15:23:55.577+0800][gc,stats    ]    Critical: Allocation Stall                              0.000 / 0.000         0.000 / 0.000         0.000 / 0.000         0.000 / 0.000       ms
[2023-11-16T15:23:55.577+0800][gc,stats    ]    Critical: GC Locker Stall                                   0 / 0                 0 / 0                 0 / 0                 0 / 0           ops/s
[2023-11-16T15:23:55.577+0800][gc,stats    ]    Critical: GC Locker Stall                               0.000 / 0.000         0.000 / 0.000         0.000 / 0.000         0.000 / 0.000       ms
[2023-11-16T15:23:55.577+0800][gc,stats    ]    Critical: Relocation Stall                                  0 / 0                 0 / 0                 0 / 0                 0 / 0           ops/s
[2023-11-16T15:23:55.577+0800][gc,stats    ]    Critical: Relocation Stall                              0.000 / 0.000         0.000 / 0.000         0.000 / 0.000         0.000 / 0.000       ms
[2023-11-16T15:23:55.577+0800][gc,stats    ]      Memory: Allocation Rate                                   0 / 0                 0 / 2                 0 / 82                0 / 82          MB/s
[2023-11-16T15:23:55.577+0800][gc,stats    ]      Memory: Defragment                                        0 / 0                 0 / 0                 0 / 0                 0 / 0           ops/s
[2023-11-16T15:23:55.577+0800][gc,stats    ]      Memory: Out Of Memory                                     0 / 0                 0 / 0                 0 / 0                 0 / 0           ops/s
[2023-11-16T15:23:55.577+0800][gc,stats    ]      Memory: Page Cache Flush                                  0 / 0                 0 / 0                 0 / 0                 0 / 0           MB/s
[2023-11-16T15:23:55.577+0800][gc,stats    ]      Memory: Page Cache Hit L1                                 0 / 0                 0 / 1                 0 / 33                0 / 33          ops/s
[2023-11-16T15:23:55.577+0800][gc,stats    ]      Memory: Page Cache Hit L2                                 0 / 0                 0 / 0                 0 / 0                 0 / 0           ops/s
[2023-11-16T15:23:55.577+0800][gc,stats    ]      Memory: Page Cache Hit L3                                 0 / 0                 0 / 0                 0 / 41                0 / 41          ops/s
[2023-11-16T15:23:55.577+0800][gc,stats    ]      Memory: Page Cache Miss                                   0 / 0                 0 / 0                 0 / 1                 0 / 1           ops/s
[2023-11-16T15:23:55.577+0800][gc,stats    ]      Memory: Uncommit                                          0 / 0                 0 / 0                 0 / 0                 0 / 0           MB/s
[2023-11-16T15:23:55.577+0800][gc,stats    ]      Memory: Undo Object Allocation Failed                     0 / 0                 0 / 0                 0 / 0                 0 / 0           ops/s
[2023-11-16T15:23:55.577+0800][gc,stats    ]      Memory: Undo Object Allocation Succeeded                  0 / 0                 0 / 0                 0 / 3                 0 / 3           ops/s
[2023-11-16T15:23:55.577+0800][gc,stats    ]      Memory: Undo Page Allocation                              0 / 0                 0 / 0                 0 / 0                 0 / 0           ops/s
[2023-11-16T15:23:55.577+0800][gc,stats    ]       Phase: Concurrent Mark                               0.000 / 0.000         0.000 / 0.000        21.531 / 24.050       21.531 / 24.050      ms
[2023-11-16T15:23:55.577+0800][gc,stats    ]       Phase: Concurrent Mark Continue                      0.000 / 0.000         0.000 / 0.000         0.000 / 0.000         0.000 / 0.000       ms
[2023-11-16T15:23:55.577+0800][gc,stats    ]       Phase: Concurrent Mark Free                          0.000 / 0.000         0.000 / 0.000         0.001 / 0.001         0.001 / 0.001       ms
[2023-11-16T15:23:55.577+0800][gc,stats    ]       Phase: Concurrent Process Non-Strong References      0.000 / 0.000         0.000 / 0.000         1.995 / 2.420         1.995 / 2.420       ms
[2023-11-16T15:23:55.577+0800][gc,stats    ]       Phase: Concurrent Relocate                           0.000 / 0.000         0.000 / 0.000         2.883 / 2.961         2.883 / 2.961       ms
[2023-11-16T15:23:55.578+0800][gc,stats    ]       Phase: Concurrent Reset Relocation Set               0.000 / 0.000         0.000 / 0.000         0.002 / 0.004         0.002 / 0.004       ms
[2023-11-16T15:23:55.578+0800][gc,stats    ]       Phase: Concurrent Select Relocation Set              0.000 / 0.000         0.000 / 0.000         4.861 / 8.184         4.861 / 8.184       ms
[2023-11-16T15:23:55.578+0800][gc,stats    ]       Phase: Pause Mark End                                0.000 / 0.000         0.000 / 0.000         0.017 / 0.019         0.017 / 0.019       ms
[2023-11-16T15:23:55.578+0800][gc,stats    ]       Phase: Pause Mark Start                              0.000 / 0.000         0.000 / 0.000         0.023 / 0.031         0.023 / 0.031       ms
[2023-11-16T15:23:55.578+0800][gc,stats    ]       Phase: Pause Relocate Start                          0.000 / 0.000         0.000 / 0.000         0.009 / 0.009         0.009 / 0.009       ms
[2023-11-16T15:23:55.578+0800][gc,stats    ]    Subphase: Concurrent Classes Purge                      0.000 / 0.000         0.000 / 0.000         0.066 / 0.071         0.066 / 0.071       ms
[2023-11-16T15:23:55.578+0800][gc,stats    ]    Subphase: Concurrent Classes Unlink                     0.000 / 0.000         0.000 / 0.000         1.264 / 1.492         1.264 / 1.492       ms
[2023-11-16T15:23:55.578+0800][gc,stats    ]    Subphase: Concurrent Mark                               0.000 / 0.000         0.000 / 0.000        18.504 / 22.997       18.504 / 22.997      ms
[2023-11-16T15:23:55.578+0800][gc,stats    ]    Subphase: Concurrent Mark Try Flush                     0.000 / 0.000         0.000 / 0.000         0.201 / 0.455         0.201 / 0.455       ms
[2023-11-16T15:23:55.578+0800][gc,stats    ]    Subphase: Concurrent Mark Try Terminate                 0.000 / 0.000         0.000 / 0.000         4.353 / 12.985        4.353 / 12.985      ms
[2023-11-16T15:23:55.578+0800][gc,stats    ]    Subphase: Concurrent References Enqueue                 0.000 / 0.000         0.000 / 0.000         0.004 / 0.004         0.004 / 0.004       ms
[2023-11-16T15:23:55.578+0800][gc,stats    ]    Subphase: Concurrent References Process                 0.000 / 0.000         0.000 / 0.000         0.104 / 0.123         0.104 / 0.123       ms
[2023-11-16T15:23:55.578+0800][gc,stats    ]    Subphase: Concurrent Roots ClassLoaderDataGraph         0.000 / 0.000         0.000 / 0.000         0.107 / 0.428         0.107 / 0.428       ms
[2023-11-16T15:23:55.578+0800][gc,stats    ]    Subphase: Concurrent Roots CodeCache                    0.000 / 0.000         0.000 / 0.000         0.000 / 0.000         0.000 / 0.000       ms
[2023-11-16T15:23:55.578+0800][gc,stats    ]    Subphase: Concurrent Roots JavaThreads                  0.000 / 0.000         0.000 / 0.000         1.013 / 1.707         1.013 / 1.707       ms
[2023-11-16T15:23:55.578+0800][gc,stats    ]    Subphase: Concurrent Roots OopStorageSet                0.000 / 0.000         0.000 / 0.000         0.146 / 0.289         0.146 / 0.289       ms
[2023-11-16T15:23:55.578+0800][gc,stats    ]    Subphase: Concurrent Weak Roots OopStorageSet           0.000 / 0.000         0.000 / 0.000         0.440 / 0.670         0.440 / 0.670       ms
[2023-11-16T15:23:55.578+0800][gc,stats    ]    Subphase: Pause Mark Try Complete                       0.000 / 0.000         0.000 / 0.000         0.000 / 0.000         0.000 / 0.000       ms
[2023-11-16T15:23:55.578+0800][gc,stats    ]      System: Java Threads                                      0 / 0                 0 / 0                34 / 47               34 / 47          threads
[2023-11-16T15:23:55.578+0800][gc,stats    ] =========================================================================================================================================================
[2023-11-16T15:24:05.578+0800][gc,stats    ] === Garbage Collection Statistics =======================================================================================================================
[2023-11-16T15:24:05.578+0800][gc,stats    ]                                                              Last 10s              Last 10m              Last 10h                Total
[2023-11-16T15:24:05.578+0800][gc,stats    ]                                                              Avg / Max             Avg / Max             Avg / Max             Avg / Max
[2023-11-16T15:24:05.578+0800][gc,stats    ]   Collector: Garbage Collection Cycle                      0.000 / 0.000         0.000 / 0.000        32.129 / 37.536       32.129 / 37.536      ms
[2023-11-16T15:24:05.578+0800][gc,stats    ]  Contention: Mark Segment Reset Contention                     0 / 0                 0 / 0                 0 / 3                 0 / 3           ops/s
[2023-11-16T15:24:05.578+0800][gc,stats    ]  Contention: Mark SeqNum Reset Contention                      0 / 0                 0 / 0                 0 / 0                 0 / 0           ops/s
[2023-11-16T15:24:05.578+0800][gc,stats    ]    Critical: Allocation Stall                                  0 / 0                 0 / 0                 0 / 0                 0 / 0           ops/s
[2023-11-16T15:24:05.578+0800][gc,stats    ]    Critical: Allocation Stall                              0.000 / 0.000         0.000 / 0.000         0.000 / 0.000         0.000 / 0.000       ms
[2023-11-16T15:24:05.578+0800][gc,stats    ]    Critical: GC Locker Stall                                   0 / 0                 0 / 0                 0 / 0                 0 / 0           ops/s
[2023-11-16T15:24:05.578+0800][gc,stats    ]    Critical: GC Locker Stall                               0.000 / 0.000         0.000 / 0.000         0.000 / 0.000         0.000 / 0.000       ms
[2023-11-16T15:24:05.578+0800][gc,stats    ]    Critical: Relocation Stall                                  0 / 0                 0 / 0                 0 / 0                 0 / 0           ops/s
[2023-11-16T15:24:05.578+0800][gc,stats    ]    Critical: Relocation Stall                              0.000 / 0.000         0.000 / 0.000         0.000 / 0.000         0.000 / 0.000       ms
[2023-11-16T15:24:05.578+0800][gc,stats    ]      Memory: Allocation Rate                                   0 / 0                 0 / 2                 0 / 82                0 / 82          MB/s
[2023-11-16T15:24:05.578+0800][gc,stats    ]      Memory: Defragment                                        0 / 0                 0 / 0                 0 / 0                 0 / 0           ops/s
[2023-11-16T15:24:05.578+0800][gc,stats    ]      Memory: Out Of Memory                                     0 / 0                 0 / 0                 0 / 0                 0 / 0           ops/s
[2023-11-16T15:24:05.578+0800][gc,stats    ]      Memory: Page Cache Flush                                  0 / 0                 0 / 0                 0 / 0                 0 / 0           MB/s
[2023-11-16T15:24:05.578+0800][gc,stats    ]      Memory: Page Cache Hit L1                                 0 / 0                 0 / 1                 0 / 33                0 / 33          ops/s
[2023-11-16T15:24:05.578+0800][gc,stats    ]      Memory: Page Cache Hit L2                                 0 / 0                 0 / 0                 0 / 0                 0 / 0           ops/s
[2023-11-16T15:24:05.578+0800][gc,stats    ]      Memory: Page Cache Hit L3                                 0 / 0                 0 / 0                 0 / 41                0 / 41          ops/s
[2023-11-16T15:24:05.578+0800][gc,stats    ]      Memory: Page Cache Miss                                   0 / 0                 0 / 0                 0 / 1                 0 / 1           ops/s
[2023-11-16T15:24:05.578+0800][gc,stats    ]      Memory: Uncommit                                          0 / 0                 0 / 0                 0 / 0                 0 / 0           MB/s
[2023-11-16T15:24:05.578+0800][gc,stats    ]      Memory: Undo Object Allocation Failed                     0 / 0                 0 / 0                 0 / 0                 0 / 0           ops/s
[2023-11-16T15:24:05.578+0800][gc,stats    ]      Memory: Undo Object Allocation Succeeded                  0 / 0                 0 / 0                 0 / 3                 0 / 3           ops/s
[2023-11-16T15:24:05.578+0800][gc,stats    ]      Memory: Undo Page Allocation                              0 / 0                 0 / 0                 0 / 0                 0 / 0           ops/s
[2023-11-16T15:24:05.578+0800][gc,stats    ]       Phase: Concurrent Mark                               0.000 / 0.000         0.000 / 0.000        21.531 / 24.050       21.531 / 24.050      ms
[2023-11-16T15:24:05.578+0800][gc,stats    ]       Phase: Concurrent Mark Continue                      0.000 / 0.000         0.000 / 0.000         0.000 / 0.000         0.000 / 0.000       ms
[2023-11-16T15:24:05.578+0800][gc,stats    ]       Phase: Concurrent Mark Free                          0.000 / 0.000         0.000 / 0.000         0.001 / 0.001         0.001 / 0.001       ms
[2023-11-16T15:24:05.578+0800][gc,stats    ]       Phase: Concurrent Process Non-Strong References      0.000 / 0.000         0.000 / 0.000         1.995 / 2.420         1.995 / 2.420       ms
[2023-11-16T15:24:05.578+0800][gc,stats    ]       Phase: Concurrent Relocate                           0.000 / 0.000         0.000 / 0.000         2.883 / 2.961         2.883 / 2.961       ms
[2023-11-16T15:24:05.578+0800][gc,stats    ]       Phase: Concurrent Reset Relocation Set               0.000 / 0.000         0.000 / 0.000         0.002 / 0.004         0.002 / 0.004       ms
[2023-11-16T15:24:05.578+0800][gc,stats    ]       Phase: Concurrent Select Relocation Set              0.000 / 0.000         0.000 / 0.000         4.861 / 8.184         4.861 / 8.184       ms
[2023-11-16T15:24:05.578+0800][gc,stats    ]       Phase: Pause Mark End                                0.000 / 0.000         0.000 / 0.000         0.017 / 0.019         0.017 / 0.019       ms
[2023-11-16T15:24:05.578+0800][gc,stats    ]       Phase: Pause Mark Start                              0.000 / 0.000         0.000 / 0.000         0.023 / 0.031         0.023 / 0.031       ms
[2023-11-16T15:24:05.578+0800][gc,stats    ]       Phase: Pause Relocate Start                          0.000 / 0.000         0.000 / 0.000         0.009 / 0.009         0.009 / 0.009       ms
[2023-11-16T15:24:05.578+0800][gc,stats    ]    Subphase: Concurrent Classes Purge                      0.000 / 0.000         0.000 / 0.000         0.066 / 0.071         0.066 / 0.071       ms
[2023-11-16T15:24:05.578+0800][gc,stats    ]    Subphase: Concurrent Classes Unlink                     0.000 / 0.000         0.000 / 0.000         1.264 / 1.492         1.264 / 1.492       ms
[2023-11-16T15:24:05.578+0800][gc,stats    ]    Subphase: Concurrent Mark                               0.000 / 0.000         0.000 / 0.000        18.504 / 22.997       18.504 / 22.997      ms
[2023-11-16T15:24:05.578+0800][gc,stats    ]    Subphase: Concurrent Mark Try Flush                     0.000 / 0.000         0.000 / 0.000         0.201 / 0.455         0.201 / 0.455       ms
[2023-11-16T15:24:05.578+0800][gc,stats    ]    Subphase: Concurrent Mark Try Terminate                 0.000 / 0.000         0.000 / 0.000         4.353 / 12.985        4.353 / 12.985      ms
[2023-11-16T15:24:05.578+0800][gc,stats    ]    Subphase: Concurrent References Enqueue                 0.000 / 0.000         0.000 / 0.000         0.004 / 0.004         0.004 / 0.004       ms
[2023-11-16T15:24:05.579+0800][gc,stats    ]    Subphase: Concurrent References Process                 0.000 / 0.000         0.000 / 0.000         0.104 / 0.123         0.104 / 0.123       ms
[2023-11-16T15:24:05.579+0800][gc,stats    ]    Subphase: Concurrent Roots ClassLoaderDataGraph         0.000 / 0.000         0.000 / 0.000         0.107 / 0.428         0.107 / 0.428       ms
[2023-11-16T15:24:05.579+0800][gc,stats    ]    Subphase: Concurrent Roots CodeCache                    0.000 / 0.000         0.000 / 0.000         0.000 / 0.000         0.000 / 0.000       ms
[2023-11-16T15:24:05.579+0800][gc,stats    ]    Subphase: Concurrent Roots JavaThreads                  0.000 / 0.000         0.000 / 0.000         1.013 / 1.707         1.013 / 1.707       ms
[2023-11-16T15:24:05.579+0800][gc,stats    ]    Subphase: Concurrent Roots OopStorageSet                0.000 / 0.000         0.000 / 0.000         0.146 / 0.289         0.146 / 0.289       ms
[2023-11-16T15:24:05.579+0800][gc,stats    ]    Subphase: Concurrent Weak Roots OopStorageSet           0.000 / 0.000         0.000 / 0.000         0.440 / 0.670         0.440 / 0.670       ms
[2023-11-16T15:24:05.579+0800][gc,stats    ]    Subphase: Pause Mark Try Complete                       0.000 / 0.000         0.000 / 0.000         0.000 / 0.000         0.000 / 0.000       ms
[2023-11-16T15:24:05.579+0800][gc,stats    ]      System: Java Threads                                      0 / 0                 0 / 0                34 / 47               34 / 47          threads
[2023-11-16T15:24:05.579+0800][gc,stats    ] =========================================================================================================================================================
[2023-11-16T15:24:15.591+0800][gc,stats    ] === Garbage Collection Statistics =======================================================================================================================
[2023-11-16T15:24:15.591+0800][gc,stats    ]                                                              Last 10s              Last 10m              Last 10h                Total
[2023-11-16T15:24:15.591+0800][gc,stats    ]                                                              Avg / Max             Avg / Max             Avg / Max             Avg / Max
[2023-11-16T15:24:15.591+0800][gc,stats    ]   Collector: Garbage Collection Cycle                      0.000 / 0.000         0.000 / 0.000        32.129 / 37.536       32.129 / 37.536      ms
[2023-11-16T15:24:15.591+0800][gc,stats    ]  Contention: Mark Segment Reset Contention                     0 / 0                 0 / 0                 0 / 3                 0 / 3           ops/s
[2023-11-16T15:24:15.591+0800][gc,stats    ]  Contention: Mark SeqNum Reset Contention                      0 / 0                 0 / 0                 0 / 0                 0 / 0           ops/s
[2023-11-16T15:24:15.591+0800][gc,stats    ]    Critical: Allocation Stall                                  0 / 0                 0 / 0                 0 / 0                 0 / 0           ops/s
[2023-11-16T15:24:15.591+0800][gc,stats    ]    Critical: Allocation Stall                              0.000 / 0.000         0.000 / 0.000         0.000 / 0.000         0.000 / 0.000       ms
[2023-11-16T15:24:15.591+0800][gc,stats    ]    Critical: GC Locker Stall                                   0 / 0                 0 / 0                 0 / 0                 0 / 0           ops/s
[2023-11-16T15:24:15.591+0800][gc,stats    ]    Critical: GC Locker Stall                               0.000 / 0.000         0.000 / 0.000         0.000 / 0.000         0.000 / 0.000       ms
[2023-11-16T15:24:15.591+0800][gc,stats    ]    Critical: Relocation Stall                                  0 / 0                 0 / 0                 0 / 0                 0 / 0           ops/s
[2023-11-16T15:24:15.591+0800][gc,stats    ]    Critical: Relocation Stall                              0.000 / 0.000         0.000 / 0.000         0.000 / 0.000         0.000 / 0.000       ms
[2023-11-16T15:24:15.591+0800][gc,stats    ]      Memory: Allocation Rate                                   0 / 0                 0 / 2                 0 / 82                0 / 82          MB/s
[2023-11-16T15:24:15.591+0800][gc,stats    ]      Memory: Defragment                                        0 / 0                 0 / 0                 0 / 0                 0 / 0           ops/s
[2023-11-16T15:24:15.591+0800][gc,stats    ]      Memory: Out Of Memory                                     0 / 0                 0 / 0                 0 / 0                 0 / 0           ops/s
[2023-11-16T15:24:15.591+0800][gc,stats    ]      Memory: Page Cache Flush                                  0 / 0                 0 / 0                 0 / 0                 0 / 0           MB/s
[2023-11-16T15:24:15.591+0800][gc,stats    ]      Memory: Page Cache Hit L1                                 0 / 0                 0 / 1                 0 / 33                0 / 33          ops/s
[2023-11-16T15:24:15.591+0800][gc,stats    ]      Memory: Page Cache Hit L2                                 0 / 0                 0 / 0                 0 / 0                 0 / 0           ops/s
[2023-11-16T15:24:15.591+0800][gc,stats    ]      Memory: Page Cache Hit L3                                 0 / 0                 0 / 0                 0 / 41                0 / 41          ops/s
[2023-11-16T15:24:15.591+0800][gc,stats    ]      Memory: Page Cache Miss                                   0 / 0                 0 / 0                 0 / 1                 0 / 1           ops/s
[2023-11-16T15:24:15.591+0800][gc,stats    ]      Memory: Uncommit                                          0 / 0                 0 / 0                 0 / 0                 0 / 0           MB/s
[2023-11-16T15:24:15.591+0800][gc,stats    ]      Memory: Undo Object Allocation Failed                     0 / 0                 0 / 0                 0 / 0                 0 / 0           ops/s
[2023-11-16T15:24:15.591+0800][gc,stats    ]      Memory: Undo Object Allocation Succeeded                  0 / 0                 0 / 0                 0 / 3                 0 / 3           ops/s
[2023-11-16T15:24:15.591+0800][gc,stats    ]      Memory: Undo Page Allocation                              0 / 0                 0 / 0                 0 / 0                 0 / 0           ops/s
[2023-11-16T15:24:15.591+0800][gc,stats    ]       Phase: Concurrent Mark                               0.000 / 0.000         0.000 / 0.000        21.531 / 24.050       21.531 / 24.050      ms
[2023-11-16T15:24:15.591+0800][gc,stats    ]       Phase: Concurrent Mark Continue                      0.000 / 0.000         0.000 / 0.000         0.000 / 0.000         0.000 / 0.000       ms
[2023-11-16T15:24:15.591+0800][gc,stats    ]       Phase: Concurrent Mark Free                          0.000 / 0.000         0.000 / 0.000         0.001 / 0.001         0.001 / 0.001       ms
[2023-11-16T15:24:15.591+0800][gc,stats    ]       Phase: Concurrent Process Non-Strong References      0.000 / 0.000         0.000 / 0.000         1.995 / 2.420         1.995 / 2.420       ms
[2023-11-16T15:24:15.591+0800][gc,stats    ]       Phase: Concurrent Relocate                           0.000 / 0.000         0.000 / 0.000         2.883 / 2.961         2.883 / 2.961       ms
[2023-11-16T15:24:15.591+0800][gc,stats    ]       Phase: Concurrent Reset Relocation Set               0.000 / 0.000         0.000 / 0.000         0.002 / 0.004         0.002 / 0.004       ms
[2023-11-16T15:24:15.591+0800][gc,stats    ]       Phase: Concurrent Select Relocation Set              0.000 / 0.000         0.000 / 0.000         4.861 / 8.184         4.861 / 8.184       ms
[2023-11-16T15:24:15.591+0800][gc,stats    ]       Phase: Pause Mark End                                0.000 / 0.000         0.000 / 0.000         0.017 / 0.019         0.017 / 0.019       ms
[2023-11-16T15:24:15.591+0800][gc,stats    ]       Phase: Pause Mark Start                              0.000 / 0.000         0.000 / 0.000         0.023 / 0.031         0.023 / 0.031       ms
[2023-11-16T15:24:15.591+0800][gc,stats    ]       Phase: Pause Relocate Start                          0.000 / 0.000         0.000 / 0.000         0.009 / 0.009         0.009 / 0.009       ms
[2023-11-16T15:24:15.591+0800][gc,stats    ]    Subphase: Concurrent Classes Purge                      0.000 / 0.000         0.000 / 0.000         0.066 / 0.071         0.066 / 0.071       ms
[2023-11-16T15:24:15.591+0800][gc,stats    ]    Subphase: Concurrent Classes Unlink                     0.000 / 0.000         0.000 / 0.000         1.264 / 1.492         1.264 / 1.492       ms
[2023-11-16T15:24:15.591+0800][gc,stats    ]    Subphase: Concurrent Mark                               0.000 / 0.000         0.000 / 0.000        18.504 / 22.997       18.504 / 22.997      ms
[2023-11-16T15:24:15.591+0800][gc,stats    ]    Subphase: Concurrent Mark Try Flush                     0.000 / 0.000         0.000 / 0.000         0.201 / 0.455         0.201 / 0.455       ms
[2023-11-16T15:24:15.591+0800][gc,stats    ]    Subphase: Concurrent Mark Try Terminate                 0.000 / 0.000         0.000 / 0.000         4.353 / 12.985        4.353 / 12.985      ms
[2023-11-16T15:24:15.591+0800][gc,stats    ]    Subphase: Concurrent References Enqueue                 0.000 / 0.000         0.000 / 0.000         0.004 / 0.004         0.004 / 0.004       ms
[2023-11-16T15:24:15.591+0800][gc,stats    ]    Subphase: Concurrent References Process                 0.000 / 0.000         0.000 / 0.000         0.104 / 0.123         0.104 / 0.123       ms
[2023-11-16T15:24:15.591+0800][gc,stats    ]    Subphase: Concurrent Roots ClassLoaderDataGraph         0.000 / 0.000         0.000 / 0.000         0.107 / 0.428         0.107 / 0.428       ms
[2023-11-16T15:24:15.591+0800][gc,stats    ]    Subphase: Concurrent Roots CodeCache                    0.000 / 0.000         0.000 / 0.000         0.000 / 0.000         0.000 / 0.000       ms
[2023-11-16T15:24:15.591+0800][gc,stats    ]    Subphase: Concurrent Roots JavaThreads                  0.000 / 0.000         0.000 / 0.000         1.013 / 1.707         1.013 / 1.707       ms
[2023-11-16T15:24:15.591+0800][gc,stats    ]    Subphase: Concurrent Roots OopStorageSet                0.000 / 0.000         0.000 / 0.000         0.146 / 0.289         0.146 / 0.289       ms
[2023-11-16T15:24:15.591+0800][gc,stats    ]    Subphase: Concurrent Weak Roots OopStorageSet           0.000 / 0.000         0.000 / 0.000         0.440 / 0.670         0.440 / 0.670       ms
[2023-11-16T15:24:15.591+0800][gc,stats    ]    Subphase: Pause Mark Try Complete                       0.000 / 0.000         0.000 / 0.000         0.000 / 0.000         0.000 / 0.000       ms
[2023-11-16T15:24:15.591+0800][gc,stats    ]      System: Java Threads                                      0 / 0                 0 / 0                34 / 47               34 / 47          threads
[2023-11-16T15:24:15.591+0800][gc,stats    ] =========================================================================================================================================================
[2023-11-16T15:24:25.581+0800][gc,stats    ] === Garbage Collection Statistics =======================================================================================================================
[2023-11-16T15:24:25.581+0800][gc,stats    ]                                                              Last 10s              Last 10m              Last 10h                Total
[2023-11-16T15:24:25.581+0800][gc,stats    ]                                                              Avg / Max             Avg / Max             Avg / Max             Avg / Max
[2023-11-16T15:24:25.581+0800][gc,stats    ]   Collector: Garbage Collection Cycle                      0.000 / 0.000         0.000 / 0.000        32.129 / 37.536       32.129 / 37.536      ms
[2023-11-16T15:24:25.581+0800][gc,stats    ]  Contention: Mark Segment Reset Contention                     0 / 0                 0 / 0                 0 / 3                 0 / 3           ops/s
[2023-11-16T15:24:25.581+0800][gc,stats    ]  Contention: Mark SeqNum Reset Contention                      0 / 0                 0 / 0                 0 / 0                 0 / 0           ops/s
[2023-11-16T15:24:25.581+0800][gc,stats    ]    Critical: Allocation Stall                                  0 / 0                 0 / 0                 0 / 0                 0 / 0           ops/s
[2023-11-16T15:24:25.581+0800][gc,stats    ]    Critical: Allocation Stall                              0.000 / 0.000         0.000 / 0.000         0.000 / 0.000         0.000 / 0.000       ms
[2023-11-16T15:24:25.581+0800][gc,stats    ]    Critical: GC Locker Stall                                   0 / 0                 0 / 0                 0 / 0                 0 / 0           ops/s
[2023-11-16T15:24:25.581+0800][gc,stats    ]    Critical: GC Locker Stall                               0.000 / 0.000         0.000 / 0.000         0.000 / 0.000         0.000 / 0.000       ms
[2023-11-16T15:24:25.581+0800][gc,stats    ]    Critical: Relocation Stall                                  0 / 0                 0 / 0                 0 / 0                 0 / 0           ops/s
[2023-11-16T15:24:25.581+0800][gc,stats    ]    Critical: Relocation Stall                              0.000 / 0.000         0.000 / 0.000         0.000 / 0.000         0.000 / 0.000       ms
[2023-11-16T15:24:25.581+0800][gc,stats    ]      Memory: Allocation Rate                                   0 / 0                 0 / 2                 0 / 82                0 / 82          MB/s
[2023-11-16T15:24:25.581+0800][gc,stats    ]      Memory: Defragment                                        0 / 0                 0 / 0                 0 / 0                 0 / 0           ops/s
[2023-11-16T15:24:25.581+0800][gc,stats    ]      Memory: Out Of Memory                                     0 / 0                 0 / 0                 0 / 0                 0 / 0           ops/s
[2023-11-16T15:24:25.581+0800][gc,stats    ]      Memory: Page Cache Flush                                  0 / 0                 0 / 0                 0 / 0                 0 / 0           MB/s
[2023-11-16T15:24:25.581+0800][gc,stats    ]      Memory: Page Cache Hit L1                                 0 / 0                 0 / 1                 0 / 33                0 / 33          ops/s
[2023-11-16T15:24:25.581+0800][gc,stats    ]      Memory: Page Cache Hit L2                                 0 / 0                 0 / 0                 0 / 0                 0 / 0           ops/s
[2023-11-16T15:24:25.581+0800][gc,stats    ]      Memory: Page Cache Hit L3                                 0 / 0                 0 / 0                 0 / 41                0 / 41          ops/s
[2023-11-16T15:24:25.581+0800][gc,stats    ]      Memory: Page Cache Miss                                   0 / 0                 0 / 0                 0 / 1                 0 / 1           ops/s
[2023-11-16T15:24:25.581+0800][gc,stats    ]      Memory: Uncommit                                          0 / 0                 0 / 0                 0 / 0                 0 / 0           MB/s
[2023-11-16T15:24:25.581+0800][gc,stats    ]      Memory: Undo Object Allocation Failed                     0 / 0                 0 / 0                 0 / 0                 0 / 0           ops/s
[2023-11-16T15:24:25.581+0800][gc,stats    ]      Memory: Undo Object Allocation Succeeded                  0 / 0                 0 / 0                 0 / 3                 0 / 3           ops/s
[2023-11-16T15:24:25.581+0800][gc,stats    ]      Memory: Undo Page Allocation                              0 / 0                 0 / 0                 0 / 0                 0 / 0           ops/s
[2023-11-16T15:24:25.581+0800][gc,stats    ]       Phase: Concurrent Mark                               0.000 / 0.000         0.000 / 0.000        21.531 / 24.050       21.531 / 24.050      ms
[2023-11-16T15:24:25.581+0800][gc,stats    ]       Phase: Concurrent Mark Continue                      0.000 / 0.000         0.000 / 0.000         0.000 / 0.000         0.000 / 0.000       ms
[2023-11-16T15:24:25.581+0800][gc,stats    ]       Phase: Concurrent Mark Free                          0.000 / 0.000         0.000 / 0.000         0.001 / 0.001         0.001 / 0.001       ms
[2023-11-16T15:24:25.581+0800][gc,stats    ]       Phase: Concurrent Process Non-Strong References      0.000 / 0.000         0.000 / 0.000         1.995 / 2.420         1.995 / 2.420       ms
[2023-11-16T15:24:25.581+0800][gc,stats    ]       Phase: Concurrent Relocate                           0.000 / 0.000         0.000 / 0.000         2.883 / 2.961         2.883 / 2.961       ms
[2023-11-16T15:24:25.581+0800][gc,stats    ]       Phase: Concurrent Reset Relocation Set               0.000 / 0.000         0.000 / 0.000         0.002 / 0.004         0.002 / 0.004       ms
[2023-11-16T15:24:25.581+0800][gc,stats    ]       Phase: Concurrent Select Relocation Set              0.000 / 0.000         0.000 / 0.000         4.861 / 8.184         4.861 / 8.184       ms
[2023-11-16T15:24:25.581+0800][gc,stats    ]       Phase: Pause Mark End                                0.000 / 0.000         0.000 / 0.000         0.017 / 0.019         0.017 / 0.019       ms
[2023-11-16T15:24:25.581+0800][gc,stats    ]       Phase: Pause Mark Start                              0.000 / 0.000         0.000 / 0.000         0.023 / 0.031         0.023 / 0.031       ms
[2023-11-16T15:24:25.581+0800][gc,stats    ]       Phase: Pause Relocate Start                          0.000 / 0.000         0.000 / 0.000         0.009 / 0.009         0.009 / 0.009       ms
[2023-11-16T15:24:25.581+0800][gc,stats    ]    Subphase: Concurrent Classes Purge                      0.000 / 0.000         0.000 / 0.000         0.066 / 0.071         0.066 / 0.071       ms
[2023-11-16T15:24:25.581+0800][gc,stats    ]    Subphase: Concurrent Classes Unlink                     0.000 / 0.000         0.000 / 0.000         1.264 / 1.492         1.264 / 1.492       ms
[2023-11-16T15:24:25.581+0800][gc,stats    ]    Subphase: Concurrent Mark                               0.000 / 0.000         0.000 / 0.000        18.504 / 22.997       18.504 / 22.997      ms
[2023-11-16T15:24:25.581+0800][gc,stats    ]    Subphase: Concurrent Mark Try Flush                     0.000 / 0.000         0.000 / 0.000         0.201 / 0.455         0.201 / 0.455       ms
[2023-11-16T15:24:25.581+0800][gc,stats    ]    Subphase: Concurrent Mark Try Terminate                 0.000 / 0.000         0.000 / 0.000         4.353 / 12.985        4.353 / 12.985      ms
[2023-11-16T15:24:25.581+0800][gc,stats    ]    Subphase: Concurrent References Enqueue                 0.000 / 0.000         0.000 / 0.000         0.004 / 0.004         0.004 / 0.004       ms
[2023-11-16T15:24:25.581+0800][gc,stats    ]    Subphase: Concurrent References Process                 0.000 / 0.000         0.000 / 0.000         0.104 / 0.123         0.104 / 0.123       ms
[2023-11-16T15:24:25.581+0800][gc,stats    ]    Subphase: Concurrent Roots ClassLoaderDataGraph         0.000 / 0.000         0.000 / 0.000         0.107 / 0.428         0.107 / 0.428       ms
[2023-11-16T15:24:25.581+0800][gc,stats    ]    Subphase: Concurrent Roots CodeCache                    0.000 / 0.000         0.000 / 0.000         0.000 / 0.000         0.000 / 0.000       ms
[2023-11-16T15:24:25.581+0800][gc,stats    ]    Subphase: Concurrent Roots JavaThreads                  0.000 / 0.000         0.000 / 0.000         1.013 / 1.707         1.013 / 1.707       ms
[2023-11-16T15:24:25.581+0800][gc,stats    ]    Subphase: Concurrent Roots OopStorageSet                0.000 / 0.000         0.000 / 0.000         0.146 / 0.289         0.146 / 0.289       ms
[2023-11-16T15:24:25.581+0800][gc,stats    ]    Subphase: Concurrent Weak Roots OopStorageSet           0.000 / 0.000         0.000 / 0.000         0.440 / 0.670         0.440 / 0.670       ms
[2023-11-16T15:24:25.581+0800][gc,stats    ]    Subphase: Pause Mark Try Complete                       0.000 / 0.000         0.000 / 0.000         0.000 / 0.000         0.000 / 0.000       ms
[2023-11-16T15:24:25.581+0800][gc,stats    ]      System: Java Threads                                      0 / 0                 0 / 0                34 / 47               34 / 47          threads
[2023-11-16T15:24:25.581+0800][gc,stats    ] =========================================================================================================================================================
[2023-11-16T15:24:35.585+0800][gc,stats    ] === Garbage Collection Statistics =======================================================================================================================
[2023-11-16T15:24:35.585+0800][gc,stats    ]                                                              Last 10s              Last 10m              Last 10h                Total
[2023-11-16T15:24:35.585+0800][gc,stats    ]                                                              Avg / Max             Avg / Max             Avg / Max             Avg / Max
[2023-11-16T15:24:35.585+0800][gc,stats    ]   Collector: Garbage Collection Cycle                      0.000 / 0.000         0.000 / 0.000        32.129 / 37.536       32.129 / 37.536      ms
[2023-11-16T15:24:35.585+0800][gc,stats    ]  Contention: Mark Segment Reset Contention                     0 / 0                 0 / 0                 0 / 3                 0 / 3           ops/s
[2023-11-16T15:24:35.585+0800][gc,stats    ]  Contention: Mark SeqNum Reset Contention                      0 / 0                 0 / 0                 0 / 0                 0 / 0           ops/s
[2023-11-16T15:24:35.585+0800][gc,stats    ]    Critical: Allocation Stall                                  0 / 0                 0 / 0                 0 / 0                 0 / 0           ops/s
[2023-11-16T15:24:35.585+0800][gc,stats    ]    Critical: Allocation Stall                              0.000 / 0.000         0.000 / 0.000         0.000 / 0.000         0.000 / 0.000       ms
[2023-11-16T15:24:35.585+0800][gc,stats    ]    Critical: GC Locker Stall                                   0 / 0                 0 / 0                 0 / 0                 0 / 0           ops/s
[2023-11-16T15:24:35.585+0800][gc,stats    ]    Critical: GC Locker Stall                               0.000 / 0.000         0.000 / 0.000         0.000 / 0.000         0.000 / 0.000       ms
[2023-11-16T15:24:35.585+0800][gc,stats    ]    Critical: Relocation Stall                                  0 / 0                 0 / 0                 0 / 0                 0 / 0           ops/s
[2023-11-16T15:24:35.585+0800][gc,stats    ]    Critical: Relocation Stall                              0.000 / 0.000         0.000 / 0.000         0.000 / 0.000         0.000 / 0.000       ms
[2023-11-16T15:24:35.585+0800][gc,stats    ]      Memory: Allocation Rate                                   0 / 0                 0 / 2                 0 / 82                0 / 82          MB/s
[2023-11-16T15:24:35.585+0800][gc,stats    ]      Memory: Defragment                                        0 / 0                 0 / 0                 0 / 0                 0 / 0           ops/s
[2023-11-16T15:24:35.585+0800][gc,stats    ]      Memory: Out Of Memory                                     0 / 0                 0 / 0                 0 / 0                 0 / 0           ops/s
[2023-11-16T15:24:35.585+0800][gc,stats    ]      Memory: Page Cache Flush                                  0 / 0                 0 / 0                 0 / 0                 0 / 0           MB/s
[2023-11-16T15:24:35.585+0800][gc,stats    ]      Memory: Page Cache Hit L1                                 0 / 0                 0 / 1                 0 / 33                0 / 33          ops/s
[2023-11-16T15:24:35.585+0800][gc,stats    ]      Memory: Page Cache Hit L2                                 0 / 0                 0 / 0                 0 / 0                 0 / 0           ops/s
[2023-11-16T15:24:35.585+0800][gc,stats    ]      Memory: Page Cache Hit L3                                 0 / 0                 0 / 0                 0 / 41                0 / 41          ops/s
[2023-11-16T15:24:35.585+0800][gc,stats    ]      Memory: Page Cache Miss                                   0 / 0                 0 / 0                 0 / 1                 0 / 1           ops/s
[2023-11-16T15:24:35.585+0800][gc,stats    ]      Memory: Uncommit                                          0 / 0                 0 / 0                 0 / 0                 0 / 0           MB/s
[2023-11-16T15:24:35.585+0800][gc,stats    ]      Memory: Undo Object Allocation Failed                     0 / 0                 0 / 0                 0 / 0                 0 / 0           ops/s
[2023-11-16T15:24:35.585+0800][gc,stats    ]      Memory: Undo Object Allocation Succeeded                  0 / 0                 0 / 0                 0 / 3                 0 / 3           ops/s
[2023-11-16T15:24:35.585+0800][gc,stats    ]      Memory: Undo Page Allocation                              0 / 0                 0 / 0                 0 / 0                 0 / 0           ops/s
[2023-11-16T15:24:35.585+0800][gc,stats    ]       Phase: Concurrent Mark                               0.000 / 0.000         0.000 / 0.000        21.531 / 24.050       21.531 / 24.050      ms
[2023-11-16T15:24:35.585+0800][gc,stats    ]       Phase: Concurrent Mark Continue                      0.000 / 0.000         0.000 / 0.000         0.000 / 0.000         0.000 / 0.000       ms
[2023-11-16T15:24:35.585+0800][gc,stats    ]       Phase: Concurrent Mark Free                          0.000 / 0.000         0.000 / 0.000         0.001 / 0.001         0.001 / 0.001       ms
[2023-11-16T15:24:35.585+0800][gc,stats    ]       Phase: Concurrent Process Non-Strong References      0.000 / 0.000         0.000 / 0.000         1.995 / 2.420         1.995 / 2.420       ms
[2023-11-16T15:24:35.585+0800][gc,stats    ]       Phase: Concurrent Relocate                           0.000 / 0.000         0.000 / 0.000         2.883 / 2.961         2.883 / 2.961       ms
[2023-11-16T15:24:35.585+0800][gc,stats    ]       Phase: Concurrent Reset Relocation Set               0.000 / 0.000         0.000 / 0.000         0.002 / 0.004         0.002 / 0.004       ms
[2023-11-16T15:24:35.585+0800][gc,stats    ]       Phase: Concurrent Select Relocation Set              0.000 / 0.000         0.000 / 0.000         4.861 / 8.184         4.861 / 8.184       ms
[2023-11-16T15:24:35.585+0800][gc,stats    ]       Phase: Pause Mark End                                0.000 / 0.000         0.000 / 0.000         0.017 / 0.019         0.017 / 0.019       ms
[2023-11-16T15:24:35.585+0800][gc,stats    ]       Phase: Pause Mark Start                              0.000 / 0.000         0.000 / 0.000         0.023 / 0.031         0.023 / 0.031       ms
[2023-11-16T15:24:35.585+0800][gc,stats    ]       Phase: Pause Relocate Start                          0.000 / 0.000         0.000 / 0.000         0.009 / 0.009         0.009 / 0.009       ms
[2023-11-16T15:24:35.585+0800][gc,stats    ]    Subphase: Concurrent Classes Purge                      0.000 / 0.000         0.000 / 0.000         0.066 / 0.071         0.066 / 0.071       ms
[2023-11-16T15:24:35.585+0800][gc,stats    ]    Subphase: Concurrent Classes Unlink                     0.000 / 0.000         0.000 / 0.000         1.264 / 1.492         1.264 / 1.492       ms
[2023-11-16T15:24:35.585+0800][gc,stats    ]    Subphase: Concurrent Mark                               0.000 / 0.000         0.000 / 0.000        18.504 / 22.997       18.504 / 22.997      ms
[2023-11-16T15:24:35.585+0800][gc,stats    ]    Subphase: Concurrent Mark Try Flush                     0.000 / 0.000         0.000 / 0.000         0.201 / 0.455         0.201 / 0.455       ms
[2023-11-16T15:24:35.585+0800][gc,stats    ]    Subphase: Concurrent Mark Try Terminate                 0.000 / 0.000         0.000 / 0.000         4.353 / 12.985        4.353 / 12.985      ms
[2023-11-16T15:24:35.585+0800][gc,stats    ]    Subphase: Concurrent References Enqueue                 0.000 / 0.000         0.000 / 0.000         0.004 / 0.004         0.004 / 0.004       ms
[2023-11-16T15:24:35.585+0800][gc,stats    ]    Subphase: Concurrent References Process                 0.000 / 0.000         0.000 / 0.000         0.104 / 0.123         0.104 / 0.123       ms
[2023-11-16T15:24:35.585+0800][gc,stats    ]    Subphase: Concurrent Roots ClassLoaderDataGraph         0.000 / 0.000         0.000 / 0.000         0.107 / 0.428         0.107 / 0.428       ms
[2023-11-16T15:24:35.585+0800][gc,stats    ]    Subphase: Concurrent Roots CodeCache                    0.000 / 0.000         0.000 / 0.000         0.000 / 0.000         0.000 / 0.000       ms
[2023-11-16T15:24:35.585+0800][gc,stats    ]    Subphase: Concurrent Roots JavaThreads                  0.000 / 0.000         0.000 / 0.000         1.013 / 1.707         1.013 / 1.707       ms
[2023-11-16T15:24:35.585+0800][gc,stats    ]    Subphase: Concurrent Roots OopStorageSet                0.000 / 0.000         0.000 / 0.000         0.146 / 0.289         0.146 / 0.289       ms
[2023-11-16T15:24:35.586+0800][gc,stats    ]    Subphase: Concurrent Weak Roots OopStorageSet           0.000 / 0.000         0.000 / 0.000         0.440 / 0.670         0.440 / 0.670       ms
[2023-11-16T15:24:35.586+0800][gc,stats    ]    Subphase: Pause Mark Try Complete                       0.000 / 0.000         0.000 / 0.000         0.000 / 0.000         0.000 / 0.000       ms
[2023-11-16T15:24:35.586+0800][gc,stats    ]      System: Java Threads                                      0 / 0                 0 / 0                34 / 47               34 / 47          threads
[2023-11-16T15:24:35.586+0800][gc,stats    ] =========================================================================================================================================================
[2023-11-16T15:24:45.583+0800][gc,stats    ] === Garbage Collection Statistics =======================================================================================================================
[2023-11-16T15:24:45.583+0800][gc,stats    ]                                                              Last 10s              Last 10m              Last 10h                Total
[2023-11-16T15:24:45.583+0800][gc,stats    ]                                                              Avg / Max             Avg / Max             Avg / Max             Avg / Max
[2023-11-16T15:24:45.583+0800][gc,stats    ]   Collector: Garbage Collection Cycle                      0.000 / 0.000         0.000 / 0.000        32.129 / 37.536       32.129 / 37.536      ms
[2023-11-16T15:24:45.583+0800][gc,stats    ]  Contention: Mark Segment Reset Contention                     0 / 0                 0 / 0                 0 / 3                 0 / 3           ops/s
[2023-11-16T15:24:45.583+0800][gc,stats    ]  Contention: Mark SeqNum Reset Contention                      0 / 0                 0 / 0                 0 / 0                 0 / 0           ops/s
[2023-11-16T15:24:45.583+0800][gc,stats    ]    Critical: Allocation Stall                                  0 / 0                 0 / 0                 0 / 0                 0 / 0           ops/s
[2023-11-16T15:24:45.583+0800][gc,stats    ]    Critical: Allocation Stall                              0.000 / 0.000         0.000 / 0.000         0.000 / 0.000         0.000 / 0.000       ms
[2023-11-16T15:24:45.583+0800][gc,stats    ]    Critical: GC Locker Stall                                   0 / 0                 0 / 0                 0 / 0                 0 / 0           ops/s
[2023-11-16T15:24:45.583+0800][gc,stats    ]    Critical: GC Locker Stall                               0.000 / 0.000         0.000 / 0.000         0.000 / 0.000         0.000 / 0.000       ms
[2023-11-16T15:24:45.583+0800][gc,stats    ]    Critical: Relocation Stall                                  0 / 0                 0 / 0                 0 / 0                 0 / 0           ops/s
[2023-11-16T15:24:45.583+0800][gc,stats    ]    Critical: Relocation Stall                              0.000 / 0.000         0.000 / 0.000         0.000 / 0.000         0.000 / 0.000       ms
[2023-11-16T15:24:45.583+0800][gc,stats    ]      Memory: Allocation Rate                                   0 / 0                 0 / 2                 0 / 82                0 / 82          MB/s
[2023-11-16T15:24:45.583+0800][gc,stats    ]      Memory: Defragment                                        0 / 0                 0 / 0                 0 / 0                 0 / 0           ops/s
[2023-11-16T15:24:45.583+0800][gc,stats    ]      Memory: Out Of Memory                                     0 / 0                 0 / 0                 0 / 0                 0 / 0           ops/s
[2023-11-16T15:24:45.583+0800][gc,stats    ]      Memory: Page Cache Flush                                  0 / 0                 0 / 0                 0 / 0                 0 / 0           MB/s
[2023-11-16T15:24:45.583+0800][gc,stats    ]      Memory: Page Cache Hit L1                                 0 / 0                 0 / 1                 0 / 33                0 / 33          ops/s
[2023-11-16T15:24:45.583+0800][gc,stats    ]      Memory: Page Cache Hit L2                                 0 / 0                 0 / 0                 0 / 0                 0 / 0           ops/s
[2023-11-16T15:24:45.583+0800][gc,stats    ]      Memory: Page Cache Hit L3                                 0 / 0                 0 / 0                 0 / 41                0 / 41          ops/s
[2023-11-16T15:24:45.583+0800][gc,stats    ]      Memory: Page Cache Miss                                   0 / 0                 0 / 0                 0 / 1                 0 / 1           ops/s
[2023-11-16T15:24:45.583+0800][gc,stats    ]      Memory: Uncommit                                          0 / 0                 0 / 0                 0 / 0                 0 / 0           MB/s
[2023-11-16T15:24:45.583+0800][gc,stats    ]      Memory: Undo Object Allocation Failed                     0 / 0                 0 / 0                 0 / 0                 0 / 0           ops/s
[2023-11-16T15:24:45.583+0800][gc,stats    ]      Memory: Undo Object Allocation Succeeded                  0 / 0                 0 / 0                 0 / 3                 0 / 3           ops/s
[2023-11-16T15:24:45.583+0800][gc,stats    ]      Memory: Undo Page Allocation                              0 / 0                 0 / 0                 0 / 0                 0 / 0           ops/s
[2023-11-16T15:24:45.583+0800][gc,stats    ]       Phase: Concurrent Mark                               0.000 / 0.000         0.000 / 0.000        21.531 / 24.050       21.531 / 24.050      ms
[2023-11-16T15:24:45.583+0800][gc,stats    ]       Phase: Concurrent Mark Continue                      0.000 / 0.000         0.000 / 0.000         0.000 / 0.000         0.000 / 0.000       ms
[2023-11-16T15:24:45.583+0800][gc,stats    ]       Phase: Concurrent Mark Free                          0.000 / 0.000         0.000 / 0.000         0.001 / 0.001         0.001 / 0.001       ms
[2023-11-16T15:24:45.583+0800][gc,stats    ]       Phase: Concurrent Process Non-Strong References      0.000 / 0.000         0.000 / 0.000         1.995 / 2.420         1.995 / 2.420       ms
[2023-11-16T15:24:45.583+0800][gc,stats    ]       Phase: Concurrent Relocate                           0.000 / 0.000         0.000 / 0.000         2.883 / 2.961         2.883 / 2.961       ms
[2023-11-16T15:24:45.583+0800][gc,stats    ]       Phase: Concurrent Reset Relocation Set               0.000 / 0.000         0.000 / 0.000         0.002 / 0.004         0.002 / 0.004       ms
[2023-11-16T15:24:45.583+0800][gc,stats    ]       Phase: Concurrent Select Relocation Set              0.000 / 0.000         0.000 / 0.000         4.861 / 8.184         4.861 / 8.184       ms
[2023-11-16T15:24:45.583+0800][gc,stats    ]       Phase: Pause Mark End                                0.000 / 0.000         0.000 / 0.000         0.017 / 0.019         0.017 / 0.019       ms
[2023-11-16T15:24:45.583+0800][gc,stats    ]       Phase: Pause Mark Start                              0.000 / 0.000         0.000 / 0.000         0.023 / 0.031         0.023 / 0.031       ms
[2023-11-16T15:24:45.583+0800][gc,stats    ]       Phase: Pause Relocate Start                          0.000 / 0.000         0.000 / 0.000         0.009 / 0.009         0.009 / 0.009       ms
[2023-11-16T15:24:45.583+0800][gc,stats    ]    Subphase: Concurrent Classes Purge                      0.000 / 0.000         0.000 / 0.000         0.066 / 0.071         0.066 / 0.071       ms
[2023-11-16T15:24:45.583+0800][gc,stats    ]    Subphase: Concurrent Classes Unlink                     0.000 / 0.000         0.000 / 0.000         1.264 / 1.492         1.264 / 1.492       ms
[2023-11-16T15:24:45.583+0800][gc,stats    ]    Subphase: Concurrent Mark                               0.000 / 0.000         0.000 / 0.000        18.504 / 22.997       18.504 / 22.997      ms
[2023-11-16T15:24:45.583+0800][gc,stats    ]    Subphase: Concurrent Mark Try Flush                     0.000 / 0.000         0.000 / 0.000         0.201 / 0.455         0.201 / 0.455       ms
[2023-11-16T15:24:45.583+0800][gc,stats    ]    Subphase: Concurrent Mark Try Terminate                 0.000 / 0.000         0.000 / 0.000         4.353 / 12.985        4.353 / 12.985      ms
[2023-11-16T15:24:45.583+0800][gc,stats    ]    Subphase: Concurrent References Enqueue                 0.000 / 0.000         0.000 / 0.000         0.004 / 0.004         0.004 / 0.004       ms
[2023-11-16T15:24:45.583+0800][gc,stats    ]    Subphase: Concurrent References Process                 0.000 / 0.000         0.000 / 0.000         0.104 / 0.123         0.104 / 0.123       ms
[2023-11-16T15:24:45.583+0800][gc,stats    ]    Subphase: Concurrent Roots ClassLoaderDataGraph         0.000 / 0.000         0.000 / 0.000         0.107 / 0.428         0.107 / 0.428       ms
[2023-11-16T15:24:45.583+0800][gc,stats    ]    Subphase: Concurrent Roots CodeCache                    0.000 / 0.000         0.000 / 0.000         0.000 / 0.000         0.000 / 0.000       ms
[2023-11-16T15:24:45.583+0800][gc,stats    ]    Subphase: Concurrent Roots JavaThreads                  0.000 / 0.000         0.000 / 0.000         1.013 / 1.707         1.013 / 1.707       ms
[2023-11-16T15:24:45.583+0800][gc,stats    ]    Subphase: Concurrent Roots OopStorageSet                0.000 / 0.000         0.000 / 0.000         0.146 / 0.289         0.146 / 0.289       ms
[2023-11-16T15:24:45.583+0800][gc,stats    ]    Subphase: Concurrent Weak Roots OopStorageSet           0.000 / 0.000         0.000 / 0.000         0.440 / 0.670         0.440 / 0.670       ms
[2023-11-16T15:24:45.583+0800][gc,stats    ]    Subphase: Pause Mark Try Complete                       0.000 / 0.000         0.000 / 0.000         0.000 / 0.000         0.000 / 0.000       ms
[2023-11-16T15:24:45.583+0800][gc,stats    ]      System: Java Threads                                      0 / 0                 0 / 0                34 / 47               34 / 47          threads
[2023-11-16T15:24:45.583+0800][gc,stats    ] =========================================================================================================================================================
[2023-11-16T15:24:55.578+0800][gc,stats    ] === Garbage Collection Statistics =======================================================================================================================
[2023-11-16T15:24:55.578+0800][gc,stats    ]                                                              Last 10s              Last 10m              Last 10h                Total
[2023-11-16T15:24:55.578+0800][gc,stats    ]                                                              Avg / Max             Avg / Max             Avg / Max             Avg / Max
[2023-11-16T15:24:55.578+0800][gc,stats    ]   Collector: Garbage Collection Cycle                      0.000 / 0.000         0.000 / 0.000        32.129 / 37.536       32.129 / 37.536      ms
[2023-11-16T15:24:55.578+0800][gc,stats    ]  Contention: Mark Segment Reset Contention                     0 / 0                 0 / 0                 0 / 3                 0 / 3           ops/s
[2023-11-16T15:24:55.578+0800][gc,stats    ]  Contention: Mark SeqNum Reset Contention                      0 / 0                 0 / 0                 0 / 0                 0 / 0           ops/s
[2023-11-16T15:24:55.578+0800][gc,stats    ]    Critical: Allocation Stall                                  0 / 0                 0 / 0                 0 / 0                 0 / 0           ops/s
[2023-11-16T15:24:55.578+0800][gc,stats    ]    Critical: Allocation Stall                              0.000 / 0.000         0.000 / 0.000         0.000 / 0.000         0.000 / 0.000       ms
[2023-11-16T15:24:55.578+0800][gc,stats    ]    Critical: GC Locker Stall                                   0 / 0                 0 / 0                 0 / 0                 0 / 0           ops/s
[2023-11-16T15:24:55.578+0800][gc,stats    ]    Critical: GC Locker Stall                               0.000 / 0.000         0.000 / 0.000         0.000 / 0.000         0.000 / 0.000       ms
[2023-11-16T15:24:55.578+0800][gc,stats    ]    Critical: Relocation Stall                                  0 / 0                 0 / 0                 0 / 0                 0 / 0           ops/s
[2023-11-16T15:24:55.578+0800][gc,stats    ]    Critical: Relocation Stall                              0.000 / 0.000         0.000 / 0.000         0.000 / 0.000         0.000 / 0.000       ms
[2023-11-16T15:24:55.578+0800][gc,stats    ]      Memory: Allocation Rate                                   0 / 0                 0 / 0                 0 / 82                0 / 82          MB/s
[2023-11-16T15:24:55.578+0800][gc,stats    ]      Memory: Defragment                                        0 / 0                 0 / 0                 0 / 0                 0 / 0           ops/s
[2023-11-16T15:24:55.578+0800][gc,stats    ]      Memory: Out Of Memory                                     0 / 0                 0 / 0                 0 / 0                 0 / 0           ops/s
[2023-11-16T15:24:55.578+0800][gc,stats    ]      Memory: Page Cache Flush                                  0 / 0                 0 / 0                 0 / 0                 0 / 0           MB/s
[2023-11-16T15:24:55.578+0800][gc,stats    ]      Memory: Page Cache Hit L1                                 0 / 0                 0 / 0                 0 / 33                0 / 33          ops/s
[2023-11-16T15:24:55.578+0800][gc,stats    ]      Memory: Page Cache Hit L2                                 0 / 0                 0 / 0                 0 / 0                 0 / 0           ops/s
[2023-11-16T15:24:55.578+0800][gc,stats    ]      Memory: Page Cache Hit L3                                 0 / 0                 0 / 0                 0 / 41                0 / 41          ops/s
[2023-11-16T15:24:55.578+0800][gc,stats    ]      Memory: Page Cache Miss                                   0 / 0                 0 / 0                 0 / 1                 0 / 1           ops/s
[2023-11-16T15:24:55.578+0800][gc,stats    ]      Memory: Uncommit                                          0 / 0                 0 / 0                 0 / 0                 0 / 0           MB/s
[2023-11-16T15:24:55.578+0800][gc,stats    ]      Memory: Undo Object Allocation Failed                     0 / 0                 0 / 0                 0 / 0                 0 / 0           ops/s
[2023-11-16T15:24:55.578+0800][gc,stats    ]      Memory: Undo Object Allocation Succeeded                  0 / 0                 0 / 0                 0 / 3                 0 / 3           ops/s
[2023-11-16T15:24:55.578+0800][gc,stats    ]      Memory: Undo Page Allocation                              0 / 0                 0 / 0                 0 / 0                 0 / 0           ops/s
[2023-11-16T15:24:55.578+0800][gc,stats    ]       Phase: Concurrent Mark                               0.000 / 0.000         0.000 / 0.000        21.531 / 24.050       21.531 / 24.050      ms
[2023-11-16T15:24:55.578+0800][gc,stats    ]       Phase: Concurrent Mark Continue                      0.000 / 0.000         0.000 / 0.000         0.000 / 0.000         0.000 / 0.000       ms
[2023-11-16T15:24:55.578+0800][gc,stats    ]       Phase: Concurrent Mark Free                          0.000 / 0.000         0.000 / 0.000         0.001 / 0.001         0.001 / 0.001       ms
[2023-11-16T15:24:55.578+0800][gc,stats    ]       Phase: Concurrent Process Non-Strong References      0.000 / 0.000         0.000 / 0.000         1.995 / 2.420         1.995 / 2.420       ms
[2023-11-16T15:24:55.578+0800][gc,stats    ]       Phase: Concurrent Relocate                           0.000 / 0.000         0.000 / 0.000         2.883 / 2.961         2.883 / 2.961       ms
[2023-11-16T15:24:55.578+0800][gc,stats    ]       Phase: Concurrent Reset Relocation Set               0.000 / 0.000         0.000 / 0.000         0.002 / 0.004         0.002 / 0.004       ms
[2023-11-16T15:24:55.578+0800][gc,stats    ]       Phase: Concurrent Select Relocation Set              0.000 / 0.000         0.000 / 0.000         4.861 / 8.184         4.861 / 8.184       ms
[2023-11-16T15:24:55.578+0800][gc,stats    ]       Phase: Pause Mark End                                0.000 / 0.000         0.000 / 0.000         0.017 / 0.019         0.017 / 0.019       ms
[2023-11-16T15:24:55.578+0800][gc,stats    ]       Phase: Pause Mark Start                              0.000 / 0.000         0.000 / 0.000         0.023 / 0.031         0.023 / 0.031       ms
[2023-11-16T15:24:55.578+0800][gc,stats    ]       Phase: Pause Relocate Start                          0.000 / 0.000         0.000 / 0.000         0.009 / 0.009         0.009 / 0.009       ms
[2023-11-16T15:24:55.578+0800][gc,stats    ]    Subphase: Concurrent Classes Purge                      0.000 / 0.000         0.000 / 0.000         0.066 / 0.071         0.066 / 0.071       ms
[2023-11-16T15:24:55.578+0800][gc,stats    ]    Subphase: Concurrent Classes Unlink                     0.000 / 0.000         0.000 / 0.000         1.264 / 1.492         1.264 / 1.492       ms
[2023-11-16T15:24:55.578+0800][gc,stats    ]    Subphase: Concurrent Mark                               0.000 / 0.000         0.000 / 0.000        18.504 / 22.997       18.504 / 22.997      ms
[2023-11-16T15:24:55.578+0800][gc,stats    ]    Subphase: Concurrent Mark Try Flush                     0.000 / 0.000         0.000 / 0.000         0.201 / 0.455         0.201 / 0.455       ms
[2023-11-16T15:24:55.578+0800][gc,stats    ]    Subphase: Concurrent Mark Try Terminate                 0.000 / 0.000         0.000 / 0.000         4.353 / 12.985        4.353 / 12.985      ms
[2023-11-16T15:24:55.578+0800][gc,stats    ]    Subphase: Concurrent References Enqueue                 0.000 / 0.000         0.000 / 0.000         0.004 / 0.004         0.004 / 0.004       ms
[2023-11-16T15:24:55.579+0800][gc,stats    ]    Subphase: Concurrent References Process                 0.000 / 0.000         0.000 / 0.000         0.104 / 0.123         0.104 / 0.123       ms
[2023-11-16T15:24:55.579+0800][gc,stats    ]    Subphase: Concurrent Roots ClassLoaderDataGraph         0.000 / 0.000         0.000 / 0.000         0.107 / 0.428         0.107 / 0.428       ms
[2023-11-16T15:24:55.579+0800][gc,stats    ]    Subphase: Concurrent Roots CodeCache                    0.000 / 0.000         0.000 / 0.000         0.000 / 0.000         0.000 / 0.000       ms
[2023-11-16T15:24:55.579+0800][gc,stats    ]    Subphase: Concurrent Roots JavaThreads                  0.000 / 0.000         0.000 / 0.000         1.013 / 1.707         1.013 / 1.707       ms
[2023-11-16T15:24:55.579+0800][gc,stats    ]    Subphase: Concurrent Roots OopStorageSet                0.000 / 0.000         0.000 / 0.000         0.146 / 0.289         0.146 / 0.289       ms
[2023-11-16T15:24:55.579+0800][gc,stats    ]    Subphase: Concurrent Weak Roots OopStorageSet           0.000 / 0.000         0.000 / 0.000         0.440 / 0.670         0.440 / 0.670       ms
[2023-11-16T15:24:55.579+0800][gc,stats    ]    Subphase: Pause Mark Try Complete                       0.000 / 0.000         0.000 / 0.000         0.000 / 0.000         0.000 / 0.000       ms
[2023-11-16T15:24:55.580+0800][gc,stats    ]      System: Java Threads                                      0 / 0                 0 / 0                34 / 47               34 / 47          threads
[2023-11-16T15:24:55.580+0800][gc,stats    ] =========================================================================================================================================================
[2023-11-16T15:25:05.582+0800][gc,stats    ] === Garbage Collection Statistics =======================================================================================================================
[2023-11-16T15:25:05.582+0800][gc,stats    ]                                                              Last 10s              Last 10m              Last 10h                Total
[2023-11-16T15:25:05.582+0800][gc,stats    ]                                                              Avg / Max             Avg / Max             Avg / Max             Avg / Max
[2023-11-16T15:25:05.582+0800][gc,stats    ]   Collector: Garbage Collection Cycle                      0.000 / 0.000         0.000 / 0.000        32.129 / 37.536       32.129 / 37.536      ms
[2023-11-16T15:25:05.582+0800][gc,stats    ]  Contention: Mark Segment Reset Contention                     0 / 0                 0 / 0                 0 / 3                 0 / 3           ops/s
[2023-11-16T15:25:05.582+0800][gc,stats    ]  Contention: Mark SeqNum Reset Contention                      0 / 0                 0 / 0                 0 / 0                 0 / 0           ops/s
[2023-11-16T15:25:05.582+0800][gc,stats    ]    Critical: Allocation Stall                                  0 / 0                 0 / 0                 0 / 0                 0 / 0           ops/s
[2023-11-16T15:25:05.582+0800][gc,stats    ]    Critical: Allocation Stall                              0.000 / 0.000         0.000 / 0.000         0.000 / 0.000         0.000 / 0.000       ms
[2023-11-16T15:25:05.582+0800][gc,stats    ]    Critical: GC Locker Stall                                   0 / 0                 0 / 0                 0 / 0                 0 / 0           ops/s
[2023-11-16T15:25:05.582+0800][gc,stats    ]    Critical: GC Locker Stall                               0.000 / 0.000         0.000 / 0.000         0.000 / 0.000         0.000 / 0.000       ms
[2023-11-16T15:25:05.582+0800][gc,stats    ]    Critical: Relocation Stall                                  0 / 0                 0 / 0                 0 / 0                 0 / 0           ops/s
[2023-11-16T15:25:05.582+0800][gc,stats    ]    Critical: Relocation Stall                              0.000 / 0.000         0.000 / 0.000         0.000 / 0.000         0.000 / 0.000       ms
[2023-11-16T15:25:05.582+0800][gc,stats    ]      Memory: Allocation Rate                                   0 / 0                 0 / 0                 0 / 82                0 / 82          MB/s
[2023-11-16T15:25:05.582+0800][gc,stats    ]      Memory: Defragment                                        0 / 0                 0 / 0                 0 / 0                 0 / 0           ops/s
[2023-11-16T15:25:05.582+0800][gc,stats    ]      Memory: Out Of Memory                                     0 / 0                 0 / 0                 0 / 0                 0 / 0           ops/s
[2023-11-16T15:25:05.582+0800][gc,stats    ]      Memory: Page Cache Flush                                  0 / 0                 0 / 0                 0 / 0                 0 / 0           MB/s
[2023-11-16T15:25:05.582+0800][gc,stats    ]      Memory: Page Cache Hit L1                                 0 / 0                 0 / 0                 0 / 33                0 / 33          ops/s
[2023-11-16T15:25:05.582+0800][gc,stats    ]      Memory: Page Cache Hit L2                                 0 / 0                 0 / 0                 0 / 0                 0 / 0           ops/s
[2023-11-16T15:25:05.582+0800][gc,stats    ]      Memory: Page Cache Hit L3                                 0 / 0                 0 / 0                 0 / 41                0 / 41          ops/s
[2023-11-16T15:25:05.582+0800][gc,stats    ]      Memory: Page Cache Miss                                   0 / 0                 0 / 0                 0 / 1                 0 / 1           ops/s
[2023-11-16T15:25:05.582+0800][gc,stats    ]      Memory: Uncommit                                          0 / 0                 0 / 0                 0 / 0                 0 / 0           MB/s
[2023-11-16T15:25:05.582+0800][gc,stats    ]      Memory: Undo Object Allocation Failed                     0 / 0                 0 / 0                 0 / 0                 0 / 0           ops/s
[2023-11-16T15:25:05.582+0800][gc,stats    ]      Memory: Undo Object Allocation Succeeded                  0 / 0                 0 / 0                 0 / 3                 0 / 3           ops/s
[2023-11-16T15:25:05.582+0800][gc,stats    ]      Memory: Undo Page Allocation                              0 / 0                 0 / 0                 0 / 0                 0 / 0           ops/s
[2023-11-16T15:25:05.582+0800][gc,stats    ]       Phase: Concurrent Mark                               0.000 / 0.000         0.000 / 0.000        21.531 / 24.050       21.531 / 24.050      ms
[2023-11-16T15:25:05.582+0800][gc,stats    ]       Phase: Concurrent Mark Continue                      0.000 / 0.000         0.000 / 0.000         0.000 / 0.000         0.000 / 0.000       ms
[2023-11-16T15:25:05.582+0800][gc,stats    ]       Phase: Concurrent Mark Free                          0.000 / 0.000         0.000 / 0.000         0.001 / 0.001         0.001 / 0.001       ms
[2023-11-16T15:25:05.582+0800][gc,stats    ]       Phase: Concurrent Process Non-Strong References      0.000 / 0.000         0.000 / 0.000         1.995 / 2.420         1.995 / 2.420       ms
[2023-11-16T15:25:05.582+0800][gc,stats    ]       Phase: Concurrent Relocate                           0.000 / 0.000         0.000 / 0.000         2.883 / 2.961         2.883 / 2.961       ms
[2023-11-16T15:25:05.582+0800][gc,stats    ]       Phase: Concurrent Reset Relocation Set               0.000 / 0.000         0.000 / 0.000         0.002 / 0.004         0.002 / 0.004       ms
[2023-11-16T15:25:05.582+0800][gc,stats    ]       Phase: Concurrent Select Relocation Set              0.000 / 0.000         0.000 / 0.000         4.861 / 8.184         4.861 / 8.184       ms
[2023-11-16T15:25:05.582+0800][gc,stats    ]       Phase: Pause Mark End                                0.000 / 0.000         0.000 / 0.000         0.017 / 0.019         0.017 / 0.019       ms
[2023-11-16T15:25:05.582+0800][gc,stats    ]       Phase: Pause Mark Start                              0.000 / 0.000         0.000 / 0.000         0.023 / 0.031         0.023 / 0.031       ms
[2023-11-16T15:25:05.582+0800][gc,stats    ]       Phase: Pause Relocate Start                          0.000 / 0.000         0.000 / 0.000         0.009 / 0.009         0.009 / 0.009       ms
[2023-11-16T15:25:05.582+0800][gc,stats    ]    Subphase: Concurrent Classes Purge                      0.000 / 0.000         0.000 / 0.000         0.066 / 0.071         0.066 / 0.071       ms
[2023-11-16T15:25:05.582+0800][gc,stats    ]    Subphase: Concurrent Classes Unlink                     0.000 / 0.000         0.000 / 0.000         1.264 / 1.492         1.264 / 1.492       ms
[2023-11-16T15:25:05.582+0800][gc,stats    ]    Subphase: Concurrent Mark                               0.000 / 0.000         0.000 / 0.000        18.504 / 22.997       18.504 / 22.997      ms
[2023-11-16T15:25:05.582+0800][gc,stats    ]    Subphase: Concurrent Mark Try Flush                     0.000 / 0.000         0.000 / 0.000         0.201 / 0.455         0.201 / 0.455       ms
[2023-11-16T15:25:05.582+0800][gc,stats    ]    Subphase: Concurrent Mark Try Terminate                 0.000 / 0.000         0.000 / 0.000         4.353 / 12.985        4.353 / 12.985      ms
[2023-11-16T15:25:05.582+0800][gc,stats    ]    Subphase: Concurrent References Enqueue                 0.000 / 0.000         0.000 / 0.000         0.004 / 0.004         0.004 / 0.004       ms
[2023-11-16T15:25:05.582+0800][gc,stats    ]    Subphase: Concurrent References Process                 0.000 / 0.000         0.000 / 0.000         0.104 / 0.123         0.104 / 0.123       ms
[2023-11-16T15:25:05.582+0800][gc,stats    ]    Subphase: Concurrent Roots ClassLoaderDataGraph         0.000 / 0.000         0.000 / 0.000         0.107 / 0.428         0.107 / 0.428       ms
[2023-11-16T15:25:05.582+0800][gc,stats    ]    Subphase: Concurrent Roots CodeCache                    0.000 / 0.000         0.000 / 0.000         0.000 / 0.000         0.000 / 0.000       ms
[2023-11-16T15:25:05.582+0800][gc,stats    ]    Subphase: Concurrent Roots JavaThreads                  0.000 / 0.000         0.000 / 0.000         1.013 / 1.707         1.013 / 1.707       ms
[2023-11-16T15:25:05.582+0800][gc,stats    ]    Subphase: Concurrent Roots OopStorageSet                0.000 / 0.000         0.000 / 0.000         0.146 / 0.289         0.146 / 0.289       ms
[2023-11-16T15:25:05.582+0800][gc,stats    ]    Subphase: Concurrent Weak Roots OopStorageSet           0.000 / 0.000         0.000 / 0.000         0.440 / 0.670         0.440 / 0.670       ms
[2023-11-16T15:25:05.582+0800][gc,stats    ]    Subphase: Pause Mark Try Complete                       0.000 / 0.000         0.000 / 0.000         0.000 / 0.000         0.000 / 0.000       ms
[2023-11-16T15:25:05.582+0800][gc,stats    ]      System: Java Threads                                      0 / 0                 0 / 0                34 / 47               34 / 47          threads
[2023-11-16T15:25:05.582+0800][gc,stats    ] =========================================================================================================================================================
[2023-11-16T15:25:15.586+0800][gc,stats    ] === Garbage Collection Statistics =======================================================================================================================
[2023-11-16T15:25:15.586+0800][gc,stats    ]                                                              Last 10s              Last 10m              Last 10h                Total
[2023-11-16T15:25:15.586+0800][gc,stats    ]                                                              Avg / Max             Avg / Max             Avg / Max             Avg / Max
[2023-11-16T15:25:15.586+0800][gc,stats    ]   Collector: Garbage Collection Cycle                      0.000 / 0.000         0.000 / 0.000        32.129 / 37.536       32.129 / 37.536      ms
[2023-11-16T15:25:15.586+0800][gc,stats    ]  Contention: Mark Segment Reset Contention                     0 / 0                 0 / 0                 0 / 3                 0 / 3           ops/s
[2023-11-16T15:25:15.586+0800][gc,stats    ]  Contention: Mark SeqNum Reset Contention                      0 / 0                 0 / 0                 0 / 0                 0 / 0           ops/s
[2023-11-16T15:25:15.586+0800][gc,stats    ]    Critical: Allocation Stall                                  0 / 0                 0 / 0                 0 / 0                 0 / 0           ops/s
[2023-11-16T15:25:15.586+0800][gc,stats    ]    Critical: Allocation Stall                              0.000 / 0.000         0.000 / 0.000         0.000 / 0.000         0.000 / 0.000       ms
[2023-11-16T15:25:15.586+0800][gc,stats    ]    Critical: GC Locker Stall                                   0 / 0                 0 / 0                 0 / 0                 0 / 0           ops/s
[2023-11-16T15:25:15.586+0800][gc,stats    ]    Critical: GC Locker Stall                               0.000 / 0.000         0.000 / 0.000         0.000 / 0.000         0.000 / 0.000       ms
[2023-11-16T15:25:15.586+0800][gc,stats    ]    Critical: Relocation Stall                                  0 / 0                 0 / 0                 0 / 0                 0 / 0           ops/s
[2023-11-16T15:25:15.586+0800][gc,stats    ]    Critical: Relocation Stall                              0.000 / 0.000         0.000 / 0.000         0.000 / 0.000         0.000 / 0.000       ms
[2023-11-16T15:25:15.586+0800][gc,stats    ]      Memory: Allocation Rate                                   0 / 0                 0 / 0                 0 / 82                0 / 82          MB/s
[2023-11-16T15:25:15.586+0800][gc,stats    ]      Memory: Defragment                                        0 / 0                 0 / 0                 0 / 0                 0 / 0           ops/s
[2023-11-16T15:25:15.586+0800][gc,stats    ]      Memory: Out Of Memory                                     0 / 0                 0 / 0                 0 / 0                 0 / 0           ops/s
[2023-11-16T15:25:15.586+0800][gc,stats    ]      Memory: Page Cache Flush                                  0 / 0                 0 / 0                 0 / 0                 0 / 0           MB/s
[2023-11-16T15:25:15.586+0800][gc,stats    ]      Memory: Page Cache Hit L1                                 0 / 0                 0 / 0                 0 / 33                0 / 33          ops/s
[2023-11-16T15:25:15.586+0800][gc,stats    ]      Memory: Page Cache Hit L2                                 0 / 0                 0 / 0                 0 / 0                 0 / 0           ops/s
[2023-11-16T15:25:15.586+0800][gc,stats    ]      Memory: Page Cache Hit L3                                 0 / 0                 0 / 0                 0 / 41                0 / 41          ops/s
[2023-11-16T15:25:15.586+0800][gc,stats    ]      Memory: Page Cache Miss                                   0 / 0                 0 / 0                 0 / 1                 0 / 1           ops/s
[2023-11-16T15:25:15.586+0800][gc,stats    ]      Memory: Uncommit                                          0 / 0                 0 / 0                 0 / 0                 0 / 0           MB/s
[2023-11-16T15:25:15.586+0800][gc,stats    ]      Memory: Undo Object Allocation Failed                     0 / 0                 0 / 0                 0 / 0                 0 / 0           ops/s
[2023-11-16T15:25:15.586+0800][gc,stats    ]      Memory: Undo Object Allocation Succeeded                  0 / 0                 0 / 0                 0 / 3                 0 / 3           ops/s
[2023-11-16T15:25:15.586+0800][gc,stats    ]      Memory: Undo Page Allocation                              0 / 0                 0 / 0                 0 / 0                 0 / 0           ops/s
[2023-11-16T15:25:15.586+0800][gc,stats    ]       Phase: Concurrent Mark                               0.000 / 0.000         0.000 / 0.000        21.531 / 24.050       21.531 / 24.050      ms
[2023-11-16T15:25:15.586+0800][gc,stats    ]       Phase: Concurrent Mark Continue                      0.000 / 0.000         0.000 / 0.000         0.000 / 0.000         0.000 / 0.000       ms
[2023-11-16T15:25:15.586+0800][gc,stats    ]       Phase: Concurrent Mark Free                          0.000 / 0.000         0.000 / 0.000         0.001 / 0.001         0.001 / 0.001       ms
[2023-11-16T15:25:15.586+0800][gc,stats    ]       Phase: Concurrent Process Non-Strong References      0.000 / 0.000         0.000 / 0.000         1.995 / 2.420         1.995 / 2.420       ms
[2023-11-16T15:25:15.586+0800][gc,stats    ]       Phase: Concurrent Relocate                           0.000 / 0.000         0.000 / 0.000         2.883 / 2.961         2.883 / 2.961       ms
[2023-11-16T15:25:15.586+0800][gc,stats    ]       Phase: Concurrent Reset Relocation Set               0.000 / 0.000         0.000 / 0.000         0.002 / 0.004         0.002 / 0.004       ms
[2023-11-16T15:25:15.586+0800][gc,stats    ]       Phase: Concurrent Select Relocation Set              0.000 / 0.000         0.000 / 0.000         4.861 / 8.184         4.861 / 8.184       ms
[2023-11-16T15:25:15.586+0800][gc,stats    ]       Phase: Pause Mark End                                0.000 / 0.000         0.000 / 0.000         0.017 / 0.019         0.017 / 0.019       ms
[2023-11-16T15:25:15.586+0800][gc,stats    ]       Phase: Pause Mark Start                              0.000 / 0.000         0.000 / 0.000         0.023 / 0.031         0.023 / 0.031       ms
[2023-11-16T15:25:15.586+0800][gc,stats    ]       Phase: Pause Relocate Start                          0.000 / 0.000         0.000 / 0.000         0.009 / 0.009         0.009 / 0.009       ms
[2023-11-16T15:25:15.586+0800][gc,stats    ]    Subphase: Concurrent Classes Purge                      0.000 / 0.000         0.000 / 0.000         0.066 / 0.071         0.066 / 0.071       ms
[2023-11-16T15:25:15.586+0800][gc,stats    ]    Subphase: Concurrent Classes Unlink                     0.000 / 0.000         0.000 / 0.000         1.264 / 1.492         1.264 / 1.492       ms
[2023-11-16T15:25:15.586+0800][gc,stats    ]    Subphase: Concurrent Mark                               0.000 / 0.000         0.000 / 0.000        18.504 / 22.997       18.504 / 22.997      ms
[2023-11-16T15:25:15.586+0800][gc,stats    ]    Subphase: Concurrent Mark Try Flush                     0.000 / 0.000         0.000 / 0.000         0.201 / 0.455         0.201 / 0.455       ms
[2023-11-16T15:25:15.586+0800][gc,stats    ]    Subphase: Concurrent Mark Try Terminate                 0.000 / 0.000         0.000 / 0.000         4.353 / 12.985        4.353 / 12.985      ms
[2023-11-16T15:25:15.586+0800][gc,stats    ]    Subphase: Concurrent References Enqueue                 0.000 / 0.000         0.000 / 0.000         0.004 / 0.004         0.004 / 0.004       ms
[2023-11-16T15:25:15.586+0800][gc,stats    ]    Subphase: Concurrent References Process                 0.000 / 0.000         0.000 / 0.000         0.104 / 0.123         0.104 / 0.123       ms
[2023-11-16T15:25:15.586+0800][gc,stats    ]    Subphase: Concurrent Roots ClassLoaderDataGraph         0.000 / 0.000         0.000 / 0.000         0.107 / 0.428         0.107 / 0.428       ms
[2023-11-16T15:25:15.586+0800][gc,stats    ]    Subphase: Concurrent Roots CodeCache                    0.000 / 0.000         0.000 / 0.000         0.000 / 0.000         0.000 / 0.000       ms
[2023-11-16T15:25:15.586+0800][gc,stats    ]    Subphase: Concurrent Roots JavaThreads                  0.000 / 0.000         0.000 / 0.000         1.013 / 1.707         1.013 / 1.707       ms
[2023-11-16T15:25:15.586+0800][gc,stats    ]    Subphase: Concurrent Roots OopStorageSet                0.000 / 0.000         0.000 / 0.000         0.146 / 0.289         0.146 / 0.289       ms
[2023-11-16T15:25:15.586+0800][gc,stats    ]    Subphase: Concurrent Weak Roots OopStorageSet           0.000 / 0.000         0.000 / 0.000         0.440 / 0.670         0.440 / 0.670       ms
[2023-11-16T15:25:15.586+0800][gc,stats    ]    Subphase: Pause Mark Try Complete                       0.000 / 0.000         0.000 / 0.000         0.000 / 0.000         0.000 / 0.000       ms
[2023-11-16T15:25:15.586+0800][gc,stats    ]      System: Java Threads                                      0 / 0                 0 / 0                34 / 47               34 / 47          threads
[2023-11-16T15:25:15.586+0800][gc,stats    ] =========================================================================================================================================================
[2023-11-16T15:25:25.590+0800][gc,stats    ] === Garbage Collection Statistics =======================================================================================================================
[2023-11-16T15:25:25.590+0800][gc,stats    ]                                                              Last 10s              Last 10m              Last 10h                Total
[2023-11-16T15:25:25.590+0800][gc,stats    ]                                                              Avg / Max             Avg / Max             Avg / Max             Avg / Max
[2023-11-16T15:25:25.590+0800][gc,stats    ]   Collector: Garbage Collection Cycle                      0.000 / 0.000         0.000 / 0.000        32.129 / 37.536       32.129 / 37.536      ms
[2023-11-16T15:25:25.590+0800][gc,stats    ]  Contention: Mark Segment Reset Contention                     0 / 0                 0 / 0                 0 / 3                 0 / 3           ops/s
[2023-11-16T15:25:25.590+0800][gc,stats    ]  Contention: Mark SeqNum Reset Contention                      0 / 0                 0 / 0                 0 / 0                 0 / 0           ops/s
[2023-11-16T15:25:25.590+0800][gc,stats    ]    Critical: Allocation Stall                                  0 / 0                 0 / 0                 0 / 0                 0 / 0           ops/s
[2023-11-16T15:25:25.590+0800][gc,stats    ]    Critical: Allocation Stall                              0.000 / 0.000         0.000 / 0.000         0.000 / 0.000         0.000 / 0.000       ms
[2023-11-16T15:25:25.590+0800][gc,stats    ]    Critical: GC Locker Stall                                   0 / 0                 0 / 0                 0 / 0                 0 / 0           ops/s
[2023-11-16T15:25:25.590+0800][gc,stats    ]    Critical: GC Locker Stall                               0.000 / 0.000         0.000 / 0.000         0.000 / 0.000         0.000 / 0.000       ms
[2023-11-16T15:25:25.590+0800][gc,stats    ]    Critical: Relocation Stall                                  0 / 0                 0 / 0                 0 / 0                 0 / 0           ops/s
[2023-11-16T15:25:25.590+0800][gc,stats    ]    Critical: Relocation Stall                              0.000 / 0.000         0.000 / 0.000         0.000 / 0.000         0.000 / 0.000       ms
[2023-11-16T15:25:25.590+0800][gc,stats    ]      Memory: Allocation Rate                                   0 / 0                 0 / 0                 0 / 82                0 / 82          MB/s
[2023-11-16T15:25:25.590+0800][gc,stats    ]      Memory: Defragment                                        0 / 0                 0 / 0                 0 / 0                 0 / 0           ops/s
[2023-11-16T15:25:25.590+0800][gc,stats    ]      Memory: Out Of Memory                                     0 / 0                 0 / 0                 0 / 0                 0 / 0           ops/s
[2023-11-16T15:25:25.590+0800][gc,stats    ]      Memory: Page Cache Flush                                  0 / 0                 0 / 0                 0 / 0                 0 / 0           MB/s
[2023-11-16T15:25:25.590+0800][gc,stats    ]      Memory: Page Cache Hit L1                                 0 / 0                 0 / 0                 0 / 33                0 / 33          ops/s
[2023-11-16T15:25:25.590+0800][gc,stats    ]      Memory: Page Cache Hit L2                                 0 / 0                 0 / 0                 0 / 0                 0 / 0           ops/s
[2023-11-16T15:25:25.590+0800][gc,stats    ]      Memory: Page Cache Hit L3                                 0 / 0                 0 / 0                 0 / 41                0 / 41          ops/s
[2023-11-16T15:25:25.590+0800][gc,stats    ]      Memory: Page Cache Miss                                   0 / 0                 0 / 0                 0 / 1                 0 / 1           ops/s
[2023-11-16T15:25:25.590+0800][gc,stats    ]      Memory: Uncommit                                          0 / 0                 0 / 0                 0 / 0                 0 / 0           MB/s
[2023-11-16T15:25:25.590+0800][gc,stats    ]      Memory: Undo Object Allocation Failed                     0 / 0                 0 / 0                 0 / 0                 0 / 0           ops/s
[2023-11-16T15:25:25.590+0800][gc,stats    ]      Memory: Undo Object Allocation Succeeded                  0 / 0                 0 / 0                 0 / 3                 0 / 3           ops/s
[2023-11-16T15:25:25.590+0800][gc,stats    ]      Memory: Undo Page Allocation                              0 / 0                 0 / 0                 0 / 0                 0 / 0           ops/s
[2023-11-16T15:25:25.590+0800][gc,stats    ]       Phase: Concurrent Mark                               0.000 / 0.000         0.000 / 0.000        21.531 / 24.050       21.531 / 24.050      ms
[2023-11-16T15:25:25.590+0800][gc,stats    ]       Phase: Concurrent Mark Continue                      0.000 / 0.000         0.000 / 0.000         0.000 / 0.000         0.000 / 0.000       ms
[2023-11-16T15:25:25.590+0800][gc,stats    ]       Phase: Concurrent Mark Free                          0.000 / 0.000         0.000 / 0.000         0.001 / 0.001         0.001 / 0.001       ms
[2023-11-16T15:25:25.590+0800][gc,stats    ]       Phase: Concurrent Process Non-Strong References      0.000 / 0.000         0.000 / 0.000         1.995 / 2.420         1.995 / 2.420       ms
[2023-11-16T15:25:25.590+0800][gc,stats    ]       Phase: Concurrent Relocate                           0.000 / 0.000         0.000 / 0.000         2.883 / 2.961         2.883 / 2.961       ms
[2023-11-16T15:25:25.590+0800][gc,stats    ]       Phase: Concurrent Reset Relocation Set               0.000 / 0.000         0.000 / 0.000         0.002 / 0.004         0.002 / 0.004       ms
[2023-11-16T15:25:25.590+0800][gc,stats    ]       Phase: Concurrent Select Relocation Set              0.000 / 0.000         0.000 / 0.000         4.861 / 8.184         4.861 / 8.184       ms
[2023-11-16T15:25:25.590+0800][gc,stats    ]       Phase: Pause Mark End                                0.000 / 0.000         0.000 / 0.000         0.017 / 0.019         0.017 / 0.019       ms
[2023-11-16T15:25:25.590+0800][gc,stats    ]       Phase: Pause Mark Start                              0.000 / 0.000         0.000 / 0.000         0.023 / 0.031         0.023 / 0.031       ms
[2023-11-16T15:25:25.590+0800][gc,stats    ]       Phase: Pause Relocate Start                          0.000 / 0.000         0.000 / 0.000         0.009 / 0.009         0.009 / 0.009       ms
[2023-11-16T15:25:25.590+0800][gc,stats    ]    Subphase: Concurrent Classes Purge                      0.000 / 0.000         0.000 / 0.000         0.066 / 0.071         0.066 / 0.071       ms
[2023-11-16T15:25:25.590+0800][gc,stats    ]    Subphase: Concurrent Classes Unlink                     0.000 / 0.000         0.000 / 0.000         1.264 / 1.492         1.264 / 1.492       ms
[2023-11-16T15:25:25.590+0800][gc,stats    ]    Subphase: Concurrent Mark                               0.000 / 0.000         0.000 / 0.000        18.504 / 22.997       18.504 / 22.997      ms
[2023-11-16T15:25:25.590+0800][gc,stats    ]    Subphase: Concurrent Mark Try Flush                     0.000 / 0.000         0.000 / 0.000         0.201 / 0.455         0.201 / 0.455       ms
[2023-11-16T15:25:25.590+0800][gc,stats    ]    Subphase: Concurrent Mark Try Terminate                 0.000 / 0.000         0.000 / 0.000         4.353 / 12.985        4.353 / 12.985      ms
[2023-11-16T15:25:25.590+0800][gc,stats    ]    Subphase: Concurrent References Enqueue                 0.000 / 0.000         0.000 / 0.000         0.004 / 0.004         0.004 / 0.004       ms
[2023-11-16T15:25:25.590+0800][gc,stats    ]    Subphase: Concurrent References Process                 0.000 / 0.000         0.000 / 0.000         0.104 / 0.123         0.104 / 0.123       ms
[2023-11-16T15:25:25.590+0800][gc,stats    ]    Subphase: Concurrent Roots ClassLoaderDataGraph         0.000 / 0.000         0.000 / 0.000         0.107 / 0.428         0.107 / 0.428       ms
[2023-11-16T15:25:25.590+0800][gc,stats    ]    Subphase: Concurrent Roots CodeCache                    0.000 / 0.000         0.000 / 0.000         0.000 / 0.000         0.000 / 0.000       ms
[2023-11-16T15:25:25.590+0800][gc,stats    ]    Subphase: Concurrent Roots JavaThreads                  0.000 / 0.000         0.000 / 0.000         1.013 / 1.707         1.013 / 1.707       ms
[2023-11-16T15:25:25.590+0800][gc,stats    ]    Subphase: Concurrent Roots OopStorageSet                0.000 / 0.000         0.000 / 0.000         0.146 / 0.289         0.146 / 0.289       ms
[2023-11-16T15:25:25.590+0800][gc,stats    ]    Subphase: Concurrent Weak Roots OopStorageSet           0.000 / 0.000         0.000 / 0.000         0.440 / 0.670         0.440 / 0.670       ms
[2023-11-16T15:25:25.590+0800][gc,stats    ]    Subphase: Pause Mark Try Complete                       0.000 / 0.000         0.000 / 0.000         0.000 / 0.000         0.000 / 0.000       ms
[2023-11-16T15:25:25.590+0800][gc,stats    ]      System: Java Threads                                      0 / 0                 0 / 0                34 / 47               34 / 47          threads
[2023-11-16T15:25:25.590+0800][gc,stats    ] =========================================================================================================================================================
[2023-11-16T15:25:35.581+0800][gc,stats    ] === Garbage Collection Statistics =======================================================================================================================
[2023-11-16T15:25:35.581+0800][gc,stats    ]                                                              Last 10s              Last 10m              Last 10h                Total
[2023-11-16T15:25:35.581+0800][gc,stats    ]                                                              Avg / Max             Avg / Max             Avg / Max             Avg / Max
[2023-11-16T15:25:35.581+0800][gc,stats    ]   Collector: Garbage Collection Cycle                      0.000 / 0.000         0.000 / 0.000        32.129 / 37.536       32.129 / 37.536      ms
[2023-11-16T15:25:35.581+0800][gc,stats    ]  Contention: Mark Segment Reset Contention                     0 / 0                 0 / 0                 0 / 3                 0 / 3           ops/s
[2023-11-16T15:25:35.581+0800][gc,stats    ]  Contention: Mark SeqNum Reset Contention                      0 / 0                 0 / 0                 0 / 0                 0 / 0           ops/s
[2023-11-16T15:25:35.581+0800][gc,stats    ]    Critical: Allocation Stall                                  0 / 0                 0 / 0                 0 / 0                 0 / 0           ops/s
[2023-11-16T15:25:35.581+0800][gc,stats    ]    Critical: Allocation Stall                              0.000 / 0.000         0.000 / 0.000         0.000 / 0.000         0.000 / 0.000       ms
[2023-11-16T15:25:35.581+0800][gc,stats    ]    Critical: GC Locker Stall                                   0 / 0                 0 / 0                 0 / 0                 0 / 0           ops/s
[2023-11-16T15:25:35.581+0800][gc,stats    ]    Critical: GC Locker Stall                               0.000 / 0.000         0.000 / 0.000         0.000 / 0.000         0.000 / 0.000       ms
[2023-11-16T15:25:35.581+0800][gc,stats    ]    Critical: Relocation Stall                                  0 / 0                 0 / 0                 0 / 0                 0 / 0           ops/s
[2023-11-16T15:25:35.581+0800][gc,stats    ]    Critical: Relocation Stall                              0.000 / 0.000         0.000 / 0.000         0.000 / 0.000         0.000 / 0.000       ms
[2023-11-16T15:25:35.581+0800][gc,stats    ]      Memory: Allocation Rate                                   0 / 0                 0 / 0                 0 / 82                0 / 82          MB/s
[2023-11-16T15:25:35.581+0800][gc,stats    ]      Memory: Defragment                                        0 / 0                 0 / 0                 0 / 0                 0 / 0           ops/s
[2023-11-16T15:25:35.581+0800][gc,stats    ]      Memory: Out Of Memory                                     0 / 0                 0 / 0                 0 / 0                 0 / 0           ops/s
[2023-11-16T15:25:35.581+0800][gc,stats    ]      Memory: Page Cache Flush                                  0 / 0                 0 / 0                 0 / 0                 0 / 0           MB/s
[2023-11-16T15:25:35.581+0800][gc,stats    ]      Memory: Page Cache Hit L1                                 0 / 0                 0 / 0                 0 / 33                0 / 33          ops/s
[2023-11-16T15:25:35.581+0800][gc,stats    ]      Memory: Page Cache Hit L2                                 0 / 0                 0 / 0                 0 / 0                 0 / 0           ops/s
[2023-11-16T15:25:35.581+0800][gc,stats    ]      Memory: Page Cache Hit L3                                 0 / 0                 0 / 0                 0 / 41                0 / 41          ops/s
[2023-11-16T15:25:35.581+0800][gc,stats    ]      Memory: Page Cache Miss                                   0 / 0                 0 / 0                 0 / 1                 0 / 1           ops/s
[2023-11-16T15:25:35.581+0800][gc,stats    ]      Memory: Uncommit                                          0 / 0                 0 / 0                 0 / 0                 0 / 0           MB/s
[2023-11-16T15:25:35.581+0800][gc,stats    ]      Memory: Undo Object Allocation Failed                     0 / 0                 0 / 0                 0 / 0                 0 / 0           ops/s
[2023-11-16T15:25:35.581+0800][gc,stats    ]      Memory: Undo Object Allocation Succeeded                  0 / 0                 0 / 0                 0 / 3                 0 / 3           ops/s
[2023-11-16T15:25:35.581+0800][gc,stats    ]      Memory: Undo Page Allocation                              0 / 0                 0 / 0                 0 / 0                 0 / 0           ops/s
[2023-11-16T15:25:35.581+0800][gc,stats    ]       Phase: Concurrent Mark                               0.000 / 0.000         0.000 / 0.000        21.531 / 24.050       21.531 / 24.050      ms
[2023-11-16T15:25:35.581+0800][gc,stats    ]       Phase: Concurrent Mark Continue                      0.000 / 0.000         0.000 / 0.000         0.000 / 0.000         0.000 / 0.000       ms
[2023-11-16T15:25:35.581+0800][gc,stats    ]       Phase: Concurrent Mark Free                          0.000 / 0.000         0.000 / 0.000         0.001 / 0.001         0.001 / 0.001       ms
[2023-11-16T15:25:35.581+0800][gc,stats    ]       Phase: Concurrent Process Non-Strong References      0.000 / 0.000         0.000 / 0.000         1.995 / 2.420         1.995 / 2.420       ms
[2023-11-16T15:25:35.581+0800][gc,stats    ]       Phase: Concurrent Relocate                           0.000 / 0.000         0.000 / 0.000         2.883 / 2.961         2.883 / 2.961       ms
[2023-11-16T15:25:35.581+0800][gc,stats    ]       Phase: Concurrent Reset Relocation Set               0.000 / 0.000         0.000 / 0.000         0.002 / 0.004         0.002 / 0.004       ms
[2023-11-16T15:25:35.581+0800][gc,stats    ]       Phase: Concurrent Select Relocation Set              0.000 / 0.000         0.000 / 0.000         4.861 / 8.184         4.861 / 8.184       ms
[2023-11-16T15:25:35.581+0800][gc,stats    ]       Phase: Pause Mark End                                0.000 / 0.000         0.000 / 0.000         0.017 / 0.019         0.017 / 0.019       ms
[2023-11-16T15:25:35.581+0800][gc,stats    ]       Phase: Pause Mark Start                              0.000 / 0.000         0.000 / 0.000         0.023 / 0.031         0.023 / 0.031       ms
[2023-11-16T15:25:35.581+0800][gc,stats    ]       Phase: Pause Relocate Start                          0.000 / 0.000         0.000 / 0.000         0.009 / 0.009         0.009 / 0.009       ms
[2023-11-16T15:25:35.581+0800][gc,stats    ]    Subphase: Concurrent Classes Purge                      0.000 / 0.000         0.000 / 0.000         0.066 / 0.071         0.066 / 0.071       ms
[2023-11-16T15:25:35.581+0800][gc,stats    ]    Subphase: Concurrent Classes Unlink                     0.000 / 0.000         0.000 / 0.000         1.264 / 1.492         1.264 / 1.492       ms
[2023-11-16T15:25:35.581+0800][gc,stats    ]    Subphase: Concurrent Mark                               0.000 / 0.000         0.000 / 0.000        18.504 / 22.997       18.504 / 22.997      ms
[2023-11-16T15:25:35.581+0800][gc,stats    ]    Subphase: Concurrent Mark Try Flush                     0.000 / 0.000         0.000 / 0.000         0.201 / 0.455         0.201 / 0.455       ms
[2023-11-16T15:25:35.581+0800][gc,stats    ]    Subphase: Concurrent Mark Try Terminate                 0.000 / 0.000         0.000 / 0.000         4.353 / 12.985        4.353 / 12.985      ms
[2023-11-16T15:25:35.581+0800][gc,stats    ]    Subphase: Concurrent References Enqueue                 0.000 / 0.000         0.000 / 0.000         0.004 / 0.004         0.004 / 0.004       ms
[2023-11-16T15:25:35.581+0800][gc,stats    ]    Subphase: Concurrent References Process                 0.000 / 0.000         0.000 / 0.000         0.104 / 0.123         0.104 / 0.123       ms
[2023-11-16T15:25:35.581+0800][gc,stats    ]    Subphase: Concurrent Roots ClassLoaderDataGraph         0.000 / 0.000         0.000 / 0.000         0.107 / 0.428         0.107 / 0.428       ms
[2023-11-16T15:25:35.581+0800][gc,stats    ]    Subphase: Concurrent Roots CodeCache                    0.000 / 0.000         0.000 / 0.000         0.000 / 0.000         0.000 / 0.000       ms
[2023-11-16T15:25:35.581+0800][gc,stats    ]    Subphase: Concurrent Roots JavaThreads                  0.000 / 0.000         0.000 / 0.000         1.013 / 1.707         1.013 / 1.707       ms
[2023-11-16T15:25:35.581+0800][gc,stats    ]    Subphase: Concurrent Roots OopStorageSet                0.000 / 0.000         0.000 / 0.000         0.146 / 0.289         0.146 / 0.289       ms
[2023-11-16T15:25:35.581+0800][gc,stats    ]    Subphase: Concurrent Weak Roots OopStorageSet           0.000 / 0.000         0.000 / 0.000         0.440 / 0.670         0.440 / 0.670       ms
[2023-11-16T15:25:35.581+0800][gc,stats    ]    Subphase: Pause Mark Try Complete                       0.000 / 0.000         0.000 / 0.000         0.000 / 0.000         0.000 / 0.000       ms
[2023-11-16T15:25:35.581+0800][gc,stats    ]      System: Java Threads                                      0 / 0                 0 / 0                34 / 47               34 / 47          threads
[2023-11-16T15:25:35.581+0800][gc,stats    ] =========================================================================================================================================================
[2023-11-16T15:25:45.583+0800][gc,stats    ] === Garbage Collection Statistics =======================================================================================================================
[2023-11-16T15:25:45.583+0800][gc,stats    ]                                                              Last 10s              Last 10m              Last 10h                Total
[2023-11-16T15:25:45.583+0800][gc,stats    ]                                                              Avg / Max             Avg / Max             Avg / Max             Avg / Max
[2023-11-16T15:25:45.583+0800][gc,stats    ]   Collector: Garbage Collection Cycle                      0.000 / 0.000         0.000 / 0.000        32.129 / 37.536       32.129 / 37.536      ms
[2023-11-16T15:25:45.583+0800][gc,stats    ]  Contention: Mark Segment Reset Contention                     0 / 0                 0 / 0                 0 / 3                 0 / 3           ops/s
[2023-11-16T15:25:45.583+0800][gc,stats    ]  Contention: Mark SeqNum Reset Contention                      0 / 0                 0 / 0                 0 / 0                 0 / 0           ops/s
[2023-11-16T15:25:45.583+0800][gc,stats    ]    Critical: Allocation Stall                                  0 / 0                 0 / 0                 0 / 0                 0 / 0           ops/s
[2023-11-16T15:25:45.583+0800][gc,stats    ]    Critical: Allocation Stall                              0.000 / 0.000         0.000 / 0.000         0.000 / 0.000         0.000 / 0.000       ms
[2023-11-16T15:25:45.583+0800][gc,stats    ]    Critical: GC Locker Stall                                   0 / 0                 0 / 0                 0 / 0                 0 / 0           ops/s
[2023-11-16T15:25:45.583+0800][gc,stats    ]    Critical: GC Locker Stall                               0.000 / 0.000         0.000 / 0.000         0.000 / 0.000         0.000 / 0.000       ms
[2023-11-16T15:25:45.583+0800][gc,stats    ]    Critical: Relocation Stall                                  0 / 0                 0 / 0                 0 / 0                 0 / 0           ops/s
[2023-11-16T15:25:45.583+0800][gc,stats    ]    Critical: Relocation Stall                              0.000 / 0.000         0.000 / 0.000         0.000 / 0.000         0.000 / 0.000       ms
[2023-11-16T15:25:45.583+0800][gc,stats    ]      Memory: Allocation Rate                                   0 / 0                 0 / 0                 0 / 82                0 / 82          MB/s
[2023-11-16T15:25:45.583+0800][gc,stats    ]      Memory: Defragment                                        0 / 0                 0 / 0                 0 / 0                 0 / 0           ops/s
[2023-11-16T15:25:45.583+0800][gc,stats    ]      Memory: Out Of Memory                                     0 / 0                 0 / 0                 0 / 0                 0 / 0           ops/s
[2023-11-16T15:25:45.583+0800][gc,stats    ]      Memory: Page Cache Flush                                  0 / 0                 0 / 0                 0 / 0                 0 / 0           MB/s
[2023-11-16T15:25:45.583+0800][gc,stats    ]      Memory: Page Cache Hit L1                                 0 / 0                 0 / 0                 0 / 33                0 / 33          ops/s
[2023-11-16T15:25:45.583+0800][gc,stats    ]      Memory: Page Cache Hit L2                                 0 / 0                 0 / 0                 0 / 0                 0 / 0           ops/s
[2023-11-16T15:25:45.583+0800][gc,stats    ]      Memory: Page Cache Hit L3                                 0 / 0                 0 / 0                 0 / 41                0 / 41          ops/s
[2023-11-16T15:25:45.583+0800][gc,stats    ]      Memory: Page Cache Miss                                   0 / 0                 0 / 0                 0 / 1                 0 / 1           ops/s
[2023-11-16T15:25:45.583+0800][gc,stats    ]      Memory: Uncommit                                          0 / 0                 0 / 0                 0 / 0                 0 / 0           MB/s
[2023-11-16T15:25:45.583+0800][gc,stats    ]      Memory: Undo Object Allocation Failed                     0 / 0                 0 / 0                 0 / 0                 0 / 0           ops/s
[2023-11-16T15:25:45.583+0800][gc,stats    ]      Memory: Undo Object Allocation Succeeded                  0 / 0                 0 / 0                 0 / 3                 0 / 3           ops/s
[2023-11-16T15:25:45.583+0800][gc,stats    ]      Memory: Undo Page Allocation                              0 / 0                 0 / 0                 0 / 0                 0 / 0           ops/s
[2023-11-16T15:25:45.583+0800][gc,stats    ]       Phase: Concurrent Mark                               0.000 / 0.000         0.000 / 0.000        21.531 / 24.050       21.531 / 24.050      ms
[2023-11-16T15:25:45.583+0800][gc,stats    ]       Phase: Concurrent Mark Continue                      0.000 / 0.000         0.000 / 0.000         0.000 / 0.000         0.000 / 0.000       ms
[2023-11-16T15:25:45.583+0800][gc,stats    ]       Phase: Concurrent Mark Free                          0.000 / 0.000         0.000 / 0.000         0.001 / 0.001         0.001 / 0.001       ms
[2023-11-16T15:25:45.583+0800][gc,stats    ]       Phase: Concurrent Process Non-Strong References      0.000 / 0.000         0.000 / 0.000         1.995 / 2.420         1.995 / 2.420       ms
[2023-11-16T15:25:45.583+0800][gc,stats    ]       Phase: Concurrent Relocate                           0.000 / 0.000         0.000 / 0.000         2.883 / 2.961         2.883 / 2.961       ms
[2023-11-16T15:25:45.583+0800][gc,stats    ]       Phase: Concurrent Reset Relocation Set               0.000 / 0.000         0.000 / 0.000         0.002 / 0.004         0.002 / 0.004       ms
[2023-11-16T15:25:45.583+0800][gc,stats    ]       Phase: Concurrent Select Relocation Set              0.000 / 0.000         0.000 / 0.000         4.861 / 8.184         4.861 / 8.184       ms
[2023-11-16T15:25:45.583+0800][gc,stats    ]       Phase: Pause Mark End                                0.000 / 0.000         0.000 / 0.000         0.017 / 0.019         0.017 / 0.019       ms
[2023-11-16T15:25:45.583+0800][gc,stats    ]       Phase: Pause Mark Start                              0.000 / 0.000         0.000 / 0.000         0.023 / 0.031         0.023 / 0.031       ms
[2023-11-16T15:25:45.583+0800][gc,stats    ]       Phase: Pause Relocate Start                          0.000 / 0.000         0.000 / 0.000         0.009 / 0.009         0.009 / 0.009       ms
[2023-11-16T15:25:45.583+0800][gc,stats    ]    Subphase: Concurrent Classes Purge                      0.000 / 0.000         0.000 / 0.000         0.066 / 0.071         0.066 / 0.071       ms
[2023-11-16T15:25:45.583+0800][gc,stats    ]    Subphase: Concurrent Classes Unlink                     0.000 / 0.000         0.000 / 0.000         1.264 / 1.492         1.264 / 1.492       ms
[2023-11-16T15:25:45.583+0800][gc,stats    ]    Subphase: Concurrent Mark                               0.000 / 0.000         0.000 / 0.000        18.504 / 22.997       18.504 / 22.997      ms
[2023-11-16T15:25:45.583+0800][gc,stats    ]    Subphase: Concurrent Mark Try Flush                     0.000 / 0.000         0.000 / 0.000         0.201 / 0.455         0.201 / 0.455       ms
[2023-11-16T15:25:45.583+0800][gc,stats    ]    Subphase: Concurrent Mark Try Terminate                 0.000 / 0.000         0.000 / 0.000         4.353 / 12.985        4.353 / 12.985      ms
[2023-11-16T15:25:45.583+0800][gc,stats    ]    Subphase: Concurrent References Enqueue                 0.000 / 0.000         0.000 / 0.000         0.004 / 0.004         0.004 / 0.004       ms
[2023-11-16T15:25:45.583+0800][gc,stats    ]    Subphase: Concurrent References Process                 0.000 / 0.000         0.000 / 0.000         0.104 / 0.123         0.104 / 0.123       ms
[2023-11-16T15:25:45.583+0800][gc,stats    ]    Subphase: Concurrent Roots ClassLoaderDataGraph         0.000 / 0.000         0.000 / 0.000         0.107 / 0.428         0.107 / 0.428       ms
[2023-11-16T15:25:45.583+0800][gc,stats    ]    Subphase: Concurrent Roots CodeCache                    0.000 / 0.000         0.000 / 0.000         0.000 / 0.000         0.000 / 0.000       ms
[2023-11-16T15:25:45.583+0800][gc,stats    ]    Subphase: Concurrent Roots JavaThreads                  0.000 / 0.000         0.000 / 0.000         1.013 / 1.707         1.013 / 1.707       ms
[2023-11-16T15:25:45.583+0800][gc,stats    ]    Subphase: Concurrent Roots OopStorageSet                0.000 / 0.000         0.000 / 0.000         0.146 / 0.289         0.146 / 0.289       ms
[2023-11-16T15:25:45.583+0800][gc,stats    ]    Subphase: Concurrent Weak Roots OopStorageSet           0.000 / 0.000         0.000 / 0.000         0.440 / 0.670         0.440 / 0.670       ms
[2023-11-16T15:25:45.583+0800][gc,stats    ]    Subphase: Pause Mark Try Complete                       0.000 / 0.000         0.000 / 0.000         0.000 / 0.000         0.000 / 0.000       ms
[2023-11-16T15:25:45.583+0800][gc,stats    ]      System: Java Threads                                      0 / 0                 0 / 0                34 / 47               34 / 47          threads
[2023-11-16T15:25:45.583+0800][gc,stats    ] =========================================================================================================================================================
[2023-11-16T15:25:55.579+0800][gc,stats    ] === Garbage Collection Statistics =======================================================================================================================
[2023-11-16T15:25:55.579+0800][gc,stats    ]                                                              Last 10s              Last 10m              Last 10h                Total
[2023-11-16T15:25:55.579+0800][gc,stats    ]                                                              Avg / Max             Avg / Max             Avg / Max             Avg / Max
[2023-11-16T15:25:55.579+0800][gc,stats    ]   Collector: Garbage Collection Cycle                      0.000 / 0.000         0.000 / 0.000        32.129 / 37.536       32.129 / 37.536      ms
[2023-11-16T15:25:55.579+0800][gc,stats    ]  Contention: Mark Segment Reset Contention                     0 / 0                 0 / 0                 0 / 3                 0 / 3           ops/s
[2023-11-16T15:25:55.579+0800][gc,stats    ]  Contention: Mark SeqNum Reset Contention                      0 / 0                 0 / 0                 0 / 0                 0 / 0           ops/s
[2023-11-16T15:25:55.579+0800][gc,stats    ]    Critical: Allocation Stall                                  0 / 0                 0 / 0                 0 / 0                 0 / 0           ops/s
[2023-11-16T15:25:55.579+0800][gc,stats    ]    Critical: Allocation Stall                              0.000 / 0.000         0.000 / 0.000         0.000 / 0.000         0.000 / 0.000       ms
[2023-11-16T15:25:55.579+0800][gc,stats    ]    Critical: GC Locker Stall                                   0 / 0                 0 / 0                 0 / 0                 0 / 0           ops/s
[2023-11-16T15:25:55.579+0800][gc,stats    ]    Critical: GC Locker Stall                               0.000 / 0.000         0.000 / 0.000         0.000 / 0.000         0.000 / 0.000       ms
[2023-11-16T15:25:55.579+0800][gc,stats    ]    Critical: Relocation Stall                                  0 / 0                 0 / 0                 0 / 0                 0 / 0           ops/s
[2023-11-16T15:25:55.579+0800][gc,stats    ]    Critical: Relocation Stall                              0.000 / 0.000         0.000 / 0.000         0.000 / 0.000         0.000 / 0.000       ms
[2023-11-16T15:25:55.579+0800][gc,stats    ]      Memory: Allocation Rate                                   0 / 0                 0 / 0                 0 / 82                0 / 82          MB/s
[2023-11-16T15:25:55.579+0800][gc,stats    ]      Memory: Defragment                                        0 / 0                 0 / 0                 0 / 0                 0 / 0           ops/s
[2023-11-16T15:25:55.579+0800][gc,stats    ]      Memory: Out Of Memory                                     0 / 0                 0 / 0                 0 / 0                 0 / 0           ops/s
[2023-11-16T15:25:55.579+0800][gc,stats    ]      Memory: Page Cache Flush                                  0 / 0                 0 / 0                 0 / 0                 0 / 0           MB/s
[2023-11-16T15:25:55.579+0800][gc,stats    ]      Memory: Page Cache Hit L1                                 0 / 0                 0 / 0                 0 / 33                0 / 33          ops/s
[2023-11-16T15:25:55.579+0800][gc,stats    ]      Memory: Page Cache Hit L2                                 0 / 0                 0 / 0                 0 / 0                 0 / 0           ops/s
[2023-11-16T15:25:55.579+0800][gc,stats    ]      Memory: Page Cache Hit L3                                 0 / 0                 0 / 0                 0 / 41                0 / 41          ops/s
[2023-11-16T15:25:55.579+0800][gc,stats    ]      Memory: Page Cache Miss                                   0 / 0                 0 / 0                 0 / 1                 0 / 1           ops/s
[2023-11-16T15:25:55.579+0800][gc,stats    ]      Memory: Uncommit                                          0 / 0                 0 / 0                 0 / 0                 0 / 0           MB/s
[2023-11-16T15:25:55.579+0800][gc,stats    ]      Memory: Undo Object Allocation Failed                     0 / 0                 0 / 0                 0 / 0                 0 / 0           ops/s
[2023-11-16T15:25:55.579+0800][gc,stats    ]      Memory: Undo Object Allocation Succeeded                  0 / 0                 0 / 0                 0 / 3                 0 / 3           ops/s
[2023-11-16T15:25:55.579+0800][gc,stats    ]      Memory: Undo Page Allocation                              0 / 0                 0 / 0                 0 / 0                 0 / 0           ops/s
[2023-11-16T15:25:55.579+0800][gc,stats    ]       Phase: Concurrent Mark                               0.000 / 0.000         0.000 / 0.000        21.531 / 24.050       21.531 / 24.050      ms
[2023-11-16T15:25:55.580+0800][gc,stats    ]       Phase: Concurrent Mark Continue                      0.000 / 0.000         0.000 / 0.000         0.000 / 0.000         0.000 / 0.000       ms
[2023-11-16T15:25:55.580+0800][gc,stats    ]       Phase: Concurrent Mark Free                          0.000 / 0.000         0.000 / 0.000         0.001 / 0.001         0.001 / 0.001       ms
[2023-11-16T15:25:55.580+0800][gc,stats    ]       Phase: Concurrent Process Non-Strong References      0.000 / 0.000         0.000 / 0.000         1.995 / 2.420         1.995 / 2.420       ms
[2023-11-16T15:25:55.580+0800][gc,stats    ]       Phase: Concurrent Relocate                           0.000 / 0.000         0.000 / 0.000         2.883 / 2.961         2.883 / 2.961       ms
[2023-11-16T15:25:55.580+0800][gc,stats    ]       Phase: Concurrent Reset Relocation Set               0.000 / 0.000         0.000 / 0.000         0.002 / 0.004         0.002 / 0.004       ms
[2023-11-16T15:25:55.580+0800][gc,stats    ]       Phase: Concurrent Select Relocation Set              0.000 / 0.000         0.000 / 0.000         4.861 / 8.184         4.861 / 8.184       ms
[2023-11-16T15:25:55.580+0800][gc,stats    ]       Phase: Pause Mark End                                0.000 / 0.000         0.000 / 0.000         0.017 / 0.019         0.017 / 0.019       ms
[2023-11-16T15:25:55.580+0800][gc,stats    ]       Phase: Pause Mark Start                              0.000 / 0.000         0.000 / 0.000         0.023 / 0.031         0.023 / 0.031       ms
[2023-11-16T15:25:55.580+0800][gc,stats    ]       Phase: Pause Relocate Start                          0.000 / 0.000         0.000 / 0.000         0.009 / 0.009         0.009 / 0.009       ms
[2023-11-16T15:25:55.580+0800][gc,stats    ]    Subphase: Concurrent Classes Purge                      0.000 / 0.000         0.000 / 0.000         0.066 / 0.071         0.066 / 0.071       ms
[2023-11-16T15:25:55.580+0800][gc,stats    ]    Subphase: Concurrent Classes Unlink                     0.000 / 0.000         0.000 / 0.000         1.264 / 1.492         1.264 / 1.492       ms
[2023-11-16T15:25:55.580+0800][gc,stats    ]    Subphase: Concurrent Mark                               0.000 / 0.000         0.000 / 0.000        18.504 / 22.997       18.504 / 22.997      ms
[2023-11-16T15:25:55.580+0800][gc,stats    ]    Subphase: Concurrent Mark Try Flush                     0.000 / 0.000         0.000 / 0.000         0.201 / 0.455         0.201 / 0.455       ms
[2023-11-16T15:25:55.580+0800][gc,stats    ]    Subphase: Concurrent Mark Try Terminate                 0.000 / 0.000         0.000 / 0.000         4.353 / 12.985        4.353 / 12.985      ms
[2023-11-16T15:25:55.580+0800][gc,stats    ]    Subphase: Concurrent References Enqueue                 0.000 / 0.000         0.000 / 0.000         0.004 / 0.004         0.004 / 0.004       ms
[2023-11-16T15:25:55.580+0800][gc,stats    ]    Subphase: Concurrent References Process                 0.000 / 0.000         0.000 / 0.000         0.104 / 0.123         0.104 / 0.123       ms
[2023-11-16T15:25:55.580+0800][gc,stats    ]    Subphase: Concurrent Roots ClassLoaderDataGraph         0.000 / 0.000         0.000 / 0.000         0.107 / 0.428         0.107 / 0.428       ms
[2023-11-16T15:25:55.580+0800][gc,stats    ]    Subphase: Concurrent Roots CodeCache                    0.000 / 0.000         0.000 / 0.000         0.000 / 0.000         0.000 / 0.000       ms
[2023-11-16T15:25:55.580+0800][gc,stats    ]    Subphase: Concurrent Roots JavaThreads                  0.000 / 0.000         0.000 / 0.000         1.013 / 1.707         1.013 / 1.707       ms
[2023-11-16T15:25:55.580+0800][gc,stats    ]    Subphase: Concurrent Roots OopStorageSet                0.000 / 0.000         0.000 / 0.000         0.146 / 0.289         0.146 / 0.289       ms
[2023-11-16T15:25:55.580+0800][gc,stats    ]    Subphase: Concurrent Weak Roots OopStorageSet           0.000 / 0.000         0.000 / 0.000         0.440 / 0.670         0.440 / 0.670       ms
[2023-11-16T15:25:55.580+0800][gc,stats    ]    Subphase: Pause Mark Try Complete                       0.000 / 0.000         0.000 / 0.000         0.000 / 0.000         0.000 / 0.000       ms
[2023-11-16T15:25:55.580+0800][gc,stats    ]      System: Java Threads                                      0 / 0                 0 / 0                34 / 47               34 / 47          threads
[2023-11-16T15:25:55.580+0800][gc,stats    ] =========================================================================================================================================================
[2023-11-16T15:26:05.582+0800][gc,stats    ] === Garbage Collection Statistics =======================================================================================================================
[2023-11-16T15:26:05.582+0800][gc,stats    ]                                                              Last 10s              Last 10m              Last 10h                Total
[2023-11-16T15:26:05.582+0800][gc,stats    ]                                                              Avg / Max             Avg / Max             Avg / Max             Avg / Max
[2023-11-16T15:26:05.582+0800][gc,stats    ]   Collector: Garbage Collection Cycle                      0.000 / 0.000         0.000 / 0.000        32.129 / 37.536       32.129 / 37.536      ms
[2023-11-16T15:26:05.582+0800][gc,stats    ]  Contention: Mark Segment Reset Contention                     0 / 0                 0 / 0                 0 / 3                 0 / 3           ops/s
[2023-11-16T15:26:05.582+0800][gc,stats    ]  Contention: Mark SeqNum Reset Contention                      0 / 0                 0 / 0                 0 / 0                 0 / 0           ops/s
[2023-11-16T15:26:05.582+0800][gc,stats    ]    Critical: Allocation Stall                                  0 / 0                 0 / 0                 0 / 0                 0 / 0           ops/s
[2023-11-16T15:26:05.582+0800][gc,stats    ]    Critical: Allocation Stall                              0.000 / 0.000         0.000 / 0.000         0.000 / 0.000         0.000 / 0.000       ms
[2023-11-16T15:26:05.582+0800][gc,stats    ]    Critical: GC Locker Stall                                   0 / 0                 0 / 0                 0 / 0                 0 / 0           ops/s
[2023-11-16T15:26:05.582+0800][gc,stats    ]    Critical: GC Locker Stall                               0.000 / 0.000         0.000 / 0.000         0.000 / 0.000         0.000 / 0.000       ms
[2023-11-16T15:26:05.582+0800][gc,stats    ]    Critical: Relocation Stall                                  0 / 0                 0 / 0                 0 / 0                 0 / 0           ops/s
[2023-11-16T15:26:05.582+0800][gc,stats    ]    Critical: Relocation Stall                              0.000 / 0.000         0.000 / 0.000         0.000 / 0.000         0.000 / 0.000       ms
[2023-11-16T15:26:05.582+0800][gc,stats    ]      Memory: Allocation Rate                                   0 / 0                 0 / 0                 0 / 82                0 / 82          MB/s
[2023-11-16T15:26:05.582+0800][gc,stats    ]      Memory: Defragment                                        0 / 0                 0 / 0                 0 / 0                 0 / 0           ops/s
[2023-11-16T15:26:05.582+0800][gc,stats    ]      Memory: Out Of Memory                                     0 / 0                 0 / 0                 0 / 0                 0 / 0           ops/s
[2023-11-16T15:26:05.582+0800][gc,stats    ]      Memory: Page Cache Flush                                  0 / 0                 0 / 0                 0 / 0                 0 / 0           MB/s
[2023-11-16T15:26:05.582+0800][gc,stats    ]      Memory: Page Cache Hit L1                                 0 / 0                 0 / 0                 0 / 33                0 / 33          ops/s
[2023-11-16T15:26:05.582+0800][gc,stats    ]      Memory: Page Cache Hit L2                                 0 / 0                 0 / 0                 0 / 0                 0 / 0           ops/s
[2023-11-16T15:26:05.582+0800][gc,stats    ]      Memory: Page Cache Hit L3                                 0 / 0                 0 / 0                 0 / 41                0 / 41          ops/s
[2023-11-16T15:26:05.582+0800][gc,stats    ]      Memory: Page Cache Miss                                   0 / 0                 0 / 0                 0 / 1                 0 / 1           ops/s
[2023-11-16T15:26:05.582+0800][gc,stats    ]      Memory: Uncommit                                          0 / 0                 0 / 0                 0 / 0                 0 / 0           MB/s
[2023-11-16T15:26:05.582+0800][gc,stats    ]      Memory: Undo Object Allocation Failed                     0 / 0                 0 / 0                 0 / 0                 0 / 0           ops/s
[2023-11-16T15:26:05.582+0800][gc,stats    ]      Memory: Undo Object Allocation Succeeded                  0 / 0                 0 / 0                 0 / 3                 0 / 3           ops/s
[2023-11-16T15:26:05.582+0800][gc,stats    ]      Memory: Undo Page Allocation                              0 / 0                 0 / 0                 0 / 0                 0 / 0           ops/s
[2023-11-16T15:26:05.582+0800][gc,stats    ]       Phase: Concurrent Mark                               0.000 / 0.000         0.000 / 0.000        21.531 / 24.050       21.531 / 24.050      ms
[2023-11-16T15:26:05.582+0800][gc,stats    ]       Phase: Concurrent Mark Continue                      0.000 / 0.000         0.000 / 0.000         0.000 / 0.000         0.000 / 0.000       ms
[2023-11-16T15:26:05.582+0800][gc,stats    ]       Phase: Concurrent Mark Free                          0.000 / 0.000         0.000 / 0.000         0.001 / 0.001         0.001 / 0.001       ms
[2023-11-16T15:26:05.582+0800][gc,stats    ]       Phase: Concurrent Process Non-Strong References      0.000 / 0.000         0.000 / 0.000         1.995 / 2.420         1.995 / 2.420       ms
[2023-11-16T15:26:05.582+0800][gc,stats    ]       Phase: Concurrent Relocate                           0.000 / 0.000         0.000 / 0.000         2.883 / 2.961         2.883 / 2.961       ms
[2023-11-16T15:26:05.582+0800][gc,stats    ]       Phase: Concurrent Reset Relocation Set               0.000 / 0.000         0.000 / 0.000         0.002 / 0.004         0.002 / 0.004       ms
[2023-11-16T15:26:05.582+0800][gc,stats    ]       Phase: Concurrent Select Relocation Set              0.000 / 0.000         0.000 / 0.000         4.861 / 8.184         4.861 / 8.184       ms
[2023-11-16T15:26:05.582+0800][gc,stats    ]       Phase: Pause Mark End                                0.000 / 0.000         0.000 / 0.000         0.017 / 0.019         0.017 / 0.019       ms
[2023-11-16T15:26:05.582+0800][gc,stats    ]       Phase: Pause Mark Start                              0.000 / 0.000         0.000 / 0.000         0.023 / 0.031         0.023 / 0.031       ms
[2023-11-16T15:26:05.582+0800][gc,stats    ]       Phase: Pause Relocate Start                          0.000 / 0.000         0.000 / 0.000         0.009 / 0.009         0.009 / 0.009       ms
[2023-11-16T15:26:05.582+0800][gc,stats    ]    Subphase: Concurrent Classes Purge                      0.000 / 0.000         0.000 / 0.000         0.066 / 0.071         0.066 / 0.071       ms
[2023-11-16T15:26:05.582+0800][gc,stats    ]    Subphase: Concurrent Classes Unlink                     0.000 / 0.000         0.000 / 0.000         1.264 / 1.492         1.264 / 1.492       ms
[2023-11-16T15:26:05.582+0800][gc,stats    ]    Subphase: Concurrent Mark                               0.000 / 0.000         0.000 / 0.000        18.504 / 22.997       18.504 / 22.997      ms
[2023-11-16T15:26:05.582+0800][gc,stats    ]    Subphase: Concurrent Mark Try Flush                     0.000 / 0.000         0.000 / 0.000         0.201 / 0.455         0.201 / 0.455       ms
[2023-11-16T15:26:05.582+0800][gc,stats    ]    Subphase: Concurrent Mark Try Terminate                 0.000 / 0.000         0.000 / 0.000         4.353 / 12.985        4.353 / 12.985      ms
[2023-11-16T15:26:05.582+0800][gc,stats    ]    Subphase: Concurrent References Enqueue                 0.000 / 0.000         0.000 / 0.000         0.004 / 0.004         0.004 / 0.004       ms
[2023-11-16T15:26:05.582+0800][gc,stats    ]    Subphase: Concurrent References Process                 0.000 / 0.000         0.000 / 0.000         0.104 / 0.123         0.104 / 0.123       ms
[2023-11-16T15:26:05.582+0800][gc,stats    ]    Subphase: Concurrent Roots ClassLoaderDataGraph         0.000 / 0.000         0.000 / 0.000         0.107 / 0.428         0.107 / 0.428       ms
[2023-11-16T15:26:05.582+0800][gc,stats    ]    Subphase: Concurrent Roots CodeCache                    0.000 / 0.000         0.000 / 0.000         0.000 / 0.000         0.000 / 0.000       ms
[2023-11-16T15:26:05.582+0800][gc,stats    ]    Subphase: Concurrent Roots JavaThreads                  0.000 / 0.000         0.000 / 0.000         1.013 / 1.707         1.013 / 1.707       ms
[2023-11-16T15:26:05.582+0800][gc,stats    ]    Subphase: Concurrent Roots OopStorageSet                0.000 / 0.000         0.000 / 0.000         0.146 / 0.289         0.146 / 0.289       ms
[2023-11-16T15:26:05.582+0800][gc,stats    ]    Subphase: Concurrent Weak Roots OopStorageSet           0.000 / 0.000         0.000 / 0.000         0.440 / 0.670         0.440 / 0.670       ms
[2023-11-16T15:26:05.582+0800][gc,stats    ]    Subphase: Pause Mark Try Complete                       0.000 / 0.000         0.000 / 0.000         0.000 / 0.000         0.000 / 0.000       ms
[2023-11-16T15:26:05.582+0800][gc,stats    ]      System: Java Threads                                      0 / 0                 0 / 0                34 / 47               34 / 47          threads
[2023-11-16T15:26:05.582+0800][gc,stats    ] =========================================================================================================================================================
[2023-11-16T15:26:15.577+0800][gc,stats    ] === Garbage Collection Statistics =======================================================================================================================
[2023-11-16T15:26:15.577+0800][gc,stats    ]                                                              Last 10s              Last 10m              Last 10h                Total
[2023-11-16T15:26:15.577+0800][gc,stats    ]                                                              Avg / Max             Avg / Max             Avg / Max             Avg / Max
[2023-11-16T15:26:15.577+0800][gc,stats    ]   Collector: Garbage Collection Cycle                      0.000 / 0.000         0.000 / 0.000        32.129 / 37.536       32.129 / 37.536      ms
[2023-11-16T15:26:15.577+0800][gc,stats    ]  Contention: Mark Segment Reset Contention                     0 / 0                 0 / 0                 0 / 3                 0 / 3           ops/s
[2023-11-16T15:26:15.577+0800][gc,stats    ]  Contention: Mark SeqNum Reset Contention                      0 / 0                 0 / 0                 0 / 0                 0 / 0           ops/s
[2023-11-16T15:26:15.577+0800][gc,stats    ]    Critical: Allocation Stall                                  0 / 0                 0 / 0                 0 / 0                 0 / 0           ops/s
[2023-11-16T15:26:15.577+0800][gc,stats    ]    Critical: Allocation Stall                              0.000 / 0.000         0.000 / 0.000         0.000 / 0.000         0.000 / 0.000       ms
[2023-11-16T15:26:15.577+0800][gc,stats    ]    Critical: GC Locker Stall                                   0 / 0                 0 / 0                 0 / 0                 0 / 0           ops/s
[2023-11-16T15:26:15.577+0800][gc,stats    ]    Critical: GC Locker Stall                               0.000 / 0.000         0.000 / 0.000         0.000 / 0.000         0.000 / 0.000       ms
[2023-11-16T15:26:15.577+0800][gc,stats    ]    Critical: Relocation Stall                                  0 / 0                 0 / 0                 0 / 0                 0 / 0           ops/s
[2023-11-16T15:26:15.577+0800][gc,stats    ]    Critical: Relocation Stall                              0.000 / 0.000         0.000 / 0.000         0.000 / 0.000         0.000 / 0.000       ms
[2023-11-16T15:26:15.577+0800][gc,stats    ]      Memory: Allocation Rate                                   0 / 0                 0 / 0                 0 / 82                0 / 82          MB/s
[2023-11-16T15:26:15.577+0800][gc,stats    ]      Memory: Defragment                                        0 / 0                 0 / 0                 0 / 0                 0 / 0           ops/s
[2023-11-16T15:26:15.577+0800][gc,stats    ]      Memory: Out Of Memory                                     0 / 0                 0 / 0                 0 / 0                 0 / 0           ops/s
[2023-11-16T15:26:15.577+0800][gc,stats    ]      Memory: Page Cache Flush                                  0 / 0                 0 / 0                 0 / 0                 0 / 0           MB/s
[2023-11-16T15:26:15.577+0800][gc,stats    ]      Memory: Page Cache Hit L1                                 0 / 0                 0 / 0                 0 / 33                0 / 33          ops/s
[2023-11-16T15:26:15.577+0800][gc,stats    ]      Memory: Page Cache Hit L2                                 0 / 0                 0 / 0                 0 / 0                 0 / 0           ops/s
[2023-11-16T15:26:15.577+0800][gc,stats    ]      Memory: Page Cache Hit L3                                 0 / 0                 0 / 0                 0 / 41                0 / 41          ops/s
[2023-11-16T15:26:15.577+0800][gc,stats    ]      Memory: Page Cache Miss                                   0 / 0                 0 / 0                 0 / 1                 0 / 1           ops/s
[2023-11-16T15:26:15.577+0800][gc,stats    ]      Memory: Uncommit                                          0 / 0                 0 / 0                 0 / 0                 0 / 0           MB/s
[2023-11-16T15:26:15.577+0800][gc,stats    ]      Memory: Undo Object Allocation Failed                     0 / 0                 0 / 0                 0 / 0                 0 / 0           ops/s
[2023-11-16T15:26:15.577+0800][gc,stats    ]      Memory: Undo Object Allocation Succeeded                  0 / 0                 0 / 0                 0 / 3                 0 / 3           ops/s
[2023-11-16T15:26:15.577+0800][gc,stats    ]      Memory: Undo Page Allocation                              0 / 0                 0 / 0                 0 / 0                 0 / 0           ops/s
[2023-11-16T15:26:15.577+0800][gc,stats    ]       Phase: Concurrent Mark                               0.000 / 0.000         0.000 / 0.000        21.531 / 24.050       21.531 / 24.050      ms
[2023-11-16T15:26:15.577+0800][gc,stats    ]       Phase: Concurrent Mark Continue                      0.000 / 0.000         0.000 / 0.000         0.000 / 0.000         0.000 / 0.000       ms
[2023-11-16T15:26:15.577+0800][gc,stats    ]       Phase: Concurrent Mark Free                          0.000 / 0.000         0.000 / 0.000         0.001 / 0.001         0.001 / 0.001       ms
[2023-11-16T15:26:15.577+0800][gc,stats    ]       Phase: Concurrent Process Non-Strong References      0.000 / 0.000         0.000 / 0.000         1.995 / 2.420         1.995 / 2.420       ms
[2023-11-16T15:26:15.577+0800][gc,stats    ]       Phase: Concurrent Relocate                           0.000 / 0.000         0.000 / 0.000         2.883 / 2.961         2.883 / 2.961       ms
[2023-11-16T15:26:15.577+0800][gc,stats    ]       Phase: Concurrent Reset Relocation Set               0.000 / 0.000         0.000 / 0.000         0.002 / 0.004         0.002 / 0.004       ms
[2023-11-16T15:26:15.577+0800][gc,stats    ]       Phase: Concurrent Select Relocation Set              0.000 / 0.000         0.000 / 0.000         4.861 / 8.184         4.861 / 8.184       ms
[2023-11-16T15:26:15.577+0800][gc,stats    ]       Phase: Pause Mark End                                0.000 / 0.000         0.000 / 0.000         0.017 / 0.019         0.017 / 0.019       ms
[2023-11-16T15:26:15.577+0800][gc,stats    ]       Phase: Pause Mark Start                              0.000 / 0.000         0.000 / 0.000         0.023 / 0.031         0.023 / 0.031       ms
[2023-11-16T15:26:15.577+0800][gc,stats    ]       Phase: Pause Relocate Start                          0.000 / 0.000         0.000 / 0.000         0.009 / 0.009         0.009 / 0.009       ms
[2023-11-16T15:26:15.577+0800][gc,stats    ]    Subphase: Concurrent Classes Purge                      0.000 / 0.000         0.000 / 0.000         0.066 / 0.071         0.066 / 0.071       ms
[2023-11-16T15:26:15.577+0800][gc,stats    ]    Subphase: Concurrent Classes Unlink                     0.000 / 0.000         0.000 / 0.000         1.264 / 1.492         1.264 / 1.492       ms
[2023-11-16T15:26:15.577+0800][gc,stats    ]    Subphase: Concurrent Mark                               0.000 / 0.000         0.000 / 0.000        18.504 / 22.997       18.504 / 22.997      ms
[2023-11-16T15:26:15.577+0800][gc,stats    ]    Subphase: Concurrent Mark Try Flush                     0.000 / 0.000         0.000 / 0.000         0.201 / 0.455         0.201 / 0.455       ms
[2023-11-16T15:26:15.577+0800][gc,stats    ]    Subphase: Concurrent Mark Try Terminate                 0.000 / 0.000         0.000 / 0.000         4.353 / 12.985        4.353 / 12.985      ms
[2023-11-16T15:26:15.577+0800][gc,stats    ]    Subphase: Concurrent References Enqueue                 0.000 / 0.000         0.000 / 0.000         0.004 / 0.004         0.004 / 0.004       ms
[2023-11-16T15:26:15.577+0800][gc,stats    ]    Subphase: Concurrent References Process                 0.000 / 0.000         0.000 / 0.000         0.104 / 0.123         0.104 / 0.123       ms
[2023-11-16T15:26:15.577+0800][gc,stats    ]    Subphase: Concurrent Roots ClassLoaderDataGraph         0.000 / 0.000         0.000 / 0.000         0.107 / 0.428         0.107 / 0.428       ms
[2023-11-16T15:26:15.577+0800][gc,stats    ]    Subphase: Concurrent Roots CodeCache                    0.000 / 0.000         0.000 / 0.000         0.000 / 0.000         0.000 / 0.000       ms
[2023-11-16T15:26:15.577+0800][gc,stats    ]    Subphase: Concurrent Roots JavaThreads                  0.000 / 0.000         0.000 / 0.000         1.013 / 1.707         1.013 / 1.707       ms
[2023-11-16T15:26:15.577+0800][gc,stats    ]    Subphase: Concurrent Roots OopStorageSet                0.000 / 0.000         0.000 / 0.000         0.146 / 0.289         0.146 / 0.289       ms
[2023-11-16T15:26:15.577+0800][gc,stats    ]    Subphase: Concurrent Weak Roots OopStorageSet           0.000 / 0.000         0.000 / 0.000         0.440 / 0.670         0.440 / 0.670       ms
[2023-11-16T15:26:15.577+0800][gc,stats    ]    Subphase: Pause Mark Try Complete                       0.000 / 0.000         0.000 / 0.000         0.000 / 0.000         0.000 / 0.000       ms
[2023-11-16T15:26:15.577+0800][gc,stats    ]      System: Java Threads                                      0 / 0                 0 / 0                34 / 47               34 / 47          threads
[2023-11-16T15:26:15.577+0800][gc,stats    ] =========================================================================================================================================================
[2023-11-16T15:26:25.579+0800][gc,stats    ] === Garbage Collection Statistics =======================================================================================================================
[2023-11-16T15:26:25.579+0800][gc,stats    ]                                                              Last 10s              Last 10m              Last 10h                Total
[2023-11-16T15:26:25.579+0800][gc,stats    ]                                                              Avg / Max             Avg / Max             Avg / Max             Avg / Max
[2023-11-16T15:26:25.579+0800][gc,stats    ]   Collector: Garbage Collection Cycle                      0.000 / 0.000         0.000 / 0.000        32.129 / 37.536       32.129 / 37.536      ms
[2023-11-16T15:26:25.579+0800][gc,stats    ]  Contention: Mark Segment Reset Contention                     0 / 0                 0 / 0                 0 / 3                 0 / 3           ops/s
[2023-11-16T15:26:25.579+0800][gc,stats    ]  Contention: Mark SeqNum Reset Contention                      0 / 0                 0 / 0                 0 / 0                 0 / 0           ops/s
[2023-11-16T15:26:25.579+0800][gc,stats    ]    Critical: Allocation Stall                                  0 / 0                 0 / 0                 0 / 0                 0 / 0           ops/s
[2023-11-16T15:26:25.579+0800][gc,stats    ]    Critical: Allocation Stall                              0.000 / 0.000         0.000 / 0.000         0.000 / 0.000         0.000 / 0.000       ms
[2023-11-16T15:26:25.579+0800][gc,stats    ]    Critical: GC Locker Stall                                   0 / 0                 0 / 0                 0 / 0                 0 / 0           ops/s
[2023-11-16T15:26:25.579+0800][gc,stats    ]    Critical: GC Locker Stall                               0.000 / 0.000         0.000 / 0.000         0.000 / 0.000         0.000 / 0.000       ms
[2023-11-16T15:26:25.579+0800][gc,stats    ]    Critical: Relocation Stall                                  0 / 0                 0 / 0                 0 / 0                 0 / 0           ops/s
[2023-11-16T15:26:25.579+0800][gc,stats    ]    Critical: Relocation Stall                              0.000 / 0.000         0.000 / 0.000         0.000 / 0.000         0.000 / 0.000       ms
[2023-11-16T15:26:25.579+0800][gc,stats    ]      Memory: Allocation Rate                                   0 / 0                 0 / 0                 0 / 82                0 / 82          MB/s
[2023-11-16T15:26:25.579+0800][gc,stats    ]      Memory: Defragment                                        0 / 0                 0 / 0                 0 / 0                 0 / 0           ops/s
[2023-11-16T15:26:25.579+0800][gc,stats    ]      Memory: Out Of Memory                                     0 / 0                 0 / 0                 0 / 0                 0 / 0           ops/s
[2023-11-16T15:26:25.579+0800][gc,stats    ]      Memory: Page Cache Flush                                  0 / 0                 0 / 0                 0 / 0                 0 / 0           MB/s
[2023-11-16T15:26:25.579+0800][gc,stats    ]      Memory: Page Cache Hit L1                                 0 / 0                 0 / 0                 0 / 33                0 / 33          ops/s
[2023-11-16T15:26:25.579+0800][gc,stats    ]      Memory: Page Cache Hit L2                                 0 / 0                 0 / 0                 0 / 0                 0 / 0           ops/s
[2023-11-16T15:26:25.579+0800][gc,stats    ]      Memory: Page Cache Hit L3                                 0 / 0                 0 / 0                 0 / 41                0 / 41          ops/s
[2023-11-16T15:26:25.579+0800][gc,stats    ]      Memory: Page Cache Miss                                   0 / 0                 0 / 0                 0 / 1                 0 / 1           ops/s
[2023-11-16T15:26:25.579+0800][gc,stats    ]      Memory: Uncommit                                          0 / 0                 0 / 0                 0 / 0                 0 / 0           MB/s
[2023-11-16T15:26:25.579+0800][gc,stats    ]      Memory: Undo Object Allocation Failed                     0 / 0                 0 / 0                 0 / 0                 0 / 0           ops/s
[2023-11-16T15:26:25.579+0800][gc,stats    ]      Memory: Undo Object Allocation Succeeded                  0 / 0                 0 / 0                 0 / 3                 0 / 3           ops/s
[2023-11-16T15:26:25.579+0800][gc,stats    ]      Memory: Undo Page Allocation                              0 / 0                 0 / 0                 0 / 0                 0 / 0           ops/s
[2023-11-16T15:26:25.579+0800][gc,stats    ]       Phase: Concurrent Mark                               0.000 / 0.000         0.000 / 0.000        21.531 / 24.050       21.531 / 24.050      ms
[2023-11-16T15:26:25.579+0800][gc,stats    ]       Phase: Concurrent Mark Continue                      0.000 / 0.000         0.000 / 0.000         0.000 / 0.000         0.000 / 0.000       ms
[2023-11-16T15:26:25.579+0800][gc,stats    ]       Phase: Concurrent Mark Free                          0.000 / 0.000         0.000 / 0.000         0.001 / 0.001         0.001 / 0.001       ms
[2023-11-16T15:26:25.579+0800][gc,stats    ]       Phase: Concurrent Process Non-Strong References      0.000 / 0.000         0.000 / 0.000         1.995 / 2.420         1.995 / 2.420       ms
[2023-11-16T15:26:25.579+0800][gc,stats    ]       Phase: Concurrent Relocate                           0.000 / 0.000         0.000 / 0.000         2.883 / 2.961         2.883 / 2.961       ms
[2023-11-16T15:26:25.579+0800][gc,stats    ]       Phase: Concurrent Reset Relocation Set               0.000 / 0.000         0.000 / 0.000         0.002 / 0.004         0.002 / 0.004       ms
[2023-11-16T15:26:25.579+0800][gc,stats    ]       Phase: Concurrent Select Relocation Set              0.000 / 0.000         0.000 / 0.000         4.861 / 8.184         4.861 / 8.184       ms
[2023-11-16T15:26:25.579+0800][gc,stats    ]       Phase: Pause Mark End                                0.000 / 0.000         0.000 / 0.000         0.017 / 0.019         0.017 / 0.019       ms
[2023-11-16T15:26:25.579+0800][gc,stats    ]       Phase: Pause Mark Start                              0.000 / 0.000         0.000 / 0.000         0.023 / 0.031         0.023 / 0.031       ms
[2023-11-16T15:26:25.579+0800][gc,stats    ]       Phase: Pause Relocate Start                          0.000 / 0.000         0.000 / 0.000         0.009 / 0.009         0.009 / 0.009       ms
[2023-11-16T15:26:25.579+0800][gc,stats    ]    Subphase: Concurrent Classes Purge                      0.000 / 0.000         0.000 / 0.000         0.066 / 0.071         0.066 / 0.071       ms
[2023-11-16T15:26:25.579+0800][gc,stats    ]    Subphase: Concurrent Classes Unlink                     0.000 / 0.000         0.000 / 0.000         1.264 / 1.492         1.264 / 1.492       ms
[2023-11-16T15:26:25.579+0800][gc,stats    ]    Subphase: Concurrent Mark                               0.000 / 0.000         0.000 / 0.000        18.504 / 22.997       18.504 / 22.997      ms
[2023-11-16T15:26:25.579+0800][gc,stats    ]    Subphase: Concurrent Mark Try Flush                     0.000 / 0.000         0.000 / 0.000         0.201 / 0.455         0.201 / 0.455       ms
[2023-11-16T15:26:25.579+0800][gc,stats    ]    Subphase: Concurrent Mark Try Terminate                 0.000 / 0.000         0.000 / 0.000         4.353 / 12.985        4.353 / 12.985      ms
[2023-11-16T15:26:25.579+0800][gc,stats    ]    Subphase: Concurrent References Enqueue                 0.000 / 0.000         0.000 / 0.000         0.004 / 0.004         0.004 / 0.004       ms
[2023-11-16T15:26:25.579+0800][gc,stats    ]    Subphase: Concurrent References Process                 0.000 / 0.000         0.000 / 0.000         0.104 / 0.123         0.104 / 0.123       ms
[2023-11-16T15:26:25.579+0800][gc,stats    ]    Subphase: Concurrent Roots ClassLoaderDataGraph         0.000 / 0.000         0.000 / 0.000         0.107 / 0.428         0.107 / 0.428       ms
[2023-11-16T15:26:25.579+0800][gc,stats    ]    Subphase: Concurrent Roots CodeCache                    0.000 / 0.000         0.000 / 0.000         0.000 / 0.000         0.000 / 0.000       ms
[2023-11-16T15:26:25.579+0800][gc,stats    ]    Subphase: Concurrent Roots JavaThreads                  0.000 / 0.000         0.000 / 0.000         1.013 / 1.707         1.013 / 1.707       ms
[2023-11-16T15:26:25.579+0800][gc,stats    ]    Subphase: Concurrent Roots OopStorageSet                0.000 / 0.000         0.000 / 0.000         0.146 / 0.289         0.146 / 0.289       ms
[2023-11-16T15:26:25.579+0800][gc,stats    ]    Subphase: Concurrent Weak Roots OopStorageSet           0.000 / 0.000         0.000 / 0.000         0.440 / 0.670         0.440 / 0.670       ms
[2023-11-16T15:26:25.579+0800][gc,stats    ]    Subphase: Pause Mark Try Complete                       0.000 / 0.000         0.000 / 0.000         0.000 / 0.000         0.000 / 0.000       ms
[2023-11-16T15:26:25.579+0800][gc,stats    ]      System: Java Threads                                      0 / 0                 0 / 0                34 / 47               34 / 47          threads
[2023-11-16T15:26:25.579+0800][gc,stats    ] =========================================================================================================================================================
[2023-11-16T15:26:35.579+0800][gc,stats    ] === Garbage Collection Statistics =======================================================================================================================
[2023-11-16T15:26:35.579+0800][gc,stats    ]                                                              Last 10s              Last 10m              Last 10h                Total
[2023-11-16T15:26:35.579+0800][gc,stats    ]                                                              Avg / Max             Avg / Max             Avg / Max             Avg / Max
[2023-11-16T15:26:35.579+0800][gc,stats    ]   Collector: Garbage Collection Cycle                      0.000 / 0.000         0.000 / 0.000        32.129 / 37.536       32.129 / 37.536      ms
[2023-11-16T15:26:35.579+0800][gc,stats    ]  Contention: Mark Segment Reset Contention                     0 / 0                 0 / 0                 0 / 3                 0 / 3           ops/s
[2023-11-16T15:26:35.579+0800][gc,stats    ]  Contention: Mark SeqNum Reset Contention                      0 / 0                 0 / 0                 0 / 0                 0 / 0           ops/s
[2023-11-16T15:26:35.579+0800][gc,stats    ]    Critical: Allocation Stall                                  0 / 0                 0 / 0                 0 / 0                 0 / 0           ops/s
[2023-11-16T15:26:35.579+0800][gc,stats    ]    Critical: Allocation Stall                              0.000 / 0.000         0.000 / 0.000         0.000 / 0.000         0.000 / 0.000       ms
[2023-11-16T15:26:35.579+0800][gc,stats    ]    Critical: GC Locker Stall                                   0 / 0                 0 / 0                 0 / 0                 0 / 0           ops/s
[2023-11-16T15:26:35.579+0800][gc,stats    ]    Critical: GC Locker Stall                               0.000 / 0.000         0.000 / 0.000         0.000 / 0.000         0.000 / 0.000       ms
[2023-11-16T15:26:35.579+0800][gc,stats    ]    Critical: Relocation Stall                                  0 / 0                 0 / 0                 0 / 0                 0 / 0           ops/s
[2023-11-16T15:26:35.579+0800][gc,stats    ]    Critical: Relocation Stall                              0.000 / 0.000         0.000 / 0.000         0.000 / 0.000         0.000 / 0.000       ms
[2023-11-16T15:26:35.579+0800][gc,stats    ]      Memory: Allocation Rate                                   0 / 0                 0 / 0                 0 / 82                0 / 82          MB/s
[2023-11-16T15:26:35.579+0800][gc,stats    ]      Memory: Defragment                                        0 / 0                 0 / 0                 0 / 0                 0 / 0           ops/s
[2023-11-16T15:26:35.579+0800][gc,stats    ]      Memory: Out Of Memory                                     0 / 0                 0 / 0                 0 / 0                 0 / 0           ops/s
[2023-11-16T15:26:35.579+0800][gc,stats    ]      Memory: Page Cache Flush                                  0 / 0                 0 / 0                 0 / 0                 0 / 0           MB/s
[2023-11-16T15:26:35.579+0800][gc,stats    ]      Memory: Page Cache Hit L1                                 0 / 0                 0 / 0                 0 / 33                0 / 33          ops/s
[2023-11-16T15:26:35.579+0800][gc,stats    ]      Memory: Page Cache Hit L2                                 0 / 0                 0 / 0                 0 / 0                 0 / 0           ops/s
[2023-11-16T15:26:35.579+0800][gc,stats    ]      Memory: Page Cache Hit L3                                 0 / 0                 0 / 0                 0 / 41                0 / 41          ops/s
[2023-11-16T15:26:35.579+0800][gc,stats    ]      Memory: Page Cache Miss                                   0 / 0                 0 / 0                 0 / 1                 0 / 1           ops/s
[2023-11-16T15:26:35.579+0800][gc,stats    ]      Memory: Uncommit                                          0 / 0                 0 / 0                 0 / 0                 0 / 0           MB/s
[2023-11-16T15:26:35.579+0800][gc,stats    ]      Memory: Undo Object Allocation Failed                     0 / 0                 0 / 0                 0 / 0                 0 / 0           ops/s
[2023-11-16T15:26:35.579+0800][gc,stats    ]      Memory: Undo Object Allocation Succeeded                  0 / 0                 0 / 0                 0 / 3                 0 / 3           ops/s
[2023-11-16T15:26:35.579+0800][gc,stats    ]      Memory: Undo Page Allocation                              0 / 0                 0 / 0                 0 / 0                 0 / 0           ops/s
[2023-11-16T15:26:35.579+0800][gc,stats    ]       Phase: Concurrent Mark                               0.000 / 0.000         0.000 / 0.000        21.531 / 24.050       21.531 / 24.050      ms
[2023-11-16T15:26:35.579+0800][gc,stats    ]       Phase: Concurrent Mark Continue                      0.000 / 0.000         0.000 / 0.000         0.000 / 0.000         0.000 / 0.000       ms
[2023-11-16T15:26:35.579+0800][gc,stats    ]       Phase: Concurrent Mark Free                          0.000 / 0.000         0.000 / 0.000         0.001 / 0.001         0.001 / 0.001       ms
[2023-11-16T15:26:35.579+0800][gc,stats    ]       Phase: Concurrent Process Non-Strong References      0.000 / 0.000         0.000 / 0.000         1.995 / 2.420         1.995 / 2.420       ms
[2023-11-16T15:26:35.579+0800][gc,stats    ]       Phase: Concurrent Relocate                           0.000 / 0.000         0.000 / 0.000         2.883 / 2.961         2.883 / 2.961       ms
[2023-11-16T15:26:35.579+0800][gc,stats    ]       Phase: Concurrent Reset Relocation Set               0.000 / 0.000         0.000 / 0.000         0.002 / 0.004         0.002 / 0.004       ms
[2023-11-16T15:26:35.579+0800][gc,stats    ]       Phase: Concurrent Select Relocation Set              0.000 / 0.000         0.000 / 0.000         4.861 / 8.184         4.861 / 8.184       ms
[2023-11-16T15:26:35.579+0800][gc,stats    ]       Phase: Pause Mark End                                0.000 / 0.000         0.000 / 0.000         0.017 / 0.019         0.017 / 0.019       ms
[2023-11-16T15:26:35.579+0800][gc,stats    ]       Phase: Pause Mark Start                              0.000 / 0.000         0.000 / 0.000         0.023 / 0.031         0.023 / 0.031       ms
[2023-11-16T15:26:35.579+0800][gc,stats    ]       Phase: Pause Relocate Start                          0.000 / 0.000         0.000 / 0.000         0.009 / 0.009         0.009 / 0.009       ms
[2023-11-16T15:26:35.579+0800][gc,stats    ]    Subphase: Concurrent Classes Purge                      0.000 / 0.000         0.000 / 0.000         0.066 / 0.071         0.066 / 0.071       ms
[2023-11-16T15:26:35.579+0800][gc,stats    ]    Subphase: Concurrent Classes Unlink                     0.000 / 0.000         0.000 / 0.000         1.264 / 1.492         1.264 / 1.492       ms
[2023-11-16T15:26:35.579+0800][gc,stats    ]    Subphase: Concurrent Mark                               0.000 / 0.000         0.000 / 0.000        18.504 / 22.997       18.504 / 22.997      ms
[2023-11-16T15:26:35.579+0800][gc,stats    ]    Subphase: Concurrent Mark Try Flush                     0.000 / 0.000         0.000 / 0.000         0.201 / 0.455         0.201 / 0.455       ms
[2023-11-16T15:26:35.579+0800][gc,stats    ]    Subphase: Concurrent Mark Try Terminate                 0.000 / 0.000         0.000 / 0.000         4.353 / 12.985        4.353 / 12.985      ms
[2023-11-16T15:26:35.579+0800][gc,stats    ]    Subphase: Concurrent References Enqueue                 0.000 / 0.000         0.000 / 0.000         0.004 / 0.004         0.004 / 0.004       ms
[2023-11-16T15:26:35.579+0800][gc,stats    ]    Subphase: Concurrent References Process                 0.000 / 0.000         0.000 / 0.000         0.104 / 0.123         0.104 / 0.123       ms
[2023-11-16T15:26:35.579+0800][gc,stats    ]    Subphase: Concurrent Roots ClassLoaderDataGraph         0.000 / 0.000         0.000 / 0.000         0.107 / 0.428         0.107 / 0.428       ms
[2023-11-16T15:26:35.579+0800][gc,stats    ]    Subphase: Concurrent Roots CodeCache                    0.000 / 0.000         0.000 / 0.000         0.000 / 0.000         0.000 / 0.000       ms
[2023-11-16T15:26:35.579+0800][gc,stats    ]    Subphase: Concurrent Roots JavaThreads                  0.000 / 0.000         0.000 / 0.000         1.013 / 1.707         1.013 / 1.707       ms
[2023-11-16T15:26:35.579+0800][gc,stats    ]    Subphase: Concurrent Roots OopStorageSet                0.000 / 0.000         0.000 / 0.000         0.146 / 0.289         0.146 / 0.289       ms
[2023-11-16T15:26:35.579+0800][gc,stats    ]    Subphase: Concurrent Weak Roots OopStorageSet           0.000 / 0.000         0.000 / 0.000         0.440 / 0.670         0.440 / 0.670       ms
[2023-11-16T15:26:35.579+0800][gc,stats    ]    Subphase: Pause Mark Try Complete                       0.000 / 0.000         0.000 / 0.000         0.000 / 0.000         0.000 / 0.000       ms
[2023-11-16T15:26:35.579+0800][gc,stats    ]      System: Java Threads                                      0 / 0                 0 / 0                34 / 47               34 / 47          threads
[2023-11-16T15:26:35.579+0800][gc,stats    ] =========================================================================================================================================================
[2023-11-16T15:26:45.580+0800][gc,stats    ] === Garbage Collection Statistics =======================================================================================================================
[2023-11-16T15:26:45.580+0800][gc,stats    ]                                                              Last 10s              Last 10m              Last 10h                Total
[2023-11-16T15:26:45.580+0800][gc,stats    ]                                                              Avg / Max             Avg / Max             Avg / Max             Avg / Max
[2023-11-16T15:26:45.580+0800][gc,stats    ]   Collector: Garbage Collection Cycle                      0.000 / 0.000         0.000 / 0.000        32.129 / 37.536       32.129 / 37.536      ms
[2023-11-16T15:26:45.580+0800][gc,stats    ]  Contention: Mark Segment Reset Contention                     0 / 0                 0 / 0                 0 / 3                 0 / 3           ops/s
[2023-11-16T15:26:45.580+0800][gc,stats    ]  Contention: Mark SeqNum Reset Contention                      0 / 0                 0 / 0                 0 / 0                 0 / 0           ops/s
[2023-11-16T15:26:45.580+0800][gc,stats    ]    Critical: Allocation Stall                                  0 / 0                 0 / 0                 0 / 0                 0 / 0           ops/s
[2023-11-16T15:26:45.580+0800][gc,stats    ]    Critical: Allocation Stall                              0.000 / 0.000         0.000 / 0.000         0.000 / 0.000         0.000 / 0.000       ms
[2023-11-16T15:26:45.580+0800][gc,stats    ]    Critical: GC Locker Stall                                   0 / 0                 0 / 0                 0 / 0                 0 / 0           ops/s
[2023-11-16T15:26:45.580+0800][gc,stats    ]    Critical: GC Locker Stall                               0.000 / 0.000         0.000 / 0.000         0.000 / 0.000         0.000 / 0.000       ms
[2023-11-16T15:26:45.580+0800][gc,stats    ]    Critical: Relocation Stall                                  0 / 0                 0 / 0                 0 / 0                 0 / 0           ops/s
[2023-11-16T15:26:45.580+0800][gc,stats    ]    Critical: Relocation Stall                              0.000 / 0.000         0.000 / 0.000         0.000 / 0.000         0.000 / 0.000       ms
[2023-11-16T15:26:45.580+0800][gc,stats    ]      Memory: Allocation Rate                                   0 / 0                 0 / 0                 0 / 82                0 / 82          MB/s
[2023-11-16T15:26:45.580+0800][gc,stats    ]      Memory: Defragment                                        0 / 0                 0 / 0                 0 / 0                 0 / 0           ops/s
[2023-11-16T15:26:45.580+0800][gc,stats    ]      Memory: Out Of Memory                                     0 / 0                 0 / 0                 0 / 0                 0 / 0           ops/s
[2023-11-16T15:26:45.580+0800][gc,stats    ]      Memory: Page Cache Flush                                  0 / 0                 0 / 0                 0 / 0                 0 / 0           MB/s
[2023-11-16T15:26:45.580+0800][gc,stats    ]      Memory: Page Cache Hit L1                                 0 / 0                 0 / 0                 0 / 33                0 / 33          ops/s
[2023-11-16T15:26:45.580+0800][gc,stats    ]      Memory: Page Cache Hit L2                                 0 / 0                 0 / 0                 0 / 0                 0 / 0           ops/s
[2023-11-16T15:26:45.580+0800][gc,stats    ]      Memory: Page Cache Hit L3                                 0 / 0                 0 / 0                 0 / 41                0 / 41          ops/s
[2023-11-16T15:26:45.580+0800][gc,stats    ]      Memory: Page Cache Miss                                   0 / 0                 0 / 0                 0 / 1                 0 / 1           ops/s
[2023-11-16T15:26:45.580+0800][gc,stats    ]      Memory: Uncommit                                          0 / 0                 0 / 0                 0 / 0                 0 / 0           MB/s
[2023-11-16T15:26:45.580+0800][gc,stats    ]      Memory: Undo Object Allocation Failed                     0 / 0                 0 / 0                 0 / 0                 0 / 0           ops/s
[2023-11-16T15:26:45.580+0800][gc,stats    ]      Memory: Undo Object Allocation Succeeded                  0 / 0                 0 / 0                 0 / 3                 0 / 3           ops/s
[2023-11-16T15:26:45.580+0800][gc,stats    ]      Memory: Undo Page Allocation                              0 / 0                 0 / 0                 0 / 0                 0 / 0           ops/s
[2023-11-16T15:26:45.580+0800][gc,stats    ]       Phase: Concurrent Mark                               0.000 / 0.000         0.000 / 0.000        21.531 / 24.050       21.531 / 24.050      ms
[2023-11-16T15:26:45.580+0800][gc,stats    ]       Phase: Concurrent Mark Continue                      0.000 / 0.000         0.000 / 0.000         0.000 / 0.000         0.000 / 0.000       ms
[2023-11-16T15:26:45.580+0800][gc,stats    ]       Phase: Concurrent Mark Free                          0.000 / 0.000         0.000 / 0.000         0.001 / 0.001         0.001 / 0.001       ms
[2023-11-16T15:26:45.580+0800][gc,stats    ]       Phase: Concurrent Process Non-Strong References      0.000 / 0.000         0.000 / 0.000         1.995 / 2.420         1.995 / 2.420       ms
[2023-11-16T15:26:45.580+0800][gc,stats    ]       Phase: Concurrent Relocate                           0.000 / 0.000         0.000 / 0.000         2.883 / 2.961         2.883 / 2.961       ms
[2023-11-16T15:26:45.580+0800][gc,stats    ]       Phase: Concurrent Reset Relocation Set               0.000 / 0.000         0.000 / 0.000         0.002 / 0.004         0.002 / 0.004       ms
[2023-11-16T15:26:45.580+0800][gc,stats    ]       Phase: Concurrent Select Relocation Set              0.000 / 0.000         0.000 / 0.000         4.861 / 8.184         4.861 / 8.184       ms
[2023-11-16T15:26:45.580+0800][gc,stats    ]       Phase: Pause Mark End                                0.000 / 0.000         0.000 / 0.000         0.017 / 0.019         0.017 / 0.019       ms
[2023-11-16T15:26:45.580+0800][gc,stats    ]       Phase: Pause Mark Start                              0.000 / 0.000         0.000 / 0.000         0.023 / 0.031         0.023 / 0.031       ms
[2023-11-16T15:26:45.580+0800][gc,stats    ]       Phase: Pause Relocate Start                          0.000 / 0.000         0.000 / 0.000         0.009 / 0.009         0.009 / 0.009       ms
[2023-11-16T15:26:45.580+0800][gc,stats    ]    Subphase: Concurrent Classes Purge                      0.000 / 0.000         0.000 / 0.000         0.066 / 0.071         0.066 / 0.071       ms
[2023-11-16T15:26:45.580+0800][gc,stats    ]    Subphase: Concurrent Classes Unlink                     0.000 / 0.000         0.000 / 0.000         1.264 / 1.492         1.264 / 1.492       ms
[2023-11-16T15:26:45.580+0800][gc,stats    ]    Subphase: Concurrent Mark                               0.000 / 0.000         0.000 / 0.000        18.504 / 22.997       18.504 / 22.997      ms
[2023-11-16T15:26:45.580+0800][gc,stats    ]    Subphase: Concurrent Mark Try Flush                     0.000 / 0.000         0.000 / 0.000         0.201 / 0.455         0.201 / 0.455       ms
[2023-11-16T15:26:45.580+0800][gc,stats    ]    Subphase: Concurrent Mark Try Terminate                 0.000 / 0.000         0.000 / 0.000         4.353 / 12.985        4.353 / 12.985      ms
[2023-11-16T15:26:45.580+0800][gc,stats    ]    Subphase: Concurrent References Enqueue                 0.000 / 0.000         0.000 / 0.000         0.004 / 0.004         0.004 / 0.004       ms
[2023-11-16T15:26:45.580+0800][gc,stats    ]    Subphase: Concurrent References Process                 0.000 / 0.000         0.000 / 0.000         0.104 / 0.123         0.104 / 0.123       ms
[2023-11-16T15:26:45.580+0800][gc,stats    ]    Subphase: Concurrent Roots ClassLoaderDataGraph         0.000 / 0.000         0.000 / 0.000         0.107 / 0.428         0.107 / 0.428       ms
[2023-11-16T15:26:45.580+0800][gc,stats    ]    Subphase: Concurrent Roots CodeCache                    0.000 / 0.000         0.000 / 0.000         0.000 / 0.000         0.000 / 0.000       ms
[2023-11-16T15:26:45.580+0800][gc,stats    ]    Subphase: Concurrent Roots JavaThreads                  0.000 / 0.000         0.000 / 0.000         1.013 / 1.707         1.013 / 1.707       ms
[2023-11-16T15:26:45.580+0800][gc,stats    ]    Subphase: Concurrent Roots OopStorageSet                0.000 / 0.000         0.000 / 0.000         0.146 / 0.289         0.146 / 0.289       ms
[2023-11-16T15:26:45.580+0800][gc,stats    ]    Subphase: Concurrent Weak Roots OopStorageSet           0.000 / 0.000         0.000 / 0.000         0.440 / 0.670         0.440 / 0.670       ms
[2023-11-16T15:26:45.580+0800][gc,stats    ]    Subphase: Pause Mark Try Complete                       0.000 / 0.000         0.000 / 0.000         0.000 / 0.000         0.000 / 0.000       ms
[2023-11-16T15:26:45.580+0800][gc,stats    ]      System: Java Threads                                      0 / 0                 0 / 0                34 / 47               34 / 47          threads
[2023-11-16T15:26:45.580+0800][gc,stats    ] =========================================================================================================================================================
[2023-11-16T15:26:55.580+0800][gc,stats    ] === Garbage Collection Statistics =======================================================================================================================
[2023-11-16T15:26:55.580+0800][gc,stats    ]                                                              Last 10s              Last 10m              Last 10h                Total
[2023-11-16T15:26:55.580+0800][gc,stats    ]                                                              Avg / Max             Avg / Max             Avg / Max             Avg / Max
[2023-11-16T15:26:55.580+0800][gc,stats    ]   Collector: Garbage Collection Cycle                      0.000 / 0.000         0.000 / 0.000        32.129 / 37.536       32.129 / 37.536      ms
[2023-11-16T15:26:55.580+0800][gc,stats    ]  Contention: Mark Segment Reset Contention                     0 / 0                 0 / 0                 0 / 3                 0 / 3           ops/s
[2023-11-16T15:26:55.580+0800][gc,stats    ]  Contention: Mark SeqNum Reset Contention                      0 / 0                 0 / 0                 0 / 0                 0 / 0           ops/s
[2023-11-16T15:26:55.580+0800][gc,stats    ]    Critical: Allocation Stall                                  0 / 0                 0 / 0                 0 / 0                 0 / 0           ops/s
[2023-11-16T15:26:55.580+0800][gc,stats    ]    Critical: Allocation Stall                              0.000 / 0.000         0.000 / 0.000         0.000 / 0.000         0.000 / 0.000       ms
[2023-11-16T15:26:55.580+0800][gc,stats    ]    Critical: GC Locker Stall                                   0 / 0                 0 / 0                 0 / 0                 0 / 0           ops/s
[2023-11-16T15:26:55.580+0800][gc,stats    ]    Critical: GC Locker Stall                               0.000 / 0.000         0.000 / 0.000         0.000 / 0.000         0.000 / 0.000       ms
[2023-11-16T15:26:55.580+0800][gc,stats    ]    Critical: Relocation Stall                                  0 / 0                 0 / 0                 0 / 0                 0 / 0           ops/s
[2023-11-16T15:26:55.580+0800][gc,stats    ]    Critical: Relocation Stall                              0.000 / 0.000         0.000 / 0.000         0.000 / 0.000         0.000 / 0.000       ms
[2023-11-16T15:26:55.580+0800][gc,stats    ]      Memory: Allocation Rate                                   0 / 0                 0 / 0                 0 / 82                0 / 82          MB/s
[2023-11-16T15:26:55.580+0800][gc,stats    ]      Memory: Defragment                                        0 / 0                 0 / 0                 0 / 0                 0 / 0           ops/s
[2023-11-16T15:26:55.580+0800][gc,stats    ]      Memory: Out Of Memory                                     0 / 0                 0 / 0                 0 / 0                 0 / 0           ops/s
[2023-11-16T15:26:55.580+0800][gc,stats    ]      Memory: Page Cache Flush                                  0 / 0                 0 / 0                 0 / 0                 0 / 0           MB/s
[2023-11-16T15:26:55.580+0800][gc,stats    ]      Memory: Page Cache Hit L1                                 0 / 0                 0 / 0                 0 / 33                0 / 33          ops/s
[2023-11-16T15:26:55.580+0800][gc,stats    ]      Memory: Page Cache Hit L2                                 0 / 0                 0 / 0                 0 / 0                 0 / 0           ops/s
[2023-11-16T15:26:55.580+0800][gc,stats    ]      Memory: Page Cache Hit L3                                 0 / 0                 0 / 0                 0 / 41                0 / 41          ops/s
[2023-11-16T15:26:55.580+0800][gc,stats    ]      Memory: Page Cache Miss                                   0 / 0                 0 / 0                 0 / 1                 0 / 1           ops/s
[2023-11-16T15:26:55.580+0800][gc,stats    ]      Memory: Uncommit                                          0 / 0                 0 / 0                 0 / 0                 0 / 0           MB/s
[2023-11-16T15:26:55.580+0800][gc,stats    ]      Memory: Undo Object Allocation Failed                     0 / 0                 0 / 0                 0 / 0                 0 / 0           ops/s
[2023-11-16T15:26:55.580+0800][gc,stats    ]      Memory: Undo Object Allocation Succeeded                  0 / 0                 0 / 0                 0 / 3                 0 / 3           ops/s
[2023-11-16T15:26:55.580+0800][gc,stats    ]      Memory: Undo Page Allocation                              0 / 0                 0 / 0                 0 / 0                 0 / 0           ops/s
[2023-11-16T15:26:55.580+0800][gc,stats    ]       Phase: Concurrent Mark                               0.000 / 0.000         0.000 / 0.000        21.531 / 24.050       21.531 / 24.050      ms
[2023-11-16T15:26:55.580+0800][gc,stats    ]       Phase: Concurrent Mark Continue                      0.000 / 0.000         0.000 / 0.000         0.000 / 0.000         0.000 / 0.000       ms
[2023-11-16T15:26:55.580+0800][gc,stats    ]       Phase: Concurrent Mark Free                          0.000 / 0.000         0.000 / 0.000         0.001 / 0.001         0.001 / 0.001       ms
[2023-11-16T15:26:55.580+0800][gc,stats    ]       Phase: Concurrent Process Non-Strong References      0.000 / 0.000         0.000 / 0.000         1.995 / 2.420         1.995 / 2.420       ms
[2023-11-16T15:26:55.580+0800][gc,stats    ]       Phase: Concurrent Relocate                           0.000 / 0.000         0.000 / 0.000         2.883 / 2.961         2.883 / 2.961       ms
[2023-11-16T15:26:55.580+0800][gc,stats    ]       Phase: Concurrent Reset Relocation Set               0.000 / 0.000         0.000 / 0.000         0.002 / 0.004         0.002 / 0.004       ms
[2023-11-16T15:26:55.580+0800][gc,stats    ]       Phase: Concurrent Select Relocation Set              0.000 / 0.000         0.000 / 0.000         4.861 / 8.184         4.861 / 8.184       ms
[2023-11-16T15:26:55.580+0800][gc,stats    ]       Phase: Pause Mark End                                0.000 / 0.000         0.000 / 0.000         0.017 / 0.019         0.017 / 0.019       ms
[2023-11-16T15:26:55.580+0800][gc,stats    ]       Phase: Pause Mark Start                              0.000 / 0.000         0.000 / 0.000         0.023 / 0.031         0.023 / 0.031       ms
[2023-11-16T15:26:55.580+0800][gc,stats    ]       Phase: Pause Relocate Start                          0.000 / 0.000         0.000 / 0.000         0.009 / 0.009         0.009 / 0.009       ms
[2023-11-16T15:26:55.580+0800][gc,stats    ]    Subphase: Concurrent Classes Purge                      0.000 / 0.000         0.000 / 0.000         0.066 / 0.071         0.066 / 0.071       ms
[2023-11-16T15:26:55.580+0800][gc,stats    ]    Subphase: Concurrent Classes Unlink                     0.000 / 0.000         0.000 / 0.000         1.264 / 1.492         1.264 / 1.492       ms
[2023-11-16T15:26:55.580+0800][gc,stats    ]    Subphase: Concurrent Mark                               0.000 / 0.000         0.000 / 0.000        18.504 / 22.997       18.504 / 22.997      ms
[2023-11-16T15:26:55.580+0800][gc,stats    ]    Subphase: Concurrent Mark Try Flush                     0.000 / 0.000         0.000 / 0.000         0.201 / 0.455         0.201 / 0.455       ms
[2023-11-16T15:26:55.580+0800][gc,stats    ]    Subphase: Concurrent Mark Try Terminate                 0.000 / 0.000         0.000 / 0.000         4.353 / 12.985        4.353 / 12.985      ms
[2023-11-16T15:26:55.580+0800][gc,stats    ]    Subphase: Concurrent References Enqueue                 0.000 / 0.000         0.000 / 0.000         0.004 / 0.004         0.004 / 0.004       ms
[2023-11-16T15:26:55.580+0800][gc,stats    ]    Subphase: Concurrent References Process                 0.000 / 0.000         0.000 / 0.000         0.104 / 0.123         0.104 / 0.123       ms
[2023-11-16T15:26:55.580+0800][gc,stats    ]    Subphase: Concurrent Roots ClassLoaderDataGraph         0.000 / 0.000         0.000 / 0.000         0.107 / 0.428         0.107 / 0.428       ms
[2023-11-16T15:26:55.580+0800][gc,stats    ]    Subphase: Concurrent Roots CodeCache                    0.000 / 0.000         0.000 / 0.000         0.000 / 0.000         0.000 / 0.000       ms
[2023-11-16T15:26:55.580+0800][gc,stats    ]    Subphase: Concurrent Roots JavaThreads                  0.000 / 0.000         0.000 / 0.000         1.013 / 1.707         1.013 / 1.707       ms
[2023-11-16T15:26:55.580+0800][gc,stats    ]    Subphase: Concurrent Roots OopStorageSet                0.000 / 0.000         0.000 / 0.000         0.146 / 0.289         0.146 / 0.289       ms
[2023-11-16T15:26:55.580+0800][gc,stats    ]    Subphase: Concurrent Weak Roots OopStorageSet           0.000 / 0.000         0.000 / 0.000         0.440 / 0.670         0.440 / 0.670       ms
[2023-11-16T15:26:55.580+0800][gc,stats    ]    Subphase: Pause Mark Try Complete                       0.000 / 0.000         0.000 / 0.000         0.000 / 0.000         0.000 / 0.000       ms
[2023-11-16T15:26:55.580+0800][gc,stats    ]      System: Java Threads                                      0 / 0                 0 / 0                34 / 47               34 / 47          threads
[2023-11-16T15:26:55.580+0800][gc,stats    ] =========================================================================================================================================================
[2023-11-16T15:27:05.589+0800][gc,stats    ] === Garbage Collection Statistics =======================================================================================================================
[2023-11-16T15:27:05.589+0800][gc,stats    ]                                                              Last 10s              Last 10m              Last 10h                Total
[2023-11-16T15:27:05.589+0800][gc,stats    ]                                                              Avg / Max             Avg / Max             Avg / Max             Avg / Max
[2023-11-16T15:27:05.589+0800][gc,stats    ]   Collector: Garbage Collection Cycle                      0.000 / 0.000         0.000 / 0.000        32.129 / 37.536       32.129 / 37.536      ms
[2023-11-16T15:27:05.589+0800][gc,stats    ]  Contention: Mark Segment Reset Contention                     0 / 0                 0 / 0                 0 / 3                 0 / 3           ops/s
[2023-11-16T15:27:05.589+0800][gc,stats    ]  Contention: Mark SeqNum Reset Contention                      0 / 0                 0 / 0                 0 / 0                 0 / 0           ops/s
[2023-11-16T15:27:05.589+0800][gc,stats    ]    Critical: Allocation Stall                                  0 / 0                 0 / 0                 0 / 0                 0 / 0           ops/s
[2023-11-16T15:27:05.589+0800][gc,stats    ]    Critical: Allocation Stall                              0.000 / 0.000         0.000 / 0.000         0.000 / 0.000         0.000 / 0.000       ms
[2023-11-16T15:27:05.589+0800][gc,stats    ]    Critical: GC Locker Stall                                   0 / 0                 0 / 0                 0 / 0                 0 / 0           ops/s
[2023-11-16T15:27:05.589+0800][gc,stats    ]    Critical: GC Locker Stall                               0.000 / 0.000         0.000 / 0.000         0.000 / 0.000         0.000 / 0.000       ms
[2023-11-16T15:27:05.589+0800][gc,stats    ]    Critical: Relocation Stall                                  0 / 0                 0 / 0                 0 / 0                 0 / 0           ops/s
[2023-11-16T15:27:05.589+0800][gc,stats    ]    Critical: Relocation Stall                              0.000 / 0.000         0.000 / 0.000         0.000 / 0.000         0.000 / 0.000       ms
[2023-11-16T15:27:05.589+0800][gc,stats    ]      Memory: Allocation Rate                                   0 / 0                 0 / 0                 0 / 82                0 / 82          MB/s
[2023-11-16T15:27:05.589+0800][gc,stats    ]      Memory: Defragment                                        0 / 0                 0 / 0                 0 / 0                 0 / 0           ops/s
[2023-11-16T15:27:05.589+0800][gc,stats    ]      Memory: Out Of Memory                                     0 / 0                 0 / 0                 0 / 0                 0 / 0           ops/s
[2023-11-16T15:27:05.589+0800][gc,stats    ]      Memory: Page Cache Flush                                  0 / 0                 0 / 0                 0 / 0                 0 / 0           MB/s
[2023-11-16T15:27:05.589+0800][gc,stats    ]      Memory: Page Cache Hit L1                                 0 / 0                 0 / 0                 0 / 33                0 / 33          ops/s
[2023-11-16T15:27:05.589+0800][gc,stats    ]      Memory: Page Cache Hit L2                                 0 / 0                 0 / 0                 0 / 0                 0 / 0           ops/s
[2023-11-16T15:27:05.589+0800][gc,stats    ]      Memory: Page Cache Hit L3                                 0 / 0                 0 / 0                 0 / 41                0 / 41          ops/s
[2023-11-16T15:27:05.589+0800][gc,stats    ]      Memory: Page Cache Miss                                   0 / 0                 0 / 0                 0 / 1                 0 / 1           ops/s
[2023-11-16T15:27:05.589+0800][gc,stats    ]      Memory: Uncommit                                          0 / 0                 0 / 0                 0 / 0                 0 / 0           MB/s
[2023-11-16T15:27:05.589+0800][gc,stats    ]      Memory: Undo Object Allocation Failed                     0 / 0                 0 / 0                 0 / 0                 0 / 0           ops/s
[2023-11-16T15:27:05.589+0800][gc,stats    ]      Memory: Undo Object Allocation Succeeded                  0 / 0                 0 / 0                 0 / 3                 0 / 3           ops/s
[2023-11-16T15:27:05.589+0800][gc,stats    ]      Memory: Undo Page Allocation                              0 / 0                 0 / 0                 0 / 0                 0 / 0           ops/s
[2023-11-16T15:27:05.589+0800][gc,stats    ]       Phase: Concurrent Mark                               0.000 / 0.000         0.000 / 0.000        21.531 / 24.050       21.531 / 24.050      ms
[2023-11-16T15:27:05.589+0800][gc,stats    ]       Phase: Concurrent Mark Continue                      0.000 / 0.000         0.000 / 0.000         0.000 / 0.000         0.000 / 0.000       ms
[2023-11-16T15:27:05.589+0800][gc,stats    ]       Phase: Concurrent Mark Free                          0.000 / 0.000         0.000 / 0.000         0.001 / 0.001         0.001 / 0.001       ms
[2023-11-16T15:27:05.589+0800][gc,stats    ]       Phase: Concurrent Process Non-Strong References      0.000 / 0.000         0.000 / 0.000         1.995 / 2.420         1.995 / 2.420       ms
[2023-11-16T15:27:05.589+0800][gc,stats    ]       Phase: Concurrent Relocate                           0.000 / 0.000         0.000 / 0.000         2.883 / 2.961         2.883 / 2.961       ms
[2023-11-16T15:27:05.589+0800][gc,stats    ]       Phase: Concurrent Reset Relocation Set               0.000 / 0.000         0.000 / 0.000         0.002 / 0.004         0.002 / 0.004       ms
[2023-11-16T15:27:05.589+0800][gc,stats    ]       Phase: Concurrent Select Relocation Set              0.000 / 0.000         0.000 / 0.000         4.861 / 8.184         4.861 / 8.184       ms
[2023-11-16T15:27:05.589+0800][gc,stats    ]       Phase: Pause Mark End                                0.000 / 0.000         0.000 / 0.000         0.017 / 0.019         0.017 / 0.019       ms
[2023-11-16T15:27:05.589+0800][gc,stats    ]       Phase: Pause Mark Start                              0.000 / 0.000         0.000 / 0.000         0.023 / 0.031         0.023 / 0.031       ms
[2023-11-16T15:27:05.589+0800][gc,stats    ]       Phase: Pause Relocate Start                          0.000 / 0.000         0.000 / 0.000         0.009 / 0.009         0.009 / 0.009       ms
[2023-11-16T15:27:05.589+0800][gc,stats    ]    Subphase: Concurrent Classes Purge                      0.000 / 0.000         0.000 / 0.000         0.066 / 0.071         0.066 / 0.071       ms
[2023-11-16T15:27:05.589+0800][gc,stats    ]    Subphase: Concurrent Classes Unlink                     0.000 / 0.000         0.000 / 0.000         1.264 / 1.492         1.264 / 1.492       ms
[2023-11-16T15:27:05.589+0800][gc,stats    ]    Subphase: Concurrent Mark                               0.000 / 0.000         0.000 / 0.000        18.504 / 22.997       18.504 / 22.997      ms
[2023-11-16T15:27:05.589+0800][gc,stats    ]    Subphase: Concurrent Mark Try Flush                     0.000 / 0.000         0.000 / 0.000         0.201 / 0.455         0.201 / 0.455       ms
[2023-11-16T15:27:05.589+0800][gc,stats    ]    Subphase: Concurrent Mark Try Terminate                 0.000 / 0.000         0.000 / 0.000         4.353 / 12.985        4.353 / 12.985      ms
[2023-11-16T15:27:05.589+0800][gc,stats    ]    Subphase: Concurrent References Enqueue                 0.000 / 0.000         0.000 / 0.000         0.004 / 0.004         0.004 / 0.004       ms
[2023-11-16T15:27:05.589+0800][gc,stats    ]    Subphase: Concurrent References Process                 0.000 / 0.000         0.000 / 0.000         0.104 / 0.123         0.104 / 0.123       ms
[2023-11-16T15:27:05.589+0800][gc,stats    ]    Subphase: Concurrent Roots ClassLoaderDataGraph         0.000 / 0.000         0.000 / 0.000         0.107 / 0.428         0.107 / 0.428       ms
[2023-11-16T15:27:05.589+0800][gc,stats    ]    Subphase: Concurrent Roots CodeCache                    0.000 / 0.000         0.000 / 0.000         0.000 / 0.000         0.000 / 0.000       ms
[2023-11-16T15:27:05.589+0800][gc,stats    ]    Subphase: Concurrent Roots JavaThreads                  0.000 / 0.000         0.000 / 0.000         1.013 / 1.707         1.013 / 1.707       ms
[2023-11-16T15:27:05.589+0800][gc,stats    ]    Subphase: Concurrent Roots OopStorageSet                0.000 / 0.000         0.000 / 0.000         0.146 / 0.289         0.146 / 0.289       ms
[2023-11-16T15:27:05.589+0800][gc,stats    ]    Subphase: Concurrent Weak Roots OopStorageSet           0.000 / 0.000         0.000 / 0.000         0.440 / 0.670         0.440 / 0.670       ms
[2023-11-16T15:27:05.589+0800][gc,stats    ]    Subphase: Pause Mark Try Complete                       0.000 / 0.000         0.000 / 0.000         0.000 / 0.000         0.000 / 0.000       ms
[2023-11-16T15:27:05.589+0800][gc,stats    ]      System: Java Threads                                      0 / 0                 0 / 0                34 / 47               34 / 47          threads
[2023-11-16T15:27:05.589+0800][gc,stats    ] =========================================================================================================================================================
[2023-11-16T15:27:15.579+0800][gc,stats    ] === Garbage Collection Statistics =======================================================================================================================
[2023-11-16T15:27:15.579+0800][gc,stats    ]                                                              Last 10s              Last 10m              Last 10h                Total
[2023-11-16T15:27:15.579+0800][gc,stats    ]                                                              Avg / Max             Avg / Max             Avg / Max             Avg / Max
[2023-11-16T15:27:15.579+0800][gc,stats    ]   Collector: Garbage Collection Cycle                      0.000 / 0.000         0.000 / 0.000        32.129 / 37.536       32.129 / 37.536      ms
[2023-11-16T15:27:15.579+0800][gc,stats    ]  Contention: Mark Segment Reset Contention                     0 / 0                 0 / 0                 0 / 3                 0 / 3           ops/s
[2023-11-16T15:27:15.579+0800][gc,stats    ]  Contention: Mark SeqNum Reset Contention                      0 / 0                 0 / 0                 0 / 0                 0 / 0           ops/s
[2023-11-16T15:27:15.579+0800][gc,stats    ]    Critical: Allocation Stall                                  0 / 0                 0 / 0                 0 / 0                 0 / 0           ops/s
[2023-11-16T15:27:15.579+0800][gc,stats    ]    Critical: Allocation Stall                              0.000 / 0.000         0.000 / 0.000         0.000 / 0.000         0.000 / 0.000       ms
[2023-11-16T15:27:15.579+0800][gc,stats    ]    Critical: GC Locker Stall                                   0 / 0                 0 / 0                 0 / 0                 0 / 0           ops/s
[2023-11-16T15:27:15.579+0800][gc,stats    ]    Critical: GC Locker Stall                               0.000 / 0.000         0.000 / 0.000         0.000 / 0.000         0.000 / 0.000       ms
[2023-11-16T15:27:15.579+0800][gc,stats    ]    Critical: Relocation Stall                                  0 / 0                 0 / 0                 0 / 0                 0 / 0           ops/s
[2023-11-16T15:27:15.579+0800][gc,stats    ]    Critical: Relocation Stall                              0.000 / 0.000         0.000 / 0.000         0.000 / 0.000         0.000 / 0.000       ms
[2023-11-16T15:27:15.579+0800][gc,stats    ]      Memory: Allocation Rate                                   0 / 0                 0 / 0                 0 / 82                0 / 82          MB/s
[2023-11-16T15:27:15.579+0800][gc,stats    ]      Memory: Defragment                                        0 / 0                 0 / 0                 0 / 0                 0 / 0           ops/s
[2023-11-16T15:27:15.579+0800][gc,stats    ]      Memory: Out Of Memory                                     0 / 0                 0 / 0                 0 / 0                 0 / 0           ops/s
[2023-11-16T15:27:15.579+0800][gc,stats    ]      Memory: Page Cache Flush                                  0 / 0                 0 / 0                 0 / 0                 0 / 0           MB/s
[2023-11-16T15:27:15.579+0800][gc,stats    ]      Memory: Page Cache Hit L1                                 0 / 0                 0 / 0                 0 / 33                0 / 33          ops/s
[2023-11-16T15:27:15.579+0800][gc,stats    ]      Memory: Page Cache Hit L2                                 0 / 0                 0 / 0                 0 / 0                 0 / 0           ops/s
[2023-11-16T15:27:15.579+0800][gc,stats    ]      Memory: Page Cache Hit L3                                 0 / 0                 0 / 0                 0 / 41                0 / 41          ops/s
[2023-11-16T15:27:15.579+0800][gc,stats    ]      Memory: Page Cache Miss                                   0 / 0                 0 / 0                 0 / 1                 0 / 1           ops/s
[2023-11-16T15:27:15.579+0800][gc,stats    ]      Memory: Uncommit                                          0 / 0                 0 / 0                 0 / 0                 0 / 0           MB/s
[2023-11-16T15:27:15.579+0800][gc,stats    ]      Memory: Undo Object Allocation Failed                     0 / 0                 0 / 0                 0 / 0                 0 / 0           ops/s
[2023-11-16T15:27:15.579+0800][gc,stats    ]      Memory: Undo Object Allocation Succeeded                  0 / 0                 0 / 0                 0 / 3                 0 / 3           ops/s
[2023-11-16T15:27:15.579+0800][gc,stats    ]      Memory: Undo Page Allocation                              0 / 0                 0 / 0                 0 / 0                 0 / 0           ops/s
[2023-11-16T15:27:15.579+0800][gc,stats    ]       Phase: Concurrent Mark                               0.000 / 0.000         0.000 / 0.000        21.531 / 24.050       21.531 / 24.050      ms
[2023-11-16T15:27:15.579+0800][gc,stats    ]       Phase: Concurrent Mark Continue                      0.000 / 0.000         0.000 / 0.000         0.000 / 0.000         0.000 / 0.000       ms
[2023-11-16T15:27:15.579+0800][gc,stats    ]       Phase: Concurrent Mark Free                          0.000 / 0.000         0.000 / 0.000         0.001 / 0.001         0.001 / 0.001       ms
[2023-11-16T15:27:15.579+0800][gc,stats    ]       Phase: Concurrent Process Non-Strong References      0.000 / 0.000         0.000 / 0.000         1.995 / 2.420         1.995 / 2.420       ms
[2023-11-16T15:27:15.579+0800][gc,stats    ]       Phase: Concurrent Relocate                           0.000 / 0.000         0.000 / 0.000         2.883 / 2.961         2.883 / 2.961       ms
[2023-11-16T15:27:15.579+0800][gc,stats    ]       Phase: Concurrent Reset Relocation Set               0.000 / 0.000         0.000 / 0.000         0.002 / 0.004         0.002 / 0.004       ms
[2023-11-16T15:27:15.579+0800][gc,stats    ]       Phase: Concurrent Select Relocation Set              0.000 / 0.000         0.000 / 0.000         4.861 / 8.184         4.861 / 8.184       ms
[2023-11-16T15:27:15.579+0800][gc,stats    ]       Phase: Pause Mark End                                0.000 / 0.000         0.000 / 0.000         0.017 / 0.019         0.017 / 0.019       ms
[2023-11-16T15:27:15.579+0800][gc,stats    ]       Phase: Pause Mark Start                              0.000 / 0.000         0.000 / 0.000         0.023 / 0.031         0.023 / 0.031       ms
[2023-11-16T15:27:15.579+0800][gc,stats    ]       Phase: Pause Relocate Start                          0.000 / 0.000         0.000 / 0.000         0.009 / 0.009         0.009 / 0.009       ms
[2023-11-16T15:27:15.579+0800][gc,stats    ]    Subphase: Concurrent Classes Purge                      0.000 / 0.000         0.000 / 0.000         0.066 / 0.071         0.066 / 0.071       ms
[2023-11-16T15:27:15.579+0800][gc,stats    ]    Subphase: Concurrent Classes Unlink                     0.000 / 0.000         0.000 / 0.000         1.264 / 1.492         1.264 / 1.492       ms
[2023-11-16T15:27:15.579+0800][gc,stats    ]    Subphase: Concurrent Mark                               0.000 / 0.000         0.000 / 0.000        18.504 / 22.997       18.504 / 22.997      ms
[2023-11-16T15:27:15.579+0800][gc,stats    ]    Subphase: Concurrent Mark Try Flush                     0.000 / 0.000         0.000 / 0.000         0.201 / 0.455         0.201 / 0.455       ms
[2023-11-16T15:27:15.579+0800][gc,stats    ]    Subphase: Concurrent Mark Try Terminate                 0.000 / 0.000         0.000 / 0.000         4.353 / 12.985        4.353 / 12.985      ms
[2023-11-16T15:27:15.579+0800][gc,stats    ]    Subphase: Concurrent References Enqueue                 0.000 / 0.000         0.000 / 0.000         0.004 / 0.004         0.004 / 0.004       ms
[2023-11-16T15:27:15.579+0800][gc,stats    ]    Subphase: Concurrent References Process                 0.000 / 0.000         0.000 / 0.000         0.104 / 0.123         0.104 / 0.123       ms
[2023-11-16T15:27:15.579+0800][gc,stats    ]    Subphase: Concurrent Roots ClassLoaderDataGraph         0.000 / 0.000         0.000 / 0.000         0.107 / 0.428         0.107 / 0.428       ms
[2023-11-16T15:27:15.579+0800][gc,stats    ]    Subphase: Concurrent Roots CodeCache                    0.000 / 0.000         0.000 / 0.000         0.000 / 0.000         0.000 / 0.000       ms
[2023-11-16T15:27:15.579+0800][gc,stats    ]    Subphase: Concurrent Roots JavaThreads                  0.000 / 0.000         0.000 / 0.000         1.013 / 1.707         1.013 / 1.707       ms
[2023-11-16T15:27:15.579+0800][gc,stats    ]    Subphase: Concurrent Roots OopStorageSet                0.000 / 0.000         0.000 / 0.000         0.146 / 0.289         0.146 / 0.289       ms
[2023-11-16T15:27:15.579+0800][gc,stats    ]    Subphase: Concurrent Weak Roots OopStorageSet           0.000 / 0.000         0.000 / 0.000         0.440 / 0.670         0.440 / 0.670       ms
[2023-11-16T15:27:15.579+0800][gc,stats    ]    Subphase: Pause Mark Try Complete                       0.000 / 0.000         0.000 / 0.000         0.000 / 0.000         0.000 / 0.000       ms
[2023-11-16T15:27:15.579+0800][gc,stats    ]      System: Java Threads                                      0 / 0                 0 / 0                34 / 47               34 / 47          threads
[2023-11-16T15:27:15.579+0800][gc,stats    ] =========================================================================================================================================================
[2023-11-16T15:27:25.585+0800][gc,stats    ] === Garbage Collection Statistics =======================================================================================================================
[2023-11-16T15:27:25.585+0800][gc,stats    ]                                                              Last 10s              Last 10m              Last 10h                Total
[2023-11-16T15:27:25.585+0800][gc,stats    ]                                                              Avg / Max             Avg / Max             Avg / Max             Avg / Max
[2023-11-16T15:27:25.585+0800][gc,stats    ]   Collector: Garbage Collection Cycle                      0.000 / 0.000         0.000 / 0.000        32.129 / 37.536       32.129 / 37.536      ms
[2023-11-16T15:27:25.585+0800][gc,stats    ]  Contention: Mark Segment Reset Contention                     0 / 0                 0 / 0                 0 / 3                 0 / 3           ops/s
[2023-11-16T15:27:25.585+0800][gc,stats    ]  Contention: Mark SeqNum Reset Contention                      0 / 0                 0 / 0                 0 / 0                 0 / 0           ops/s
[2023-11-16T15:27:25.585+0800][gc,stats    ]    Critical: Allocation Stall                                  0 / 0                 0 / 0                 0 / 0                 0 / 0           ops/s
[2023-11-16T15:27:25.585+0800][gc,stats    ]    Critical: Allocation Stall                              0.000 / 0.000         0.000 / 0.000         0.000 / 0.000         0.000 / 0.000       ms
[2023-11-16T15:27:25.585+0800][gc,stats    ]    Critical: GC Locker Stall                                   0 / 0                 0 / 0                 0 / 0                 0 / 0           ops/s
[2023-11-16T15:27:25.585+0800][gc,stats    ]    Critical: GC Locker Stall                               0.000 / 0.000         0.000 / 0.000         0.000 / 0.000         0.000 / 0.000       ms
[2023-11-16T15:27:25.585+0800][gc,stats    ]    Critical: Relocation Stall                                  0 / 0                 0 / 0                 0 / 0                 0 / 0           ops/s
[2023-11-16T15:27:25.585+0800][gc,stats    ]    Critical: Relocation Stall                              0.000 / 0.000         0.000 / 0.000         0.000 / 0.000         0.000 / 0.000       ms
[2023-11-16T15:27:25.585+0800][gc,stats    ]      Memory: Allocation Rate                                   0 / 0                 0 / 0                 0 / 82                0 / 82          MB/s
[2023-11-16T15:27:25.585+0800][gc,stats    ]      Memory: Defragment                                        0 / 0                 0 / 0                 0 / 0                 0 / 0           ops/s
[2023-11-16T15:27:25.585+0800][gc,stats    ]      Memory: Out Of Memory                                     0 / 0                 0 / 0                 0 / 0                 0 / 0           ops/s
[2023-11-16T15:27:25.585+0800][gc,stats    ]      Memory: Page Cache Flush                                  0 / 0                 0 / 0                 0 / 0                 0 / 0           MB/s
[2023-11-16T15:27:25.585+0800][gc,stats    ]      Memory: Page Cache Hit L1                                 0 / 0                 0 / 0                 0 / 33                0 / 33          ops/s
[2023-11-16T15:27:25.585+0800][gc,stats    ]      Memory: Page Cache Hit L2                                 0 / 0                 0 / 0                 0 / 0                 0 / 0           ops/s
[2023-11-16T15:27:25.585+0800][gc,stats    ]      Memory: Page Cache Hit L3                                 0 / 0                 0 / 0                 0 / 41                0 / 41          ops/s
[2023-11-16T15:27:25.585+0800][gc,stats    ]      Memory: Page Cache Miss                                   0 / 0                 0 / 0                 0 / 1                 0 / 1           ops/s
[2023-11-16T15:27:25.585+0800][gc,stats    ]      Memory: Uncommit                                          0 / 0                 0 / 0                 0 / 0                 0 / 0           MB/s
[2023-11-16T15:27:25.585+0800][gc,stats    ]      Memory: Undo Object Allocation Failed                     0 / 0                 0 / 0                 0 / 0                 0 / 0           ops/s
[2023-11-16T15:27:25.585+0800][gc,stats    ]      Memory: Undo Object Allocation Succeeded                  0 / 0                 0 / 0                 0 / 3                 0 / 3           ops/s
[2023-11-16T15:27:25.585+0800][gc,stats    ]      Memory: Undo Page Allocation                              0 / 0                 0 / 0                 0 / 0                 0 / 0           ops/s
[2023-11-16T15:27:25.585+0800][gc,stats    ]       Phase: Concurrent Mark                               0.000 / 0.000         0.000 / 0.000        21.531 / 24.050       21.531 / 24.050      ms
[2023-11-16T15:27:25.585+0800][gc,stats    ]       Phase: Concurrent Mark Continue                      0.000 / 0.000         0.000 / 0.000         0.000 / 0.000         0.000 / 0.000       ms
[2023-11-16T15:27:25.585+0800][gc,stats    ]       Phase: Concurrent Mark Free                          0.000 / 0.000         0.000 / 0.000         0.001 / 0.001         0.001 / 0.001       ms
[2023-11-16T15:27:25.585+0800][gc,stats    ]       Phase: Concurrent Process Non-Strong References      0.000 / 0.000         0.000 / 0.000         1.995 / 2.420         1.995 / 2.420       ms
[2023-11-16T15:27:25.585+0800][gc,stats    ]       Phase: Concurrent Relocate                           0.000 / 0.000         0.000 / 0.000         2.883 / 2.961         2.883 / 2.961       ms
[2023-11-16T15:27:25.585+0800][gc,stats    ]       Phase: Concurrent Reset Relocation Set               0.000 / 0.000         0.000 / 0.000         0.002 / 0.004         0.002 / 0.004       ms
[2023-11-16T15:27:25.585+0800][gc,stats    ]       Phase: Concurrent Select Relocation Set              0.000 / 0.000         0.000 / 0.000         4.861 / 8.184         4.861 / 8.184       ms
[2023-11-16T15:27:25.585+0800][gc,stats    ]       Phase: Pause Mark End                                0.000 / 0.000         0.000 / 0.000         0.017 / 0.019         0.017 / 0.019       ms
[2023-11-16T15:27:25.585+0800][gc,stats    ]       Phase: Pause Mark Start                              0.000 / 0.000         0.000 / 0.000         0.023 / 0.031         0.023 / 0.031       ms
[2023-11-16T15:27:25.585+0800][gc,stats    ]       Phase: Pause Relocate Start                          0.000 / 0.000         0.000 / 0.000         0.009 / 0.009         0.009 / 0.009       ms
[2023-11-16T15:27:25.585+0800][gc,stats    ]    Subphase: Concurrent Classes Purge                      0.000 / 0.000         0.000 / 0.000         0.066 / 0.071         0.066 / 0.071       ms
[2023-11-16T15:27:25.585+0800][gc,stats    ]    Subphase: Concurrent Classes Unlink                     0.000 / 0.000         0.000 / 0.000         1.264 / 1.492         1.264 / 1.492       ms
[2023-11-16T15:27:25.585+0800][gc,stats    ]    Subphase: Concurrent Mark                               0.000 / 0.000         0.000 / 0.000        18.504 / 22.997       18.504 / 22.997      ms
[2023-11-16T15:27:25.585+0800][gc,stats    ]    Subphase: Concurrent Mark Try Flush                     0.000 / 0.000         0.000 / 0.000         0.201 / 0.455         0.201 / 0.455       ms
[2023-11-16T15:27:25.585+0800][gc,stats    ]    Subphase: Concurrent Mark Try Terminate                 0.000 / 0.000         0.000 / 0.000         4.353 / 12.985        4.353 / 12.985      ms
[2023-11-16T15:27:25.585+0800][gc,stats    ]    Subphase: Concurrent References Enqueue                 0.000 / 0.000         0.000 / 0.000         0.004 / 0.004         0.004 / 0.004       ms
[2023-11-16T15:27:25.585+0800][gc,stats    ]    Subphase: Concurrent References Process                 0.000 / 0.000         0.000 / 0.000         0.104 / 0.123         0.104 / 0.123       ms
[2023-11-16T15:27:25.585+0800][gc,stats    ]    Subphase: Concurrent Roots ClassLoaderDataGraph         0.000 / 0.000         0.000 / 0.000         0.107 / 0.428         0.107 / 0.428       ms
[2023-11-16T15:27:25.585+0800][gc,stats    ]    Subphase: Concurrent Roots CodeCache                    0.000 / 0.000         0.000 / 0.000         0.000 / 0.000         0.000 / 0.000       ms
[2023-11-16T15:27:25.585+0800][gc,stats    ]    Subphase: Concurrent Roots JavaThreads                  0.000 / 0.000         0.000 / 0.000         1.013 / 1.707         1.013 / 1.707       ms
[2023-11-16T15:27:25.585+0800][gc,stats    ]    Subphase: Concurrent Roots OopStorageSet                0.000 / 0.000         0.000 / 0.000         0.146 / 0.289         0.146 / 0.289       ms
[2023-11-16T15:27:25.585+0800][gc,stats    ]    Subphase: Concurrent Weak Roots OopStorageSet           0.000 / 0.000         0.000 / 0.000         0.440 / 0.670         0.440 / 0.670       ms
[2023-11-16T15:27:25.585+0800][gc,stats    ]    Subphase: Pause Mark Try Complete                       0.000 / 0.000         0.000 / 0.000         0.000 / 0.000         0.000 / 0.000       ms
[2023-11-16T15:27:25.585+0800][gc,stats    ]      System: Java Threads                                      0 / 0                 0 / 0                34 / 47               34 / 47          threads
[2023-11-16T15:27:25.585+0800][gc,stats    ] =========================================================================================================================================================
[2023-11-16T15:27:35.580+0800][gc,stats    ] === Garbage Collection Statistics =======================================================================================================================
[2023-11-16T15:27:35.580+0800][gc,stats    ]                                                              Last 10s              Last 10m              Last 10h                Total
[2023-11-16T15:27:35.580+0800][gc,stats    ]                                                              Avg / Max             Avg / Max             Avg / Max             Avg / Max
[2023-11-16T15:27:35.580+0800][gc,stats    ]   Collector: Garbage Collection Cycle                      0.000 / 0.000         0.000 / 0.000        32.129 / 37.536       32.129 / 37.536      ms
[2023-11-16T15:27:35.580+0800][gc,stats    ]  Contention: Mark Segment Reset Contention                     0 / 0                 0 / 0                 0 / 3                 0 / 3           ops/s
[2023-11-16T15:27:35.580+0800][gc,stats    ]  Contention: Mark SeqNum Reset Contention                      0 / 0                 0 / 0                 0 / 0                 0 / 0           ops/s
[2023-11-16T15:27:35.580+0800][gc,stats    ]    Critical: Allocation Stall                                  0 / 0                 0 / 0                 0 / 0                 0 / 0           ops/s
[2023-11-16T15:27:35.580+0800][gc,stats    ]    Critical: Allocation Stall                              0.000 / 0.000         0.000 / 0.000         0.000 / 0.000         0.000 / 0.000       ms
[2023-11-16T15:27:35.580+0800][gc,stats    ]    Critical: GC Locker Stall                                   0 / 0                 0 / 0                 0 / 0                 0 / 0           ops/s
[2023-11-16T15:27:35.580+0800][gc,stats    ]    Critical: GC Locker Stall                               0.000 / 0.000         0.000 / 0.000         0.000 / 0.000         0.000 / 0.000       ms
[2023-11-16T15:27:35.580+0800][gc,stats    ]    Critical: Relocation Stall                                  0 / 0                 0 / 0                 0 / 0                 0 / 0           ops/s
[2023-11-16T15:27:35.580+0800][gc,stats    ]    Critical: Relocation Stall                              0.000 / 0.000         0.000 / 0.000         0.000 / 0.000         0.000 / 0.000       ms
[2023-11-16T15:27:35.580+0800][gc,stats    ]      Memory: Allocation Rate                                   0 / 0                 0 / 0                 0 / 82                0 / 82          MB/s
[2023-11-16T15:27:35.580+0800][gc,stats    ]      Memory: Defragment                                        0 / 0                 0 / 0                 0 / 0                 0 / 0           ops/s
[2023-11-16T15:27:35.580+0800][gc,stats    ]      Memory: Out Of Memory                                     0 / 0                 0 / 0                 0 / 0                 0 / 0           ops/s
[2023-11-16T15:27:35.580+0800][gc,stats    ]      Memory: Page Cache Flush                                  0 / 0                 0 / 0                 0 / 0                 0 / 0           MB/s
[2023-11-16T15:27:35.580+0800][gc,stats    ]      Memory: Page Cache Hit L1                                 0 / 0                 0 / 0                 0 / 33                0 / 33          ops/s
[2023-11-16T15:27:35.580+0800][gc,stats    ]      Memory: Page Cache Hit L2                                 0 / 0                 0 / 0                 0 / 0                 0 / 0           ops/s
[2023-11-16T15:27:35.580+0800][gc,stats    ]      Memory: Page Cache Hit L3                                 0 / 0                 0 / 0                 0 / 41                0 / 41          ops/s
[2023-11-16T15:27:35.580+0800][gc,stats    ]      Memory: Page Cache Miss                                   0 / 0                 0 / 0                 0 / 1                 0 / 1           ops/s
[2023-11-16T15:27:35.580+0800][gc,stats    ]      Memory: Uncommit                                          0 / 0                 0 / 0                 0 / 0                 0 / 0           MB/s
[2023-11-16T15:27:35.580+0800][gc,stats    ]      Memory: Undo Object Allocation Failed                     0 / 0                 0 / 0                 0 / 0                 0 / 0           ops/s
[2023-11-16T15:27:35.580+0800][gc,stats    ]      Memory: Undo Object Allocation Succeeded                  0 / 0                 0 / 0                 0 / 3                 0 / 3           ops/s
[2023-11-16T15:27:35.580+0800][gc,stats    ]      Memory: Undo Page Allocation                              0 / 0                 0 / 0                 0 / 0                 0 / 0           ops/s
[2023-11-16T15:27:35.580+0800][gc,stats    ]       Phase: Concurrent Mark                               0.000 / 0.000         0.000 / 0.000        21.531 / 24.050       21.531 / 24.050      ms
[2023-11-16T15:27:35.580+0800][gc,stats    ]       Phase: Concurrent Mark Continue                      0.000 / 0.000         0.000 / 0.000         0.000 / 0.000         0.000 / 0.000       ms
[2023-11-16T15:27:35.580+0800][gc,stats    ]       Phase: Concurrent Mark Free                          0.000 / 0.000         0.000 / 0.000         0.001 / 0.001         0.001 / 0.001       ms
[2023-11-16T15:27:35.580+0800][gc,stats    ]       Phase: Concurrent Process Non-Strong References      0.000 / 0.000         0.000 / 0.000         1.995 / 2.420         1.995 / 2.420       ms
[2023-11-16T15:27:35.580+0800][gc,stats    ]       Phase: Concurrent Relocate                           0.000 / 0.000         0.000 / 0.000         2.883 / 2.961         2.883 / 2.961       ms
[2023-11-16T15:27:35.580+0800][gc,stats    ]       Phase: Concurrent Reset Relocation Set               0.000 / 0.000         0.000 / 0.000         0.002 / 0.004         0.002 / 0.004       ms
[2023-11-16T15:27:35.580+0800][gc,stats    ]       Phase: Concurrent Select Relocation Set              0.000 / 0.000         0.000 / 0.000         4.861 / 8.184         4.861 / 8.184       ms
[2023-11-16T15:27:35.580+0800][gc,stats    ]       Phase: Pause Mark End                                0.000 / 0.000         0.000 / 0.000         0.017 / 0.019         0.017 / 0.019       ms
[2023-11-16T15:27:35.580+0800][gc,stats    ]       Phase: Pause Mark Start                              0.000 / 0.000         0.000 / 0.000         0.023 / 0.031         0.023 / 0.031       ms
[2023-11-16T15:27:35.580+0800][gc,stats    ]       Phase: Pause Relocate Start                          0.000 / 0.000         0.000 / 0.000         0.009 / 0.009         0.009 / 0.009       ms
[2023-11-16T15:27:35.580+0800][gc,stats    ]    Subphase: Concurrent Classes Purge                      0.000 / 0.000         0.000 / 0.000         0.066 / 0.071         0.066 / 0.071       ms
[2023-11-16T15:27:35.580+0800][gc,stats    ]    Subphase: Concurrent Classes Unlink                     0.000 / 0.000         0.000 / 0.000         1.264 / 1.492         1.264 / 1.492       ms
[2023-11-16T15:27:35.580+0800][gc,stats    ]    Subphase: Concurrent Mark                               0.000 / 0.000         0.000 / 0.000        18.504 / 22.997       18.504 / 22.997      ms
[2023-11-16T15:27:35.580+0800][gc,stats    ]    Subphase: Concurrent Mark Try Flush                     0.000 / 0.000         0.000 / 0.000         0.201 / 0.455         0.201 / 0.455       ms
[2023-11-16T15:27:35.580+0800][gc,stats    ]    Subphase: Concurrent Mark Try Terminate                 0.000 / 0.000         0.000 / 0.000         4.353 / 12.985        4.353 / 12.985      ms
[2023-11-16T15:27:35.580+0800][gc,stats    ]    Subphase: Concurrent References Enqueue                 0.000 / 0.000         0.000 / 0.000         0.004 / 0.004         0.004 / 0.004       ms
[2023-11-16T15:27:35.580+0800][gc,stats    ]    Subphase: Concurrent References Process                 0.000 / 0.000         0.000 / 0.000         0.104 / 0.123         0.104 / 0.123       ms
[2023-11-16T15:27:35.580+0800][gc,stats    ]    Subphase: Concurrent Roots ClassLoaderDataGraph         0.000 / 0.000         0.000 / 0.000         0.107 / 0.428         0.107 / 0.428       ms
[2023-11-16T15:27:35.580+0800][gc,stats    ]    Subphase: Concurrent Roots CodeCache                    0.000 / 0.000         0.000 / 0.000         0.000 / 0.000         0.000 / 0.000       ms
[2023-11-16T15:27:35.580+0800][gc,stats    ]    Subphase: Concurrent Roots JavaThreads                  0.000 / 0.000         0.000 / 0.000         1.013 / 1.707         1.013 / 1.707       ms
[2023-11-16T15:27:35.580+0800][gc,stats    ]    Subphase: Concurrent Roots OopStorageSet                0.000 / 0.000         0.000 / 0.000         0.146 / 0.289         0.146 / 0.289       ms
[2023-11-16T15:27:35.580+0800][gc,stats    ]    Subphase: Concurrent Weak Roots OopStorageSet           0.000 / 0.000         0.000 / 0.000         0.440 / 0.670         0.440 / 0.670       ms
[2023-11-16T15:27:35.580+0800][gc,stats    ]    Subphase: Pause Mark Try Complete                       0.000 / 0.000         0.000 / 0.000         0.000 / 0.000         0.000 / 0.000       ms
[2023-11-16T15:27:35.580+0800][gc,stats    ]      System: Java Threads                                      0 / 0                 0 / 0                34 / 47               34 / 47          threads
[2023-11-16T15:27:35.580+0800][gc,stats    ] =========================================================================================================================================================
[2023-11-16T15:27:45.584+0800][gc,stats    ] === Garbage Collection Statistics =======================================================================================================================
[2023-11-16T15:27:45.584+0800][gc,stats    ]                                                              Last 10s              Last 10m              Last 10h                Total
[2023-11-16T15:27:45.584+0800][gc,stats    ]                                                              Avg / Max             Avg / Max             Avg / Max             Avg / Max
[2023-11-16T15:27:45.584+0800][gc,stats    ]   Collector: Garbage Collection Cycle                      0.000 / 0.000         0.000 / 0.000        32.129 / 37.536       32.129 / 37.536      ms
[2023-11-16T15:27:45.584+0800][gc,stats    ]  Contention: Mark Segment Reset Contention                     0 / 0                 0 / 0                 0 / 3                 0 / 3           ops/s
[2023-11-16T15:27:45.584+0800][gc,stats    ]  Contention: Mark SeqNum Reset Contention                      0 / 0                 0 / 0                 0 / 0                 0 / 0           ops/s
[2023-11-16T15:27:45.584+0800][gc,stats    ]    Critical: Allocation Stall                                  0 / 0                 0 / 0                 0 / 0                 0 / 0           ops/s
[2023-11-16T15:27:45.584+0800][gc,stats    ]    Critical: Allocation Stall                              0.000 / 0.000         0.000 / 0.000         0.000 / 0.000         0.000 / 0.000       ms
[2023-11-16T15:27:45.584+0800][gc,stats    ]    Critical: GC Locker Stall                                   0 / 0                 0 / 0                 0 / 0                 0 / 0           ops/s
[2023-11-16T15:27:45.584+0800][gc,stats    ]    Critical: GC Locker Stall                               0.000 / 0.000         0.000 / 0.000         0.000 / 0.000         0.000 / 0.000       ms
[2023-11-16T15:27:45.584+0800][gc,stats    ]    Critical: Relocation Stall                                  0 / 0                 0 / 0                 0 / 0                 0 / 0           ops/s
[2023-11-16T15:27:45.584+0800][gc,stats    ]    Critical: Relocation Stall                              0.000 / 0.000         0.000 / 0.000         0.000 / 0.000         0.000 / 0.000       ms
[2023-11-16T15:27:45.584+0800][gc,stats    ]      Memory: Allocation Rate                                   0 / 0                 0 / 0                 0 / 82                0 / 82          MB/s
[2023-11-16T15:27:45.584+0800][gc,stats    ]      Memory: Defragment                                        0 / 0                 0 / 0                 0 / 0                 0 / 0           ops/s
[2023-11-16T15:27:45.584+0800][gc,stats    ]      Memory: Out Of Memory                                     0 / 0                 0 / 0                 0 / 0                 0 / 0           ops/s
[2023-11-16T15:27:45.584+0800][gc,stats    ]      Memory: Page Cache Flush                                  0 / 0                 0 / 0                 0 / 0                 0 / 0           MB/s
[2023-11-16T15:27:45.584+0800][gc,stats    ]      Memory: Page Cache Hit L1                                 0 / 0                 0 / 0                 0 / 33                0 / 33          ops/s
[2023-11-16T15:27:45.584+0800][gc,stats    ]      Memory: Page Cache Hit L2                                 0 / 0                 0 / 0                 0 / 0                 0 / 0           ops/s
[2023-11-16T15:27:45.584+0800][gc,stats    ]      Memory: Page Cache Hit L3                                 0 / 0                 0 / 0                 0 / 41                0 / 41          ops/s
[2023-11-16T15:27:45.584+0800][gc,stats    ]      Memory: Page Cache Miss                                   0 / 0                 0 / 0                 0 / 1                 0 / 1           ops/s
[2023-11-16T15:27:45.584+0800][gc,stats    ]      Memory: Uncommit                                          0 / 0                 0 / 0                 0 / 0                 0 / 0           MB/s
[2023-11-16T15:27:45.584+0800][gc,stats    ]      Memory: Undo Object Allocation Failed                     0 / 0                 0 / 0                 0 / 0                 0 / 0           ops/s
[2023-11-16T15:27:45.584+0800][gc,stats    ]      Memory: Undo Object Allocation Succeeded                  0 / 0                 0 / 0                 0 / 3                 0 / 3           ops/s
[2023-11-16T15:27:45.584+0800][gc,stats    ]      Memory: Undo Page Allocation                              0 / 0                 0 / 0                 0 / 0                 0 / 0           ops/s
[2023-11-16T15:27:45.584+0800][gc,stats    ]       Phase: Concurrent Mark                               0.000 / 0.000         0.000 / 0.000        21.531 / 24.050       21.531 / 24.050      ms
[2023-11-16T15:27:45.584+0800][gc,stats    ]       Phase: Concurrent Mark Continue                      0.000 / 0.000         0.000 / 0.000         0.000 / 0.000         0.000 / 0.000       ms
[2023-11-16T15:27:45.584+0800][gc,stats    ]       Phase: Concurrent Mark Free                          0.000 / 0.000         0.000 / 0.000         0.001 / 0.001         0.001 / 0.001       ms
[2023-11-16T15:27:45.584+0800][gc,stats    ]       Phase: Concurrent Process Non-Strong References      0.000 / 0.000         0.000 / 0.000         1.995 / 2.420         1.995 / 2.420       ms
[2023-11-16T15:27:45.584+0800][gc,stats    ]       Phase: Concurrent Relocate                           0.000 / 0.000         0.000 / 0.000         2.883 / 2.961         2.883 / 2.961       ms
[2023-11-16T15:27:45.584+0800][gc,stats    ]       Phase: Concurrent Reset Relocation Set               0.000 / 0.000         0.000 / 0.000         0.002 / 0.004         0.002 / 0.004       ms
[2023-11-16T15:27:45.584+0800][gc,stats    ]       Phase: Concurrent Select Relocation Set              0.000 / 0.000         0.000 / 0.000         4.861 / 8.184         4.861 / 8.184       ms
[2023-11-16T15:27:45.584+0800][gc,stats    ]       Phase: Pause Mark End                                0.000 / 0.000         0.000 / 0.000         0.017 / 0.019         0.017 / 0.019       ms
[2023-11-16T15:27:45.584+0800][gc,stats    ]       Phase: Pause Mark Start                              0.000 / 0.000         0.000 / 0.000         0.023 / 0.031         0.023 / 0.031       ms
[2023-11-16T15:27:45.584+0800][gc,stats    ]       Phase: Pause Relocate Start                          0.000 / 0.000         0.000 / 0.000         0.009 / 0.009         0.009 / 0.009       ms
[2023-11-16T15:27:45.584+0800][gc,stats    ]    Subphase: Concurrent Classes Purge                      0.000 / 0.000         0.000 / 0.000         0.066 / 0.071         0.066 / 0.071       ms
[2023-11-16T15:27:45.584+0800][gc,stats    ]    Subphase: Concurrent Classes Unlink                     0.000 / 0.000         0.000 / 0.000         1.264 / 1.492         1.264 / 1.492       ms
[2023-11-16T15:27:45.584+0800][gc,stats    ]    Subphase: Concurrent Mark                               0.000 / 0.000         0.000 / 0.000        18.504 / 22.997       18.504 / 22.997      ms
[2023-11-16T15:27:45.584+0800][gc,stats    ]    Subphase: Concurrent Mark Try Flush                     0.000 / 0.000         0.000 / 0.000         0.201 / 0.455         0.201 / 0.455       ms
[2023-11-16T15:27:45.584+0800][gc,stats    ]    Subphase: Concurrent Mark Try Terminate                 0.000 / 0.000         0.000 / 0.000         4.353 / 12.985        4.353 / 12.985      ms
[2023-11-16T15:27:45.584+0800][gc,stats    ]    Subphase: Concurrent References Enqueue                 0.000 / 0.000         0.000 / 0.000         0.004 / 0.004         0.004 / 0.004       ms
[2023-11-16T15:27:45.584+0800][gc,stats    ]    Subphase: Concurrent References Process                 0.000 / 0.000         0.000 / 0.000         0.104 / 0.123         0.104 / 0.123       ms
[2023-11-16T15:27:45.584+0800][gc,stats    ]    Subphase: Concurrent Roots ClassLoaderDataGraph         0.000 / 0.000         0.000 / 0.000         0.107 / 0.428         0.107 / 0.428       ms
[2023-11-16T15:27:45.584+0800][gc,stats    ]    Subphase: Concurrent Roots CodeCache                    0.000 / 0.000         0.000 / 0.000         0.000 / 0.000         0.000 / 0.000       ms
[2023-11-16T15:27:45.584+0800][gc,stats    ]    Subphase: Concurrent Roots JavaThreads                  0.000 / 0.000         0.000 / 0.000         1.013 / 1.707         1.013 / 1.707       ms
[2023-11-16T15:27:45.584+0800][gc,stats    ]    Subphase: Concurrent Roots OopStorageSet                0.000 / 0.000         0.000 / 0.000         0.146 / 0.289         0.146 / 0.289       ms
[2023-11-16T15:27:45.584+0800][gc,stats    ]    Subphase: Concurrent Weak Roots OopStorageSet           0.000 / 0.000         0.000 / 0.000         0.440 / 0.670         0.440 / 0.670       ms
[2023-11-16T15:27:45.584+0800][gc,stats    ]    Subphase: Pause Mark Try Complete                       0.000 / 0.000         0.000 / 0.000         0.000 / 0.000         0.000 / 0.000       ms
[2023-11-16T15:27:45.584+0800][gc,stats    ]      System: Java Threads                                      0 / 0                 0 / 0                34 / 47               34 / 47          threads
[2023-11-16T15:27:45.584+0800][gc,stats    ] =========================================================================================================================================================
[2023-11-16T15:27:55.587+0800][gc,stats    ] === Garbage Collection Statistics =======================================================================================================================
[2023-11-16T15:27:55.587+0800][gc,stats    ]                                                              Last 10s              Last 10m              Last 10h                Total
[2023-11-16T15:27:55.587+0800][gc,stats    ]                                                              Avg / Max             Avg / Max             Avg / Max             Avg / Max
[2023-11-16T15:27:55.587+0800][gc,stats    ]   Collector: Garbage Collection Cycle                      0.000 / 0.000         0.000 / 0.000        32.129 / 37.536       32.129 / 37.536      ms
[2023-11-16T15:27:55.587+0800][gc,stats    ]  Contention: Mark Segment Reset Contention                     0 / 0                 0 / 0                 0 / 3                 0 / 3           ops/s
[2023-11-16T15:27:55.587+0800][gc,stats    ]  Contention: Mark SeqNum Reset Contention                      0 / 0                 0 / 0                 0 / 0                 0 / 0           ops/s
[2023-11-16T15:27:55.587+0800][gc,stats    ]    Critical: Allocation Stall                                  0 / 0                 0 / 0                 0 / 0                 0 / 0           ops/s
[2023-11-16T15:27:55.587+0800][gc,stats    ]    Critical: Allocation Stall                              0.000 / 0.000         0.000 / 0.000         0.000 / 0.000         0.000 / 0.000       ms
[2023-11-16T15:27:55.587+0800][gc,stats    ]    Critical: GC Locker Stall                                   0 / 0                 0 / 0                 0 / 0                 0 / 0           ops/s
[2023-11-16T15:27:55.587+0800][gc,stats    ]    Critical: GC Locker Stall                               0.000 / 0.000         0.000 / 0.000         0.000 / 0.000         0.000 / 0.000       ms
[2023-11-16T15:27:55.587+0800][gc,stats    ]    Critical: Relocation Stall                                  0 / 0                 0 / 0                 0 / 0                 0 / 0           ops/s
[2023-11-16T15:27:55.587+0800][gc,stats    ]    Critical: Relocation Stall                              0.000 / 0.000         0.000 / 0.000         0.000 / 0.000         0.000 / 0.000       ms
[2023-11-16T15:27:55.587+0800][gc,stats    ]      Memory: Allocation Rate                                   0 / 0                 0 / 0                 0 / 82                0 / 82          MB/s
[2023-11-16T15:27:55.587+0800][gc,stats    ]      Memory: Defragment                                        0 / 0                 0 / 0                 0 / 0                 0 / 0           ops/s
[2023-11-16T15:27:55.587+0800][gc,stats    ]      Memory: Out Of Memory                                     0 / 0                 0 / 0                 0 / 0                 0 / 0           ops/s
[2023-11-16T15:27:55.587+0800][gc,stats    ]      Memory: Page Cache Flush                                  0 / 0                 0 / 0                 0 / 0                 0 / 0           MB/s
[2023-11-16T15:27:55.587+0800][gc,stats    ]      Memory: Page Cache Hit L1                                 0 / 0                 0 / 0                 0 / 33                0 / 33          ops/s
[2023-11-16T15:27:55.587+0800][gc,stats    ]      Memory: Page Cache Hit L2                                 0 / 0                 0 / 0                 0 / 0                 0 / 0           ops/s
[2023-11-16T15:27:55.587+0800][gc,stats    ]      Memory: Page Cache Hit L3                                 0 / 0                 0 / 0                 0 / 41                0 / 41          ops/s
[2023-11-16T15:27:55.587+0800][gc,stats    ]      Memory: Page Cache Miss                                   0 / 0                 0 / 0                 0 / 1                 0 / 1           ops/s
[2023-11-16T15:27:55.587+0800][gc,stats    ]      Memory: Uncommit                                          0 / 0                 0 / 0                 0 / 0                 0 / 0           MB/s
[2023-11-16T15:27:55.587+0800][gc,stats    ]      Memory: Undo Object Allocation Failed                     0 / 0                 0 / 0                 0 / 0                 0 / 0           ops/s
[2023-11-16T15:27:55.587+0800][gc,stats    ]      Memory: Undo Object Allocation Succeeded                  0 / 0                 0 / 0                 0 / 3                 0 / 3           ops/s
[2023-11-16T15:27:55.587+0800][gc,stats    ]      Memory: Undo Page Allocation                              0 / 0                 0 / 0                 0 / 0                 0 / 0           ops/s
[2023-11-16T15:27:55.587+0800][gc,stats    ]       Phase: Concurrent Mark                               0.000 / 0.000         0.000 / 0.000        21.531 / 24.050       21.531 / 24.050      ms
[2023-11-16T15:27:55.587+0800][gc,stats    ]       Phase: Concurrent Mark Continue                      0.000 / 0.000         0.000 / 0.000         0.000 / 0.000         0.000 / 0.000       ms
[2023-11-16T15:27:55.587+0800][gc,stats    ]       Phase: Concurrent Mark Free                          0.000 / 0.000         0.000 / 0.000         0.001 / 0.001         0.001 / 0.001       ms
[2023-11-16T15:27:55.587+0800][gc,stats    ]       Phase: Concurrent Process Non-Strong References      0.000 / 0.000         0.000 / 0.000         1.995 / 2.420         1.995 / 2.420       ms
[2023-11-16T15:27:55.587+0800][gc,stats    ]       Phase: Concurrent Relocate                           0.000 / 0.000         0.000 / 0.000         2.883 / 2.961         2.883 / 2.961       ms
[2023-11-16T15:27:55.587+0800][gc,stats    ]       Phase: Concurrent Reset Relocation Set               0.000 / 0.000         0.000 / 0.000         0.002 / 0.004         0.002 / 0.004       ms
[2023-11-16T15:27:55.587+0800][gc,stats    ]       Phase: Concurrent Select Relocation Set              0.000 / 0.000         0.000 / 0.000         4.861 / 8.184         4.861 / 8.184       ms
[2023-11-16T15:27:55.587+0800][gc,stats    ]       Phase: Pause Mark End                                0.000 / 0.000         0.000 / 0.000         0.017 / 0.019         0.017 / 0.019       ms
[2023-11-16T15:27:55.587+0800][gc,stats    ]       Phase: Pause Mark Start                              0.000 / 0.000         0.000 / 0.000         0.023 / 0.031         0.023 / 0.031       ms
[2023-11-16T15:27:55.587+0800][gc,stats    ]       Phase: Pause Relocate Start                          0.000 / 0.000         0.000 / 0.000         0.009 / 0.009         0.009 / 0.009       ms
[2023-11-16T15:27:55.587+0800][gc,stats    ]    Subphase: Concurrent Classes Purge                      0.000 / 0.000         0.000 / 0.000         0.066 / 0.071         0.066 / 0.071       ms
[2023-11-16T15:27:55.587+0800][gc,stats    ]    Subphase: Concurrent Classes Unlink                     0.000 / 0.000         0.000 / 0.000         1.264 / 1.492         1.264 / 1.492       ms
[2023-11-16T15:27:55.587+0800][gc,stats    ]    Subphase: Concurrent Mark                               0.000 / 0.000         0.000 / 0.000        18.504 / 22.997       18.504 / 22.997      ms
[2023-11-16T15:27:55.587+0800][gc,stats    ]    Subphase: Concurrent Mark Try Flush                     0.000 / 0.000         0.000 / 0.000         0.201 / 0.455         0.201 / 0.455       ms
[2023-11-16T15:27:55.587+0800][gc,stats    ]    Subphase: Concurrent Mark Try Terminate                 0.000 / 0.000         0.000 / 0.000         4.353 / 12.985        4.353 / 12.985      ms
[2023-11-16T15:27:55.588+0800][gc,stats    ]    Subphase: Concurrent References Enqueue                 0.000 / 0.000         0.000 / 0.000         0.004 / 0.004         0.004 / 0.004       ms
[2023-11-16T15:27:55.588+0800][gc,stats    ]    Subphase: Concurrent References Process                 0.000 / 0.000         0.000 / 0.000         0.104 / 0.123         0.104 / 0.123       ms
[2023-11-16T15:27:55.588+0800][gc,stats    ]    Subphase: Concurrent Roots ClassLoaderDataGraph         0.000 / 0.000         0.000 / 0.000         0.107 / 0.428         0.107 / 0.428       ms
[2023-11-16T15:27:55.588+0800][gc,stats    ]    Subphase: Concurrent Roots CodeCache                    0.000 / 0.000         0.000 / 0.000         0.000 / 0.000         0.000 / 0.000       ms
[2023-11-16T15:27:55.588+0800][gc,stats    ]    Subphase: Concurrent Roots JavaThreads                  0.000 / 0.000         0.000 / 0.000         1.013 / 1.707         1.013 / 1.707       ms
[2023-11-16T15:27:55.588+0800][gc,stats    ]    Subphase: Concurrent Roots OopStorageSet                0.000 / 0.000         0.000 / 0.000         0.146 / 0.289         0.146 / 0.289       ms
[2023-11-16T15:27:55.588+0800][gc,stats    ]    Subphase: Concurrent Weak Roots OopStorageSet           0.000 / 0.000         0.000 / 0.000         0.440 / 0.670         0.440 / 0.670       ms
[2023-11-16T15:27:55.588+0800][gc,stats    ]    Subphase: Pause Mark Try Complete                       0.000 / 0.000         0.000 / 0.000         0.000 / 0.000         0.000 / 0.000       ms
[2023-11-16T15:27:55.588+0800][gc,stats    ]      System: Java Threads                                      0 / 0                 0 / 0                34 / 47               34 / 47          threads
[2023-11-16T15:27:55.588+0800][gc,stats    ] =========================================================================================================================================================
[2023-11-16T15:28:05.585+0800][gc,stats    ] === Garbage Collection Statistics =======================================================================================================================
[2023-11-16T15:28:05.585+0800][gc,stats    ]                                                              Last 10s              Last 10m              Last 10h                Total
[2023-11-16T15:28:05.585+0800][gc,stats    ]                                                              Avg / Max             Avg / Max             Avg / Max             Avg / Max
[2023-11-16T15:28:05.585+0800][gc,stats    ]   Collector: Garbage Collection Cycle                      0.000 / 0.000         0.000 / 0.000        32.129 / 37.536       32.129 / 37.536      ms
[2023-11-16T15:28:05.585+0800][gc,stats    ]  Contention: Mark Segment Reset Contention                     0 / 0                 0 / 0                 0 / 3                 0 / 3           ops/s
[2023-11-16T15:28:05.585+0800][gc,stats    ]  Contention: Mark SeqNum Reset Contention                      0 / 0                 0 / 0                 0 / 0                 0 / 0           ops/s
[2023-11-16T15:28:05.585+0800][gc,stats    ]    Critical: Allocation Stall                                  0 / 0                 0 / 0                 0 / 0                 0 / 0           ops/s
[2023-11-16T15:28:05.585+0800][gc,stats    ]    Critical: Allocation Stall                              0.000 / 0.000         0.000 / 0.000         0.000 / 0.000         0.000 / 0.000       ms
[2023-11-16T15:28:05.585+0800][gc,stats    ]    Critical: GC Locker Stall                                   0 / 0                 0 / 0                 0 / 0                 0 / 0           ops/s
[2023-11-16T15:28:05.585+0800][gc,stats    ]    Critical: GC Locker Stall                               0.000 / 0.000         0.000 / 0.000         0.000 / 0.000         0.000 / 0.000       ms
[2023-11-16T15:28:05.585+0800][gc,stats    ]    Critical: Relocation Stall                                  0 / 0                 0 / 0                 0 / 0                 0 / 0           ops/s
[2023-11-16T15:28:05.585+0800][gc,stats    ]    Critical: Relocation Stall                              0.000 / 0.000         0.000 / 0.000         0.000 / 0.000         0.000 / 0.000       ms
[2023-11-16T15:28:05.585+0800][gc,stats    ]      Memory: Allocation Rate                                   0 / 0                 0 / 0                 0 / 82                0 / 82          MB/s
[2023-11-16T15:28:05.585+0800][gc,stats    ]      Memory: Defragment                                        0 / 0                 0 / 0                 0 / 0                 0 / 0           ops/s
[2023-11-16T15:28:05.585+0800][gc,stats    ]      Memory: Out Of Memory                                     0 / 0                 0 / 0                 0 / 0                 0 / 0           ops/s
[2023-11-16T15:28:05.585+0800][gc,stats    ]      Memory: Page Cache Flush                                  0 / 0                 0 / 0                 0 / 0                 0 / 0           MB/s
[2023-11-16T15:28:05.585+0800][gc,stats    ]      Memory: Page Cache Hit L1                                 0 / 0                 0 / 0                 0 / 33                0 / 33          ops/s
[2023-11-16T15:28:05.585+0800][gc,stats    ]      Memory: Page Cache Hit L2                                 0 / 0                 0 / 0                 0 / 0                 0 / 0           ops/s
[2023-11-16T15:28:05.585+0800][gc,stats    ]      Memory: Page Cache Hit L3                                 0 / 0                 0 / 0                 0 / 41                0 / 41          ops/s
[2023-11-16T15:28:05.585+0800][gc,stats    ]      Memory: Page Cache Miss                                   0 / 0                 0 / 0                 0 / 1                 0 / 1           ops/s
[2023-11-16T15:28:05.585+0800][gc,stats    ]      Memory: Uncommit                                          0 / 0                 0 / 0                 0 / 0                 0 / 0           MB/s
[2023-11-16T15:28:05.585+0800][gc,stats    ]      Memory: Undo Object Allocation Failed                     0 / 0                 0 / 0                 0 / 0                 0 / 0           ops/s
[2023-11-16T15:28:05.585+0800][gc,stats    ]      Memory: Undo Object Allocation Succeeded                  0 / 0                 0 / 0                 0 / 3                 0 / 3           ops/s
[2023-11-16T15:28:05.585+0800][gc,stats    ]      Memory: Undo Page Allocation                              0 / 0                 0 / 0                 0 / 0                 0 / 0           ops/s
[2023-11-16T15:28:05.585+0800][gc,stats    ]       Phase: Concurrent Mark                               0.000 / 0.000         0.000 / 0.000        21.531 / 24.050       21.531 / 24.050      ms
[2023-11-16T15:28:05.585+0800][gc,stats    ]       Phase: Concurrent Mark Continue                      0.000 / 0.000         0.000 / 0.000         0.000 / 0.000         0.000 / 0.000       ms
[2023-11-16T15:28:05.585+0800][gc,stats    ]       Phase: Concurrent Mark Free                          0.000 / 0.000         0.000 / 0.000         0.001 / 0.001         0.001 / 0.001       ms
[2023-11-16T15:28:05.585+0800][gc,stats    ]       Phase: Concurrent Process Non-Strong References      0.000 / 0.000         0.000 / 0.000         1.995 / 2.420         1.995 / 2.420       ms
[2023-11-16T15:28:05.585+0800][gc,stats    ]       Phase: Concurrent Relocate                           0.000 / 0.000         0.000 / 0.000         2.883 / 2.961         2.883 / 2.961       ms
[2023-11-16T15:28:05.585+0800][gc,stats    ]       Phase: Concurrent Reset Relocation Set               0.000 / 0.000         0.000 / 0.000         0.002 / 0.004         0.002 / 0.004       ms
[2023-11-16T15:28:05.585+0800][gc,stats    ]       Phase: Concurrent Select Relocation Set              0.000 / 0.000         0.000 / 0.000         4.861 / 8.184         4.861 / 8.184       ms
[2023-11-16T15:28:05.585+0800][gc,stats    ]       Phase: Pause Mark End                                0.000 / 0.000         0.000 / 0.000         0.017 / 0.019         0.017 / 0.019       ms
[2023-11-16T15:28:05.585+0800][gc,stats    ]       Phase: Pause Mark Start                              0.000 / 0.000         0.000 / 0.000         0.023 / 0.031         0.023 / 0.031       ms
[2023-11-16T15:28:05.585+0800][gc,stats    ]       Phase: Pause Relocate Start                          0.000 / 0.000         0.000 / 0.000         0.009 / 0.009         0.009 / 0.009       ms
[2023-11-16T15:28:05.585+0800][gc,stats    ]    Subphase: Concurrent Classes Purge                      0.000 / 0.000         0.000 / 0.000         0.066 / 0.071         0.066 / 0.071       ms
[2023-11-16T15:28:05.585+0800][gc,stats    ]    Subphase: Concurrent Classes Unlink                     0.000 / 0.000         0.000 / 0.000         1.264 / 1.492         1.264 / 1.492       ms
[2023-11-16T15:28:05.585+0800][gc,stats    ]    Subphase: Concurrent Mark                               0.000 / 0.000         0.000 / 0.000        18.504 / 22.997       18.504 / 22.997      ms
[2023-11-16T15:28:05.585+0800][gc,stats    ]    Subphase: Concurrent Mark Try Flush                     0.000 / 0.000         0.000 / 0.000         0.201 / 0.455         0.201 / 0.455       ms
[2023-11-16T15:28:05.585+0800][gc,stats    ]    Subphase: Concurrent Mark Try Terminate                 0.000 / 0.000         0.000 / 0.000         4.353 / 12.985        4.353 / 12.985      ms
[2023-11-16T15:28:05.585+0800][gc,stats    ]    Subphase: Concurrent References Enqueue                 0.000 / 0.000         0.000 / 0.000         0.004 / 0.004         0.004 / 0.004       ms
[2023-11-16T15:28:05.585+0800][gc,stats    ]    Subphase: Concurrent References Process                 0.000 / 0.000         0.000 / 0.000         0.104 / 0.123         0.104 / 0.123       ms
[2023-11-16T15:28:05.586+0800][gc,stats    ]    Subphase: Concurrent Roots ClassLoaderDataGraph         0.000 / 0.000         0.000 / 0.000         0.107 / 0.428         0.107 / 0.428       ms
[2023-11-16T15:28:05.586+0800][gc,stats    ]    Subphase: Concurrent Roots CodeCache                    0.000 / 0.000         0.000 / 0.000         0.000 / 0.000         0.000 / 0.000       ms
[2023-11-16T15:28:05.586+0800][gc,stats    ]    Subphase: Concurrent Roots JavaThreads                  0.000 / 0.000         0.000 / 0.000         1.013 / 1.707         1.013 / 1.707       ms
[2023-11-16T15:28:05.586+0800][gc,stats    ]    Subphase: Concurrent Roots OopStorageSet                0.000 / 0.000         0.000 / 0.000         0.146 / 0.289         0.146 / 0.289       ms
[2023-11-16T15:28:05.586+0800][gc,stats    ]    Subphase: Concurrent Weak Roots OopStorageSet           0.000 / 0.000         0.000 / 0.000         0.440 / 0.670         0.440 / 0.670       ms
[2023-11-16T15:28:05.586+0800][gc,stats    ]    Subphase: Pause Mark Try Complete                       0.000 / 0.000         0.000 / 0.000         0.000 / 0.000         0.000 / 0.000       ms
[2023-11-16T15:28:05.586+0800][gc,stats    ]      System: Java Threads                                      0 / 0                 0 / 0                34 / 47               34 / 47          threads
[2023-11-16T15:28:05.586+0800][gc,stats    ] =========================================================================================================================================================
[2023-11-16T15:28:15.589+0800][gc,stats    ] === Garbage Collection Statistics =======================================================================================================================
[2023-11-16T15:28:15.589+0800][gc,stats    ]                                                              Last 10s              Last 10m              Last 10h                Total
[2023-11-16T15:28:15.589+0800][gc,stats    ]                                                              Avg / Max             Avg / Max             Avg / Max             Avg / Max
[2023-11-16T15:28:15.589+0800][gc,stats    ]   Collector: Garbage Collection Cycle                      0.000 / 0.000         0.000 / 0.000        32.129 / 37.536       32.129 / 37.536      ms
[2023-11-16T15:28:15.589+0800][gc,stats    ]  Contention: Mark Segment Reset Contention                     0 / 0                 0 / 0                 0 / 3                 0 / 3           ops/s
[2023-11-16T15:28:15.589+0800][gc,stats    ]  Contention: Mark SeqNum Reset Contention                      0 / 0                 0 / 0                 0 / 0                 0 / 0           ops/s
[2023-11-16T15:28:15.589+0800][gc,stats    ]    Critical: Allocation Stall                                  0 / 0                 0 / 0                 0 / 0                 0 / 0           ops/s
[2023-11-16T15:28:15.589+0800][gc,stats    ]    Critical: Allocation Stall                              0.000 / 0.000         0.000 / 0.000         0.000 / 0.000         0.000 / 0.000       ms
[2023-11-16T15:28:15.589+0800][gc,stats    ]    Critical: GC Locker Stall                                   0 / 0                 0 / 0                 0 / 0                 0 / 0           ops/s
[2023-11-16T15:28:15.589+0800][gc,stats    ]    Critical: GC Locker Stall                               0.000 / 0.000         0.000 / 0.000         0.000 / 0.000         0.000 / 0.000       ms
[2023-11-16T15:28:15.589+0800][gc,stats    ]    Critical: Relocation Stall                                  0 / 0                 0 / 0                 0 / 0                 0 / 0           ops/s
[2023-11-16T15:28:15.589+0800][gc,stats    ]    Critical: Relocation Stall                              0.000 / 0.000         0.000 / 0.000         0.000 / 0.000         0.000 / 0.000       ms
[2023-11-16T15:28:15.589+0800][gc,stats    ]      Memory: Allocation Rate                                   0 / 0                 0 / 0                 0 / 82                0 / 82          MB/s
[2023-11-16T15:28:15.589+0800][gc,stats    ]      Memory: Defragment                                        0 / 0                 0 / 0                 0 / 0                 0 / 0           ops/s
[2023-11-16T15:28:15.589+0800][gc,stats    ]      Memory: Out Of Memory                                     0 / 0                 0 / 0                 0 / 0                 0 / 0           ops/s
[2023-11-16T15:28:15.589+0800][gc,stats    ]      Memory: Page Cache Flush                                  0 / 0                 0 / 0                 0 / 0                 0 / 0           MB/s
[2023-11-16T15:28:15.589+0800][gc,stats    ]      Memory: Page Cache Hit L1                                 0 / 0                 0 / 0                 0 / 33                0 / 33          ops/s
[2023-11-16T15:28:15.589+0800][gc,stats    ]      Memory: Page Cache Hit L2                                 0 / 0                 0 / 0                 0 / 0                 0 / 0           ops/s
[2023-11-16T15:28:15.589+0800][gc,stats    ]      Memory: Page Cache Hit L3                                 0 / 0                 0 / 0                 0 / 41                0 / 41          ops/s
[2023-11-16T15:28:15.589+0800][gc,stats    ]      Memory: Page Cache Miss                                   0 / 0                 0 / 0                 0 / 1                 0 / 1           ops/s
[2023-11-16T15:28:15.589+0800][gc,stats    ]      Memory: Uncommit                                          0 / 0                 0 / 0                 0 / 0                 0 / 0           MB/s
[2023-11-16T15:28:15.589+0800][gc,stats    ]      Memory: Undo Object Allocation Failed                     0 / 0                 0 / 0                 0 / 0                 0 / 0           ops/s
[2023-11-16T15:28:15.589+0800][gc,stats    ]      Memory: Undo Object Allocation Succeeded                  0 / 0                 0 / 0                 0 / 3                 0 / 3           ops/s
[2023-11-16T15:28:15.589+0800][gc,stats    ]      Memory: Undo Page Allocation                              0 / 0                 0 / 0                 0 / 0                 0 / 0           ops/s
[2023-11-16T15:28:15.589+0800][gc,stats    ]       Phase: Concurrent Mark                               0.000 / 0.000         0.000 / 0.000        21.531 / 24.050       21.531 / 24.050      ms
[2023-11-16T15:28:15.589+0800][gc,stats    ]       Phase: Concurrent Mark Continue                      0.000 / 0.000         0.000 / 0.000         0.000 / 0.000         0.000 / 0.000       ms
[2023-11-16T15:28:15.589+0800][gc,stats    ]       Phase: Concurrent Mark Free                          0.000 / 0.000         0.000 / 0.000         0.001 / 0.001         0.001 / 0.001       ms
[2023-11-16T15:28:15.589+0800][gc,stats    ]       Phase: Concurrent Process Non-Strong References      0.000 / 0.000         0.000 / 0.000         1.995 / 2.420         1.995 / 2.420       ms
[2023-11-16T15:28:15.589+0800][gc,stats    ]       Phase: Concurrent Relocate                           0.000 / 0.000         0.000 / 0.000         2.883 / 2.961         2.883 / 2.961       ms
[2023-11-16T15:28:15.589+0800][gc,stats    ]       Phase: Concurrent Reset Relocation Set               0.000 / 0.000         0.000 / 0.000         0.002 / 0.004         0.002 / 0.004       ms
[2023-11-16T15:28:15.589+0800][gc,stats    ]       Phase: Concurrent Select Relocation Set              0.000 / 0.000         0.000 / 0.000         4.861 / 8.184         4.861 / 8.184       ms
[2023-11-16T15:28:15.589+0800][gc,stats    ]       Phase: Pause Mark End                                0.000 / 0.000         0.000 / 0.000         0.017 / 0.019         0.017 / 0.019       ms
[2023-11-16T15:28:15.589+0800][gc,stats    ]       Phase: Pause Mark Start                              0.000 / 0.000         0.000 / 0.000         0.023 / 0.031         0.023 / 0.031       ms
[2023-11-16T15:28:15.589+0800][gc,stats    ]       Phase: Pause Relocate Start                          0.000 / 0.000         0.000 / 0.000         0.009 / 0.009         0.009 / 0.009       ms
[2023-11-16T15:28:15.589+0800][gc,stats    ]    Subphase: Concurrent Classes Purge                      0.000 / 0.000         0.000 / 0.000         0.066 / 0.071         0.066 / 0.071       ms
[2023-11-16T15:28:15.589+0800][gc,stats    ]    Subphase: Concurrent Classes Unlink                     0.000 / 0.000         0.000 / 0.000         1.264 / 1.492         1.264 / 1.492       ms
[2023-11-16T15:28:15.589+0800][gc,stats    ]    Subphase: Concurrent Mark                               0.000 / 0.000         0.000 / 0.000        18.504 / 22.997       18.504 / 22.997      ms
[2023-11-16T15:28:15.589+0800][gc,stats    ]    Subphase: Concurrent Mark Try Flush                     0.000 / 0.000         0.000 / 0.000         0.201 / 0.455         0.201 / 0.455       ms
[2023-11-16T15:28:15.589+0800][gc,stats    ]    Subphase: Concurrent Mark Try Terminate                 0.000 / 0.000         0.000 / 0.000         4.353 / 12.985        4.353 / 12.985      ms
[2023-11-16T15:28:15.589+0800][gc,stats    ]    Subphase: Concurrent References Enqueue                 0.000 / 0.000         0.000 / 0.000         0.004 / 0.004         0.004 / 0.004       ms
[2023-11-16T15:28:15.589+0800][gc,stats    ]    Subphase: Concurrent References Process                 0.000 / 0.000         0.000 / 0.000         0.104 / 0.123         0.104 / 0.123       ms
[2023-11-16T15:28:15.589+0800][gc,stats    ]    Subphase: Concurrent Roots ClassLoaderDataGraph         0.000 / 0.000         0.000 / 0.000         0.107 / 0.428         0.107 / 0.428       ms
[2023-11-16T15:28:15.589+0800][gc,stats    ]    Subphase: Concurrent Roots CodeCache                    0.000 / 0.000         0.000 / 0.000         0.000 / 0.000         0.000 / 0.000       ms
[2023-11-16T15:28:15.589+0800][gc,stats    ]    Subphase: Concurrent Roots JavaThreads                  0.000 / 0.000         0.000 / 0.000         1.013 / 1.707         1.013 / 1.707       ms
[2023-11-16T15:28:15.590+0800][gc,stats    ]    Subphase: Concurrent Roots OopStorageSet                0.000 / 0.000         0.000 / 0.000         0.146 / 0.289         0.146 / 0.289       ms
[2023-11-16T15:28:15.590+0800][gc,stats    ]    Subphase: Concurrent Weak Roots OopStorageSet           0.000 / 0.000         0.000 / 0.000         0.440 / 0.670         0.440 / 0.670       ms
[2023-11-16T15:28:15.590+0800][gc,stats    ]    Subphase: Pause Mark Try Complete                       0.000 / 0.000         0.000 / 0.000         0.000 / 0.000         0.000 / 0.000       ms
[2023-11-16T15:28:15.590+0800][gc,stats    ]      System: Java Threads                                      0 / 0                 0 / 0                34 / 47               34 / 47          threads
[2023-11-16T15:28:15.590+0800][gc,stats    ] =========================================================================================================================================================
[2023-11-16T15:28:25.583+0800][gc,stats    ] === Garbage Collection Statistics =======================================================================================================================
[2023-11-16T15:28:25.583+0800][gc,stats    ]                                                              Last 10s              Last 10m              Last 10h                Total
[2023-11-16T15:28:25.583+0800][gc,stats    ]                                                              Avg / Max             Avg / Max             Avg / Max             Avg / Max
[2023-11-16T15:28:25.583+0800][gc,stats    ]   Collector: Garbage Collection Cycle                      0.000 / 0.000         0.000 / 0.000        32.129 / 37.536       32.129 / 37.536      ms
[2023-11-16T15:28:25.583+0800][gc,stats    ]  Contention: Mark Segment Reset Contention                     0 / 0                 0 / 0                 0 / 3                 0 / 3           ops/s
[2023-11-16T15:28:25.583+0800][gc,stats    ]  Contention: Mark SeqNum Reset Contention                      0 / 0                 0 / 0                 0 / 0                 0 / 0           ops/s
[2023-11-16T15:28:25.583+0800][gc,stats    ]    Critical: Allocation Stall                                  0 / 0                 0 / 0                 0 / 0                 0 / 0           ops/s
[2023-11-16T15:28:25.583+0800][gc,stats    ]    Critical: Allocation Stall                              0.000 / 0.000         0.000 / 0.000         0.000 / 0.000         0.000 / 0.000       ms
[2023-11-16T15:28:25.583+0800][gc,stats    ]    Critical: GC Locker Stall                                   0 / 0                 0 / 0                 0 / 0                 0 / 0           ops/s
[2023-11-16T15:28:25.583+0800][gc,stats    ]    Critical: GC Locker Stall                               0.000 / 0.000         0.000 / 0.000         0.000 / 0.000         0.000 / 0.000       ms
[2023-11-16T15:28:25.583+0800][gc,stats    ]    Critical: Relocation Stall                                  0 / 0                 0 / 0                 0 / 0                 0 / 0           ops/s
[2023-11-16T15:28:25.583+0800][gc,stats    ]    Critical: Relocation Stall                              0.000 / 0.000         0.000 / 0.000         0.000 / 0.000         0.000 / 0.000       ms
[2023-11-16T15:28:25.583+0800][gc,stats    ]      Memory: Allocation Rate                                   0 / 0                 0 / 0                 0 / 82                0 / 82          MB/s
[2023-11-16T15:28:25.583+0800][gc,stats    ]      Memory: Defragment                                        0 / 0                 0 / 0                 0 / 0                 0 / 0           ops/s
[2023-11-16T15:28:25.583+0800][gc,stats    ]      Memory: Out Of Memory                                     0 / 0                 0 / 0                 0 / 0                 0 / 0           ops/s
[2023-11-16T15:28:25.583+0800][gc,stats    ]      Memory: Page Cache Flush                                  0 / 0                 0 / 0                 0 / 0                 0 / 0           MB/s
[2023-11-16T15:28:25.583+0800][gc,stats    ]      Memory: Page Cache Hit L1                                 0 / 0                 0 / 0                 0 / 33                0 / 33          ops/s
[2023-11-16T15:28:25.583+0800][gc,stats    ]      Memory: Page Cache Hit L2                                 0 / 0                 0 / 0                 0 / 0                 0 / 0           ops/s
[2023-11-16T15:28:25.583+0800][gc,stats    ]      Memory: Page Cache Hit L3                                 0 / 0                 0 / 0                 0 / 41                0 / 41          ops/s
[2023-11-16T15:28:25.583+0800][gc,stats    ]      Memory: Page Cache Miss                                   0 / 0                 0 / 0                 0 / 1                 0 / 1           ops/s
[2023-11-16T15:28:25.583+0800][gc,stats    ]      Memory: Uncommit                                          0 / 0                 0 / 0                 0 / 0                 0 / 0           MB/s
[2023-11-16T15:28:25.583+0800][gc,stats    ]      Memory: Undo Object Allocation Failed                     0 / 0                 0 / 0                 0 / 0                 0 / 0           ops/s
[2023-11-16T15:28:25.583+0800][gc,stats    ]      Memory: Undo Object Allocation Succeeded                  0 / 0                 0 / 0                 0 / 3                 0 / 3           ops/s
[2023-11-16T15:28:25.583+0800][gc,stats    ]      Memory: Undo Page Allocation                              0 / 0                 0 / 0                 0 / 0                 0 / 0           ops/s
[2023-11-16T15:28:25.583+0800][gc,stats    ]       Phase: Concurrent Mark                               0.000 / 0.000         0.000 / 0.000        21.531 / 24.050       21.531 / 24.050      ms
[2023-11-16T15:28:25.583+0800][gc,stats    ]       Phase: Concurrent Mark Continue                      0.000 / 0.000         0.000 / 0.000         0.000 / 0.000         0.000 / 0.000       ms
[2023-11-16T15:28:25.583+0800][gc,stats    ]       Phase: Concurrent Mark Free                          0.000 / 0.000         0.000 / 0.000         0.001 / 0.001         0.001 / 0.001       ms
[2023-11-16T15:28:25.583+0800][gc,stats    ]       Phase: Concurrent Process Non-Strong References      0.000 / 0.000         0.000 / 0.000         1.995 / 2.420         1.995 / 2.420       ms
[2023-11-16T15:28:25.583+0800][gc,stats    ]       Phase: Concurrent Relocate                           0.000 / 0.000         0.000 / 0.000         2.883 / 2.961         2.883 / 2.961       ms
[2023-11-16T15:28:25.583+0800][gc,stats    ]       Phase: Concurrent Reset Relocation Set               0.000 / 0.000         0.000 / 0.000         0.002 / 0.004         0.002 / 0.004       ms
[2023-11-16T15:28:25.583+0800][gc,stats    ]       Phase: Concurrent Select Relocation Set              0.000 / 0.000         0.000 / 0.000         4.861 / 8.184         4.861 / 8.184       ms
[2023-11-16T15:28:25.583+0800][gc,stats    ]       Phase: Pause Mark End                                0.000 / 0.000         0.000 / 0.000         0.017 / 0.019         0.017 / 0.019       ms
[2023-11-16T15:28:25.583+0800][gc,stats    ]       Phase: Pause Mark Start                              0.000 / 0.000         0.000 / 0.000         0.023 / 0.031         0.023 / 0.031       ms
[2023-11-16T15:28:25.583+0800][gc,stats    ]       Phase: Pause Relocate Start                          0.000 / 0.000         0.000 / 0.000         0.009 / 0.009         0.009 / 0.009       ms
[2023-11-16T15:28:25.583+0800][gc,stats    ]    Subphase: Concurrent Classes Purge                      0.000 / 0.000         0.000 / 0.000         0.066 / 0.071         0.066 / 0.071       ms
[2023-11-16T15:28:25.583+0800][gc,stats    ]    Subphase: Concurrent Classes Unlink                     0.000 / 0.000         0.000 / 0.000         1.264 / 1.492         1.264 / 1.492       ms
[2023-11-16T15:28:25.583+0800][gc,stats    ]    Subphase: Concurrent Mark                               0.000 / 0.000         0.000 / 0.000        18.504 / 22.997       18.504 / 22.997      ms
[2023-11-16T15:28:25.583+0800][gc,stats    ]    Subphase: Concurrent Mark Try Flush                     0.000 / 0.000         0.000 / 0.000         0.201 / 0.455         0.201 / 0.455       ms
[2023-11-16T15:28:25.583+0800][gc,stats    ]    Subphase: Concurrent Mark Try Terminate                 0.000 / 0.000         0.000 / 0.000         4.353 / 12.985        4.353 / 12.985      ms
[2023-11-16T15:28:25.583+0800][gc,stats    ]    Subphase: Concurrent References Enqueue                 0.000 / 0.000         0.000 / 0.000         0.004 / 0.004         0.004 / 0.004       ms
[2023-11-16T15:28:25.583+0800][gc,stats    ]    Subphase: Concurrent References Process                 0.000 / 0.000         0.000 / 0.000         0.104 / 0.123         0.104 / 0.123       ms
[2023-11-16T15:28:25.583+0800][gc,stats    ]    Subphase: Concurrent Roots ClassLoaderDataGraph         0.000 / 0.000         0.000 / 0.000         0.107 / 0.428         0.107 / 0.428       ms
[2023-11-16T15:28:25.583+0800][gc,stats    ]    Subphase: Concurrent Roots CodeCache                    0.000 / 0.000         0.000 / 0.000         0.000 / 0.000         0.000 / 0.000       ms
[2023-11-16T15:28:25.583+0800][gc,stats    ]    Subphase: Concurrent Roots JavaThreads                  0.000 / 0.000         0.000 / 0.000         1.013 / 1.707         1.013 / 1.707       ms
[2023-11-16T15:28:25.583+0800][gc,stats    ]    Subphase: Concurrent Roots OopStorageSet                0.000 / 0.000         0.000 / 0.000         0.146 / 0.289         0.146 / 0.289       ms
[2023-11-16T15:28:25.583+0800][gc,stats    ]    Subphase: Concurrent Weak Roots OopStorageSet           0.000 / 0.000         0.000 / 0.000         0.440 / 0.670         0.440 / 0.670       ms
[2023-11-16T15:28:25.583+0800][gc,stats    ]    Subphase: Pause Mark Try Complete                       0.000 / 0.000         0.000 / 0.000         0.000 / 0.000         0.000 / 0.000       ms
[2023-11-16T15:28:25.583+0800][gc,stats    ]      System: Java Threads                                      0 / 0                 0 / 0                34 / 47               34 / 47          threads
[2023-11-16T15:28:25.583+0800][gc,stats    ] =========================================================================================================================================================
[2023-11-16T15:28:35.578+0800][gc,stats    ] === Garbage Collection Statistics =======================================================================================================================
[2023-11-16T15:28:35.578+0800][gc,stats    ]                                                              Last 10s              Last 10m              Last 10h                Total
[2023-11-16T15:28:35.578+0800][gc,stats    ]                                                              Avg / Max             Avg / Max             Avg / Max             Avg / Max
[2023-11-16T15:28:35.578+0800][gc,stats    ]   Collector: Garbage Collection Cycle                      0.000 / 0.000         0.000 / 0.000        32.129 / 37.536       32.129 / 37.536      ms
[2023-11-16T15:28:35.578+0800][gc,stats    ]  Contention: Mark Segment Reset Contention                     0 / 0                 0 / 0                 0 / 3                 0 / 3           ops/s
[2023-11-16T15:28:35.578+0800][gc,stats    ]  Contention: Mark SeqNum Reset Contention                      0 / 0                 0 / 0                 0 / 0                 0 / 0           ops/s
[2023-11-16T15:28:35.578+0800][gc,stats    ]    Critical: Allocation Stall                                  0 / 0                 0 / 0                 0 / 0                 0 / 0           ops/s
[2023-11-16T15:28:35.578+0800][gc,stats    ]    Critical: Allocation Stall                              0.000 / 0.000         0.000 / 0.000         0.000 / 0.000         0.000 / 0.000       ms
[2023-11-16T15:28:35.578+0800][gc,stats    ]    Critical: GC Locker Stall                                   0 / 0                 0 / 0                 0 / 0                 0 / 0           ops/s
[2023-11-16T15:28:35.578+0800][gc,stats    ]    Critical: GC Locker Stall                               0.000 / 0.000         0.000 / 0.000         0.000 / 0.000         0.000 / 0.000       ms
[2023-11-16T15:28:35.578+0800][gc,stats    ]    Critical: Relocation Stall                                  0 / 0                 0 / 0                 0 / 0                 0 / 0           ops/s
[2023-11-16T15:28:35.578+0800][gc,stats    ]    Critical: Relocation Stall                              0.000 / 0.000         0.000 / 0.000         0.000 / 0.000         0.000 / 0.000       ms
[2023-11-16T15:28:35.578+0800][gc,stats    ]      Memory: Allocation Rate                                   0 / 0                 0 / 0                 0 / 82                0 / 82          MB/s
[2023-11-16T15:28:35.578+0800][gc,stats    ]      Memory: Defragment                                        0 / 0                 0 / 0                 0 / 0                 0 / 0           ops/s
[2023-11-16T15:28:35.578+0800][gc,stats    ]      Memory: Out Of Memory                                     0 / 0                 0 / 0                 0 / 0                 0 / 0           ops/s
[2023-11-16T15:28:35.578+0800][gc,stats    ]      Memory: Page Cache Flush                                  0 / 0                 0 / 0                 0 / 0                 0 / 0           MB/s
[2023-11-16T15:28:35.578+0800][gc,stats    ]      Memory: Page Cache Hit L1                                 0 / 0                 0 / 0                 0 / 33                0 / 33          ops/s
[2023-11-16T15:28:35.578+0800][gc,stats    ]      Memory: Page Cache Hit L2                                 0 / 0                 0 / 0                 0 / 0                 0 / 0           ops/s
[2023-11-16T15:28:35.578+0800][gc,stats    ]      Memory: Page Cache Hit L3                                 0 / 0                 0 / 0                 0 / 41                0 / 41          ops/s
[2023-11-16T15:28:35.578+0800][gc,stats    ]      Memory: Page Cache Miss                                   0 / 0                 0 / 0                 0 / 1                 0 / 1           ops/s
[2023-11-16T15:28:35.578+0800][gc,stats    ]      Memory: Uncommit                                          0 / 0                 0 / 0                 0 / 0                 0 / 0           MB/s
[2023-11-16T15:28:35.578+0800][gc,stats    ]      Memory: Undo Object Allocation Failed                     0 / 0                 0 / 0                 0 / 0                 0 / 0           ops/s
[2023-11-16T15:28:35.578+0800][gc,stats    ]      Memory: Undo Object Allocation Succeeded                  0 / 0                 0 / 0                 0 / 3                 0 / 3           ops/s
[2023-11-16T15:28:35.578+0800][gc,stats    ]      Memory: Undo Page Allocation                              0 / 0                 0 / 0                 0 / 0                 0 / 0           ops/s
[2023-11-16T15:28:35.578+0800][gc,stats    ]       Phase: Concurrent Mark                               0.000 / 0.000         0.000 / 0.000        21.531 / 24.050       21.531 / 24.050      ms
[2023-11-16T15:28:35.578+0800][gc,stats    ]       Phase: Concurrent Mark Continue                      0.000 / 0.000         0.000 / 0.000         0.000 / 0.000         0.000 / 0.000       ms
[2023-11-16T15:28:35.578+0800][gc,stats    ]       Phase: Concurrent Mark Free                          0.000 / 0.000         0.000 / 0.000         0.001 / 0.001         0.001 / 0.001       ms
[2023-11-16T15:28:35.578+0800][gc,stats    ]       Phase: Concurrent Process Non-Strong References      0.000 / 0.000         0.000 / 0.000         1.995 / 2.420         1.995 / 2.420       ms
[2023-11-16T15:28:35.578+0800][gc,stats    ]       Phase: Concurrent Relocate                           0.000 / 0.000         0.000 / 0.000         2.883 / 2.961         2.883 / 2.961       ms
[2023-11-16T15:28:35.579+0800][gc,stats    ]       Phase: Concurrent Reset Relocation Set               0.000 / 0.000         0.000 / 0.000         0.002 / 0.004         0.002 / 0.004       ms
[2023-11-16T15:28:35.579+0800][gc,stats    ]       Phase: Concurrent Select Relocation Set              0.000 / 0.000         0.000 / 0.000         4.861 / 8.184         4.861 / 8.184       ms
[2023-11-16T15:28:35.579+0800][gc,stats    ]       Phase: Pause Mark End                                0.000 / 0.000         0.000 / 0.000         0.017 / 0.019         0.017 / 0.019       ms
[2023-11-16T15:28:35.579+0800][gc,stats    ]       Phase: Pause Mark Start                              0.000 / 0.000         0.000 / 0.000         0.023 / 0.031         0.023 / 0.031       ms
[2023-11-16T15:28:35.579+0800][gc,stats    ]       Phase: Pause Relocate Start                          0.000 / 0.000         0.000 / 0.000         0.009 / 0.009         0.009 / 0.009       ms
[2023-11-16T15:28:35.579+0800][gc,stats    ]    Subphase: Concurrent Classes Purge                      0.000 / 0.000         0.000 / 0.000         0.066 / 0.071         0.066 / 0.071       ms
[2023-11-16T15:28:35.579+0800][gc,stats    ]    Subphase: Concurrent Classes Unlink                     0.000 / 0.000         0.000 / 0.000         1.264 / 1.492         1.264 / 1.492       ms
[2023-11-16T15:28:35.579+0800][gc,stats    ]    Subphase: Concurrent Mark                               0.000 / 0.000         0.000 / 0.000        18.504 / 22.997       18.504 / 22.997      ms
[2023-11-16T15:28:35.579+0800][gc,stats    ]    Subphase: Concurrent Mark Try Flush                     0.000 / 0.000         0.000 / 0.000         0.201 / 0.455         0.201 / 0.455       ms
[2023-11-16T15:28:35.579+0800][gc,stats    ]    Subphase: Concurrent Mark Try Terminate                 0.000 / 0.000         0.000 / 0.000         4.353 / 12.985        4.353 / 12.985      ms
[2023-11-16T15:28:35.579+0800][gc,stats    ]    Subphase: Concurrent References Enqueue                 0.000 / 0.000         0.000 / 0.000         0.004 / 0.004         0.004 / 0.004       ms
[2023-11-16T15:28:35.579+0800][gc,stats    ]    Subphase: Concurrent References Process                 0.000 / 0.000         0.000 / 0.000         0.104 / 0.123         0.104 / 0.123       ms
[2023-11-16T15:28:35.579+0800][gc,stats    ]    Subphase: Concurrent Roots ClassLoaderDataGraph         0.000 / 0.000         0.000 / 0.000         0.107 / 0.428         0.107 / 0.428       ms
[2023-11-16T15:28:35.579+0800][gc,stats    ]    Subphase: Concurrent Roots CodeCache                    0.000 / 0.000         0.000 / 0.000         0.000 / 0.000         0.000 / 0.000       ms
[2023-11-16T15:28:35.579+0800][gc,stats    ]    Subphase: Concurrent Roots JavaThreads                  0.000 / 0.000         0.000 / 0.000         1.013 / 1.707         1.013 / 1.707       ms
[2023-11-16T15:28:35.579+0800][gc,stats    ]    Subphase: Concurrent Roots OopStorageSet                0.000 / 0.000         0.000 / 0.000         0.146 / 0.289         0.146 / 0.289       ms
[2023-11-16T15:28:35.579+0800][gc,stats    ]    Subphase: Concurrent Weak Roots OopStorageSet           0.000 / 0.000         0.000 / 0.000         0.440 / 0.670         0.440 / 0.670       ms
[2023-11-16T15:28:35.579+0800][gc,stats    ]    Subphase: Pause Mark Try Complete                       0.000 / 0.000         0.000 / 0.000         0.000 / 0.000         0.000 / 0.000       ms
[2023-11-16T15:28:35.579+0800][gc,stats    ]      System: Java Threads                                      0 / 0                 0 / 0                34 / 47               34 / 47          threads
[2023-11-16T15:28:35.579+0800][gc,stats    ] =========================================================================================================================================================
[2023-11-16T15:28:45.581+0800][gc,stats    ] === Garbage Collection Statistics =======================================================================================================================
[2023-11-16T15:28:45.581+0800][gc,stats    ]                                                              Last 10s              Last 10m              Last 10h                Total
[2023-11-16T15:28:45.581+0800][gc,stats    ]                                                              Avg / Max             Avg / Max             Avg / Max             Avg / Max
[2023-11-16T15:28:45.581+0800][gc,stats    ]   Collector: Garbage Collection Cycle                      0.000 / 0.000         0.000 / 0.000        32.129 / 37.536       32.129 / 37.536      ms
[2023-11-16T15:28:45.581+0800][gc,stats    ]  Contention: Mark Segment Reset Contention                     0 / 0                 0 / 0                 0 / 3                 0 / 3           ops/s
[2023-11-16T15:28:45.581+0800][gc,stats    ]  Contention: Mark SeqNum Reset Contention                      0 / 0                 0 / 0                 0 / 0                 0 / 0           ops/s
[2023-11-16T15:28:45.581+0800][gc,stats    ]    Critical: Allocation Stall                                  0 / 0                 0 / 0                 0 / 0                 0 / 0           ops/s
[2023-11-16T15:28:45.581+0800][gc,stats    ]    Critical: Allocation Stall                              0.000 / 0.000         0.000 / 0.000         0.000 / 0.000         0.000 / 0.000       ms
[2023-11-16T15:28:45.581+0800][gc,stats    ]    Critical: GC Locker Stall                                   0 / 0                 0 / 0                 0 / 0                 0 / 0           ops/s
[2023-11-16T15:28:45.581+0800][gc,stats    ]    Critical: GC Locker Stall                               0.000 / 0.000         0.000 / 0.000         0.000 / 0.000         0.000 / 0.000       ms
[2023-11-16T15:28:45.581+0800][gc,stats    ]    Critical: Relocation Stall                                  0 / 0                 0 / 0                 0 / 0                 0 / 0           ops/s
[2023-11-16T15:28:45.581+0800][gc,stats    ]    Critical: Relocation Stall                              0.000 / 0.000         0.000 / 0.000         0.000 / 0.000         0.000 / 0.000       ms
[2023-11-16T15:28:45.581+0800][gc,stats    ]      Memory: Allocation Rate                                   0 / 0                 0 / 0                 0 / 82                0 / 82          MB/s
[2023-11-16T15:28:45.581+0800][gc,stats    ]      Memory: Defragment                                        0 / 0                 0 / 0                 0 / 0                 0 / 0           ops/s
[2023-11-16T15:28:45.581+0800][gc,stats    ]      Memory: Out Of Memory                                     0 / 0                 0 / 0                 0 / 0                 0 / 0           ops/s
[2023-11-16T15:28:45.581+0800][gc,stats    ]      Memory: Page Cache Flush                                  0 / 0                 0 / 0                 0 / 0                 0 / 0           MB/s
[2023-11-16T15:28:45.581+0800][gc,stats    ]      Memory: Page Cache Hit L1                                 0 / 0                 0 / 0                 0 / 33                0 / 33          ops/s
[2023-11-16T15:28:45.581+0800][gc,stats    ]      Memory: Page Cache Hit L2                                 0 / 0                 0 / 0                 0 / 0                 0 / 0           ops/s
[2023-11-16T15:28:45.581+0800][gc,stats    ]      Memory: Page Cache Hit L3                                 0 / 0                 0 / 0                 0 / 41                0 / 41          ops/s
[2023-11-16T15:28:45.581+0800][gc,stats    ]      Memory: Page Cache Miss                                   0 / 0                 0 / 0                 0 / 1                 0 / 1           ops/s
[2023-11-16T15:28:45.581+0800][gc,stats    ]      Memory: Uncommit                                          0 / 0                 0 / 0                 0 / 0                 0 / 0           MB/s
[2023-11-16T15:28:45.581+0800][gc,stats    ]      Memory: Undo Object Allocation Failed                     0 / 0                 0 / 0                 0 / 0                 0 / 0           ops/s
[2023-11-16T15:28:45.581+0800][gc,stats    ]      Memory: Undo Object Allocation Succeeded                  0 / 0                 0 / 0                 0 / 3                 0 / 3           ops/s
[2023-11-16T15:28:45.581+0800][gc,stats    ]      Memory: Undo Page Allocation                              0 / 0                 0 / 0                 0 / 0                 0 / 0           ops/s
[2023-11-16T15:28:45.581+0800][gc,stats    ]       Phase: Concurrent Mark                               0.000 / 0.000         0.000 / 0.000        21.531 / 24.050       21.531 / 24.050      ms
[2023-11-16T15:28:45.581+0800][gc,stats    ]       Phase: Concurrent Mark Continue                      0.000 / 0.000         0.000 / 0.000         0.000 / 0.000         0.000 / 0.000       ms
[2023-11-16T15:28:45.581+0800][gc,stats    ]       Phase: Concurrent Mark Free                          0.000 / 0.000         0.000 / 0.000         0.001 / 0.001         0.001 / 0.001       ms
[2023-11-16T15:28:45.581+0800][gc,stats    ]       Phase: Concurrent Process Non-Strong References      0.000 / 0.000         0.000 / 0.000         1.995 / 2.420         1.995 / 2.420       ms
[2023-11-16T15:28:45.581+0800][gc,stats    ]       Phase: Concurrent Relocate                           0.000 / 0.000         0.000 / 0.000         2.883 / 2.961         2.883 / 2.961       ms
[2023-11-16T15:28:45.581+0800][gc,stats    ]       Phase: Concurrent Reset Relocation Set               0.000 / 0.000         0.000 / 0.000         0.002 / 0.004         0.002 / 0.004       ms
[2023-11-16T15:28:45.581+0800][gc,stats    ]       Phase: Concurrent Select Relocation Set              0.000 / 0.000         0.000 / 0.000         4.861 / 8.184         4.861 / 8.184       ms
[2023-11-16T15:28:45.581+0800][gc,stats    ]       Phase: Pause Mark End                                0.000 / 0.000         0.000 / 0.000         0.017 / 0.019         0.017 / 0.019       ms
[2023-11-16T15:28:45.581+0800][gc,stats    ]       Phase: Pause Mark Start                              0.000 / 0.000         0.000 / 0.000         0.023 / 0.031         0.023 / 0.031       ms
[2023-11-16T15:28:45.581+0800][gc,stats    ]       Phase: Pause Relocate Start                          0.000 / 0.000         0.000 / 0.000         0.009 / 0.009         0.009 / 0.009       ms
[2023-11-16T15:28:45.581+0800][gc,stats    ]    Subphase: Concurrent Classes Purge                      0.000 / 0.000         0.000 / 0.000         0.066 / 0.071         0.066 / 0.071       ms
[2023-11-16T15:28:45.581+0800][gc,stats    ]    Subphase: Concurrent Classes Unlink                     0.000 / 0.000         0.000 / 0.000         1.264 / 1.492         1.264 / 1.492       ms
[2023-11-16T15:28:45.581+0800][gc,stats    ]    Subphase: Concurrent Mark                               0.000 / 0.000         0.000 / 0.000        18.504 / 22.997       18.504 / 22.997      ms
[2023-11-16T15:28:45.582+0800][gc,stats    ]    Subphase: Concurrent Mark Try Flush                     0.000 / 0.000         0.000 / 0.000         0.201 / 0.455         0.201 / 0.455       ms
[2023-11-16T15:28:45.582+0800][gc,stats    ]    Subphase: Concurrent Mark Try Terminate                 0.000 / 0.000         0.000 / 0.000         4.353 / 12.985        4.353 / 12.985      ms
[2023-11-16T15:28:45.582+0800][gc,stats    ]    Subphase: Concurrent References Enqueue                 0.000 / 0.000         0.000 / 0.000         0.004 / 0.004         0.004 / 0.004       ms
[2023-11-16T15:28:45.582+0800][gc,stats    ]    Subphase: Concurrent References Process                 0.000 / 0.000         0.000 / 0.000         0.104 / 0.123         0.104 / 0.123       ms
[2023-11-16T15:28:45.582+0800][gc,stats    ]    Subphase: Concurrent Roots ClassLoaderDataGraph         0.000 / 0.000         0.000 / 0.000         0.107 / 0.428         0.107 / 0.428       ms
[2023-11-16T15:28:45.582+0800][gc,stats    ]    Subphase: Concurrent Roots CodeCache                    0.000 / 0.000         0.000 / 0.000         0.000 / 0.000         0.000 / 0.000       ms
[2023-11-16T15:28:45.582+0800][gc,stats    ]    Subphase: Concurrent Roots JavaThreads                  0.000 / 0.000         0.000 / 0.000         1.013 / 1.707         1.013 / 1.707       ms
[2023-11-16T15:28:45.582+0800][gc,stats    ]    Subphase: Concurrent Roots OopStorageSet                0.000 / 0.000         0.000 / 0.000         0.146 / 0.289         0.146 / 0.289       ms
[2023-11-16T15:28:45.582+0800][gc,stats    ]    Subphase: Concurrent Weak Roots OopStorageSet           0.000 / 0.000         0.000 / 0.000         0.440 / 0.670         0.440 / 0.670       ms
[2023-11-16T15:28:45.582+0800][gc,stats    ]    Subphase: Pause Mark Try Complete                       0.000 / 0.000         0.000 / 0.000         0.000 / 0.000         0.000 / 0.000       ms
[2023-11-16T15:28:45.582+0800][gc,stats    ]      System: Java Threads                                      0 / 0                 0 / 0                34 / 47               34 / 47          threads
[2023-11-16T15:28:45.582+0800][gc,stats    ] =========================================================================================================================================================
[2023-11-16T15:28:55.579+0800][gc,stats    ] === Garbage Collection Statistics =======================================================================================================================
[2023-11-16T15:28:55.579+0800][gc,stats    ]                                                              Last 10s              Last 10m              Last 10h                Total
[2023-11-16T15:28:55.579+0800][gc,stats    ]                                                              Avg / Max             Avg / Max             Avg / Max             Avg / Max
[2023-11-16T15:28:55.579+0800][gc,stats    ]   Collector: Garbage Collection Cycle                      0.000 / 0.000         0.000 / 0.000        32.129 / 37.536       32.129 / 37.536      ms
[2023-11-16T15:28:55.579+0800][gc,stats    ]  Contention: Mark Segment Reset Contention                     0 / 0                 0 / 0                 0 / 3                 0 / 3           ops/s
[2023-11-16T15:28:55.579+0800][gc,stats    ]  Contention: Mark SeqNum Reset Contention                      0 / 0                 0 / 0                 0 / 0                 0 / 0           ops/s
[2023-11-16T15:28:55.579+0800][gc,stats    ]    Critical: Allocation Stall                                  0 / 0                 0 / 0                 0 / 0                 0 / 0           ops/s
[2023-11-16T15:28:55.579+0800][gc,stats    ]    Critical: Allocation Stall                              0.000 / 0.000         0.000 / 0.000         0.000 / 0.000         0.000 / 0.000       ms
[2023-11-16T15:28:55.579+0800][gc,stats    ]    Critical: GC Locker Stall                                   0 / 0                 0 / 0                 0 / 0                 0 / 0           ops/s
[2023-11-16T15:28:55.579+0800][gc,stats    ]    Critical: GC Locker Stall                               0.000 / 0.000         0.000 / 0.000         0.000 / 0.000         0.000 / 0.000       ms
[2023-11-16T15:28:55.579+0800][gc,stats    ]    Critical: Relocation Stall                                  0 / 0                 0 / 0                 0 / 0                 0 / 0           ops/s
[2023-11-16T15:28:55.579+0800][gc,stats    ]    Critical: Relocation Stall                              0.000 / 0.000         0.000 / 0.000         0.000 / 0.000         0.000 / 0.000       ms
[2023-11-16T15:28:55.579+0800][gc,stats    ]      Memory: Allocation Rate                                   0 / 0                 0 / 0                 0 / 82                0 / 82          MB/s
[2023-11-16T15:28:55.579+0800][gc,stats    ]      Memory: Defragment                                        0 / 0                 0 / 0                 0 / 0                 0 / 0           ops/s
[2023-11-16T15:28:55.579+0800][gc,stats    ]      Memory: Out Of Memory                                     0 / 0                 0 / 0                 0 / 0                 0 / 0           ops/s
[2023-11-16T15:28:55.579+0800][gc,stats    ]      Memory: Page Cache Flush                                  0 / 0                 0 / 0                 0 / 0                 0 / 0           MB/s
[2023-11-16T15:28:55.579+0800][gc,stats    ]      Memory: Page Cache Hit L1                                 0 / 0                 0 / 0                 0 / 33                0 / 33          ops/s
[2023-11-16T15:28:55.579+0800][gc,stats    ]      Memory: Page Cache Hit L2                                 0 / 0                 0 / 0                 0 / 0                 0 / 0           ops/s
[2023-11-16T15:28:55.579+0800][gc,stats    ]      Memory: Page Cache Hit L3                                 0 / 0                 0 / 0                 0 / 41                0 / 41          ops/s
[2023-11-16T15:28:55.579+0800][gc,stats    ]      Memory: Page Cache Miss                                   0 / 0                 0 / 0                 0 / 1                 0 / 1           ops/s
[2023-11-16T15:28:55.579+0800][gc,stats    ]      Memory: Uncommit                                          0 / 0                 0 / 0                 0 / 0                 0 / 0           MB/s
[2023-11-16T15:28:55.579+0800][gc,stats    ]      Memory: Undo Object Allocation Failed                     0 / 0                 0 / 0                 0 / 0                 0 / 0           ops/s
[2023-11-16T15:28:55.579+0800][gc,stats    ]      Memory: Undo Object Allocation Succeeded                  0 / 0                 0 / 0                 0 / 3                 0 / 3           ops/s
[2023-11-16T15:28:55.579+0800][gc,stats    ]      Memory: Undo Page Allocation                              0 / 0                 0 / 0                 0 / 0                 0 / 0           ops/s
[2023-11-16T15:28:55.579+0800][gc,stats    ]       Phase: Concurrent Mark                               0.000 / 0.000         0.000 / 0.000        21.531 / 24.050       21.531 / 24.050      ms
[2023-11-16T15:28:55.579+0800][gc,stats    ]       Phase: Concurrent Mark Continue                      0.000 / 0.000         0.000 / 0.000         0.000 / 0.000         0.000 / 0.000       ms
[2023-11-16T15:28:55.579+0800][gc,stats    ]       Phase: Concurrent Mark Free                          0.000 / 0.000         0.000 / 0.000         0.001 / 0.001         0.001 / 0.001       ms
[2023-11-16T15:28:55.579+0800][gc,stats    ]       Phase: Concurrent Process Non-Strong References      0.000 / 0.000         0.000 / 0.000         1.995 / 2.420         1.995 / 2.420       ms
[2023-11-16T15:28:55.579+0800][gc,stats    ]       Phase: Concurrent Relocate                           0.000 / 0.000         0.000 / 0.000         2.883 / 2.961         2.883 / 2.961       ms
[2023-11-16T15:28:55.579+0800][gc,stats    ]       Phase: Concurrent Reset Relocation Set               0.000 / 0.000         0.000 / 0.000         0.002 / 0.004         0.002 / 0.004       ms
[2023-11-16T15:28:55.579+0800][gc,stats    ]       Phase: Concurrent Select Relocation Set              0.000 / 0.000         0.000 / 0.000         4.861 / 8.184         4.861 / 8.184       ms
[2023-11-16T15:28:55.579+0800][gc,stats    ]       Phase: Pause Mark End                                0.000 / 0.000         0.000 / 0.000         0.017 / 0.019         0.017 / 0.019       ms
[2023-11-16T15:28:55.579+0800][gc,stats    ]       Phase: Pause Mark Start                              0.000 / 0.000         0.000 / 0.000         0.023 / 0.031         0.023 / 0.031       ms
[2023-11-16T15:28:55.579+0800][gc,stats    ]       Phase: Pause Relocate Start                          0.000 / 0.000         0.000 / 0.000         0.009 / 0.009         0.009 / 0.009       ms
[2023-11-16T15:28:55.579+0800][gc,stats    ]    Subphase: Concurrent Classes Purge                      0.000 / 0.000         0.000 / 0.000         0.066 / 0.071         0.066 / 0.071       ms
[2023-11-16T15:28:55.579+0800][gc,stats    ]    Subphase: Concurrent Classes Unlink                     0.000 / 0.000         0.000 / 0.000         1.264 / 1.492         1.264 / 1.492       ms
[2023-11-16T15:28:55.579+0800][gc,stats    ]    Subphase: Concurrent Mark                               0.000 / 0.000         0.000 / 0.000        18.504 / 22.997       18.504 / 22.997      ms
[2023-11-16T15:28:55.579+0800][gc,stats    ]    Subphase: Concurrent Mark Try Flush                     0.000 / 0.000         0.000 / 0.000         0.201 / 0.455         0.201 / 0.455       ms
[2023-11-16T15:28:55.579+0800][gc,stats    ]    Subphase: Concurrent Mark Try Terminate                 0.000 / 0.000         0.000 / 0.000         4.353 / 12.985        4.353 / 12.985      ms
[2023-11-16T15:28:55.579+0800][gc,stats    ]    Subphase: Concurrent References Enqueue                 0.000 / 0.000         0.000 / 0.000         0.004 / 0.004         0.004 / 0.004       ms
[2023-11-16T15:28:55.579+0800][gc,stats    ]    Subphase: Concurrent References Process                 0.000 / 0.000         0.000 / 0.000         0.104 / 0.123         0.104 / 0.123       ms
[2023-11-16T15:28:55.579+0800][gc,stats    ]    Subphase: Concurrent Roots ClassLoaderDataGraph         0.000 / 0.000         0.000 / 0.000         0.107 / 0.428         0.107 / 0.428       ms
[2023-11-16T15:28:55.579+0800][gc,stats    ]    Subphase: Concurrent Roots CodeCache                    0.000 / 0.000         0.000 / 0.000         0.000 / 0.000         0.000 / 0.000       ms
[2023-11-16T15:28:55.579+0800][gc,stats    ]    Subphase: Concurrent Roots JavaThreads                  0.000 / 0.000         0.000 / 0.000         1.013 / 1.707         1.013 / 1.707       ms
[2023-11-16T15:28:55.579+0800][gc,stats    ]    Subphase: Concurrent Roots OopStorageSet                0.000 / 0.000         0.000 / 0.000         0.146 / 0.289         0.146 / 0.289       ms
[2023-11-16T15:28:55.579+0800][gc,stats    ]    Subphase: Concurrent Weak Roots OopStorageSet           0.000 / 0.000         0.000 / 0.000         0.440 / 0.670         0.440 / 0.670       ms
[2023-11-16T15:28:55.579+0800][gc,stats    ]    Subphase: Pause Mark Try Complete                       0.000 / 0.000         0.000 / 0.000         0.000 / 0.000         0.000 / 0.000       ms
[2023-11-16T15:28:55.579+0800][gc,stats    ]      System: Java Threads                                      0 / 0                 0 / 0                34 / 47               34 / 47          threads
[2023-11-16T15:28:55.580+0800][gc,stats    ] =========================================================================================================================================================
[2023-11-16T15:29:05.577+0800][gc,stats    ] === Garbage Collection Statistics =======================================================================================================================
[2023-11-16T15:29:05.577+0800][gc,stats    ]                                                              Last 10s              Last 10m              Last 10h                Total
[2023-11-16T15:29:05.577+0800][gc,stats    ]                                                              Avg / Max             Avg / Max             Avg / Max             Avg / Max
[2023-11-16T15:29:05.577+0800][gc,stats    ]   Collector: Garbage Collection Cycle                      0.000 / 0.000         0.000 / 0.000        32.129 / 37.536       32.129 / 37.536      ms
[2023-11-16T15:29:05.577+0800][gc,stats    ]  Contention: Mark Segment Reset Contention                     0 / 0                 0 / 0                 0 / 3                 0 / 3           ops/s
[2023-11-16T15:29:05.577+0800][gc,stats    ]  Contention: Mark SeqNum Reset Contention                      0 / 0                 0 / 0                 0 / 0                 0 / 0           ops/s
[2023-11-16T15:29:05.577+0800][gc,stats    ]    Critical: Allocation Stall                                  0 / 0                 0 / 0                 0 / 0                 0 / 0           ops/s
[2023-11-16T15:29:05.577+0800][gc,stats    ]    Critical: Allocation Stall                              0.000 / 0.000         0.000 / 0.000         0.000 / 0.000         0.000 / 0.000       ms
[2023-11-16T15:29:05.577+0800][gc,stats    ]    Critical: GC Locker Stall                                   0 / 0                 0 / 0                 0 / 0                 0 / 0           ops/s
[2023-11-16T15:29:05.577+0800][gc,stats    ]    Critical: GC Locker Stall                               0.000 / 0.000         0.000 / 0.000         0.000 / 0.000         0.000 / 0.000       ms
[2023-11-16T15:29:05.577+0800][gc,stats    ]    Critical: Relocation Stall                                  0 / 0                 0 / 0                 0 / 0                 0 / 0           ops/s
[2023-11-16T15:29:05.577+0800][gc,stats    ]    Critical: Relocation Stall                              0.000 / 0.000         0.000 / 0.000         0.000 / 0.000         0.000 / 0.000       ms
[2023-11-16T15:29:05.577+0800][gc,stats    ]      Memory: Allocation Rate                                   0 / 0                 0 / 0                 0 / 82                0 / 82          MB/s
[2023-11-16T15:29:05.577+0800][gc,stats    ]      Memory: Defragment                                        0 / 0                 0 / 0                 0 / 0                 0 / 0           ops/s
[2023-11-16T15:29:05.577+0800][gc,stats    ]      Memory: Out Of Memory                                     0 / 0                 0 / 0                 0 / 0                 0 / 0           ops/s
[2023-11-16T15:29:05.577+0800][gc,stats    ]      Memory: Page Cache Flush                                  0 / 0                 0 / 0                 0 / 0                 0 / 0           MB/s
[2023-11-16T15:29:05.577+0800][gc,stats    ]      Memory: Page Cache Hit L1                                 0 / 0                 0 / 0                 0 / 33                0 / 33          ops/s
[2023-11-16T15:29:05.577+0800][gc,stats    ]      Memory: Page Cache Hit L2                                 0 / 0                 0 / 0                 0 / 0                 0 / 0           ops/s
[2023-11-16T15:29:05.577+0800][gc,stats    ]      Memory: Page Cache Hit L3                                 0 / 0                 0 / 0                 0 / 41                0 / 41          ops/s
[2023-11-16T15:29:05.577+0800][gc,stats    ]      Memory: Page Cache Miss                                   0 / 0                 0 / 0                 0 / 1                 0 / 1           ops/s
[2023-11-16T15:29:05.577+0800][gc,stats    ]      Memory: Uncommit                                          0 / 0                 0 / 0                 0 / 0                 0 / 0           MB/s
[2023-11-16T15:29:05.577+0800][gc,stats    ]      Memory: Undo Object Allocation Failed                     0 / 0                 0 / 0                 0 / 0                 0 / 0           ops/s
[2023-11-16T15:29:05.577+0800][gc,stats    ]      Memory: Undo Object Allocation Succeeded                  0 / 0                 0 / 0                 0 / 3                 0 / 3           ops/s
[2023-11-16T15:29:05.577+0800][gc,stats    ]      Memory: Undo Page Allocation                              0 / 0                 0 / 0                 0 / 0                 0 / 0           ops/s
[2023-11-16T15:29:05.577+0800][gc,stats    ]       Phase: Concurrent Mark                               0.000 / 0.000         0.000 / 0.000        21.531 / 24.050       21.531 / 24.050      ms
[2023-11-16T15:29:05.577+0800][gc,stats    ]       Phase: Concurrent Mark Continue                      0.000 / 0.000         0.000 / 0.000         0.000 / 0.000         0.000 / 0.000       ms
[2023-11-16T15:29:05.577+0800][gc,stats    ]       Phase: Concurrent Mark Free                          0.000 / 0.000         0.000 / 0.000         0.001 / 0.001         0.001 / 0.001       ms
[2023-11-16T15:29:05.577+0800][gc,stats    ]       Phase: Concurrent Process Non-Strong References      0.000 / 0.000         0.000 / 0.000         1.995 / 2.420         1.995 / 2.420       ms
[2023-11-16T15:29:05.577+0800][gc,stats    ]       Phase: Concurrent Relocate                           0.000 / 0.000         0.000 / 0.000         2.883 / 2.961         2.883 / 2.961       ms
[2023-11-16T15:29:05.577+0800][gc,stats    ]       Phase: Concurrent Reset Relocation Set               0.000 / 0.000         0.000 / 0.000         0.002 / 0.004         0.002 / 0.004       ms
[2023-11-16T15:29:05.577+0800][gc,stats    ]       Phase: Concurrent Select Relocation Set              0.000 / 0.000         0.000 / 0.000         4.861 / 8.184         4.861 / 8.184       ms
[2023-11-16T15:29:05.577+0800][gc,stats    ]       Phase: Pause Mark End                                0.000 / 0.000         0.000 / 0.000         0.017 / 0.019         0.017 / 0.019       ms
[2023-11-16T15:29:05.577+0800][gc,stats    ]       Phase: Pause Mark Start                              0.000 / 0.000         0.000 / 0.000         0.023 / 0.031         0.023 / 0.031       ms
[2023-11-16T15:29:05.577+0800][gc,stats    ]       Phase: Pause Relocate Start                          0.000 / 0.000         0.000 / 0.000         0.009 / 0.009         0.009 / 0.009       ms
[2023-11-16T15:29:05.577+0800][gc,stats    ]    Subphase: Concurrent Classes Purge                      0.000 / 0.000         0.000 / 0.000         0.066 / 0.071         0.066 / 0.071       ms
[2023-11-16T15:29:05.577+0800][gc,stats    ]    Subphase: Concurrent Classes Unlink                     0.000 / 0.000         0.000 / 0.000         1.264 / 1.492         1.264 / 1.492       ms
[2023-11-16T15:29:05.577+0800][gc,stats    ]    Subphase: Concurrent Mark                               0.000 / 0.000         0.000 / 0.000        18.504 / 22.997       18.504 / 22.997      ms
[2023-11-16T15:29:05.577+0800][gc,stats    ]    Subphase: Concurrent Mark Try Flush                     0.000 / 0.000         0.000 / 0.000         0.201 / 0.455         0.201 / 0.455       ms
[2023-11-16T15:29:05.577+0800][gc,stats    ]    Subphase: Concurrent Mark Try Terminate                 0.000 / 0.000         0.000 / 0.000         4.353 / 12.985        4.353 / 12.985      ms
[2023-11-16T15:29:05.578+0800][gc,stats    ]    Subphase: Concurrent References Enqueue                 0.000 / 0.000         0.000 / 0.000         0.004 / 0.004         0.004 / 0.004       ms
[2023-11-16T15:29:05.578+0800][gc,stats    ]    Subphase: Concurrent References Process                 0.000 / 0.000         0.000 / 0.000         0.104 / 0.123         0.104 / 0.123       ms
[2023-11-16T15:29:05.578+0800][gc,stats    ]    Subphase: Concurrent Roots ClassLoaderDataGraph         0.000 / 0.000         0.000 / 0.000         0.107 / 0.428         0.107 / 0.428       ms
[2023-11-16T15:29:05.578+0800][gc,stats    ]    Subphase: Concurrent Roots CodeCache                    0.000 / 0.000         0.000 / 0.000         0.000 / 0.000         0.000 / 0.000       ms
[2023-11-16T15:29:05.578+0800][gc,stats    ]    Subphase: Concurrent Roots JavaThreads                  0.000 / 0.000         0.000 / 0.000         1.013 / 1.707         1.013 / 1.707       ms
[2023-11-16T15:29:05.578+0800][gc,stats    ]    Subphase: Concurrent Roots OopStorageSet                0.000 / 0.000         0.000 / 0.000         0.146 / 0.289         0.146 / 0.289       ms
[2023-11-16T15:29:05.578+0800][gc,stats    ]    Subphase: Concurrent Weak Roots OopStorageSet           0.000 / 0.000         0.000 / 0.000         0.440 / 0.670         0.440 / 0.670       ms
[2023-11-16T15:29:05.578+0800][gc,stats    ]    Subphase: Pause Mark Try Complete                       0.000 / 0.000         0.000 / 0.000         0.000 / 0.000         0.000 / 0.000       ms
[2023-11-16T15:29:05.578+0800][gc,stats    ]      System: Java Threads                                      0 / 0                 0 / 0                34 / 47               34 / 47          threads
[2023-11-16T15:29:05.578+0800][gc,stats    ] =========================================================================================================================================================
[2023-11-16T15:29:15.589+0800][gc,stats    ] === Garbage Collection Statistics =======================================================================================================================
[2023-11-16T15:29:15.589+0800][gc,stats    ]                                                              Last 10s              Last 10m              Last 10h                Total
[2023-11-16T15:29:15.589+0800][gc,stats    ]                                                              Avg / Max             Avg / Max             Avg / Max             Avg / Max
[2023-11-16T15:29:15.589+0800][gc,stats    ]   Collector: Garbage Collection Cycle                      0.000 / 0.000         0.000 / 0.000        32.129 / 37.536       32.129 / 37.536      ms
[2023-11-16T15:29:15.589+0800][gc,stats    ]  Contention: Mark Segment Reset Contention                     0 / 0                 0 / 0                 0 / 3                 0 / 3           ops/s
[2023-11-16T15:29:15.589+0800][gc,stats    ]  Contention: Mark SeqNum Reset Contention                      0 / 0                 0 / 0                 0 / 0                 0 / 0           ops/s
[2023-11-16T15:29:15.589+0800][gc,stats    ]    Critical: Allocation Stall                                  0 / 0                 0 / 0                 0 / 0                 0 / 0           ops/s
[2023-11-16T15:29:15.589+0800][gc,stats    ]    Critical: Allocation Stall                              0.000 / 0.000         0.000 / 0.000         0.000 / 0.000         0.000 / 0.000       ms
[2023-11-16T15:29:15.589+0800][gc,stats    ]    Critical: GC Locker Stall                                   0 / 0                 0 / 0                 0 / 0                 0 / 0           ops/s
[2023-11-16T15:29:15.589+0800][gc,stats    ]    Critical: GC Locker Stall                               0.000 / 0.000         0.000 / 0.000         0.000 / 0.000         0.000 / 0.000       ms
[2023-11-16T15:29:15.589+0800][gc,stats    ]    Critical: Relocation Stall                                  0 / 0                 0 / 0                 0 / 0                 0 / 0           ops/s
[2023-11-16T15:29:15.589+0800][gc,stats    ]    Critical: Relocation Stall                              0.000 / 0.000         0.000 / 0.000         0.000 / 0.000         0.000 / 0.000       ms
[2023-11-16T15:29:15.589+0800][gc,stats    ]      Memory: Allocation Rate                                   0 / 0                 0 / 0                 0 / 82                0 / 82          MB/s
[2023-11-16T15:29:15.589+0800][gc,stats    ]      Memory: Defragment                                        0 / 0                 0 / 0                 0 / 0                 0 / 0           ops/s
[2023-11-16T15:29:15.589+0800][gc,stats    ]      Memory: Out Of Memory                                     0 / 0                 0 / 0                 0 / 0                 0 / 0           ops/s
[2023-11-16T15:29:15.589+0800][gc,stats    ]      Memory: Page Cache Flush                                  0 / 0                 0 / 0                 0 / 0                 0 / 0           MB/s
[2023-11-16T15:29:15.589+0800][gc,stats    ]      Memory: Page Cache Hit L1                                 0 / 0                 0 / 0                 0 / 33                0 / 33          ops/s
[2023-11-16T15:29:15.589+0800][gc,stats    ]      Memory: Page Cache Hit L2                                 0 / 0                 0 / 0                 0 / 0                 0 / 0           ops/s
[2023-11-16T15:29:15.589+0800][gc,stats    ]      Memory: Page Cache Hit L3                                 0 / 0                 0 / 0                 0 / 41                0 / 41          ops/s
[2023-11-16T15:29:15.589+0800][gc,stats    ]      Memory: Page Cache Miss                                   0 / 0                 0 / 0                 0 / 1                 0 / 1           ops/s
[2023-11-16T15:29:15.589+0800][gc,stats    ]      Memory: Uncommit                                          0 / 0                 0 / 0                 0 / 0                 0 / 0           MB/s
[2023-11-16T15:29:15.589+0800][gc,stats    ]      Memory: Undo Object Allocation Failed                     0 / 0                 0 / 0                 0 / 0                 0 / 0           ops/s
[2023-11-16T15:29:15.589+0800][gc,stats    ]      Memory: Undo Object Allocation Succeeded                  0 / 0                 0 / 0                 0 / 3                 0 / 3           ops/s
[2023-11-16T15:29:15.589+0800][gc,stats    ]      Memory: Undo Page Allocation                              0 / 0                 0 / 0                 0 / 0                 0 / 0           ops/s
[2023-11-16T15:29:15.589+0800][gc,stats    ]       Phase: Concurrent Mark                               0.000 / 0.000         0.000 / 0.000        21.531 / 24.050       21.531 / 24.050      ms
[2023-11-16T15:29:15.589+0800][gc,stats    ]       Phase: Concurrent Mark Continue                      0.000 / 0.000         0.000 / 0.000         0.000 / 0.000         0.000 / 0.000       ms
[2023-11-16T15:29:15.589+0800][gc,stats    ]       Phase: Concurrent Mark Free                          0.000 / 0.000         0.000 / 0.000         0.001 / 0.001         0.001 / 0.001       ms
[2023-11-16T15:29:15.589+0800][gc,stats    ]       Phase: Concurrent Process Non-Strong References      0.000 / 0.000         0.000 / 0.000         1.995 / 2.420         1.995 / 2.420       ms
[2023-11-16T15:29:15.589+0800][gc,stats    ]       Phase: Concurrent Relocate                           0.000 / 0.000         0.000 / 0.000         2.883 / 2.961         2.883 / 2.961       ms
[2023-11-16T15:29:15.589+0800][gc,stats    ]       Phase: Concurrent Reset Relocation Set               0.000 / 0.000         0.000 / 0.000         0.002 / 0.004         0.002 / 0.004       ms
[2023-11-16T15:29:15.589+0800][gc,stats    ]       Phase: Concurrent Select Relocation Set              0.000 / 0.000         0.000 / 0.000         4.861 / 8.184         4.861 / 8.184       ms
[2023-11-16T15:29:15.589+0800][gc,stats    ]       Phase: Pause Mark End                                0.000 / 0.000         0.000 / 0.000         0.017 / 0.019         0.017 / 0.019       ms
[2023-11-16T15:29:15.589+0800][gc,stats    ]       Phase: Pause Mark Start                              0.000 / 0.000         0.000 / 0.000         0.023 / 0.031         0.023 / 0.031       ms
[2023-11-16T15:29:15.589+0800][gc,stats    ]       Phase: Pause Relocate Start                          0.000 / 0.000         0.000 / 0.000         0.009 / 0.009         0.009 / 0.009       ms
[2023-11-16T15:29:15.589+0800][gc,stats    ]    Subphase: Concurrent Classes Purge                      0.000 / 0.000         0.000 / 0.000         0.066 / 0.071         0.066 / 0.071       ms
[2023-11-16T15:29:15.589+0800][gc,stats    ]    Subphase: Concurrent Classes Unlink                     0.000 / 0.000         0.000 / 0.000         1.264 / 1.492         1.264 / 1.492       ms
[2023-11-16T15:29:15.589+0800][gc,stats    ]    Subphase: Concurrent Mark                               0.000 / 0.000         0.000 / 0.000        18.504 / 22.997       18.504 / 22.997      ms
[2023-11-16T15:29:15.589+0800][gc,stats    ]    Subphase: Concurrent Mark Try Flush                     0.000 / 0.000         0.000 / 0.000         0.201 / 0.455         0.201 / 0.455       ms
[2023-11-16T15:29:15.589+0800][gc,stats    ]    Subphase: Concurrent Mark Try Terminate                 0.000 / 0.000         0.000 / 0.000         4.353 / 12.985        4.353 / 12.985      ms
[2023-11-16T15:29:15.589+0800][gc,stats    ]    Subphase: Concurrent References Enqueue                 0.000 / 0.000         0.000 / 0.000         0.004 / 0.004         0.004 / 0.004       ms
[2023-11-16T15:29:15.589+0800][gc,stats    ]    Subphase: Concurrent References Process                 0.000 / 0.000         0.000 / 0.000         0.104 / 0.123         0.104 / 0.123       ms
[2023-11-16T15:29:15.589+0800][gc,stats    ]    Subphase: Concurrent Roots ClassLoaderDataGraph         0.000 / 0.000         0.000 / 0.000         0.107 / 0.428         0.107 / 0.428       ms
[2023-11-16T15:29:15.589+0800][gc,stats    ]    Subphase: Concurrent Roots CodeCache                    0.000 / 0.000         0.000 / 0.000         0.000 / 0.000         0.000 / 0.000       ms
[2023-11-16T15:29:15.589+0800][gc,stats    ]    Subphase: Concurrent Roots JavaThreads                  0.000 / 0.000         0.000 / 0.000         1.013 / 1.707         1.013 / 1.707       ms
[2023-11-16T15:29:15.589+0800][gc,stats    ]    Subphase: Concurrent Roots OopStorageSet                0.000 / 0.000         0.000 / 0.000         0.146 / 0.289         0.146 / 0.289       ms
[2023-11-16T15:29:15.590+0800][gc,stats    ]    Subphase: Concurrent Weak Roots OopStorageSet           0.000 / 0.000         0.000 / 0.000         0.440 / 0.670         0.440 / 0.670       ms
[2023-11-16T15:29:15.590+0800][gc,stats    ]    Subphase: Pause Mark Try Complete                       0.000 / 0.000         0.000 / 0.000         0.000 / 0.000         0.000 / 0.000       ms
[2023-11-16T15:29:15.590+0800][gc,stats    ]      System: Java Threads                                      0 / 0                 0 / 0                34 / 47               34 / 47          threads
[2023-11-16T15:29:15.590+0800][gc,stats    ] =========================================================================================================================================================
[2023-11-16T15:29:25.585+0800][gc,stats    ] === Garbage Collection Statistics =======================================================================================================================
[2023-11-16T15:29:25.585+0800][gc,stats    ]                                                              Last 10s              Last 10m              Last 10h                Total
[2023-11-16T15:29:25.585+0800][gc,stats    ]                                                              Avg / Max             Avg / Max             Avg / Max             Avg / Max
[2023-11-16T15:29:25.585+0800][gc,stats    ]   Collector: Garbage Collection Cycle                      0.000 / 0.000         0.000 / 0.000        32.129 / 37.536       32.129 / 37.536      ms
[2023-11-16T15:29:25.585+0800][gc,stats    ]  Contention: Mark Segment Reset Contention                     0 / 0                 0 / 0                 0 / 3                 0 / 3           ops/s
[2023-11-16T15:29:25.585+0800][gc,stats    ]  Contention: Mark SeqNum Reset Contention                      0 / 0                 0 / 0                 0 / 0                 0 / 0           ops/s
[2023-11-16T15:29:25.585+0800][gc,stats    ]    Critical: Allocation Stall                                  0 / 0                 0 / 0                 0 / 0                 0 / 0           ops/s
[2023-11-16T15:29:25.585+0800][gc,stats    ]    Critical: Allocation Stall                              0.000 / 0.000         0.000 / 0.000         0.000 / 0.000         0.000 / 0.000       ms
[2023-11-16T15:29:25.585+0800][gc,stats    ]    Critical: GC Locker Stall                                   0 / 0                 0 / 0                 0 / 0                 0 / 0           ops/s
[2023-11-16T15:29:25.585+0800][gc,stats    ]    Critical: GC Locker Stall                               0.000 / 0.000         0.000 / 0.000         0.000 / 0.000         0.000 / 0.000       ms
[2023-11-16T15:29:25.585+0800][gc,stats    ]    Critical: Relocation Stall                                  0 / 0                 0 / 0                 0 / 0                 0 / 0           ops/s
[2023-11-16T15:29:25.585+0800][gc,stats    ]    Critical: Relocation Stall                              0.000 / 0.000         0.000 / 0.000         0.000 / 0.000         0.000 / 0.000       ms
[2023-11-16T15:29:25.585+0800][gc,stats    ]      Memory: Allocation Rate                                   0 / 0                 0 / 0                 0 / 82                0 / 82          MB/s
[2023-11-16T15:29:25.585+0800][gc,stats    ]      Memory: Defragment                                        0 / 0                 0 / 0                 0 / 0                 0 / 0           ops/s
[2023-11-16T15:29:25.585+0800][gc,stats    ]      Memory: Out Of Memory                                     0 / 0                 0 / 0                 0 / 0                 0 / 0           ops/s
[2023-11-16T15:29:25.585+0800][gc,stats    ]      Memory: Page Cache Flush                                  0 / 0                 0 / 0                 0 / 0                 0 / 0           MB/s
[2023-11-16T15:29:25.585+0800][gc,stats    ]      Memory: Page Cache Hit L1                                 0 / 0                 0 / 0                 0 / 33                0 / 33          ops/s
[2023-11-16T15:29:25.585+0800][gc,stats    ]      Memory: Page Cache Hit L2                                 0 / 0                 0 / 0                 0 / 0                 0 / 0           ops/s
[2023-11-16T15:29:25.585+0800][gc,stats    ]      Memory: Page Cache Hit L3                                 0 / 0                 0 / 0                 0 / 41                0 / 41          ops/s
[2023-11-16T15:29:25.585+0800][gc,stats    ]      Memory: Page Cache Miss                                   0 / 0                 0 / 0                 0 / 1                 0 / 1           ops/s
[2023-11-16T15:29:25.585+0800][gc,stats    ]      Memory: Uncommit                                          0 / 0                 0 / 0                 0 / 0                 0 / 0           MB/s
[2023-11-16T15:29:25.585+0800][gc,stats    ]      Memory: Undo Object Allocation Failed                     0 / 0                 0 / 0                 0 / 0                 0 / 0           ops/s
[2023-11-16T15:29:25.585+0800][gc,stats    ]      Memory: Undo Object Allocation Succeeded                  0 / 0                 0 / 0                 0 / 3                 0 / 3           ops/s
[2023-11-16T15:29:25.585+0800][gc,stats    ]      Memory: Undo Page Allocation                              0 / 0                 0 / 0                 0 / 0                 0 / 0           ops/s
[2023-11-16T15:29:25.585+0800][gc,stats    ]       Phase: Concurrent Mark                               0.000 / 0.000         0.000 / 0.000        21.531 / 24.050       21.531 / 24.050      ms
[2023-11-16T15:29:25.585+0800][gc,stats    ]       Phase: Concurrent Mark Continue                      0.000 / 0.000         0.000 / 0.000         0.000 / 0.000         0.000 / 0.000       ms
[2023-11-16T15:29:25.585+0800][gc,stats    ]       Phase: Concurrent Mark Free                          0.000 / 0.000         0.000 / 0.000         0.001 / 0.001         0.001 / 0.001       ms
[2023-11-16T15:29:25.585+0800][gc,stats    ]       Phase: Concurrent Process Non-Strong References      0.000 / 0.000         0.000 / 0.000         1.995 / 2.420         1.995 / 2.420       ms
[2023-11-16T15:29:25.585+0800][gc,stats    ]       Phase: Concurrent Relocate                           0.000 / 0.000         0.000 / 0.000         2.883 / 2.961         2.883 / 2.961       ms
[2023-11-16T15:29:25.585+0800][gc,stats    ]       Phase: Concurrent Reset Relocation Set               0.000 / 0.000         0.000 / 0.000         0.002 / 0.004         0.002 / 0.004       ms
[2023-11-16T15:29:25.585+0800][gc,stats    ]       Phase: Concurrent Select Relocation Set              0.000 / 0.000         0.000 / 0.000         4.861 / 8.184         4.861 / 8.184       ms
[2023-11-16T15:29:25.585+0800][gc,stats    ]       Phase: Pause Mark End                                0.000 / 0.000         0.000 / 0.000         0.017 / 0.019         0.017 / 0.019       ms
[2023-11-16T15:29:25.585+0800][gc,stats    ]       Phase: Pause Mark Start                              0.000 / 0.000         0.000 / 0.000         0.023 / 0.031         0.023 / 0.031       ms
[2023-11-16T15:29:25.585+0800][gc,stats    ]       Phase: Pause Relocate Start                          0.000 / 0.000         0.000 / 0.000         0.009 / 0.009         0.009 / 0.009       ms
[2023-11-16T15:29:25.585+0800][gc,stats    ]    Subphase: Concurrent Classes Purge                      0.000 / 0.000         0.000 / 0.000         0.066 / 0.071         0.066 / 0.071       ms
[2023-11-16T15:29:25.585+0800][gc,stats    ]    Subphase: Concurrent Classes Unlink                     0.000 / 0.000         0.000 / 0.000         1.264 / 1.492         1.264 / 1.492       ms
[2023-11-16T15:29:25.585+0800][gc,stats    ]    Subphase: Concurrent Mark                               0.000 / 0.000         0.000 / 0.000        18.504 / 22.997       18.504 / 22.997      ms
[2023-11-16T15:29:25.585+0800][gc,stats    ]    Subphase: Concurrent Mark Try Flush                     0.000 / 0.000         0.000 / 0.000         0.201 / 0.455         0.201 / 0.455       ms
[2023-11-16T15:29:25.585+0800][gc,stats    ]    Subphase: Concurrent Mark Try Terminate                 0.000 / 0.000         0.000 / 0.000         4.353 / 12.985        4.353 / 12.985      ms
[2023-11-16T15:29:25.585+0800][gc,stats    ]    Subphase: Concurrent References Enqueue                 0.000 / 0.000         0.000 / 0.000         0.004 / 0.004         0.004 / 0.004       ms
[2023-11-16T15:29:25.585+0800][gc,stats    ]    Subphase: Concurrent References Process                 0.000 / 0.000         0.000 / 0.000         0.104 / 0.123         0.104 / 0.123       ms
[2023-11-16T15:29:25.585+0800][gc,stats    ]    Subphase: Concurrent Roots ClassLoaderDataGraph         0.000 / 0.000         0.000 / 0.000         0.107 / 0.428         0.107 / 0.428       ms
[2023-11-16T15:29:25.585+0800][gc,stats    ]    Subphase: Concurrent Roots CodeCache                    0.000 / 0.000         0.000 / 0.000         0.000 / 0.000         0.000 / 0.000       ms
[2023-11-16T15:29:25.585+0800][gc,stats    ]    Subphase: Concurrent Roots JavaThreads                  0.000 / 0.000         0.000 / 0.000         1.013 / 1.707         1.013 / 1.707       ms
[2023-11-16T15:29:25.585+0800][gc,stats    ]    Subphase: Concurrent Roots OopStorageSet                0.000 / 0.000         0.000 / 0.000         0.146 / 0.289         0.146 / 0.289       ms
[2023-11-16T15:29:25.586+0800][gc,stats    ]    Subphase: Concurrent Weak Roots OopStorageSet           0.000 / 0.000         0.000 / 0.000         0.440 / 0.670         0.440 / 0.670       ms
[2023-11-16T15:29:25.586+0800][gc,stats    ]    Subphase: Pause Mark Try Complete                       0.000 / 0.000         0.000 / 0.000         0.000 / 0.000         0.000 / 0.000       ms
[2023-11-16T15:29:25.586+0800][gc,stats    ]      System: Java Threads                                      0 / 0                 0 / 0                34 / 47               34 / 47          threads
[2023-11-16T15:29:25.586+0800][gc,stats    ] =========================================================================================================================================================
[2023-11-16T15:29:35.590+0800][gc,stats    ] === Garbage Collection Statistics =======================================================================================================================
[2023-11-16T15:29:35.590+0800][gc,stats    ]                                                              Last 10s              Last 10m              Last 10h                Total
[2023-11-16T15:29:35.590+0800][gc,stats    ]                                                              Avg / Max             Avg / Max             Avg / Max             Avg / Max
[2023-11-16T15:29:35.590+0800][gc,stats    ]   Collector: Garbage Collection Cycle                      0.000 / 0.000         0.000 / 0.000        32.129 / 37.536       32.129 / 37.536      ms
[2023-11-16T15:29:35.590+0800][gc,stats    ]  Contention: Mark Segment Reset Contention                     0 / 0                 0 / 0                 0 / 3                 0 / 3           ops/s
[2023-11-16T15:29:35.590+0800][gc,stats    ]  Contention: Mark SeqNum Reset Contention                      0 / 0                 0 / 0                 0 / 0                 0 / 0           ops/s
[2023-11-16T15:29:35.590+0800][gc,stats    ]    Critical: Allocation Stall                                  0 / 0                 0 / 0                 0 / 0                 0 / 0           ops/s
[2023-11-16T15:29:35.590+0800][gc,stats    ]    Critical: Allocation Stall                              0.000 / 0.000         0.000 / 0.000         0.000 / 0.000         0.000 / 0.000       ms
[2023-11-16T15:29:35.590+0800][gc,stats    ]    Critical: GC Locker Stall                                   0 / 0                 0 / 0                 0 / 0                 0 / 0           ops/s
[2023-11-16T15:29:35.590+0800][gc,stats    ]    Critical: GC Locker Stall                               0.000 / 0.000         0.000 / 0.000         0.000 / 0.000         0.000 / 0.000       ms
[2023-11-16T15:29:35.590+0800][gc,stats    ]    Critical: Relocation Stall                                  0 / 0                 0 / 0                 0 / 0                 0 / 0           ops/s
[2023-11-16T15:29:35.590+0800][gc,stats    ]    Critical: Relocation Stall                              0.000 / 0.000         0.000 / 0.000         0.000 / 0.000         0.000 / 0.000       ms
[2023-11-16T15:29:35.590+0800][gc,stats    ]      Memory: Allocation Rate                                   0 / 0                 0 / 0                 0 / 82                0 / 82          MB/s
[2023-11-16T15:29:35.590+0800][gc,stats    ]      Memory: Defragment                                        0 / 0                 0 / 0                 0 / 0                 0 / 0           ops/s
[2023-11-16T15:29:35.590+0800][gc,stats    ]      Memory: Out Of Memory                                     0 / 0                 0 / 0                 0 / 0                 0 / 0           ops/s
[2023-11-16T15:29:35.590+0800][gc,stats    ]      Memory: Page Cache Flush                                  0 / 0                 0 / 0                 0 / 0                 0 / 0           MB/s
[2023-11-16T15:29:35.590+0800][gc,stats    ]      Memory: Page Cache Hit L1                                 0 / 0                 0 / 0                 0 / 33                0 / 33          ops/s
[2023-11-16T15:29:35.590+0800][gc,stats    ]      Memory: Page Cache Hit L2                                 0 / 0                 0 / 0                 0 / 0                 0 / 0           ops/s
[2023-11-16T15:29:35.590+0800][gc,stats    ]      Memory: Page Cache Hit L3                                 0 / 0                 0 / 0                 0 / 41                0 / 41          ops/s
[2023-11-16T15:29:35.590+0800][gc,stats    ]      Memory: Page Cache Miss                                   0 / 0                 0 / 0                 0 / 1                 0 / 1           ops/s
[2023-11-16T15:29:35.590+0800][gc,stats    ]      Memory: Uncommit                                          0 / 0                 0 / 0                 0 / 0                 0 / 0           MB/s
[2023-11-16T15:29:35.590+0800][gc,stats    ]      Memory: Undo Object Allocation Failed                     0 / 0                 0 / 0                 0 / 0                 0 / 0           ops/s
[2023-11-16T15:29:35.590+0800][gc,stats    ]      Memory: Undo Object Allocation Succeeded                  0 / 0                 0 / 0                 0 / 3                 0 / 3           ops/s
[2023-11-16T15:29:35.590+0800][gc,stats    ]      Memory: Undo Page Allocation                              0 / 0                 0 / 0                 0 / 0                 0 / 0           ops/s
[2023-11-16T15:29:35.590+0800][gc,stats    ]       Phase: Concurrent Mark                               0.000 / 0.000         0.000 / 0.000        21.531 / 24.050       21.531 / 24.050      ms
[2023-11-16T15:29:35.590+0800][gc,stats    ]       Phase: Concurrent Mark Continue                      0.000 / 0.000         0.000 / 0.000         0.000 / 0.000         0.000 / 0.000       ms
[2023-11-16T15:29:35.590+0800][gc,stats    ]       Phase: Concurrent Mark Free                          0.000 / 0.000         0.000 / 0.000         0.001 / 0.001         0.001 / 0.001       ms
[2023-11-16T15:29:35.590+0800][gc,stats    ]       Phase: Concurrent Process Non-Strong References      0.000 / 0.000         0.000 / 0.000         1.995 / 2.420         1.995 / 2.420       ms
[2023-11-16T15:29:35.590+0800][gc,stats    ]       Phase: Concurrent Relocate                           0.000 / 0.000         0.000 / 0.000         2.883 / 2.961         2.883 / 2.961       ms
[2023-11-16T15:29:35.590+0800][gc,stats    ]       Phase: Concurrent Reset Relocation Set               0.000 / 0.000         0.000 / 0.000         0.002 / 0.004         0.002 / 0.004       ms
[2023-11-16T15:29:35.590+0800][gc,stats    ]       Phase: Concurrent Select Relocation Set              0.000 / 0.000         0.000 / 0.000         4.861 / 8.184         4.861 / 8.184       ms
[2023-11-16T15:29:35.590+0800][gc,stats    ]       Phase: Pause Mark End                                0.000 / 0.000         0.000 / 0.000         0.017 / 0.019         0.017 / 0.019       ms
[2023-11-16T15:29:35.590+0800][gc,stats    ]       Phase: Pause Mark Start                              0.000 / 0.000         0.000 / 0.000         0.023 / 0.031         0.023 / 0.031       ms
[2023-11-16T15:29:35.590+0800][gc,stats    ]       Phase: Pause Relocate Start                          0.000 / 0.000         0.000 / 0.000         0.009 / 0.009         0.009 / 0.009       ms
[2023-11-16T15:29:35.590+0800][gc,stats    ]    Subphase: Concurrent Classes Purge                      0.000 / 0.000         0.000 / 0.000         0.066 / 0.071         0.066 / 0.071       ms
[2023-11-16T15:29:35.590+0800][gc,stats    ]    Subphase: Concurrent Classes Unlink                     0.000 / 0.000         0.000 / 0.000         1.264 / 1.492         1.264 / 1.492       ms
[2023-11-16T15:29:35.590+0800][gc,stats    ]    Subphase: Concurrent Mark                               0.000 / 0.000         0.000 / 0.000        18.504 / 22.997       18.504 / 22.997      ms
[2023-11-16T15:29:35.590+0800][gc,stats    ]    Subphase: Concurrent Mark Try Flush                     0.000 / 0.000         0.000 / 0.000         0.201 / 0.455         0.201 / 0.455       ms
[2023-11-16T15:29:35.590+0800][gc,stats    ]    Subphase: Concurrent Mark Try Terminate                 0.000 / 0.000         0.000 / 0.000         4.353 / 12.985        4.353 / 12.985      ms
[2023-11-16T15:29:35.590+0800][gc,stats    ]    Subphase: Concurrent References Enqueue                 0.000 / 0.000         0.000 / 0.000         0.004 / 0.004         0.004 / 0.004       ms
[2023-11-16T15:29:35.590+0800][gc,stats    ]    Subphase: Concurrent References Process                 0.000 / 0.000         0.000 / 0.000         0.104 / 0.123         0.104 / 0.123       ms
[2023-11-16T15:29:35.590+0800][gc,stats    ]    Subphase: Concurrent Roots ClassLoaderDataGraph         0.000 / 0.000         0.000 / 0.000         0.107 / 0.428         0.107 / 0.428       ms
[2023-11-16T15:29:35.590+0800][gc,stats    ]    Subphase: Concurrent Roots CodeCache                    0.000 / 0.000         0.000 / 0.000         0.000 / 0.000         0.000 / 0.000       ms
[2023-11-16T15:29:35.590+0800][gc,stats    ]    Subphase: Concurrent Roots JavaThreads                  0.000 / 0.000         0.000 / 0.000         1.013 / 1.707         1.013 / 1.707       ms
[2023-11-16T15:29:35.590+0800][gc,stats    ]    Subphase: Concurrent Roots OopStorageSet                0.000 / 0.000         0.000 / 0.000         0.146 / 0.289         0.146 / 0.289       ms
[2023-11-16T15:29:35.590+0800][gc,stats    ]    Subphase: Concurrent Weak Roots OopStorageSet           0.000 / 0.000         0.000 / 0.000         0.440 / 0.670         0.440 / 0.670       ms
[2023-11-16T15:29:35.590+0800][gc,stats    ]    Subphase: Pause Mark Try Complete                       0.000 / 0.000         0.000 / 0.000         0.000 / 0.000         0.000 / 0.000       ms
[2023-11-16T15:29:35.590+0800][gc,stats    ]      System: Java Threads                                      0 / 0                 0 / 0                34 / 47               34 / 47          threads
[2023-11-16T15:29:35.590+0800][gc,stats    ] =========================================================================================================================================================
[2023-11-16T15:29:45.581+0800][gc,stats    ] === Garbage Collection Statistics =======================================================================================================================
[2023-11-16T15:29:45.581+0800][gc,stats    ]                                                              Last 10s              Last 10m              Last 10h                Total
[2023-11-16T15:29:45.581+0800][gc,stats    ]                                                              Avg / Max             Avg / Max             Avg / Max             Avg / Max
[2023-11-16T15:29:45.581+0800][gc,stats    ]   Collector: Garbage Collection Cycle                      0.000 / 0.000         0.000 / 0.000        32.129 / 37.536       32.129 / 37.536      ms
[2023-11-16T15:29:45.581+0800][gc,stats    ]  Contention: Mark Segment Reset Contention                     0 / 0                 0 / 0                 0 / 3                 0 / 3           ops/s
[2023-11-16T15:29:45.581+0800][gc,stats    ]  Contention: Mark SeqNum Reset Contention                      0 / 0                 0 / 0                 0 / 0                 0 / 0           ops/s
[2023-11-16T15:29:45.581+0800][gc,stats    ]    Critical: Allocation Stall                                  0 / 0                 0 / 0                 0 / 0                 0 / 0           ops/s
[2023-11-16T15:29:45.581+0800][gc,stats    ]    Critical: Allocation Stall                              0.000 / 0.000         0.000 / 0.000         0.000 / 0.000         0.000 / 0.000       ms
[2023-11-16T15:29:45.581+0800][gc,stats    ]    Critical: GC Locker Stall                                   0 / 0                 0 / 0                 0 / 0                 0 / 0           ops/s
[2023-11-16T15:29:45.581+0800][gc,stats    ]    Critical: GC Locker Stall                               0.000 / 0.000         0.000 / 0.000         0.000 / 0.000         0.000 / 0.000       ms
[2023-11-16T15:29:45.581+0800][gc,stats    ]    Critical: Relocation Stall                                  0 / 0                 0 / 0                 0 / 0                 0 / 0           ops/s
[2023-11-16T15:29:45.581+0800][gc,stats    ]    Critical: Relocation Stall                              0.000 / 0.000         0.000 / 0.000         0.000 / 0.000         0.000 / 0.000       ms
[2023-11-16T15:29:45.581+0800][gc,stats    ]      Memory: Allocation Rate                                   0 / 0                 0 / 0                 0 / 82                0 / 82          MB/s
[2023-11-16T15:29:45.581+0800][gc,stats    ]      Memory: Defragment                                        0 / 0                 0 / 0                 0 / 0                 0 / 0           ops/s
[2023-11-16T15:29:45.581+0800][gc,stats    ]      Memory: Out Of Memory                                     0 / 0                 0 / 0                 0 / 0                 0 / 0           ops/s
[2023-11-16T15:29:45.581+0800][gc,stats    ]      Memory: Page Cache Flush                                  0 / 0                 0 / 0                 0 / 0                 0 / 0           MB/s
[2023-11-16T15:29:45.581+0800][gc,stats    ]      Memory: Page Cache Hit L1                                 0 / 0                 0 / 0                 0 / 33                0 / 33          ops/s
[2023-11-16T15:29:45.581+0800][gc,stats    ]      Memory: Page Cache Hit L2                                 0 / 0                 0 / 0                 0 / 0                 0 / 0           ops/s
[2023-11-16T15:29:45.581+0800][gc,stats    ]      Memory: Page Cache Hit L3                                 0 / 0                 0 / 0                 0 / 41                0 / 41          ops/s
[2023-11-16T15:29:45.581+0800][gc,stats    ]      Memory: Page Cache Miss                                   0 / 0                 0 / 0                 0 / 1                 0 / 1           ops/s
[2023-11-16T15:29:45.581+0800][gc,stats    ]      Memory: Uncommit                                          0 / 0                 0 / 0                 0 / 0                 0 / 0           MB/s
[2023-11-16T15:29:45.581+0800][gc,stats    ]      Memory: Undo Object Allocation Failed                     0 / 0                 0 / 0                 0 / 0                 0 / 0           ops/s
[2023-11-16T15:29:45.581+0800][gc,stats    ]      Memory: Undo Object Allocation Succeeded                  0 / 0                 0 / 0                 0 / 3                 0 / 3           ops/s
[2023-11-16T15:29:45.581+0800][gc,stats    ]      Memory: Undo Page Allocation                              0 / 0                 0 / 0                 0 / 0                 0 / 0           ops/s
[2023-11-16T15:29:45.581+0800][gc,stats    ]       Phase: Concurrent Mark                               0.000 / 0.000         0.000 / 0.000        21.531 / 24.050       21.531 / 24.050      ms
[2023-11-16T15:29:45.581+0800][gc,stats    ]       Phase: Concurrent Mark Continue                      0.000 / 0.000         0.000 / 0.000         0.000 / 0.000         0.000 / 0.000       ms
[2023-11-16T15:29:45.581+0800][gc,stats    ]       Phase: Concurrent Mark Free                          0.000 / 0.000         0.000 / 0.000         0.001 / 0.001         0.001 / 0.001       ms
[2023-11-16T15:29:45.581+0800][gc,stats    ]       Phase: Concurrent Process Non-Strong References      0.000 / 0.000         0.000 / 0.000         1.995 / 2.420         1.995 / 2.420       ms
[2023-11-16T15:29:45.581+0800][gc,stats    ]       Phase: Concurrent Relocate                           0.000 / 0.000         0.000 / 0.000         2.883 / 2.961         2.883 / 2.961       ms
[2023-11-16T15:29:45.581+0800][gc,stats    ]       Phase: Concurrent Reset Relocation Set               0.000 / 0.000         0.000 / 0.000         0.002 / 0.004         0.002 / 0.004       ms
[2023-11-16T15:29:45.581+0800][gc,stats    ]       Phase: Concurrent Select Relocation Set              0.000 / 0.000         0.000 / 0.000         4.861 / 8.184         4.861 / 8.184       ms
[2023-11-16T15:29:45.581+0800][gc,stats    ]       Phase: Pause Mark End                                0.000 / 0.000         0.000 / 0.000         0.017 / 0.019         0.017 / 0.019       ms
[2023-11-16T15:29:45.581+0800][gc,stats    ]       Phase: Pause Mark Start                              0.000 / 0.000         0.000 / 0.000         0.023 / 0.031         0.023 / 0.031       ms
[2023-11-16T15:29:45.581+0800][gc,stats    ]       Phase: Pause Relocate Start                          0.000 / 0.000         0.000 / 0.000         0.009 / 0.009         0.009 / 0.009       ms
[2023-11-16T15:29:45.581+0800][gc,stats    ]    Subphase: Concurrent Classes Purge                      0.000 / 0.000         0.000 / 0.000         0.066 / 0.071         0.066 / 0.071       ms
[2023-11-16T15:29:45.581+0800][gc,stats    ]    Subphase: Concurrent Classes Unlink                     0.000 / 0.000         0.000 / 0.000         1.264 / 1.492         1.264 / 1.492       ms
[2023-11-16T15:29:45.581+0800][gc,stats    ]    Subphase: Concurrent Mark                               0.000 / 0.000         0.000 / 0.000        18.504 / 22.997       18.504 / 22.997      ms
[2023-11-16T15:29:45.581+0800][gc,stats    ]    Subphase: Concurrent Mark Try Flush                     0.000 / 0.000         0.000 / 0.000         0.201 / 0.455         0.201 / 0.455       ms
[2023-11-16T15:29:45.581+0800][gc,stats    ]    Subphase: Concurrent Mark Try Terminate                 0.000 / 0.000         0.000 / 0.000         4.353 / 12.985        4.353 / 12.985      ms
[2023-11-16T15:29:45.582+0800][gc,stats    ]    Subphase: Concurrent References Enqueue                 0.000 / 0.000         0.000 / 0.000         0.004 / 0.004         0.004 / 0.004       ms
[2023-11-16T15:29:45.582+0800][gc,stats    ]    Subphase: Concurrent References Process                 0.000 / 0.000         0.000 / 0.000         0.104 / 0.123         0.104 / 0.123       ms
[2023-11-16T15:29:45.582+0800][gc,stats    ]    Subphase: Concurrent Roots ClassLoaderDataGraph         0.000 / 0.000         0.000 / 0.000         0.107 / 0.428         0.107 / 0.428       ms
[2023-11-16T15:29:45.582+0800][gc,stats    ]    Subphase: Concurrent Roots CodeCache                    0.000 / 0.000         0.000 / 0.000         0.000 / 0.000         0.000 / 0.000       ms
[2023-11-16T15:29:45.582+0800][gc,stats    ]    Subphase: Concurrent Roots JavaThreads                  0.000 / 0.000         0.000 / 0.000         1.013 / 1.707         1.013 / 1.707       ms
[2023-11-16T15:29:45.582+0800][gc,stats    ]    Subphase: Concurrent Roots OopStorageSet                0.000 / 0.000         0.000 / 0.000         0.146 / 0.289         0.146 / 0.289       ms
[2023-11-16T15:29:45.582+0800][gc,stats    ]    Subphase: Concurrent Weak Roots OopStorageSet           0.000 / 0.000         0.000 / 0.000         0.440 / 0.670         0.440 / 0.670       ms
[2023-11-16T15:29:45.582+0800][gc,stats    ]    Subphase: Pause Mark Try Complete                       0.000 / 0.000         0.000 / 0.000         0.000 / 0.000         0.000 / 0.000       ms
[2023-11-16T15:29:45.582+0800][gc,stats    ]      System: Java Threads                                      0 / 0                 0 / 0                34 / 47               34 / 47          threads
[2023-11-16T15:29:45.582+0800][gc,stats    ] =========================================================================================================================================================
[2023-11-16T15:29:55.582+0800][gc,stats    ] === Garbage Collection Statistics =======================================================================================================================
[2023-11-16T15:29:55.582+0800][gc,stats    ]                                                              Last 10s              Last 10m              Last 10h                Total
[2023-11-16T15:29:55.582+0800][gc,stats    ]                                                              Avg / Max             Avg / Max             Avg / Max             Avg / Max
[2023-11-16T15:29:55.582+0800][gc,stats    ]   Collector: Garbage Collection Cycle                      0.000 / 0.000         0.000 / 0.000        32.129 / 37.536       32.129 / 37.536      ms
[2023-11-16T15:29:55.582+0800][gc,stats    ]  Contention: Mark Segment Reset Contention                     0 / 0                 0 / 0                 0 / 3                 0 / 3           ops/s
[2023-11-16T15:29:55.582+0800][gc,stats    ]  Contention: Mark SeqNum Reset Contention                      0 / 0                 0 / 0                 0 / 0                 0 / 0           ops/s
[2023-11-16T15:29:55.582+0800][gc,stats    ]    Critical: Allocation Stall                                  0 / 0                 0 / 0                 0 / 0                 0 / 0           ops/s
[2023-11-16T15:29:55.582+0800][gc,stats    ]    Critical: Allocation Stall                              0.000 / 0.000         0.000 / 0.000         0.000 / 0.000         0.000 / 0.000       ms
[2023-11-16T15:29:55.582+0800][gc,stats    ]    Critical: GC Locker Stall                                   0 / 0                 0 / 0                 0 / 0                 0 / 0           ops/s
[2023-11-16T15:29:55.582+0800][gc,stats    ]    Critical: GC Locker Stall                               0.000 / 0.000         0.000 / 0.000         0.000 / 0.000         0.000 / 0.000       ms
[2023-11-16T15:29:55.582+0800][gc,stats    ]    Critical: Relocation Stall                                  0 / 0                 0 / 0                 0 / 0                 0 / 0           ops/s
[2023-11-16T15:29:55.582+0800][gc,stats    ]    Critical: Relocation Stall                              0.000 / 0.000         0.000 / 0.000         0.000 / 0.000         0.000 / 0.000       ms
[2023-11-16T15:29:55.582+0800][gc,stats    ]      Memory: Allocation Rate                                   0 / 0                 0 / 0                 0 / 82                0 / 82          MB/s
[2023-11-16T15:29:55.582+0800][gc,stats    ]      Memory: Defragment                                        0 / 0                 0 / 0                 0 / 0                 0 / 0           ops/s
[2023-11-16T15:29:55.582+0800][gc,stats    ]      Memory: Out Of Memory                                     0 / 0                 0 / 0                 0 / 0                 0 / 0           ops/s
[2023-11-16T15:29:55.582+0800][gc,stats    ]      Memory: Page Cache Flush                                  0 / 0                 0 / 0                 0 / 0                 0 / 0           MB/s
[2023-11-16T15:29:55.582+0800][gc,stats    ]      Memory: Page Cache Hit L1                                 0 / 0                 0 / 0                 0 / 33                0 / 33          ops/s
[2023-11-16T15:29:55.582+0800][gc,stats    ]      Memory: Page Cache Hit L2                                 0 / 0                 0 / 0                 0 / 0                 0 / 0           ops/s
[2023-11-16T15:29:55.582+0800][gc,stats    ]      Memory: Page Cache Hit L3                                 0 / 0                 0 / 0                 0 / 41                0 / 41          ops/s
[2023-11-16T15:29:55.582+0800][gc,stats    ]      Memory: Page Cache Miss                                   0 / 0                 0 / 0                 0 / 1                 0 / 1           ops/s
[2023-11-16T15:29:55.582+0800][gc,stats    ]      Memory: Uncommit                                          0 / 0                 0 / 0                 0 / 0                 0 / 0           MB/s
[2023-11-16T15:29:55.583+0800][gc,stats    ]      Memory: Undo Object Allocation Failed                     0 / 0                 0 / 0                 0 / 0                 0 / 0           ops/s
[2023-11-16T15:29:55.583+0800][gc,stats    ]      Memory: Undo Object Allocation Succeeded                  0 / 0                 0 / 0                 0 / 3                 0 / 3           ops/s
[2023-11-16T15:29:55.583+0800][gc,stats    ]      Memory: Undo Page Allocation                              0 / 0                 0 / 0                 0 / 0                 0 / 0           ops/s
[2023-11-16T15:29:55.583+0800][gc,stats    ]       Phase: Concurrent Mark                               0.000 / 0.000         0.000 / 0.000        21.531 / 24.050       21.531 / 24.050      ms
[2023-11-16T15:29:55.583+0800][gc,stats    ]       Phase: Concurrent Mark Continue                      0.000 / 0.000         0.000 / 0.000         0.000 / 0.000         0.000 / 0.000       ms
[2023-11-16T15:29:55.583+0800][gc,stats    ]       Phase: Concurrent Mark Free                          0.000 / 0.000         0.000 / 0.000         0.001 / 0.001         0.001 / 0.001       ms
[2023-11-16T15:29:55.583+0800][gc,stats    ]       Phase: Concurrent Process Non-Strong References      0.000 / 0.000         0.000 / 0.000         1.995 / 2.420         1.995 / 2.420       ms
[2023-11-16T15:29:55.583+0800][gc,stats    ]       Phase: Concurrent Relocate                           0.000 / 0.000         0.000 / 0.000         2.883 / 2.961         2.883 / 2.961       ms
[2023-11-16T15:29:55.583+0800][gc,stats    ]       Phase: Concurrent Reset Relocation Set               0.000 / 0.000         0.000 / 0.000         0.002 / 0.004         0.002 / 0.004       ms
[2023-11-16T15:29:55.583+0800][gc,stats    ]       Phase: Concurrent Select Relocation Set              0.000 / 0.000         0.000 / 0.000         4.861 / 8.184         4.861 / 8.184       ms
[2023-11-16T15:29:55.583+0800][gc,stats    ]       Phase: Pause Mark End                                0.000 / 0.000         0.000 / 0.000         0.017 / 0.019         0.017 / 0.019       ms
[2023-11-16T15:29:55.583+0800][gc,stats    ]       Phase: Pause Mark Start                              0.000 / 0.000         0.000 / 0.000         0.023 / 0.031         0.023 / 0.031       ms
[2023-11-16T15:29:55.583+0800][gc,stats    ]       Phase: Pause Relocate Start                          0.000 / 0.000         0.000 / 0.000         0.009 / 0.009         0.009 / 0.009       ms
[2023-11-16T15:29:55.583+0800][gc,stats    ]    Subphase: Concurrent Classes Purge                      0.000 / 0.000         0.000 / 0.000         0.066 / 0.071         0.066 / 0.071       ms
[2023-11-16T15:29:55.583+0800][gc,stats    ]    Subphase: Concurrent Classes Unlink                     0.000 / 0.000         0.000 / 0.000         1.264 / 1.492         1.264 / 1.492       ms
[2023-11-16T15:29:55.583+0800][gc,stats    ]    Subphase: Concurrent Mark                               0.000 / 0.000         0.000 / 0.000        18.504 / 22.997       18.504 / 22.997      ms
[2023-11-16T15:29:55.583+0800][gc,stats    ]    Subphase: Concurrent Mark Try Flush                     0.000 / 0.000         0.000 / 0.000         0.201 / 0.455         0.201 / 0.455       ms
[2023-11-16T15:29:55.583+0800][gc,stats    ]    Subphase: Concurrent Mark Try Terminate                 0.000 / 0.000         0.000 / 0.000         4.353 / 12.985        4.353 / 12.985      ms
[2023-11-16T15:29:55.583+0800][gc,stats    ]    Subphase: Concurrent References Enqueue                 0.000 / 0.000         0.000 / 0.000         0.004 / 0.004         0.004 / 0.004       ms
[2023-11-16T15:29:55.583+0800][gc,stats    ]    Subphase: Concurrent References Process                 0.000 / 0.000         0.000 / 0.000         0.104 / 0.123         0.104 / 0.123       ms
[2023-11-16T15:29:55.583+0800][gc,stats    ]    Subphase: Concurrent Roots ClassLoaderDataGraph         0.000 / 0.000         0.000 / 0.000         0.107 / 0.428         0.107 / 0.428       ms
[2023-11-16T15:29:55.583+0800][gc,stats    ]    Subphase: Concurrent Roots CodeCache                    0.000 / 0.000         0.000 / 0.000         0.000 / 0.000         0.000 / 0.000       ms
[2023-11-16T15:29:55.583+0800][gc,stats    ]    Subphase: Concurrent Roots JavaThreads                  0.000 / 0.000         0.000 / 0.000         1.013 / 1.707         1.013 / 1.707       ms
[2023-11-16T15:29:55.583+0800][gc,stats    ]    Subphase: Concurrent Roots OopStorageSet                0.000 / 0.000         0.000 / 0.000         0.146 / 0.289         0.146 / 0.289       ms
[2023-11-16T15:29:55.583+0800][gc,stats    ]    Subphase: Concurrent Weak Roots OopStorageSet           0.000 / 0.000         0.000 / 0.000         0.440 / 0.670         0.440 / 0.670       ms
[2023-11-16T15:29:55.583+0800][gc,stats    ]    Subphase: Pause Mark Try Complete                       0.000 / 0.000         0.000 / 0.000         0.000 / 0.000         0.000 / 0.000       ms
[2023-11-16T15:29:55.583+0800][gc,stats    ]      System: Java Threads                                      0 / 0                 0 / 0                34 / 47               34 / 47          threads
[2023-11-16T15:29:55.583+0800][gc,stats    ] =========================================================================================================================================================
[2023-11-16T15:30:05.590+0800][gc,stats    ] === Garbage Collection Statistics =======================================================================================================================
[2023-11-16T15:30:05.590+0800][gc,stats    ]                                                              Last 10s              Last 10m              Last 10h                Total
[2023-11-16T15:30:05.590+0800][gc,stats    ]                                                              Avg / Max             Avg / Max             Avg / Max             Avg / Max
[2023-11-16T15:30:05.590+0800][gc,stats    ]   Collector: Garbage Collection Cycle                      0.000 / 0.000         0.000 / 0.000        32.129 / 37.536       32.129 / 37.536      ms
[2023-11-16T15:30:05.590+0800][gc,stats    ]  Contention: Mark Segment Reset Contention                     0 / 0                 0 / 0                 0 / 3                 0 / 3           ops/s
[2023-11-16T15:30:05.590+0800][gc,stats    ]  Contention: Mark SeqNum Reset Contention                      0 / 0                 0 / 0                 0 / 0                 0 / 0           ops/s
[2023-11-16T15:30:05.590+0800][gc,stats    ]    Critical: Allocation Stall                                  0 / 0                 0 / 0                 0 / 0                 0 / 0           ops/s
[2023-11-16T15:30:05.590+0800][gc,stats    ]    Critical: Allocation Stall                              0.000 / 0.000         0.000 / 0.000         0.000 / 0.000         0.000 / 0.000       ms
[2023-11-16T15:30:05.590+0800][gc,stats    ]    Critical: GC Locker Stall                                   0 / 0                 0 / 0                 0 / 0                 0 / 0           ops/s
[2023-11-16T15:30:05.590+0800][gc,stats    ]    Critical: GC Locker Stall                               0.000 / 0.000         0.000 / 0.000         0.000 / 0.000         0.000 / 0.000       ms
[2023-11-16T15:30:05.590+0800][gc,stats    ]    Critical: Relocation Stall                                  0 / 0                 0 / 0                 0 / 0                 0 / 0           ops/s
[2023-11-16T15:30:05.590+0800][gc,stats    ]    Critical: Relocation Stall                              0.000 / 0.000         0.000 / 0.000         0.000 / 0.000         0.000 / 0.000       ms
[2023-11-16T15:30:05.590+0800][gc,stats    ]      Memory: Allocation Rate                                   0 / 0                 0 / 0                 0 / 82                0 / 82          MB/s
[2023-11-16T15:30:05.590+0800][gc,stats    ]      Memory: Defragment                                        0 / 0                 0 / 0                 0 / 0                 0 / 0           ops/s
[2023-11-16T15:30:05.590+0800][gc,stats    ]      Memory: Out Of Memory                                     0 / 0                 0 / 0                 0 / 0                 0 / 0           ops/s
[2023-11-16T15:30:05.590+0800][gc,stats    ]      Memory: Page Cache Flush                                  0 / 0                 0 / 0                 0 / 0                 0 / 0           MB/s
[2023-11-16T15:30:05.590+0800][gc,stats    ]      Memory: Page Cache Hit L1                                 0 / 0                 0 / 0                 0 / 33                0 / 33          ops/s
[2023-11-16T15:30:05.590+0800][gc,stats    ]      Memory: Page Cache Hit L2                                 0 / 0                 0 / 0                 0 / 0                 0 / 0           ops/s
[2023-11-16T15:30:05.590+0800][gc,stats    ]      Memory: Page Cache Hit L3                                 0 / 0                 0 / 0                 0 / 41                0 / 41          ops/s
[2023-11-16T15:30:05.590+0800][gc,stats    ]      Memory: Page Cache Miss                                   0 / 0                 0 / 0                 0 / 1                 0 / 1           ops/s
[2023-11-16T15:30:05.590+0800][gc,stats    ]      Memory: Uncommit                                          0 / 0                 0 / 0                 0 / 0                 0 / 0           MB/s
[2023-11-16T15:30:05.590+0800][gc,stats    ]      Memory: Undo Object Allocation Failed                     0 / 0                 0 / 0                 0 / 0                 0 / 0           ops/s
[2023-11-16T15:30:05.590+0800][gc,stats    ]      Memory: Undo Object Allocation Succeeded                  0 / 0                 0 / 0                 0 / 3                 0 / 3           ops/s
[2023-11-16T15:30:05.590+0800][gc,stats    ]      Memory: Undo Page Allocation                              0 / 0                 0 / 0                 0 / 0                 0 / 0           ops/s
[2023-11-16T15:30:05.590+0800][gc,stats    ]       Phase: Concurrent Mark                               0.000 / 0.000         0.000 / 0.000        21.531 / 24.050       21.531 / 24.050      ms
[2023-11-16T15:30:05.590+0800][gc,stats    ]       Phase: Concurrent Mark Continue                      0.000 / 0.000         0.000 / 0.000         0.000 / 0.000         0.000 / 0.000       ms
[2023-11-16T15:30:05.590+0800][gc,stats    ]       Phase: Concurrent Mark Free                          0.000 / 0.000         0.000 / 0.000         0.001 / 0.001         0.001 / 0.001       ms
[2023-11-16T15:30:05.590+0800][gc,stats    ]       Phase: Concurrent Process Non-Strong References      0.000 / 0.000         0.000 / 0.000         1.995 / 2.420         1.995 / 2.420       ms
[2023-11-16T15:30:05.590+0800][gc,stats    ]       Phase: Concurrent Relocate                           0.000 / 0.000         0.000 / 0.000         2.883 / 2.961         2.883 / 2.961       ms
[2023-11-16T15:30:05.590+0800][gc,stats    ]       Phase: Concurrent Reset Relocation Set               0.000 / 0.000         0.000 / 0.000         0.002 / 0.004         0.002 / 0.004       ms
[2023-11-16T15:30:05.590+0800][gc,stats    ]       Phase: Concurrent Select Relocation Set              0.000 / 0.000         0.000 / 0.000         4.861 / 8.184         4.861 / 8.184       ms
[2023-11-16T15:30:05.590+0800][gc,stats    ]       Phase: Pause Mark End                                0.000 / 0.000         0.000 / 0.000         0.017 / 0.019         0.017 / 0.019       ms
[2023-11-16T15:30:05.590+0800][gc,stats    ]       Phase: Pause Mark Start                              0.000 / 0.000         0.000 / 0.000         0.023 / 0.031         0.023 / 0.031       ms
[2023-11-16T15:30:05.590+0800][gc,stats    ]       Phase: Pause Relocate Start                          0.000 / 0.000         0.000 / 0.000         0.009 / 0.009         0.009 / 0.009       ms
[2023-11-16T15:30:05.590+0800][gc,stats    ]    Subphase: Concurrent Classes Purge                      0.000 / 0.000         0.000 / 0.000         0.066 / 0.071         0.066 / 0.071       ms
[2023-11-16T15:30:05.590+0800][gc,stats    ]    Subphase: Concurrent Classes Unlink                     0.000 / 0.000         0.000 / 0.000         1.264 / 1.492         1.264 / 1.492       ms
[2023-11-16T15:30:05.590+0800][gc,stats    ]    Subphase: Concurrent Mark                               0.000 / 0.000         0.000 / 0.000        18.504 / 22.997       18.504 / 22.997      ms
[2023-11-16T15:30:05.590+0800][gc,stats    ]    Subphase: Concurrent Mark Try Flush                     0.000 / 0.000         0.000 / 0.000         0.201 / 0.455         0.201 / 0.455       ms
[2023-11-16T15:30:05.590+0800][gc,stats    ]    Subphase: Concurrent Mark Try Terminate                 0.000 / 0.000         0.000 / 0.000         4.353 / 12.985        4.353 / 12.985      ms
[2023-11-16T15:30:05.590+0800][gc,stats    ]    Subphase: Concurrent References Enqueue                 0.000 / 0.000         0.000 / 0.000         0.004 / 0.004         0.004 / 0.004       ms
[2023-11-16T15:30:05.590+0800][gc,stats    ]    Subphase: Concurrent References Process                 0.000 / 0.000         0.000 / 0.000         0.104 / 0.123         0.104 / 0.123       ms
[2023-11-16T15:30:05.590+0800][gc,stats    ]    Subphase: Concurrent Roots ClassLoaderDataGraph         0.000 / 0.000         0.000 / 0.000         0.107 / 0.428         0.107 / 0.428       ms
[2023-11-16T15:30:05.590+0800][gc,stats    ]    Subphase: Concurrent Roots CodeCache                    0.000 / 0.000         0.000 / 0.000         0.000 / 0.000         0.000 / 0.000       ms
[2023-11-16T15:30:05.590+0800][gc,stats    ]    Subphase: Concurrent Roots JavaThreads                  0.000 / 0.000         0.000 / 0.000         1.013 / 1.707         1.013 / 1.707       ms
[2023-11-16T15:30:05.590+0800][gc,stats    ]    Subphase: Concurrent Roots OopStorageSet                0.000 / 0.000         0.000 / 0.000         0.146 / 0.289         0.146 / 0.289       ms
[2023-11-16T15:30:05.590+0800][gc,stats    ]    Subphase: Concurrent Weak Roots OopStorageSet           0.000 / 0.000         0.000 / 0.000         0.440 / 0.670         0.440 / 0.670       ms
[2023-11-16T15:30:05.590+0800][gc,stats    ]    Subphase: Pause Mark Try Complete                       0.000 / 0.000         0.000 / 0.000         0.000 / 0.000         0.000 / 0.000       ms
[2023-11-16T15:30:05.590+0800][gc,stats    ]      System: Java Threads                                      0 / 0                 0 / 0                34 / 47               34 / 47          threads
[2023-11-16T15:30:05.590+0800][gc,stats    ] =========================================================================================================================================================
[2023-11-16T15:30:15.579+0800][gc,stats    ] === Garbage Collection Statistics =======================================================================================================================
[2023-11-16T15:30:15.579+0800][gc,stats    ]                                                              Last 10s              Last 10m              Last 10h                Total
[2023-11-16T15:30:15.579+0800][gc,stats    ]                                                              Avg / Max             Avg / Max             Avg / Max             Avg / Max
[2023-11-16T15:30:15.579+0800][gc,stats    ]   Collector: Garbage Collection Cycle                      0.000 / 0.000         0.000 / 0.000        32.129 / 37.536       32.129 / 37.536      ms
[2023-11-16T15:30:15.579+0800][gc,stats    ]  Contention: Mark Segment Reset Contention                     0 / 0                 0 / 0                 0 / 3                 0 / 3           ops/s
[2023-11-16T15:30:15.579+0800][gc,stats    ]  Contention: Mark SeqNum Reset Contention                      0 / 0                 0 / 0                 0 / 0                 0 / 0           ops/s
[2023-11-16T15:30:15.579+0800][gc,stats    ]    Critical: Allocation Stall                                  0 / 0                 0 / 0                 0 / 0                 0 / 0           ops/s
[2023-11-16T15:30:15.579+0800][gc,stats    ]    Critical: Allocation Stall                              0.000 / 0.000         0.000 / 0.000         0.000 / 0.000         0.000 / 0.000       ms
[2023-11-16T15:30:15.579+0800][gc,stats    ]    Critical: GC Locker Stall                                   0 / 0                 0 / 0                 0 / 0                 0 / 0           ops/s
[2023-11-16T15:30:15.579+0800][gc,stats    ]    Critical: GC Locker Stall                               0.000 / 0.000         0.000 / 0.000         0.000 / 0.000         0.000 / 0.000       ms
[2023-11-16T15:30:15.579+0800][gc,stats    ]    Critical: Relocation Stall                                  0 / 0                 0 / 0                 0 / 0                 0 / 0           ops/s
[2023-11-16T15:30:15.579+0800][gc,stats    ]    Critical: Relocation Stall                              0.000 / 0.000         0.000 / 0.000         0.000 / 0.000         0.000 / 0.000       ms
[2023-11-16T15:30:15.579+0800][gc,stats    ]      Memory: Allocation Rate                                   0 / 0                 0 / 0                 0 / 82                0 / 82          MB/s
[2023-11-16T15:30:15.579+0800][gc,stats    ]      Memory: Defragment                                        0 / 0                 0 / 0                 0 / 0                 0 / 0           ops/s
[2023-11-16T15:30:15.579+0800][gc,stats    ]      Memory: Out Of Memory                                     0 / 0                 0 / 0                 0 / 0                 0 / 0           ops/s
[2023-11-16T15:30:15.579+0800][gc,stats    ]      Memory: Page Cache Flush                                  0 / 0                 0 / 0                 0 / 0                 0 / 0           MB/s
[2023-11-16T15:30:15.579+0800][gc,stats    ]      Memory: Page Cache Hit L1                                 0 / 0                 0 / 0                 0 / 33                0 / 33          ops/s
[2023-11-16T15:30:15.579+0800][gc,stats    ]      Memory: Page Cache Hit L2                                 0 / 0                 0 / 0                 0 / 0                 0 / 0           ops/s
[2023-11-16T15:30:15.579+0800][gc,stats    ]      Memory: Page Cache Hit L3                                 0 / 0                 0 / 0                 0 / 41                0 / 41          ops/s
[2023-11-16T15:30:15.579+0800][gc,stats    ]      Memory: Page Cache Miss                                   0 / 0                 0 / 0                 0 / 1                 0 / 1           ops/s
[2023-11-16T15:30:15.579+0800][gc,stats    ]      Memory: Uncommit                                          0 / 0                 0 / 0                 0 / 0                 0 / 0           MB/s
[2023-11-16T15:30:15.579+0800][gc,stats    ]      Memory: Undo Object Allocation Failed                     0 / 0                 0 / 0                 0 / 0                 0 / 0           ops/s
[2023-11-16T15:30:15.579+0800][gc,stats    ]      Memory: Undo Object Allocation Succeeded                  0 / 0                 0 / 0                 0 / 3                 0 / 3           ops/s
[2023-11-16T15:30:15.579+0800][gc,stats    ]      Memory: Undo Page Allocation                              0 / 0                 0 / 0                 0 / 0                 0 / 0           ops/s
[2023-11-16T15:30:15.579+0800][gc,stats    ]       Phase: Concurrent Mark                               0.000 / 0.000         0.000 / 0.000        21.531 / 24.050       21.531 / 24.050      ms
[2023-11-16T15:30:15.579+0800][gc,stats    ]       Phase: Concurrent Mark Continue                      0.000 / 0.000         0.000 / 0.000         0.000 / 0.000         0.000 / 0.000       ms
[2023-11-16T15:30:15.579+0800][gc,stats    ]       Phase: Concurrent Mark Free                          0.000 / 0.000         0.000 / 0.000         0.001 / 0.001         0.001 / 0.001       ms
[2023-11-16T15:30:15.579+0800][gc,stats    ]       Phase: Concurrent Process Non-Strong References      0.000 / 0.000         0.000 / 0.000         1.995 / 2.420         1.995 / 2.420       ms
[2023-11-16T15:30:15.579+0800][gc,stats    ]       Phase: Concurrent Relocate                           0.000 / 0.000         0.000 / 0.000         2.883 / 2.961         2.883 / 2.961       ms
[2023-11-16T15:30:15.579+0800][gc,stats    ]       Phase: Concurrent Reset Relocation Set               0.000 / 0.000         0.000 / 0.000         0.002 / 0.004         0.002 / 0.004       ms
[2023-11-16T15:30:15.579+0800][gc,stats    ]       Phase: Concurrent Select Relocation Set              0.000 / 0.000         0.000 / 0.000         4.861 / 8.184         4.861 / 8.184       ms
[2023-11-16T15:30:15.579+0800][gc,stats    ]       Phase: Pause Mark End                                0.000 / 0.000         0.000 / 0.000         0.017 / 0.019         0.017 / 0.019       ms
[2023-11-16T15:30:15.579+0800][gc,stats    ]       Phase: Pause Mark Start                              0.000 / 0.000         0.000 / 0.000         0.023 / 0.031         0.023 / 0.031       ms
[2023-11-16T15:30:15.579+0800][gc,stats    ]       Phase: Pause Relocate Start                          0.000 / 0.000         0.000 / 0.000         0.009 / 0.009         0.009 / 0.009       ms
[2023-11-16T15:30:15.579+0800][gc,stats    ]    Subphase: Concurrent Classes Purge                      0.000 / 0.000         0.000 / 0.000         0.066 / 0.071         0.066 / 0.071       ms
[2023-11-16T15:30:15.579+0800][gc,stats    ]    Subphase: Concurrent Classes Unlink                     0.000 / 0.000         0.000 / 0.000         1.264 / 1.492         1.264 / 1.492       ms
[2023-11-16T15:30:15.579+0800][gc,stats    ]    Subphase: Concurrent Mark                               0.000 / 0.000         0.000 / 0.000        18.504 / 22.997       18.504 / 22.997      ms
[2023-11-16T15:30:15.579+0800][gc,stats    ]    Subphase: Concurrent Mark Try Flush                     0.000 / 0.000         0.000 / 0.000         0.201 / 0.455         0.201 / 0.455       ms
[2023-11-16T15:30:15.579+0800][gc,stats    ]    Subphase: Concurrent Mark Try Terminate                 0.000 / 0.000         0.000 / 0.000         4.353 / 12.985        4.353 / 12.985      ms
[2023-11-16T15:30:15.579+0800][gc,stats    ]    Subphase: Concurrent References Enqueue                 0.000 / 0.000         0.000 / 0.000         0.004 / 0.004         0.004 / 0.004       ms
[2023-11-16T15:30:15.579+0800][gc,stats    ]    Subphase: Concurrent References Process                 0.000 / 0.000         0.000 / 0.000         0.104 / 0.123         0.104 / 0.123       ms
[2023-11-16T15:30:15.579+0800][gc,stats    ]    Subphase: Concurrent Roots ClassLoaderDataGraph         0.000 / 0.000         0.000 / 0.000         0.107 / 0.428         0.107 / 0.428       ms
[2023-11-16T15:30:15.579+0800][gc,stats    ]    Subphase: Concurrent Roots CodeCache                    0.000 / 0.000         0.000 / 0.000         0.000 / 0.000         0.000 / 0.000       ms
[2023-11-16T15:30:15.579+0800][gc,stats    ]    Subphase: Concurrent Roots JavaThreads                  0.000 / 0.000         0.000 / 0.000         1.013 / 1.707         1.013 / 1.707       ms
[2023-11-16T15:30:15.579+0800][gc,stats    ]    Subphase: Concurrent Roots OopStorageSet                0.000 / 0.000         0.000 / 0.000         0.146 / 0.289         0.146 / 0.289       ms
[2023-11-16T15:30:15.579+0800][gc,stats    ]    Subphase: Concurrent Weak Roots OopStorageSet           0.000 / 0.000         0.000 / 0.000         0.440 / 0.670         0.440 / 0.670       ms
[2023-11-16T15:30:15.579+0800][gc,stats    ]    Subphase: Pause Mark Try Complete                       0.000 / 0.000         0.000 / 0.000         0.000 / 0.000         0.000 / 0.000       ms
[2023-11-16T15:30:15.579+0800][gc,stats    ]      System: Java Threads                                      0 / 0                 0 / 0                34 / 47               34 / 47          threads
[2023-11-16T15:30:15.579+0800][gc,stats    ] =========================================================================================================================================================
[2023-11-16T15:30:25.588+0800][gc,stats    ] === Garbage Collection Statistics =======================================================================================================================
[2023-11-16T15:30:25.588+0800][gc,stats    ]                                                              Last 10s              Last 10m              Last 10h                Total
[2023-11-16T15:30:25.588+0800][gc,stats    ]                                                              Avg / Max             Avg / Max             Avg / Max             Avg / Max
[2023-11-16T15:30:25.588+0800][gc,stats    ]   Collector: Garbage Collection Cycle                      0.000 / 0.000         0.000 / 0.000        32.129 / 37.536       32.129 / 37.536      ms
[2023-11-16T15:30:25.588+0800][gc,stats    ]  Contention: Mark Segment Reset Contention                     0 / 0                 0 / 0                 0 / 3                 0 / 3           ops/s
[2023-11-16T15:30:25.588+0800][gc,stats    ]  Contention: Mark SeqNum Reset Contention                      0 / 0                 0 / 0                 0 / 0                 0 / 0           ops/s
[2023-11-16T15:30:25.588+0800][gc,stats    ]    Critical: Allocation Stall                                  0 / 0                 0 / 0                 0 / 0                 0 / 0           ops/s
[2023-11-16T15:30:25.588+0800][gc,stats    ]    Critical: Allocation Stall                              0.000 / 0.000         0.000 / 0.000         0.000 / 0.000         0.000 / 0.000       ms
[2023-11-16T15:30:25.588+0800][gc,stats    ]    Critical: GC Locker Stall                                   0 / 0                 0 / 0                 0 / 0                 0 / 0           ops/s
[2023-11-16T15:30:25.588+0800][gc,stats    ]    Critical: GC Locker Stall                               0.000 / 0.000         0.000 / 0.000         0.000 / 0.000         0.000 / 0.000       ms
[2023-11-16T15:30:25.588+0800][gc,stats    ]    Critical: Relocation Stall                                  0 / 0                 0 / 0                 0 / 0                 0 / 0           ops/s
[2023-11-16T15:30:25.588+0800][gc,stats    ]    Critical: Relocation Stall                              0.000 / 0.000         0.000 / 0.000         0.000 / 0.000         0.000 / 0.000       ms
[2023-11-16T15:30:25.588+0800][gc,stats    ]      Memory: Allocation Rate                                   0 / 0                 0 / 0                 0 / 82                0 / 82          MB/s
[2023-11-16T15:30:25.588+0800][gc,stats    ]      Memory: Defragment                                        0 / 0                 0 / 0                 0 / 0                 0 / 0           ops/s
[2023-11-16T15:30:25.588+0800][gc,stats    ]      Memory: Out Of Memory                                     0 / 0                 0 / 0                 0 / 0                 0 / 0           ops/s
[2023-11-16T15:30:25.588+0800][gc,stats    ]      Memory: Page Cache Flush                                  0 / 0                 0 / 0                 0 / 0                 0 / 0           MB/s
[2023-11-16T15:30:25.588+0800][gc,stats    ]      Memory: Page Cache Hit L1                                 0 / 0                 0 / 0                 0 / 33                0 / 33          ops/s
[2023-11-16T15:30:25.588+0800][gc,stats    ]      Memory: Page Cache Hit L2                                 0 / 0                 0 / 0                 0 / 0                 0 / 0           ops/s
[2023-11-16T15:30:25.588+0800][gc,stats    ]      Memory: Page Cache Hit L3                                 0 / 0                 0 / 0                 0 / 41                0 / 41          ops/s
[2023-11-16T15:30:25.588+0800][gc,stats    ]      Memory: Page Cache Miss                                   0 / 0                 0 / 0                 0 / 1                 0 / 1           ops/s
[2023-11-16T15:30:25.588+0800][gc,stats    ]      Memory: Uncommit                                          0 / 0                 0 / 0                 0 / 0                 0 / 0           MB/s
[2023-11-16T15:30:25.588+0800][gc,stats    ]      Memory: Undo Object Allocation Failed                     0 / 0                 0 / 0                 0 / 0                 0 / 0           ops/s
[2023-11-16T15:30:25.588+0800][gc,stats    ]      Memory: Undo Object Allocation Succeeded                  0 / 0                 0 / 0                 0 / 3                 0 / 3           ops/s
[2023-11-16T15:30:25.588+0800][gc,stats    ]      Memory: Undo Page Allocation                              0 / 0                 0 / 0                 0 / 0                 0 / 0           ops/s
[2023-11-16T15:30:25.588+0800][gc,stats    ]       Phase: Concurrent Mark                               0.000 / 0.000         0.000 / 0.000        21.531 / 24.050       21.531 / 24.050      ms
[2023-11-16T15:30:25.588+0800][gc,stats    ]       Phase: Concurrent Mark Continue                      0.000 / 0.000         0.000 / 0.000         0.000 / 0.000         0.000 / 0.000       ms
[2023-11-16T15:30:25.588+0800][gc,stats    ]       Phase: Concurrent Mark Free                          0.000 / 0.000         0.000 / 0.000         0.001 / 0.001         0.001 / 0.001       ms
[2023-11-16T15:30:25.588+0800][gc,stats    ]       Phase: Concurrent Process Non-Strong References      0.000 / 0.000         0.000 / 0.000         1.995 / 2.420         1.995 / 2.420       ms
[2023-11-16T15:30:25.588+0800][gc,stats    ]       Phase: Concurrent Relocate                           0.000 / 0.000         0.000 / 0.000         2.883 / 2.961         2.883 / 2.961       ms
[2023-11-16T15:30:25.588+0800][gc,stats    ]       Phase: Concurrent Reset Relocation Set               0.000 / 0.000         0.000 / 0.000         0.002 / 0.004         0.002 / 0.004       ms
[2023-11-16T15:30:25.588+0800][gc,stats    ]       Phase: Concurrent Select Relocation Set              0.000 / 0.000         0.000 / 0.000         4.861 / 8.184         4.861 / 8.184       ms
[2023-11-16T15:30:25.588+0800][gc,stats    ]       Phase: Pause Mark End                                0.000 / 0.000         0.000 / 0.000         0.017 / 0.019         0.017 / 0.019       ms
[2023-11-16T15:30:25.588+0800][gc,stats    ]       Phase: Pause Mark Start                              0.000 / 0.000         0.000 / 0.000         0.023 / 0.031         0.023 / 0.031       ms
[2023-11-16T15:30:25.588+0800][gc,stats    ]       Phase: Pause Relocate Start                          0.000 / 0.000         0.000 / 0.000         0.009 / 0.009         0.009 / 0.009       ms
[2023-11-16T15:30:25.588+0800][gc,stats    ]    Subphase: Concurrent Classes Purge                      0.000 / 0.000         0.000 / 0.000         0.066 / 0.071         0.066 / 0.071       ms
[2023-11-16T15:30:25.588+0800][gc,stats    ]    Subphase: Concurrent Classes Unlink                     0.000 / 0.000         0.000 / 0.000         1.264 / 1.492         1.264 / 1.492       ms
[2023-11-16T15:30:25.588+0800][gc,stats    ]    Subphase: Concurrent Mark                               0.000 / 0.000         0.000 / 0.000        18.504 / 22.997       18.504 / 22.997      ms
[2023-11-16T15:30:25.588+0800][gc,stats    ]    Subphase: Concurrent Mark Try Flush                     0.000 / 0.000         0.000 / 0.000         0.201 / 0.455         0.201 / 0.455       ms
[2023-11-16T15:30:25.588+0800][gc,stats    ]    Subphase: Concurrent Mark Try Terminate                 0.000 / 0.000         0.000 / 0.000         4.353 / 12.985        4.353 / 12.985      ms
[2023-11-16T15:30:25.588+0800][gc,stats    ]    Subphase: Concurrent References Enqueue                 0.000 / 0.000         0.000 / 0.000         0.004 / 0.004         0.004 / 0.004       ms
[2023-11-16T15:30:25.588+0800][gc,stats    ]    Subphase: Concurrent References Process                 0.000 / 0.000         0.000 / 0.000         0.104 / 0.123         0.104 / 0.123       ms
[2023-11-16T15:30:25.588+0800][gc,stats    ]    Subphase: Concurrent Roots ClassLoaderDataGraph         0.000 / 0.000         0.000 / 0.000         0.107 / 0.428         0.107 / 0.428       ms
[2023-11-16T15:30:25.588+0800][gc,stats    ]    Subphase: Concurrent Roots CodeCache                    0.000 / 0.000         0.000 / 0.000         0.000 / 0.000         0.000 / 0.000       ms
[2023-11-16T15:30:25.588+0800][gc,stats    ]    Subphase: Concurrent Roots JavaThreads                  0.000 / 0.000         0.000 / 0.000         1.013 / 1.707         1.013 / 1.707       ms
[2023-11-16T15:30:25.588+0800][gc,stats    ]    Subphase: Concurrent Roots OopStorageSet                0.000 / 0.000         0.000 / 0.000         0.146 / 0.289         0.146 / 0.289       ms
[2023-11-16T15:30:25.588+0800][gc,stats    ]    Subphase: Concurrent Weak Roots OopStorageSet           0.000 / 0.000         0.000 / 0.000         0.440 / 0.670         0.440 / 0.670       ms
[2023-11-16T15:30:25.588+0800][gc,stats    ]    Subphase: Pause Mark Try Complete                       0.000 / 0.000         0.000 / 0.000         0.000 / 0.000         0.000 / 0.000       ms
[2023-11-16T15:30:25.588+0800][gc,stats    ]      System: Java Threads                                      0 / 0                 0 / 0                34 / 47               34 / 47          threads
[2023-11-16T15:30:25.589+0800][gc,stats    ] =========================================================================================================================================================
[2023-11-16T15:30:35.587+0800][gc,stats    ] === Garbage Collection Statistics =======================================================================================================================
[2023-11-16T15:30:35.587+0800][gc,stats    ]                                                              Last 10s              Last 10m              Last 10h                Total
[2023-11-16T15:30:35.587+0800][gc,stats    ]                                                              Avg / Max             Avg / Max             Avg / Max             Avg / Max
[2023-11-16T15:30:35.587+0800][gc,stats    ]   Collector: Garbage Collection Cycle                      0.000 / 0.000         0.000 / 0.000        32.129 / 37.536       32.129 / 37.536      ms
[2023-11-16T15:30:35.587+0800][gc,stats    ]  Contention: Mark Segment Reset Contention                     0 / 0                 0 / 0                 0 / 3                 0 / 3           ops/s
[2023-11-16T15:30:35.587+0800][gc,stats    ]  Contention: Mark SeqNum Reset Contention                      0 / 0                 0 / 0                 0 / 0                 0 / 0           ops/s
[2023-11-16T15:30:35.587+0800][gc,stats    ]    Critical: Allocation Stall                                  0 / 0                 0 / 0                 0 / 0                 0 / 0           ops/s
[2023-11-16T15:30:35.587+0800][gc,stats    ]    Critical: Allocation Stall                              0.000 / 0.000         0.000 / 0.000         0.000 / 0.000         0.000 / 0.000       ms
[2023-11-16T15:30:35.587+0800][gc,stats    ]    Critical: GC Locker Stall                                   0 / 0                 0 / 0                 0 / 0                 0 / 0           ops/s
[2023-11-16T15:30:35.587+0800][gc,stats    ]    Critical: GC Locker Stall                               0.000 / 0.000         0.000 / 0.000         0.000 / 0.000         0.000 / 0.000       ms
[2023-11-16T15:30:35.587+0800][gc,stats    ]    Critical: Relocation Stall                                  0 / 0                 0 / 0                 0 / 0                 0 / 0           ops/s
[2023-11-16T15:30:35.587+0800][gc,stats    ]    Critical: Relocation Stall                              0.000 / 0.000         0.000 / 0.000         0.000 / 0.000         0.000 / 0.000       ms
[2023-11-16T15:30:35.587+0800][gc,stats    ]      Memory: Allocation Rate                                   0 / 0                 0 / 0                 0 / 82                0 / 82          MB/s
[2023-11-16T15:30:35.587+0800][gc,stats    ]      Memory: Defragment                                        0 / 0                 0 / 0                 0 / 0                 0 / 0           ops/s
[2023-11-16T15:30:35.587+0800][gc,stats    ]      Memory: Out Of Memory                                     0 / 0                 0 / 0                 0 / 0                 0 / 0           ops/s
[2023-11-16T15:30:35.587+0800][gc,stats    ]      Memory: Page Cache Flush                                  0 / 0                 0 / 0                 0 / 0                 0 / 0           MB/s
[2023-11-16T15:30:35.587+0800][gc,stats    ]      Memory: Page Cache Hit L1                                 0 / 0                 0 / 0                 0 / 33                0 / 33          ops/s
[2023-11-16T15:30:35.587+0800][gc,stats    ]      Memory: Page Cache Hit L2                                 0 / 0                 0 / 0                 0 / 0                 0 / 0           ops/s
[2023-11-16T15:30:35.587+0800][gc,stats    ]      Memory: Page Cache Hit L3                                 0 / 0                 0 / 0                 0 / 41                0 / 41          ops/s
[2023-11-16T15:30:35.587+0800][gc,stats    ]      Memory: Page Cache Miss                                   0 / 0                 0 / 0                 0 / 1                 0 / 1           ops/s
[2023-11-16T15:30:35.587+0800][gc,stats    ]      Memory: Uncommit                                          0 / 0                 0 / 0                 0 / 0                 0 / 0           MB/s
[2023-11-16T15:30:35.587+0800][gc,stats    ]      Memory: Undo Object Allocation Failed                     0 / 0                 0 / 0                 0 / 0                 0 / 0           ops/s
[2023-11-16T15:30:35.587+0800][gc,stats    ]      Memory: Undo Object Allocation Succeeded                  0 / 0                 0 / 0                 0 / 3                 0 / 3           ops/s
[2023-11-16T15:30:35.587+0800][gc,stats    ]      Memory: Undo Page Allocation                              0 / 0                 0 / 0                 0 / 0                 0 / 0           ops/s
[2023-11-16T15:30:35.587+0800][gc,stats    ]       Phase: Concurrent Mark                               0.000 / 0.000         0.000 / 0.000        21.531 / 24.050       21.531 / 24.050      ms
[2023-11-16T15:30:35.587+0800][gc,stats    ]       Phase: Concurrent Mark Continue                      0.000 / 0.000         0.000 / 0.000         0.000 / 0.000         0.000 / 0.000       ms
[2023-11-16T15:30:35.587+0800][gc,stats    ]       Phase: Concurrent Mark Free                          0.000 / 0.000         0.000 / 0.000         0.001 / 0.001         0.001 / 0.001       ms
[2023-11-16T15:30:35.587+0800][gc,stats    ]       Phase: Concurrent Process Non-Strong References      0.000 / 0.000         0.000 / 0.000         1.995 / 2.420         1.995 / 2.420       ms
[2023-11-16T15:30:35.587+0800][gc,stats    ]       Phase: Concurrent Relocate                           0.000 / 0.000         0.000 / 0.000         2.883 / 2.961         2.883 / 2.961       ms
[2023-11-16T15:30:35.587+0800][gc,stats    ]       Phase: Concurrent Reset Relocation Set               0.000 / 0.000         0.000 / 0.000         0.002 / 0.004         0.002 / 0.004       ms
[2023-11-16T15:30:35.587+0800][gc,stats    ]       Phase: Concurrent Select Relocation Set              0.000 / 0.000         0.000 / 0.000         4.861 / 8.184         4.861 / 8.184       ms
[2023-11-16T15:30:35.587+0800][gc,stats    ]       Phase: Pause Mark End                                0.000 / 0.000         0.000 / 0.000         0.017 / 0.019         0.017 / 0.019       ms
[2023-11-16T15:30:35.587+0800][gc,stats    ]       Phase: Pause Mark Start                              0.000 / 0.000         0.000 / 0.000         0.023 / 0.031         0.023 / 0.031       ms
[2023-11-16T15:30:35.587+0800][gc,stats    ]       Phase: Pause Relocate Start                          0.000 / 0.000         0.000 / 0.000         0.009 / 0.009         0.009 / 0.009       ms
[2023-11-16T15:30:35.587+0800][gc,stats    ]    Subphase: Concurrent Classes Purge                      0.000 / 0.000         0.000 / 0.000         0.066 / 0.071         0.066 / 0.071       ms
[2023-11-16T15:30:35.587+0800][gc,stats    ]    Subphase: Concurrent Classes Unlink                     0.000 / 0.000         0.000 / 0.000         1.264 / 1.492         1.264 / 1.492       ms
[2023-11-16T15:30:35.587+0800][gc,stats    ]    Subphase: Concurrent Mark                               0.000 / 0.000         0.000 / 0.000        18.504 / 22.997       18.504 / 22.997      ms
[2023-11-16T15:30:35.587+0800][gc,stats    ]    Subphase: Concurrent Mark Try Flush                     0.000 / 0.000         0.000 / 0.000         0.201 / 0.455         0.201 / 0.455       ms
[2023-11-16T15:30:35.587+0800][gc,stats    ]    Subphase: Concurrent Mark Try Terminate                 0.000 / 0.000         0.000 / 0.000         4.353 / 12.985        4.353 / 12.985      ms
[2023-11-16T15:30:35.587+0800][gc,stats    ]    Subphase: Concurrent References Enqueue                 0.000 / 0.000         0.000 / 0.000         0.004 / 0.004         0.004 / 0.004       ms
[2023-11-16T15:30:35.587+0800][gc,stats    ]    Subphase: Concurrent References Process                 0.000 / 0.000         0.000 / 0.000         0.104 / 0.123         0.104 / 0.123       ms
[2023-11-16T15:30:35.587+0800][gc,stats    ]    Subphase: Concurrent Roots ClassLoaderDataGraph         0.000 / 0.000         0.000 / 0.000         0.107 / 0.428         0.107 / 0.428       ms
[2023-11-16T15:30:35.587+0800][gc,stats    ]    Subphase: Concurrent Roots CodeCache                    0.000 / 0.000         0.000 / 0.000         0.000 / 0.000         0.000 / 0.000       ms
[2023-11-16T15:30:35.587+0800][gc,stats    ]    Subphase: Concurrent Roots JavaThreads                  0.000 / 0.000         0.000 / 0.000         1.013 / 1.707         1.013 / 1.707       ms
[2023-11-16T15:30:35.587+0800][gc,stats    ]    Subphase: Concurrent Roots OopStorageSet                0.000 / 0.000         0.000 / 0.000         0.146 / 0.289         0.146 / 0.289       ms
[2023-11-16T15:30:35.587+0800][gc,stats    ]    Subphase: Concurrent Weak Roots OopStorageSet           0.000 / 0.000         0.000 / 0.000         0.440 / 0.670         0.440 / 0.670       ms
[2023-11-16T15:30:35.587+0800][gc,stats    ]    Subphase: Pause Mark Try Complete                       0.000 / 0.000         0.000 / 0.000         0.000 / 0.000         0.000 / 0.000       ms
[2023-11-16T15:30:35.587+0800][gc,stats    ]      System: Java Threads                                      0 / 0                 0 / 0                34 / 47               34 / 47          threads
[2023-11-16T15:30:35.587+0800][gc,stats    ] =========================================================================================================================================================
[2023-11-16T15:30:45.576+0800][gc,stats    ] === Garbage Collection Statistics =======================================================================================================================
[2023-11-16T15:30:45.576+0800][gc,stats    ]                                                              Last 10s              Last 10m              Last 10h                Total
[2023-11-16T15:30:45.576+0800][gc,stats    ]                                                              Avg / Max             Avg / Max             Avg / Max             Avg / Max
[2023-11-16T15:30:45.576+0800][gc,stats    ]   Collector: Garbage Collection Cycle                      0.000 / 0.000         0.000 / 0.000        32.129 / 37.536       32.129 / 37.536      ms
[2023-11-16T15:30:45.576+0800][gc,stats    ]  Contention: Mark Segment Reset Contention                     0 / 0                 0 / 0                 0 / 3                 0 / 3           ops/s
[2023-11-16T15:30:45.576+0800][gc,stats    ]  Contention: Mark SeqNum Reset Contention                      0 / 0                 0 / 0                 0 / 0                 0 / 0           ops/s
[2023-11-16T15:30:45.576+0800][gc,stats    ]    Critical: Allocation Stall                                  0 / 0                 0 / 0                 0 / 0                 0 / 0           ops/s
[2023-11-16T15:30:45.576+0800][gc,stats    ]    Critical: Allocation Stall                              0.000 / 0.000         0.000 / 0.000         0.000 / 0.000         0.000 / 0.000       ms
[2023-11-16T15:30:45.576+0800][gc,stats    ]    Critical: GC Locker Stall                                   0 / 0                 0 / 0                 0 / 0                 0 / 0           ops/s
[2023-11-16T15:30:45.577+0800][gc,stats    ]    Critical: GC Locker Stall                               0.000 / 0.000         0.000 / 0.000         0.000 / 0.000         0.000 / 0.000       ms
[2023-11-16T15:30:45.577+0800][gc,stats    ]    Critical: Relocation Stall                                  0 / 0                 0 / 0                 0 / 0                 0 / 0           ops/s
[2023-11-16T15:30:45.577+0800][gc,stats    ]    Critical: Relocation Stall                              0.000 / 0.000         0.000 / 0.000         0.000 / 0.000         0.000 / 0.000       ms
[2023-11-16T15:30:45.577+0800][gc,stats    ]      Memory: Allocation Rate                                   0 / 0                 0 / 0                 0 / 82                0 / 82          MB/s
[2023-11-16T15:30:45.577+0800][gc,stats    ]      Memory: Defragment                                        0 / 0                 0 / 0                 0 / 0                 0 / 0           ops/s
[2023-11-16T15:30:45.577+0800][gc,stats    ]      Memory: Out Of Memory                                     0 / 0                 0 / 0                 0 / 0                 0 / 0           ops/s
[2023-11-16T15:30:45.577+0800][gc,stats    ]      Memory: Page Cache Flush                                  0 / 0                 0 / 0                 0 / 0                 0 / 0           MB/s
[2023-11-16T15:30:45.577+0800][gc,stats    ]      Memory: Page Cache Hit L1                                 0 / 0                 0 / 0                 0 / 33                0 / 33          ops/s
[2023-11-16T15:30:45.577+0800][gc,stats    ]      Memory: Page Cache Hit L2                                 0 / 0                 0 / 0                 0 / 0                 0 / 0           ops/s
[2023-11-16T15:30:45.577+0800][gc,stats    ]      Memory: Page Cache Hit L3                                 0 / 0                 0 / 0                 0 / 41                0 / 41          ops/s
[2023-11-16T15:30:45.577+0800][gc,stats    ]      Memory: Page Cache Miss                                   0 / 0                 0 / 0                 0 / 1                 0 / 1           ops/s
[2023-11-16T15:30:45.577+0800][gc,stats    ]      Memory: Uncommit                                          0 / 0                 0 / 0                 0 / 0                 0 / 0           MB/s
[2023-11-16T15:30:45.577+0800][gc,stats    ]      Memory: Undo Object Allocation Failed                     0 / 0                 0 / 0                 0 / 0                 0 / 0           ops/s
[2023-11-16T15:30:45.577+0800][gc,stats    ]      Memory: Undo Object Allocation Succeeded                  0 / 0                 0 / 0                 0 / 3                 0 / 3           ops/s
[2023-11-16T15:30:45.577+0800][gc,stats    ]      Memory: Undo Page Allocation                              0 / 0                 0 / 0                 0 / 0                 0 / 0           ops/s
[2023-11-16T15:30:45.577+0800][gc,stats    ]       Phase: Concurrent Mark                               0.000 / 0.000         0.000 / 0.000        21.531 / 24.050       21.531 / 24.050      ms
[2023-11-16T15:30:45.577+0800][gc,stats    ]       Phase: Concurrent Mark Continue                      0.000 / 0.000         0.000 / 0.000         0.000 / 0.000         0.000 / 0.000       ms
[2023-11-16T15:30:45.577+0800][gc,stats    ]       Phase: Concurrent Mark Free                          0.000 / 0.000         0.000 / 0.000         0.001 / 0.001         0.001 / 0.001       ms
[2023-11-16T15:30:45.577+0800][gc,stats    ]       Phase: Concurrent Process Non-Strong References      0.000 / 0.000         0.000 / 0.000         1.995 / 2.420         1.995 / 2.420       ms
[2023-11-16T15:30:45.577+0800][gc,stats    ]       Phase: Concurrent Relocate                           0.000 / 0.000         0.000 / 0.000         2.883 / 2.961         2.883 / 2.961       ms
[2023-11-16T15:30:45.577+0800][gc,stats    ]       Phase: Concurrent Reset Relocation Set               0.000 / 0.000         0.000 / 0.000         0.002 / 0.004         0.002 / 0.004       ms
[2023-11-16T15:30:45.577+0800][gc,stats    ]       Phase: Concurrent Select Relocation Set              0.000 / 0.000         0.000 / 0.000         4.861 / 8.184         4.861 / 8.184       ms
[2023-11-16T15:30:45.577+0800][gc,stats    ]       Phase: Pause Mark End                                0.000 / 0.000         0.000 / 0.000         0.017 / 0.019         0.017 / 0.019       ms
[2023-11-16T15:30:45.577+0800][gc,stats    ]       Phase: Pause Mark Start                              0.000 / 0.000         0.000 / 0.000         0.023 / 0.031         0.023 / 0.031       ms
[2023-11-16T15:30:45.577+0800][gc,stats    ]       Phase: Pause Relocate Start                          0.000 / 0.000         0.000 / 0.000         0.009 / 0.009         0.009 / 0.009       ms
[2023-11-16T15:30:45.577+0800][gc,stats    ]    Subphase: Concurrent Classes Purge                      0.000 / 0.000         0.000 / 0.000         0.066 / 0.071         0.066 / 0.071       ms
[2023-11-16T15:30:45.577+0800][gc,stats    ]    Subphase: Concurrent Classes Unlink                     0.000 / 0.000         0.000 / 0.000         1.264 / 1.492         1.264 / 1.492       ms
[2023-11-16T15:30:45.577+0800][gc,stats    ]    Subphase: Concurrent Mark                               0.000 / 0.000         0.000 / 0.000        18.504 / 22.997       18.504 / 22.997      ms
[2023-11-16T15:30:45.577+0800][gc,stats    ]    Subphase: Concurrent Mark Try Flush                     0.000 / 0.000         0.000 / 0.000         0.201 / 0.455         0.201 / 0.455       ms
[2023-11-16T15:30:45.577+0800][gc,stats    ]    Subphase: Concurrent Mark Try Terminate                 0.000 / 0.000         0.000 / 0.000         4.353 / 12.985        4.353 / 12.985      ms
[2023-11-16T15:30:45.577+0800][gc,stats    ]    Subphase: Concurrent References Enqueue                 0.000 / 0.000         0.000 / 0.000         0.004 / 0.004         0.004 / 0.004       ms
[2023-11-16T15:30:45.577+0800][gc,stats    ]    Subphase: Concurrent References Process                 0.000 / 0.000         0.000 / 0.000         0.104 / 0.123         0.104 / 0.123       ms
[2023-11-16T15:30:45.577+0800][gc,stats    ]    Subphase: Concurrent Roots ClassLoaderDataGraph         0.000 / 0.000         0.000 / 0.000         0.107 / 0.428         0.107 / 0.428       ms
[2023-11-16T15:30:45.577+0800][gc,stats    ]    Subphase: Concurrent Roots CodeCache                    0.000 / 0.000         0.000 / 0.000         0.000 / 0.000         0.000 / 0.000       ms
[2023-11-16T15:30:45.577+0800][gc,stats    ]    Subphase: Concurrent Roots JavaThreads                  0.000 / 0.000         0.000 / 0.000         1.013 / 1.707         1.013 / 1.707       ms
[2023-11-16T15:30:45.577+0800][gc,stats    ]    Subphase: Concurrent Roots OopStorageSet                0.000 / 0.000         0.000 / 0.000         0.146 / 0.289         0.146 / 0.289       ms
[2023-11-16T15:30:45.577+0800][gc,stats    ]    Subphase: Concurrent Weak Roots OopStorageSet           0.000 / 0.000         0.000 / 0.000         0.440 / 0.670         0.440 / 0.670       ms
[2023-11-16T15:30:45.577+0800][gc,stats    ]    Subphase: Pause Mark Try Complete                       0.000 / 0.000         0.000 / 0.000         0.000 / 0.000         0.000 / 0.000       ms
[2023-11-16T15:30:45.577+0800][gc,stats    ]      System: Java Threads                                      0 / 0                 0 / 0                34 / 47               34 / 47          threads
[2023-11-16T15:30:45.577+0800][gc,stats    ] =========================================================================================================================================================
[2023-11-16T15:30:55.585+0800][gc,stats    ] === Garbage Collection Statistics =======================================================================================================================
[2023-11-16T15:30:55.585+0800][gc,stats    ]                                                              Last 10s              Last 10m              Last 10h                Total
[2023-11-16T15:30:55.585+0800][gc,stats    ]                                                              Avg / Max             Avg / Max             Avg / Max             Avg / Max
[2023-11-16T15:30:55.585+0800][gc,stats    ]   Collector: Garbage Collection Cycle                      0.000 / 0.000         0.000 / 0.000        32.129 / 37.536       32.129 / 37.536      ms
[2023-11-16T15:30:55.585+0800][gc,stats    ]  Contention: Mark Segment Reset Contention                     0 / 0                 0 / 0                 0 / 3                 0 / 3           ops/s
[2023-11-16T15:30:55.585+0800][gc,stats    ]  Contention: Mark SeqNum Reset Contention                      0 / 0                 0 / 0                 0 / 0                 0 / 0           ops/s
[2023-11-16T15:30:55.585+0800][gc,stats    ]    Critical: Allocation Stall                                  0 / 0                 0 / 0                 0 / 0                 0 / 0           ops/s
[2023-11-16T15:30:55.585+0800][gc,stats    ]    Critical: Allocation Stall                              0.000 / 0.000         0.000 / 0.000         0.000 / 0.000         0.000 / 0.000       ms
[2023-11-16T15:30:55.585+0800][gc,stats    ]    Critical: GC Locker Stall                                   0 / 0                 0 / 0                 0 / 0                 0 / 0           ops/s
[2023-11-16T15:30:55.585+0800][gc,stats    ]    Critical: GC Locker Stall                               0.000 / 0.000         0.000 / 0.000         0.000 / 0.000         0.000 / 0.000       ms
[2023-11-16T15:30:55.585+0800][gc,stats    ]    Critical: Relocation Stall                                  0 / 0                 0 / 0                 0 / 0                 0 / 0           ops/s
[2023-11-16T15:30:55.585+0800][gc,stats    ]    Critical: Relocation Stall                              0.000 / 0.000         0.000 / 0.000         0.000 / 0.000         0.000 / 0.000       ms
[2023-11-16T15:30:55.585+0800][gc,stats    ]      Memory: Allocation Rate                                   0 / 0                 0 / 0                 0 / 82                0 / 82          MB/s
[2023-11-16T15:30:55.585+0800][gc,stats    ]      Memory: Defragment                                        0 / 0                 0 / 0                 0 / 0                 0 / 0           ops/s
[2023-11-16T15:30:55.585+0800][gc,stats    ]      Memory: Out Of Memory                                     0 / 0                 0 / 0                 0 / 0                 0 / 0           ops/s
[2023-11-16T15:30:55.585+0800][gc,stats    ]      Memory: Page Cache Flush                                  0 / 0                 0 / 0                 0 / 0                 0 / 0           MB/s
[2023-11-16T15:30:55.585+0800][gc,stats    ]      Memory: Page Cache Hit L1                                 0 / 0                 0 / 0                 0 / 33                0 / 33          ops/s
[2023-11-16T15:30:55.585+0800][gc,stats    ]      Memory: Page Cache Hit L2                                 0 / 0                 0 / 0                 0 / 0                 0 / 0           ops/s
[2023-11-16T15:30:55.585+0800][gc,stats    ]      Memory: Page Cache Hit L3                                 0 / 0                 0 / 0                 0 / 41                0 / 41          ops/s
[2023-11-16T15:30:55.585+0800][gc,stats    ]      Memory: Page Cache Miss                                   0 / 0                 0 / 0                 0 / 1                 0 / 1           ops/s
[2023-11-16T15:30:55.585+0800][gc,stats    ]      Memory: Uncommit                                          0 / 0                 0 / 0                 0 / 0                 0 / 0           MB/s
[2023-11-16T15:30:55.585+0800][gc,stats    ]      Memory: Undo Object Allocation Failed                     0 / 0                 0 / 0                 0 / 0                 0 / 0           ops/s
[2023-11-16T15:30:55.585+0800][gc,stats    ]      Memory: Undo Object Allocation Succeeded                  0 / 0                 0 / 0                 0 / 3                 0 / 3           ops/s
[2023-11-16T15:30:55.585+0800][gc,stats    ]      Memory: Undo Page Allocation                              0 / 0                 0 / 0                 0 / 0                 0 / 0           ops/s
[2023-11-16T15:30:55.585+0800][gc,stats    ]       Phase: Concurrent Mark                               0.000 / 0.000         0.000 / 0.000        21.531 / 24.050       21.531 / 24.050      ms
[2023-11-16T15:30:55.585+0800][gc,stats    ]       Phase: Concurrent Mark Continue                      0.000 / 0.000         0.000 / 0.000         0.000 / 0.000         0.000 / 0.000       ms
[2023-11-16T15:30:55.585+0800][gc,stats    ]       Phase: Concurrent Mark Free                          0.000 / 0.000         0.000 / 0.000         0.001 / 0.001         0.001 / 0.001       ms
[2023-11-16T15:30:55.585+0800][gc,stats    ]       Phase: Concurrent Process Non-Strong References      0.000 / 0.000         0.000 / 0.000         1.995 / 2.420         1.995 / 2.420       ms
[2023-11-16T15:30:55.585+0800][gc,stats    ]       Phase: Concurrent Relocate                           0.000 / 0.000         0.000 / 0.000         2.883 / 2.961         2.883 / 2.961       ms
[2023-11-16T15:30:55.585+0800][gc,stats    ]       Phase: Concurrent Reset Relocation Set               0.000 / 0.000         0.000 / 0.000         0.002 / 0.004         0.002 / 0.004       ms
[2023-11-16T15:30:55.585+0800][gc,stats    ]       Phase: Concurrent Select Relocation Set              0.000 / 0.000         0.000 / 0.000         4.861 / 8.184         4.861 / 8.184       ms
[2023-11-16T15:30:55.585+0800][gc,stats    ]       Phase: Pause Mark End                                0.000 / 0.000         0.000 / 0.000         0.017 / 0.019         0.017 / 0.019       ms
[2023-11-16T15:30:55.585+0800][gc,stats    ]       Phase: Pause Mark Start                              0.000 / 0.000         0.000 / 0.000         0.023 / 0.031         0.023 / 0.031       ms
[2023-11-16T15:30:55.585+0800][gc,stats    ]       Phase: Pause Relocate Start                          0.000 / 0.000         0.000 / 0.000         0.009 / 0.009         0.009 / 0.009       ms
[2023-11-16T15:30:55.585+0800][gc,stats    ]    Subphase: Concurrent Classes Purge                      0.000 / 0.000         0.000 / 0.000         0.066 / 0.071         0.066 / 0.071       ms
[2023-11-16T15:30:55.585+0800][gc,stats    ]    Subphase: Concurrent Classes Unlink                     0.000 / 0.000         0.000 / 0.000         1.264 / 1.492         1.264 / 1.492       ms
[2023-11-16T15:30:55.585+0800][gc,stats    ]    Subphase: Concurrent Mark                               0.000 / 0.000         0.000 / 0.000        18.504 / 22.997       18.504 / 22.997      ms
[2023-11-16T15:30:55.585+0800][gc,stats    ]    Subphase: Concurrent Mark Try Flush                     0.000 / 0.000         0.000 / 0.000         0.201 / 0.455         0.201 / 0.455       ms
[2023-11-16T15:30:55.585+0800][gc,stats    ]    Subphase: Concurrent Mark Try Terminate                 0.000 / 0.000         0.000 / 0.000         4.353 / 12.985        4.353 / 12.985      ms
[2023-11-16T15:30:55.585+0800][gc,stats    ]    Subphase: Concurrent References Enqueue                 0.000 / 0.000         0.000 / 0.000         0.004 / 0.004         0.004 / 0.004       ms
[2023-11-16T15:30:55.585+0800][gc,stats    ]    Subphase: Concurrent References Process                 0.000 / 0.000         0.000 / 0.000         0.104 / 0.123         0.104 / 0.123       ms
[2023-11-16T15:30:55.585+0800][gc,stats    ]    Subphase: Concurrent Roots ClassLoaderDataGraph         0.000 / 0.000         0.000 / 0.000         0.107 / 0.428         0.107 / 0.428       ms
[2023-11-16T15:30:55.585+0800][gc,stats    ]    Subphase: Concurrent Roots CodeCache                    0.000 / 0.000         0.000 / 0.000         0.000 / 0.000         0.000 / 0.000       ms
[2023-11-16T15:30:55.585+0800][gc,stats    ]    Subphase: Concurrent Roots JavaThreads                  0.000 / 0.000         0.000 / 0.000         1.013 / 1.707         1.013 / 1.707       ms
[2023-11-16T15:30:55.585+0800][gc,stats    ]    Subphase: Concurrent Roots OopStorageSet                0.000 / 0.000         0.000 / 0.000         0.146 / 0.289         0.146 / 0.289       ms
[2023-11-16T15:30:55.585+0800][gc,stats    ]    Subphase: Concurrent Weak Roots OopStorageSet           0.000 / 0.000         0.000 / 0.000         0.440 / 0.670         0.440 / 0.670       ms
[2023-11-16T15:30:55.585+0800][gc,stats    ]    Subphase: Pause Mark Try Complete                       0.000 / 0.000         0.000 / 0.000         0.000 / 0.000         0.000 / 0.000       ms
[2023-11-16T15:30:55.585+0800][gc,stats    ]      System: Java Threads                                      0 / 0                 0 / 0                34 / 47               34 / 47          threads
[2023-11-16T15:30:55.585+0800][gc,stats    ] =========================================================================================================================================================
[2023-11-16T15:31:05.578+0800][gc,stats    ] === Garbage Collection Statistics =======================================================================================================================
[2023-11-16T15:31:05.578+0800][gc,stats    ]                                                              Last 10s              Last 10m              Last 10h                Total
[2023-11-16T15:31:05.578+0800][gc,stats    ]                                                              Avg / Max             Avg / Max             Avg / Max             Avg / Max
[2023-11-16T15:31:05.578+0800][gc,stats    ]   Collector: Garbage Collection Cycle                      0.000 / 0.000         0.000 / 0.000        32.129 / 37.536       32.129 / 37.536      ms
[2023-11-16T15:31:05.578+0800][gc,stats    ]  Contention: Mark Segment Reset Contention                     0 / 0                 0 / 0                 0 / 3                 0 / 3           ops/s
[2023-11-16T15:31:05.578+0800][gc,stats    ]  Contention: Mark SeqNum Reset Contention                      0 / 0                 0 / 0                 0 / 0                 0 / 0           ops/s
[2023-11-16T15:31:05.578+0800][gc,stats    ]    Critical: Allocation Stall                                  0 / 0                 0 / 0                 0 / 0                 0 / 0           ops/s
[2023-11-16T15:31:05.578+0800][gc,stats    ]    Critical: Allocation Stall                              0.000 / 0.000         0.000 / 0.000         0.000 / 0.000         0.000 / 0.000       ms
[2023-11-16T15:31:05.578+0800][gc,stats    ]    Critical: GC Locker Stall                                   0 / 0                 0 / 0                 0 / 0                 0 / 0           ops/s
[2023-11-16T15:31:05.578+0800][gc,stats    ]    Critical: GC Locker Stall                               0.000 / 0.000         0.000 / 0.000         0.000 / 0.000         0.000 / 0.000       ms
[2023-11-16T15:31:05.578+0800][gc,stats    ]    Critical: Relocation Stall                                  0 / 0                 0 / 0                 0 / 0                 0 / 0           ops/s
[2023-11-16T15:31:05.578+0800][gc,stats    ]    Critical: Relocation Stall                              0.000 / 0.000         0.000 / 0.000         0.000 / 0.000         0.000 / 0.000       ms
[2023-11-16T15:31:05.578+0800][gc,stats    ]      Memory: Allocation Rate                                   0 / 0                 0 / 0                 0 / 82                0 / 82          MB/s
[2023-11-16T15:31:05.578+0800][gc,stats    ]      Memory: Defragment                                        0 / 0                 0 / 0                 0 / 0                 0 / 0           ops/s
[2023-11-16T15:31:05.578+0800][gc,stats    ]      Memory: Out Of Memory                                     0 / 0                 0 / 0                 0 / 0                 0 / 0           ops/s
[2023-11-16T15:31:05.578+0800][gc,stats    ]      Memory: Page Cache Flush                                  0 / 0                 0 / 0                 0 / 0                 0 / 0           MB/s
[2023-11-16T15:31:05.578+0800][gc,stats    ]      Memory: Page Cache Hit L1                                 0 / 0                 0 / 0                 0 / 33                0 / 33          ops/s
[2023-11-16T15:31:05.578+0800][gc,stats    ]      Memory: Page Cache Hit L2                                 0 / 0                 0 / 0                 0 / 0                 0 / 0           ops/s
[2023-11-16T15:31:05.578+0800][gc,stats    ]      Memory: Page Cache Hit L3                                 0 / 0                 0 / 0                 0 / 41                0 / 41          ops/s
[2023-11-16T15:31:05.578+0800][gc,stats    ]      Memory: Page Cache Miss                                   0 / 0                 0 / 0                 0 / 1                 0 / 1           ops/s
[2023-11-16T15:31:05.578+0800][gc,stats    ]      Memory: Uncommit                                          0 / 0                 0 / 0                 0 / 0                 0 / 0           MB/s
[2023-11-16T15:31:05.578+0800][gc,stats    ]      Memory: Undo Object Allocation Failed                     0 / 0                 0 / 0                 0 / 0                 0 / 0           ops/s
[2023-11-16T15:31:05.578+0800][gc,stats    ]      Memory: Undo Object Allocation Succeeded                  0 / 0                 0 / 0                 0 / 3                 0 / 3           ops/s
[2023-11-16T15:31:05.578+0800][gc,stats    ]      Memory: Undo Page Allocation                              0 / 0                 0 / 0                 0 / 0                 0 / 0           ops/s
[2023-11-16T15:31:05.578+0800][gc,stats    ]       Phase: Concurrent Mark                               0.000 / 0.000         0.000 / 0.000        21.531 / 24.050       21.531 / 24.050      ms
[2023-11-16T15:31:05.578+0800][gc,stats    ]       Phase: Concurrent Mark Continue                      0.000 / 0.000         0.000 / 0.000         0.000 / 0.000         0.000 / 0.000       ms
[2023-11-16T15:31:05.578+0800][gc,stats    ]       Phase: Concurrent Mark Free                          0.000 / 0.000         0.000 / 0.000         0.001 / 0.001         0.001 / 0.001       ms
[2023-11-16T15:31:05.578+0800][gc,stats    ]       Phase: Concurrent Process Non-Strong References      0.000 / 0.000         0.000 / 0.000         1.995 / 2.420         1.995 / 2.420       ms
[2023-11-16T15:31:05.578+0800][gc,stats    ]       Phase: Concurrent Relocate                           0.000 / 0.000         0.000 / 0.000         2.883 / 2.961         2.883 / 2.961       ms
[2023-11-16T15:31:05.578+0800][gc,stats    ]       Phase: Concurrent Reset Relocation Set               0.000 / 0.000         0.000 / 0.000         0.002 / 0.004         0.002 / 0.004       ms
[2023-11-16T15:31:05.578+0800][gc,stats    ]       Phase: Concurrent Select Relocation Set              0.000 / 0.000         0.000 / 0.000         4.861 / 8.184         4.861 / 8.184       ms
[2023-11-16T15:31:05.578+0800][gc,stats    ]       Phase: Pause Mark End                                0.000 / 0.000         0.000 / 0.000         0.017 / 0.019         0.017 / 0.019       ms
[2023-11-16T15:31:05.578+0800][gc,stats    ]       Phase: Pause Mark Start                              0.000 / 0.000         0.000 / 0.000         0.023 / 0.031         0.023 / 0.031       ms
[2023-11-16T15:31:05.578+0800][gc,stats    ]       Phase: Pause Relocate Start                          0.000 / 0.000         0.000 / 0.000         0.009 / 0.009         0.009 / 0.009       ms
[2023-11-16T15:31:05.578+0800][gc,stats    ]    Subphase: Concurrent Classes Purge                      0.000 / 0.000         0.000 / 0.000         0.066 / 0.071         0.066 / 0.071       ms
[2023-11-16T15:31:05.578+0800][gc,stats    ]    Subphase: Concurrent Classes Unlink                     0.000 / 0.000         0.000 / 0.000         1.264 / 1.492         1.264 / 1.492       ms
[2023-11-16T15:31:05.578+0800][gc,stats    ]    Subphase: Concurrent Mark                               0.000 / 0.000         0.000 / 0.000        18.504 / 22.997       18.504 / 22.997      ms
[2023-11-16T15:31:05.578+0800][gc,stats    ]    Subphase: Concurrent Mark Try Flush                     0.000 / 0.000         0.000 / 0.000         0.201 / 0.455         0.201 / 0.455       ms
[2023-11-16T15:31:05.578+0800][gc,stats    ]    Subphase: Concurrent Mark Try Terminate                 0.000 / 0.000         0.000 / 0.000         4.353 / 12.985        4.353 / 12.985      ms
[2023-11-16T15:31:05.578+0800][gc,stats    ]    Subphase: Concurrent References Enqueue                 0.000 / 0.000         0.000 / 0.000         0.004 / 0.004         0.004 / 0.004       ms
[2023-11-16T15:31:05.578+0800][gc,stats    ]    Subphase: Concurrent References Process                 0.000 / 0.000         0.000 / 0.000         0.104 / 0.123         0.104 / 0.123       ms
[2023-11-16T15:31:05.578+0800][gc,stats    ]    Subphase: Concurrent Roots ClassLoaderDataGraph         0.000 / 0.000         0.000 / 0.000         0.107 / 0.428         0.107 / 0.428       ms
[2023-11-16T15:31:05.578+0800][gc,stats    ]    Subphase: Concurrent Roots CodeCache                    0.000 / 0.000         0.000 / 0.000         0.000 / 0.000         0.000 / 0.000       ms
[2023-11-16T15:31:05.578+0800][gc,stats    ]    Subphase: Concurrent Roots JavaThreads                  0.000 / 0.000         0.000 / 0.000         1.013 / 1.707         1.013 / 1.707       ms
[2023-11-16T15:31:05.579+0800][gc,stats    ]    Subphase: Concurrent Roots OopStorageSet                0.000 / 0.000         0.000 / 0.000         0.146 / 0.289         0.146 / 0.289       ms
[2023-11-16T15:31:05.579+0800][gc,stats    ]    Subphase: Concurrent Weak Roots OopStorageSet           0.000 / 0.000         0.000 / 0.000         0.440 / 0.670         0.440 / 0.670       ms
[2023-11-16T15:31:05.579+0800][gc,stats    ]    Subphase: Pause Mark Try Complete                       0.000 / 0.000         0.000 / 0.000         0.000 / 0.000         0.000 / 0.000       ms
[2023-11-16T15:31:05.579+0800][gc,stats    ]      System: Java Threads                                      0 / 0                 0 / 0                34 / 47               34 / 47          threads
[2023-11-16T15:31:05.579+0800][gc,stats    ] =========================================================================================================================================================
[2023-11-16T15:31:15.579+0800][gc,stats    ] === Garbage Collection Statistics =======================================================================================================================
[2023-11-16T15:31:15.579+0800][gc,stats    ]                                                              Last 10s              Last 10m              Last 10h                Total
[2023-11-16T15:31:15.579+0800][gc,stats    ]                                                              Avg / Max             Avg / Max             Avg / Max             Avg / Max
[2023-11-16T15:31:15.579+0800][gc,stats    ]   Collector: Garbage Collection Cycle                      0.000 / 0.000         0.000 / 0.000        32.129 / 37.536       32.129 / 37.536      ms
[2023-11-16T15:31:15.579+0800][gc,stats    ]  Contention: Mark Segment Reset Contention                     0 / 0                 0 / 0                 0 / 3                 0 / 3           ops/s
[2023-11-16T15:31:15.579+0800][gc,stats    ]  Contention: Mark SeqNum Reset Contention                      0 / 0                 0 / 0                 0 / 0                 0 / 0           ops/s
[2023-11-16T15:31:15.579+0800][gc,stats    ]    Critical: Allocation Stall                                  0 / 0                 0 / 0                 0 / 0                 0 / 0           ops/s
[2023-11-16T15:31:15.579+0800][gc,stats    ]    Critical: Allocation Stall                              0.000 / 0.000         0.000 / 0.000         0.000 / 0.000         0.000 / 0.000       ms
[2023-11-16T15:31:15.579+0800][gc,stats    ]    Critical: GC Locker Stall                                   0 / 0                 0 / 0                 0 / 0                 0 / 0           ops/s
[2023-11-16T15:31:15.579+0800][gc,stats    ]    Critical: GC Locker Stall                               0.000 / 0.000         0.000 / 0.000         0.000 / 0.000         0.000 / 0.000       ms
[2023-11-16T15:31:15.579+0800][gc,stats    ]    Critical: Relocation Stall                                  0 / 0                 0 / 0                 0 / 0                 0 / 0           ops/s
[2023-11-16T15:31:15.579+0800][gc,stats    ]    Critical: Relocation Stall                              0.000 / 0.000         0.000 / 0.000         0.000 / 0.000         0.000 / 0.000       ms
[2023-11-16T15:31:15.579+0800][gc,stats    ]      Memory: Allocation Rate                                   0 / 0                 0 / 0                 0 / 82                0 / 82          MB/s
[2023-11-16T15:31:15.579+0800][gc,stats    ]      Memory: Defragment                                        0 / 0                 0 / 0                 0 / 0                 0 / 0           ops/s
[2023-11-16T15:31:15.579+0800][gc,stats    ]      Memory: Out Of Memory                                     0 / 0                 0 / 0                 0 / 0                 0 / 0           ops/s
[2023-11-16T15:31:15.579+0800][gc,stats    ]      Memory: Page Cache Flush                                  0 / 0                 0 / 0                 0 / 0                 0 / 0           MB/s
[2023-11-16T15:31:15.579+0800][gc,stats    ]      Memory: Page Cache Hit L1                                 0 / 0                 0 / 0                 0 / 33                0 / 33          ops/s
[2023-11-16T15:31:15.579+0800][gc,stats    ]      Memory: Page Cache Hit L2                                 0 / 0                 0 / 0                 0 / 0                 0 / 0           ops/s
[2023-11-16T15:31:15.579+0800][gc,stats    ]      Memory: Page Cache Hit L3                                 0 / 0                 0 / 0                 0 / 41                0 / 41          ops/s
[2023-11-16T15:31:15.579+0800][gc,stats    ]      Memory: Page Cache Miss                                   0 / 0                 0 / 0                 0 / 1                 0 / 1           ops/s
[2023-11-16T15:31:15.579+0800][gc,stats    ]      Memory: Uncommit                                          0 / 0                 0 / 0                 0 / 0                 0 / 0           MB/s
[2023-11-16T15:31:15.579+0800][gc,stats    ]      Memory: Undo Object Allocation Failed                     0 / 0                 0 / 0                 0 / 0                 0 / 0           ops/s
[2023-11-16T15:31:15.579+0800][gc,stats    ]      Memory: Undo Object Allocation Succeeded                  0 / 0                 0 / 0                 0 / 3                 0 / 3           ops/s
[2023-11-16T15:31:15.579+0800][gc,stats    ]      Memory: Undo Page Allocation                              0 / 0                 0 / 0                 0 / 0                 0 / 0           ops/s
[2023-11-16T15:31:15.579+0800][gc,stats    ]       Phase: Concurrent Mark                               0.000 / 0.000         0.000 / 0.000        21.531 / 24.050       21.531 / 24.050      ms
[2023-11-16T15:31:15.579+0800][gc,stats    ]       Phase: Concurrent Mark Continue                      0.000 / 0.000         0.000 / 0.000         0.000 / 0.000         0.000 / 0.000       ms
[2023-11-16T15:31:15.579+0800][gc,stats    ]       Phase: Concurrent Mark Free                          0.000 / 0.000         0.000 / 0.000         0.001 / 0.001         0.001 / 0.001       ms
[2023-11-16T15:31:15.579+0800][gc,stats    ]       Phase: Concurrent Process Non-Strong References      0.000 / 0.000         0.000 / 0.000         1.995 / 2.420         1.995 / 2.420       ms
[2023-11-16T15:31:15.579+0800][gc,stats    ]       Phase: Concurrent Relocate                           0.000 / 0.000         0.000 / 0.000         2.883 / 2.961         2.883 / 2.961       ms
[2023-11-16T15:31:15.579+0800][gc,stats    ]       Phase: Concurrent Reset Relocation Set               0.000 / 0.000         0.000 / 0.000         0.002 / 0.004         0.002 / 0.004       ms
[2023-11-16T15:31:15.579+0800][gc,stats    ]       Phase: Concurrent Select Relocation Set              0.000 / 0.000         0.000 / 0.000         4.861 / 8.184         4.861 / 8.184       ms
[2023-11-16T15:31:15.579+0800][gc,stats    ]       Phase: Pause Mark End                                0.000 / 0.000         0.000 / 0.000         0.017 / 0.019         0.017 / 0.019       ms
[2023-11-16T15:31:15.579+0800][gc,stats    ]       Phase: Pause Mark Start                              0.000 / 0.000         0.000 / 0.000         0.023 / 0.031         0.023 / 0.031       ms
[2023-11-16T15:31:15.579+0800][gc,stats    ]       Phase: Pause Relocate Start                          0.000 / 0.000         0.000 / 0.000         0.009 / 0.009         0.009 / 0.009       ms
[2023-11-16T15:31:15.579+0800][gc,stats    ]    Subphase: Concurrent Classes Purge                      0.000 / 0.000         0.000 / 0.000         0.066 / 0.071         0.066 / 0.071       ms
[2023-11-16T15:31:15.579+0800][gc,stats    ]    Subphase: Concurrent Classes Unlink                     0.000 / 0.000         0.000 / 0.000         1.264 / 1.492         1.264 / 1.492       ms
[2023-11-16T15:31:15.579+0800][gc,stats    ]    Subphase: Concurrent Mark                               0.000 / 0.000         0.000 / 0.000        18.504 / 22.997       18.504 / 22.997      ms
[2023-11-16T15:31:15.579+0800][gc,stats    ]    Subphase: Concurrent Mark Try Flush                     0.000 / 0.000         0.000 / 0.000         0.201 / 0.455         0.201 / 0.455       ms
[2023-11-16T15:31:15.579+0800][gc,stats    ]    Subphase: Concurrent Mark Try Terminate                 0.000 / 0.000         0.000 / 0.000         4.353 / 12.985        4.353 / 12.985      ms
[2023-11-16T15:31:15.579+0800][gc,stats    ]    Subphase: Concurrent References Enqueue                 0.000 / 0.000         0.000 / 0.000         0.004 / 0.004         0.004 / 0.004       ms
[2023-11-16T15:31:15.579+0800][gc,stats    ]    Subphase: Concurrent References Process                 0.000 / 0.000         0.000 / 0.000         0.104 / 0.123         0.104 / 0.123       ms
[2023-11-16T15:31:15.579+0800][gc,stats    ]    Subphase: Concurrent Roots ClassLoaderDataGraph         0.000 / 0.000         0.000 / 0.000         0.107 / 0.428         0.107 / 0.428       ms
[2023-11-16T15:31:15.579+0800][gc,stats    ]    Subphase: Concurrent Roots CodeCache                    0.000 / 0.000         0.000 / 0.000         0.000 / 0.000         0.000 / 0.000       ms
[2023-11-16T15:31:15.579+0800][gc,stats    ]    Subphase: Concurrent Roots JavaThreads                  0.000 / 0.000         0.000 / 0.000         1.013 / 1.707         1.013 / 1.707       ms
[2023-11-16T15:31:15.579+0800][gc,stats    ]    Subphase: Concurrent Roots OopStorageSet                0.000 / 0.000         0.000 / 0.000         0.146 / 0.289         0.146 / 0.289       ms
[2023-11-16T15:31:15.580+0800][gc,stats    ]    Subphase: Concurrent Weak Roots OopStorageSet           0.000 / 0.000         0.000 / 0.000         0.440 / 0.670         0.440 / 0.670       ms
[2023-11-16T15:31:15.580+0800][gc,stats    ]    Subphase: Pause Mark Try Complete                       0.000 / 0.000         0.000 / 0.000         0.000 / 0.000         0.000 / 0.000       ms
[2023-11-16T15:31:15.580+0800][gc,stats    ]      System: Java Threads                                      0 / 0                 0 / 0                34 / 47               34 / 47          threads
[2023-11-16T15:31:15.580+0800][gc,stats    ] =========================================================================================================================================================
[2023-11-16T15:31:25.587+0800][gc,stats    ] === Garbage Collection Statistics =======================================================================================================================
[2023-11-16T15:31:25.587+0800][gc,stats    ]                                                              Last 10s              Last 10m              Last 10h                Total
[2023-11-16T15:31:25.587+0800][gc,stats    ]                                                              Avg / Max             Avg / Max             Avg / Max             Avg / Max
[2023-11-16T15:31:25.587+0800][gc,stats    ]   Collector: Garbage Collection Cycle                      0.000 / 0.000         0.000 / 0.000        32.129 / 37.536       32.129 / 37.536      ms
[2023-11-16T15:31:25.587+0800][gc,stats    ]  Contention: Mark Segment Reset Contention                     0 / 0                 0 / 0                 0 / 3                 0 / 3           ops/s
[2023-11-16T15:31:25.587+0800][gc,stats    ]  Contention: Mark SeqNum Reset Contention                      0 / 0                 0 / 0                 0 / 0                 0 / 0           ops/s
[2023-11-16T15:31:25.587+0800][gc,stats    ]    Critical: Allocation Stall                                  0 / 0                 0 / 0                 0 / 0                 0 / 0           ops/s
[2023-11-16T15:31:25.587+0800][gc,stats    ]    Critical: Allocation Stall                              0.000 / 0.000         0.000 / 0.000         0.000 / 0.000         0.000 / 0.000       ms
[2023-11-16T15:31:25.587+0800][gc,stats    ]    Critical: GC Locker Stall                                   0 / 0                 0 / 0                 0 / 0                 0 / 0           ops/s
[2023-11-16T15:31:25.587+0800][gc,stats    ]    Critical: GC Locker Stall                               0.000 / 0.000         0.000 / 0.000         0.000 / 0.000         0.000 / 0.000       ms
[2023-11-16T15:31:25.587+0800][gc,stats    ]    Critical: Relocation Stall                                  0 / 0                 0 / 0                 0 / 0                 0 / 0           ops/s
[2023-11-16T15:31:25.587+0800][gc,stats    ]    Critical: Relocation Stall                              0.000 / 0.000         0.000 / 0.000         0.000 / 0.000         0.000 / 0.000       ms
[2023-11-16T15:31:25.587+0800][gc,stats    ]      Memory: Allocation Rate                                   0 / 0                 0 / 0                 0 / 82                0 / 82          MB/s
[2023-11-16T15:31:25.587+0800][gc,stats    ]      Memory: Defragment                                        0 / 0                 0 / 0                 0 / 0                 0 / 0           ops/s
[2023-11-16T15:31:25.587+0800][gc,stats    ]      Memory: Out Of Memory                                     0 / 0                 0 / 0                 0 / 0                 0 / 0           ops/s
[2023-11-16T15:31:25.587+0800][gc,stats    ]      Memory: Page Cache Flush                                  0 / 0                 0 / 0                 0 / 0                 0 / 0           MB/s
[2023-11-16T15:31:25.587+0800][gc,stats    ]      Memory: Page Cache Hit L1                                 0 / 0                 0 / 0                 0 / 33                0 / 33          ops/s
[2023-11-16T15:31:25.587+0800][gc,stats    ]      Memory: Page Cache Hit L2                                 0 / 0                 0 / 0                 0 / 0                 0 / 0           ops/s
[2023-11-16T15:31:25.587+0800][gc,stats    ]      Memory: Page Cache Hit L3                                 0 / 0                 0 / 0                 0 / 41                0 / 41          ops/s
[2023-11-16T15:31:25.587+0800][gc,stats    ]      Memory: Page Cache Miss                                   0 / 0                 0 / 0                 0 / 1                 0 / 1           ops/s
[2023-11-16T15:31:25.587+0800][gc,stats    ]      Memory: Uncommit                                          0 / 0                 0 / 0                 0 / 0                 0 / 0           MB/s
[2023-11-16T15:31:25.587+0800][gc,stats    ]      Memory: Undo Object Allocation Failed                     0 / 0                 0 / 0                 0 / 0                 0 / 0           ops/s
[2023-11-16T15:31:25.587+0800][gc,stats    ]      Memory: Undo Object Allocation Succeeded                  0 / 0                 0 / 0                 0 / 3                 0 / 3           ops/s
[2023-11-16T15:31:25.587+0800][gc,stats    ]      Memory: Undo Page Allocation                              0 / 0                 0 / 0                 0 / 0                 0 / 0           ops/s
[2023-11-16T15:31:25.587+0800][gc,stats    ]       Phase: Concurrent Mark                               0.000 / 0.000         0.000 / 0.000        21.531 / 24.050       21.531 / 24.050      ms
[2023-11-16T15:31:25.587+0800][gc,stats    ]       Phase: Concurrent Mark Continue                      0.000 / 0.000         0.000 / 0.000         0.000 / 0.000         0.000 / 0.000       ms
[2023-11-16T15:31:25.587+0800][gc,stats    ]       Phase: Concurrent Mark Free                          0.000 / 0.000         0.000 / 0.000         0.001 / 0.001         0.001 / 0.001       ms
[2023-11-16T15:31:25.587+0800][gc,stats    ]       Phase: Concurrent Process Non-Strong References      0.000 / 0.000         0.000 / 0.000         1.995 / 2.420         1.995 / 2.420       ms
[2023-11-16T15:31:25.587+0800][gc,stats    ]       Phase: Concurrent Relocate                           0.000 / 0.000         0.000 / 0.000         2.883 / 2.961         2.883 / 2.961       ms
[2023-11-16T15:31:25.587+0800][gc,stats    ]       Phase: Concurrent Reset Relocation Set               0.000 / 0.000         0.000 / 0.000         0.002 / 0.004         0.002 / 0.004       ms
[2023-11-16T15:31:25.587+0800][gc,stats    ]       Phase: Concurrent Select Relocation Set              0.000 / 0.000         0.000 / 0.000         4.861 / 8.184         4.861 / 8.184       ms
[2023-11-16T15:31:25.587+0800][gc,stats    ]       Phase: Pause Mark End                                0.000 / 0.000         0.000 / 0.000         0.017 / 0.019         0.017 / 0.019       ms
[2023-11-16T15:31:25.587+0800][gc,stats    ]       Phase: Pause Mark Start                              0.000 / 0.000         0.000 / 0.000         0.023 / 0.031         0.023 / 0.031       ms
[2023-11-16T15:31:25.587+0800][gc,stats    ]       Phase: Pause Relocate Start                          0.000 / 0.000         0.000 / 0.000         0.009 / 0.009         0.009 / 0.009       ms
[2023-11-16T15:31:25.587+0800][gc,stats    ]    Subphase: Concurrent Classes Purge                      0.000 / 0.000         0.000 / 0.000         0.066 / 0.071         0.066 / 0.071       ms
[2023-11-16T15:31:25.587+0800][gc,stats    ]    Subphase: Concurrent Classes Unlink                     0.000 / 0.000         0.000 / 0.000         1.264 / 1.492         1.264 / 1.492       ms
[2023-11-16T15:31:25.587+0800][gc,stats    ]    Subphase: Concurrent Mark                               0.000 / 0.000         0.000 / 0.000        18.504 / 22.997       18.504 / 22.997      ms
[2023-11-16T15:31:25.587+0800][gc,stats    ]    Subphase: Concurrent Mark Try Flush                     0.000 / 0.000         0.000 / 0.000         0.201 / 0.455         0.201 / 0.455       ms
[2023-11-16T15:31:25.587+0800][gc,stats    ]    Subphase: Concurrent Mark Try Terminate                 0.000 / 0.000         0.000 / 0.000         4.353 / 12.985        4.353 / 12.985      ms
[2023-11-16T15:31:25.587+0800][gc,stats    ]    Subphase: Concurrent References Enqueue                 0.000 / 0.000         0.000 / 0.000         0.004 / 0.004         0.004 / 0.004       ms
[2023-11-16T15:31:25.587+0800][gc,stats    ]    Subphase: Concurrent References Process                 0.000 / 0.000         0.000 / 0.000         0.104 / 0.123         0.104 / 0.123       ms
[2023-11-16T15:31:25.587+0800][gc,stats    ]    Subphase: Concurrent Roots ClassLoaderDataGraph         0.000 / 0.000         0.000 / 0.000         0.107 / 0.428         0.107 / 0.428       ms
[2023-11-16T15:31:25.587+0800][gc,stats    ]    Subphase: Concurrent Roots CodeCache                    0.000 / 0.000         0.000 / 0.000         0.000 / 0.000         0.000 / 0.000       ms
[2023-11-16T15:31:25.587+0800][gc,stats    ]    Subphase: Concurrent Roots JavaThreads                  0.000 / 0.000         0.000 / 0.000         1.013 / 1.707         1.013 / 1.707       ms
[2023-11-16T15:31:25.587+0800][gc,stats    ]    Subphase: Concurrent Roots OopStorageSet                0.000 / 0.000         0.000 / 0.000         0.146 / 0.289         0.146 / 0.289       ms
[2023-11-16T15:31:25.587+0800][gc,stats    ]    Subphase: Concurrent Weak Roots OopStorageSet           0.000 / 0.000         0.000 / 0.000         0.440 / 0.670         0.440 / 0.670       ms
[2023-11-16T15:31:25.587+0800][gc,stats    ]    Subphase: Pause Mark Try Complete                       0.000 / 0.000         0.000 / 0.000         0.000 / 0.000         0.000 / 0.000       ms
[2023-11-16T15:31:25.587+0800][gc,stats    ]      System: Java Threads                                      0 / 0                 0 / 0                34 / 47               34 / 47          threads
[2023-11-16T15:31:25.587+0800][gc,stats    ] =========================================================================================================================================================
[2023-11-16T15:31:35.588+0800][gc,stats    ] === Garbage Collection Statistics =======================================================================================================================
[2023-11-16T15:31:35.588+0800][gc,stats    ]                                                              Last 10s              Last 10m              Last 10h                Total
[2023-11-16T15:31:35.588+0800][gc,stats    ]                                                              Avg / Max             Avg / Max             Avg / Max             Avg / Max
[2023-11-16T15:31:35.588+0800][gc,stats    ]   Collector: Garbage Collection Cycle                      0.000 / 0.000         0.000 / 0.000        32.129 / 37.536       32.129 / 37.536      ms
[2023-11-16T15:31:35.588+0800][gc,stats    ]  Contention: Mark Segment Reset Contention                     0 / 0                 0 / 0                 0 / 3                 0 / 3           ops/s
[2023-11-16T15:31:35.588+0800][gc,stats    ]  Contention: Mark SeqNum Reset Contention                      0 / 0                 0 / 0                 0 / 0                 0 / 0           ops/s
[2023-11-16T15:31:35.588+0800][gc,stats    ]    Critical: Allocation Stall                                  0 / 0                 0 / 0                 0 / 0                 0 / 0           ops/s
[2023-11-16T15:31:35.588+0800][gc,stats    ]    Critical: Allocation Stall                              0.000 / 0.000         0.000 / 0.000         0.000 / 0.000         0.000 / 0.000       ms
[2023-11-16T15:31:35.588+0800][gc,stats    ]    Critical: GC Locker Stall                                   0 / 0                 0 / 0                 0 / 0                 0 / 0           ops/s
[2023-11-16T15:31:35.588+0800][gc,stats    ]    Critical: GC Locker Stall                               0.000 / 0.000         0.000 / 0.000         0.000 / 0.000         0.000 / 0.000       ms
[2023-11-16T15:31:35.588+0800][gc,stats    ]    Critical: Relocation Stall                                  0 / 0                 0 / 0                 0 / 0                 0 / 0           ops/s
[2023-11-16T15:31:35.588+0800][gc,stats    ]    Critical: Relocation Stall                              0.000 / 0.000         0.000 / 0.000         0.000 / 0.000         0.000 / 0.000       ms
[2023-11-16T15:31:35.588+0800][gc,stats    ]      Memory: Allocation Rate                                   0 / 0                 0 / 0                 0 / 82                0 / 82          MB/s
[2023-11-16T15:31:35.588+0800][gc,stats    ]      Memory: Defragment                                        0 / 0                 0 / 0                 0 / 0                 0 / 0           ops/s
[2023-11-16T15:31:35.588+0800][gc,stats    ]      Memory: Out Of Memory                                     0 / 0                 0 / 0                 0 / 0                 0 / 0           ops/s
[2023-11-16T15:31:35.588+0800][gc,stats    ]      Memory: Page Cache Flush                                  0 / 0                 0 / 0                 0 / 0                 0 / 0           MB/s
[2023-11-16T15:31:35.588+0800][gc,stats    ]      Memory: Page Cache Hit L1                                 0 / 0                 0 / 0                 0 / 33                0 / 33          ops/s
[2023-11-16T15:31:35.588+0800][gc,stats    ]      Memory: Page Cache Hit L2                                 0 / 0                 0 / 0                 0 / 0                 0 / 0           ops/s
[2023-11-16T15:31:35.588+0800][gc,stats    ]      Memory: Page Cache Hit L3                                 0 / 0                 0 / 0                 0 / 41                0 / 41          ops/s
[2023-11-16T15:31:35.588+0800][gc,stats    ]      Memory: Page Cache Miss                                   0 / 0                 0 / 0                 0 / 1                 0 / 1           ops/s
[2023-11-16T15:31:35.588+0800][gc,stats    ]      Memory: Uncommit                                          0 / 0                 0 / 0                 0 / 0                 0 / 0           MB/s
[2023-11-16T15:31:35.588+0800][gc,stats    ]      Memory: Undo Object Allocation Failed                     0 / 0                 0 / 0                 0 / 0                 0 / 0           ops/s
[2023-11-16T15:31:35.588+0800][gc,stats    ]      Memory: Undo Object Allocation Succeeded                  0 / 0                 0 / 0                 0 / 3                 0 / 3           ops/s
[2023-11-16T15:31:35.588+0800][gc,stats    ]      Memory: Undo Page Allocation                              0 / 0                 0 / 0                 0 / 0                 0 / 0           ops/s
[2023-11-16T15:31:35.588+0800][gc,stats    ]       Phase: Concurrent Mark                               0.000 / 0.000         0.000 / 0.000        21.531 / 24.050       21.531 / 24.050      ms
[2023-11-16T15:31:35.588+0800][gc,stats    ]       Phase: Concurrent Mark Continue                      0.000 / 0.000         0.000 / 0.000         0.000 / 0.000         0.000 / 0.000       ms
[2023-11-16T15:31:35.588+0800][gc,stats    ]       Phase: Concurrent Mark Free                          0.000 / 0.000         0.000 / 0.000         0.001 / 0.001         0.001 / 0.001       ms
[2023-11-16T15:31:35.588+0800][gc,stats    ]       Phase: Concurrent Process Non-Strong References      0.000 / 0.000         0.000 / 0.000         1.995 / 2.420         1.995 / 2.420       ms
[2023-11-16T15:31:35.588+0800][gc,stats    ]       Phase: Concurrent Relocate                           0.000 / 0.000         0.000 / 0.000         2.883 / 2.961         2.883 / 2.961       ms
[2023-11-16T15:31:35.588+0800][gc,stats    ]       Phase: Concurrent Reset Relocation Set               0.000 / 0.000         0.000 / 0.000         0.002 / 0.004         0.002 / 0.004       ms
[2023-11-16T15:31:35.588+0800][gc,stats    ]       Phase: Concurrent Select Relocation Set              0.000 / 0.000         0.000 / 0.000         4.861 / 8.184         4.861 / 8.184       ms
[2023-11-16T15:31:35.588+0800][gc,stats    ]       Phase: Pause Mark End                                0.000 / 0.000         0.000 / 0.000         0.017 / 0.019         0.017 / 0.019       ms
[2023-11-16T15:31:35.588+0800][gc,stats    ]       Phase: Pause Mark Start                              0.000 / 0.000         0.000 / 0.000         0.023 / 0.031         0.023 / 0.031       ms
[2023-11-16T15:31:35.588+0800][gc,stats    ]       Phase: Pause Relocate Start                          0.000 / 0.000         0.000 / 0.000         0.009 / 0.009         0.009 / 0.009       ms
[2023-11-16T15:31:35.588+0800][gc,stats    ]    Subphase: Concurrent Classes Purge                      0.000 / 0.000         0.000 / 0.000         0.066 / 0.071         0.066 / 0.071       ms
[2023-11-16T15:31:35.588+0800][gc,stats    ]    Subphase: Concurrent Classes Unlink                     0.000 / 0.000         0.000 / 0.000         1.264 / 1.492         1.264 / 1.492       ms
[2023-11-16T15:31:35.588+0800][gc,stats    ]    Subphase: Concurrent Mark                               0.000 / 0.000         0.000 / 0.000        18.504 / 22.997       18.504 / 22.997      ms
[2023-11-16T15:31:35.588+0800][gc,stats    ]    Subphase: Concurrent Mark Try Flush                     0.000 / 0.000         0.000 / 0.000         0.201 / 0.455         0.201 / 0.455       ms
[2023-11-16T15:31:35.588+0800][gc,stats    ]    Subphase: Concurrent Mark Try Terminate                 0.000 / 0.000         0.000 / 0.000         4.353 / 12.985        4.353 / 12.985      ms
[2023-11-16T15:31:35.588+0800][gc,stats    ]    Subphase: Concurrent References Enqueue                 0.000 / 0.000         0.000 / 0.000         0.004 / 0.004         0.004 / 0.004       ms
[2023-11-16T15:31:35.588+0800][gc,stats    ]    Subphase: Concurrent References Process                 0.000 / 0.000         0.000 / 0.000         0.104 / 0.123         0.104 / 0.123       ms
[2023-11-16T15:31:35.588+0800][gc,stats    ]    Subphase: Concurrent Roots ClassLoaderDataGraph         0.000 / 0.000         0.000 / 0.000         0.107 / 0.428         0.107 / 0.428       ms
[2023-11-16T15:31:35.588+0800][gc,stats    ]    Subphase: Concurrent Roots CodeCache                    0.000 / 0.000         0.000 / 0.000         0.000 / 0.000         0.000 / 0.000       ms
[2023-11-16T15:31:35.588+0800][gc,stats    ]    Subphase: Concurrent Roots JavaThreads                  0.000 / 0.000         0.000 / 0.000         1.013 / 1.707         1.013 / 1.707       ms
[2023-11-16T15:31:35.588+0800][gc,stats    ]    Subphase: Concurrent Roots OopStorageSet                0.000 / 0.000         0.000 / 0.000         0.146 / 0.289         0.146 / 0.289       ms
[2023-11-16T15:31:35.588+0800][gc,stats    ]    Subphase: Concurrent Weak Roots OopStorageSet           0.000 / 0.000         0.000 / 0.000         0.440 / 0.670         0.440 / 0.670       ms
[2023-11-16T15:31:35.588+0800][gc,stats    ]    Subphase: Pause Mark Try Complete                       0.000 / 0.000         0.000 / 0.000         0.000 / 0.000         0.000 / 0.000       ms
[2023-11-16T15:31:35.588+0800][gc,stats    ]      System: Java Threads                                      0 / 0                 0 / 0                34 / 47               34 / 47          threads
[2023-11-16T15:31:35.588+0800][gc,stats    ] =========================================================================================================================================================
[2023-11-16T15:31:45.582+0800][gc,stats    ] === Garbage Collection Statistics =======================================================================================================================
[2023-11-16T15:31:45.582+0800][gc,stats    ]                                                              Last 10s              Last 10m              Last 10h                Total
[2023-11-16T15:31:45.582+0800][gc,stats    ]                                                              Avg / Max             Avg / Max             Avg / Max             Avg / Max
[2023-11-16T15:31:45.582+0800][gc,stats    ]   Collector: Garbage Collection Cycle                      0.000 / 0.000         0.000 / 0.000        32.129 / 37.536       32.129 / 37.536      ms
[2023-11-16T15:31:45.582+0800][gc,stats    ]  Contention: Mark Segment Reset Contention                     0 / 0                 0 / 0                 0 / 3                 0 / 3           ops/s
[2023-11-16T15:31:45.582+0800][gc,stats    ]  Contention: Mark SeqNum Reset Contention                      0 / 0                 0 / 0                 0 / 0                 0 / 0           ops/s
[2023-11-16T15:31:45.582+0800][gc,stats    ]    Critical: Allocation Stall                                  0 / 0                 0 / 0                 0 / 0                 0 / 0           ops/s
[2023-11-16T15:31:45.582+0800][gc,stats    ]    Critical: Allocation Stall                              0.000 / 0.000         0.000 / 0.000         0.000 / 0.000         0.000 / 0.000       ms
[2023-11-16T15:31:45.582+0800][gc,stats    ]    Critical: GC Locker Stall                                   0 / 0                 0 / 0                 0 / 0                 0 / 0           ops/s
[2023-11-16T15:31:45.582+0800][gc,stats    ]    Critical: GC Locker Stall                               0.000 / 0.000         0.000 / 0.000         0.000 / 0.000         0.000 / 0.000       ms
[2023-11-16T15:31:45.582+0800][gc,stats    ]    Critical: Relocation Stall                                  0 / 0                 0 / 0                 0 / 0                 0 / 0           ops/s
[2023-11-16T15:31:45.582+0800][gc,stats    ]    Critical: Relocation Stall                              0.000 / 0.000         0.000 / 0.000         0.000 / 0.000         0.000 / 0.000       ms
[2023-11-16T15:31:45.582+0800][gc,stats    ]      Memory: Allocation Rate                                   0 / 0                 0 / 0                 0 / 82                0 / 82          MB/s
[2023-11-16T15:31:45.582+0800][gc,stats    ]      Memory: Defragment                                        0 / 0                 0 / 0                 0 / 0                 0 / 0           ops/s
[2023-11-16T15:31:45.582+0800][gc,stats    ]      Memory: Out Of Memory                                     0 / 0                 0 / 0                 0 / 0                 0 / 0           ops/s
[2023-11-16T15:31:45.582+0800][gc,stats    ]      Memory: Page Cache Flush                                  0 / 0                 0 / 0                 0 / 0                 0 / 0           MB/s
[2023-11-16T15:31:45.582+0800][gc,stats    ]      Memory: Page Cache Hit L1                                 0 / 0                 0 / 0                 0 / 33                0 / 33          ops/s
[2023-11-16T15:31:45.582+0800][gc,stats    ]      Memory: Page Cache Hit L2                                 0 / 0                 0 / 0                 0 / 0                 0 / 0           ops/s
[2023-11-16T15:31:45.582+0800][gc,stats    ]      Memory: Page Cache Hit L3                                 0 / 0                 0 / 0                 0 / 41                0 / 41          ops/s
[2023-11-16T15:31:45.582+0800][gc,stats    ]      Memory: Page Cache Miss                                   0 / 0                 0 / 0                 0 / 1                 0 / 1           ops/s
[2023-11-16T15:31:45.582+0800][gc,stats    ]      Memory: Uncommit                                          0 / 0                 0 / 0                 0 / 0                 0 / 0           MB/s
[2023-11-16T15:31:45.582+0800][gc,stats    ]      Memory: Undo Object Allocation Failed                     0 / 0                 0 / 0                 0 / 0                 0 / 0           ops/s
[2023-11-16T15:31:45.582+0800][gc,stats    ]      Memory: Undo Object Allocation Succeeded                  0 / 0                 0 / 0                 0 / 3                 0 / 3           ops/s
[2023-11-16T15:31:45.582+0800][gc,stats    ]      Memory: Undo Page Allocation                              0 / 0                 0 / 0                 0 / 0                 0 / 0           ops/s
[2023-11-16T15:31:45.582+0800][gc,stats    ]       Phase: Concurrent Mark                               0.000 / 0.000         0.000 / 0.000        21.531 / 24.050       21.531 / 24.050      ms
[2023-11-16T15:31:45.582+0800][gc,stats    ]       Phase: Concurrent Mark Continue                      0.000 / 0.000         0.000 / 0.000         0.000 / 0.000         0.000 / 0.000       ms
[2023-11-16T15:31:45.582+0800][gc,stats    ]       Phase: Concurrent Mark Free                          0.000 / 0.000         0.000 / 0.000         0.001 / 0.001         0.001 / 0.001       ms
[2023-11-16T15:31:45.582+0800][gc,stats    ]       Phase: Concurrent Process Non-Strong References      0.000 / 0.000         0.000 / 0.000         1.995 / 2.420         1.995 / 2.420       ms
[2023-11-16T15:31:45.582+0800][gc,stats    ]       Phase: Concurrent Relocate                           0.000 / 0.000         0.000 / 0.000         2.883 / 2.961         2.883 / 2.961       ms
[2023-11-16T15:31:45.582+0800][gc,stats    ]       Phase: Concurrent Reset Relocation Set               0.000 / 0.000         0.000 / 0.000         0.002 / 0.004         0.002 / 0.004       ms
[2023-11-16T15:31:45.582+0800][gc,stats    ]       Phase: Concurrent Select Relocation Set              0.000 / 0.000         0.000 / 0.000         4.861 / 8.184         4.861 / 8.184       ms
[2023-11-16T15:31:45.582+0800][gc,stats    ]       Phase: Pause Mark End                                0.000 / 0.000         0.000 / 0.000         0.017 / 0.019         0.017 / 0.019       ms
[2023-11-16T15:31:45.582+0800][gc,stats    ]       Phase: Pause Mark Start                              0.000 / 0.000         0.000 / 0.000         0.023 / 0.031         0.023 / 0.031       ms
[2023-11-16T15:31:45.582+0800][gc,stats    ]       Phase: Pause Relocate Start                          0.000 / 0.000         0.000 / 0.000         0.009 / 0.009         0.009 / 0.009       ms
[2023-11-16T15:31:45.582+0800][gc,stats    ]    Subphase: Concurrent Classes Purge                      0.000 / 0.000         0.000 / 0.000         0.066 / 0.071         0.066 / 0.071       ms
[2023-11-16T15:31:45.582+0800][gc,stats    ]    Subphase: Concurrent Classes Unlink                     0.000 / 0.000         0.000 / 0.000         1.264 / 1.492         1.264 / 1.492       ms
[2023-11-16T15:31:45.582+0800][gc,stats    ]    Subphase: Concurrent Mark                               0.000 / 0.000         0.000 / 0.000        18.504 / 22.997       18.504 / 22.997      ms
[2023-11-16T15:31:45.582+0800][gc,stats    ]    Subphase: Concurrent Mark Try Flush                     0.000 / 0.000         0.000 / 0.000         0.201 / 0.455         0.201 / 0.455       ms
[2023-11-16T15:31:45.582+0800][gc,stats    ]    Subphase: Concurrent Mark Try Terminate                 0.000 / 0.000         0.000 / 0.000         4.353 / 12.985        4.353 / 12.985      ms
[2023-11-16T15:31:45.582+0800][gc,stats    ]    Subphase: Concurrent References Enqueue                 0.000 / 0.000         0.000 / 0.000         0.004 / 0.004         0.004 / 0.004       ms
[2023-11-16T15:31:45.582+0800][gc,stats    ]    Subphase: Concurrent References Process                 0.000 / 0.000         0.000 / 0.000         0.104 / 0.123         0.104 / 0.123       ms
[2023-11-16T15:31:45.583+0800][gc,stats    ]    Subphase: Concurrent Roots ClassLoaderDataGraph         0.000 / 0.000         0.000 / 0.000         0.107 / 0.428         0.107 / 0.428       ms
[2023-11-16T15:31:45.583+0800][gc,stats    ]    Subphase: Concurrent Roots CodeCache                    0.000 / 0.000         0.000 / 0.000         0.000 / 0.000         0.000 / 0.000       ms
[2023-11-16T15:31:45.583+0800][gc,stats    ]    Subphase: Concurrent Roots JavaThreads                  0.000 / 0.000         0.000 / 0.000         1.013 / 1.707         1.013 / 1.707       ms
[2023-11-16T15:31:45.583+0800][gc,stats    ]    Subphase: Concurrent Roots OopStorageSet                0.000 / 0.000         0.000 / 0.000         0.146 / 0.289         0.146 / 0.289       ms
[2023-11-16T15:31:45.583+0800][gc,stats    ]    Subphase: Concurrent Weak Roots OopStorageSet           0.000 / 0.000         0.000 / 0.000         0.440 / 0.670         0.440 / 0.670       ms
[2023-11-16T15:31:45.583+0800][gc,stats    ]    Subphase: Pause Mark Try Complete                       0.000 / 0.000         0.000 / 0.000         0.000 / 0.000         0.000 / 0.000       ms
[2023-11-16T15:31:45.583+0800][gc,stats    ]      System: Java Threads                                      0 / 0                 0 / 0                34 / 47               34 / 47          threads
[2023-11-16T15:31:45.583+0800][gc,stats    ] =========================================================================================================================================================
[2023-11-16T15:31:55.582+0800][gc,stats    ] === Garbage Collection Statistics =======================================================================================================================
[2023-11-16T15:31:55.582+0800][gc,stats    ]                                                              Last 10s              Last 10m              Last 10h                Total
[2023-11-16T15:31:55.582+0800][gc,stats    ]                                                              Avg / Max             Avg / Max             Avg / Max             Avg / Max
[2023-11-16T15:31:55.582+0800][gc,stats    ]   Collector: Garbage Collection Cycle                      0.000 / 0.000         0.000 / 0.000        32.129 / 37.536       32.129 / 37.536      ms
[2023-11-16T15:31:55.582+0800][gc,stats    ]  Contention: Mark Segment Reset Contention                     0 / 0                 0 / 0                 0 / 3                 0 / 3           ops/s
[2023-11-16T15:31:55.582+0800][gc,stats    ]  Contention: Mark SeqNum Reset Contention                      0 / 0                 0 / 0                 0 / 0                 0 / 0           ops/s
[2023-11-16T15:31:55.582+0800][gc,stats    ]    Critical: Allocation Stall                                  0 / 0                 0 / 0                 0 / 0                 0 / 0           ops/s
[2023-11-16T15:31:55.582+0800][gc,stats    ]    Critical: Allocation Stall                              0.000 / 0.000         0.000 / 0.000         0.000 / 0.000         0.000 / 0.000       ms
[2023-11-16T15:31:55.582+0800][gc,stats    ]    Critical: GC Locker Stall                                   0 / 0                 0 / 0                 0 / 0                 0 / 0           ops/s
[2023-11-16T15:31:55.582+0800][gc,stats    ]    Critical: GC Locker Stall                               0.000 / 0.000         0.000 / 0.000         0.000 / 0.000         0.000 / 0.000       ms
[2023-11-16T15:31:55.582+0800][gc,stats    ]    Critical: Relocation Stall                                  0 / 0                 0 / 0                 0 / 0                 0 / 0           ops/s
[2023-11-16T15:31:55.582+0800][gc,stats    ]    Critical: Relocation Stall                              0.000 / 0.000         0.000 / 0.000         0.000 / 0.000         0.000 / 0.000       ms
[2023-11-16T15:31:55.582+0800][gc,stats    ]      Memory: Allocation Rate                                   0 / 0                 0 / 0                 0 / 82                0 / 82          MB/s
[2023-11-16T15:31:55.582+0800][gc,stats    ]      Memory: Defragment                                        0 / 0                 0 / 0                 0 / 0                 0 / 0           ops/s
[2023-11-16T15:31:55.582+0800][gc,stats    ]      Memory: Out Of Memory                                     0 / 0                 0 / 0                 0 / 0                 0 / 0           ops/s
[2023-11-16T15:31:55.582+0800][gc,stats    ]      Memory: Page Cache Flush                                  0 / 0                 0 / 0                 0 / 0                 0 / 0           MB/s
[2023-11-16T15:31:55.582+0800][gc,stats    ]      Memory: Page Cache Hit L1                                 0 / 0                 0 / 0                 0 / 33                0 / 33          ops/s
[2023-11-16T15:31:55.582+0800][gc,stats    ]      Memory: Page Cache Hit L2                                 0 / 0                 0 / 0                 0 / 0                 0 / 0           ops/s
[2023-11-16T15:31:55.582+0800][gc,stats    ]      Memory: Page Cache Hit L3                                 0 / 0                 0 / 0                 0 / 41                0 / 41          ops/s
[2023-11-16T15:31:55.582+0800][gc,stats    ]      Memory: Page Cache Miss                                   0 / 0                 0 / 0                 0 / 1                 0 / 1           ops/s
[2023-11-16T15:31:55.582+0800][gc,stats    ]      Memory: Uncommit                                          0 / 0                 0 / 0                 0 / 0                 0 / 0           MB/s
[2023-11-16T15:31:55.582+0800][gc,stats    ]      Memory: Undo Object Allocation Failed                     0 / 0                 0 / 0                 0 / 0                 0 / 0           ops/s
[2023-11-16T15:31:55.582+0800][gc,stats    ]      Memory: Undo Object Allocation Succeeded                  0 / 0                 0 / 0                 0 / 3                 0 / 3           ops/s
[2023-11-16T15:31:55.582+0800][gc,stats    ]      Memory: Undo Page Allocation                              0 / 0                 0 / 0                 0 / 0                 0 / 0           ops/s
[2023-11-16T15:31:55.582+0800][gc,stats    ]       Phase: Concurrent Mark                               0.000 / 0.000         0.000 / 0.000        21.531 / 24.050       21.531 / 24.050      ms
[2023-11-16T15:31:55.582+0800][gc,stats    ]       Phase: Concurrent Mark Continue                      0.000 / 0.000         0.000 / 0.000         0.000 / 0.000         0.000 / 0.000       ms
[2023-11-16T15:31:55.582+0800][gc,stats    ]       Phase: Concurrent Mark Free                          0.000 / 0.000         0.000 / 0.000         0.001 / 0.001         0.001 / 0.001       ms
[2023-11-16T15:31:55.582+0800][gc,stats    ]       Phase: Concurrent Process Non-Strong References      0.000 / 0.000         0.000 / 0.000         1.995 / 2.420         1.995 / 2.420       ms
[2023-11-16T15:31:55.582+0800][gc,stats    ]       Phase: Concurrent Relocate                           0.000 / 0.000         0.000 / 0.000         2.883 / 2.961         2.883 / 2.961       ms
[2023-11-16T15:31:55.582+0800][gc,stats    ]       Phase: Concurrent Reset Relocation Set               0.000 / 0.000         0.000 / 0.000         0.002 / 0.004         0.002 / 0.004       ms
[2023-11-16T15:31:55.582+0800][gc,stats    ]       Phase: Concurrent Select Relocation Set              0.000 / 0.000         0.000 / 0.000         4.861 / 8.184         4.861 / 8.184       ms
[2023-11-16T15:31:55.582+0800][gc,stats    ]       Phase: Pause Mark End                                0.000 / 0.000         0.000 / 0.000         0.017 / 0.019         0.017 / 0.019       ms
[2023-11-16T15:31:55.582+0800][gc,stats    ]       Phase: Pause Mark Start                              0.000 / 0.000         0.000 / 0.000         0.023 / 0.031         0.023 / 0.031       ms
[2023-11-16T15:31:55.582+0800][gc,stats    ]       Phase: Pause Relocate Start                          0.000 / 0.000         0.000 / 0.000         0.009 / 0.009         0.009 / 0.009       ms
[2023-11-16T15:31:55.582+0800][gc,stats    ]    Subphase: Concurrent Classes Purge                      0.000 / 0.000         0.000 / 0.000         0.066 / 0.071         0.066 / 0.071       ms
[2023-11-16T15:31:55.582+0800][gc,stats    ]    Subphase: Concurrent Classes Unlink                     0.000 / 0.000         0.000 / 0.000         1.264 / 1.492         1.264 / 1.492       ms
[2023-11-16T15:31:55.582+0800][gc,stats    ]    Subphase: Concurrent Mark                               0.000 / 0.000         0.000 / 0.000        18.504 / 22.997       18.504 / 22.997      ms
[2023-11-16T15:31:55.582+0800][gc,stats    ]    Subphase: Concurrent Mark Try Flush                     0.000 / 0.000         0.000 / 0.000         0.201 / 0.455         0.201 / 0.455       ms
[2023-11-16T15:31:55.582+0800][gc,stats    ]    Subphase: Concurrent Mark Try Terminate                 0.000 / 0.000         0.000 / 0.000         4.353 / 12.985        4.353 / 12.985      ms
[2023-11-16T15:31:55.582+0800][gc,stats    ]    Subphase: Concurrent References Enqueue                 0.000 / 0.000         0.000 / 0.000         0.004 / 0.004         0.004 / 0.004       ms
[2023-11-16T15:31:55.582+0800][gc,stats    ]    Subphase: Concurrent References Process                 0.000 / 0.000         0.000 / 0.000         0.104 / 0.123         0.104 / 0.123       ms
[2023-11-16T15:31:55.582+0800][gc,stats    ]    Subphase: Concurrent Roots ClassLoaderDataGraph         0.000 / 0.000         0.000 / 0.000         0.107 / 0.428         0.107 / 0.428       ms
[2023-11-16T15:31:55.582+0800][gc,stats    ]    Subphase: Concurrent Roots CodeCache                    0.000 / 0.000         0.000 / 0.000         0.000 / 0.000         0.000 / 0.000       ms
[2023-11-16T15:31:55.582+0800][gc,stats    ]    Subphase: Concurrent Roots JavaThreads                  0.000 / 0.000         0.000 / 0.000         1.013 / 1.707         1.013 / 1.707       ms
[2023-11-16T15:31:55.582+0800][gc,stats    ]    Subphase: Concurrent Roots OopStorageSet                0.000 / 0.000         0.000 / 0.000         0.146 / 0.289         0.146 / 0.289       ms
[2023-11-16T15:31:55.582+0800][gc,stats    ]    Subphase: Concurrent Weak Roots OopStorageSet           0.000 / 0.000         0.000 / 0.000         0.440 / 0.670         0.440 / 0.670       ms
[2023-11-16T15:31:55.582+0800][gc,stats    ]    Subphase: Pause Mark Try Complete                       0.000 / 0.000         0.000 / 0.000         0.000 / 0.000         0.000 / 0.000       ms
[2023-11-16T15:31:55.582+0800][gc,stats    ]      System: Java Threads                                      0 / 0                 0 / 0                34 / 47               34 / 47          threads
[2023-11-16T15:31:55.582+0800][gc,stats    ] =========================================================================================================================================================
[2023-11-16T15:32:05.582+0800][gc,stats    ] === Garbage Collection Statistics =======================================================================================================================
[2023-11-16T15:32:05.582+0800][gc,stats    ]                                                              Last 10s              Last 10m              Last 10h                Total
[2023-11-16T15:32:05.582+0800][gc,stats    ]                                                              Avg / Max             Avg / Max             Avg / Max             Avg / Max
[2023-11-16T15:32:05.582+0800][gc,stats    ]   Collector: Garbage Collection Cycle                      0.000 / 0.000         0.000 / 0.000        32.129 / 37.536       32.129 / 37.536      ms
[2023-11-16T15:32:05.582+0800][gc,stats    ]  Contention: Mark Segment Reset Contention                     0 / 0                 0 / 0                 0 / 3                 0 / 3           ops/s
[2023-11-16T15:32:05.582+0800][gc,stats    ]  Contention: Mark SeqNum Reset Contention                      0 / 0                 0 / 0                 0 / 0                 0 / 0           ops/s
[2023-11-16T15:32:05.582+0800][gc,stats    ]    Critical: Allocation Stall                                  0 / 0                 0 / 0                 0 / 0                 0 / 0           ops/s
[2023-11-16T15:32:05.582+0800][gc,stats    ]    Critical: Allocation Stall                              0.000 / 0.000         0.000 / 0.000         0.000 / 0.000         0.000 / 0.000       ms
[2023-11-16T15:32:05.582+0800][gc,stats    ]    Critical: GC Locker Stall                                   0 / 0                 0 / 0                 0 / 0                 0 / 0           ops/s
[2023-11-16T15:32:05.582+0800][gc,stats    ]    Critical: GC Locker Stall                               0.000 / 0.000         0.000 / 0.000         0.000 / 0.000         0.000 / 0.000       ms
[2023-11-16T15:32:05.582+0800][gc,stats    ]    Critical: Relocation Stall                                  0 / 0                 0 / 0                 0 / 0                 0 / 0           ops/s
[2023-11-16T15:32:05.582+0800][gc,stats    ]    Critical: Relocation Stall                              0.000 / 0.000         0.000 / 0.000         0.000 / 0.000         0.000 / 0.000       ms
[2023-11-16T15:32:05.582+0800][gc,stats    ]      Memory: Allocation Rate                                   0 / 0                 0 / 0                 0 / 82                0 / 82          MB/s
[2023-11-16T15:32:05.582+0800][gc,stats    ]      Memory: Defragment                                        0 / 0                 0 / 0                 0 / 0                 0 / 0           ops/s
[2023-11-16T15:32:05.582+0800][gc,stats    ]      Memory: Out Of Memory                                     0 / 0                 0 / 0                 0 / 0                 0 / 0           ops/s
[2023-11-16T15:32:05.582+0800][gc,stats    ]      Memory: Page Cache Flush                                  0 / 0                 0 / 0                 0 / 0                 0 / 0           MB/s
[2023-11-16T15:32:05.582+0800][gc,stats    ]      Memory: Page Cache Hit L1                                 0 / 0                 0 / 0                 0 / 33                0 / 33          ops/s
[2023-11-16T15:32:05.582+0800][gc,stats    ]      Memory: Page Cache Hit L2                                 0 / 0                 0 / 0                 0 / 0                 0 / 0           ops/s
[2023-11-16T15:32:05.582+0800][gc,stats    ]      Memory: Page Cache Hit L3                                 0 / 0                 0 / 0                 0 / 41                0 / 41          ops/s
[2023-11-16T15:32:05.582+0800][gc,stats    ]      Memory: Page Cache Miss                                   0 / 0                 0 / 0                 0 / 1                 0 / 1           ops/s
[2023-11-16T15:32:05.582+0800][gc,stats    ]      Memory: Uncommit                                          0 / 0                 0 / 0                 0 / 0                 0 / 0           MB/s
[2023-11-16T15:32:05.582+0800][gc,stats    ]      Memory: Undo Object Allocation Failed                     0 / 0                 0 / 0                 0 / 0                 0 / 0           ops/s
[2023-11-16T15:32:05.582+0800][gc,stats    ]      Memory: Undo Object Allocation Succeeded                  0 / 0                 0 / 0                 0 / 3                 0 / 3           ops/s
[2023-11-16T15:32:05.582+0800][gc,stats    ]      Memory: Undo Page Allocation                              0 / 0                 0 / 0                 0 / 0                 0 / 0           ops/s
[2023-11-16T15:32:05.582+0800][gc,stats    ]       Phase: Concurrent Mark                               0.000 / 0.000         0.000 / 0.000        21.531 / 24.050       21.531 / 24.050      ms
[2023-11-16T15:32:05.582+0800][gc,stats    ]       Phase: Concurrent Mark Continue                      0.000 / 0.000         0.000 / 0.000         0.000 / 0.000         0.000 / 0.000       ms
[2023-11-16T15:32:05.582+0800][gc,stats    ]       Phase: Concurrent Mark Free                          0.000 / 0.000         0.000 / 0.000         0.001 / 0.001         0.001 / 0.001       ms
[2023-11-16T15:32:05.582+0800][gc,stats    ]       Phase: Concurrent Process Non-Strong References      0.000 / 0.000         0.000 / 0.000         1.995 / 2.420         1.995 / 2.420       ms
[2023-11-16T15:32:05.582+0800][gc,stats    ]       Phase: Concurrent Relocate                           0.000 / 0.000         0.000 / 0.000         2.883 / 2.961         2.883 / 2.961       ms
[2023-11-16T15:32:05.582+0800][gc,stats    ]       Phase: Concurrent Reset Relocation Set               0.000 / 0.000         0.000 / 0.000         0.002 / 0.004         0.002 / 0.004       ms
[2023-11-16T15:32:05.582+0800][gc,stats    ]       Phase: Concurrent Select Relocation Set              0.000 / 0.000         0.000 / 0.000         4.861 / 8.184         4.861 / 8.184       ms
[2023-11-16T15:32:05.582+0800][gc,stats    ]       Phase: Pause Mark End                                0.000 / 0.000         0.000 / 0.000         0.017 / 0.019         0.017 / 0.019       ms
[2023-11-16T15:32:05.582+0800][gc,stats    ]       Phase: Pause Mark Start                              0.000 / 0.000         0.000 / 0.000         0.023 / 0.031         0.023 / 0.031       ms
[2023-11-16T15:32:05.582+0800][gc,stats    ]       Phase: Pause Relocate Start                          0.000 / 0.000         0.000 / 0.000         0.009 / 0.009         0.009 / 0.009       ms
[2023-11-16T15:32:05.582+0800][gc,stats    ]    Subphase: Concurrent Classes Purge                      0.000 / 0.000         0.000 / 0.000         0.066 / 0.071         0.066 / 0.071       ms
[2023-11-16T15:32:05.582+0800][gc,stats    ]    Subphase: Concurrent Classes Unlink                     0.000 / 0.000         0.000 / 0.000         1.264 / 1.492         1.264 / 1.492       ms
[2023-11-16T15:32:05.582+0800][gc,stats    ]    Subphase: Concurrent Mark                               0.000 / 0.000         0.000 / 0.000        18.504 / 22.997       18.504 / 22.997      ms
[2023-11-16T15:32:05.582+0800][gc,stats    ]    Subphase: Concurrent Mark Try Flush                     0.000 / 0.000         0.000 / 0.000         0.201 / 0.455         0.201 / 0.455       ms
[2023-11-16T15:32:05.582+0800][gc,stats    ]    Subphase: Concurrent Mark Try Terminate                 0.000 / 0.000         0.000 / 0.000         4.353 / 12.985        4.353 / 12.985      ms
[2023-11-16T15:32:05.582+0800][gc,stats    ]    Subphase: Concurrent References Enqueue                 0.000 / 0.000         0.000 / 0.000         0.004 / 0.004         0.004 / 0.004       ms
[2023-11-16T15:32:05.582+0800][gc,stats    ]    Subphase: Concurrent References Process                 0.000 / 0.000         0.000 / 0.000         0.104 / 0.123         0.104 / 0.123       ms
[2023-11-16T15:32:05.582+0800][gc,stats    ]    Subphase: Concurrent Roots ClassLoaderDataGraph         0.000 / 0.000         0.000 / 0.000         0.107 / 0.428         0.107 / 0.428       ms
[2023-11-16T15:32:05.582+0800][gc,stats    ]    Subphase: Concurrent Roots CodeCache                    0.000 / 0.000         0.000 / 0.000         0.000 / 0.000         0.000 / 0.000       ms
[2023-11-16T15:32:05.582+0800][gc,stats    ]    Subphase: Concurrent Roots JavaThreads                  0.000 / 0.000         0.000 / 0.000         1.013 / 1.707         1.013 / 1.707       ms
[2023-11-16T15:32:05.582+0800][gc,stats    ]    Subphase: Concurrent Roots OopStorageSet                0.000 / 0.000         0.000 / 0.000         0.146 / 0.289         0.146 / 0.289       ms
[2023-11-16T15:32:05.582+0800][gc,stats    ]    Subphase: Concurrent Weak Roots OopStorageSet           0.000 / 0.000         0.000 / 0.000         0.440 / 0.670         0.440 / 0.670       ms
[2023-11-16T15:32:05.582+0800][gc,stats    ]    Subphase: Pause Mark Try Complete                       0.000 / 0.000         0.000 / 0.000         0.000 / 0.000         0.000 / 0.000       ms
[2023-11-16T15:32:05.582+0800][gc,stats    ]      System: Java Threads                                      0 / 0                 0 / 0                34 / 47               34 / 47          threads
[2023-11-16T15:32:05.582+0800][gc,stats    ] =========================================================================================================================================================
[2023-11-16T15:32:15.587+0800][gc,stats    ] === Garbage Collection Statistics =======================================================================================================================
[2023-11-16T15:32:15.587+0800][gc,stats    ]                                                              Last 10s              Last 10m              Last 10h                Total
[2023-11-16T15:32:15.587+0800][gc,stats    ]                                                              Avg / Max             Avg / Max             Avg / Max             Avg / Max
[2023-11-16T15:32:15.587+0800][gc,stats    ]   Collector: Garbage Collection Cycle                      0.000 / 0.000         0.000 / 0.000        32.129 / 37.536       32.129 / 37.536      ms
[2023-11-16T15:32:15.587+0800][gc,stats    ]  Contention: Mark Segment Reset Contention                     0 / 0                 0 / 0                 0 / 3                 0 / 3           ops/s
[2023-11-16T15:32:15.587+0800][gc,stats    ]  Contention: Mark SeqNum Reset Contention                      0 / 0                 0 / 0                 0 / 0                 0 / 0           ops/s
[2023-11-16T15:32:15.587+0800][gc,stats    ]    Critical: Allocation Stall                                  0 / 0                 0 / 0                 0 / 0                 0 / 0           ops/s
[2023-11-16T15:32:15.587+0800][gc,stats    ]    Critical: Allocation Stall                              0.000 / 0.000         0.000 / 0.000         0.000 / 0.000         0.000 / 0.000       ms
[2023-11-16T15:32:15.587+0800][gc,stats    ]    Critical: GC Locker Stall                                   0 / 0                 0 / 0                 0 / 0                 0 / 0           ops/s
[2023-11-16T15:32:15.587+0800][gc,stats    ]    Critical: GC Locker Stall                               0.000 / 0.000         0.000 / 0.000         0.000 / 0.000         0.000 / 0.000       ms
[2023-11-16T15:32:15.587+0800][gc,stats    ]    Critical: Relocation Stall                                  0 / 0                 0 / 0                 0 / 0                 0 / 0           ops/s
[2023-11-16T15:32:15.587+0800][gc,stats    ]    Critical: Relocation Stall                              0.000 / 0.000         0.000 / 0.000         0.000 / 0.000         0.000 / 0.000       ms
[2023-11-16T15:32:15.587+0800][gc,stats    ]      Memory: Allocation Rate                                   0 / 0                 0 / 0                 0 / 82                0 / 82          MB/s
[2023-11-16T15:32:15.587+0800][gc,stats    ]      Memory: Defragment                                        0 / 0                 0 / 0                 0 / 0                 0 / 0           ops/s
[2023-11-16T15:32:15.587+0800][gc,stats    ]      Memory: Out Of Memory                                     0 / 0                 0 / 0                 0 / 0                 0 / 0           ops/s
[2023-11-16T15:32:15.587+0800][gc,stats    ]      Memory: Page Cache Flush                                  0 / 0                 0 / 0                 0 / 0                 0 / 0           MB/s
[2023-11-16T15:32:15.587+0800][gc,stats    ]      Memory: Page Cache Hit L1                                 0 / 0                 0 / 0                 0 / 33                0 / 33          ops/s
[2023-11-16T15:32:15.587+0800][gc,stats    ]      Memory: Page Cache Hit L2                                 0 / 0                 0 / 0                 0 / 0                 0 / 0           ops/s
[2023-11-16T15:32:15.587+0800][gc,stats    ]      Memory: Page Cache Hit L3                                 0 / 0                 0 / 0                 0 / 41                0 / 41          ops/s
[2023-11-16T15:32:15.587+0800][gc,stats    ]      Memory: Page Cache Miss                                   0 / 0                 0 / 0                 0 / 1                 0 / 1           ops/s
[2023-11-16T15:32:15.587+0800][gc,stats    ]      Memory: Uncommit                                          0 / 0                 0 / 0                 0 / 0                 0 / 0           MB/s
[2023-11-16T15:32:15.587+0800][gc,stats    ]      Memory: Undo Object Allocation Failed                     0 / 0                 0 / 0                 0 / 0                 0 / 0           ops/s
[2023-11-16T15:32:15.587+0800][gc,stats    ]      Memory: Undo Object Allocation Succeeded                  0 / 0                 0 / 0                 0 / 3                 0 / 3           ops/s
[2023-11-16T15:32:15.587+0800][gc,stats    ]      Memory: Undo Page Allocation                              0 / 0                 0 / 0                 0 / 0                 0 / 0           ops/s
[2023-11-16T15:32:15.587+0800][gc,stats    ]       Phase: Concurrent Mark                               0.000 / 0.000         0.000 / 0.000        21.531 / 24.050       21.531 / 24.050      ms
[2023-11-16T15:32:15.587+0800][gc,stats    ]       Phase: Concurrent Mark Continue                      0.000 / 0.000         0.000 / 0.000         0.000 / 0.000         0.000 / 0.000       ms
[2023-11-16T15:32:15.587+0800][gc,stats    ]       Phase: Concurrent Mark Free                          0.000 / 0.000         0.000 / 0.000         0.001 / 0.001         0.001 / 0.001       ms
[2023-11-16T15:32:15.587+0800][gc,stats    ]       Phase: Concurrent Process Non-Strong References      0.000 / 0.000         0.000 / 0.000         1.995 / 2.420         1.995 / 2.420       ms
[2023-11-16T15:32:15.587+0800][gc,stats    ]       Phase: Concurrent Relocate                           0.000 / 0.000         0.000 / 0.000         2.883 / 2.961         2.883 / 2.961       ms
[2023-11-16T15:32:15.587+0800][gc,stats    ]       Phase: Concurrent Reset Relocation Set               0.000 / 0.000         0.000 / 0.000         0.002 / 0.004         0.002 / 0.004       ms
[2023-11-16T15:32:15.587+0800][gc,stats    ]       Phase: Concurrent Select Relocation Set              0.000 / 0.000         0.000 / 0.000         4.861 / 8.184         4.861 / 8.184       ms
[2023-11-16T15:32:15.587+0800][gc,stats    ]       Phase: Pause Mark End                                0.000 / 0.000         0.000 / 0.000         0.017 / 0.019         0.017 / 0.019       ms
[2023-11-16T15:32:15.587+0800][gc,stats    ]       Phase: Pause Mark Start                              0.000 / 0.000         0.000 / 0.000         0.023 / 0.031         0.023 / 0.031       ms
[2023-11-16T15:32:15.587+0800][gc,stats    ]       Phase: Pause Relocate Start                          0.000 / 0.000         0.000 / 0.000         0.009 / 0.009         0.009 / 0.009       ms
[2023-11-16T15:32:15.587+0800][gc,stats    ]    Subphase: Concurrent Classes Purge                      0.000 / 0.000         0.000 / 0.000         0.066 / 0.071         0.066 / 0.071       ms
[2023-11-16T15:32:15.587+0800][gc,stats    ]    Subphase: Concurrent Classes Unlink                     0.000 / 0.000         0.000 / 0.000         1.264 / 1.492         1.264 / 1.492       ms
[2023-11-16T15:32:15.587+0800][gc,stats    ]    Subphase: Concurrent Mark                               0.000 / 0.000         0.000 / 0.000        18.504 / 22.997       18.504 / 22.997      ms
[2023-11-16T15:32:15.587+0800][gc,stats    ]    Subphase: Concurrent Mark Try Flush                     0.000 / 0.000         0.000 / 0.000         0.201 / 0.455         0.201 / 0.455       ms
[2023-11-16T15:32:15.587+0800][gc,stats    ]    Subphase: Concurrent Mark Try Terminate                 0.000 / 0.000         0.000 / 0.000         4.353 / 12.985        4.353 / 12.985      ms
[2023-11-16T15:32:15.587+0800][gc,stats    ]    Subphase: Concurrent References Enqueue                 0.000 / 0.000         0.000 / 0.000         0.004 / 0.004         0.004 / 0.004       ms
[2023-11-16T15:32:15.587+0800][gc,stats    ]    Subphase: Concurrent References Process                 0.000 / 0.000         0.000 / 0.000         0.104 / 0.123         0.104 / 0.123       ms
[2023-11-16T15:32:15.587+0800][gc,stats    ]    Subphase: Concurrent Roots ClassLoaderDataGraph         0.000 / 0.000         0.000 / 0.000         0.107 / 0.428         0.107 / 0.428       ms
[2023-11-16T15:32:15.587+0800][gc,stats    ]    Subphase: Concurrent Roots CodeCache                    0.000 / 0.000         0.000 / 0.000         0.000 / 0.000         0.000 / 0.000       ms
[2023-11-16T15:32:15.587+0800][gc,stats    ]    Subphase: Concurrent Roots JavaThreads                  0.000 / 0.000         0.000 / 0.000         1.013 / 1.707         1.013 / 1.707       ms
[2023-11-16T15:32:15.587+0800][gc,stats    ]    Subphase: Concurrent Roots OopStorageSet                0.000 / 0.000         0.000 / 0.000         0.146 / 0.289         0.146 / 0.289       ms
[2023-11-16T15:32:15.587+0800][gc,stats    ]    Subphase: Concurrent Weak Roots OopStorageSet           0.000 / 0.000         0.000 / 0.000         0.440 / 0.670         0.440 / 0.670       ms
[2023-11-16T15:32:15.587+0800][gc,stats    ]    Subphase: Pause Mark Try Complete                       0.000 / 0.000         0.000 / 0.000         0.000 / 0.000         0.000 / 0.000       ms
[2023-11-16T15:32:15.587+0800][gc,stats    ]      System: Java Threads                                      0 / 0                 0 / 0                34 / 47               34 / 47          threads
[2023-11-16T15:32:15.587+0800][gc,stats    ] =========================================================================================================================================================
[2023-11-16T15:32:25.589+0800][gc,stats    ] === Garbage Collection Statistics =======================================================================================================================
[2023-11-16T15:32:25.589+0800][gc,stats    ]                                                              Last 10s              Last 10m              Last 10h                Total
[2023-11-16T15:32:25.589+0800][gc,stats    ]                                                              Avg / Max             Avg / Max             Avg / Max             Avg / Max
[2023-11-16T15:32:25.589+0800][gc,stats    ]   Collector: Garbage Collection Cycle                      0.000 / 0.000         0.000 / 0.000        32.129 / 37.536       32.129 / 37.536      ms
[2023-11-16T15:32:25.589+0800][gc,stats    ]  Contention: Mark Segment Reset Contention                     0 / 0                 0 / 0                 0 / 3                 0 / 3           ops/s
[2023-11-16T15:32:25.589+0800][gc,stats    ]  Contention: Mark SeqNum Reset Contention                      0 / 0                 0 / 0                 0 / 0                 0 / 0           ops/s
[2023-11-16T15:32:25.589+0800][gc,stats    ]    Critical: Allocation Stall                                  0 / 0                 0 / 0                 0 / 0                 0 / 0           ops/s
[2023-11-16T15:32:25.589+0800][gc,stats    ]    Critical: Allocation Stall                              0.000 / 0.000         0.000 / 0.000         0.000 / 0.000         0.000 / 0.000       ms
[2023-11-16T15:32:25.589+0800][gc,stats    ]    Critical: GC Locker Stall                                   0 / 0                 0 / 0                 0 / 0                 0 / 0           ops/s
[2023-11-16T15:32:25.589+0800][gc,stats    ]    Critical: GC Locker Stall                               0.000 / 0.000         0.000 / 0.000         0.000 / 0.000         0.000 / 0.000       ms
[2023-11-16T15:32:25.589+0800][gc,stats    ]    Critical: Relocation Stall                                  0 / 0                 0 / 0                 0 / 0                 0 / 0           ops/s
[2023-11-16T15:32:25.589+0800][gc,stats    ]    Critical: Relocation Stall                              0.000 / 0.000         0.000 / 0.000         0.000 / 0.000         0.000 / 0.000       ms
[2023-11-16T15:32:25.589+0800][gc,stats    ]      Memory: Allocation Rate                                   0 / 0                 0 / 0                 0 / 82                0 / 82          MB/s
[2023-11-16T15:32:25.589+0800][gc,stats    ]      Memory: Defragment                                        0 / 0                 0 / 0                 0 / 0                 0 / 0           ops/s
[2023-11-16T15:32:25.589+0800][gc,stats    ]      Memory: Out Of Memory                                     0 / 0                 0 / 0                 0 / 0                 0 / 0           ops/s
[2023-11-16T15:32:25.589+0800][gc,stats    ]      Memory: Page Cache Flush                                  0 / 0                 0 / 0                 0 / 0                 0 / 0           MB/s
[2023-11-16T15:32:25.589+0800][gc,stats    ]      Memory: Page Cache Hit L1                                 0 / 0                 0 / 0                 0 / 33                0 / 33          ops/s
[2023-11-16T15:32:25.589+0800][gc,stats    ]      Memory: Page Cache Hit L2                                 0 / 0                 0 / 0                 0 / 0                 0 / 0           ops/s
[2023-11-16T15:32:25.589+0800][gc,stats    ]      Memory: Page Cache Hit L3                                 0 / 0                 0 / 0                 0 / 41                0 / 41          ops/s
[2023-11-16T15:32:25.589+0800][gc,stats    ]      Memory: Page Cache Miss                                   0 / 0                 0 / 0                 0 / 1                 0 / 1           ops/s
[2023-11-16T15:32:25.589+0800][gc,stats    ]      Memory: Uncommit                                          0 / 0                 0 / 0                 0 / 0                 0 / 0           MB/s
[2023-11-16T15:32:25.589+0800][gc,stats    ]      Memory: Undo Object Allocation Failed                     0 / 0                 0 / 0                 0 / 0                 0 / 0           ops/s
[2023-11-16T15:32:25.589+0800][gc,stats    ]      Memory: Undo Object Allocation Succeeded                  0 / 0                 0 / 0                 0 / 3                 0 / 3           ops/s
[2023-11-16T15:32:25.589+0800][gc,stats    ]      Memory: Undo Page Allocation                              0 / 0                 0 / 0                 0 / 0                 0 / 0           ops/s
[2023-11-16T15:32:25.589+0800][gc,stats    ]       Phase: Concurrent Mark                               0.000 / 0.000         0.000 / 0.000        21.531 / 24.050       21.531 / 24.050      ms
[2023-11-16T15:32:25.589+0800][gc,stats    ]       Phase: Concurrent Mark Continue                      0.000 / 0.000         0.000 / 0.000         0.000 / 0.000         0.000 / 0.000       ms
[2023-11-16T15:32:25.589+0800][gc,stats    ]       Phase: Concurrent Mark Free                          0.000 / 0.000         0.000 / 0.000         0.001 / 0.001         0.001 / 0.001       ms
[2023-11-16T15:32:25.589+0800][gc,stats    ]       Phase: Concurrent Process Non-Strong References      0.000 / 0.000         0.000 / 0.000         1.995 / 2.420         1.995 / 2.420       ms
[2023-11-16T15:32:25.589+0800][gc,stats    ]       Phase: Concurrent Relocate                           0.000 / 0.000         0.000 / 0.000         2.883 / 2.961         2.883 / 2.961       ms
[2023-11-16T15:32:25.589+0800][gc,stats    ]       Phase: Concurrent Reset Relocation Set               0.000 / 0.000         0.000 / 0.000         0.002 / 0.004         0.002 / 0.004       ms
[2023-11-16T15:32:25.589+0800][gc,stats    ]       Phase: Concurrent Select Relocation Set              0.000 / 0.000         0.000 / 0.000         4.861 / 8.184         4.861 / 8.184       ms
[2023-11-16T15:32:25.589+0800][gc,stats    ]       Phase: Pause Mark End                                0.000 / 0.000         0.000 / 0.000         0.017 / 0.019         0.017 / 0.019       ms
[2023-11-16T15:32:25.589+0800][gc,stats    ]       Phase: Pause Mark Start                              0.000 / 0.000         0.000 / 0.000         0.023 / 0.031         0.023 / 0.031       ms
[2023-11-16T15:32:25.589+0800][gc,stats    ]       Phase: Pause Relocate Start                          0.000 / 0.000         0.000 / 0.000         0.009 / 0.009         0.009 / 0.009       ms
[2023-11-16T15:32:25.589+0800][gc,stats    ]    Subphase: Concurrent Classes Purge                      0.000 / 0.000         0.000 / 0.000         0.066 / 0.071         0.066 / 0.071       ms
[2023-11-16T15:32:25.589+0800][gc,stats    ]    Subphase: Concurrent Classes Unlink                     0.000 / 0.000         0.000 / 0.000         1.264 / 1.492         1.264 / 1.492       ms
[2023-11-16T15:32:25.589+0800][gc,stats    ]    Subphase: Concurrent Mark                               0.000 / 0.000         0.000 / 0.000        18.504 / 22.997       18.504 / 22.997      ms
[2023-11-16T15:32:25.591+0800][gc,stats    ]    Subphase: Concurrent Mark Try Flush                     0.000 / 0.000         0.000 / 0.000         0.201 / 0.455         0.201 / 0.455       ms
[2023-11-16T15:32:25.591+0800][gc,stats    ]    Subphase: Concurrent Mark Try Terminate                 0.000 / 0.000         0.000 / 0.000         4.353 / 12.985        4.353 / 12.985      ms
[2023-11-16T15:32:25.591+0800][gc,stats    ]    Subphase: Concurrent References Enqueue                 0.000 / 0.000         0.000 / 0.000         0.004 / 0.004         0.004 / 0.004       ms
[2023-11-16T15:32:25.591+0800][gc,stats    ]    Subphase: Concurrent References Process                 0.000 / 0.000         0.000 / 0.000         0.104 / 0.123         0.104 / 0.123       ms
[2023-11-16T15:32:25.591+0800][gc,stats    ]    Subphase: Concurrent Roots ClassLoaderDataGraph         0.000 / 0.000         0.000 / 0.000         0.107 / 0.428         0.107 / 0.428       ms
[2023-11-16T15:32:25.591+0800][gc,stats    ]    Subphase: Concurrent Roots CodeCache                    0.000 / 0.000         0.000 / 0.000         0.000 / 0.000         0.000 / 0.000       ms
[2023-11-16T15:32:25.591+0800][gc,stats    ]    Subphase: Concurrent Roots JavaThreads                  0.000 / 0.000         0.000 / 0.000         1.013 / 1.707         1.013 / 1.707       ms
[2023-11-16T15:32:25.591+0800][gc,stats    ]    Subphase: Concurrent Roots OopStorageSet                0.000 / 0.000         0.000 / 0.000         0.146 / 0.289         0.146 / 0.289       ms
[2023-11-16T15:32:25.591+0800][gc,stats    ]    Subphase: Concurrent Weak Roots OopStorageSet           0.000 / 0.000         0.000 / 0.000         0.440 / 0.670         0.440 / 0.670       ms
[2023-11-16T15:32:25.591+0800][gc,stats    ]    Subphase: Pause Mark Try Complete                       0.000 / 0.000         0.000 / 0.000         0.000 / 0.000         0.000 / 0.000       ms
[2023-11-16T15:32:25.591+0800][gc,stats    ]      System: Java Threads                                      0 / 0                 0 / 0                34 / 47               34 / 47          threads
[2023-11-16T15:32:25.591+0800][gc,stats    ] =========================================================================================================================================================
[2023-11-16T15:32:35.587+0800][gc,stats    ] === Garbage Collection Statistics =======================================================================================================================
[2023-11-16T15:32:35.587+0800][gc,stats    ]                                                              Last 10s              Last 10m              Last 10h                Total
[2023-11-16T15:32:35.587+0800][gc,stats    ]                                                              Avg / Max             Avg / Max             Avg / Max             Avg / Max
[2023-11-16T15:32:35.587+0800][gc,stats    ]   Collector: Garbage Collection Cycle                      0.000 / 0.000         0.000 / 0.000        32.129 / 37.536       32.129 / 37.536      ms
[2023-11-16T15:32:35.587+0800][gc,stats    ]  Contention: Mark Segment Reset Contention                     0 / 0                 0 / 0                 0 / 3                 0 / 3           ops/s
[2023-11-16T15:32:35.587+0800][gc,stats    ]  Contention: Mark SeqNum Reset Contention                      0 / 0                 0 / 0                 0 / 0                 0 / 0           ops/s
[2023-11-16T15:32:35.587+0800][gc,stats    ]    Critical: Allocation Stall                                  0 / 0                 0 / 0                 0 / 0                 0 / 0           ops/s
[2023-11-16T15:32:35.587+0800][gc,stats    ]    Critical: Allocation Stall                              0.000 / 0.000         0.000 / 0.000         0.000 / 0.000         0.000 / 0.000       ms
[2023-11-16T15:32:35.587+0800][gc,stats    ]    Critical: GC Locker Stall                                   0 / 0                 0 / 0                 0 / 0                 0 / 0           ops/s
[2023-11-16T15:32:35.587+0800][gc,stats    ]    Critical: GC Locker Stall                               0.000 / 0.000         0.000 / 0.000         0.000 / 0.000         0.000 / 0.000       ms
[2023-11-16T15:32:35.587+0800][gc,stats    ]    Critical: Relocation Stall                                  0 / 0                 0 / 0                 0 / 0                 0 / 0           ops/s
[2023-11-16T15:32:35.587+0800][gc,stats    ]    Critical: Relocation Stall                              0.000 / 0.000         0.000 / 0.000         0.000 / 0.000         0.000 / 0.000       ms
[2023-11-16T15:32:35.587+0800][gc,stats    ]      Memory: Allocation Rate                                   1 / 6                 0 / 6                 0 / 82                0 / 82          MB/s
[2023-11-16T15:32:35.587+0800][gc,stats    ]      Memory: Defragment                                        0 / 0                 0 / 0                 0 / 0                 0 / 0           ops/s
[2023-11-16T15:32:35.587+0800][gc,stats    ]      Memory: Out Of Memory                                     0 / 0                 0 / 0                 0 / 0                 0 / 0           ops/s
[2023-11-16T15:32:35.587+0800][gc,stats    ]      Memory: Page Cache Flush                                  0 / 0                 0 / 0                 0 / 0                 0 / 0           MB/s
[2023-11-16T15:32:35.587+0800][gc,stats    ]      Memory: Page Cache Hit L1                                 0 / 1                 0 / 1                 0 / 33                0 / 33          ops/s
[2023-11-16T15:32:35.587+0800][gc,stats    ]      Memory: Page Cache Hit L2                                 0 / 0                 0 / 0                 0 / 0                 0 / 0           ops/s
[2023-11-16T15:32:35.587+0800][gc,stats    ]      Memory: Page Cache Hit L3                                 0 / 3                 0 / 3                 0 / 41                0 / 41          ops/s
[2023-11-16T15:32:35.587+0800][gc,stats    ]      Memory: Page Cache Miss                                   0 / 0                 0 / 0                 0 / 1                 0 / 1           ops/s
[2023-11-16T15:32:35.587+0800][gc,stats    ]      Memory: Uncommit                                          0 / 0                 0 / 0                 0 / 0                 0 / 0           MB/s
[2023-11-16T15:32:35.587+0800][gc,stats    ]      Memory: Undo Object Allocation Failed                     0 / 0                 0 / 0                 0 / 0                 0 / 0           ops/s
[2023-11-16T15:32:35.587+0800][gc,stats    ]      Memory: Undo Object Allocation Succeeded                  0 / 0                 0 / 0                 0 / 3                 0 / 3           ops/s
[2023-11-16T15:32:35.587+0800][gc,stats    ]      Memory: Undo Page Allocation                              0 / 0                 0 / 0                 0 / 0                 0 / 0           ops/s
[2023-11-16T15:32:35.587+0800][gc,stats    ]       Phase: Concurrent Mark                               0.000 / 0.000         0.000 / 0.000        21.531 / 24.050       21.531 / 24.050      ms
[2023-11-16T15:32:35.587+0800][gc,stats    ]       Phase: Concurrent Mark Continue                      0.000 / 0.000         0.000 / 0.000         0.000 / 0.000         0.000 / 0.000       ms
[2023-11-16T15:32:35.587+0800][gc,stats    ]       Phase: Concurrent Mark Free                          0.000 / 0.000         0.000 / 0.000         0.001 / 0.001         0.001 / 0.001       ms
[2023-11-16T15:32:35.587+0800][gc,stats    ]       Phase: Concurrent Process Non-Strong References      0.000 / 0.000         0.000 / 0.000         1.995 / 2.420         1.995 / 2.420       ms
[2023-11-16T15:32:35.587+0800][gc,stats    ]       Phase: Concurrent Relocate                           0.000 / 0.000         0.000 / 0.000         2.883 / 2.961         2.883 / 2.961       ms
[2023-11-16T15:32:35.587+0800][gc,stats    ]       Phase: Concurrent Reset Relocation Set               0.000 / 0.000         0.000 / 0.000         0.002 / 0.004         0.002 / 0.004       ms
[2023-11-16T15:32:35.587+0800][gc,stats    ]       Phase: Concurrent Select Relocation Set              0.000 / 0.000         0.000 / 0.000         4.861 / 8.184         4.861 / 8.184       ms
[2023-11-16T15:32:35.587+0800][gc,stats    ]       Phase: Pause Mark End                                0.000 / 0.000         0.000 / 0.000         0.017 / 0.019         0.017 / 0.019       ms
[2023-11-16T15:32:35.587+0800][gc,stats    ]       Phase: Pause Mark Start                              0.000 / 0.000         0.000 / 0.000         0.023 / 0.031         0.023 / 0.031       ms
[2023-11-16T15:32:35.587+0800][gc,stats    ]       Phase: Pause Relocate Start                          0.000 / 0.000         0.000 / 0.000         0.009 / 0.009         0.009 / 0.009       ms
[2023-11-16T15:32:35.587+0800][gc,stats    ]    Subphase: Concurrent Classes Purge                      0.000 / 0.000         0.000 / 0.000         0.066 / 0.071         0.066 / 0.071       ms
[2023-11-16T15:32:35.587+0800][gc,stats    ]    Subphase: Concurrent Classes Unlink                     0.000 / 0.000         0.000 / 0.000         1.264 / 1.492         1.264 / 1.492       ms
[2023-11-16T15:32:35.588+0800][gc,stats    ]    Subphase: Concurrent Mark                               0.000 / 0.000         0.000 / 0.000        18.504 / 22.997       18.504 / 22.997      ms
[2023-11-16T15:32:35.588+0800][gc,stats    ]    Subphase: Concurrent Mark Try Flush                     0.000 / 0.000         0.000 / 0.000         0.201 / 0.455         0.201 / 0.455       ms
[2023-11-16T15:32:35.588+0800][gc,stats    ]    Subphase: Concurrent Mark Try Terminate                 0.000 / 0.000         0.000 / 0.000         4.353 / 12.985        4.353 / 12.985      ms
[2023-11-16T15:32:35.588+0800][gc,stats    ]    Subphase: Concurrent References Enqueue                 0.000 / 0.000         0.000 / 0.000         0.004 / 0.004         0.004 / 0.004       ms
[2023-11-16T15:32:35.588+0800][gc,stats    ]    Subphase: Concurrent References Process                 0.000 / 0.000         0.000 / 0.000         0.104 / 0.123         0.104 / 0.123       ms
[2023-11-16T15:32:35.588+0800][gc,stats    ]    Subphase: Concurrent Roots ClassLoaderDataGraph         0.000 / 0.000         0.000 / 0.000         0.107 / 0.428         0.107 / 0.428       ms
[2023-11-16T15:32:35.588+0800][gc,stats    ]    Subphase: Concurrent Roots CodeCache                    0.000 / 0.000         0.000 / 0.000         0.000 / 0.000         0.000 / 0.000       ms
[2023-11-16T15:32:35.588+0800][gc,stats    ]    Subphase: Concurrent Roots JavaThreads                  0.000 / 0.000         0.000 / 0.000         1.013 / 1.707         1.013 / 1.707       ms
[2023-11-16T15:32:35.588+0800][gc,stats    ]    Subphase: Concurrent Roots OopStorageSet                0.000 / 0.000         0.000 / 0.000         0.146 / 0.289         0.146 / 0.289       ms
[2023-11-16T15:32:35.588+0800][gc,stats    ]    Subphase: Concurrent Weak Roots OopStorageSet           0.000 / 0.000         0.000 / 0.000         0.440 / 0.670         0.440 / 0.670       ms
[2023-11-16T15:32:35.588+0800][gc,stats    ]    Subphase: Pause Mark Try Complete                       0.000 / 0.000         0.000 / 0.000         0.000 / 0.000         0.000 / 0.000       ms
[2023-11-16T15:32:35.588+0800][gc,stats    ]      System: Java Threads                                      0 / 0                 0 / 0                34 / 47               34 / 47          threads
[2023-11-16T15:32:35.588+0800][gc,stats    ] =========================================================================================================================================================
[2023-11-16T15:32:45.582+0800][gc,stats    ] === Garbage Collection Statistics =======================================================================================================================
[2023-11-16T15:32:45.582+0800][gc,stats    ]                                                              Last 10s              Last 10m              Last 10h                Total
[2023-11-16T15:32:45.582+0800][gc,stats    ]                                                              Avg / Max             Avg / Max             Avg / Max             Avg / Max
[2023-11-16T15:32:45.582+0800][gc,stats    ]   Collector: Garbage Collection Cycle                      0.000 / 0.000         0.000 / 0.000        32.129 / 37.536       32.129 / 37.536      ms
[2023-11-16T15:32:45.582+0800][gc,stats    ]  Contention: Mark Segment Reset Contention                     0 / 0                 0 / 0                 0 / 3                 0 / 3           ops/s
[2023-11-16T15:32:45.582+0800][gc,stats    ]  Contention: Mark SeqNum Reset Contention                      0 / 0                 0 / 0                 0 / 0                 0 / 0           ops/s
[2023-11-16T15:32:45.582+0800][gc,stats    ]    Critical: Allocation Stall                                  0 / 0                 0 / 0                 0 / 0                 0 / 0           ops/s
[2023-11-16T15:32:45.582+0800][gc,stats    ]    Critical: Allocation Stall                              0.000 / 0.000         0.000 / 0.000         0.000 / 0.000         0.000 / 0.000       ms
[2023-11-16T15:32:45.582+0800][gc,stats    ]    Critical: GC Locker Stall                                   0 / 0                 0 / 0                 0 / 0                 0 / 0           ops/s
[2023-11-16T15:32:45.582+0800][gc,stats    ]    Critical: GC Locker Stall                               0.000 / 0.000         0.000 / 0.000         0.000 / 0.000         0.000 / 0.000       ms
[2023-11-16T15:32:45.582+0800][gc,stats    ]    Critical: Relocation Stall                                  0 / 0                 0 / 0                 0 / 0                 0 / 0           ops/s
[2023-11-16T15:32:45.582+0800][gc,stats    ]    Critical: Relocation Stall                              0.000 / 0.000         0.000 / 0.000         0.000 / 0.000         0.000 / 0.000       ms
[2023-11-16T15:32:45.582+0800][gc,stats    ]      Memory: Allocation Rate                                   0 / 0                 0 / 6                 0 / 82                0 / 82          MB/s
[2023-11-16T15:32:45.582+0800][gc,stats    ]      Memory: Defragment                                        0 / 0                 0 / 0                 0 / 0                 0 / 0           ops/s
[2023-11-16T15:32:45.582+0800][gc,stats    ]      Memory: Out Of Memory                                     0 / 0                 0 / 0                 0 / 0                 0 / 0           ops/s
[2023-11-16T15:32:45.582+0800][gc,stats    ]      Memory: Page Cache Flush                                  0 / 0                 0 / 0                 0 / 0                 0 / 0           MB/s
[2023-11-16T15:32:45.582+0800][gc,stats    ]      Memory: Page Cache Hit L1                                 0 / 0                 0 / 1                 0 / 33                0 / 33          ops/s
[2023-11-16T15:32:45.582+0800][gc,stats    ]      Memory: Page Cache Hit L2                                 0 / 0                 0 / 0                 0 / 0                 0 / 0           ops/s
[2023-11-16T15:32:45.582+0800][gc,stats    ]      Memory: Page Cache Hit L3                                 0 / 0                 0 / 3                 0 / 41                0 / 41          ops/s
[2023-11-16T15:32:45.582+0800][gc,stats    ]      Memory: Page Cache Miss                                   0 / 0                 0 / 0                 0 / 1                 0 / 1           ops/s
[2023-11-16T15:32:45.582+0800][gc,stats    ]      Memory: Uncommit                                          0 / 0                 0 / 0                 0 / 0                 0 / 0           MB/s
[2023-11-16T15:32:45.582+0800][gc,stats    ]      Memory: Undo Object Allocation Failed                     0 / 0                 0 / 0                 0 / 0                 0 / 0           ops/s
[2023-11-16T15:32:45.582+0800][gc,stats    ]      Memory: Undo Object Allocation Succeeded                  0 / 0                 0 / 0                 0 / 3                 0 / 3           ops/s
[2023-11-16T15:32:45.582+0800][gc,stats    ]      Memory: Undo Page Allocation                              0 / 0                 0 / 0                 0 / 0                 0 / 0           ops/s
[2023-11-16T15:32:45.582+0800][gc,stats    ]       Phase: Concurrent Mark                               0.000 / 0.000         0.000 / 0.000        21.531 / 24.050       21.531 / 24.050      ms
[2023-11-16T15:32:45.582+0800][gc,stats    ]       Phase: Concurrent Mark Continue                      0.000 / 0.000         0.000 / 0.000         0.000 / 0.000         0.000 / 0.000       ms
[2023-11-16T15:32:45.582+0800][gc,stats    ]       Phase: Concurrent Mark Free                          0.000 / 0.000         0.000 / 0.000         0.001 / 0.001         0.001 / 0.001       ms
[2023-11-16T15:32:45.582+0800][gc,stats    ]       Phase: Concurrent Process Non-Strong References      0.000 / 0.000         0.000 / 0.000         1.995 / 2.420         1.995 / 2.420       ms
[2023-11-16T15:32:45.582+0800][gc,stats    ]       Phase: Concurrent Relocate                           0.000 / 0.000         0.000 / 0.000         2.883 / 2.961         2.883 / 2.961       ms
[2023-11-16T15:32:45.582+0800][gc,stats    ]       Phase: Concurrent Reset Relocation Set               0.000 / 0.000         0.000 / 0.000         0.002 / 0.004         0.002 / 0.004       ms
[2023-11-16T15:32:45.582+0800][gc,stats    ]       Phase: Concurrent Select Relocation Set              0.000 / 0.000         0.000 / 0.000         4.861 / 8.184         4.861 / 8.184       ms
[2023-11-16T15:32:45.582+0800][gc,stats    ]       Phase: Pause Mark End                                0.000 / 0.000         0.000 / 0.000         0.017 / 0.019         0.017 / 0.019       ms
[2023-11-16T15:32:45.582+0800][gc,stats    ]       Phase: Pause Mark Start                              0.000 / 0.000         0.000 / 0.000         0.023 / 0.031         0.023 / 0.031       ms
[2023-11-16T15:32:45.582+0800][gc,stats    ]       Phase: Pause Relocate Start                          0.000 / 0.000         0.000 / 0.000         0.009 / 0.009         0.009 / 0.009       ms
[2023-11-16T15:32:45.582+0800][gc,stats    ]    Subphase: Concurrent Classes Purge                      0.000 / 0.000         0.000 / 0.000         0.066 / 0.071         0.066 / 0.071       ms
[2023-11-16T15:32:45.582+0800][gc,stats    ]    Subphase: Concurrent Classes Unlink                     0.000 / 0.000         0.000 / 0.000         1.264 / 1.492         1.264 / 1.492       ms
[2023-11-16T15:32:45.582+0800][gc,stats    ]    Subphase: Concurrent Mark                               0.000 / 0.000         0.000 / 0.000        18.504 / 22.997       18.504 / 22.997      ms
[2023-11-16T15:32:45.582+0800][gc,stats    ]    Subphase: Concurrent Mark Try Flush                     0.000 / 0.000         0.000 / 0.000         0.201 / 0.455         0.201 / 0.455       ms
[2023-11-16T15:32:45.582+0800][gc,stats    ]    Subphase: Concurrent Mark Try Terminate                 0.000 / 0.000         0.000 / 0.000         4.353 / 12.985        4.353 / 12.985      ms
[2023-11-16T15:32:45.582+0800][gc,stats    ]    Subphase: Concurrent References Enqueue                 0.000 / 0.000         0.000 / 0.000         0.004 / 0.004         0.004 / 0.004       ms
[2023-11-16T15:32:45.582+0800][gc,stats    ]    Subphase: Concurrent References Process                 0.000 / 0.000         0.000 / 0.000         0.104 / 0.123         0.104 / 0.123       ms
[2023-11-16T15:32:45.582+0800][gc,stats    ]    Subphase: Concurrent Roots ClassLoaderDataGraph         0.000 / 0.000         0.000 / 0.000         0.107 / 0.428         0.107 / 0.428       ms
[2023-11-16T15:32:45.582+0800][gc,stats    ]    Subphase: Concurrent Roots CodeCache                    0.000 / 0.000         0.000 / 0.000         0.000 / 0.000         0.000 / 0.000       ms
[2023-11-16T15:32:45.583+0800][gc,stats    ]    Subphase: Concurrent Roots JavaThreads                  0.000 / 0.000         0.000 / 0.000         1.013 / 1.707         1.013 / 1.707       ms
[2023-11-16T15:32:45.583+0800][gc,stats    ]    Subphase: Concurrent Roots OopStorageSet                0.000 / 0.000         0.000 / 0.000         0.146 / 0.289         0.146 / 0.289       ms
[2023-11-16T15:32:45.583+0800][gc,stats    ]    Subphase: Concurrent Weak Roots OopStorageSet           0.000 / 0.000         0.000 / 0.000         0.440 / 0.670         0.440 / 0.670       ms
[2023-11-16T15:32:45.583+0800][gc,stats    ]    Subphase: Pause Mark Try Complete                       0.000 / 0.000         0.000 / 0.000         0.000 / 0.000         0.000 / 0.000       ms
[2023-11-16T15:32:45.583+0800][gc,stats    ]      System: Java Threads                                      0 / 0                 0 / 0                34 / 47               34 / 47          threads
[2023-11-16T15:32:45.583+0800][gc,stats    ] =========================================================================================================================================================
[2023-11-16T15:32:55.585+0800][gc,stats    ] === Garbage Collection Statistics =======================================================================================================================
[2023-11-16T15:32:55.585+0800][gc,stats    ]                                                              Last 10s              Last 10m              Last 10h                Total
[2023-11-16T15:32:55.585+0800][gc,stats    ]                                                              Avg / Max             Avg / Max             Avg / Max             Avg / Max
[2023-11-16T15:32:55.585+0800][gc,stats    ]   Collector: Garbage Collection Cycle                      0.000 / 0.000         0.000 / 0.000        32.129 / 37.536       32.129 / 37.536      ms
[2023-11-16T15:32:55.585+0800][gc,stats    ]  Contention: Mark Segment Reset Contention                     0 / 0                 0 / 0                 0 / 3                 0 / 3           ops/s
[2023-11-16T15:32:55.585+0800][gc,stats    ]  Contention: Mark SeqNum Reset Contention                      0 / 0                 0 / 0                 0 / 0                 0 / 0           ops/s
[2023-11-16T15:32:55.585+0800][gc,stats    ]    Critical: Allocation Stall                                  0 / 0                 0 / 0                 0 / 0                 0 / 0           ops/s
[2023-11-16T15:32:55.585+0800][gc,stats    ]    Critical: Allocation Stall                              0.000 / 0.000         0.000 / 0.000         0.000 / 0.000         0.000 / 0.000       ms
[2023-11-16T15:32:55.585+0800][gc,stats    ]    Critical: GC Locker Stall                                   0 / 0                 0 / 0                 0 / 0                 0 / 0           ops/s
[2023-11-16T15:32:55.585+0800][gc,stats    ]    Critical: GC Locker Stall                               0.000 / 0.000         0.000 / 0.000         0.000 / 0.000         0.000 / 0.000       ms
[2023-11-16T15:32:55.585+0800][gc,stats    ]    Critical: Relocation Stall                                  0 / 0                 0 / 0                 0 / 0                 0 / 0           ops/s
[2023-11-16T15:32:55.585+0800][gc,stats    ]    Critical: Relocation Stall                              0.000 / 0.000         0.000 / 0.000         0.000 / 0.000         0.000 / 0.000       ms
[2023-11-16T15:32:55.585+0800][gc,stats    ]      Memory: Allocation Rate                                   0 / 2                 0 / 6                 0 / 82                0 / 82          MB/s
[2023-11-16T15:32:55.585+0800][gc,stats    ]      Memory: Defragment                                        0 / 0                 0 / 0                 0 / 0                 0 / 0           ops/s
[2023-11-16T15:32:55.585+0800][gc,stats    ]      Memory: Out Of Memory                                     0 / 0                 0 / 0                 0 / 0                 0 / 0           ops/s
[2023-11-16T15:32:55.585+0800][gc,stats    ]      Memory: Page Cache Flush                                  0 / 0                 0 / 0                 0 / 0                 0 / 0           MB/s
[2023-11-16T15:32:55.585+0800][gc,stats    ]      Memory: Page Cache Hit L1                                 0 / 0                 0 / 1                 0 / 33                0 / 33          ops/s
[2023-11-16T15:32:55.585+0800][gc,stats    ]      Memory: Page Cache Hit L2                                 0 / 0                 0 / 0                 0 / 0                 0 / 0           ops/s
[2023-11-16T15:32:55.585+0800][gc,stats    ]      Memory: Page Cache Hit L3                                 0 / 1                 0 / 3                 0 / 41                0 / 41          ops/s
[2023-11-16T15:32:55.585+0800][gc,stats    ]      Memory: Page Cache Miss                                   0 / 0                 0 / 0                 0 / 1                 0 / 1           ops/s
[2023-11-16T15:32:55.585+0800][gc,stats    ]      Memory: Uncommit                                          0 / 0                 0 / 0                 0 / 0                 0 / 0           MB/s
[2023-11-16T15:32:55.585+0800][gc,stats    ]      Memory: Undo Object Allocation Failed                     0 / 0                 0 / 0                 0 / 0                 0 / 0           ops/s
[2023-11-16T15:32:55.585+0800][gc,stats    ]      Memory: Undo Object Allocation Succeeded                  0 / 0                 0 / 0                 0 / 3                 0 / 3           ops/s
[2023-11-16T15:32:55.585+0800][gc,stats    ]      Memory: Undo Page Allocation                              0 / 0                 0 / 0                 0 / 0                 0 / 0           ops/s
[2023-11-16T15:32:55.585+0800][gc,stats    ]       Phase: Concurrent Mark                               0.000 / 0.000         0.000 / 0.000        21.531 / 24.050       21.531 / 24.050      ms
[2023-11-16T15:32:55.585+0800][gc,stats    ]       Phase: Concurrent Mark Continue                      0.000 / 0.000         0.000 / 0.000         0.000 / 0.000         0.000 / 0.000       ms
[2023-11-16T15:32:55.585+0800][gc,stats    ]       Phase: Concurrent Mark Free                          0.000 / 0.000         0.000 / 0.000         0.001 / 0.001         0.001 / 0.001       ms
[2023-11-16T15:32:55.585+0800][gc,stats    ]       Phase: Concurrent Process Non-Strong References      0.000 / 0.000         0.000 / 0.000         1.995 / 2.420         1.995 / 2.420       ms
[2023-11-16T15:32:55.585+0800][gc,stats    ]       Phase: Concurrent Relocate                           0.000 / 0.000         0.000 / 0.000         2.883 / 2.961         2.883 / 2.961       ms
[2023-11-16T15:32:55.585+0800][gc,stats    ]       Phase: Concurrent Reset Relocation Set               0.000 / 0.000         0.000 / 0.000         0.002 / 0.004         0.002 / 0.004       ms
[2023-11-16T15:32:55.585+0800][gc,stats    ]       Phase: Concurrent Select Relocation Set              0.000 / 0.000         0.000 / 0.000         4.861 / 8.184         4.861 / 8.184       ms
[2023-11-16T15:32:55.585+0800][gc,stats    ]       Phase: Pause Mark End                                0.000 / 0.000         0.000 / 0.000         0.017 / 0.019         0.017 / 0.019       ms
[2023-11-16T15:32:55.585+0800][gc,stats    ]       Phase: Pause Mark Start                              0.000 / 0.000         0.000 / 0.000         0.023 / 0.031         0.023 / 0.031       ms
[2023-11-16T15:32:55.585+0800][gc,stats    ]       Phase: Pause Relocate Start                          0.000 / 0.000         0.000 / 0.000         0.009 / 0.009         0.009 / 0.009       ms
[2023-11-16T15:32:55.585+0800][gc,stats    ]    Subphase: Concurrent Classes Purge                      0.000 / 0.000         0.000 / 0.000         0.066 / 0.071         0.066 / 0.071       ms
[2023-11-16T15:32:55.585+0800][gc,stats    ]    Subphase: Concurrent Classes Unlink                     0.000 / 0.000         0.000 / 0.000         1.264 / 1.492         1.264 / 1.492       ms
[2023-11-16T15:32:55.585+0800][gc,stats    ]    Subphase: Concurrent Mark                               0.000 / 0.000         0.000 / 0.000        18.504 / 22.997       18.504 / 22.997      ms
[2023-11-16T15:32:55.585+0800][gc,stats    ]    Subphase: Concurrent Mark Try Flush                     0.000 / 0.000         0.000 / 0.000         0.201 / 0.455         0.201 / 0.455       ms
[2023-11-16T15:32:55.585+0800][gc,stats    ]    Subphase: Concurrent Mark Try Terminate                 0.000 / 0.000         0.000 / 0.000         4.353 / 12.985        4.353 / 12.985      ms
[2023-11-16T15:32:55.585+0800][gc,stats    ]    Subphase: Concurrent References Enqueue                 0.000 / 0.000         0.000 / 0.000         0.004 / 0.004         0.004 / 0.004       ms
[2023-11-16T15:32:55.585+0800][gc,stats    ]    Subphase: Concurrent References Process                 0.000 / 0.000         0.000 / 0.000         0.104 / 0.123         0.104 / 0.123       ms
[2023-11-16T15:32:55.585+0800][gc,stats    ]    Subphase: Concurrent Roots ClassLoaderDataGraph         0.000 / 0.000         0.000 / 0.000         0.107 / 0.428         0.107 / 0.428       ms
[2023-11-16T15:32:55.585+0800][gc,stats    ]    Subphase: Concurrent Roots CodeCache                    0.000 / 0.000         0.000 / 0.000         0.000 / 0.000         0.000 / 0.000       ms
[2023-11-16T15:32:55.585+0800][gc,stats    ]    Subphase: Concurrent Roots JavaThreads                  0.000 / 0.000         0.000 / 0.000         1.013 / 1.707         1.013 / 1.707       ms
[2023-11-16T15:32:55.585+0800][gc,stats    ]    Subphase: Concurrent Roots OopStorageSet                0.000 / 0.000         0.000 / 0.000         0.146 / 0.289         0.146 / 0.289       ms
[2023-11-16T15:32:55.585+0800][gc,stats    ]    Subphase: Concurrent Weak Roots OopStorageSet           0.000 / 0.000         0.000 / 0.000         0.440 / 0.670         0.440 / 0.670       ms
[2023-11-16T15:32:55.585+0800][gc,stats    ]    Subphase: Pause Mark Try Complete                       0.000 / 0.000         0.000 / 0.000         0.000 / 0.000         0.000 / 0.000       ms
[2023-11-16T15:32:55.585+0800][gc,stats    ]      System: Java Threads                                      0 / 0                 0 / 0                34 / 47               34 / 47          threads
[2023-11-16T15:32:55.585+0800][gc,stats    ] =========================================================================================================================================================
[2023-11-16T15:33:05.583+0800][gc,stats    ] === Garbage Collection Statistics =======================================================================================================================
[2023-11-16T15:33:05.583+0800][gc,stats    ]                                                              Last 10s              Last 10m              Last 10h                Total
[2023-11-16T15:33:05.583+0800][gc,stats    ]                                                              Avg / Max             Avg / Max             Avg / Max             Avg / Max
[2023-11-16T15:33:05.583+0800][gc,stats    ]   Collector: Garbage Collection Cycle                      0.000 / 0.000         0.000 / 0.000        32.129 / 37.536       32.129 / 37.536      ms
[2023-11-16T15:33:05.583+0800][gc,stats    ]  Contention: Mark Segment Reset Contention                     0 / 0                 0 / 0                 0 / 3                 0 / 3           ops/s
[2023-11-16T15:33:05.583+0800][gc,stats    ]  Contention: Mark SeqNum Reset Contention                      0 / 0                 0 / 0                 0 / 0                 0 / 0           ops/s
[2023-11-16T15:33:05.583+0800][gc,stats    ]    Critical: Allocation Stall                                  0 / 0                 0 / 0                 0 / 0                 0 / 0           ops/s
[2023-11-16T15:33:05.583+0800][gc,stats    ]    Critical: Allocation Stall                              0.000 / 0.000         0.000 / 0.000         0.000 / 0.000         0.000 / 0.000       ms
[2023-11-16T15:33:05.583+0800][gc,stats    ]    Critical: GC Locker Stall                                   0 / 0                 0 / 0                 0 / 0                 0 / 0           ops/s
[2023-11-16T15:33:05.583+0800][gc,stats    ]    Critical: GC Locker Stall                               0.000 / 0.000         0.000 / 0.000         0.000 / 0.000         0.000 / 0.000       ms
[2023-11-16T15:33:05.583+0800][gc,stats    ]    Critical: Relocation Stall                                  0 / 0                 0 / 0                 0 / 0                 0 / 0           ops/s
[2023-11-16T15:33:05.583+0800][gc,stats    ]    Critical: Relocation Stall                              0.000 / 0.000         0.000 / 0.000         0.000 / 0.000         0.000 / 0.000       ms
[2023-11-16T15:33:05.583+0800][gc,stats    ]      Memory: Allocation Rate                                   0 / 0                 0 / 6                 0 / 82                0 / 82          MB/s
[2023-11-16T15:33:05.583+0800][gc,stats    ]      Memory: Defragment                                        0 / 0                 0 / 0                 0 / 0                 0 / 0           ops/s
[2023-11-16T15:33:05.583+0800][gc,stats    ]      Memory: Out Of Memory                                     0 / 0                 0 / 0                 0 / 0                 0 / 0           ops/s
[2023-11-16T15:33:05.583+0800][gc,stats    ]      Memory: Page Cache Flush                                  0 / 0                 0 / 0                 0 / 0                 0 / 0           MB/s
[2023-11-16T15:33:05.583+0800][gc,stats    ]      Memory: Page Cache Hit L1                                 0 / 0                 0 / 1                 0 / 33                0 / 33          ops/s
[2023-11-16T15:33:05.583+0800][gc,stats    ]      Memory: Page Cache Hit L2                                 0 / 0                 0 / 0                 0 / 0                 0 / 0           ops/s
[2023-11-16T15:33:05.583+0800][gc,stats    ]      Memory: Page Cache Hit L3                                 0 / 0                 0 / 3                 0 / 41                0 / 41          ops/s
[2023-11-16T15:33:05.583+0800][gc,stats    ]      Memory: Page Cache Miss                                   0 / 0                 0 / 0                 0 / 1                 0 / 1           ops/s
[2023-11-16T15:33:05.583+0800][gc,stats    ]      Memory: Uncommit                                          0 / 0                 0 / 0                 0 / 0                 0 / 0           MB/s
[2023-11-16T15:33:05.583+0800][gc,stats    ]      Memory: Undo Object Allocation Failed                     0 / 0                 0 / 0                 0 / 0                 0 / 0           ops/s
[2023-11-16T15:33:05.583+0800][gc,stats    ]      Memory: Undo Object Allocation Succeeded                  0 / 0                 0 / 0                 0 / 3                 0 / 3           ops/s
[2023-11-16T15:33:05.583+0800][gc,stats    ]      Memory: Undo Page Allocation                              0 / 0                 0 / 0                 0 / 0                 0 / 0           ops/s
[2023-11-16T15:33:05.583+0800][gc,stats    ]       Phase: Concurrent Mark                               0.000 / 0.000         0.000 / 0.000        21.531 / 24.050       21.531 / 24.050      ms
[2023-11-16T15:33:05.583+0800][gc,stats    ]       Phase: Concurrent Mark Continue                      0.000 / 0.000         0.000 / 0.000         0.000 / 0.000         0.000 / 0.000       ms
[2023-11-16T15:33:05.583+0800][gc,stats    ]       Phase: Concurrent Mark Free                          0.000 / 0.000         0.000 / 0.000         0.001 / 0.001         0.001 / 0.001       ms
[2023-11-16T15:33:05.583+0800][gc,stats    ]       Phase: Concurrent Process Non-Strong References      0.000 / 0.000         0.000 / 0.000         1.995 / 2.420         1.995 / 2.420       ms
[2023-11-16T15:33:05.583+0800][gc,stats    ]       Phase: Concurrent Relocate                           0.000 / 0.000         0.000 / 0.000         2.883 / 2.961         2.883 / 2.961       ms
[2023-11-16T15:33:05.583+0800][gc,stats    ]       Phase: Concurrent Reset Relocation Set               0.000 / 0.000         0.000 / 0.000         0.002 / 0.004         0.002 / 0.004       ms
[2023-11-16T15:33:05.583+0800][gc,stats    ]       Phase: Concurrent Select Relocation Set              0.000 / 0.000         0.000 / 0.000         4.861 / 8.184         4.861 / 8.184       ms
[2023-11-16T15:33:05.583+0800][gc,stats    ]       Phase: Pause Mark End                                0.000 / 0.000         0.000 / 0.000         0.017 / 0.019         0.017 / 0.019       ms
[2023-11-16T15:33:05.583+0800][gc,stats    ]       Phase: Pause Mark Start                              0.000 / 0.000         0.000 / 0.000         0.023 / 0.031         0.023 / 0.031       ms
[2023-11-16T15:33:05.583+0800][gc,stats    ]       Phase: Pause Relocate Start                          0.000 / 0.000         0.000 / 0.000         0.009 / 0.009         0.009 / 0.009       ms
[2023-11-16T15:33:05.583+0800][gc,stats    ]    Subphase: Concurrent Classes Purge                      0.000 / 0.000         0.000 / 0.000         0.066 / 0.071         0.066 / 0.071       ms
[2023-11-16T15:33:05.583+0800][gc,stats    ]    Subphase: Concurrent Classes Unlink                     0.000 / 0.000         0.000 / 0.000         1.264 / 1.492         1.264 / 1.492       ms
[2023-11-16T15:33:05.583+0800][gc,stats    ]    Subphase: Concurrent Mark                               0.000 / 0.000         0.000 / 0.000        18.504 / 22.997       18.504 / 22.997      ms
[2023-11-16T15:33:05.583+0800][gc,stats    ]    Subphase: Concurrent Mark Try Flush                     0.000 / 0.000         0.000 / 0.000         0.201 / 0.455         0.201 / 0.455       ms
[2023-11-16T15:33:05.583+0800][gc,stats    ]    Subphase: Concurrent Mark Try Terminate                 0.000 / 0.000         0.000 / 0.000         4.353 / 12.985        4.353 / 12.985      ms
[2023-11-16T15:33:05.583+0800][gc,stats    ]    Subphase: Concurrent References Enqueue                 0.000 / 0.000         0.000 / 0.000         0.004 / 0.004         0.004 / 0.004       ms
[2023-11-16T15:33:05.583+0800][gc,stats    ]    Subphase: Concurrent References Process                 0.000 / 0.000         0.000 / 0.000         0.104 / 0.123         0.104 / 0.123       ms
[2023-11-16T15:33:05.583+0800][gc,stats    ]    Subphase: Concurrent Roots ClassLoaderDataGraph         0.000 / 0.000         0.000 / 0.000         0.107 / 0.428         0.107 / 0.428       ms
[2023-11-16T15:33:05.583+0800][gc,stats    ]    Subphase: Concurrent Roots CodeCache                    0.000 / 0.000         0.000 / 0.000         0.000 / 0.000         0.000 / 0.000       ms
[2023-11-16T15:33:05.583+0800][gc,stats    ]    Subphase: Concurrent Roots JavaThreads                  0.000 / 0.000         0.000 / 0.000         1.013 / 1.707         1.013 / 1.707       ms
[2023-11-16T15:33:05.583+0800][gc,stats    ]    Subphase: Concurrent Roots OopStorageSet                0.000 / 0.000         0.000 / 0.000         0.146 / 0.289         0.146 / 0.289       ms
[2023-11-16T15:33:05.583+0800][gc,stats    ]    Subphase: Concurrent Weak Roots OopStorageSet           0.000 / 0.000         0.000 / 0.000         0.440 / 0.670         0.440 / 0.670       ms
[2023-11-16T15:33:05.583+0800][gc,stats    ]    Subphase: Pause Mark Try Complete                       0.000 / 0.000         0.000 / 0.000         0.000 / 0.000         0.000 / 0.000       ms
[2023-11-16T15:33:05.583+0800][gc,stats    ]      System: Java Threads                                      0 / 0                 0 / 0                34 / 47               34 / 47          threads
[2023-11-16T15:33:05.583+0800][gc,stats    ] =========================================================================================================================================================
[2023-11-16T15:33:15.590+0800][gc,stats    ] === Garbage Collection Statistics =======================================================================================================================
[2023-11-16T15:33:15.590+0800][gc,stats    ]                                                              Last 10s              Last 10m              Last 10h                Total
[2023-11-16T15:33:15.590+0800][gc,stats    ]                                                              Avg / Max             Avg / Max             Avg / Max             Avg / Max
[2023-11-16T15:33:15.590+0800][gc,stats    ]   Collector: Garbage Collection Cycle                      0.000 / 0.000         0.000 / 0.000        32.129 / 37.536       32.129 / 37.536      ms
[2023-11-16T15:33:15.590+0800][gc,stats    ]  Contention: Mark Segment Reset Contention                     0 / 0                 0 / 0                 0 / 3                 0 / 3           ops/s
[2023-11-16T15:33:15.590+0800][gc,stats    ]  Contention: Mark SeqNum Reset Contention                      0 / 0                 0 / 0                 0 / 0                 0 / 0           ops/s
[2023-11-16T15:33:15.590+0800][gc,stats    ]    Critical: Allocation Stall                                  0 / 0                 0 / 0                 0 / 0                 0 / 0           ops/s
[2023-11-16T15:33:15.590+0800][gc,stats    ]    Critical: Allocation Stall                              0.000 / 0.000         0.000 / 0.000         0.000 / 0.000         0.000 / 0.000       ms
[2023-11-16T15:33:15.590+0800][gc,stats    ]    Critical: GC Locker Stall                                   0 / 0                 0 / 0                 0 / 0                 0 / 0           ops/s
[2023-11-16T15:33:15.590+0800][gc,stats    ]    Critical: GC Locker Stall                               0.000 / 0.000         0.000 / 0.000         0.000 / 0.000         0.000 / 0.000       ms
[2023-11-16T15:33:15.590+0800][gc,stats    ]    Critical: Relocation Stall                                  0 / 0                 0 / 0                 0 / 0                 0 / 0           ops/s
[2023-11-16T15:33:15.590+0800][gc,stats    ]    Critical: Relocation Stall                              0.000 / 0.000         0.000 / 0.000         0.000 / 0.000         0.000 / 0.000       ms
[2023-11-16T15:33:15.590+0800][gc,stats    ]      Memory: Allocation Rate                                   0 / 2                 0 / 6                 0 / 82                0 / 82          MB/s
[2023-11-16T15:33:15.590+0800][gc,stats    ]      Memory: Defragment                                        0 / 0                 0 / 0                 0 / 0                 0 / 0           ops/s
[2023-11-16T15:33:15.590+0800][gc,stats    ]      Memory: Out Of Memory                                     0 / 0                 0 / 0                 0 / 0                 0 / 0           ops/s
[2023-11-16T15:33:15.590+0800][gc,stats    ]      Memory: Page Cache Flush                                  0 / 0                 0 / 0                 0 / 0                 0 / 0           MB/s
[2023-11-16T15:33:15.590+0800][gc,stats    ]      Memory: Page Cache Hit L1                                 0 / 0                 0 / 1                 0 / 33                0 / 33          ops/s
[2023-11-16T15:33:15.590+0800][gc,stats    ]      Memory: Page Cache Hit L2                                 0 / 0                 0 / 0                 0 / 0                 0 / 0           ops/s
[2023-11-16T15:33:15.590+0800][gc,stats    ]      Memory: Page Cache Hit L3                                 0 / 1                 0 / 3                 0 / 41                0 / 41          ops/s
[2023-11-16T15:33:15.590+0800][gc,stats    ]      Memory: Page Cache Miss                                   0 / 0                 0 / 0                 0 / 1                 0 / 1           ops/s
[2023-11-16T15:33:15.590+0800][gc,stats    ]      Memory: Uncommit                                          0 / 0                 0 / 0                 0 / 0                 0 / 0           MB/s
[2023-11-16T15:33:15.590+0800][gc,stats    ]      Memory: Undo Object Allocation Failed                     0 / 0                 0 / 0                 0 / 0                 0 / 0           ops/s
[2023-11-16T15:33:15.590+0800][gc,stats    ]      Memory: Undo Object Allocation Succeeded                  0 / 0                 0 / 0                 0 / 3                 0 / 3           ops/s
[2023-11-16T15:33:15.590+0800][gc,stats    ]      Memory: Undo Page Allocation                              0 / 0                 0 / 0                 0 / 0                 0 / 0           ops/s
[2023-11-16T15:33:15.590+0800][gc,stats    ]       Phase: Concurrent Mark                               0.000 / 0.000         0.000 / 0.000        21.531 / 24.050       21.531 / 24.050      ms
[2023-11-16T15:33:15.590+0800][gc,stats    ]       Phase: Concurrent Mark Continue                      0.000 / 0.000         0.000 / 0.000         0.000 / 0.000         0.000 / 0.000       ms
[2023-11-16T15:33:15.590+0800][gc,stats    ]       Phase: Concurrent Mark Free                          0.000 / 0.000         0.000 / 0.000         0.001 / 0.001         0.001 / 0.001       ms
[2023-11-16T15:33:15.590+0800][gc,stats    ]       Phase: Concurrent Process Non-Strong References      0.000 / 0.000         0.000 / 0.000         1.995 / 2.420         1.995 / 2.420       ms
[2023-11-16T15:33:15.590+0800][gc,stats    ]       Phase: Concurrent Relocate                           0.000 / 0.000         0.000 / 0.000         2.883 / 2.961         2.883 / 2.961       ms
[2023-11-16T15:33:15.590+0800][gc,stats    ]       Phase: Concurrent Reset Relocation Set               0.000 / 0.000         0.000 / 0.000         0.002 / 0.004         0.002 / 0.004       ms
[2023-11-16T15:33:15.590+0800][gc,stats    ]       Phase: Concurrent Select Relocation Set              0.000 / 0.000         0.000 / 0.000         4.861 / 8.184         4.861 / 8.184       ms
[2023-11-16T15:33:15.590+0800][gc,stats    ]       Phase: Pause Mark End                                0.000 / 0.000         0.000 / 0.000         0.017 / 0.019         0.017 / 0.019       ms
[2023-11-16T15:33:15.590+0800][gc,stats    ]       Phase: Pause Mark Start                              0.000 / 0.000         0.000 / 0.000         0.023 / 0.031         0.023 / 0.031       ms
[2023-11-16T15:33:15.590+0800][gc,stats    ]       Phase: Pause Relocate Start                          0.000 / 0.000         0.000 / 0.000         0.009 / 0.009         0.009 / 0.009       ms
[2023-11-16T15:33:15.590+0800][gc,stats    ]    Subphase: Concurrent Classes Purge                      0.000 / 0.000         0.000 / 0.000         0.066 / 0.071         0.066 / 0.071       ms
[2023-11-16T15:33:15.590+0800][gc,stats    ]    Subphase: Concurrent Classes Unlink                     0.000 / 0.000         0.000 / 0.000         1.264 / 1.492         1.264 / 1.492       ms
[2023-11-16T15:33:15.591+0800][gc,stats    ]    Subphase: Concurrent Mark                               0.000 / 0.000         0.000 / 0.000        18.504 / 22.997       18.504 / 22.997      ms
[2023-11-16T15:33:15.591+0800][gc,stats    ]    Subphase: Concurrent Mark Try Flush                     0.000 / 0.000         0.000 / 0.000         0.201 / 0.455         0.201 / 0.455       ms
[2023-11-16T15:33:15.591+0800][gc,stats    ]    Subphase: Concurrent Mark Try Terminate                 0.000 / 0.000         0.000 / 0.000         4.353 / 12.985        4.353 / 12.985      ms
[2023-11-16T15:33:15.591+0800][gc,stats    ]    Subphase: Concurrent References Enqueue                 0.000 / 0.000         0.000 / 0.000         0.004 / 0.004         0.004 / 0.004       ms
[2023-11-16T15:33:15.591+0800][gc,stats    ]    Subphase: Concurrent References Process                 0.000 / 0.000         0.000 / 0.000         0.104 / 0.123         0.104 / 0.123       ms
[2023-11-16T15:33:15.591+0800][gc,stats    ]    Subphase: Concurrent Roots ClassLoaderDataGraph         0.000 / 0.000         0.000 / 0.000         0.107 / 0.428         0.107 / 0.428       ms
[2023-11-16T15:33:15.591+0800][gc,stats    ]    Subphase: Concurrent Roots CodeCache                    0.000 / 0.000         0.000 / 0.000         0.000 / 0.000         0.000 / 0.000       ms
[2023-11-16T15:33:15.591+0800][gc,stats    ]    Subphase: Concurrent Roots JavaThreads                  0.000 / 0.000         0.000 / 0.000         1.013 / 1.707         1.013 / 1.707       ms
[2023-11-16T15:33:15.591+0800][gc,stats    ]    Subphase: Concurrent Roots OopStorageSet                0.000 / 0.000         0.000 / 0.000         0.146 / 0.289         0.146 / 0.289       ms
[2023-11-16T15:33:15.591+0800][gc,stats    ]    Subphase: Concurrent Weak Roots OopStorageSet           0.000 / 0.000         0.000 / 0.000         0.440 / 0.670         0.440 / 0.670       ms
[2023-11-16T15:33:15.591+0800][gc,stats    ]    Subphase: Pause Mark Try Complete                       0.000 / 0.000         0.000 / 0.000         0.000 / 0.000         0.000 / 0.000       ms
[2023-11-16T15:33:15.591+0800][gc,stats    ]      System: Java Threads                                      0 / 0                 0 / 0                34 / 47               34 / 47          threads
[2023-11-16T15:33:15.591+0800][gc,stats    ] =========================================================================================================================================================
[2023-11-16T15:33:25.583+0800][gc,stats    ] === Garbage Collection Statistics =======================================================================================================================
[2023-11-16T15:33:25.583+0800][gc,stats    ]                                                              Last 10s              Last 10m              Last 10h                Total
[2023-11-16T15:33:25.583+0800][gc,stats    ]                                                              Avg / Max             Avg / Max             Avg / Max             Avg / Max
[2023-11-16T15:33:25.583+0800][gc,stats    ]   Collector: Garbage Collection Cycle                      0.000 / 0.000         0.000 / 0.000        32.129 / 37.536       32.129 / 37.536      ms
[2023-11-16T15:33:25.583+0800][gc,stats    ]  Contention: Mark Segment Reset Contention                     0 / 0                 0 / 0                 0 / 3                 0 / 3           ops/s
[2023-11-16T15:33:25.583+0800][gc,stats    ]  Contention: Mark SeqNum Reset Contention                      0 / 0                 0 / 0                 0 / 0                 0 / 0           ops/s
[2023-11-16T15:33:25.583+0800][gc,stats    ]    Critical: Allocation Stall                                  0 / 0                 0 / 0                 0 / 0                 0 / 0           ops/s
[2023-11-16T15:33:25.583+0800][gc,stats    ]    Critical: Allocation Stall                              0.000 / 0.000         0.000 / 0.000         0.000 / 0.000         0.000 / 0.000       ms
[2023-11-16T15:33:25.583+0800][gc,stats    ]    Critical: GC Locker Stall                                   0 / 0                 0 / 0                 0 / 0                 0 / 0           ops/s
[2023-11-16T15:33:25.583+0800][gc,stats    ]    Critical: GC Locker Stall                               0.000 / 0.000         0.000 / 0.000         0.000 / 0.000         0.000 / 0.000       ms
[2023-11-16T15:33:25.583+0800][gc,stats    ]    Critical: Relocation Stall                                  0 / 0                 0 / 0                 0 / 0                 0 / 0           ops/s
[2023-11-16T15:33:25.583+0800][gc,stats    ]    Critical: Relocation Stall                              0.000 / 0.000         0.000 / 0.000         0.000 / 0.000         0.000 / 0.000       ms
[2023-11-16T15:33:25.583+0800][gc,stats    ]      Memory: Allocation Rate                                   0 / 0                 0 / 6                 0 / 82                0 / 82          MB/s
[2023-11-16T15:33:25.583+0800][gc,stats    ]      Memory: Defragment                                        0 / 0                 0 / 0                 0 / 0                 0 / 0           ops/s
[2023-11-16T15:33:25.583+0800][gc,stats    ]      Memory: Out Of Memory                                     0 / 0                 0 / 0                 0 / 0                 0 / 0           ops/s
[2023-11-16T15:33:25.583+0800][gc,stats    ]      Memory: Page Cache Flush                                  0 / 0                 0 / 0                 0 / 0                 0 / 0           MB/s
[2023-11-16T15:33:25.583+0800][gc,stats    ]      Memory: Page Cache Hit L1                                 0 / 0                 0 / 1                 0 / 33                0 / 33          ops/s
[2023-11-16T15:33:25.583+0800][gc,stats    ]      Memory: Page Cache Hit L2                                 0 / 0                 0 / 0                 0 / 0                 0 / 0           ops/s
[2023-11-16T15:33:25.583+0800][gc,stats    ]      Memory: Page Cache Hit L3                                 0 / 0                 0 / 3                 0 / 41                0 / 41          ops/s
[2023-11-16T15:33:25.583+0800][gc,stats    ]      Memory: Page Cache Miss                                   0 / 0                 0 / 0                 0 / 1                 0 / 1           ops/s
[2023-11-16T15:33:25.583+0800][gc,stats    ]      Memory: Uncommit                                          0 / 0                 0 / 0                 0 / 0                 0 / 0           MB/s
[2023-11-16T15:33:25.583+0800][gc,stats    ]      Memory: Undo Object Allocation Failed                     0 / 0                 0 / 0                 0 / 0                 0 / 0           ops/s
[2023-11-16T15:33:25.583+0800][gc,stats    ]      Memory: Undo Object Allocation Succeeded                  0 / 0                 0 / 0                 0 / 3                 0 / 3           ops/s
[2023-11-16T15:33:25.583+0800][gc,stats    ]      Memory: Undo Page Allocation                              0 / 0                 0 / 0                 0 / 0                 0 / 0           ops/s
[2023-11-16T15:33:25.583+0800][gc,stats    ]       Phase: Concurrent Mark                               0.000 / 0.000         0.000 / 0.000        21.531 / 24.050       21.531 / 24.050      ms
[2023-11-16T15:33:25.583+0800][gc,stats    ]       Phase: Concurrent Mark Continue                      0.000 / 0.000         0.000 / 0.000         0.000 / 0.000         0.000 / 0.000       ms
[2023-11-16T15:33:25.583+0800][gc,stats    ]       Phase: Concurrent Mark Free                          0.000 / 0.000         0.000 / 0.000         0.001 / 0.001         0.001 / 0.001       ms
[2023-11-16T15:33:25.583+0800][gc,stats    ]       Phase: Concurrent Process Non-Strong References      0.000 / 0.000         0.000 / 0.000         1.995 / 2.420         1.995 / 2.420       ms
[2023-11-16T15:33:25.583+0800][gc,stats    ]       Phase: Concurrent Relocate                           0.000 / 0.000         0.000 / 0.000         2.883 / 2.961         2.883 / 2.961       ms
[2023-11-16T15:33:25.583+0800][gc,stats    ]       Phase: Concurrent Reset Relocation Set               0.000 / 0.000         0.000 / 0.000         0.002 / 0.004         0.002 / 0.004       ms
[2023-11-16T15:33:25.583+0800][gc,stats    ]       Phase: Concurrent Select Relocation Set              0.000 / 0.000         0.000 / 0.000         4.861 / 8.184         4.861 / 8.184       ms
[2023-11-16T15:33:25.583+0800][gc,stats    ]       Phase: Pause Mark End                                0.000 / 0.000         0.000 / 0.000         0.017 / 0.019         0.017 / 0.019       ms
[2023-11-16T15:33:25.583+0800][gc,stats    ]       Phase: Pause Mark Start                              0.000 / 0.000         0.000 / 0.000         0.023 / 0.031         0.023 / 0.031       ms
[2023-11-16T15:33:25.583+0800][gc,stats    ]       Phase: Pause Relocate Start                          0.000 / 0.000         0.000 / 0.000         0.009 / 0.009         0.009 / 0.009       ms
[2023-11-16T15:33:25.583+0800][gc,stats    ]    Subphase: Concurrent Classes Purge                      0.000 / 0.000         0.000 / 0.000         0.066 / 0.071         0.066 / 0.071       ms
[2023-11-16T15:33:25.583+0800][gc,stats    ]    Subphase: Concurrent Classes Unlink                     0.000 / 0.000         0.000 / 0.000         1.264 / 1.492         1.264 / 1.492       ms
[2023-11-16T15:33:25.583+0800][gc,stats    ]    Subphase: Concurrent Mark                               0.000 / 0.000         0.000 / 0.000        18.504 / 22.997       18.504 / 22.997      ms
[2023-11-16T15:33:25.583+0800][gc,stats    ]    Subphase: Concurrent Mark Try Flush                     0.000 / 0.000         0.000 / 0.000         0.201 / 0.455         0.201 / 0.455       ms
[2023-11-16T15:33:25.583+0800][gc,stats    ]    Subphase: Concurrent Mark Try Terminate                 0.000 / 0.000         0.000 / 0.000         4.353 / 12.985        4.353 / 12.985      ms
[2023-11-16T15:33:25.583+0800][gc,stats    ]    Subphase: Concurrent References Enqueue                 0.000 / 0.000         0.000 / 0.000         0.004 / 0.004         0.004 / 0.004       ms
[2023-11-16T15:33:25.583+0800][gc,stats    ]    Subphase: Concurrent References Process                 0.000 / 0.000         0.000 / 0.000         0.104 / 0.123         0.104 / 0.123       ms
[2023-11-16T15:33:25.583+0800][gc,stats    ]    Subphase: Concurrent Roots ClassLoaderDataGraph         0.000 / 0.000         0.000 / 0.000         0.107 / 0.428         0.107 / 0.428       ms
[2023-11-16T15:33:25.583+0800][gc,stats    ]    Subphase: Concurrent Roots CodeCache                    0.000 / 0.000         0.000 / 0.000         0.000 / 0.000         0.000 / 0.000       ms
[2023-11-16T15:33:25.583+0800][gc,stats    ]    Subphase: Concurrent Roots JavaThreads                  0.000 / 0.000         0.000 / 0.000         1.013 / 1.707         1.013 / 1.707       ms
[2023-11-16T15:33:25.583+0800][gc,stats    ]    Subphase: Concurrent Roots OopStorageSet                0.000 / 0.000         0.000 / 0.000         0.146 / 0.289         0.146 / 0.289       ms
[2023-11-16T15:33:25.583+0800][gc,stats    ]    Subphase: Concurrent Weak Roots OopStorageSet           0.000 / 0.000         0.000 / 0.000         0.440 / 0.670         0.440 / 0.670       ms
[2023-11-16T15:33:25.583+0800][gc,stats    ]    Subphase: Pause Mark Try Complete                       0.000 / 0.000         0.000 / 0.000         0.000 / 0.000         0.000 / 0.000       ms
[2023-11-16T15:33:25.583+0800][gc,stats    ]      System: Java Threads                                      0 / 0                 0 / 0                34 / 47               34 / 47          threads
[2023-11-16T15:33:25.583+0800][gc,stats    ] =========================================================================================================================================================
[2023-11-16T15:33:35.585+0800][gc,stats    ] === Garbage Collection Statistics =======================================================================================================================
[2023-11-16T15:33:35.585+0800][gc,stats    ]                                                              Last 10s              Last 10m              Last 10h                Total
[2023-11-16T15:33:35.585+0800][gc,stats    ]                                                              Avg / Max             Avg / Max             Avg / Max             Avg / Max
[2023-11-16T15:33:35.585+0800][gc,stats    ]   Collector: Garbage Collection Cycle                      0.000 / 0.000         0.000 / 0.000        32.129 / 37.536       32.129 / 37.536      ms
[2023-11-16T15:33:35.585+0800][gc,stats    ]  Contention: Mark Segment Reset Contention                     0 / 0                 0 / 0                 0 / 3                 0 / 3           ops/s
[2023-11-16T15:33:35.585+0800][gc,stats    ]  Contention: Mark SeqNum Reset Contention                      0 / 0                 0 / 0                 0 / 0                 0 / 0           ops/s
[2023-11-16T15:33:35.585+0800][gc,stats    ]    Critical: Allocation Stall                                  0 / 0                 0 / 0                 0 / 0                 0 / 0           ops/s
[2023-11-16T15:33:35.585+0800][gc,stats    ]    Critical: Allocation Stall                              0.000 / 0.000         0.000 / 0.000         0.000 / 0.000         0.000 / 0.000       ms
[2023-11-16T15:33:35.585+0800][gc,stats    ]    Critical: GC Locker Stall                                   0 / 0                 0 / 0                 0 / 0                 0 / 0           ops/s
[2023-11-16T15:33:35.585+0800][gc,stats    ]    Critical: GC Locker Stall                               0.000 / 0.000         0.000 / 0.000         0.000 / 0.000         0.000 / 0.000       ms
[2023-11-16T15:33:35.585+0800][gc,stats    ]    Critical: Relocation Stall                                  0 / 0                 0 / 0                 0 / 0                 0 / 0           ops/s
[2023-11-16T15:33:35.585+0800][gc,stats    ]    Critical: Relocation Stall                              0.000 / 0.000         0.000 / 0.000         0.000 / 0.000         0.000 / 0.000       ms
[2023-11-16T15:33:35.585+0800][gc,stats    ]      Memory: Allocation Rate                                   0 / 0                 0 / 6                 0 / 82                0 / 82          MB/s
[2023-11-16T15:33:35.585+0800][gc,stats    ]      Memory: Defragment                                        0 / 0                 0 / 0                 0 / 0                 0 / 0           ops/s
[2023-11-16T15:33:35.585+0800][gc,stats    ]      Memory: Out Of Memory                                     0 / 0                 0 / 0                 0 / 0                 0 / 0           ops/s
[2023-11-16T15:33:35.585+0800][gc,stats    ]      Memory: Page Cache Flush                                  0 / 0                 0 / 0                 0 / 0                 0 / 0           MB/s
[2023-11-16T15:33:35.585+0800][gc,stats    ]      Memory: Page Cache Hit L1                                 0 / 0                 0 / 1                 0 / 33                0 / 33          ops/s
[2023-11-16T15:33:35.585+0800][gc,stats    ]      Memory: Page Cache Hit L2                                 0 / 0                 0 / 0                 0 / 0                 0 / 0           ops/s
[2023-11-16T15:33:35.585+0800][gc,stats    ]      Memory: Page Cache Hit L3                                 0 / 0                 0 / 3                 0 / 41                0 / 41          ops/s
[2023-11-16T15:33:35.586+0800][gc,stats    ]      Memory: Page Cache Miss                                   0 / 0                 0 / 0                 0 / 1                 0 / 1           ops/s
[2023-11-16T15:33:35.586+0800][gc,stats    ]      Memory: Uncommit                                          0 / 0                 0 / 0                 0 / 0                 0 / 0           MB/s
[2023-11-16T15:33:35.586+0800][gc,stats    ]      Memory: Undo Object Allocation Failed                     0 / 0                 0 / 0                 0 / 0                 0 / 0           ops/s
[2023-11-16T15:33:35.586+0800][gc,stats    ]      Memory: Undo Object Allocation Succeeded                  0 / 0                 0 / 0                 0 / 3                 0 / 3           ops/s
[2023-11-16T15:33:35.586+0800][gc,stats    ]      Memory: Undo Page Allocation                              0 / 0                 0 / 0                 0 / 0                 0 / 0           ops/s
[2023-11-16T15:33:35.586+0800][gc,stats    ]       Phase: Concurrent Mark                               0.000 / 0.000         0.000 / 0.000        21.531 / 24.050       21.531 / 24.050      ms
[2023-11-16T15:33:35.586+0800][gc,stats    ]       Phase: Concurrent Mark Continue                      0.000 / 0.000         0.000 / 0.000         0.000 / 0.000         0.000 / 0.000       ms
[2023-11-16T15:33:35.586+0800][gc,stats    ]       Phase: Concurrent Mark Free                          0.000 / 0.000         0.000 / 0.000         0.001 / 0.001         0.001 / 0.001       ms
[2023-11-16T15:33:35.586+0800][gc,stats    ]       Phase: Concurrent Process Non-Strong References      0.000 / 0.000         0.000 / 0.000         1.995 / 2.420         1.995 / 2.420       ms
[2023-11-16T15:33:35.586+0800][gc,stats    ]       Phase: Concurrent Relocate                           0.000 / 0.000         0.000 / 0.000         2.883 / 2.961         2.883 / 2.961       ms
[2023-11-16T15:33:35.586+0800][gc,stats    ]       Phase: Concurrent Reset Relocation Set               0.000 / 0.000         0.000 / 0.000         0.002 / 0.004         0.002 / 0.004       ms
[2023-11-16T15:33:35.586+0800][gc,stats    ]       Phase: Concurrent Select Relocation Set              0.000 / 0.000         0.000 / 0.000         4.861 / 8.184         4.861 / 8.184       ms
[2023-11-16T15:33:35.586+0800][gc,stats    ]       Phase: Pause Mark End                                0.000 / 0.000         0.000 / 0.000         0.017 / 0.019         0.017 / 0.019       ms
[2023-11-16T15:33:35.586+0800][gc,stats    ]       Phase: Pause Mark Start                              0.000 / 0.000         0.000 / 0.000         0.023 / 0.031         0.023 / 0.031       ms
[2023-11-16T15:33:35.586+0800][gc,stats    ]       Phase: Pause Relocate Start                          0.000 / 0.000         0.000 / 0.000         0.009 / 0.009         0.009 / 0.009       ms
[2023-11-16T15:33:35.586+0800][gc,stats    ]    Subphase: Concurrent Classes Purge                      0.000 / 0.000         0.000 / 0.000         0.066 / 0.071         0.066 / 0.071       ms
[2023-11-16T15:33:35.586+0800][gc,stats    ]    Subphase: Concurrent Classes Unlink                     0.000 / 0.000         0.000 / 0.000         1.264 / 1.492         1.264 / 1.492       ms
[2023-11-16T15:33:35.586+0800][gc,stats    ]    Subphase: Concurrent Mark                               0.000 / 0.000         0.000 / 0.000        18.504 / 22.997       18.504 / 22.997      ms
[2023-11-16T15:33:35.586+0800][gc,stats    ]    Subphase: Concurrent Mark Try Flush                     0.000 / 0.000         0.000 / 0.000         0.201 / 0.455         0.201 / 0.455       ms
[2023-11-16T15:33:35.586+0800][gc,stats    ]    Subphase: Concurrent Mark Try Terminate                 0.000 / 0.000         0.000 / 0.000         4.353 / 12.985        4.353 / 12.985      ms
[2023-11-16T15:33:35.586+0800][gc,stats    ]    Subphase: Concurrent References Enqueue                 0.000 / 0.000         0.000 / 0.000         0.004 / 0.004         0.004 / 0.004       ms
[2023-11-16T15:33:35.586+0800][gc,stats    ]    Subphase: Concurrent References Process                 0.000 / 0.000         0.000 / 0.000         0.104 / 0.123         0.104 / 0.123       ms
[2023-11-16T15:33:35.586+0800][gc,stats    ]    Subphase: Concurrent Roots ClassLoaderDataGraph         0.000 / 0.000         0.000 / 0.000         0.107 / 0.428         0.107 / 0.428       ms
[2023-11-16T15:33:35.586+0800][gc,stats    ]    Subphase: Concurrent Roots CodeCache                    0.000 / 0.000         0.000 / 0.000         0.000 / 0.000         0.000 / 0.000       ms
[2023-11-16T15:33:35.586+0800][gc,stats    ]    Subphase: Concurrent Roots JavaThreads                  0.000 / 0.000         0.000 / 0.000         1.013 / 1.707         1.013 / 1.707       ms
[2023-11-16T15:33:35.586+0800][gc,stats    ]    Subphase: Concurrent Roots OopStorageSet                0.000 / 0.000         0.000 / 0.000         0.146 / 0.289         0.146 / 0.289       ms
[2023-11-16T15:33:35.586+0800][gc,stats    ]    Subphase: Concurrent Weak Roots OopStorageSet           0.000 / 0.000         0.000 / 0.000         0.440 / 0.670         0.440 / 0.670       ms
[2023-11-16T15:33:35.586+0800][gc,stats    ]    Subphase: Pause Mark Try Complete                       0.000 / 0.000         0.000 / 0.000         0.000 / 0.000         0.000 / 0.000       ms
[2023-11-16T15:33:35.586+0800][gc,stats    ]      System: Java Threads                                      0 / 0                 0 / 0                34 / 47               34 / 47          threads
[2023-11-16T15:33:35.586+0800][gc,stats    ] =========================================================================================================================================================
[2023-11-16T15:33:45.587+0800][gc,stats    ] === Garbage Collection Statistics =======================================================================================================================
[2023-11-16T15:33:45.587+0800][gc,stats    ]                                                              Last 10s              Last 10m              Last 10h                Total
[2023-11-16T15:33:45.587+0800][gc,stats    ]                                                              Avg / Max             Avg / Max             Avg / Max             Avg / Max
[2023-11-16T15:33:45.587+0800][gc,stats    ]   Collector: Garbage Collection Cycle                      0.000 / 0.000         0.000 / 0.000        32.129 / 37.536       32.129 / 37.536      ms
[2023-11-16T15:33:45.587+0800][gc,stats    ]  Contention: Mark Segment Reset Contention                     0 / 0                 0 / 0                 0 / 3                 0 / 3           ops/s
[2023-11-16T15:33:45.587+0800][gc,stats    ]  Contention: Mark SeqNum Reset Contention                      0 / 0                 0 / 0                 0 / 0                 0 / 0           ops/s
[2023-11-16T15:33:45.587+0800][gc,stats    ]    Critical: Allocation Stall                                  0 / 0                 0 / 0                 0 / 0                 0 / 0           ops/s
[2023-11-16T15:33:45.587+0800][gc,stats    ]    Critical: Allocation Stall                              0.000 / 0.000         0.000 / 0.000         0.000 / 0.000         0.000 / 0.000       ms
[2023-11-16T15:33:45.587+0800][gc,stats    ]    Critical: GC Locker Stall                                   0 / 0                 0 / 0                 0 / 0                 0 / 0           ops/s
[2023-11-16T15:33:45.587+0800][gc,stats    ]    Critical: GC Locker Stall                               0.000 / 0.000         0.000 / 0.000         0.000 / 0.000         0.000 / 0.000       ms
[2023-11-16T15:33:45.587+0800][gc,stats    ]    Critical: Relocation Stall                                  0 / 0                 0 / 0                 0 / 0                 0 / 0           ops/s
[2023-11-16T15:33:45.587+0800][gc,stats    ]    Critical: Relocation Stall                              0.000 / 0.000         0.000 / 0.000         0.000 / 0.000         0.000 / 0.000       ms
[2023-11-16T15:33:45.587+0800][gc,stats    ]      Memory: Allocation Rate                                   0 / 0                 0 / 6                 0 / 82                0 / 82          MB/s
[2023-11-16T15:33:45.587+0800][gc,stats    ]      Memory: Defragment                                        0 / 0                 0 / 0                 0 / 0                 0 / 0           ops/s
[2023-11-16T15:33:45.587+0800][gc,stats    ]      Memory: Out Of Memory                                     0 / 0                 0 / 0                 0 / 0                 0 / 0           ops/s
[2023-11-16T15:33:45.587+0800][gc,stats    ]      Memory: Page Cache Flush                                  0 / 0                 0 / 0                 0 / 0                 0 / 0           MB/s
[2023-11-16T15:33:45.587+0800][gc,stats    ]      Memory: Page Cache Hit L1                                 0 / 0                 0 / 1                 0 / 33                0 / 33          ops/s
[2023-11-16T15:33:45.587+0800][gc,stats    ]      Memory: Page Cache Hit L2                                 0 / 0                 0 / 0                 0 / 0                 0 / 0           ops/s
[2023-11-16T15:33:45.587+0800][gc,stats    ]      Memory: Page Cache Hit L3                                 0 / 0                 0 / 3                 0 / 41                0 / 41          ops/s
[2023-11-16T15:33:45.587+0800][gc,stats    ]      Memory: Page Cache Miss                                   0 / 0                 0 / 0                 0 / 1                 0 / 1           ops/s
[2023-11-16T15:33:45.587+0800][gc,stats    ]      Memory: Uncommit                                          0 / 0                 0 / 0                 0 / 0                 0 / 0           MB/s
[2023-11-16T15:33:45.587+0800][gc,stats    ]      Memory: Undo Object Allocation Failed                     0 / 0                 0 / 0                 0 / 0                 0 / 0           ops/s
[2023-11-16T15:33:45.587+0800][gc,stats    ]      Memory: Undo Object Allocation Succeeded                  0 / 0                 0 / 0                 0 / 3                 0 / 3           ops/s
[2023-11-16T15:33:45.587+0800][gc,stats    ]      Memory: Undo Page Allocation                              0 / 0                 0 / 0                 0 / 0                 0 / 0           ops/s
[2023-11-16T15:33:45.587+0800][gc,stats    ]       Phase: Concurrent Mark                               0.000 / 0.000         0.000 / 0.000        21.531 / 24.050       21.531 / 24.050      ms
[2023-11-16T15:33:45.587+0800][gc,stats    ]       Phase: Concurrent Mark Continue                      0.000 / 0.000         0.000 / 0.000         0.000 / 0.000         0.000 / 0.000       ms
[2023-11-16T15:33:45.587+0800][gc,stats    ]       Phase: Concurrent Mark Free                          0.000 / 0.000         0.000 / 0.000         0.001 / 0.001         0.001 / 0.001       ms
[2023-11-16T15:33:45.587+0800][gc,stats    ]       Phase: Concurrent Process Non-Strong References      0.000 / 0.000         0.000 / 0.000         1.995 / 2.420         1.995 / 2.420       ms
[2023-11-16T15:33:45.587+0800][gc,stats    ]       Phase: Concurrent Relocate                           0.000 / 0.000         0.000 / 0.000         2.883 / 2.961         2.883 / 2.961       ms
[2023-11-16T15:33:45.587+0800][gc,stats    ]       Phase: Concurrent Reset Relocation Set               0.000 / 0.000         0.000 / 0.000         0.002 / 0.004         0.002 / 0.004       ms
[2023-11-16T15:33:45.587+0800][gc,stats    ]       Phase: Concurrent Select Relocation Set              0.000 / 0.000         0.000 / 0.000         4.861 / 8.184         4.861 / 8.184       ms
[2023-11-16T15:33:45.587+0800][gc,stats    ]       Phase: Pause Mark End                                0.000 / 0.000         0.000 / 0.000         0.017 / 0.019         0.017 / 0.019       ms
[2023-11-16T15:33:45.587+0800][gc,stats    ]       Phase: Pause Mark Start                              0.000 / 0.000         0.000 / 0.000         0.023 / 0.031         0.023 / 0.031       ms
[2023-11-16T15:33:45.587+0800][gc,stats    ]       Phase: Pause Relocate Start                          0.000 / 0.000         0.000 / 0.000         0.009 / 0.009         0.009 / 0.009       ms
[2023-11-16T15:33:45.587+0800][gc,stats    ]    Subphase: Concurrent Classes Purge                      0.000 / 0.000         0.000 / 0.000         0.066 / 0.071         0.066 / 0.071       ms
[2023-11-16T15:33:45.587+0800][gc,stats    ]    Subphase: Concurrent Classes Unlink                     0.000 / 0.000         0.000 / 0.000         1.264 / 1.492         1.264 / 1.492       ms
[2023-11-16T15:33:45.587+0800][gc,stats    ]    Subphase: Concurrent Mark                               0.000 / 0.000         0.000 / 0.000        18.504 / 22.997       18.504 / 22.997      ms
[2023-11-16T15:33:45.587+0800][gc,stats    ]    Subphase: Concurrent Mark Try Flush                     0.000 / 0.000         0.000 / 0.000         0.201 / 0.455         0.201 / 0.455       ms
[2023-11-16T15:33:45.587+0800][gc,stats    ]    Subphase: Concurrent Mark Try Terminate                 0.000 / 0.000         0.000 / 0.000         4.353 / 12.985        4.353 / 12.985      ms
[2023-11-16T15:33:45.587+0800][gc,stats    ]    Subphase: Concurrent References Enqueue                 0.000 / 0.000         0.000 / 0.000         0.004 / 0.004         0.004 / 0.004       ms
[2023-11-16T15:33:45.587+0800][gc,stats    ]    Subphase: Concurrent References Process                 0.000 / 0.000         0.000 / 0.000         0.104 / 0.123         0.104 / 0.123       ms
[2023-11-16T15:33:45.587+0800][gc,stats    ]    Subphase: Concurrent Roots ClassLoaderDataGraph         0.000 / 0.000         0.000 / 0.000         0.107 / 0.428         0.107 / 0.428       ms
[2023-11-16T15:33:45.587+0800][gc,stats    ]    Subphase: Concurrent Roots CodeCache                    0.000 / 0.000         0.000 / 0.000         0.000 / 0.000         0.000 / 0.000       ms
[2023-11-16T15:33:45.587+0800][gc,stats    ]    Subphase: Concurrent Roots JavaThreads                  0.000 / 0.000         0.000 / 0.000         1.013 / 1.707         1.013 / 1.707       ms
[2023-11-16T15:33:45.587+0800][gc,stats    ]    Subphase: Concurrent Roots OopStorageSet                0.000 / 0.000         0.000 / 0.000         0.146 / 0.289         0.146 / 0.289       ms
[2023-11-16T15:33:45.587+0800][gc,stats    ]    Subphase: Concurrent Weak Roots OopStorageSet           0.000 / 0.000         0.000 / 0.000         0.440 / 0.670         0.440 / 0.670       ms
[2023-11-16T15:33:45.587+0800][gc,stats    ]    Subphase: Pause Mark Try Complete                       0.000 / 0.000         0.000 / 0.000         0.000 / 0.000         0.000 / 0.000       ms
[2023-11-16T15:33:45.587+0800][gc,stats    ]      System: Java Threads                                      0 / 0                 0 / 0                34 / 47               34 / 47          threads
[2023-11-16T15:33:45.587+0800][gc,stats    ] =========================================================================================================================================================
[2023-11-16T15:33:55.585+0800][gc,stats    ] === Garbage Collection Statistics =======================================================================================================================
[2023-11-16T15:33:55.585+0800][gc,stats    ]                                                              Last 10s              Last 10m              Last 10h                Total
[2023-11-16T15:33:55.585+0800][gc,stats    ]                                                              Avg / Max             Avg / Max             Avg / Max             Avg / Max
[2023-11-16T15:33:55.585+0800][gc,stats    ]   Collector: Garbage Collection Cycle                      0.000 / 0.000         0.000 / 0.000        32.129 / 37.536       32.129 / 37.536      ms
[2023-11-16T15:33:55.585+0800][gc,stats    ]  Contention: Mark Segment Reset Contention                     0 / 0                 0 / 0                 0 / 3                 0 / 3           ops/s
[2023-11-16T15:33:55.585+0800][gc,stats    ]  Contention: Mark SeqNum Reset Contention                      0 / 0                 0 / 0                 0 / 0                 0 / 0           ops/s
[2023-11-16T15:33:55.585+0800][gc,stats    ]    Critical: Allocation Stall                                  0 / 0                 0 / 0                 0 / 0                 0 / 0           ops/s
[2023-11-16T15:33:55.585+0800][gc,stats    ]    Critical: Allocation Stall                              0.000 / 0.000         0.000 / 0.000         0.000 / 0.000         0.000 / 0.000       ms
[2023-11-16T15:33:55.585+0800][gc,stats    ]    Critical: GC Locker Stall                                   0 / 0                 0 / 0                 0 / 0                 0 / 0           ops/s
[2023-11-16T15:33:55.585+0800][gc,stats    ]    Critical: GC Locker Stall                               0.000 / 0.000         0.000 / 0.000         0.000 / 0.000         0.000 / 0.000       ms
[2023-11-16T15:33:55.585+0800][gc,stats    ]    Critical: Relocation Stall                                  0 / 0                 0 / 0                 0 / 0                 0 / 0           ops/s
[2023-11-16T15:33:55.585+0800][gc,stats    ]    Critical: Relocation Stall                              0.000 / 0.000         0.000 / 0.000         0.000 / 0.000         0.000 / 0.000       ms
[2023-11-16T15:33:55.585+0800][gc,stats    ]      Memory: Allocation Rate                                   0 / 2                 0 / 6                 0 / 82                0 / 82          MB/s
[2023-11-16T15:33:55.585+0800][gc,stats    ]      Memory: Defragment                                        0 / 0                 0 / 0                 0 / 0                 0 / 0           ops/s
[2023-11-16T15:33:55.585+0800][gc,stats    ]      Memory: Out Of Memory                                     0 / 0                 0 / 0                 0 / 0                 0 / 0           ops/s
[2023-11-16T15:33:55.585+0800][gc,stats    ]      Memory: Page Cache Flush                                  0 / 0                 0 / 0                 0 / 0                 0 / 0           MB/s
[2023-11-16T15:33:55.585+0800][gc,stats    ]      Memory: Page Cache Hit L1                                 0 / 0                 0 / 1                 0 / 33                0 / 33          ops/s
[2023-11-16T15:33:55.585+0800][gc,stats    ]      Memory: Page Cache Hit L2                                 0 / 0                 0 / 0                 0 / 0                 0 / 0           ops/s
[2023-11-16T15:33:55.585+0800][gc,stats    ]      Memory: Page Cache Hit L3                                 0 / 1                 0 / 3                 0 / 41                0 / 41          ops/s
[2023-11-16T15:33:55.585+0800][gc,stats    ]      Memory: Page Cache Miss                                   0 / 0                 0 / 0                 0 / 1                 0 / 1           ops/s
[2023-11-16T15:33:55.585+0800][gc,stats    ]      Memory: Uncommit                                          0 / 0                 0 / 0                 0 / 0                 0 / 0           MB/s
[2023-11-16T15:33:55.585+0800][gc,stats    ]      Memory: Undo Object Allocation Failed                     0 / 0                 0 / 0                 0 / 0                 0 / 0           ops/s
[2023-11-16T15:33:55.585+0800][gc,stats    ]      Memory: Undo Object Allocation Succeeded                  0 / 0                 0 / 0                 0 / 3                 0 / 3           ops/s
[2023-11-16T15:33:55.585+0800][gc,stats    ]      Memory: Undo Page Allocation                              0 / 0                 0 / 0                 0 / 0                 0 / 0           ops/s
[2023-11-16T15:33:55.585+0800][gc,stats    ]       Phase: Concurrent Mark                               0.000 / 0.000         0.000 / 0.000        21.531 / 24.050       21.531 / 24.050      ms
[2023-11-16T15:33:55.585+0800][gc,stats    ]       Phase: Concurrent Mark Continue                      0.000 / 0.000         0.000 / 0.000         0.000 / 0.000         0.000 / 0.000       ms
[2023-11-16T15:33:55.585+0800][gc,stats    ]       Phase: Concurrent Mark Free                          0.000 / 0.000         0.000 / 0.000         0.001 / 0.001         0.001 / 0.001       ms
[2023-11-16T15:33:55.585+0800][gc,stats    ]       Phase: Concurrent Process Non-Strong References      0.000 / 0.000         0.000 / 0.000         1.995 / 2.420         1.995 / 2.420       ms
[2023-11-16T15:33:55.585+0800][gc,stats    ]       Phase: Concurrent Relocate                           0.000 / 0.000         0.000 / 0.000         2.883 / 2.961         2.883 / 2.961       ms
[2023-11-16T15:33:55.585+0800][gc,stats    ]       Phase: Concurrent Reset Relocation Set               0.000 / 0.000         0.000 / 0.000         0.002 / 0.004         0.002 / 0.004       ms
[2023-11-16T15:33:55.585+0800][gc,stats    ]       Phase: Concurrent Select Relocation Set              0.000 / 0.000         0.000 / 0.000         4.861 / 8.184         4.861 / 8.184       ms
[2023-11-16T15:33:55.585+0800][gc,stats    ]       Phase: Pause Mark End                                0.000 / 0.000         0.000 / 0.000         0.017 / 0.019         0.017 / 0.019       ms
[2023-11-16T15:33:55.585+0800][gc,stats    ]       Phase: Pause Mark Start                              0.000 / 0.000         0.000 / 0.000         0.023 / 0.031         0.023 / 0.031       ms
[2023-11-16T15:33:55.585+0800][gc,stats    ]       Phase: Pause Relocate Start                          0.000 / 0.000         0.000 / 0.000         0.009 / 0.009         0.009 / 0.009       ms
[2023-11-16T15:33:55.585+0800][gc,stats    ]    Subphase: Concurrent Classes Purge                      0.000 / 0.000         0.000 / 0.000         0.066 / 0.071         0.066 / 0.071       ms
[2023-11-16T15:33:55.585+0800][gc,stats    ]    Subphase: Concurrent Classes Unlink                     0.000 / 0.000         0.000 / 0.000         1.264 / 1.492         1.264 / 1.492       ms
[2023-11-16T15:33:55.585+0800][gc,stats    ]    Subphase: Concurrent Mark                               0.000 / 0.000         0.000 / 0.000        18.504 / 22.997       18.504 / 22.997      ms
[2023-11-16T15:33:55.585+0800][gc,stats    ]    Subphase: Concurrent Mark Try Flush                     0.000 / 0.000         0.000 / 0.000         0.201 / 0.455         0.201 / 0.455       ms
[2023-11-16T15:33:55.585+0800][gc,stats    ]    Subphase: Concurrent Mark Try Terminate                 0.000 / 0.000         0.000 / 0.000         4.353 / 12.985        4.353 / 12.985      ms
[2023-11-16T15:33:55.585+0800][gc,stats    ]    Subphase: Concurrent References Enqueue                 0.000 / 0.000         0.000 / 0.000         0.004 / 0.004         0.004 / 0.004       ms
[2023-11-16T15:33:55.585+0800][gc,stats    ]    Subphase: Concurrent References Process                 0.000 / 0.000         0.000 / 0.000         0.104 / 0.123         0.104 / 0.123       ms
[2023-11-16T15:33:55.585+0800][gc,stats    ]    Subphase: Concurrent Roots ClassLoaderDataGraph         0.000 / 0.000         0.000 / 0.000         0.107 / 0.428         0.107 / 0.428       ms
[2023-11-16T15:33:55.585+0800][gc,stats    ]    Subphase: Concurrent Roots CodeCache                    0.000 / 0.000         0.000 / 0.000         0.000 / 0.000         0.000 / 0.000       ms
[2023-11-16T15:33:55.585+0800][gc,stats    ]    Subphase: Concurrent Roots JavaThreads                  0.000 / 0.000         0.000 / 0.000         1.013 / 1.707         1.013 / 1.707       ms
[2023-11-16T15:33:55.585+0800][gc,stats    ]    Subphase: Concurrent Roots OopStorageSet                0.000 / 0.000         0.000 / 0.000         0.146 / 0.289         0.146 / 0.289       ms
[2023-11-16T15:33:55.585+0800][gc,stats    ]    Subphase: Concurrent Weak Roots OopStorageSet           0.000 / 0.000         0.000 / 0.000         0.440 / 0.670         0.440 / 0.670       ms
[2023-11-16T15:33:55.585+0800][gc,stats    ]    Subphase: Pause Mark Try Complete                       0.000 / 0.000         0.000 / 0.000         0.000 / 0.000         0.000 / 0.000       ms
[2023-11-16T15:33:55.585+0800][gc,stats    ]      System: Java Threads                                      0 / 0                 0 / 0                34 / 47               34 / 47          threads
[2023-11-16T15:33:55.585+0800][gc,stats    ] =========================================================================================================================================================
[2023-11-16T15:34:05.577+0800][gc,stats    ] === Garbage Collection Statistics =======================================================================================================================
[2023-11-16T15:34:05.577+0800][gc,stats    ]                                                              Last 10s              Last 10m              Last 10h                Total
[2023-11-16T15:34:05.577+0800][gc,stats    ]                                                              Avg / Max             Avg / Max             Avg / Max             Avg / Max
[2023-11-16T15:34:05.577+0800][gc,stats    ]   Collector: Garbage Collection Cycle                      0.000 / 0.000         0.000 / 0.000        32.129 / 37.536       32.129 / 37.536      ms
[2023-11-16T15:34:05.577+0800][gc,stats    ]  Contention: Mark Segment Reset Contention                     0 / 0                 0 / 0                 0 / 3                 0 / 3           ops/s
[2023-11-16T15:34:05.577+0800][gc,stats    ]  Contention: Mark SeqNum Reset Contention                      0 / 0                 0 / 0                 0 / 0                 0 / 0           ops/s
[2023-11-16T15:34:05.577+0800][gc,stats    ]    Critical: Allocation Stall                                  0 / 0                 0 / 0                 0 / 0                 0 / 0           ops/s
[2023-11-16T15:34:05.577+0800][gc,stats    ]    Critical: Allocation Stall                              0.000 / 0.000         0.000 / 0.000         0.000 / 0.000         0.000 / 0.000       ms
[2023-11-16T15:34:05.577+0800][gc,stats    ]    Critical: GC Locker Stall                                   0 / 0                 0 / 0                 0 / 0                 0 / 0           ops/s
[2023-11-16T15:34:05.577+0800][gc,stats    ]    Critical: GC Locker Stall                               0.000 / 0.000         0.000 / 0.000         0.000 / 0.000         0.000 / 0.000       ms
[2023-11-16T15:34:05.577+0800][gc,stats    ]    Critical: Relocation Stall                                  0 / 0                 0 / 0                 0 / 0                 0 / 0           ops/s
[2023-11-16T15:34:05.577+0800][gc,stats    ]    Critical: Relocation Stall                              0.000 / 0.000         0.000 / 0.000         0.000 / 0.000         0.000 / 0.000       ms
[2023-11-16T15:34:05.577+0800][gc,stats    ]      Memory: Allocation Rate                                   0 / 4                 0 / 6                 0 / 82                0 / 82          MB/s
[2023-11-16T15:34:05.577+0800][gc,stats    ]      Memory: Defragment                                        0 / 0                 0 / 0                 0 / 0                 0 / 0           ops/s
[2023-11-16T15:34:05.577+0800][gc,stats    ]      Memory: Out Of Memory                                     0 / 0                 0 / 0                 0 / 0                 0 / 0           ops/s
[2023-11-16T15:34:05.577+0800][gc,stats    ]      Memory: Page Cache Flush                                  0 / 0                 0 / 0                 0 / 0                 0 / 0           MB/s
[2023-11-16T15:34:05.577+0800][gc,stats    ]      Memory: Page Cache Hit L1                                 0 / 0                 0 / 1                 0 / 33                0 / 33          ops/s
[2023-11-16T15:34:05.577+0800][gc,stats    ]      Memory: Page Cache Hit L2                                 0 / 0                 0 / 0                 0 / 0                 0 / 0           ops/s
[2023-11-16T15:34:05.577+0800][gc,stats    ]      Memory: Page Cache Hit L3                                 0 / 2                 0 / 3                 0 / 41                0 / 41          ops/s
[2023-11-16T15:34:05.577+0800][gc,stats    ]      Memory: Page Cache Miss                                   0 / 0                 0 / 0                 0 / 1                 0 / 1           ops/s
[2023-11-16T15:34:05.577+0800][gc,stats    ]      Memory: Uncommit                                          0 / 0                 0 / 0                 0 / 0                 0 / 0           MB/s
[2023-11-16T15:34:05.577+0800][gc,stats    ]      Memory: Undo Object Allocation Failed                     0 / 0                 0 / 0                 0 / 0                 0 / 0           ops/s
[2023-11-16T15:34:05.577+0800][gc,stats    ]      Memory: Undo Object Allocation Succeeded                  0 / 0                 0 / 0                 0 / 3                 0 / 3           ops/s
[2023-11-16T15:34:05.577+0800][gc,stats    ]      Memory: Undo Page Allocation                              0 / 0                 0 / 0                 0 / 0                 0 / 0           ops/s
[2023-11-16T15:34:05.577+0800][gc,stats    ]       Phase: Concurrent Mark                               0.000 / 0.000         0.000 / 0.000        21.531 / 24.050       21.531 / 24.050      ms
[2023-11-16T15:34:05.577+0800][gc,stats    ]       Phase: Concurrent Mark Continue                      0.000 / 0.000         0.000 / 0.000         0.000 / 0.000         0.000 / 0.000       ms
[2023-11-16T15:34:05.577+0800][gc,stats    ]       Phase: Concurrent Mark Free                          0.000 / 0.000         0.000 / 0.000         0.001 / 0.001         0.001 / 0.001       ms
[2023-11-16T15:34:05.577+0800][gc,stats    ]       Phase: Concurrent Process Non-Strong References      0.000 / 0.000         0.000 / 0.000         1.995 / 2.420         1.995 / 2.420       ms
[2023-11-16T15:34:05.577+0800][gc,stats    ]       Phase: Concurrent Relocate                           0.000 / 0.000         0.000 / 0.000         2.883 / 2.961         2.883 / 2.961       ms
[2023-11-16T15:34:05.577+0800][gc,stats    ]       Phase: Concurrent Reset Relocation Set               0.000 / 0.000         0.000 / 0.000         0.002 / 0.004         0.002 / 0.004       ms
[2023-11-16T15:34:05.577+0800][gc,stats    ]       Phase: Concurrent Select Relocation Set              0.000 / 0.000         0.000 / 0.000         4.861 / 8.184         4.861 / 8.184       ms
[2023-11-16T15:34:05.577+0800][gc,stats    ]       Phase: Pause Mark End                                0.000 / 0.000         0.000 / 0.000         0.017 / 0.019         0.017 / 0.019       ms
[2023-11-16T15:34:05.577+0800][gc,stats    ]       Phase: Pause Mark Start                              0.000 / 0.000         0.000 / 0.000         0.023 / 0.031         0.023 / 0.031       ms
[2023-11-16T15:34:05.577+0800][gc,stats    ]       Phase: Pause Relocate Start                          0.000 / 0.000         0.000 / 0.000         0.009 / 0.009         0.009 / 0.009       ms
[2023-11-16T15:34:05.577+0800][gc,stats    ]    Subphase: Concurrent Classes Purge                      0.000 / 0.000         0.000 / 0.000         0.066 / 0.071         0.066 / 0.071       ms
[2023-11-16T15:34:05.577+0800][gc,stats    ]    Subphase: Concurrent Classes Unlink                     0.000 / 0.000         0.000 / 0.000         1.264 / 1.492         1.264 / 1.492       ms
[2023-11-16T15:34:05.577+0800][gc,stats    ]    Subphase: Concurrent Mark                               0.000 / 0.000         0.000 / 0.000        18.504 / 22.997       18.504 / 22.997      ms
[2023-11-16T15:34:05.577+0800][gc,stats    ]    Subphase: Concurrent Mark Try Flush                     0.000 / 0.000         0.000 / 0.000         0.201 / 0.455         0.201 / 0.455       ms
[2023-11-16T15:34:05.577+0800][gc,stats    ]    Subphase: Concurrent Mark Try Terminate                 0.000 / 0.000         0.000 / 0.000         4.353 / 12.985        4.353 / 12.985      ms
[2023-11-16T15:34:05.577+0800][gc,stats    ]    Subphase: Concurrent References Enqueue                 0.000 / 0.000         0.000 / 0.000         0.004 / 0.004         0.004 / 0.004       ms
[2023-11-16T15:34:05.577+0800][gc,stats    ]    Subphase: Concurrent References Process                 0.000 / 0.000         0.000 / 0.000         0.104 / 0.123         0.104 / 0.123       ms
[2023-11-16T15:34:05.577+0800][gc,stats    ]    Subphase: Concurrent Roots ClassLoaderDataGraph         0.000 / 0.000         0.000 / 0.000         0.107 / 0.428         0.107 / 0.428       ms
[2023-11-16T15:34:05.577+0800][gc,stats    ]    Subphase: Concurrent Roots CodeCache                    0.000 / 0.000         0.000 / 0.000         0.000 / 0.000         0.000 / 0.000       ms
[2023-11-16T15:34:05.577+0800][gc,stats    ]    Subphase: Concurrent Roots JavaThreads                  0.000 / 0.000         0.000 / 0.000         1.013 / 1.707         1.013 / 1.707       ms
[2023-11-16T15:34:05.577+0800][gc,stats    ]    Subphase: Concurrent Roots OopStorageSet                0.000 / 0.000         0.000 / 0.000         0.146 / 0.289         0.146 / 0.289       ms
[2023-11-16T15:34:05.577+0800][gc,stats    ]    Subphase: Concurrent Weak Roots OopStorageSet           0.000 / 0.000         0.000 / 0.000         0.440 / 0.670         0.440 / 0.670       ms
[2023-11-16T15:34:05.577+0800][gc,stats    ]    Subphase: Pause Mark Try Complete                       0.000 / 0.000         0.000 / 0.000         0.000 / 0.000         0.000 / 0.000       ms
[2023-11-16T15:34:05.577+0800][gc,stats    ]      System: Java Threads                                      0 / 0                 0 / 0                34 / 47               34 / 47          threads
[2023-11-16T15:34:05.577+0800][gc,stats    ] =========================================================================================================================================================
[2023-11-16T15:34:15.588+0800][gc,stats    ] === Garbage Collection Statistics =======================================================================================================================
[2023-11-16T15:34:15.588+0800][gc,stats    ]                                                              Last 10s              Last 10m              Last 10h                Total
[2023-11-16T15:34:15.588+0800][gc,stats    ]                                                              Avg / Max             Avg / Max             Avg / Max             Avg / Max
[2023-11-16T15:34:15.588+0800][gc,stats    ]   Collector: Garbage Collection Cycle                      0.000 / 0.000         0.000 / 0.000        32.129 / 37.536       32.129 / 37.536      ms
[2023-11-16T15:34:15.588+0800][gc,stats    ]  Contention: Mark Segment Reset Contention                     0 / 0                 0 / 0                 0 / 3                 0 / 3           ops/s
[2023-11-16T15:34:15.588+0800][gc,stats    ]  Contention: Mark SeqNum Reset Contention                      0 / 0                 0 / 0                 0 / 0                 0 / 0           ops/s
[2023-11-16T15:34:15.588+0800][gc,stats    ]    Critical: Allocation Stall                                  0 / 0                 0 / 0                 0 / 0                 0 / 0           ops/s
[2023-11-16T15:34:15.588+0800][gc,stats    ]    Critical: Allocation Stall                              0.000 / 0.000         0.000 / 0.000         0.000 / 0.000         0.000 / 0.000       ms
[2023-11-16T15:34:15.588+0800][gc,stats    ]    Critical: GC Locker Stall                                   0 / 0                 0 / 0                 0 / 0                 0 / 0           ops/s
[2023-11-16T15:34:15.588+0800][gc,stats    ]    Critical: GC Locker Stall                               0.000 / 0.000         0.000 / 0.000         0.000 / 0.000         0.000 / 0.000       ms
[2023-11-16T15:34:15.588+0800][gc,stats    ]    Critical: Relocation Stall                                  0 / 0                 0 / 0                 0 / 0                 0 / 0           ops/s
[2023-11-16T15:34:15.588+0800][gc,stats    ]    Critical: Relocation Stall                              0.000 / 0.000         0.000 / 0.000         0.000 / 0.000         0.000 / 0.000       ms
[2023-11-16T15:34:15.588+0800][gc,stats    ]      Memory: Allocation Rate                                   0 / 4                 0 / 6                 0 / 82                0 / 82          MB/s
[2023-11-16T15:34:15.588+0800][gc,stats    ]      Memory: Defragment                                        0 / 0                 0 / 0                 0 / 0                 0 / 0           ops/s
[2023-11-16T15:34:15.588+0800][gc,stats    ]      Memory: Out Of Memory                                     0 / 0                 0 / 0                 0 / 0                 0 / 0           ops/s
[2023-11-16T15:34:15.588+0800][gc,stats    ]      Memory: Page Cache Flush                                  0 / 0                 0 / 0                 0 / 0                 0 / 0           MB/s
[2023-11-16T15:34:15.588+0800][gc,stats    ]      Memory: Page Cache Hit L1                                 0 / 0                 0 / 1                 0 / 33                0 / 33          ops/s
[2023-11-16T15:34:15.588+0800][gc,stats    ]      Memory: Page Cache Hit L2                                 0 / 0                 0 / 0                 0 / 0                 0 / 0           ops/s
[2023-11-16T15:34:15.588+0800][gc,stats    ]      Memory: Page Cache Hit L3                                 0 / 2                 0 / 3                 0 / 41                0 / 41          ops/s
[2023-11-16T15:34:15.588+0800][gc,stats    ]      Memory: Page Cache Miss                                   0 / 0                 0 / 0                 0 / 1                 0 / 1           ops/s
[2023-11-16T15:34:15.588+0800][gc,stats    ]      Memory: Uncommit                                          0 / 0                 0 / 0                 0 / 0                 0 / 0           MB/s
[2023-11-16T15:34:15.588+0800][gc,stats    ]      Memory: Undo Object Allocation Failed                     0 / 0                 0 / 0                 0 / 0                 0 / 0           ops/s
[2023-11-16T15:34:15.588+0800][gc,stats    ]      Memory: Undo Object Allocation Succeeded                  0 / 0                 0 / 0                 0 / 3                 0 / 3           ops/s
[2023-11-16T15:34:15.588+0800][gc,stats    ]      Memory: Undo Page Allocation                              0 / 0                 0 / 0                 0 / 0                 0 / 0           ops/s
[2023-11-16T15:34:15.588+0800][gc,stats    ]       Phase: Concurrent Mark                               0.000 / 0.000         0.000 / 0.000        21.531 / 24.050       21.531 / 24.050      ms
[2023-11-16T15:34:15.588+0800][gc,stats    ]       Phase: Concurrent Mark Continue                      0.000 / 0.000         0.000 / 0.000         0.000 / 0.000         0.000 / 0.000       ms
[2023-11-16T15:34:15.588+0800][gc,stats    ]       Phase: Concurrent Mark Free                          0.000 / 0.000         0.000 / 0.000         0.001 / 0.001         0.001 / 0.001       ms
[2023-11-16T15:34:15.588+0800][gc,stats    ]       Phase: Concurrent Process Non-Strong References      0.000 / 0.000         0.000 / 0.000         1.995 / 2.420         1.995 / 2.420       ms
[2023-11-16T15:34:15.588+0800][gc,stats    ]       Phase: Concurrent Relocate                           0.000 / 0.000         0.000 / 0.000         2.883 / 2.961         2.883 / 2.961       ms
[2023-11-16T15:34:15.588+0800][gc,stats    ]       Phase: Concurrent Reset Relocation Set               0.000 / 0.000         0.000 / 0.000         0.002 / 0.004         0.002 / 0.004       ms
[2023-11-16T15:34:15.588+0800][gc,stats    ]       Phase: Concurrent Select Relocation Set              0.000 / 0.000         0.000 / 0.000         4.861 / 8.184         4.861 / 8.184       ms
[2023-11-16T15:34:15.588+0800][gc,stats    ]       Phase: Pause Mark End                                0.000 / 0.000         0.000 / 0.000         0.017 / 0.019         0.017 / 0.019       ms
[2023-11-16T15:34:15.588+0800][gc,stats    ]       Phase: Pause Mark Start                              0.000 / 0.000         0.000 / 0.000         0.023 / 0.031         0.023 / 0.031       ms
[2023-11-16T15:34:15.588+0800][gc,stats    ]       Phase: Pause Relocate Start                          0.000 / 0.000         0.000 / 0.000         0.009 / 0.009         0.009 / 0.009       ms
[2023-11-16T15:34:15.588+0800][gc,stats    ]    Subphase: Concurrent Classes Purge                      0.000 / 0.000         0.000 / 0.000         0.066 / 0.071         0.066 / 0.071       ms
[2023-11-16T15:34:15.588+0800][gc,stats    ]    Subphase: Concurrent Classes Unlink                     0.000 / 0.000         0.000 / 0.000         1.264 / 1.492         1.264 / 1.492       ms
[2023-11-16T15:34:15.588+0800][gc,stats    ]    Subphase: Concurrent Mark                               0.000 / 0.000         0.000 / 0.000        18.504 / 22.997       18.504 / 22.997      ms
[2023-11-16T15:34:15.588+0800][gc,stats    ]    Subphase: Concurrent Mark Try Flush                     0.000 / 0.000         0.000 / 0.000         0.201 / 0.455         0.201 / 0.455       ms
[2023-11-16T15:34:15.588+0800][gc,stats    ]    Subphase: Concurrent Mark Try Terminate                 0.000 / 0.000         0.000 / 0.000         4.353 / 12.985        4.353 / 12.985      ms
[2023-11-16T15:34:15.588+0800][gc,stats    ]    Subphase: Concurrent References Enqueue                 0.000 / 0.000         0.000 / 0.000         0.004 / 0.004         0.004 / 0.004       ms
[2023-11-16T15:34:15.588+0800][gc,stats    ]    Subphase: Concurrent References Process                 0.000 / 0.000         0.000 / 0.000         0.104 / 0.123         0.104 / 0.123       ms
[2023-11-16T15:34:15.588+0800][gc,stats    ]    Subphase: Concurrent Roots ClassLoaderDataGraph         0.000 / 0.000         0.000 / 0.000         0.107 / 0.428         0.107 / 0.428       ms
[2023-11-16T15:34:15.588+0800][gc,stats    ]    Subphase: Concurrent Roots CodeCache                    0.000 / 0.000         0.000 / 0.000         0.000 / 0.000         0.000 / 0.000       ms
[2023-11-16T15:34:15.588+0800][gc,stats    ]    Subphase: Concurrent Roots JavaThreads                  0.000 / 0.000         0.000 / 0.000         1.013 / 1.707         1.013 / 1.707       ms
[2023-11-16T15:34:15.588+0800][gc,stats    ]    Subphase: Concurrent Roots OopStorageSet                0.000 / 0.000         0.000 / 0.000         0.146 / 0.289         0.146 / 0.289       ms
[2023-11-16T15:34:15.588+0800][gc,stats    ]    Subphase: Concurrent Weak Roots OopStorageSet           0.000 / 0.000         0.000 / 0.000         0.440 / 0.670         0.440 / 0.670       ms
[2023-11-16T15:34:15.588+0800][gc,stats    ]    Subphase: Pause Mark Try Complete                       0.000 / 0.000         0.000 / 0.000         0.000 / 0.000         0.000 / 0.000       ms
[2023-11-16T15:34:15.588+0800][gc,stats    ]      System: Java Threads                                      0 / 0                 0 / 0                34 / 47               34 / 47          threads
[2023-11-16T15:34:15.588+0800][gc,stats    ] =========================================================================================================================================================
[2023-11-16T15:34:25.580+0800][gc,stats    ] === Garbage Collection Statistics =======================================================================================================================
[2023-11-16T15:34:25.580+0800][gc,stats    ]                                                              Last 10s              Last 10m              Last 10h                Total
[2023-11-16T15:34:25.580+0800][gc,stats    ]                                                              Avg / Max             Avg / Max             Avg / Max             Avg / Max
[2023-11-16T15:34:25.580+0800][gc,stats    ]   Collector: Garbage Collection Cycle                      0.000 / 0.000         0.000 / 0.000        32.129 / 37.536       32.129 / 37.536      ms
[2023-11-16T15:34:25.580+0800][gc,stats    ]  Contention: Mark Segment Reset Contention                     0 / 0                 0 / 0                 0 / 3                 0 / 3           ops/s
[2023-11-16T15:34:25.580+0800][gc,stats    ]  Contention: Mark SeqNum Reset Contention                      0 / 0                 0 / 0                 0 / 0                 0 / 0           ops/s
[2023-11-16T15:34:25.580+0800][gc,stats    ]    Critical: Allocation Stall                                  0 / 0                 0 / 0                 0 / 0                 0 / 0           ops/s
[2023-11-16T15:34:25.580+0800][gc,stats    ]    Critical: Allocation Stall                              0.000 / 0.000         0.000 / 0.000         0.000 / 0.000         0.000 / 0.000       ms
[2023-11-16T15:34:25.580+0800][gc,stats    ]    Critical: GC Locker Stall                                   0 / 0                 0 / 0                 0 / 0                 0 / 0           ops/s
[2023-11-16T15:34:25.580+0800][gc,stats    ]    Critical: GC Locker Stall                               0.000 / 0.000         0.000 / 0.000         0.000 / 0.000         0.000 / 0.000       ms
[2023-11-16T15:34:25.580+0800][gc,stats    ]    Critical: Relocation Stall                                  0 / 0                 0 / 0                 0 / 0                 0 / 0           ops/s
[2023-11-16T15:34:25.580+0800][gc,stats    ]    Critical: Relocation Stall                              0.000 / 0.000         0.000 / 0.000         0.000 / 0.000         0.000 / 0.000       ms
[2023-11-16T15:34:25.580+0800][gc,stats    ]      Memory: Allocation Rate                                   0 / 0                 0 / 6                 0 / 82                0 / 82          MB/s
[2023-11-16T15:34:25.580+0800][gc,stats    ]      Memory: Defragment                                        0 / 0                 0 / 0                 0 / 0                 0 / 0           ops/s
[2023-11-16T15:34:25.580+0800][gc,stats    ]      Memory: Out Of Memory                                     0 / 0                 0 / 0                 0 / 0                 0 / 0           ops/s
[2023-11-16T15:34:25.580+0800][gc,stats    ]      Memory: Page Cache Flush                                  0 / 0                 0 / 0                 0 / 0                 0 / 0           MB/s
[2023-11-16T15:34:25.580+0800][gc,stats    ]      Memory: Page Cache Hit L1                                 0 / 0                 0 / 1                 0 / 33                0 / 33          ops/s
[2023-11-16T15:34:25.580+0800][gc,stats    ]      Memory: Page Cache Hit L2                                 0 / 0                 0 / 0                 0 / 0                 0 / 0           ops/s
[2023-11-16T15:34:25.580+0800][gc,stats    ]      Memory: Page Cache Hit L3                                 0 / 0                 0 / 3                 0 / 41                0 / 41          ops/s
[2023-11-16T15:34:25.580+0800][gc,stats    ]      Memory: Page Cache Miss                                   0 / 0                 0 / 0                 0 / 1                 0 / 1           ops/s
[2023-11-16T15:34:25.580+0800][gc,stats    ]      Memory: Uncommit                                          0 / 0                 0 / 0                 0 / 0                 0 / 0           MB/s
[2023-11-16T15:34:25.580+0800][gc,stats    ]      Memory: Undo Object Allocation Failed                     0 / 0                 0 / 0                 0 / 0                 0 / 0           ops/s
[2023-11-16T15:34:25.580+0800][gc,stats    ]      Memory: Undo Object Allocation Succeeded                  0 / 0                 0 / 0                 0 / 3                 0 / 3           ops/s
[2023-11-16T15:34:25.580+0800][gc,stats    ]      Memory: Undo Page Allocation                              0 / 0                 0 / 0                 0 / 0                 0 / 0           ops/s
[2023-11-16T15:34:25.580+0800][gc,stats    ]       Phase: Concurrent Mark                               0.000 / 0.000         0.000 / 0.000        21.531 / 24.050       21.531 / 24.050      ms
[2023-11-16T15:34:25.580+0800][gc,stats    ]       Phase: Concurrent Mark Continue                      0.000 / 0.000         0.000 / 0.000         0.000 / 0.000         0.000 / 0.000       ms
[2023-11-16T15:34:25.580+0800][gc,stats    ]       Phase: Concurrent Mark Free                          0.000 / 0.000         0.000 / 0.000         0.001 / 0.001         0.001 / 0.001       ms
[2023-11-16T15:34:25.580+0800][gc,stats    ]       Phase: Concurrent Process Non-Strong References      0.000 / 0.000         0.000 / 0.000         1.995 / 2.420         1.995 / 2.420       ms
[2023-11-16T15:34:25.580+0800][gc,stats    ]       Phase: Concurrent Relocate                           0.000 / 0.000         0.000 / 0.000         2.883 / 2.961         2.883 / 2.961       ms
[2023-11-16T15:34:25.580+0800][gc,stats    ]       Phase: Concurrent Reset Relocation Set               0.000 / 0.000         0.000 / 0.000         0.002 / 0.004         0.002 / 0.004       ms
[2023-11-16T15:34:25.580+0800][gc,stats    ]       Phase: Concurrent Select Relocation Set              0.000 / 0.000         0.000 / 0.000         4.861 / 8.184         4.861 / 8.184       ms
[2023-11-16T15:34:25.580+0800][gc,stats    ]       Phase: Pause Mark End                                0.000 / 0.000         0.000 / 0.000         0.017 / 0.019         0.017 / 0.019       ms
[2023-11-16T15:34:25.580+0800][gc,stats    ]       Phase: Pause Mark Start                              0.000 / 0.000         0.000 / 0.000         0.023 / 0.031         0.023 / 0.031       ms
[2023-11-16T15:34:25.580+0800][gc,stats    ]       Phase: Pause Relocate Start                          0.000 / 0.000         0.000 / 0.000         0.009 / 0.009         0.009 / 0.009       ms
[2023-11-16T15:34:25.580+0800][gc,stats    ]    Subphase: Concurrent Classes Purge                      0.000 / 0.000         0.000 / 0.000         0.066 / 0.071         0.066 / 0.071       ms
[2023-11-16T15:34:25.580+0800][gc,stats    ]    Subphase: Concurrent Classes Unlink                     0.000 / 0.000         0.000 / 0.000         1.264 / 1.492         1.264 / 1.492       ms
[2023-11-16T15:34:25.580+0800][gc,stats    ]    Subphase: Concurrent Mark                               0.000 / 0.000         0.000 / 0.000        18.504 / 22.997       18.504 / 22.997      ms
[2023-11-16T15:34:25.580+0800][gc,stats    ]    Subphase: Concurrent Mark Try Flush                     0.000 / 0.000         0.000 / 0.000         0.201 / 0.455         0.201 / 0.455       ms
[2023-11-16T15:34:25.580+0800][gc,stats    ]    Subphase: Concurrent Mark Try Terminate                 0.000 / 0.000         0.000 / 0.000         4.353 / 12.985        4.353 / 12.985      ms
[2023-11-16T15:34:25.580+0800][gc,stats    ]    Subphase: Concurrent References Enqueue                 0.000 / 0.000         0.000 / 0.000         0.004 / 0.004         0.004 / 0.004       ms
[2023-11-16T15:34:25.580+0800][gc,stats    ]    Subphase: Concurrent References Process                 0.000 / 0.000         0.000 / 0.000         0.104 / 0.123         0.104 / 0.123       ms
[2023-11-16T15:34:25.580+0800][gc,stats    ]    Subphase: Concurrent Roots ClassLoaderDataGraph         0.000 / 0.000         0.000 / 0.000         0.107 / 0.428         0.107 / 0.428       ms
[2023-11-16T15:34:25.580+0800][gc,stats    ]    Subphase: Concurrent Roots CodeCache                    0.000 / 0.000         0.000 / 0.000         0.000 / 0.000         0.000 / 0.000       ms
[2023-11-16T15:34:25.580+0800][gc,stats    ]    Subphase: Concurrent Roots JavaThreads                  0.000 / 0.000         0.000 / 0.000         1.013 / 1.707         1.013 / 1.707       ms
[2023-11-16T15:34:25.580+0800][gc,stats    ]    Subphase: Concurrent Roots OopStorageSet                0.000 / 0.000         0.000 / 0.000         0.146 / 0.289         0.146 / 0.289       ms
[2023-11-16T15:34:25.580+0800][gc,stats    ]    Subphase: Concurrent Weak Roots OopStorageSet           0.000 / 0.000         0.000 / 0.000         0.440 / 0.670         0.440 / 0.670       ms
[2023-11-16T15:34:25.581+0800][gc,stats    ]    Subphase: Pause Mark Try Complete                       0.000 / 0.000         0.000 / 0.000         0.000 / 0.000         0.000 / 0.000       ms
[2023-11-16T15:34:25.581+0800][gc,stats    ]      System: Java Threads                                      0 / 0                 0 / 0                34 / 47               34 / 47          threads
[2023-11-16T15:34:25.581+0800][gc,stats    ] =========================================================================================================================================================
[2023-11-16T15:34:35.579+0800][gc,stats    ] === Garbage Collection Statistics =======================================================================================================================
[2023-11-16T15:34:35.579+0800][gc,stats    ]                                                              Last 10s              Last 10m              Last 10h                Total
[2023-11-16T15:34:35.579+0800][gc,stats    ]                                                              Avg / Max             Avg / Max             Avg / Max             Avg / Max
[2023-11-16T15:34:35.579+0800][gc,stats    ]   Collector: Garbage Collection Cycle                      0.000 / 0.000         0.000 / 0.000        32.129 / 37.536       32.129 / 37.536      ms
[2023-11-16T15:34:35.579+0800][gc,stats    ]  Contention: Mark Segment Reset Contention                     0 / 0                 0 / 0                 0 / 3                 0 / 3           ops/s
[2023-11-16T15:34:35.579+0800][gc,stats    ]  Contention: Mark SeqNum Reset Contention                      0 / 0                 0 / 0                 0 / 0                 0 / 0           ops/s
[2023-11-16T15:34:35.579+0800][gc,stats    ]    Critical: Allocation Stall                                  0 / 0                 0 / 0                 0 / 0                 0 / 0           ops/s
[2023-11-16T15:34:35.579+0800][gc,stats    ]    Critical: Allocation Stall                              0.000 / 0.000         0.000 / 0.000         0.000 / 0.000         0.000 / 0.000       ms
[2023-11-16T15:34:35.579+0800][gc,stats    ]    Critical: GC Locker Stall                                   0 / 0                 0 / 0                 0 / 0                 0 / 0           ops/s
[2023-11-16T15:34:35.579+0800][gc,stats    ]    Critical: GC Locker Stall                               0.000 / 0.000         0.000 / 0.000         0.000 / 0.000         0.000 / 0.000       ms
[2023-11-16T15:34:35.579+0800][gc,stats    ]    Critical: Relocation Stall                                  0 / 0                 0 / 0                 0 / 0                 0 / 0           ops/s
[2023-11-16T15:34:35.579+0800][gc,stats    ]    Critical: Relocation Stall                              0.000 / 0.000         0.000 / 0.000         0.000 / 0.000         0.000 / 0.000       ms
[2023-11-16T15:34:35.579+0800][gc,stats    ]      Memory: Allocation Rate                                   0 / 0                 0 / 6                 0 / 82                0 / 82          MB/s
[2023-11-16T15:34:35.579+0800][gc,stats    ]      Memory: Defragment                                        0 / 0                 0 / 0                 0 / 0                 0 / 0           ops/s
[2023-11-16T15:34:35.579+0800][gc,stats    ]      Memory: Out Of Memory                                     0 / 0                 0 / 0                 0 / 0                 0 / 0           ops/s
[2023-11-16T15:34:35.579+0800][gc,stats    ]      Memory: Page Cache Flush                                  0 / 0                 0 / 0                 0 / 0                 0 / 0           MB/s
[2023-11-16T15:34:35.579+0800][gc,stats    ]      Memory: Page Cache Hit L1                                 0 / 0                 0 / 1                 0 / 33                0 / 33          ops/s
[2023-11-16T15:34:35.579+0800][gc,stats    ]      Memory: Page Cache Hit L2                                 0 / 0                 0 / 0                 0 / 0                 0 / 0           ops/s
[2023-11-16T15:34:35.579+0800][gc,stats    ]      Memory: Page Cache Hit L3                                 0 / 0                 0 / 3                 0 / 41                0 / 41          ops/s
[2023-11-16T15:34:35.579+0800][gc,stats    ]      Memory: Page Cache Miss                                   0 / 0                 0 / 0                 0 / 1                 0 / 1           ops/s
[2023-11-16T15:34:35.579+0800][gc,stats    ]      Memory: Uncommit                                          0 / 0                 0 / 0                 0 / 0                 0 / 0           MB/s
[2023-11-16T15:34:35.579+0800][gc,stats    ]      Memory: Undo Object Allocation Failed                     0 / 0                 0 / 0                 0 / 0                 0 / 0           ops/s
[2023-11-16T15:34:35.580+0800][gc,stats    ]      Memory: Undo Object Allocation Succeeded                  0 / 0                 0 / 0                 0 / 3                 0 / 3           ops/s
[2023-11-16T15:34:35.580+0800][gc,stats    ]      Memory: Undo Page Allocation                              0 / 0                 0 / 0                 0 / 0                 0 / 0           ops/s
[2023-11-16T15:34:35.580+0800][gc,stats    ]       Phase: Concurrent Mark                               0.000 / 0.000         0.000 / 0.000        21.531 / 24.050       21.531 / 24.050      ms
[2023-11-16T15:34:35.580+0800][gc,stats    ]       Phase: Concurrent Mark Continue                      0.000 / 0.000         0.000 / 0.000         0.000 / 0.000         0.000 / 0.000       ms
[2023-11-16T15:34:35.580+0800][gc,stats    ]       Phase: Concurrent Mark Free                          0.000 / 0.000         0.000 / 0.000         0.001 / 0.001         0.001 / 0.001       ms
[2023-11-16T15:34:35.580+0800][gc,stats    ]       Phase: Concurrent Process Non-Strong References      0.000 / 0.000         0.000 / 0.000         1.995 / 2.420         1.995 / 2.420       ms
[2023-11-16T15:34:35.580+0800][gc,stats    ]       Phase: Concurrent Relocate                           0.000 / 0.000         0.000 / 0.000         2.883 / 2.961         2.883 / 2.961       ms
[2023-11-16T15:34:35.580+0800][gc,stats    ]       Phase: Concurrent Reset Relocation Set               0.000 / 0.000         0.000 / 0.000         0.002 / 0.004         0.002 / 0.004       ms
[2023-11-16T15:34:35.580+0800][gc,stats    ]       Phase: Concurrent Select Relocation Set              0.000 / 0.000         0.000 / 0.000         4.861 / 8.184         4.861 / 8.184       ms
[2023-11-16T15:34:35.580+0800][gc,stats    ]       Phase: Pause Mark End                                0.000 / 0.000         0.000 / 0.000         0.017 / 0.019         0.017 / 0.019       ms
[2023-11-16T15:34:35.580+0800][gc,stats    ]       Phase: Pause Mark Start                              0.000 / 0.000         0.000 / 0.000         0.023 / 0.031         0.023 / 0.031       ms
[2023-11-16T15:34:35.580+0800][gc,stats    ]       Phase: Pause Relocate Start                          0.000 / 0.000         0.000 / 0.000         0.009 / 0.009         0.009 / 0.009       ms
[2023-11-16T15:34:35.580+0800][gc,stats    ]    Subphase: Concurrent Classes Purge                      0.000 / 0.000         0.000 / 0.000         0.066 / 0.071         0.066 / 0.071       ms
[2023-11-16T15:34:35.580+0800][gc,stats    ]    Subphase: Concurrent Classes Unlink                     0.000 / 0.000         0.000 / 0.000         1.264 / 1.492         1.264 / 1.492       ms
[2023-11-16T15:34:35.580+0800][gc,stats    ]    Subphase: Concurrent Mark                               0.000 / 0.000         0.000 / 0.000        18.504 / 22.997       18.504 / 22.997      ms
[2023-11-16T15:34:35.580+0800][gc,stats    ]    Subphase: Concurrent Mark Try Flush                     0.000 / 0.000         0.000 / 0.000         0.201 / 0.455         0.201 / 0.455       ms
[2023-11-16T15:34:35.580+0800][gc,stats    ]    Subphase: Concurrent Mark Try Terminate                 0.000 / 0.000         0.000 / 0.000         4.353 / 12.985        4.353 / 12.985      ms
[2023-11-16T15:34:35.580+0800][gc,stats    ]    Subphase: Concurrent References Enqueue                 0.000 / 0.000         0.000 / 0.000         0.004 / 0.004         0.004 / 0.004       ms
[2023-11-16T15:34:35.580+0800][gc,stats    ]    Subphase: Concurrent References Process                 0.000 / 0.000         0.000 / 0.000         0.104 / 0.123         0.104 / 0.123       ms
[2023-11-16T15:34:35.580+0800][gc,stats    ]    Subphase: Concurrent Roots ClassLoaderDataGraph         0.000 / 0.000         0.000 / 0.000         0.107 / 0.428         0.107 / 0.428       ms
[2023-11-16T15:34:35.580+0800][gc,stats    ]    Subphase: Concurrent Roots CodeCache                    0.000 / 0.000         0.000 / 0.000         0.000 / 0.000         0.000 / 0.000       ms
[2023-11-16T15:34:35.580+0800][gc,stats    ]    Subphase: Concurrent Roots JavaThreads                  0.000 / 0.000         0.000 / 0.000         1.013 / 1.707         1.013 / 1.707       ms
[2023-11-16T15:34:35.580+0800][gc,stats    ]    Subphase: Concurrent Roots OopStorageSet                0.000 / 0.000         0.000 / 0.000         0.146 / 0.289         0.146 / 0.289       ms
[2023-11-16T15:34:35.580+0800][gc,stats    ]    Subphase: Concurrent Weak Roots OopStorageSet           0.000 / 0.000         0.000 / 0.000         0.440 / 0.670         0.440 / 0.670       ms
[2023-11-16T15:34:35.580+0800][gc,stats    ]    Subphase: Pause Mark Try Complete                       0.000 / 0.000         0.000 / 0.000         0.000 / 0.000         0.000 / 0.000       ms
[2023-11-16T15:34:35.580+0800][gc,stats    ]      System: Java Threads                                      0 / 0                 0 / 0                34 / 47               34 / 47          threads
[2023-11-16T15:34:35.580+0800][gc,stats    ] =========================================================================================================================================================
[2023-11-16T15:34:45.590+0800][gc,stats    ] === Garbage Collection Statistics =======================================================================================================================
[2023-11-16T15:34:45.590+0800][gc,stats    ]                                                              Last 10s              Last 10m              Last 10h                Total
[2023-11-16T15:34:45.590+0800][gc,stats    ]                                                              Avg / Max             Avg / Max             Avg / Max             Avg / Max
[2023-11-16T15:34:45.590+0800][gc,stats    ]   Collector: Garbage Collection Cycle                      0.000 / 0.000         0.000 / 0.000        32.129 / 37.536       32.129 / 37.536      ms
[2023-11-16T15:34:45.590+0800][gc,stats    ]  Contention: Mark Segment Reset Contention                     0 / 0                 0 / 0                 0 / 3                 0 / 3           ops/s
[2023-11-16T15:34:45.590+0800][gc,stats    ]  Contention: Mark SeqNum Reset Contention                      0 / 0                 0 / 0                 0 / 0                 0 / 0           ops/s
[2023-11-16T15:34:45.590+0800][gc,stats    ]    Critical: Allocation Stall                                  0 / 0                 0 / 0                 0 / 0                 0 / 0           ops/s
[2023-11-16T15:34:45.590+0800][gc,stats    ]    Critical: Allocation Stall                              0.000 / 0.000         0.000 / 0.000         0.000 / 0.000         0.000 / 0.000       ms
[2023-11-16T15:34:45.590+0800][gc,stats    ]    Critical: GC Locker Stall                                   0 / 0                 0 / 0                 0 / 0                 0 / 0           ops/s
[2023-11-16T15:34:45.590+0800][gc,stats    ]    Critical: GC Locker Stall                               0.000 / 0.000         0.000 / 0.000         0.000 / 0.000         0.000 / 0.000       ms
[2023-11-16T15:34:45.590+0800][gc,stats    ]    Critical: Relocation Stall                                  0 / 0                 0 / 0                 0 / 0                 0 / 0           ops/s
[2023-11-16T15:34:45.590+0800][gc,stats    ]    Critical: Relocation Stall                              0.000 / 0.000         0.000 / 0.000         0.000 / 0.000         0.000 / 0.000       ms
[2023-11-16T15:34:45.590+0800][gc,stats    ]      Memory: Allocation Rate                                   0 / 0                 0 / 6                 0 / 82                0 / 82          MB/s
[2023-11-16T15:34:45.590+0800][gc,stats    ]      Memory: Defragment                                        0 / 0                 0 / 0                 0 / 0                 0 / 0           ops/s
[2023-11-16T15:34:45.590+0800][gc,stats    ]      Memory: Out Of Memory                                     0 / 0                 0 / 0                 0 / 0                 0 / 0           ops/s
[2023-11-16T15:34:45.590+0800][gc,stats    ]      Memory: Page Cache Flush                                  0 / 0                 0 / 0                 0 / 0                 0 / 0           MB/s
[2023-11-16T15:34:45.590+0800][gc,stats    ]      Memory: Page Cache Hit L1                                 0 / 0                 0 / 1                 0 / 33                0 / 33          ops/s
[2023-11-16T15:34:45.590+0800][gc,stats    ]      Memory: Page Cache Hit L2                                 0 / 0                 0 / 0                 0 / 0                 0 / 0           ops/s
[2023-11-16T15:34:45.590+0800][gc,stats    ]      Memory: Page Cache Hit L3                                 0 / 0                 0 / 3                 0 / 41                0 / 41          ops/s
[2023-11-16T15:34:45.590+0800][gc,stats    ]      Memory: Page Cache Miss                                   0 / 0                 0 / 0                 0 / 1                 0 / 1           ops/s
[2023-11-16T15:34:45.590+0800][gc,stats    ]      Memory: Uncommit                                          0 / 0                 0 / 0                 0 / 0                 0 / 0           MB/s
[2023-11-16T15:34:45.590+0800][gc,stats    ]      Memory: Undo Object Allocation Failed                     0 / 0                 0 / 0                 0 / 0                 0 / 0           ops/s
[2023-11-16T15:34:45.590+0800][gc,stats    ]      Memory: Undo Object Allocation Succeeded                  0 / 0                 0 / 0                 0 / 3                 0 / 3           ops/s
[2023-11-16T15:34:45.590+0800][gc,stats    ]      Memory: Undo Page Allocation                              0 / 0                 0 / 0                 0 / 0                 0 / 0           ops/s
[2023-11-16T15:34:45.590+0800][gc,stats    ]       Phase: Concurrent Mark                               0.000 / 0.000         0.000 / 0.000        21.531 / 24.050       21.531 / 24.050      ms
[2023-11-16T15:34:45.590+0800][gc,stats    ]       Phase: Concurrent Mark Continue                      0.000 / 0.000         0.000 / 0.000         0.000 / 0.000         0.000 / 0.000       ms
[2023-11-16T15:34:45.590+0800][gc,stats    ]       Phase: Concurrent Mark Free                          0.000 / 0.000         0.000 / 0.000         0.001 / 0.001         0.001 / 0.001       ms
[2023-11-16T15:34:45.590+0800][gc,stats    ]       Phase: Concurrent Process Non-Strong References      0.000 / 0.000         0.000 / 0.000         1.995 / 2.420         1.995 / 2.420       ms
[2023-11-16T15:34:45.590+0800][gc,stats    ]       Phase: Concurrent Relocate                           0.000 / 0.000         0.000 / 0.000         2.883 / 2.961         2.883 / 2.961       ms
[2023-11-16T15:34:45.590+0800][gc,stats    ]       Phase: Concurrent Reset Relocation Set               0.000 / 0.000         0.000 / 0.000         0.002 / 0.004         0.002 / 0.004       ms
[2023-11-16T15:34:45.590+0800][gc,stats    ]       Phase: Concurrent Select Relocation Set              0.000 / 0.000         0.000 / 0.000         4.861 / 8.184         4.861 / 8.184       ms
[2023-11-16T15:34:45.590+0800][gc,stats    ]       Phase: Pause Mark End                                0.000 / 0.000         0.000 / 0.000         0.017 / 0.019         0.017 / 0.019       ms
[2023-11-16T15:34:45.590+0800][gc,stats    ]       Phase: Pause Mark Start                              0.000 / 0.000         0.000 / 0.000         0.023 / 0.031         0.023 / 0.031       ms
[2023-11-16T15:34:45.590+0800][gc,stats    ]       Phase: Pause Relocate Start                          0.000 / 0.000         0.000 / 0.000         0.009 / 0.009         0.009 / 0.009       ms
[2023-11-16T15:34:45.590+0800][gc,stats    ]    Subphase: Concurrent Classes Purge                      0.000 / 0.000         0.000 / 0.000         0.066 / 0.071         0.066 / 0.071       ms
[2023-11-16T15:34:45.590+0800][gc,stats    ]    Subphase: Concurrent Classes Unlink                     0.000 / 0.000         0.000 / 0.000         1.264 / 1.492         1.264 / 1.492       ms
[2023-11-16T15:34:45.590+0800][gc,stats    ]    Subphase: Concurrent Mark                               0.000 / 0.000         0.000 / 0.000        18.504 / 22.997       18.504 / 22.997      ms
[2023-11-16T15:34:45.590+0800][gc,stats    ]    Subphase: Concurrent Mark Try Flush                     0.000 / 0.000         0.000 / 0.000         0.201 / 0.455         0.201 / 0.455       ms
[2023-11-16T15:34:45.590+0800][gc,stats    ]    Subphase: Concurrent Mark Try Terminate                 0.000 / 0.000         0.000 / 0.000         4.353 / 12.985        4.353 / 12.985      ms
[2023-11-16T15:34:45.590+0800][gc,stats    ]    Subphase: Concurrent References Enqueue                 0.000 / 0.000         0.000 / 0.000         0.004 / 0.004         0.004 / 0.004       ms
[2023-11-16T15:34:45.590+0800][gc,stats    ]    Subphase: Concurrent References Process                 0.000 / 0.000         0.000 / 0.000         0.104 / 0.123         0.104 / 0.123       ms
[2023-11-16T15:34:45.590+0800][gc,stats    ]    Subphase: Concurrent Roots ClassLoaderDataGraph         0.000 / 0.000         0.000 / 0.000         0.107 / 0.428         0.107 / 0.428       ms
[2023-11-16T15:34:45.590+0800][gc,stats    ]    Subphase: Concurrent Roots CodeCache                    0.000 / 0.000         0.000 / 0.000         0.000 / 0.000         0.000 / 0.000       ms
[2023-11-16T15:34:45.590+0800][gc,stats    ]    Subphase: Concurrent Roots JavaThreads                  0.000 / 0.000         0.000 / 0.000         1.013 / 1.707         1.013 / 1.707       ms
[2023-11-16T15:34:45.590+0800][gc,stats    ]    Subphase: Concurrent Roots OopStorageSet                0.000 / 0.000         0.000 / 0.000         0.146 / 0.289         0.146 / 0.289       ms
[2023-11-16T15:34:45.590+0800][gc,stats    ]    Subphase: Concurrent Weak Roots OopStorageSet           0.000 / 0.000         0.000 / 0.000         0.440 / 0.670         0.440 / 0.670       ms
[2023-11-16T15:34:45.590+0800][gc,stats    ]    Subphase: Pause Mark Try Complete                       0.000 / 0.000         0.000 / 0.000         0.000 / 0.000         0.000 / 0.000       ms
[2023-11-16T15:34:45.590+0800][gc,stats    ]      System: Java Threads                                      0 / 0                 0 / 0                34 / 47               34 / 47          threads
[2023-11-16T15:34:45.590+0800][gc,stats    ] =========================================================================================================================================================
[2023-11-16T15:34:55.585+0800][gc,stats    ] === Garbage Collection Statistics =======================================================================================================================
[2023-11-16T15:34:55.585+0800][gc,stats    ]                                                              Last 10s              Last 10m              Last 10h                Total
[2023-11-16T15:34:55.585+0800][gc,stats    ]                                                              Avg / Max             Avg / Max             Avg / Max             Avg / Max
[2023-11-16T15:34:55.585+0800][gc,stats    ]   Collector: Garbage Collection Cycle                      0.000 / 0.000         0.000 / 0.000        32.129 / 37.536       32.129 / 37.536      ms
[2023-11-16T15:34:55.585+0800][gc,stats    ]  Contention: Mark Segment Reset Contention                     0 / 0                 0 / 0                 0 / 3                 0 / 3           ops/s
[2023-11-16T15:34:55.585+0800][gc,stats    ]  Contention: Mark SeqNum Reset Contention                      0 / 0                 0 / 0                 0 / 0                 0 / 0           ops/s
[2023-11-16T15:34:55.585+0800][gc,stats    ]    Critical: Allocation Stall                                  0 / 0                 0 / 0                 0 / 0                 0 / 0           ops/s
[2023-11-16T15:34:55.585+0800][gc,stats    ]    Critical: Allocation Stall                              0.000 / 0.000         0.000 / 0.000         0.000 / 0.000         0.000 / 0.000       ms
[2023-11-16T15:34:55.585+0800][gc,stats    ]    Critical: GC Locker Stall                                   0 / 0                 0 / 0                 0 / 0                 0 / 0           ops/s
[2023-11-16T15:34:55.585+0800][gc,stats    ]    Critical: GC Locker Stall                               0.000 / 0.000         0.000 / 0.000         0.000 / 0.000         0.000 / 0.000       ms
[2023-11-16T15:34:55.585+0800][gc,stats    ]    Critical: Relocation Stall                                  0 / 0                 0 / 0                 0 / 0                 0 / 0           ops/s
[2023-11-16T15:34:55.585+0800][gc,stats    ]    Critical: Relocation Stall                              0.000 / 0.000         0.000 / 0.000         0.000 / 0.000         0.000 / 0.000       ms
[2023-11-16T15:34:55.585+0800][gc,stats    ]      Memory: Allocation Rate                                   0 / 0                 0 / 6                 0 / 82                0 / 82          MB/s
[2023-11-16T15:34:55.585+0800][gc,stats    ]      Memory: Defragment                                        0 / 0                 0 / 0                 0 / 0                 0 / 0           ops/s
[2023-11-16T15:34:55.585+0800][gc,stats    ]      Memory: Out Of Memory                                     0 / 0                 0 / 0                 0 / 0                 0 / 0           ops/s
[2023-11-16T15:34:55.585+0800][gc,stats    ]      Memory: Page Cache Flush                                  0 / 0                 0 / 0                 0 / 0                 0 / 0           MB/s
[2023-11-16T15:34:55.585+0800][gc,stats    ]      Memory: Page Cache Hit L1                                 0 / 0                 0 / 1                 0 / 33                0 / 33          ops/s
[2023-11-16T15:34:55.586+0800][gc,stats    ]      Memory: Page Cache Hit L2                                 0 / 0                 0 / 0                 0 / 0                 0 / 0           ops/s
[2023-11-16T15:34:55.586+0800][gc,stats    ]      Memory: Page Cache Hit L3                                 0 / 0                 0 / 3                 0 / 41                0 / 41          ops/s
[2023-11-16T15:34:55.586+0800][gc,stats    ]      Memory: Page Cache Miss                                   0 / 0                 0 / 0                 0 / 1                 0 / 1           ops/s
[2023-11-16T15:34:55.586+0800][gc,stats    ]      Memory: Uncommit                                          0 / 0                 0 / 0                 0 / 0                 0 / 0           MB/s
[2023-11-16T15:34:55.586+0800][gc,stats    ]      Memory: Undo Object Allocation Failed                     0 / 0                 0 / 0                 0 / 0                 0 / 0           ops/s
[2023-11-16T15:34:55.586+0800][gc,stats    ]      Memory: Undo Object Allocation Succeeded                  0 / 0                 0 / 0                 0 / 3                 0 / 3           ops/s
[2023-11-16T15:34:55.586+0800][gc,stats    ]      Memory: Undo Page Allocation                              0 / 0                 0 / 0                 0 / 0                 0 / 0           ops/s
[2023-11-16T15:34:55.586+0800][gc,stats    ]       Phase: Concurrent Mark                               0.000 / 0.000         0.000 / 0.000        21.531 / 24.050       21.531 / 24.050      ms
[2023-11-16T15:34:55.586+0800][gc,stats    ]       Phase: Concurrent Mark Continue                      0.000 / 0.000         0.000 / 0.000         0.000 / 0.000         0.000 / 0.000       ms
[2023-11-16T15:34:55.586+0800][gc,stats    ]       Phase: Concurrent Mark Free                          0.000 / 0.000         0.000 / 0.000         0.001 / 0.001         0.001 / 0.001       ms
[2023-11-16T15:34:55.586+0800][gc,stats    ]       Phase: Concurrent Process Non-Strong References      0.000 / 0.000         0.000 / 0.000         1.995 / 2.420         1.995 / 2.420       ms
[2023-11-16T15:34:55.586+0800][gc,stats    ]       Phase: Concurrent Relocate                           0.000 / 0.000         0.000 / 0.000         2.883 / 2.961         2.883 / 2.961       ms
[2023-11-16T15:34:55.586+0800][gc,stats    ]       Phase: Concurrent Reset Relocation Set               0.000 / 0.000         0.000 / 0.000         0.002 / 0.004         0.002 / 0.004       ms
[2023-11-16T15:34:55.586+0800][gc,stats    ]       Phase: Concurrent Select Relocation Set              0.000 / 0.000         0.000 / 0.000         4.861 / 8.184         4.861 / 8.184       ms
[2023-11-16T15:34:55.586+0800][gc,stats    ]       Phase: Pause Mark End                                0.000 / 0.000         0.000 / 0.000         0.017 / 0.019         0.017 / 0.019       ms
[2023-11-16T15:34:55.586+0800][gc,stats    ]       Phase: Pause Mark Start                              0.000 / 0.000         0.000 / 0.000         0.023 / 0.031         0.023 / 0.031       ms
[2023-11-16T15:34:55.586+0800][gc,stats    ]       Phase: Pause Relocate Start                          0.000 / 0.000         0.000 / 0.000         0.009 / 0.009         0.009 / 0.009       ms
[2023-11-16T15:34:55.586+0800][gc,stats    ]    Subphase: Concurrent Classes Purge                      0.000 / 0.000         0.000 / 0.000         0.066 / 0.071         0.066 / 0.071       ms
[2023-11-16T15:34:55.586+0800][gc,stats    ]    Subphase: Concurrent Classes Unlink                     0.000 / 0.000         0.000 / 0.000         1.264 / 1.492         1.264 / 1.492       ms
[2023-11-16T15:34:55.586+0800][gc,stats    ]    Subphase: Concurrent Mark                               0.000 / 0.000         0.000 / 0.000        18.504 / 22.997       18.504 / 22.997      ms
[2023-11-16T15:34:55.586+0800][gc,stats    ]    Subphase: Concurrent Mark Try Flush                     0.000 / 0.000         0.000 / 0.000         0.201 / 0.455         0.201 / 0.455       ms
[2023-11-16T15:34:55.586+0800][gc,stats    ]    Subphase: Concurrent Mark Try Terminate                 0.000 / 0.000         0.000 / 0.000         4.353 / 12.985        4.353 / 12.985      ms
[2023-11-16T15:34:55.586+0800][gc,stats    ]    Subphase: Concurrent References Enqueue                 0.000 / 0.000         0.000 / 0.000         0.004 / 0.004         0.004 / 0.004       ms
[2023-11-16T15:34:55.586+0800][gc,stats    ]    Subphase: Concurrent References Process                 0.000 / 0.000         0.000 / 0.000         0.104 / 0.123         0.104 / 0.123       ms
[2023-11-16T15:34:55.586+0800][gc,stats    ]    Subphase: Concurrent Roots ClassLoaderDataGraph         0.000 / 0.000         0.000 / 0.000         0.107 / 0.428         0.107 / 0.428       ms
[2023-11-16T15:34:55.586+0800][gc,stats    ]    Subphase: Concurrent Roots CodeCache                    0.000 / 0.000         0.000 / 0.000         0.000 / 0.000         0.000 / 0.000       ms
[2023-11-16T15:34:55.586+0800][gc,stats    ]    Subphase: Concurrent Roots JavaThreads                  0.000 / 0.000         0.000 / 0.000         1.013 / 1.707         1.013 / 1.707       ms
[2023-11-16T15:34:55.586+0800][gc,stats    ]    Subphase: Concurrent Roots OopStorageSet                0.000 / 0.000         0.000 / 0.000         0.146 / 0.289         0.146 / 0.289       ms
[2023-11-16T15:34:55.586+0800][gc,stats    ]    Subphase: Concurrent Weak Roots OopStorageSet           0.000 / 0.000         0.000 / 0.000         0.440 / 0.670         0.440 / 0.670       ms
[2023-11-16T15:34:55.586+0800][gc,stats    ]    Subphase: Pause Mark Try Complete                       0.000 / 0.000         0.000 / 0.000         0.000 / 0.000         0.000 / 0.000       ms
[2023-11-16T15:34:55.586+0800][gc,stats    ]      System: Java Threads                                      0 / 0                 0 / 0                34 / 47               34 / 47          threads
[2023-11-16T15:34:55.586+0800][gc,stats    ] =========================================================================================================================================================
[2023-11-16T15:35:05.584+0800][gc,stats    ] === Garbage Collection Statistics =======================================================================================================================
[2023-11-16T15:35:05.584+0800][gc,stats    ]                                                              Last 10s              Last 10m              Last 10h                Total
[2023-11-16T15:35:05.584+0800][gc,stats    ]                                                              Avg / Max             Avg / Max             Avg / Max             Avg / Max
[2023-11-16T15:35:05.584+0800][gc,stats    ]   Collector: Garbage Collection Cycle                      0.000 / 0.000         0.000 / 0.000        32.129 / 37.536       32.129 / 37.536      ms
[2023-11-16T15:35:05.584+0800][gc,stats    ]  Contention: Mark Segment Reset Contention                     0 / 0                 0 / 0                 0 / 3                 0 / 3           ops/s
[2023-11-16T15:35:05.584+0800][gc,stats    ]  Contention: Mark SeqNum Reset Contention                      0 / 0                 0 / 0                 0 / 0                 0 / 0           ops/s
[2023-11-16T15:35:05.584+0800][gc,stats    ]    Critical: Allocation Stall                                  0 / 0                 0 / 0                 0 / 0                 0 / 0           ops/s
[2023-11-16T15:35:05.584+0800][gc,stats    ]    Critical: Allocation Stall                              0.000 / 0.000         0.000 / 0.000         0.000 / 0.000         0.000 / 0.000       ms
[2023-11-16T15:35:05.584+0800][gc,stats    ]    Critical: GC Locker Stall                                   0 / 0                 0 / 0                 0 / 0                 0 / 0           ops/s
[2023-11-16T15:35:05.584+0800][gc,stats    ]    Critical: GC Locker Stall                               0.000 / 0.000         0.000 / 0.000         0.000 / 0.000         0.000 / 0.000       ms
[2023-11-16T15:35:05.584+0800][gc,stats    ]    Critical: Relocation Stall                                  0 / 0                 0 / 0                 0 / 0                 0 / 0           ops/s
[2023-11-16T15:35:05.584+0800][gc,stats    ]    Critical: Relocation Stall                              0.000 / 0.000         0.000 / 0.000         0.000 / 0.000         0.000 / 0.000       ms
[2023-11-16T15:35:05.584+0800][gc,stats    ]      Memory: Allocation Rate                                   0 / 0                 0 / 6                 0 / 82                0 / 82          MB/s
[2023-11-16T15:35:05.584+0800][gc,stats    ]      Memory: Defragment                                        0 / 0                 0 / 0                 0 / 0                 0 / 0           ops/s
[2023-11-16T15:35:05.584+0800][gc,stats    ]      Memory: Out Of Memory                                     0 / 0                 0 / 0                 0 / 0                 0 / 0           ops/s
[2023-11-16T15:35:05.584+0800][gc,stats    ]      Memory: Page Cache Flush                                  0 / 0                 0 / 0                 0 / 0                 0 / 0           MB/s
[2023-11-16T15:35:05.584+0800][gc,stats    ]      Memory: Page Cache Hit L1                                 0 / 0                 0 / 1                 0 / 33                0 / 33          ops/s
[2023-11-16T15:35:05.584+0800][gc,stats    ]      Memory: Page Cache Hit L2                                 0 / 0                 0 / 0                 0 / 0                 0 / 0           ops/s
[2023-11-16T15:35:05.584+0800][gc,stats    ]      Memory: Page Cache Hit L3                                 0 / 0                 0 / 3                 0 / 41                0 / 41          ops/s
[2023-11-16T15:35:05.584+0800][gc,stats    ]      Memory: Page Cache Miss                                   0 / 0                 0 / 0                 0 / 1                 0 / 1           ops/s
[2023-11-16T15:35:05.584+0800][gc,stats    ]      Memory: Uncommit                                          0 / 0                 0 / 0                 0 / 0                 0 / 0           MB/s
[2023-11-16T15:35:05.584+0800][gc,stats    ]      Memory: Undo Object Allocation Failed                     0 / 0                 0 / 0                 0 / 0                 0 / 0           ops/s
[2023-11-16T15:35:05.584+0800][gc,stats    ]      Memory: Undo Object Allocation Succeeded                  0 / 0                 0 / 0                 0 / 3                 0 / 3           ops/s
[2023-11-16T15:35:05.584+0800][gc,stats    ]      Memory: Undo Page Allocation                              0 / 0                 0 / 0                 0 / 0                 0 / 0           ops/s
[2023-11-16T15:35:05.584+0800][gc,stats    ]       Phase: Concurrent Mark                               0.000 / 0.000         0.000 / 0.000        21.531 / 24.050       21.531 / 24.050      ms
[2023-11-16T15:35:05.584+0800][gc,stats    ]       Phase: Concurrent Mark Continue                      0.000 / 0.000         0.000 / 0.000         0.000 / 0.000         0.000 / 0.000       ms
[2023-11-16T15:35:05.584+0800][gc,stats    ]       Phase: Concurrent Mark Free                          0.000 / 0.000         0.000 / 0.000         0.001 / 0.001         0.001 / 0.001       ms
[2023-11-16T15:35:05.584+0800][gc,stats    ]       Phase: Concurrent Process Non-Strong References      0.000 / 0.000         0.000 / 0.000         1.995 / 2.420         1.995 / 2.420       ms
[2023-11-16T15:35:05.584+0800][gc,stats    ]       Phase: Concurrent Relocate                           0.000 / 0.000         0.000 / 0.000         2.883 / 2.961         2.883 / 2.961       ms
[2023-11-16T15:35:05.584+0800][gc,stats    ]       Phase: Concurrent Reset Relocation Set               0.000 / 0.000         0.000 / 0.000         0.002 / 0.004         0.002 / 0.004       ms
[2023-11-16T15:35:05.584+0800][gc,stats    ]       Phase: Concurrent Select Relocation Set              0.000 / 0.000         0.000 / 0.000         4.861 / 8.184         4.861 / 8.184       ms
[2023-11-16T15:35:05.584+0800][gc,stats    ]       Phase: Pause Mark End                                0.000 / 0.000         0.000 / 0.000         0.017 / 0.019         0.017 / 0.019       ms
[2023-11-16T15:35:05.584+0800][gc,stats    ]       Phase: Pause Mark Start                              0.000 / 0.000         0.000 / 0.000         0.023 / 0.031         0.023 / 0.031       ms
[2023-11-16T15:35:05.584+0800][gc,stats    ]       Phase: Pause Relocate Start                          0.000 / 0.000         0.000 / 0.000         0.009 / 0.009         0.009 / 0.009       ms
[2023-11-16T15:35:05.584+0800][gc,stats    ]    Subphase: Concurrent Classes Purge                      0.000 / 0.000         0.000 / 0.000         0.066 / 0.071         0.066 / 0.071       ms
[2023-11-16T15:35:05.584+0800][gc,stats    ]    Subphase: Concurrent Classes Unlink                     0.000 / 0.000         0.000 / 0.000         1.264 / 1.492         1.264 / 1.492       ms
[2023-11-16T15:35:05.584+0800][gc,stats    ]    Subphase: Concurrent Mark                               0.000 / 0.000         0.000 / 0.000        18.504 / 22.997       18.504 / 22.997      ms
[2023-11-16T15:35:05.585+0800][gc,stats    ]    Subphase: Concurrent Mark Try Flush                     0.000 / 0.000         0.000 / 0.000         0.201 / 0.455         0.201 / 0.455       ms
[2023-11-16T15:35:05.585+0800][gc,stats    ]    Subphase: Concurrent Mark Try Terminate                 0.000 / 0.000         0.000 / 0.000         4.353 / 12.985        4.353 / 12.985      ms
[2023-11-16T15:35:05.585+0800][gc,stats    ]    Subphase: Concurrent References Enqueue                 0.000 / 0.000         0.000 / 0.000         0.004 / 0.004         0.004 / 0.004       ms
[2023-11-16T15:35:05.585+0800][gc,stats    ]    Subphase: Concurrent References Process                 0.000 / 0.000         0.000 / 0.000         0.104 / 0.123         0.104 / 0.123       ms
[2023-11-16T15:35:05.585+0800][gc,stats    ]    Subphase: Concurrent Roots ClassLoaderDataGraph         0.000 / 0.000         0.000 / 0.000         0.107 / 0.428         0.107 / 0.428       ms
[2023-11-16T15:35:05.585+0800][gc,stats    ]    Subphase: Concurrent Roots CodeCache                    0.000 / 0.000         0.000 / 0.000         0.000 / 0.000         0.000 / 0.000       ms
[2023-11-16T15:35:05.585+0800][gc,stats    ]    Subphase: Concurrent Roots JavaThreads                  0.000 / 0.000         0.000 / 0.000         1.013 / 1.707         1.013 / 1.707       ms
[2023-11-16T15:35:05.585+0800][gc,stats    ]    Subphase: Concurrent Roots OopStorageSet                0.000 / 0.000         0.000 / 0.000         0.146 / 0.289         0.146 / 0.289       ms
[2023-11-16T15:35:05.585+0800][gc,stats    ]    Subphase: Concurrent Weak Roots OopStorageSet           0.000 / 0.000         0.000 / 0.000         0.440 / 0.670         0.440 / 0.670       ms
[2023-11-16T15:35:05.585+0800][gc,stats    ]    Subphase: Pause Mark Try Complete                       0.000 / 0.000         0.000 / 0.000         0.000 / 0.000         0.000 / 0.000       ms
[2023-11-16T15:35:05.585+0800][gc,stats    ]      System: Java Threads                                      0 / 0                 0 / 0                34 / 47               34 / 47          threads
[2023-11-16T15:35:05.585+0800][gc,stats    ] =========================================================================================================================================================
[2023-11-16T15:35:15.577+0800][gc,stats    ] === Garbage Collection Statistics =======================================================================================================================
[2023-11-16T15:35:15.577+0800][gc,stats    ]                                                              Last 10s              Last 10m              Last 10h                Total
[2023-11-16T15:35:15.577+0800][gc,stats    ]                                                              Avg / Max             Avg / Max             Avg / Max             Avg / Max
[2023-11-16T15:35:15.577+0800][gc,stats    ]   Collector: Garbage Collection Cycle                      0.000 / 0.000         0.000 / 0.000        32.129 / 37.536       32.129 / 37.536      ms
[2023-11-16T15:35:15.577+0800][gc,stats    ]  Contention: Mark Segment Reset Contention                     0 / 0                 0 / 0                 0 / 3                 0 / 3           ops/s
[2023-11-16T15:35:15.577+0800][gc,stats    ]  Contention: Mark SeqNum Reset Contention                      0 / 0                 0 / 0                 0 / 0                 0 / 0           ops/s
[2023-11-16T15:35:15.577+0800][gc,stats    ]    Critical: Allocation Stall                                  0 / 0                 0 / 0                 0 / 0                 0 / 0           ops/s
[2023-11-16T15:35:15.577+0800][gc,stats    ]    Critical: Allocation Stall                              0.000 / 0.000         0.000 / 0.000         0.000 / 0.000         0.000 / 0.000       ms
[2023-11-16T15:35:15.577+0800][gc,stats    ]    Critical: GC Locker Stall                                   0 / 0                 0 / 0                 0 / 0                 0 / 0           ops/s
[2023-11-16T15:35:15.577+0800][gc,stats    ]    Critical: GC Locker Stall                               0.000 / 0.000         0.000 / 0.000         0.000 / 0.000         0.000 / 0.000       ms
[2023-11-16T15:35:15.577+0800][gc,stats    ]    Critical: Relocation Stall                                  0 / 0                 0 / 0                 0 / 0                 0 / 0           ops/s
[2023-11-16T15:35:15.577+0800][gc,stats    ]    Critical: Relocation Stall                              0.000 / 0.000         0.000 / 0.000         0.000 / 0.000         0.000 / 0.000       ms
[2023-11-16T15:35:15.577+0800][gc,stats    ]      Memory: Allocation Rate                                   0 / 4                 0 / 6                 0 / 82                0 / 82          MB/s
[2023-11-16T15:35:15.577+0800][gc,stats    ]      Memory: Defragment                                        0 / 0                 0 / 0                 0 / 0                 0 / 0           ops/s
[2023-11-16T15:35:15.577+0800][gc,stats    ]      Memory: Out Of Memory                                     0 / 0                 0 / 0                 0 / 0                 0 / 0           ops/s
[2023-11-16T15:35:15.577+0800][gc,stats    ]      Memory: Page Cache Flush                                  0 / 0                 0 / 0                 0 / 0                 0 / 0           MB/s
[2023-11-16T15:35:15.577+0800][gc,stats    ]      Memory: Page Cache Hit L1                                 0 / 0                 0 / 1                 0 / 33                0 / 33          ops/s
[2023-11-16T15:35:15.577+0800][gc,stats    ]      Memory: Page Cache Hit L2                                 0 / 0                 0 / 0                 0 / 0                 0 / 0           ops/s
[2023-11-16T15:35:15.577+0800][gc,stats    ]      Memory: Page Cache Hit L3                                 0 / 2                 0 / 3                 0 / 41                0 / 41          ops/s
[2023-11-16T15:35:15.577+0800][gc,stats    ]      Memory: Page Cache Miss                                   0 / 0                 0 / 0                 0 / 1                 0 / 1           ops/s
[2023-11-16T15:35:15.577+0800][gc,stats    ]      Memory: Uncommit                                          0 / 0                 0 / 0                 0 / 0                 0 / 0           MB/s
[2023-11-16T15:35:15.577+0800][gc,stats    ]      Memory: Undo Object Allocation Failed                     0 / 0                 0 / 0                 0 / 0                 0 / 0           ops/s
[2023-11-16T15:35:15.577+0800][gc,stats    ]      Memory: Undo Object Allocation Succeeded                  0 / 0                 0 / 0                 0 / 3                 0 / 3           ops/s
[2023-11-16T15:35:15.577+0800][gc,stats    ]      Memory: Undo Page Allocation                              0 / 0                 0 / 0                 0 / 0                 0 / 0           ops/s
[2023-11-16T15:35:15.577+0800][gc,stats    ]       Phase: Concurrent Mark                               0.000 / 0.000         0.000 / 0.000        21.531 / 24.050       21.531 / 24.050      ms
[2023-11-16T15:35:15.577+0800][gc,stats    ]       Phase: Concurrent Mark Continue                      0.000 / 0.000         0.000 / 0.000         0.000 / 0.000         0.000 / 0.000       ms
[2023-11-16T15:35:15.577+0800][gc,stats    ]       Phase: Concurrent Mark Free                          0.000 / 0.000         0.000 / 0.000         0.001 / 0.001         0.001 / 0.001       ms
[2023-11-16T15:35:15.577+0800][gc,stats    ]       Phase: Concurrent Process Non-Strong References      0.000 / 0.000         0.000 / 0.000         1.995 / 2.420         1.995 / 2.420       ms
[2023-11-16T15:35:15.577+0800][gc,stats    ]       Phase: Concurrent Relocate                           0.000 / 0.000         0.000 / 0.000         2.883 / 2.961         2.883 / 2.961       ms
[2023-11-16T15:35:15.577+0800][gc,stats    ]       Phase: Concurrent Reset Relocation Set               0.000 / 0.000         0.000 / 0.000         0.002 / 0.004         0.002 / 0.004       ms
[2023-11-16T15:35:15.577+0800][gc,stats    ]       Phase: Concurrent Select Relocation Set              0.000 / 0.000         0.000 / 0.000         4.861 / 8.184         4.861 / 8.184       ms
[2023-11-16T15:35:15.577+0800][gc,stats    ]       Phase: Pause Mark End                                0.000 / 0.000         0.000 / 0.000         0.017 / 0.019         0.017 / 0.019       ms
[2023-11-16T15:35:15.577+0800][gc,stats    ]       Phase: Pause Mark Start                              0.000 / 0.000         0.000 / 0.000         0.023 / 0.031         0.023 / 0.031       ms
[2023-11-16T15:35:15.577+0800][gc,stats    ]       Phase: Pause Relocate Start                          0.000 / 0.000         0.000 / 0.000         0.009 / 0.009         0.009 / 0.009       ms
[2023-11-16T15:35:15.577+0800][gc,stats    ]    Subphase: Concurrent Classes Purge                      0.000 / 0.000         0.000 / 0.000         0.066 / 0.071         0.066 / 0.071       ms
[2023-11-16T15:35:15.577+0800][gc,stats    ]    Subphase: Concurrent Classes Unlink                     0.000 / 0.000         0.000 / 0.000         1.264 / 1.492         1.264 / 1.492       ms
[2023-11-16T15:35:15.577+0800][gc,stats    ]    Subphase: Concurrent Mark                               0.000 / 0.000         0.000 / 0.000        18.504 / 22.997       18.504 / 22.997      ms
[2023-11-16T15:35:15.577+0800][gc,stats    ]    Subphase: Concurrent Mark Try Flush                     0.000 / 0.000         0.000 / 0.000         0.201 / 0.455         0.201 / 0.455       ms
[2023-11-16T15:35:15.577+0800][gc,stats    ]    Subphase: Concurrent Mark Try Terminate                 0.000 / 0.000         0.000 / 0.000         4.353 / 12.985        4.353 / 12.985      ms
[2023-11-16T15:35:15.577+0800][gc,stats    ]    Subphase: Concurrent References Enqueue                 0.000 / 0.000         0.000 / 0.000         0.004 / 0.004         0.004 / 0.004       ms
[2023-11-16T15:35:15.577+0800][gc,stats    ]    Subphase: Concurrent References Process                 0.000 / 0.000         0.000 / 0.000         0.104 / 0.123         0.104 / 0.123       ms
[2023-11-16T15:35:15.577+0800][gc,stats    ]    Subphase: Concurrent Roots ClassLoaderDataGraph         0.000 / 0.000         0.000 / 0.000         0.107 / 0.428         0.107 / 0.428       ms
[2023-11-16T15:35:15.577+0800][gc,stats    ]    Subphase: Concurrent Roots CodeCache                    0.000 / 0.000         0.000 / 0.000         0.000 / 0.000         0.000 / 0.000       ms
[2023-11-16T15:35:15.577+0800][gc,stats    ]    Subphase: Concurrent Roots JavaThreads                  0.000 / 0.000         0.000 / 0.000         1.013 / 1.707         1.013 / 1.707       ms
[2023-11-16T15:35:15.577+0800][gc,stats    ]    Subphase: Concurrent Roots OopStorageSet                0.000 / 0.000         0.000 / 0.000         0.146 / 0.289         0.146 / 0.289       ms
[2023-11-16T15:35:15.577+0800][gc,stats    ]    Subphase: Concurrent Weak Roots OopStorageSet           0.000 / 0.000         0.000 / 0.000         0.440 / 0.670         0.440 / 0.670       ms
[2023-11-16T15:35:15.577+0800][gc,stats    ]    Subphase: Pause Mark Try Complete                       0.000 / 0.000         0.000 / 0.000         0.000 / 0.000         0.000 / 0.000       ms
[2023-11-16T15:35:15.577+0800][gc,stats    ]      System: Java Threads                                      0 / 0                 0 / 0                34 / 47               34 / 47          threads
[2023-11-16T15:35:15.577+0800][gc,stats    ] =========================================================================================================================================================
[2023-11-16T15:35:25.575+0800][gc,stats    ] === Garbage Collection Statistics =======================================================================================================================
[2023-11-16T15:35:25.575+0800][gc,stats    ]                                                              Last 10s              Last 10m              Last 10h                Total
[2023-11-16T15:35:25.575+0800][gc,stats    ]                                                              Avg / Max             Avg / Max             Avg / Max             Avg / Max
[2023-11-16T15:35:25.575+0800][gc,stats    ]   Collector: Garbage Collection Cycle                      0.000 / 0.000         0.000 / 0.000        32.129 / 37.536       32.129 / 37.536      ms
[2023-11-16T15:35:25.575+0800][gc,stats    ]  Contention: Mark Segment Reset Contention                     0 / 0                 0 / 0                 0 / 3                 0 / 3           ops/s
[2023-11-16T15:35:25.575+0800][gc,stats    ]  Contention: Mark SeqNum Reset Contention                      0 / 0                 0 / 0                 0 / 0                 0 / 0           ops/s
[2023-11-16T15:35:25.575+0800][gc,stats    ]    Critical: Allocation Stall                                  0 / 0                 0 / 0                 0 / 0                 0 / 0           ops/s
[2023-11-16T15:35:25.575+0800][gc,stats    ]    Critical: Allocation Stall                              0.000 / 0.000         0.000 / 0.000         0.000 / 0.000         0.000 / 0.000       ms
[2023-11-16T15:35:25.575+0800][gc,stats    ]    Critical: GC Locker Stall                                   0 / 0                 0 / 0                 0 / 0                 0 / 0           ops/s
[2023-11-16T15:35:25.575+0800][gc,stats    ]    Critical: GC Locker Stall                               0.000 / 0.000         0.000 / 0.000         0.000 / 0.000         0.000 / 0.000       ms
[2023-11-16T15:35:25.575+0800][gc,stats    ]    Critical: Relocation Stall                                  0 / 0                 0 / 0                 0 / 0                 0 / 0           ops/s
[2023-11-16T15:35:25.575+0800][gc,stats    ]    Critical: Relocation Stall                              0.000 / 0.000         0.000 / 0.000         0.000 / 0.000         0.000 / 0.000       ms
[2023-11-16T15:35:25.575+0800][gc,stats    ]      Memory: Allocation Rate                                   0 / 0                 0 / 6                 0 / 82                0 / 82          MB/s
[2023-11-16T15:35:25.575+0800][gc,stats    ]      Memory: Defragment                                        0 / 0                 0 / 0                 0 / 0                 0 / 0           ops/s
[2023-11-16T15:35:25.575+0800][gc,stats    ]      Memory: Out Of Memory                                     0 / 0                 0 / 0                 0 / 0                 0 / 0           ops/s
[2023-11-16T15:35:25.575+0800][gc,stats    ]      Memory: Page Cache Flush                                  0 / 0                 0 / 0                 0 / 0                 0 / 0           MB/s
[2023-11-16T15:35:25.575+0800][gc,stats    ]      Memory: Page Cache Hit L1                                 0 / 0                 0 / 1                 0 / 33                0 / 33          ops/s
[2023-11-16T15:35:25.575+0800][gc,stats    ]      Memory: Page Cache Hit L2                                 0 / 0                 0 / 0                 0 / 0                 0 / 0           ops/s
[2023-11-16T15:35:25.575+0800][gc,stats    ]      Memory: Page Cache Hit L3                                 0 / 0                 0 / 3                 0 / 41                0 / 41          ops/s
[2023-11-16T15:35:25.575+0800][gc,stats    ]      Memory: Page Cache Miss                                   0 / 0                 0 / 0                 0 / 1                 0 / 1           ops/s
[2023-11-16T15:35:25.575+0800][gc,stats    ]      Memory: Uncommit                                          0 / 0                 0 / 0                 0 / 0                 0 / 0           MB/s
[2023-11-16T15:35:25.575+0800][gc,stats    ]      Memory: Undo Object Allocation Failed                     0 / 0                 0 / 0                 0 / 0                 0 / 0           ops/s
[2023-11-16T15:35:25.575+0800][gc,stats    ]      Memory: Undo Object Allocation Succeeded                  0 / 0                 0 / 0                 0 / 3                 0 / 3           ops/s
[2023-11-16T15:35:25.575+0800][gc,stats    ]      Memory: Undo Page Allocation                              0 / 0                 0 / 0                 0 / 0                 0 / 0           ops/s
[2023-11-16T15:35:25.575+0800][gc,stats    ]       Phase: Concurrent Mark                               0.000 / 0.000         0.000 / 0.000        21.531 / 24.050       21.531 / 24.050      ms
[2023-11-16T15:35:25.575+0800][gc,stats    ]       Phase: Concurrent Mark Continue                      0.000 / 0.000         0.000 / 0.000         0.000 / 0.000         0.000 / 0.000       ms
[2023-11-16T15:35:25.575+0800][gc,stats    ]       Phase: Concurrent Mark Free                          0.000 / 0.000         0.000 / 0.000         0.001 / 0.001         0.001 / 0.001       ms
[2023-11-16T15:35:25.575+0800][gc,stats    ]       Phase: Concurrent Process Non-Strong References      0.000 / 0.000         0.000 / 0.000         1.995 / 2.420         1.995 / 2.420       ms
[2023-11-16T15:35:25.575+0800][gc,stats    ]       Phase: Concurrent Relocate                           0.000 / 0.000         0.000 / 0.000         2.883 / 2.961         2.883 / 2.961       ms
[2023-11-16T15:35:25.575+0800][gc,stats    ]       Phase: Concurrent Reset Relocation Set               0.000 / 0.000         0.000 / 0.000         0.002 / 0.004         0.002 / 0.004       ms
[2023-11-16T15:35:25.575+0800][gc,stats    ]       Phase: Concurrent Select Relocation Set              0.000 / 0.000         0.000 / 0.000         4.861 / 8.184         4.861 / 8.184       ms
[2023-11-16T15:35:25.575+0800][gc,stats    ]       Phase: Pause Mark End                                0.000 / 0.000         0.000 / 0.000         0.017 / 0.019         0.017 / 0.019       ms
[2023-11-16T15:35:25.575+0800][gc,stats    ]       Phase: Pause Mark Start                              0.000 / 0.000         0.000 / 0.000         0.023 / 0.031         0.023 / 0.031       ms
[2023-11-16T15:35:25.575+0800][gc,stats    ]       Phase: Pause Relocate Start                          0.000 / 0.000         0.000 / 0.000         0.009 / 0.009         0.009 / 0.009       ms
[2023-11-16T15:35:25.575+0800][gc,stats    ]    Subphase: Concurrent Classes Purge                      0.000 / 0.000         0.000 / 0.000         0.066 / 0.071         0.066 / 0.071       ms
[2023-11-16T15:35:25.575+0800][gc,stats    ]    Subphase: Concurrent Classes Unlink                     0.000 / 0.000         0.000 / 0.000         1.264 / 1.492         1.264 / 1.492       ms
[2023-11-16T15:35:25.575+0800][gc,stats    ]    Subphase: Concurrent Mark                               0.000 / 0.000         0.000 / 0.000        18.504 / 22.997       18.504 / 22.997      ms
[2023-11-16T15:35:25.575+0800][gc,stats    ]    Subphase: Concurrent Mark Try Flush                     0.000 / 0.000         0.000 / 0.000         0.201 / 0.455         0.201 / 0.455       ms
[2023-11-16T15:35:25.575+0800][gc,stats    ]    Subphase: Concurrent Mark Try Terminate                 0.000 / 0.000         0.000 / 0.000         4.353 / 12.985        4.353 / 12.985      ms
[2023-11-16T15:35:25.575+0800][gc,stats    ]    Subphase: Concurrent References Enqueue                 0.000 / 0.000         0.000 / 0.000         0.004 / 0.004         0.004 / 0.004       ms
[2023-11-16T15:35:25.575+0800][gc,stats    ]    Subphase: Concurrent References Process                 0.000 / 0.000         0.000 / 0.000         0.104 / 0.123         0.104 / 0.123       ms
[2023-11-16T15:35:25.575+0800][gc,stats    ]    Subphase: Concurrent Roots ClassLoaderDataGraph         0.000 / 0.000         0.000 / 0.000         0.107 / 0.428         0.107 / 0.428       ms
[2023-11-16T15:35:25.575+0800][gc,stats    ]    Subphase: Concurrent Roots CodeCache                    0.000 / 0.000         0.000 / 0.000         0.000 / 0.000         0.000 / 0.000       ms
[2023-11-16T15:35:25.575+0800][gc,stats    ]    Subphase: Concurrent Roots JavaThreads                  0.000 / 0.000         0.000 / 0.000         1.013 / 1.707         1.013 / 1.707       ms
[2023-11-16T15:35:25.575+0800][gc,stats    ]    Subphase: Concurrent Roots OopStorageSet                0.000 / 0.000         0.000 / 0.000         0.146 / 0.289         0.146 / 0.289       ms
[2023-11-16T15:35:25.575+0800][gc,stats    ]    Subphase: Concurrent Weak Roots OopStorageSet           0.000 / 0.000         0.000 / 0.000         0.440 / 0.670         0.440 / 0.670       ms
[2023-11-16T15:35:25.575+0800][gc,stats    ]    Subphase: Pause Mark Try Complete                       0.000 / 0.000         0.000 / 0.000         0.000 / 0.000         0.000 / 0.000       ms
[2023-11-16T15:35:25.575+0800][gc,stats    ]      System: Java Threads                                      0 / 0                 0 / 0                34 / 47               34 / 47          threads
[2023-11-16T15:35:25.575+0800][gc,stats    ] =========================================================================================================================================================
[2023-11-16T15:35:35.577+0800][gc,stats    ] === Garbage Collection Statistics =======================================================================================================================
[2023-11-16T15:35:35.577+0800][gc,stats    ]                                                              Last 10s              Last 10m              Last 10h                Total
[2023-11-16T15:35:35.577+0800][gc,stats    ]                                                              Avg / Max             Avg / Max             Avg / Max             Avg / Max
[2023-11-16T15:35:35.577+0800][gc,stats    ]   Collector: Garbage Collection Cycle                      0.000 / 0.000         0.000 / 0.000        32.129 / 37.536       32.129 / 37.536      ms
[2023-11-16T15:35:35.577+0800][gc,stats    ]  Contention: Mark Segment Reset Contention                     0 / 0                 0 / 0                 0 / 3                 0 / 3           ops/s
[2023-11-16T15:35:35.577+0800][gc,stats    ]  Contention: Mark SeqNum Reset Contention                      0 / 0                 0 / 0                 0 / 0                 0 / 0           ops/s
[2023-11-16T15:35:35.577+0800][gc,stats    ]    Critical: Allocation Stall                                  0 / 0                 0 / 0                 0 / 0                 0 / 0           ops/s
[2023-11-16T15:35:35.577+0800][gc,stats    ]    Critical: Allocation Stall                              0.000 / 0.000         0.000 / 0.000         0.000 / 0.000         0.000 / 0.000       ms
[2023-11-16T15:35:35.577+0800][gc,stats    ]    Critical: GC Locker Stall                                   0 / 0                 0 / 0                 0 / 0                 0 / 0           ops/s
[2023-11-16T15:35:35.577+0800][gc,stats    ]    Critical: GC Locker Stall                               0.000 / 0.000         0.000 / 0.000         0.000 / 0.000         0.000 / 0.000       ms
[2023-11-16T15:35:35.577+0800][gc,stats    ]    Critical: Relocation Stall                                  0 / 0                 0 / 0                 0 / 0                 0 / 0           ops/s
[2023-11-16T15:35:35.577+0800][gc,stats    ]    Critical: Relocation Stall                              0.000 / 0.000         0.000 / 0.000         0.000 / 0.000         0.000 / 0.000       ms
[2023-11-16T15:35:35.577+0800][gc,stats    ]      Memory: Allocation Rate                                   0 / 2                 0 / 6                 0 / 82                0 / 82          MB/s
[2023-11-16T15:35:35.577+0800][gc,stats    ]      Memory: Defragment                                        0 / 0                 0 / 0                 0 / 0                 0 / 0           ops/s
[2023-11-16T15:35:35.577+0800][gc,stats    ]      Memory: Out Of Memory                                     0 / 0                 0 / 0                 0 / 0                 0 / 0           ops/s
[2023-11-16T15:35:35.577+0800][gc,stats    ]      Memory: Page Cache Flush                                  0 / 0                 0 / 0                 0 / 0                 0 / 0           MB/s
[2023-11-16T15:35:35.577+0800][gc,stats    ]      Memory: Page Cache Hit L1                                 0 / 0                 0 / 1                 0 / 33                0 / 33          ops/s
[2023-11-16T15:35:35.577+0800][gc,stats    ]      Memory: Page Cache Hit L2                                 0 / 0                 0 / 0                 0 / 0                 0 / 0           ops/s
[2023-11-16T15:35:35.577+0800][gc,stats    ]      Memory: Page Cache Hit L3                                 0 / 1                 0 / 3                 0 / 41                0 / 41          ops/s
[2023-11-16T15:35:35.577+0800][gc,stats    ]      Memory: Page Cache Miss                                   0 / 0                 0 / 0                 0 / 1                 0 / 1           ops/s
[2023-11-16T15:35:35.577+0800][gc,stats    ]      Memory: Uncommit                                          0 / 0                 0 / 0                 0 / 0                 0 / 0           MB/s
[2023-11-16T15:35:35.577+0800][gc,stats    ]      Memory: Undo Object Allocation Failed                     0 / 0                 0 / 0                 0 / 0                 0 / 0           ops/s
[2023-11-16T15:35:35.577+0800][gc,stats    ]      Memory: Undo Object Allocation Succeeded                  0 / 0                 0 / 0                 0 / 3                 0 / 3           ops/s
[2023-11-16T15:35:35.577+0800][gc,stats    ]      Memory: Undo Page Allocation                              0 / 0                 0 / 0                 0 / 0                 0 / 0           ops/s
[2023-11-16T15:35:35.577+0800][gc,stats    ]       Phase: Concurrent Mark                               0.000 / 0.000         0.000 / 0.000        21.531 / 24.050       21.531 / 24.050      ms
[2023-11-16T15:35:35.577+0800][gc,stats    ]       Phase: Concurrent Mark Continue                      0.000 / 0.000         0.000 / 0.000         0.000 / 0.000         0.000 / 0.000       ms
[2023-11-16T15:35:35.577+0800][gc,stats    ]       Phase: Concurrent Mark Free                          0.000 / 0.000         0.000 / 0.000         0.001 / 0.001         0.001 / 0.001       ms
[2023-11-16T15:35:35.577+0800][gc,stats    ]       Phase: Concurrent Process Non-Strong References      0.000 / 0.000         0.000 / 0.000         1.995 / 2.420         1.995 / 2.420       ms
[2023-11-16T15:35:35.577+0800][gc,stats    ]       Phase: Concurrent Relocate                           0.000 / 0.000         0.000 / 0.000         2.883 / 2.961         2.883 / 2.961       ms
[2023-11-16T15:35:35.577+0800][gc,stats    ]       Phase: Concurrent Reset Relocation Set               0.000 / 0.000         0.000 / 0.000         0.002 / 0.004         0.002 / 0.004       ms
[2023-11-16T15:35:35.577+0800][gc,stats    ]       Phase: Concurrent Select Relocation Set              0.000 / 0.000         0.000 / 0.000         4.861 / 8.184         4.861 / 8.184       ms
[2023-11-16T15:35:35.577+0800][gc,stats    ]       Phase: Pause Mark End                                0.000 / 0.000         0.000 / 0.000         0.017 / 0.019         0.017 / 0.019       ms
[2023-11-16T15:35:35.577+0800][gc,stats    ]       Phase: Pause Mark Start                              0.000 / 0.000         0.000 / 0.000         0.023 / 0.031         0.023 / 0.031       ms
[2023-11-16T15:35:35.577+0800][gc,stats    ]       Phase: Pause Relocate Start                          0.000 / 0.000         0.000 / 0.000         0.009 / 0.009         0.009 / 0.009       ms
[2023-11-16T15:35:35.577+0800][gc,stats    ]    Subphase: Concurrent Classes Purge                      0.000 / 0.000         0.000 / 0.000         0.066 / 0.071         0.066 / 0.071       ms
[2023-11-16T15:35:35.577+0800][gc,stats    ]    Subphase: Concurrent Classes Unlink                     0.000 / 0.000         0.000 / 0.000         1.264 / 1.492         1.264 / 1.492       ms
[2023-11-16T15:35:35.577+0800][gc,stats    ]    Subphase: Concurrent Mark                               0.000 / 0.000         0.000 / 0.000        18.504 / 22.997       18.504 / 22.997      ms
[2023-11-16T15:35:35.577+0800][gc,stats    ]    Subphase: Concurrent Mark Try Flush                     0.000 / 0.000         0.000 / 0.000         0.201 / 0.455         0.201 / 0.455       ms
[2023-11-16T15:35:35.577+0800][gc,stats    ]    Subphase: Concurrent Mark Try Terminate                 0.000 / 0.000         0.000 / 0.000         4.353 / 12.985        4.353 / 12.985      ms
[2023-11-16T15:35:35.577+0800][gc,stats    ]    Subphase: Concurrent References Enqueue                 0.000 / 0.000         0.000 / 0.000         0.004 / 0.004         0.004 / 0.004       ms
[2023-11-16T15:35:35.577+0800][gc,stats    ]    Subphase: Concurrent References Process                 0.000 / 0.000         0.000 / 0.000         0.104 / 0.123         0.104 / 0.123       ms
[2023-11-16T15:35:35.577+0800][gc,stats    ]    Subphase: Concurrent Roots ClassLoaderDataGraph         0.000 / 0.000         0.000 / 0.000         0.107 / 0.428         0.107 / 0.428       ms
[2023-11-16T15:35:35.577+0800][gc,stats    ]    Subphase: Concurrent Roots CodeCache                    0.000 / 0.000         0.000 / 0.000         0.000 / 0.000         0.000 / 0.000       ms
[2023-11-16T15:35:35.577+0800][gc,stats    ]    Subphase: Concurrent Roots JavaThreads                  0.000 / 0.000         0.000 / 0.000         1.013 / 1.707         1.013 / 1.707       ms
[2023-11-16T15:35:35.577+0800][gc,stats    ]    Subphase: Concurrent Roots OopStorageSet                0.000 / 0.000         0.000 / 0.000         0.146 / 0.289         0.146 / 0.289       ms
[2023-11-16T15:35:35.577+0800][gc,stats    ]    Subphase: Concurrent Weak Roots OopStorageSet           0.000 / 0.000         0.000 / 0.000         0.440 / 0.670         0.440 / 0.670       ms
[2023-11-16T15:35:35.577+0800][gc,stats    ]    Subphase: Pause Mark Try Complete                       0.000 / 0.000         0.000 / 0.000         0.000 / 0.000         0.000 / 0.000       ms
[2023-11-16T15:35:35.577+0800][gc,stats    ]      System: Java Threads                                      0 / 0                 0 / 0                34 / 47               34 / 47          threads
[2023-11-16T15:35:35.577+0800][gc,stats    ] =========================================================================================================================================================
[2023-11-16T15:35:45.577+0800][gc,stats    ] === Garbage Collection Statistics =======================================================================================================================
[2023-11-16T15:35:45.577+0800][gc,stats    ]                                                              Last 10s              Last 10m              Last 10h                Total
[2023-11-16T15:35:45.577+0800][gc,stats    ]                                                              Avg / Max             Avg / Max             Avg / Max             Avg / Max
[2023-11-16T15:35:45.577+0800][gc,stats    ]   Collector: Garbage Collection Cycle                      0.000 / 0.000         0.000 / 0.000        32.129 / 37.536       32.129 / 37.536      ms
[2023-11-16T15:35:45.577+0800][gc,stats    ]  Contention: Mark Segment Reset Contention                     0 / 0                 0 / 0                 0 / 3                 0 / 3           ops/s
[2023-11-16T15:35:45.577+0800][gc,stats    ]  Contention: Mark SeqNum Reset Contention                      0 / 0                 0 / 0                 0 / 0                 0 / 0           ops/s
[2023-11-16T15:35:45.577+0800][gc,stats    ]    Critical: Allocation Stall                                  0 / 0                 0 / 0                 0 / 0                 0 / 0           ops/s
[2023-11-16T15:35:45.577+0800][gc,stats    ]    Critical: Allocation Stall                              0.000 / 0.000         0.000 / 0.000         0.000 / 0.000         0.000 / 0.000       ms
[2023-11-16T15:35:45.577+0800][gc,stats    ]    Critical: GC Locker Stall                                   0 / 0                 0 / 0                 0 / 0                 0 / 0           ops/s
[2023-11-16T15:35:45.577+0800][gc,stats    ]    Critical: GC Locker Stall                               0.000 / 0.000         0.000 / 0.000         0.000 / 0.000         0.000 / 0.000       ms
[2023-11-16T15:35:45.577+0800][gc,stats    ]    Critical: Relocation Stall                                  0 / 0                 0 / 0                 0 / 0                 0 / 0           ops/s
[2023-11-16T15:35:45.577+0800][gc,stats    ]    Critical: Relocation Stall                              0.000 / 0.000         0.000 / 0.000         0.000 / 0.000         0.000 / 0.000       ms
[2023-11-16T15:35:45.577+0800][gc,stats    ]      Memory: Allocation Rate                                   0 / 4                 0 / 6                 0 / 82                0 / 82          MB/s
[2023-11-16T15:35:45.577+0800][gc,stats    ]      Memory: Defragment                                        0 / 0                 0 / 0                 0 / 0                 0 / 0           ops/s
[2023-11-16T15:35:45.577+0800][gc,stats    ]      Memory: Out Of Memory                                     0 / 0                 0 / 0                 0 / 0                 0 / 0           ops/s
[2023-11-16T15:35:45.577+0800][gc,stats    ]      Memory: Page Cache Flush                                  0 / 0                 0 / 0                 0 / 0                 0 / 0           MB/s
[2023-11-16T15:35:45.577+0800][gc,stats    ]      Memory: Page Cache Hit L1                                 0 / 0                 0 / 1                 0 / 33                0 / 33          ops/s
[2023-11-16T15:35:45.577+0800][gc,stats    ]      Memory: Page Cache Hit L2                                 0 / 0                 0 / 0                 0 / 0                 0 / 0           ops/s
[2023-11-16T15:35:45.577+0800][gc,stats    ]      Memory: Page Cache Hit L3                                 0 / 2                 0 / 3                 0 / 41                0 / 41          ops/s
[2023-11-16T15:35:45.577+0800][gc,stats    ]      Memory: Page Cache Miss                                   0 / 0                 0 / 0                 0 / 1                 0 / 1           ops/s
[2023-11-16T15:35:45.577+0800][gc,stats    ]      Memory: Uncommit                                          0 / 0                 0 / 0                 0 / 0                 0 / 0           MB/s
[2023-11-16T15:35:45.577+0800][gc,stats    ]      Memory: Undo Object Allocation Failed                     0 / 0                 0 / 0                 0 / 0                 0 / 0           ops/s
[2023-11-16T15:35:45.577+0800][gc,stats    ]      Memory: Undo Object Allocation Succeeded                  0 / 0                 0 / 0                 0 / 3                 0 / 3           ops/s
[2023-11-16T15:35:45.577+0800][gc,stats    ]      Memory: Undo Page Allocation                              0 / 0                 0 / 0                 0 / 0                 0 / 0           ops/s
[2023-11-16T15:35:45.577+0800][gc,stats    ]       Phase: Concurrent Mark                               0.000 / 0.000         0.000 / 0.000        21.531 / 24.050       21.531 / 24.050      ms
[2023-11-16T15:35:45.577+0800][gc,stats    ]       Phase: Concurrent Mark Continue                      0.000 / 0.000         0.000 / 0.000         0.000 / 0.000         0.000 / 0.000       ms
[2023-11-16T15:35:45.577+0800][gc,stats    ]       Phase: Concurrent Mark Free                          0.000 / 0.000         0.000 / 0.000         0.001 / 0.001         0.001 / 0.001       ms
[2023-11-16T15:35:45.577+0800][gc,stats    ]       Phase: Concurrent Process Non-Strong References      0.000 / 0.000         0.000 / 0.000         1.995 / 2.420         1.995 / 2.420       ms
[2023-11-16T15:35:45.577+0800][gc,stats    ]       Phase: Concurrent Relocate                           0.000 / 0.000         0.000 / 0.000         2.883 / 2.961         2.883 / 2.961       ms
[2023-11-16T15:35:45.577+0800][gc,stats    ]       Phase: Concurrent Reset Relocation Set               0.000 / 0.000         0.000 / 0.000         0.002 / 0.004         0.002 / 0.004       ms
[2023-11-16T15:35:45.577+0800][gc,stats    ]       Phase: Concurrent Select Relocation Set              0.000 / 0.000         0.000 / 0.000         4.861 / 8.184         4.861 / 8.184       ms
[2023-11-16T15:35:45.577+0800][gc,stats    ]       Phase: Pause Mark End                                0.000 / 0.000         0.000 / 0.000         0.017 / 0.019         0.017 / 0.019       ms
[2023-11-16T15:35:45.577+0800][gc,stats    ]       Phase: Pause Mark Start                              0.000 / 0.000         0.000 / 0.000         0.023 / 0.031         0.023 / 0.031       ms
[2023-11-16T15:35:45.577+0800][gc,stats    ]       Phase: Pause Relocate Start                          0.000 / 0.000         0.000 / 0.000         0.009 / 0.009         0.009 / 0.009       ms
[2023-11-16T15:35:45.577+0800][gc,stats    ]    Subphase: Concurrent Classes Purge                      0.000 / 0.000         0.000 / 0.000         0.066 / 0.071         0.066 / 0.071       ms
[2023-11-16T15:35:45.577+0800][gc,stats    ]    Subphase: Concurrent Classes Unlink                     0.000 / 0.000         0.000 / 0.000         1.264 / 1.492         1.264 / 1.492       ms
[2023-11-16T15:35:45.577+0800][gc,stats    ]    Subphase: Concurrent Mark                               0.000 / 0.000         0.000 / 0.000        18.504 / 22.997       18.504 / 22.997      ms
[2023-11-16T15:35:45.577+0800][gc,stats    ]    Subphase: Concurrent Mark Try Flush                     0.000 / 0.000         0.000 / 0.000         0.201 / 0.455         0.201 / 0.455       ms
[2023-11-16T15:35:45.577+0800][gc,stats    ]    Subphase: Concurrent Mark Try Terminate                 0.000 / 0.000         0.000 / 0.000         4.353 / 12.985        4.353 / 12.985      ms
[2023-11-16T15:35:45.577+0800][gc,stats    ]    Subphase: Concurrent References Enqueue                 0.000 / 0.000         0.000 / 0.000         0.004 / 0.004         0.004 / 0.004       ms
[2023-11-16T15:35:45.577+0800][gc,stats    ]    Subphase: Concurrent References Process                 0.000 / 0.000         0.000 / 0.000         0.104 / 0.123         0.104 / 0.123       ms
[2023-11-16T15:35:45.577+0800][gc,stats    ]    Subphase: Concurrent Roots ClassLoaderDataGraph         0.000 / 0.000         0.000 / 0.000         0.107 / 0.428         0.107 / 0.428       ms
[2023-11-16T15:35:45.577+0800][gc,stats    ]    Subphase: Concurrent Roots CodeCache                    0.000 / 0.000         0.000 / 0.000         0.000 / 0.000         0.000 / 0.000       ms
[2023-11-16T15:35:45.577+0800][gc,stats    ]    Subphase: Concurrent Roots JavaThreads                  0.000 / 0.000         0.000 / 0.000         1.013 / 1.707         1.013 / 1.707       ms
[2023-11-16T15:35:45.577+0800][gc,stats    ]    Subphase: Concurrent Roots OopStorageSet                0.000 / 0.000         0.000 / 0.000         0.146 / 0.289         0.146 / 0.289       ms
[2023-11-16T15:35:45.577+0800][gc,stats    ]    Subphase: Concurrent Weak Roots OopStorageSet           0.000 / 0.000         0.000 / 0.000         0.440 / 0.670         0.440 / 0.670       ms
[2023-11-16T15:35:45.577+0800][gc,stats    ]    Subphase: Pause Mark Try Complete                       0.000 / 0.000         0.000 / 0.000         0.000 / 0.000         0.000 / 0.000       ms
[2023-11-16T15:35:45.577+0800][gc,stats    ]      System: Java Threads                                      0 / 0                 0 / 0                34 / 47               34 / 47          threads
[2023-11-16T15:35:45.577+0800][gc,stats    ] =========================================================================================================================================================
[2023-11-16T15:35:55.577+0800][gc,stats    ] === Garbage Collection Statistics =======================================================================================================================
[2023-11-16T15:35:55.577+0800][gc,stats    ]                                                              Last 10s              Last 10m              Last 10h                Total
[2023-11-16T15:35:55.577+0800][gc,stats    ]                                                              Avg / Max             Avg / Max             Avg / Max             Avg / Max
[2023-11-16T15:35:55.577+0800][gc,stats    ]   Collector: Garbage Collection Cycle                      0.000 / 0.000         0.000 / 0.000        32.129 / 37.536       32.129 / 37.536      ms
[2023-11-16T15:35:55.577+0800][gc,stats    ]  Contention: Mark Segment Reset Contention                     0 / 0                 0 / 0                 0 / 3                 0 / 3           ops/s
[2023-11-16T15:35:55.577+0800][gc,stats    ]  Contention: Mark SeqNum Reset Contention                      0 / 0                 0 / 0                 0 / 0                 0 / 0           ops/s
[2023-11-16T15:35:55.577+0800][gc,stats    ]    Critical: Allocation Stall                                  0 / 0                 0 / 0                 0 / 0                 0 / 0           ops/s
[2023-11-16T15:35:55.577+0800][gc,stats    ]    Critical: Allocation Stall                              0.000 / 0.000         0.000 / 0.000         0.000 / 0.000         0.000 / 0.000       ms
[2023-11-16T15:35:55.577+0800][gc,stats    ]    Critical: GC Locker Stall                                   0 / 0                 0 / 0                 0 / 0                 0 / 0           ops/s
[2023-11-16T15:35:55.577+0800][gc,stats    ]    Critical: GC Locker Stall                               0.000 / 0.000         0.000 / 0.000         0.000 / 0.000         0.000 / 0.000       ms
[2023-11-16T15:35:55.577+0800][gc,stats    ]    Critical: Relocation Stall                                  0 / 0                 0 / 0                 0 / 0                 0 / 0           ops/s
[2023-11-16T15:35:55.577+0800][gc,stats    ]    Critical: Relocation Stall                              0.000 / 0.000         0.000 / 0.000         0.000 / 0.000         0.000 / 0.000       ms
[2023-11-16T15:35:55.577+0800][gc,stats    ]      Memory: Allocation Rate                                   0 / 2                 0 / 6                 0 / 82                0 / 82          MB/s
[2023-11-16T15:35:55.577+0800][gc,stats    ]      Memory: Defragment                                        0 / 0                 0 / 0                 0 / 0                 0 / 0           ops/s
[2023-11-16T15:35:55.577+0800][gc,stats    ]      Memory: Out Of Memory                                     0 / 0                 0 / 0                 0 / 0                 0 / 0           ops/s
[2023-11-16T15:35:55.577+0800][gc,stats    ]      Memory: Page Cache Flush                                  0 / 0                 0 / 0                 0 / 0                 0 / 0           MB/s
[2023-11-16T15:35:55.577+0800][gc,stats    ]      Memory: Page Cache Hit L1                                 0 / 0                 0 / 1                 0 / 33                0 / 33          ops/s
[2023-11-16T15:35:55.577+0800][gc,stats    ]      Memory: Page Cache Hit L2                                 0 / 0                 0 / 0                 0 / 0                 0 / 0           ops/s
[2023-11-16T15:35:55.577+0800][gc,stats    ]      Memory: Page Cache Hit L3                                 0 / 1                 0 / 3                 0 / 41                0 / 41          ops/s
[2023-11-16T15:35:55.577+0800][gc,stats    ]      Memory: Page Cache Miss                                   0 / 0                 0 / 0                 0 / 1                 0 / 1           ops/s
[2023-11-16T15:35:55.577+0800][gc,stats    ]      Memory: Uncommit                                          0 / 0                 0 / 0                 0 / 0                 0 / 0           MB/s
[2023-11-16T15:35:55.577+0800][gc,stats    ]      Memory: Undo Object Allocation Failed                     0 / 0                 0 / 0                 0 / 0                 0 / 0           ops/s
[2023-11-16T15:35:55.577+0800][gc,stats    ]      Memory: Undo Object Allocation Succeeded                  0 / 0                 0 / 0                 0 / 3                 0 / 3           ops/s
[2023-11-16T15:35:55.577+0800][gc,stats    ]      Memory: Undo Page Allocation                              0 / 0                 0 / 0                 0 / 0                 0 / 0           ops/s
[2023-11-16T15:35:55.577+0800][gc,stats    ]       Phase: Concurrent Mark                               0.000 / 0.000         0.000 / 0.000        21.531 / 24.050       21.531 / 24.050      ms
[2023-11-16T15:35:55.577+0800][gc,stats    ]       Phase: Concurrent Mark Continue                      0.000 / 0.000         0.000 / 0.000         0.000 / 0.000         0.000 / 0.000       ms
[2023-11-16T15:35:55.577+0800][gc,stats    ]       Phase: Concurrent Mark Free                          0.000 / 0.000         0.000 / 0.000         0.001 / 0.001         0.001 / 0.001       ms
[2023-11-16T15:35:55.577+0800][gc,stats    ]       Phase: Concurrent Process Non-Strong References      0.000 / 0.000         0.000 / 0.000         1.995 / 2.420         1.995 / 2.420       ms
[2023-11-16T15:35:55.577+0800][gc,stats    ]       Phase: Concurrent Relocate                           0.000 / 0.000         0.000 / 0.000         2.883 / 2.961         2.883 / 2.961       ms
[2023-11-16T15:35:55.577+0800][gc,stats    ]       Phase: Concurrent Reset Relocation Set               0.000 / 0.000         0.000 / 0.000         0.002 / 0.004         0.002 / 0.004       ms
[2023-11-16T15:35:55.577+0800][gc,stats    ]       Phase: Concurrent Select Relocation Set              0.000 / 0.000         0.000 / 0.000         4.861 / 8.184         4.861 / 8.184       ms
[2023-11-16T15:35:55.577+0800][gc,stats    ]       Phase: Pause Mark End                                0.000 / 0.000         0.000 / 0.000         0.017 / 0.019         0.017 / 0.019       ms
[2023-11-16T15:35:55.577+0800][gc,stats    ]       Phase: Pause Mark Start                              0.000 / 0.000         0.000 / 0.000         0.023 / 0.031         0.023 / 0.031       ms
[2023-11-16T15:35:55.577+0800][gc,stats    ]       Phase: Pause Relocate Start                          0.000 / 0.000         0.000 / 0.000         0.009 / 0.009         0.009 / 0.009       ms
[2023-11-16T15:35:55.577+0800][gc,stats    ]    Subphase: Concurrent Classes Purge                      0.000 / 0.000         0.000 / 0.000         0.066 / 0.071         0.066 / 0.071       ms
[2023-11-16T15:35:55.577+0800][gc,stats    ]    Subphase: Concurrent Classes Unlink                     0.000 / 0.000         0.000 / 0.000         1.264 / 1.492         1.264 / 1.492       ms
[2023-11-16T15:35:55.577+0800][gc,stats    ]    Subphase: Concurrent Mark                               0.000 / 0.000         0.000 / 0.000        18.504 / 22.997       18.504 / 22.997      ms
[2023-11-16T15:35:55.577+0800][gc,stats    ]    Subphase: Concurrent Mark Try Flush                     0.000 / 0.000         0.000 / 0.000         0.201 / 0.455         0.201 / 0.455       ms
[2023-11-16T15:35:55.577+0800][gc,stats    ]    Subphase: Concurrent Mark Try Terminate                 0.000 / 0.000         0.000 / 0.000         4.353 / 12.985        4.353 / 12.985      ms
[2023-11-16T15:35:55.577+0800][gc,stats    ]    Subphase: Concurrent References Enqueue                 0.000 / 0.000         0.000 / 0.000         0.004 / 0.004         0.004 / 0.004       ms
[2023-11-16T15:35:55.577+0800][gc,stats    ]    Subphase: Concurrent References Process                 0.000 / 0.000         0.000 / 0.000         0.104 / 0.123         0.104 / 0.123       ms
[2023-11-16T15:35:55.577+0800][gc,stats    ]    Subphase: Concurrent Roots ClassLoaderDataGraph         0.000 / 0.000         0.000 / 0.000         0.107 / 0.428         0.107 / 0.428       ms
[2023-11-16T15:35:55.577+0800][gc,stats    ]    Subphase: Concurrent Roots CodeCache                    0.000 / 0.000         0.000 / 0.000         0.000 / 0.000         0.000 / 0.000       ms
[2023-11-16T15:35:55.577+0800][gc,stats    ]    Subphase: Concurrent Roots JavaThreads                  0.000 / 0.000         0.000 / 0.000         1.013 / 1.707         1.013 / 1.707       ms
[2023-11-16T15:35:55.577+0800][gc,stats    ]    Subphase: Concurrent Roots OopStorageSet                0.000 / 0.000         0.000 / 0.000         0.146 / 0.289         0.146 / 0.289       ms
[2023-11-16T15:35:55.577+0800][gc,stats    ]    Subphase: Concurrent Weak Roots OopStorageSet           0.000 / 0.000         0.000 / 0.000         0.440 / 0.670         0.440 / 0.670       ms
[2023-11-16T15:35:55.577+0800][gc,stats    ]    Subphase: Pause Mark Try Complete                       0.000 / 0.000         0.000 / 0.000         0.000 / 0.000         0.000 / 0.000       ms
[2023-11-16T15:35:55.577+0800][gc,stats    ]      System: Java Threads                                      0 / 0                 0 / 0                34 / 47               34 / 47          threads
[2023-11-16T15:35:55.577+0800][gc,stats    ] =========================================================================================================================================================
[2023-11-16T15:36:05.577+0800][gc,stats    ] === Garbage Collection Statistics =======================================================================================================================
[2023-11-16T15:36:05.577+0800][gc,stats    ]                                                              Last 10s              Last 10m              Last 10h                Total
[2023-11-16T15:36:05.577+0800][gc,stats    ]                                                              Avg / Max             Avg / Max             Avg / Max             Avg / Max
[2023-11-16T15:36:05.577+0800][gc,stats    ]   Collector: Garbage Collection Cycle                      0.000 / 0.000         0.000 / 0.000        32.129 / 37.536       32.129 / 37.536      ms
[2023-11-16T15:36:05.577+0800][gc,stats    ]  Contention: Mark Segment Reset Contention                     0 / 0                 0 / 0                 0 / 3                 0 / 3           ops/s
[2023-11-16T15:36:05.577+0800][gc,stats    ]  Contention: Mark SeqNum Reset Contention                      0 / 0                 0 / 0                 0 / 0                 0 / 0           ops/s
[2023-11-16T15:36:05.577+0800][gc,stats    ]    Critical: Allocation Stall                                  0 / 0                 0 / 0                 0 / 0                 0 / 0           ops/s
[2023-11-16T15:36:05.577+0800][gc,stats    ]    Critical: Allocation Stall                              0.000 / 0.000         0.000 / 0.000         0.000 / 0.000         0.000 / 0.000       ms
[2023-11-16T15:36:05.577+0800][gc,stats    ]    Critical: GC Locker Stall                                   0 / 0                 0 / 0                 0 / 0                 0 / 0           ops/s
[2023-11-16T15:36:05.577+0800][gc,stats    ]    Critical: GC Locker Stall                               0.000 / 0.000         0.000 / 0.000         0.000 / 0.000         0.000 / 0.000       ms
[2023-11-16T15:36:05.577+0800][gc,stats    ]    Critical: Relocation Stall                                  0 / 0                 0 / 0                 0 / 0                 0 / 0           ops/s
[2023-11-16T15:36:05.577+0800][gc,stats    ]    Critical: Relocation Stall                              0.000 / 0.000         0.000 / 0.000         0.000 / 0.000         0.000 / 0.000       ms
[2023-11-16T15:36:05.577+0800][gc,stats    ]      Memory: Allocation Rate                                   0 / 2                 0 / 6                 0 / 82                0 / 82          MB/s
[2023-11-16T15:36:05.577+0800][gc,stats    ]      Memory: Defragment                                        0 / 0                 0 / 0                 0 / 0                 0 / 0           ops/s
[2023-11-16T15:36:05.577+0800][gc,stats    ]      Memory: Out Of Memory                                     0 / 0                 0 / 0                 0 / 0                 0 / 0           ops/s
[2023-11-16T15:36:05.577+0800][gc,stats    ]      Memory: Page Cache Flush                                  0 / 0                 0 / 0                 0 / 0                 0 / 0           MB/s
[2023-11-16T15:36:05.577+0800][gc,stats    ]      Memory: Page Cache Hit L1                                 0 / 0                 0 / 1                 0 / 33                0 / 33          ops/s
[2023-11-16T15:36:05.577+0800][gc,stats    ]      Memory: Page Cache Hit L2                                 0 / 0                 0 / 0                 0 / 0                 0 / 0           ops/s
[2023-11-16T15:36:05.577+0800][gc,stats    ]      Memory: Page Cache Hit L3                                 0 / 1                 0 / 3                 0 / 41                0 / 41          ops/s
[2023-11-16T15:36:05.577+0800][gc,stats    ]      Memory: Page Cache Miss                                   0 / 0                 0 / 0                 0 / 1                 0 / 1           ops/s
[2023-11-16T15:36:05.577+0800][gc,stats    ]      Memory: Uncommit                                          0 / 0                 0 / 0                 0 / 0                 0 / 0           MB/s
[2023-11-16T15:36:05.577+0800][gc,stats    ]      Memory: Undo Object Allocation Failed                     0 / 0                 0 / 0                 0 / 0                 0 / 0           ops/s
[2023-11-16T15:36:05.577+0800][gc,stats    ]      Memory: Undo Object Allocation Succeeded                  0 / 0                 0 / 0                 0 / 3                 0 / 3           ops/s
[2023-11-16T15:36:05.577+0800][gc,stats    ]      Memory: Undo Page Allocation                              0 / 0                 0 / 0                 0 / 0                 0 / 0           ops/s
[2023-11-16T15:36:05.577+0800][gc,stats    ]       Phase: Concurrent Mark                               0.000 / 0.000         0.000 / 0.000        21.531 / 24.050       21.531 / 24.050      ms
[2023-11-16T15:36:05.577+0800][gc,stats    ]       Phase: Concurrent Mark Continue                      0.000 / 0.000         0.000 / 0.000         0.000 / 0.000         0.000 / 0.000       ms
[2023-11-16T15:36:05.577+0800][gc,stats    ]       Phase: Concurrent Mark Free                          0.000 / 0.000         0.000 / 0.000         0.001 / 0.001         0.001 / 0.001       ms
[2023-11-16T15:36:05.577+0800][gc,stats    ]       Phase: Concurrent Process Non-Strong References      0.000 / 0.000         0.000 / 0.000         1.995 / 2.420         1.995 / 2.420       ms
[2023-11-16T15:36:05.577+0800][gc,stats    ]       Phase: Concurrent Relocate                           0.000 / 0.000         0.000 / 0.000         2.883 / 2.961         2.883 / 2.961       ms
[2023-11-16T15:36:05.577+0800][gc,stats    ]       Phase: Concurrent Reset Relocation Set               0.000 / 0.000         0.000 / 0.000         0.002 / 0.004         0.002 / 0.004       ms
[2023-11-16T15:36:05.577+0800][gc,stats    ]       Phase: Concurrent Select Relocation Set              0.000 / 0.000         0.000 / 0.000         4.861 / 8.184         4.861 / 8.184       ms
[2023-11-16T15:36:05.577+0800][gc,stats    ]       Phase: Pause Mark End                                0.000 / 0.000         0.000 / 0.000         0.017 / 0.019         0.017 / 0.019       ms
[2023-11-16T15:36:05.577+0800][gc,stats    ]       Phase: Pause Mark Start                              0.000 / 0.000         0.000 / 0.000         0.023 / 0.031         0.023 / 0.031       ms
[2023-11-16T15:36:05.577+0800][gc,stats    ]       Phase: Pause Relocate Start                          0.000 / 0.000         0.000 / 0.000         0.009 / 0.009         0.009 / 0.009       ms
[2023-11-16T15:36:05.577+0800][gc,stats    ]    Subphase: Concurrent Classes Purge                      0.000 / 0.000         0.000 / 0.000         0.066 / 0.071         0.066 / 0.071       ms
[2023-11-16T15:36:05.577+0800][gc,stats    ]    Subphase: Concurrent Classes Unlink                     0.000 / 0.000         0.000 / 0.000         1.264 / 1.492         1.264 / 1.492       ms
[2023-11-16T15:36:05.577+0800][gc,stats    ]    Subphase: Concurrent Mark                               0.000 / 0.000         0.000 / 0.000        18.504 / 22.997       18.504 / 22.997      ms
[2023-11-16T15:36:05.577+0800][gc,stats    ]    Subphase: Concurrent Mark Try Flush                     0.000 / 0.000         0.000 / 0.000         0.201 / 0.455         0.201 / 0.455       ms
[2023-11-16T15:36:05.577+0800][gc,stats    ]    Subphase: Concurrent Mark Try Terminate                 0.000 / 0.000         0.000 / 0.000         4.353 / 12.985        4.353 / 12.985      ms
[2023-11-16T15:36:05.577+0800][gc,stats    ]    Subphase: Concurrent References Enqueue                 0.000 / 0.000         0.000 / 0.000         0.004 / 0.004         0.004 / 0.004       ms
[2023-11-16T15:36:05.577+0800][gc,stats    ]    Subphase: Concurrent References Process                 0.000 / 0.000         0.000 / 0.000         0.104 / 0.123         0.104 / 0.123       ms
[2023-11-16T15:36:05.577+0800][gc,stats    ]    Subphase: Concurrent Roots ClassLoaderDataGraph         0.000 / 0.000         0.000 / 0.000         0.107 / 0.428         0.107 / 0.428       ms
[2023-11-16T15:36:05.577+0800][gc,stats    ]    Subphase: Concurrent Roots CodeCache                    0.000 / 0.000         0.000 / 0.000         0.000 / 0.000         0.000 / 0.000       ms
[2023-11-16T15:36:05.577+0800][gc,stats    ]    Subphase: Concurrent Roots JavaThreads                  0.000 / 0.000         0.000 / 0.000         1.013 / 1.707         1.013 / 1.707       ms
[2023-11-16T15:36:05.577+0800][gc,stats    ]    Subphase: Concurrent Roots OopStorageSet                0.000 / 0.000         0.000 / 0.000         0.146 / 0.289         0.146 / 0.289       ms
[2023-11-16T15:36:05.577+0800][gc,stats    ]    Subphase: Concurrent Weak Roots OopStorageSet           0.000 / 0.000         0.000 / 0.000         0.440 / 0.670         0.440 / 0.670       ms
[2023-11-16T15:36:05.577+0800][gc,stats    ]    Subphase: Pause Mark Try Complete                       0.000 / 0.000         0.000 / 0.000         0.000 / 0.000         0.000 / 0.000       ms
[2023-11-16T15:36:05.577+0800][gc,stats    ]      System: Java Threads                                      0 / 0                 0 / 0                34 / 47               34 / 47          threads
[2023-11-16T15:36:05.577+0800][gc,stats    ] =========================================================================================================================================================
[2023-11-16T15:36:15.590+0800][gc,stats    ] === Garbage Collection Statistics =======================================================================================================================
[2023-11-16T15:36:15.590+0800][gc,stats    ]                                                              Last 10s              Last 10m              Last 10h                Total
[2023-11-16T15:36:15.590+0800][gc,stats    ]                                                              Avg / Max             Avg / Max             Avg / Max             Avg / Max
[2023-11-16T15:36:15.590+0800][gc,stats    ]   Collector: Garbage Collection Cycle                      0.000 / 0.000         0.000 / 0.000        32.129 / 37.536       32.129 / 37.536      ms
[2023-11-16T15:36:15.590+0800][gc,stats    ]  Contention: Mark Segment Reset Contention                     0 / 0                 0 / 0                 0 / 3                 0 / 3           ops/s
[2023-11-16T15:36:15.590+0800][gc,stats    ]  Contention: Mark SeqNum Reset Contention                      0 / 0                 0 / 0                 0 / 0                 0 / 0           ops/s
[2023-11-16T15:36:15.590+0800][gc,stats    ]    Critical: Allocation Stall                                  0 / 0                 0 / 0                 0 / 0                 0 / 0           ops/s
[2023-11-16T15:36:15.590+0800][gc,stats    ]    Critical: Allocation Stall                              0.000 / 0.000         0.000 / 0.000         0.000 / 0.000         0.000 / 0.000       ms
[2023-11-16T15:36:15.590+0800][gc,stats    ]    Critical: GC Locker Stall                                   0 / 0                 0 / 0                 0 / 0                 0 / 0           ops/s
[2023-11-16T15:36:15.590+0800][gc,stats    ]    Critical: GC Locker Stall                               0.000 / 0.000         0.000 / 0.000         0.000 / 0.000         0.000 / 0.000       ms
[2023-11-16T15:36:15.590+0800][gc,stats    ]    Critical: Relocation Stall                                  0 / 0                 0 / 0                 0 / 0                 0 / 0           ops/s
[2023-11-16T15:36:15.590+0800][gc,stats    ]    Critical: Relocation Stall                              0.000 / 0.000         0.000 / 0.000         0.000 / 0.000         0.000 / 0.000       ms
[2023-11-16T15:36:15.590+0800][gc,stats    ]      Memory: Allocation Rate                                   0 / 0                 0 / 6                 0 / 82                0 / 82          MB/s
[2023-11-16T15:36:15.590+0800][gc,stats    ]      Memory: Defragment                                        0 / 0                 0 / 0                 0 / 0                 0 / 0           ops/s
[2023-11-16T15:36:15.590+0800][gc,stats    ]      Memory: Out Of Memory                                     0 / 0                 0 / 0                 0 / 0                 0 / 0           ops/s
[2023-11-16T15:36:15.590+0800][gc,stats    ]      Memory: Page Cache Flush                                  0 / 0                 0 / 0                 0 / 0                 0 / 0           MB/s
[2023-11-16T15:36:15.590+0800][gc,stats    ]      Memory: Page Cache Hit L1                                 0 / 0                 0 / 1                 0 / 33                0 / 33          ops/s
[2023-11-16T15:36:15.590+0800][gc,stats    ]      Memory: Page Cache Hit L2                                 0 / 0                 0 / 0                 0 / 0                 0 / 0           ops/s
[2023-11-16T15:36:15.590+0800][gc,stats    ]      Memory: Page Cache Hit L3                                 0 / 0                 0 / 3                 0 / 41                0 / 41          ops/s
[2023-11-16T15:36:15.590+0800][gc,stats    ]      Memory: Page Cache Miss                                   0 / 0                 0 / 0                 0 / 1                 0 / 1           ops/s
[2023-11-16T15:36:15.590+0800][gc,stats    ]      Memory: Uncommit                                          0 / 0                 0 / 0                 0 / 0                 0 / 0           MB/s
[2023-11-16T15:36:15.590+0800][gc,stats    ]      Memory: Undo Object Allocation Failed                     0 / 0                 0 / 0                 0 / 0                 0 / 0           ops/s
[2023-11-16T15:36:15.590+0800][gc,stats    ]      Memory: Undo Object Allocation Succeeded                  0 / 0                 0 / 0                 0 / 3                 0 / 3           ops/s
[2023-11-16T15:36:15.590+0800][gc,stats    ]      Memory: Undo Page Allocation                              0 / 0                 0 / 0                 0 / 0                 0 / 0           ops/s
[2023-11-16T15:36:15.590+0800][gc,stats    ]       Phase: Concurrent Mark                               0.000 / 0.000         0.000 / 0.000        21.531 / 24.050       21.531 / 24.050      ms
[2023-11-16T15:36:15.590+0800][gc,stats    ]       Phase: Concurrent Mark Continue                      0.000 / 0.000         0.000 / 0.000         0.000 / 0.000         0.000 / 0.000       ms
[2023-11-16T15:36:15.590+0800][gc,stats    ]       Phase: Concurrent Mark Free                          0.000 / 0.000         0.000 / 0.000         0.001 / 0.001         0.001 / 0.001       ms
[2023-11-16T15:36:15.590+0800][gc,stats    ]       Phase: Concurrent Process Non-Strong References      0.000 / 0.000         0.000 / 0.000         1.995 / 2.420         1.995 / 2.420       ms
[2023-11-16T15:36:15.590+0800][gc,stats    ]       Phase: Concurrent Relocate                           0.000 / 0.000         0.000 / 0.000         2.883 / 2.961         2.883 / 2.961       ms
[2023-11-16T15:36:15.590+0800][gc,stats    ]       Phase: Concurrent Reset Relocation Set               0.000 / 0.000         0.000 / 0.000         0.002 / 0.004         0.002 / 0.004       ms
[2023-11-16T15:36:15.590+0800][gc,stats    ]       Phase: Concurrent Select Relocation Set              0.000 / 0.000         0.000 / 0.000         4.861 / 8.184         4.861 / 8.184       ms
[2023-11-16T15:36:15.590+0800][gc,stats    ]       Phase: Pause Mark End                                0.000 / 0.000         0.000 / 0.000         0.017 / 0.019         0.017 / 0.019       ms
[2023-11-16T15:36:15.590+0800][gc,stats    ]       Phase: Pause Mark Start                              0.000 / 0.000         0.000 / 0.000         0.023 / 0.031         0.023 / 0.031       ms
[2023-11-16T15:36:15.590+0800][gc,stats    ]       Phase: Pause Relocate Start                          0.000 / 0.000         0.000 / 0.000         0.009 / 0.009         0.009 / 0.009       ms
[2023-11-16T15:36:15.590+0800][gc,stats    ]    Subphase: Concurrent Classes Purge                      0.000 / 0.000         0.000 / 0.000         0.066 / 0.071         0.066 / 0.071       ms
[2023-11-16T15:36:15.590+0800][gc,stats    ]    Subphase: Concurrent Classes Unlink                     0.000 / 0.000         0.000 / 0.000         1.264 / 1.492         1.264 / 1.492       ms
[2023-11-16T15:36:15.590+0800][gc,stats    ]    Subphase: Concurrent Mark                               0.000 / 0.000         0.000 / 0.000        18.504 / 22.997       18.504 / 22.997      ms
[2023-11-16T15:36:15.590+0800][gc,stats    ]    Subphase: Concurrent Mark Try Flush                     0.000 / 0.000         0.000 / 0.000         0.201 / 0.455         0.201 / 0.455       ms
[2023-11-16T15:36:15.590+0800][gc,stats    ]    Subphase: Concurrent Mark Try Terminate                 0.000 / 0.000         0.000 / 0.000         4.353 / 12.985        4.353 / 12.985      ms
[2023-11-16T15:36:15.590+0800][gc,stats    ]    Subphase: Concurrent References Enqueue                 0.000 / 0.000         0.000 / 0.000         0.004 / 0.004         0.004 / 0.004       ms
[2023-11-16T15:36:15.590+0800][gc,stats    ]    Subphase: Concurrent References Process                 0.000 / 0.000         0.000 / 0.000         0.104 / 0.123         0.104 / 0.123       ms
[2023-11-16T15:36:15.590+0800][gc,stats    ]    Subphase: Concurrent Roots ClassLoaderDataGraph         0.000 / 0.000         0.000 / 0.000         0.107 / 0.428         0.107 / 0.428       ms
[2023-11-16T15:36:15.590+0800][gc,stats    ]    Subphase: Concurrent Roots CodeCache                    0.000 / 0.000         0.000 / 0.000         0.000 / 0.000         0.000 / 0.000       ms
[2023-11-16T15:36:15.590+0800][gc,stats    ]    Subphase: Concurrent Roots JavaThreads                  0.000 / 0.000         0.000 / 0.000         1.013 / 1.707         1.013 / 1.707       ms
[2023-11-16T15:36:15.590+0800][gc,stats    ]    Subphase: Concurrent Roots OopStorageSet                0.000 / 0.000         0.000 / 0.000         0.146 / 0.289         0.146 / 0.289       ms
[2023-11-16T15:36:15.590+0800][gc,stats    ]    Subphase: Concurrent Weak Roots OopStorageSet           0.000 / 0.000         0.000 / 0.000         0.440 / 0.670         0.440 / 0.670       ms
[2023-11-16T15:36:15.590+0800][gc,stats    ]    Subphase: Pause Mark Try Complete                       0.000 / 0.000         0.000 / 0.000         0.000 / 0.000         0.000 / 0.000       ms
[2023-11-16T15:36:15.590+0800][gc,stats    ]      System: Java Threads                                      0 / 0                 0 / 0                34 / 47               34 / 47          threads
[2023-11-16T15:36:15.590+0800][gc,stats    ] =========================================================================================================================================================
[2023-11-16T15:36:25.587+0800][gc,stats    ] === Garbage Collection Statistics =======================================================================================================================
[2023-11-16T15:36:25.587+0800][gc,stats    ]                                                              Last 10s              Last 10m              Last 10h                Total
[2023-11-16T15:36:25.587+0800][gc,stats    ]                                                              Avg / Max             Avg / Max             Avg / Max             Avg / Max
[2023-11-16T15:36:25.587+0800][gc,stats    ]   Collector: Garbage Collection Cycle                      0.000 / 0.000         0.000 / 0.000        32.129 / 37.536       32.129 / 37.536      ms
[2023-11-16T15:36:25.587+0800][gc,stats    ]  Contention: Mark Segment Reset Contention                     0 / 0                 0 / 0                 0 / 3                 0 / 3           ops/s
[2023-11-16T15:36:25.587+0800][gc,stats    ]  Contention: Mark SeqNum Reset Contention                      0 / 0                 0 / 0                 0 / 0                 0 / 0           ops/s
[2023-11-16T15:36:25.587+0800][gc,stats    ]    Critical: Allocation Stall                                  0 / 0                 0 / 0                 0 / 0                 0 / 0           ops/s
[2023-11-16T15:36:25.587+0800][gc,stats    ]    Critical: Allocation Stall                              0.000 / 0.000         0.000 / 0.000         0.000 / 0.000         0.000 / 0.000       ms
[2023-11-16T15:36:25.587+0800][gc,stats    ]    Critical: GC Locker Stall                                   0 / 0                 0 / 0                 0 / 0                 0 / 0           ops/s
[2023-11-16T15:36:25.587+0800][gc,stats    ]    Critical: GC Locker Stall                               0.000 / 0.000         0.000 / 0.000         0.000 / 0.000         0.000 / 0.000       ms
[2023-11-16T15:36:25.587+0800][gc,stats    ]    Critical: Relocation Stall                                  0 / 0                 0 / 0                 0 / 0                 0 / 0           ops/s
[2023-11-16T15:36:25.587+0800][gc,stats    ]    Critical: Relocation Stall                              0.000 / 0.000         0.000 / 0.000         0.000 / 0.000         0.000 / 0.000       ms
[2023-11-16T15:36:25.587+0800][gc,stats    ]      Memory: Allocation Rate                                   0 / 4                 0 / 6                 0 / 82                0 / 82          MB/s
[2023-11-16T15:36:25.587+0800][gc,stats    ]      Memory: Defragment                                        0 / 0                 0 / 0                 0 / 0                 0 / 0           ops/s
[2023-11-16T15:36:25.587+0800][gc,stats    ]      Memory: Out Of Memory                                     0 / 0                 0 / 0                 0 / 0                 0 / 0           ops/s
[2023-11-16T15:36:25.587+0800][gc,stats    ]      Memory: Page Cache Flush                                  0 / 0                 0 / 0                 0 / 0                 0 / 0           MB/s
[2023-11-16T15:36:25.587+0800][gc,stats    ]      Memory: Page Cache Hit L1                                 0 / 0                 0 / 1                 0 / 33                0 / 33          ops/s
[2023-11-16T15:36:25.587+0800][gc,stats    ]      Memory: Page Cache Hit L2                                 0 / 0                 0 / 0                 0 / 0                 0 / 0           ops/s
[2023-11-16T15:36:25.587+0800][gc,stats    ]      Memory: Page Cache Hit L3                                 0 / 2                 0 / 3                 0 / 41                0 / 41          ops/s
[2023-11-16T15:36:25.587+0800][gc,stats    ]      Memory: Page Cache Miss                                   0 / 0                 0 / 0                 0 / 1                 0 / 1           ops/s
[2023-11-16T15:36:25.587+0800][gc,stats    ]      Memory: Uncommit                                          0 / 0                 0 / 0                 0 / 0                 0 / 0           MB/s
[2023-11-16T15:36:25.587+0800][gc,stats    ]      Memory: Undo Object Allocation Failed                     0 / 0                 0 / 0                 0 / 0                 0 / 0           ops/s
[2023-11-16T15:36:25.587+0800][gc,stats    ]      Memory: Undo Object Allocation Succeeded                  0 / 0                 0 / 0                 0 / 3                 0 / 3           ops/s
[2023-11-16T15:36:25.587+0800][gc,stats    ]      Memory: Undo Page Allocation                              0 / 0                 0 / 0                 0 / 0                 0 / 0           ops/s
[2023-11-16T15:36:25.587+0800][gc,stats    ]       Phase: Concurrent Mark                               0.000 / 0.000         0.000 / 0.000        21.531 / 24.050       21.531 / 24.050      ms
[2023-11-16T15:36:25.587+0800][gc,stats    ]       Phase: Concurrent Mark Continue                      0.000 / 0.000         0.000 / 0.000         0.000 / 0.000         0.000 / 0.000       ms
[2023-11-16T15:36:25.587+0800][gc,stats    ]       Phase: Concurrent Mark Free                          0.000 / 0.000         0.000 / 0.000         0.001 / 0.001         0.001 / 0.001       ms
[2023-11-16T15:36:25.587+0800][gc,stats    ]       Phase: Concurrent Process Non-Strong References      0.000 / 0.000         0.000 / 0.000         1.995 / 2.420         1.995 / 2.420       ms
[2023-11-16T15:36:25.587+0800][gc,stats    ]       Phase: Concurrent Relocate                           0.000 / 0.000         0.000 / 0.000         2.883 / 2.961         2.883 / 2.961       ms
[2023-11-16T15:36:25.587+0800][gc,stats    ]       Phase: Concurrent Reset Relocation Set               0.000 / 0.000         0.000 / 0.000         0.002 / 0.004         0.002 / 0.004       ms
[2023-11-16T15:36:25.587+0800][gc,stats    ]       Phase: Concurrent Select Relocation Set              0.000 / 0.000         0.000 / 0.000         4.861 / 8.184         4.861 / 8.184       ms
[2023-11-16T15:36:25.587+0800][gc,stats    ]       Phase: Pause Mark End                                0.000 / 0.000         0.000 / 0.000         0.017 / 0.019         0.017 / 0.019       ms
[2023-11-16T15:36:25.587+0800][gc,stats    ]       Phase: Pause Mark Start                              0.000 / 0.000         0.000 / 0.000         0.023 / 0.031         0.023 / 0.031       ms
[2023-11-16T15:36:25.587+0800][gc,stats    ]       Phase: Pause Relocate Start                          0.000 / 0.000         0.000 / 0.000         0.009 / 0.009         0.009 / 0.009       ms
[2023-11-16T15:36:25.587+0800][gc,stats    ]    Subphase: Concurrent Classes Purge                      0.000 / 0.000         0.000 / 0.000         0.066 / 0.071         0.066 / 0.071       ms
[2023-11-16T15:36:25.587+0800][gc,stats    ]    Subphase: Concurrent Classes Unlink                     0.000 / 0.000         0.000 / 0.000         1.264 / 1.492         1.264 / 1.492       ms
[2023-11-16T15:36:25.587+0800][gc,stats    ]    Subphase: Concurrent Mark                               0.000 / 0.000         0.000 / 0.000        18.504 / 22.997       18.504 / 22.997      ms
[2023-11-16T15:36:25.587+0800][gc,stats    ]    Subphase: Concurrent Mark Try Flush                     0.000 / 0.000         0.000 / 0.000         0.201 / 0.455         0.201 / 0.455       ms
[2023-11-16T15:36:25.587+0800][gc,stats    ]    Subphase: Concurrent Mark Try Terminate                 0.000 / 0.000         0.000 / 0.000         4.353 / 12.985        4.353 / 12.985      ms
[2023-11-16T15:36:25.587+0800][gc,stats    ]    Subphase: Concurrent References Enqueue                 0.000 / 0.000         0.000 / 0.000         0.004 / 0.004         0.004 / 0.004       ms
[2023-11-16T15:36:25.587+0800][gc,stats    ]    Subphase: Concurrent References Process                 0.000 / 0.000         0.000 / 0.000         0.104 / 0.123         0.104 / 0.123       ms
[2023-11-16T15:36:25.587+0800][gc,stats    ]    Subphase: Concurrent Roots ClassLoaderDataGraph         0.000 / 0.000         0.000 / 0.000         0.107 / 0.428         0.107 / 0.428       ms
[2023-11-16T15:36:25.587+0800][gc,stats    ]    Subphase: Concurrent Roots CodeCache                    0.000 / 0.000         0.000 / 0.000         0.000 / 0.000         0.000 / 0.000       ms
[2023-11-16T15:36:25.587+0800][gc,stats    ]    Subphase: Concurrent Roots JavaThreads                  0.000 / 0.000         0.000 / 0.000         1.013 / 1.707         1.013 / 1.707       ms
[2023-11-16T15:36:25.587+0800][gc,stats    ]    Subphase: Concurrent Roots OopStorageSet                0.000 / 0.000         0.000 / 0.000         0.146 / 0.289         0.146 / 0.289       ms
[2023-11-16T15:36:25.587+0800][gc,stats    ]    Subphase: Concurrent Weak Roots OopStorageSet           0.000 / 0.000         0.000 / 0.000         0.440 / 0.670         0.440 / 0.670       ms
[2023-11-16T15:36:25.587+0800][gc,stats    ]    Subphase: Pause Mark Try Complete                       0.000 / 0.000         0.000 / 0.000         0.000 / 0.000         0.000 / 0.000       ms
[2023-11-16T15:36:25.587+0800][gc,stats    ]      System: Java Threads                                      0 / 0                 0 / 0                34 / 47               34 / 47          threads
[2023-11-16T15:36:25.587+0800][gc,stats    ] =========================================================================================================================================================
[2023-11-16T15:36:35.576+0800][gc,stats    ] === Garbage Collection Statistics =======================================================================================================================
[2023-11-16T15:36:35.576+0800][gc,stats    ]                                                              Last 10s              Last 10m              Last 10h                Total
[2023-11-16T15:36:35.576+0800][gc,stats    ]                                                              Avg / Max             Avg / Max             Avg / Max             Avg / Max
[2023-11-16T15:36:35.576+0800][gc,stats    ]   Collector: Garbage Collection Cycle                      0.000 / 0.000         0.000 / 0.000        32.129 / 37.536       32.129 / 37.536      ms
[2023-11-16T15:36:35.576+0800][gc,stats    ]  Contention: Mark Segment Reset Contention                     0 / 0                 0 / 0                 0 / 3                 0 / 3           ops/s
[2023-11-16T15:36:35.576+0800][gc,stats    ]  Contention: Mark SeqNum Reset Contention                      0 / 0                 0 / 0                 0 / 0                 0 / 0           ops/s
[2023-11-16T15:36:35.576+0800][gc,stats    ]    Critical: Allocation Stall                                  0 / 0                 0 / 0                 0 / 0                 0 / 0           ops/s
[2023-11-16T15:36:35.576+0800][gc,stats    ]    Critical: Allocation Stall                              0.000 / 0.000         0.000 / 0.000         0.000 / 0.000         0.000 / 0.000       ms
[2023-11-16T15:36:35.576+0800][gc,stats    ]    Critical: GC Locker Stall                                   0 / 0                 0 / 0                 0 / 0                 0 / 0           ops/s
[2023-11-16T15:36:35.576+0800][gc,stats    ]    Critical: GC Locker Stall                               0.000 / 0.000         0.000 / 0.000         0.000 / 0.000         0.000 / 0.000       ms
[2023-11-16T15:36:35.576+0800][gc,stats    ]    Critical: Relocation Stall                                  0 / 0                 0 / 0                 0 / 0                 0 / 0           ops/s
[2023-11-16T15:36:35.576+0800][gc,stats    ]    Critical: Relocation Stall                              0.000 / 0.000         0.000 / 0.000         0.000 / 0.000         0.000 / 0.000       ms
[2023-11-16T15:36:35.576+0800][gc,stats    ]      Memory: Allocation Rate                                   0 / 0                 0 / 6                 0 / 82                0 / 82          MB/s
[2023-11-16T15:36:35.576+0800][gc,stats    ]      Memory: Defragment                                        0 / 0                 0 / 0                 0 / 0                 0 / 0           ops/s
[2023-11-16T15:36:35.576+0800][gc,stats    ]      Memory: Out Of Memory                                     0 / 0                 0 / 0                 0 / 0                 0 / 0           ops/s
[2023-11-16T15:36:35.576+0800][gc,stats    ]      Memory: Page Cache Flush                                  0 / 0                 0 / 0                 0 / 0                 0 / 0           MB/s
[2023-11-16T15:36:35.576+0800][gc,stats    ]      Memory: Page Cache Hit L1                                 0 / 0                 0 / 1                 0 / 33                0 / 33          ops/s
[2023-11-16T15:36:35.576+0800][gc,stats    ]      Memory: Page Cache Hit L2                                 0 / 0                 0 / 0                 0 / 0                 0 / 0           ops/s
[2023-11-16T15:36:35.576+0800][gc,stats    ]      Memory: Page Cache Hit L3                                 0 / 0                 0 / 3                 0 / 41                0 / 41          ops/s
[2023-11-16T15:36:35.576+0800][gc,stats    ]      Memory: Page Cache Miss                                   0 / 0                 0 / 0                 0 / 1                 0 / 1           ops/s
[2023-11-16T15:36:35.576+0800][gc,stats    ]      Memory: Uncommit                                          0 / 0                 0 / 0                 0 / 0                 0 / 0           MB/s
[2023-11-16T15:36:35.576+0800][gc,stats    ]      Memory: Undo Object Allocation Failed                     0 / 0                 0 / 0                 0 / 0                 0 / 0           ops/s
[2023-11-16T15:36:35.576+0800][gc,stats    ]      Memory: Undo Object Allocation Succeeded                  0 / 0                 0 / 0                 0 / 3                 0 / 3           ops/s
[2023-11-16T15:36:35.576+0800][gc,stats    ]      Memory: Undo Page Allocation                              0 / 0                 0 / 0                 0 / 0                 0 / 0           ops/s
[2023-11-16T15:36:35.576+0800][gc,stats    ]       Phase: Concurrent Mark                               0.000 / 0.000         0.000 / 0.000        21.531 / 24.050       21.531 / 24.050      ms
[2023-11-16T15:36:35.576+0800][gc,stats    ]       Phase: Concurrent Mark Continue                      0.000 / 0.000         0.000 / 0.000         0.000 / 0.000         0.000 / 0.000       ms
[2023-11-16T15:36:35.576+0800][gc,stats    ]       Phase: Concurrent Mark Free                          0.000 / 0.000         0.000 / 0.000         0.001 / 0.001         0.001 / 0.001       ms
[2023-11-16T15:36:35.576+0800][gc,stats    ]       Phase: Concurrent Process Non-Strong References      0.000 / 0.000         0.000 / 0.000         1.995 / 2.420         1.995 / 2.420       ms
[2023-11-16T15:36:35.576+0800][gc,stats    ]       Phase: Concurrent Relocate                           0.000 / 0.000         0.000 / 0.000         2.883 / 2.961         2.883 / 2.961       ms
[2023-11-16T15:36:35.576+0800][gc,stats    ]       Phase: Concurrent Reset Relocation Set               0.000 / 0.000         0.000 / 0.000         0.002 / 0.004         0.002 / 0.004       ms
[2023-11-16T15:36:35.576+0800][gc,stats    ]       Phase: Concurrent Select Relocation Set              0.000 / 0.000         0.000 / 0.000         4.861 / 8.184         4.861 / 8.184       ms
[2023-11-16T15:36:35.576+0800][gc,stats    ]       Phase: Pause Mark End                                0.000 / 0.000         0.000 / 0.000         0.017 / 0.019         0.017 / 0.019       ms
[2023-11-16T15:36:35.576+0800][gc,stats    ]       Phase: Pause Mark Start                              0.000 / 0.000         0.000 / 0.000         0.023 / 0.031         0.023 / 0.031       ms
[2023-11-16T15:36:35.576+0800][gc,stats    ]       Phase: Pause Relocate Start                          0.000 / 0.000         0.000 / 0.000         0.009 / 0.009         0.009 / 0.009       ms
[2023-11-16T15:36:35.576+0800][gc,stats    ]    Subphase: Concurrent Classes Purge                      0.000 / 0.000         0.000 / 0.000         0.066 / 0.071         0.066 / 0.071       ms
[2023-11-16T15:36:35.576+0800][gc,stats    ]    Subphase: Concurrent Classes Unlink                     0.000 / 0.000         0.000 / 0.000         1.264 / 1.492         1.264 / 1.492       ms
[2023-11-16T15:36:35.576+0800][gc,stats    ]    Subphase: Concurrent Mark                               0.000 / 0.000         0.000 / 0.000        18.504 / 22.997       18.504 / 22.997      ms
[2023-11-16T15:36:35.576+0800][gc,stats    ]    Subphase: Concurrent Mark Try Flush                     0.000 / 0.000         0.000 / 0.000         0.201 / 0.455         0.201 / 0.455       ms
[2023-11-16T15:36:35.576+0800][gc,stats    ]    Subphase: Concurrent Mark Try Terminate                 0.000 / 0.000         0.000 / 0.000         4.353 / 12.985        4.353 / 12.985      ms
[2023-11-16T15:36:35.576+0800][gc,stats    ]    Subphase: Concurrent References Enqueue                 0.000 / 0.000         0.000 / 0.000         0.004 / 0.004         0.004 / 0.004       ms
[2023-11-16T15:36:35.576+0800][gc,stats    ]    Subphase: Concurrent References Process                 0.000 / 0.000         0.000 / 0.000         0.104 / 0.123         0.104 / 0.123       ms
[2023-11-16T15:36:35.576+0800][gc,stats    ]    Subphase: Concurrent Roots ClassLoaderDataGraph         0.000 / 0.000         0.000 / 0.000         0.107 / 0.428         0.107 / 0.428       ms
[2023-11-16T15:36:35.576+0800][gc,stats    ]    Subphase: Concurrent Roots CodeCache                    0.000 / 0.000         0.000 / 0.000         0.000 / 0.000         0.000 / 0.000       ms
[2023-11-16T15:36:35.576+0800][gc,stats    ]    Subphase: Concurrent Roots JavaThreads                  0.000 / 0.000         0.000 / 0.000         1.013 / 1.707         1.013 / 1.707       ms
[2023-11-16T15:36:35.576+0800][gc,stats    ]    Subphase: Concurrent Roots OopStorageSet                0.000 / 0.000         0.000 / 0.000         0.146 / 0.289         0.146 / 0.289       ms
[2023-11-16T15:36:35.576+0800][gc,stats    ]    Subphase: Concurrent Weak Roots OopStorageSet           0.000 / 0.000         0.000 / 0.000         0.440 / 0.670         0.440 / 0.670       ms
[2023-11-16T15:36:35.576+0800][gc,stats    ]    Subphase: Pause Mark Try Complete                       0.000 / 0.000         0.000 / 0.000         0.000 / 0.000         0.000 / 0.000       ms
[2023-11-16T15:36:35.576+0800][gc,stats    ]      System: Java Threads                                      0 / 0                 0 / 0                34 / 47               34 / 47          threads
[2023-11-16T15:36:35.576+0800][gc,stats    ] =========================================================================================================================================================
[2023-11-16T15:36:45.576+0800][gc,stats    ] === Garbage Collection Statistics =======================================================================================================================
[2023-11-16T15:36:45.576+0800][gc,stats    ]                                                              Last 10s              Last 10m              Last 10h                Total
[2023-11-16T15:36:45.576+0800][gc,stats    ]                                                              Avg / Max             Avg / Max             Avg / Max             Avg / Max
[2023-11-16T15:36:45.576+0800][gc,stats    ]   Collector: Garbage Collection Cycle                      0.000 / 0.000         0.000 / 0.000        32.129 / 37.536       32.129 / 37.536      ms
[2023-11-16T15:36:45.576+0800][gc,stats    ]  Contention: Mark Segment Reset Contention                     0 / 0                 0 / 0                 0 / 3                 0 / 3           ops/s
[2023-11-16T15:36:45.576+0800][gc,stats    ]  Contention: Mark SeqNum Reset Contention                      0 / 0                 0 / 0                 0 / 0                 0 / 0           ops/s
[2023-11-16T15:36:45.576+0800][gc,stats    ]    Critical: Allocation Stall                                  0 / 0                 0 / 0                 0 / 0                 0 / 0           ops/s
[2023-11-16T15:36:45.576+0800][gc,stats    ]    Critical: Allocation Stall                              0.000 / 0.000         0.000 / 0.000         0.000 / 0.000         0.000 / 0.000       ms
[2023-11-16T15:36:45.576+0800][gc,stats    ]    Critical: GC Locker Stall                                   0 / 0                 0 / 0                 0 / 0                 0 / 0           ops/s
[2023-11-16T15:36:45.576+0800][gc,stats    ]    Critical: GC Locker Stall                               0.000 / 0.000         0.000 / 0.000         0.000 / 0.000         0.000 / 0.000       ms
[2023-11-16T15:36:45.576+0800][gc,stats    ]    Critical: Relocation Stall                                  0 / 0                 0 / 0                 0 / 0                 0 / 0           ops/s
[2023-11-16T15:36:45.576+0800][gc,stats    ]    Critical: Relocation Stall                              0.000 / 0.000         0.000 / 0.000         0.000 / 0.000         0.000 / 0.000       ms
[2023-11-16T15:36:45.576+0800][gc,stats    ]      Memory: Allocation Rate                                   0 / 2                 0 / 6                 0 / 82                0 / 82          MB/s
[2023-11-16T15:36:45.576+0800][gc,stats    ]      Memory: Defragment                                        0 / 0                 0 / 0                 0 / 0                 0 / 0           ops/s
[2023-11-16T15:36:45.576+0800][gc,stats    ]      Memory: Out Of Memory                                     0 / 0                 0 / 0                 0 / 0                 0 / 0           ops/s
[2023-11-16T15:36:45.576+0800][gc,stats    ]      Memory: Page Cache Flush                                  0 / 0                 0 / 0                 0 / 0                 0 / 0           MB/s
[2023-11-16T15:36:45.576+0800][gc,stats    ]      Memory: Page Cache Hit L1                                 0 / 0                 0 / 1                 0 / 33                0 / 33          ops/s
[2023-11-16T15:36:45.576+0800][gc,stats    ]      Memory: Page Cache Hit L2                                 0 / 0                 0 / 0                 0 / 0                 0 / 0           ops/s
[2023-11-16T15:36:45.576+0800][gc,stats    ]      Memory: Page Cache Hit L3                                 0 / 1                 0 / 3                 0 / 41                0 / 41          ops/s
[2023-11-16T15:36:45.576+0800][gc,stats    ]      Memory: Page Cache Miss                                   0 / 0                 0 / 0                 0 / 1                 0 / 1           ops/s
[2023-11-16T15:36:45.576+0800][gc,stats    ]      Memory: Uncommit                                          0 / 0                 0 / 0                 0 / 0                 0 / 0           MB/s
[2023-11-16T15:36:45.576+0800][gc,stats    ]      Memory: Undo Object Allocation Failed                     0 / 0                 0 / 0                 0 / 0                 0 / 0           ops/s
[2023-11-16T15:36:45.576+0800][gc,stats    ]      Memory: Undo Object Allocation Succeeded                  0 / 0                 0 / 0                 0 / 3                 0 / 3           ops/s
[2023-11-16T15:36:45.576+0800][gc,stats    ]      Memory: Undo Page Allocation                              0 / 0                 0 / 0                 0 / 0                 0 / 0           ops/s
[2023-11-16T15:36:45.576+0800][gc,stats    ]       Phase: Concurrent Mark                               0.000 / 0.000         0.000 / 0.000        21.531 / 24.050       21.531 / 24.050      ms
[2023-11-16T15:36:45.576+0800][gc,stats    ]       Phase: Concurrent Mark Continue                      0.000 / 0.000         0.000 / 0.000         0.000 / 0.000         0.000 / 0.000       ms
[2023-11-16T15:36:45.576+0800][gc,stats    ]       Phase: Concurrent Mark Free                          0.000 / 0.000         0.000 / 0.000         0.001 / 0.001         0.001 / 0.001       ms
[2023-11-16T15:36:45.576+0800][gc,stats    ]       Phase: Concurrent Process Non-Strong References      0.000 / 0.000         0.000 / 0.000         1.995 / 2.420         1.995 / 2.420       ms
[2023-11-16T15:36:45.576+0800][gc,stats    ]       Phase: Concurrent Relocate                           0.000 / 0.000         0.000 / 0.000         2.883 / 2.961         2.883 / 2.961       ms
[2023-11-16T15:36:45.576+0800][gc,stats    ]       Phase: Concurrent Reset Relocation Set               0.000 / 0.000         0.000 / 0.000         0.002 / 0.004         0.002 / 0.004       ms
[2023-11-16T15:36:45.576+0800][gc,stats    ]       Phase: Concurrent Select Relocation Set              0.000 / 0.000         0.000 / 0.000         4.861 / 8.184         4.861 / 8.184       ms
[2023-11-16T15:36:45.576+0800][gc,stats    ]       Phase: Pause Mark End                                0.000 / 0.000         0.000 / 0.000         0.017 / 0.019         0.017 / 0.019       ms
[2023-11-16T15:36:45.576+0800][gc,stats    ]       Phase: Pause Mark Start                              0.000 / 0.000         0.000 / 0.000         0.023 / 0.031         0.023 / 0.031       ms
[2023-11-16T15:36:45.576+0800][gc,stats    ]       Phase: Pause Relocate Start                          0.000 / 0.000         0.000 / 0.000         0.009 / 0.009         0.009 / 0.009       ms
[2023-11-16T15:36:45.576+0800][gc,stats    ]    Subphase: Concurrent Classes Purge                      0.000 / 0.000         0.000 / 0.000         0.066 / 0.071         0.066 / 0.071       ms
[2023-11-16T15:36:45.576+0800][gc,stats    ]    Subphase: Concurrent Classes Unlink                     0.000 / 0.000         0.000 / 0.000         1.264 / 1.492         1.264 / 1.492       ms
[2023-11-16T15:36:45.576+0800][gc,stats    ]    Subphase: Concurrent Mark                               0.000 / 0.000         0.000 / 0.000        18.504 / 22.997       18.504 / 22.997      ms
[2023-11-16T15:36:45.576+0800][gc,stats    ]    Subphase: Concurrent Mark Try Flush                     0.000 / 0.000         0.000 / 0.000         0.201 / 0.455         0.201 / 0.455       ms
[2023-11-16T15:36:45.576+0800][gc,stats    ]    Subphase: Concurrent Mark Try Terminate                 0.000 / 0.000         0.000 / 0.000         4.353 / 12.985        4.353 / 12.985      ms
[2023-11-16T15:36:45.576+0800][gc,stats    ]    Subphase: Concurrent References Enqueue                 0.000 / 0.000         0.000 / 0.000         0.004 / 0.004         0.004 / 0.004       ms
[2023-11-16T15:36:45.576+0800][gc,stats    ]    Subphase: Concurrent References Process                 0.000 / 0.000         0.000 / 0.000         0.104 / 0.123         0.104 / 0.123       ms
[2023-11-16T15:36:45.576+0800][gc,stats    ]    Subphase: Concurrent Roots ClassLoaderDataGraph         0.000 / 0.000         0.000 / 0.000         0.107 / 0.428         0.107 / 0.428       ms
[2023-11-16T15:36:45.576+0800][gc,stats    ]    Subphase: Concurrent Roots CodeCache                    0.000 / 0.000         0.000 / 0.000         0.000 / 0.000         0.000 / 0.000       ms
[2023-11-16T15:36:45.576+0800][gc,stats    ]    Subphase: Concurrent Roots JavaThreads                  0.000 / 0.000         0.000 / 0.000         1.013 / 1.707         1.013 / 1.707       ms
[2023-11-16T15:36:45.576+0800][gc,stats    ]    Subphase: Concurrent Roots OopStorageSet                0.000 / 0.000         0.000 / 0.000         0.146 / 0.289         0.146 / 0.289       ms
[2023-11-16T15:36:45.576+0800][gc,stats    ]    Subphase: Concurrent Weak Roots OopStorageSet           0.000 / 0.000         0.000 / 0.000         0.440 / 0.670         0.440 / 0.670       ms
[2023-11-16T15:36:45.576+0800][gc,stats    ]    Subphase: Pause Mark Try Complete                       0.000 / 0.000         0.000 / 0.000         0.000 / 0.000         0.000 / 0.000       ms
[2023-11-16T15:36:45.576+0800][gc,stats    ]      System: Java Threads                                      0 / 0                 0 / 0                34 / 47               34 / 47          threads
[2023-11-16T15:36:45.576+0800][gc,stats    ] =========================================================================================================================================================
[2023-11-16T15:36:55.576+0800][gc,stats    ] === Garbage Collection Statistics =======================================================================================================================
[2023-11-16T15:36:55.576+0800][gc,stats    ]                                                              Last 10s              Last 10m              Last 10h                Total
[2023-11-16T15:36:55.576+0800][gc,stats    ]                                                              Avg / Max             Avg / Max             Avg / Max             Avg / Max
[2023-11-16T15:36:55.576+0800][gc,stats    ]   Collector: Garbage Collection Cycle                      0.000 / 0.000         0.000 / 0.000        32.129 / 37.536       32.129 / 37.536      ms
[2023-11-16T15:36:55.576+0800][gc,stats    ]  Contention: Mark Segment Reset Contention                     0 / 0                 0 / 0                 0 / 3                 0 / 3           ops/s
[2023-11-16T15:36:55.576+0800][gc,stats    ]  Contention: Mark SeqNum Reset Contention                      0 / 0                 0 / 0                 0 / 0                 0 / 0           ops/s
[2023-11-16T15:36:55.576+0800][gc,stats    ]    Critical: Allocation Stall                                  0 / 0                 0 / 0                 0 / 0                 0 / 0           ops/s
[2023-11-16T15:36:55.576+0800][gc,stats    ]    Critical: Allocation Stall                              0.000 / 0.000         0.000 / 0.000         0.000 / 0.000         0.000 / 0.000       ms
[2023-11-16T15:36:55.576+0800][gc,stats    ]    Critical: GC Locker Stall                                   0 / 0                 0 / 0                 0 / 0                 0 / 0           ops/s
[2023-11-16T15:36:55.576+0800][gc,stats    ]    Critical: GC Locker Stall                               0.000 / 0.000         0.000 / 0.000         0.000 / 0.000         0.000 / 0.000       ms
[2023-11-16T15:36:55.576+0800][gc,stats    ]    Critical: Relocation Stall                                  0 / 0                 0 / 0                 0 / 0                 0 / 0           ops/s
[2023-11-16T15:36:55.576+0800][gc,stats    ]    Critical: Relocation Stall                              0.000 / 0.000         0.000 / 0.000         0.000 / 0.000         0.000 / 0.000       ms
[2023-11-16T15:36:55.576+0800][gc,stats    ]      Memory: Allocation Rate                                   0 / 0                 0 / 6                 0 / 82                0 / 82          MB/s
[2023-11-16T15:36:55.576+0800][gc,stats    ]      Memory: Defragment                                        0 / 0                 0 / 0                 0 / 0                 0 / 0           ops/s
[2023-11-16T15:36:55.576+0800][gc,stats    ]      Memory: Out Of Memory                                     0 / 0                 0 / 0                 0 / 0                 0 / 0           ops/s
[2023-11-16T15:36:55.576+0800][gc,stats    ]      Memory: Page Cache Flush                                  0 / 0                 0 / 0                 0 / 0                 0 / 0           MB/s
[2023-11-16T15:36:55.576+0800][gc,stats    ]      Memory: Page Cache Hit L1                                 0 / 0                 0 / 1                 0 / 33                0 / 33          ops/s
[2023-11-16T15:36:55.576+0800][gc,stats    ]      Memory: Page Cache Hit L2                                 0 / 0                 0 / 0                 0 / 0                 0 / 0           ops/s
[2023-11-16T15:36:55.576+0800][gc,stats    ]      Memory: Page Cache Hit L3                                 0 / 0                 0 / 3                 0 / 41                0 / 41          ops/s
[2023-11-16T15:36:55.576+0800][gc,stats    ]      Memory: Page Cache Miss                                   0 / 0                 0 / 0                 0 / 1                 0 / 1           ops/s
[2023-11-16T15:36:55.576+0800][gc,stats    ]      Memory: Uncommit                                          0 / 0                 0 / 0                 0 / 0                 0 / 0           MB/s
[2023-11-16T15:36:55.576+0800][gc,stats    ]      Memory: Undo Object Allocation Failed                     0 / 0                 0 / 0                 0 / 0                 0 / 0           ops/s
[2023-11-16T15:36:55.576+0800][gc,stats    ]      Memory: Undo Object Allocation Succeeded                  0 / 0                 0 / 0                 0 / 3                 0 / 3           ops/s
[2023-11-16T15:36:55.576+0800][gc,stats    ]      Memory: Undo Page Allocation                              0 / 0                 0 / 0                 0 / 0                 0 / 0           ops/s
[2023-11-16T15:36:55.576+0800][gc,stats    ]       Phase: Concurrent Mark                               0.000 / 0.000         0.000 / 0.000        21.531 / 24.050       21.531 / 24.050      ms
[2023-11-16T15:36:55.576+0800][gc,stats    ]       Phase: Concurrent Mark Continue                      0.000 / 0.000         0.000 / 0.000         0.000 / 0.000         0.000 / 0.000       ms
[2023-11-16T15:36:55.576+0800][gc,stats    ]       Phase: Concurrent Mark Free                          0.000 / 0.000         0.000 / 0.000         0.001 / 0.001         0.001 / 0.001       ms
[2023-11-16T15:36:55.576+0800][gc,stats    ]       Phase: Concurrent Process Non-Strong References      0.000 / 0.000         0.000 / 0.000         1.995 / 2.420         1.995 / 2.420       ms
[2023-11-16T15:36:55.576+0800][gc,stats    ]       Phase: Concurrent Relocate                           0.000 / 0.000         0.000 / 0.000         2.883 / 2.961         2.883 / 2.961       ms
[2023-11-16T15:36:55.576+0800][gc,stats    ]       Phase: Concurrent Reset Relocation Set               0.000 / 0.000         0.000 / 0.000         0.002 / 0.004         0.002 / 0.004       ms
[2023-11-16T15:36:55.576+0800][gc,stats    ]       Phase: Concurrent Select Relocation Set              0.000 / 0.000         0.000 / 0.000         4.861 / 8.184         4.861 / 8.184       ms
[2023-11-16T15:36:55.576+0800][gc,stats    ]       Phase: Pause Mark End                                0.000 / 0.000         0.000 / 0.000         0.017 / 0.019         0.017 / 0.019       ms
[2023-11-16T15:36:55.576+0800][gc,stats    ]       Phase: Pause Mark Start                              0.000 / 0.000         0.000 / 0.000         0.023 / 0.031         0.023 / 0.031       ms
[2023-11-16T15:36:55.576+0800][gc,stats    ]       Phase: Pause Relocate Start                          0.000 / 0.000         0.000 / 0.000         0.009 / 0.009         0.009 / 0.009       ms
[2023-11-16T15:36:55.576+0800][gc,stats    ]    Subphase: Concurrent Classes Purge                      0.000 / 0.000         0.000 / 0.000         0.066 / 0.071         0.066 / 0.071       ms
[2023-11-16T15:36:55.576+0800][gc,stats    ]    Subphase: Concurrent Classes Unlink                     0.000 / 0.000         0.000 / 0.000         1.264 / 1.492         1.264 / 1.492       ms
[2023-11-16T15:36:55.576+0800][gc,stats    ]    Subphase: Concurrent Mark                               0.000 / 0.000         0.000 / 0.000        18.504 / 22.997       18.504 / 22.997      ms
[2023-11-16T15:36:55.576+0800][gc,stats    ]    Subphase: Concurrent Mark Try Flush                     0.000 / 0.000         0.000 / 0.000         0.201 / 0.455         0.201 / 0.455       ms
[2023-11-16T15:36:55.576+0800][gc,stats    ]    Subphase: Concurrent Mark Try Terminate                 0.000 / 0.000         0.000 / 0.000         4.353 / 12.985        4.353 / 12.985      ms
[2023-11-16T15:36:55.576+0800][gc,stats    ]    Subphase: Concurrent References Enqueue                 0.000 / 0.000         0.000 / 0.000         0.004 / 0.004         0.004 / 0.004       ms
[2023-11-16T15:36:55.577+0800][gc,stats    ]    Subphase: Concurrent References Process                 0.000 / 0.000         0.000 / 0.000         0.104 / 0.123         0.104 / 0.123       ms
[2023-11-16T15:36:55.577+0800][gc,stats    ]    Subphase: Concurrent Roots ClassLoaderDataGraph         0.000 / 0.000         0.000 / 0.000         0.107 / 0.428         0.107 / 0.428       ms
[2023-11-16T15:36:55.577+0800][gc,stats    ]    Subphase: Concurrent Roots CodeCache                    0.000 / 0.000         0.000 / 0.000         0.000 / 0.000         0.000 / 0.000       ms
[2023-11-16T15:36:55.577+0800][gc,stats    ]    Subphase: Concurrent Roots JavaThreads                  0.000 / 0.000         0.000 / 0.000         1.013 / 1.707         1.013 / 1.707       ms
[2023-11-16T15:36:55.577+0800][gc,stats    ]    Subphase: Concurrent Roots OopStorageSet                0.000 / 0.000         0.000 / 0.000         0.146 / 0.289         0.146 / 0.289       ms
[2023-11-16T15:36:55.577+0800][gc,stats    ]    Subphase: Concurrent Weak Roots OopStorageSet           0.000 / 0.000         0.000 / 0.000         0.440 / 0.670         0.440 / 0.670       ms
[2023-11-16T15:36:55.577+0800][gc,stats    ]    Subphase: Pause Mark Try Complete                       0.000 / 0.000         0.000 / 0.000         0.000 / 0.000         0.000 / 0.000       ms
[2023-11-16T15:36:55.577+0800][gc,stats    ]      System: Java Threads                                      0 / 0                 0 / 0                34 / 47               34 / 47          threads
[2023-11-16T15:36:55.577+0800][gc,stats    ] =========================================================================================================================================================
[2023-11-16T15:37:05.575+0800][gc,stats    ] === Garbage Collection Statistics =======================================================================================================================
[2023-11-16T15:37:05.575+0800][gc,stats    ]                                                              Last 10s              Last 10m              Last 10h                Total
[2023-11-16T15:37:05.575+0800][gc,stats    ]                                                              Avg / Max             Avg / Max             Avg / Max             Avg / Max
[2023-11-16T15:37:05.575+0800][gc,stats    ]   Collector: Garbage Collection Cycle                      0.000 / 0.000         0.000 / 0.000        32.129 / 37.536       32.129 / 37.536      ms
[2023-11-16T15:37:05.575+0800][gc,stats    ]  Contention: Mark Segment Reset Contention                     0 / 0                 0 / 0                 0 / 3                 0 / 3           ops/s
[2023-11-16T15:37:05.575+0800][gc,stats    ]  Contention: Mark SeqNum Reset Contention                      0 / 0                 0 / 0                 0 / 0                 0 / 0           ops/s
[2023-11-16T15:37:05.575+0800][gc,stats    ]    Critical: Allocation Stall                                  0 / 0                 0 / 0                 0 / 0                 0 / 0           ops/s
[2023-11-16T15:37:05.575+0800][gc,stats    ]    Critical: Allocation Stall                              0.000 / 0.000         0.000 / 0.000         0.000 / 0.000         0.000 / 0.000       ms
[2023-11-16T15:37:05.575+0800][gc,stats    ]    Critical: GC Locker Stall                                   0 / 0                 0 / 0                 0 / 0                 0 / 0           ops/s
[2023-11-16T15:37:05.575+0800][gc,stats    ]    Critical: GC Locker Stall                               0.000 / 0.000         0.000 / 0.000         0.000 / 0.000         0.000 / 0.000       ms
[2023-11-16T15:37:05.575+0800][gc,stats    ]    Critical: Relocation Stall                                  0 / 0                 0 / 0                 0 / 0                 0 / 0           ops/s
[2023-11-16T15:37:05.575+0800][gc,stats    ]    Critical: Relocation Stall                              0.000 / 0.000         0.000 / 0.000         0.000 / 0.000         0.000 / 0.000       ms
[2023-11-16T15:37:05.575+0800][gc,stats    ]      Memory: Allocation Rate                                   0 / 0                 0 / 6                 0 / 82                0 / 82          MB/s
[2023-11-16T15:37:05.575+0800][gc,stats    ]      Memory: Defragment                                        0 / 0                 0 / 0                 0 / 0                 0 / 0           ops/s
[2023-11-16T15:37:05.575+0800][gc,stats    ]      Memory: Out Of Memory                                     0 / 0                 0 / 0                 0 / 0                 0 / 0           ops/s
[2023-11-16T15:37:05.575+0800][gc,stats    ]      Memory: Page Cache Flush                                  0 / 0                 0 / 0                 0 / 0                 0 / 0           MB/s
[2023-11-16T15:37:05.575+0800][gc,stats    ]      Memory: Page Cache Hit L1                                 0 / 0                 0 / 1                 0 / 33                0 / 33          ops/s
[2023-11-16T15:37:05.575+0800][gc,stats    ]      Memory: Page Cache Hit L2                                 0 / 0                 0 / 0                 0 / 0                 0 / 0           ops/s
[2023-11-16T15:37:05.575+0800][gc,stats    ]      Memory: Page Cache Hit L3                                 0 / 0                 0 / 3                 0 / 41                0 / 41          ops/s
[2023-11-16T15:37:05.575+0800][gc,stats    ]      Memory: Page Cache Miss                                   0 / 0                 0 / 0                 0 / 1                 0 / 1           ops/s
[2023-11-16T15:37:05.575+0800][gc,stats    ]      Memory: Uncommit                                          0 / 0                 0 / 0                 0 / 0                 0 / 0           MB/s
[2023-11-16T15:37:05.575+0800][gc,stats    ]      Memory: Undo Object Allocation Failed                     0 / 0                 0 / 0                 0 / 0                 0 / 0           ops/s
[2023-11-16T15:37:05.575+0800][gc,stats    ]      Memory: Undo Object Allocation Succeeded                  0 / 0                 0 / 0                 0 / 3                 0 / 3           ops/s
[2023-11-16T15:37:05.575+0800][gc,stats    ]      Memory: Undo Page Allocation                              0 / 0                 0 / 0                 0 / 0                 0 / 0           ops/s
[2023-11-16T15:37:05.575+0800][gc,stats    ]       Phase: Concurrent Mark                               0.000 / 0.000         0.000 / 0.000        21.531 / 24.050       21.531 / 24.050      ms
[2023-11-16T15:37:05.575+0800][gc,stats    ]       Phase: Concurrent Mark Continue                      0.000 / 0.000         0.000 / 0.000         0.000 / 0.000         0.000 / 0.000       ms
[2023-11-16T15:37:05.575+0800][gc,stats    ]       Phase: Concurrent Mark Free                          0.000 / 0.000         0.000 / 0.000         0.001 / 0.001         0.001 / 0.001       ms
[2023-11-16T15:37:05.575+0800][gc,stats    ]       Phase: Concurrent Process Non-Strong References      0.000 / 0.000         0.000 / 0.000         1.995 / 2.420         1.995 / 2.420       ms
[2023-11-16T15:37:05.575+0800][gc,stats    ]       Phase: Concurrent Relocate                           0.000 / 0.000         0.000 / 0.000         2.883 / 2.961         2.883 / 2.961       ms
[2023-11-16T15:37:05.575+0800][gc,stats    ]       Phase: Concurrent Reset Relocation Set               0.000 / 0.000         0.000 / 0.000         0.002 / 0.004         0.002 / 0.004       ms
[2023-11-16T15:37:05.575+0800][gc,stats    ]       Phase: Concurrent Select Relocation Set              0.000 / 0.000         0.000 / 0.000         4.861 / 8.184         4.861 / 8.184       ms
[2023-11-16T15:37:05.575+0800][gc,stats    ]       Phase: Pause Mark End                                0.000 / 0.000         0.000 / 0.000         0.017 / 0.019         0.017 / 0.019       ms
[2023-11-16T15:37:05.575+0800][gc,stats    ]       Phase: Pause Mark Start                              0.000 / 0.000         0.000 / 0.000         0.023 / 0.031         0.023 / 0.031       ms
[2023-11-16T15:37:05.575+0800][gc,stats    ]       Phase: Pause Relocate Start                          0.000 / 0.000         0.000 / 0.000         0.009 / 0.009         0.009 / 0.009       ms
[2023-11-16T15:37:05.575+0800][gc,stats    ]    Subphase: Concurrent Classes Purge                      0.000 / 0.000         0.000 / 0.000         0.066 / 0.071         0.066 / 0.071       ms
[2023-11-16T15:37:05.575+0800][gc,stats    ]    Subphase: Concurrent Classes Unlink                     0.000 / 0.000         0.000 / 0.000         1.264 / 1.492         1.264 / 1.492       ms
[2023-11-16T15:37:05.575+0800][gc,stats    ]    Subphase: Concurrent Mark                               0.000 / 0.000         0.000 / 0.000        18.504 / 22.997       18.504 / 22.997      ms
[2023-11-16T15:37:05.575+0800][gc,stats    ]    Subphase: Concurrent Mark Try Flush                     0.000 / 0.000         0.000 / 0.000         0.201 / 0.455         0.201 / 0.455       ms
[2023-11-16T15:37:05.575+0800][gc,stats    ]    Subphase: Concurrent Mark Try Terminate                 0.000 / 0.000         0.000 / 0.000         4.353 / 12.985        4.353 / 12.985      ms
[2023-11-16T15:37:05.575+0800][gc,stats    ]    Subphase: Concurrent References Enqueue                 0.000 / 0.000         0.000 / 0.000         0.004 / 0.004         0.004 / 0.004       ms
[2023-11-16T15:37:05.575+0800][gc,stats    ]    Subphase: Concurrent References Process                 0.000 / 0.000         0.000 / 0.000         0.104 / 0.123         0.104 / 0.123       ms
[2023-11-16T15:37:05.575+0800][gc,stats    ]    Subphase: Concurrent Roots ClassLoaderDataGraph         0.000 / 0.000         0.000 / 0.000         0.107 / 0.428         0.107 / 0.428       ms
[2023-11-16T15:37:05.575+0800][gc,stats    ]    Subphase: Concurrent Roots CodeCache                    0.000 / 0.000         0.000 / 0.000         0.000 / 0.000         0.000 / 0.000       ms
[2023-11-16T15:37:05.575+0800][gc,stats    ]    Subphase: Concurrent Roots JavaThreads                  0.000 / 0.000         0.000 / 0.000         1.013 / 1.707         1.013 / 1.707       ms
[2023-11-16T15:37:05.575+0800][gc,stats    ]    Subphase: Concurrent Roots OopStorageSet                0.000 / 0.000         0.000 / 0.000         0.146 / 0.289         0.146 / 0.289       ms
[2023-11-16T15:37:05.575+0800][gc,stats    ]    Subphase: Concurrent Weak Roots OopStorageSet           0.000 / 0.000         0.000 / 0.000         0.440 / 0.670         0.440 / 0.670       ms
[2023-11-16T15:37:05.575+0800][gc,stats    ]    Subphase: Pause Mark Try Complete                       0.000 / 0.000         0.000 / 0.000         0.000 / 0.000         0.000 / 0.000       ms
[2023-11-16T15:37:05.575+0800][gc,stats    ]      System: Java Threads                                      0 / 0                 0 / 0                34 / 47               34 / 47          threads
[2023-11-16T15:37:05.575+0800][gc,stats    ] =========================================================================================================================================================
[2023-11-16T15:37:15.575+0800][gc,stats    ] === Garbage Collection Statistics =======================================================================================================================
[2023-11-16T15:37:15.575+0800][gc,stats    ]                                                              Last 10s              Last 10m              Last 10h                Total
[2023-11-16T15:37:15.575+0800][gc,stats    ]                                                              Avg / Max             Avg / Max             Avg / Max             Avg / Max
[2023-11-16T15:37:15.575+0800][gc,stats    ]   Collector: Garbage Collection Cycle                      0.000 / 0.000         0.000 / 0.000        32.129 / 37.536       32.129 / 37.536      ms
[2023-11-16T15:37:15.575+0800][gc,stats    ]  Contention: Mark Segment Reset Contention                     0 / 0                 0 / 0                 0 / 3                 0 / 3           ops/s
[2023-11-16T15:37:15.575+0800][gc,stats    ]  Contention: Mark SeqNum Reset Contention                      0 / 0                 0 / 0                 0 / 0                 0 / 0           ops/s
[2023-11-16T15:37:15.575+0800][gc,stats    ]    Critical: Allocation Stall                                  0 / 0                 0 / 0                 0 / 0                 0 / 0           ops/s
[2023-11-16T15:37:15.575+0800][gc,stats    ]    Critical: Allocation Stall                              0.000 / 0.000         0.000 / 0.000         0.000 / 0.000         0.000 / 0.000       ms
[2023-11-16T15:37:15.575+0800][gc,stats    ]    Critical: GC Locker Stall                                   0 / 0                 0 / 0                 0 / 0                 0 / 0           ops/s
[2023-11-16T15:37:15.575+0800][gc,stats    ]    Critical: GC Locker Stall                               0.000 / 0.000         0.000 / 0.000         0.000 / 0.000         0.000 / 0.000       ms
[2023-11-16T15:37:15.575+0800][gc,stats    ]    Critical: Relocation Stall                                  0 / 0                 0 / 0                 0 / 0                 0 / 0           ops/s
[2023-11-16T15:37:15.575+0800][gc,stats    ]    Critical: Relocation Stall                              0.000 / 0.000         0.000 / 0.000         0.000 / 0.000         0.000 / 0.000       ms
[2023-11-16T15:37:15.575+0800][gc,stats    ]      Memory: Allocation Rate                                   0 / 0                 0 / 6                 0 / 82                0 / 82          MB/s
[2023-11-16T15:37:15.575+0800][gc,stats    ]      Memory: Defragment                                        0 / 0                 0 / 0                 0 / 0                 0 / 0           ops/s
[2023-11-16T15:37:15.575+0800][gc,stats    ]      Memory: Out Of Memory                                     0 / 0                 0 / 0                 0 / 0                 0 / 0           ops/s
[2023-11-16T15:37:15.575+0800][gc,stats    ]      Memory: Page Cache Flush                                  0 / 0                 0 / 0                 0 / 0                 0 / 0           MB/s
[2023-11-16T15:37:15.575+0800][gc,stats    ]      Memory: Page Cache Hit L1                                 0 / 0                 0 / 1                 0 / 33                0 / 33          ops/s
[2023-11-16T15:37:15.575+0800][gc,stats    ]      Memory: Page Cache Hit L2                                 0 / 0                 0 / 0                 0 / 0                 0 / 0           ops/s
[2023-11-16T15:37:15.575+0800][gc,stats    ]      Memory: Page Cache Hit L3                                 0 / 0                 0 / 3                 0 / 41                0 / 41          ops/s
[2023-11-16T15:37:15.575+0800][gc,stats    ]      Memory: Page Cache Miss                                   0 / 0                 0 / 0                 0 / 1                 0 / 1           ops/s
[2023-11-16T15:37:15.575+0800][gc,stats    ]      Memory: Uncommit                                          0 / 0                 0 / 0                 0 / 0                 0 / 0           MB/s
[2023-11-16T15:37:15.575+0800][gc,stats    ]      Memory: Undo Object Allocation Failed                     0 / 0                 0 / 0                 0 / 0                 0 / 0           ops/s
[2023-11-16T15:37:15.575+0800][gc,stats    ]      Memory: Undo Object Allocation Succeeded                  0 / 0                 0 / 0                 0 / 3                 0 / 3           ops/s
[2023-11-16T15:37:15.575+0800][gc,stats    ]      Memory: Undo Page Allocation                              0 / 0                 0 / 0                 0 / 0                 0 / 0           ops/s
[2023-11-16T15:37:15.575+0800][gc,stats    ]       Phase: Concurrent Mark                               0.000 / 0.000         0.000 / 0.000        21.531 / 24.050       21.531 / 24.050      ms
[2023-11-16T15:37:15.575+0800][gc,stats    ]       Phase: Concurrent Mark Continue                      0.000 / 0.000         0.000 / 0.000         0.000 / 0.000         0.000 / 0.000       ms
[2023-11-16T15:37:15.575+0800][gc,stats    ]       Phase: Concurrent Mark Free                          0.000 / 0.000         0.000 / 0.000         0.001 / 0.001         0.001 / 0.001       ms
[2023-11-16T15:37:15.575+0800][gc,stats    ]       Phase: Concurrent Process Non-Strong References      0.000 / 0.000         0.000 / 0.000         1.995 / 2.420         1.995 / 2.420       ms
[2023-11-16T15:37:15.575+0800][gc,stats    ]       Phase: Concurrent Relocate                           0.000 / 0.000         0.000 / 0.000         2.883 / 2.961         2.883 / 2.961       ms
[2023-11-16T15:37:15.575+0800][gc,stats    ]       Phase: Concurrent Reset Relocation Set               0.000 / 0.000         0.000 / 0.000         0.002 / 0.004         0.002 / 0.004       ms
[2023-11-16T15:37:15.575+0800][gc,stats    ]       Phase: Concurrent Select Relocation Set              0.000 / 0.000         0.000 / 0.000         4.861 / 8.184         4.861 / 8.184       ms
[2023-11-16T15:37:15.575+0800][gc,stats    ]       Phase: Pause Mark End                                0.000 / 0.000         0.000 / 0.000         0.017 / 0.019         0.017 / 0.019       ms
[2023-11-16T15:37:15.575+0800][gc,stats    ]       Phase: Pause Mark Start                              0.000 / 0.000         0.000 / 0.000         0.023 / 0.031         0.023 / 0.031       ms
[2023-11-16T15:37:15.575+0800][gc,stats    ]       Phase: Pause Relocate Start                          0.000 / 0.000         0.000 / 0.000         0.009 / 0.009         0.009 / 0.009       ms
[2023-11-16T15:37:15.575+0800][gc,stats    ]    Subphase: Concurrent Classes Purge                      0.000 / 0.000         0.000 / 0.000         0.066 / 0.071         0.066 / 0.071       ms
[2023-11-16T15:37:15.575+0800][gc,stats    ]    Subphase: Concurrent Classes Unlink                     0.000 / 0.000         0.000 / 0.000         1.264 / 1.492         1.264 / 1.492       ms
[2023-11-16T15:37:15.575+0800][gc,stats    ]    Subphase: Concurrent Mark                               0.000 / 0.000         0.000 / 0.000        18.504 / 22.997       18.504 / 22.997      ms
[2023-11-16T15:37:15.575+0800][gc,stats    ]    Subphase: Concurrent Mark Try Flush                     0.000 / 0.000         0.000 / 0.000         0.201 / 0.455         0.201 / 0.455       ms
[2023-11-16T15:37:15.575+0800][gc,stats    ]    Subphase: Concurrent Mark Try Terminate                 0.000 / 0.000         0.000 / 0.000         4.353 / 12.985        4.353 / 12.985      ms
[2023-11-16T15:37:15.575+0800][gc,stats    ]    Subphase: Concurrent References Enqueue                 0.000 / 0.000         0.000 / 0.000         0.004 / 0.004         0.004 / 0.004       ms
[2023-11-16T15:37:15.575+0800][gc,stats    ]    Subphase: Concurrent References Process                 0.000 / 0.000         0.000 / 0.000         0.104 / 0.123         0.104 / 0.123       ms
[2023-11-16T15:37:15.575+0800][gc,stats    ]    Subphase: Concurrent Roots ClassLoaderDataGraph         0.000 / 0.000         0.000 / 0.000         0.107 / 0.428         0.107 / 0.428       ms
[2023-11-16T15:37:15.575+0800][gc,stats    ]    Subphase: Concurrent Roots CodeCache                    0.000 / 0.000         0.000 / 0.000         0.000 / 0.000         0.000 / 0.000       ms
[2023-11-16T15:37:15.575+0800][gc,stats    ]    Subphase: Concurrent Roots JavaThreads                  0.000 / 0.000         0.000 / 0.000         1.013 / 1.707         1.013 / 1.707       ms
[2023-11-16T15:37:15.575+0800][gc,stats    ]    Subphase: Concurrent Roots OopStorageSet                0.000 / 0.000         0.000 / 0.000         0.146 / 0.289         0.146 / 0.289       ms
[2023-11-16T15:37:15.575+0800][gc,stats    ]    Subphase: Concurrent Weak Roots OopStorageSet           0.000 / 0.000         0.000 / 0.000         0.440 / 0.670         0.440 / 0.670       ms
[2023-11-16T15:37:15.575+0800][gc,stats    ]    Subphase: Pause Mark Try Complete                       0.000 / 0.000         0.000 / 0.000         0.000 / 0.000         0.000 / 0.000       ms
[2023-11-16T15:37:15.575+0800][gc,stats    ]      System: Java Threads                                      0 / 0                 0 / 0                34 / 47               34 / 47          threads
[2023-11-16T15:37:15.575+0800][gc,stats    ] =========================================================================================================================================================
[2023-11-16T15:37:25.576+0800][gc,stats    ] === Garbage Collection Statistics =======================================================================================================================
[2023-11-16T15:37:25.576+0800][gc,stats    ]                                                              Last 10s              Last 10m              Last 10h                Total
[2023-11-16T15:37:25.576+0800][gc,stats    ]                                                              Avg / Max             Avg / Max             Avg / Max             Avg / Max
[2023-11-16T15:37:25.576+0800][gc,stats    ]   Collector: Garbage Collection Cycle                      0.000 / 0.000         0.000 / 0.000        32.129 / 37.536       32.129 / 37.536      ms
[2023-11-16T15:37:25.576+0800][gc,stats    ]  Contention: Mark Segment Reset Contention                     0 / 0                 0 / 0                 0 / 3                 0 / 3           ops/s
[2023-11-16T15:37:25.576+0800][gc,stats    ]  Contention: Mark SeqNum Reset Contention                      0 / 0                 0 / 0                 0 / 0                 0 / 0           ops/s
[2023-11-16T15:37:25.576+0800][gc,stats    ]    Critical: Allocation Stall                                  0 / 0                 0 / 0                 0 / 0                 0 / 0           ops/s
[2023-11-16T15:37:25.576+0800][gc,stats    ]    Critical: Allocation Stall                              0.000 / 0.000         0.000 / 0.000         0.000 / 0.000         0.000 / 0.000       ms
[2023-11-16T15:37:25.576+0800][gc,stats    ]    Critical: GC Locker Stall                                   0 / 0                 0 / 0                 0 / 0                 0 / 0           ops/s
[2023-11-16T15:37:25.576+0800][gc,stats    ]    Critical: GC Locker Stall                               0.000 / 0.000         0.000 / 0.000         0.000 / 0.000         0.000 / 0.000       ms
[2023-11-16T15:37:25.576+0800][gc,stats    ]    Critical: Relocation Stall                                  0 / 0                 0 / 0                 0 / 0                 0 / 0           ops/s
[2023-11-16T15:37:25.576+0800][gc,stats    ]    Critical: Relocation Stall                              0.000 / 0.000         0.000 / 0.000         0.000 / 0.000         0.000 / 0.000       ms
[2023-11-16T15:37:25.576+0800][gc,stats    ]      Memory: Allocation Rate                                   0 / 0                 0 / 6                 0 / 82                0 / 82          MB/s
[2023-11-16T15:37:25.576+0800][gc,stats    ]      Memory: Defragment                                        0 / 0                 0 / 0                 0 / 0                 0 / 0           ops/s
[2023-11-16T15:37:25.576+0800][gc,stats    ]      Memory: Out Of Memory                                     0 / 0                 0 / 0                 0 / 0                 0 / 0           ops/s
[2023-11-16T15:37:25.576+0800][gc,stats    ]      Memory: Page Cache Flush                                  0 / 0                 0 / 0                 0 / 0                 0 / 0           MB/s
[2023-11-16T15:37:25.576+0800][gc,stats    ]      Memory: Page Cache Hit L1                                 0 / 0                 0 / 1                 0 / 33                0 / 33          ops/s
[2023-11-16T15:37:25.576+0800][gc,stats    ]      Memory: Page Cache Hit L2                                 0 / 0                 0 / 0                 0 / 0                 0 / 0           ops/s
[2023-11-16T15:37:25.576+0800][gc,stats    ]      Memory: Page Cache Hit L3                                 0 / 0                 0 / 3                 0 / 41                0 / 41          ops/s
[2023-11-16T15:37:25.576+0800][gc,stats    ]      Memory: Page Cache Miss                                   0 / 0                 0 / 0                 0 / 1                 0 / 1           ops/s
[2023-11-16T15:37:25.576+0800][gc,stats    ]      Memory: Uncommit                                          0 / 0                 0 / 0                 0 / 0                 0 / 0           MB/s
[2023-11-16T15:37:25.576+0800][gc,stats    ]      Memory: Undo Object Allocation Failed                     0 / 0                 0 / 0                 0 / 0                 0 / 0           ops/s
[2023-11-16T15:37:25.576+0800][gc,stats    ]      Memory: Undo Object Allocation Succeeded                  0 / 0                 0 / 0                 0 / 3                 0 / 3           ops/s
[2023-11-16T15:37:25.576+0800][gc,stats    ]      Memory: Undo Page Allocation                              0 / 0                 0 / 0                 0 / 0                 0 / 0           ops/s
[2023-11-16T15:37:25.576+0800][gc,stats    ]       Phase: Concurrent Mark                               0.000 / 0.000         0.000 / 0.000        21.531 / 24.050       21.531 / 24.050      ms
[2023-11-16T15:37:25.576+0800][gc,stats    ]       Phase: Concurrent Mark Continue                      0.000 / 0.000         0.000 / 0.000         0.000 / 0.000         0.000 / 0.000       ms
[2023-11-16T15:37:25.576+0800][gc,stats    ]       Phase: Concurrent Mark Free                          0.000 / 0.000         0.000 / 0.000         0.001 / 0.001         0.001 / 0.001       ms
[2023-11-16T15:37:25.576+0800][gc,stats    ]       Phase: Concurrent Process Non-Strong References      0.000 / 0.000         0.000 / 0.000         1.995 / 2.420         1.995 / 2.420       ms
[2023-11-16T15:37:25.576+0800][gc,stats    ]       Phase: Concurrent Relocate                           0.000 / 0.000         0.000 / 0.000         2.883 / 2.961         2.883 / 2.961       ms
[2023-11-16T15:37:25.576+0800][gc,stats    ]       Phase: Concurrent Reset Relocation Set               0.000 / 0.000         0.000 / 0.000         0.002 / 0.004         0.002 / 0.004       ms
[2023-11-16T15:37:25.576+0800][gc,stats    ]       Phase: Concurrent Select Relocation Set              0.000 / 0.000         0.000 / 0.000         4.861 / 8.184         4.861 / 8.184       ms
[2023-11-16T15:37:25.576+0800][gc,stats    ]       Phase: Pause Mark End                                0.000 / 0.000         0.000 / 0.000         0.017 / 0.019         0.017 / 0.019       ms
[2023-11-16T15:37:25.576+0800][gc,stats    ]       Phase: Pause Mark Start                              0.000 / 0.000         0.000 / 0.000         0.023 / 0.031         0.023 / 0.031       ms
[2023-11-16T15:37:25.576+0800][gc,stats    ]       Phase: Pause Relocate Start                          0.000 / 0.000         0.000 / 0.000         0.009 / 0.009         0.009 / 0.009       ms
[2023-11-16T15:37:25.576+0800][gc,stats    ]    Subphase: Concurrent Classes Purge                      0.000 / 0.000         0.000 / 0.000         0.066 / 0.071         0.066 / 0.071       ms
[2023-11-16T15:37:25.576+0800][gc,stats    ]    Subphase: Concurrent Classes Unlink                     0.000 / 0.000         0.000 / 0.000         1.264 / 1.492         1.264 / 1.492       ms
[2023-11-16T15:37:25.576+0800][gc,stats    ]    Subphase: Concurrent Mark                               0.000 / 0.000         0.000 / 0.000        18.504 / 22.997       18.504 / 22.997      ms
[2023-11-16T15:37:25.576+0800][gc,stats    ]    Subphase: Concurrent Mark Try Flush                     0.000 / 0.000         0.000 / 0.000         0.201 / 0.455         0.201 / 0.455       ms
[2023-11-16T15:37:25.576+0800][gc,stats    ]    Subphase: Concurrent Mark Try Terminate                 0.000 / 0.000         0.000 / 0.000         4.353 / 12.985        4.353 / 12.985      ms
[2023-11-16T15:37:25.576+0800][gc,stats    ]    Subphase: Concurrent References Enqueue                 0.000 / 0.000         0.000 / 0.000         0.004 / 0.004         0.004 / 0.004       ms
[2023-11-16T15:37:25.576+0800][gc,stats    ]    Subphase: Concurrent References Process                 0.000 / 0.000         0.000 / 0.000         0.104 / 0.123         0.104 / 0.123       ms
[2023-11-16T15:37:25.576+0800][gc,stats    ]    Subphase: Concurrent Roots ClassLoaderDataGraph         0.000 / 0.000         0.000 / 0.000         0.107 / 0.428         0.107 / 0.428       ms
[2023-11-16T15:37:25.576+0800][gc,stats    ]    Subphase: Concurrent Roots CodeCache                    0.000 / 0.000         0.000 / 0.000         0.000 / 0.000         0.000 / 0.000       ms
[2023-11-16T15:37:25.576+0800][gc,stats    ]    Subphase: Concurrent Roots JavaThreads                  0.000 / 0.000         0.000 / 0.000         1.013 / 1.707         1.013 / 1.707       ms
[2023-11-16T15:37:25.576+0800][gc,stats    ]    Subphase: Concurrent Roots OopStorageSet                0.000 / 0.000         0.000 / 0.000         0.146 / 0.289         0.146 / 0.289       ms
[2023-11-16T15:37:25.576+0800][gc,stats    ]    Subphase: Concurrent Weak Roots OopStorageSet           0.000 / 0.000         0.000 / 0.000         0.440 / 0.670         0.440 / 0.670       ms
[2023-11-16T15:37:25.576+0800][gc,stats    ]    Subphase: Pause Mark Try Complete                       0.000 / 0.000         0.000 / 0.000         0.000 / 0.000         0.000 / 0.000       ms
[2023-11-16T15:37:25.576+0800][gc,stats    ]      System: Java Threads                                      0 / 0                 0 / 0                34 / 47               34 / 47          threads
[2023-11-16T15:37:25.576+0800][gc,stats    ] =========================================================================================================================================================
[2023-11-16T15:37:35.583+0800][gc,stats    ] === Garbage Collection Statistics =======================================================================================================================
[2023-11-16T15:37:35.583+0800][gc,stats    ]                                                              Last 10s              Last 10m              Last 10h                Total
[2023-11-16T15:37:35.583+0800][gc,stats    ]                                                              Avg / Max             Avg / Max             Avg / Max             Avg / Max
[2023-11-16T15:37:35.583+0800][gc,stats    ]   Collector: Garbage Collection Cycle                      0.000 / 0.000         0.000 / 0.000        32.129 / 37.536       32.129 / 37.536      ms
[2023-11-16T15:37:35.583+0800][gc,stats    ]  Contention: Mark Segment Reset Contention                     0 / 0                 0 / 0                 0 / 3                 0 / 3           ops/s
[2023-11-16T15:37:35.583+0800][gc,stats    ]  Contention: Mark SeqNum Reset Contention                      0 / 0                 0 / 0                 0 / 0                 0 / 0           ops/s
[2023-11-16T15:37:35.583+0800][gc,stats    ]    Critical: Allocation Stall                                  0 / 0                 0 / 0                 0 / 0                 0 / 0           ops/s
[2023-11-16T15:37:35.583+0800][gc,stats    ]    Critical: Allocation Stall                              0.000 / 0.000         0.000 / 0.000         0.000 / 0.000         0.000 / 0.000       ms
[2023-11-16T15:37:35.583+0800][gc,stats    ]    Critical: GC Locker Stall                                   0 / 0                 0 / 0                 0 / 0                 0 / 0           ops/s
[2023-11-16T15:37:35.583+0800][gc,stats    ]    Critical: GC Locker Stall                               0.000 / 0.000         0.000 / 0.000         0.000 / 0.000         0.000 / 0.000       ms
[2023-11-16T15:37:35.583+0800][gc,stats    ]    Critical: Relocation Stall                                  0 / 0                 0 / 0                 0 / 0                 0 / 0           ops/s
[2023-11-16T15:37:35.583+0800][gc,stats    ]    Critical: Relocation Stall                              0.000 / 0.000         0.000 / 0.000         0.000 / 0.000         0.000 / 0.000       ms
[2023-11-16T15:37:35.583+0800][gc,stats    ]      Memory: Allocation Rate                                   0 / 2                 0 / 6                 0 / 82                0 / 82          MB/s
[2023-11-16T15:37:35.583+0800][gc,stats    ]      Memory: Defragment                                        0 / 0                 0 / 0                 0 / 0                 0 / 0           ops/s
[2023-11-16T15:37:35.583+0800][gc,stats    ]      Memory: Out Of Memory                                     0 / 0                 0 / 0                 0 / 0                 0 / 0           ops/s
[2023-11-16T15:37:35.583+0800][gc,stats    ]      Memory: Page Cache Flush                                  0 / 0                 0 / 0                 0 / 0                 0 / 0           MB/s
[2023-11-16T15:37:35.583+0800][gc,stats    ]      Memory: Page Cache Hit L1                                 0 / 0                 0 / 1                 0 / 33                0 / 33          ops/s
[2023-11-16T15:37:35.583+0800][gc,stats    ]      Memory: Page Cache Hit L2                                 0 / 0                 0 / 0                 0 / 0                 0 / 0           ops/s
[2023-11-16T15:37:35.583+0800][gc,stats    ]      Memory: Page Cache Hit L3                                 0 / 1                 0 / 3                 0 / 41                0 / 41          ops/s
[2023-11-16T15:37:35.583+0800][gc,stats    ]      Memory: Page Cache Miss                                   0 / 0                 0 / 0                 0 / 1                 0 / 1           ops/s
[2023-11-16T15:37:35.583+0800][gc,stats    ]      Memory: Uncommit                                          0 / 0                 0 / 0                 0 / 0                 0 / 0           MB/s
[2023-11-16T15:37:35.583+0800][gc,stats    ]      Memory: Undo Object Allocation Failed                     0 / 0                 0 / 0                 0 / 0                 0 / 0           ops/s
[2023-11-16T15:37:35.583+0800][gc,stats    ]      Memory: Undo Object Allocation Succeeded                  0 / 0                 0 / 0                 0 / 3                 0 / 3           ops/s
[2023-11-16T15:37:35.583+0800][gc,stats    ]      Memory: Undo Page Allocation                              0 / 0                 0 / 0                 0 / 0                 0 / 0           ops/s
[2023-11-16T15:37:35.583+0800][gc,stats    ]       Phase: Concurrent Mark                               0.000 / 0.000         0.000 / 0.000        21.531 / 24.050       21.531 / 24.050      ms
[2023-11-16T15:37:35.583+0800][gc,stats    ]       Phase: Concurrent Mark Continue                      0.000 / 0.000         0.000 / 0.000         0.000 / 0.000         0.000 / 0.000       ms
[2023-11-16T15:37:35.583+0800][gc,stats    ]       Phase: Concurrent Mark Free                          0.000 / 0.000         0.000 / 0.000         0.001 / 0.001         0.001 / 0.001       ms
[2023-11-16T15:37:35.583+0800][gc,stats    ]       Phase: Concurrent Process Non-Strong References      0.000 / 0.000         0.000 / 0.000         1.995 / 2.420         1.995 / 2.420       ms
[2023-11-16T15:37:35.583+0800][gc,stats    ]       Phase: Concurrent Relocate                           0.000 / 0.000         0.000 / 0.000         2.883 / 2.961         2.883 / 2.961       ms
[2023-11-16T15:37:35.583+0800][gc,stats    ]       Phase: Concurrent Reset Relocation Set               0.000 / 0.000         0.000 / 0.000         0.002 / 0.004         0.002 / 0.004       ms
[2023-11-16T15:37:35.583+0800][gc,stats    ]       Phase: Concurrent Select Relocation Set              0.000 / 0.000         0.000 / 0.000         4.861 / 8.184         4.861 / 8.184       ms
[2023-11-16T15:37:35.583+0800][gc,stats    ]       Phase: Pause Mark End                                0.000 / 0.000         0.000 / 0.000         0.017 / 0.019         0.017 / 0.019       ms
[2023-11-16T15:37:35.583+0800][gc,stats    ]       Phase: Pause Mark Start                              0.000 / 0.000         0.000 / 0.000         0.023 / 0.031         0.023 / 0.031       ms
[2023-11-16T15:37:35.583+0800][gc,stats    ]       Phase: Pause Relocate Start                          0.000 / 0.000         0.000 / 0.000         0.009 / 0.009         0.009 / 0.009       ms
[2023-11-16T15:37:35.583+0800][gc,stats    ]    Subphase: Concurrent Classes Purge                      0.000 / 0.000         0.000 / 0.000         0.066 / 0.071         0.066 / 0.071       ms
[2023-11-16T15:37:35.583+0800][gc,stats    ]    Subphase: Concurrent Classes Unlink                     0.000 / 0.000         0.000 / 0.000         1.264 / 1.492         1.264 / 1.492       ms
[2023-11-16T15:37:35.583+0800][gc,stats    ]    Subphase: Concurrent Mark                               0.000 / 0.000         0.000 / 0.000        18.504 / 22.997       18.504 / 22.997      ms
[2023-11-16T15:37:35.583+0800][gc,stats    ]    Subphase: Concurrent Mark Try Flush                     0.000 / 0.000         0.000 / 0.000         0.201 / 0.455         0.201 / 0.455       ms
[2023-11-16T15:37:35.583+0800][gc,stats    ]    Subphase: Concurrent Mark Try Terminate                 0.000 / 0.000         0.000 / 0.000         4.353 / 12.985        4.353 / 12.985      ms
[2023-11-16T15:37:35.583+0800][gc,stats    ]    Subphase: Concurrent References Enqueue                 0.000 / 0.000         0.000 / 0.000         0.004 / 0.004         0.004 / 0.004       ms
[2023-11-16T15:37:35.583+0800][gc,stats    ]    Subphase: Concurrent References Process                 0.000 / 0.000         0.000 / 0.000         0.104 / 0.123         0.104 / 0.123       ms
[2023-11-16T15:37:35.583+0800][gc,stats    ]    Subphase: Concurrent Roots ClassLoaderDataGraph         0.000 / 0.000         0.000 / 0.000         0.107 / 0.428         0.107 / 0.428       ms
[2023-11-16T15:37:35.583+0800][gc,stats    ]    Subphase: Concurrent Roots CodeCache                    0.000 / 0.000         0.000 / 0.000         0.000 / 0.000         0.000 / 0.000       ms
[2023-11-16T15:37:35.583+0800][gc,stats    ]    Subphase: Concurrent Roots JavaThreads                  0.000 / 0.000         0.000 / 0.000         1.013 / 1.707         1.013 / 1.707       ms
[2023-11-16T15:37:35.583+0800][gc,stats    ]    Subphase: Concurrent Roots OopStorageSet                0.000 / 0.000         0.000 / 0.000         0.146 / 0.289         0.146 / 0.289       ms
[2023-11-16T15:37:35.583+0800][gc,stats    ]    Subphase: Concurrent Weak Roots OopStorageSet           0.000 / 0.000         0.000 / 0.000         0.440 / 0.670         0.440 / 0.670       ms
[2023-11-16T15:37:35.583+0800][gc,stats    ]    Subphase: Pause Mark Try Complete                       0.000 / 0.000         0.000 / 0.000         0.000 / 0.000         0.000 / 0.000       ms
[2023-11-16T15:37:35.583+0800][gc,stats    ]      System: Java Threads                                      0 / 0                 0 / 0                34 / 47               34 / 47          threads
[2023-11-16T15:37:35.583+0800][gc,stats    ] =========================================================================================================================================================
[2023-11-16T15:37:45.576+0800][gc,stats    ] === Garbage Collection Statistics =======================================================================================================================
[2023-11-16T15:37:45.576+0800][gc,stats    ]                                                              Last 10s              Last 10m              Last 10h                Total
[2023-11-16T15:37:45.576+0800][gc,stats    ]                                                              Avg / Max             Avg / Max             Avg / Max             Avg / Max
[2023-11-16T15:37:45.576+0800][gc,stats    ]   Collector: Garbage Collection Cycle                      0.000 / 0.000         0.000 / 0.000        32.129 / 37.536       32.129 / 37.536      ms
[2023-11-16T15:37:45.576+0800][gc,stats    ]  Contention: Mark Segment Reset Contention                     0 / 0                 0 / 0                 0 / 3                 0 / 3           ops/s
[2023-11-16T15:37:45.576+0800][gc,stats    ]  Contention: Mark SeqNum Reset Contention                      0 / 0                 0 / 0                 0 / 0                 0 / 0           ops/s
[2023-11-16T15:37:45.576+0800][gc,stats    ]    Critical: Allocation Stall                                  0 / 0                 0 / 0                 0 / 0                 0 / 0           ops/s
[2023-11-16T15:37:45.576+0800][gc,stats    ]    Critical: Allocation Stall                              0.000 / 0.000         0.000 / 0.000         0.000 / 0.000         0.000 / 0.000       ms
[2023-11-16T15:37:45.576+0800][gc,stats    ]    Critical: GC Locker Stall                                   0 / 0                 0 / 0                 0 / 0                 0 / 0           ops/s
[2023-11-16T15:37:45.576+0800][gc,stats    ]    Critical: GC Locker Stall                               0.000 / 0.000         0.000 / 0.000         0.000 / 0.000         0.000 / 0.000       ms
[2023-11-16T15:37:45.576+0800][gc,stats    ]    Critical: Relocation Stall                                  0 / 0                 0 / 0                 0 / 0                 0 / 0           ops/s
[2023-11-16T15:37:45.576+0800][gc,stats    ]    Critical: Relocation Stall                              0.000 / 0.000         0.000 / 0.000         0.000 / 0.000         0.000 / 0.000       ms
[2023-11-16T15:37:45.576+0800][gc,stats    ]      Memory: Allocation Rate                                   0 / 2                 0 / 6                 0 / 82                0 / 82          MB/s
[2023-11-16T15:37:45.576+0800][gc,stats    ]      Memory: Defragment                                        0 / 0                 0 / 0                 0 / 0                 0 / 0           ops/s
[2023-11-16T15:37:45.576+0800][gc,stats    ]      Memory: Out Of Memory                                     0 / 0                 0 / 0                 0 / 0                 0 / 0           ops/s
[2023-11-16T15:37:45.576+0800][gc,stats    ]      Memory: Page Cache Flush                                  0 / 0                 0 / 0                 0 / 0                 0 / 0           MB/s
[2023-11-16T15:37:45.576+0800][gc,stats    ]      Memory: Page Cache Hit L1                                 0 / 0                 0 / 1                 0 / 33                0 / 33          ops/s
[2023-11-16T15:37:45.576+0800][gc,stats    ]      Memory: Page Cache Hit L2                                 0 / 0                 0 / 0                 0 / 0                 0 / 0           ops/s
[2023-11-16T15:37:45.576+0800][gc,stats    ]      Memory: Page Cache Hit L3                                 0 / 1                 0 / 3                 0 / 41                0 / 41          ops/s
[2023-11-16T15:37:45.576+0800][gc,stats    ]      Memory: Page Cache Miss                                   0 / 0                 0 / 0                 0 / 1                 0 / 1           ops/s
[2023-11-16T15:37:45.576+0800][gc,stats    ]      Memory: Uncommit                                          0 / 0                 0 / 0                 0 / 0                 0 / 0           MB/s
[2023-11-16T15:37:45.576+0800][gc,stats    ]      Memory: Undo Object Allocation Failed                     0 / 0                 0 / 0                 0 / 0                 0 / 0           ops/s
[2023-11-16T15:37:45.576+0800][gc,stats    ]      Memory: Undo Object Allocation Succeeded                  0 / 0                 0 / 0                 0 / 3                 0 / 3           ops/s
[2023-11-16T15:37:45.576+0800][gc,stats    ]      Memory: Undo Page Allocation                              0 / 0                 0 / 0                 0 / 0                 0 / 0           ops/s
[2023-11-16T15:37:45.576+0800][gc,stats    ]       Phase: Concurrent Mark                               0.000 / 0.000         0.000 / 0.000        21.531 / 24.050       21.531 / 24.050      ms
[2023-11-16T15:37:45.576+0800][gc,stats    ]       Phase: Concurrent Mark Continue                      0.000 / 0.000         0.000 / 0.000         0.000 / 0.000         0.000 / 0.000       ms
[2023-11-16T15:37:45.576+0800][gc,stats    ]       Phase: Concurrent Mark Free                          0.000 / 0.000         0.000 / 0.000         0.001 / 0.001         0.001 / 0.001       ms
[2023-11-16T15:37:45.576+0800][gc,stats    ]       Phase: Concurrent Process Non-Strong References      0.000 / 0.000         0.000 / 0.000         1.995 / 2.420         1.995 / 2.420       ms
[2023-11-16T15:37:45.576+0800][gc,stats    ]       Phase: Concurrent Relocate                           0.000 / 0.000         0.000 / 0.000         2.883 / 2.961         2.883 / 2.961       ms
[2023-11-16T15:37:45.576+0800][gc,stats    ]       Phase: Concurrent Reset Relocation Set               0.000 / 0.000         0.000 / 0.000         0.002 / 0.004         0.002 / 0.004       ms
[2023-11-16T15:37:45.576+0800][gc,stats    ]       Phase: Concurrent Select Relocation Set              0.000 / 0.000         0.000 / 0.000         4.861 / 8.184         4.861 / 8.184       ms
[2023-11-16T15:37:45.576+0800][gc,stats    ]       Phase: Pause Mark End                                0.000 / 0.000         0.000 / 0.000         0.017 / 0.019         0.017 / 0.019       ms
[2023-11-16T15:37:45.576+0800][gc,stats    ]       Phase: Pause Mark Start                              0.000 / 0.000         0.000 / 0.000         0.023 / 0.031         0.023 / 0.031       ms
[2023-11-16T15:37:45.576+0800][gc,stats    ]       Phase: Pause Relocate Start                          0.000 / 0.000         0.000 / 0.000         0.009 / 0.009         0.009 / 0.009       ms
[2023-11-16T15:37:45.576+0800][gc,stats    ]    Subphase: Concurrent Classes Purge                      0.000 / 0.000         0.000 / 0.000         0.066 / 0.071         0.066 / 0.071       ms
[2023-11-16T15:37:45.576+0800][gc,stats    ]    Subphase: Concurrent Classes Unlink                     0.000 / 0.000         0.000 / 0.000         1.264 / 1.492         1.264 / 1.492       ms
[2023-11-16T15:37:45.576+0800][gc,stats    ]    Subphase: Concurrent Mark                               0.000 / 0.000         0.000 / 0.000        18.504 / 22.997       18.504 / 22.997      ms
[2023-11-16T15:37:45.576+0800][gc,stats    ]    Subphase: Concurrent Mark Try Flush                     0.000 / 0.000         0.000 / 0.000         0.201 / 0.455         0.201 / 0.455       ms
[2023-11-16T15:37:45.576+0800][gc,stats    ]    Subphase: Concurrent Mark Try Terminate                 0.000 / 0.000         0.000 / 0.000         4.353 / 12.985        4.353 / 12.985      ms
[2023-11-16T15:37:45.576+0800][gc,stats    ]    Subphase: Concurrent References Enqueue                 0.000 / 0.000         0.000 / 0.000         0.004 / 0.004         0.004 / 0.004       ms
[2023-11-16T15:37:45.576+0800][gc,stats    ]    Subphase: Concurrent References Process                 0.000 / 0.000         0.000 / 0.000         0.104 / 0.123         0.104 / 0.123       ms
[2023-11-16T15:37:45.576+0800][gc,stats    ]    Subphase: Concurrent Roots ClassLoaderDataGraph         0.000 / 0.000         0.000 / 0.000         0.107 / 0.428         0.107 / 0.428       ms
[2023-11-16T15:37:45.576+0800][gc,stats    ]    Subphase: Concurrent Roots CodeCache                    0.000 / 0.000         0.000 / 0.000         0.000 / 0.000         0.000 / 0.000       ms
[2023-11-16T15:37:45.576+0800][gc,stats    ]    Subphase: Concurrent Roots JavaThreads                  0.000 / 0.000         0.000 / 0.000         1.013 / 1.707         1.013 / 1.707       ms
[2023-11-16T15:37:45.576+0800][gc,stats    ]    Subphase: Concurrent Roots OopStorageSet                0.000 / 0.000         0.000 / 0.000         0.146 / 0.289         0.146 / 0.289       ms
[2023-11-16T15:37:45.576+0800][gc,stats    ]    Subphase: Concurrent Weak Roots OopStorageSet           0.000 / 0.000         0.000 / 0.000         0.440 / 0.670         0.440 / 0.670       ms
[2023-11-16T15:37:45.576+0800][gc,stats    ]    Subphase: Pause Mark Try Complete                       0.000 / 0.000         0.000 / 0.000         0.000 / 0.000         0.000 / 0.000       ms
[2023-11-16T15:37:45.576+0800][gc,stats    ]      System: Java Threads                                      0 / 0                 0 / 0                34 / 47               34 / 47          threads
[2023-11-16T15:37:45.576+0800][gc,stats    ] =========================================================================================================================================================
[2023-11-16T15:37:55.577+0800][gc,stats    ] === Garbage Collection Statistics =======================================================================================================================
[2023-11-16T15:37:55.577+0800][gc,stats    ]                                                              Last 10s              Last 10m              Last 10h                Total
[2023-11-16T15:37:55.577+0800][gc,stats    ]                                                              Avg / Max             Avg / Max             Avg / Max             Avg / Max
[2023-11-16T15:37:55.577+0800][gc,stats    ]   Collector: Garbage Collection Cycle                      0.000 / 0.000         0.000 / 0.000        32.129 / 37.536       32.129 / 37.536      ms
[2023-11-16T15:37:55.577+0800][gc,stats    ]  Contention: Mark Segment Reset Contention                     0 / 0                 0 / 0                 0 / 3                 0 / 3           ops/s
[2023-11-16T15:37:55.577+0800][gc,stats    ]  Contention: Mark SeqNum Reset Contention                      0 / 0                 0 / 0                 0 / 0                 0 / 0           ops/s
[2023-11-16T15:37:55.577+0800][gc,stats    ]    Critical: Allocation Stall                                  0 / 0                 0 / 0                 0 / 0                 0 / 0           ops/s
[2023-11-16T15:37:55.577+0800][gc,stats    ]    Critical: Allocation Stall                              0.000 / 0.000         0.000 / 0.000         0.000 / 0.000         0.000 / 0.000       ms
[2023-11-16T15:37:55.577+0800][gc,stats    ]    Critical: GC Locker Stall                                   0 / 0                 0 / 0                 0 / 0                 0 / 0           ops/s
[2023-11-16T15:37:55.577+0800][gc,stats    ]    Critical: GC Locker Stall                               0.000 / 0.000         0.000 / 0.000         0.000 / 0.000         0.000 / 0.000       ms
[2023-11-16T15:37:55.577+0800][gc,stats    ]    Critical: Relocation Stall                                  0 / 0                 0 / 0                 0 / 0                 0 / 0           ops/s
[2023-11-16T15:37:55.577+0800][gc,stats    ]    Critical: Relocation Stall                              0.000 / 0.000         0.000 / 0.000         0.000 / 0.000         0.000 / 0.000       ms
[2023-11-16T15:37:55.577+0800][gc,stats    ]      Memory: Allocation Rate                                   0 / 2                 0 / 6                 0 / 82                0 / 82          MB/s
[2023-11-16T15:37:55.577+0800][gc,stats    ]      Memory: Defragment                                        0 / 0                 0 / 0                 0 / 0                 0 / 0           ops/s
[2023-11-16T15:37:55.577+0800][gc,stats    ]      Memory: Out Of Memory                                     0 / 0                 0 / 0                 0 / 0                 0 / 0           ops/s
[2023-11-16T15:37:55.577+0800][gc,stats    ]      Memory: Page Cache Flush                                  0 / 0                 0 / 0                 0 / 0                 0 / 0           MB/s
[2023-11-16T15:37:55.577+0800][gc,stats    ]      Memory: Page Cache Hit L1                                 0 / 0                 0 / 1                 0 / 33                0 / 33          ops/s
[2023-11-16T15:37:55.577+0800][gc,stats    ]      Memory: Page Cache Hit L2                                 0 / 0                 0 / 0                 0 / 0                 0 / 0           ops/s
[2023-11-16T15:37:55.577+0800][gc,stats    ]      Memory: Page Cache Hit L3                                 0 / 1                 0 / 3                 0 / 41                0 / 41          ops/s
[2023-11-16T15:37:55.577+0800][gc,stats    ]      Memory: Page Cache Miss                                   0 / 0                 0 / 0                 0 / 1                 0 / 1           ops/s
[2023-11-16T15:37:55.577+0800][gc,stats    ]      Memory: Uncommit                                          0 / 0                 0 / 0                 0 / 0                 0 / 0           MB/s
[2023-11-16T15:37:55.577+0800][gc,stats    ]      Memory: Undo Object Allocation Failed                     0 / 0                 0 / 0                 0 / 0                 0 / 0           ops/s
[2023-11-16T15:37:55.577+0800][gc,stats    ]      Memory: Undo Object Allocation Succeeded                  0 / 0                 0 / 0                 0 / 3                 0 / 3           ops/s
[2023-11-16T15:37:55.577+0800][gc,stats    ]      Memory: Undo Page Allocation                              0 / 0                 0 / 0                 0 / 0                 0 / 0           ops/s
[2023-11-16T15:37:55.577+0800][gc,stats    ]       Phase: Concurrent Mark                               0.000 / 0.000         0.000 / 0.000        21.531 / 24.050       21.531 / 24.050      ms
[2023-11-16T15:37:55.577+0800][gc,stats    ]       Phase: Concurrent Mark Continue                      0.000 / 0.000         0.000 / 0.000         0.000 / 0.000         0.000 / 0.000       ms
[2023-11-16T15:37:55.577+0800][gc,stats    ]       Phase: Concurrent Mark Free                          0.000 / 0.000         0.000 / 0.000         0.001 / 0.001         0.001 / 0.001       ms
[2023-11-16T15:37:55.577+0800][gc,stats    ]       Phase: Concurrent Process Non-Strong References      0.000 / 0.000         0.000 / 0.000         1.995 / 2.420         1.995 / 2.420       ms
[2023-11-16T15:37:55.577+0800][gc,stats    ]       Phase: Concurrent Relocate                           0.000 / 0.000         0.000 / 0.000         2.883 / 2.961         2.883 / 2.961       ms
[2023-11-16T15:37:55.577+0800][gc,stats    ]       Phase: Concurrent Reset Relocation Set               0.000 / 0.000         0.000 / 0.000         0.002 / 0.004         0.002 / 0.004       ms
[2023-11-16T15:37:55.577+0800][gc,stats    ]       Phase: Concurrent Select Relocation Set              0.000 / 0.000         0.000 / 0.000         4.861 / 8.184         4.861 / 8.184       ms
[2023-11-16T15:37:55.577+0800][gc,stats    ]       Phase: Pause Mark End                                0.000 / 0.000         0.000 / 0.000         0.017 / 0.019         0.017 / 0.019       ms
[2023-11-16T15:37:55.577+0800][gc,stats    ]       Phase: Pause Mark Start                              0.000 / 0.000         0.000 / 0.000         0.023 / 0.031         0.023 / 0.031       ms
[2023-11-16T15:37:55.577+0800][gc,stats    ]       Phase: Pause Relocate Start                          0.000 / 0.000         0.000 / 0.000         0.009 / 0.009         0.009 / 0.009       ms
[2023-11-16T15:37:55.577+0800][gc,stats    ]    Subphase: Concurrent Classes Purge                      0.000 / 0.000         0.000 / 0.000         0.066 / 0.071         0.066 / 0.071       ms
[2023-11-16T15:37:55.577+0800][gc,stats    ]    Subphase: Concurrent Classes Unlink                     0.000 / 0.000         0.000 / 0.000         1.264 / 1.492         1.264 / 1.492       ms
[2023-11-16T15:37:55.577+0800][gc,stats    ]    Subphase: Concurrent Mark                               0.000 / 0.000         0.000 / 0.000        18.504 / 22.997       18.504 / 22.997      ms
[2023-11-16T15:37:55.577+0800][gc,stats    ]    Subphase: Concurrent Mark Try Flush                     0.000 / 0.000         0.000 / 0.000         0.201 / 0.455         0.201 / 0.455       ms
[2023-11-16T15:37:55.577+0800][gc,stats    ]    Subphase: Concurrent Mark Try Terminate                 0.000 / 0.000         0.000 / 0.000         4.353 / 12.985        4.353 / 12.985      ms
[2023-11-16T15:37:55.577+0800][gc,stats    ]    Subphase: Concurrent References Enqueue                 0.000 / 0.000         0.000 / 0.000         0.004 / 0.004         0.004 / 0.004       ms
[2023-11-16T15:37:55.577+0800][gc,stats    ]    Subphase: Concurrent References Process                 0.000 / 0.000         0.000 / 0.000         0.104 / 0.123         0.104 / 0.123       ms
[2023-11-16T15:37:55.577+0800][gc,stats    ]    Subphase: Concurrent Roots ClassLoaderDataGraph         0.000 / 0.000         0.000 / 0.000         0.107 / 0.428         0.107 / 0.428       ms
[2023-11-16T15:37:55.577+0800][gc,stats    ]    Subphase: Concurrent Roots CodeCache                    0.000 / 0.000         0.000 / 0.000         0.000 / 0.000         0.000 / 0.000       ms
[2023-11-16T15:37:55.577+0800][gc,stats    ]    Subphase: Concurrent Roots JavaThreads                  0.000 / 0.000         0.000 / 0.000         1.013 / 1.707         1.013 / 1.707       ms
[2023-11-16T15:37:55.577+0800][gc,stats    ]    Subphase: Concurrent Roots OopStorageSet                0.000 / 0.000         0.000 / 0.000         0.146 / 0.289         0.146 / 0.289       ms
[2023-11-16T15:37:55.577+0800][gc,stats    ]    Subphase: Concurrent Weak Roots OopStorageSet           0.000 / 0.000         0.000 / 0.000         0.440 / 0.670         0.440 / 0.670       ms
[2023-11-16T15:37:55.578+0800][gc,stats    ]    Subphase: Pause Mark Try Complete                       0.000 / 0.000         0.000 / 0.000         0.000 / 0.000         0.000 / 0.000       ms
[2023-11-16T15:37:55.578+0800][gc,stats    ]      System: Java Threads                                      0 / 0                 0 / 0                34 / 47               34 / 47          threads
[2023-11-16T15:37:55.578+0800][gc,stats    ] =========================================================================================================================================================
[2023-11-16T15:38:03.087+0800][gc,heap,exit] Heap
[2023-11-16T15:38:03.087+0800][gc,heap,exit]  ZHeap           used 258M, capacity 10240M, max capacity 10240M
[2023-11-16T15:38:03.087+0800][gc,heap,exit]  Metaspace       used 42291K, committed 42752K, reserved 1114112K
[2023-11-16T15:38:03.087+0800][gc,heap,exit]   class space    used 4604K, committed 4800K, reserved 1048576K
