[2023-11-16T13:02:58.592+0800][gc,init] Initializing The Z Garbage Collector
[2023-11-16T13:02:58.592+0800][gc,init] Version: 19.0.2+7-44 (release)
[2023-11-16T13:02:58.592+0800][gc,init] NUMA Support: Disabled
[2023-11-16T13:02:58.592+0800][gc,init] CPUs: 16 total, 16 available
[2023-11-16T13:02:58.592+0800][gc,init] Memory: 15556M
[2023-11-16T13:02:58.592+0800][gc,init] Large Page Support: Disabled
[2023-11-16T13:02:58.592+0800][gc,init] GC Workers: 4 (dynamic)
[2023-11-16T13:02:58.592+0800][gc,init] Address Space Type: Contiguous/Unrestricted/Complete
[2023-11-16T13:02:58.592+0800][gc,init] Address Space Size: 163840M x 3 = 491520M
[2023-11-16T13:02:58.593+0800][gc,init] Min Capacity: 10240M
[2023-11-16T13:02:58.593+0800][gc,init] Initial Capacity: 10240M
[2023-11-16T13:02:58.593+0800][gc,init] Max Capacity: 10240M
[2023-11-16T13:02:58.593+0800][gc,init] Medium Page Size: 32M
[2023-11-16T13:02:58.593+0800][gc,init] Pre-touch: Disabled
[2023-11-16T13:02:58.593+0800][gc,init] Uncommit: Implicitly Disabled (-Xms equals -Xmx)
[2023-11-16T13:02:58.935+0800][gc,init] Runtime Workers: 10
[2023-11-16T13:02:58.936+0800][gc     ] Using The Z Garbage Collector
[2023-11-16T13:02:58.938+0800][gc,metaspace] CDS archive(s) mapped at: [0x0000000800000000-0x0000000800c40000-0x0000000800c40000), size 12845056, SharedBaseAddress: 0x0000000800000000, ArchiveRelocationMode: 0.
[2023-11-16T13:02:58.938+0800][gc,metaspace] Compressed class space mapped at: 0x0000000801000000-0x0000000841000000, reserved size: 1073741824
[2023-11-16T13:02:58.938+0800][gc,metaspace] Narrow klass base: 0x0000000800000000, Narrow klass shift: 0, Narrow klass range: 0x100000000
[2023-11-16T13:03:01.321+0800][gc,start    ] GC(0) Garbage Collection (Metadata GC Threshold)
[2023-11-16T13:03:01.321+0800][gc,task     ] GC(0) Using 4 workers
[2023-11-16T13:03:01.321+0800][gc,phases   ] GC(0) Pause Mark Start 0.014ms
[2023-11-16T13:03:01.349+0800][gc,phases   ] GC(0) Concurrent Mark 26.782ms
[2023-11-16T13:03:01.349+0800][gc,phases   ] GC(0) Pause Mark End 0.021ms
[2023-11-16T13:03:01.349+0800][gc,phases   ] GC(0) Concurrent Mark Free 0.001ms
[2023-11-16T13:03:01.351+0800][gc,phases   ] GC(0) Concurrent Process Non-Strong References 2.112ms
[2023-11-16T13:03:01.351+0800][gc,phases   ] GC(0) Concurrent Reset Relocation Set 0.001ms
[2023-11-16T13:03:01.361+0800][gc,phases   ] GC(0) Concurrent Select Relocation Set 9.539ms
[2023-11-16T13:03:01.361+0800][gc,phases   ] GC(0) Pause Relocate Start 0.011ms
[2023-11-16T13:03:01.364+0800][gc,phases   ] GC(0) Concurrent Relocate 3.220ms
[2023-11-16T13:03:01.364+0800][gc,load     ] GC(0) Load: 0.00/0.00/0.00
[2023-11-16T13:03:01.364+0800][gc,mmu      ] GC(0) MMU: 2ms/99.0%, 5ms/99.6%, 10ms/99.8%, 20ms/99.8%, 50ms/99.9%, 100ms/100.0%
[2023-11-16T13:03:01.364+0800][gc,marking  ] GC(0) Mark: 4 stripe(s), 2 proactive flush(es), 1 terminate flush(es), 0 completion(s), 0 continuation(s) 
[2023-11-16T13:03:01.364+0800][gc,marking  ] GC(0) Mark Stack Usage: 32M
[2023-11-16T13:03:01.364+0800][gc,nmethod  ] GC(0) NMethods: 2474 registered, 0 unregistered
[2023-11-16T13:03:01.364+0800][gc,metaspace] GC(0) Metaspace: 21M used, 21M committed, 1088M reserved
[2023-11-16T13:03:01.364+0800][gc,ref      ] GC(0) Soft: 3708 encountered, 0 discovered, 0 enqueued
[2023-11-16T13:03:01.364+0800][gc,ref      ] GC(0) Weak: 1644 encountered, 544 discovered, 437 enqueued
[2023-11-16T13:03:01.364+0800][gc,ref      ] GC(0) Final: 0 encountered, 0 discovered, 0 enqueued
[2023-11-16T13:03:01.364+0800][gc,ref      ] GC(0) Phantom: 431 encountered, 350 discovered, 163 enqueued
[2023-11-16T13:03:01.364+0800][gc,reloc    ] GC(0) Small Pages: 78 / 156M, Empty: 22M, Relocated: 8M, In-Place: 0
[2023-11-16T13:03:01.364+0800][gc,reloc    ] GC(0) Medium Pages: 1 / 32M, Empty: 0M, Relocated: 0M, In-Place: 0
[2023-11-16T13:03:01.364+0800][gc,reloc    ] GC(0) Large Pages: 0 / 0M, Empty: 0M, Relocated: 0M, In-Place: 0
[2023-11-16T13:03:01.364+0800][gc,reloc    ] GC(0) Forwarding Usage: 2M
[2023-11-16T13:03:01.364+0800][gc,heap     ] GC(0) Min Capacity: 10240M(100%)
[2023-11-16T13:03:01.364+0800][gc,heap     ] GC(0) Max Capacity: 10240M(100%)
[2023-11-16T13:03:01.364+0800][gc,heap     ] GC(0) Soft Max Capacity: 10240M(100%)
[2023-11-16T13:03:01.364+0800][gc,heap     ] GC(0)                Mark Start          Mark End        Relocate Start      Relocate End           High               Low         
[2023-11-16T13:03:01.364+0800][gc,heap     ] GC(0)  Capacity:    10240M (100%)      10240M (100%)      10240M (100%)      10240M (100%)      10240M (100%)      10240M (100%)   
[2023-11-16T13:03:01.364+0800][gc,heap     ] GC(0)      Free:    10052M (98%)       10048M (98%)       10066M (98%)       10182M (99%)       10182M (99%)       10044M (98%)    
[2023-11-16T13:03:01.364+0800][gc,heap     ] GC(0)      Used:      188M (2%)          192M (2%)          174M (2%)           58M (1%)          196M (2%)           58M (1%)     
[2023-11-16T13:03:01.364+0800][gc,heap     ] GC(0)      Live:         -                12M (0%)           12M (0%)           12M (0%)             -                  -          
[2023-11-16T13:03:01.364+0800][gc,heap     ] GC(0) Allocated:         -                 4M (0%)            8M (0%)            9M (0%)             -                  -          
[2023-11-16T13:03:01.364+0800][gc,heap     ] GC(0)   Garbage:         -               175M (2%)          153M (1%)           35M (0%)             -                  -          
[2023-11-16T13:03:01.364+0800][gc,heap     ] GC(0) Reclaimed:         -                  -                22M (0%)          139M (1%)             -                  -          
[2023-11-16T13:03:01.364+0800][gc          ] GC(0) Garbage Collection (Metadata GC Threshold) 188M(2%)->58M(1%)
[2023-11-16T13:03:02.760+0800][gc,start    ] GC(1) Garbage Collection (Metadata GC Threshold)
[2023-11-16T13:03:02.760+0800][gc,task     ] GC(1) Using 4 workers
[2023-11-16T13:03:02.760+0800][gc,phases   ] GC(1) Pause Mark Start 0.007ms
[2023-11-16T13:03:02.785+0800][gc,phases   ] GC(1) Concurrent Mark 24.021ms
[2023-11-16T13:03:02.785+0800][gc,phases   ] GC(1) Pause Mark End 0.026ms
[2023-11-16T13:03:02.785+0800][gc,phases   ] GC(1) Concurrent Mark Free 0.001ms
[2023-11-16T13:03:02.788+0800][gc,phases   ] GC(1) Concurrent Process Non-Strong References 2.758ms
[2023-11-16T13:03:02.788+0800][gc,phases   ] GC(1) Concurrent Reset Relocation Set 0.006ms
[2023-11-16T13:03:02.791+0800][gc,phases   ] GC(1) Concurrent Select Relocation Set 1.996ms
[2023-11-16T13:03:02.800+0800][gc,phases   ] GC(1) Pause Relocate Start 0.017ms
[2023-11-16T13:03:02.803+0800][gc,phases   ] GC(1) Concurrent Relocate 2.635ms
[2023-11-16T13:03:02.803+0800][gc,load     ] GC(1) Load: 0.00/0.00/0.00
[2023-11-16T13:03:02.803+0800][gc,mmu      ] GC(1) MMU: 2ms/98.7%, 5ms/99.5%, 10ms/99.7%, 20ms/99.8%, 50ms/99.9%, 100ms/100.0%
[2023-11-16T13:03:02.803+0800][gc,marking  ] GC(1) Mark: 4 stripe(s), 2 proactive flush(es), 2 terminate flush(es), 0 completion(s), 0 continuation(s) 
[2023-11-16T13:03:02.803+0800][gc,marking  ] GC(1) Mark Stack Usage: 32M
[2023-11-16T13:03:02.803+0800][gc,nmethod  ] GC(1) NMethods: 3030 registered, 0 unregistered
[2023-11-16T13:03:02.803+0800][gc,metaspace] GC(1) Metaspace: 35M used, 35M committed, 1088M reserved
[2023-11-16T13:03:02.803+0800][gc,ref      ] GC(1) Soft: 3976 encountered, 0 discovered, 0 enqueued
[2023-11-16T13:03:02.803+0800][gc,ref      ] GC(1) Weak: 1633 encountered, 442 discovered, 111 enqueued
[2023-11-16T13:03:02.803+0800][gc,ref      ] GC(1) Final: 140 encountered, 65 discovered, 0 enqueued
[2023-11-16T13:03:02.803+0800][gc,ref      ] GC(1) Phantom: 312 encountered, 247 discovered, 31 enqueued
[2023-11-16T13:03:02.803+0800][gc,reloc    ] GC(1) Small Pages: 51 / 102M, Empty: 0M, Relocated: 6M, In-Place: 0
[2023-11-16T13:03:02.803+0800][gc,reloc    ] GC(1) Medium Pages: 1 / 32M, Empty: 0M, Relocated: 0M, In-Place: 0
[2023-11-16T13:03:02.803+0800][gc,reloc    ] GC(1) Large Pages: 0 / 0M, Empty: 0M, Relocated: 0M, In-Place: 0
[2023-11-16T13:03:02.803+0800][gc,reloc    ] GC(1) Forwarding Usage: 1M
[2023-11-16T13:03:02.803+0800][gc,heap     ] GC(1) Min Capacity: 10240M(100%)
[2023-11-16T13:03:02.803+0800][gc,heap     ] GC(1) Max Capacity: 10240M(100%)
[2023-11-16T13:03:02.803+0800][gc,heap     ] GC(1) Soft Max Capacity: 10240M(100%)
[2023-11-16T13:03:02.803+0800][gc,heap     ] GC(1)                Mark Start          Mark End        Relocate Start      Relocate End           High               Low         
[2023-11-16T13:03:02.803+0800][gc,heap     ] GC(1)  Capacity:    10240M (100%)      10240M (100%)      10240M (100%)      10240M (100%)      10240M (100%)      10240M (100%)   
[2023-11-16T13:03:02.803+0800][gc,heap     ] GC(1)      Free:    10106M (99%)       10084M (98%)       10082M (98%)       10160M (99%)       10160M (99%)       10078M (98%)    
[2023-11-16T13:03:02.803+0800][gc,heap     ] GC(1)      Used:      134M (1%)          156M (2%)          158M (2%)           80M (1%)          162M (2%)           80M (1%)     
[2023-11-16T13:03:02.803+0800][gc,heap     ] GC(1)      Live:         -                18M (0%)           18M (0%)           18M (0%)             -                  -          
[2023-11-16T13:03:02.803+0800][gc,heap     ] GC(1) Allocated:         -                22M (0%)           24M (0%)           23M (0%)             -                  -          
[2023-11-16T13:03:02.803+0800][gc,heap     ] GC(1)   Garbage:         -               115M (1%)          115M (1%)           37M (0%)             -                  -          
[2023-11-16T13:03:02.803+0800][gc,heap     ] GC(1) Reclaimed:         -                  -                 0M (0%)           77M (1%)             -                  -          
[2023-11-16T13:03:02.803+0800][gc          ] GC(1) Garbage Collection (Metadata GC Threshold) 134M(1%)->80M(1%)
[2023-11-16T13:03:08.985+0800][gc,stats    ] === Garbage Collection Statistics =======================================================================================================================
[2023-11-16T13:03:08.985+0800][gc,stats    ]                                                              Last 10s              Last 10m              Last 10h                Total
[2023-11-16T13:03:08.985+0800][gc,stats    ]                                                              Avg / Max             Avg / Max             Avg / Max             Avg / Max
[2023-11-16T13:03:08.985+0800][gc,stats    ]   Collector: Garbage Collection Cycle                     42.450 / 42.489       42.450 / 42.489       42.450 / 42.489       42.450 / 42.489      ms
[2023-11-16T13:03:08.985+0800][gc,stats    ]  Contention: Mark Segment Reset Contention                     0 / 2                 0 / 2                 0 / 2                 0 / 2           ops/s
[2023-11-16T13:03:08.985+0800][gc,stats    ]  Contention: Mark SeqNum Reset Contention                      0 / 1                 0 / 1                 0 / 1                 0 / 1           ops/s
[2023-11-16T13:03:08.985+0800][gc,stats    ]    Critical: Allocation Stall                                  0 / 0                 0 / 0                 0 / 0                 0 / 0           ops/s
[2023-11-16T13:03:08.985+0800][gc,stats    ]    Critical: Allocation Stall                              0.000 / 0.000         0.000 / 0.000         0.000 / 0.000         0.000 / 0.000       ms
[2023-11-16T13:03:08.985+0800][gc,stats    ]    Critical: GC Locker Stall                                   0 / 0                 0 / 0                 0 / 0                 0 / 0           ops/s
[2023-11-16T13:03:08.985+0800][gc,stats    ]    Critical: GC Locker Stall                               0.000 / 0.000         0.000 / 0.000         0.000 / 0.000         0.000 / 0.000       ms
[2023-11-16T13:03:08.985+0800][gc,stats    ]    Critical: Relocation Stall                                  0 / 0                 0 / 0                 0 / 0                 0 / 0           ops/s
[2023-11-16T13:03:08.985+0800][gc,stats    ]    Critical: Relocation Stall                              0.000 / 0.000         0.000 / 0.000         0.000 / 0.000         0.000 / 0.000       ms
[2023-11-16T13:03:08.985+0800][gc,stats    ]      Memory: Allocation Rate                                  30 / 96               30 / 96               30 / 96               30 / 96          MB/s
[2023-11-16T13:03:08.985+0800][gc,stats    ]      Memory: Defragment                                        0 / 0                 0 / 0                 0 / 0                 0 / 0           ops/s
[2023-11-16T13:03:08.985+0800][gc,stats    ]      Memory: Out Of Memory                                     0 / 0                 0 / 0                 0 / 0                 0 / 0           ops/s
[2023-11-16T13:03:08.985+0800][gc,stats    ]      Memory: Page Cache Flush                                  0 / 0                 0 / 0                 0 / 0                 0 / 0           MB/s
[2023-11-16T13:03:08.985+0800][gc,stats    ]      Memory: Page Cache Hit L1                                 7 / 38                7 / 38                7 / 38                7 / 38          ops/s
[2023-11-16T13:03:08.985+0800][gc,stats    ]      Memory: Page Cache Hit L2                                 0 / 0                 0 / 0                 0 / 0                 0 / 0           ops/s
[2023-11-16T13:03:08.985+0800][gc,stats    ]      Memory: Page Cache Hit L3                                 8 / 48                8 / 48                8 / 48                8 / 48          ops/s
[2023-11-16T13:03:08.985+0800][gc,stats    ]      Memory: Page Cache Miss                                   0 / 1                 0 / 1                 0 / 1                 0 / 1           ops/s
[2023-11-16T13:03:08.985+0800][gc,stats    ]      Memory: Uncommit                                          0 / 0                 0 / 0                 0 / 0                 0 / 0           MB/s
[2023-11-16T13:03:08.985+0800][gc,stats    ]      Memory: Undo Object Allocation Failed                     0 / 0                 0 / 0                 0 / 0                 0 / 0           ops/s
[2023-11-16T13:03:08.985+0800][gc,stats    ]      Memory: Undo Object Allocation Succeeded                  0 / 0                 0 / 0                 0 / 0                 0 / 0           ops/s
[2023-11-16T13:03:08.985+0800][gc,stats    ]      Memory: Undo Page Allocation                              0 / 0                 0 / 0                 0 / 0                 0 / 0           ops/s
[2023-11-16T13:03:08.985+0800][gc,stats    ]       Phase: Concurrent Mark                              25.401 / 26.782       25.401 / 26.782       25.401 / 26.782       25.401 / 26.782      ms
[2023-11-16T13:03:08.985+0800][gc,stats    ]       Phase: Concurrent Mark Continue                      0.000 / 0.000         0.000 / 0.000         0.000 / 0.000         0.000 / 0.000       ms
[2023-11-16T13:03:08.985+0800][gc,stats    ]       Phase: Concurrent Mark Free                          0.001 / 0.001         0.001 / 0.001         0.001 / 0.001         0.001 / 0.001       ms
[2023-11-16T13:03:08.985+0800][gc,stats    ]       Phase: Concurrent Process Non-Strong References      2.435 / 2.758         2.435 / 2.758         2.435 / 2.758         2.435 / 2.758       ms
[2023-11-16T13:03:08.985+0800][gc,stats    ]       Phase: Concurrent Relocate                           2.928 / 3.220         2.928 / 3.220         2.928 / 3.220         2.928 / 3.220       ms
[2023-11-16T13:03:08.985+0800][gc,stats    ]       Phase: Concurrent Reset Relocation Set               0.003 / 0.006         0.003 / 0.006         0.003 / 0.006         0.003 / 0.006       ms
[2023-11-16T13:03:08.985+0800][gc,stats    ]       Phase: Concurrent Select Relocation Set              5.767 / 9.539         5.767 / 9.539         5.767 / 9.539         5.767 / 9.539       ms
[2023-11-16T13:03:08.985+0800][gc,stats    ]       Phase: Pause Mark End                                0.023 / 0.026         0.023 / 0.026         0.023 / 0.026         0.023 / 0.026       ms
[2023-11-16T13:03:08.985+0800][gc,stats    ]       Phase: Pause Mark Start                              0.010 / 0.014         0.010 / 0.014         0.010 / 0.014         0.010 / 0.014       ms
[2023-11-16T13:03:08.985+0800][gc,stats    ]       Phase: Pause Relocate Start                          0.014 / 0.017         0.014 / 0.017         0.014 / 0.017         0.014 / 0.017       ms
[2023-11-16T13:03:08.985+0800][gc,stats    ]    Subphase: Concurrent Classes Purge                      0.082 / 0.093         0.082 / 0.093         0.082 / 0.093         0.082 / 0.093       ms
[2023-11-16T13:03:08.985+0800][gc,stats    ]    Subphase: Concurrent Classes Unlink                     1.496 / 1.649         1.496 / 1.649         1.496 / 1.649         1.496 / 1.649       ms
[2023-11-16T13:03:08.985+0800][gc,stats    ]    Subphase: Concurrent Mark                              21.597 / 25.992       21.597 / 25.992       21.597 / 25.992       21.597 / 25.992      ms
[2023-11-16T13:03:08.985+0800][gc,stats    ]    Subphase: Concurrent Mark Try Flush                     0.068 / 0.146         0.068 / 0.146         0.068 / 0.146         0.068 / 0.146       ms
[2023-11-16T13:03:08.985+0800][gc,stats    ]    Subphase: Concurrent Mark Try Terminate                 5.693 / 15.474        5.693 / 15.474        5.693 / 15.474        5.693 / 15.474      ms
[2023-11-16T13:03:08.985+0800][gc,stats    ]    Subphase: Concurrent References Enqueue                 0.005 / 0.005         0.005 / 0.005         0.005 / 0.005         0.005 / 0.005       ms
[2023-11-16T13:03:08.985+0800][gc,stats    ]    Subphase: Concurrent References Process                 0.108 / 0.128         0.108 / 0.128         0.108 / 0.128         0.108 / 0.128       ms
[2023-11-16T13:03:08.985+0800][gc,stats    ]    Subphase: Concurrent Roots ClassLoaderDataGraph         0.162 / 0.511         0.162 / 0.511         0.162 / 0.511         0.162 / 0.511       ms
[2023-11-16T13:03:08.985+0800][gc,stats    ]    Subphase: Concurrent Roots CodeCache                    0.000 / 0.000         0.000 / 0.000         0.000 / 0.000         0.000 / 0.000       ms
[2023-11-16T13:03:08.985+0800][gc,stats    ]    Subphase: Concurrent Roots JavaThreads                  0.945 / 1.682         0.945 / 1.682         0.945 / 1.682         0.945 / 1.682       ms
[2023-11-16T13:03:08.985+0800][gc,stats    ]    Subphase: Concurrent Roots OopStorageSet                0.041 / 0.062         0.041 / 0.062         0.041 / 0.062         0.041 / 0.062       ms
[2023-11-16T13:03:08.985+0800][gc,stats    ]    Subphase: Concurrent Weak Roots OopStorageSet           0.514 / 0.770         0.514 / 0.770         0.514 / 0.770         0.514 / 0.770       ms
[2023-11-16T13:03:08.985+0800][gc,stats    ]    Subphase: Pause Mark Try Complete                       0.000 / 0.000         0.000 / 0.000         0.000 / 0.000         0.000 / 0.000       ms
[2023-11-16T13:03:08.985+0800][gc,stats    ]      System: Java Threads                                     36 / 51               36 / 51               36 / 51               36 / 51          threads
[2023-11-16T13:03:08.985+0800][gc,stats    ] =========================================================================================================================================================
[2023-11-16T13:03:18.996+0800][gc,stats    ] === Garbage Collection Statistics =======================================================================================================================
[2023-11-16T13:03:18.996+0800][gc,stats    ]                                                              Last 10s              Last 10m              Last 10h                Total
[2023-11-16T13:03:18.996+0800][gc,stats    ]                                                              Avg / Max             Avg / Max             Avg / Max             Avg / Max
[2023-11-16T13:03:18.996+0800][gc,stats    ]   Collector: Garbage Collection Cycle                      0.000 / 0.000        42.450 / 42.489       42.450 / 42.489       42.450 / 42.489      ms
[2023-11-16T13:03:18.996+0800][gc,stats    ]  Contention: Mark Segment Reset Contention                     0 / 0                 0 / 2                 0 / 2                 0 / 2           ops/s
[2023-11-16T13:03:18.996+0800][gc,stats    ]  Contention: Mark SeqNum Reset Contention                      0 / 0                 0 / 1                 0 / 1                 0 / 1           ops/s
[2023-11-16T13:03:18.996+0800][gc,stats    ]    Critical: Allocation Stall                                  0 / 0                 0 / 0                 0 / 0                 0 / 0           ops/s
[2023-11-16T13:03:18.996+0800][gc,stats    ]    Critical: Allocation Stall                              0.000 / 0.000         0.000 / 0.000         0.000 / 0.000         0.000 / 0.000       ms
[2023-11-16T13:03:18.996+0800][gc,stats    ]    Critical: GC Locker Stall                                   0 / 0                 0 / 0                 0 / 0                 0 / 0           ops/s
[2023-11-16T13:03:18.996+0800][gc,stats    ]    Critical: GC Locker Stall                               0.000 / 0.000         0.000 / 0.000         0.000 / 0.000         0.000 / 0.000       ms
[2023-11-16T13:03:18.996+0800][gc,stats    ]    Critical: Relocation Stall                                  0 / 0                 0 / 0                 0 / 0                 0 / 0           ops/s
[2023-11-16T13:03:18.996+0800][gc,stats    ]    Critical: Relocation Stall                              0.000 / 0.000         0.000 / 0.000         0.000 / 0.000         0.000 / 0.000       ms
[2023-11-16T13:03:18.996+0800][gc,stats    ]      Memory: Allocation Rate                                   1 / 6                16 / 96               16 / 96               16 / 96          MB/s
[2023-11-16T13:03:18.996+0800][gc,stats    ]      Memory: Defragment                                        0 / 0                 0 / 0                 0 / 0                 0 / 0           ops/s
[2023-11-16T13:03:18.996+0800][gc,stats    ]      Memory: Out Of Memory                                     0 / 0                 0 / 0                 0 / 0                 0 / 0           ops/s
[2023-11-16T13:03:18.996+0800][gc,stats    ]      Memory: Page Cache Flush                                  0 / 0                 0 / 0                 0 / 0                 0 / 0           MB/s
[2023-11-16T13:03:18.996+0800][gc,stats    ]      Memory: Page Cache Hit L1                                 0 / 3                 3 / 38                3 / 38                3 / 38          ops/s
[2023-11-16T13:03:18.996+0800][gc,stats    ]      Memory: Page Cache Hit L2                                 0 / 0                 0 / 0                 0 / 0                 0 / 0           ops/s
[2023-11-16T13:03:18.996+0800][gc,stats    ]      Memory: Page Cache Hit L3                                 0 / 0                 4 / 48                4 / 48                4 / 48          ops/s
[2023-11-16T13:03:18.996+0800][gc,stats    ]      Memory: Page Cache Miss                                   0 / 0                 0 / 1                 0 / 1                 0 / 1           ops/s
[2023-11-16T13:03:18.996+0800][gc,stats    ]      Memory: Uncommit                                          0 / 0                 0 / 0                 0 / 0                 0 / 0           MB/s
[2023-11-16T13:03:18.996+0800][gc,stats    ]      Memory: Undo Object Allocation Failed                     0 / 0                 0 / 0                 0 / 0                 0 / 0           ops/s
[2023-11-16T13:03:18.996+0800][gc,stats    ]      Memory: Undo Object Allocation Succeeded                  0 / 0                 0 / 0                 0 / 0                 0 / 0           ops/s
[2023-11-16T13:03:18.996+0800][gc,stats    ]      Memory: Undo Page Allocation                              0 / 0                 0 / 0                 0 / 0                 0 / 0           ops/s
[2023-11-16T13:03:18.996+0800][gc,stats    ]       Phase: Concurrent Mark                               0.000 / 0.000        25.401 / 26.782       25.401 / 26.782       25.401 / 26.782      ms
[2023-11-16T13:03:18.996+0800][gc,stats    ]       Phase: Concurrent Mark Continue                      0.000 / 0.000         0.000 / 0.000         0.000 / 0.000         0.000 / 0.000       ms
[2023-11-16T13:03:18.996+0800][gc,stats    ]       Phase: Concurrent Mark Free                          0.000 / 0.000         0.001 / 0.001         0.001 / 0.001         0.001 / 0.001       ms
[2023-11-16T13:03:18.996+0800][gc,stats    ]       Phase: Concurrent Process Non-Strong References      0.000 / 0.000         2.435 / 2.758         2.435 / 2.758         2.435 / 2.758       ms
[2023-11-16T13:03:18.996+0800][gc,stats    ]       Phase: Concurrent Relocate                           0.000 / 0.000         2.928 / 3.220         2.928 / 3.220         2.928 / 3.220       ms
[2023-11-16T13:03:18.996+0800][gc,stats    ]       Phase: Concurrent Reset Relocation Set               0.000 / 0.000         0.003 / 0.006         0.003 / 0.006         0.003 / 0.006       ms
[2023-11-16T13:03:18.996+0800][gc,stats    ]       Phase: Concurrent Select Relocation Set              0.000 / 0.000         5.767 / 9.539         5.767 / 9.539         5.767 / 9.539       ms
[2023-11-16T13:03:18.996+0800][gc,stats    ]       Phase: Pause Mark End                                0.000 / 0.000         0.023 / 0.026         0.023 / 0.026         0.023 / 0.026       ms
[2023-11-16T13:03:18.996+0800][gc,stats    ]       Phase: Pause Mark Start                              0.000 / 0.000         0.010 / 0.014         0.010 / 0.014         0.010 / 0.014       ms
[2023-11-16T13:03:18.996+0800][gc,stats    ]       Phase: Pause Relocate Start                          0.000 / 0.000         0.014 / 0.017         0.014 / 0.017         0.014 / 0.017       ms
[2023-11-16T13:03:18.996+0800][gc,stats    ]    Subphase: Concurrent Classes Purge                      0.000 / 0.000         0.082 / 0.093         0.082 / 0.093         0.082 / 0.093       ms
[2023-11-16T13:03:18.996+0800][gc,stats    ]    Subphase: Concurrent Classes Unlink                     0.000 / 0.000         1.496 / 1.649         1.496 / 1.649         1.496 / 1.649       ms
[2023-11-16T13:03:18.996+0800][gc,stats    ]    Subphase: Concurrent Mark                               0.000 / 0.000        21.597 / 25.992       21.597 / 25.992       21.597 / 25.992      ms
[2023-11-16T13:03:18.996+0800][gc,stats    ]    Subphase: Concurrent Mark Try Flush                     0.000 / 0.000         0.068 / 0.146         0.068 / 0.146         0.068 / 0.146       ms
[2023-11-16T13:03:18.996+0800][gc,stats    ]    Subphase: Concurrent Mark Try Terminate                 0.000 / 0.000         5.693 / 15.474        5.693 / 15.474        5.693 / 15.474      ms
[2023-11-16T13:03:18.996+0800][gc,stats    ]    Subphase: Concurrent References Enqueue                 0.000 / 0.000         0.005 / 0.005         0.005 / 0.005         0.005 / 0.005       ms
[2023-11-16T13:03:18.996+0800][gc,stats    ]    Subphase: Concurrent References Process                 0.000 / 0.000         0.108 / 0.128         0.108 / 0.128         0.108 / 0.128       ms
[2023-11-16T13:03:18.996+0800][gc,stats    ]    Subphase: Concurrent Roots ClassLoaderDataGraph         0.000 / 0.000         0.162 / 0.511         0.162 / 0.511         0.162 / 0.511       ms
[2023-11-16T13:03:18.996+0800][gc,stats    ]    Subphase: Concurrent Roots CodeCache                    0.000 / 0.000         0.000 / 0.000         0.000 / 0.000         0.000 / 0.000       ms
[2023-11-16T13:03:18.996+0800][gc,stats    ]    Subphase: Concurrent Roots JavaThreads                  0.000 / 0.000         0.945 / 1.682         0.945 / 1.682         0.945 / 1.682       ms
[2023-11-16T13:03:18.996+0800][gc,stats    ]    Subphase: Concurrent Roots OopStorageSet                0.000 / 0.000         0.041 / 0.062         0.041 / 0.062         0.041 / 0.062       ms
[2023-11-16T13:03:18.996+0800][gc,stats    ]    Subphase: Concurrent Weak Roots OopStorageSet           0.000 / 0.000         0.514 / 0.770         0.514 / 0.770         0.514 / 0.770       ms
[2023-11-16T13:03:18.996+0800][gc,stats    ]    Subphase: Pause Mark Try Complete                       0.000 / 0.000         0.000 / 0.000         0.000 / 0.000         0.000 / 0.000       ms
[2023-11-16T13:03:18.996+0800][gc,stats    ]      System: Java Threads                                      0 / 0                36 / 51               36 / 51               36 / 51          threads
[2023-11-16T13:03:18.996+0800][gc,stats    ] =========================================================================================================================================================
[2023-11-16T13:03:28.983+0800][gc,stats    ] === Garbage Collection Statistics =======================================================================================================================
[2023-11-16T13:03:28.983+0800][gc,stats    ]                                                              Last 10s              Last 10m              Last 10h                Total
[2023-11-16T13:03:28.983+0800][gc,stats    ]                                                              Avg / Max             Avg / Max             Avg / Max             Avg / Max
[2023-11-16T13:03:28.983+0800][gc,stats    ]   Collector: Garbage Collection Cycle                      0.000 / 0.000        42.450 / 42.489       42.450 / 42.489       42.450 / 42.489      ms
[2023-11-16T13:03:28.983+0800][gc,stats    ]  Contention: Mark Segment Reset Contention                     0 / 0                 0 / 2                 0 / 2                 0 / 2           ops/s
[2023-11-16T13:03:28.983+0800][gc,stats    ]  Contention: Mark SeqNum Reset Contention                      0 / 0                 0 / 1                 0 / 1                 0 / 1           ops/s
[2023-11-16T13:03:28.983+0800][gc,stats    ]    Critical: Allocation Stall                                  0 / 0                 0 / 0                 0 / 0                 0 / 0           ops/s
[2023-11-16T13:03:28.983+0800][gc,stats    ]    Critical: Allocation Stall                              0.000 / 0.000         0.000 / 0.000         0.000 / 0.000         0.000 / 0.000       ms
[2023-11-16T13:03:28.983+0800][gc,stats    ]    Critical: GC Locker Stall                                   0 / 0                 0 / 0                 0 / 0                 0 / 0           ops/s
[2023-11-16T13:03:28.983+0800][gc,stats    ]    Critical: GC Locker Stall                               0.000 / 0.000         0.000 / 0.000         0.000 / 0.000         0.000 / 0.000       ms
[2023-11-16T13:03:28.983+0800][gc,stats    ]    Critical: Relocation Stall                                  0 / 0                 0 / 0                 0 / 0                 0 / 0           ops/s
[2023-11-16T13:03:28.983+0800][gc,stats    ]    Critical: Relocation Stall                              0.000 / 0.000         0.000 / 0.000         0.000 / 0.000         0.000 / 0.000       ms
[2023-11-16T13:03:28.983+0800][gc,stats    ]      Memory: Allocation Rate                                   0 / 0                10 / 96               10 / 96               10 / 96          MB/s
[2023-11-16T13:03:28.983+0800][gc,stats    ]      Memory: Defragment                                        0 / 0                 0 / 0                 0 / 0                 0 / 0           ops/s
[2023-11-16T13:03:28.983+0800][gc,stats    ]      Memory: Out Of Memory                                     0 / 0                 0 / 0                 0 / 0                 0 / 0           ops/s
[2023-11-16T13:03:28.983+0800][gc,stats    ]      Memory: Page Cache Flush                                  0 / 0                 0 / 0                 0 / 0                 0 / 0           MB/s
[2023-11-16T13:03:28.983+0800][gc,stats    ]      Memory: Page Cache Hit L1                                 0 / 0                 2 / 38                2 / 38                2 / 38          ops/s
[2023-11-16T13:03:28.983+0800][gc,stats    ]      Memory: Page Cache Hit L2                                 0 / 0                 0 / 0                 0 / 0                 0 / 0           ops/s
[2023-11-16T13:03:28.983+0800][gc,stats    ]      Memory: Page Cache Hit L3                                 0 / 0                 2 / 48                2 / 48                2 / 48          ops/s
[2023-11-16T13:03:28.983+0800][gc,stats    ]      Memory: Page Cache Miss                                   0 / 0                 0 / 1                 0 / 1                 0 / 1           ops/s
[2023-11-16T13:03:28.983+0800][gc,stats    ]      Memory: Uncommit                                          0 / 0                 0 / 0                 0 / 0                 0 / 0           MB/s
[2023-11-16T13:03:28.983+0800][gc,stats    ]      Memory: Undo Object Allocation Failed                     0 / 0                 0 / 0                 0 / 0                 0 / 0           ops/s
[2023-11-16T13:03:28.983+0800][gc,stats    ]      Memory: Undo Object Allocation Succeeded                  0 / 0                 0 / 0                 0 / 0                 0 / 0           ops/s
[2023-11-16T13:03:28.983+0800][gc,stats    ]      Memory: Undo Page Allocation                              0 / 0                 0 / 0                 0 / 0                 0 / 0           ops/s
[2023-11-16T13:03:28.983+0800][gc,stats    ]       Phase: Concurrent Mark                               0.000 / 0.000        25.401 / 26.782       25.401 / 26.782       25.401 / 26.782      ms
[2023-11-16T13:03:28.983+0800][gc,stats    ]       Phase: Concurrent Mark Continue                      0.000 / 0.000         0.000 / 0.000         0.000 / 0.000         0.000 / 0.000       ms
[2023-11-16T13:03:28.983+0800][gc,stats    ]       Phase: Concurrent Mark Free                          0.000 / 0.000         0.001 / 0.001         0.001 / 0.001         0.001 / 0.001       ms
[2023-11-16T13:03:28.983+0800][gc,stats    ]       Phase: Concurrent Process Non-Strong References      0.000 / 0.000         2.435 / 2.758         2.435 / 2.758         2.435 / 2.758       ms
[2023-11-16T13:03:28.983+0800][gc,stats    ]       Phase: Concurrent Relocate                           0.000 / 0.000         2.928 / 3.220         2.928 / 3.220         2.928 / 3.220       ms
[2023-11-16T13:03:28.983+0800][gc,stats    ]       Phase: Concurrent Reset Relocation Set               0.000 / 0.000         0.003 / 0.006         0.003 / 0.006         0.003 / 0.006       ms
[2023-11-16T13:03:28.983+0800][gc,stats    ]       Phase: Concurrent Select Relocation Set              0.000 / 0.000         5.767 / 9.539         5.767 / 9.539         5.767 / 9.539       ms
[2023-11-16T13:03:28.983+0800][gc,stats    ]       Phase: Pause Mark End                                0.000 / 0.000         0.023 / 0.026         0.023 / 0.026         0.023 / 0.026       ms
[2023-11-16T13:03:28.983+0800][gc,stats    ]       Phase: Pause Mark Start                              0.000 / 0.000         0.010 / 0.014         0.010 / 0.014         0.010 / 0.014       ms
[2023-11-16T13:03:28.983+0800][gc,stats    ]       Phase: Pause Relocate Start                          0.000 / 0.000         0.014 / 0.017         0.014 / 0.017         0.014 / 0.017       ms
[2023-11-16T13:03:28.983+0800][gc,stats    ]    Subphase: Concurrent Classes Purge                      0.000 / 0.000         0.082 / 0.093         0.082 / 0.093         0.082 / 0.093       ms
[2023-11-16T13:03:28.983+0800][gc,stats    ]    Subphase: Concurrent Classes Unlink                     0.000 / 0.000         1.496 / 1.649         1.496 / 1.649         1.496 / 1.649       ms
[2023-11-16T13:03:28.983+0800][gc,stats    ]    Subphase: Concurrent Mark                               0.000 / 0.000        21.597 / 25.992       21.597 / 25.992       21.597 / 25.992      ms
[2023-11-16T13:03:28.983+0800][gc,stats    ]    Subphase: Concurrent Mark Try Flush                     0.000 / 0.000         0.068 / 0.146         0.068 / 0.146         0.068 / 0.146       ms
[2023-11-16T13:03:28.983+0800][gc,stats    ]    Subphase: Concurrent Mark Try Terminate                 0.000 / 0.000         5.693 / 15.474        5.693 / 15.474        5.693 / 15.474      ms
[2023-11-16T13:03:28.983+0800][gc,stats    ]    Subphase: Concurrent References Enqueue                 0.000 / 0.000         0.005 / 0.005         0.005 / 0.005         0.005 / 0.005       ms
[2023-11-16T13:03:28.983+0800][gc,stats    ]    Subphase: Concurrent References Process                 0.000 / 0.000         0.108 / 0.128         0.108 / 0.128         0.108 / 0.128       ms
[2023-11-16T13:03:28.983+0800][gc,stats    ]    Subphase: Concurrent Roots ClassLoaderDataGraph         0.000 / 0.000         0.162 / 0.511         0.162 / 0.511         0.162 / 0.511       ms
[2023-11-16T13:03:28.983+0800][gc,stats    ]    Subphase: Concurrent Roots CodeCache                    0.000 / 0.000         0.000 / 0.000         0.000 / 0.000         0.000 / 0.000       ms
[2023-11-16T13:03:28.983+0800][gc,stats    ]    Subphase: Concurrent Roots JavaThreads                  0.000 / 0.000         0.945 / 1.682         0.945 / 1.682         0.945 / 1.682       ms
[2023-11-16T13:03:28.983+0800][gc,stats    ]    Subphase: Concurrent Roots OopStorageSet                0.000 / 0.000         0.041 / 0.062         0.041 / 0.062         0.041 / 0.062       ms
[2023-11-16T13:03:28.983+0800][gc,stats    ]    Subphase: Concurrent Weak Roots OopStorageSet           0.000 / 0.000         0.514 / 0.770         0.514 / 0.770         0.514 / 0.770       ms
[2023-11-16T13:03:28.983+0800][gc,stats    ]    Subphase: Pause Mark Try Complete                       0.000 / 0.000         0.000 / 0.000         0.000 / 0.000         0.000 / 0.000       ms
[2023-11-16T13:03:28.983+0800][gc,stats    ]      System: Java Threads                                      0 / 0                36 / 51               36 / 51               36 / 51          threads
[2023-11-16T13:03:28.983+0800][gc,stats    ] =========================================================================================================================================================
[2023-11-16T13:03:38.983+0800][gc,stats    ] === Garbage Collection Statistics =======================================================================================================================
[2023-11-16T13:03:38.983+0800][gc,stats    ]                                                              Last 10s              Last 10m              Last 10h                Total
[2023-11-16T13:03:38.983+0800][gc,stats    ]                                                              Avg / Max             Avg / Max             Avg / Max             Avg / Max
[2023-11-16T13:03:38.983+0800][gc,stats    ]   Collector: Garbage Collection Cycle                      0.000 / 0.000        42.450 / 42.489       42.450 / 42.489       42.450 / 42.489      ms
[2023-11-16T13:03:38.983+0800][gc,stats    ]  Contention: Mark Segment Reset Contention                     0 / 0                 0 / 2                 0 / 2                 0 / 2           ops/s
[2023-11-16T13:03:38.983+0800][gc,stats    ]  Contention: Mark SeqNum Reset Contention                      0 / 0                 0 / 1                 0 / 1                 0 / 1           ops/s
[2023-11-16T13:03:38.983+0800][gc,stats    ]    Critical: Allocation Stall                                  0 / 0                 0 / 0                 0 / 0                 0 / 0           ops/s
[2023-11-16T13:03:38.983+0800][gc,stats    ]    Critical: Allocation Stall                              0.000 / 0.000         0.000 / 0.000         0.000 / 0.000         0.000 / 0.000       ms
[2023-11-16T13:03:38.983+0800][gc,stats    ]    Critical: GC Locker Stall                                   0 / 0                 0 / 0                 0 / 0                 0 / 0           ops/s
[2023-11-16T13:03:38.983+0800][gc,stats    ]    Critical: GC Locker Stall                               0.000 / 0.000         0.000 / 0.000         0.000 / 0.000         0.000 / 0.000       ms
[2023-11-16T13:03:38.983+0800][gc,stats    ]    Critical: Relocation Stall                                  0 / 0                 0 / 0                 0 / 0                 0 / 0           ops/s
[2023-11-16T13:03:38.983+0800][gc,stats    ]    Critical: Relocation Stall                              0.000 / 0.000         0.000 / 0.000         0.000 / 0.000         0.000 / 0.000       ms
[2023-11-16T13:03:38.983+0800][gc,stats    ]      Memory: Allocation Rate                                   0 / 0                 8 / 96                8 / 96                8 / 96          MB/s
[2023-11-16T13:03:38.983+0800][gc,stats    ]      Memory: Defragment                                        0 / 0                 0 / 0                 0 / 0                 0 / 0           ops/s
[2023-11-16T13:03:38.983+0800][gc,stats    ]      Memory: Out Of Memory                                     0 / 0                 0 / 0                 0 / 0                 0 / 0           ops/s
[2023-11-16T13:03:38.983+0800][gc,stats    ]      Memory: Page Cache Flush                                  0 / 0                 0 / 0                 0 / 0                 0 / 0           MB/s
[2023-11-16T13:03:38.983+0800][gc,stats    ]      Memory: Page Cache Hit L1                                 0 / 0                 1 / 38                1 / 38                1 / 38          ops/s
[2023-11-16T13:03:38.983+0800][gc,stats    ]      Memory: Page Cache Hit L2                                 0 / 0                 0 / 0                 0 / 0                 0 / 0           ops/s
[2023-11-16T13:03:38.983+0800][gc,stats    ]      Memory: Page Cache Hit L3                                 0 / 0                 2 / 48                2 / 48                2 / 48          ops/s
[2023-11-16T13:03:38.983+0800][gc,stats    ]      Memory: Page Cache Miss                                   0 / 0                 0 / 1                 0 / 1                 0 / 1           ops/s
[2023-11-16T13:03:38.983+0800][gc,stats    ]      Memory: Uncommit                                          0 / 0                 0 / 0                 0 / 0                 0 / 0           MB/s
[2023-11-16T13:03:38.983+0800][gc,stats    ]      Memory: Undo Object Allocation Failed                     0 / 0                 0 / 0                 0 / 0                 0 / 0           ops/s
[2023-11-16T13:03:38.983+0800][gc,stats    ]      Memory: Undo Object Allocation Succeeded                  0 / 0                 0 / 0                 0 / 0                 0 / 0           ops/s
[2023-11-16T13:03:38.983+0800][gc,stats    ]      Memory: Undo Page Allocation                              0 / 0                 0 / 0                 0 / 0                 0 / 0           ops/s
[2023-11-16T13:03:38.983+0800][gc,stats    ]       Phase: Concurrent Mark                               0.000 / 0.000        25.401 / 26.782       25.401 / 26.782       25.401 / 26.782      ms
[2023-11-16T13:03:38.983+0800][gc,stats    ]       Phase: Concurrent Mark Continue                      0.000 / 0.000         0.000 / 0.000         0.000 / 0.000         0.000 / 0.000       ms
[2023-11-16T13:03:38.983+0800][gc,stats    ]       Phase: Concurrent Mark Free                          0.000 / 0.000         0.001 / 0.001         0.001 / 0.001         0.001 / 0.001       ms
[2023-11-16T13:03:38.983+0800][gc,stats    ]       Phase: Concurrent Process Non-Strong References      0.000 / 0.000         2.435 / 2.758         2.435 / 2.758         2.435 / 2.758       ms
[2023-11-16T13:03:38.983+0800][gc,stats    ]       Phase: Concurrent Relocate                           0.000 / 0.000         2.928 / 3.220         2.928 / 3.220         2.928 / 3.220       ms
[2023-11-16T13:03:38.983+0800][gc,stats    ]       Phase: Concurrent Reset Relocation Set               0.000 / 0.000         0.003 / 0.006         0.003 / 0.006         0.003 / 0.006       ms
[2023-11-16T13:03:38.983+0800][gc,stats    ]       Phase: Concurrent Select Relocation Set              0.000 / 0.000         5.767 / 9.539         5.767 / 9.539         5.767 / 9.539       ms
[2023-11-16T13:03:38.983+0800][gc,stats    ]       Phase: Pause Mark End                                0.000 / 0.000         0.023 / 0.026         0.023 / 0.026         0.023 / 0.026       ms
[2023-11-16T13:03:38.983+0800][gc,stats    ]       Phase: Pause Mark Start                              0.000 / 0.000         0.010 / 0.014         0.010 / 0.014         0.010 / 0.014       ms
[2023-11-16T13:03:38.983+0800][gc,stats    ]       Phase: Pause Relocate Start                          0.000 / 0.000         0.014 / 0.017         0.014 / 0.017         0.014 / 0.017       ms
[2023-11-16T13:03:38.983+0800][gc,stats    ]    Subphase: Concurrent Classes Purge                      0.000 / 0.000         0.082 / 0.093         0.082 / 0.093         0.082 / 0.093       ms
[2023-11-16T13:03:38.983+0800][gc,stats    ]    Subphase: Concurrent Classes Unlink                     0.000 / 0.000         1.496 / 1.649         1.496 / 1.649         1.496 / 1.649       ms
[2023-11-16T13:03:38.983+0800][gc,stats    ]    Subphase: Concurrent Mark                               0.000 / 0.000        21.597 / 25.992       21.597 / 25.992       21.597 / 25.992      ms
[2023-11-16T13:03:38.983+0800][gc,stats    ]    Subphase: Concurrent Mark Try Flush                     0.000 / 0.000         0.068 / 0.146         0.068 / 0.146         0.068 / 0.146       ms
[2023-11-16T13:03:38.983+0800][gc,stats    ]    Subphase: Concurrent Mark Try Terminate                 0.000 / 0.000         5.693 / 15.474        5.693 / 15.474        5.693 / 15.474      ms
[2023-11-16T13:03:38.983+0800][gc,stats    ]    Subphase: Concurrent References Enqueue                 0.000 / 0.000         0.005 / 0.005         0.005 / 0.005         0.005 / 0.005       ms
[2023-11-16T13:03:38.983+0800][gc,stats    ]    Subphase: Concurrent References Process                 0.000 / 0.000         0.108 / 0.128         0.108 / 0.128         0.108 / 0.128       ms
[2023-11-16T13:03:38.983+0800][gc,stats    ]    Subphase: Concurrent Roots ClassLoaderDataGraph         0.000 / 0.000         0.162 / 0.511         0.162 / 0.511         0.162 / 0.511       ms
[2023-11-16T13:03:38.983+0800][gc,stats    ]    Subphase: Concurrent Roots CodeCache                    0.000 / 0.000         0.000 / 0.000         0.000 / 0.000         0.000 / 0.000       ms
[2023-11-16T13:03:38.983+0800][gc,stats    ]    Subphase: Concurrent Roots JavaThreads                  0.000 / 0.000         0.945 / 1.682         0.945 / 1.682         0.945 / 1.682       ms
[2023-11-16T13:03:38.983+0800][gc,stats    ]    Subphase: Concurrent Roots OopStorageSet                0.000 / 0.000         0.041 / 0.062         0.041 / 0.062         0.041 / 0.062       ms
[2023-11-16T13:03:38.983+0800][gc,stats    ]    Subphase: Concurrent Weak Roots OopStorageSet           0.000 / 0.000         0.514 / 0.770         0.514 / 0.770         0.514 / 0.770       ms
[2023-11-16T13:03:38.983+0800][gc,stats    ]    Subphase: Pause Mark Try Complete                       0.000 / 0.000         0.000 / 0.000         0.000 / 0.000         0.000 / 0.000       ms
[2023-11-16T13:03:38.983+0800][gc,stats    ]      System: Java Threads                                      0 / 0                36 / 51               36 / 51               36 / 51          threads
[2023-11-16T13:03:38.983+0800][gc,stats    ] =========================================================================================================================================================
[2023-11-16T13:03:48.984+0800][gc,stats    ] === Garbage Collection Statistics =======================================================================================================================
[2023-11-16T13:03:48.984+0800][gc,stats    ]                                                              Last 10s              Last 10m              Last 10h                Total
[2023-11-16T13:03:48.984+0800][gc,stats    ]                                                              Avg / Max             Avg / Max             Avg / Max             Avg / Max
[2023-11-16T13:03:48.984+0800][gc,stats    ]   Collector: Garbage Collection Cycle                      0.000 / 0.000        42.450 / 42.489       42.450 / 42.489       42.450 / 42.489      ms
[2023-11-16T13:03:48.984+0800][gc,stats    ]  Contention: Mark Segment Reset Contention                     0 / 0                 0 / 2                 0 / 2                 0 / 2           ops/s
[2023-11-16T13:03:48.984+0800][gc,stats    ]  Contention: Mark SeqNum Reset Contention                      0 / 0                 0 / 1                 0 / 1                 0 / 1           ops/s
[2023-11-16T13:03:48.984+0800][gc,stats    ]    Critical: Allocation Stall                                  0 / 0                 0 / 0                 0 / 0                 0 / 0           ops/s
[2023-11-16T13:03:48.984+0800][gc,stats    ]    Critical: Allocation Stall                              0.000 / 0.000         0.000 / 0.000         0.000 / 0.000         0.000 / 0.000       ms
[2023-11-16T13:03:48.984+0800][gc,stats    ]    Critical: GC Locker Stall                                   0 / 0                 0 / 0                 0 / 0                 0 / 0           ops/s
[2023-11-16T13:03:48.984+0800][gc,stats    ]    Critical: GC Locker Stall                               0.000 / 0.000         0.000 / 0.000         0.000 / 0.000         0.000 / 0.000       ms
[2023-11-16T13:03:48.984+0800][gc,stats    ]    Critical: Relocation Stall                                  0 / 0                 0 / 0                 0 / 0                 0 / 0           ops/s
[2023-11-16T13:03:48.984+0800][gc,stats    ]    Critical: Relocation Stall                              0.000 / 0.000         0.000 / 0.000         0.000 / 0.000         0.000 / 0.000       ms
[2023-11-16T13:03:48.984+0800][gc,stats    ]      Memory: Allocation Rate                                   0 / 0                 6 / 96                6 / 96                6 / 96          MB/s
[2023-11-16T13:03:48.984+0800][gc,stats    ]      Memory: Defragment                                        0 / 0                 0 / 0                 0 / 0                 0 / 0           ops/s
[2023-11-16T13:03:48.984+0800][gc,stats    ]      Memory: Out Of Memory                                     0 / 0                 0 / 0                 0 / 0                 0 / 0           ops/s
[2023-11-16T13:03:48.984+0800][gc,stats    ]      Memory: Page Cache Flush                                  0 / 0                 0 / 0                 0 / 0                 0 / 0           MB/s
[2023-11-16T13:03:48.984+0800][gc,stats    ]      Memory: Page Cache Hit L1                                 0 / 0                 1 / 38                1 / 38                1 / 38          ops/s
[2023-11-16T13:03:48.984+0800][gc,stats    ]      Memory: Page Cache Hit L2                                 0 / 0                 0 / 0                 0 / 0                 0 / 0           ops/s
[2023-11-16T13:03:48.984+0800][gc,stats    ]      Memory: Page Cache Hit L3                                 0 / 0                 1 / 48                1 / 48                1 / 48          ops/s
[2023-11-16T13:03:48.984+0800][gc,stats    ]      Memory: Page Cache Miss                                   0 / 0                 0 / 1                 0 / 1                 0 / 1           ops/s
[2023-11-16T13:03:48.984+0800][gc,stats    ]      Memory: Uncommit                                          0 / 0                 0 / 0                 0 / 0                 0 / 0           MB/s
[2023-11-16T13:03:48.984+0800][gc,stats    ]      Memory: Undo Object Allocation Failed                     0 / 0                 0 / 0                 0 / 0                 0 / 0           ops/s
[2023-11-16T13:03:48.984+0800][gc,stats    ]      Memory: Undo Object Allocation Succeeded                  0 / 0                 0 / 0                 0 / 0                 0 / 0           ops/s
[2023-11-16T13:03:48.984+0800][gc,stats    ]      Memory: Undo Page Allocation                              0 / 0                 0 / 0                 0 / 0                 0 / 0           ops/s
[2023-11-16T13:03:48.984+0800][gc,stats    ]       Phase: Concurrent Mark                               0.000 / 0.000        25.401 / 26.782       25.401 / 26.782       25.401 / 26.782      ms
[2023-11-16T13:03:48.984+0800][gc,stats    ]       Phase: Concurrent Mark Continue                      0.000 / 0.000         0.000 / 0.000         0.000 / 0.000         0.000 / 0.000       ms
[2023-11-16T13:03:48.984+0800][gc,stats    ]       Phase: Concurrent Mark Free                          0.000 / 0.000         0.001 / 0.001         0.001 / 0.001         0.001 / 0.001       ms
[2023-11-16T13:03:48.984+0800][gc,stats    ]       Phase: Concurrent Process Non-Strong References      0.000 / 0.000         2.435 / 2.758         2.435 / 2.758         2.435 / 2.758       ms
[2023-11-16T13:03:48.984+0800][gc,stats    ]       Phase: Concurrent Relocate                           0.000 / 0.000         2.928 / 3.220         2.928 / 3.220         2.928 / 3.220       ms
[2023-11-16T13:03:48.984+0800][gc,stats    ]       Phase: Concurrent Reset Relocation Set               0.000 / 0.000         0.003 / 0.006         0.003 / 0.006         0.003 / 0.006       ms
[2023-11-16T13:03:48.984+0800][gc,stats    ]       Phase: Concurrent Select Relocation Set              0.000 / 0.000         5.767 / 9.539         5.767 / 9.539         5.767 / 9.539       ms
[2023-11-16T13:03:48.984+0800][gc,stats    ]       Phase: Pause Mark End                                0.000 / 0.000         0.023 / 0.026         0.023 / 0.026         0.023 / 0.026       ms
[2023-11-16T13:03:48.984+0800][gc,stats    ]       Phase: Pause Mark Start                              0.000 / 0.000         0.010 / 0.014         0.010 / 0.014         0.010 / 0.014       ms
[2023-11-16T13:03:48.984+0800][gc,stats    ]       Phase: Pause Relocate Start                          0.000 / 0.000         0.014 / 0.017         0.014 / 0.017         0.014 / 0.017       ms
[2023-11-16T13:03:48.984+0800][gc,stats    ]    Subphase: Concurrent Classes Purge                      0.000 / 0.000         0.082 / 0.093         0.082 / 0.093         0.082 / 0.093       ms
[2023-11-16T13:03:48.984+0800][gc,stats    ]    Subphase: Concurrent Classes Unlink                     0.000 / 0.000         1.496 / 1.649         1.496 / 1.649         1.496 / 1.649       ms
[2023-11-16T13:03:48.984+0800][gc,stats    ]    Subphase: Concurrent Mark                               0.000 / 0.000        21.597 / 25.992       21.597 / 25.992       21.597 / 25.992      ms
[2023-11-16T13:03:48.984+0800][gc,stats    ]    Subphase: Concurrent Mark Try Flush                     0.000 / 0.000         0.068 / 0.146         0.068 / 0.146         0.068 / 0.146       ms
[2023-11-16T13:03:48.984+0800][gc,stats    ]    Subphase: Concurrent Mark Try Terminate                 0.000 / 0.000         5.693 / 15.474        5.693 / 15.474        5.693 / 15.474      ms
[2023-11-16T13:03:48.984+0800][gc,stats    ]    Subphase: Concurrent References Enqueue                 0.000 / 0.000         0.005 / 0.005         0.005 / 0.005         0.005 / 0.005       ms
[2023-11-16T13:03:48.984+0800][gc,stats    ]    Subphase: Concurrent References Process                 0.000 / 0.000         0.108 / 0.128         0.108 / 0.128         0.108 / 0.128       ms
[2023-11-16T13:03:48.984+0800][gc,stats    ]    Subphase: Concurrent Roots ClassLoaderDataGraph         0.000 / 0.000         0.162 / 0.511         0.162 / 0.511         0.162 / 0.511       ms
[2023-11-16T13:03:48.984+0800][gc,stats    ]    Subphase: Concurrent Roots CodeCache                    0.000 / 0.000         0.000 / 0.000         0.000 / 0.000         0.000 / 0.000       ms
[2023-11-16T13:03:48.984+0800][gc,stats    ]    Subphase: Concurrent Roots JavaThreads                  0.000 / 0.000         0.945 / 1.682         0.945 / 1.682         0.945 / 1.682       ms
[2023-11-16T13:03:48.984+0800][gc,stats    ]    Subphase: Concurrent Roots OopStorageSet                0.000 / 0.000         0.041 / 0.062         0.041 / 0.062         0.041 / 0.062       ms
[2023-11-16T13:03:48.984+0800][gc,stats    ]    Subphase: Concurrent Weak Roots OopStorageSet           0.000 / 0.000         0.514 / 0.770         0.514 / 0.770         0.514 / 0.770       ms
[2023-11-16T13:03:48.984+0800][gc,stats    ]    Subphase: Pause Mark Try Complete                       0.000 / 0.000         0.000 / 0.000         0.000 / 0.000         0.000 / 0.000       ms
[2023-11-16T13:03:48.984+0800][gc,stats    ]      System: Java Threads                                      0 / 0                36 / 51               36 / 51               36 / 51          threads
[2023-11-16T13:03:48.984+0800][gc,stats    ] =========================================================================================================================================================
[2023-11-16T13:03:58.984+0800][gc,stats    ] === Garbage Collection Statistics =======================================================================================================================
[2023-11-16T13:03:58.984+0800][gc,stats    ]                                                              Last 10s              Last 10m              Last 10h                Total
[2023-11-16T13:03:58.984+0800][gc,stats    ]                                                              Avg / Max             Avg / Max             Avg / Max             Avg / Max
[2023-11-16T13:03:58.984+0800][gc,stats    ]   Collector: Garbage Collection Cycle                      0.000 / 0.000        42.450 / 42.489       42.450 / 42.489       42.450 / 42.489      ms
[2023-11-16T13:03:58.984+0800][gc,stats    ]  Contention: Mark Segment Reset Contention                     0 / 0                 0 / 2                 0 / 2                 0 / 2           ops/s
[2023-11-16T13:03:58.984+0800][gc,stats    ]  Contention: Mark SeqNum Reset Contention                      0 / 0                 0 / 1                 0 / 1                 0 / 1           ops/s
[2023-11-16T13:03:58.984+0800][gc,stats    ]    Critical: Allocation Stall                                  0 / 0                 0 / 0                 0 / 0                 0 / 0           ops/s
[2023-11-16T13:03:58.984+0800][gc,stats    ]    Critical: Allocation Stall                              0.000 / 0.000         0.000 / 0.000         0.000 / 0.000         0.000 / 0.000       ms
[2023-11-16T13:03:58.984+0800][gc,stats    ]    Critical: GC Locker Stall                                   0 / 0                 0 / 0                 0 / 0                 0 / 0           ops/s
[2023-11-16T13:03:58.984+0800][gc,stats    ]    Critical: GC Locker Stall                               0.000 / 0.000         0.000 / 0.000         0.000 / 0.000         0.000 / 0.000       ms
[2023-11-16T13:03:58.984+0800][gc,stats    ]    Critical: Relocation Stall                                  0 / 0                 0 / 0                 0 / 0                 0 / 0           ops/s
[2023-11-16T13:03:58.984+0800][gc,stats    ]    Critical: Relocation Stall                              0.000 / 0.000         0.000 / 0.000         0.000 / 0.000         0.000 / 0.000       ms
[2023-11-16T13:03:58.984+0800][gc,stats    ]      Memory: Allocation Rate                                   0 / 0                 5 / 96                5 / 96                5 / 96          MB/s
[2023-11-16T13:03:58.984+0800][gc,stats    ]      Memory: Defragment                                        0 / 0                 0 / 0                 0 / 0                 0 / 0           ops/s
[2023-11-16T13:03:58.984+0800][gc,stats    ]      Memory: Out Of Memory                                     0 / 0                 0 / 0                 0 / 0                 0 / 0           ops/s
[2023-11-16T13:03:58.984+0800][gc,stats    ]      Memory: Page Cache Flush                                  0 / 0                 0 / 0                 0 / 0                 0 / 0           MB/s
[2023-11-16T13:03:58.984+0800][gc,stats    ]      Memory: Page Cache Hit L1                                 0 / 0                 1 / 38                1 / 38                1 / 38          ops/s
[2023-11-16T13:03:58.984+0800][gc,stats    ]      Memory: Page Cache Hit L2                                 0 / 0                 0 / 0                 0 / 0                 0 / 0           ops/s
[2023-11-16T13:03:58.984+0800][gc,stats    ]      Memory: Page Cache Hit L3                                 0 / 0                 1 / 48                1 / 48                1 / 48          ops/s
[2023-11-16T13:03:58.984+0800][gc,stats    ]      Memory: Page Cache Miss                                   0 / 0                 0 / 1                 0 / 1                 0 / 1           ops/s
[2023-11-16T13:03:58.984+0800][gc,stats    ]      Memory: Uncommit                                          0 / 0                 0 / 0                 0 / 0                 0 / 0           MB/s
[2023-11-16T13:03:58.984+0800][gc,stats    ]      Memory: Undo Object Allocation Failed                     0 / 0                 0 / 0                 0 / 0                 0 / 0           ops/s
[2023-11-16T13:03:58.984+0800][gc,stats    ]      Memory: Undo Object Allocation Succeeded                  0 / 0                 0 / 0                 0 / 0                 0 / 0           ops/s
[2023-11-16T13:03:58.984+0800][gc,stats    ]      Memory: Undo Page Allocation                              0 / 0                 0 / 0                 0 / 0                 0 / 0           ops/s
[2023-11-16T13:03:58.984+0800][gc,stats    ]       Phase: Concurrent Mark                               0.000 / 0.000        25.401 / 26.782       25.401 / 26.782       25.401 / 26.782      ms
[2023-11-16T13:03:58.984+0800][gc,stats    ]       Phase: Concurrent Mark Continue                      0.000 / 0.000         0.000 / 0.000         0.000 / 0.000         0.000 / 0.000       ms
[2023-11-16T13:03:58.984+0800][gc,stats    ]       Phase: Concurrent Mark Free                          0.000 / 0.000         0.001 / 0.001         0.001 / 0.001         0.001 / 0.001       ms
[2023-11-16T13:03:58.984+0800][gc,stats    ]       Phase: Concurrent Process Non-Strong References      0.000 / 0.000         2.435 / 2.758         2.435 / 2.758         2.435 / 2.758       ms
[2023-11-16T13:03:58.984+0800][gc,stats    ]       Phase: Concurrent Relocate                           0.000 / 0.000         2.928 / 3.220         2.928 / 3.220         2.928 / 3.220       ms
[2023-11-16T13:03:58.984+0800][gc,stats    ]       Phase: Concurrent Reset Relocation Set               0.000 / 0.000         0.003 / 0.006         0.003 / 0.006         0.003 / 0.006       ms
[2023-11-16T13:03:58.984+0800][gc,stats    ]       Phase: Concurrent Select Relocation Set              0.000 / 0.000         5.767 / 9.539         5.767 / 9.539         5.767 / 9.539       ms
[2023-11-16T13:03:58.984+0800][gc,stats    ]       Phase: Pause Mark End                                0.000 / 0.000         0.023 / 0.026         0.023 / 0.026         0.023 / 0.026       ms
[2023-11-16T13:03:58.984+0800][gc,stats    ]       Phase: Pause Mark Start                              0.000 / 0.000         0.010 / 0.014         0.010 / 0.014         0.010 / 0.014       ms
[2023-11-16T13:03:58.984+0800][gc,stats    ]       Phase: Pause Relocate Start                          0.000 / 0.000         0.014 / 0.017         0.014 / 0.017         0.014 / 0.017       ms
[2023-11-16T13:03:58.984+0800][gc,stats    ]    Subphase: Concurrent Classes Purge                      0.000 / 0.000         0.082 / 0.093         0.082 / 0.093         0.082 / 0.093       ms
[2023-11-16T13:03:58.984+0800][gc,stats    ]    Subphase: Concurrent Classes Unlink                     0.000 / 0.000         1.496 / 1.649         1.496 / 1.649         1.496 / 1.649       ms
[2023-11-16T13:03:58.984+0800][gc,stats    ]    Subphase: Concurrent Mark                               0.000 / 0.000        21.597 / 25.992       21.597 / 25.992       21.597 / 25.992      ms
[2023-11-16T13:03:58.984+0800][gc,stats    ]    Subphase: Concurrent Mark Try Flush                     0.000 / 0.000         0.068 / 0.146         0.068 / 0.146         0.068 / 0.146       ms
[2023-11-16T13:03:58.984+0800][gc,stats    ]    Subphase: Concurrent Mark Try Terminate                 0.000 / 0.000         5.693 / 15.474        5.693 / 15.474        5.693 / 15.474      ms
[2023-11-16T13:03:58.984+0800][gc,stats    ]    Subphase: Concurrent References Enqueue                 0.000 / 0.000         0.005 / 0.005         0.005 / 0.005         0.005 / 0.005       ms
[2023-11-16T13:03:58.984+0800][gc,stats    ]    Subphase: Concurrent References Process                 0.000 / 0.000         0.108 / 0.128         0.108 / 0.128         0.108 / 0.128       ms
[2023-11-16T13:03:58.984+0800][gc,stats    ]    Subphase: Concurrent Roots ClassLoaderDataGraph         0.000 / 0.000         0.162 / 0.511         0.162 / 0.511         0.162 / 0.511       ms
[2023-11-16T13:03:58.984+0800][gc,stats    ]    Subphase: Concurrent Roots CodeCache                    0.000 / 0.000         0.000 / 0.000         0.000 / 0.000         0.000 / 0.000       ms
[2023-11-16T13:03:58.984+0800][gc,stats    ]    Subphase: Concurrent Roots JavaThreads                  0.000 / 0.000         0.945 / 1.682         0.945 / 1.682         0.945 / 1.682       ms
[2023-11-16T13:03:58.984+0800][gc,stats    ]    Subphase: Concurrent Roots OopStorageSet                0.000 / 0.000         0.041 / 0.062         0.041 / 0.062         0.041 / 0.062       ms
[2023-11-16T13:03:58.984+0800][gc,stats    ]    Subphase: Concurrent Weak Roots OopStorageSet           0.000 / 0.000         0.514 / 0.770         0.514 / 0.770         0.514 / 0.770       ms
[2023-11-16T13:03:58.984+0800][gc,stats    ]    Subphase: Pause Mark Try Complete                       0.000 / 0.000         0.000 / 0.000         0.000 / 0.000         0.000 / 0.000       ms
[2023-11-16T13:03:58.984+0800][gc,stats    ]      System: Java Threads                                      0 / 0                36 / 51               36 / 51               36 / 51          threads
[2023-11-16T13:03:58.985+0800][gc,stats    ] =========================================================================================================================================================
[2023-11-16T13:04:08.983+0800][gc,stats    ] === Garbage Collection Statistics =======================================================================================================================
[2023-11-16T13:04:08.983+0800][gc,stats    ]                                                              Last 10s              Last 10m              Last 10h                Total
[2023-11-16T13:04:08.983+0800][gc,stats    ]                                                              Avg / Max             Avg / Max             Avg / Max             Avg / Max
[2023-11-16T13:04:08.983+0800][gc,stats    ]   Collector: Garbage Collection Cycle                      0.000 / 0.000        42.450 / 42.489       42.450 / 42.489       42.450 / 42.489      ms
[2023-11-16T13:04:08.983+0800][gc,stats    ]  Contention: Mark Segment Reset Contention                     0 / 0                 0 / 2                 0 / 2                 0 / 2           ops/s
[2023-11-16T13:04:08.983+0800][gc,stats    ]  Contention: Mark SeqNum Reset Contention                      0 / 0                 0 / 1                 0 / 1                 0 / 1           ops/s
[2023-11-16T13:04:08.983+0800][gc,stats    ]    Critical: Allocation Stall                                  0 / 0                 0 / 0                 0 / 0                 0 / 0           ops/s
[2023-11-16T13:04:08.983+0800][gc,stats    ]    Critical: Allocation Stall                              0.000 / 0.000         0.000 / 0.000         0.000 / 0.000         0.000 / 0.000       ms
[2023-11-16T13:04:08.983+0800][gc,stats    ]    Critical: GC Locker Stall                                   0 / 0                 0 / 0                 0 / 0                 0 / 0           ops/s
[2023-11-16T13:04:08.983+0800][gc,stats    ]    Critical: GC Locker Stall                               0.000 / 0.000         0.000 / 0.000         0.000 / 0.000         0.000 / 0.000       ms
[2023-11-16T13:04:08.983+0800][gc,stats    ]    Critical: Relocation Stall                                  0 / 0                 0 / 0                 0 / 0                 0 / 0           ops/s
[2023-11-16T13:04:08.983+0800][gc,stats    ]    Critical: Relocation Stall                              0.000 / 0.000         0.000 / 0.000         0.000 / 0.000         0.000 / 0.000       ms
[2023-11-16T13:04:08.983+0800][gc,stats    ]      Memory: Allocation Rate                                   0 / 2                 4 / 96                4 / 96                4 / 96          MB/s
[2023-11-16T13:04:08.983+0800][gc,stats    ]      Memory: Defragment                                        0 / 0                 0 / 0                 0 / 0                 0 / 0           ops/s
[2023-11-16T13:04:08.983+0800][gc,stats    ]      Memory: Out Of Memory                                     0 / 0                 0 / 0                 0 / 0                 0 / 0           ops/s
[2023-11-16T13:04:08.983+0800][gc,stats    ]      Memory: Page Cache Flush                                  0 / 0                 0 / 0                 0 / 0                 0 / 0           MB/s
[2023-11-16T13:04:08.983+0800][gc,stats    ]      Memory: Page Cache Hit L1                                 0 / 1                 1 / 38                1 / 38                1 / 38          ops/s
[2023-11-16T13:04:08.983+0800][gc,stats    ]      Memory: Page Cache Hit L2                                 0 / 0                 0 / 0                 0 / 0                 0 / 0           ops/s
[2023-11-16T13:04:08.983+0800][gc,stats    ]      Memory: Page Cache Hit L3                                 0 / 0                 1 / 48                1 / 48                1 / 48          ops/s
[2023-11-16T13:04:08.983+0800][gc,stats    ]      Memory: Page Cache Miss                                   0 / 0                 0 / 1                 0 / 1                 0 / 1           ops/s
[2023-11-16T13:04:08.983+0800][gc,stats    ]      Memory: Uncommit                                          0 / 0                 0 / 0                 0 / 0                 0 / 0           MB/s
[2023-11-16T13:04:08.983+0800][gc,stats    ]      Memory: Undo Object Allocation Failed                     0 / 0                 0 / 0                 0 / 0                 0 / 0           ops/s
[2023-11-16T13:04:08.983+0800][gc,stats    ]      Memory: Undo Object Allocation Succeeded                  0 / 0                 0 / 0                 0 / 0                 0 / 0           ops/s
[2023-11-16T13:04:08.983+0800][gc,stats    ]      Memory: Undo Page Allocation                              0 / 0                 0 / 0                 0 / 0                 0 / 0           ops/s
[2023-11-16T13:04:08.983+0800][gc,stats    ]       Phase: Concurrent Mark                               0.000 / 0.000        25.401 / 26.782       25.401 / 26.782       25.401 / 26.782      ms
[2023-11-16T13:04:08.983+0800][gc,stats    ]       Phase: Concurrent Mark Continue                      0.000 / 0.000         0.000 / 0.000         0.000 / 0.000         0.000 / 0.000       ms
[2023-11-16T13:04:08.983+0800][gc,stats    ]       Phase: Concurrent Mark Free                          0.000 / 0.000         0.001 / 0.001         0.001 / 0.001         0.001 / 0.001       ms
[2023-11-16T13:04:08.983+0800][gc,stats    ]       Phase: Concurrent Process Non-Strong References      0.000 / 0.000         2.435 / 2.758         2.435 / 2.758         2.435 / 2.758       ms
[2023-11-16T13:04:08.983+0800][gc,stats    ]       Phase: Concurrent Relocate                           0.000 / 0.000         2.928 / 3.220         2.928 / 3.220         2.928 / 3.220       ms
[2023-11-16T13:04:08.983+0800][gc,stats    ]       Phase: Concurrent Reset Relocation Set               0.000 / 0.000         0.003 / 0.006         0.003 / 0.006         0.003 / 0.006       ms
[2023-11-16T13:04:08.983+0800][gc,stats    ]       Phase: Concurrent Select Relocation Set              0.000 / 0.000         5.767 / 9.539         5.767 / 9.539         5.767 / 9.539       ms
[2023-11-16T13:04:08.983+0800][gc,stats    ]       Phase: Pause Mark End                                0.000 / 0.000         0.023 / 0.026         0.023 / 0.026         0.023 / 0.026       ms
[2023-11-16T13:04:08.983+0800][gc,stats    ]       Phase: Pause Mark Start                              0.000 / 0.000         0.010 / 0.014         0.010 / 0.014         0.010 / 0.014       ms
[2023-11-16T13:04:08.983+0800][gc,stats    ]       Phase: Pause Relocate Start                          0.000 / 0.000         0.014 / 0.017         0.014 / 0.017         0.014 / 0.017       ms
[2023-11-16T13:04:08.983+0800][gc,stats    ]    Subphase: Concurrent Classes Purge                      0.000 / 0.000         0.082 / 0.093         0.082 / 0.093         0.082 / 0.093       ms
[2023-11-16T13:04:08.983+0800][gc,stats    ]    Subphase: Concurrent Classes Unlink                     0.000 / 0.000         1.496 / 1.649         1.496 / 1.649         1.496 / 1.649       ms
[2023-11-16T13:04:08.983+0800][gc,stats    ]    Subphase: Concurrent Mark                               0.000 / 0.000        21.597 / 25.992       21.597 / 25.992       21.597 / 25.992      ms
[2023-11-16T13:04:08.983+0800][gc,stats    ]    Subphase: Concurrent Mark Try Flush                     0.000 / 0.000         0.068 / 0.146         0.068 / 0.146         0.068 / 0.146       ms
[2023-11-16T13:04:08.983+0800][gc,stats    ]    Subphase: Concurrent Mark Try Terminate                 0.000 / 0.000         5.693 / 15.474        5.693 / 15.474        5.693 / 15.474      ms
[2023-11-16T13:04:08.983+0800][gc,stats    ]    Subphase: Concurrent References Enqueue                 0.000 / 0.000         0.005 / 0.005         0.005 / 0.005         0.005 / 0.005       ms
[2023-11-16T13:04:08.983+0800][gc,stats    ]    Subphase: Concurrent References Process                 0.000 / 0.000         0.108 / 0.128         0.108 / 0.128         0.108 / 0.128       ms
[2023-11-16T13:04:08.983+0800][gc,stats    ]    Subphase: Concurrent Roots ClassLoaderDataGraph         0.000 / 0.000         0.162 / 0.511         0.162 / 0.511         0.162 / 0.511       ms
[2023-11-16T13:04:08.983+0800][gc,stats    ]    Subphase: Concurrent Roots CodeCache                    0.000 / 0.000         0.000 / 0.000         0.000 / 0.000         0.000 / 0.000       ms
[2023-11-16T13:04:08.983+0800][gc,stats    ]    Subphase: Concurrent Roots JavaThreads                  0.000 / 0.000         0.945 / 1.682         0.945 / 1.682         0.945 / 1.682       ms
[2023-11-16T13:04:08.983+0800][gc,stats    ]    Subphase: Concurrent Roots OopStorageSet                0.000 / 0.000         0.041 / 0.062         0.041 / 0.062         0.041 / 0.062       ms
[2023-11-16T13:04:08.983+0800][gc,stats    ]    Subphase: Concurrent Weak Roots OopStorageSet           0.000 / 0.000         0.514 / 0.770         0.514 / 0.770         0.514 / 0.770       ms
[2023-11-16T13:04:08.983+0800][gc,stats    ]    Subphase: Pause Mark Try Complete                       0.000 / 0.000         0.000 / 0.000         0.000 / 0.000         0.000 / 0.000       ms
[2023-11-16T13:04:08.983+0800][gc,stats    ]      System: Java Threads                                      0 / 0                36 / 51               36 / 51               36 / 51          threads
[2023-11-16T13:04:08.983+0800][gc,stats    ] =========================================================================================================================================================
[2023-11-16T13:04:18.984+0800][gc,stats    ] === Garbage Collection Statistics =======================================================================================================================
[2023-11-16T13:04:18.984+0800][gc,stats    ]                                                              Last 10s              Last 10m              Last 10h                Total
[2023-11-16T13:04:18.984+0800][gc,stats    ]                                                              Avg / Max             Avg / Max             Avg / Max             Avg / Max
[2023-11-16T13:04:18.984+0800][gc,stats    ]   Collector: Garbage Collection Cycle                      0.000 / 0.000        42.450 / 42.489       42.450 / 42.489       42.450 / 42.489      ms
[2023-11-16T13:04:18.984+0800][gc,stats    ]  Contention: Mark Segment Reset Contention                     0 / 0                 0 / 2                 0 / 2                 0 / 2           ops/s
[2023-11-16T13:04:18.984+0800][gc,stats    ]  Contention: Mark SeqNum Reset Contention                      0 / 0                 0 / 1                 0 / 1                 0 / 1           ops/s
[2023-11-16T13:04:18.984+0800][gc,stats    ]    Critical: Allocation Stall                                  0 / 0                 0 / 0                 0 / 0                 0 / 0           ops/s
[2023-11-16T13:04:18.984+0800][gc,stats    ]    Critical: Allocation Stall                              0.000 / 0.000         0.000 / 0.000         0.000 / 0.000         0.000 / 0.000       ms
[2023-11-16T13:04:18.984+0800][gc,stats    ]    Critical: GC Locker Stall                                   0 / 0                 0 / 0                 0 / 0                 0 / 0           ops/s
[2023-11-16T13:04:18.984+0800][gc,stats    ]    Critical: GC Locker Stall                               0.000 / 0.000         0.000 / 0.000         0.000 / 0.000         0.000 / 0.000       ms
[2023-11-16T13:04:18.984+0800][gc,stats    ]    Critical: Relocation Stall                                  0 / 0                 0 / 0                 0 / 0                 0 / 0           ops/s
[2023-11-16T13:04:18.984+0800][gc,stats    ]    Critical: Relocation Stall                              0.000 / 0.000         0.000 / 0.000         0.000 / 0.000         0.000 / 0.000       ms
[2023-11-16T13:04:18.984+0800][gc,stats    ]      Memory: Allocation Rate                                   0 / 4                 4 / 96                4 / 96                4 / 96          MB/s
[2023-11-16T13:04:18.984+0800][gc,stats    ]      Memory: Defragment                                        0 / 0                 0 / 0                 0 / 0                 0 / 0           ops/s
[2023-11-16T13:04:18.984+0800][gc,stats    ]      Memory: Out Of Memory                                     0 / 0                 0 / 0                 0 / 0                 0 / 0           ops/s
[2023-11-16T13:04:18.984+0800][gc,stats    ]      Memory: Page Cache Flush                                  0 / 0                 0 / 0                 0 / 0                 0 / 0           MB/s
[2023-11-16T13:04:18.984+0800][gc,stats    ]      Memory: Page Cache Hit L1                                 0 / 2                 1 / 38                1 / 38                1 / 38          ops/s
[2023-11-16T13:04:18.984+0800][gc,stats    ]      Memory: Page Cache Hit L2                                 0 / 0                 0 / 0                 0 / 0                 0 / 0           ops/s
[2023-11-16T13:04:18.984+0800][gc,stats    ]      Memory: Page Cache Hit L3                                 0 / 0                 1 / 48                1 / 48                1 / 48          ops/s
[2023-11-16T13:04:18.984+0800][gc,stats    ]      Memory: Page Cache Miss                                   0 / 0                 0 / 1                 0 / 1                 0 / 1           ops/s
[2023-11-16T13:04:18.984+0800][gc,stats    ]      Memory: Uncommit                                          0 / 0                 0 / 0                 0 / 0                 0 / 0           MB/s
[2023-11-16T13:04:18.984+0800][gc,stats    ]      Memory: Undo Object Allocation Failed                     0 / 0                 0 / 0                 0 / 0                 0 / 0           ops/s
[2023-11-16T13:04:18.984+0800][gc,stats    ]      Memory: Undo Object Allocation Succeeded                  0 / 0                 0 / 0                 0 / 0                 0 / 0           ops/s
[2023-11-16T13:04:18.984+0800][gc,stats    ]      Memory: Undo Page Allocation                              0 / 0                 0 / 0                 0 / 0                 0 / 0           ops/s
[2023-11-16T13:04:18.984+0800][gc,stats    ]       Phase: Concurrent Mark                               0.000 / 0.000        25.401 / 26.782       25.401 / 26.782       25.401 / 26.782      ms
[2023-11-16T13:04:18.984+0800][gc,stats    ]       Phase: Concurrent Mark Continue                      0.000 / 0.000         0.000 / 0.000         0.000 / 0.000         0.000 / 0.000       ms
[2023-11-16T13:04:18.984+0800][gc,stats    ]       Phase: Concurrent Mark Free                          0.000 / 0.000         0.001 / 0.001         0.001 / 0.001         0.001 / 0.001       ms
[2023-11-16T13:04:18.984+0800][gc,stats    ]       Phase: Concurrent Process Non-Strong References      0.000 / 0.000         2.435 / 2.758         2.435 / 2.758         2.435 / 2.758       ms
[2023-11-16T13:04:18.984+0800][gc,stats    ]       Phase: Concurrent Relocate                           0.000 / 0.000         2.928 / 3.220         2.928 / 3.220         2.928 / 3.220       ms
[2023-11-16T13:04:18.984+0800][gc,stats    ]       Phase: Concurrent Reset Relocation Set               0.000 / 0.000         0.003 / 0.006         0.003 / 0.006         0.003 / 0.006       ms
[2023-11-16T13:04:18.984+0800][gc,stats    ]       Phase: Concurrent Select Relocation Set              0.000 / 0.000         5.767 / 9.539         5.767 / 9.539         5.767 / 9.539       ms
[2023-11-16T13:04:18.984+0800][gc,stats    ]       Phase: Pause Mark End                                0.000 / 0.000         0.023 / 0.026         0.023 / 0.026         0.023 / 0.026       ms
[2023-11-16T13:04:18.984+0800][gc,stats    ]       Phase: Pause Mark Start                              0.000 / 0.000         0.010 / 0.014         0.010 / 0.014         0.010 / 0.014       ms
[2023-11-16T13:04:18.984+0800][gc,stats    ]       Phase: Pause Relocate Start                          0.000 / 0.000         0.014 / 0.017         0.014 / 0.017         0.014 / 0.017       ms
[2023-11-16T13:04:18.984+0800][gc,stats    ]    Subphase: Concurrent Classes Purge                      0.000 / 0.000         0.082 / 0.093         0.082 / 0.093         0.082 / 0.093       ms
[2023-11-16T13:04:18.984+0800][gc,stats    ]    Subphase: Concurrent Classes Unlink                     0.000 / 0.000         1.496 / 1.649         1.496 / 1.649         1.496 / 1.649       ms
[2023-11-16T13:04:18.984+0800][gc,stats    ]    Subphase: Concurrent Mark                               0.000 / 0.000        21.597 / 25.992       21.597 / 25.992       21.597 / 25.992      ms
[2023-11-16T13:04:18.984+0800][gc,stats    ]    Subphase: Concurrent Mark Try Flush                     0.000 / 0.000         0.068 / 0.146         0.068 / 0.146         0.068 / 0.146       ms
[2023-11-16T13:04:18.984+0800][gc,stats    ]    Subphase: Concurrent Mark Try Terminate                 0.000 / 0.000         5.693 / 15.474        5.693 / 15.474        5.693 / 15.474      ms
[2023-11-16T13:04:18.984+0800][gc,stats    ]    Subphase: Concurrent References Enqueue                 0.000 / 0.000         0.005 / 0.005         0.005 / 0.005         0.005 / 0.005       ms
[2023-11-16T13:04:18.984+0800][gc,stats    ]    Subphase: Concurrent References Process                 0.000 / 0.000         0.108 / 0.128         0.108 / 0.128         0.108 / 0.128       ms
[2023-11-16T13:04:18.984+0800][gc,stats    ]    Subphase: Concurrent Roots ClassLoaderDataGraph         0.000 / 0.000         0.162 / 0.511         0.162 / 0.511         0.162 / 0.511       ms
[2023-11-16T13:04:18.984+0800][gc,stats    ]    Subphase: Concurrent Roots CodeCache                    0.000 / 0.000         0.000 / 0.000         0.000 / 0.000         0.000 / 0.000       ms
[2023-11-16T13:04:18.984+0800][gc,stats    ]    Subphase: Concurrent Roots JavaThreads                  0.000 / 0.000         0.945 / 1.682         0.945 / 1.682         0.945 / 1.682       ms
[2023-11-16T13:04:18.984+0800][gc,stats    ]    Subphase: Concurrent Roots OopStorageSet                0.000 / 0.000         0.041 / 0.062         0.041 / 0.062         0.041 / 0.062       ms
[2023-11-16T13:04:18.984+0800][gc,stats    ]    Subphase: Concurrent Weak Roots OopStorageSet           0.000 / 0.000         0.514 / 0.770         0.514 / 0.770         0.514 / 0.770       ms
[2023-11-16T13:04:18.984+0800][gc,stats    ]    Subphase: Pause Mark Try Complete                       0.000 / 0.000         0.000 / 0.000         0.000 / 0.000         0.000 / 0.000       ms
[2023-11-16T13:04:18.984+0800][gc,stats    ]      System: Java Threads                                      0 / 0                36 / 51               36 / 51               36 / 51          threads
[2023-11-16T13:04:18.984+0800][gc,stats    ] =========================================================================================================================================================
[2023-11-16T13:04:28.984+0800][gc,stats    ] === Garbage Collection Statistics =======================================================================================================================
[2023-11-16T13:04:28.984+0800][gc,stats    ]                                                              Last 10s              Last 10m              Last 10h                Total
[2023-11-16T13:04:28.984+0800][gc,stats    ]                                                              Avg / Max             Avg / Max             Avg / Max             Avg / Max
[2023-11-16T13:04:28.984+0800][gc,stats    ]   Collector: Garbage Collection Cycle                      0.000 / 0.000        42.450 / 42.489       42.450 / 42.489       42.450 / 42.489      ms
[2023-11-16T13:04:28.984+0800][gc,stats    ]  Contention: Mark Segment Reset Contention                     0 / 0                 0 / 2                 0 / 2                 0 / 2           ops/s
[2023-11-16T13:04:28.984+0800][gc,stats    ]  Contention: Mark SeqNum Reset Contention                      0 / 0                 0 / 1                 0 / 1                 0 / 1           ops/s
[2023-11-16T13:04:28.984+0800][gc,stats    ]    Critical: Allocation Stall                                  0 / 0                 0 / 0                 0 / 0                 0 / 0           ops/s
[2023-11-16T13:04:28.984+0800][gc,stats    ]    Critical: Allocation Stall                              0.000 / 0.000         0.000 / 0.000         0.000 / 0.000         0.000 / 0.000       ms
[2023-11-16T13:04:28.984+0800][gc,stats    ]    Critical: GC Locker Stall                                   0 / 0                 0 / 0                 0 / 0                 0 / 0           ops/s
[2023-11-16T13:04:28.984+0800][gc,stats    ]    Critical: GC Locker Stall                               0.000 / 0.000         0.000 / 0.000         0.000 / 0.000         0.000 / 0.000       ms
[2023-11-16T13:04:28.984+0800][gc,stats    ]    Critical: Relocation Stall                                  0 / 0                 0 / 0                 0 / 0                 0 / 0           ops/s
[2023-11-16T13:04:28.984+0800][gc,stats    ]    Critical: Relocation Stall                              0.000 / 0.000         0.000 / 0.000         0.000 / 0.000         0.000 / 0.000       ms
[2023-11-16T13:04:28.984+0800][gc,stats    ]      Memory: Allocation Rate                                   0 / 0                 3 / 96                3 / 96                3 / 96          MB/s
[2023-11-16T13:04:28.984+0800][gc,stats    ]      Memory: Defragment                                        0 / 0                 0 / 0                 0 / 0                 0 / 0           ops/s
[2023-11-16T13:04:28.984+0800][gc,stats    ]      Memory: Out Of Memory                                     0 / 0                 0 / 0                 0 / 0                 0 / 0           ops/s
[2023-11-16T13:04:28.984+0800][gc,stats    ]      Memory: Page Cache Flush                                  0 / 0                 0 / 0                 0 / 0                 0 / 0           MB/s
[2023-11-16T13:04:28.984+0800][gc,stats    ]      Memory: Page Cache Hit L1                                 0 / 0                 0 / 38                0 / 38                0 / 38          ops/s
[2023-11-16T13:04:28.984+0800][gc,stats    ]      Memory: Page Cache Hit L2                                 0 / 0                 0 / 0                 0 / 0                 0 / 0           ops/s
[2023-11-16T13:04:28.984+0800][gc,stats    ]      Memory: Page Cache Hit L3                                 0 / 0                 0 / 48                0 / 48                0 / 48          ops/s
[2023-11-16T13:04:28.984+0800][gc,stats    ]      Memory: Page Cache Miss                                   0 / 0                 0 / 1                 0 / 1                 0 / 1           ops/s
[2023-11-16T13:04:28.984+0800][gc,stats    ]      Memory: Uncommit                                          0 / 0                 0 / 0                 0 / 0                 0 / 0           MB/s
[2023-11-16T13:04:28.984+0800][gc,stats    ]      Memory: Undo Object Allocation Failed                     0 / 0                 0 / 0                 0 / 0                 0 / 0           ops/s
[2023-11-16T13:04:28.984+0800][gc,stats    ]      Memory: Undo Object Allocation Succeeded                  0 / 0                 0 / 0                 0 / 0                 0 / 0           ops/s
[2023-11-16T13:04:28.984+0800][gc,stats    ]      Memory: Undo Page Allocation                              0 / 0                 0 / 0                 0 / 0                 0 / 0           ops/s
[2023-11-16T13:04:28.984+0800][gc,stats    ]       Phase: Concurrent Mark                               0.000 / 0.000        25.401 / 26.782       25.401 / 26.782       25.401 / 26.782      ms
[2023-11-16T13:04:28.984+0800][gc,stats    ]       Phase: Concurrent Mark Continue                      0.000 / 0.000         0.000 / 0.000         0.000 / 0.000         0.000 / 0.000       ms
[2023-11-16T13:04:28.984+0800][gc,stats    ]       Phase: Concurrent Mark Free                          0.000 / 0.000         0.001 / 0.001         0.001 / 0.001         0.001 / 0.001       ms
[2023-11-16T13:04:28.984+0800][gc,stats    ]       Phase: Concurrent Process Non-Strong References      0.000 / 0.000         2.435 / 2.758         2.435 / 2.758         2.435 / 2.758       ms
[2023-11-16T13:04:28.984+0800][gc,stats    ]       Phase: Concurrent Relocate                           0.000 / 0.000         2.928 / 3.220         2.928 / 3.220         2.928 / 3.220       ms
[2023-11-16T13:04:28.984+0800][gc,stats    ]       Phase: Concurrent Reset Relocation Set               0.000 / 0.000         0.003 / 0.006         0.003 / 0.006         0.003 / 0.006       ms
[2023-11-16T13:04:28.984+0800][gc,stats    ]       Phase: Concurrent Select Relocation Set              0.000 / 0.000         5.767 / 9.539         5.767 / 9.539         5.767 / 9.539       ms
[2023-11-16T13:04:28.984+0800][gc,stats    ]       Phase: Pause Mark End                                0.000 / 0.000         0.023 / 0.026         0.023 / 0.026         0.023 / 0.026       ms
[2023-11-16T13:04:28.984+0800][gc,stats    ]       Phase: Pause Mark Start                              0.000 / 0.000         0.010 / 0.014         0.010 / 0.014         0.010 / 0.014       ms
[2023-11-16T13:04:28.984+0800][gc,stats    ]       Phase: Pause Relocate Start                          0.000 / 0.000         0.014 / 0.017         0.014 / 0.017         0.014 / 0.017       ms
[2023-11-16T13:04:28.984+0800][gc,stats    ]    Subphase: Concurrent Classes Purge                      0.000 / 0.000         0.082 / 0.093         0.082 / 0.093         0.082 / 0.093       ms
[2023-11-16T13:04:28.984+0800][gc,stats    ]    Subphase: Concurrent Classes Unlink                     0.000 / 0.000         1.496 / 1.649         1.496 / 1.649         1.496 / 1.649       ms
[2023-11-16T13:04:28.984+0800][gc,stats    ]    Subphase: Concurrent Mark                               0.000 / 0.000        21.597 / 25.992       21.597 / 25.992       21.597 / 25.992      ms
[2023-11-16T13:04:28.984+0800][gc,stats    ]    Subphase: Concurrent Mark Try Flush                     0.000 / 0.000         0.068 / 0.146         0.068 / 0.146         0.068 / 0.146       ms
[2023-11-16T13:04:28.984+0800][gc,stats    ]    Subphase: Concurrent Mark Try Terminate                 0.000 / 0.000         5.693 / 15.474        5.693 / 15.474        5.693 / 15.474      ms
[2023-11-16T13:04:28.984+0800][gc,stats    ]    Subphase: Concurrent References Enqueue                 0.000 / 0.000         0.005 / 0.005         0.005 / 0.005         0.005 / 0.005       ms
[2023-11-16T13:04:28.984+0800][gc,stats    ]    Subphase: Concurrent References Process                 0.000 / 0.000         0.108 / 0.128         0.108 / 0.128         0.108 / 0.128       ms
[2023-11-16T13:04:28.984+0800][gc,stats    ]    Subphase: Concurrent Roots ClassLoaderDataGraph         0.000 / 0.000         0.162 / 0.511         0.162 / 0.511         0.162 / 0.511       ms
[2023-11-16T13:04:28.984+0800][gc,stats    ]    Subphase: Concurrent Roots CodeCache                    0.000 / 0.000         0.000 / 0.000         0.000 / 0.000         0.000 / 0.000       ms
[2023-11-16T13:04:28.984+0800][gc,stats    ]    Subphase: Concurrent Roots JavaThreads                  0.000 / 0.000         0.945 / 1.682         0.945 / 1.682         0.945 / 1.682       ms
[2023-11-16T13:04:28.984+0800][gc,stats    ]    Subphase: Concurrent Roots OopStorageSet                0.000 / 0.000         0.041 / 0.062         0.041 / 0.062         0.041 / 0.062       ms
[2023-11-16T13:04:28.984+0800][gc,stats    ]    Subphase: Concurrent Weak Roots OopStorageSet           0.000 / 0.000         0.514 / 0.770         0.514 / 0.770         0.514 / 0.770       ms
[2023-11-16T13:04:28.984+0800][gc,stats    ]    Subphase: Pause Mark Try Complete                       0.000 / 0.000         0.000 / 0.000         0.000 / 0.000         0.000 / 0.000       ms
[2023-11-16T13:04:28.984+0800][gc,stats    ]      System: Java Threads                                      0 / 0                36 / 51               36 / 51               36 / 51          threads
[2023-11-16T13:04:28.984+0800][gc,stats    ] =========================================================================================================================================================
[2023-11-16T13:04:38.984+0800][gc,stats    ] === Garbage Collection Statistics =======================================================================================================================
[2023-11-16T13:04:38.984+0800][gc,stats    ]                                                              Last 10s              Last 10m              Last 10h                Total
[2023-11-16T13:04:38.984+0800][gc,stats    ]                                                              Avg / Max             Avg / Max             Avg / Max             Avg / Max
[2023-11-16T13:04:38.984+0800][gc,stats    ]   Collector: Garbage Collection Cycle                      0.000 / 0.000        42.450 / 42.489       42.450 / 42.489       42.450 / 42.489      ms
[2023-11-16T13:04:38.984+0800][gc,stats    ]  Contention: Mark Segment Reset Contention                     0 / 0                 0 / 2                 0 / 2                 0 / 2           ops/s
[2023-11-16T13:04:38.984+0800][gc,stats    ]  Contention: Mark SeqNum Reset Contention                      0 / 0                 0 / 1                 0 / 1                 0 / 1           ops/s
[2023-11-16T13:04:38.984+0800][gc,stats    ]    Critical: Allocation Stall                                  0 / 0                 0 / 0                 0 / 0                 0 / 0           ops/s
[2023-11-16T13:04:38.984+0800][gc,stats    ]    Critical: Allocation Stall                              0.000 / 0.000         0.000 / 0.000         0.000 / 0.000         0.000 / 0.000       ms
[2023-11-16T13:04:38.984+0800][gc,stats    ]    Critical: GC Locker Stall                                   0 / 0                 0 / 0                 0 / 0                 0 / 0           ops/s
[2023-11-16T13:04:38.984+0800][gc,stats    ]    Critical: GC Locker Stall                               0.000 / 0.000         0.000 / 0.000         0.000 / 0.000         0.000 / 0.000       ms
[2023-11-16T13:04:38.984+0800][gc,stats    ]    Critical: Relocation Stall                                  0 / 0                 0 / 0                 0 / 0                 0 / 0           ops/s
[2023-11-16T13:04:38.984+0800][gc,stats    ]    Critical: Relocation Stall                              0.000 / 0.000         0.000 / 0.000         0.000 / 0.000         0.000 / 0.000       ms
[2023-11-16T13:04:38.984+0800][gc,stats    ]      Memory: Allocation Rate                                   0 / 2                 3 / 96                3 / 96                3 / 96          MB/s
[2023-11-16T13:04:38.984+0800][gc,stats    ]      Memory: Defragment                                        0 / 0                 0 / 0                 0 / 0                 0 / 0           ops/s
[2023-11-16T13:04:38.984+0800][gc,stats    ]      Memory: Out Of Memory                                     0 / 0                 0 / 0                 0 / 0                 0 / 0           ops/s
[2023-11-16T13:04:38.984+0800][gc,stats    ]      Memory: Page Cache Flush                                  0 / 0                 0 / 0                 0 / 0                 0 / 0           MB/s
[2023-11-16T13:04:38.984+0800][gc,stats    ]      Memory: Page Cache Hit L1                                 0 / 1                 0 / 38                0 / 38                0 / 38          ops/s
[2023-11-16T13:04:38.984+0800][gc,stats    ]      Memory: Page Cache Hit L2                                 0 / 0                 0 / 0                 0 / 0                 0 / 0           ops/s
[2023-11-16T13:04:38.984+0800][gc,stats    ]      Memory: Page Cache Hit L3                                 0 / 0                 0 / 48                0 / 48                0 / 48          ops/s
[2023-11-16T13:04:38.984+0800][gc,stats    ]      Memory: Page Cache Miss                                   0 / 0                 0 / 1                 0 / 1                 0 / 1           ops/s
[2023-11-16T13:04:38.984+0800][gc,stats    ]      Memory: Uncommit                                          0 / 0                 0 / 0                 0 / 0                 0 / 0           MB/s
[2023-11-16T13:04:38.984+0800][gc,stats    ]      Memory: Undo Object Allocation Failed                     0 / 0                 0 / 0                 0 / 0                 0 / 0           ops/s
[2023-11-16T13:04:38.984+0800][gc,stats    ]      Memory: Undo Object Allocation Succeeded                  0 / 0                 0 / 0                 0 / 0                 0 / 0           ops/s
[2023-11-16T13:04:38.984+0800][gc,stats    ]      Memory: Undo Page Allocation                              0 / 0                 0 / 0                 0 / 0                 0 / 0           ops/s
[2023-11-16T13:04:38.984+0800][gc,stats    ]       Phase: Concurrent Mark                               0.000 / 0.000        25.401 / 26.782       25.401 / 26.782       25.401 / 26.782      ms
[2023-11-16T13:04:38.984+0800][gc,stats    ]       Phase: Concurrent Mark Continue                      0.000 / 0.000         0.000 / 0.000         0.000 / 0.000         0.000 / 0.000       ms
[2023-11-16T13:04:38.984+0800][gc,stats    ]       Phase: Concurrent Mark Free                          0.000 / 0.000         0.001 / 0.001         0.001 / 0.001         0.001 / 0.001       ms
[2023-11-16T13:04:38.984+0800][gc,stats    ]       Phase: Concurrent Process Non-Strong References      0.000 / 0.000         2.435 / 2.758         2.435 / 2.758         2.435 / 2.758       ms
[2023-11-16T13:04:38.984+0800][gc,stats    ]       Phase: Concurrent Relocate                           0.000 / 0.000         2.928 / 3.220         2.928 / 3.220         2.928 / 3.220       ms
[2023-11-16T13:04:38.984+0800][gc,stats    ]       Phase: Concurrent Reset Relocation Set               0.000 / 0.000         0.003 / 0.006         0.003 / 0.006         0.003 / 0.006       ms
[2023-11-16T13:04:38.984+0800][gc,stats    ]       Phase: Concurrent Select Relocation Set              0.000 / 0.000         5.767 / 9.539         5.767 / 9.539         5.767 / 9.539       ms
[2023-11-16T13:04:38.984+0800][gc,stats    ]       Phase: Pause Mark End                                0.000 / 0.000         0.023 / 0.026         0.023 / 0.026         0.023 / 0.026       ms
[2023-11-16T13:04:38.984+0800][gc,stats    ]       Phase: Pause Mark Start                              0.000 / 0.000         0.010 / 0.014         0.010 / 0.014         0.010 / 0.014       ms
[2023-11-16T13:04:38.984+0800][gc,stats    ]       Phase: Pause Relocate Start                          0.000 / 0.000         0.014 / 0.017         0.014 / 0.017         0.014 / 0.017       ms
[2023-11-16T13:04:38.984+0800][gc,stats    ]    Subphase: Concurrent Classes Purge                      0.000 / 0.000         0.082 / 0.093         0.082 / 0.093         0.082 / 0.093       ms
[2023-11-16T13:04:38.984+0800][gc,stats    ]    Subphase: Concurrent Classes Unlink                     0.000 / 0.000         1.496 / 1.649         1.496 / 1.649         1.496 / 1.649       ms
[2023-11-16T13:04:38.984+0800][gc,stats    ]    Subphase: Concurrent Mark                               0.000 / 0.000        21.597 / 25.992       21.597 / 25.992       21.597 / 25.992      ms
[2023-11-16T13:04:38.984+0800][gc,stats    ]    Subphase: Concurrent Mark Try Flush                     0.000 / 0.000         0.068 / 0.146         0.068 / 0.146         0.068 / 0.146       ms
[2023-11-16T13:04:38.984+0800][gc,stats    ]    Subphase: Concurrent Mark Try Terminate                 0.000 / 0.000         5.693 / 15.474        5.693 / 15.474        5.693 / 15.474      ms
[2023-11-16T13:04:38.984+0800][gc,stats    ]    Subphase: Concurrent References Enqueue                 0.000 / 0.000         0.005 / 0.005         0.005 / 0.005         0.005 / 0.005       ms
[2023-11-16T13:04:38.984+0800][gc,stats    ]    Subphase: Concurrent References Process                 0.000 / 0.000         0.108 / 0.128         0.108 / 0.128         0.108 / 0.128       ms
[2023-11-16T13:04:38.984+0800][gc,stats    ]    Subphase: Concurrent Roots ClassLoaderDataGraph         0.000 / 0.000         0.162 / 0.511         0.162 / 0.511         0.162 / 0.511       ms
[2023-11-16T13:04:38.984+0800][gc,stats    ]    Subphase: Concurrent Roots CodeCache                    0.000 / 0.000         0.000 / 0.000         0.000 / 0.000         0.000 / 0.000       ms
[2023-11-16T13:04:38.984+0800][gc,stats    ]    Subphase: Concurrent Roots JavaThreads                  0.000 / 0.000         0.945 / 1.682         0.945 / 1.682         0.945 / 1.682       ms
[2023-11-16T13:04:38.984+0800][gc,stats    ]    Subphase: Concurrent Roots OopStorageSet                0.000 / 0.000         0.041 / 0.062         0.041 / 0.062         0.041 / 0.062       ms
[2023-11-16T13:04:38.984+0800][gc,stats    ]    Subphase: Concurrent Weak Roots OopStorageSet           0.000 / 0.000         0.514 / 0.770         0.514 / 0.770         0.514 / 0.770       ms
[2023-11-16T13:04:38.984+0800][gc,stats    ]    Subphase: Pause Mark Try Complete                       0.000 / 0.000         0.000 / 0.000         0.000 / 0.000         0.000 / 0.000       ms
[2023-11-16T13:04:38.984+0800][gc,stats    ]      System: Java Threads                                      0 / 0                36 / 51               36 / 51               36 / 51          threads
[2023-11-16T13:04:38.984+0800][gc,stats    ] =========================================================================================================================================================
[2023-11-16T13:04:48.984+0800][gc,stats    ] === Garbage Collection Statistics =======================================================================================================================
[2023-11-16T13:04:48.984+0800][gc,stats    ]                                                              Last 10s              Last 10m              Last 10h                Total
[2023-11-16T13:04:48.984+0800][gc,stats    ]                                                              Avg / Max             Avg / Max             Avg / Max             Avg / Max
[2023-11-16T13:04:48.984+0800][gc,stats    ]   Collector: Garbage Collection Cycle                      0.000 / 0.000        42.450 / 42.489       42.450 / 42.489       42.450 / 42.489      ms
[2023-11-16T13:04:48.984+0800][gc,stats    ]  Contention: Mark Segment Reset Contention                     0 / 0                 0 / 2                 0 / 2                 0 / 2           ops/s
[2023-11-16T13:04:48.984+0800][gc,stats    ]  Contention: Mark SeqNum Reset Contention                      0 / 0                 0 / 1                 0 / 1                 0 / 1           ops/s
[2023-11-16T13:04:48.984+0800][gc,stats    ]    Critical: Allocation Stall                                  0 / 0                 0 / 0                 0 / 0                 0 / 0           ops/s
[2023-11-16T13:04:48.984+0800][gc,stats    ]    Critical: Allocation Stall                              0.000 / 0.000         0.000 / 0.000         0.000 / 0.000         0.000 / 0.000       ms
[2023-11-16T13:04:48.984+0800][gc,stats    ]    Critical: GC Locker Stall                                   0 / 0                 0 / 0                 0 / 0                 0 / 0           ops/s
[2023-11-16T13:04:48.984+0800][gc,stats    ]    Critical: GC Locker Stall                               0.000 / 0.000         0.000 / 0.000         0.000 / 0.000         0.000 / 0.000       ms
[2023-11-16T13:04:48.984+0800][gc,stats    ]    Critical: Relocation Stall                                  0 / 0                 0 / 0                 0 / 0                 0 / 0           ops/s
[2023-11-16T13:04:48.984+0800][gc,stats    ]    Critical: Relocation Stall                              0.000 / 0.000         0.000 / 0.000         0.000 / 0.000         0.000 / 0.000       ms
[2023-11-16T13:04:48.984+0800][gc,stats    ]      Memory: Allocation Rate                                   0 / 0                 3 / 96                3 / 96                3 / 96          MB/s
[2023-11-16T13:04:48.984+0800][gc,stats    ]      Memory: Defragment                                        0 / 0                 0 / 0                 0 / 0                 0 / 0           ops/s
[2023-11-16T13:04:48.984+0800][gc,stats    ]      Memory: Out Of Memory                                     0 / 0                 0 / 0                 0 / 0                 0 / 0           ops/s
[2023-11-16T13:04:48.984+0800][gc,stats    ]      Memory: Page Cache Flush                                  0 / 0                 0 / 0                 0 / 0                 0 / 0           MB/s
[2023-11-16T13:04:48.984+0800][gc,stats    ]      Memory: Page Cache Hit L1                                 0 / 0                 0 / 38                0 / 38                0 / 38          ops/s
[2023-11-16T13:04:48.984+0800][gc,stats    ]      Memory: Page Cache Hit L2                                 0 / 0                 0 / 0                 0 / 0                 0 / 0           ops/s
[2023-11-16T13:04:48.984+0800][gc,stats    ]      Memory: Page Cache Hit L3                                 0 / 0                 0 / 48                0 / 48                0 / 48          ops/s
[2023-11-16T13:04:48.984+0800][gc,stats    ]      Memory: Page Cache Miss                                   0 / 0                 0 / 1                 0 / 1                 0 / 1           ops/s
[2023-11-16T13:04:48.984+0800][gc,stats    ]      Memory: Uncommit                                          0 / 0                 0 / 0                 0 / 0                 0 / 0           MB/s
[2023-11-16T13:04:48.984+0800][gc,stats    ]      Memory: Undo Object Allocation Failed                     0 / 0                 0 / 0                 0 / 0                 0 / 0           ops/s
[2023-11-16T13:04:48.984+0800][gc,stats    ]      Memory: Undo Object Allocation Succeeded                  0 / 0                 0 / 0                 0 / 0                 0 / 0           ops/s
[2023-11-16T13:04:48.984+0800][gc,stats    ]      Memory: Undo Page Allocation                              0 / 0                 0 / 0                 0 / 0                 0 / 0           ops/s
[2023-11-16T13:04:48.984+0800][gc,stats    ]       Phase: Concurrent Mark                               0.000 / 0.000        25.401 / 26.782       25.401 / 26.782       25.401 / 26.782      ms
[2023-11-16T13:04:48.984+0800][gc,stats    ]       Phase: Concurrent Mark Continue                      0.000 / 0.000         0.000 / 0.000         0.000 / 0.000         0.000 / 0.000       ms
[2023-11-16T13:04:48.984+0800][gc,stats    ]       Phase: Concurrent Mark Free                          0.000 / 0.000         0.001 / 0.001         0.001 / 0.001         0.001 / 0.001       ms
[2023-11-16T13:04:48.984+0800][gc,stats    ]       Phase: Concurrent Process Non-Strong References      0.000 / 0.000         2.435 / 2.758         2.435 / 2.758         2.435 / 2.758       ms
[2023-11-16T13:04:48.984+0800][gc,stats    ]       Phase: Concurrent Relocate                           0.000 / 0.000         2.928 / 3.220         2.928 / 3.220         2.928 / 3.220       ms
[2023-11-16T13:04:48.984+0800][gc,stats    ]       Phase: Concurrent Reset Relocation Set               0.000 / 0.000         0.003 / 0.006         0.003 / 0.006         0.003 / 0.006       ms
[2023-11-16T13:04:48.984+0800][gc,stats    ]       Phase: Concurrent Select Relocation Set              0.000 / 0.000         5.767 / 9.539         5.767 / 9.539         5.767 / 9.539       ms
[2023-11-16T13:04:48.984+0800][gc,stats    ]       Phase: Pause Mark End                                0.000 / 0.000         0.023 / 0.026         0.023 / 0.026         0.023 / 0.026       ms
[2023-11-16T13:04:48.984+0800][gc,stats    ]       Phase: Pause Mark Start                              0.000 / 0.000         0.010 / 0.014         0.010 / 0.014         0.010 / 0.014       ms
[2023-11-16T13:04:48.984+0800][gc,stats    ]       Phase: Pause Relocate Start                          0.000 / 0.000         0.014 / 0.017         0.014 / 0.017         0.014 / 0.017       ms
[2023-11-16T13:04:48.984+0800][gc,stats    ]    Subphase: Concurrent Classes Purge                      0.000 / 0.000         0.082 / 0.093         0.082 / 0.093         0.082 / 0.093       ms
[2023-11-16T13:04:48.984+0800][gc,stats    ]    Subphase: Concurrent Classes Unlink                     0.000 / 0.000         1.496 / 1.649         1.496 / 1.649         1.496 / 1.649       ms
[2023-11-16T13:04:48.984+0800][gc,stats    ]    Subphase: Concurrent Mark                               0.000 / 0.000        21.597 / 25.992       21.597 / 25.992       21.597 / 25.992      ms
[2023-11-16T13:04:48.984+0800][gc,stats    ]    Subphase: Concurrent Mark Try Flush                     0.000 / 0.000         0.068 / 0.146         0.068 / 0.146         0.068 / 0.146       ms
[2023-11-16T13:04:48.984+0800][gc,stats    ]    Subphase: Concurrent Mark Try Terminate                 0.000 / 0.000         5.693 / 15.474        5.693 / 15.474        5.693 / 15.474      ms
[2023-11-16T13:04:48.984+0800][gc,stats    ]    Subphase: Concurrent References Enqueue                 0.000 / 0.000         0.005 / 0.005         0.005 / 0.005         0.005 / 0.005       ms
[2023-11-16T13:04:48.984+0800][gc,stats    ]    Subphase: Concurrent References Process                 0.000 / 0.000         0.108 / 0.128         0.108 / 0.128         0.108 / 0.128       ms
[2023-11-16T13:04:48.984+0800][gc,stats    ]    Subphase: Concurrent Roots ClassLoaderDataGraph         0.000 / 0.000         0.162 / 0.511         0.162 / 0.511         0.162 / 0.511       ms
[2023-11-16T13:04:48.984+0800][gc,stats    ]    Subphase: Concurrent Roots CodeCache                    0.000 / 0.000         0.000 / 0.000         0.000 / 0.000         0.000 / 0.000       ms
[2023-11-16T13:04:48.984+0800][gc,stats    ]    Subphase: Concurrent Roots JavaThreads                  0.000 / 0.000         0.945 / 1.682         0.945 / 1.682         0.945 / 1.682       ms
[2023-11-16T13:04:48.984+0800][gc,stats    ]    Subphase: Concurrent Roots OopStorageSet                0.000 / 0.000         0.041 / 0.062         0.041 / 0.062         0.041 / 0.062       ms
[2023-11-16T13:04:48.984+0800][gc,stats    ]    Subphase: Concurrent Weak Roots OopStorageSet           0.000 / 0.000         0.514 / 0.770         0.514 / 0.770         0.514 / 0.770       ms
[2023-11-16T13:04:48.984+0800][gc,stats    ]    Subphase: Pause Mark Try Complete                       0.000 / 0.000         0.000 / 0.000         0.000 / 0.000         0.000 / 0.000       ms
[2023-11-16T13:04:48.984+0800][gc,stats    ]      System: Java Threads                                      0 / 0                36 / 51               36 / 51               36 / 51          threads
[2023-11-16T13:04:48.984+0800][gc,stats    ] =========================================================================================================================================================
[2023-11-16T13:04:58.995+0800][gc,stats    ] === Garbage Collection Statistics =======================================================================================================================
[2023-11-16T13:04:58.995+0800][gc,stats    ]                                                              Last 10s              Last 10m              Last 10h                Total
[2023-11-16T13:04:58.995+0800][gc,stats    ]                                                              Avg / Max             Avg / Max             Avg / Max             Avg / Max
[2023-11-16T13:04:58.995+0800][gc,stats    ]   Collector: Garbage Collection Cycle                      0.000 / 0.000        42.450 / 42.489       42.450 / 42.489       42.450 / 42.489      ms
[2023-11-16T13:04:58.995+0800][gc,stats    ]  Contention: Mark Segment Reset Contention                     0 / 0                 0 / 2                 0 / 2                 0 / 2           ops/s
[2023-11-16T13:04:58.995+0800][gc,stats    ]  Contention: Mark SeqNum Reset Contention                      0 / 0                 0 / 1                 0 / 1                 0 / 1           ops/s
[2023-11-16T13:04:58.995+0800][gc,stats    ]    Critical: Allocation Stall                                  0 / 0                 0 / 0                 0 / 0                 0 / 0           ops/s
[2023-11-16T13:04:58.995+0800][gc,stats    ]    Critical: Allocation Stall                              0.000 / 0.000         0.000 / 0.000         0.000 / 0.000         0.000 / 0.000       ms
[2023-11-16T13:04:58.995+0800][gc,stats    ]    Critical: GC Locker Stall                                   0 / 0                 0 / 0                 0 / 0                 0 / 0           ops/s
[2023-11-16T13:04:58.995+0800][gc,stats    ]    Critical: GC Locker Stall                               0.000 / 0.000         0.000 / 0.000         0.000 / 0.000         0.000 / 0.000       ms
[2023-11-16T13:04:58.995+0800][gc,stats    ]    Critical: Relocation Stall                                  0 / 0                 0 / 0                 0 / 0                 0 / 0           ops/s
[2023-11-16T13:04:58.995+0800][gc,stats    ]    Critical: Relocation Stall                              0.000 / 0.000         0.000 / 0.000         0.000 / 0.000         0.000 / 0.000       ms
[2023-11-16T13:04:58.995+0800][gc,stats    ]      Memory: Allocation Rate                                   0 / 0                 2 / 96                2 / 96                2 / 96          MB/s
[2023-11-16T13:04:58.995+0800][gc,stats    ]      Memory: Defragment                                        0 / 0                 0 / 0                 0 / 0                 0 / 0           ops/s
[2023-11-16T13:04:58.995+0800][gc,stats    ]      Memory: Out Of Memory                                     0 / 0                 0 / 0                 0 / 0                 0 / 0           ops/s
[2023-11-16T13:04:58.995+0800][gc,stats    ]      Memory: Page Cache Flush                                  0 / 0                 0 / 0                 0 / 0                 0 / 0           MB/s
[2023-11-16T13:04:58.995+0800][gc,stats    ]      Memory: Page Cache Hit L1                                 0 / 0                 0 / 38                0 / 38                0 / 38          ops/s
[2023-11-16T13:04:58.995+0800][gc,stats    ]      Memory: Page Cache Hit L2                                 0 / 0                 0 / 0                 0 / 0                 0 / 0           ops/s
[2023-11-16T13:04:58.995+0800][gc,stats    ]      Memory: Page Cache Hit L3                                 0 / 0                 0 / 48                0 / 48                0 / 48          ops/s
[2023-11-16T13:04:58.995+0800][gc,stats    ]      Memory: Page Cache Miss                                   0 / 0                 0 / 1                 0 / 1                 0 / 1           ops/s
[2023-11-16T13:04:58.995+0800][gc,stats    ]      Memory: Uncommit                                          0 / 0                 0 / 0                 0 / 0                 0 / 0           MB/s
[2023-11-16T13:04:58.995+0800][gc,stats    ]      Memory: Undo Object Allocation Failed                     0 / 0                 0 / 0                 0 / 0                 0 / 0           ops/s
[2023-11-16T13:04:58.995+0800][gc,stats    ]      Memory: Undo Object Allocation Succeeded                  0 / 0                 0 / 0                 0 / 0                 0 / 0           ops/s
[2023-11-16T13:04:58.995+0800][gc,stats    ]      Memory: Undo Page Allocation                              0 / 0                 0 / 0                 0 / 0                 0 / 0           ops/s
[2023-11-16T13:04:58.995+0800][gc,stats    ]       Phase: Concurrent Mark                               0.000 / 0.000        25.401 / 26.782       25.401 / 26.782       25.401 / 26.782      ms
[2023-11-16T13:04:58.995+0800][gc,stats    ]       Phase: Concurrent Mark Continue                      0.000 / 0.000         0.000 / 0.000         0.000 / 0.000         0.000 / 0.000       ms
[2023-11-16T13:04:58.995+0800][gc,stats    ]       Phase: Concurrent Mark Free                          0.000 / 0.000         0.001 / 0.001         0.001 / 0.001         0.001 / 0.001       ms
[2023-11-16T13:04:58.995+0800][gc,stats    ]       Phase: Concurrent Process Non-Strong References      0.000 / 0.000         2.435 / 2.758         2.435 / 2.758         2.435 / 2.758       ms
[2023-11-16T13:04:58.995+0800][gc,stats    ]       Phase: Concurrent Relocate                           0.000 / 0.000         2.928 / 3.220         2.928 / 3.220         2.928 / 3.220       ms
[2023-11-16T13:04:58.995+0800][gc,stats    ]       Phase: Concurrent Reset Relocation Set               0.000 / 0.000         0.003 / 0.006         0.003 / 0.006         0.003 / 0.006       ms
[2023-11-16T13:04:58.995+0800][gc,stats    ]       Phase: Concurrent Select Relocation Set              0.000 / 0.000         5.767 / 9.539         5.767 / 9.539         5.767 / 9.539       ms
[2023-11-16T13:04:58.995+0800][gc,stats    ]       Phase: Pause Mark End                                0.000 / 0.000         0.023 / 0.026         0.023 / 0.026         0.023 / 0.026       ms
[2023-11-16T13:04:58.995+0800][gc,stats    ]       Phase: Pause Mark Start                              0.000 / 0.000         0.010 / 0.014         0.010 / 0.014         0.010 / 0.014       ms
[2023-11-16T13:04:58.995+0800][gc,stats    ]       Phase: Pause Relocate Start                          0.000 / 0.000         0.014 / 0.017         0.014 / 0.017         0.014 / 0.017       ms
[2023-11-16T13:04:58.995+0800][gc,stats    ]    Subphase: Concurrent Classes Purge                      0.000 / 0.000         0.082 / 0.093         0.082 / 0.093         0.082 / 0.093       ms
[2023-11-16T13:04:58.995+0800][gc,stats    ]    Subphase: Concurrent Classes Unlink                     0.000 / 0.000         1.496 / 1.649         1.496 / 1.649         1.496 / 1.649       ms
[2023-11-16T13:04:58.995+0800][gc,stats    ]    Subphase: Concurrent Mark                               0.000 / 0.000        21.597 / 25.992       21.597 / 25.992       21.597 / 25.992      ms
[2023-11-16T13:04:58.995+0800][gc,stats    ]    Subphase: Concurrent Mark Try Flush                     0.000 / 0.000         0.068 / 0.146         0.068 / 0.146         0.068 / 0.146       ms
[2023-11-16T13:04:58.995+0800][gc,stats    ]    Subphase: Concurrent Mark Try Terminate                 0.000 / 0.000         5.693 / 15.474        5.693 / 15.474        5.693 / 15.474      ms
[2023-11-16T13:04:58.995+0800][gc,stats    ]    Subphase: Concurrent References Enqueue                 0.000 / 0.000         0.005 / 0.005         0.005 / 0.005         0.005 / 0.005       ms
[2023-11-16T13:04:58.995+0800][gc,stats    ]    Subphase: Concurrent References Process                 0.000 / 0.000         0.108 / 0.128         0.108 / 0.128         0.108 / 0.128       ms
[2023-11-16T13:04:58.995+0800][gc,stats    ]    Subphase: Concurrent Roots ClassLoaderDataGraph         0.000 / 0.000         0.162 / 0.511         0.162 / 0.511         0.162 / 0.511       ms
[2023-11-16T13:04:58.995+0800][gc,stats    ]    Subphase: Concurrent Roots CodeCache                    0.000 / 0.000         0.000 / 0.000         0.000 / 0.000         0.000 / 0.000       ms
[2023-11-16T13:04:58.995+0800][gc,stats    ]    Subphase: Concurrent Roots JavaThreads                  0.000 / 0.000         0.945 / 1.682         0.945 / 1.682         0.945 / 1.682       ms
[2023-11-16T13:04:58.995+0800][gc,stats    ]    Subphase: Concurrent Roots OopStorageSet                0.000 / 0.000         0.041 / 0.062         0.041 / 0.062         0.041 / 0.062       ms
[2023-11-16T13:04:58.995+0800][gc,stats    ]    Subphase: Concurrent Weak Roots OopStorageSet           0.000 / 0.000         0.514 / 0.770         0.514 / 0.770         0.514 / 0.770       ms
[2023-11-16T13:04:58.995+0800][gc,stats    ]    Subphase: Pause Mark Try Complete                       0.000 / 0.000         0.000 / 0.000         0.000 / 0.000         0.000 / 0.000       ms
[2023-11-16T13:04:58.995+0800][gc,stats    ]      System: Java Threads                                      0 / 0                36 / 51               36 / 51               36 / 51          threads
[2023-11-16T13:04:58.995+0800][gc,stats    ] =========================================================================================================================================================
[2023-11-16T13:05:08.984+0800][gc,stats    ] === Garbage Collection Statistics =======================================================================================================================
[2023-11-16T13:05:08.984+0800][gc,stats    ]                                                              Last 10s              Last 10m              Last 10h                Total
[2023-11-16T13:05:08.984+0800][gc,stats    ]                                                              Avg / Max             Avg / Max             Avg / Max             Avg / Max
[2023-11-16T13:05:08.984+0800][gc,stats    ]   Collector: Garbage Collection Cycle                      0.000 / 0.000        42.450 / 42.489       42.450 / 42.489       42.450 / 42.489      ms
[2023-11-16T13:05:08.984+0800][gc,stats    ]  Contention: Mark Segment Reset Contention                     0 / 0                 0 / 2                 0 / 2                 0 / 2           ops/s
[2023-11-16T13:05:08.984+0800][gc,stats    ]  Contention: Mark SeqNum Reset Contention                      0 / 0                 0 / 1                 0 / 1                 0 / 1           ops/s
[2023-11-16T13:05:08.984+0800][gc,stats    ]    Critical: Allocation Stall                                  0 / 0                 0 / 0                 0 / 0                 0 / 0           ops/s
[2023-11-16T13:05:08.984+0800][gc,stats    ]    Critical: Allocation Stall                              0.000 / 0.000         0.000 / 0.000         0.000 / 0.000         0.000 / 0.000       ms
[2023-11-16T13:05:08.984+0800][gc,stats    ]    Critical: GC Locker Stall                                   0 / 0                 0 / 0                 0 / 0                 0 / 0           ops/s
[2023-11-16T13:05:08.984+0800][gc,stats    ]    Critical: GC Locker Stall                               0.000 / 0.000         0.000 / 0.000         0.000 / 0.000         0.000 / 0.000       ms
[2023-11-16T13:05:08.984+0800][gc,stats    ]    Critical: Relocation Stall                                  0 / 0                 0 / 0                 0 / 0                 0 / 0           ops/s
[2023-11-16T13:05:08.984+0800][gc,stats    ]    Critical: Relocation Stall                              0.000 / 0.000         0.000 / 0.000         0.000 / 0.000         0.000 / 0.000       ms
[2023-11-16T13:05:08.984+0800][gc,stats    ]      Memory: Allocation Rate                                   0 / 2                 2 / 96                2 / 96                2 / 96          MB/s
[2023-11-16T13:05:08.984+0800][gc,stats    ]      Memory: Defragment                                        0 / 0                 0 / 0                 0 / 0                 0 / 0           ops/s
[2023-11-16T13:05:08.984+0800][gc,stats    ]      Memory: Out Of Memory                                     0 / 0                 0 / 0                 0 / 0                 0 / 0           ops/s
[2023-11-16T13:05:08.984+0800][gc,stats    ]      Memory: Page Cache Flush                                  0 / 0                 0 / 0                 0 / 0                 0 / 0           MB/s
[2023-11-16T13:05:08.984+0800][gc,stats    ]      Memory: Page Cache Hit L1                                 0 / 1                 0 / 38                0 / 38                0 / 38          ops/s
[2023-11-16T13:05:08.984+0800][gc,stats    ]      Memory: Page Cache Hit L2                                 0 / 0                 0 / 0                 0 / 0                 0 / 0           ops/s
[2023-11-16T13:05:08.984+0800][gc,stats    ]      Memory: Page Cache Hit L3                                 0 / 0                 0 / 48                0 / 48                0 / 48          ops/s
[2023-11-16T13:05:08.984+0800][gc,stats    ]      Memory: Page Cache Miss                                   0 / 0                 0 / 1                 0 / 1                 0 / 1           ops/s
[2023-11-16T13:05:08.984+0800][gc,stats    ]      Memory: Uncommit                                          0 / 0                 0 / 0                 0 / 0                 0 / 0           MB/s
[2023-11-16T13:05:08.984+0800][gc,stats    ]      Memory: Undo Object Allocation Failed                     0 / 0                 0 / 0                 0 / 0                 0 / 0           ops/s
[2023-11-16T13:05:08.984+0800][gc,stats    ]      Memory: Undo Object Allocation Succeeded                  0 / 0                 0 / 0                 0 / 0                 0 / 0           ops/s
[2023-11-16T13:05:08.984+0800][gc,stats    ]      Memory: Undo Page Allocation                              0 / 0                 0 / 0                 0 / 0                 0 / 0           ops/s
[2023-11-16T13:05:08.984+0800][gc,stats    ]       Phase: Concurrent Mark                               0.000 / 0.000        25.401 / 26.782       25.401 / 26.782       25.401 / 26.782      ms
[2023-11-16T13:05:08.984+0800][gc,stats    ]       Phase: Concurrent Mark Continue                      0.000 / 0.000         0.000 / 0.000         0.000 / 0.000         0.000 / 0.000       ms
[2023-11-16T13:05:08.984+0800][gc,stats    ]       Phase: Concurrent Mark Free                          0.000 / 0.000         0.001 / 0.001         0.001 / 0.001         0.001 / 0.001       ms
[2023-11-16T13:05:08.984+0800][gc,stats    ]       Phase: Concurrent Process Non-Strong References      0.000 / 0.000         2.435 / 2.758         2.435 / 2.758         2.435 / 2.758       ms
[2023-11-16T13:05:08.984+0800][gc,stats    ]       Phase: Concurrent Relocate                           0.000 / 0.000         2.928 / 3.220         2.928 / 3.220         2.928 / 3.220       ms
[2023-11-16T13:05:08.984+0800][gc,stats    ]       Phase: Concurrent Reset Relocation Set               0.000 / 0.000         0.003 / 0.006         0.003 / 0.006         0.003 / 0.006       ms
[2023-11-16T13:05:08.984+0800][gc,stats    ]       Phase: Concurrent Select Relocation Set              0.000 / 0.000         5.767 / 9.539         5.767 / 9.539         5.767 / 9.539       ms
[2023-11-16T13:05:08.984+0800][gc,stats    ]       Phase: Pause Mark End                                0.000 / 0.000         0.023 / 0.026         0.023 / 0.026         0.023 / 0.026       ms
[2023-11-16T13:05:08.984+0800][gc,stats    ]       Phase: Pause Mark Start                              0.000 / 0.000         0.010 / 0.014         0.010 / 0.014         0.010 / 0.014       ms
[2023-11-16T13:05:08.984+0800][gc,stats    ]       Phase: Pause Relocate Start                          0.000 / 0.000         0.014 / 0.017         0.014 / 0.017         0.014 / 0.017       ms
[2023-11-16T13:05:08.984+0800][gc,stats    ]    Subphase: Concurrent Classes Purge                      0.000 / 0.000         0.082 / 0.093         0.082 / 0.093         0.082 / 0.093       ms
[2023-11-16T13:05:08.984+0800][gc,stats    ]    Subphase: Concurrent Classes Unlink                     0.000 / 0.000         1.496 / 1.649         1.496 / 1.649         1.496 / 1.649       ms
[2023-11-16T13:05:08.984+0800][gc,stats    ]    Subphase: Concurrent Mark                               0.000 / 0.000        21.597 / 25.992       21.597 / 25.992       21.597 / 25.992      ms
[2023-11-16T13:05:08.984+0800][gc,stats    ]    Subphase: Concurrent Mark Try Flush                     0.000 / 0.000         0.068 / 0.146         0.068 / 0.146         0.068 / 0.146       ms
[2023-11-16T13:05:08.984+0800][gc,stats    ]    Subphase: Concurrent Mark Try Terminate                 0.000 / 0.000         5.693 / 15.474        5.693 / 15.474        5.693 / 15.474      ms
[2023-11-16T13:05:08.984+0800][gc,stats    ]    Subphase: Concurrent References Enqueue                 0.000 / 0.000         0.005 / 0.005         0.005 / 0.005         0.005 / 0.005       ms
[2023-11-16T13:05:08.985+0800][gc,stats    ]    Subphase: Concurrent References Process                 0.000 / 0.000         0.108 / 0.128         0.108 / 0.128         0.108 / 0.128       ms
[2023-11-16T13:05:08.985+0800][gc,stats    ]    Subphase: Concurrent Roots ClassLoaderDataGraph         0.000 / 0.000         0.162 / 0.511         0.162 / 0.511         0.162 / 0.511       ms
[2023-11-16T13:05:08.985+0800][gc,stats    ]    Subphase: Concurrent Roots CodeCache                    0.000 / 0.000         0.000 / 0.000         0.000 / 0.000         0.000 / 0.000       ms
[2023-11-16T13:05:08.985+0800][gc,stats    ]    Subphase: Concurrent Roots JavaThreads                  0.000 / 0.000         0.945 / 1.682         0.945 / 1.682         0.945 / 1.682       ms
[2023-11-16T13:05:08.985+0800][gc,stats    ]    Subphase: Concurrent Roots OopStorageSet                0.000 / 0.000         0.041 / 0.062         0.041 / 0.062         0.041 / 0.062       ms
[2023-11-16T13:05:08.985+0800][gc,stats    ]    Subphase: Concurrent Weak Roots OopStorageSet           0.000 / 0.000         0.514 / 0.770         0.514 / 0.770         0.514 / 0.770       ms
[2023-11-16T13:05:08.985+0800][gc,stats    ]    Subphase: Pause Mark Try Complete                       0.000 / 0.000         0.000 / 0.000         0.000 / 0.000         0.000 / 0.000       ms
[2023-11-16T13:05:08.985+0800][gc,stats    ]      System: Java Threads                                      0 / 0                36 / 51               36 / 51               36 / 51          threads
[2023-11-16T13:05:08.985+0800][gc,stats    ] =========================================================================================================================================================
[2023-11-16T13:05:18.984+0800][gc,stats    ] === Garbage Collection Statistics =======================================================================================================================
[2023-11-16T13:05:18.984+0800][gc,stats    ]                                                              Last 10s              Last 10m              Last 10h                Total
[2023-11-16T13:05:18.984+0800][gc,stats    ]                                                              Avg / Max             Avg / Max             Avg / Max             Avg / Max
[2023-11-16T13:05:18.984+0800][gc,stats    ]   Collector: Garbage Collection Cycle                      0.000 / 0.000        42.450 / 42.489       42.450 / 42.489       42.450 / 42.489      ms
[2023-11-16T13:05:18.984+0800][gc,stats    ]  Contention: Mark Segment Reset Contention                     0 / 0                 0 / 2                 0 / 2                 0 / 2           ops/s
[2023-11-16T13:05:18.984+0800][gc,stats    ]  Contention: Mark SeqNum Reset Contention                      0 / 0                 0 / 1                 0 / 1                 0 / 1           ops/s
[2023-11-16T13:05:18.984+0800][gc,stats    ]    Critical: Allocation Stall                                  0 / 0                 0 / 0                 0 / 0                 0 / 0           ops/s
[2023-11-16T13:05:18.984+0800][gc,stats    ]    Critical: Allocation Stall                              0.000 / 0.000         0.000 / 0.000         0.000 / 0.000         0.000 / 0.000       ms
[2023-11-16T13:05:18.984+0800][gc,stats    ]    Critical: GC Locker Stall                                   0 / 0                 0 / 0                 0 / 0                 0 / 0           ops/s
[2023-11-16T13:05:18.984+0800][gc,stats    ]    Critical: GC Locker Stall                               0.000 / 0.000         0.000 / 0.000         0.000 / 0.000         0.000 / 0.000       ms
[2023-11-16T13:05:18.984+0800][gc,stats    ]    Critical: Relocation Stall                                  0 / 0                 0 / 0                 0 / 0                 0 / 0           ops/s
[2023-11-16T13:05:18.984+0800][gc,stats    ]    Critical: Relocation Stall                              0.000 / 0.000         0.000 / 0.000         0.000 / 0.000         0.000 / 0.000       ms
[2023-11-16T13:05:18.984+0800][gc,stats    ]      Memory: Allocation Rate                                   0 / 0                 2 / 96                2 / 96                2 / 96          MB/s
[2023-11-16T13:05:18.984+0800][gc,stats    ]      Memory: Defragment                                        0 / 0                 0 / 0                 0 / 0                 0 / 0           ops/s
[2023-11-16T13:05:18.984+0800][gc,stats    ]      Memory: Out Of Memory                                     0 / 0                 0 / 0                 0 / 0                 0 / 0           ops/s
[2023-11-16T13:05:18.984+0800][gc,stats    ]      Memory: Page Cache Flush                                  0 / 0                 0 / 0                 0 / 0                 0 / 0           MB/s
[2023-11-16T13:05:18.984+0800][gc,stats    ]      Memory: Page Cache Hit L1                                 0 / 0                 0 / 38                0 / 38                0 / 38          ops/s
[2023-11-16T13:05:18.984+0800][gc,stats    ]      Memory: Page Cache Hit L2                                 0 / 0                 0 / 0                 0 / 0                 0 / 0           ops/s
[2023-11-16T13:05:18.984+0800][gc,stats    ]      Memory: Page Cache Hit L3                                 0 / 0                 0 / 48                0 / 48                0 / 48          ops/s
[2023-11-16T13:05:18.984+0800][gc,stats    ]      Memory: Page Cache Miss                                   0 / 0                 0 / 1                 0 / 1                 0 / 1           ops/s
[2023-11-16T13:05:18.984+0800][gc,stats    ]      Memory: Uncommit                                          0 / 0                 0 / 0                 0 / 0                 0 / 0           MB/s
[2023-11-16T13:05:18.984+0800][gc,stats    ]      Memory: Undo Object Allocation Failed                     0 / 0                 0 / 0                 0 / 0                 0 / 0           ops/s
[2023-11-16T13:05:18.984+0800][gc,stats    ]      Memory: Undo Object Allocation Succeeded                  0 / 0                 0 / 0                 0 / 0                 0 / 0           ops/s
[2023-11-16T13:05:18.984+0800][gc,stats    ]      Memory: Undo Page Allocation                              0 / 0                 0 / 0                 0 / 0                 0 / 0           ops/s
[2023-11-16T13:05:18.984+0800][gc,stats    ]       Phase: Concurrent Mark                               0.000 / 0.000        25.401 / 26.782       25.401 / 26.782       25.401 / 26.782      ms
[2023-11-16T13:05:18.984+0800][gc,stats    ]       Phase: Concurrent Mark Continue                      0.000 / 0.000         0.000 / 0.000         0.000 / 0.000         0.000 / 0.000       ms
[2023-11-16T13:05:18.984+0800][gc,stats    ]       Phase: Concurrent Mark Free                          0.000 / 0.000         0.001 / 0.001         0.001 / 0.001         0.001 / 0.001       ms
[2023-11-16T13:05:18.984+0800][gc,stats    ]       Phase: Concurrent Process Non-Strong References      0.000 / 0.000         2.435 / 2.758         2.435 / 2.758         2.435 / 2.758       ms
[2023-11-16T13:05:18.984+0800][gc,stats    ]       Phase: Concurrent Relocate                           0.000 / 0.000         2.928 / 3.220         2.928 / 3.220         2.928 / 3.220       ms
[2023-11-16T13:05:18.984+0800][gc,stats    ]       Phase: Concurrent Reset Relocation Set               0.000 / 0.000         0.003 / 0.006         0.003 / 0.006         0.003 / 0.006       ms
[2023-11-16T13:05:18.984+0800][gc,stats    ]       Phase: Concurrent Select Relocation Set              0.000 / 0.000         5.767 / 9.539         5.767 / 9.539         5.767 / 9.539       ms
[2023-11-16T13:05:18.984+0800][gc,stats    ]       Phase: Pause Mark End                                0.000 / 0.000         0.023 / 0.026         0.023 / 0.026         0.023 / 0.026       ms
[2023-11-16T13:05:18.984+0800][gc,stats    ]       Phase: Pause Mark Start                              0.000 / 0.000         0.010 / 0.014         0.010 / 0.014         0.010 / 0.014       ms
[2023-11-16T13:05:18.984+0800][gc,stats    ]       Phase: Pause Relocate Start                          0.000 / 0.000         0.014 / 0.017         0.014 / 0.017         0.014 / 0.017       ms
[2023-11-16T13:05:18.984+0800][gc,stats    ]    Subphase: Concurrent Classes Purge                      0.000 / 0.000         0.082 / 0.093         0.082 / 0.093         0.082 / 0.093       ms
[2023-11-16T13:05:18.984+0800][gc,stats    ]    Subphase: Concurrent Classes Unlink                     0.000 / 0.000         1.496 / 1.649         1.496 / 1.649         1.496 / 1.649       ms
[2023-11-16T13:05:18.984+0800][gc,stats    ]    Subphase: Concurrent Mark                               0.000 / 0.000        21.597 / 25.992       21.597 / 25.992       21.597 / 25.992      ms
[2023-11-16T13:05:18.984+0800][gc,stats    ]    Subphase: Concurrent Mark Try Flush                     0.000 / 0.000         0.068 / 0.146         0.068 / 0.146         0.068 / 0.146       ms
[2023-11-16T13:05:18.984+0800][gc,stats    ]    Subphase: Concurrent Mark Try Terminate                 0.000 / 0.000         5.693 / 15.474        5.693 / 15.474        5.693 / 15.474      ms
[2023-11-16T13:05:18.984+0800][gc,stats    ]    Subphase: Concurrent References Enqueue                 0.000 / 0.000         0.005 / 0.005         0.005 / 0.005         0.005 / 0.005       ms
[2023-11-16T13:05:18.984+0800][gc,stats    ]    Subphase: Concurrent References Process                 0.000 / 0.000         0.108 / 0.128         0.108 / 0.128         0.108 / 0.128       ms
[2023-11-16T13:05:18.984+0800][gc,stats    ]    Subphase: Concurrent Roots ClassLoaderDataGraph         0.000 / 0.000         0.162 / 0.511         0.162 / 0.511         0.162 / 0.511       ms
[2023-11-16T13:05:18.984+0800][gc,stats    ]    Subphase: Concurrent Roots CodeCache                    0.000 / 0.000         0.000 / 0.000         0.000 / 0.000         0.000 / 0.000       ms
[2023-11-16T13:05:18.984+0800][gc,stats    ]    Subphase: Concurrent Roots JavaThreads                  0.000 / 0.000         0.945 / 1.682         0.945 / 1.682         0.945 / 1.682       ms
[2023-11-16T13:05:18.984+0800][gc,stats    ]    Subphase: Concurrent Roots OopStorageSet                0.000 / 0.000         0.041 / 0.062         0.041 / 0.062         0.041 / 0.062       ms
[2023-11-16T13:05:18.984+0800][gc,stats    ]    Subphase: Concurrent Weak Roots OopStorageSet           0.000 / 0.000         0.514 / 0.770         0.514 / 0.770         0.514 / 0.770       ms
[2023-11-16T13:05:18.984+0800][gc,stats    ]    Subphase: Pause Mark Try Complete                       0.000 / 0.000         0.000 / 0.000         0.000 / 0.000         0.000 / 0.000       ms
[2023-11-16T13:05:18.984+0800][gc,stats    ]      System: Java Threads                                      0 / 0                36 / 51               36 / 51               36 / 51          threads
[2023-11-16T13:05:18.984+0800][gc,stats    ] =========================================================================================================================================================
[2023-11-16T13:05:28.985+0800][gc,stats    ] === Garbage Collection Statistics =======================================================================================================================
[2023-11-16T13:05:28.985+0800][gc,stats    ]                                                              Last 10s              Last 10m              Last 10h                Total
[2023-11-16T13:05:28.985+0800][gc,stats    ]                                                              Avg / Max             Avg / Max             Avg / Max             Avg / Max
[2023-11-16T13:05:28.985+0800][gc,stats    ]   Collector: Garbage Collection Cycle                      0.000 / 0.000        42.450 / 42.489       42.450 / 42.489       42.450 / 42.489      ms
[2023-11-16T13:05:28.985+0800][gc,stats    ]  Contention: Mark Segment Reset Contention                     0 / 0                 0 / 2                 0 / 2                 0 / 2           ops/s
[2023-11-16T13:05:28.985+0800][gc,stats    ]  Contention: Mark SeqNum Reset Contention                      0 / 0                 0 / 1                 0 / 1                 0 / 1           ops/s
[2023-11-16T13:05:28.985+0800][gc,stats    ]    Critical: Allocation Stall                                  0 / 0                 0 / 0                 0 / 0                 0 / 0           ops/s
[2023-11-16T13:05:28.985+0800][gc,stats    ]    Critical: Allocation Stall                              0.000 / 0.000         0.000 / 0.000         0.000 / 0.000         0.000 / 0.000       ms
[2023-11-16T13:05:28.985+0800][gc,stats    ]    Critical: GC Locker Stall                                   0 / 0                 0 / 0                 0 / 0                 0 / 0           ops/s
[2023-11-16T13:05:28.985+0800][gc,stats    ]    Critical: GC Locker Stall                               0.000 / 0.000         0.000 / 0.000         0.000 / 0.000         0.000 / 0.000       ms
[2023-11-16T13:05:28.985+0800][gc,stats    ]    Critical: Relocation Stall                                  0 / 0                 0 / 0                 0 / 0                 0 / 0           ops/s
[2023-11-16T13:05:28.985+0800][gc,stats    ]    Critical: Relocation Stall                              0.000 / 0.000         0.000 / 0.000         0.000 / 0.000         0.000 / 0.000       ms
[2023-11-16T13:05:28.985+0800][gc,stats    ]      Memory: Allocation Rate                                   0 / 2                 2 / 96                2 / 96                2 / 96          MB/s
[2023-11-16T13:05:28.985+0800][gc,stats    ]      Memory: Defragment                                        0 / 0                 0 / 0                 0 / 0                 0 / 0           ops/s
[2023-11-16T13:05:28.985+0800][gc,stats    ]      Memory: Out Of Memory                                     0 / 0                 0 / 0                 0 / 0                 0 / 0           ops/s
[2023-11-16T13:05:28.985+0800][gc,stats    ]      Memory: Page Cache Flush                                  0 / 0                 0 / 0                 0 / 0                 0 / 0           MB/s
[2023-11-16T13:05:28.985+0800][gc,stats    ]      Memory: Page Cache Hit L1                                 0 / 1                 0 / 38                0 / 38                0 / 38          ops/s
[2023-11-16T13:05:28.985+0800][gc,stats    ]      Memory: Page Cache Hit L2                                 0 / 0                 0 / 0                 0 / 0                 0 / 0           ops/s
[2023-11-16T13:05:28.985+0800][gc,stats    ]      Memory: Page Cache Hit L3                                 0 / 0                 0 / 48                0 / 48                0 / 48          ops/s
[2023-11-16T13:05:28.985+0800][gc,stats    ]      Memory: Page Cache Miss                                   0 / 0                 0 / 1                 0 / 1                 0 / 1           ops/s
[2023-11-16T13:05:28.985+0800][gc,stats    ]      Memory: Uncommit                                          0 / 0                 0 / 0                 0 / 0                 0 / 0           MB/s
[2023-11-16T13:05:28.985+0800][gc,stats    ]      Memory: Undo Object Allocation Failed                     0 / 0                 0 / 0                 0 / 0                 0 / 0           ops/s
[2023-11-16T13:05:28.985+0800][gc,stats    ]      Memory: Undo Object Allocation Succeeded                  0 / 0                 0 / 0                 0 / 0                 0 / 0           ops/s
[2023-11-16T13:05:28.985+0800][gc,stats    ]      Memory: Undo Page Allocation                              0 / 0                 0 / 0                 0 / 0                 0 / 0           ops/s
[2023-11-16T13:05:28.985+0800][gc,stats    ]       Phase: Concurrent Mark                               0.000 / 0.000        25.401 / 26.782       25.401 / 26.782       25.401 / 26.782      ms
[2023-11-16T13:05:28.985+0800][gc,stats    ]       Phase: Concurrent Mark Continue                      0.000 / 0.000         0.000 / 0.000         0.000 / 0.000         0.000 / 0.000       ms
[2023-11-16T13:05:28.985+0800][gc,stats    ]       Phase: Concurrent Mark Free                          0.000 / 0.000         0.001 / 0.001         0.001 / 0.001         0.001 / 0.001       ms
[2023-11-16T13:05:28.985+0800][gc,stats    ]       Phase: Concurrent Process Non-Strong References      0.000 / 0.000         2.435 / 2.758         2.435 / 2.758         2.435 / 2.758       ms
[2023-11-16T13:05:28.985+0800][gc,stats    ]       Phase: Concurrent Relocate                           0.000 / 0.000         2.928 / 3.220         2.928 / 3.220         2.928 / 3.220       ms
[2023-11-16T13:05:28.985+0800][gc,stats    ]       Phase: Concurrent Reset Relocation Set               0.000 / 0.000         0.003 / 0.006         0.003 / 0.006         0.003 / 0.006       ms
[2023-11-16T13:05:28.985+0800][gc,stats    ]       Phase: Concurrent Select Relocation Set              0.000 / 0.000         5.767 / 9.539         5.767 / 9.539         5.767 / 9.539       ms
[2023-11-16T13:05:28.985+0800][gc,stats    ]       Phase: Pause Mark End                                0.000 / 0.000         0.023 / 0.026         0.023 / 0.026         0.023 / 0.026       ms
[2023-11-16T13:05:28.985+0800][gc,stats    ]       Phase: Pause Mark Start                              0.000 / 0.000         0.010 / 0.014         0.010 / 0.014         0.010 / 0.014       ms
[2023-11-16T13:05:28.985+0800][gc,stats    ]       Phase: Pause Relocate Start                          0.000 / 0.000         0.014 / 0.017         0.014 / 0.017         0.014 / 0.017       ms
[2023-11-16T13:05:28.985+0800][gc,stats    ]    Subphase: Concurrent Classes Purge                      0.000 / 0.000         0.082 / 0.093         0.082 / 0.093         0.082 / 0.093       ms
[2023-11-16T13:05:28.985+0800][gc,stats    ]    Subphase: Concurrent Classes Unlink                     0.000 / 0.000         1.496 / 1.649         1.496 / 1.649         1.496 / 1.649       ms
[2023-11-16T13:05:28.985+0800][gc,stats    ]    Subphase: Concurrent Mark                               0.000 / 0.000        21.597 / 25.992       21.597 / 25.992       21.597 / 25.992      ms
[2023-11-16T13:05:28.985+0800][gc,stats    ]    Subphase: Concurrent Mark Try Flush                     0.000 / 0.000         0.068 / 0.146         0.068 / 0.146         0.068 / 0.146       ms
[2023-11-16T13:05:28.985+0800][gc,stats    ]    Subphase: Concurrent Mark Try Terminate                 0.000 / 0.000         5.693 / 15.474        5.693 / 15.474        5.693 / 15.474      ms
[2023-11-16T13:05:28.985+0800][gc,stats    ]    Subphase: Concurrent References Enqueue                 0.000 / 0.000         0.005 / 0.005         0.005 / 0.005         0.005 / 0.005       ms
[2023-11-16T13:05:28.985+0800][gc,stats    ]    Subphase: Concurrent References Process                 0.000 / 0.000         0.108 / 0.128         0.108 / 0.128         0.108 / 0.128       ms
[2023-11-16T13:05:28.985+0800][gc,stats    ]    Subphase: Concurrent Roots ClassLoaderDataGraph         0.000 / 0.000         0.162 / 0.511         0.162 / 0.511         0.162 / 0.511       ms
[2023-11-16T13:05:28.985+0800][gc,stats    ]    Subphase: Concurrent Roots CodeCache                    0.000 / 0.000         0.000 / 0.000         0.000 / 0.000         0.000 / 0.000       ms
[2023-11-16T13:05:28.985+0800][gc,stats    ]    Subphase: Concurrent Roots JavaThreads                  0.000 / 0.000         0.945 / 1.682         0.945 / 1.682         0.945 / 1.682       ms
[2023-11-16T13:05:28.985+0800][gc,stats    ]    Subphase: Concurrent Roots OopStorageSet                0.000 / 0.000         0.041 / 0.062         0.041 / 0.062         0.041 / 0.062       ms
[2023-11-16T13:05:28.985+0800][gc,stats    ]    Subphase: Concurrent Weak Roots OopStorageSet           0.000 / 0.000         0.514 / 0.770         0.514 / 0.770         0.514 / 0.770       ms
[2023-11-16T13:05:28.985+0800][gc,stats    ]    Subphase: Pause Mark Try Complete                       0.000 / 0.000         0.000 / 0.000         0.000 / 0.000         0.000 / 0.000       ms
[2023-11-16T13:05:28.985+0800][gc,stats    ]      System: Java Threads                                      0 / 0                36 / 51               36 / 51               36 / 51          threads
[2023-11-16T13:05:28.985+0800][gc,stats    ] =========================================================================================================================================================
[2023-11-16T13:05:38.984+0800][gc,stats    ] === Garbage Collection Statistics =======================================================================================================================
[2023-11-16T13:05:38.984+0800][gc,stats    ]                                                              Last 10s              Last 10m              Last 10h                Total
[2023-11-16T13:05:38.984+0800][gc,stats    ]                                                              Avg / Max             Avg / Max             Avg / Max             Avg / Max
[2023-11-16T13:05:38.984+0800][gc,stats    ]   Collector: Garbage Collection Cycle                      0.000 / 0.000        42.450 / 42.489       42.450 / 42.489       42.450 / 42.489      ms
[2023-11-16T13:05:38.984+0800][gc,stats    ]  Contention: Mark Segment Reset Contention                     0 / 0                 0 / 2                 0 / 2                 0 / 2           ops/s
[2023-11-16T13:05:38.984+0800][gc,stats    ]  Contention: Mark SeqNum Reset Contention                      0 / 0                 0 / 1                 0 / 1                 0 / 1           ops/s
[2023-11-16T13:05:38.984+0800][gc,stats    ]    Critical: Allocation Stall                                  0 / 0                 0 / 0                 0 / 0                 0 / 0           ops/s
[2023-11-16T13:05:38.984+0800][gc,stats    ]    Critical: Allocation Stall                              0.000 / 0.000         0.000 / 0.000         0.000 / 0.000         0.000 / 0.000       ms
[2023-11-16T13:05:38.984+0800][gc,stats    ]    Critical: GC Locker Stall                                   0 / 0                 0 / 0                 0 / 0                 0 / 0           ops/s
[2023-11-16T13:05:38.984+0800][gc,stats    ]    Critical: GC Locker Stall                               0.000 / 0.000         0.000 / 0.000         0.000 / 0.000         0.000 / 0.000       ms
[2023-11-16T13:05:38.984+0800][gc,stats    ]    Critical: Relocation Stall                                  0 / 0                 0 / 0                 0 / 0                 0 / 0           ops/s
[2023-11-16T13:05:38.984+0800][gc,stats    ]    Critical: Relocation Stall                              0.000 / 0.000         0.000 / 0.000         0.000 / 0.000         0.000 / 0.000       ms
[2023-11-16T13:05:38.984+0800][gc,stats    ]      Memory: Allocation Rate                                   0 / 2                 2 / 96                2 / 96                2 / 96          MB/s
[2023-11-16T13:05:38.984+0800][gc,stats    ]      Memory: Defragment                                        0 / 0                 0 / 0                 0 / 0                 0 / 0           ops/s
[2023-11-16T13:05:38.984+0800][gc,stats    ]      Memory: Out Of Memory                                     0 / 0                 0 / 0                 0 / 0                 0 / 0           ops/s
[2023-11-16T13:05:38.984+0800][gc,stats    ]      Memory: Page Cache Flush                                  0 / 0                 0 / 0                 0 / 0                 0 / 0           MB/s
[2023-11-16T13:05:38.984+0800][gc,stats    ]      Memory: Page Cache Hit L1                                 0 / 1                 0 / 38                0 / 38                0 / 38          ops/s
[2023-11-16T13:05:38.984+0800][gc,stats    ]      Memory: Page Cache Hit L2                                 0 / 0                 0 / 0                 0 / 0                 0 / 0           ops/s
[2023-11-16T13:05:38.984+0800][gc,stats    ]      Memory: Page Cache Hit L3                                 0 / 0                 0 / 48                0 / 48                0 / 48          ops/s
[2023-11-16T13:05:38.984+0800][gc,stats    ]      Memory: Page Cache Miss                                   0 / 0                 0 / 1                 0 / 1                 0 / 1           ops/s
[2023-11-16T13:05:38.984+0800][gc,stats    ]      Memory: Uncommit                                          0 / 0                 0 / 0                 0 / 0                 0 / 0           MB/s
[2023-11-16T13:05:38.984+0800][gc,stats    ]      Memory: Undo Object Allocation Failed                     0 / 0                 0 / 0                 0 / 0                 0 / 0           ops/s
[2023-11-16T13:05:38.984+0800][gc,stats    ]      Memory: Undo Object Allocation Succeeded                  0 / 0                 0 / 0                 0 / 0                 0 / 0           ops/s
[2023-11-16T13:05:38.984+0800][gc,stats    ]      Memory: Undo Page Allocation                              0 / 0                 0 / 0                 0 / 0                 0 / 0           ops/s
[2023-11-16T13:05:38.984+0800][gc,stats    ]       Phase: Concurrent Mark                               0.000 / 0.000        25.401 / 26.782       25.401 / 26.782       25.401 / 26.782      ms
[2023-11-16T13:05:38.984+0800][gc,stats    ]       Phase: Concurrent Mark Continue                      0.000 / 0.000         0.000 / 0.000         0.000 / 0.000         0.000 / 0.000       ms
[2023-11-16T13:05:38.984+0800][gc,stats    ]       Phase: Concurrent Mark Free                          0.000 / 0.000         0.001 / 0.001         0.001 / 0.001         0.001 / 0.001       ms
[2023-11-16T13:05:38.984+0800][gc,stats    ]       Phase: Concurrent Process Non-Strong References      0.000 / 0.000         2.435 / 2.758         2.435 / 2.758         2.435 / 2.758       ms
[2023-11-16T13:05:38.984+0800][gc,stats    ]       Phase: Concurrent Relocate                           0.000 / 0.000         2.928 / 3.220         2.928 / 3.220         2.928 / 3.220       ms
[2023-11-16T13:05:38.984+0800][gc,stats    ]       Phase: Concurrent Reset Relocation Set               0.000 / 0.000         0.003 / 0.006         0.003 / 0.006         0.003 / 0.006       ms
[2023-11-16T13:05:38.984+0800][gc,stats    ]       Phase: Concurrent Select Relocation Set              0.000 / 0.000         5.767 / 9.539         5.767 / 9.539         5.767 / 9.539       ms
[2023-11-16T13:05:38.984+0800][gc,stats    ]       Phase: Pause Mark End                                0.000 / 0.000         0.023 / 0.026         0.023 / 0.026         0.023 / 0.026       ms
[2023-11-16T13:05:38.984+0800][gc,stats    ]       Phase: Pause Mark Start                              0.000 / 0.000         0.010 / 0.014         0.010 / 0.014         0.010 / 0.014       ms
[2023-11-16T13:05:38.984+0800][gc,stats    ]       Phase: Pause Relocate Start                          0.000 / 0.000         0.014 / 0.017         0.014 / 0.017         0.014 / 0.017       ms
[2023-11-16T13:05:38.984+0800][gc,stats    ]    Subphase: Concurrent Classes Purge                      0.000 / 0.000         0.082 / 0.093         0.082 / 0.093         0.082 / 0.093       ms
[2023-11-16T13:05:38.984+0800][gc,stats    ]    Subphase: Concurrent Classes Unlink                     0.000 / 0.000         1.496 / 1.649         1.496 / 1.649         1.496 / 1.649       ms
[2023-11-16T13:05:38.984+0800][gc,stats    ]    Subphase: Concurrent Mark                               0.000 / 0.000        21.597 / 25.992       21.597 / 25.992       21.597 / 25.992      ms
[2023-11-16T13:05:38.984+0800][gc,stats    ]    Subphase: Concurrent Mark Try Flush                     0.000 / 0.000         0.068 / 0.146         0.068 / 0.146         0.068 / 0.146       ms
[2023-11-16T13:05:38.984+0800][gc,stats    ]    Subphase: Concurrent Mark Try Terminate                 0.000 / 0.000         5.693 / 15.474        5.693 / 15.474        5.693 / 15.474      ms
[2023-11-16T13:05:38.984+0800][gc,stats    ]    Subphase: Concurrent References Enqueue                 0.000 / 0.000         0.005 / 0.005         0.005 / 0.005         0.005 / 0.005       ms
[2023-11-16T13:05:38.984+0800][gc,stats    ]    Subphase: Concurrent References Process                 0.000 / 0.000         0.108 / 0.128         0.108 / 0.128         0.108 / 0.128       ms
[2023-11-16T13:05:38.984+0800][gc,stats    ]    Subphase: Concurrent Roots ClassLoaderDataGraph         0.000 / 0.000         0.162 / 0.511         0.162 / 0.511         0.162 / 0.511       ms
[2023-11-16T13:05:38.984+0800][gc,stats    ]    Subphase: Concurrent Roots CodeCache                    0.000 / 0.000         0.000 / 0.000         0.000 / 0.000         0.000 / 0.000       ms
[2023-11-16T13:05:38.984+0800][gc,stats    ]    Subphase: Concurrent Roots JavaThreads                  0.000 / 0.000         0.945 / 1.682         0.945 / 1.682         0.945 / 1.682       ms
[2023-11-16T13:05:38.984+0800][gc,stats    ]    Subphase: Concurrent Roots OopStorageSet                0.000 / 0.000         0.041 / 0.062         0.041 / 0.062         0.041 / 0.062       ms
[2023-11-16T13:05:38.984+0800][gc,stats    ]    Subphase: Concurrent Weak Roots OopStorageSet           0.000 / 0.000         0.514 / 0.770         0.514 / 0.770         0.514 / 0.770       ms
[2023-11-16T13:05:38.984+0800][gc,stats    ]    Subphase: Pause Mark Try Complete                       0.000 / 0.000         0.000 / 0.000         0.000 / 0.000         0.000 / 0.000       ms
[2023-11-16T13:05:38.984+0800][gc,stats    ]      System: Java Threads                                      0 / 0                36 / 51               36 / 51               36 / 51          threads
[2023-11-16T13:05:38.984+0800][gc,stats    ] =========================================================================================================================================================
[2023-11-16T13:05:48.983+0800][gc,stats    ] === Garbage Collection Statistics =======================================================================================================================
[2023-11-16T13:05:48.983+0800][gc,stats    ]                                                              Last 10s              Last 10m              Last 10h                Total
[2023-11-16T13:05:48.983+0800][gc,stats    ]                                                              Avg / Max             Avg / Max             Avg / Max             Avg / Max
[2023-11-16T13:05:48.983+0800][gc,stats    ]   Collector: Garbage Collection Cycle                      0.000 / 0.000        42.450 / 42.489       42.450 / 42.489       42.450 / 42.489      ms
[2023-11-16T13:05:48.983+0800][gc,stats    ]  Contention: Mark Segment Reset Contention                     0 / 0                 0 / 2                 0 / 2                 0 / 2           ops/s
[2023-11-16T13:05:48.983+0800][gc,stats    ]  Contention: Mark SeqNum Reset Contention                      0 / 0                 0 / 1                 0 / 1                 0 / 1           ops/s
[2023-11-16T13:05:48.983+0800][gc,stats    ]    Critical: Allocation Stall                                  0 / 0                 0 / 0                 0 / 0                 0 / 0           ops/s
[2023-11-16T13:05:48.983+0800][gc,stats    ]    Critical: Allocation Stall                              0.000 / 0.000         0.000 / 0.000         0.000 / 0.000         0.000 / 0.000       ms
[2023-11-16T13:05:48.983+0800][gc,stats    ]    Critical: GC Locker Stall                                   0 / 0                 0 / 0                 0 / 0                 0 / 0           ops/s
[2023-11-16T13:05:48.983+0800][gc,stats    ]    Critical: GC Locker Stall                               0.000 / 0.000         0.000 / 0.000         0.000 / 0.000         0.000 / 0.000       ms
[2023-11-16T13:05:48.983+0800][gc,stats    ]    Critical: Relocation Stall                                  0 / 0                 0 / 0                 0 / 0                 0 / 0           ops/s
[2023-11-16T13:05:48.983+0800][gc,stats    ]    Critical: Relocation Stall                              0.000 / 0.000         0.000 / 0.000         0.000 / 0.000         0.000 / 0.000       ms
[2023-11-16T13:05:48.983+0800][gc,stats    ]      Memory: Allocation Rate                                   0 / 0                 1 / 96                1 / 96                1 / 96          MB/s
[2023-11-16T13:05:48.983+0800][gc,stats    ]      Memory: Defragment                                        0 / 0                 0 / 0                 0 / 0                 0 / 0           ops/s
[2023-11-16T13:05:48.983+0800][gc,stats    ]      Memory: Out Of Memory                                     0 / 0                 0 / 0                 0 / 0                 0 / 0           ops/s
[2023-11-16T13:05:48.983+0800][gc,stats    ]      Memory: Page Cache Flush                                  0 / 0                 0 / 0                 0 / 0                 0 / 0           MB/s
[2023-11-16T13:05:48.983+0800][gc,stats    ]      Memory: Page Cache Hit L1                                 0 / 0                 0 / 38                0 / 38                0 / 38          ops/s
[2023-11-16T13:05:48.983+0800][gc,stats    ]      Memory: Page Cache Hit L2                                 0 / 0                 0 / 0                 0 / 0                 0 / 0           ops/s
[2023-11-16T13:05:48.983+0800][gc,stats    ]      Memory: Page Cache Hit L3                                 0 / 0                 0 / 48                0 / 48                0 / 48          ops/s
[2023-11-16T13:05:48.983+0800][gc,stats    ]      Memory: Page Cache Miss                                   0 / 0                 0 / 1                 0 / 1                 0 / 1           ops/s
[2023-11-16T13:05:48.983+0800][gc,stats    ]      Memory: Uncommit                                          0 / 0                 0 / 0                 0 / 0                 0 / 0           MB/s
[2023-11-16T13:05:48.983+0800][gc,stats    ]      Memory: Undo Object Allocation Failed                     0 / 0                 0 / 0                 0 / 0                 0 / 0           ops/s
[2023-11-16T13:05:48.983+0800][gc,stats    ]      Memory: Undo Object Allocation Succeeded                  0 / 0                 0 / 0                 0 / 0                 0 / 0           ops/s
[2023-11-16T13:05:48.983+0800][gc,stats    ]      Memory: Undo Page Allocation                              0 / 0                 0 / 0                 0 / 0                 0 / 0           ops/s
[2023-11-16T13:05:48.983+0800][gc,stats    ]       Phase: Concurrent Mark                               0.000 / 0.000        25.401 / 26.782       25.401 / 26.782       25.401 / 26.782      ms
[2023-11-16T13:05:48.983+0800][gc,stats    ]       Phase: Concurrent Mark Continue                      0.000 / 0.000         0.000 / 0.000         0.000 / 0.000         0.000 / 0.000       ms
[2023-11-16T13:05:48.983+0800][gc,stats    ]       Phase: Concurrent Mark Free                          0.000 / 0.000         0.001 / 0.001         0.001 / 0.001         0.001 / 0.001       ms
[2023-11-16T13:05:48.983+0800][gc,stats    ]       Phase: Concurrent Process Non-Strong References      0.000 / 0.000         2.435 / 2.758         2.435 / 2.758         2.435 / 2.758       ms
[2023-11-16T13:05:48.983+0800][gc,stats    ]       Phase: Concurrent Relocate                           0.000 / 0.000         2.928 / 3.220         2.928 / 3.220         2.928 / 3.220       ms
[2023-11-16T13:05:48.983+0800][gc,stats    ]       Phase: Concurrent Reset Relocation Set               0.000 / 0.000         0.003 / 0.006         0.003 / 0.006         0.003 / 0.006       ms
[2023-11-16T13:05:48.983+0800][gc,stats    ]       Phase: Concurrent Select Relocation Set              0.000 / 0.000         5.767 / 9.539         5.767 / 9.539         5.767 / 9.539       ms
[2023-11-16T13:05:48.983+0800][gc,stats    ]       Phase: Pause Mark End                                0.000 / 0.000         0.023 / 0.026         0.023 / 0.026         0.023 / 0.026       ms
[2023-11-16T13:05:48.983+0800][gc,stats    ]       Phase: Pause Mark Start                              0.000 / 0.000         0.010 / 0.014         0.010 / 0.014         0.010 / 0.014       ms
[2023-11-16T13:05:48.983+0800][gc,stats    ]       Phase: Pause Relocate Start                          0.000 / 0.000         0.014 / 0.017         0.014 / 0.017         0.014 / 0.017       ms
[2023-11-16T13:05:48.983+0800][gc,stats    ]    Subphase: Concurrent Classes Purge                      0.000 / 0.000         0.082 / 0.093         0.082 / 0.093         0.082 / 0.093       ms
[2023-11-16T13:05:48.983+0800][gc,stats    ]    Subphase: Concurrent Classes Unlink                     0.000 / 0.000         1.496 / 1.649         1.496 / 1.649         1.496 / 1.649       ms
[2023-11-16T13:05:48.983+0800][gc,stats    ]    Subphase: Concurrent Mark                               0.000 / 0.000        21.597 / 25.992       21.597 / 25.992       21.597 / 25.992      ms
[2023-11-16T13:05:48.983+0800][gc,stats    ]    Subphase: Concurrent Mark Try Flush                     0.000 / 0.000         0.068 / 0.146         0.068 / 0.146         0.068 / 0.146       ms
[2023-11-16T13:05:48.983+0800][gc,stats    ]    Subphase: Concurrent Mark Try Terminate                 0.000 / 0.000         5.693 / 15.474        5.693 / 15.474        5.693 / 15.474      ms
[2023-11-16T13:05:48.983+0800][gc,stats    ]    Subphase: Concurrent References Enqueue                 0.000 / 0.000         0.005 / 0.005         0.005 / 0.005         0.005 / 0.005       ms
[2023-11-16T13:05:48.983+0800][gc,stats    ]    Subphase: Concurrent References Process                 0.000 / 0.000         0.108 / 0.128         0.108 / 0.128         0.108 / 0.128       ms
[2023-11-16T13:05:48.983+0800][gc,stats    ]    Subphase: Concurrent Roots ClassLoaderDataGraph         0.000 / 0.000         0.162 / 0.511         0.162 / 0.511         0.162 / 0.511       ms
[2023-11-16T13:05:48.983+0800][gc,stats    ]    Subphase: Concurrent Roots CodeCache                    0.000 / 0.000         0.000 / 0.000         0.000 / 0.000         0.000 / 0.000       ms
[2023-11-16T13:05:48.983+0800][gc,stats    ]    Subphase: Concurrent Roots JavaThreads                  0.000 / 0.000         0.945 / 1.682         0.945 / 1.682         0.945 / 1.682       ms
[2023-11-16T13:05:48.983+0800][gc,stats    ]    Subphase: Concurrent Roots OopStorageSet                0.000 / 0.000         0.041 / 0.062         0.041 / 0.062         0.041 / 0.062       ms
[2023-11-16T13:05:48.983+0800][gc,stats    ]    Subphase: Concurrent Weak Roots OopStorageSet           0.000 / 0.000         0.514 / 0.770         0.514 / 0.770         0.514 / 0.770       ms
[2023-11-16T13:05:48.983+0800][gc,stats    ]    Subphase: Pause Mark Try Complete                       0.000 / 0.000         0.000 / 0.000         0.000 / 0.000         0.000 / 0.000       ms
[2023-11-16T13:05:48.983+0800][gc,stats    ]      System: Java Threads                                      0 / 0                36 / 51               36 / 51               36 / 51          threads
[2023-11-16T13:05:48.983+0800][gc,stats    ] =========================================================================================================================================================
[2023-11-16T13:05:58.984+0800][gc,stats    ] === Garbage Collection Statistics =======================================================================================================================
[2023-11-16T13:05:58.984+0800][gc,stats    ]                                                              Last 10s              Last 10m              Last 10h                Total
[2023-11-16T13:05:58.984+0800][gc,stats    ]                                                              Avg / Max             Avg / Max             Avg / Max             Avg / Max
[2023-11-16T13:05:58.984+0800][gc,stats    ]   Collector: Garbage Collection Cycle                      0.000 / 0.000        42.450 / 42.489       42.450 / 42.489       42.450 / 42.489      ms
[2023-11-16T13:05:58.984+0800][gc,stats    ]  Contention: Mark Segment Reset Contention                     0 / 0                 0 / 2                 0 / 2                 0 / 2           ops/s
[2023-11-16T13:05:58.984+0800][gc,stats    ]  Contention: Mark SeqNum Reset Contention                      0 / 0                 0 / 1                 0 / 1                 0 / 1           ops/s
[2023-11-16T13:05:58.984+0800][gc,stats    ]    Critical: Allocation Stall                                  0 / 0                 0 / 0                 0 / 0                 0 / 0           ops/s
[2023-11-16T13:05:58.984+0800][gc,stats    ]    Critical: Allocation Stall                              0.000 / 0.000         0.000 / 0.000         0.000 / 0.000         0.000 / 0.000       ms
[2023-11-16T13:05:58.984+0800][gc,stats    ]    Critical: GC Locker Stall                                   0 / 0                 0 / 0                 0 / 0                 0 / 0           ops/s
[2023-11-16T13:05:58.984+0800][gc,stats    ]    Critical: GC Locker Stall                               0.000 / 0.000         0.000 / 0.000         0.000 / 0.000         0.000 / 0.000       ms
[2023-11-16T13:05:58.984+0800][gc,stats    ]    Critical: Relocation Stall                                  0 / 0                 0 / 0                 0 / 0                 0 / 0           ops/s
[2023-11-16T13:05:58.984+0800][gc,stats    ]    Critical: Relocation Stall                              0.000 / 0.000         0.000 / 0.000         0.000 / 0.000         0.000 / 0.000       ms
[2023-11-16T13:05:58.984+0800][gc,stats    ]      Memory: Allocation Rate                                   0 / 2                 1 / 96                1 / 96                1 / 96          MB/s
[2023-11-16T13:05:58.984+0800][gc,stats    ]      Memory: Defragment                                        0 / 0                 0 / 0                 0 / 0                 0 / 0           ops/s
[2023-11-16T13:05:58.984+0800][gc,stats    ]      Memory: Out Of Memory                                     0 / 0                 0 / 0                 0 / 0                 0 / 0           ops/s
[2023-11-16T13:05:58.984+0800][gc,stats    ]      Memory: Page Cache Flush                                  0 / 0                 0 / 0                 0 / 0                 0 / 0           MB/s
[2023-11-16T13:05:58.984+0800][gc,stats    ]      Memory: Page Cache Hit L1                                 0 / 1                 0 / 38                0 / 38                0 / 38          ops/s
[2023-11-16T13:05:58.984+0800][gc,stats    ]      Memory: Page Cache Hit L2                                 0 / 0                 0 / 0                 0 / 0                 0 / 0           ops/s
[2023-11-16T13:05:58.984+0800][gc,stats    ]      Memory: Page Cache Hit L3                                 0 / 0                 0 / 48                0 / 48                0 / 48          ops/s
[2023-11-16T13:05:58.984+0800][gc,stats    ]      Memory: Page Cache Miss                                   0 / 0                 0 / 1                 0 / 1                 0 / 1           ops/s
[2023-11-16T13:05:58.984+0800][gc,stats    ]      Memory: Uncommit                                          0 / 0                 0 / 0                 0 / 0                 0 / 0           MB/s
[2023-11-16T13:05:58.984+0800][gc,stats    ]      Memory: Undo Object Allocation Failed                     0 / 0                 0 / 0                 0 / 0                 0 / 0           ops/s
[2023-11-16T13:05:58.984+0800][gc,stats    ]      Memory: Undo Object Allocation Succeeded                  0 / 0                 0 / 0                 0 / 0                 0 / 0           ops/s
[2023-11-16T13:05:58.984+0800][gc,stats    ]      Memory: Undo Page Allocation                              0 / 0                 0 / 0                 0 / 0                 0 / 0           ops/s
[2023-11-16T13:05:58.984+0800][gc,stats    ]       Phase: Concurrent Mark                               0.000 / 0.000        25.401 / 26.782       25.401 / 26.782       25.401 / 26.782      ms
[2023-11-16T13:05:58.984+0800][gc,stats    ]       Phase: Concurrent Mark Continue                      0.000 / 0.000         0.000 / 0.000         0.000 / 0.000         0.000 / 0.000       ms
[2023-11-16T13:05:58.984+0800][gc,stats    ]       Phase: Concurrent Mark Free                          0.000 / 0.000         0.001 / 0.001         0.001 / 0.001         0.001 / 0.001       ms
[2023-11-16T13:05:58.984+0800][gc,stats    ]       Phase: Concurrent Process Non-Strong References      0.000 / 0.000         2.435 / 2.758         2.435 / 2.758         2.435 / 2.758       ms
[2023-11-16T13:05:58.984+0800][gc,stats    ]       Phase: Concurrent Relocate                           0.000 / 0.000         2.928 / 3.220         2.928 / 3.220         2.928 / 3.220       ms
[2023-11-16T13:05:58.984+0800][gc,stats    ]       Phase: Concurrent Reset Relocation Set               0.000 / 0.000         0.003 / 0.006         0.003 / 0.006         0.003 / 0.006       ms
[2023-11-16T13:05:58.984+0800][gc,stats    ]       Phase: Concurrent Select Relocation Set              0.000 / 0.000         5.767 / 9.539         5.767 / 9.539         5.767 / 9.539       ms
[2023-11-16T13:05:58.984+0800][gc,stats    ]       Phase: Pause Mark End                                0.000 / 0.000         0.023 / 0.026         0.023 / 0.026         0.023 / 0.026       ms
[2023-11-16T13:05:58.984+0800][gc,stats    ]       Phase: Pause Mark Start                              0.000 / 0.000         0.010 / 0.014         0.010 / 0.014         0.010 / 0.014       ms
[2023-11-16T13:05:58.984+0800][gc,stats    ]       Phase: Pause Relocate Start                          0.000 / 0.000         0.014 / 0.017         0.014 / 0.017         0.014 / 0.017       ms
[2023-11-16T13:05:58.984+0800][gc,stats    ]    Subphase: Concurrent Classes Purge                      0.000 / 0.000         0.082 / 0.093         0.082 / 0.093         0.082 / 0.093       ms
[2023-11-16T13:05:58.984+0800][gc,stats    ]    Subphase: Concurrent Classes Unlink                     0.000 / 0.000         1.496 / 1.649         1.496 / 1.649         1.496 / 1.649       ms
[2023-11-16T13:05:58.984+0800][gc,stats    ]    Subphase: Concurrent Mark                               0.000 / 0.000        21.597 / 25.992       21.597 / 25.992       21.597 / 25.992      ms
[2023-11-16T13:05:58.984+0800][gc,stats    ]    Subphase: Concurrent Mark Try Flush                     0.000 / 0.000         0.068 / 0.146         0.068 / 0.146         0.068 / 0.146       ms
[2023-11-16T13:05:58.984+0800][gc,stats    ]    Subphase: Concurrent Mark Try Terminate                 0.000 / 0.000         5.693 / 15.474        5.693 / 15.474        5.693 / 15.474      ms
[2023-11-16T13:05:58.984+0800][gc,stats    ]    Subphase: Concurrent References Enqueue                 0.000 / 0.000         0.005 / 0.005         0.005 / 0.005         0.005 / 0.005       ms
[2023-11-16T13:05:58.984+0800][gc,stats    ]    Subphase: Concurrent References Process                 0.000 / 0.000         0.108 / 0.128         0.108 / 0.128         0.108 / 0.128       ms
[2023-11-16T13:05:58.984+0800][gc,stats    ]    Subphase: Concurrent Roots ClassLoaderDataGraph         0.000 / 0.000         0.162 / 0.511         0.162 / 0.511         0.162 / 0.511       ms
[2023-11-16T13:05:58.984+0800][gc,stats    ]    Subphase: Concurrent Roots CodeCache                    0.000 / 0.000         0.000 / 0.000         0.000 / 0.000         0.000 / 0.000       ms
[2023-11-16T13:05:58.984+0800][gc,stats    ]    Subphase: Concurrent Roots JavaThreads                  0.000 / 0.000         0.945 / 1.682         0.945 / 1.682         0.945 / 1.682       ms
[2023-11-16T13:05:58.984+0800][gc,stats    ]    Subphase: Concurrent Roots OopStorageSet                0.000 / 0.000         0.041 / 0.062         0.041 / 0.062         0.041 / 0.062       ms
[2023-11-16T13:05:58.984+0800][gc,stats    ]    Subphase: Concurrent Weak Roots OopStorageSet           0.000 / 0.000         0.514 / 0.770         0.514 / 0.770         0.514 / 0.770       ms
[2023-11-16T13:05:58.984+0800][gc,stats    ]    Subphase: Pause Mark Try Complete                       0.000 / 0.000         0.000 / 0.000         0.000 / 0.000         0.000 / 0.000       ms
[2023-11-16T13:05:58.984+0800][gc,stats    ]      System: Java Threads                                      0 / 0                36 / 51               36 / 51               36 / 51          threads
[2023-11-16T13:05:58.984+0800][gc,stats    ] =========================================================================================================================================================
[2023-11-16T13:06:08.984+0800][gc,stats    ] === Garbage Collection Statistics =======================================================================================================================
[2023-11-16T13:06:08.984+0800][gc,stats    ]                                                              Last 10s              Last 10m              Last 10h                Total
[2023-11-16T13:06:08.984+0800][gc,stats    ]                                                              Avg / Max             Avg / Max             Avg / Max             Avg / Max
[2023-11-16T13:06:08.984+0800][gc,stats    ]   Collector: Garbage Collection Cycle                      0.000 / 0.000        42.450 / 42.489       42.450 / 42.489       42.450 / 42.489      ms
[2023-11-16T13:06:08.984+0800][gc,stats    ]  Contention: Mark Segment Reset Contention                     0 / 0                 0 / 2                 0 / 2                 0 / 2           ops/s
[2023-11-16T13:06:08.984+0800][gc,stats    ]  Contention: Mark SeqNum Reset Contention                      0 / 0                 0 / 1                 0 / 1                 0 / 1           ops/s
[2023-11-16T13:06:08.984+0800][gc,stats    ]    Critical: Allocation Stall                                  0 / 0                 0 / 0                 0 / 0                 0 / 0           ops/s
[2023-11-16T13:06:08.984+0800][gc,stats    ]    Critical: Allocation Stall                              0.000 / 0.000         0.000 / 0.000         0.000 / 0.000         0.000 / 0.000       ms
[2023-11-16T13:06:08.984+0800][gc,stats    ]    Critical: GC Locker Stall                                   0 / 0                 0 / 0                 0 / 0                 0 / 0           ops/s
[2023-11-16T13:06:08.984+0800][gc,stats    ]    Critical: GC Locker Stall                               0.000 / 0.000         0.000 / 0.000         0.000 / 0.000         0.000 / 0.000       ms
[2023-11-16T13:06:08.984+0800][gc,stats    ]    Critical: Relocation Stall                                  0 / 0                 0 / 0                 0 / 0                 0 / 0           ops/s
[2023-11-16T13:06:08.984+0800][gc,stats    ]    Critical: Relocation Stall                              0.000 / 0.000         0.000 / 0.000         0.000 / 0.000         0.000 / 0.000       ms
[2023-11-16T13:06:08.984+0800][gc,stats    ]      Memory: Allocation Rate                                   0 / 4                 1 / 96                1 / 96                1 / 96          MB/s
[2023-11-16T13:06:08.984+0800][gc,stats    ]      Memory: Defragment                                        0 / 0                 0 / 0                 0 / 0                 0 / 0           ops/s
[2023-11-16T13:06:08.984+0800][gc,stats    ]      Memory: Out Of Memory                                     0 / 0                 0 / 0                 0 / 0                 0 / 0           ops/s
[2023-11-16T13:06:08.984+0800][gc,stats    ]      Memory: Page Cache Flush                                  0 / 0                 0 / 0                 0 / 0                 0 / 0           MB/s
[2023-11-16T13:06:08.984+0800][gc,stats    ]      Memory: Page Cache Hit L1                                 0 / 2                 0 / 38                0 / 38                0 / 38          ops/s
[2023-11-16T13:06:08.984+0800][gc,stats    ]      Memory: Page Cache Hit L2                                 0 / 0                 0 / 0                 0 / 0                 0 / 0           ops/s
[2023-11-16T13:06:08.984+0800][gc,stats    ]      Memory: Page Cache Hit L3                                 0 / 0                 0 / 48                0 / 48                0 / 48          ops/s
[2023-11-16T13:06:08.984+0800][gc,stats    ]      Memory: Page Cache Miss                                   0 / 0                 0 / 1                 0 / 1                 0 / 1           ops/s
[2023-11-16T13:06:08.984+0800][gc,stats    ]      Memory: Uncommit                                          0 / 0                 0 / 0                 0 / 0                 0 / 0           MB/s
[2023-11-16T13:06:08.984+0800][gc,stats    ]      Memory: Undo Object Allocation Failed                     0 / 0                 0 / 0                 0 / 0                 0 / 0           ops/s
[2023-11-16T13:06:08.984+0800][gc,stats    ]      Memory: Undo Object Allocation Succeeded                  0 / 0                 0 / 0                 0 / 0                 0 / 0           ops/s
[2023-11-16T13:06:08.984+0800][gc,stats    ]      Memory: Undo Page Allocation                              0 / 0                 0 / 0                 0 / 0                 0 / 0           ops/s
[2023-11-16T13:06:08.984+0800][gc,stats    ]       Phase: Concurrent Mark                               0.000 / 0.000        25.401 / 26.782       25.401 / 26.782       25.401 / 26.782      ms
[2023-11-16T13:06:08.984+0800][gc,stats    ]       Phase: Concurrent Mark Continue                      0.000 / 0.000         0.000 / 0.000         0.000 / 0.000         0.000 / 0.000       ms
[2023-11-16T13:06:08.984+0800][gc,stats    ]       Phase: Concurrent Mark Free                          0.000 / 0.000         0.001 / 0.001         0.001 / 0.001         0.001 / 0.001       ms
[2023-11-16T13:06:08.984+0800][gc,stats    ]       Phase: Concurrent Process Non-Strong References      0.000 / 0.000         2.435 / 2.758         2.435 / 2.758         2.435 / 2.758       ms
[2023-11-16T13:06:08.984+0800][gc,stats    ]       Phase: Concurrent Relocate                           0.000 / 0.000         2.928 / 3.220         2.928 / 3.220         2.928 / 3.220       ms
[2023-11-16T13:06:08.984+0800][gc,stats    ]       Phase: Concurrent Reset Relocation Set               0.000 / 0.000         0.003 / 0.006         0.003 / 0.006         0.003 / 0.006       ms
[2023-11-16T13:06:08.984+0800][gc,stats    ]       Phase: Concurrent Select Relocation Set              0.000 / 0.000         5.767 / 9.539         5.767 / 9.539         5.767 / 9.539       ms
[2023-11-16T13:06:08.984+0800][gc,stats    ]       Phase: Pause Mark End                                0.000 / 0.000         0.023 / 0.026         0.023 / 0.026         0.023 / 0.026       ms
[2023-11-16T13:06:08.984+0800][gc,stats    ]       Phase: Pause Mark Start                              0.000 / 0.000         0.010 / 0.014         0.010 / 0.014         0.010 / 0.014       ms
[2023-11-16T13:06:08.984+0800][gc,stats    ]       Phase: Pause Relocate Start                          0.000 / 0.000         0.014 / 0.017         0.014 / 0.017         0.014 / 0.017       ms
[2023-11-16T13:06:08.984+0800][gc,stats    ]    Subphase: Concurrent Classes Purge                      0.000 / 0.000         0.082 / 0.093         0.082 / 0.093         0.082 / 0.093       ms
[2023-11-16T13:06:08.984+0800][gc,stats    ]    Subphase: Concurrent Classes Unlink                     0.000 / 0.000         1.496 / 1.649         1.496 / 1.649         1.496 / 1.649       ms
[2023-11-16T13:06:08.984+0800][gc,stats    ]    Subphase: Concurrent Mark                               0.000 / 0.000        21.597 / 25.992       21.597 / 25.992       21.597 / 25.992      ms
[2023-11-16T13:06:08.984+0800][gc,stats    ]    Subphase: Concurrent Mark Try Flush                     0.000 / 0.000         0.068 / 0.146         0.068 / 0.146         0.068 / 0.146       ms
[2023-11-16T13:06:08.984+0800][gc,stats    ]    Subphase: Concurrent Mark Try Terminate                 0.000 / 0.000         5.693 / 15.474        5.693 / 15.474        5.693 / 15.474      ms
[2023-11-16T13:06:08.984+0800][gc,stats    ]    Subphase: Concurrent References Enqueue                 0.000 / 0.000         0.005 / 0.005         0.005 / 0.005         0.005 / 0.005       ms
[2023-11-16T13:06:08.984+0800][gc,stats    ]    Subphase: Concurrent References Process                 0.000 / 0.000         0.108 / 0.128         0.108 / 0.128         0.108 / 0.128       ms
[2023-11-16T13:06:08.984+0800][gc,stats    ]    Subphase: Concurrent Roots ClassLoaderDataGraph         0.000 / 0.000         0.162 / 0.511         0.162 / 0.511         0.162 / 0.511       ms
[2023-11-16T13:06:08.984+0800][gc,stats    ]    Subphase: Concurrent Roots CodeCache                    0.000 / 0.000         0.000 / 0.000         0.000 / 0.000         0.000 / 0.000       ms
[2023-11-16T13:06:08.984+0800][gc,stats    ]    Subphase: Concurrent Roots JavaThreads                  0.000 / 0.000         0.945 / 1.682         0.945 / 1.682         0.945 / 1.682       ms
[2023-11-16T13:06:08.984+0800][gc,stats    ]    Subphase: Concurrent Roots OopStorageSet                0.000 / 0.000         0.041 / 0.062         0.041 / 0.062         0.041 / 0.062       ms
[2023-11-16T13:06:08.984+0800][gc,stats    ]    Subphase: Concurrent Weak Roots OopStorageSet           0.000 / 0.000         0.514 / 0.770         0.514 / 0.770         0.514 / 0.770       ms
[2023-11-16T13:06:08.984+0800][gc,stats    ]    Subphase: Pause Mark Try Complete                       0.000 / 0.000         0.000 / 0.000         0.000 / 0.000         0.000 / 0.000       ms
[2023-11-16T13:06:08.984+0800][gc,stats    ]      System: Java Threads                                      0 / 0                36 / 51               36 / 51               36 / 51          threads
[2023-11-16T13:06:08.984+0800][gc,stats    ] =========================================================================================================================================================
[2023-11-16T13:06:18.984+0800][gc,stats    ] === Garbage Collection Statistics =======================================================================================================================
[2023-11-16T13:06:18.984+0800][gc,stats    ]                                                              Last 10s              Last 10m              Last 10h                Total
[2023-11-16T13:06:18.984+0800][gc,stats    ]                                                              Avg / Max             Avg / Max             Avg / Max             Avg / Max
[2023-11-16T13:06:18.984+0800][gc,stats    ]   Collector: Garbage Collection Cycle                      0.000 / 0.000        42.450 / 42.489       42.450 / 42.489       42.450 / 42.489      ms
[2023-11-16T13:06:18.984+0800][gc,stats    ]  Contention: Mark Segment Reset Contention                     0 / 0                 0 / 2                 0 / 2                 0 / 2           ops/s
[2023-11-16T13:06:18.984+0800][gc,stats    ]  Contention: Mark SeqNum Reset Contention                      0 / 0                 0 / 1                 0 / 1                 0 / 1           ops/s
[2023-11-16T13:06:18.984+0800][gc,stats    ]    Critical: Allocation Stall                                  0 / 0                 0 / 0                 0 / 0                 0 / 0           ops/s
[2023-11-16T13:06:18.984+0800][gc,stats    ]    Critical: Allocation Stall                              0.000 / 0.000         0.000 / 0.000         0.000 / 0.000         0.000 / 0.000       ms
[2023-11-16T13:06:18.984+0800][gc,stats    ]    Critical: GC Locker Stall                                   0 / 0                 0 / 0                 0 / 0                 0 / 0           ops/s
[2023-11-16T13:06:18.984+0800][gc,stats    ]    Critical: GC Locker Stall                               0.000 / 0.000         0.000 / 0.000         0.000 / 0.000         0.000 / 0.000       ms
[2023-11-16T13:06:18.984+0800][gc,stats    ]    Critical: Relocation Stall                                  0 / 0                 0 / 0                 0 / 0                 0 / 0           ops/s
[2023-11-16T13:06:18.984+0800][gc,stats    ]    Critical: Relocation Stall                              0.000 / 0.000         0.000 / 0.000         0.000 / 0.000         0.000 / 0.000       ms
[2023-11-16T13:06:18.984+0800][gc,stats    ]      Memory: Allocation Rate                                   0 / 2                 1 / 96                1 / 96                1 / 96          MB/s
[2023-11-16T13:06:18.984+0800][gc,stats    ]      Memory: Defragment                                        0 / 0                 0 / 0                 0 / 0                 0 / 0           ops/s
[2023-11-16T13:06:18.984+0800][gc,stats    ]      Memory: Out Of Memory                                     0 / 0                 0 / 0                 0 / 0                 0 / 0           ops/s
[2023-11-16T13:06:18.984+0800][gc,stats    ]      Memory: Page Cache Flush                                  0 / 0                 0 / 0                 0 / 0                 0 / 0           MB/s
[2023-11-16T13:06:18.984+0800][gc,stats    ]      Memory: Page Cache Hit L1                                 0 / 1                 0 / 38                0 / 38                0 / 38          ops/s
[2023-11-16T13:06:18.984+0800][gc,stats    ]      Memory: Page Cache Hit L2                                 0 / 0                 0 / 0                 0 / 0                 0 / 0           ops/s
[2023-11-16T13:06:18.984+0800][gc,stats    ]      Memory: Page Cache Hit L3                                 0 / 0                 0 / 48                0 / 48                0 / 48          ops/s
[2023-11-16T13:06:18.984+0800][gc,stats    ]      Memory: Page Cache Miss                                   0 / 0                 0 / 1                 0 / 1                 0 / 1           ops/s
[2023-11-16T13:06:18.984+0800][gc,stats    ]      Memory: Uncommit                                          0 / 0                 0 / 0                 0 / 0                 0 / 0           MB/s
[2023-11-16T13:06:18.984+0800][gc,stats    ]      Memory: Undo Object Allocation Failed                     0 / 0                 0 / 0                 0 / 0                 0 / 0           ops/s
[2023-11-16T13:06:18.984+0800][gc,stats    ]      Memory: Undo Object Allocation Succeeded                  0 / 0                 0 / 0                 0 / 0                 0 / 0           ops/s
[2023-11-16T13:06:18.984+0800][gc,stats    ]      Memory: Undo Page Allocation                              0 / 0                 0 / 0                 0 / 0                 0 / 0           ops/s
[2023-11-16T13:06:18.984+0800][gc,stats    ]       Phase: Concurrent Mark                               0.000 / 0.000        25.401 / 26.782       25.401 / 26.782       25.401 / 26.782      ms
[2023-11-16T13:06:18.984+0800][gc,stats    ]       Phase: Concurrent Mark Continue                      0.000 / 0.000         0.000 / 0.000         0.000 / 0.000         0.000 / 0.000       ms
[2023-11-16T13:06:18.984+0800][gc,stats    ]       Phase: Concurrent Mark Free                          0.000 / 0.000         0.001 / 0.001         0.001 / 0.001         0.001 / 0.001       ms
[2023-11-16T13:06:18.984+0800][gc,stats    ]       Phase: Concurrent Process Non-Strong References      0.000 / 0.000         2.435 / 2.758         2.435 / 2.758         2.435 / 2.758       ms
[2023-11-16T13:06:18.984+0800][gc,stats    ]       Phase: Concurrent Relocate                           0.000 / 0.000         2.928 / 3.220         2.928 / 3.220         2.928 / 3.220       ms
[2023-11-16T13:06:18.984+0800][gc,stats    ]       Phase: Concurrent Reset Relocation Set               0.000 / 0.000         0.003 / 0.006         0.003 / 0.006         0.003 / 0.006       ms
[2023-11-16T13:06:18.984+0800][gc,stats    ]       Phase: Concurrent Select Relocation Set              0.000 / 0.000         5.767 / 9.539         5.767 / 9.539         5.767 / 9.539       ms
[2023-11-16T13:06:18.984+0800][gc,stats    ]       Phase: Pause Mark End                                0.000 / 0.000         0.023 / 0.026         0.023 / 0.026         0.023 / 0.026       ms
[2023-11-16T13:06:18.984+0800][gc,stats    ]       Phase: Pause Mark Start                              0.000 / 0.000         0.010 / 0.014         0.010 / 0.014         0.010 / 0.014       ms
[2023-11-16T13:06:18.984+0800][gc,stats    ]       Phase: Pause Relocate Start                          0.000 / 0.000         0.014 / 0.017         0.014 / 0.017         0.014 / 0.017       ms
[2023-11-16T13:06:18.984+0800][gc,stats    ]    Subphase: Concurrent Classes Purge                      0.000 / 0.000         0.082 / 0.093         0.082 / 0.093         0.082 / 0.093       ms
[2023-11-16T13:06:18.984+0800][gc,stats    ]    Subphase: Concurrent Classes Unlink                     0.000 / 0.000         1.496 / 1.649         1.496 / 1.649         1.496 / 1.649       ms
[2023-11-16T13:06:18.984+0800][gc,stats    ]    Subphase: Concurrent Mark                               0.000 / 0.000        21.597 / 25.992       21.597 / 25.992       21.597 / 25.992      ms
[2023-11-16T13:06:18.984+0800][gc,stats    ]    Subphase: Concurrent Mark Try Flush                     0.000 / 0.000         0.068 / 0.146         0.068 / 0.146         0.068 / 0.146       ms
[2023-11-16T13:06:18.984+0800][gc,stats    ]    Subphase: Concurrent Mark Try Terminate                 0.000 / 0.000         5.693 / 15.474        5.693 / 15.474        5.693 / 15.474      ms
[2023-11-16T13:06:18.984+0800][gc,stats    ]    Subphase: Concurrent References Enqueue                 0.000 / 0.000         0.005 / 0.005         0.005 / 0.005         0.005 / 0.005       ms
[2023-11-16T13:06:18.984+0800][gc,stats    ]    Subphase: Concurrent References Process                 0.000 / 0.000         0.108 / 0.128         0.108 / 0.128         0.108 / 0.128       ms
[2023-11-16T13:06:18.984+0800][gc,stats    ]    Subphase: Concurrent Roots ClassLoaderDataGraph         0.000 / 0.000         0.162 / 0.511         0.162 / 0.511         0.162 / 0.511       ms
[2023-11-16T13:06:18.984+0800][gc,stats    ]    Subphase: Concurrent Roots CodeCache                    0.000 / 0.000         0.000 / 0.000         0.000 / 0.000         0.000 / 0.000       ms
[2023-11-16T13:06:18.984+0800][gc,stats    ]    Subphase: Concurrent Roots JavaThreads                  0.000 / 0.000         0.945 / 1.682         0.945 / 1.682         0.945 / 1.682       ms
[2023-11-16T13:06:18.984+0800][gc,stats    ]    Subphase: Concurrent Roots OopStorageSet                0.000 / 0.000         0.041 / 0.062         0.041 / 0.062         0.041 / 0.062       ms
[2023-11-16T13:06:18.984+0800][gc,stats    ]    Subphase: Concurrent Weak Roots OopStorageSet           0.000 / 0.000         0.514 / 0.770         0.514 / 0.770         0.514 / 0.770       ms
[2023-11-16T13:06:18.984+0800][gc,stats    ]    Subphase: Pause Mark Try Complete                       0.000 / 0.000         0.000 / 0.000         0.000 / 0.000         0.000 / 0.000       ms
[2023-11-16T13:06:18.984+0800][gc,stats    ]      System: Java Threads                                      0 / 0                36 / 51               36 / 51               36 / 51          threads
[2023-11-16T13:06:18.984+0800][gc,stats    ] =========================================================================================================================================================
[2023-11-16T13:06:28.983+0800][gc,stats    ] === Garbage Collection Statistics =======================================================================================================================
[2023-11-16T13:06:28.983+0800][gc,stats    ]                                                              Last 10s              Last 10m              Last 10h                Total
[2023-11-16T13:06:28.983+0800][gc,stats    ]                                                              Avg / Max             Avg / Max             Avg / Max             Avg / Max
[2023-11-16T13:06:28.983+0800][gc,stats    ]   Collector: Garbage Collection Cycle                      0.000 / 0.000        42.450 / 42.489       42.450 / 42.489       42.450 / 42.489      ms
[2023-11-16T13:06:28.983+0800][gc,stats    ]  Contention: Mark Segment Reset Contention                     0 / 0                 0 / 2                 0 / 2                 0 / 2           ops/s
[2023-11-16T13:06:28.983+0800][gc,stats    ]  Contention: Mark SeqNum Reset Contention                      0 / 0                 0 / 1                 0 / 1                 0 / 1           ops/s
[2023-11-16T13:06:28.983+0800][gc,stats    ]    Critical: Allocation Stall                                  0 / 0                 0 / 0                 0 / 0                 0 / 0           ops/s
[2023-11-16T13:06:28.983+0800][gc,stats    ]    Critical: Allocation Stall                              0.000 / 0.000         0.000 / 0.000         0.000 / 0.000         0.000 / 0.000       ms
[2023-11-16T13:06:28.983+0800][gc,stats    ]    Critical: GC Locker Stall                                   0 / 0                 0 / 0                 0 / 0                 0 / 0           ops/s
[2023-11-16T13:06:28.983+0800][gc,stats    ]    Critical: GC Locker Stall                               0.000 / 0.000         0.000 / 0.000         0.000 / 0.000         0.000 / 0.000       ms
[2023-11-16T13:06:28.983+0800][gc,stats    ]    Critical: Relocation Stall                                  0 / 0                 0 / 0                 0 / 0                 0 / 0           ops/s
[2023-11-16T13:06:28.983+0800][gc,stats    ]    Critical: Relocation Stall                              0.000 / 0.000         0.000 / 0.000         0.000 / 0.000         0.000 / 0.000       ms
[2023-11-16T13:06:28.983+0800][gc,stats    ]      Memory: Allocation Rate                                   0 / 2                 1 / 96                1 / 96                1 / 96          MB/s
[2023-11-16T13:06:28.983+0800][gc,stats    ]      Memory: Defragment                                        0 / 0                 0 / 0                 0 / 0                 0 / 0           ops/s
[2023-11-16T13:06:28.983+0800][gc,stats    ]      Memory: Out Of Memory                                     0 / 0                 0 / 0                 0 / 0                 0 / 0           ops/s
[2023-11-16T13:06:28.983+0800][gc,stats    ]      Memory: Page Cache Flush                                  0 / 0                 0 / 0                 0 / 0                 0 / 0           MB/s
[2023-11-16T13:06:28.983+0800][gc,stats    ]      Memory: Page Cache Hit L1                                 0 / 1                 0 / 38                0 / 38                0 / 38          ops/s
[2023-11-16T13:06:28.983+0800][gc,stats    ]      Memory: Page Cache Hit L2                                 0 / 0                 0 / 0                 0 / 0                 0 / 0           ops/s
[2023-11-16T13:06:28.983+0800][gc,stats    ]      Memory: Page Cache Hit L3                                 0 / 0                 0 / 48                0 / 48                0 / 48          ops/s
[2023-11-16T13:06:28.983+0800][gc,stats    ]      Memory: Page Cache Miss                                   0 / 0                 0 / 1                 0 / 1                 0 / 1           ops/s
[2023-11-16T13:06:28.983+0800][gc,stats    ]      Memory: Uncommit                                          0 / 0                 0 / 0                 0 / 0                 0 / 0           MB/s
[2023-11-16T13:06:28.983+0800][gc,stats    ]      Memory: Undo Object Allocation Failed                     0 / 0                 0 / 0                 0 / 0                 0 / 0           ops/s
[2023-11-16T13:06:28.983+0800][gc,stats    ]      Memory: Undo Object Allocation Succeeded                  0 / 0                 0 / 0                 0 / 0                 0 / 0           ops/s
[2023-11-16T13:06:28.983+0800][gc,stats    ]      Memory: Undo Page Allocation                              0 / 0                 0 / 0                 0 / 0                 0 / 0           ops/s
[2023-11-16T13:06:28.983+0800][gc,stats    ]       Phase: Concurrent Mark                               0.000 / 0.000        25.401 / 26.782       25.401 / 26.782       25.401 / 26.782      ms
[2023-11-16T13:06:28.983+0800][gc,stats    ]       Phase: Concurrent Mark Continue                      0.000 / 0.000         0.000 / 0.000         0.000 / 0.000         0.000 / 0.000       ms
[2023-11-16T13:06:28.983+0800][gc,stats    ]       Phase: Concurrent Mark Free                          0.000 / 0.000         0.001 / 0.001         0.001 / 0.001         0.001 / 0.001       ms
[2023-11-16T13:06:28.983+0800][gc,stats    ]       Phase: Concurrent Process Non-Strong References      0.000 / 0.000         2.435 / 2.758         2.435 / 2.758         2.435 / 2.758       ms
[2023-11-16T13:06:28.983+0800][gc,stats    ]       Phase: Concurrent Relocate                           0.000 / 0.000         2.928 / 3.220         2.928 / 3.220         2.928 / 3.220       ms
[2023-11-16T13:06:28.983+0800][gc,stats    ]       Phase: Concurrent Reset Relocation Set               0.000 / 0.000         0.003 / 0.006         0.003 / 0.006         0.003 / 0.006       ms
[2023-11-16T13:06:28.983+0800][gc,stats    ]       Phase: Concurrent Select Relocation Set              0.000 / 0.000         5.767 / 9.539         5.767 / 9.539         5.767 / 9.539       ms
[2023-11-16T13:06:28.983+0800][gc,stats    ]       Phase: Pause Mark End                                0.000 / 0.000         0.023 / 0.026         0.023 / 0.026         0.023 / 0.026       ms
[2023-11-16T13:06:28.983+0800][gc,stats    ]       Phase: Pause Mark Start                              0.000 / 0.000         0.010 / 0.014         0.010 / 0.014         0.010 / 0.014       ms
[2023-11-16T13:06:28.983+0800][gc,stats    ]       Phase: Pause Relocate Start                          0.000 / 0.000         0.014 / 0.017         0.014 / 0.017         0.014 / 0.017       ms
[2023-11-16T13:06:28.983+0800][gc,stats    ]    Subphase: Concurrent Classes Purge                      0.000 / 0.000         0.082 / 0.093         0.082 / 0.093         0.082 / 0.093       ms
[2023-11-16T13:06:28.983+0800][gc,stats    ]    Subphase: Concurrent Classes Unlink                     0.000 / 0.000         1.496 / 1.649         1.496 / 1.649         1.496 / 1.649       ms
[2023-11-16T13:06:28.983+0800][gc,stats    ]    Subphase: Concurrent Mark                               0.000 / 0.000        21.597 / 25.992       21.597 / 25.992       21.597 / 25.992      ms
[2023-11-16T13:06:28.983+0800][gc,stats    ]    Subphase: Concurrent Mark Try Flush                     0.000 / 0.000         0.068 / 0.146         0.068 / 0.146         0.068 / 0.146       ms
[2023-11-16T13:06:28.983+0800][gc,stats    ]    Subphase: Concurrent Mark Try Terminate                 0.000 / 0.000         5.693 / 15.474        5.693 / 15.474        5.693 / 15.474      ms
[2023-11-16T13:06:28.983+0800][gc,stats    ]    Subphase: Concurrent References Enqueue                 0.000 / 0.000         0.005 / 0.005         0.005 / 0.005         0.005 / 0.005       ms
[2023-11-16T13:06:28.983+0800][gc,stats    ]    Subphase: Concurrent References Process                 0.000 / 0.000         0.108 / 0.128         0.108 / 0.128         0.108 / 0.128       ms
[2023-11-16T13:06:28.983+0800][gc,stats    ]    Subphase: Concurrent Roots ClassLoaderDataGraph         0.000 / 0.000         0.162 / 0.511         0.162 / 0.511         0.162 / 0.511       ms
[2023-11-16T13:06:28.983+0800][gc,stats    ]    Subphase: Concurrent Roots CodeCache                    0.000 / 0.000         0.000 / 0.000         0.000 / 0.000         0.000 / 0.000       ms
[2023-11-16T13:06:28.983+0800][gc,stats    ]    Subphase: Concurrent Roots JavaThreads                  0.000 / 0.000         0.945 / 1.682         0.945 / 1.682         0.945 / 1.682       ms
[2023-11-16T13:06:28.983+0800][gc,stats    ]    Subphase: Concurrent Roots OopStorageSet                0.000 / 0.000         0.041 / 0.062         0.041 / 0.062         0.041 / 0.062       ms
[2023-11-16T13:06:28.983+0800][gc,stats    ]    Subphase: Concurrent Weak Roots OopStorageSet           0.000 / 0.000         0.514 / 0.770         0.514 / 0.770         0.514 / 0.770       ms
[2023-11-16T13:06:28.983+0800][gc,stats    ]    Subphase: Pause Mark Try Complete                       0.000 / 0.000         0.000 / 0.000         0.000 / 0.000         0.000 / 0.000       ms
[2023-11-16T13:06:28.983+0800][gc,stats    ]      System: Java Threads                                      0 / 0                36 / 51               36 / 51               36 / 51          threads
[2023-11-16T13:06:28.983+0800][gc,stats    ] =========================================================================================================================================================
[2023-11-16T13:06:38.984+0800][gc,stats    ] === Garbage Collection Statistics =======================================================================================================================
[2023-11-16T13:06:38.984+0800][gc,stats    ]                                                              Last 10s              Last 10m              Last 10h                Total
[2023-11-16T13:06:38.984+0800][gc,stats    ]                                                              Avg / Max             Avg / Max             Avg / Max             Avg / Max
[2023-11-16T13:06:38.984+0800][gc,stats    ]   Collector: Garbage Collection Cycle                      0.000 / 0.000        42.450 / 42.489       42.450 / 42.489       42.450 / 42.489      ms
[2023-11-16T13:06:38.984+0800][gc,stats    ]  Contention: Mark Segment Reset Contention                     0 / 0                 0 / 2                 0 / 2                 0 / 2           ops/s
[2023-11-16T13:06:38.984+0800][gc,stats    ]  Contention: Mark SeqNum Reset Contention                      0 / 0                 0 / 1                 0 / 1                 0 / 1           ops/s
[2023-11-16T13:06:38.984+0800][gc,stats    ]    Critical: Allocation Stall                                  0 / 0                 0 / 0                 0 / 0                 0 / 0           ops/s
[2023-11-16T13:06:38.984+0800][gc,stats    ]    Critical: Allocation Stall                              0.000 / 0.000         0.000 / 0.000         0.000 / 0.000         0.000 / 0.000       ms
[2023-11-16T13:06:38.984+0800][gc,stats    ]    Critical: GC Locker Stall                                   0 / 0                 0 / 0                 0 / 0                 0 / 0           ops/s
[2023-11-16T13:06:38.984+0800][gc,stats    ]    Critical: GC Locker Stall                               0.000 / 0.000         0.000 / 0.000         0.000 / 0.000         0.000 / 0.000       ms
[2023-11-16T13:06:38.984+0800][gc,stats    ]    Critical: Relocation Stall                                  0 / 0                 0 / 0                 0 / 0                 0 / 0           ops/s
[2023-11-16T13:06:38.984+0800][gc,stats    ]    Critical: Relocation Stall                              0.000 / 0.000         0.000 / 0.000         0.000 / 0.000         0.000 / 0.000       ms
[2023-11-16T13:06:38.984+0800][gc,stats    ]      Memory: Allocation Rate                                   0 / 0                 1 / 96                1 / 96                1 / 96          MB/s
[2023-11-16T13:06:38.984+0800][gc,stats    ]      Memory: Defragment                                        0 / 0                 0 / 0                 0 / 0                 0 / 0           ops/s
[2023-11-16T13:06:38.984+0800][gc,stats    ]      Memory: Out Of Memory                                     0 / 0                 0 / 0                 0 / 0                 0 / 0           ops/s
[2023-11-16T13:06:38.984+0800][gc,stats    ]      Memory: Page Cache Flush                                  0 / 0                 0 / 0                 0 / 0                 0 / 0           MB/s
[2023-11-16T13:06:38.984+0800][gc,stats    ]      Memory: Page Cache Hit L1                                 0 / 0                 0 / 38                0 / 38                0 / 38          ops/s
[2023-11-16T13:06:38.984+0800][gc,stats    ]      Memory: Page Cache Hit L2                                 0 / 0                 0 / 0                 0 / 0                 0 / 0           ops/s
[2023-11-16T13:06:38.984+0800][gc,stats    ]      Memory: Page Cache Hit L3                                 0 / 0                 0 / 48                0 / 48                0 / 48          ops/s
[2023-11-16T13:06:38.984+0800][gc,stats    ]      Memory: Page Cache Miss                                   0 / 0                 0 / 1                 0 / 1                 0 / 1           ops/s
[2023-11-16T13:06:38.984+0800][gc,stats    ]      Memory: Uncommit                                          0 / 0                 0 / 0                 0 / 0                 0 / 0           MB/s
[2023-11-16T13:06:38.984+0800][gc,stats    ]      Memory: Undo Object Allocation Failed                     0 / 0                 0 / 0                 0 / 0                 0 / 0           ops/s
[2023-11-16T13:06:38.984+0800][gc,stats    ]      Memory: Undo Object Allocation Succeeded                  0 / 0                 0 / 0                 0 / 0                 0 / 0           ops/s
[2023-11-16T13:06:38.984+0800][gc,stats    ]      Memory: Undo Page Allocation                              0 / 0                 0 / 0                 0 / 0                 0 / 0           ops/s
[2023-11-16T13:06:38.984+0800][gc,stats    ]       Phase: Concurrent Mark                               0.000 / 0.000        25.401 / 26.782       25.401 / 26.782       25.401 / 26.782      ms
[2023-11-16T13:06:38.984+0800][gc,stats    ]       Phase: Concurrent Mark Continue                      0.000 / 0.000         0.000 / 0.000         0.000 / 0.000         0.000 / 0.000       ms
[2023-11-16T13:06:38.984+0800][gc,stats    ]       Phase: Concurrent Mark Free                          0.000 / 0.000         0.001 / 0.001         0.001 / 0.001         0.001 / 0.001       ms
[2023-11-16T13:06:38.984+0800][gc,stats    ]       Phase: Concurrent Process Non-Strong References      0.000 / 0.000         2.435 / 2.758         2.435 / 2.758         2.435 / 2.758       ms
[2023-11-16T13:06:38.984+0800][gc,stats    ]       Phase: Concurrent Relocate                           0.000 / 0.000         2.928 / 3.220         2.928 / 3.220         2.928 / 3.220       ms
[2023-11-16T13:06:38.984+0800][gc,stats    ]       Phase: Concurrent Reset Relocation Set               0.000 / 0.000         0.003 / 0.006         0.003 / 0.006         0.003 / 0.006       ms
[2023-11-16T13:06:38.984+0800][gc,stats    ]       Phase: Concurrent Select Relocation Set              0.000 / 0.000         5.767 / 9.539         5.767 / 9.539         5.767 / 9.539       ms
[2023-11-16T13:06:38.984+0800][gc,stats    ]       Phase: Pause Mark End                                0.000 / 0.000         0.023 / 0.026         0.023 / 0.026         0.023 / 0.026       ms
[2023-11-16T13:06:38.984+0800][gc,stats    ]       Phase: Pause Mark Start                              0.000 / 0.000         0.010 / 0.014         0.010 / 0.014         0.010 / 0.014       ms
[2023-11-16T13:06:38.984+0800][gc,stats    ]       Phase: Pause Relocate Start                          0.000 / 0.000         0.014 / 0.017         0.014 / 0.017         0.014 / 0.017       ms
[2023-11-16T13:06:38.984+0800][gc,stats    ]    Subphase: Concurrent Classes Purge                      0.000 / 0.000         0.082 / 0.093         0.082 / 0.093         0.082 / 0.093       ms
[2023-11-16T13:06:38.984+0800][gc,stats    ]    Subphase: Concurrent Classes Unlink                     0.000 / 0.000         1.496 / 1.649         1.496 / 1.649         1.496 / 1.649       ms
[2023-11-16T13:06:38.984+0800][gc,stats    ]    Subphase: Concurrent Mark                               0.000 / 0.000        21.597 / 25.992       21.597 / 25.992       21.597 / 25.992      ms
[2023-11-16T13:06:38.984+0800][gc,stats    ]    Subphase: Concurrent Mark Try Flush                     0.000 / 0.000         0.068 / 0.146         0.068 / 0.146         0.068 / 0.146       ms
[2023-11-16T13:06:38.984+0800][gc,stats    ]    Subphase: Concurrent Mark Try Terminate                 0.000 / 0.000         5.693 / 15.474        5.693 / 15.474        5.693 / 15.474      ms
[2023-11-16T13:06:38.984+0800][gc,stats    ]    Subphase: Concurrent References Enqueue                 0.000 / 0.000         0.005 / 0.005         0.005 / 0.005         0.005 / 0.005       ms
[2023-11-16T13:06:38.984+0800][gc,stats    ]    Subphase: Concurrent References Process                 0.000 / 0.000         0.108 / 0.128         0.108 / 0.128         0.108 / 0.128       ms
[2023-11-16T13:06:38.984+0800][gc,stats    ]    Subphase: Concurrent Roots ClassLoaderDataGraph         0.000 / 0.000         0.162 / 0.511         0.162 / 0.511         0.162 / 0.511       ms
[2023-11-16T13:06:38.984+0800][gc,stats    ]    Subphase: Concurrent Roots CodeCache                    0.000 / 0.000         0.000 / 0.000         0.000 / 0.000         0.000 / 0.000       ms
[2023-11-16T13:06:38.984+0800][gc,stats    ]    Subphase: Concurrent Roots JavaThreads                  0.000 / 0.000         0.945 / 1.682         0.945 / 1.682         0.945 / 1.682       ms
[2023-11-16T13:06:38.984+0800][gc,stats    ]    Subphase: Concurrent Roots OopStorageSet                0.000 / 0.000         0.041 / 0.062         0.041 / 0.062         0.041 / 0.062       ms
[2023-11-16T13:06:38.984+0800][gc,stats    ]    Subphase: Concurrent Weak Roots OopStorageSet           0.000 / 0.000         0.514 / 0.770         0.514 / 0.770         0.514 / 0.770       ms
[2023-11-16T13:06:38.984+0800][gc,stats    ]    Subphase: Pause Mark Try Complete                       0.000 / 0.000         0.000 / 0.000         0.000 / 0.000         0.000 / 0.000       ms
[2023-11-16T13:06:38.984+0800][gc,stats    ]      System: Java Threads                                      0 / 0                36 / 51               36 / 51               36 / 51          threads
[2023-11-16T13:06:38.984+0800][gc,stats    ] =========================================================================================================================================================
[2023-11-16T13:06:48.984+0800][gc,stats    ] === Garbage Collection Statistics =======================================================================================================================
[2023-11-16T13:06:48.984+0800][gc,stats    ]                                                              Last 10s              Last 10m              Last 10h                Total
[2023-11-16T13:06:48.984+0800][gc,stats    ]                                                              Avg / Max             Avg / Max             Avg / Max             Avg / Max
[2023-11-16T13:06:48.984+0800][gc,stats    ]   Collector: Garbage Collection Cycle                      0.000 / 0.000        42.450 / 42.489       42.450 / 42.489       42.450 / 42.489      ms
[2023-11-16T13:06:48.984+0800][gc,stats    ]  Contention: Mark Segment Reset Contention                     0 / 0                 0 / 2                 0 / 2                 0 / 2           ops/s
[2023-11-16T13:06:48.984+0800][gc,stats    ]  Contention: Mark SeqNum Reset Contention                      0 / 0                 0 / 1                 0 / 1                 0 / 1           ops/s
[2023-11-16T13:06:48.984+0800][gc,stats    ]    Critical: Allocation Stall                                  0 / 0                 0 / 0                 0 / 0                 0 / 0           ops/s
[2023-11-16T13:06:48.984+0800][gc,stats    ]    Critical: Allocation Stall                              0.000 / 0.000         0.000 / 0.000         0.000 / 0.000         0.000 / 0.000       ms
[2023-11-16T13:06:48.984+0800][gc,stats    ]    Critical: GC Locker Stall                                   0 / 0                 0 / 0                 0 / 0                 0 / 0           ops/s
[2023-11-16T13:06:48.984+0800][gc,stats    ]    Critical: GC Locker Stall                               0.000 / 0.000         0.000 / 0.000         0.000 / 0.000         0.000 / 0.000       ms
[2023-11-16T13:06:48.984+0800][gc,stats    ]    Critical: Relocation Stall                                  0 / 0                 0 / 0                 0 / 0                 0 / 0           ops/s
[2023-11-16T13:06:48.984+0800][gc,stats    ]    Critical: Relocation Stall                              0.000 / 0.000         0.000 / 0.000         0.000 / 0.000         0.000 / 0.000       ms
[2023-11-16T13:06:48.984+0800][gc,stats    ]      Memory: Allocation Rate                                   0 / 2                 1 / 96                1 / 96                1 / 96          MB/s
[2023-11-16T13:06:48.984+0800][gc,stats    ]      Memory: Defragment                                        0 / 0                 0 / 0                 0 / 0                 0 / 0           ops/s
[2023-11-16T13:06:48.984+0800][gc,stats    ]      Memory: Out Of Memory                                     0 / 0                 0 / 0                 0 / 0                 0 / 0           ops/s
[2023-11-16T13:06:48.984+0800][gc,stats    ]      Memory: Page Cache Flush                                  0 / 0                 0 / 0                 0 / 0                 0 / 0           MB/s
[2023-11-16T13:06:48.984+0800][gc,stats    ]      Memory: Page Cache Hit L1                                 0 / 1                 0 / 38                0 / 38                0 / 38          ops/s
[2023-11-16T13:06:48.984+0800][gc,stats    ]      Memory: Page Cache Hit L2                                 0 / 0                 0 / 0                 0 / 0                 0 / 0           ops/s
[2023-11-16T13:06:48.984+0800][gc,stats    ]      Memory: Page Cache Hit L3                                 0 / 0                 0 / 48                0 / 48                0 / 48          ops/s
[2023-11-16T13:06:48.984+0800][gc,stats    ]      Memory: Page Cache Miss                                   0 / 0                 0 / 1                 0 / 1                 0 / 1           ops/s
[2023-11-16T13:06:48.984+0800][gc,stats    ]      Memory: Uncommit                                          0 / 0                 0 / 0                 0 / 0                 0 / 0           MB/s
[2023-11-16T13:06:48.984+0800][gc,stats    ]      Memory: Undo Object Allocation Failed                     0 / 0                 0 / 0                 0 / 0                 0 / 0           ops/s
[2023-11-16T13:06:48.984+0800][gc,stats    ]      Memory: Undo Object Allocation Succeeded                  0 / 0                 0 / 0                 0 / 0                 0 / 0           ops/s
[2023-11-16T13:06:48.984+0800][gc,stats    ]      Memory: Undo Page Allocation                              0 / 0                 0 / 0                 0 / 0                 0 / 0           ops/s
[2023-11-16T13:06:48.984+0800][gc,stats    ]       Phase: Concurrent Mark                               0.000 / 0.000        25.401 / 26.782       25.401 / 26.782       25.401 / 26.782      ms
[2023-11-16T13:06:48.984+0800][gc,stats    ]       Phase: Concurrent Mark Continue                      0.000 / 0.000         0.000 / 0.000         0.000 / 0.000         0.000 / 0.000       ms
[2023-11-16T13:06:48.984+0800][gc,stats    ]       Phase: Concurrent Mark Free                          0.000 / 0.000         0.001 / 0.001         0.001 / 0.001         0.001 / 0.001       ms
[2023-11-16T13:06:48.984+0800][gc,stats    ]       Phase: Concurrent Process Non-Strong References      0.000 / 0.000         2.435 / 2.758         2.435 / 2.758         2.435 / 2.758       ms
[2023-11-16T13:06:48.984+0800][gc,stats    ]       Phase: Concurrent Relocate                           0.000 / 0.000         2.928 / 3.220         2.928 / 3.220         2.928 / 3.220       ms
[2023-11-16T13:06:48.984+0800][gc,stats    ]       Phase: Concurrent Reset Relocation Set               0.000 / 0.000         0.003 / 0.006         0.003 / 0.006         0.003 / 0.006       ms
[2023-11-16T13:06:48.984+0800][gc,stats    ]       Phase: Concurrent Select Relocation Set              0.000 / 0.000         5.767 / 9.539         5.767 / 9.539         5.767 / 9.539       ms
[2023-11-16T13:06:48.984+0800][gc,stats    ]       Phase: Pause Mark End                                0.000 / 0.000         0.023 / 0.026         0.023 / 0.026         0.023 / 0.026       ms
[2023-11-16T13:06:48.984+0800][gc,stats    ]       Phase: Pause Mark Start                              0.000 / 0.000         0.010 / 0.014         0.010 / 0.014         0.010 / 0.014       ms
[2023-11-16T13:06:48.984+0800][gc,stats    ]       Phase: Pause Relocate Start                          0.000 / 0.000         0.014 / 0.017         0.014 / 0.017         0.014 / 0.017       ms
[2023-11-16T13:06:48.984+0800][gc,stats    ]    Subphase: Concurrent Classes Purge                      0.000 / 0.000         0.082 / 0.093         0.082 / 0.093         0.082 / 0.093       ms
[2023-11-16T13:06:48.984+0800][gc,stats    ]    Subphase: Concurrent Classes Unlink                     0.000 / 0.000         1.496 / 1.649         1.496 / 1.649         1.496 / 1.649       ms
[2023-11-16T13:06:48.984+0800][gc,stats    ]    Subphase: Concurrent Mark                               0.000 / 0.000        21.597 / 25.992       21.597 / 25.992       21.597 / 25.992      ms
[2023-11-16T13:06:48.984+0800][gc,stats    ]    Subphase: Concurrent Mark Try Flush                     0.000 / 0.000         0.068 / 0.146         0.068 / 0.146         0.068 / 0.146       ms
[2023-11-16T13:06:48.984+0800][gc,stats    ]    Subphase: Concurrent Mark Try Terminate                 0.000 / 0.000         5.693 / 15.474        5.693 / 15.474        5.693 / 15.474      ms
[2023-11-16T13:06:48.984+0800][gc,stats    ]    Subphase: Concurrent References Enqueue                 0.000 / 0.000         0.005 / 0.005         0.005 / 0.005         0.005 / 0.005       ms
[2023-11-16T13:06:48.984+0800][gc,stats    ]    Subphase: Concurrent References Process                 0.000 / 0.000         0.108 / 0.128         0.108 / 0.128         0.108 / 0.128       ms
[2023-11-16T13:06:48.984+0800][gc,stats    ]    Subphase: Concurrent Roots ClassLoaderDataGraph         0.000 / 0.000         0.162 / 0.511         0.162 / 0.511         0.162 / 0.511       ms
[2023-11-16T13:06:48.984+0800][gc,stats    ]    Subphase: Concurrent Roots CodeCache                    0.000 / 0.000         0.000 / 0.000         0.000 / 0.000         0.000 / 0.000       ms
[2023-11-16T13:06:48.984+0800][gc,stats    ]    Subphase: Concurrent Roots JavaThreads                  0.000 / 0.000         0.945 / 1.682         0.945 / 1.682         0.945 / 1.682       ms
[2023-11-16T13:06:48.984+0800][gc,stats    ]    Subphase: Concurrent Roots OopStorageSet                0.000 / 0.000         0.041 / 0.062         0.041 / 0.062         0.041 / 0.062       ms
[2023-11-16T13:06:48.984+0800][gc,stats    ]    Subphase: Concurrent Weak Roots OopStorageSet           0.000 / 0.000         0.514 / 0.770         0.514 / 0.770         0.514 / 0.770       ms
[2023-11-16T13:06:48.984+0800][gc,stats    ]    Subphase: Pause Mark Try Complete                       0.000 / 0.000         0.000 / 0.000         0.000 / 0.000         0.000 / 0.000       ms
[2023-11-16T13:06:48.984+0800][gc,stats    ]      System: Java Threads                                      0 / 0                36 / 51               36 / 51               36 / 51          threads
[2023-11-16T13:06:48.984+0800][gc,stats    ] =========================================================================================================================================================
[2023-11-16T13:06:58.983+0800][gc,stats    ] === Garbage Collection Statistics =======================================================================================================================
[2023-11-16T13:06:58.983+0800][gc,stats    ]                                                              Last 10s              Last 10m              Last 10h                Total
[2023-11-16T13:06:58.983+0800][gc,stats    ]                                                              Avg / Max             Avg / Max             Avg / Max             Avg / Max
[2023-11-16T13:06:58.983+0800][gc,stats    ]   Collector: Garbage Collection Cycle                      0.000 / 0.000        42.450 / 42.489       42.450 / 42.489       42.450 / 42.489      ms
[2023-11-16T13:06:58.983+0800][gc,stats    ]  Contention: Mark Segment Reset Contention                     0 / 0                 0 / 2                 0 / 2                 0 / 2           ops/s
[2023-11-16T13:06:58.983+0800][gc,stats    ]  Contention: Mark SeqNum Reset Contention                      0 / 0                 0 / 1                 0 / 1                 0 / 1           ops/s
[2023-11-16T13:06:58.983+0800][gc,stats    ]    Critical: Allocation Stall                                  0 / 0                 0 / 0                 0 / 0                 0 / 0           ops/s
[2023-11-16T13:06:58.983+0800][gc,stats    ]    Critical: Allocation Stall                              0.000 / 0.000         0.000 / 0.000         0.000 / 0.000         0.000 / 0.000       ms
[2023-11-16T13:06:58.983+0800][gc,stats    ]    Critical: GC Locker Stall                                   0 / 0                 0 / 0                 0 / 0                 0 / 0           ops/s
[2023-11-16T13:06:58.983+0800][gc,stats    ]    Critical: GC Locker Stall                               0.000 / 0.000         0.000 / 0.000         0.000 / 0.000         0.000 / 0.000       ms
[2023-11-16T13:06:58.983+0800][gc,stats    ]    Critical: Relocation Stall                                  0 / 0                 0 / 0                 0 / 0                 0 / 0           ops/s
[2023-11-16T13:06:58.983+0800][gc,stats    ]    Critical: Relocation Stall                              0.000 / 0.000         0.000 / 0.000         0.000 / 0.000         0.000 / 0.000       ms
[2023-11-16T13:06:58.983+0800][gc,stats    ]      Memory: Allocation Rate                                   0 / 0                 1 / 96                1 / 96                1 / 96          MB/s
[2023-11-16T13:06:58.983+0800][gc,stats    ]      Memory: Defragment                                        0 / 0                 0 / 0                 0 / 0                 0 / 0           ops/s
[2023-11-16T13:06:58.983+0800][gc,stats    ]      Memory: Out Of Memory                                     0 / 0                 0 / 0                 0 / 0                 0 / 0           ops/s
[2023-11-16T13:06:58.983+0800][gc,stats    ]      Memory: Page Cache Flush                                  0 / 0                 0 / 0                 0 / 0                 0 / 0           MB/s
[2023-11-16T13:06:58.983+0800][gc,stats    ]      Memory: Page Cache Hit L1                                 0 / 0                 0 / 38                0 / 38                0 / 38          ops/s
[2023-11-16T13:06:58.983+0800][gc,stats    ]      Memory: Page Cache Hit L2                                 0 / 0                 0 / 0                 0 / 0                 0 / 0           ops/s
[2023-11-16T13:06:58.983+0800][gc,stats    ]      Memory: Page Cache Hit L3                                 0 / 0                 0 / 48                0 / 48                0 / 48          ops/s
[2023-11-16T13:06:58.983+0800][gc,stats    ]      Memory: Page Cache Miss                                   0 / 0                 0 / 1                 0 / 1                 0 / 1           ops/s
[2023-11-16T13:06:58.983+0800][gc,stats    ]      Memory: Uncommit                                          0 / 0                 0 / 0                 0 / 0                 0 / 0           MB/s
[2023-11-16T13:06:58.983+0800][gc,stats    ]      Memory: Undo Object Allocation Failed                     0 / 0                 0 / 0                 0 / 0                 0 / 0           ops/s
[2023-11-16T13:06:58.983+0800][gc,stats    ]      Memory: Undo Object Allocation Succeeded                  0 / 0                 0 / 0                 0 / 0                 0 / 0           ops/s
[2023-11-16T13:06:58.983+0800][gc,stats    ]      Memory: Undo Page Allocation                              0 / 0                 0 / 0                 0 / 0                 0 / 0           ops/s
[2023-11-16T13:06:58.983+0800][gc,stats    ]       Phase: Concurrent Mark                               0.000 / 0.000        25.401 / 26.782       25.401 / 26.782       25.401 / 26.782      ms
[2023-11-16T13:06:58.983+0800][gc,stats    ]       Phase: Concurrent Mark Continue                      0.000 / 0.000         0.000 / 0.000         0.000 / 0.000         0.000 / 0.000       ms
[2023-11-16T13:06:58.983+0800][gc,stats    ]       Phase: Concurrent Mark Free                          0.000 / 0.000         0.001 / 0.001         0.001 / 0.001         0.001 / 0.001       ms
[2023-11-16T13:06:58.983+0800][gc,stats    ]       Phase: Concurrent Process Non-Strong References      0.000 / 0.000         2.435 / 2.758         2.435 / 2.758         2.435 / 2.758       ms
[2023-11-16T13:06:58.983+0800][gc,stats    ]       Phase: Concurrent Relocate                           0.000 / 0.000         2.928 / 3.220         2.928 / 3.220         2.928 / 3.220       ms
[2023-11-16T13:06:58.983+0800][gc,stats    ]       Phase: Concurrent Reset Relocation Set               0.000 / 0.000         0.003 / 0.006         0.003 / 0.006         0.003 / 0.006       ms
[2023-11-16T13:06:58.983+0800][gc,stats    ]       Phase: Concurrent Select Relocation Set              0.000 / 0.000         5.767 / 9.539         5.767 / 9.539         5.767 / 9.539       ms
[2023-11-16T13:06:58.983+0800][gc,stats    ]       Phase: Pause Mark End                                0.000 / 0.000         0.023 / 0.026         0.023 / 0.026         0.023 / 0.026       ms
[2023-11-16T13:06:58.983+0800][gc,stats    ]       Phase: Pause Mark Start                              0.000 / 0.000         0.010 / 0.014         0.010 / 0.014         0.010 / 0.014       ms
[2023-11-16T13:06:58.983+0800][gc,stats    ]       Phase: Pause Relocate Start                          0.000 / 0.000         0.014 / 0.017         0.014 / 0.017         0.014 / 0.017       ms
[2023-11-16T13:06:58.983+0800][gc,stats    ]    Subphase: Concurrent Classes Purge                      0.000 / 0.000         0.082 / 0.093         0.082 / 0.093         0.082 / 0.093       ms
[2023-11-16T13:06:58.983+0800][gc,stats    ]    Subphase: Concurrent Classes Unlink                     0.000 / 0.000         1.496 / 1.649         1.496 / 1.649         1.496 / 1.649       ms
[2023-11-16T13:06:58.983+0800][gc,stats    ]    Subphase: Concurrent Mark                               0.000 / 0.000        21.597 / 25.992       21.597 / 25.992       21.597 / 25.992      ms
[2023-11-16T13:06:58.983+0800][gc,stats    ]    Subphase: Concurrent Mark Try Flush                     0.000 / 0.000         0.068 / 0.146         0.068 / 0.146         0.068 / 0.146       ms
[2023-11-16T13:06:58.983+0800][gc,stats    ]    Subphase: Concurrent Mark Try Terminate                 0.000 / 0.000         5.693 / 15.474        5.693 / 15.474        5.693 / 15.474      ms
[2023-11-16T13:06:58.983+0800][gc,stats    ]    Subphase: Concurrent References Enqueue                 0.000 / 0.000         0.005 / 0.005         0.005 / 0.005         0.005 / 0.005       ms
[2023-11-16T13:06:58.983+0800][gc,stats    ]    Subphase: Concurrent References Process                 0.000 / 0.000         0.108 / 0.128         0.108 / 0.128         0.108 / 0.128       ms
[2023-11-16T13:06:58.983+0800][gc,stats    ]    Subphase: Concurrent Roots ClassLoaderDataGraph         0.000 / 0.000         0.162 / 0.511         0.162 / 0.511         0.162 / 0.511       ms
[2023-11-16T13:06:58.983+0800][gc,stats    ]    Subphase: Concurrent Roots CodeCache                    0.000 / 0.000         0.000 / 0.000         0.000 / 0.000         0.000 / 0.000       ms
[2023-11-16T13:06:58.983+0800][gc,stats    ]    Subphase: Concurrent Roots JavaThreads                  0.000 / 0.000         0.945 / 1.682         0.945 / 1.682         0.945 / 1.682       ms
[2023-11-16T13:06:58.983+0800][gc,stats    ]    Subphase: Concurrent Roots OopStorageSet                0.000 / 0.000         0.041 / 0.062         0.041 / 0.062         0.041 / 0.062       ms
[2023-11-16T13:06:58.983+0800][gc,stats    ]    Subphase: Concurrent Weak Roots OopStorageSet           0.000 / 0.000         0.514 / 0.770         0.514 / 0.770         0.514 / 0.770       ms
[2023-11-16T13:06:58.983+0800][gc,stats    ]    Subphase: Pause Mark Try Complete                       0.000 / 0.000         0.000 / 0.000         0.000 / 0.000         0.000 / 0.000       ms
[2023-11-16T13:06:58.983+0800][gc,stats    ]      System: Java Threads                                      0 / 0                36 / 51               36 / 51               36 / 51          threads
[2023-11-16T13:06:58.984+0800][gc,stats    ] =========================================================================================================================================================
[2023-11-16T13:07:08.984+0800][gc,stats    ] === Garbage Collection Statistics =======================================================================================================================
[2023-11-16T13:07:08.984+0800][gc,stats    ]                                                              Last 10s              Last 10m              Last 10h                Total
[2023-11-16T13:07:08.984+0800][gc,stats    ]                                                              Avg / Max             Avg / Max             Avg / Max             Avg / Max
[2023-11-16T13:07:08.984+0800][gc,stats    ]   Collector: Garbage Collection Cycle                      0.000 / 0.000        42.450 / 42.489       42.450 / 42.489       42.450 / 42.489      ms
[2023-11-16T13:07:08.984+0800][gc,stats    ]  Contention: Mark Segment Reset Contention                     0 / 0                 0 / 2                 0 / 2                 0 / 2           ops/s
[2023-11-16T13:07:08.984+0800][gc,stats    ]  Contention: Mark SeqNum Reset Contention                      0 / 0                 0 / 1                 0 / 1                 0 / 1           ops/s
[2023-11-16T13:07:08.984+0800][gc,stats    ]    Critical: Allocation Stall                                  0 / 0                 0 / 0                 0 / 0                 0 / 0           ops/s
[2023-11-16T13:07:08.984+0800][gc,stats    ]    Critical: Allocation Stall                              0.000 / 0.000         0.000 / 0.000         0.000 / 0.000         0.000 / 0.000       ms
[2023-11-16T13:07:08.984+0800][gc,stats    ]    Critical: GC Locker Stall                                   0 / 0                 0 / 0                 0 / 0                 0 / 0           ops/s
[2023-11-16T13:07:08.984+0800][gc,stats    ]    Critical: GC Locker Stall                               0.000 / 0.000         0.000 / 0.000         0.000 / 0.000         0.000 / 0.000       ms
[2023-11-16T13:07:08.984+0800][gc,stats    ]    Critical: Relocation Stall                                  0 / 0                 0 / 0                 0 / 0                 0 / 0           ops/s
[2023-11-16T13:07:08.984+0800][gc,stats    ]    Critical: Relocation Stall                              0.000 / 0.000         0.000 / 0.000         0.000 / 0.000         0.000 / 0.000       ms
[2023-11-16T13:07:08.984+0800][gc,stats    ]      Memory: Allocation Rate                                   0 / 4                 1 / 96                1 / 96                1 / 96          MB/s
[2023-11-16T13:07:08.984+0800][gc,stats    ]      Memory: Defragment                                        0 / 0                 0 / 0                 0 / 0                 0 / 0           ops/s
[2023-11-16T13:07:08.984+0800][gc,stats    ]      Memory: Out Of Memory                                     0 / 0                 0 / 0                 0 / 0                 0 / 0           ops/s
[2023-11-16T13:07:08.984+0800][gc,stats    ]      Memory: Page Cache Flush                                  0 / 0                 0 / 0                 0 / 0                 0 / 0           MB/s
[2023-11-16T13:07:08.984+0800][gc,stats    ]      Memory: Page Cache Hit L1                                 0 / 2                 0 / 38                0 / 38                0 / 38          ops/s
[2023-11-16T13:07:08.984+0800][gc,stats    ]      Memory: Page Cache Hit L2                                 0 / 0                 0 / 0                 0 / 0                 0 / 0           ops/s
[2023-11-16T13:07:08.984+0800][gc,stats    ]      Memory: Page Cache Hit L3                                 0 / 0                 0 / 48                0 / 48                0 / 48          ops/s
[2023-11-16T13:07:08.984+0800][gc,stats    ]      Memory: Page Cache Miss                                   0 / 0                 0 / 1                 0 / 1                 0 / 1           ops/s
[2023-11-16T13:07:08.984+0800][gc,stats    ]      Memory: Uncommit                                          0 / 0                 0 / 0                 0 / 0                 0 / 0           MB/s
[2023-11-16T13:07:08.984+0800][gc,stats    ]      Memory: Undo Object Allocation Failed                     0 / 0                 0 / 0                 0 / 0                 0 / 0           ops/s
[2023-11-16T13:07:08.984+0800][gc,stats    ]      Memory: Undo Object Allocation Succeeded                  0 / 0                 0 / 0                 0 / 0                 0 / 0           ops/s
[2023-11-16T13:07:08.984+0800][gc,stats    ]      Memory: Undo Page Allocation                              0 / 0                 0 / 0                 0 / 0                 0 / 0           ops/s
[2023-11-16T13:07:08.984+0800][gc,stats    ]       Phase: Concurrent Mark                               0.000 / 0.000        25.401 / 26.782       25.401 / 26.782       25.401 / 26.782      ms
[2023-11-16T13:07:08.984+0800][gc,stats    ]       Phase: Concurrent Mark Continue                      0.000 / 0.000         0.000 / 0.000         0.000 / 0.000         0.000 / 0.000       ms
[2023-11-16T13:07:08.984+0800][gc,stats    ]       Phase: Concurrent Mark Free                          0.000 / 0.000         0.001 / 0.001         0.001 / 0.001         0.001 / 0.001       ms
[2023-11-16T13:07:08.984+0800][gc,stats    ]       Phase: Concurrent Process Non-Strong References      0.000 / 0.000         2.435 / 2.758         2.435 / 2.758         2.435 / 2.758       ms
[2023-11-16T13:07:08.984+0800][gc,stats    ]       Phase: Concurrent Relocate                           0.000 / 0.000         2.928 / 3.220         2.928 / 3.220         2.928 / 3.220       ms
[2023-11-16T13:07:08.984+0800][gc,stats    ]       Phase: Concurrent Reset Relocation Set               0.000 / 0.000         0.003 / 0.006         0.003 / 0.006         0.003 / 0.006       ms
[2023-11-16T13:07:08.984+0800][gc,stats    ]       Phase: Concurrent Select Relocation Set              0.000 / 0.000         5.767 / 9.539         5.767 / 9.539         5.767 / 9.539       ms
[2023-11-16T13:07:08.984+0800][gc,stats    ]       Phase: Pause Mark End                                0.000 / 0.000         0.023 / 0.026         0.023 / 0.026         0.023 / 0.026       ms
[2023-11-16T13:07:08.984+0800][gc,stats    ]       Phase: Pause Mark Start                              0.000 / 0.000         0.010 / 0.014         0.010 / 0.014         0.010 / 0.014       ms
[2023-11-16T13:07:08.984+0800][gc,stats    ]       Phase: Pause Relocate Start                          0.000 / 0.000         0.014 / 0.017         0.014 / 0.017         0.014 / 0.017       ms
[2023-11-16T13:07:08.984+0800][gc,stats    ]    Subphase: Concurrent Classes Purge                      0.000 / 0.000         0.082 / 0.093         0.082 / 0.093         0.082 / 0.093       ms
[2023-11-16T13:07:08.984+0800][gc,stats    ]    Subphase: Concurrent Classes Unlink                     0.000 / 0.000         1.496 / 1.649         1.496 / 1.649         1.496 / 1.649       ms
[2023-11-16T13:07:08.984+0800][gc,stats    ]    Subphase: Concurrent Mark                               0.000 / 0.000        21.597 / 25.992       21.597 / 25.992       21.597 / 25.992      ms
[2023-11-16T13:07:08.984+0800][gc,stats    ]    Subphase: Concurrent Mark Try Flush                     0.000 / 0.000         0.068 / 0.146         0.068 / 0.146         0.068 / 0.146       ms
[2023-11-16T13:07:08.984+0800][gc,stats    ]    Subphase: Concurrent Mark Try Terminate                 0.000 / 0.000         5.693 / 15.474        5.693 / 15.474        5.693 / 15.474      ms
[2023-11-16T13:07:08.984+0800][gc,stats    ]    Subphase: Concurrent References Enqueue                 0.000 / 0.000         0.005 / 0.005         0.005 / 0.005         0.005 / 0.005       ms
[2023-11-16T13:07:08.984+0800][gc,stats    ]    Subphase: Concurrent References Process                 0.000 / 0.000         0.108 / 0.128         0.108 / 0.128         0.108 / 0.128       ms
[2023-11-16T13:07:08.984+0800][gc,stats    ]    Subphase: Concurrent Roots ClassLoaderDataGraph         0.000 / 0.000         0.162 / 0.511         0.162 / 0.511         0.162 / 0.511       ms
[2023-11-16T13:07:08.984+0800][gc,stats    ]    Subphase: Concurrent Roots CodeCache                    0.000 / 0.000         0.000 / 0.000         0.000 / 0.000         0.000 / 0.000       ms
[2023-11-16T13:07:08.984+0800][gc,stats    ]    Subphase: Concurrent Roots JavaThreads                  0.000 / 0.000         0.945 / 1.682         0.945 / 1.682         0.945 / 1.682       ms
[2023-11-16T13:07:08.985+0800][gc,stats    ]    Subphase: Concurrent Roots OopStorageSet                0.000 / 0.000         0.041 / 0.062         0.041 / 0.062         0.041 / 0.062       ms
[2023-11-16T13:07:08.985+0800][gc,stats    ]    Subphase: Concurrent Weak Roots OopStorageSet           0.000 / 0.000         0.514 / 0.770         0.514 / 0.770         0.514 / 0.770       ms
[2023-11-16T13:07:08.985+0800][gc,stats    ]    Subphase: Pause Mark Try Complete                       0.000 / 0.000         0.000 / 0.000         0.000 / 0.000         0.000 / 0.000       ms
[2023-11-16T13:07:08.985+0800][gc,stats    ]      System: Java Threads                                      0 / 0                36 / 51               36 / 51               36 / 51          threads
[2023-11-16T13:07:08.985+0800][gc,stats    ] =========================================================================================================================================================
[2023-11-16T13:07:18.984+0800][gc,stats    ] === Garbage Collection Statistics =======================================================================================================================
[2023-11-16T13:07:18.984+0800][gc,stats    ]                                                              Last 10s              Last 10m              Last 10h                Total
[2023-11-16T13:07:18.984+0800][gc,stats    ]                                                              Avg / Max             Avg / Max             Avg / Max             Avg / Max
[2023-11-16T13:07:18.984+0800][gc,stats    ]   Collector: Garbage Collection Cycle                      0.000 / 0.000        42.450 / 42.489       42.450 / 42.489       42.450 / 42.489      ms
[2023-11-16T13:07:18.984+0800][gc,stats    ]  Contention: Mark Segment Reset Contention                     0 / 0                 0 / 2                 0 / 2                 0 / 2           ops/s
[2023-11-16T13:07:18.984+0800][gc,stats    ]  Contention: Mark SeqNum Reset Contention                      0 / 0                 0 / 1                 0 / 1                 0 / 1           ops/s
[2023-11-16T13:07:18.984+0800][gc,stats    ]    Critical: Allocation Stall                                  0 / 0                 0 / 0                 0 / 0                 0 / 0           ops/s
[2023-11-16T13:07:18.984+0800][gc,stats    ]    Critical: Allocation Stall                              0.000 / 0.000         0.000 / 0.000         0.000 / 0.000         0.000 / 0.000       ms
[2023-11-16T13:07:18.984+0800][gc,stats    ]    Critical: GC Locker Stall                                   0 / 0                 0 / 0                 0 / 0                 0 / 0           ops/s
[2023-11-16T13:07:18.984+0800][gc,stats    ]    Critical: GC Locker Stall                               0.000 / 0.000         0.000 / 0.000         0.000 / 0.000         0.000 / 0.000       ms
[2023-11-16T13:07:18.984+0800][gc,stats    ]    Critical: Relocation Stall                                  0 / 0                 0 / 0                 0 / 0                 0 / 0           ops/s
[2023-11-16T13:07:18.984+0800][gc,stats    ]    Critical: Relocation Stall                              0.000 / 0.000         0.000 / 0.000         0.000 / 0.000         0.000 / 0.000       ms
[2023-11-16T13:07:18.984+0800][gc,stats    ]      Memory: Allocation Rate                                   0 / 0                 1 / 96                1 / 96                1 / 96          MB/s
[2023-11-16T13:07:18.984+0800][gc,stats    ]      Memory: Defragment                                        0 / 0                 0 / 0                 0 / 0                 0 / 0           ops/s
[2023-11-16T13:07:18.984+0800][gc,stats    ]      Memory: Out Of Memory                                     0 / 0                 0 / 0                 0 / 0                 0 / 0           ops/s
[2023-11-16T13:07:18.984+0800][gc,stats    ]      Memory: Page Cache Flush                                  0 / 0                 0 / 0                 0 / 0                 0 / 0           MB/s
[2023-11-16T13:07:18.984+0800][gc,stats    ]      Memory: Page Cache Hit L1                                 0 / 0                 0 / 38                0 / 38                0 / 38          ops/s
[2023-11-16T13:07:18.984+0800][gc,stats    ]      Memory: Page Cache Hit L2                                 0 / 0                 0 / 0                 0 / 0                 0 / 0           ops/s
[2023-11-16T13:07:18.984+0800][gc,stats    ]      Memory: Page Cache Hit L3                                 0 / 0                 0 / 48                0 / 48                0 / 48          ops/s
[2023-11-16T13:07:18.984+0800][gc,stats    ]      Memory: Page Cache Miss                                   0 / 0                 0 / 1                 0 / 1                 0 / 1           ops/s
[2023-11-16T13:07:18.984+0800][gc,stats    ]      Memory: Uncommit                                          0 / 0                 0 / 0                 0 / 0                 0 / 0           MB/s
[2023-11-16T13:07:18.984+0800][gc,stats    ]      Memory: Undo Object Allocation Failed                     0 / 0                 0 / 0                 0 / 0                 0 / 0           ops/s
[2023-11-16T13:07:18.984+0800][gc,stats    ]      Memory: Undo Object Allocation Succeeded                  0 / 0                 0 / 0                 0 / 0                 0 / 0           ops/s
[2023-11-16T13:07:18.984+0800][gc,stats    ]      Memory: Undo Page Allocation                              0 / 0                 0 / 0                 0 / 0                 0 / 0           ops/s
[2023-11-16T13:07:18.984+0800][gc,stats    ]       Phase: Concurrent Mark                               0.000 / 0.000        25.401 / 26.782       25.401 / 26.782       25.401 / 26.782      ms
[2023-11-16T13:07:18.984+0800][gc,stats    ]       Phase: Concurrent Mark Continue                      0.000 / 0.000         0.000 / 0.000         0.000 / 0.000         0.000 / 0.000       ms
[2023-11-16T13:07:18.984+0800][gc,stats    ]       Phase: Concurrent Mark Free                          0.000 / 0.000         0.001 / 0.001         0.001 / 0.001         0.001 / 0.001       ms
[2023-11-16T13:07:18.984+0800][gc,stats    ]       Phase: Concurrent Process Non-Strong References      0.000 / 0.000         2.435 / 2.758         2.435 / 2.758         2.435 / 2.758       ms
[2023-11-16T13:07:18.984+0800][gc,stats    ]       Phase: Concurrent Relocate                           0.000 / 0.000         2.928 / 3.220         2.928 / 3.220         2.928 / 3.220       ms
[2023-11-16T13:07:18.984+0800][gc,stats    ]       Phase: Concurrent Reset Relocation Set               0.000 / 0.000         0.003 / 0.006         0.003 / 0.006         0.003 / 0.006       ms
[2023-11-16T13:07:18.984+0800][gc,stats    ]       Phase: Concurrent Select Relocation Set              0.000 / 0.000         5.767 / 9.539         5.767 / 9.539         5.767 / 9.539       ms
[2023-11-16T13:07:18.984+0800][gc,stats    ]       Phase: Pause Mark End                                0.000 / 0.000         0.023 / 0.026         0.023 / 0.026         0.023 / 0.026       ms
[2023-11-16T13:07:18.984+0800][gc,stats    ]       Phase: Pause Mark Start                              0.000 / 0.000         0.010 / 0.014         0.010 / 0.014         0.010 / 0.014       ms
[2023-11-16T13:07:18.984+0800][gc,stats    ]       Phase: Pause Relocate Start                          0.000 / 0.000         0.014 / 0.017         0.014 / 0.017         0.014 / 0.017       ms
[2023-11-16T13:07:18.984+0800][gc,stats    ]    Subphase: Concurrent Classes Purge                      0.000 / 0.000         0.082 / 0.093         0.082 / 0.093         0.082 / 0.093       ms
[2023-11-16T13:07:18.984+0800][gc,stats    ]    Subphase: Concurrent Classes Unlink                     0.000 / 0.000         1.496 / 1.649         1.496 / 1.649         1.496 / 1.649       ms
[2023-11-16T13:07:18.984+0800][gc,stats    ]    Subphase: Concurrent Mark                               0.000 / 0.000        21.597 / 25.992       21.597 / 25.992       21.597 / 25.992      ms
[2023-11-16T13:07:18.984+0800][gc,stats    ]    Subphase: Concurrent Mark Try Flush                     0.000 / 0.000         0.068 / 0.146         0.068 / 0.146         0.068 / 0.146       ms
[2023-11-16T13:07:18.984+0800][gc,stats    ]    Subphase: Concurrent Mark Try Terminate                 0.000 / 0.000         5.693 / 15.474        5.693 / 15.474        5.693 / 15.474      ms
[2023-11-16T13:07:18.984+0800][gc,stats    ]    Subphase: Concurrent References Enqueue                 0.000 / 0.000         0.005 / 0.005         0.005 / 0.005         0.005 / 0.005       ms
[2023-11-16T13:07:18.984+0800][gc,stats    ]    Subphase: Concurrent References Process                 0.000 / 0.000         0.108 / 0.128         0.108 / 0.128         0.108 / 0.128       ms
[2023-11-16T13:07:18.984+0800][gc,stats    ]    Subphase: Concurrent Roots ClassLoaderDataGraph         0.000 / 0.000         0.162 / 0.511         0.162 / 0.511         0.162 / 0.511       ms
[2023-11-16T13:07:18.984+0800][gc,stats    ]    Subphase: Concurrent Roots CodeCache                    0.000 / 0.000         0.000 / 0.000         0.000 / 0.000         0.000 / 0.000       ms
[2023-11-16T13:07:18.984+0800][gc,stats    ]    Subphase: Concurrent Roots JavaThreads                  0.000 / 0.000         0.945 / 1.682         0.945 / 1.682         0.945 / 1.682       ms
[2023-11-16T13:07:18.984+0800][gc,stats    ]    Subphase: Concurrent Roots OopStorageSet                0.000 / 0.000         0.041 / 0.062         0.041 / 0.062         0.041 / 0.062       ms
[2023-11-16T13:07:18.984+0800][gc,stats    ]    Subphase: Concurrent Weak Roots OopStorageSet           0.000 / 0.000         0.514 / 0.770         0.514 / 0.770         0.514 / 0.770       ms
[2023-11-16T13:07:18.984+0800][gc,stats    ]    Subphase: Pause Mark Try Complete                       0.000 / 0.000         0.000 / 0.000         0.000 / 0.000         0.000 / 0.000       ms
[2023-11-16T13:07:18.984+0800][gc,stats    ]      System: Java Threads                                      0 / 0                36 / 51               36 / 51               36 / 51          threads
[2023-11-16T13:07:18.984+0800][gc,stats    ] =========================================================================================================================================================
[2023-11-16T13:07:28.983+0800][gc,stats    ] === Garbage Collection Statistics =======================================================================================================================
[2023-11-16T13:07:28.983+0800][gc,stats    ]                                                              Last 10s              Last 10m              Last 10h                Total
[2023-11-16T13:07:28.983+0800][gc,stats    ]                                                              Avg / Max             Avg / Max             Avg / Max             Avg / Max
[2023-11-16T13:07:28.983+0800][gc,stats    ]   Collector: Garbage Collection Cycle                      0.000 / 0.000        42.450 / 42.489       42.450 / 42.489       42.450 / 42.489      ms
[2023-11-16T13:07:28.983+0800][gc,stats    ]  Contention: Mark Segment Reset Contention                     0 / 0                 0 / 2                 0 / 2                 0 / 2           ops/s
[2023-11-16T13:07:28.983+0800][gc,stats    ]  Contention: Mark SeqNum Reset Contention                      0 / 0                 0 / 1                 0 / 1                 0 / 1           ops/s
[2023-11-16T13:07:28.983+0800][gc,stats    ]    Critical: Allocation Stall                                  0 / 0                 0 / 0                 0 / 0                 0 / 0           ops/s
[2023-11-16T13:07:28.983+0800][gc,stats    ]    Critical: Allocation Stall                              0.000 / 0.000         0.000 / 0.000         0.000 / 0.000         0.000 / 0.000       ms
[2023-11-16T13:07:28.983+0800][gc,stats    ]    Critical: GC Locker Stall                                   0 / 0                 0 / 0                 0 / 0                 0 / 0           ops/s
[2023-11-16T13:07:28.983+0800][gc,stats    ]    Critical: GC Locker Stall                               0.000 / 0.000         0.000 / 0.000         0.000 / 0.000         0.000 / 0.000       ms
[2023-11-16T13:07:28.983+0800][gc,stats    ]    Critical: Relocation Stall                                  0 / 0                 0 / 0                 0 / 0                 0 / 0           ops/s
[2023-11-16T13:07:28.983+0800][gc,stats    ]    Critical: Relocation Stall                              0.000 / 0.000         0.000 / 0.000         0.000 / 0.000         0.000 / 0.000       ms
[2023-11-16T13:07:28.983+0800][gc,stats    ]      Memory: Allocation Rate                                   0 / 0                 1 / 96                1 / 96                1 / 96          MB/s
[2023-11-16T13:07:28.983+0800][gc,stats    ]      Memory: Defragment                                        0 / 0                 0 / 0                 0 / 0                 0 / 0           ops/s
[2023-11-16T13:07:28.983+0800][gc,stats    ]      Memory: Out Of Memory                                     0 / 0                 0 / 0                 0 / 0                 0 / 0           ops/s
[2023-11-16T13:07:28.983+0800][gc,stats    ]      Memory: Page Cache Flush                                  0 / 0                 0 / 0                 0 / 0                 0 / 0           MB/s
[2023-11-16T13:07:28.983+0800][gc,stats    ]      Memory: Page Cache Hit L1                                 0 / 0                 0 / 38                0 / 38                0 / 38          ops/s
[2023-11-16T13:07:28.983+0800][gc,stats    ]      Memory: Page Cache Hit L2                                 0 / 0                 0 / 0                 0 / 0                 0 / 0           ops/s
[2023-11-16T13:07:28.983+0800][gc,stats    ]      Memory: Page Cache Hit L3                                 0 / 0                 0 / 48                0 / 48                0 / 48          ops/s
[2023-11-16T13:07:28.983+0800][gc,stats    ]      Memory: Page Cache Miss                                   0 / 0                 0 / 1                 0 / 1                 0 / 1           ops/s
[2023-11-16T13:07:28.983+0800][gc,stats    ]      Memory: Uncommit                                          0 / 0                 0 / 0                 0 / 0                 0 / 0           MB/s
[2023-11-16T13:07:28.983+0800][gc,stats    ]      Memory: Undo Object Allocation Failed                     0 / 0                 0 / 0                 0 / 0                 0 / 0           ops/s
[2023-11-16T13:07:28.983+0800][gc,stats    ]      Memory: Undo Object Allocation Succeeded                  0 / 0                 0 / 0                 0 / 0                 0 / 0           ops/s
[2023-11-16T13:07:28.983+0800][gc,stats    ]      Memory: Undo Page Allocation                              0 / 0                 0 / 0                 0 / 0                 0 / 0           ops/s
[2023-11-16T13:07:28.983+0800][gc,stats    ]       Phase: Concurrent Mark                               0.000 / 0.000        25.401 / 26.782       25.401 / 26.782       25.401 / 26.782      ms
[2023-11-16T13:07:28.983+0800][gc,stats    ]       Phase: Concurrent Mark Continue                      0.000 / 0.000         0.000 / 0.000         0.000 / 0.000         0.000 / 0.000       ms
[2023-11-16T13:07:28.983+0800][gc,stats    ]       Phase: Concurrent Mark Free                          0.000 / 0.000         0.001 / 0.001         0.001 / 0.001         0.001 / 0.001       ms
[2023-11-16T13:07:28.983+0800][gc,stats    ]       Phase: Concurrent Process Non-Strong References      0.000 / 0.000         2.435 / 2.758         2.435 / 2.758         2.435 / 2.758       ms
[2023-11-16T13:07:28.983+0800][gc,stats    ]       Phase: Concurrent Relocate                           0.000 / 0.000         2.928 / 3.220         2.928 / 3.220         2.928 / 3.220       ms
[2023-11-16T13:07:28.983+0800][gc,stats    ]       Phase: Concurrent Reset Relocation Set               0.000 / 0.000         0.003 / 0.006         0.003 / 0.006         0.003 / 0.006       ms
[2023-11-16T13:07:28.983+0800][gc,stats    ]       Phase: Concurrent Select Relocation Set              0.000 / 0.000         5.767 / 9.539         5.767 / 9.539         5.767 / 9.539       ms
[2023-11-16T13:07:28.983+0800][gc,stats    ]       Phase: Pause Mark End                                0.000 / 0.000         0.023 / 0.026         0.023 / 0.026         0.023 / 0.026       ms
[2023-11-16T13:07:28.983+0800][gc,stats    ]       Phase: Pause Mark Start                              0.000 / 0.000         0.010 / 0.014         0.010 / 0.014         0.010 / 0.014       ms
[2023-11-16T13:07:28.983+0800][gc,stats    ]       Phase: Pause Relocate Start                          0.000 / 0.000         0.014 / 0.017         0.014 / 0.017         0.014 / 0.017       ms
[2023-11-16T13:07:28.983+0800][gc,stats    ]    Subphase: Concurrent Classes Purge                      0.000 / 0.000         0.082 / 0.093         0.082 / 0.093         0.082 / 0.093       ms
[2023-11-16T13:07:28.983+0800][gc,stats    ]    Subphase: Concurrent Classes Unlink                     0.000 / 0.000         1.496 / 1.649         1.496 / 1.649         1.496 / 1.649       ms
[2023-11-16T13:07:28.983+0800][gc,stats    ]    Subphase: Concurrent Mark                               0.000 / 0.000        21.597 / 25.992       21.597 / 25.992       21.597 / 25.992      ms
[2023-11-16T13:07:28.983+0800][gc,stats    ]    Subphase: Concurrent Mark Try Flush                     0.000 / 0.000         0.068 / 0.146         0.068 / 0.146         0.068 / 0.146       ms
[2023-11-16T13:07:28.983+0800][gc,stats    ]    Subphase: Concurrent Mark Try Terminate                 0.000 / 0.000         5.693 / 15.474        5.693 / 15.474        5.693 / 15.474      ms
[2023-11-16T13:07:28.983+0800][gc,stats    ]    Subphase: Concurrent References Enqueue                 0.000 / 0.000         0.005 / 0.005         0.005 / 0.005         0.005 / 0.005       ms
[2023-11-16T13:07:28.983+0800][gc,stats    ]    Subphase: Concurrent References Process                 0.000 / 0.000         0.108 / 0.128         0.108 / 0.128         0.108 / 0.128       ms
[2023-11-16T13:07:28.983+0800][gc,stats    ]    Subphase: Concurrent Roots ClassLoaderDataGraph         0.000 / 0.000         0.162 / 0.511         0.162 / 0.511         0.162 / 0.511       ms
[2023-11-16T13:07:28.983+0800][gc,stats    ]    Subphase: Concurrent Roots CodeCache                    0.000 / 0.000         0.000 / 0.000         0.000 / 0.000         0.000 / 0.000       ms
[2023-11-16T13:07:28.983+0800][gc,stats    ]    Subphase: Concurrent Roots JavaThreads                  0.000 / 0.000         0.945 / 1.682         0.945 / 1.682         0.945 / 1.682       ms
[2023-11-16T13:07:28.983+0800][gc,stats    ]    Subphase: Concurrent Roots OopStorageSet                0.000 / 0.000         0.041 / 0.062         0.041 / 0.062         0.041 / 0.062       ms
[2023-11-16T13:07:28.983+0800][gc,stats    ]    Subphase: Concurrent Weak Roots OopStorageSet           0.000 / 0.000         0.514 / 0.770         0.514 / 0.770         0.514 / 0.770       ms
[2023-11-16T13:07:28.983+0800][gc,stats    ]    Subphase: Pause Mark Try Complete                       0.000 / 0.000         0.000 / 0.000         0.000 / 0.000         0.000 / 0.000       ms
[2023-11-16T13:07:28.983+0800][gc,stats    ]      System: Java Threads                                      0 / 0                36 / 51               36 / 51               36 / 51          threads
[2023-11-16T13:07:28.983+0800][gc,stats    ] =========================================================================================================================================================
[2023-11-16T13:07:38.984+0800][gc,stats    ] === Garbage Collection Statistics =======================================================================================================================
[2023-11-16T13:07:38.984+0800][gc,stats    ]                                                              Last 10s              Last 10m              Last 10h                Total
[2023-11-16T13:07:38.984+0800][gc,stats    ]                                                              Avg / Max             Avg / Max             Avg / Max             Avg / Max
[2023-11-16T13:07:38.984+0800][gc,stats    ]   Collector: Garbage Collection Cycle                      0.000 / 0.000        42.450 / 42.489       42.450 / 42.489       42.450 / 42.489      ms
[2023-11-16T13:07:38.984+0800][gc,stats    ]  Contention: Mark Segment Reset Contention                     0 / 0                 0 / 2                 0 / 2                 0 / 2           ops/s
[2023-11-16T13:07:38.984+0800][gc,stats    ]  Contention: Mark SeqNum Reset Contention                      0 / 0                 0 / 1                 0 / 1                 0 / 1           ops/s
[2023-11-16T13:07:38.984+0800][gc,stats    ]    Critical: Allocation Stall                                  0 / 0                 0 / 0                 0 / 0                 0 / 0           ops/s
[2023-11-16T13:07:38.984+0800][gc,stats    ]    Critical: Allocation Stall                              0.000 / 0.000         0.000 / 0.000         0.000 / 0.000         0.000 / 0.000       ms
[2023-11-16T13:07:38.984+0800][gc,stats    ]    Critical: GC Locker Stall                                   0 / 0                 0 / 0                 0 / 0                 0 / 0           ops/s
[2023-11-16T13:07:38.984+0800][gc,stats    ]    Critical: GC Locker Stall                               0.000 / 0.000         0.000 / 0.000         0.000 / 0.000         0.000 / 0.000       ms
[2023-11-16T13:07:38.984+0800][gc,stats    ]    Critical: Relocation Stall                                  0 / 0                 0 / 0                 0 / 0                 0 / 0           ops/s
[2023-11-16T13:07:38.984+0800][gc,stats    ]    Critical: Relocation Stall                              0.000 / 0.000         0.000 / 0.000         0.000 / 0.000         0.000 / 0.000       ms
[2023-11-16T13:07:38.984+0800][gc,stats    ]      Memory: Allocation Rate                                   0 / 0                 1 / 96                1 / 96                1 / 96          MB/s
[2023-11-16T13:07:38.984+0800][gc,stats    ]      Memory: Defragment                                        0 / 0                 0 / 0                 0 / 0                 0 / 0           ops/s
[2023-11-16T13:07:38.984+0800][gc,stats    ]      Memory: Out Of Memory                                     0 / 0                 0 / 0                 0 / 0                 0 / 0           ops/s
[2023-11-16T13:07:38.984+0800][gc,stats    ]      Memory: Page Cache Flush                                  0 / 0                 0 / 0                 0 / 0                 0 / 0           MB/s
[2023-11-16T13:07:38.984+0800][gc,stats    ]      Memory: Page Cache Hit L1                                 0 / 0                 0 / 38                0 / 38                0 / 38          ops/s
[2023-11-16T13:07:38.984+0800][gc,stats    ]      Memory: Page Cache Hit L2                                 0 / 0                 0 / 0                 0 / 0                 0 / 0           ops/s
[2023-11-16T13:07:38.984+0800][gc,stats    ]      Memory: Page Cache Hit L3                                 0 / 0                 0 / 48                0 / 48                0 / 48          ops/s
[2023-11-16T13:07:38.984+0800][gc,stats    ]      Memory: Page Cache Miss                                   0 / 0                 0 / 1                 0 / 1                 0 / 1           ops/s
[2023-11-16T13:07:38.984+0800][gc,stats    ]      Memory: Uncommit                                          0 / 0                 0 / 0                 0 / 0                 0 / 0           MB/s
[2023-11-16T13:07:38.984+0800][gc,stats    ]      Memory: Undo Object Allocation Failed                     0 / 0                 0 / 0                 0 / 0                 0 / 0           ops/s
[2023-11-16T13:07:38.984+0800][gc,stats    ]      Memory: Undo Object Allocation Succeeded                  0 / 0                 0 / 0                 0 / 0                 0 / 0           ops/s
[2023-11-16T13:07:38.984+0800][gc,stats    ]      Memory: Undo Page Allocation                              0 / 0                 0 / 0                 0 / 0                 0 / 0           ops/s
[2023-11-16T13:07:38.984+0800][gc,stats    ]       Phase: Concurrent Mark                               0.000 / 0.000        25.401 / 26.782       25.401 / 26.782       25.401 / 26.782      ms
[2023-11-16T13:07:38.984+0800][gc,stats    ]       Phase: Concurrent Mark Continue                      0.000 / 0.000         0.000 / 0.000         0.000 / 0.000         0.000 / 0.000       ms
[2023-11-16T13:07:38.984+0800][gc,stats    ]       Phase: Concurrent Mark Free                          0.000 / 0.000         0.001 / 0.001         0.001 / 0.001         0.001 / 0.001       ms
[2023-11-16T13:07:38.984+0800][gc,stats    ]       Phase: Concurrent Process Non-Strong References      0.000 / 0.000         2.435 / 2.758         2.435 / 2.758         2.435 / 2.758       ms
[2023-11-16T13:07:38.984+0800][gc,stats    ]       Phase: Concurrent Relocate                           0.000 / 0.000         2.928 / 3.220         2.928 / 3.220         2.928 / 3.220       ms
[2023-11-16T13:07:38.984+0800][gc,stats    ]       Phase: Concurrent Reset Relocation Set               0.000 / 0.000         0.003 / 0.006         0.003 / 0.006         0.003 / 0.006       ms
[2023-11-16T13:07:38.984+0800][gc,stats    ]       Phase: Concurrent Select Relocation Set              0.000 / 0.000         5.767 / 9.539         5.767 / 9.539         5.767 / 9.539       ms
[2023-11-16T13:07:38.984+0800][gc,stats    ]       Phase: Pause Mark End                                0.000 / 0.000         0.023 / 0.026         0.023 / 0.026         0.023 / 0.026       ms
[2023-11-16T13:07:38.984+0800][gc,stats    ]       Phase: Pause Mark Start                              0.000 / 0.000         0.010 / 0.014         0.010 / 0.014         0.010 / 0.014       ms
[2023-11-16T13:07:38.984+0800][gc,stats    ]       Phase: Pause Relocate Start                          0.000 / 0.000         0.014 / 0.017         0.014 / 0.017         0.014 / 0.017       ms
[2023-11-16T13:07:38.984+0800][gc,stats    ]    Subphase: Concurrent Classes Purge                      0.000 / 0.000         0.082 / 0.093         0.082 / 0.093         0.082 / 0.093       ms
[2023-11-16T13:07:38.984+0800][gc,stats    ]    Subphase: Concurrent Classes Unlink                     0.000 / 0.000         1.496 / 1.649         1.496 / 1.649         1.496 / 1.649       ms
[2023-11-16T13:07:38.984+0800][gc,stats    ]    Subphase: Concurrent Mark                               0.000 / 0.000        21.597 / 25.992       21.597 / 25.992       21.597 / 25.992      ms
[2023-11-16T13:07:38.984+0800][gc,stats    ]    Subphase: Concurrent Mark Try Flush                     0.000 / 0.000         0.068 / 0.146         0.068 / 0.146         0.068 / 0.146       ms
[2023-11-16T13:07:38.984+0800][gc,stats    ]    Subphase: Concurrent Mark Try Terminate                 0.000 / 0.000         5.693 / 15.474        5.693 / 15.474        5.693 / 15.474      ms
[2023-11-16T13:07:38.984+0800][gc,stats    ]    Subphase: Concurrent References Enqueue                 0.000 / 0.000         0.005 / 0.005         0.005 / 0.005         0.005 / 0.005       ms
[2023-11-16T13:07:38.984+0800][gc,stats    ]    Subphase: Concurrent References Process                 0.000 / 0.000         0.108 / 0.128         0.108 / 0.128         0.108 / 0.128       ms
[2023-11-16T13:07:38.984+0800][gc,stats    ]    Subphase: Concurrent Roots ClassLoaderDataGraph         0.000 / 0.000         0.162 / 0.511         0.162 / 0.511         0.162 / 0.511       ms
[2023-11-16T13:07:38.984+0800][gc,stats    ]    Subphase: Concurrent Roots CodeCache                    0.000 / 0.000         0.000 / 0.000         0.000 / 0.000         0.000 / 0.000       ms
[2023-11-16T13:07:38.984+0800][gc,stats    ]    Subphase: Concurrent Roots JavaThreads                  0.000 / 0.000         0.945 / 1.682         0.945 / 1.682         0.945 / 1.682       ms
[2023-11-16T13:07:38.984+0800][gc,stats    ]    Subphase: Concurrent Roots OopStorageSet                0.000 / 0.000         0.041 / 0.062         0.041 / 0.062         0.041 / 0.062       ms
[2023-11-16T13:07:38.984+0800][gc,stats    ]    Subphase: Concurrent Weak Roots OopStorageSet           0.000 / 0.000         0.514 / 0.770         0.514 / 0.770         0.514 / 0.770       ms
[2023-11-16T13:07:38.984+0800][gc,stats    ]    Subphase: Pause Mark Try Complete                       0.000 / 0.000         0.000 / 0.000         0.000 / 0.000         0.000 / 0.000       ms
[2023-11-16T13:07:38.984+0800][gc,stats    ]      System: Java Threads                                      0 / 0                36 / 51               36 / 51               36 / 51          threads
[2023-11-16T13:07:38.984+0800][gc,stats    ] =========================================================================================================================================================
[2023-11-16T13:07:48.987+0800][gc,stats    ] === Garbage Collection Statistics =======================================================================================================================
[2023-11-16T13:07:48.987+0800][gc,stats    ]                                                              Last 10s              Last 10m              Last 10h                Total
[2023-11-16T13:07:48.987+0800][gc,stats    ]                                                              Avg / Max             Avg / Max             Avg / Max             Avg / Max
[2023-11-16T13:07:48.987+0800][gc,stats    ]   Collector: Garbage Collection Cycle                      0.000 / 0.000        42.450 / 42.489       42.450 / 42.489       42.450 / 42.489      ms
[2023-11-16T13:07:48.987+0800][gc,stats    ]  Contention: Mark Segment Reset Contention                     0 / 0                 0 / 2                 0 / 2                 0 / 2           ops/s
[2023-11-16T13:07:48.987+0800][gc,stats    ]  Contention: Mark SeqNum Reset Contention                      0 / 0                 0 / 1                 0 / 1                 0 / 1           ops/s
[2023-11-16T13:07:48.987+0800][gc,stats    ]    Critical: Allocation Stall                                  0 / 0                 0 / 0                 0 / 0                 0 / 0           ops/s
[2023-11-16T13:07:48.987+0800][gc,stats    ]    Critical: Allocation Stall                              0.000 / 0.000         0.000 / 0.000         0.000 / 0.000         0.000 / 0.000       ms
[2023-11-16T13:07:48.987+0800][gc,stats    ]    Critical: GC Locker Stall                                   0 / 0                 0 / 0                 0 / 0                 0 / 0           ops/s
[2023-11-16T13:07:48.987+0800][gc,stats    ]    Critical: GC Locker Stall                               0.000 / 0.000         0.000 / 0.000         0.000 / 0.000         0.000 / 0.000       ms
[2023-11-16T13:07:48.987+0800][gc,stats    ]    Critical: Relocation Stall                                  0 / 0                 0 / 0                 0 / 0                 0 / 0           ops/s
[2023-11-16T13:07:48.987+0800][gc,stats    ]    Critical: Relocation Stall                              0.000 / 0.000         0.000 / 0.000         0.000 / 0.000         0.000 / 0.000       ms
[2023-11-16T13:07:48.987+0800][gc,stats    ]      Memory: Allocation Rate                                   0 / 2                 1 / 96                1 / 96                1 / 96          MB/s
[2023-11-16T13:07:48.987+0800][gc,stats    ]      Memory: Defragment                                        0 / 0                 0 / 0                 0 / 0                 0 / 0           ops/s
[2023-11-16T13:07:48.987+0800][gc,stats    ]      Memory: Out Of Memory                                     0 / 0                 0 / 0                 0 / 0                 0 / 0           ops/s
[2023-11-16T13:07:48.987+0800][gc,stats    ]      Memory: Page Cache Flush                                  0 / 0                 0 / 0                 0 / 0                 0 / 0           MB/s
[2023-11-16T13:07:48.987+0800][gc,stats    ]      Memory: Page Cache Hit L1                                 0 / 1                 0 / 38                0 / 38                0 / 38          ops/s
[2023-11-16T13:07:48.987+0800][gc,stats    ]      Memory: Page Cache Hit L2                                 0 / 0                 0 / 0                 0 / 0                 0 / 0           ops/s
[2023-11-16T13:07:48.987+0800][gc,stats    ]      Memory: Page Cache Hit L3                                 0 / 0                 0 / 48                0 / 48                0 / 48          ops/s
[2023-11-16T13:07:48.987+0800][gc,stats    ]      Memory: Page Cache Miss                                   0 / 0                 0 / 1                 0 / 1                 0 / 1           ops/s
[2023-11-16T13:07:48.987+0800][gc,stats    ]      Memory: Uncommit                                          0 / 0                 0 / 0                 0 / 0                 0 / 0           MB/s
[2023-11-16T13:07:48.987+0800][gc,stats    ]      Memory: Undo Object Allocation Failed                     0 / 0                 0 / 0                 0 / 0                 0 / 0           ops/s
[2023-11-16T13:07:48.987+0800][gc,stats    ]      Memory: Undo Object Allocation Succeeded                  0 / 0                 0 / 0                 0 / 0                 0 / 0           ops/s
[2023-11-16T13:07:48.987+0800][gc,stats    ]      Memory: Undo Page Allocation                              0 / 0                 0 / 0                 0 / 0                 0 / 0           ops/s
[2023-11-16T13:07:48.987+0800][gc,stats    ]       Phase: Concurrent Mark                               0.000 / 0.000        25.401 / 26.782       25.401 / 26.782       25.401 / 26.782      ms
[2023-11-16T13:07:48.987+0800][gc,stats    ]       Phase: Concurrent Mark Continue                      0.000 / 0.000         0.000 / 0.000         0.000 / 0.000         0.000 / 0.000       ms
[2023-11-16T13:07:48.987+0800][gc,stats    ]       Phase: Concurrent Mark Free                          0.000 / 0.000         0.001 / 0.001         0.001 / 0.001         0.001 / 0.001       ms
[2023-11-16T13:07:48.987+0800][gc,stats    ]       Phase: Concurrent Process Non-Strong References      0.000 / 0.000         2.435 / 2.758         2.435 / 2.758         2.435 / 2.758       ms
[2023-11-16T13:07:48.987+0800][gc,stats    ]       Phase: Concurrent Relocate                           0.000 / 0.000         2.928 / 3.220         2.928 / 3.220         2.928 / 3.220       ms
[2023-11-16T13:07:48.987+0800][gc,stats    ]       Phase: Concurrent Reset Relocation Set               0.000 / 0.000         0.003 / 0.006         0.003 / 0.006         0.003 / 0.006       ms
[2023-11-16T13:07:48.987+0800][gc,stats    ]       Phase: Concurrent Select Relocation Set              0.000 / 0.000         5.767 / 9.539         5.767 / 9.539         5.767 / 9.539       ms
[2023-11-16T13:07:48.987+0800][gc,stats    ]       Phase: Pause Mark End                                0.000 / 0.000         0.023 / 0.026         0.023 / 0.026         0.023 / 0.026       ms
[2023-11-16T13:07:48.987+0800][gc,stats    ]       Phase: Pause Mark Start                              0.000 / 0.000         0.010 / 0.014         0.010 / 0.014         0.010 / 0.014       ms
[2023-11-16T13:07:48.987+0800][gc,stats    ]       Phase: Pause Relocate Start                          0.000 / 0.000         0.014 / 0.017         0.014 / 0.017         0.014 / 0.017       ms
[2023-11-16T13:07:48.987+0800][gc,stats    ]    Subphase: Concurrent Classes Purge                      0.000 / 0.000         0.082 / 0.093         0.082 / 0.093         0.082 / 0.093       ms
[2023-11-16T13:07:48.987+0800][gc,stats    ]    Subphase: Concurrent Classes Unlink                     0.000 / 0.000         1.496 / 1.649         1.496 / 1.649         1.496 / 1.649       ms
[2023-11-16T13:07:48.987+0800][gc,stats    ]    Subphase: Concurrent Mark                               0.000 / 0.000        21.597 / 25.992       21.597 / 25.992       21.597 / 25.992      ms
[2023-11-16T13:07:48.987+0800][gc,stats    ]    Subphase: Concurrent Mark Try Flush                     0.000 / 0.000         0.068 / 0.146         0.068 / 0.146         0.068 / 0.146       ms
[2023-11-16T13:07:48.987+0800][gc,stats    ]    Subphase: Concurrent Mark Try Terminate                 0.000 / 0.000         5.693 / 15.474        5.693 / 15.474        5.693 / 15.474      ms
[2023-11-16T13:07:48.987+0800][gc,stats    ]    Subphase: Concurrent References Enqueue                 0.000 / 0.000         0.005 / 0.005         0.005 / 0.005         0.005 / 0.005       ms
[2023-11-16T13:07:48.987+0800][gc,stats    ]    Subphase: Concurrent References Process                 0.000 / 0.000         0.108 / 0.128         0.108 / 0.128         0.108 / 0.128       ms
[2023-11-16T13:07:48.987+0800][gc,stats    ]    Subphase: Concurrent Roots ClassLoaderDataGraph         0.000 / 0.000         0.162 / 0.511         0.162 / 0.511         0.162 / 0.511       ms
[2023-11-16T13:07:48.987+0800][gc,stats    ]    Subphase: Concurrent Roots CodeCache                    0.000 / 0.000         0.000 / 0.000         0.000 / 0.000         0.000 / 0.000       ms
[2023-11-16T13:07:48.987+0800][gc,stats    ]    Subphase: Concurrent Roots JavaThreads                  0.000 / 0.000         0.945 / 1.682         0.945 / 1.682         0.945 / 1.682       ms
[2023-11-16T13:07:48.987+0800][gc,stats    ]    Subphase: Concurrent Roots OopStorageSet                0.000 / 0.000         0.041 / 0.062         0.041 / 0.062         0.041 / 0.062       ms
[2023-11-16T13:07:48.987+0800][gc,stats    ]    Subphase: Concurrent Weak Roots OopStorageSet           0.000 / 0.000         0.514 / 0.770         0.514 / 0.770         0.514 / 0.770       ms
[2023-11-16T13:07:48.987+0800][gc,stats    ]    Subphase: Pause Mark Try Complete                       0.000 / 0.000         0.000 / 0.000         0.000 / 0.000         0.000 / 0.000       ms
[2023-11-16T13:07:48.987+0800][gc,stats    ]      System: Java Threads                                      0 / 0                36 / 51               36 / 51               36 / 51          threads
[2023-11-16T13:07:48.987+0800][gc,stats    ] =========================================================================================================================================================
[2023-11-16T13:07:58.984+0800][gc,stats    ] === Garbage Collection Statistics =======================================================================================================================
[2023-11-16T13:07:58.984+0800][gc,stats    ]                                                              Last 10s              Last 10m              Last 10h                Total
[2023-11-16T13:07:58.984+0800][gc,stats    ]                                                              Avg / Max             Avg / Max             Avg / Max             Avg / Max
[2023-11-16T13:07:58.984+0800][gc,stats    ]   Collector: Garbage Collection Cycle                      0.000 / 0.000        42.450 / 42.489       42.450 / 42.489       42.450 / 42.489      ms
[2023-11-16T13:07:58.984+0800][gc,stats    ]  Contention: Mark Segment Reset Contention                     0 / 0                 0 / 2                 0 / 2                 0 / 2           ops/s
[2023-11-16T13:07:58.984+0800][gc,stats    ]  Contention: Mark SeqNum Reset Contention                      0 / 0                 0 / 1                 0 / 1                 0 / 1           ops/s
[2023-11-16T13:07:58.984+0800][gc,stats    ]    Critical: Allocation Stall                                  0 / 0                 0 / 0                 0 / 0                 0 / 0           ops/s
[2023-11-16T13:07:58.984+0800][gc,stats    ]    Critical: Allocation Stall                              0.000 / 0.000         0.000 / 0.000         0.000 / 0.000         0.000 / 0.000       ms
[2023-11-16T13:07:58.984+0800][gc,stats    ]    Critical: GC Locker Stall                                   0 / 0                 0 / 0                 0 / 0                 0 / 0           ops/s
[2023-11-16T13:07:58.984+0800][gc,stats    ]    Critical: GC Locker Stall                               0.000 / 0.000         0.000 / 0.000         0.000 / 0.000         0.000 / 0.000       ms
[2023-11-16T13:07:58.984+0800][gc,stats    ]    Critical: Relocation Stall                                  0 / 0                 0 / 0                 0 / 0                 0 / 0           ops/s
[2023-11-16T13:07:58.984+0800][gc,stats    ]    Critical: Relocation Stall                              0.000 / 0.000         0.000 / 0.000         0.000 / 0.000         0.000 / 0.000       ms
[2023-11-16T13:07:58.984+0800][gc,stats    ]      Memory: Allocation Rate                                   0 / 2                 1 / 96                1 / 96                1 / 96          MB/s
[2023-11-16T13:07:58.984+0800][gc,stats    ]      Memory: Defragment                                        0 / 0                 0 / 0                 0 / 0                 0 / 0           ops/s
[2023-11-16T13:07:58.984+0800][gc,stats    ]      Memory: Out Of Memory                                     0 / 0                 0 / 0                 0 / 0                 0 / 0           ops/s
[2023-11-16T13:07:58.984+0800][gc,stats    ]      Memory: Page Cache Flush                                  0 / 0                 0 / 0                 0 / 0                 0 / 0           MB/s
[2023-11-16T13:07:58.984+0800][gc,stats    ]      Memory: Page Cache Hit L1                                 0 / 1                 0 / 38                0 / 38                0 / 38          ops/s
[2023-11-16T13:07:58.984+0800][gc,stats    ]      Memory: Page Cache Hit L2                                 0 / 0                 0 / 0                 0 / 0                 0 / 0           ops/s
[2023-11-16T13:07:58.984+0800][gc,stats    ]      Memory: Page Cache Hit L3                                 0 / 0                 0 / 48                0 / 48                0 / 48          ops/s
[2023-11-16T13:07:58.984+0800][gc,stats    ]      Memory: Page Cache Miss                                   0 / 0                 0 / 1                 0 / 1                 0 / 1           ops/s
[2023-11-16T13:07:58.984+0800][gc,stats    ]      Memory: Uncommit                                          0 / 0                 0 / 0                 0 / 0                 0 / 0           MB/s
[2023-11-16T13:07:58.984+0800][gc,stats    ]      Memory: Undo Object Allocation Failed                     0 / 0                 0 / 0                 0 / 0                 0 / 0           ops/s
[2023-11-16T13:07:58.984+0800][gc,stats    ]      Memory: Undo Object Allocation Succeeded                  0 / 0                 0 / 0                 0 / 0                 0 / 0           ops/s
[2023-11-16T13:07:58.984+0800][gc,stats    ]      Memory: Undo Page Allocation                              0 / 0                 0 / 0                 0 / 0                 0 / 0           ops/s
[2023-11-16T13:07:58.984+0800][gc,stats    ]       Phase: Concurrent Mark                               0.000 / 0.000        25.401 / 26.782       25.401 / 26.782       25.401 / 26.782      ms
[2023-11-16T13:07:58.984+0800][gc,stats    ]       Phase: Concurrent Mark Continue                      0.000 / 0.000         0.000 / 0.000         0.000 / 0.000         0.000 / 0.000       ms
[2023-11-16T13:07:58.984+0800][gc,stats    ]       Phase: Concurrent Mark Free                          0.000 / 0.000         0.001 / 0.001         0.001 / 0.001         0.001 / 0.001       ms
[2023-11-16T13:07:58.984+0800][gc,stats    ]       Phase: Concurrent Process Non-Strong References      0.000 / 0.000         2.435 / 2.758         2.435 / 2.758         2.435 / 2.758       ms
[2023-11-16T13:07:58.984+0800][gc,stats    ]       Phase: Concurrent Relocate                           0.000 / 0.000         2.928 / 3.220         2.928 / 3.220         2.928 / 3.220       ms
[2023-11-16T13:07:58.984+0800][gc,stats    ]       Phase: Concurrent Reset Relocation Set               0.000 / 0.000         0.003 / 0.006         0.003 / 0.006         0.003 / 0.006       ms
[2023-11-16T13:07:58.984+0800][gc,stats    ]       Phase: Concurrent Select Relocation Set              0.000 / 0.000         5.767 / 9.539         5.767 / 9.539         5.767 / 9.539       ms
[2023-11-16T13:07:58.984+0800][gc,stats    ]       Phase: Pause Mark End                                0.000 / 0.000         0.023 / 0.026         0.023 / 0.026         0.023 / 0.026       ms
[2023-11-16T13:07:58.984+0800][gc,stats    ]       Phase: Pause Mark Start                              0.000 / 0.000         0.010 / 0.014         0.010 / 0.014         0.010 / 0.014       ms
[2023-11-16T13:07:58.984+0800][gc,stats    ]       Phase: Pause Relocate Start                          0.000 / 0.000         0.014 / 0.017         0.014 / 0.017         0.014 / 0.017       ms
[2023-11-16T13:07:58.984+0800][gc,stats    ]    Subphase: Concurrent Classes Purge                      0.000 / 0.000         0.082 / 0.093         0.082 / 0.093         0.082 / 0.093       ms
[2023-11-16T13:07:58.984+0800][gc,stats    ]    Subphase: Concurrent Classes Unlink                     0.000 / 0.000         1.496 / 1.649         1.496 / 1.649         1.496 / 1.649       ms
[2023-11-16T13:07:58.984+0800][gc,stats    ]    Subphase: Concurrent Mark                               0.000 / 0.000        21.597 / 25.992       21.597 / 25.992       21.597 / 25.992      ms
[2023-11-16T13:07:58.984+0800][gc,stats    ]    Subphase: Concurrent Mark Try Flush                     0.000 / 0.000         0.068 / 0.146         0.068 / 0.146         0.068 / 0.146       ms
[2023-11-16T13:07:58.984+0800][gc,stats    ]    Subphase: Concurrent Mark Try Terminate                 0.000 / 0.000         5.693 / 15.474        5.693 / 15.474        5.693 / 15.474      ms
[2023-11-16T13:07:58.984+0800][gc,stats    ]    Subphase: Concurrent References Enqueue                 0.000 / 0.000         0.005 / 0.005         0.005 / 0.005         0.005 / 0.005       ms
[2023-11-16T13:07:58.984+0800][gc,stats    ]    Subphase: Concurrent References Process                 0.000 / 0.000         0.108 / 0.128         0.108 / 0.128         0.108 / 0.128       ms
[2023-11-16T13:07:58.984+0800][gc,stats    ]    Subphase: Concurrent Roots ClassLoaderDataGraph         0.000 / 0.000         0.162 / 0.511         0.162 / 0.511         0.162 / 0.511       ms
[2023-11-16T13:07:58.984+0800][gc,stats    ]    Subphase: Concurrent Roots CodeCache                    0.000 / 0.000         0.000 / 0.000         0.000 / 0.000         0.000 / 0.000       ms
[2023-11-16T13:07:58.984+0800][gc,stats    ]    Subphase: Concurrent Roots JavaThreads                  0.000 / 0.000         0.945 / 1.682         0.945 / 1.682         0.945 / 1.682       ms
[2023-11-16T13:07:58.984+0800][gc,stats    ]    Subphase: Concurrent Roots OopStorageSet                0.000 / 0.000         0.041 / 0.062         0.041 / 0.062         0.041 / 0.062       ms
[2023-11-16T13:07:58.984+0800][gc,stats    ]    Subphase: Concurrent Weak Roots OopStorageSet           0.000 / 0.000         0.514 / 0.770         0.514 / 0.770         0.514 / 0.770       ms
[2023-11-16T13:07:58.984+0800][gc,stats    ]    Subphase: Pause Mark Try Complete                       0.000 / 0.000         0.000 / 0.000         0.000 / 0.000         0.000 / 0.000       ms
[2023-11-16T13:07:58.984+0800][gc,stats    ]      System: Java Threads                                      0 / 0                36 / 51               36 / 51               36 / 51          threads
[2023-11-16T13:07:58.984+0800][gc,stats    ] =========================================================================================================================================================
[2023-11-16T13:08:08.992+0800][gc,stats    ] === Garbage Collection Statistics =======================================================================================================================
[2023-11-16T13:08:08.992+0800][gc,stats    ]                                                              Last 10s              Last 10m              Last 10h                Total
[2023-11-16T13:08:08.992+0800][gc,stats    ]                                                              Avg / Max             Avg / Max             Avg / Max             Avg / Max
[2023-11-16T13:08:08.992+0800][gc,stats    ]   Collector: Garbage Collection Cycle                      0.000 / 0.000        42.450 / 42.489       42.450 / 42.489       42.450 / 42.489      ms
[2023-11-16T13:08:08.992+0800][gc,stats    ]  Contention: Mark Segment Reset Contention                     0 / 0                 0 / 2                 0 / 2                 0 / 2           ops/s
[2023-11-16T13:08:08.992+0800][gc,stats    ]  Contention: Mark SeqNum Reset Contention                      0 / 0                 0 / 1                 0 / 1                 0 / 1           ops/s
[2023-11-16T13:08:08.992+0800][gc,stats    ]    Critical: Allocation Stall                                  0 / 0                 0 / 0                 0 / 0                 0 / 0           ops/s
[2023-11-16T13:08:08.992+0800][gc,stats    ]    Critical: Allocation Stall                              0.000 / 0.000         0.000 / 0.000         0.000 / 0.000         0.000 / 0.000       ms
[2023-11-16T13:08:08.992+0800][gc,stats    ]    Critical: GC Locker Stall                                   0 / 0                 0 / 0                 0 / 0                 0 / 0           ops/s
[2023-11-16T13:08:08.992+0800][gc,stats    ]    Critical: GC Locker Stall                               0.000 / 0.000         0.000 / 0.000         0.000 / 0.000         0.000 / 0.000       ms
[2023-11-16T13:08:08.992+0800][gc,stats    ]    Critical: Relocation Stall                                  0 / 0                 0 / 0                 0 / 0                 0 / 0           ops/s
[2023-11-16T13:08:08.992+0800][gc,stats    ]    Critical: Relocation Stall                              0.000 / 0.000         0.000 / 0.000         0.000 / 0.000         0.000 / 0.000       ms
[2023-11-16T13:08:08.992+0800][gc,stats    ]      Memory: Allocation Rate                                   1 / 4                 1 / 96                1 / 96                1 / 96          MB/s
[2023-11-16T13:08:08.992+0800][gc,stats    ]      Memory: Defragment                                        0 / 0                 0 / 0                 0 / 0                 0 / 0           ops/s
[2023-11-16T13:08:08.992+0800][gc,stats    ]      Memory: Out Of Memory                                     0 / 0                 0 / 0                 0 / 0                 0 / 0           ops/s
[2023-11-16T13:08:08.992+0800][gc,stats    ]      Memory: Page Cache Flush                                  0 / 0                 0 / 0                 0 / 0                 0 / 0           MB/s
[2023-11-16T13:08:08.992+0800][gc,stats    ]      Memory: Page Cache Hit L1                                 0 / 2                 0 / 38                0 / 38                0 / 38          ops/s
[2023-11-16T13:08:08.992+0800][gc,stats    ]      Memory: Page Cache Hit L2                                 0 / 0                 0 / 0                 0 / 0                 0 / 0           ops/s
[2023-11-16T13:08:08.992+0800][gc,stats    ]      Memory: Page Cache Hit L3                                 0 / 0                 0 / 48                0 / 48                0 / 48          ops/s
[2023-11-16T13:08:08.992+0800][gc,stats    ]      Memory: Page Cache Miss                                   0 / 0                 0 / 1                 0 / 1                 0 / 1           ops/s
[2023-11-16T13:08:08.992+0800][gc,stats    ]      Memory: Uncommit                                          0 / 0                 0 / 0                 0 / 0                 0 / 0           MB/s
[2023-11-16T13:08:08.992+0800][gc,stats    ]      Memory: Undo Object Allocation Failed                     0 / 0                 0 / 0                 0 / 0                 0 / 0           ops/s
[2023-11-16T13:08:08.992+0800][gc,stats    ]      Memory: Undo Object Allocation Succeeded                  0 / 0                 0 / 0                 0 / 0                 0 / 0           ops/s
[2023-11-16T13:08:08.992+0800][gc,stats    ]      Memory: Undo Page Allocation                              0 / 0                 0 / 0                 0 / 0                 0 / 0           ops/s
[2023-11-16T13:08:08.992+0800][gc,stats    ]       Phase: Concurrent Mark                               0.000 / 0.000        25.401 / 26.782       25.401 / 26.782       25.401 / 26.782      ms
[2023-11-16T13:08:08.992+0800][gc,stats    ]       Phase: Concurrent Mark Continue                      0.000 / 0.000         0.000 / 0.000         0.000 / 0.000         0.000 / 0.000       ms
[2023-11-16T13:08:08.992+0800][gc,stats    ]       Phase: Concurrent Mark Free                          0.000 / 0.000         0.001 / 0.001         0.001 / 0.001         0.001 / 0.001       ms
[2023-11-16T13:08:08.992+0800][gc,stats    ]       Phase: Concurrent Process Non-Strong References      0.000 / 0.000         2.435 / 2.758         2.435 / 2.758         2.435 / 2.758       ms
[2023-11-16T13:08:08.992+0800][gc,stats    ]       Phase: Concurrent Relocate                           0.000 / 0.000         2.928 / 3.220         2.928 / 3.220         2.928 / 3.220       ms
[2023-11-16T13:08:08.992+0800][gc,stats    ]       Phase: Concurrent Reset Relocation Set               0.000 / 0.000         0.003 / 0.006         0.003 / 0.006         0.003 / 0.006       ms
[2023-11-16T13:08:08.992+0800][gc,stats    ]       Phase: Concurrent Select Relocation Set              0.000 / 0.000         5.767 / 9.539         5.767 / 9.539         5.767 / 9.539       ms
[2023-11-16T13:08:08.992+0800][gc,stats    ]       Phase: Pause Mark End                                0.000 / 0.000         0.023 / 0.026         0.023 / 0.026         0.023 / 0.026       ms
[2023-11-16T13:08:08.992+0800][gc,stats    ]       Phase: Pause Mark Start                              0.000 / 0.000         0.010 / 0.014         0.010 / 0.014         0.010 / 0.014       ms
[2023-11-16T13:08:08.992+0800][gc,stats    ]       Phase: Pause Relocate Start                          0.000 / 0.000         0.014 / 0.017         0.014 / 0.017         0.014 / 0.017       ms
[2023-11-16T13:08:08.992+0800][gc,stats    ]    Subphase: Concurrent Classes Purge                      0.000 / 0.000         0.082 / 0.093         0.082 / 0.093         0.082 / 0.093       ms
[2023-11-16T13:08:08.992+0800][gc,stats    ]    Subphase: Concurrent Classes Unlink                     0.000 / 0.000         1.496 / 1.649         1.496 / 1.649         1.496 / 1.649       ms
[2023-11-16T13:08:08.992+0800][gc,stats    ]    Subphase: Concurrent Mark                               0.000 / 0.000        21.597 / 25.992       21.597 / 25.992       21.597 / 25.992      ms
[2023-11-16T13:08:08.992+0800][gc,stats    ]    Subphase: Concurrent Mark Try Flush                     0.000 / 0.000         0.068 / 0.146         0.068 / 0.146         0.068 / 0.146       ms
[2023-11-16T13:08:08.992+0800][gc,stats    ]    Subphase: Concurrent Mark Try Terminate                 0.000 / 0.000         5.693 / 15.474        5.693 / 15.474        5.693 / 15.474      ms
[2023-11-16T13:08:08.992+0800][gc,stats    ]    Subphase: Concurrent References Enqueue                 0.000 / 0.000         0.005 / 0.005         0.005 / 0.005         0.005 / 0.005       ms
[2023-11-16T13:08:08.992+0800][gc,stats    ]    Subphase: Concurrent References Process                 0.000 / 0.000         0.108 / 0.128         0.108 / 0.128         0.108 / 0.128       ms
[2023-11-16T13:08:08.992+0800][gc,stats    ]    Subphase: Concurrent Roots ClassLoaderDataGraph         0.000 / 0.000         0.162 / 0.511         0.162 / 0.511         0.162 / 0.511       ms
[2023-11-16T13:08:08.992+0800][gc,stats    ]    Subphase: Concurrent Roots CodeCache                    0.000 / 0.000         0.000 / 0.000         0.000 / 0.000         0.000 / 0.000       ms
[2023-11-16T13:08:08.992+0800][gc,stats    ]    Subphase: Concurrent Roots JavaThreads                  0.000 / 0.000         0.945 / 1.682         0.945 / 1.682         0.945 / 1.682       ms
[2023-11-16T13:08:08.993+0800][gc,stats    ]    Subphase: Concurrent Roots OopStorageSet                0.000 / 0.000         0.041 / 0.062         0.041 / 0.062         0.041 / 0.062       ms
[2023-11-16T13:08:08.993+0800][gc,stats    ]    Subphase: Concurrent Weak Roots OopStorageSet           0.000 / 0.000         0.514 / 0.770         0.514 / 0.770         0.514 / 0.770       ms
[2023-11-16T13:08:08.993+0800][gc,stats    ]    Subphase: Pause Mark Try Complete                       0.000 / 0.000         0.000 / 0.000         0.000 / 0.000         0.000 / 0.000       ms
[2023-11-16T13:08:08.993+0800][gc,stats    ]      System: Java Threads                                      0 / 0                36 / 51               36 / 51               36 / 51          threads
[2023-11-16T13:08:08.993+0800][gc,stats    ] =========================================================================================================================================================
[2023-11-16T13:08:18.992+0800][gc,stats    ] === Garbage Collection Statistics =======================================================================================================================
[2023-11-16T13:08:18.992+0800][gc,stats    ]                                                              Last 10s              Last 10m              Last 10h                Total
[2023-11-16T13:08:18.992+0800][gc,stats    ]                                                              Avg / Max             Avg / Max             Avg / Max             Avg / Max
[2023-11-16T13:08:18.992+0800][gc,stats    ]   Collector: Garbage Collection Cycle                      0.000 / 0.000        42.450 / 42.489       42.450 / 42.489       42.450 / 42.489      ms
[2023-11-16T13:08:18.992+0800][gc,stats    ]  Contention: Mark Segment Reset Contention                     0 / 0                 0 / 2                 0 / 2                 0 / 2           ops/s
[2023-11-16T13:08:18.992+0800][gc,stats    ]  Contention: Mark SeqNum Reset Contention                      0 / 0                 0 / 1                 0 / 1                 0 / 1           ops/s
[2023-11-16T13:08:18.992+0800][gc,stats    ]    Critical: Allocation Stall                                  0 / 0                 0 / 0                 0 / 0                 0 / 0           ops/s
[2023-11-16T13:08:18.992+0800][gc,stats    ]    Critical: Allocation Stall                              0.000 / 0.000         0.000 / 0.000         0.000 / 0.000         0.000 / 0.000       ms
[2023-11-16T13:08:18.992+0800][gc,stats    ]    Critical: GC Locker Stall                                   0 / 0                 0 / 0                 0 / 0                 0 / 0           ops/s
[2023-11-16T13:08:18.992+0800][gc,stats    ]    Critical: GC Locker Stall                               0.000 / 0.000         0.000 / 0.000         0.000 / 0.000         0.000 / 0.000       ms
[2023-11-16T13:08:18.992+0800][gc,stats    ]    Critical: Relocation Stall                                  0 / 0                 0 / 0                 0 / 0                 0 / 0           ops/s
[2023-11-16T13:08:18.992+0800][gc,stats    ]    Critical: Relocation Stall                              0.000 / 0.000         0.000 / 0.000         0.000 / 0.000         0.000 / 0.000       ms
[2023-11-16T13:08:18.992+0800][gc,stats    ]      Memory: Allocation Rate                                   0 / 0                 1 / 96                1 / 96                1 / 96          MB/s
[2023-11-16T13:08:18.992+0800][gc,stats    ]      Memory: Defragment                                        0 / 0                 0 / 0                 0 / 0                 0 / 0           ops/s
[2023-11-16T13:08:18.992+0800][gc,stats    ]      Memory: Out Of Memory                                     0 / 0                 0 / 0                 0 / 0                 0 / 0           ops/s
[2023-11-16T13:08:18.992+0800][gc,stats    ]      Memory: Page Cache Flush                                  0 / 0                 0 / 0                 0 / 0                 0 / 0           MB/s
[2023-11-16T13:08:18.992+0800][gc,stats    ]      Memory: Page Cache Hit L1                                 0 / 0                 0 / 38                0 / 38                0 / 38          ops/s
[2023-11-16T13:08:18.992+0800][gc,stats    ]      Memory: Page Cache Hit L2                                 0 / 0                 0 / 0                 0 / 0                 0 / 0           ops/s
[2023-11-16T13:08:18.992+0800][gc,stats    ]      Memory: Page Cache Hit L3                                 0 / 0                 0 / 48                0 / 48                0 / 48          ops/s
[2023-11-16T13:08:18.992+0800][gc,stats    ]      Memory: Page Cache Miss                                   0 / 0                 0 / 1                 0 / 1                 0 / 1           ops/s
[2023-11-16T13:08:18.992+0800][gc,stats    ]      Memory: Uncommit                                          0 / 0                 0 / 0                 0 / 0                 0 / 0           MB/s
[2023-11-16T13:08:18.992+0800][gc,stats    ]      Memory: Undo Object Allocation Failed                     0 / 0                 0 / 0                 0 / 0                 0 / 0           ops/s
[2023-11-16T13:08:18.992+0800][gc,stats    ]      Memory: Undo Object Allocation Succeeded                  0 / 0                 0 / 0                 0 / 0                 0 / 0           ops/s
[2023-11-16T13:08:18.992+0800][gc,stats    ]      Memory: Undo Page Allocation                              0 / 0                 0 / 0                 0 / 0                 0 / 0           ops/s
[2023-11-16T13:08:18.992+0800][gc,stats    ]       Phase: Concurrent Mark                               0.000 / 0.000        25.401 / 26.782       25.401 / 26.782       25.401 / 26.782      ms
[2023-11-16T13:08:18.992+0800][gc,stats    ]       Phase: Concurrent Mark Continue                      0.000 / 0.000         0.000 / 0.000         0.000 / 0.000         0.000 / 0.000       ms
[2023-11-16T13:08:18.992+0800][gc,stats    ]       Phase: Concurrent Mark Free                          0.000 / 0.000         0.001 / 0.001         0.001 / 0.001         0.001 / 0.001       ms
[2023-11-16T13:08:18.992+0800][gc,stats    ]       Phase: Concurrent Process Non-Strong References      0.000 / 0.000         2.435 / 2.758         2.435 / 2.758         2.435 / 2.758       ms
[2023-11-16T13:08:18.992+0800][gc,stats    ]       Phase: Concurrent Relocate                           0.000 / 0.000         2.928 / 3.220         2.928 / 3.220         2.928 / 3.220       ms
[2023-11-16T13:08:18.992+0800][gc,stats    ]       Phase: Concurrent Reset Relocation Set               0.000 / 0.000         0.003 / 0.006         0.003 / 0.006         0.003 / 0.006       ms
[2023-11-16T13:08:18.992+0800][gc,stats    ]       Phase: Concurrent Select Relocation Set              0.000 / 0.000         5.767 / 9.539         5.767 / 9.539         5.767 / 9.539       ms
[2023-11-16T13:08:18.992+0800][gc,stats    ]       Phase: Pause Mark End                                0.000 / 0.000         0.023 / 0.026         0.023 / 0.026         0.023 / 0.026       ms
[2023-11-16T13:08:18.992+0800][gc,stats    ]       Phase: Pause Mark Start                              0.000 / 0.000         0.010 / 0.014         0.010 / 0.014         0.010 / 0.014       ms
[2023-11-16T13:08:18.992+0800][gc,stats    ]       Phase: Pause Relocate Start                          0.000 / 0.000         0.014 / 0.017         0.014 / 0.017         0.014 / 0.017       ms
[2023-11-16T13:08:18.992+0800][gc,stats    ]    Subphase: Concurrent Classes Purge                      0.000 / 0.000         0.082 / 0.093         0.082 / 0.093         0.082 / 0.093       ms
[2023-11-16T13:08:18.992+0800][gc,stats    ]    Subphase: Concurrent Classes Unlink                     0.000 / 0.000         1.496 / 1.649         1.496 / 1.649         1.496 / 1.649       ms
[2023-11-16T13:08:18.992+0800][gc,stats    ]    Subphase: Concurrent Mark                               0.000 / 0.000        21.597 / 25.992       21.597 / 25.992       21.597 / 25.992      ms
[2023-11-16T13:08:18.992+0800][gc,stats    ]    Subphase: Concurrent Mark Try Flush                     0.000 / 0.000         0.068 / 0.146         0.068 / 0.146         0.068 / 0.146       ms
[2023-11-16T13:08:18.992+0800][gc,stats    ]    Subphase: Concurrent Mark Try Terminate                 0.000 / 0.000         5.693 / 15.474        5.693 / 15.474        5.693 / 15.474      ms
[2023-11-16T13:08:18.992+0800][gc,stats    ]    Subphase: Concurrent References Enqueue                 0.000 / 0.000         0.005 / 0.005         0.005 / 0.005         0.005 / 0.005       ms
[2023-11-16T13:08:18.992+0800][gc,stats    ]    Subphase: Concurrent References Process                 0.000 / 0.000         0.108 / 0.128         0.108 / 0.128         0.108 / 0.128       ms
[2023-11-16T13:08:18.992+0800][gc,stats    ]    Subphase: Concurrent Roots ClassLoaderDataGraph         0.000 / 0.000         0.162 / 0.511         0.162 / 0.511         0.162 / 0.511       ms
[2023-11-16T13:08:18.992+0800][gc,stats    ]    Subphase: Concurrent Roots CodeCache                    0.000 / 0.000         0.000 / 0.000         0.000 / 0.000         0.000 / 0.000       ms
[2023-11-16T13:08:18.992+0800][gc,stats    ]    Subphase: Concurrent Roots JavaThreads                  0.000 / 0.000         0.945 / 1.682         0.945 / 1.682         0.945 / 1.682       ms
[2023-11-16T13:08:18.992+0800][gc,stats    ]    Subphase: Concurrent Roots OopStorageSet                0.000 / 0.000         0.041 / 0.062         0.041 / 0.062         0.041 / 0.062       ms
[2023-11-16T13:08:18.992+0800][gc,stats    ]    Subphase: Concurrent Weak Roots OopStorageSet           0.000 / 0.000         0.514 / 0.770         0.514 / 0.770         0.514 / 0.770       ms
[2023-11-16T13:08:18.992+0800][gc,stats    ]    Subphase: Pause Mark Try Complete                       0.000 / 0.000         0.000 / 0.000         0.000 / 0.000         0.000 / 0.000       ms
[2023-11-16T13:08:18.992+0800][gc,stats    ]      System: Java Threads                                      0 / 0                36 / 51               36 / 51               36 / 51          threads
[2023-11-16T13:08:18.992+0800][gc,stats    ] =========================================================================================================================================================
[2023-11-16T13:08:28.997+0800][gc,stats    ] === Garbage Collection Statistics =======================================================================================================================
[2023-11-16T13:08:28.997+0800][gc,stats    ]                                                              Last 10s              Last 10m              Last 10h                Total
[2023-11-16T13:08:28.997+0800][gc,stats    ]                                                              Avg / Max             Avg / Max             Avg / Max             Avg / Max
[2023-11-16T13:08:28.997+0800][gc,stats    ]   Collector: Garbage Collection Cycle                      0.000 / 0.000        42.450 / 42.489       42.450 / 42.489       42.450 / 42.489      ms
[2023-11-16T13:08:28.997+0800][gc,stats    ]  Contention: Mark Segment Reset Contention                     0 / 0                 0 / 2                 0 / 2                 0 / 2           ops/s
[2023-11-16T13:08:28.997+0800][gc,stats    ]  Contention: Mark SeqNum Reset Contention                      0 / 0                 0 / 1                 0 / 1                 0 / 1           ops/s
[2023-11-16T13:08:28.997+0800][gc,stats    ]    Critical: Allocation Stall                                  0 / 0                 0 / 0                 0 / 0                 0 / 0           ops/s
[2023-11-16T13:08:28.997+0800][gc,stats    ]    Critical: Allocation Stall                              0.000 / 0.000         0.000 / 0.000         0.000 / 0.000         0.000 / 0.000       ms
[2023-11-16T13:08:28.997+0800][gc,stats    ]    Critical: GC Locker Stall                                   0 / 0                 0 / 0                 0 / 0                 0 / 0           ops/s
[2023-11-16T13:08:28.997+0800][gc,stats    ]    Critical: GC Locker Stall                               0.000 / 0.000         0.000 / 0.000         0.000 / 0.000         0.000 / 0.000       ms
[2023-11-16T13:08:28.997+0800][gc,stats    ]    Critical: Relocation Stall                                  0 / 0                 0 / 0                 0 / 0                 0 / 0           ops/s
[2023-11-16T13:08:28.997+0800][gc,stats    ]    Critical: Relocation Stall                              0.000 / 0.000         0.000 / 0.000         0.000 / 0.000         0.000 / 0.000       ms
[2023-11-16T13:08:28.997+0800][gc,stats    ]      Memory: Allocation Rate                                   0 / 0                 1 / 96                1 / 96                1 / 96          MB/s
[2023-11-16T13:08:28.997+0800][gc,stats    ]      Memory: Defragment                                        0 / 0                 0 / 0                 0 / 0                 0 / 0           ops/s
[2023-11-16T13:08:28.997+0800][gc,stats    ]      Memory: Out Of Memory                                     0 / 0                 0 / 0                 0 / 0                 0 / 0           ops/s
[2023-11-16T13:08:28.997+0800][gc,stats    ]      Memory: Page Cache Flush                                  0 / 0                 0 / 0                 0 / 0                 0 / 0           MB/s
[2023-11-16T13:08:28.997+0800][gc,stats    ]      Memory: Page Cache Hit L1                                 0 / 0                 0 / 38                0 / 38                0 / 38          ops/s
[2023-11-16T13:08:28.997+0800][gc,stats    ]      Memory: Page Cache Hit L2                                 0 / 0                 0 / 0                 0 / 0                 0 / 0           ops/s
[2023-11-16T13:08:28.997+0800][gc,stats    ]      Memory: Page Cache Hit L3                                 0 / 0                 0 / 48                0 / 48                0 / 48          ops/s
[2023-11-16T13:08:28.998+0800][gc,stats    ]      Memory: Page Cache Miss                                   0 / 0                 0 / 1                 0 / 1                 0 / 1           ops/s
[2023-11-16T13:08:28.998+0800][gc,stats    ]      Memory: Uncommit                                          0 / 0                 0 / 0                 0 / 0                 0 / 0           MB/s
[2023-11-16T13:08:28.998+0800][gc,stats    ]      Memory: Undo Object Allocation Failed                     0 / 0                 0 / 0                 0 / 0                 0 / 0           ops/s
[2023-11-16T13:08:28.998+0800][gc,stats    ]      Memory: Undo Object Allocation Succeeded                  0 / 0                 0 / 0                 0 / 0                 0 / 0           ops/s
[2023-11-16T13:08:28.998+0800][gc,stats    ]      Memory: Undo Page Allocation                              0 / 0                 0 / 0                 0 / 0                 0 / 0           ops/s
[2023-11-16T13:08:28.998+0800][gc,stats    ]       Phase: Concurrent Mark                               0.000 / 0.000        25.401 / 26.782       25.401 / 26.782       25.401 / 26.782      ms
[2023-11-16T13:08:28.998+0800][gc,stats    ]       Phase: Concurrent Mark Continue                      0.000 / 0.000         0.000 / 0.000         0.000 / 0.000         0.000 / 0.000       ms
[2023-11-16T13:08:28.998+0800][gc,stats    ]       Phase: Concurrent Mark Free                          0.000 / 0.000         0.001 / 0.001         0.001 / 0.001         0.001 / 0.001       ms
[2023-11-16T13:08:28.998+0800][gc,stats    ]       Phase: Concurrent Process Non-Strong References      0.000 / 0.000         2.435 / 2.758         2.435 / 2.758         2.435 / 2.758       ms
[2023-11-16T13:08:28.998+0800][gc,stats    ]       Phase: Concurrent Relocate                           0.000 / 0.000         2.928 / 3.220         2.928 / 3.220         2.928 / 3.220       ms
[2023-11-16T13:08:28.998+0800][gc,stats    ]       Phase: Concurrent Reset Relocation Set               0.000 / 0.000         0.003 / 0.006         0.003 / 0.006         0.003 / 0.006       ms
[2023-11-16T13:08:28.998+0800][gc,stats    ]       Phase: Concurrent Select Relocation Set              0.000 / 0.000         5.767 / 9.539         5.767 / 9.539         5.767 / 9.539       ms
[2023-11-16T13:08:28.998+0800][gc,stats    ]       Phase: Pause Mark End                                0.000 / 0.000         0.023 / 0.026         0.023 / 0.026         0.023 / 0.026       ms
[2023-11-16T13:08:28.998+0800][gc,stats    ]       Phase: Pause Mark Start                              0.000 / 0.000         0.010 / 0.014         0.010 / 0.014         0.010 / 0.014       ms
[2023-11-16T13:08:28.998+0800][gc,stats    ]       Phase: Pause Relocate Start                          0.000 / 0.000         0.014 / 0.017         0.014 / 0.017         0.014 / 0.017       ms
[2023-11-16T13:08:28.998+0800][gc,stats    ]    Subphase: Concurrent Classes Purge                      0.000 / 0.000         0.082 / 0.093         0.082 / 0.093         0.082 / 0.093       ms
[2023-11-16T13:08:28.998+0800][gc,stats    ]    Subphase: Concurrent Classes Unlink                     0.000 / 0.000         1.496 / 1.649         1.496 / 1.649         1.496 / 1.649       ms
[2023-11-16T13:08:28.998+0800][gc,stats    ]    Subphase: Concurrent Mark                               0.000 / 0.000        21.597 / 25.992       21.597 / 25.992       21.597 / 25.992      ms
[2023-11-16T13:08:28.998+0800][gc,stats    ]    Subphase: Concurrent Mark Try Flush                     0.000 / 0.000         0.068 / 0.146         0.068 / 0.146         0.068 / 0.146       ms
[2023-11-16T13:08:28.998+0800][gc,stats    ]    Subphase: Concurrent Mark Try Terminate                 0.000 / 0.000         5.693 / 15.474        5.693 / 15.474        5.693 / 15.474      ms
[2023-11-16T13:08:28.998+0800][gc,stats    ]    Subphase: Concurrent References Enqueue                 0.000 / 0.000         0.005 / 0.005         0.005 / 0.005         0.005 / 0.005       ms
[2023-11-16T13:08:28.998+0800][gc,stats    ]    Subphase: Concurrent References Process                 0.000 / 0.000         0.108 / 0.128         0.108 / 0.128         0.108 / 0.128       ms
[2023-11-16T13:08:28.998+0800][gc,stats    ]    Subphase: Concurrent Roots ClassLoaderDataGraph         0.000 / 0.000         0.162 / 0.511         0.162 / 0.511         0.162 / 0.511       ms
[2023-11-16T13:08:28.998+0800][gc,stats    ]    Subphase: Concurrent Roots CodeCache                    0.000 / 0.000         0.000 / 0.000         0.000 / 0.000         0.000 / 0.000       ms
[2023-11-16T13:08:28.998+0800][gc,stats    ]    Subphase: Concurrent Roots JavaThreads                  0.000 / 0.000         0.945 / 1.682         0.945 / 1.682         0.945 / 1.682       ms
[2023-11-16T13:08:28.998+0800][gc,stats    ]    Subphase: Concurrent Roots OopStorageSet                0.000 / 0.000         0.041 / 0.062         0.041 / 0.062         0.041 / 0.062       ms
[2023-11-16T13:08:28.998+0800][gc,stats    ]    Subphase: Concurrent Weak Roots OopStorageSet           0.000 / 0.000         0.514 / 0.770         0.514 / 0.770         0.514 / 0.770       ms
[2023-11-16T13:08:28.998+0800][gc,stats    ]    Subphase: Pause Mark Try Complete                       0.000 / 0.000         0.000 / 0.000         0.000 / 0.000         0.000 / 0.000       ms
[2023-11-16T13:08:28.998+0800][gc,stats    ]      System: Java Threads                                      0 / 0                36 / 51               36 / 51               36 / 51          threads
[2023-11-16T13:08:28.998+0800][gc,stats    ] =========================================================================================================================================================
[2023-11-16T13:08:38.984+0800][gc,stats    ] === Garbage Collection Statistics =======================================================================================================================
[2023-11-16T13:08:38.984+0800][gc,stats    ]                                                              Last 10s              Last 10m              Last 10h                Total
[2023-11-16T13:08:38.984+0800][gc,stats    ]                                                              Avg / Max             Avg / Max             Avg / Max             Avg / Max
[2023-11-16T13:08:38.984+0800][gc,stats    ]   Collector: Garbage Collection Cycle                      0.000 / 0.000        42.450 / 42.489       42.450 / 42.489       42.450 / 42.489      ms
[2023-11-16T13:08:38.984+0800][gc,stats    ]  Contention: Mark Segment Reset Contention                     0 / 0                 0 / 2                 0 / 2                 0 / 2           ops/s
[2023-11-16T13:08:38.984+0800][gc,stats    ]  Contention: Mark SeqNum Reset Contention                      0 / 0                 0 / 1                 0 / 1                 0 / 1           ops/s
[2023-11-16T13:08:38.984+0800][gc,stats    ]    Critical: Allocation Stall                                  0 / 0                 0 / 0                 0 / 0                 0 / 0           ops/s
[2023-11-16T13:08:38.984+0800][gc,stats    ]    Critical: Allocation Stall                              0.000 / 0.000         0.000 / 0.000         0.000 / 0.000         0.000 / 0.000       ms
[2023-11-16T13:08:38.984+0800][gc,stats    ]    Critical: GC Locker Stall                                   0 / 0                 0 / 0                 0 / 0                 0 / 0           ops/s
[2023-11-16T13:08:38.984+0800][gc,stats    ]    Critical: GC Locker Stall                               0.000 / 0.000         0.000 / 0.000         0.000 / 0.000         0.000 / 0.000       ms
[2023-11-16T13:08:38.984+0800][gc,stats    ]    Critical: Relocation Stall                                  0 / 0                 0 / 0                 0 / 0                 0 / 0           ops/s
[2023-11-16T13:08:38.984+0800][gc,stats    ]    Critical: Relocation Stall                              0.000 / 0.000         0.000 / 0.000         0.000 / 0.000         0.000 / 0.000       ms
[2023-11-16T13:08:38.984+0800][gc,stats    ]      Memory: Allocation Rate                                   0 / 0                 1 / 96                1 / 96                1 / 96          MB/s
[2023-11-16T13:08:38.984+0800][gc,stats    ]      Memory: Defragment                                        0 / 0                 0 / 0                 0 / 0                 0 / 0           ops/s
[2023-11-16T13:08:38.984+0800][gc,stats    ]      Memory: Out Of Memory                                     0 / 0                 0 / 0                 0 / 0                 0 / 0           ops/s
[2023-11-16T13:08:38.984+0800][gc,stats    ]      Memory: Page Cache Flush                                  0 / 0                 0 / 0                 0 / 0                 0 / 0           MB/s
[2023-11-16T13:08:38.984+0800][gc,stats    ]      Memory: Page Cache Hit L1                                 0 / 0                 0 / 38                0 / 38                0 / 38          ops/s
[2023-11-16T13:08:38.984+0800][gc,stats    ]      Memory: Page Cache Hit L2                                 0 / 0                 0 / 0                 0 / 0                 0 / 0           ops/s
[2023-11-16T13:08:38.984+0800][gc,stats    ]      Memory: Page Cache Hit L3                                 0 / 0                 0 / 48                0 / 48                0 / 48          ops/s
[2023-11-16T13:08:38.984+0800][gc,stats    ]      Memory: Page Cache Miss                                   0 / 0                 0 / 1                 0 / 1                 0 / 1           ops/s
[2023-11-16T13:08:38.985+0800][gc,stats    ]      Memory: Uncommit                                          0 / 0                 0 / 0                 0 / 0                 0 / 0           MB/s
[2023-11-16T13:08:38.985+0800][gc,stats    ]      Memory: Undo Object Allocation Failed                     0 / 0                 0 / 0                 0 / 0                 0 / 0           ops/s
[2023-11-16T13:08:38.985+0800][gc,stats    ]      Memory: Undo Object Allocation Succeeded                  0 / 0                 0 / 0                 0 / 0                 0 / 0           ops/s
[2023-11-16T13:08:38.985+0800][gc,stats    ]      Memory: Undo Page Allocation                              0 / 0                 0 / 0                 0 / 0                 0 / 0           ops/s
[2023-11-16T13:08:38.985+0800][gc,stats    ]       Phase: Concurrent Mark                               0.000 / 0.000        25.401 / 26.782       25.401 / 26.782       25.401 / 26.782      ms
[2023-11-16T13:08:38.985+0800][gc,stats    ]       Phase: Concurrent Mark Continue                      0.000 / 0.000         0.000 / 0.000         0.000 / 0.000         0.000 / 0.000       ms
[2023-11-16T13:08:38.985+0800][gc,stats    ]       Phase: Concurrent Mark Free                          0.000 / 0.000         0.001 / 0.001         0.001 / 0.001         0.001 / 0.001       ms
[2023-11-16T13:08:38.985+0800][gc,stats    ]       Phase: Concurrent Process Non-Strong References      0.000 / 0.000         2.435 / 2.758         2.435 / 2.758         2.435 / 2.758       ms
[2023-11-16T13:08:38.985+0800][gc,stats    ]       Phase: Concurrent Relocate                           0.000 / 0.000         2.928 / 3.220         2.928 / 3.220         2.928 / 3.220       ms
[2023-11-16T13:08:38.985+0800][gc,stats    ]       Phase: Concurrent Reset Relocation Set               0.000 / 0.000         0.003 / 0.006         0.003 / 0.006         0.003 / 0.006       ms
[2023-11-16T13:08:38.985+0800][gc,stats    ]       Phase: Concurrent Select Relocation Set              0.000 / 0.000         5.767 / 9.539         5.767 / 9.539         5.767 / 9.539       ms
[2023-11-16T13:08:38.985+0800][gc,stats    ]       Phase: Pause Mark End                                0.000 / 0.000         0.023 / 0.026         0.023 / 0.026         0.023 / 0.026       ms
[2023-11-16T13:08:38.985+0800][gc,stats    ]       Phase: Pause Mark Start                              0.000 / 0.000         0.010 / 0.014         0.010 / 0.014         0.010 / 0.014       ms
[2023-11-16T13:08:38.985+0800][gc,stats    ]       Phase: Pause Relocate Start                          0.000 / 0.000         0.014 / 0.017         0.014 / 0.017         0.014 / 0.017       ms
[2023-11-16T13:08:38.985+0800][gc,stats    ]    Subphase: Concurrent Classes Purge                      0.000 / 0.000         0.082 / 0.093         0.082 / 0.093         0.082 / 0.093       ms
[2023-11-16T13:08:38.985+0800][gc,stats    ]    Subphase: Concurrent Classes Unlink                     0.000 / 0.000         1.496 / 1.649         1.496 / 1.649         1.496 / 1.649       ms
[2023-11-16T13:08:38.985+0800][gc,stats    ]    Subphase: Concurrent Mark                               0.000 / 0.000        21.597 / 25.992       21.597 / 25.992       21.597 / 25.992      ms
[2023-11-16T13:08:38.985+0800][gc,stats    ]    Subphase: Concurrent Mark Try Flush                     0.000 / 0.000         0.068 / 0.146         0.068 / 0.146         0.068 / 0.146       ms
[2023-11-16T13:08:38.985+0800][gc,stats    ]    Subphase: Concurrent Mark Try Terminate                 0.000 / 0.000         5.693 / 15.474        5.693 / 15.474        5.693 / 15.474      ms
[2023-11-16T13:08:38.985+0800][gc,stats    ]    Subphase: Concurrent References Enqueue                 0.000 / 0.000         0.005 / 0.005         0.005 / 0.005         0.005 / 0.005       ms
[2023-11-16T13:08:38.985+0800][gc,stats    ]    Subphase: Concurrent References Process                 0.000 / 0.000         0.108 / 0.128         0.108 / 0.128         0.108 / 0.128       ms
[2023-11-16T13:08:38.985+0800][gc,stats    ]    Subphase: Concurrent Roots ClassLoaderDataGraph         0.000 / 0.000         0.162 / 0.511         0.162 / 0.511         0.162 / 0.511       ms
[2023-11-16T13:08:38.985+0800][gc,stats    ]    Subphase: Concurrent Roots CodeCache                    0.000 / 0.000         0.000 / 0.000         0.000 / 0.000         0.000 / 0.000       ms
[2023-11-16T13:08:38.985+0800][gc,stats    ]    Subphase: Concurrent Roots JavaThreads                  0.000 / 0.000         0.945 / 1.682         0.945 / 1.682         0.945 / 1.682       ms
[2023-11-16T13:08:38.985+0800][gc,stats    ]    Subphase: Concurrent Roots OopStorageSet                0.000 / 0.000         0.041 / 0.062         0.041 / 0.062         0.041 / 0.062       ms
[2023-11-16T13:08:38.985+0800][gc,stats    ]    Subphase: Concurrent Weak Roots OopStorageSet           0.000 / 0.000         0.514 / 0.770         0.514 / 0.770         0.514 / 0.770       ms
[2023-11-16T13:08:38.985+0800][gc,stats    ]    Subphase: Pause Mark Try Complete                       0.000 / 0.000         0.000 / 0.000         0.000 / 0.000         0.000 / 0.000       ms
[2023-11-16T13:08:38.985+0800][gc,stats    ]      System: Java Threads                                      0 / 0                36 / 51               36 / 51               36 / 51          threads
[2023-11-16T13:08:38.985+0800][gc,stats    ] =========================================================================================================================================================
[2023-11-16T13:08:48.993+0800][gc,stats    ] === Garbage Collection Statistics =======================================================================================================================
[2023-11-16T13:08:48.993+0800][gc,stats    ]                                                              Last 10s              Last 10m              Last 10h                Total
[2023-11-16T13:08:48.993+0800][gc,stats    ]                                                              Avg / Max             Avg / Max             Avg / Max             Avg / Max
[2023-11-16T13:08:48.993+0800][gc,stats    ]   Collector: Garbage Collection Cycle                      0.000 / 0.000        42.450 / 42.489       42.450 / 42.489       42.450 / 42.489      ms
[2023-11-16T13:08:48.993+0800][gc,stats    ]  Contention: Mark Segment Reset Contention                     0 / 0                 0 / 2                 0 / 2                 0 / 2           ops/s
[2023-11-16T13:08:48.993+0800][gc,stats    ]  Contention: Mark SeqNum Reset Contention                      0 / 0                 0 / 1                 0 / 1                 0 / 1           ops/s
[2023-11-16T13:08:48.993+0800][gc,stats    ]    Critical: Allocation Stall                                  0 / 0                 0 / 0                 0 / 0                 0 / 0           ops/s
[2023-11-16T13:08:48.993+0800][gc,stats    ]    Critical: Allocation Stall                              0.000 / 0.000         0.000 / 0.000         0.000 / 0.000         0.000 / 0.000       ms
[2023-11-16T13:08:48.993+0800][gc,stats    ]    Critical: GC Locker Stall                                   0 / 0                 0 / 0                 0 / 0                 0 / 0           ops/s
[2023-11-16T13:08:48.993+0800][gc,stats    ]    Critical: GC Locker Stall                               0.000 / 0.000         0.000 / 0.000         0.000 / 0.000         0.000 / 0.000       ms
[2023-11-16T13:08:48.993+0800][gc,stats    ]    Critical: Relocation Stall                                  0 / 0                 0 / 0                 0 / 0                 0 / 0           ops/s
[2023-11-16T13:08:48.993+0800][gc,stats    ]    Critical: Relocation Stall                              0.000 / 0.000         0.000 / 0.000         0.000 / 0.000         0.000 / 0.000       ms
[2023-11-16T13:08:48.993+0800][gc,stats    ]      Memory: Allocation Rate                                   0 / 0                 1 / 96                1 / 96                1 / 96          MB/s
[2023-11-16T13:08:48.993+0800][gc,stats    ]      Memory: Defragment                                        0 / 0                 0 / 0                 0 / 0                 0 / 0           ops/s
[2023-11-16T13:08:48.993+0800][gc,stats    ]      Memory: Out Of Memory                                     0 / 0                 0 / 0                 0 / 0                 0 / 0           ops/s
[2023-11-16T13:08:48.993+0800][gc,stats    ]      Memory: Page Cache Flush                                  0 / 0                 0 / 0                 0 / 0                 0 / 0           MB/s
[2023-11-16T13:08:48.993+0800][gc,stats    ]      Memory: Page Cache Hit L1                                 0 / 0                 0 / 38                0 / 38                0 / 38          ops/s
[2023-11-16T13:08:48.993+0800][gc,stats    ]      Memory: Page Cache Hit L2                                 0 / 0                 0 / 0                 0 / 0                 0 / 0           ops/s
[2023-11-16T13:08:48.993+0800][gc,stats    ]      Memory: Page Cache Hit L3                                 0 / 0                 0 / 48                0 / 48                0 / 48          ops/s
[2023-11-16T13:08:48.993+0800][gc,stats    ]      Memory: Page Cache Miss                                   0 / 0                 0 / 1                 0 / 1                 0 / 1           ops/s
[2023-11-16T13:08:48.993+0800][gc,stats    ]      Memory: Uncommit                                          0 / 0                 0 / 0                 0 / 0                 0 / 0           MB/s
[2023-11-16T13:08:48.993+0800][gc,stats    ]      Memory: Undo Object Allocation Failed                     0 / 0                 0 / 0                 0 / 0                 0 / 0           ops/s
[2023-11-16T13:08:48.993+0800][gc,stats    ]      Memory: Undo Object Allocation Succeeded                  0 / 0                 0 / 0                 0 / 0                 0 / 0           ops/s
[2023-11-16T13:08:48.993+0800][gc,stats    ]      Memory: Undo Page Allocation                              0 / 0                 0 / 0                 0 / 0                 0 / 0           ops/s
[2023-11-16T13:08:48.993+0800][gc,stats    ]       Phase: Concurrent Mark                               0.000 / 0.000        25.401 / 26.782       25.401 / 26.782       25.401 / 26.782      ms
[2023-11-16T13:08:48.993+0800][gc,stats    ]       Phase: Concurrent Mark Continue                      0.000 / 0.000         0.000 / 0.000         0.000 / 0.000         0.000 / 0.000       ms
[2023-11-16T13:08:48.993+0800][gc,stats    ]       Phase: Concurrent Mark Free                          0.000 / 0.000         0.001 / 0.001         0.001 / 0.001         0.001 / 0.001       ms
[2023-11-16T13:08:48.993+0800][gc,stats    ]       Phase: Concurrent Process Non-Strong References      0.000 / 0.000         2.435 / 2.758         2.435 / 2.758         2.435 / 2.758       ms
[2023-11-16T13:08:48.993+0800][gc,stats    ]       Phase: Concurrent Relocate                           0.000 / 0.000         2.928 / 3.220         2.928 / 3.220         2.928 / 3.220       ms
[2023-11-16T13:08:48.993+0800][gc,stats    ]       Phase: Concurrent Reset Relocation Set               0.000 / 0.000         0.003 / 0.006         0.003 / 0.006         0.003 / 0.006       ms
[2023-11-16T13:08:48.993+0800][gc,stats    ]       Phase: Concurrent Select Relocation Set              0.000 / 0.000         5.767 / 9.539         5.767 / 9.539         5.767 / 9.539       ms
[2023-11-16T13:08:48.993+0800][gc,stats    ]       Phase: Pause Mark End                                0.000 / 0.000         0.023 / 0.026         0.023 / 0.026         0.023 / 0.026       ms
[2023-11-16T13:08:48.993+0800][gc,stats    ]       Phase: Pause Mark Start                              0.000 / 0.000         0.010 / 0.014         0.010 / 0.014         0.010 / 0.014       ms
[2023-11-16T13:08:48.993+0800][gc,stats    ]       Phase: Pause Relocate Start                          0.000 / 0.000         0.014 / 0.017         0.014 / 0.017         0.014 / 0.017       ms
[2023-11-16T13:08:48.993+0800][gc,stats    ]    Subphase: Concurrent Classes Purge                      0.000 / 0.000         0.082 / 0.093         0.082 / 0.093         0.082 / 0.093       ms
[2023-11-16T13:08:48.993+0800][gc,stats    ]    Subphase: Concurrent Classes Unlink                     0.000 / 0.000         1.496 / 1.649         1.496 / 1.649         1.496 / 1.649       ms
[2023-11-16T13:08:48.993+0800][gc,stats    ]    Subphase: Concurrent Mark                               0.000 / 0.000        21.597 / 25.992       21.597 / 25.992       21.597 / 25.992      ms
[2023-11-16T13:08:48.993+0800][gc,stats    ]    Subphase: Concurrent Mark Try Flush                     0.000 / 0.000         0.068 / 0.146         0.068 / 0.146         0.068 / 0.146       ms
[2023-11-16T13:08:48.993+0800][gc,stats    ]    Subphase: Concurrent Mark Try Terminate                 0.000 / 0.000         5.693 / 15.474        5.693 / 15.474        5.693 / 15.474      ms
[2023-11-16T13:08:48.993+0800][gc,stats    ]    Subphase: Concurrent References Enqueue                 0.000 / 0.000         0.005 / 0.005         0.005 / 0.005         0.005 / 0.005       ms
[2023-11-16T13:08:48.993+0800][gc,stats    ]    Subphase: Concurrent References Process                 0.000 / 0.000         0.108 / 0.128         0.108 / 0.128         0.108 / 0.128       ms
[2023-11-16T13:08:48.993+0800][gc,stats    ]    Subphase: Concurrent Roots ClassLoaderDataGraph         0.000 / 0.000         0.162 / 0.511         0.162 / 0.511         0.162 / 0.511       ms
[2023-11-16T13:08:48.993+0800][gc,stats    ]    Subphase: Concurrent Roots CodeCache                    0.000 / 0.000         0.000 / 0.000         0.000 / 0.000         0.000 / 0.000       ms
[2023-11-16T13:08:48.993+0800][gc,stats    ]    Subphase: Concurrent Roots JavaThreads                  0.000 / 0.000         0.945 / 1.682         0.945 / 1.682         0.945 / 1.682       ms
[2023-11-16T13:08:48.993+0800][gc,stats    ]    Subphase: Concurrent Roots OopStorageSet                0.000 / 0.000         0.041 / 0.062         0.041 / 0.062         0.041 / 0.062       ms
[2023-11-16T13:08:48.993+0800][gc,stats    ]    Subphase: Concurrent Weak Roots OopStorageSet           0.000 / 0.000         0.514 / 0.770         0.514 / 0.770         0.514 / 0.770       ms
[2023-11-16T13:08:48.993+0800][gc,stats    ]    Subphase: Pause Mark Try Complete                       0.000 / 0.000         0.000 / 0.000         0.000 / 0.000         0.000 / 0.000       ms
[2023-11-16T13:08:48.993+0800][gc,stats    ]      System: Java Threads                                      0 / 0                36 / 51               36 / 51               36 / 51          threads
[2023-11-16T13:08:48.993+0800][gc,stats    ] =========================================================================================================================================================
[2023-11-16T13:08:58.984+0800][gc,stats    ] === Garbage Collection Statistics =======================================================================================================================
[2023-11-16T13:08:58.984+0800][gc,stats    ]                                                              Last 10s              Last 10m              Last 10h                Total
[2023-11-16T13:08:58.984+0800][gc,stats    ]                                                              Avg / Max             Avg / Max             Avg / Max             Avg / Max
[2023-11-16T13:08:58.984+0800][gc,stats    ]   Collector: Garbage Collection Cycle                      0.000 / 0.000        42.450 / 42.489       42.450 / 42.489       42.450 / 42.489      ms
[2023-11-16T13:08:58.984+0800][gc,stats    ]  Contention: Mark Segment Reset Contention                     0 / 0                 0 / 2                 0 / 2                 0 / 2           ops/s
[2023-11-16T13:08:58.984+0800][gc,stats    ]  Contention: Mark SeqNum Reset Contention                      0 / 0                 0 / 1                 0 / 1                 0 / 1           ops/s
[2023-11-16T13:08:58.984+0800][gc,stats    ]    Critical: Allocation Stall                                  0 / 0                 0 / 0                 0 / 0                 0 / 0           ops/s
[2023-11-16T13:08:58.984+0800][gc,stats    ]    Critical: Allocation Stall                              0.000 / 0.000         0.000 / 0.000         0.000 / 0.000         0.000 / 0.000       ms
[2023-11-16T13:08:58.984+0800][gc,stats    ]    Critical: GC Locker Stall                                   0 / 0                 0 / 0                 0 / 0                 0 / 0           ops/s
[2023-11-16T13:08:58.984+0800][gc,stats    ]    Critical: GC Locker Stall                               0.000 / 0.000         0.000 / 0.000         0.000 / 0.000         0.000 / 0.000       ms
[2023-11-16T13:08:58.984+0800][gc,stats    ]    Critical: Relocation Stall                                  0 / 0                 0 / 0                 0 / 0                 0 / 0           ops/s
[2023-11-16T13:08:58.984+0800][gc,stats    ]    Critical: Relocation Stall                              0.000 / 0.000         0.000 / 0.000         0.000 / 0.000         0.000 / 0.000       ms
[2023-11-16T13:08:58.984+0800][gc,stats    ]      Memory: Allocation Rate                                   0 / 2                 1 / 96                1 / 96                1 / 96          MB/s
[2023-11-16T13:08:58.984+0800][gc,stats    ]      Memory: Defragment                                        0 / 0                 0 / 0                 0 / 0                 0 / 0           ops/s
[2023-11-16T13:08:58.984+0800][gc,stats    ]      Memory: Out Of Memory                                     0 / 0                 0 / 0                 0 / 0                 0 / 0           ops/s
[2023-11-16T13:08:58.984+0800][gc,stats    ]      Memory: Page Cache Flush                                  0 / 0                 0 / 0                 0 / 0                 0 / 0           MB/s
[2023-11-16T13:08:58.984+0800][gc,stats    ]      Memory: Page Cache Hit L1                                 0 / 1                 0 / 38                0 / 38                0 / 38          ops/s
[2023-11-16T13:08:58.984+0800][gc,stats    ]      Memory: Page Cache Hit L2                                 0 / 0                 0 / 0                 0 / 0                 0 / 0           ops/s
[2023-11-16T13:08:58.984+0800][gc,stats    ]      Memory: Page Cache Hit L3                                 0 / 0                 0 / 48                0 / 48                0 / 48          ops/s
[2023-11-16T13:08:58.984+0800][gc,stats    ]      Memory: Page Cache Miss                                   0 / 0                 0 / 1                 0 / 1                 0 / 1           ops/s
[2023-11-16T13:08:58.984+0800][gc,stats    ]      Memory: Uncommit                                          0 / 0                 0 / 0                 0 / 0                 0 / 0           MB/s
[2023-11-16T13:08:58.984+0800][gc,stats    ]      Memory: Undo Object Allocation Failed                     0 / 0                 0 / 0                 0 / 0                 0 / 0           ops/s
[2023-11-16T13:08:58.984+0800][gc,stats    ]      Memory: Undo Object Allocation Succeeded                  0 / 0                 0 / 0                 0 / 0                 0 / 0           ops/s
[2023-11-16T13:08:58.984+0800][gc,stats    ]      Memory: Undo Page Allocation                              0 / 0                 0 / 0                 0 / 0                 0 / 0           ops/s
[2023-11-16T13:08:58.984+0800][gc,stats    ]       Phase: Concurrent Mark                               0.000 / 0.000        25.401 / 26.782       25.401 / 26.782       25.401 / 26.782      ms
[2023-11-16T13:08:58.984+0800][gc,stats    ]       Phase: Concurrent Mark Continue                      0.000 / 0.000         0.000 / 0.000         0.000 / 0.000         0.000 / 0.000       ms
[2023-11-16T13:08:58.984+0800][gc,stats    ]       Phase: Concurrent Mark Free                          0.000 / 0.000         0.001 / 0.001         0.001 / 0.001         0.001 / 0.001       ms
[2023-11-16T13:08:58.984+0800][gc,stats    ]       Phase: Concurrent Process Non-Strong References      0.000 / 0.000         2.435 / 2.758         2.435 / 2.758         2.435 / 2.758       ms
[2023-11-16T13:08:58.984+0800][gc,stats    ]       Phase: Concurrent Relocate                           0.000 / 0.000         2.928 / 3.220         2.928 / 3.220         2.928 / 3.220       ms
[2023-11-16T13:08:58.984+0800][gc,stats    ]       Phase: Concurrent Reset Relocation Set               0.000 / 0.000         0.003 / 0.006         0.003 / 0.006         0.003 / 0.006       ms
[2023-11-16T13:08:58.984+0800][gc,stats    ]       Phase: Concurrent Select Relocation Set              0.000 / 0.000         5.767 / 9.539         5.767 / 9.539         5.767 / 9.539       ms
[2023-11-16T13:08:58.984+0800][gc,stats    ]       Phase: Pause Mark End                                0.000 / 0.000         0.023 / 0.026         0.023 / 0.026         0.023 / 0.026       ms
[2023-11-16T13:08:58.984+0800][gc,stats    ]       Phase: Pause Mark Start                              0.000 / 0.000         0.010 / 0.014         0.010 / 0.014         0.010 / 0.014       ms
[2023-11-16T13:08:58.984+0800][gc,stats    ]       Phase: Pause Relocate Start                          0.000 / 0.000         0.014 / 0.017         0.014 / 0.017         0.014 / 0.017       ms
[2023-11-16T13:08:58.984+0800][gc,stats    ]    Subphase: Concurrent Classes Purge                      0.000 / 0.000         0.082 / 0.093         0.082 / 0.093         0.082 / 0.093       ms
[2023-11-16T13:08:58.984+0800][gc,stats    ]    Subphase: Concurrent Classes Unlink                     0.000 / 0.000         1.496 / 1.649         1.496 / 1.649         1.496 / 1.649       ms
[2023-11-16T13:08:58.984+0800][gc,stats    ]    Subphase: Concurrent Mark                               0.000 / 0.000        21.597 / 25.992       21.597 / 25.992       21.597 / 25.992      ms
[2023-11-16T13:08:58.984+0800][gc,stats    ]    Subphase: Concurrent Mark Try Flush                     0.000 / 0.000         0.068 / 0.146         0.068 / 0.146         0.068 / 0.146       ms
[2023-11-16T13:08:58.984+0800][gc,stats    ]    Subphase: Concurrent Mark Try Terminate                 0.000 / 0.000         5.693 / 15.474        5.693 / 15.474        5.693 / 15.474      ms
[2023-11-16T13:08:58.984+0800][gc,stats    ]    Subphase: Concurrent References Enqueue                 0.000 / 0.000         0.005 / 0.005         0.005 / 0.005         0.005 / 0.005       ms
[2023-11-16T13:08:58.984+0800][gc,stats    ]    Subphase: Concurrent References Process                 0.000 / 0.000         0.108 / 0.128         0.108 / 0.128         0.108 / 0.128       ms
[2023-11-16T13:08:58.984+0800][gc,stats    ]    Subphase: Concurrent Roots ClassLoaderDataGraph         0.000 / 0.000         0.162 / 0.511         0.162 / 0.511         0.162 / 0.511       ms
[2023-11-16T13:08:58.984+0800][gc,stats    ]    Subphase: Concurrent Roots CodeCache                    0.000 / 0.000         0.000 / 0.000         0.000 / 0.000         0.000 / 0.000       ms
[2023-11-16T13:08:58.984+0800][gc,stats    ]    Subphase: Concurrent Roots JavaThreads                  0.000 / 0.000         0.945 / 1.682         0.945 / 1.682         0.945 / 1.682       ms
[2023-11-16T13:08:58.984+0800][gc,stats    ]    Subphase: Concurrent Roots OopStorageSet                0.000 / 0.000         0.041 / 0.062         0.041 / 0.062         0.041 / 0.062       ms
[2023-11-16T13:08:58.984+0800][gc,stats    ]    Subphase: Concurrent Weak Roots OopStorageSet           0.000 / 0.000         0.514 / 0.770         0.514 / 0.770         0.514 / 0.770       ms
[2023-11-16T13:08:58.984+0800][gc,stats    ]    Subphase: Pause Mark Try Complete                       0.000 / 0.000         0.000 / 0.000         0.000 / 0.000         0.000 / 0.000       ms
[2023-11-16T13:08:58.984+0800][gc,stats    ]      System: Java Threads                                      0 / 0                36 / 51               36 / 51               36 / 51          threads
[2023-11-16T13:08:58.984+0800][gc,stats    ] =========================================================================================================================================================
[2023-11-16T13:09:08.984+0800][gc,stats    ] === Garbage Collection Statistics =======================================================================================================================
[2023-11-16T13:09:08.984+0800][gc,stats    ]                                                              Last 10s              Last 10m              Last 10h                Total
[2023-11-16T13:09:08.984+0800][gc,stats    ]                                                              Avg / Max             Avg / Max             Avg / Max             Avg / Max
[2023-11-16T13:09:08.984+0800][gc,stats    ]   Collector: Garbage Collection Cycle                      0.000 / 0.000        42.450 / 42.489       42.450 / 42.489       42.450 / 42.489      ms
[2023-11-16T13:09:08.984+0800][gc,stats    ]  Contention: Mark Segment Reset Contention                     0 / 0                 0 / 2                 0 / 2                 0 / 2           ops/s
[2023-11-16T13:09:08.984+0800][gc,stats    ]  Contention: Mark SeqNum Reset Contention                      0 / 0                 0 / 1                 0 / 1                 0 / 1           ops/s
[2023-11-16T13:09:08.984+0800][gc,stats    ]    Critical: Allocation Stall                                  0 / 0                 0 / 0                 0 / 0                 0 / 0           ops/s
[2023-11-16T13:09:08.984+0800][gc,stats    ]    Critical: Allocation Stall                              0.000 / 0.000         0.000 / 0.000         0.000 / 0.000         0.000 / 0.000       ms
[2023-11-16T13:09:08.984+0800][gc,stats    ]    Critical: GC Locker Stall                                   0 / 0                 0 / 0                 0 / 0                 0 / 0           ops/s
[2023-11-16T13:09:08.984+0800][gc,stats    ]    Critical: GC Locker Stall                               0.000 / 0.000         0.000 / 0.000         0.000 / 0.000         0.000 / 0.000       ms
[2023-11-16T13:09:08.984+0800][gc,stats    ]    Critical: Relocation Stall                                  0 / 0                 0 / 0                 0 / 0                 0 / 0           ops/s
[2023-11-16T13:09:08.984+0800][gc,stats    ]    Critical: Relocation Stall                              0.000 / 0.000         0.000 / 0.000         0.000 / 0.000         0.000 / 0.000       ms
[2023-11-16T13:09:08.984+0800][gc,stats    ]      Memory: Allocation Rate                                   0 / 2                 1 / 96                1 / 96                1 / 96          MB/s
[2023-11-16T13:09:08.984+0800][gc,stats    ]      Memory: Defragment                                        0 / 0                 0 / 0                 0 / 0                 0 / 0           ops/s
[2023-11-16T13:09:08.984+0800][gc,stats    ]      Memory: Out Of Memory                                     0 / 0                 0 / 0                 0 / 0                 0 / 0           ops/s
[2023-11-16T13:09:08.984+0800][gc,stats    ]      Memory: Page Cache Flush                                  0 / 0                 0 / 0                 0 / 0                 0 / 0           MB/s
[2023-11-16T13:09:08.984+0800][gc,stats    ]      Memory: Page Cache Hit L1                                 0 / 1                 0 / 38                0 / 38                0 / 38          ops/s
[2023-11-16T13:09:08.984+0800][gc,stats    ]      Memory: Page Cache Hit L2                                 0 / 0                 0 / 0                 0 / 0                 0 / 0           ops/s
[2023-11-16T13:09:08.984+0800][gc,stats    ]      Memory: Page Cache Hit L3                                 0 / 0                 0 / 48                0 / 48                0 / 48          ops/s
[2023-11-16T13:09:08.984+0800][gc,stats    ]      Memory: Page Cache Miss                                   0 / 0                 0 / 1                 0 / 1                 0 / 1           ops/s
[2023-11-16T13:09:08.984+0800][gc,stats    ]      Memory: Uncommit                                          0 / 0                 0 / 0                 0 / 0                 0 / 0           MB/s
[2023-11-16T13:09:08.984+0800][gc,stats    ]      Memory: Undo Object Allocation Failed                     0 / 0                 0 / 0                 0 / 0                 0 / 0           ops/s
[2023-11-16T13:09:08.984+0800][gc,stats    ]      Memory: Undo Object Allocation Succeeded                  0 / 0                 0 / 0                 0 / 0                 0 / 0           ops/s
[2023-11-16T13:09:08.984+0800][gc,stats    ]      Memory: Undo Page Allocation                              0 / 0                 0 / 0                 0 / 0                 0 / 0           ops/s
[2023-11-16T13:09:08.984+0800][gc,stats    ]       Phase: Concurrent Mark                               0.000 / 0.000        25.401 / 26.782       25.401 / 26.782       25.401 / 26.782      ms
[2023-11-16T13:09:08.984+0800][gc,stats    ]       Phase: Concurrent Mark Continue                      0.000 / 0.000         0.000 / 0.000         0.000 / 0.000         0.000 / 0.000       ms
[2023-11-16T13:09:08.984+0800][gc,stats    ]       Phase: Concurrent Mark Free                          0.000 / 0.000         0.001 / 0.001         0.001 / 0.001         0.001 / 0.001       ms
[2023-11-16T13:09:08.984+0800][gc,stats    ]       Phase: Concurrent Process Non-Strong References      0.000 / 0.000         2.435 / 2.758         2.435 / 2.758         2.435 / 2.758       ms
[2023-11-16T13:09:08.984+0800][gc,stats    ]       Phase: Concurrent Relocate                           0.000 / 0.000         2.928 / 3.220         2.928 / 3.220         2.928 / 3.220       ms
[2023-11-16T13:09:08.984+0800][gc,stats    ]       Phase: Concurrent Reset Relocation Set               0.000 / 0.000         0.003 / 0.006         0.003 / 0.006         0.003 / 0.006       ms
[2023-11-16T13:09:08.984+0800][gc,stats    ]       Phase: Concurrent Select Relocation Set              0.000 / 0.000         5.767 / 9.539         5.767 / 9.539         5.767 / 9.539       ms
[2023-11-16T13:09:08.984+0800][gc,stats    ]       Phase: Pause Mark End                                0.000 / 0.000         0.023 / 0.026         0.023 / 0.026         0.023 / 0.026       ms
[2023-11-16T13:09:08.984+0800][gc,stats    ]       Phase: Pause Mark Start                              0.000 / 0.000         0.010 / 0.014         0.010 / 0.014         0.010 / 0.014       ms
[2023-11-16T13:09:08.984+0800][gc,stats    ]       Phase: Pause Relocate Start                          0.000 / 0.000         0.014 / 0.017         0.014 / 0.017         0.014 / 0.017       ms
[2023-11-16T13:09:08.984+0800][gc,stats    ]    Subphase: Concurrent Classes Purge                      0.000 / 0.000         0.082 / 0.093         0.082 / 0.093         0.082 / 0.093       ms
[2023-11-16T13:09:08.984+0800][gc,stats    ]    Subphase: Concurrent Classes Unlink                     0.000 / 0.000         1.496 / 1.649         1.496 / 1.649         1.496 / 1.649       ms
[2023-11-16T13:09:08.984+0800][gc,stats    ]    Subphase: Concurrent Mark                               0.000 / 0.000        21.597 / 25.992       21.597 / 25.992       21.597 / 25.992      ms
[2023-11-16T13:09:08.984+0800][gc,stats    ]    Subphase: Concurrent Mark Try Flush                     0.000 / 0.000         0.068 / 0.146         0.068 / 0.146         0.068 / 0.146       ms
[2023-11-16T13:09:08.984+0800][gc,stats    ]    Subphase: Concurrent Mark Try Terminate                 0.000 / 0.000         5.693 / 15.474        5.693 / 15.474        5.693 / 15.474      ms
[2023-11-16T13:09:08.984+0800][gc,stats    ]    Subphase: Concurrent References Enqueue                 0.000 / 0.000         0.005 / 0.005         0.005 / 0.005         0.005 / 0.005       ms
[2023-11-16T13:09:08.984+0800][gc,stats    ]    Subphase: Concurrent References Process                 0.000 / 0.000         0.108 / 0.128         0.108 / 0.128         0.108 / 0.128       ms
[2023-11-16T13:09:08.984+0800][gc,stats    ]    Subphase: Concurrent Roots ClassLoaderDataGraph         0.000 / 0.000         0.162 / 0.511         0.162 / 0.511         0.162 / 0.511       ms
[2023-11-16T13:09:08.984+0800][gc,stats    ]    Subphase: Concurrent Roots CodeCache                    0.000 / 0.000         0.000 / 0.000         0.000 / 0.000         0.000 / 0.000       ms
[2023-11-16T13:09:08.984+0800][gc,stats    ]    Subphase: Concurrent Roots JavaThreads                  0.000 / 0.000         0.945 / 1.682         0.945 / 1.682         0.945 / 1.682       ms
[2023-11-16T13:09:08.984+0800][gc,stats    ]    Subphase: Concurrent Roots OopStorageSet                0.000 / 0.000         0.041 / 0.062         0.041 / 0.062         0.041 / 0.062       ms
[2023-11-16T13:09:08.984+0800][gc,stats    ]    Subphase: Concurrent Weak Roots OopStorageSet           0.000 / 0.000         0.514 / 0.770         0.514 / 0.770         0.514 / 0.770       ms
[2023-11-16T13:09:08.984+0800][gc,stats    ]    Subphase: Pause Mark Try Complete                       0.000 / 0.000         0.000 / 0.000         0.000 / 0.000         0.000 / 0.000       ms
[2023-11-16T13:09:08.984+0800][gc,stats    ]      System: Java Threads                                      0 / 0                36 / 51               36 / 51               36 / 51          threads
[2023-11-16T13:09:08.984+0800][gc,stats    ] =========================================================================================================================================================
[2023-11-16T13:09:18.992+0800][gc,stats    ] === Garbage Collection Statistics =======================================================================================================================
[2023-11-16T13:09:18.992+0800][gc,stats    ]                                                              Last 10s              Last 10m              Last 10h                Total
[2023-11-16T13:09:18.992+0800][gc,stats    ]                                                              Avg / Max             Avg / Max             Avg / Max             Avg / Max
[2023-11-16T13:09:18.992+0800][gc,stats    ]   Collector: Garbage Collection Cycle                      0.000 / 0.000        42.450 / 42.489       42.450 / 42.489       42.450 / 42.489      ms
[2023-11-16T13:09:18.992+0800][gc,stats    ]  Contention: Mark Segment Reset Contention                     0 / 0                 0 / 2                 0 / 2                 0 / 2           ops/s
[2023-11-16T13:09:18.992+0800][gc,stats    ]  Contention: Mark SeqNum Reset Contention                      0 / 0                 0 / 1                 0 / 1                 0 / 1           ops/s
[2023-11-16T13:09:18.992+0800][gc,stats    ]    Critical: Allocation Stall                                  0 / 0                 0 / 0                 0 / 0                 0 / 0           ops/s
[2023-11-16T13:09:18.992+0800][gc,stats    ]    Critical: Allocation Stall                              0.000 / 0.000         0.000 / 0.000         0.000 / 0.000         0.000 / 0.000       ms
[2023-11-16T13:09:18.992+0800][gc,stats    ]    Critical: GC Locker Stall                                   0 / 0                 0 / 0                 0 / 0                 0 / 0           ops/s
[2023-11-16T13:09:18.992+0800][gc,stats    ]    Critical: GC Locker Stall                               0.000 / 0.000         0.000 / 0.000         0.000 / 0.000         0.000 / 0.000       ms
[2023-11-16T13:09:18.992+0800][gc,stats    ]    Critical: Relocation Stall                                  0 / 0                 0 / 0                 0 / 0                 0 / 0           ops/s
[2023-11-16T13:09:18.992+0800][gc,stats    ]    Critical: Relocation Stall                              0.000 / 0.000         0.000 / 0.000         0.000 / 0.000         0.000 / 0.000       ms
[2023-11-16T13:09:18.992+0800][gc,stats    ]      Memory: Allocation Rate                                   0 / 0                 0 / 96                0 / 96                0 / 96          MB/s
[2023-11-16T13:09:18.992+0800][gc,stats    ]      Memory: Defragment                                        0 / 0                 0 / 0                 0 / 0                 0 / 0           ops/s
[2023-11-16T13:09:18.992+0800][gc,stats    ]      Memory: Out Of Memory                                     0 / 0                 0 / 0                 0 / 0                 0 / 0           ops/s
[2023-11-16T13:09:18.992+0800][gc,stats    ]      Memory: Page Cache Flush                                  0 / 0                 0 / 0                 0 / 0                 0 / 0           MB/s
[2023-11-16T13:09:18.992+0800][gc,stats    ]      Memory: Page Cache Hit L1                                 0 / 0                 0 / 38                0 / 38                0 / 38          ops/s
[2023-11-16T13:09:18.992+0800][gc,stats    ]      Memory: Page Cache Hit L2                                 0 / 0                 0 / 0                 0 / 0                 0 / 0           ops/s
[2023-11-16T13:09:18.992+0800][gc,stats    ]      Memory: Page Cache Hit L3                                 0 / 0                 0 / 48                0 / 48                0 / 48          ops/s
[2023-11-16T13:09:18.992+0800][gc,stats    ]      Memory: Page Cache Miss                                   0 / 0                 0 / 1                 0 / 1                 0 / 1           ops/s
[2023-11-16T13:09:18.992+0800][gc,stats    ]      Memory: Uncommit                                          0 / 0                 0 / 0                 0 / 0                 0 / 0           MB/s
[2023-11-16T13:09:18.992+0800][gc,stats    ]      Memory: Undo Object Allocation Failed                     0 / 0                 0 / 0                 0 / 0                 0 / 0           ops/s
[2023-11-16T13:09:18.992+0800][gc,stats    ]      Memory: Undo Object Allocation Succeeded                  0 / 0                 0 / 0                 0 / 0                 0 / 0           ops/s
[2023-11-16T13:09:18.992+0800][gc,stats    ]      Memory: Undo Page Allocation                              0 / 0                 0 / 0                 0 / 0                 0 / 0           ops/s
[2023-11-16T13:09:18.992+0800][gc,stats    ]       Phase: Concurrent Mark                               0.000 / 0.000        25.401 / 26.782       25.401 / 26.782       25.401 / 26.782      ms
[2023-11-16T13:09:18.992+0800][gc,stats    ]       Phase: Concurrent Mark Continue                      0.000 / 0.000         0.000 / 0.000         0.000 / 0.000         0.000 / 0.000       ms
[2023-11-16T13:09:18.992+0800][gc,stats    ]       Phase: Concurrent Mark Free                          0.000 / 0.000         0.001 / 0.001         0.001 / 0.001         0.001 / 0.001       ms
[2023-11-16T13:09:18.992+0800][gc,stats    ]       Phase: Concurrent Process Non-Strong References      0.000 / 0.000         2.435 / 2.758         2.435 / 2.758         2.435 / 2.758       ms
[2023-11-16T13:09:18.992+0800][gc,stats    ]       Phase: Concurrent Relocate                           0.000 / 0.000         2.928 / 3.220         2.928 / 3.220         2.928 / 3.220       ms
[2023-11-16T13:09:18.992+0800][gc,stats    ]       Phase: Concurrent Reset Relocation Set               0.000 / 0.000         0.003 / 0.006         0.003 / 0.006         0.003 / 0.006       ms
[2023-11-16T13:09:18.993+0800][gc,stats    ]       Phase: Concurrent Select Relocation Set              0.000 / 0.000         5.767 / 9.539         5.767 / 9.539         5.767 / 9.539       ms
[2023-11-16T13:09:18.993+0800][gc,stats    ]       Phase: Pause Mark End                                0.000 / 0.000         0.023 / 0.026         0.023 / 0.026         0.023 / 0.026       ms
[2023-11-16T13:09:18.993+0800][gc,stats    ]       Phase: Pause Mark Start                              0.000 / 0.000         0.010 / 0.014         0.010 / 0.014         0.010 / 0.014       ms
[2023-11-16T13:09:18.993+0800][gc,stats    ]       Phase: Pause Relocate Start                          0.000 / 0.000         0.014 / 0.017         0.014 / 0.017         0.014 / 0.017       ms
[2023-11-16T13:09:18.993+0800][gc,stats    ]    Subphase: Concurrent Classes Purge                      0.000 / 0.000         0.082 / 0.093         0.082 / 0.093         0.082 / 0.093       ms
[2023-11-16T13:09:18.993+0800][gc,stats    ]    Subphase: Concurrent Classes Unlink                     0.000 / 0.000         1.496 / 1.649         1.496 / 1.649         1.496 / 1.649       ms
[2023-11-16T13:09:18.993+0800][gc,stats    ]    Subphase: Concurrent Mark                               0.000 / 0.000        21.597 / 25.992       21.597 / 25.992       21.597 / 25.992      ms
[2023-11-16T13:09:18.993+0800][gc,stats    ]    Subphase: Concurrent Mark Try Flush                     0.000 / 0.000         0.068 / 0.146         0.068 / 0.146         0.068 / 0.146       ms
[2023-11-16T13:09:18.993+0800][gc,stats    ]    Subphase: Concurrent Mark Try Terminate                 0.000 / 0.000         5.693 / 15.474        5.693 / 15.474        5.693 / 15.474      ms
[2023-11-16T13:09:18.993+0800][gc,stats    ]    Subphase: Concurrent References Enqueue                 0.000 / 0.000         0.005 / 0.005         0.005 / 0.005         0.005 / 0.005       ms
[2023-11-16T13:09:18.993+0800][gc,stats    ]    Subphase: Concurrent References Process                 0.000 / 0.000         0.108 / 0.128         0.108 / 0.128         0.108 / 0.128       ms
[2023-11-16T13:09:18.993+0800][gc,stats    ]    Subphase: Concurrent Roots ClassLoaderDataGraph         0.000 / 0.000         0.162 / 0.511         0.162 / 0.511         0.162 / 0.511       ms
[2023-11-16T13:09:18.993+0800][gc,stats    ]    Subphase: Concurrent Roots CodeCache                    0.000 / 0.000         0.000 / 0.000         0.000 / 0.000         0.000 / 0.000       ms
[2023-11-16T13:09:18.993+0800][gc,stats    ]    Subphase: Concurrent Roots JavaThreads                  0.000 / 0.000         0.945 / 1.682         0.945 / 1.682         0.945 / 1.682       ms
[2023-11-16T13:09:18.993+0800][gc,stats    ]    Subphase: Concurrent Roots OopStorageSet                0.000 / 0.000         0.041 / 0.062         0.041 / 0.062         0.041 / 0.062       ms
[2023-11-16T13:09:18.993+0800][gc,stats    ]    Subphase: Concurrent Weak Roots OopStorageSet           0.000 / 0.000         0.514 / 0.770         0.514 / 0.770         0.514 / 0.770       ms
[2023-11-16T13:09:18.993+0800][gc,stats    ]    Subphase: Pause Mark Try Complete                       0.000 / 0.000         0.000 / 0.000         0.000 / 0.000         0.000 / 0.000       ms
[2023-11-16T13:09:18.993+0800][gc,stats    ]      System: Java Threads                                      0 / 0                36 / 51               36 / 51               36 / 51          threads
[2023-11-16T13:09:18.993+0800][gc,stats    ] =========================================================================================================================================================
[2023-11-16T13:09:28.984+0800][gc,stats    ] === Garbage Collection Statistics =======================================================================================================================
[2023-11-16T13:09:28.984+0800][gc,stats    ]                                                              Last 10s              Last 10m              Last 10h                Total
[2023-11-16T13:09:28.984+0800][gc,stats    ]                                                              Avg / Max             Avg / Max             Avg / Max             Avg / Max
[2023-11-16T13:09:28.984+0800][gc,stats    ]   Collector: Garbage Collection Cycle                      0.000 / 0.000        42.450 / 42.489       42.450 / 42.489       42.450 / 42.489      ms
[2023-11-16T13:09:28.984+0800][gc,stats    ]  Contention: Mark Segment Reset Contention                     0 / 0                 0 / 2                 0 / 2                 0 / 2           ops/s
[2023-11-16T13:09:28.984+0800][gc,stats    ]  Contention: Mark SeqNum Reset Contention                      0 / 0                 0 / 1                 0 / 1                 0 / 1           ops/s
[2023-11-16T13:09:28.984+0800][gc,stats    ]    Critical: Allocation Stall                                  0 / 0                 0 / 0                 0 / 0                 0 / 0           ops/s
[2023-11-16T13:09:28.984+0800][gc,stats    ]    Critical: Allocation Stall                              0.000 / 0.000         0.000 / 0.000         0.000 / 0.000         0.000 / 0.000       ms
[2023-11-16T13:09:28.984+0800][gc,stats    ]    Critical: GC Locker Stall                                   0 / 0                 0 / 0                 0 / 0                 0 / 0           ops/s
[2023-11-16T13:09:28.984+0800][gc,stats    ]    Critical: GC Locker Stall                               0.000 / 0.000         0.000 / 0.000         0.000 / 0.000         0.000 / 0.000       ms
[2023-11-16T13:09:28.984+0800][gc,stats    ]    Critical: Relocation Stall                                  0 / 0                 0 / 0                 0 / 0                 0 / 0           ops/s
[2023-11-16T13:09:28.984+0800][gc,stats    ]    Critical: Relocation Stall                              0.000 / 0.000         0.000 / 0.000         0.000 / 0.000         0.000 / 0.000       ms
[2023-11-16T13:09:28.984+0800][gc,stats    ]      Memory: Allocation Rate                                   0 / 2                 0 / 96                0 / 96                0 / 96          MB/s
[2023-11-16T13:09:28.984+0800][gc,stats    ]      Memory: Defragment                                        0 / 0                 0 / 0                 0 / 0                 0 / 0           ops/s
[2023-11-16T13:09:28.984+0800][gc,stats    ]      Memory: Out Of Memory                                     0 / 0                 0 / 0                 0 / 0                 0 / 0           ops/s
[2023-11-16T13:09:28.984+0800][gc,stats    ]      Memory: Page Cache Flush                                  0 / 0                 0 / 0                 0 / 0                 0 / 0           MB/s
[2023-11-16T13:09:28.984+0800][gc,stats    ]      Memory: Page Cache Hit L1                                 0 / 1                 0 / 38                0 / 38                0 / 38          ops/s
[2023-11-16T13:09:28.984+0800][gc,stats    ]      Memory: Page Cache Hit L2                                 0 / 0                 0 / 0                 0 / 0                 0 / 0           ops/s
[2023-11-16T13:09:28.984+0800][gc,stats    ]      Memory: Page Cache Hit L3                                 0 / 0                 0 / 48                0 / 48                0 / 48          ops/s
[2023-11-16T13:09:28.984+0800][gc,stats    ]      Memory: Page Cache Miss                                   0 / 0                 0 / 1                 0 / 1                 0 / 1           ops/s
[2023-11-16T13:09:28.984+0800][gc,stats    ]      Memory: Uncommit                                          0 / 0                 0 / 0                 0 / 0                 0 / 0           MB/s
[2023-11-16T13:09:28.984+0800][gc,stats    ]      Memory: Undo Object Allocation Failed                     0 / 0                 0 / 0                 0 / 0                 0 / 0           ops/s
[2023-11-16T13:09:28.984+0800][gc,stats    ]      Memory: Undo Object Allocation Succeeded                  0 / 0                 0 / 0                 0 / 0                 0 / 0           ops/s
[2023-11-16T13:09:28.984+0800][gc,stats    ]      Memory: Undo Page Allocation                              0 / 0                 0 / 0                 0 / 0                 0 / 0           ops/s
[2023-11-16T13:09:28.984+0800][gc,stats    ]       Phase: Concurrent Mark                               0.000 / 0.000        25.401 / 26.782       25.401 / 26.782       25.401 / 26.782      ms
[2023-11-16T13:09:28.984+0800][gc,stats    ]       Phase: Concurrent Mark Continue                      0.000 / 0.000         0.000 / 0.000         0.000 / 0.000         0.000 / 0.000       ms
[2023-11-16T13:09:28.984+0800][gc,stats    ]       Phase: Concurrent Mark Free                          0.000 / 0.000         0.001 / 0.001         0.001 / 0.001         0.001 / 0.001       ms
[2023-11-16T13:09:28.984+0800][gc,stats    ]       Phase: Concurrent Process Non-Strong References      0.000 / 0.000         2.435 / 2.758         2.435 / 2.758         2.435 / 2.758       ms
[2023-11-16T13:09:28.984+0800][gc,stats    ]       Phase: Concurrent Relocate                           0.000 / 0.000         2.928 / 3.220         2.928 / 3.220         2.928 / 3.220       ms
[2023-11-16T13:09:28.984+0800][gc,stats    ]       Phase: Concurrent Reset Relocation Set               0.000 / 0.000         0.003 / 0.006         0.003 / 0.006         0.003 / 0.006       ms
[2023-11-16T13:09:28.984+0800][gc,stats    ]       Phase: Concurrent Select Relocation Set              0.000 / 0.000         5.767 / 9.539         5.767 / 9.539         5.767 / 9.539       ms
[2023-11-16T13:09:28.984+0800][gc,stats    ]       Phase: Pause Mark End                                0.000 / 0.000         0.023 / 0.026         0.023 / 0.026         0.023 / 0.026       ms
[2023-11-16T13:09:28.984+0800][gc,stats    ]       Phase: Pause Mark Start                              0.000 / 0.000         0.010 / 0.014         0.010 / 0.014         0.010 / 0.014       ms
[2023-11-16T13:09:28.984+0800][gc,stats    ]       Phase: Pause Relocate Start                          0.000 / 0.000         0.014 / 0.017         0.014 / 0.017         0.014 / 0.017       ms
[2023-11-16T13:09:28.984+0800][gc,stats    ]    Subphase: Concurrent Classes Purge                      0.000 / 0.000         0.082 / 0.093         0.082 / 0.093         0.082 / 0.093       ms
[2023-11-16T13:09:28.984+0800][gc,stats    ]    Subphase: Concurrent Classes Unlink                     0.000 / 0.000         1.496 / 1.649         1.496 / 1.649         1.496 / 1.649       ms
[2023-11-16T13:09:28.984+0800][gc,stats    ]    Subphase: Concurrent Mark                               0.000 / 0.000        21.597 / 25.992       21.597 / 25.992       21.597 / 25.992      ms
[2023-11-16T13:09:28.984+0800][gc,stats    ]    Subphase: Concurrent Mark Try Flush                     0.000 / 0.000         0.068 / 0.146         0.068 / 0.146         0.068 / 0.146       ms
[2023-11-16T13:09:28.984+0800][gc,stats    ]    Subphase: Concurrent Mark Try Terminate                 0.000 / 0.000         5.693 / 15.474        5.693 / 15.474        5.693 / 15.474      ms
[2023-11-16T13:09:28.984+0800][gc,stats    ]    Subphase: Concurrent References Enqueue                 0.000 / 0.000         0.005 / 0.005         0.005 / 0.005         0.005 / 0.005       ms
[2023-11-16T13:09:28.984+0800][gc,stats    ]    Subphase: Concurrent References Process                 0.000 / 0.000         0.108 / 0.128         0.108 / 0.128         0.108 / 0.128       ms
[2023-11-16T13:09:28.984+0800][gc,stats    ]    Subphase: Concurrent Roots ClassLoaderDataGraph         0.000 / 0.000         0.162 / 0.511         0.162 / 0.511         0.162 / 0.511       ms
[2023-11-16T13:09:28.984+0800][gc,stats    ]    Subphase: Concurrent Roots CodeCache                    0.000 / 0.000         0.000 / 0.000         0.000 / 0.000         0.000 / 0.000       ms
[2023-11-16T13:09:28.984+0800][gc,stats    ]    Subphase: Concurrent Roots JavaThreads                  0.000 / 0.000         0.945 / 1.682         0.945 / 1.682         0.945 / 1.682       ms
[2023-11-16T13:09:28.984+0800][gc,stats    ]    Subphase: Concurrent Roots OopStorageSet                0.000 / 0.000         0.041 / 0.062         0.041 / 0.062         0.041 / 0.062       ms
[2023-11-16T13:09:28.984+0800][gc,stats    ]    Subphase: Concurrent Weak Roots OopStorageSet           0.000 / 0.000         0.514 / 0.770         0.514 / 0.770         0.514 / 0.770       ms
[2023-11-16T13:09:28.984+0800][gc,stats    ]    Subphase: Pause Mark Try Complete                       0.000 / 0.000         0.000 / 0.000         0.000 / 0.000         0.000 / 0.000       ms
[2023-11-16T13:09:28.984+0800][gc,stats    ]      System: Java Threads                                      0 / 0                36 / 51               36 / 51               36 / 51          threads
[2023-11-16T13:09:28.984+0800][gc,stats    ] =========================================================================================================================================================
[2023-11-16T13:09:38.983+0800][gc,stats    ] === Garbage Collection Statistics =======================================================================================================================
[2023-11-16T13:09:38.983+0800][gc,stats    ]                                                              Last 10s              Last 10m              Last 10h                Total
[2023-11-16T13:09:38.983+0800][gc,stats    ]                                                              Avg / Max             Avg / Max             Avg / Max             Avg / Max
[2023-11-16T13:09:38.983+0800][gc,stats    ]   Collector: Garbage Collection Cycle                      0.000 / 0.000        42.450 / 42.489       42.450 / 42.489       42.450 / 42.489      ms
[2023-11-16T13:09:38.983+0800][gc,stats    ]  Contention: Mark Segment Reset Contention                     0 / 0                 0 / 2                 0 / 2                 0 / 2           ops/s
[2023-11-16T13:09:38.983+0800][gc,stats    ]  Contention: Mark SeqNum Reset Contention                      0 / 0                 0 / 1                 0 / 1                 0 / 1           ops/s
[2023-11-16T13:09:38.983+0800][gc,stats    ]    Critical: Allocation Stall                                  0 / 0                 0 / 0                 0 / 0                 0 / 0           ops/s
[2023-11-16T13:09:38.983+0800][gc,stats    ]    Critical: Allocation Stall                              0.000 / 0.000         0.000 / 0.000         0.000 / 0.000         0.000 / 0.000       ms
[2023-11-16T13:09:38.983+0800][gc,stats    ]    Critical: GC Locker Stall                                   0 / 0                 0 / 0                 0 / 0                 0 / 0           ops/s
[2023-11-16T13:09:38.983+0800][gc,stats    ]    Critical: GC Locker Stall                               0.000 / 0.000         0.000 / 0.000         0.000 / 0.000         0.000 / 0.000       ms
[2023-11-16T13:09:38.983+0800][gc,stats    ]    Critical: Relocation Stall                                  0 / 0                 0 / 0                 0 / 0                 0 / 0           ops/s
[2023-11-16T13:09:38.983+0800][gc,stats    ]    Critical: Relocation Stall                              0.000 / 0.000         0.000 / 0.000         0.000 / 0.000         0.000 / 0.000       ms
[2023-11-16T13:09:38.983+0800][gc,stats    ]      Memory: Allocation Rate                                   0 / 0                 0 / 96                0 / 96                0 / 96          MB/s
[2023-11-16T13:09:38.983+0800][gc,stats    ]      Memory: Defragment                                        0 / 0                 0 / 0                 0 / 0                 0 / 0           ops/s
[2023-11-16T13:09:38.983+0800][gc,stats    ]      Memory: Out Of Memory                                     0 / 0                 0 / 0                 0 / 0                 0 / 0           ops/s
[2023-11-16T13:09:38.983+0800][gc,stats    ]      Memory: Page Cache Flush                                  0 / 0                 0 / 0                 0 / 0                 0 / 0           MB/s
[2023-11-16T13:09:38.983+0800][gc,stats    ]      Memory: Page Cache Hit L1                                 0 / 0                 0 / 38                0 / 38                0 / 38          ops/s
[2023-11-16T13:09:38.983+0800][gc,stats    ]      Memory: Page Cache Hit L2                                 0 / 0                 0 / 0                 0 / 0                 0 / 0           ops/s
[2023-11-16T13:09:38.983+0800][gc,stats    ]      Memory: Page Cache Hit L3                                 0 / 0                 0 / 48                0 / 48                0 / 48          ops/s
[2023-11-16T13:09:38.983+0800][gc,stats    ]      Memory: Page Cache Miss                                   0 / 0                 0 / 1                 0 / 1                 0 / 1           ops/s
[2023-11-16T13:09:38.983+0800][gc,stats    ]      Memory: Uncommit                                          0 / 0                 0 / 0                 0 / 0                 0 / 0           MB/s
[2023-11-16T13:09:38.983+0800][gc,stats    ]      Memory: Undo Object Allocation Failed                     0 / 0                 0 / 0                 0 / 0                 0 / 0           ops/s
[2023-11-16T13:09:38.983+0800][gc,stats    ]      Memory: Undo Object Allocation Succeeded                  0 / 0                 0 / 0                 0 / 0                 0 / 0           ops/s
[2023-11-16T13:09:38.983+0800][gc,stats    ]      Memory: Undo Page Allocation                              0 / 0                 0 / 0                 0 / 0                 0 / 0           ops/s
[2023-11-16T13:09:38.983+0800][gc,stats    ]       Phase: Concurrent Mark                               0.000 / 0.000        25.401 / 26.782       25.401 / 26.782       25.401 / 26.782      ms
[2023-11-16T13:09:38.983+0800][gc,stats    ]       Phase: Concurrent Mark Continue                      0.000 / 0.000         0.000 / 0.000         0.000 / 0.000         0.000 / 0.000       ms
[2023-11-16T13:09:38.983+0800][gc,stats    ]       Phase: Concurrent Mark Free                          0.000 / 0.000         0.001 / 0.001         0.001 / 0.001         0.001 / 0.001       ms
[2023-11-16T13:09:38.983+0800][gc,stats    ]       Phase: Concurrent Process Non-Strong References      0.000 / 0.000         2.435 / 2.758         2.435 / 2.758         2.435 / 2.758       ms
[2023-11-16T13:09:38.983+0800][gc,stats    ]       Phase: Concurrent Relocate                           0.000 / 0.000         2.928 / 3.220         2.928 / 3.220         2.928 / 3.220       ms
[2023-11-16T13:09:38.983+0800][gc,stats    ]       Phase: Concurrent Reset Relocation Set               0.000 / 0.000         0.003 / 0.006         0.003 / 0.006         0.003 / 0.006       ms
[2023-11-16T13:09:38.983+0800][gc,stats    ]       Phase: Concurrent Select Relocation Set              0.000 / 0.000         5.767 / 9.539         5.767 / 9.539         5.767 / 9.539       ms
[2023-11-16T13:09:38.983+0800][gc,stats    ]       Phase: Pause Mark End                                0.000 / 0.000         0.023 / 0.026         0.023 / 0.026         0.023 / 0.026       ms
[2023-11-16T13:09:38.983+0800][gc,stats    ]       Phase: Pause Mark Start                              0.000 / 0.000         0.010 / 0.014         0.010 / 0.014         0.010 / 0.014       ms
[2023-11-16T13:09:38.983+0800][gc,stats    ]       Phase: Pause Relocate Start                          0.000 / 0.000         0.014 / 0.017         0.014 / 0.017         0.014 / 0.017       ms
[2023-11-16T13:09:38.983+0800][gc,stats    ]    Subphase: Concurrent Classes Purge                      0.000 / 0.000         0.082 / 0.093         0.082 / 0.093         0.082 / 0.093       ms
[2023-11-16T13:09:38.983+0800][gc,stats    ]    Subphase: Concurrent Classes Unlink                     0.000 / 0.000         1.496 / 1.649         1.496 / 1.649         1.496 / 1.649       ms
[2023-11-16T13:09:38.983+0800][gc,stats    ]    Subphase: Concurrent Mark                               0.000 / 0.000        21.597 / 25.992       21.597 / 25.992       21.597 / 25.992      ms
[2023-11-16T13:09:38.983+0800][gc,stats    ]    Subphase: Concurrent Mark Try Flush                     0.000 / 0.000         0.068 / 0.146         0.068 / 0.146         0.068 / 0.146       ms
[2023-11-16T13:09:38.983+0800][gc,stats    ]    Subphase: Concurrent Mark Try Terminate                 0.000 / 0.000         5.693 / 15.474        5.693 / 15.474        5.693 / 15.474      ms
[2023-11-16T13:09:38.983+0800][gc,stats    ]    Subphase: Concurrent References Enqueue                 0.000 / 0.000         0.005 / 0.005         0.005 / 0.005         0.005 / 0.005       ms
[2023-11-16T13:09:38.983+0800][gc,stats    ]    Subphase: Concurrent References Process                 0.000 / 0.000         0.108 / 0.128         0.108 / 0.128         0.108 / 0.128       ms
[2023-11-16T13:09:38.983+0800][gc,stats    ]    Subphase: Concurrent Roots ClassLoaderDataGraph         0.000 / 0.000         0.162 / 0.511         0.162 / 0.511         0.162 / 0.511       ms
[2023-11-16T13:09:38.983+0800][gc,stats    ]    Subphase: Concurrent Roots CodeCache                    0.000 / 0.000         0.000 / 0.000         0.000 / 0.000         0.000 / 0.000       ms
[2023-11-16T13:09:38.983+0800][gc,stats    ]    Subphase: Concurrent Roots JavaThreads                  0.000 / 0.000         0.945 / 1.682         0.945 / 1.682         0.945 / 1.682       ms
[2023-11-16T13:09:38.983+0800][gc,stats    ]    Subphase: Concurrent Roots OopStorageSet                0.000 / 0.000         0.041 / 0.062         0.041 / 0.062         0.041 / 0.062       ms
[2023-11-16T13:09:38.983+0800][gc,stats    ]    Subphase: Concurrent Weak Roots OopStorageSet           0.000 / 0.000         0.514 / 0.770         0.514 / 0.770         0.514 / 0.770       ms
[2023-11-16T13:09:38.983+0800][gc,stats    ]    Subphase: Pause Mark Try Complete                       0.000 / 0.000         0.000 / 0.000         0.000 / 0.000         0.000 / 0.000       ms
[2023-11-16T13:09:38.983+0800][gc,stats    ]      System: Java Threads                                      0 / 0                36 / 51               36 / 51               36 / 51          threads
[2023-11-16T13:09:38.983+0800][gc,stats    ] =========================================================================================================================================================
[2023-11-16T13:09:48.984+0800][gc,stats    ] === Garbage Collection Statistics =======================================================================================================================
[2023-11-16T13:09:48.984+0800][gc,stats    ]                                                              Last 10s              Last 10m              Last 10h                Total
[2023-11-16T13:09:48.984+0800][gc,stats    ]                                                              Avg / Max             Avg / Max             Avg / Max             Avg / Max
[2023-11-16T13:09:48.984+0800][gc,stats    ]   Collector: Garbage Collection Cycle                      0.000 / 0.000        42.450 / 42.489       42.450 / 42.489       42.450 / 42.489      ms
[2023-11-16T13:09:48.984+0800][gc,stats    ]  Contention: Mark Segment Reset Contention                     0 / 0                 0 / 2                 0 / 2                 0 / 2           ops/s
[2023-11-16T13:09:48.984+0800][gc,stats    ]  Contention: Mark SeqNum Reset Contention                      0 / 0                 0 / 1                 0 / 1                 0 / 1           ops/s
[2023-11-16T13:09:48.984+0800][gc,stats    ]    Critical: Allocation Stall                                  0 / 0                 0 / 0                 0 / 0                 0 / 0           ops/s
[2023-11-16T13:09:48.984+0800][gc,stats    ]    Critical: Allocation Stall                              0.000 / 0.000         0.000 / 0.000         0.000 / 0.000         0.000 / 0.000       ms
[2023-11-16T13:09:48.984+0800][gc,stats    ]    Critical: GC Locker Stall                                   0 / 0                 0 / 0                 0 / 0                 0 / 0           ops/s
[2023-11-16T13:09:48.984+0800][gc,stats    ]    Critical: GC Locker Stall                               0.000 / 0.000         0.000 / 0.000         0.000 / 0.000         0.000 / 0.000       ms
[2023-11-16T13:09:48.984+0800][gc,stats    ]    Critical: Relocation Stall                                  0 / 0                 0 / 0                 0 / 0                 0 / 0           ops/s
[2023-11-16T13:09:48.984+0800][gc,stats    ]    Critical: Relocation Stall                              0.000 / 0.000         0.000 / 0.000         0.000 / 0.000         0.000 / 0.000       ms
[2023-11-16T13:09:48.984+0800][gc,stats    ]      Memory: Allocation Rate                                   0 / 2                 0 / 96                0 / 96                0 / 96          MB/s
[2023-11-16T13:09:48.984+0800][gc,stats    ]      Memory: Defragment                                        0 / 0                 0 / 0                 0 / 0                 0 / 0           ops/s
[2023-11-16T13:09:48.984+0800][gc,stats    ]      Memory: Out Of Memory                                     0 / 0                 0 / 0                 0 / 0                 0 / 0           ops/s
[2023-11-16T13:09:48.984+0800][gc,stats    ]      Memory: Page Cache Flush                                  0 / 0                 0 / 0                 0 / 0                 0 / 0           MB/s
[2023-11-16T13:09:48.984+0800][gc,stats    ]      Memory: Page Cache Hit L1                                 0 / 1                 0 / 38                0 / 38                0 / 38          ops/s
[2023-11-16T13:09:48.984+0800][gc,stats    ]      Memory: Page Cache Hit L2                                 0 / 0                 0 / 0                 0 / 0                 0 / 0           ops/s
[2023-11-16T13:09:48.984+0800][gc,stats    ]      Memory: Page Cache Hit L3                                 0 / 0                 0 / 48                0 / 48                0 / 48          ops/s
[2023-11-16T13:09:48.984+0800][gc,stats    ]      Memory: Page Cache Miss                                   0 / 0                 0 / 1                 0 / 1                 0 / 1           ops/s
[2023-11-16T13:09:48.984+0800][gc,stats    ]      Memory: Uncommit                                          0 / 0                 0 / 0                 0 / 0                 0 / 0           MB/s
[2023-11-16T13:09:48.984+0800][gc,stats    ]      Memory: Undo Object Allocation Failed                     0 / 0                 0 / 0                 0 / 0                 0 / 0           ops/s
[2023-11-16T13:09:48.984+0800][gc,stats    ]      Memory: Undo Object Allocation Succeeded                  0 / 0                 0 / 0                 0 / 0                 0 / 0           ops/s
[2023-11-16T13:09:48.984+0800][gc,stats    ]      Memory: Undo Page Allocation                              0 / 0                 0 / 0                 0 / 0                 0 / 0           ops/s
[2023-11-16T13:09:48.984+0800][gc,stats    ]       Phase: Concurrent Mark                               0.000 / 0.000        25.401 / 26.782       25.401 / 26.782       25.401 / 26.782      ms
[2023-11-16T13:09:48.984+0800][gc,stats    ]       Phase: Concurrent Mark Continue                      0.000 / 0.000         0.000 / 0.000         0.000 / 0.000         0.000 / 0.000       ms
[2023-11-16T13:09:48.984+0800][gc,stats    ]       Phase: Concurrent Mark Free                          0.000 / 0.000         0.001 / 0.001         0.001 / 0.001         0.001 / 0.001       ms
[2023-11-16T13:09:48.984+0800][gc,stats    ]       Phase: Concurrent Process Non-Strong References      0.000 / 0.000         2.435 / 2.758         2.435 / 2.758         2.435 / 2.758       ms
[2023-11-16T13:09:48.984+0800][gc,stats    ]       Phase: Concurrent Relocate                           0.000 / 0.000         2.928 / 3.220         2.928 / 3.220         2.928 / 3.220       ms
[2023-11-16T13:09:48.984+0800][gc,stats    ]       Phase: Concurrent Reset Relocation Set               0.000 / 0.000         0.003 / 0.006         0.003 / 0.006         0.003 / 0.006       ms
[2023-11-16T13:09:48.984+0800][gc,stats    ]       Phase: Concurrent Select Relocation Set              0.000 / 0.000         5.767 / 9.539         5.767 / 9.539         5.767 / 9.539       ms
[2023-11-16T13:09:48.984+0800][gc,stats    ]       Phase: Pause Mark End                                0.000 / 0.000         0.023 / 0.026         0.023 / 0.026         0.023 / 0.026       ms
[2023-11-16T13:09:48.984+0800][gc,stats    ]       Phase: Pause Mark Start                              0.000 / 0.000         0.010 / 0.014         0.010 / 0.014         0.010 / 0.014       ms
[2023-11-16T13:09:48.984+0800][gc,stats    ]       Phase: Pause Relocate Start                          0.000 / 0.000         0.014 / 0.017         0.014 / 0.017         0.014 / 0.017       ms
[2023-11-16T13:09:48.984+0800][gc,stats    ]    Subphase: Concurrent Classes Purge                      0.000 / 0.000         0.082 / 0.093         0.082 / 0.093         0.082 / 0.093       ms
[2023-11-16T13:09:48.984+0800][gc,stats    ]    Subphase: Concurrent Classes Unlink                     0.000 / 0.000         1.496 / 1.649         1.496 / 1.649         1.496 / 1.649       ms
[2023-11-16T13:09:48.984+0800][gc,stats    ]    Subphase: Concurrent Mark                               0.000 / 0.000        21.597 / 25.992       21.597 / 25.992       21.597 / 25.992      ms
[2023-11-16T13:09:48.984+0800][gc,stats    ]    Subphase: Concurrent Mark Try Flush                     0.000 / 0.000         0.068 / 0.146         0.068 / 0.146         0.068 / 0.146       ms
[2023-11-16T13:09:48.984+0800][gc,stats    ]    Subphase: Concurrent Mark Try Terminate                 0.000 / 0.000         5.693 / 15.474        5.693 / 15.474        5.693 / 15.474      ms
[2023-11-16T13:09:48.984+0800][gc,stats    ]    Subphase: Concurrent References Enqueue                 0.000 / 0.000         0.005 / 0.005         0.005 / 0.005         0.005 / 0.005       ms
[2023-11-16T13:09:48.984+0800][gc,stats    ]    Subphase: Concurrent References Process                 0.000 / 0.000         0.108 / 0.128         0.108 / 0.128         0.108 / 0.128       ms
[2023-11-16T13:09:48.984+0800][gc,stats    ]    Subphase: Concurrent Roots ClassLoaderDataGraph         0.000 / 0.000         0.162 / 0.511         0.162 / 0.511         0.162 / 0.511       ms
[2023-11-16T13:09:48.984+0800][gc,stats    ]    Subphase: Concurrent Roots CodeCache                    0.000 / 0.000         0.000 / 0.000         0.000 / 0.000         0.000 / 0.000       ms
[2023-11-16T13:09:48.984+0800][gc,stats    ]    Subphase: Concurrent Roots JavaThreads                  0.000 / 0.000         0.945 / 1.682         0.945 / 1.682         0.945 / 1.682       ms
[2023-11-16T13:09:48.984+0800][gc,stats    ]    Subphase: Concurrent Roots OopStorageSet                0.000 / 0.000         0.041 / 0.062         0.041 / 0.062         0.041 / 0.062       ms
[2023-11-16T13:09:48.984+0800][gc,stats    ]    Subphase: Concurrent Weak Roots OopStorageSet           0.000 / 0.000         0.514 / 0.770         0.514 / 0.770         0.514 / 0.770       ms
[2023-11-16T13:09:48.984+0800][gc,stats    ]    Subphase: Pause Mark Try Complete                       0.000 / 0.000         0.000 / 0.000         0.000 / 0.000         0.000 / 0.000       ms
[2023-11-16T13:09:48.984+0800][gc,stats    ]      System: Java Threads                                      0 / 0                36 / 51               36 / 51               36 / 51          threads
[2023-11-16T13:09:48.984+0800][gc,stats    ] =========================================================================================================================================================
[2023-11-16T13:09:58.983+0800][gc,stats    ] === Garbage Collection Statistics =======================================================================================================================
[2023-11-16T13:09:58.983+0800][gc,stats    ]                                                              Last 10s              Last 10m              Last 10h                Total
[2023-11-16T13:09:58.983+0800][gc,stats    ]                                                              Avg / Max             Avg / Max             Avg / Max             Avg / Max
[2023-11-16T13:09:58.983+0800][gc,stats    ]   Collector: Garbage Collection Cycle                      0.000 / 0.000        42.450 / 42.489       42.450 / 42.489       42.450 / 42.489      ms
[2023-11-16T13:09:58.983+0800][gc,stats    ]  Contention: Mark Segment Reset Contention                     0 / 0                 0 / 2                 0 / 2                 0 / 2           ops/s
[2023-11-16T13:09:58.983+0800][gc,stats    ]  Contention: Mark SeqNum Reset Contention                      0 / 0                 0 / 1                 0 / 1                 0 / 1           ops/s
[2023-11-16T13:09:58.983+0800][gc,stats    ]    Critical: Allocation Stall                                  0 / 0                 0 / 0                 0 / 0                 0 / 0           ops/s
[2023-11-16T13:09:58.983+0800][gc,stats    ]    Critical: Allocation Stall                              0.000 / 0.000         0.000 / 0.000         0.000 / 0.000         0.000 / 0.000       ms
[2023-11-16T13:09:58.983+0800][gc,stats    ]    Critical: GC Locker Stall                                   0 / 0                 0 / 0                 0 / 0                 0 / 0           ops/s
[2023-11-16T13:09:58.983+0800][gc,stats    ]    Critical: GC Locker Stall                               0.000 / 0.000         0.000 / 0.000         0.000 / 0.000         0.000 / 0.000       ms
[2023-11-16T13:09:58.983+0800][gc,stats    ]    Critical: Relocation Stall                                  0 / 0                 0 / 0                 0 / 0                 0 / 0           ops/s
[2023-11-16T13:09:58.983+0800][gc,stats    ]    Critical: Relocation Stall                              0.000 / 0.000         0.000 / 0.000         0.000 / 0.000         0.000 / 0.000       ms
[2023-11-16T13:09:58.983+0800][gc,stats    ]      Memory: Allocation Rate                                   0 / 0                 0 / 96                0 / 96                0 / 96          MB/s
[2023-11-16T13:09:58.983+0800][gc,stats    ]      Memory: Defragment                                        0 / 0                 0 / 0                 0 / 0                 0 / 0           ops/s
[2023-11-16T13:09:58.983+0800][gc,stats    ]      Memory: Out Of Memory                                     0 / 0                 0 / 0                 0 / 0                 0 / 0           ops/s
[2023-11-16T13:09:58.983+0800][gc,stats    ]      Memory: Page Cache Flush                                  0 / 0                 0 / 0                 0 / 0                 0 / 0           MB/s
[2023-11-16T13:09:58.983+0800][gc,stats    ]      Memory: Page Cache Hit L1                                 0 / 0                 0 / 38                0 / 38                0 / 38          ops/s
[2023-11-16T13:09:58.983+0800][gc,stats    ]      Memory: Page Cache Hit L2                                 0 / 0                 0 / 0                 0 / 0                 0 / 0           ops/s
[2023-11-16T13:09:58.983+0800][gc,stats    ]      Memory: Page Cache Hit L3                                 0 / 0                 0 / 48                0 / 48                0 / 48          ops/s
[2023-11-16T13:09:58.983+0800][gc,stats    ]      Memory: Page Cache Miss                                   0 / 0                 0 / 1                 0 / 1                 0 / 1           ops/s
[2023-11-16T13:09:58.983+0800][gc,stats    ]      Memory: Uncommit                                          0 / 0                 0 / 0                 0 / 0                 0 / 0           MB/s
[2023-11-16T13:09:58.983+0800][gc,stats    ]      Memory: Undo Object Allocation Failed                     0 / 0                 0 / 0                 0 / 0                 0 / 0           ops/s
[2023-11-16T13:09:58.983+0800][gc,stats    ]      Memory: Undo Object Allocation Succeeded                  0 / 0                 0 / 0                 0 / 0                 0 / 0           ops/s
[2023-11-16T13:09:58.983+0800][gc,stats    ]      Memory: Undo Page Allocation                              0 / 0                 0 / 0                 0 / 0                 0 / 0           ops/s
[2023-11-16T13:09:58.983+0800][gc,stats    ]       Phase: Concurrent Mark                               0.000 / 0.000        25.401 / 26.782       25.401 / 26.782       25.401 / 26.782      ms
[2023-11-16T13:09:58.983+0800][gc,stats    ]       Phase: Concurrent Mark Continue                      0.000 / 0.000         0.000 / 0.000         0.000 / 0.000         0.000 / 0.000       ms
[2023-11-16T13:09:58.983+0800][gc,stats    ]       Phase: Concurrent Mark Free                          0.000 / 0.000         0.001 / 0.001         0.001 / 0.001         0.001 / 0.001       ms
[2023-11-16T13:09:58.983+0800][gc,stats    ]       Phase: Concurrent Process Non-Strong References      0.000 / 0.000         2.435 / 2.758         2.435 / 2.758         2.435 / 2.758       ms
[2023-11-16T13:09:58.983+0800][gc,stats    ]       Phase: Concurrent Relocate                           0.000 / 0.000         2.928 / 3.220         2.928 / 3.220         2.928 / 3.220       ms
[2023-11-16T13:09:58.983+0800][gc,stats    ]       Phase: Concurrent Reset Relocation Set               0.000 / 0.000         0.003 / 0.006         0.003 / 0.006         0.003 / 0.006       ms
[2023-11-16T13:09:58.983+0800][gc,stats    ]       Phase: Concurrent Select Relocation Set              0.000 / 0.000         5.767 / 9.539         5.767 / 9.539         5.767 / 9.539       ms
[2023-11-16T13:09:58.983+0800][gc,stats    ]       Phase: Pause Mark End                                0.000 / 0.000         0.023 / 0.026         0.023 / 0.026         0.023 / 0.026       ms
[2023-11-16T13:09:58.983+0800][gc,stats    ]       Phase: Pause Mark Start                              0.000 / 0.000         0.010 / 0.014         0.010 / 0.014         0.010 / 0.014       ms
[2023-11-16T13:09:58.983+0800][gc,stats    ]       Phase: Pause Relocate Start                          0.000 / 0.000         0.014 / 0.017         0.014 / 0.017         0.014 / 0.017       ms
[2023-11-16T13:09:58.983+0800][gc,stats    ]    Subphase: Concurrent Classes Purge                      0.000 / 0.000         0.082 / 0.093         0.082 / 0.093         0.082 / 0.093       ms
[2023-11-16T13:09:58.983+0800][gc,stats    ]    Subphase: Concurrent Classes Unlink                     0.000 / 0.000         1.496 / 1.649         1.496 / 1.649         1.496 / 1.649       ms
[2023-11-16T13:09:58.983+0800][gc,stats    ]    Subphase: Concurrent Mark                               0.000 / 0.000        21.597 / 25.992       21.597 / 25.992       21.597 / 25.992      ms
[2023-11-16T13:09:58.983+0800][gc,stats    ]    Subphase: Concurrent Mark Try Flush                     0.000 / 0.000         0.068 / 0.146         0.068 / 0.146         0.068 / 0.146       ms
[2023-11-16T13:09:58.983+0800][gc,stats    ]    Subphase: Concurrent Mark Try Terminate                 0.000 / 0.000         5.693 / 15.474        5.693 / 15.474        5.693 / 15.474      ms
[2023-11-16T13:09:58.983+0800][gc,stats    ]    Subphase: Concurrent References Enqueue                 0.000 / 0.000         0.005 / 0.005         0.005 / 0.005         0.005 / 0.005       ms
[2023-11-16T13:09:58.983+0800][gc,stats    ]    Subphase: Concurrent References Process                 0.000 / 0.000         0.108 / 0.128         0.108 / 0.128         0.108 / 0.128       ms
[2023-11-16T13:09:58.983+0800][gc,stats    ]    Subphase: Concurrent Roots ClassLoaderDataGraph         0.000 / 0.000         0.162 / 0.511         0.162 / 0.511         0.162 / 0.511       ms
[2023-11-16T13:09:58.983+0800][gc,stats    ]    Subphase: Concurrent Roots CodeCache                    0.000 / 0.000         0.000 / 0.000         0.000 / 0.000         0.000 / 0.000       ms
[2023-11-16T13:09:58.983+0800][gc,stats    ]    Subphase: Concurrent Roots JavaThreads                  0.000 / 0.000         0.945 / 1.682         0.945 / 1.682         0.945 / 1.682       ms
[2023-11-16T13:09:58.983+0800][gc,stats    ]    Subphase: Concurrent Roots OopStorageSet                0.000 / 0.000         0.041 / 0.062         0.041 / 0.062         0.041 / 0.062       ms
[2023-11-16T13:09:58.983+0800][gc,stats    ]    Subphase: Concurrent Weak Roots OopStorageSet           0.000 / 0.000         0.514 / 0.770         0.514 / 0.770         0.514 / 0.770       ms
[2023-11-16T13:09:58.983+0800][gc,stats    ]    Subphase: Pause Mark Try Complete                       0.000 / 0.000         0.000 / 0.000         0.000 / 0.000         0.000 / 0.000       ms
[2023-11-16T13:09:58.983+0800][gc,stats    ]      System: Java Threads                                      0 / 0                36 / 51               36 / 51               36 / 51          threads
[2023-11-16T13:09:58.983+0800][gc,stats    ] =========================================================================================================================================================
[2023-11-16T13:10:08.983+0800][gc,stats    ] === Garbage Collection Statistics =======================================================================================================================
[2023-11-16T13:10:08.983+0800][gc,stats    ]                                                              Last 10s              Last 10m              Last 10h                Total
[2023-11-16T13:10:08.983+0800][gc,stats    ]                                                              Avg / Max             Avg / Max             Avg / Max             Avg / Max
[2023-11-16T13:10:08.983+0800][gc,stats    ]   Collector: Garbage Collection Cycle                      0.000 / 0.000        42.450 / 42.489       42.450 / 42.489       42.450 / 42.489      ms
[2023-11-16T13:10:08.983+0800][gc,stats    ]  Contention: Mark Segment Reset Contention                     0 / 0                 0 / 2                 0 / 2                 0 / 2           ops/s
[2023-11-16T13:10:08.983+0800][gc,stats    ]  Contention: Mark SeqNum Reset Contention                      0 / 0                 0 / 1                 0 / 1                 0 / 1           ops/s
[2023-11-16T13:10:08.983+0800][gc,stats    ]    Critical: Allocation Stall                                  0 / 0                 0 / 0                 0 / 0                 0 / 0           ops/s
[2023-11-16T13:10:08.983+0800][gc,stats    ]    Critical: Allocation Stall                              0.000 / 0.000         0.000 / 0.000         0.000 / 0.000         0.000 / 0.000       ms
[2023-11-16T13:10:08.983+0800][gc,stats    ]    Critical: GC Locker Stall                                   0 / 0                 0 / 0                 0 / 0                 0 / 0           ops/s
[2023-11-16T13:10:08.983+0800][gc,stats    ]    Critical: GC Locker Stall                               0.000 / 0.000         0.000 / 0.000         0.000 / 0.000         0.000 / 0.000       ms
[2023-11-16T13:10:08.983+0800][gc,stats    ]    Critical: Relocation Stall                                  0 / 0                 0 / 0                 0 / 0                 0 / 0           ops/s
[2023-11-16T13:10:08.983+0800][gc,stats    ]    Critical: Relocation Stall                              0.000 / 0.000         0.000 / 0.000         0.000 / 0.000         0.000 / 0.000       ms
[2023-11-16T13:10:08.983+0800][gc,stats    ]      Memory: Allocation Rate                                   0 / 2                 0 / 96                0 / 96                0 / 96          MB/s
[2023-11-16T13:10:08.983+0800][gc,stats    ]      Memory: Defragment                                        0 / 0                 0 / 0                 0 / 0                 0 / 0           ops/s
[2023-11-16T13:10:08.983+0800][gc,stats    ]      Memory: Out Of Memory                                     0 / 0                 0 / 0                 0 / 0                 0 / 0           ops/s
[2023-11-16T13:10:08.983+0800][gc,stats    ]      Memory: Page Cache Flush                                  0 / 0                 0 / 0                 0 / 0                 0 / 0           MB/s
[2023-11-16T13:10:08.983+0800][gc,stats    ]      Memory: Page Cache Hit L1                                 0 / 1                 0 / 38                0 / 38                0 / 38          ops/s
[2023-11-16T13:10:08.983+0800][gc,stats    ]      Memory: Page Cache Hit L2                                 0 / 0                 0 / 0                 0 / 0                 0 / 0           ops/s
[2023-11-16T13:10:08.983+0800][gc,stats    ]      Memory: Page Cache Hit L3                                 0 / 0                 0 / 48                0 / 48                0 / 48          ops/s
[2023-11-16T13:10:08.983+0800][gc,stats    ]      Memory: Page Cache Miss                                   0 / 0                 0 / 1                 0 / 1                 0 / 1           ops/s
[2023-11-16T13:10:08.983+0800][gc,stats    ]      Memory: Uncommit                                          0 / 0                 0 / 0                 0 / 0                 0 / 0           MB/s
[2023-11-16T13:10:08.983+0800][gc,stats    ]      Memory: Undo Object Allocation Failed                     0 / 0                 0 / 0                 0 / 0                 0 / 0           ops/s
[2023-11-16T13:10:08.983+0800][gc,stats    ]      Memory: Undo Object Allocation Succeeded                  0 / 0                 0 / 0                 0 / 0                 0 / 0           ops/s
[2023-11-16T13:10:08.983+0800][gc,stats    ]      Memory: Undo Page Allocation                              0 / 0                 0 / 0                 0 / 0                 0 / 0           ops/s
[2023-11-16T13:10:08.983+0800][gc,stats    ]       Phase: Concurrent Mark                               0.000 / 0.000        25.401 / 26.782       25.401 / 26.782       25.401 / 26.782      ms
[2023-11-16T13:10:08.983+0800][gc,stats    ]       Phase: Concurrent Mark Continue                      0.000 / 0.000         0.000 / 0.000         0.000 / 0.000         0.000 / 0.000       ms
[2023-11-16T13:10:08.983+0800][gc,stats    ]       Phase: Concurrent Mark Free                          0.000 / 0.000         0.001 / 0.001         0.001 / 0.001         0.001 / 0.001       ms
[2023-11-16T13:10:08.983+0800][gc,stats    ]       Phase: Concurrent Process Non-Strong References      0.000 / 0.000         2.435 / 2.758         2.435 / 2.758         2.435 / 2.758       ms
[2023-11-16T13:10:08.983+0800][gc,stats    ]       Phase: Concurrent Relocate                           0.000 / 0.000         2.928 / 3.220         2.928 / 3.220         2.928 / 3.220       ms
[2023-11-16T13:10:08.983+0800][gc,stats    ]       Phase: Concurrent Reset Relocation Set               0.000 / 0.000         0.003 / 0.006         0.003 / 0.006         0.003 / 0.006       ms
[2023-11-16T13:10:08.983+0800][gc,stats    ]       Phase: Concurrent Select Relocation Set              0.000 / 0.000         5.767 / 9.539         5.767 / 9.539         5.767 / 9.539       ms
[2023-11-16T13:10:08.983+0800][gc,stats    ]       Phase: Pause Mark End                                0.000 / 0.000         0.023 / 0.026         0.023 / 0.026         0.023 / 0.026       ms
[2023-11-16T13:10:08.983+0800][gc,stats    ]       Phase: Pause Mark Start                              0.000 / 0.000         0.010 / 0.014         0.010 / 0.014         0.010 / 0.014       ms
[2023-11-16T13:10:08.983+0800][gc,stats    ]       Phase: Pause Relocate Start                          0.000 / 0.000         0.014 / 0.017         0.014 / 0.017         0.014 / 0.017       ms
[2023-11-16T13:10:08.983+0800][gc,stats    ]    Subphase: Concurrent Classes Purge                      0.000 / 0.000         0.082 / 0.093         0.082 / 0.093         0.082 / 0.093       ms
[2023-11-16T13:10:08.983+0800][gc,stats    ]    Subphase: Concurrent Classes Unlink                     0.000 / 0.000         1.496 / 1.649         1.496 / 1.649         1.496 / 1.649       ms
[2023-11-16T13:10:08.983+0800][gc,stats    ]    Subphase: Concurrent Mark                               0.000 / 0.000        21.597 / 25.992       21.597 / 25.992       21.597 / 25.992      ms
[2023-11-16T13:10:08.983+0800][gc,stats    ]    Subphase: Concurrent Mark Try Flush                     0.000 / 0.000         0.068 / 0.146         0.068 / 0.146         0.068 / 0.146       ms
[2023-11-16T13:10:08.983+0800][gc,stats    ]    Subphase: Concurrent Mark Try Terminate                 0.000 / 0.000         5.693 / 15.474        5.693 / 15.474        5.693 / 15.474      ms
[2023-11-16T13:10:08.983+0800][gc,stats    ]    Subphase: Concurrent References Enqueue                 0.000 / 0.000         0.005 / 0.005         0.005 / 0.005         0.005 / 0.005       ms
[2023-11-16T13:10:08.983+0800][gc,stats    ]    Subphase: Concurrent References Process                 0.000 / 0.000         0.108 / 0.128         0.108 / 0.128         0.108 / 0.128       ms
[2023-11-16T13:10:08.983+0800][gc,stats    ]    Subphase: Concurrent Roots ClassLoaderDataGraph         0.000 / 0.000         0.162 / 0.511         0.162 / 0.511         0.162 / 0.511       ms
[2023-11-16T13:10:08.983+0800][gc,stats    ]    Subphase: Concurrent Roots CodeCache                    0.000 / 0.000         0.000 / 0.000         0.000 / 0.000         0.000 / 0.000       ms
[2023-11-16T13:10:08.983+0800][gc,stats    ]    Subphase: Concurrent Roots JavaThreads                  0.000 / 0.000         0.945 / 1.682         0.945 / 1.682         0.945 / 1.682       ms
[2023-11-16T13:10:08.983+0800][gc,stats    ]    Subphase: Concurrent Roots OopStorageSet                0.000 / 0.000         0.041 / 0.062         0.041 / 0.062         0.041 / 0.062       ms
[2023-11-16T13:10:08.983+0800][gc,stats    ]    Subphase: Concurrent Weak Roots OopStorageSet           0.000 / 0.000         0.514 / 0.770         0.514 / 0.770         0.514 / 0.770       ms
[2023-11-16T13:10:08.983+0800][gc,stats    ]    Subphase: Pause Mark Try Complete                       0.000 / 0.000         0.000 / 0.000         0.000 / 0.000         0.000 / 0.000       ms
[2023-11-16T13:10:08.983+0800][gc,stats    ]      System: Java Threads                                      0 / 0                36 / 51               36 / 51               36 / 51          threads
[2023-11-16T13:10:08.983+0800][gc,stats    ] =========================================================================================================================================================
[2023-11-16T13:10:18.991+0800][gc,stats    ] === Garbage Collection Statistics =======================================================================================================================
[2023-11-16T13:10:18.991+0800][gc,stats    ]                                                              Last 10s              Last 10m              Last 10h                Total
[2023-11-16T13:10:18.991+0800][gc,stats    ]                                                              Avg / Max             Avg / Max             Avg / Max             Avg / Max
[2023-11-16T13:10:18.991+0800][gc,stats    ]   Collector: Garbage Collection Cycle                      0.000 / 0.000        42.450 / 42.489       42.450 / 42.489       42.450 / 42.489      ms
[2023-11-16T13:10:18.991+0800][gc,stats    ]  Contention: Mark Segment Reset Contention                     0 / 0                 0 / 2                 0 / 2                 0 / 2           ops/s
[2023-11-16T13:10:18.991+0800][gc,stats    ]  Contention: Mark SeqNum Reset Contention                      0 / 0                 0 / 1                 0 / 1                 0 / 1           ops/s
[2023-11-16T13:10:18.991+0800][gc,stats    ]    Critical: Allocation Stall                                  0 / 0                 0 / 0                 0 / 0                 0 / 0           ops/s
[2023-11-16T13:10:18.991+0800][gc,stats    ]    Critical: Allocation Stall                              0.000 / 0.000         0.000 / 0.000         0.000 / 0.000         0.000 / 0.000       ms
[2023-11-16T13:10:18.991+0800][gc,stats    ]    Critical: GC Locker Stall                                   0 / 0                 0 / 0                 0 / 0                 0 / 0           ops/s
[2023-11-16T13:10:18.991+0800][gc,stats    ]    Critical: GC Locker Stall                               0.000 / 0.000         0.000 / 0.000         0.000 / 0.000         0.000 / 0.000       ms
[2023-11-16T13:10:18.991+0800][gc,stats    ]    Critical: Relocation Stall                                  0 / 0                 0 / 0                 0 / 0                 0 / 0           ops/s
[2023-11-16T13:10:18.991+0800][gc,stats    ]    Critical: Relocation Stall                              0.000 / 0.000         0.000 / 0.000         0.000 / 0.000         0.000 / 0.000       ms
[2023-11-16T13:10:18.991+0800][gc,stats    ]      Memory: Allocation Rate                                   0 / 2                 0 / 96                0 / 96                0 / 96          MB/s
[2023-11-16T13:10:18.991+0800][gc,stats    ]      Memory: Defragment                                        0 / 0                 0 / 0                 0 / 0                 0 / 0           ops/s
[2023-11-16T13:10:18.991+0800][gc,stats    ]      Memory: Out Of Memory                                     0 / 0                 0 / 0                 0 / 0                 0 / 0           ops/s
[2023-11-16T13:10:18.991+0800][gc,stats    ]      Memory: Page Cache Flush                                  0 / 0                 0 / 0                 0 / 0                 0 / 0           MB/s
[2023-11-16T13:10:18.991+0800][gc,stats    ]      Memory: Page Cache Hit L1                                 0 / 1                 0 / 38                0 / 38                0 / 38          ops/s
[2023-11-16T13:10:18.991+0800][gc,stats    ]      Memory: Page Cache Hit L2                                 0 / 0                 0 / 0                 0 / 0                 0 / 0           ops/s
[2023-11-16T13:10:18.991+0800][gc,stats    ]      Memory: Page Cache Hit L3                                 0 / 0                 0 / 48                0 / 48                0 / 48          ops/s
[2023-11-16T13:10:18.991+0800][gc,stats    ]      Memory: Page Cache Miss                                   0 / 0                 0 / 1                 0 / 1                 0 / 1           ops/s
[2023-11-16T13:10:18.991+0800][gc,stats    ]      Memory: Uncommit                                          0 / 0                 0 / 0                 0 / 0                 0 / 0           MB/s
[2023-11-16T13:10:18.991+0800][gc,stats    ]      Memory: Undo Object Allocation Failed                     0 / 0                 0 / 0                 0 / 0                 0 / 0           ops/s
[2023-11-16T13:10:18.991+0800][gc,stats    ]      Memory: Undo Object Allocation Succeeded                  0 / 0                 0 / 0                 0 / 0                 0 / 0           ops/s
[2023-11-16T13:10:18.991+0800][gc,stats    ]      Memory: Undo Page Allocation                              0 / 0                 0 / 0                 0 / 0                 0 / 0           ops/s
[2023-11-16T13:10:18.991+0800][gc,stats    ]       Phase: Concurrent Mark                               0.000 / 0.000        25.401 / 26.782       25.401 / 26.782       25.401 / 26.782      ms
[2023-11-16T13:10:18.991+0800][gc,stats    ]       Phase: Concurrent Mark Continue                      0.000 / 0.000         0.000 / 0.000         0.000 / 0.000         0.000 / 0.000       ms
[2023-11-16T13:10:18.991+0800][gc,stats    ]       Phase: Concurrent Mark Free                          0.000 / 0.000         0.001 / 0.001         0.001 / 0.001         0.001 / 0.001       ms
[2023-11-16T13:10:18.991+0800][gc,stats    ]       Phase: Concurrent Process Non-Strong References      0.000 / 0.000         2.435 / 2.758         2.435 / 2.758         2.435 / 2.758       ms
[2023-11-16T13:10:18.991+0800][gc,stats    ]       Phase: Concurrent Relocate                           0.000 / 0.000         2.928 / 3.220         2.928 / 3.220         2.928 / 3.220       ms
[2023-11-16T13:10:18.991+0800][gc,stats    ]       Phase: Concurrent Reset Relocation Set               0.000 / 0.000         0.003 / 0.006         0.003 / 0.006         0.003 / 0.006       ms
[2023-11-16T13:10:18.991+0800][gc,stats    ]       Phase: Concurrent Select Relocation Set              0.000 / 0.000         5.767 / 9.539         5.767 / 9.539         5.767 / 9.539       ms
[2023-11-16T13:10:18.991+0800][gc,stats    ]       Phase: Pause Mark End                                0.000 / 0.000         0.023 / 0.026         0.023 / 0.026         0.023 / 0.026       ms
[2023-11-16T13:10:18.991+0800][gc,stats    ]       Phase: Pause Mark Start                              0.000 / 0.000         0.010 / 0.014         0.010 / 0.014         0.010 / 0.014       ms
[2023-11-16T13:10:18.991+0800][gc,stats    ]       Phase: Pause Relocate Start                          0.000 / 0.000         0.014 / 0.017         0.014 / 0.017         0.014 / 0.017       ms
[2023-11-16T13:10:18.991+0800][gc,stats    ]    Subphase: Concurrent Classes Purge                      0.000 / 0.000         0.082 / 0.093         0.082 / 0.093         0.082 / 0.093       ms
[2023-11-16T13:10:18.991+0800][gc,stats    ]    Subphase: Concurrent Classes Unlink                     0.000 / 0.000         1.496 / 1.649         1.496 / 1.649         1.496 / 1.649       ms
[2023-11-16T13:10:18.991+0800][gc,stats    ]    Subphase: Concurrent Mark                               0.000 / 0.000        21.597 / 25.992       21.597 / 25.992       21.597 / 25.992      ms
[2023-11-16T13:10:18.991+0800][gc,stats    ]    Subphase: Concurrent Mark Try Flush                     0.000 / 0.000         0.068 / 0.146         0.068 / 0.146         0.068 / 0.146       ms
[2023-11-16T13:10:18.991+0800][gc,stats    ]    Subphase: Concurrent Mark Try Terminate                 0.000 / 0.000         5.693 / 15.474        5.693 / 15.474        5.693 / 15.474      ms
[2023-11-16T13:10:18.991+0800][gc,stats    ]    Subphase: Concurrent References Enqueue                 0.000 / 0.000         0.005 / 0.005         0.005 / 0.005         0.005 / 0.005       ms
[2023-11-16T13:10:18.991+0800][gc,stats    ]    Subphase: Concurrent References Process                 0.000 / 0.000         0.108 / 0.128         0.108 / 0.128         0.108 / 0.128       ms
[2023-11-16T13:10:18.991+0800][gc,stats    ]    Subphase: Concurrent Roots ClassLoaderDataGraph         0.000 / 0.000         0.162 / 0.511         0.162 / 0.511         0.162 / 0.511       ms
[2023-11-16T13:10:18.991+0800][gc,stats    ]    Subphase: Concurrent Roots CodeCache                    0.000 / 0.000         0.000 / 0.000         0.000 / 0.000         0.000 / 0.000       ms
[2023-11-16T13:10:18.991+0800][gc,stats    ]    Subphase: Concurrent Roots JavaThreads                  0.000 / 0.000         0.945 / 1.682         0.945 / 1.682         0.945 / 1.682       ms
[2023-11-16T13:10:18.991+0800][gc,stats    ]    Subphase: Concurrent Roots OopStorageSet                0.000 / 0.000         0.041 / 0.062         0.041 / 0.062         0.041 / 0.062       ms
[2023-11-16T13:10:18.991+0800][gc,stats    ]    Subphase: Concurrent Weak Roots OopStorageSet           0.000 / 0.000         0.514 / 0.770         0.514 / 0.770         0.514 / 0.770       ms
[2023-11-16T13:10:18.991+0800][gc,stats    ]    Subphase: Pause Mark Try Complete                       0.000 / 0.000         0.000 / 0.000         0.000 / 0.000         0.000 / 0.000       ms
[2023-11-16T13:10:18.991+0800][gc,stats    ]      System: Java Threads                                      0 / 0                36 / 51               36 / 51               36 / 51          threads
[2023-11-16T13:10:18.991+0800][gc,stats    ] =========================================================================================================================================================
[2023-11-16T13:10:28.983+0800][gc,stats    ] === Garbage Collection Statistics =======================================================================================================================
[2023-11-16T13:10:28.983+0800][gc,stats    ]                                                              Last 10s              Last 10m              Last 10h                Total
[2023-11-16T13:10:28.983+0800][gc,stats    ]                                                              Avg / Max             Avg / Max             Avg / Max             Avg / Max
[2023-11-16T13:10:28.983+0800][gc,stats    ]   Collector: Garbage Collection Cycle                      0.000 / 0.000        42.450 / 42.489       42.450 / 42.489       42.450 / 42.489      ms
[2023-11-16T13:10:28.983+0800][gc,stats    ]  Contention: Mark Segment Reset Contention                     0 / 0                 0 / 2                 0 / 2                 0 / 2           ops/s
[2023-11-16T13:10:28.983+0800][gc,stats    ]  Contention: Mark SeqNum Reset Contention                      0 / 0                 0 / 1                 0 / 1                 0 / 1           ops/s
[2023-11-16T13:10:28.983+0800][gc,stats    ]    Critical: Allocation Stall                                  0 / 0                 0 / 0                 0 / 0                 0 / 0           ops/s
[2023-11-16T13:10:28.983+0800][gc,stats    ]    Critical: Allocation Stall                              0.000 / 0.000         0.000 / 0.000         0.000 / 0.000         0.000 / 0.000       ms
[2023-11-16T13:10:28.983+0800][gc,stats    ]    Critical: GC Locker Stall                                   0 / 0                 0 / 0                 0 / 0                 0 / 0           ops/s
[2023-11-16T13:10:28.983+0800][gc,stats    ]    Critical: GC Locker Stall                               0.000 / 0.000         0.000 / 0.000         0.000 / 0.000         0.000 / 0.000       ms
[2023-11-16T13:10:28.983+0800][gc,stats    ]    Critical: Relocation Stall                                  0 / 0                 0 / 0                 0 / 0                 0 / 0           ops/s
[2023-11-16T13:10:28.983+0800][gc,stats    ]    Critical: Relocation Stall                              0.000 / 0.000         0.000 / 0.000         0.000 / 0.000         0.000 / 0.000       ms
[2023-11-16T13:10:28.983+0800][gc,stats    ]      Memory: Allocation Rate                                   0 / 0                 0 / 96                0 / 96                0 / 96          MB/s
[2023-11-16T13:10:28.983+0800][gc,stats    ]      Memory: Defragment                                        0 / 0                 0 / 0                 0 / 0                 0 / 0           ops/s
[2023-11-16T13:10:28.983+0800][gc,stats    ]      Memory: Out Of Memory                                     0 / 0                 0 / 0                 0 / 0                 0 / 0           ops/s
[2023-11-16T13:10:28.983+0800][gc,stats    ]      Memory: Page Cache Flush                                  0 / 0                 0 / 0                 0 / 0                 0 / 0           MB/s
[2023-11-16T13:10:28.983+0800][gc,stats    ]      Memory: Page Cache Hit L1                                 0 / 0                 0 / 38                0 / 38                0 / 38          ops/s
[2023-11-16T13:10:28.983+0800][gc,stats    ]      Memory: Page Cache Hit L2                                 0 / 0                 0 / 0                 0 / 0                 0 / 0           ops/s
[2023-11-16T13:10:28.983+0800][gc,stats    ]      Memory: Page Cache Hit L3                                 0 / 0                 0 / 48                0 / 48                0 / 48          ops/s
[2023-11-16T13:10:28.983+0800][gc,stats    ]      Memory: Page Cache Miss                                   0 / 0                 0 / 1                 0 / 1                 0 / 1           ops/s
[2023-11-16T13:10:28.983+0800][gc,stats    ]      Memory: Uncommit                                          0 / 0                 0 / 0                 0 / 0                 0 / 0           MB/s
[2023-11-16T13:10:28.983+0800][gc,stats    ]      Memory: Undo Object Allocation Failed                     0 / 0                 0 / 0                 0 / 0                 0 / 0           ops/s
[2023-11-16T13:10:28.983+0800][gc,stats    ]      Memory: Undo Object Allocation Succeeded                  0 / 0                 0 / 0                 0 / 0                 0 / 0           ops/s
[2023-11-16T13:10:28.983+0800][gc,stats    ]      Memory: Undo Page Allocation                              0 / 0                 0 / 0                 0 / 0                 0 / 0           ops/s
[2023-11-16T13:10:28.983+0800][gc,stats    ]       Phase: Concurrent Mark                               0.000 / 0.000        25.401 / 26.782       25.401 / 26.782       25.401 / 26.782      ms
[2023-11-16T13:10:28.983+0800][gc,stats    ]       Phase: Concurrent Mark Continue                      0.000 / 0.000         0.000 / 0.000         0.000 / 0.000         0.000 / 0.000       ms
[2023-11-16T13:10:28.983+0800][gc,stats    ]       Phase: Concurrent Mark Free                          0.000 / 0.000         0.001 / 0.001         0.001 / 0.001         0.001 / 0.001       ms
[2023-11-16T13:10:28.983+0800][gc,stats    ]       Phase: Concurrent Process Non-Strong References      0.000 / 0.000         2.435 / 2.758         2.435 / 2.758         2.435 / 2.758       ms
[2023-11-16T13:10:28.983+0800][gc,stats    ]       Phase: Concurrent Relocate                           0.000 / 0.000         2.928 / 3.220         2.928 / 3.220         2.928 / 3.220       ms
[2023-11-16T13:10:28.983+0800][gc,stats    ]       Phase: Concurrent Reset Relocation Set               0.000 / 0.000         0.003 / 0.006         0.003 / 0.006         0.003 / 0.006       ms
[2023-11-16T13:10:28.983+0800][gc,stats    ]       Phase: Concurrent Select Relocation Set              0.000 / 0.000         5.767 / 9.539         5.767 / 9.539         5.767 / 9.539       ms
[2023-11-16T13:10:28.983+0800][gc,stats    ]       Phase: Pause Mark End                                0.000 / 0.000         0.023 / 0.026         0.023 / 0.026         0.023 / 0.026       ms
[2023-11-16T13:10:28.983+0800][gc,stats    ]       Phase: Pause Mark Start                              0.000 / 0.000         0.010 / 0.014         0.010 / 0.014         0.010 / 0.014       ms
[2023-11-16T13:10:28.983+0800][gc,stats    ]       Phase: Pause Relocate Start                          0.000 / 0.000         0.014 / 0.017         0.014 / 0.017         0.014 / 0.017       ms
[2023-11-16T13:10:28.983+0800][gc,stats    ]    Subphase: Concurrent Classes Purge                      0.000 / 0.000         0.082 / 0.093         0.082 / 0.093         0.082 / 0.093       ms
[2023-11-16T13:10:28.983+0800][gc,stats    ]    Subphase: Concurrent Classes Unlink                     0.000 / 0.000         1.496 / 1.649         1.496 / 1.649         1.496 / 1.649       ms
[2023-11-16T13:10:28.983+0800][gc,stats    ]    Subphase: Concurrent Mark                               0.000 / 0.000        21.597 / 25.992       21.597 / 25.992       21.597 / 25.992      ms
[2023-11-16T13:10:28.983+0800][gc,stats    ]    Subphase: Concurrent Mark Try Flush                     0.000 / 0.000         0.068 / 0.146         0.068 / 0.146         0.068 / 0.146       ms
[2023-11-16T13:10:28.983+0800][gc,stats    ]    Subphase: Concurrent Mark Try Terminate                 0.000 / 0.000         5.693 / 15.474        5.693 / 15.474        5.693 / 15.474      ms
[2023-11-16T13:10:28.983+0800][gc,stats    ]    Subphase: Concurrent References Enqueue                 0.000 / 0.000         0.005 / 0.005         0.005 / 0.005         0.005 / 0.005       ms
[2023-11-16T13:10:28.983+0800][gc,stats    ]    Subphase: Concurrent References Process                 0.000 / 0.000         0.108 / 0.128         0.108 / 0.128         0.108 / 0.128       ms
[2023-11-16T13:10:28.983+0800][gc,stats    ]    Subphase: Concurrent Roots ClassLoaderDataGraph         0.000 / 0.000         0.162 / 0.511         0.162 / 0.511         0.162 / 0.511       ms
[2023-11-16T13:10:28.983+0800][gc,stats    ]    Subphase: Concurrent Roots CodeCache                    0.000 / 0.000         0.000 / 0.000         0.000 / 0.000         0.000 / 0.000       ms
[2023-11-16T13:10:28.983+0800][gc,stats    ]    Subphase: Concurrent Roots JavaThreads                  0.000 / 0.000         0.945 / 1.682         0.945 / 1.682         0.945 / 1.682       ms
[2023-11-16T13:10:28.983+0800][gc,stats    ]    Subphase: Concurrent Roots OopStorageSet                0.000 / 0.000         0.041 / 0.062         0.041 / 0.062         0.041 / 0.062       ms
[2023-11-16T13:10:28.983+0800][gc,stats    ]    Subphase: Concurrent Weak Roots OopStorageSet           0.000 / 0.000         0.514 / 0.770         0.514 / 0.770         0.514 / 0.770       ms
[2023-11-16T13:10:28.983+0800][gc,stats    ]    Subphase: Pause Mark Try Complete                       0.000 / 0.000         0.000 / 0.000         0.000 / 0.000         0.000 / 0.000       ms
[2023-11-16T13:10:28.983+0800][gc,stats    ]      System: Java Threads                                      0 / 0                36 / 51               36 / 51               36 / 51          threads
[2023-11-16T13:10:28.983+0800][gc,stats    ] =========================================================================================================================================================
[2023-11-16T13:10:38.990+0800][gc,stats    ] === Garbage Collection Statistics =======================================================================================================================
[2023-11-16T13:10:38.990+0800][gc,stats    ]                                                              Last 10s              Last 10m              Last 10h                Total
[2023-11-16T13:10:38.990+0800][gc,stats    ]                                                              Avg / Max             Avg / Max             Avg / Max             Avg / Max
[2023-11-16T13:10:38.990+0800][gc,stats    ]   Collector: Garbage Collection Cycle                      0.000 / 0.000        42.450 / 42.489       42.450 / 42.489       42.450 / 42.489      ms
[2023-11-16T13:10:38.990+0800][gc,stats    ]  Contention: Mark Segment Reset Contention                     0 / 0                 0 / 2                 0 / 2                 0 / 2           ops/s
[2023-11-16T13:10:38.990+0800][gc,stats    ]  Contention: Mark SeqNum Reset Contention                      0 / 0                 0 / 1                 0 / 1                 0 / 1           ops/s
[2023-11-16T13:10:38.990+0800][gc,stats    ]    Critical: Allocation Stall                                  0 / 0                 0 / 0                 0 / 0                 0 / 0           ops/s
[2023-11-16T13:10:38.990+0800][gc,stats    ]    Critical: Allocation Stall                              0.000 / 0.000         0.000 / 0.000         0.000 / 0.000         0.000 / 0.000       ms
[2023-11-16T13:10:38.990+0800][gc,stats    ]    Critical: GC Locker Stall                                   0 / 0                 0 / 0                 0 / 0                 0 / 0           ops/s
[2023-11-16T13:10:38.990+0800][gc,stats    ]    Critical: GC Locker Stall                               0.000 / 0.000         0.000 / 0.000         0.000 / 0.000         0.000 / 0.000       ms
[2023-11-16T13:10:38.990+0800][gc,stats    ]    Critical: Relocation Stall                                  0 / 0                 0 / 0                 0 / 0                 0 / 0           ops/s
[2023-11-16T13:10:38.990+0800][gc,stats    ]    Critical: Relocation Stall                              0.000 / 0.000         0.000 / 0.000         0.000 / 0.000         0.000 / 0.000       ms
[2023-11-16T13:10:38.990+0800][gc,stats    ]      Memory: Allocation Rate                                   0 / 0                 0 / 96                0 / 96                0 / 96          MB/s
[2023-11-16T13:10:38.990+0800][gc,stats    ]      Memory: Defragment                                        0 / 0                 0 / 0                 0 / 0                 0 / 0           ops/s
[2023-11-16T13:10:38.990+0800][gc,stats    ]      Memory: Out Of Memory                                     0 / 0                 0 / 0                 0 / 0                 0 / 0           ops/s
[2023-11-16T13:10:38.990+0800][gc,stats    ]      Memory: Page Cache Flush                                  0 / 0                 0 / 0                 0 / 0                 0 / 0           MB/s
[2023-11-16T13:10:38.990+0800][gc,stats    ]      Memory: Page Cache Hit L1                                 0 / 0                 0 / 38                0 / 38                0 / 38          ops/s
[2023-11-16T13:10:38.990+0800][gc,stats    ]      Memory: Page Cache Hit L2                                 0 / 0                 0 / 0                 0 / 0                 0 / 0           ops/s
[2023-11-16T13:10:38.990+0800][gc,stats    ]      Memory: Page Cache Hit L3                                 0 / 0                 0 / 48                0 / 48                0 / 48          ops/s
[2023-11-16T13:10:38.990+0800][gc,stats    ]      Memory: Page Cache Miss                                   0 / 0                 0 / 1                 0 / 1                 0 / 1           ops/s
[2023-11-16T13:10:38.990+0800][gc,stats    ]      Memory: Uncommit                                          0 / 0                 0 / 0                 0 / 0                 0 / 0           MB/s
[2023-11-16T13:10:38.990+0800][gc,stats    ]      Memory: Undo Object Allocation Failed                     0 / 0                 0 / 0                 0 / 0                 0 / 0           ops/s
[2023-11-16T13:10:38.990+0800][gc,stats    ]      Memory: Undo Object Allocation Succeeded                  0 / 0                 0 / 0                 0 / 0                 0 / 0           ops/s
[2023-11-16T13:10:38.990+0800][gc,stats    ]      Memory: Undo Page Allocation                              0 / 0                 0 / 0                 0 / 0                 0 / 0           ops/s
[2023-11-16T13:10:38.990+0800][gc,stats    ]       Phase: Concurrent Mark                               0.000 / 0.000        25.401 / 26.782       25.401 / 26.782       25.401 / 26.782      ms
[2023-11-16T13:10:38.990+0800][gc,stats    ]       Phase: Concurrent Mark Continue                      0.000 / 0.000         0.000 / 0.000         0.000 / 0.000         0.000 / 0.000       ms
[2023-11-16T13:10:38.990+0800][gc,stats    ]       Phase: Concurrent Mark Free                          0.000 / 0.000         0.001 / 0.001         0.001 / 0.001         0.001 / 0.001       ms
[2023-11-16T13:10:38.990+0800][gc,stats    ]       Phase: Concurrent Process Non-Strong References      0.000 / 0.000         2.435 / 2.758         2.435 / 2.758         2.435 / 2.758       ms
[2023-11-16T13:10:38.990+0800][gc,stats    ]       Phase: Concurrent Relocate                           0.000 / 0.000         2.928 / 3.220         2.928 / 3.220         2.928 / 3.220       ms
[2023-11-16T13:10:38.990+0800][gc,stats    ]       Phase: Concurrent Reset Relocation Set               0.000 / 0.000         0.003 / 0.006         0.003 / 0.006         0.003 / 0.006       ms
[2023-11-16T13:10:38.990+0800][gc,stats    ]       Phase: Concurrent Select Relocation Set              0.000 / 0.000         5.767 / 9.539         5.767 / 9.539         5.767 / 9.539       ms
[2023-11-16T13:10:38.990+0800][gc,stats    ]       Phase: Pause Mark End                                0.000 / 0.000         0.023 / 0.026         0.023 / 0.026         0.023 / 0.026       ms
[2023-11-16T13:10:38.990+0800][gc,stats    ]       Phase: Pause Mark Start                              0.000 / 0.000         0.010 / 0.014         0.010 / 0.014         0.010 / 0.014       ms
[2023-11-16T13:10:38.990+0800][gc,stats    ]       Phase: Pause Relocate Start                          0.000 / 0.000         0.014 / 0.017         0.014 / 0.017         0.014 / 0.017       ms
[2023-11-16T13:10:38.990+0800][gc,stats    ]    Subphase: Concurrent Classes Purge                      0.000 / 0.000         0.082 / 0.093         0.082 / 0.093         0.082 / 0.093       ms
[2023-11-16T13:10:38.990+0800][gc,stats    ]    Subphase: Concurrent Classes Unlink                     0.000 / 0.000         1.496 / 1.649         1.496 / 1.649         1.496 / 1.649       ms
[2023-11-16T13:10:38.990+0800][gc,stats    ]    Subphase: Concurrent Mark                               0.000 / 0.000        21.597 / 25.992       21.597 / 25.992       21.597 / 25.992      ms
[2023-11-16T13:10:38.990+0800][gc,stats    ]    Subphase: Concurrent Mark Try Flush                     0.000 / 0.000         0.068 / 0.146         0.068 / 0.146         0.068 / 0.146       ms
[2023-11-16T13:10:38.990+0800][gc,stats    ]    Subphase: Concurrent Mark Try Terminate                 0.000 / 0.000         5.693 / 15.474        5.693 / 15.474        5.693 / 15.474      ms
[2023-11-16T13:10:38.990+0800][gc,stats    ]    Subphase: Concurrent References Enqueue                 0.000 / 0.000         0.005 / 0.005         0.005 / 0.005         0.005 / 0.005       ms
[2023-11-16T13:10:38.990+0800][gc,stats    ]    Subphase: Concurrent References Process                 0.000 / 0.000         0.108 / 0.128         0.108 / 0.128         0.108 / 0.128       ms
[2023-11-16T13:10:38.990+0800][gc,stats    ]    Subphase: Concurrent Roots ClassLoaderDataGraph         0.000 / 0.000         0.162 / 0.511         0.162 / 0.511         0.162 / 0.511       ms
[2023-11-16T13:10:38.990+0800][gc,stats    ]    Subphase: Concurrent Roots CodeCache                    0.000 / 0.000         0.000 / 0.000         0.000 / 0.000         0.000 / 0.000       ms
[2023-11-16T13:10:38.990+0800][gc,stats    ]    Subphase: Concurrent Roots JavaThreads                  0.000 / 0.000         0.945 / 1.682         0.945 / 1.682         0.945 / 1.682       ms
[2023-11-16T13:10:38.990+0800][gc,stats    ]    Subphase: Concurrent Roots OopStorageSet                0.000 / 0.000         0.041 / 0.062         0.041 / 0.062         0.041 / 0.062       ms
[2023-11-16T13:10:38.990+0800][gc,stats    ]    Subphase: Concurrent Weak Roots OopStorageSet           0.000 / 0.000         0.514 / 0.770         0.514 / 0.770         0.514 / 0.770       ms
[2023-11-16T13:10:38.990+0800][gc,stats    ]    Subphase: Pause Mark Try Complete                       0.000 / 0.000         0.000 / 0.000         0.000 / 0.000         0.000 / 0.000       ms
[2023-11-16T13:10:38.990+0800][gc,stats    ]      System: Java Threads                                      0 / 0                36 / 51               36 / 51               36 / 51          threads
[2023-11-16T13:10:38.990+0800][gc,stats    ] =========================================================================================================================================================
[2023-11-16T13:10:48.984+0800][gc,stats    ] === Garbage Collection Statistics =======================================================================================================================
[2023-11-16T13:10:48.984+0800][gc,stats    ]                                                              Last 10s              Last 10m              Last 10h                Total
[2023-11-16T13:10:48.984+0800][gc,stats    ]                                                              Avg / Max             Avg / Max             Avg / Max             Avg / Max
[2023-11-16T13:10:48.984+0800][gc,stats    ]   Collector: Garbage Collection Cycle                      0.000 / 0.000        42.450 / 42.489       42.450 / 42.489       42.450 / 42.489      ms
[2023-11-16T13:10:48.984+0800][gc,stats    ]  Contention: Mark Segment Reset Contention                     0 / 0                 0 / 2                 0 / 2                 0 / 2           ops/s
[2023-11-16T13:10:48.984+0800][gc,stats    ]  Contention: Mark SeqNum Reset Contention                      0 / 0                 0 / 1                 0 / 1                 0 / 1           ops/s
[2023-11-16T13:10:48.984+0800][gc,stats    ]    Critical: Allocation Stall                                  0 / 0                 0 / 0                 0 / 0                 0 / 0           ops/s
[2023-11-16T13:10:48.984+0800][gc,stats    ]    Critical: Allocation Stall                              0.000 / 0.000         0.000 / 0.000         0.000 / 0.000         0.000 / 0.000       ms
[2023-11-16T13:10:48.984+0800][gc,stats    ]    Critical: GC Locker Stall                                   0 / 0                 0 / 0                 0 / 0                 0 / 0           ops/s
[2023-11-16T13:10:48.984+0800][gc,stats    ]    Critical: GC Locker Stall                               0.000 / 0.000         0.000 / 0.000         0.000 / 0.000         0.000 / 0.000       ms
[2023-11-16T13:10:48.984+0800][gc,stats    ]    Critical: Relocation Stall                                  0 / 0                 0 / 0                 0 / 0                 0 / 0           ops/s
[2023-11-16T13:10:48.984+0800][gc,stats    ]    Critical: Relocation Stall                              0.000 / 0.000         0.000 / 0.000         0.000 / 0.000         0.000 / 0.000       ms
[2023-11-16T13:10:48.984+0800][gc,stats    ]      Memory: Allocation Rate                                   0 / 0                 0 / 96                0 / 96                0 / 96          MB/s
[2023-11-16T13:10:48.984+0800][gc,stats    ]      Memory: Defragment                                        0 / 0                 0 / 0                 0 / 0                 0 / 0           ops/s
[2023-11-16T13:10:48.984+0800][gc,stats    ]      Memory: Out Of Memory                                     0 / 0                 0 / 0                 0 / 0                 0 / 0           ops/s
[2023-11-16T13:10:48.984+0800][gc,stats    ]      Memory: Page Cache Flush                                  0 / 0                 0 / 0                 0 / 0                 0 / 0           MB/s
[2023-11-16T13:10:48.984+0800][gc,stats    ]      Memory: Page Cache Hit L1                                 0 / 0                 0 / 38                0 / 38                0 / 38          ops/s
[2023-11-16T13:10:48.984+0800][gc,stats    ]      Memory: Page Cache Hit L2                                 0 / 0                 0 / 0                 0 / 0                 0 / 0           ops/s
[2023-11-16T13:10:48.984+0800][gc,stats    ]      Memory: Page Cache Hit L3                                 0 / 0                 0 / 48                0 / 48                0 / 48          ops/s
[2023-11-16T13:10:48.984+0800][gc,stats    ]      Memory: Page Cache Miss                                   0 / 0                 0 / 1                 0 / 1                 0 / 1           ops/s
[2023-11-16T13:10:48.984+0800][gc,stats    ]      Memory: Uncommit                                          0 / 0                 0 / 0                 0 / 0                 0 / 0           MB/s
[2023-11-16T13:10:48.984+0800][gc,stats    ]      Memory: Undo Object Allocation Failed                     0 / 0                 0 / 0                 0 / 0                 0 / 0           ops/s
[2023-11-16T13:10:48.984+0800][gc,stats    ]      Memory: Undo Object Allocation Succeeded                  0 / 0                 0 / 0                 0 / 0                 0 / 0           ops/s
[2023-11-16T13:10:48.984+0800][gc,stats    ]      Memory: Undo Page Allocation                              0 / 0                 0 / 0                 0 / 0                 0 / 0           ops/s
[2023-11-16T13:10:48.984+0800][gc,stats    ]       Phase: Concurrent Mark                               0.000 / 0.000        25.401 / 26.782       25.401 / 26.782       25.401 / 26.782      ms
[2023-11-16T13:10:48.984+0800][gc,stats    ]       Phase: Concurrent Mark Continue                      0.000 / 0.000         0.000 / 0.000         0.000 / 0.000         0.000 / 0.000       ms
[2023-11-16T13:10:48.984+0800][gc,stats    ]       Phase: Concurrent Mark Free                          0.000 / 0.000         0.001 / 0.001         0.001 / 0.001         0.001 / 0.001       ms
[2023-11-16T13:10:48.984+0800][gc,stats    ]       Phase: Concurrent Process Non-Strong References      0.000 / 0.000         2.435 / 2.758         2.435 / 2.758         2.435 / 2.758       ms
[2023-11-16T13:10:48.984+0800][gc,stats    ]       Phase: Concurrent Relocate                           0.000 / 0.000         2.928 / 3.220         2.928 / 3.220         2.928 / 3.220       ms
[2023-11-16T13:10:48.984+0800][gc,stats    ]       Phase: Concurrent Reset Relocation Set               0.000 / 0.000         0.003 / 0.006         0.003 / 0.006         0.003 / 0.006       ms
[2023-11-16T13:10:48.984+0800][gc,stats    ]       Phase: Concurrent Select Relocation Set              0.000 / 0.000         5.767 / 9.539         5.767 / 9.539         5.767 / 9.539       ms
[2023-11-16T13:10:48.984+0800][gc,stats    ]       Phase: Pause Mark End                                0.000 / 0.000         0.023 / 0.026         0.023 / 0.026         0.023 / 0.026       ms
[2023-11-16T13:10:48.984+0800][gc,stats    ]       Phase: Pause Mark Start                              0.000 / 0.000         0.010 / 0.014         0.010 / 0.014         0.010 / 0.014       ms
[2023-11-16T13:10:48.984+0800][gc,stats    ]       Phase: Pause Relocate Start                          0.000 / 0.000         0.014 / 0.017         0.014 / 0.017         0.014 / 0.017       ms
[2023-11-16T13:10:48.984+0800][gc,stats    ]    Subphase: Concurrent Classes Purge                      0.000 / 0.000         0.082 / 0.093         0.082 / 0.093         0.082 / 0.093       ms
[2023-11-16T13:10:48.984+0800][gc,stats    ]    Subphase: Concurrent Classes Unlink                     0.000 / 0.000         1.496 / 1.649         1.496 / 1.649         1.496 / 1.649       ms
[2023-11-16T13:10:48.984+0800][gc,stats    ]    Subphase: Concurrent Mark                               0.000 / 0.000        21.597 / 25.992       21.597 / 25.992       21.597 / 25.992      ms
[2023-11-16T13:10:48.984+0800][gc,stats    ]    Subphase: Concurrent Mark Try Flush                     0.000 / 0.000         0.068 / 0.146         0.068 / 0.146         0.068 / 0.146       ms
[2023-11-16T13:10:48.984+0800][gc,stats    ]    Subphase: Concurrent Mark Try Terminate                 0.000 / 0.000         5.693 / 15.474        5.693 / 15.474        5.693 / 15.474      ms
[2023-11-16T13:10:48.984+0800][gc,stats    ]    Subphase: Concurrent References Enqueue                 0.000 / 0.000         0.005 / 0.005         0.005 / 0.005         0.005 / 0.005       ms
[2023-11-16T13:10:48.984+0800][gc,stats    ]    Subphase: Concurrent References Process                 0.000 / 0.000         0.108 / 0.128         0.108 / 0.128         0.108 / 0.128       ms
[2023-11-16T13:10:48.984+0800][gc,stats    ]    Subphase: Concurrent Roots ClassLoaderDataGraph         0.000 / 0.000         0.162 / 0.511         0.162 / 0.511         0.162 / 0.511       ms
[2023-11-16T13:10:48.984+0800][gc,stats    ]    Subphase: Concurrent Roots CodeCache                    0.000 / 0.000         0.000 / 0.000         0.000 / 0.000         0.000 / 0.000       ms
[2023-11-16T13:10:48.984+0800][gc,stats    ]    Subphase: Concurrent Roots JavaThreads                  0.000 / 0.000         0.945 / 1.682         0.945 / 1.682         0.945 / 1.682       ms
[2023-11-16T13:10:48.984+0800][gc,stats    ]    Subphase: Concurrent Roots OopStorageSet                0.000 / 0.000         0.041 / 0.062         0.041 / 0.062         0.041 / 0.062       ms
[2023-11-16T13:10:48.984+0800][gc,stats    ]    Subphase: Concurrent Weak Roots OopStorageSet           0.000 / 0.000         0.514 / 0.770         0.514 / 0.770         0.514 / 0.770       ms
[2023-11-16T13:10:48.984+0800][gc,stats    ]    Subphase: Pause Mark Try Complete                       0.000 / 0.000         0.000 / 0.000         0.000 / 0.000         0.000 / 0.000       ms
[2023-11-16T13:10:48.984+0800][gc,stats    ]      System: Java Threads                                      0 / 0                36 / 51               36 / 51               36 / 51          threads
[2023-11-16T13:10:48.984+0800][gc,stats    ] =========================================================================================================================================================
[2023-11-16T13:10:58.990+0800][gc,stats    ] === Garbage Collection Statistics =======================================================================================================================
[2023-11-16T13:10:58.990+0800][gc,stats    ]                                                              Last 10s              Last 10m              Last 10h                Total
[2023-11-16T13:10:58.990+0800][gc,stats    ]                                                              Avg / Max             Avg / Max             Avg / Max             Avg / Max
[2023-11-16T13:10:58.990+0800][gc,stats    ]   Collector: Garbage Collection Cycle                      0.000 / 0.000        42.450 / 42.489       42.450 / 42.489       42.450 / 42.489      ms
[2023-11-16T13:10:58.990+0800][gc,stats    ]  Contention: Mark Segment Reset Contention                     0 / 0                 0 / 2                 0 / 2                 0 / 2           ops/s
[2023-11-16T13:10:58.990+0800][gc,stats    ]  Contention: Mark SeqNum Reset Contention                      0 / 0                 0 / 1                 0 / 1                 0 / 1           ops/s
[2023-11-16T13:10:58.990+0800][gc,stats    ]    Critical: Allocation Stall                                  0 / 0                 0 / 0                 0 / 0                 0 / 0           ops/s
[2023-11-16T13:10:58.990+0800][gc,stats    ]    Critical: Allocation Stall                              0.000 / 0.000         0.000 / 0.000         0.000 / 0.000         0.000 / 0.000       ms
[2023-11-16T13:10:58.990+0800][gc,stats    ]    Critical: GC Locker Stall                                   0 / 0                 0 / 0                 0 / 0                 0 / 0           ops/s
[2023-11-16T13:10:58.990+0800][gc,stats    ]    Critical: GC Locker Stall                               0.000 / 0.000         0.000 / 0.000         0.000 / 0.000         0.000 / 0.000       ms
[2023-11-16T13:10:58.990+0800][gc,stats    ]    Critical: Relocation Stall                                  0 / 0                 0 / 0                 0 / 0                 0 / 0           ops/s
[2023-11-16T13:10:58.990+0800][gc,stats    ]    Critical: Relocation Stall                              0.000 / 0.000         0.000 / 0.000         0.000 / 0.000         0.000 / 0.000       ms
[2023-11-16T13:10:58.990+0800][gc,stats    ]      Memory: Allocation Rate                                   0 / 0                 0 / 96                0 / 96                0 / 96          MB/s
[2023-11-16T13:10:58.990+0800][gc,stats    ]      Memory: Defragment                                        0 / 0                 0 / 0                 0 / 0                 0 / 0           ops/s
[2023-11-16T13:10:58.991+0800][gc,stats    ]      Memory: Out Of Memory                                     0 / 0                 0 / 0                 0 / 0                 0 / 0           ops/s
[2023-11-16T13:10:58.991+0800][gc,stats    ]      Memory: Page Cache Flush                                  0 / 0                 0 / 0                 0 / 0                 0 / 0           MB/s
[2023-11-16T13:10:58.991+0800][gc,stats    ]      Memory: Page Cache Hit L1                                 0 / 0                 0 / 38                0 / 38                0 / 38          ops/s
[2023-11-16T13:10:58.991+0800][gc,stats    ]      Memory: Page Cache Hit L2                                 0 / 0                 0 / 0                 0 / 0                 0 / 0           ops/s
[2023-11-16T13:10:58.991+0800][gc,stats    ]      Memory: Page Cache Hit L3                                 0 / 0                 0 / 48                0 / 48                0 / 48          ops/s
[2023-11-16T13:10:58.991+0800][gc,stats    ]      Memory: Page Cache Miss                                   0 / 0                 0 / 1                 0 / 1                 0 / 1           ops/s
[2023-11-16T13:10:58.991+0800][gc,stats    ]      Memory: Uncommit                                          0 / 0                 0 / 0                 0 / 0                 0 / 0           MB/s
[2023-11-16T13:10:58.991+0800][gc,stats    ]      Memory: Undo Object Allocation Failed                     0 / 0                 0 / 0                 0 / 0                 0 / 0           ops/s
[2023-11-16T13:10:58.991+0800][gc,stats    ]      Memory: Undo Object Allocation Succeeded                  0 / 0                 0 / 0                 0 / 0                 0 / 0           ops/s
[2023-11-16T13:10:58.991+0800][gc,stats    ]      Memory: Undo Page Allocation                              0 / 0                 0 / 0                 0 / 0                 0 / 0           ops/s
[2023-11-16T13:10:58.991+0800][gc,stats    ]       Phase: Concurrent Mark                               0.000 / 0.000        25.401 / 26.782       25.401 / 26.782       25.401 / 26.782      ms
[2023-11-16T13:10:58.991+0800][gc,stats    ]       Phase: Concurrent Mark Continue                      0.000 / 0.000         0.000 / 0.000         0.000 / 0.000         0.000 / 0.000       ms
[2023-11-16T13:10:58.991+0800][gc,stats    ]       Phase: Concurrent Mark Free                          0.000 / 0.000         0.001 / 0.001         0.001 / 0.001         0.001 / 0.001       ms
[2023-11-16T13:10:58.991+0800][gc,stats    ]       Phase: Concurrent Process Non-Strong References      0.000 / 0.000         2.435 / 2.758         2.435 / 2.758         2.435 / 2.758       ms
[2023-11-16T13:10:58.991+0800][gc,stats    ]       Phase: Concurrent Relocate                           0.000 / 0.000         2.928 / 3.220         2.928 / 3.220         2.928 / 3.220       ms
[2023-11-16T13:10:58.991+0800][gc,stats    ]       Phase: Concurrent Reset Relocation Set               0.000 / 0.000         0.003 / 0.006         0.003 / 0.006         0.003 / 0.006       ms
[2023-11-16T13:10:58.991+0800][gc,stats    ]       Phase: Concurrent Select Relocation Set              0.000 / 0.000         5.767 / 9.539         5.767 / 9.539         5.767 / 9.539       ms
[2023-11-16T13:10:58.991+0800][gc,stats    ]       Phase: Pause Mark End                                0.000 / 0.000         0.023 / 0.026         0.023 / 0.026         0.023 / 0.026       ms
[2023-11-16T13:10:58.991+0800][gc,stats    ]       Phase: Pause Mark Start                              0.000 / 0.000         0.010 / 0.014         0.010 / 0.014         0.010 / 0.014       ms
[2023-11-16T13:10:58.991+0800][gc,stats    ]       Phase: Pause Relocate Start                          0.000 / 0.000         0.014 / 0.017         0.014 / 0.017         0.014 / 0.017       ms
[2023-11-16T13:10:58.991+0800][gc,stats    ]    Subphase: Concurrent Classes Purge                      0.000 / 0.000         0.082 / 0.093         0.082 / 0.093         0.082 / 0.093       ms
[2023-11-16T13:10:58.991+0800][gc,stats    ]    Subphase: Concurrent Classes Unlink                     0.000 / 0.000         1.496 / 1.649         1.496 / 1.649         1.496 / 1.649       ms
[2023-11-16T13:10:58.991+0800][gc,stats    ]    Subphase: Concurrent Mark                               0.000 / 0.000        21.597 / 25.992       21.597 / 25.992       21.597 / 25.992      ms
[2023-11-16T13:10:58.991+0800][gc,stats    ]    Subphase: Concurrent Mark Try Flush                     0.000 / 0.000         0.068 / 0.146         0.068 / 0.146         0.068 / 0.146       ms
[2023-11-16T13:10:58.991+0800][gc,stats    ]    Subphase: Concurrent Mark Try Terminate                 0.000 / 0.000         5.693 / 15.474        5.693 / 15.474        5.693 / 15.474      ms
[2023-11-16T13:10:58.991+0800][gc,stats    ]    Subphase: Concurrent References Enqueue                 0.000 / 0.000         0.005 / 0.005         0.005 / 0.005         0.005 / 0.005       ms
[2023-11-16T13:10:58.991+0800][gc,stats    ]    Subphase: Concurrent References Process                 0.000 / 0.000         0.108 / 0.128         0.108 / 0.128         0.108 / 0.128       ms
[2023-11-16T13:10:58.991+0800][gc,stats    ]    Subphase: Concurrent Roots ClassLoaderDataGraph         0.000 / 0.000         0.162 / 0.511         0.162 / 0.511         0.162 / 0.511       ms
[2023-11-16T13:10:58.991+0800][gc,stats    ]    Subphase: Concurrent Roots CodeCache                    0.000 / 0.000         0.000 / 0.000         0.000 / 0.000         0.000 / 0.000       ms
[2023-11-16T13:10:58.991+0800][gc,stats    ]    Subphase: Concurrent Roots JavaThreads                  0.000 / 0.000         0.945 / 1.682         0.945 / 1.682         0.945 / 1.682       ms
[2023-11-16T13:10:58.991+0800][gc,stats    ]    Subphase: Concurrent Roots OopStorageSet                0.000 / 0.000         0.041 / 0.062         0.041 / 0.062         0.041 / 0.062       ms
[2023-11-16T13:10:58.991+0800][gc,stats    ]    Subphase: Concurrent Weak Roots OopStorageSet           0.000 / 0.000         0.514 / 0.770         0.514 / 0.770         0.514 / 0.770       ms
[2023-11-16T13:10:58.991+0800][gc,stats    ]    Subphase: Pause Mark Try Complete                       0.000 / 0.000         0.000 / 0.000         0.000 / 0.000         0.000 / 0.000       ms
[2023-11-16T13:10:58.991+0800][gc,stats    ]      System: Java Threads                                      0 / 0                36 / 51               36 / 51               36 / 51          threads
[2023-11-16T13:10:58.991+0800][gc,stats    ] =========================================================================================================================================================
[2023-11-16T13:11:08.998+0800][gc,stats    ] === Garbage Collection Statistics =======================================================================================================================
[2023-11-16T13:11:08.998+0800][gc,stats    ]                                                              Last 10s              Last 10m              Last 10h                Total
[2023-11-16T13:11:08.998+0800][gc,stats    ]                                                              Avg / Max             Avg / Max             Avg / Max             Avg / Max
[2023-11-16T13:11:08.998+0800][gc,stats    ]   Collector: Garbage Collection Cycle                      0.000 / 0.000        42.450 / 42.489       42.450 / 42.489       42.450 / 42.489      ms
[2023-11-16T13:11:08.998+0800][gc,stats    ]  Contention: Mark Segment Reset Contention                     0 / 0                 0 / 2                 0 / 2                 0 / 2           ops/s
[2023-11-16T13:11:08.998+0800][gc,stats    ]  Contention: Mark SeqNum Reset Contention                      0 / 0                 0 / 1                 0 / 1                 0 / 1           ops/s
[2023-11-16T13:11:08.998+0800][gc,stats    ]    Critical: Allocation Stall                                  0 / 0                 0 / 0                 0 / 0                 0 / 0           ops/s
[2023-11-16T13:11:08.998+0800][gc,stats    ]    Critical: Allocation Stall                              0.000 / 0.000         0.000 / 0.000         0.000 / 0.000         0.000 / 0.000       ms
[2023-11-16T13:11:08.998+0800][gc,stats    ]    Critical: GC Locker Stall                                   0 / 0                 0 / 0                 0 / 0                 0 / 0           ops/s
[2023-11-16T13:11:08.998+0800][gc,stats    ]    Critical: GC Locker Stall                               0.000 / 0.000         0.000 / 0.000         0.000 / 0.000         0.000 / 0.000       ms
[2023-11-16T13:11:08.998+0800][gc,stats    ]    Critical: Relocation Stall                                  0 / 0                 0 / 0                 0 / 0                 0 / 0           ops/s
[2023-11-16T13:11:08.998+0800][gc,stats    ]    Critical: Relocation Stall                              0.000 / 0.000         0.000 / 0.000         0.000 / 0.000         0.000 / 0.000       ms
[2023-11-16T13:11:08.998+0800][gc,stats    ]      Memory: Allocation Rate                                   0 / 0                 0 / 96                0 / 96                0 / 96          MB/s
[2023-11-16T13:11:08.998+0800][gc,stats    ]      Memory: Defragment                                        0 / 0                 0 / 0                 0 / 0                 0 / 0           ops/s
[2023-11-16T13:11:08.998+0800][gc,stats    ]      Memory: Out Of Memory                                     0 / 0                 0 / 0                 0 / 0                 0 / 0           ops/s
[2023-11-16T13:11:08.998+0800][gc,stats    ]      Memory: Page Cache Flush                                  0 / 0                 0 / 0                 0 / 0                 0 / 0           MB/s
[2023-11-16T13:11:08.998+0800][gc,stats    ]      Memory: Page Cache Hit L1                                 0 / 0                 0 / 38                0 / 38                0 / 38          ops/s
[2023-11-16T13:11:08.998+0800][gc,stats    ]      Memory: Page Cache Hit L2                                 0 / 0                 0 / 0                 0 / 0                 0 / 0           ops/s
[2023-11-16T13:11:08.998+0800][gc,stats    ]      Memory: Page Cache Hit L3                                 0 / 0                 0 / 48                0 / 48                0 / 48          ops/s
[2023-11-16T13:11:08.998+0800][gc,stats    ]      Memory: Page Cache Miss                                   0 / 0                 0 / 1                 0 / 1                 0 / 1           ops/s
[2023-11-16T13:11:08.998+0800][gc,stats    ]      Memory: Uncommit                                          0 / 0                 0 / 0                 0 / 0                 0 / 0           MB/s
[2023-11-16T13:11:08.998+0800][gc,stats    ]      Memory: Undo Object Allocation Failed                     0 / 0                 0 / 0                 0 / 0                 0 / 0           ops/s
[2023-11-16T13:11:08.998+0800][gc,stats    ]      Memory: Undo Object Allocation Succeeded                  0 / 0                 0 / 0                 0 / 0                 0 / 0           ops/s
[2023-11-16T13:11:08.998+0800][gc,stats    ]      Memory: Undo Page Allocation                              0 / 0                 0 / 0                 0 / 0                 0 / 0           ops/s
[2023-11-16T13:11:08.998+0800][gc,stats    ]       Phase: Concurrent Mark                               0.000 / 0.000        25.401 / 26.782       25.401 / 26.782       25.401 / 26.782      ms
[2023-11-16T13:11:08.998+0800][gc,stats    ]       Phase: Concurrent Mark Continue                      0.000 / 0.000         0.000 / 0.000         0.000 / 0.000         0.000 / 0.000       ms
[2023-11-16T13:11:08.998+0800][gc,stats    ]       Phase: Concurrent Mark Free                          0.000 / 0.000         0.001 / 0.001         0.001 / 0.001         0.001 / 0.001       ms
[2023-11-16T13:11:08.998+0800][gc,stats    ]       Phase: Concurrent Process Non-Strong References      0.000 / 0.000         2.435 / 2.758         2.435 / 2.758         2.435 / 2.758       ms
[2023-11-16T13:11:08.998+0800][gc,stats    ]       Phase: Concurrent Relocate                           0.000 / 0.000         2.928 / 3.220         2.928 / 3.220         2.928 / 3.220       ms
[2023-11-16T13:11:08.998+0800][gc,stats    ]       Phase: Concurrent Reset Relocation Set               0.000 / 0.000         0.003 / 0.006         0.003 / 0.006         0.003 / 0.006       ms
[2023-11-16T13:11:08.998+0800][gc,stats    ]       Phase: Concurrent Select Relocation Set              0.000 / 0.000         5.767 / 9.539         5.767 / 9.539         5.767 / 9.539       ms
[2023-11-16T13:11:08.998+0800][gc,stats    ]       Phase: Pause Mark End                                0.000 / 0.000         0.023 / 0.026         0.023 / 0.026         0.023 / 0.026       ms
[2023-11-16T13:11:08.998+0800][gc,stats    ]       Phase: Pause Mark Start                              0.000 / 0.000         0.010 / 0.014         0.010 / 0.014         0.010 / 0.014       ms
[2023-11-16T13:11:08.998+0800][gc,stats    ]       Phase: Pause Relocate Start                          0.000 / 0.000         0.014 / 0.017         0.014 / 0.017         0.014 / 0.017       ms
[2023-11-16T13:11:08.998+0800][gc,stats    ]    Subphase: Concurrent Classes Purge                      0.000 / 0.000         0.082 / 0.093         0.082 / 0.093         0.082 / 0.093       ms
[2023-11-16T13:11:08.998+0800][gc,stats    ]    Subphase: Concurrent Classes Unlink                     0.000 / 0.000         1.496 / 1.649         1.496 / 1.649         1.496 / 1.649       ms
[2023-11-16T13:11:08.998+0800][gc,stats    ]    Subphase: Concurrent Mark                               0.000 / 0.000        21.597 / 25.992       21.597 / 25.992       21.597 / 25.992      ms
[2023-11-16T13:11:08.998+0800][gc,stats    ]    Subphase: Concurrent Mark Try Flush                     0.000 / 0.000         0.068 / 0.146         0.068 / 0.146         0.068 / 0.146       ms
[2023-11-16T13:11:08.998+0800][gc,stats    ]    Subphase: Concurrent Mark Try Terminate                 0.000 / 0.000         5.693 / 15.474        5.693 / 15.474        5.693 / 15.474      ms
[2023-11-16T13:11:08.998+0800][gc,stats    ]    Subphase: Concurrent References Enqueue                 0.000 / 0.000         0.005 / 0.005         0.005 / 0.005         0.005 / 0.005       ms
[2023-11-16T13:11:08.998+0800][gc,stats    ]    Subphase: Concurrent References Process                 0.000 / 0.000         0.108 / 0.128         0.108 / 0.128         0.108 / 0.128       ms
[2023-11-16T13:11:08.999+0800][gc,stats    ]    Subphase: Concurrent Roots ClassLoaderDataGraph         0.000 / 0.000         0.162 / 0.511         0.162 / 0.511         0.162 / 0.511       ms
[2023-11-16T13:11:08.999+0800][gc,stats    ]    Subphase: Concurrent Roots CodeCache                    0.000 / 0.000         0.000 / 0.000         0.000 / 0.000         0.000 / 0.000       ms
[2023-11-16T13:11:08.999+0800][gc,stats    ]    Subphase: Concurrent Roots JavaThreads                  0.000 / 0.000         0.945 / 1.682         0.945 / 1.682         0.945 / 1.682       ms
[2023-11-16T13:11:08.999+0800][gc,stats    ]    Subphase: Concurrent Roots OopStorageSet                0.000 / 0.000         0.041 / 0.062         0.041 / 0.062         0.041 / 0.062       ms
[2023-11-16T13:11:08.999+0800][gc,stats    ]    Subphase: Concurrent Weak Roots OopStorageSet           0.000 / 0.000         0.514 / 0.770         0.514 / 0.770         0.514 / 0.770       ms
[2023-11-16T13:11:08.999+0800][gc,stats    ]    Subphase: Pause Mark Try Complete                       0.000 / 0.000         0.000 / 0.000         0.000 / 0.000         0.000 / 0.000       ms
[2023-11-16T13:11:08.999+0800][gc,stats    ]      System: Java Threads                                      0 / 0                36 / 51               36 / 51               36 / 51          threads
[2023-11-16T13:11:08.999+0800][gc,stats    ] =========================================================================================================================================================
[2023-11-16T13:11:18.996+0800][gc,stats    ] === Garbage Collection Statistics =======================================================================================================================
[2023-11-16T13:11:18.996+0800][gc,stats    ]                                                              Last 10s              Last 10m              Last 10h                Total
[2023-11-16T13:11:18.996+0800][gc,stats    ]                                                              Avg / Max             Avg / Max             Avg / Max             Avg / Max
[2023-11-16T13:11:18.996+0800][gc,stats    ]   Collector: Garbage Collection Cycle                      0.000 / 0.000        42.450 / 42.489       42.450 / 42.489       42.450 / 42.489      ms
[2023-11-16T13:11:18.996+0800][gc,stats    ]  Contention: Mark Segment Reset Contention                     0 / 0                 0 / 2                 0 / 2                 0 / 2           ops/s
[2023-11-16T13:11:18.996+0800][gc,stats    ]  Contention: Mark SeqNum Reset Contention                      0 / 0                 0 / 1                 0 / 1                 0 / 1           ops/s
[2023-11-16T13:11:18.996+0800][gc,stats    ]    Critical: Allocation Stall                                  0 / 0                 0 / 0                 0 / 0                 0 / 0           ops/s
[2023-11-16T13:11:18.996+0800][gc,stats    ]    Critical: Allocation Stall                              0.000 / 0.000         0.000 / 0.000         0.000 / 0.000         0.000 / 0.000       ms
[2023-11-16T13:11:18.996+0800][gc,stats    ]    Critical: GC Locker Stall                                   0 / 0                 0 / 0                 0 / 0                 0 / 0           ops/s
[2023-11-16T13:11:18.996+0800][gc,stats    ]    Critical: GC Locker Stall                               0.000 / 0.000         0.000 / 0.000         0.000 / 0.000         0.000 / 0.000       ms
[2023-11-16T13:11:18.996+0800][gc,stats    ]    Critical: Relocation Stall                                  0 / 0                 0 / 0                 0 / 0                 0 / 0           ops/s
[2023-11-16T13:11:18.996+0800][gc,stats    ]    Critical: Relocation Stall                              0.000 / 0.000         0.000 / 0.000         0.000 / 0.000         0.000 / 0.000       ms
[2023-11-16T13:11:18.996+0800][gc,stats    ]      Memory: Allocation Rate                                   0 / 0                 0 / 96                0 / 96                0 / 96          MB/s
[2023-11-16T13:11:18.996+0800][gc,stats    ]      Memory: Defragment                                        0 / 0                 0 / 0                 0 / 0                 0 / 0           ops/s
[2023-11-16T13:11:18.996+0800][gc,stats    ]      Memory: Out Of Memory                                     0 / 0                 0 / 0                 0 / 0                 0 / 0           ops/s
[2023-11-16T13:11:18.996+0800][gc,stats    ]      Memory: Page Cache Flush                                  0 / 0                 0 / 0                 0 / 0                 0 / 0           MB/s
[2023-11-16T13:11:18.996+0800][gc,stats    ]      Memory: Page Cache Hit L1                                 0 / 0                 0 / 38                0 / 38                0 / 38          ops/s
[2023-11-16T13:11:18.996+0800][gc,stats    ]      Memory: Page Cache Hit L2                                 0 / 0                 0 / 0                 0 / 0                 0 / 0           ops/s
[2023-11-16T13:11:18.996+0800][gc,stats    ]      Memory: Page Cache Hit L3                                 0 / 0                 0 / 48                0 / 48                0 / 48          ops/s
[2023-11-16T13:11:18.996+0800][gc,stats    ]      Memory: Page Cache Miss                                   0 / 0                 0 / 1                 0 / 1                 0 / 1           ops/s
[2023-11-16T13:11:18.996+0800][gc,stats    ]      Memory: Uncommit                                          0 / 0                 0 / 0                 0 / 0                 0 / 0           MB/s
[2023-11-16T13:11:18.996+0800][gc,stats    ]      Memory: Undo Object Allocation Failed                     0 / 0                 0 / 0                 0 / 0                 0 / 0           ops/s
[2023-11-16T13:11:18.996+0800][gc,stats    ]      Memory: Undo Object Allocation Succeeded                  0 / 0                 0 / 0                 0 / 0                 0 / 0           ops/s
[2023-11-16T13:11:18.996+0800][gc,stats    ]      Memory: Undo Page Allocation                              0 / 0                 0 / 0                 0 / 0                 0 / 0           ops/s
[2023-11-16T13:11:18.996+0800][gc,stats    ]       Phase: Concurrent Mark                               0.000 / 0.000        25.401 / 26.782       25.401 / 26.782       25.401 / 26.782      ms
[2023-11-16T13:11:18.996+0800][gc,stats    ]       Phase: Concurrent Mark Continue                      0.000 / 0.000         0.000 / 0.000         0.000 / 0.000         0.000 / 0.000       ms
[2023-11-16T13:11:18.996+0800][gc,stats    ]       Phase: Concurrent Mark Free                          0.000 / 0.000         0.001 / 0.001         0.001 / 0.001         0.001 / 0.001       ms
[2023-11-16T13:11:18.996+0800][gc,stats    ]       Phase: Concurrent Process Non-Strong References      0.000 / 0.000         2.435 / 2.758         2.435 / 2.758         2.435 / 2.758       ms
[2023-11-16T13:11:18.996+0800][gc,stats    ]       Phase: Concurrent Relocate                           0.000 / 0.000         2.928 / 3.220         2.928 / 3.220         2.928 / 3.220       ms
[2023-11-16T13:11:18.996+0800][gc,stats    ]       Phase: Concurrent Reset Relocation Set               0.000 / 0.000         0.003 / 0.006         0.003 / 0.006         0.003 / 0.006       ms
[2023-11-16T13:11:18.996+0800][gc,stats    ]       Phase: Concurrent Select Relocation Set              0.000 / 0.000         5.767 / 9.539         5.767 / 9.539         5.767 / 9.539       ms
[2023-11-16T13:11:18.996+0800][gc,stats    ]       Phase: Pause Mark End                                0.000 / 0.000         0.023 / 0.026         0.023 / 0.026         0.023 / 0.026       ms
[2023-11-16T13:11:18.996+0800][gc,stats    ]       Phase: Pause Mark Start                              0.000 / 0.000         0.010 / 0.014         0.010 / 0.014         0.010 / 0.014       ms
[2023-11-16T13:11:18.996+0800][gc,stats    ]       Phase: Pause Relocate Start                          0.000 / 0.000         0.014 / 0.017         0.014 / 0.017         0.014 / 0.017       ms
[2023-11-16T13:11:18.996+0800][gc,stats    ]    Subphase: Concurrent Classes Purge                      0.000 / 0.000         0.082 / 0.093         0.082 / 0.093         0.082 / 0.093       ms
[2023-11-16T13:11:18.996+0800][gc,stats    ]    Subphase: Concurrent Classes Unlink                     0.000 / 0.000         1.496 / 1.649         1.496 / 1.649         1.496 / 1.649       ms
[2023-11-16T13:11:18.996+0800][gc,stats    ]    Subphase: Concurrent Mark                               0.000 / 0.000        21.597 / 25.992       21.597 / 25.992       21.597 / 25.992      ms
[2023-11-16T13:11:18.996+0800][gc,stats    ]    Subphase: Concurrent Mark Try Flush                     0.000 / 0.000         0.068 / 0.146         0.068 / 0.146         0.068 / 0.146       ms
[2023-11-16T13:11:18.996+0800][gc,stats    ]    Subphase: Concurrent Mark Try Terminate                 0.000 / 0.000         5.693 / 15.474        5.693 / 15.474        5.693 / 15.474      ms
[2023-11-16T13:11:18.996+0800][gc,stats    ]    Subphase: Concurrent References Enqueue                 0.000 / 0.000         0.005 / 0.005         0.005 / 0.005         0.005 / 0.005       ms
[2023-11-16T13:11:18.996+0800][gc,stats    ]    Subphase: Concurrent References Process                 0.000 / 0.000         0.108 / 0.128         0.108 / 0.128         0.108 / 0.128       ms
[2023-11-16T13:11:18.996+0800][gc,stats    ]    Subphase: Concurrent Roots ClassLoaderDataGraph         0.000 / 0.000         0.162 / 0.511         0.162 / 0.511         0.162 / 0.511       ms
[2023-11-16T13:11:18.996+0800][gc,stats    ]    Subphase: Concurrent Roots CodeCache                    0.000 / 0.000         0.000 / 0.000         0.000 / 0.000         0.000 / 0.000       ms
[2023-11-16T13:11:18.996+0800][gc,stats    ]    Subphase: Concurrent Roots JavaThreads                  0.000 / 0.000         0.945 / 1.682         0.945 / 1.682         0.945 / 1.682       ms
[2023-11-16T13:11:18.996+0800][gc,stats    ]    Subphase: Concurrent Roots OopStorageSet                0.000 / 0.000         0.041 / 0.062         0.041 / 0.062         0.041 / 0.062       ms
[2023-11-16T13:11:18.996+0800][gc,stats    ]    Subphase: Concurrent Weak Roots OopStorageSet           0.000 / 0.000         0.514 / 0.770         0.514 / 0.770         0.514 / 0.770       ms
[2023-11-16T13:11:18.996+0800][gc,stats    ]    Subphase: Pause Mark Try Complete                       0.000 / 0.000         0.000 / 0.000         0.000 / 0.000         0.000 / 0.000       ms
[2023-11-16T13:11:18.996+0800][gc,stats    ]      System: Java Threads                                      0 / 0                36 / 51               36 / 51               36 / 51          threads
[2023-11-16T13:11:18.996+0800][gc,stats    ] =========================================================================================================================================================
[2023-11-16T13:11:28.984+0800][gc,stats    ] === Garbage Collection Statistics =======================================================================================================================
[2023-11-16T13:11:28.984+0800][gc,stats    ]                                                              Last 10s              Last 10m              Last 10h                Total
[2023-11-16T13:11:28.984+0800][gc,stats    ]                                                              Avg / Max             Avg / Max             Avg / Max             Avg / Max
[2023-11-16T13:11:28.984+0800][gc,stats    ]   Collector: Garbage Collection Cycle                      0.000 / 0.000        42.450 / 42.489       42.450 / 42.489       42.450 / 42.489      ms
[2023-11-16T13:11:28.984+0800][gc,stats    ]  Contention: Mark Segment Reset Contention                     0 / 0                 0 / 2                 0 / 2                 0 / 2           ops/s
[2023-11-16T13:11:28.984+0800][gc,stats    ]  Contention: Mark SeqNum Reset Contention                      0 / 0                 0 / 1                 0 / 1                 0 / 1           ops/s
[2023-11-16T13:11:28.984+0800][gc,stats    ]    Critical: Allocation Stall                                  0 / 0                 0 / 0                 0 / 0                 0 / 0           ops/s
[2023-11-16T13:11:28.984+0800][gc,stats    ]    Critical: Allocation Stall                              0.000 / 0.000         0.000 / 0.000         0.000 / 0.000         0.000 / 0.000       ms
[2023-11-16T13:11:28.984+0800][gc,stats    ]    Critical: GC Locker Stall                                   0 / 0                 0 / 0                 0 / 0                 0 / 0           ops/s
[2023-11-16T13:11:28.984+0800][gc,stats    ]    Critical: GC Locker Stall                               0.000 / 0.000         0.000 / 0.000         0.000 / 0.000         0.000 / 0.000       ms
[2023-11-16T13:11:28.984+0800][gc,stats    ]    Critical: Relocation Stall                                  0 / 0                 0 / 0                 0 / 0                 0 / 0           ops/s
[2023-11-16T13:11:28.984+0800][gc,stats    ]    Critical: Relocation Stall                              0.000 / 0.000         0.000 / 0.000         0.000 / 0.000         0.000 / 0.000       ms
[2023-11-16T13:11:28.984+0800][gc,stats    ]      Memory: Allocation Rate                                   1 / 10                0 / 96                0 / 96                0 / 96          MB/s
[2023-11-16T13:11:28.984+0800][gc,stats    ]      Memory: Defragment                                        0 / 0                 0 / 0                 0 / 0                 0 / 0           ops/s
[2023-11-16T13:11:28.984+0800][gc,stats    ]      Memory: Out Of Memory                                     0 / 0                 0 / 0                 0 / 0                 0 / 0           ops/s
[2023-11-16T13:11:28.984+0800][gc,stats    ]      Memory: Page Cache Flush                                  0 / 0                 0 / 0                 0 / 0                 0 / 0           MB/s
[2023-11-16T13:11:28.984+0800][gc,stats    ]      Memory: Page Cache Hit L1                                 0 / 5                 0 / 38                0 / 38                0 / 38          ops/s
[2023-11-16T13:11:28.984+0800][gc,stats    ]      Memory: Page Cache Hit L2                                 0 / 0                 0 / 0                 0 / 0                 0 / 0           ops/s
[2023-11-16T13:11:28.984+0800][gc,stats    ]      Memory: Page Cache Hit L3                                 0 / 0                 0 / 48                0 / 48                0 / 48          ops/s
[2023-11-16T13:11:28.984+0800][gc,stats    ]      Memory: Page Cache Miss                                   0 / 0                 0 / 1                 0 / 1                 0 / 1           ops/s
[2023-11-16T13:11:28.984+0800][gc,stats    ]      Memory: Uncommit                                          0 / 0                 0 / 0                 0 / 0                 0 / 0           MB/s
[2023-11-16T13:11:28.984+0800][gc,stats    ]      Memory: Undo Object Allocation Failed                     0 / 0                 0 / 0                 0 / 0                 0 / 0           ops/s
[2023-11-16T13:11:28.984+0800][gc,stats    ]      Memory: Undo Object Allocation Succeeded                  0 / 0                 0 / 0                 0 / 0                 0 / 0           ops/s
[2023-11-16T13:11:28.984+0800][gc,stats    ]      Memory: Undo Page Allocation                              0 / 0                 0 / 0                 0 / 0                 0 / 0           ops/s
[2023-11-16T13:11:28.984+0800][gc,stats    ]       Phase: Concurrent Mark                               0.000 / 0.000        25.401 / 26.782       25.401 / 26.782       25.401 / 26.782      ms
[2023-11-16T13:11:28.984+0800][gc,stats    ]       Phase: Concurrent Mark Continue                      0.000 / 0.000         0.000 / 0.000         0.000 / 0.000         0.000 / 0.000       ms
[2023-11-16T13:11:28.984+0800][gc,stats    ]       Phase: Concurrent Mark Free                          0.000 / 0.000         0.001 / 0.001         0.001 / 0.001         0.001 / 0.001       ms
[2023-11-16T13:11:28.984+0800][gc,stats    ]       Phase: Concurrent Process Non-Strong References      0.000 / 0.000         2.435 / 2.758         2.435 / 2.758         2.435 / 2.758       ms
[2023-11-16T13:11:28.984+0800][gc,stats    ]       Phase: Concurrent Relocate                           0.000 / 0.000         2.928 / 3.220         2.928 / 3.220         2.928 / 3.220       ms
[2023-11-16T13:11:28.984+0800][gc,stats    ]       Phase: Concurrent Reset Relocation Set               0.000 / 0.000         0.003 / 0.006         0.003 / 0.006         0.003 / 0.006       ms
[2023-11-16T13:11:28.984+0800][gc,stats    ]       Phase: Concurrent Select Relocation Set              0.000 / 0.000         5.767 / 9.539         5.767 / 9.539         5.767 / 9.539       ms
[2023-11-16T13:11:28.984+0800][gc,stats    ]       Phase: Pause Mark End                                0.000 / 0.000         0.023 / 0.026         0.023 / 0.026         0.023 / 0.026       ms
[2023-11-16T13:11:28.984+0800][gc,stats    ]       Phase: Pause Mark Start                              0.000 / 0.000         0.010 / 0.014         0.010 / 0.014         0.010 / 0.014       ms
[2023-11-16T13:11:28.984+0800][gc,stats    ]       Phase: Pause Relocate Start                          0.000 / 0.000         0.014 / 0.017         0.014 / 0.017         0.014 / 0.017       ms
[2023-11-16T13:11:28.984+0800][gc,stats    ]    Subphase: Concurrent Classes Purge                      0.000 / 0.000         0.082 / 0.093         0.082 / 0.093         0.082 / 0.093       ms
[2023-11-16T13:11:28.984+0800][gc,stats    ]    Subphase: Concurrent Classes Unlink                     0.000 / 0.000         1.496 / 1.649         1.496 / 1.649         1.496 / 1.649       ms
[2023-11-16T13:11:28.984+0800][gc,stats    ]    Subphase: Concurrent Mark                               0.000 / 0.000        21.597 / 25.992       21.597 / 25.992       21.597 / 25.992      ms
[2023-11-16T13:11:28.984+0800][gc,stats    ]    Subphase: Concurrent Mark Try Flush                     0.000 / 0.000         0.068 / 0.146         0.068 / 0.146         0.068 / 0.146       ms
[2023-11-16T13:11:28.984+0800][gc,stats    ]    Subphase: Concurrent Mark Try Terminate                 0.000 / 0.000         5.693 / 15.474        5.693 / 15.474        5.693 / 15.474      ms
[2023-11-16T13:11:28.984+0800][gc,stats    ]    Subphase: Concurrent References Enqueue                 0.000 / 0.000         0.005 / 0.005         0.005 / 0.005         0.005 / 0.005       ms
[2023-11-16T13:11:28.984+0800][gc,stats    ]    Subphase: Concurrent References Process                 0.000 / 0.000         0.108 / 0.128         0.108 / 0.128         0.108 / 0.128       ms
[2023-11-16T13:11:28.984+0800][gc,stats    ]    Subphase: Concurrent Roots ClassLoaderDataGraph         0.000 / 0.000         0.162 / 0.511         0.162 / 0.511         0.162 / 0.511       ms
[2023-11-16T13:11:28.984+0800][gc,stats    ]    Subphase: Concurrent Roots CodeCache                    0.000 / 0.000         0.000 / 0.000         0.000 / 0.000         0.000 / 0.000       ms
[2023-11-16T13:11:28.984+0800][gc,stats    ]    Subphase: Concurrent Roots JavaThreads                  0.000 / 0.000         0.945 / 1.682         0.945 / 1.682         0.945 / 1.682       ms
[2023-11-16T13:11:28.984+0800][gc,stats    ]    Subphase: Concurrent Roots OopStorageSet                0.000 / 0.000         0.041 / 0.062         0.041 / 0.062         0.041 / 0.062       ms
[2023-11-16T13:11:28.984+0800][gc,stats    ]    Subphase: Concurrent Weak Roots OopStorageSet           0.000 / 0.000         0.514 / 0.770         0.514 / 0.770         0.514 / 0.770       ms
[2023-11-16T13:11:28.984+0800][gc,stats    ]    Subphase: Pause Mark Try Complete                       0.000 / 0.000         0.000 / 0.000         0.000 / 0.000         0.000 / 0.000       ms
[2023-11-16T13:11:28.984+0800][gc,stats    ]      System: Java Threads                                      0 / 0                36 / 51               36 / 51               36 / 51          threads
[2023-11-16T13:11:28.984+0800][gc,stats    ] =========================================================================================================================================================
[2023-11-16T13:11:38.995+0800][gc,stats    ] === Garbage Collection Statistics =======================================================================================================================
[2023-11-16T13:11:38.995+0800][gc,stats    ]                                                              Last 10s              Last 10m              Last 10h                Total
[2023-11-16T13:11:38.995+0800][gc,stats    ]                                                              Avg / Max             Avg / Max             Avg / Max             Avg / Max
[2023-11-16T13:11:38.995+0800][gc,stats    ]   Collector: Garbage Collection Cycle                      0.000 / 0.000        42.450 / 42.489       42.450 / 42.489       42.450 / 42.489      ms
[2023-11-16T13:11:38.995+0800][gc,stats    ]  Contention: Mark Segment Reset Contention                     0 / 0                 0 / 2                 0 / 2                 0 / 2           ops/s
[2023-11-16T13:11:38.995+0800][gc,stats    ]  Contention: Mark SeqNum Reset Contention                      0 / 0                 0 / 1                 0 / 1                 0 / 1           ops/s
[2023-11-16T13:11:38.995+0800][gc,stats    ]    Critical: Allocation Stall                                  0 / 0                 0 / 0                 0 / 0                 0 / 0           ops/s
[2023-11-16T13:11:38.995+0800][gc,stats    ]    Critical: Allocation Stall                              0.000 / 0.000         0.000 / 0.000         0.000 / 0.000         0.000 / 0.000       ms
[2023-11-16T13:11:38.995+0800][gc,stats    ]    Critical: GC Locker Stall                                   0 / 0                 0 / 0                 0 / 0                 0 / 0           ops/s
[2023-11-16T13:11:38.995+0800][gc,stats    ]    Critical: GC Locker Stall                               0.000 / 0.000         0.000 / 0.000         0.000 / 0.000         0.000 / 0.000       ms
[2023-11-16T13:11:38.995+0800][gc,stats    ]    Critical: Relocation Stall                                  0 / 0                 0 / 0                 0 / 0                 0 / 0           ops/s
[2023-11-16T13:11:38.995+0800][gc,stats    ]    Critical: Relocation Stall                              0.000 / 0.000         0.000 / 0.000         0.000 / 0.000         0.000 / 0.000       ms
[2023-11-16T13:11:38.995+0800][gc,stats    ]      Memory: Allocation Rate                                   0 / 2                 0 / 96                0 / 96                0 / 96          MB/s
[2023-11-16T13:11:38.995+0800][gc,stats    ]      Memory: Defragment                                        0 / 0                 0 / 0                 0 / 0                 0 / 0           ops/s
[2023-11-16T13:11:38.995+0800][gc,stats    ]      Memory: Out Of Memory                                     0 / 0                 0 / 0                 0 / 0                 0 / 0           ops/s
[2023-11-16T13:11:38.995+0800][gc,stats    ]      Memory: Page Cache Flush                                  0 / 0                 0 / 0                 0 / 0                 0 / 0           MB/s
[2023-11-16T13:11:38.995+0800][gc,stats    ]      Memory: Page Cache Hit L1                                 0 / 1                 0 / 38                0 / 38                0 / 38          ops/s
[2023-11-16T13:11:38.995+0800][gc,stats    ]      Memory: Page Cache Hit L2                                 0 / 0                 0 / 0                 0 / 0                 0 / 0           ops/s
[2023-11-16T13:11:38.995+0800][gc,stats    ]      Memory: Page Cache Hit L3                                 0 / 0                 0 / 48                0 / 48                0 / 48          ops/s
[2023-11-16T13:11:38.995+0800][gc,stats    ]      Memory: Page Cache Miss                                   0 / 0                 0 / 1                 0 / 1                 0 / 1           ops/s
[2023-11-16T13:11:38.995+0800][gc,stats    ]      Memory: Uncommit                                          0 / 0                 0 / 0                 0 / 0                 0 / 0           MB/s
[2023-11-16T13:11:38.995+0800][gc,stats    ]      Memory: Undo Object Allocation Failed                     0 / 0                 0 / 0                 0 / 0                 0 / 0           ops/s
[2023-11-16T13:11:38.995+0800][gc,stats    ]      Memory: Undo Object Allocation Succeeded                  0 / 0                 0 / 0                 0 / 0                 0 / 0           ops/s
[2023-11-16T13:11:38.995+0800][gc,stats    ]      Memory: Undo Page Allocation                              0 / 0                 0 / 0                 0 / 0                 0 / 0           ops/s
[2023-11-16T13:11:38.995+0800][gc,stats    ]       Phase: Concurrent Mark                               0.000 / 0.000        25.401 / 26.782       25.401 / 26.782       25.401 / 26.782      ms
[2023-11-16T13:11:38.995+0800][gc,stats    ]       Phase: Concurrent Mark Continue                      0.000 / 0.000         0.000 / 0.000         0.000 / 0.000         0.000 / 0.000       ms
[2023-11-16T13:11:38.995+0800][gc,stats    ]       Phase: Concurrent Mark Free                          0.000 / 0.000         0.001 / 0.001         0.001 / 0.001         0.001 / 0.001       ms
[2023-11-16T13:11:38.995+0800][gc,stats    ]       Phase: Concurrent Process Non-Strong References      0.000 / 0.000         2.435 / 2.758         2.435 / 2.758         2.435 / 2.758       ms
[2023-11-16T13:11:38.995+0800][gc,stats    ]       Phase: Concurrent Relocate                           0.000 / 0.000         2.928 / 3.220         2.928 / 3.220         2.928 / 3.220       ms
[2023-11-16T13:11:38.995+0800][gc,stats    ]       Phase: Concurrent Reset Relocation Set               0.000 / 0.000         0.003 / 0.006         0.003 / 0.006         0.003 / 0.006       ms
[2023-11-16T13:11:38.995+0800][gc,stats    ]       Phase: Concurrent Select Relocation Set              0.000 / 0.000         5.767 / 9.539         5.767 / 9.539         5.767 / 9.539       ms
[2023-11-16T13:11:38.995+0800][gc,stats    ]       Phase: Pause Mark End                                0.000 / 0.000         0.023 / 0.026         0.023 / 0.026         0.023 / 0.026       ms
[2023-11-16T13:11:38.995+0800][gc,stats    ]       Phase: Pause Mark Start                              0.000 / 0.000         0.010 / 0.014         0.010 / 0.014         0.010 / 0.014       ms
[2023-11-16T13:11:38.995+0800][gc,stats    ]       Phase: Pause Relocate Start                          0.000 / 0.000         0.014 / 0.017         0.014 / 0.017         0.014 / 0.017       ms
[2023-11-16T13:11:38.995+0800][gc,stats    ]    Subphase: Concurrent Classes Purge                      0.000 / 0.000         0.082 / 0.093         0.082 / 0.093         0.082 / 0.093       ms
[2023-11-16T13:11:38.995+0800][gc,stats    ]    Subphase: Concurrent Classes Unlink                     0.000 / 0.000         1.496 / 1.649         1.496 / 1.649         1.496 / 1.649       ms
[2023-11-16T13:11:38.995+0800][gc,stats    ]    Subphase: Concurrent Mark                               0.000 / 0.000        21.597 / 25.992       21.597 / 25.992       21.597 / 25.992      ms
[2023-11-16T13:11:38.995+0800][gc,stats    ]    Subphase: Concurrent Mark Try Flush                     0.000 / 0.000         0.068 / 0.146         0.068 / 0.146         0.068 / 0.146       ms
[2023-11-16T13:11:38.995+0800][gc,stats    ]    Subphase: Concurrent Mark Try Terminate                 0.000 / 0.000         5.693 / 15.474        5.693 / 15.474        5.693 / 15.474      ms
[2023-11-16T13:11:38.995+0800][gc,stats    ]    Subphase: Concurrent References Enqueue                 0.000 / 0.000         0.005 / 0.005         0.005 / 0.005         0.005 / 0.005       ms
[2023-11-16T13:11:38.995+0800][gc,stats    ]    Subphase: Concurrent References Process                 0.000 / 0.000         0.108 / 0.128         0.108 / 0.128         0.108 / 0.128       ms
[2023-11-16T13:11:38.995+0800][gc,stats    ]    Subphase: Concurrent Roots ClassLoaderDataGraph         0.000 / 0.000         0.162 / 0.511         0.162 / 0.511         0.162 / 0.511       ms
[2023-11-16T13:11:38.995+0800][gc,stats    ]    Subphase: Concurrent Roots CodeCache                    0.000 / 0.000         0.000 / 0.000         0.000 / 0.000         0.000 / 0.000       ms
[2023-11-16T13:11:38.995+0800][gc,stats    ]    Subphase: Concurrent Roots JavaThreads                  0.000 / 0.000         0.945 / 1.682         0.945 / 1.682         0.945 / 1.682       ms
[2023-11-16T13:11:38.995+0800][gc,stats    ]    Subphase: Concurrent Roots OopStorageSet                0.000 / 0.000         0.041 / 0.062         0.041 / 0.062         0.041 / 0.062       ms
[2023-11-16T13:11:38.995+0800][gc,stats    ]    Subphase: Concurrent Weak Roots OopStorageSet           0.000 / 0.000         0.514 / 0.770         0.514 / 0.770         0.514 / 0.770       ms
[2023-11-16T13:11:38.995+0800][gc,stats    ]    Subphase: Pause Mark Try Complete                       0.000 / 0.000         0.000 / 0.000         0.000 / 0.000         0.000 / 0.000       ms
[2023-11-16T13:11:38.995+0800][gc,stats    ]      System: Java Threads                                      0 / 0                36 / 51               36 / 51               36 / 51          threads
[2023-11-16T13:11:38.995+0800][gc,stats    ] =========================================================================================================================================================
[2023-11-16T13:11:48.984+0800][gc,stats    ] === Garbage Collection Statistics =======================================================================================================================
[2023-11-16T13:11:48.984+0800][gc,stats    ]                                                              Last 10s              Last 10m              Last 10h                Total
[2023-11-16T13:11:48.984+0800][gc,stats    ]                                                              Avg / Max             Avg / Max             Avg / Max             Avg / Max
[2023-11-16T13:11:48.984+0800][gc,stats    ]   Collector: Garbage Collection Cycle                      0.000 / 0.000        42.450 / 42.489       42.450 / 42.489       42.450 / 42.489      ms
[2023-11-16T13:11:48.984+0800][gc,stats    ]  Contention: Mark Segment Reset Contention                     0 / 0                 0 / 2                 0 / 2                 0 / 2           ops/s
[2023-11-16T13:11:48.984+0800][gc,stats    ]  Contention: Mark SeqNum Reset Contention                      0 / 0                 0 / 1                 0 / 1                 0 / 1           ops/s
[2023-11-16T13:11:48.984+0800][gc,stats    ]    Critical: Allocation Stall                                  0 / 0                 0 / 0                 0 / 0                 0 / 0           ops/s
[2023-11-16T13:11:48.984+0800][gc,stats    ]    Critical: Allocation Stall                              0.000 / 0.000         0.000 / 0.000         0.000 / 0.000         0.000 / 0.000       ms
[2023-11-16T13:11:48.984+0800][gc,stats    ]    Critical: GC Locker Stall                                   0 / 0                 0 / 0                 0 / 0                 0 / 0           ops/s
[2023-11-16T13:11:48.984+0800][gc,stats    ]    Critical: GC Locker Stall                               0.000 / 0.000         0.000 / 0.000         0.000 / 0.000         0.000 / 0.000       ms
[2023-11-16T13:11:48.984+0800][gc,stats    ]    Critical: Relocation Stall                                  0 / 0                 0 / 0                 0 / 0                 0 / 0           ops/s
[2023-11-16T13:11:48.984+0800][gc,stats    ]    Critical: Relocation Stall                              0.000 / 0.000         0.000 / 0.000         0.000 / 0.000         0.000 / 0.000       ms
[2023-11-16T13:11:48.984+0800][gc,stats    ]      Memory: Allocation Rate                                   0 / 2                 0 / 96                0 / 96                0 / 96          MB/s
[2023-11-16T13:11:48.984+0800][gc,stats    ]      Memory: Defragment                                        0 / 0                 0 / 0                 0 / 0                 0 / 0           ops/s
[2023-11-16T13:11:48.984+0800][gc,stats    ]      Memory: Out Of Memory                                     0 / 0                 0 / 0                 0 / 0                 0 / 0           ops/s
[2023-11-16T13:11:48.984+0800][gc,stats    ]      Memory: Page Cache Flush                                  0 / 0                 0 / 0                 0 / 0                 0 / 0           MB/s
[2023-11-16T13:11:48.984+0800][gc,stats    ]      Memory: Page Cache Hit L1                                 0 / 1                 0 / 38                0 / 38                0 / 38          ops/s
[2023-11-16T13:11:48.984+0800][gc,stats    ]      Memory: Page Cache Hit L2                                 0 / 0                 0 / 0                 0 / 0                 0 / 0           ops/s
[2023-11-16T13:11:48.984+0800][gc,stats    ]      Memory: Page Cache Hit L3                                 0 / 0                 0 / 48                0 / 48                0 / 48          ops/s
[2023-11-16T13:11:48.984+0800][gc,stats    ]      Memory: Page Cache Miss                                   0 / 0                 0 / 1                 0 / 1                 0 / 1           ops/s
[2023-11-16T13:11:48.984+0800][gc,stats    ]      Memory: Uncommit                                          0 / 0                 0 / 0                 0 / 0                 0 / 0           MB/s
[2023-11-16T13:11:48.984+0800][gc,stats    ]      Memory: Undo Object Allocation Failed                     0 / 0                 0 / 0                 0 / 0                 0 / 0           ops/s
[2023-11-16T13:11:48.984+0800][gc,stats    ]      Memory: Undo Object Allocation Succeeded                  0 / 0                 0 / 0                 0 / 0                 0 / 0           ops/s
[2023-11-16T13:11:48.984+0800][gc,stats    ]      Memory: Undo Page Allocation                              0 / 0                 0 / 0                 0 / 0                 0 / 0           ops/s
[2023-11-16T13:11:48.984+0800][gc,stats    ]       Phase: Concurrent Mark                               0.000 / 0.000        25.401 / 26.782       25.401 / 26.782       25.401 / 26.782      ms
[2023-11-16T13:11:48.984+0800][gc,stats    ]       Phase: Concurrent Mark Continue                      0.000 / 0.000         0.000 / 0.000         0.000 / 0.000         0.000 / 0.000       ms
[2023-11-16T13:11:48.984+0800][gc,stats    ]       Phase: Concurrent Mark Free                          0.000 / 0.000         0.001 / 0.001         0.001 / 0.001         0.001 / 0.001       ms
[2023-11-16T13:11:48.984+0800][gc,stats    ]       Phase: Concurrent Process Non-Strong References      0.000 / 0.000         2.435 / 2.758         2.435 / 2.758         2.435 / 2.758       ms
[2023-11-16T13:11:48.984+0800][gc,stats    ]       Phase: Concurrent Relocate                           0.000 / 0.000         2.928 / 3.220         2.928 / 3.220         2.928 / 3.220       ms
[2023-11-16T13:11:48.984+0800][gc,stats    ]       Phase: Concurrent Reset Relocation Set               0.000 / 0.000         0.003 / 0.006         0.003 / 0.006         0.003 / 0.006       ms
[2023-11-16T13:11:48.984+0800][gc,stats    ]       Phase: Concurrent Select Relocation Set              0.000 / 0.000         5.767 / 9.539         5.767 / 9.539         5.767 / 9.539       ms
[2023-11-16T13:11:48.984+0800][gc,stats    ]       Phase: Pause Mark End                                0.000 / 0.000         0.023 / 0.026         0.023 / 0.026         0.023 / 0.026       ms
[2023-11-16T13:11:48.984+0800][gc,stats    ]       Phase: Pause Mark Start                              0.000 / 0.000         0.010 / 0.014         0.010 / 0.014         0.010 / 0.014       ms
[2023-11-16T13:11:48.984+0800][gc,stats    ]       Phase: Pause Relocate Start                          0.000 / 0.000         0.014 / 0.017         0.014 / 0.017         0.014 / 0.017       ms
[2023-11-16T13:11:48.984+0800][gc,stats    ]    Subphase: Concurrent Classes Purge                      0.000 / 0.000         0.082 / 0.093         0.082 / 0.093         0.082 / 0.093       ms
[2023-11-16T13:11:48.984+0800][gc,stats    ]    Subphase: Concurrent Classes Unlink                     0.000 / 0.000         1.496 / 1.649         1.496 / 1.649         1.496 / 1.649       ms
[2023-11-16T13:11:48.984+0800][gc,stats    ]    Subphase: Concurrent Mark                               0.000 / 0.000        21.597 / 25.992       21.597 / 25.992       21.597 / 25.992      ms
[2023-11-16T13:11:48.984+0800][gc,stats    ]    Subphase: Concurrent Mark Try Flush                     0.000 / 0.000         0.068 / 0.146         0.068 / 0.146         0.068 / 0.146       ms
[2023-11-16T13:11:48.984+0800][gc,stats    ]    Subphase: Concurrent Mark Try Terminate                 0.000 / 0.000         5.693 / 15.474        5.693 / 15.474        5.693 / 15.474      ms
[2023-11-16T13:11:48.984+0800][gc,stats    ]    Subphase: Concurrent References Enqueue                 0.000 / 0.000         0.005 / 0.005         0.005 / 0.005         0.005 / 0.005       ms
[2023-11-16T13:11:48.984+0800][gc,stats    ]    Subphase: Concurrent References Process                 0.000 / 0.000         0.108 / 0.128         0.108 / 0.128         0.108 / 0.128       ms
[2023-11-16T13:11:48.984+0800][gc,stats    ]    Subphase: Concurrent Roots ClassLoaderDataGraph         0.000 / 0.000         0.162 / 0.511         0.162 / 0.511         0.162 / 0.511       ms
[2023-11-16T13:11:48.984+0800][gc,stats    ]    Subphase: Concurrent Roots CodeCache                    0.000 / 0.000         0.000 / 0.000         0.000 / 0.000         0.000 / 0.000       ms
[2023-11-16T13:11:48.984+0800][gc,stats    ]    Subphase: Concurrent Roots JavaThreads                  0.000 / 0.000         0.945 / 1.682         0.945 / 1.682         0.945 / 1.682       ms
[2023-11-16T13:11:48.984+0800][gc,stats    ]    Subphase: Concurrent Roots OopStorageSet                0.000 / 0.000         0.041 / 0.062         0.041 / 0.062         0.041 / 0.062       ms
[2023-11-16T13:11:48.984+0800][gc,stats    ]    Subphase: Concurrent Weak Roots OopStorageSet           0.000 / 0.000         0.514 / 0.770         0.514 / 0.770         0.514 / 0.770       ms
[2023-11-16T13:11:48.984+0800][gc,stats    ]    Subphase: Pause Mark Try Complete                       0.000 / 0.000         0.000 / 0.000         0.000 / 0.000         0.000 / 0.000       ms
[2023-11-16T13:11:48.984+0800][gc,stats    ]      System: Java Threads                                      0 / 0                36 / 51               36 / 51               36 / 51          threads
[2023-11-16T13:11:48.984+0800][gc,stats    ] =========================================================================================================================================================
[2023-11-16T13:11:58.984+0800][gc,stats    ] === Garbage Collection Statistics =======================================================================================================================
[2023-11-16T13:11:58.984+0800][gc,stats    ]                                                              Last 10s              Last 10m              Last 10h                Total
[2023-11-16T13:11:58.984+0800][gc,stats    ]                                                              Avg / Max             Avg / Max             Avg / Max             Avg / Max
[2023-11-16T13:11:58.984+0800][gc,stats    ]   Collector: Garbage Collection Cycle                      0.000 / 0.000        42.450 / 42.489       42.450 / 42.489       42.450 / 42.489      ms
[2023-11-16T13:11:58.984+0800][gc,stats    ]  Contention: Mark Segment Reset Contention                     0 / 0                 0 / 2                 0 / 2                 0 / 2           ops/s
[2023-11-16T13:11:58.984+0800][gc,stats    ]  Contention: Mark SeqNum Reset Contention                      0 / 0                 0 / 1                 0 / 1                 0 / 1           ops/s
[2023-11-16T13:11:58.984+0800][gc,stats    ]    Critical: Allocation Stall                                  0 / 0                 0 / 0                 0 / 0                 0 / 0           ops/s
[2023-11-16T13:11:58.984+0800][gc,stats    ]    Critical: Allocation Stall                              0.000 / 0.000         0.000 / 0.000         0.000 / 0.000         0.000 / 0.000       ms
[2023-11-16T13:11:58.984+0800][gc,stats    ]    Critical: GC Locker Stall                                   0 / 0                 0 / 0                 0 / 0                 0 / 0           ops/s
[2023-11-16T13:11:58.984+0800][gc,stats    ]    Critical: GC Locker Stall                               0.000 / 0.000         0.000 / 0.000         0.000 / 0.000         0.000 / 0.000       ms
[2023-11-16T13:11:58.984+0800][gc,stats    ]    Critical: Relocation Stall                                  0 / 0                 0 / 0                 0 / 0                 0 / 0           ops/s
[2023-11-16T13:11:58.984+0800][gc,stats    ]    Critical: Relocation Stall                              0.000 / 0.000         0.000 / 0.000         0.000 / 0.000         0.000 / 0.000       ms
[2023-11-16T13:11:58.984+0800][gc,stats    ]      Memory: Allocation Rate                                   0 / 0                 0 / 96                0 / 96                0 / 96          MB/s
[2023-11-16T13:11:58.984+0800][gc,stats    ]      Memory: Defragment                                        0 / 0                 0 / 0                 0 / 0                 0 / 0           ops/s
[2023-11-16T13:11:58.984+0800][gc,stats    ]      Memory: Out Of Memory                                     0 / 0                 0 / 0                 0 / 0                 0 / 0           ops/s
[2023-11-16T13:11:58.984+0800][gc,stats    ]      Memory: Page Cache Flush                                  0 / 0                 0 / 0                 0 / 0                 0 / 0           MB/s
[2023-11-16T13:11:58.984+0800][gc,stats    ]      Memory: Page Cache Hit L1                                 0 / 0                 0 / 38                0 / 38                0 / 38          ops/s
[2023-11-16T13:11:58.984+0800][gc,stats    ]      Memory: Page Cache Hit L2                                 0 / 0                 0 / 0                 0 / 0                 0 / 0           ops/s
[2023-11-16T13:11:58.984+0800][gc,stats    ]      Memory: Page Cache Hit L3                                 0 / 0                 0 / 48                0 / 48                0 / 48          ops/s
[2023-11-16T13:11:58.984+0800][gc,stats    ]      Memory: Page Cache Miss                                   0 / 0                 0 / 1                 0 / 1                 0 / 1           ops/s
[2023-11-16T13:11:58.984+0800][gc,stats    ]      Memory: Uncommit                                          0 / 0                 0 / 0                 0 / 0                 0 / 0           MB/s
[2023-11-16T13:11:58.984+0800][gc,stats    ]      Memory: Undo Object Allocation Failed                     0 / 0                 0 / 0                 0 / 0                 0 / 0           ops/s
[2023-11-16T13:11:58.984+0800][gc,stats    ]      Memory: Undo Object Allocation Succeeded                  0 / 0                 0 / 0                 0 / 0                 0 / 0           ops/s
[2023-11-16T13:11:58.985+0800][gc,stats    ]      Memory: Undo Page Allocation                              0 / 0                 0 / 0                 0 / 0                 0 / 0           ops/s
[2023-11-16T13:11:58.985+0800][gc,stats    ]       Phase: Concurrent Mark                               0.000 / 0.000        25.401 / 26.782       25.401 / 26.782       25.401 / 26.782      ms
[2023-11-16T13:11:58.985+0800][gc,stats    ]       Phase: Concurrent Mark Continue                      0.000 / 0.000         0.000 / 0.000         0.000 / 0.000         0.000 / 0.000       ms
[2023-11-16T13:11:58.985+0800][gc,stats    ]       Phase: Concurrent Mark Free                          0.000 / 0.000         0.001 / 0.001         0.001 / 0.001         0.001 / 0.001       ms
[2023-11-16T13:11:58.985+0800][gc,stats    ]       Phase: Concurrent Process Non-Strong References      0.000 / 0.000         2.435 / 2.758         2.435 / 2.758         2.435 / 2.758       ms
[2023-11-16T13:11:58.985+0800][gc,stats    ]       Phase: Concurrent Relocate                           0.000 / 0.000         2.928 / 3.220         2.928 / 3.220         2.928 / 3.220       ms
[2023-11-16T13:11:58.985+0800][gc,stats    ]       Phase: Concurrent Reset Relocation Set               0.000 / 0.000         0.003 / 0.006         0.003 / 0.006         0.003 / 0.006       ms
[2023-11-16T13:11:58.985+0800][gc,stats    ]       Phase: Concurrent Select Relocation Set              0.000 / 0.000         5.767 / 9.539         5.767 / 9.539         5.767 / 9.539       ms
[2023-11-16T13:11:58.985+0800][gc,stats    ]       Phase: Pause Mark End                                0.000 / 0.000         0.023 / 0.026         0.023 / 0.026         0.023 / 0.026       ms
[2023-11-16T13:11:58.985+0800][gc,stats    ]       Phase: Pause Mark Start                              0.000 / 0.000         0.010 / 0.014         0.010 / 0.014         0.010 / 0.014       ms
[2023-11-16T13:11:58.985+0800][gc,stats    ]       Phase: Pause Relocate Start                          0.000 / 0.000         0.014 / 0.017         0.014 / 0.017         0.014 / 0.017       ms
[2023-11-16T13:11:58.985+0800][gc,stats    ]    Subphase: Concurrent Classes Purge                      0.000 / 0.000         0.082 / 0.093         0.082 / 0.093         0.082 / 0.093       ms
[2023-11-16T13:11:58.985+0800][gc,stats    ]    Subphase: Concurrent Classes Unlink                     0.000 / 0.000         1.496 / 1.649         1.496 / 1.649         1.496 / 1.649       ms
[2023-11-16T13:11:58.985+0800][gc,stats    ]    Subphase: Concurrent Mark                               0.000 / 0.000        21.597 / 25.992       21.597 / 25.992       21.597 / 25.992      ms
[2023-11-16T13:11:58.985+0800][gc,stats    ]    Subphase: Concurrent Mark Try Flush                     0.000 / 0.000         0.068 / 0.146         0.068 / 0.146         0.068 / 0.146       ms
[2023-11-16T13:11:58.985+0800][gc,stats    ]    Subphase: Concurrent Mark Try Terminate                 0.000 / 0.000         5.693 / 15.474        5.693 / 15.474        5.693 / 15.474      ms
[2023-11-16T13:11:58.985+0800][gc,stats    ]    Subphase: Concurrent References Enqueue                 0.000 / 0.000         0.005 / 0.005         0.005 / 0.005         0.005 / 0.005       ms
[2023-11-16T13:11:58.985+0800][gc,stats    ]    Subphase: Concurrent References Process                 0.000 / 0.000         0.108 / 0.128         0.108 / 0.128         0.108 / 0.128       ms
[2023-11-16T13:11:58.985+0800][gc,stats    ]    Subphase: Concurrent Roots ClassLoaderDataGraph         0.000 / 0.000         0.162 / 0.511         0.162 / 0.511         0.162 / 0.511       ms
[2023-11-16T13:11:58.985+0800][gc,stats    ]    Subphase: Concurrent Roots CodeCache                    0.000 / 0.000         0.000 / 0.000         0.000 / 0.000         0.000 / 0.000       ms
[2023-11-16T13:11:58.985+0800][gc,stats    ]    Subphase: Concurrent Roots JavaThreads                  0.000 / 0.000         0.945 / 1.682         0.945 / 1.682         0.945 / 1.682       ms
[2023-11-16T13:11:58.985+0800][gc,stats    ]    Subphase: Concurrent Roots OopStorageSet                0.000 / 0.000         0.041 / 0.062         0.041 / 0.062         0.041 / 0.062       ms
[2023-11-16T13:11:58.985+0800][gc,stats    ]    Subphase: Concurrent Weak Roots OopStorageSet           0.000 / 0.000         0.514 / 0.770         0.514 / 0.770         0.514 / 0.770       ms
[2023-11-16T13:11:58.985+0800][gc,stats    ]    Subphase: Pause Mark Try Complete                       0.000 / 0.000         0.000 / 0.000         0.000 / 0.000         0.000 / 0.000       ms
[2023-11-16T13:11:58.985+0800][gc,stats    ]      System: Java Threads                                      0 / 0                36 / 51               36 / 51               36 / 51          threads
[2023-11-16T13:11:58.985+0800][gc,stats    ] =========================================================================================================================================================
[2023-11-16T13:12:08.998+0800][gc,stats    ] === Garbage Collection Statistics =======================================================================================================================
[2023-11-16T13:12:08.998+0800][gc,stats    ]                                                              Last 10s              Last 10m              Last 10h                Total
[2023-11-16T13:12:08.998+0800][gc,stats    ]                                                              Avg / Max             Avg / Max             Avg / Max             Avg / Max
[2023-11-16T13:12:08.998+0800][gc,stats    ]   Collector: Garbage Collection Cycle                      0.000 / 0.000        42.450 / 42.489       42.450 / 42.489       42.450 / 42.489      ms
[2023-11-16T13:12:08.998+0800][gc,stats    ]  Contention: Mark Segment Reset Contention                     0 / 0                 0 / 2                 0 / 2                 0 / 2           ops/s
[2023-11-16T13:12:08.998+0800][gc,stats    ]  Contention: Mark SeqNum Reset Contention                      0 / 0                 0 / 1                 0 / 1                 0 / 1           ops/s
[2023-11-16T13:12:08.998+0800][gc,stats    ]    Critical: Allocation Stall                                  0 / 0                 0 / 0                 0 / 0                 0 / 0           ops/s
[2023-11-16T13:12:08.998+0800][gc,stats    ]    Critical: Allocation Stall                              0.000 / 0.000         0.000 / 0.000         0.000 / 0.000         0.000 / 0.000       ms
[2023-11-16T13:12:08.998+0800][gc,stats    ]    Critical: GC Locker Stall                                   0 / 0                 0 / 0                 0 / 0                 0 / 0           ops/s
[2023-11-16T13:12:08.998+0800][gc,stats    ]    Critical: GC Locker Stall                               0.000 / 0.000         0.000 / 0.000         0.000 / 0.000         0.000 / 0.000       ms
[2023-11-16T13:12:08.998+0800][gc,stats    ]    Critical: Relocation Stall                                  0 / 0                 0 / 0                 0 / 0                 0 / 0           ops/s
[2023-11-16T13:12:08.998+0800][gc,stats    ]    Critical: Relocation Stall                              0.000 / 0.000         0.000 / 0.000         0.000 / 0.000         0.000 / 0.000       ms
[2023-11-16T13:12:08.998+0800][gc,stats    ]      Memory: Allocation Rate                                   0 / 4                 0 / 96                0 / 96                0 / 96          MB/s
[2023-11-16T13:12:08.998+0800][gc,stats    ]      Memory: Defragment                                        0 / 0                 0 / 0                 0 / 0                 0 / 0           ops/s
[2023-11-16T13:12:08.998+0800][gc,stats    ]      Memory: Out Of Memory                                     0 / 0                 0 / 0                 0 / 0                 0 / 0           ops/s
[2023-11-16T13:12:08.998+0800][gc,stats    ]      Memory: Page Cache Flush                                  0 / 0                 0 / 0                 0 / 0                 0 / 0           MB/s
[2023-11-16T13:12:08.998+0800][gc,stats    ]      Memory: Page Cache Hit L1                                 0 / 1                 0 / 38                0 / 38                0 / 38          ops/s
[2023-11-16T13:12:08.998+0800][gc,stats    ]      Memory: Page Cache Hit L2                                 0 / 0                 0 / 0                 0 / 0                 0 / 0           ops/s
[2023-11-16T13:12:08.998+0800][gc,stats    ]      Memory: Page Cache Hit L3                                 0 / 1                 0 / 48                0 / 48                0 / 48          ops/s
[2023-11-16T13:12:08.998+0800][gc,stats    ]      Memory: Page Cache Miss                                   0 / 0                 0 / 1                 0 / 1                 0 / 1           ops/s
[2023-11-16T13:12:08.998+0800][gc,stats    ]      Memory: Uncommit                                          0 / 0                 0 / 0                 0 / 0                 0 / 0           MB/s
[2023-11-16T13:12:08.998+0800][gc,stats    ]      Memory: Undo Object Allocation Failed                     0 / 0                 0 / 0                 0 / 0                 0 / 0           ops/s
[2023-11-16T13:12:08.998+0800][gc,stats    ]      Memory: Undo Object Allocation Succeeded                  0 / 0                 0 / 0                 0 / 0                 0 / 0           ops/s
[2023-11-16T13:12:08.998+0800][gc,stats    ]      Memory: Undo Page Allocation                              0 / 0                 0 / 0                 0 / 0                 0 / 0           ops/s
[2023-11-16T13:12:08.998+0800][gc,stats    ]       Phase: Concurrent Mark                               0.000 / 0.000        25.401 / 26.782       25.401 / 26.782       25.401 / 26.782      ms
[2023-11-16T13:12:08.998+0800][gc,stats    ]       Phase: Concurrent Mark Continue                      0.000 / 0.000         0.000 / 0.000         0.000 / 0.000         0.000 / 0.000       ms
[2023-11-16T13:12:08.998+0800][gc,stats    ]       Phase: Concurrent Mark Free                          0.000 / 0.000         0.001 / 0.001         0.001 / 0.001         0.001 / 0.001       ms
[2023-11-16T13:12:08.998+0800][gc,stats    ]       Phase: Concurrent Process Non-Strong References      0.000 / 0.000         2.435 / 2.758         2.435 / 2.758         2.435 / 2.758       ms
[2023-11-16T13:12:08.998+0800][gc,stats    ]       Phase: Concurrent Relocate                           0.000 / 0.000         2.928 / 3.220         2.928 / 3.220         2.928 / 3.220       ms
[2023-11-16T13:12:08.998+0800][gc,stats    ]       Phase: Concurrent Reset Relocation Set               0.000 / 0.000         0.003 / 0.006         0.003 / 0.006         0.003 / 0.006       ms
[2023-11-16T13:12:08.998+0800][gc,stats    ]       Phase: Concurrent Select Relocation Set              0.000 / 0.000         5.767 / 9.539         5.767 / 9.539         5.767 / 9.539       ms
[2023-11-16T13:12:08.998+0800][gc,stats    ]       Phase: Pause Mark End                                0.000 / 0.000         0.023 / 0.026         0.023 / 0.026         0.023 / 0.026       ms
[2023-11-16T13:12:08.998+0800][gc,stats    ]       Phase: Pause Mark Start                              0.000 / 0.000         0.010 / 0.014         0.010 / 0.014         0.010 / 0.014       ms
[2023-11-16T13:12:08.998+0800][gc,stats    ]       Phase: Pause Relocate Start                          0.000 / 0.000         0.014 / 0.017         0.014 / 0.017         0.014 / 0.017       ms
[2023-11-16T13:12:08.998+0800][gc,stats    ]    Subphase: Concurrent Classes Purge                      0.000 / 0.000         0.082 / 0.093         0.082 / 0.093         0.082 / 0.093       ms
[2023-11-16T13:12:08.998+0800][gc,stats    ]    Subphase: Concurrent Classes Unlink                     0.000 / 0.000         1.496 / 1.649         1.496 / 1.649         1.496 / 1.649       ms
[2023-11-16T13:12:08.998+0800][gc,stats    ]    Subphase: Concurrent Mark                               0.000 / 0.000        21.597 / 25.992       21.597 / 25.992       21.597 / 25.992      ms
[2023-11-16T13:12:08.998+0800][gc,stats    ]    Subphase: Concurrent Mark Try Flush                     0.000 / 0.000         0.068 / 0.146         0.068 / 0.146         0.068 / 0.146       ms
[2023-11-16T13:12:08.998+0800][gc,stats    ]    Subphase: Concurrent Mark Try Terminate                 0.000 / 0.000         5.693 / 15.474        5.693 / 15.474        5.693 / 15.474      ms
[2023-11-16T13:12:08.998+0800][gc,stats    ]    Subphase: Concurrent References Enqueue                 0.000 / 0.000         0.005 / 0.005         0.005 / 0.005         0.005 / 0.005       ms
[2023-11-16T13:12:08.998+0800][gc,stats    ]    Subphase: Concurrent References Process                 0.000 / 0.000         0.108 / 0.128         0.108 / 0.128         0.108 / 0.128       ms
[2023-11-16T13:12:08.998+0800][gc,stats    ]    Subphase: Concurrent Roots ClassLoaderDataGraph         0.000 / 0.000         0.162 / 0.511         0.162 / 0.511         0.162 / 0.511       ms
[2023-11-16T13:12:08.998+0800][gc,stats    ]    Subphase: Concurrent Roots CodeCache                    0.000 / 0.000         0.000 / 0.000         0.000 / 0.000         0.000 / 0.000       ms
[2023-11-16T13:12:08.998+0800][gc,stats    ]    Subphase: Concurrent Roots JavaThreads                  0.000 / 0.000         0.945 / 1.682         0.945 / 1.682         0.945 / 1.682       ms
[2023-11-16T13:12:08.998+0800][gc,stats    ]    Subphase: Concurrent Roots OopStorageSet                0.000 / 0.000         0.041 / 0.062         0.041 / 0.062         0.041 / 0.062       ms
[2023-11-16T13:12:08.998+0800][gc,stats    ]    Subphase: Concurrent Weak Roots OopStorageSet           0.000 / 0.000         0.514 / 0.770         0.514 / 0.770         0.514 / 0.770       ms
[2023-11-16T13:12:08.998+0800][gc,stats    ]    Subphase: Pause Mark Try Complete                       0.000 / 0.000         0.000 / 0.000         0.000 / 0.000         0.000 / 0.000       ms
[2023-11-16T13:12:08.998+0800][gc,stats    ]      System: Java Threads                                      0 / 0                36 / 51               36 / 51               36 / 51          threads
[2023-11-16T13:12:08.998+0800][gc,stats    ] =========================================================================================================================================================
[2023-11-16T13:12:18.984+0800][gc,stats    ] === Garbage Collection Statistics =======================================================================================================================
[2023-11-16T13:12:18.984+0800][gc,stats    ]                                                              Last 10s              Last 10m              Last 10h                Total
[2023-11-16T13:12:18.984+0800][gc,stats    ]                                                              Avg / Max             Avg / Max             Avg / Max             Avg / Max
[2023-11-16T13:12:18.984+0800][gc,stats    ]   Collector: Garbage Collection Cycle                      0.000 / 0.000        42.450 / 42.489       42.450 / 42.489       42.450 / 42.489      ms
[2023-11-16T13:12:18.984+0800][gc,stats    ]  Contention: Mark Segment Reset Contention                     0 / 0                 0 / 2                 0 / 2                 0 / 2           ops/s
[2023-11-16T13:12:18.984+0800][gc,stats    ]  Contention: Mark SeqNum Reset Contention                      0 / 0                 0 / 1                 0 / 1                 0 / 1           ops/s
[2023-11-16T13:12:18.984+0800][gc,stats    ]    Critical: Allocation Stall                                  0 / 0                 0 / 0                 0 / 0                 0 / 0           ops/s
[2023-11-16T13:12:18.984+0800][gc,stats    ]    Critical: Allocation Stall                              0.000 / 0.000         0.000 / 0.000         0.000 / 0.000         0.000 / 0.000       ms
[2023-11-16T13:12:18.984+0800][gc,stats    ]    Critical: GC Locker Stall                                   0 / 0                 0 / 0                 0 / 0                 0 / 0           ops/s
[2023-11-16T13:12:18.984+0800][gc,stats    ]    Critical: GC Locker Stall                               0.000 / 0.000         0.000 / 0.000         0.000 / 0.000         0.000 / 0.000       ms
[2023-11-16T13:12:18.984+0800][gc,stats    ]    Critical: Relocation Stall                                  0 / 0                 0 / 0                 0 / 0                 0 / 0           ops/s
[2023-11-16T13:12:18.984+0800][gc,stats    ]    Critical: Relocation Stall                              0.000 / 0.000         0.000 / 0.000         0.000 / 0.000         0.000 / 0.000       ms
[2023-11-16T13:12:18.984+0800][gc,stats    ]      Memory: Allocation Rate                                   0 / 2                 0 / 96                0 / 96                0 / 96          MB/s
[2023-11-16T13:12:18.984+0800][gc,stats    ]      Memory: Defragment                                        0 / 0                 0 / 0                 0 / 0                 0 / 0           ops/s
[2023-11-16T13:12:18.984+0800][gc,stats    ]      Memory: Out Of Memory                                     0 / 0                 0 / 0                 0 / 0                 0 / 0           ops/s
[2023-11-16T13:12:18.984+0800][gc,stats    ]      Memory: Page Cache Flush                                  0 / 0                 0 / 0                 0 / 0                 0 / 0           MB/s
[2023-11-16T13:12:18.984+0800][gc,stats    ]      Memory: Page Cache Hit L1                                 0 / 0                 0 / 38                0 / 38                0 / 38          ops/s
[2023-11-16T13:12:18.984+0800][gc,stats    ]      Memory: Page Cache Hit L2                                 0 / 0                 0 / 0                 0 / 0                 0 / 0           ops/s
[2023-11-16T13:12:18.984+0800][gc,stats    ]      Memory: Page Cache Hit L3                                 0 / 1                 0 / 48                0 / 48                0 / 48          ops/s
[2023-11-16T13:12:18.984+0800][gc,stats    ]      Memory: Page Cache Miss                                   0 / 0                 0 / 1                 0 / 1                 0 / 1           ops/s
[2023-11-16T13:12:18.984+0800][gc,stats    ]      Memory: Uncommit                                          0 / 0                 0 / 0                 0 / 0                 0 / 0           MB/s
[2023-11-16T13:12:18.984+0800][gc,stats    ]      Memory: Undo Object Allocation Failed                     0 / 0                 0 / 0                 0 / 0                 0 / 0           ops/s
[2023-11-16T13:12:18.984+0800][gc,stats    ]      Memory: Undo Object Allocation Succeeded                  0 / 0                 0 / 0                 0 / 0                 0 / 0           ops/s
[2023-11-16T13:12:18.984+0800][gc,stats    ]      Memory: Undo Page Allocation                              0 / 0                 0 / 0                 0 / 0                 0 / 0           ops/s
[2023-11-16T13:12:18.984+0800][gc,stats    ]       Phase: Concurrent Mark                               0.000 / 0.000        25.401 / 26.782       25.401 / 26.782       25.401 / 26.782      ms
[2023-11-16T13:12:18.984+0800][gc,stats    ]       Phase: Concurrent Mark Continue                      0.000 / 0.000         0.000 / 0.000         0.000 / 0.000         0.000 / 0.000       ms
[2023-11-16T13:12:18.984+0800][gc,stats    ]       Phase: Concurrent Mark Free                          0.000 / 0.000         0.001 / 0.001         0.001 / 0.001         0.001 / 0.001       ms
[2023-11-16T13:12:18.984+0800][gc,stats    ]       Phase: Concurrent Process Non-Strong References      0.000 / 0.000         2.435 / 2.758         2.435 / 2.758         2.435 / 2.758       ms
[2023-11-16T13:12:18.984+0800][gc,stats    ]       Phase: Concurrent Relocate                           0.000 / 0.000         2.928 / 3.220         2.928 / 3.220         2.928 / 3.220       ms
[2023-11-16T13:12:18.984+0800][gc,stats    ]       Phase: Concurrent Reset Relocation Set               0.000 / 0.000         0.003 / 0.006         0.003 / 0.006         0.003 / 0.006       ms
[2023-11-16T13:12:18.984+0800][gc,stats    ]       Phase: Concurrent Select Relocation Set              0.000 / 0.000         5.767 / 9.539         5.767 / 9.539         5.767 / 9.539       ms
[2023-11-16T13:12:18.984+0800][gc,stats    ]       Phase: Pause Mark End                                0.000 / 0.000         0.023 / 0.026         0.023 / 0.026         0.023 / 0.026       ms
[2023-11-16T13:12:18.984+0800][gc,stats    ]       Phase: Pause Mark Start                              0.000 / 0.000         0.010 / 0.014         0.010 / 0.014         0.010 / 0.014       ms
[2023-11-16T13:12:18.984+0800][gc,stats    ]       Phase: Pause Relocate Start                          0.000 / 0.000         0.014 / 0.017         0.014 / 0.017         0.014 / 0.017       ms
[2023-11-16T13:12:18.984+0800][gc,stats    ]    Subphase: Concurrent Classes Purge                      0.000 / 0.000         0.082 / 0.093         0.082 / 0.093         0.082 / 0.093       ms
[2023-11-16T13:12:18.984+0800][gc,stats    ]    Subphase: Concurrent Classes Unlink                     0.000 / 0.000         1.496 / 1.649         1.496 / 1.649         1.496 / 1.649       ms
[2023-11-16T13:12:18.984+0800][gc,stats    ]    Subphase: Concurrent Mark                               0.000 / 0.000        21.597 / 25.992       21.597 / 25.992       21.597 / 25.992      ms
[2023-11-16T13:12:18.984+0800][gc,stats    ]    Subphase: Concurrent Mark Try Flush                     0.000 / 0.000         0.068 / 0.146         0.068 / 0.146         0.068 / 0.146       ms
[2023-11-16T13:12:18.984+0800][gc,stats    ]    Subphase: Concurrent Mark Try Terminate                 0.000 / 0.000         5.693 / 15.474        5.693 / 15.474        5.693 / 15.474      ms
[2023-11-16T13:12:18.984+0800][gc,stats    ]    Subphase: Concurrent References Enqueue                 0.000 / 0.000         0.005 / 0.005         0.005 / 0.005         0.005 / 0.005       ms
[2023-11-16T13:12:18.984+0800][gc,stats    ]    Subphase: Concurrent References Process                 0.000 / 0.000         0.108 / 0.128         0.108 / 0.128         0.108 / 0.128       ms
[2023-11-16T13:12:18.984+0800][gc,stats    ]    Subphase: Concurrent Roots ClassLoaderDataGraph         0.000 / 0.000         0.162 / 0.511         0.162 / 0.511         0.162 / 0.511       ms
[2023-11-16T13:12:18.984+0800][gc,stats    ]    Subphase: Concurrent Roots CodeCache                    0.000 / 0.000         0.000 / 0.000         0.000 / 0.000         0.000 / 0.000       ms
[2023-11-16T13:12:18.984+0800][gc,stats    ]    Subphase: Concurrent Roots JavaThreads                  0.000 / 0.000         0.945 / 1.682         0.945 / 1.682         0.945 / 1.682       ms
[2023-11-16T13:12:18.984+0800][gc,stats    ]    Subphase: Concurrent Roots OopStorageSet                0.000 / 0.000         0.041 / 0.062         0.041 / 0.062         0.041 / 0.062       ms
[2023-11-16T13:12:18.984+0800][gc,stats    ]    Subphase: Concurrent Weak Roots OopStorageSet           0.000 / 0.000         0.514 / 0.770         0.514 / 0.770         0.514 / 0.770       ms
[2023-11-16T13:12:18.984+0800][gc,stats    ]    Subphase: Pause Mark Try Complete                       0.000 / 0.000         0.000 / 0.000         0.000 / 0.000         0.000 / 0.000       ms
[2023-11-16T13:12:18.984+0800][gc,stats    ]      System: Java Threads                                      0 / 0                36 / 51               36 / 51               36 / 51          threads
[2023-11-16T13:12:18.984+0800][gc,stats    ] =========================================================================================================================================================
[2023-11-16T13:12:28.983+0800][gc,stats    ] === Garbage Collection Statistics =======================================================================================================================
[2023-11-16T13:12:28.983+0800][gc,stats    ]                                                              Last 10s              Last 10m              Last 10h                Total
[2023-11-16T13:12:28.983+0800][gc,stats    ]                                                              Avg / Max             Avg / Max             Avg / Max             Avg / Max
[2023-11-16T13:12:28.983+0800][gc,stats    ]   Collector: Garbage Collection Cycle                      0.000 / 0.000        42.450 / 42.489       42.450 / 42.489       42.450 / 42.489      ms
[2023-11-16T13:12:28.983+0800][gc,stats    ]  Contention: Mark Segment Reset Contention                     0 / 0                 0 / 2                 0 / 2                 0 / 2           ops/s
[2023-11-16T13:12:28.983+0800][gc,stats    ]  Contention: Mark SeqNum Reset Contention                      0 / 0                 0 / 1                 0 / 1                 0 / 1           ops/s
[2023-11-16T13:12:28.983+0800][gc,stats    ]    Critical: Allocation Stall                                  0 / 0                 0 / 0                 0 / 0                 0 / 0           ops/s
[2023-11-16T13:12:28.983+0800][gc,stats    ]    Critical: Allocation Stall                              0.000 / 0.000         0.000 / 0.000         0.000 / 0.000         0.000 / 0.000       ms
[2023-11-16T13:12:28.983+0800][gc,stats    ]    Critical: GC Locker Stall                                   0 / 0                 0 / 0                 0 / 0                 0 / 0           ops/s
[2023-11-16T13:12:28.983+0800][gc,stats    ]    Critical: GC Locker Stall                               0.000 / 0.000         0.000 / 0.000         0.000 / 0.000         0.000 / 0.000       ms
[2023-11-16T13:12:28.983+0800][gc,stats    ]    Critical: Relocation Stall                                  0 / 0                 0 / 0                 0 / 0                 0 / 0           ops/s
[2023-11-16T13:12:28.983+0800][gc,stats    ]    Critical: Relocation Stall                              0.000 / 0.000         0.000 / 0.000         0.000 / 0.000         0.000 / 0.000       ms
[2023-11-16T13:12:28.983+0800][gc,stats    ]      Memory: Allocation Rate                                   0 / 2                 0 / 96                0 / 96                0 / 96          MB/s
[2023-11-16T13:12:28.983+0800][gc,stats    ]      Memory: Defragment                                        0 / 0                 0 / 0                 0 / 0                 0 / 0           ops/s
[2023-11-16T13:12:28.983+0800][gc,stats    ]      Memory: Out Of Memory                                     0 / 0                 0 / 0                 0 / 0                 0 / 0           ops/s
[2023-11-16T13:12:28.983+0800][gc,stats    ]      Memory: Page Cache Flush                                  0 / 0                 0 / 0                 0 / 0                 0 / 0           MB/s
[2023-11-16T13:12:28.983+0800][gc,stats    ]      Memory: Page Cache Hit L1                                 0 / 0                 0 / 38                0 / 38                0 / 38          ops/s
[2023-11-16T13:12:28.983+0800][gc,stats    ]      Memory: Page Cache Hit L2                                 0 / 0                 0 / 0                 0 / 0                 0 / 0           ops/s
[2023-11-16T13:12:28.983+0800][gc,stats    ]      Memory: Page Cache Hit L3                                 0 / 1                 0 / 48                0 / 48                0 / 48          ops/s
[2023-11-16T13:12:28.983+0800][gc,stats    ]      Memory: Page Cache Miss                                   0 / 0                 0 / 1                 0 / 1                 0 / 1           ops/s
[2023-11-16T13:12:28.983+0800][gc,stats    ]      Memory: Uncommit                                          0 / 0                 0 / 0                 0 / 0                 0 / 0           MB/s
[2023-11-16T13:12:28.983+0800][gc,stats    ]      Memory: Undo Object Allocation Failed                     0 / 0                 0 / 0                 0 / 0                 0 / 0           ops/s
[2023-11-16T13:12:28.983+0800][gc,stats    ]      Memory: Undo Object Allocation Succeeded                  0 / 0                 0 / 0                 0 / 0                 0 / 0           ops/s
[2023-11-16T13:12:28.983+0800][gc,stats    ]      Memory: Undo Page Allocation                              0 / 0                 0 / 0                 0 / 0                 0 / 0           ops/s
[2023-11-16T13:12:28.983+0800][gc,stats    ]       Phase: Concurrent Mark                               0.000 / 0.000        25.401 / 26.782       25.401 / 26.782       25.401 / 26.782      ms
[2023-11-16T13:12:28.983+0800][gc,stats    ]       Phase: Concurrent Mark Continue                      0.000 / 0.000         0.000 / 0.000         0.000 / 0.000         0.000 / 0.000       ms
[2023-11-16T13:12:28.983+0800][gc,stats    ]       Phase: Concurrent Mark Free                          0.000 / 0.000         0.001 / 0.001         0.001 / 0.001         0.001 / 0.001       ms
[2023-11-16T13:12:28.983+0800][gc,stats    ]       Phase: Concurrent Process Non-Strong References      0.000 / 0.000         2.435 / 2.758         2.435 / 2.758         2.435 / 2.758       ms
[2023-11-16T13:12:28.983+0800][gc,stats    ]       Phase: Concurrent Relocate                           0.000 / 0.000         2.928 / 3.220         2.928 / 3.220         2.928 / 3.220       ms
[2023-11-16T13:12:28.983+0800][gc,stats    ]       Phase: Concurrent Reset Relocation Set               0.000 / 0.000         0.003 / 0.006         0.003 / 0.006         0.003 / 0.006       ms
[2023-11-16T13:12:28.983+0800][gc,stats    ]       Phase: Concurrent Select Relocation Set              0.000 / 0.000         5.767 / 9.539         5.767 / 9.539         5.767 / 9.539       ms
[2023-11-16T13:12:28.983+0800][gc,stats    ]       Phase: Pause Mark End                                0.000 / 0.000         0.023 / 0.026         0.023 / 0.026         0.023 / 0.026       ms
[2023-11-16T13:12:28.983+0800][gc,stats    ]       Phase: Pause Mark Start                              0.000 / 0.000         0.010 / 0.014         0.010 / 0.014         0.010 / 0.014       ms
[2023-11-16T13:12:28.983+0800][gc,stats    ]       Phase: Pause Relocate Start                          0.000 / 0.000         0.014 / 0.017         0.014 / 0.017         0.014 / 0.017       ms
[2023-11-16T13:12:28.983+0800][gc,stats    ]    Subphase: Concurrent Classes Purge                      0.000 / 0.000         0.082 / 0.093         0.082 / 0.093         0.082 / 0.093       ms
[2023-11-16T13:12:28.983+0800][gc,stats    ]    Subphase: Concurrent Classes Unlink                     0.000 / 0.000         1.496 / 1.649         1.496 / 1.649         1.496 / 1.649       ms
[2023-11-16T13:12:28.983+0800][gc,stats    ]    Subphase: Concurrent Mark                               0.000 / 0.000        21.597 / 25.992       21.597 / 25.992       21.597 / 25.992      ms
[2023-11-16T13:12:28.983+0800][gc,stats    ]    Subphase: Concurrent Mark Try Flush                     0.000 / 0.000         0.068 / 0.146         0.068 / 0.146         0.068 / 0.146       ms
[2023-11-16T13:12:28.983+0800][gc,stats    ]    Subphase: Concurrent Mark Try Terminate                 0.000 / 0.000         5.693 / 15.474        5.693 / 15.474        5.693 / 15.474      ms
[2023-11-16T13:12:28.983+0800][gc,stats    ]    Subphase: Concurrent References Enqueue                 0.000 / 0.000         0.005 / 0.005         0.005 / 0.005         0.005 / 0.005       ms
[2023-11-16T13:12:28.983+0800][gc,stats    ]    Subphase: Concurrent References Process                 0.000 / 0.000         0.108 / 0.128         0.108 / 0.128         0.108 / 0.128       ms
[2023-11-16T13:12:28.983+0800][gc,stats    ]    Subphase: Concurrent Roots ClassLoaderDataGraph         0.000 / 0.000         0.162 / 0.511         0.162 / 0.511         0.162 / 0.511       ms
[2023-11-16T13:12:28.983+0800][gc,stats    ]    Subphase: Concurrent Roots CodeCache                    0.000 / 0.000         0.000 / 0.000         0.000 / 0.000         0.000 / 0.000       ms
[2023-11-16T13:12:28.983+0800][gc,stats    ]    Subphase: Concurrent Roots JavaThreads                  0.000 / 0.000         0.945 / 1.682         0.945 / 1.682         0.945 / 1.682       ms
[2023-11-16T13:12:28.983+0800][gc,stats    ]    Subphase: Concurrent Roots OopStorageSet                0.000 / 0.000         0.041 / 0.062         0.041 / 0.062         0.041 / 0.062       ms
[2023-11-16T13:12:28.983+0800][gc,stats    ]    Subphase: Concurrent Weak Roots OopStorageSet           0.000 / 0.000         0.514 / 0.770         0.514 / 0.770         0.514 / 0.770       ms
[2023-11-16T13:12:28.983+0800][gc,stats    ]    Subphase: Pause Mark Try Complete                       0.000 / 0.000         0.000 / 0.000         0.000 / 0.000         0.000 / 0.000       ms
[2023-11-16T13:12:28.983+0800][gc,stats    ]      System: Java Threads                                      0 / 0                36 / 51               36 / 51               36 / 51          threads
[2023-11-16T13:12:28.983+0800][gc,stats    ] =========================================================================================================================================================
[2023-11-16T13:12:38.991+0800][gc,stats    ] === Garbage Collection Statistics =======================================================================================================================
[2023-11-16T13:12:38.991+0800][gc,stats    ]                                                              Last 10s              Last 10m              Last 10h                Total
[2023-11-16T13:12:38.991+0800][gc,stats    ]                                                              Avg / Max             Avg / Max             Avg / Max             Avg / Max
[2023-11-16T13:12:38.991+0800][gc,stats    ]   Collector: Garbage Collection Cycle                      0.000 / 0.000        42.450 / 42.489       42.450 / 42.489       42.450 / 42.489      ms
[2023-11-16T13:12:38.991+0800][gc,stats    ]  Contention: Mark Segment Reset Contention                     0 / 0                 0 / 2                 0 / 2                 0 / 2           ops/s
[2023-11-16T13:12:38.991+0800][gc,stats    ]  Contention: Mark SeqNum Reset Contention                      0 / 0                 0 / 1                 0 / 1                 0 / 1           ops/s
[2023-11-16T13:12:38.991+0800][gc,stats    ]    Critical: Allocation Stall                                  0 / 0                 0 / 0                 0 / 0                 0 / 0           ops/s
[2023-11-16T13:12:38.991+0800][gc,stats    ]    Critical: Allocation Stall                              0.000 / 0.000         0.000 / 0.000         0.000 / 0.000         0.000 / 0.000       ms
[2023-11-16T13:12:38.991+0800][gc,stats    ]    Critical: GC Locker Stall                                   0 / 0                 0 / 0                 0 / 0                 0 / 0           ops/s
[2023-11-16T13:12:38.991+0800][gc,stats    ]    Critical: GC Locker Stall                               0.000 / 0.000         0.000 / 0.000         0.000 / 0.000         0.000 / 0.000       ms
[2023-11-16T13:12:38.991+0800][gc,stats    ]    Critical: Relocation Stall                                  0 / 0                 0 / 0                 0 / 0                 0 / 0           ops/s
[2023-11-16T13:12:38.991+0800][gc,stats    ]    Critical: Relocation Stall                              0.000 / 0.000         0.000 / 0.000         0.000 / 0.000         0.000 / 0.000       ms
[2023-11-16T13:12:38.991+0800][gc,stats    ]      Memory: Allocation Rate                                   0 / 0                 0 / 96                0 / 96                0 / 96          MB/s
[2023-11-16T13:12:38.991+0800][gc,stats    ]      Memory: Defragment                                        0 / 0                 0 / 0                 0 / 0                 0 / 0           ops/s
[2023-11-16T13:12:38.991+0800][gc,stats    ]      Memory: Out Of Memory                                     0 / 0                 0 / 0                 0 / 0                 0 / 0           ops/s
[2023-11-16T13:12:38.991+0800][gc,stats    ]      Memory: Page Cache Flush                                  0 / 0                 0 / 0                 0 / 0                 0 / 0           MB/s
[2023-11-16T13:12:38.991+0800][gc,stats    ]      Memory: Page Cache Hit L1                                 0 / 0                 0 / 38                0 / 38                0 / 38          ops/s
[2023-11-16T13:12:38.991+0800][gc,stats    ]      Memory: Page Cache Hit L2                                 0 / 0                 0 / 0                 0 / 0                 0 / 0           ops/s
[2023-11-16T13:12:38.991+0800][gc,stats    ]      Memory: Page Cache Hit L3                                 0 / 0                 0 / 48                0 / 48                0 / 48          ops/s
[2023-11-16T13:12:38.991+0800][gc,stats    ]      Memory: Page Cache Miss                                   0 / 0                 0 / 1                 0 / 1                 0 / 1           ops/s
[2023-11-16T13:12:38.991+0800][gc,stats    ]      Memory: Uncommit                                          0 / 0                 0 / 0                 0 / 0                 0 / 0           MB/s
[2023-11-16T13:12:38.991+0800][gc,stats    ]      Memory: Undo Object Allocation Failed                     0 / 0                 0 / 0                 0 / 0                 0 / 0           ops/s
[2023-11-16T13:12:38.991+0800][gc,stats    ]      Memory: Undo Object Allocation Succeeded                  0 / 0                 0 / 0                 0 / 0                 0 / 0           ops/s
[2023-11-16T13:12:38.991+0800][gc,stats    ]      Memory: Undo Page Allocation                              0 / 0                 0 / 0                 0 / 0                 0 / 0           ops/s
[2023-11-16T13:12:38.991+0800][gc,stats    ]       Phase: Concurrent Mark                               0.000 / 0.000        25.401 / 26.782       25.401 / 26.782       25.401 / 26.782      ms
[2023-11-16T13:12:38.991+0800][gc,stats    ]       Phase: Concurrent Mark Continue                      0.000 / 0.000         0.000 / 0.000         0.000 / 0.000         0.000 / 0.000       ms
[2023-11-16T13:12:38.991+0800][gc,stats    ]       Phase: Concurrent Mark Free                          0.000 / 0.000         0.001 / 0.001         0.001 / 0.001         0.001 / 0.001       ms
[2023-11-16T13:12:38.991+0800][gc,stats    ]       Phase: Concurrent Process Non-Strong References      0.000 / 0.000         2.435 / 2.758         2.435 / 2.758         2.435 / 2.758       ms
[2023-11-16T13:12:38.991+0800][gc,stats    ]       Phase: Concurrent Relocate                           0.000 / 0.000         2.928 / 3.220         2.928 / 3.220         2.928 / 3.220       ms
[2023-11-16T13:12:38.991+0800][gc,stats    ]       Phase: Concurrent Reset Relocation Set               0.000 / 0.000         0.003 / 0.006         0.003 / 0.006         0.003 / 0.006       ms
[2023-11-16T13:12:38.991+0800][gc,stats    ]       Phase: Concurrent Select Relocation Set              0.000 / 0.000         5.767 / 9.539         5.767 / 9.539         5.767 / 9.539       ms
[2023-11-16T13:12:38.991+0800][gc,stats    ]       Phase: Pause Mark End                                0.000 / 0.000         0.023 / 0.026         0.023 / 0.026         0.023 / 0.026       ms
[2023-11-16T13:12:38.991+0800][gc,stats    ]       Phase: Pause Mark Start                              0.000 / 0.000         0.010 / 0.014         0.010 / 0.014         0.010 / 0.014       ms
[2023-11-16T13:12:38.991+0800][gc,stats    ]       Phase: Pause Relocate Start                          0.000 / 0.000         0.014 / 0.017         0.014 / 0.017         0.014 / 0.017       ms
[2023-11-16T13:12:38.991+0800][gc,stats    ]    Subphase: Concurrent Classes Purge                      0.000 / 0.000         0.082 / 0.093         0.082 / 0.093         0.082 / 0.093       ms
[2023-11-16T13:12:38.991+0800][gc,stats    ]    Subphase: Concurrent Classes Unlink                     0.000 / 0.000         1.496 / 1.649         1.496 / 1.649         1.496 / 1.649       ms
[2023-11-16T13:12:38.991+0800][gc,stats    ]    Subphase: Concurrent Mark                               0.000 / 0.000        21.597 / 25.992       21.597 / 25.992       21.597 / 25.992      ms
[2023-11-16T13:12:38.991+0800][gc,stats    ]    Subphase: Concurrent Mark Try Flush                     0.000 / 0.000         0.068 / 0.146         0.068 / 0.146         0.068 / 0.146       ms
[2023-11-16T13:12:38.991+0800][gc,stats    ]    Subphase: Concurrent Mark Try Terminate                 0.000 / 0.000         5.693 / 15.474        5.693 / 15.474        5.693 / 15.474      ms
[2023-11-16T13:12:38.991+0800][gc,stats    ]    Subphase: Concurrent References Enqueue                 0.000 / 0.000         0.005 / 0.005         0.005 / 0.005         0.005 / 0.005       ms
[2023-11-16T13:12:38.991+0800][gc,stats    ]    Subphase: Concurrent References Process                 0.000 / 0.000         0.108 / 0.128         0.108 / 0.128         0.108 / 0.128       ms
[2023-11-16T13:12:38.991+0800][gc,stats    ]    Subphase: Concurrent Roots ClassLoaderDataGraph         0.000 / 0.000         0.162 / 0.511         0.162 / 0.511         0.162 / 0.511       ms
[2023-11-16T13:12:38.991+0800][gc,stats    ]    Subphase: Concurrent Roots CodeCache                    0.000 / 0.000         0.000 / 0.000         0.000 / 0.000         0.000 / 0.000       ms
[2023-11-16T13:12:38.991+0800][gc,stats    ]    Subphase: Concurrent Roots JavaThreads                  0.000 / 0.000         0.945 / 1.682         0.945 / 1.682         0.945 / 1.682       ms
[2023-11-16T13:12:38.991+0800][gc,stats    ]    Subphase: Concurrent Roots OopStorageSet                0.000 / 0.000         0.041 / 0.062         0.041 / 0.062         0.041 / 0.062       ms
[2023-11-16T13:12:38.991+0800][gc,stats    ]    Subphase: Concurrent Weak Roots OopStorageSet           0.000 / 0.000         0.514 / 0.770         0.514 / 0.770         0.514 / 0.770       ms
[2023-11-16T13:12:38.991+0800][gc,stats    ]    Subphase: Pause Mark Try Complete                       0.000 / 0.000         0.000 / 0.000         0.000 / 0.000         0.000 / 0.000       ms
[2023-11-16T13:12:38.991+0800][gc,stats    ]      System: Java Threads                                      0 / 0                36 / 51               36 / 51               36 / 51          threads
[2023-11-16T13:12:38.991+0800][gc,stats    ] =========================================================================================================================================================
[2023-11-16T13:12:48.994+0800][gc,stats    ] === Garbage Collection Statistics =======================================================================================================================
[2023-11-16T13:12:48.994+0800][gc,stats    ]                                                              Last 10s              Last 10m              Last 10h                Total
[2023-11-16T13:12:48.994+0800][gc,stats    ]                                                              Avg / Max             Avg / Max             Avg / Max             Avg / Max
[2023-11-16T13:12:48.994+0800][gc,stats    ]   Collector: Garbage Collection Cycle                      0.000 / 0.000        42.450 / 42.489       42.450 / 42.489       42.450 / 42.489      ms
[2023-11-16T13:12:48.994+0800][gc,stats    ]  Contention: Mark Segment Reset Contention                     0 / 0                 0 / 2                 0 / 2                 0 / 2           ops/s
[2023-11-16T13:12:48.994+0800][gc,stats    ]  Contention: Mark SeqNum Reset Contention                      0 / 0                 0 / 1                 0 / 1                 0 / 1           ops/s
[2023-11-16T13:12:48.995+0800][gc,stats    ]    Critical: Allocation Stall                                  0 / 0                 0 / 0                 0 / 0                 0 / 0           ops/s
[2023-11-16T13:12:48.995+0800][gc,stats    ]    Critical: Allocation Stall                              0.000 / 0.000         0.000 / 0.000         0.000 / 0.000         0.000 / 0.000       ms
[2023-11-16T13:12:48.995+0800][gc,stats    ]    Critical: GC Locker Stall                                   0 / 0                 0 / 0                 0 / 0                 0 / 0           ops/s
[2023-11-16T13:12:48.995+0800][gc,stats    ]    Critical: GC Locker Stall                               0.000 / 0.000         0.000 / 0.000         0.000 / 0.000         0.000 / 0.000       ms
[2023-11-16T13:12:48.995+0800][gc,stats    ]    Critical: Relocation Stall                                  0 / 0                 0 / 0                 0 / 0                 0 / 0           ops/s
[2023-11-16T13:12:48.995+0800][gc,stats    ]    Critical: Relocation Stall                              0.000 / 0.000         0.000 / 0.000         0.000 / 0.000         0.000 / 0.000       ms
[2023-11-16T13:12:48.995+0800][gc,stats    ]      Memory: Allocation Rate                                   0 / 0                 0 / 96                0 / 96                0 / 96          MB/s
[2023-11-16T13:12:48.995+0800][gc,stats    ]      Memory: Defragment                                        0 / 0                 0 / 0                 0 / 0                 0 / 0           ops/s
[2023-11-16T13:12:48.995+0800][gc,stats    ]      Memory: Out Of Memory                                     0 / 0                 0 / 0                 0 / 0                 0 / 0           ops/s
[2023-11-16T13:12:48.995+0800][gc,stats    ]      Memory: Page Cache Flush                                  0 / 0                 0 / 0                 0 / 0                 0 / 0           MB/s
[2023-11-16T13:12:48.995+0800][gc,stats    ]      Memory: Page Cache Hit L1                                 0 / 0                 0 / 38                0 / 38                0 / 38          ops/s
[2023-11-16T13:12:48.995+0800][gc,stats    ]      Memory: Page Cache Hit L2                                 0 / 0                 0 / 0                 0 / 0                 0 / 0           ops/s
[2023-11-16T13:12:48.995+0800][gc,stats    ]      Memory: Page Cache Hit L3                                 0 / 0                 0 / 48                0 / 48                0 / 48          ops/s
[2023-11-16T13:12:48.995+0800][gc,stats    ]      Memory: Page Cache Miss                                   0 / 0                 0 / 1                 0 / 1                 0 / 1           ops/s
[2023-11-16T13:12:48.995+0800][gc,stats    ]      Memory: Uncommit                                          0 / 0                 0 / 0                 0 / 0                 0 / 0           MB/s
[2023-11-16T13:12:48.995+0800][gc,stats    ]      Memory: Undo Object Allocation Failed                     0 / 0                 0 / 0                 0 / 0                 0 / 0           ops/s
[2023-11-16T13:12:48.995+0800][gc,stats    ]      Memory: Undo Object Allocation Succeeded                  0 / 0                 0 / 0                 0 / 0                 0 / 0           ops/s
[2023-11-16T13:12:48.995+0800][gc,stats    ]      Memory: Undo Page Allocation                              0 / 0                 0 / 0                 0 / 0                 0 / 0           ops/s
[2023-11-16T13:12:48.995+0800][gc,stats    ]       Phase: Concurrent Mark                               0.000 / 0.000        25.401 / 26.782       25.401 / 26.782       25.401 / 26.782      ms
[2023-11-16T13:12:48.995+0800][gc,stats    ]       Phase: Concurrent Mark Continue                      0.000 / 0.000         0.000 / 0.000         0.000 / 0.000         0.000 / 0.000       ms
[2023-11-16T13:12:48.995+0800][gc,stats    ]       Phase: Concurrent Mark Free                          0.000 / 0.000         0.001 / 0.001         0.001 / 0.001         0.001 / 0.001       ms
[2023-11-16T13:12:48.995+0800][gc,stats    ]       Phase: Concurrent Process Non-Strong References      0.000 / 0.000         2.435 / 2.758         2.435 / 2.758         2.435 / 2.758       ms
[2023-11-16T13:12:48.995+0800][gc,stats    ]       Phase: Concurrent Relocate                           0.000 / 0.000         2.928 / 3.220         2.928 / 3.220         2.928 / 3.220       ms
[2023-11-16T13:12:48.995+0800][gc,stats    ]       Phase: Concurrent Reset Relocation Set               0.000 / 0.000         0.003 / 0.006         0.003 / 0.006         0.003 / 0.006       ms
[2023-11-16T13:12:48.995+0800][gc,stats    ]       Phase: Concurrent Select Relocation Set              0.000 / 0.000         5.767 / 9.539         5.767 / 9.539         5.767 / 9.539       ms
[2023-11-16T13:12:48.995+0800][gc,stats    ]       Phase: Pause Mark End                                0.000 / 0.000         0.023 / 0.026         0.023 / 0.026         0.023 / 0.026       ms
[2023-11-16T13:12:48.995+0800][gc,stats    ]       Phase: Pause Mark Start                              0.000 / 0.000         0.010 / 0.014         0.010 / 0.014         0.010 / 0.014       ms
[2023-11-16T13:12:48.995+0800][gc,stats    ]       Phase: Pause Relocate Start                          0.000 / 0.000         0.014 / 0.017         0.014 / 0.017         0.014 / 0.017       ms
[2023-11-16T13:12:48.995+0800][gc,stats    ]    Subphase: Concurrent Classes Purge                      0.000 / 0.000         0.082 / 0.093         0.082 / 0.093         0.082 / 0.093       ms
[2023-11-16T13:12:48.995+0800][gc,stats    ]    Subphase: Concurrent Classes Unlink                     0.000 / 0.000         1.496 / 1.649         1.496 / 1.649         1.496 / 1.649       ms
[2023-11-16T13:12:48.995+0800][gc,stats    ]    Subphase: Concurrent Mark                               0.000 / 0.000        21.597 / 25.992       21.597 / 25.992       21.597 / 25.992      ms
[2023-11-16T13:12:48.995+0800][gc,stats    ]    Subphase: Concurrent Mark Try Flush                     0.000 / 0.000         0.068 / 0.146         0.068 / 0.146         0.068 / 0.146       ms
[2023-11-16T13:12:48.995+0800][gc,stats    ]    Subphase: Concurrent Mark Try Terminate                 0.000 / 0.000         5.693 / 15.474        5.693 / 15.474        5.693 / 15.474      ms
[2023-11-16T13:12:48.995+0800][gc,stats    ]    Subphase: Concurrent References Enqueue                 0.000 / 0.000         0.005 / 0.005         0.005 / 0.005         0.005 / 0.005       ms
[2023-11-16T13:12:48.995+0800][gc,stats    ]    Subphase: Concurrent References Process                 0.000 / 0.000         0.108 / 0.128         0.108 / 0.128         0.108 / 0.128       ms
[2023-11-16T13:12:48.995+0800][gc,stats    ]    Subphase: Concurrent Roots ClassLoaderDataGraph         0.000 / 0.000         0.162 / 0.511         0.162 / 0.511         0.162 / 0.511       ms
[2023-11-16T13:12:48.995+0800][gc,stats    ]    Subphase: Concurrent Roots CodeCache                    0.000 / 0.000         0.000 / 0.000         0.000 / 0.000         0.000 / 0.000       ms
[2023-11-16T13:12:48.995+0800][gc,stats    ]    Subphase: Concurrent Roots JavaThreads                  0.000 / 0.000         0.945 / 1.682         0.945 / 1.682         0.945 / 1.682       ms
[2023-11-16T13:12:48.995+0800][gc,stats    ]    Subphase: Concurrent Roots OopStorageSet                0.000 / 0.000         0.041 / 0.062         0.041 / 0.062         0.041 / 0.062       ms
[2023-11-16T13:12:48.995+0800][gc,stats    ]    Subphase: Concurrent Weak Roots OopStorageSet           0.000 / 0.000         0.514 / 0.770         0.514 / 0.770         0.514 / 0.770       ms
[2023-11-16T13:12:48.995+0800][gc,stats    ]    Subphase: Pause Mark Try Complete                       0.000 / 0.000         0.000 / 0.000         0.000 / 0.000         0.000 / 0.000       ms
[2023-11-16T13:12:48.995+0800][gc,stats    ]      System: Java Threads                                      0 / 0                36 / 51               36 / 51               36 / 51          threads
[2023-11-16T13:12:48.995+0800][gc,stats    ] =========================================================================================================================================================
[2023-11-16T13:12:58.996+0800][gc,stats    ] === Garbage Collection Statistics =======================================================================================================================
[2023-11-16T13:12:58.996+0800][gc,stats    ]                                                              Last 10s              Last 10m              Last 10h                Total
[2023-11-16T13:12:58.996+0800][gc,stats    ]                                                              Avg / Max             Avg / Max             Avg / Max             Avg / Max
[2023-11-16T13:12:58.996+0800][gc,stats    ]   Collector: Garbage Collection Cycle                      0.000 / 0.000        42.450 / 42.489       42.450 / 42.489       42.450 / 42.489      ms
[2023-11-16T13:12:58.996+0800][gc,stats    ]  Contention: Mark Segment Reset Contention                     0 / 0                 0 / 2                 0 / 2                 0 / 2           ops/s
[2023-11-16T13:12:58.996+0800][gc,stats    ]  Contention: Mark SeqNum Reset Contention                      0 / 0                 0 / 1                 0 / 1                 0 / 1           ops/s
[2023-11-16T13:12:58.996+0800][gc,stats    ]    Critical: Allocation Stall                                  0 / 0                 0 / 0                 0 / 0                 0 / 0           ops/s
[2023-11-16T13:12:58.996+0800][gc,stats    ]    Critical: Allocation Stall                              0.000 / 0.000         0.000 / 0.000         0.000 / 0.000         0.000 / 0.000       ms
[2023-11-16T13:12:58.996+0800][gc,stats    ]    Critical: GC Locker Stall                                   0 / 0                 0 / 0                 0 / 0                 0 / 0           ops/s
[2023-11-16T13:12:58.996+0800][gc,stats    ]    Critical: GC Locker Stall                               0.000 / 0.000         0.000 / 0.000         0.000 / 0.000         0.000 / 0.000       ms
[2023-11-16T13:12:58.996+0800][gc,stats    ]    Critical: Relocation Stall                                  0 / 0                 0 / 0                 0 / 0                 0 / 0           ops/s
[2023-11-16T13:12:58.996+0800][gc,stats    ]    Critical: Relocation Stall                              0.000 / 0.000         0.000 / 0.000         0.000 / 0.000         0.000 / 0.000       ms
[2023-11-16T13:12:58.996+0800][gc,stats    ]      Memory: Allocation Rate                                   0 / 0                 0 / 96                0 / 96                0 / 96          MB/s
[2023-11-16T13:12:58.996+0800][gc,stats    ]      Memory: Defragment                                        0 / 0                 0 / 0                 0 / 0                 0 / 0           ops/s
[2023-11-16T13:12:58.996+0800][gc,stats    ]      Memory: Out Of Memory                                     0 / 0                 0 / 0                 0 / 0                 0 / 0           ops/s
[2023-11-16T13:12:58.996+0800][gc,stats    ]      Memory: Page Cache Flush                                  0 / 0                 0 / 0                 0 / 0                 0 / 0           MB/s
[2023-11-16T13:12:58.996+0800][gc,stats    ]      Memory: Page Cache Hit L1                                 0 / 0                 0 / 38                0 / 38                0 / 38          ops/s
[2023-11-16T13:12:58.996+0800][gc,stats    ]      Memory: Page Cache Hit L2                                 0 / 0                 0 / 0                 0 / 0                 0 / 0           ops/s
[2023-11-16T13:12:58.996+0800][gc,stats    ]      Memory: Page Cache Hit L3                                 0 / 0                 0 / 48                0 / 48                0 / 48          ops/s
[2023-11-16T13:12:58.996+0800][gc,stats    ]      Memory: Page Cache Miss                                   0 / 0                 0 / 1                 0 / 1                 0 / 1           ops/s
[2023-11-16T13:12:58.996+0800][gc,stats    ]      Memory: Uncommit                                          0 / 0                 0 / 0                 0 / 0                 0 / 0           MB/s
[2023-11-16T13:12:58.996+0800][gc,stats    ]      Memory: Undo Object Allocation Failed                     0 / 0                 0 / 0                 0 / 0                 0 / 0           ops/s
[2023-11-16T13:12:58.996+0800][gc,stats    ]      Memory: Undo Object Allocation Succeeded                  0 / 0                 0 / 0                 0 / 0                 0 / 0           ops/s
[2023-11-16T13:12:58.996+0800][gc,stats    ]      Memory: Undo Page Allocation                              0 / 0                 0 / 0                 0 / 0                 0 / 0           ops/s
[2023-11-16T13:12:58.996+0800][gc,stats    ]       Phase: Concurrent Mark                               0.000 / 0.000        25.401 / 26.782       25.401 / 26.782       25.401 / 26.782      ms
[2023-11-16T13:12:58.996+0800][gc,stats    ]       Phase: Concurrent Mark Continue                      0.000 / 0.000         0.000 / 0.000         0.000 / 0.000         0.000 / 0.000       ms
[2023-11-16T13:12:58.996+0800][gc,stats    ]       Phase: Concurrent Mark Free                          0.000 / 0.000         0.001 / 0.001         0.001 / 0.001         0.001 / 0.001       ms
[2023-11-16T13:12:58.996+0800][gc,stats    ]       Phase: Concurrent Process Non-Strong References      0.000 / 0.000         2.435 / 2.758         2.435 / 2.758         2.435 / 2.758       ms
[2023-11-16T13:12:58.996+0800][gc,stats    ]       Phase: Concurrent Relocate                           0.000 / 0.000         2.928 / 3.220         2.928 / 3.220         2.928 / 3.220       ms
[2023-11-16T13:12:58.996+0800][gc,stats    ]       Phase: Concurrent Reset Relocation Set               0.000 / 0.000         0.003 / 0.006         0.003 / 0.006         0.003 / 0.006       ms
[2023-11-16T13:12:58.996+0800][gc,stats    ]       Phase: Concurrent Select Relocation Set              0.000 / 0.000         5.767 / 9.539         5.767 / 9.539         5.767 / 9.539       ms
[2023-11-16T13:12:58.996+0800][gc,stats    ]       Phase: Pause Mark End                                0.000 / 0.000         0.023 / 0.026         0.023 / 0.026         0.023 / 0.026       ms
[2023-11-16T13:12:58.996+0800][gc,stats    ]       Phase: Pause Mark Start                              0.000 / 0.000         0.010 / 0.014         0.010 / 0.014         0.010 / 0.014       ms
[2023-11-16T13:12:58.996+0800][gc,stats    ]       Phase: Pause Relocate Start                          0.000 / 0.000         0.014 / 0.017         0.014 / 0.017         0.014 / 0.017       ms
[2023-11-16T13:12:58.996+0800][gc,stats    ]    Subphase: Concurrent Classes Purge                      0.000 / 0.000         0.082 / 0.093         0.082 / 0.093         0.082 / 0.093       ms
[2023-11-16T13:12:58.996+0800][gc,stats    ]    Subphase: Concurrent Classes Unlink                     0.000 / 0.000         1.496 / 1.649         1.496 / 1.649         1.496 / 1.649       ms
[2023-11-16T13:12:58.996+0800][gc,stats    ]    Subphase: Concurrent Mark                               0.000 / 0.000        21.597 / 25.992       21.597 / 25.992       21.597 / 25.992      ms
[2023-11-16T13:12:58.996+0800][gc,stats    ]    Subphase: Concurrent Mark Try Flush                     0.000 / 0.000         0.068 / 0.146         0.068 / 0.146         0.068 / 0.146       ms
[2023-11-16T13:12:58.996+0800][gc,stats    ]    Subphase: Concurrent Mark Try Terminate                 0.000 / 0.000         5.693 / 15.474        5.693 / 15.474        5.693 / 15.474      ms
[2023-11-16T13:12:58.996+0800][gc,stats    ]    Subphase: Concurrent References Enqueue                 0.000 / 0.000         0.005 / 0.005         0.005 / 0.005         0.005 / 0.005       ms
[2023-11-16T13:12:58.996+0800][gc,stats    ]    Subphase: Concurrent References Process                 0.000 / 0.000         0.108 / 0.128         0.108 / 0.128         0.108 / 0.128       ms
[2023-11-16T13:12:58.996+0800][gc,stats    ]    Subphase: Concurrent Roots ClassLoaderDataGraph         0.000 / 0.000         0.162 / 0.511         0.162 / 0.511         0.162 / 0.511       ms
[2023-11-16T13:12:58.996+0800][gc,stats    ]    Subphase: Concurrent Roots CodeCache                    0.000 / 0.000         0.000 / 0.000         0.000 / 0.000         0.000 / 0.000       ms
[2023-11-16T13:12:58.996+0800][gc,stats    ]    Subphase: Concurrent Roots JavaThreads                  0.000 / 0.000         0.945 / 1.682         0.945 / 1.682         0.945 / 1.682       ms
[2023-11-16T13:12:58.996+0800][gc,stats    ]    Subphase: Concurrent Roots OopStorageSet                0.000 / 0.000         0.041 / 0.062         0.041 / 0.062         0.041 / 0.062       ms
[2023-11-16T13:12:58.996+0800][gc,stats    ]    Subphase: Concurrent Weak Roots OopStorageSet           0.000 / 0.000         0.514 / 0.770         0.514 / 0.770         0.514 / 0.770       ms
[2023-11-16T13:12:58.996+0800][gc,stats    ]    Subphase: Pause Mark Try Complete                       0.000 / 0.000         0.000 / 0.000         0.000 / 0.000         0.000 / 0.000       ms
[2023-11-16T13:12:58.996+0800][gc,stats    ]      System: Java Threads                                      0 / 0                36 / 51               36 / 51               36 / 51          threads
[2023-11-16T13:12:58.996+0800][gc,stats    ] =========================================================================================================================================================
[2023-11-16T13:13:08.996+0800][gc,stats    ] === Garbage Collection Statistics =======================================================================================================================
[2023-11-16T13:13:08.996+0800][gc,stats    ]                                                              Last 10s              Last 10m              Last 10h                Total
[2023-11-16T13:13:08.996+0800][gc,stats    ]                                                              Avg / Max             Avg / Max             Avg / Max             Avg / Max
[2023-11-16T13:13:08.996+0800][gc,stats    ]   Collector: Garbage Collection Cycle                      0.000 / 0.000         0.000 / 0.000        42.450 / 42.489       42.450 / 42.489      ms
[2023-11-16T13:13:08.996+0800][gc,stats    ]  Contention: Mark Segment Reset Contention                     0 / 0                 0 / 0                 0 / 2                 0 / 2           ops/s
[2023-11-16T13:13:08.996+0800][gc,stats    ]  Contention: Mark SeqNum Reset Contention                      0 / 0                 0 / 0                 0 / 1                 0 / 1           ops/s
[2023-11-16T13:13:08.996+0800][gc,stats    ]    Critical: Allocation Stall                                  0 / 0                 0 / 0                 0 / 0                 0 / 0           ops/s
[2023-11-16T13:13:08.996+0800][gc,stats    ]    Critical: Allocation Stall                              0.000 / 0.000         0.000 / 0.000         0.000 / 0.000         0.000 / 0.000       ms
[2023-11-16T13:13:08.996+0800][gc,stats    ]    Critical: GC Locker Stall                                   0 / 0                 0 / 0                 0 / 0                 0 / 0           ops/s
[2023-11-16T13:13:08.996+0800][gc,stats    ]    Critical: GC Locker Stall                               0.000 / 0.000         0.000 / 0.000         0.000 / 0.000         0.000 / 0.000       ms
[2023-11-16T13:13:08.996+0800][gc,stats    ]    Critical: Relocation Stall                                  0 / 0                 0 / 0                 0 / 0                 0 / 0           ops/s
[2023-11-16T13:13:08.996+0800][gc,stats    ]    Critical: Relocation Stall                              0.000 / 0.000         0.000 / 0.000         0.000 / 0.000         0.000 / 0.000       ms
[2023-11-16T13:13:08.996+0800][gc,stats    ]      Memory: Allocation Rate                                   0 / 0                 0 / 10                0 / 96                0 / 96          MB/s
[2023-11-16T13:13:08.996+0800][gc,stats    ]      Memory: Defragment                                        0 / 0                 0 / 0                 0 / 0                 0 / 0           ops/s
[2023-11-16T13:13:08.996+0800][gc,stats    ]      Memory: Out Of Memory                                     0 / 0                 0 / 0                 0 / 0                 0 / 0           ops/s
[2023-11-16T13:13:08.996+0800][gc,stats    ]      Memory: Page Cache Flush                                  0 / 0                 0 / 0                 0 / 0                 0 / 0           MB/s
[2023-11-16T13:13:08.996+0800][gc,stats    ]      Memory: Page Cache Hit L1                                 0 / 0                 0 / 5                 0 / 38                0 / 38          ops/s
[2023-11-16T13:13:08.996+0800][gc,stats    ]      Memory: Page Cache Hit L2                                 0 / 0                 0 / 0                 0 / 0                 0 / 0           ops/s
[2023-11-16T13:13:08.996+0800][gc,stats    ]      Memory: Page Cache Hit L3                                 0 / 0                 0 / 1                 0 / 48                0 / 48          ops/s
[2023-11-16T13:13:08.996+0800][gc,stats    ]      Memory: Page Cache Miss                                   0 / 0                 0 / 0                 0 / 1                 0 / 1           ops/s
[2023-11-16T13:13:08.996+0800][gc,stats    ]      Memory: Uncommit                                          0 / 0                 0 / 0                 0 / 0                 0 / 0           MB/s
[2023-11-16T13:13:08.996+0800][gc,stats    ]      Memory: Undo Object Allocation Failed                     0 / 0                 0 / 0                 0 / 0                 0 / 0           ops/s
[2023-11-16T13:13:08.996+0800][gc,stats    ]      Memory: Undo Object Allocation Succeeded                  0 / 0                 0 / 0                 0 / 0                 0 / 0           ops/s
[2023-11-16T13:13:08.996+0800][gc,stats    ]      Memory: Undo Page Allocation                              0 / 0                 0 / 0                 0 / 0                 0 / 0           ops/s
[2023-11-16T13:13:08.996+0800][gc,stats    ]       Phase: Concurrent Mark                               0.000 / 0.000         0.000 / 0.000        25.401 / 26.782       25.401 / 26.782      ms
[2023-11-16T13:13:08.996+0800][gc,stats    ]       Phase: Concurrent Mark Continue                      0.000 / 0.000         0.000 / 0.000         0.000 / 0.000         0.000 / 0.000       ms
[2023-11-16T13:13:08.996+0800][gc,stats    ]       Phase: Concurrent Mark Free                          0.000 / 0.000         0.000 / 0.000         0.001 / 0.001         0.001 / 0.001       ms
[2023-11-16T13:13:08.996+0800][gc,stats    ]       Phase: Concurrent Process Non-Strong References      0.000 / 0.000         0.000 / 0.000         2.435 / 2.758         2.435 / 2.758       ms
[2023-11-16T13:13:08.996+0800][gc,stats    ]       Phase: Concurrent Relocate                           0.000 / 0.000         0.000 / 0.000         2.928 / 3.220         2.928 / 3.220       ms
[2023-11-16T13:13:08.996+0800][gc,stats    ]       Phase: Concurrent Reset Relocation Set               0.000 / 0.000         0.000 / 0.000         0.003 / 0.006         0.003 / 0.006       ms
[2023-11-16T13:13:08.996+0800][gc,stats    ]       Phase: Concurrent Select Relocation Set              0.000 / 0.000         0.000 / 0.000         5.767 / 9.539         5.767 / 9.539       ms
[2023-11-16T13:13:08.996+0800][gc,stats    ]       Phase: Pause Mark End                                0.000 / 0.000         0.000 / 0.000         0.023 / 0.026         0.023 / 0.026       ms
[2023-11-16T13:13:08.996+0800][gc,stats    ]       Phase: Pause Mark Start                              0.000 / 0.000         0.000 / 0.000         0.010 / 0.014         0.010 / 0.014       ms
[2023-11-16T13:13:08.996+0800][gc,stats    ]       Phase: Pause Relocate Start                          0.000 / 0.000         0.000 / 0.000         0.014 / 0.017         0.014 / 0.017       ms
[2023-11-16T13:13:08.996+0800][gc,stats    ]    Subphase: Concurrent Classes Purge                      0.000 / 0.000         0.000 / 0.000         0.082 / 0.093         0.082 / 0.093       ms
[2023-11-16T13:13:08.996+0800][gc,stats    ]    Subphase: Concurrent Classes Unlink                     0.000 / 0.000         0.000 / 0.000         1.496 / 1.649         1.496 / 1.649       ms
[2023-11-16T13:13:08.996+0800][gc,stats    ]    Subphase: Concurrent Mark                               0.000 / 0.000         0.000 / 0.000        21.597 / 25.992       21.597 / 25.992      ms
[2023-11-16T13:13:08.996+0800][gc,stats    ]    Subphase: Concurrent Mark Try Flush                     0.000 / 0.000         0.000 / 0.000         0.068 / 0.146         0.068 / 0.146       ms
[2023-11-16T13:13:08.996+0800][gc,stats    ]    Subphase: Concurrent Mark Try Terminate                 0.000 / 0.000         0.000 / 0.000         5.693 / 15.474        5.693 / 15.474      ms
[2023-11-16T13:13:08.996+0800][gc,stats    ]    Subphase: Concurrent References Enqueue                 0.000 / 0.000         0.000 / 0.000         0.005 / 0.005         0.005 / 0.005       ms
[2023-11-16T13:13:08.996+0800][gc,stats    ]    Subphase: Concurrent References Process                 0.000 / 0.000         0.000 / 0.000         0.108 / 0.128         0.108 / 0.128       ms
[2023-11-16T13:13:08.996+0800][gc,stats    ]    Subphase: Concurrent Roots ClassLoaderDataGraph         0.000 / 0.000         0.000 / 0.000         0.162 / 0.511         0.162 / 0.511       ms
[2023-11-16T13:13:08.996+0800][gc,stats    ]    Subphase: Concurrent Roots CodeCache                    0.000 / 0.000         0.000 / 0.000         0.000 / 0.000         0.000 / 0.000       ms
[2023-11-16T13:13:08.996+0800][gc,stats    ]    Subphase: Concurrent Roots JavaThreads                  0.000 / 0.000         0.000 / 0.000         0.945 / 1.682         0.945 / 1.682       ms
[2023-11-16T13:13:08.996+0800][gc,stats    ]    Subphase: Concurrent Roots OopStorageSet                0.000 / 0.000         0.000 / 0.000         0.041 / 0.062         0.041 / 0.062       ms
[2023-11-16T13:13:08.996+0800][gc,stats    ]    Subphase: Concurrent Weak Roots OopStorageSet           0.000 / 0.000         0.000 / 0.000         0.514 / 0.770         0.514 / 0.770       ms
[2023-11-16T13:13:08.996+0800][gc,stats    ]    Subphase: Pause Mark Try Complete                       0.000 / 0.000         0.000 / 0.000         0.000 / 0.000         0.000 / 0.000       ms
[2023-11-16T13:13:08.996+0800][gc,stats    ]      System: Java Threads                                      0 / 0                 0 / 0                36 / 51               36 / 51          threads
[2023-11-16T13:13:08.996+0800][gc,stats    ] =========================================================================================================================================================
[2023-11-16T13:13:18.991+0800][gc,stats    ] === Garbage Collection Statistics =======================================================================================================================
[2023-11-16T13:13:18.991+0800][gc,stats    ]                                                              Last 10s              Last 10m              Last 10h                Total
[2023-11-16T13:13:18.991+0800][gc,stats    ]                                                              Avg / Max             Avg / Max             Avg / Max             Avg / Max
[2023-11-16T13:13:18.991+0800][gc,stats    ]   Collector: Garbage Collection Cycle                      0.000 / 0.000         0.000 / 0.000        42.450 / 42.489       42.450 / 42.489      ms
[2023-11-16T13:13:18.991+0800][gc,stats    ]  Contention: Mark Segment Reset Contention                     0 / 0                 0 / 0                 0 / 2                 0 / 2           ops/s
[2023-11-16T13:13:18.991+0800][gc,stats    ]  Contention: Mark SeqNum Reset Contention                      0 / 0                 0 / 0                 0 / 1                 0 / 1           ops/s
[2023-11-16T13:13:18.991+0800][gc,stats    ]    Critical: Allocation Stall                                  0 / 0                 0 / 0                 0 / 0                 0 / 0           ops/s
[2023-11-16T13:13:18.991+0800][gc,stats    ]    Critical: Allocation Stall                              0.000 / 0.000         0.000 / 0.000         0.000 / 0.000         0.000 / 0.000       ms
[2023-11-16T13:13:18.991+0800][gc,stats    ]    Critical: GC Locker Stall                                   0 / 0                 0 / 0                 0 / 0                 0 / 0           ops/s
[2023-11-16T13:13:18.991+0800][gc,stats    ]    Critical: GC Locker Stall                               0.000 / 0.000         0.000 / 0.000         0.000 / 0.000         0.000 / 0.000       ms
[2023-11-16T13:13:18.991+0800][gc,stats    ]    Critical: Relocation Stall                                  0 / 0                 0 / 0                 0 / 0                 0 / 0           ops/s
[2023-11-16T13:13:18.991+0800][gc,stats    ]    Critical: Relocation Stall                              0.000 / 0.000         0.000 / 0.000         0.000 / 0.000         0.000 / 0.000       ms
[2023-11-16T13:13:18.991+0800][gc,stats    ]      Memory: Allocation Rate                                   0 / 6                 0 / 10                0 / 96                0 / 96          MB/s
[2023-11-16T13:13:18.991+0800][gc,stats    ]      Memory: Defragment                                        0 / 0                 0 / 0                 0 / 0                 0 / 0           ops/s
[2023-11-16T13:13:18.991+0800][gc,stats    ]      Memory: Out Of Memory                                     0 / 0                 0 / 0                 0 / 0                 0 / 0           ops/s
[2023-11-16T13:13:18.991+0800][gc,stats    ]      Memory: Page Cache Flush                                  0 / 0                 0 / 0                 0 / 0                 0 / 0           MB/s
[2023-11-16T13:13:18.991+0800][gc,stats    ]      Memory: Page Cache Hit L1                                 0 / 0                 0 / 5                 0 / 38                0 / 38          ops/s
[2023-11-16T13:13:18.991+0800][gc,stats    ]      Memory: Page Cache Hit L2                                 0 / 0                 0 / 0                 0 / 0                 0 / 0           ops/s
[2023-11-16T13:13:18.991+0800][gc,stats    ]      Memory: Page Cache Hit L3                                 0 / 3                 0 / 3                 0 / 48                0 / 48          ops/s
[2023-11-16T13:13:18.991+0800][gc,stats    ]      Memory: Page Cache Miss                                   0 / 0                 0 / 0                 0 / 1                 0 / 1           ops/s
[2023-11-16T13:13:18.991+0800][gc,stats    ]      Memory: Uncommit                                          0 / 0                 0 / 0                 0 / 0                 0 / 0           MB/s
[2023-11-16T13:13:18.991+0800][gc,stats    ]      Memory: Undo Object Allocation Failed                     0 / 0                 0 / 0                 0 / 0                 0 / 0           ops/s
[2023-11-16T13:13:18.991+0800][gc,stats    ]      Memory: Undo Object Allocation Succeeded                  0 / 0                 0 / 0                 0 / 0                 0 / 0           ops/s
[2023-11-16T13:13:18.991+0800][gc,stats    ]      Memory: Undo Page Allocation                              0 / 0                 0 / 0                 0 / 0                 0 / 0           ops/s
[2023-11-16T13:13:18.991+0800][gc,stats    ]       Phase: Concurrent Mark                               0.000 / 0.000         0.000 / 0.000        25.401 / 26.782       25.401 / 26.782      ms
[2023-11-16T13:13:18.991+0800][gc,stats    ]       Phase: Concurrent Mark Continue                      0.000 / 0.000         0.000 / 0.000         0.000 / 0.000         0.000 / 0.000       ms
[2023-11-16T13:13:18.991+0800][gc,stats    ]       Phase: Concurrent Mark Free                          0.000 / 0.000         0.000 / 0.000         0.001 / 0.001         0.001 / 0.001       ms
[2023-11-16T13:13:18.991+0800][gc,stats    ]       Phase: Concurrent Process Non-Strong References      0.000 / 0.000         0.000 / 0.000         2.435 / 2.758         2.435 / 2.758       ms
[2023-11-16T13:13:18.991+0800][gc,stats    ]       Phase: Concurrent Relocate                           0.000 / 0.000         0.000 / 0.000         2.928 / 3.220         2.928 / 3.220       ms
[2023-11-16T13:13:18.991+0800][gc,stats    ]       Phase: Concurrent Reset Relocation Set               0.000 / 0.000         0.000 / 0.000         0.003 / 0.006         0.003 / 0.006       ms
[2023-11-16T13:13:18.991+0800][gc,stats    ]       Phase: Concurrent Select Relocation Set              0.000 / 0.000         0.000 / 0.000         5.767 / 9.539         5.767 / 9.539       ms
[2023-11-16T13:13:18.991+0800][gc,stats    ]       Phase: Pause Mark End                                0.000 / 0.000         0.000 / 0.000         0.023 / 0.026         0.023 / 0.026       ms
[2023-11-16T13:13:18.991+0800][gc,stats    ]       Phase: Pause Mark Start                              0.000 / 0.000         0.000 / 0.000         0.010 / 0.014         0.010 / 0.014       ms
[2023-11-16T13:13:18.991+0800][gc,stats    ]       Phase: Pause Relocate Start                          0.000 / 0.000         0.000 / 0.000         0.014 / 0.017         0.014 / 0.017       ms
[2023-11-16T13:13:18.991+0800][gc,stats    ]    Subphase: Concurrent Classes Purge                      0.000 / 0.000         0.000 / 0.000         0.082 / 0.093         0.082 / 0.093       ms
[2023-11-16T13:13:18.991+0800][gc,stats    ]    Subphase: Concurrent Classes Unlink                     0.000 / 0.000         0.000 / 0.000         1.496 / 1.649         1.496 / 1.649       ms
[2023-11-16T13:13:18.991+0800][gc,stats    ]    Subphase: Concurrent Mark                               0.000 / 0.000         0.000 / 0.000        21.597 / 25.992       21.597 / 25.992      ms
[2023-11-16T13:13:18.991+0800][gc,stats    ]    Subphase: Concurrent Mark Try Flush                     0.000 / 0.000         0.000 / 0.000         0.068 / 0.146         0.068 / 0.146       ms
[2023-11-16T13:13:18.991+0800][gc,stats    ]    Subphase: Concurrent Mark Try Terminate                 0.000 / 0.000         0.000 / 0.000         5.693 / 15.474        5.693 / 15.474      ms
[2023-11-16T13:13:18.991+0800][gc,stats    ]    Subphase: Concurrent References Enqueue                 0.000 / 0.000         0.000 / 0.000         0.005 / 0.005         0.005 / 0.005       ms
[2023-11-16T13:13:18.991+0800][gc,stats    ]    Subphase: Concurrent References Process                 0.000 / 0.000         0.000 / 0.000         0.108 / 0.128         0.108 / 0.128       ms
[2023-11-16T13:13:18.991+0800][gc,stats    ]    Subphase: Concurrent Roots ClassLoaderDataGraph         0.000 / 0.000         0.000 / 0.000         0.162 / 0.511         0.162 / 0.511       ms
[2023-11-16T13:13:18.991+0800][gc,stats    ]    Subphase: Concurrent Roots CodeCache                    0.000 / 0.000         0.000 / 0.000         0.000 / 0.000         0.000 / 0.000       ms
[2023-11-16T13:13:18.991+0800][gc,stats    ]    Subphase: Concurrent Roots JavaThreads                  0.000 / 0.000         0.000 / 0.000         0.945 / 1.682         0.945 / 1.682       ms
[2023-11-16T13:13:18.991+0800][gc,stats    ]    Subphase: Concurrent Roots OopStorageSet                0.000 / 0.000         0.000 / 0.000         0.041 / 0.062         0.041 / 0.062       ms
[2023-11-16T13:13:18.991+0800][gc,stats    ]    Subphase: Concurrent Weak Roots OopStorageSet           0.000 / 0.000         0.000 / 0.000         0.514 / 0.770         0.514 / 0.770       ms
[2023-11-16T13:13:18.991+0800][gc,stats    ]    Subphase: Pause Mark Try Complete                       0.000 / 0.000         0.000 / 0.000         0.000 / 0.000         0.000 / 0.000       ms
[2023-11-16T13:13:18.991+0800][gc,stats    ]      System: Java Threads                                      0 / 0                 0 / 0                36 / 51               36 / 51          threads
[2023-11-16T13:13:18.991+0800][gc,stats    ] =========================================================================================================================================================
[2023-11-16T13:13:28.999+0800][gc,stats    ] === Garbage Collection Statistics =======================================================================================================================
[2023-11-16T13:13:28.999+0800][gc,stats    ]                                                              Last 10s              Last 10m              Last 10h                Total
[2023-11-16T13:13:28.999+0800][gc,stats    ]                                                              Avg / Max             Avg / Max             Avg / Max             Avg / Max
[2023-11-16T13:13:28.999+0800][gc,stats    ]   Collector: Garbage Collection Cycle                      0.000 / 0.000         0.000 / 0.000        42.450 / 42.489       42.450 / 42.489      ms
[2023-11-16T13:13:28.999+0800][gc,stats    ]  Contention: Mark Segment Reset Contention                     0 / 0                 0 / 0                 0 / 2                 0 / 2           ops/s
[2023-11-16T13:13:28.999+0800][gc,stats    ]  Contention: Mark SeqNum Reset Contention                      0 / 0                 0 / 0                 0 / 1                 0 / 1           ops/s
[2023-11-16T13:13:28.999+0800][gc,stats    ]    Critical: Allocation Stall                                  0 / 0                 0 / 0                 0 / 0                 0 / 0           ops/s
[2023-11-16T13:13:28.999+0800][gc,stats    ]    Critical: Allocation Stall                              0.000 / 0.000         0.000 / 0.000         0.000 / 0.000         0.000 / 0.000       ms
[2023-11-16T13:13:28.999+0800][gc,stats    ]    Critical: GC Locker Stall                                   0 / 0                 0 / 0                 0 / 0                 0 / 0           ops/s
[2023-11-16T13:13:28.999+0800][gc,stats    ]    Critical: GC Locker Stall                               0.000 / 0.000         0.000 / 0.000         0.000 / 0.000         0.000 / 0.000       ms
[2023-11-16T13:13:28.999+0800][gc,stats    ]    Critical: Relocation Stall                                  0 / 0                 0 / 0                 0 / 0                 0 / 0           ops/s
[2023-11-16T13:13:28.999+0800][gc,stats    ]    Critical: Relocation Stall                              0.000 / 0.000         0.000 / 0.000         0.000 / 0.000         0.000 / 0.000       ms
[2023-11-16T13:13:28.999+0800][gc,stats    ]      Memory: Allocation Rate                                   0 / 0                 0 / 10                0 / 96                0 / 96          MB/s
[2023-11-16T13:13:28.999+0800][gc,stats    ]      Memory: Defragment                                        0 / 0                 0 / 0                 0 / 0                 0 / 0           ops/s
[2023-11-16T13:13:28.999+0800][gc,stats    ]      Memory: Out Of Memory                                     0 / 0                 0 / 0                 0 / 0                 0 / 0           ops/s
[2023-11-16T13:13:28.999+0800][gc,stats    ]      Memory: Page Cache Flush                                  0 / 0                 0 / 0                 0 / 0                 0 / 0           MB/s
[2023-11-16T13:13:28.999+0800][gc,stats    ]      Memory: Page Cache Hit L1                                 0 / 0                 0 / 5                 0 / 38                0 / 38          ops/s
[2023-11-16T13:13:28.999+0800][gc,stats    ]      Memory: Page Cache Hit L2                                 0 / 0                 0 / 0                 0 / 0                 0 / 0           ops/s
[2023-11-16T13:13:28.999+0800][gc,stats    ]      Memory: Page Cache Hit L3                                 0 / 0                 0 / 3                 0 / 48                0 / 48          ops/s
[2023-11-16T13:13:28.999+0800][gc,stats    ]      Memory: Page Cache Miss                                   0 / 0                 0 / 0                 0 / 1                 0 / 1           ops/s
[2023-11-16T13:13:28.999+0800][gc,stats    ]      Memory: Uncommit                                          0 / 0                 0 / 0                 0 / 0                 0 / 0           MB/s
[2023-11-16T13:13:28.999+0800][gc,stats    ]      Memory: Undo Object Allocation Failed                     0 / 0                 0 / 0                 0 / 0                 0 / 0           ops/s
[2023-11-16T13:13:28.999+0800][gc,stats    ]      Memory: Undo Object Allocation Succeeded                  0 / 0                 0 / 0                 0 / 0                 0 / 0           ops/s
[2023-11-16T13:13:28.999+0800][gc,stats    ]      Memory: Undo Page Allocation                              0 / 0                 0 / 0                 0 / 0                 0 / 0           ops/s
[2023-11-16T13:13:28.999+0800][gc,stats    ]       Phase: Concurrent Mark                               0.000 / 0.000         0.000 / 0.000        25.401 / 26.782       25.401 / 26.782      ms
[2023-11-16T13:13:28.999+0800][gc,stats    ]       Phase: Concurrent Mark Continue                      0.000 / 0.000         0.000 / 0.000         0.000 / 0.000         0.000 / 0.000       ms
[2023-11-16T13:13:28.999+0800][gc,stats    ]       Phase: Concurrent Mark Free                          0.000 / 0.000         0.000 / 0.000         0.001 / 0.001         0.001 / 0.001       ms
[2023-11-16T13:13:28.999+0800][gc,stats    ]       Phase: Concurrent Process Non-Strong References      0.000 / 0.000         0.000 / 0.000         2.435 / 2.758         2.435 / 2.758       ms
[2023-11-16T13:13:28.999+0800][gc,stats    ]       Phase: Concurrent Relocate                           0.000 / 0.000         0.000 / 0.000         2.928 / 3.220         2.928 / 3.220       ms
[2023-11-16T13:13:28.999+0800][gc,stats    ]       Phase: Concurrent Reset Relocation Set               0.000 / 0.000         0.000 / 0.000         0.003 / 0.006         0.003 / 0.006       ms
[2023-11-16T13:13:28.999+0800][gc,stats    ]       Phase: Concurrent Select Relocation Set              0.000 / 0.000         0.000 / 0.000         5.767 / 9.539         5.767 / 9.539       ms
[2023-11-16T13:13:28.999+0800][gc,stats    ]       Phase: Pause Mark End                                0.000 / 0.000         0.000 / 0.000         0.023 / 0.026         0.023 / 0.026       ms
[2023-11-16T13:13:28.999+0800][gc,stats    ]       Phase: Pause Mark Start                              0.000 / 0.000         0.000 / 0.000         0.010 / 0.014         0.010 / 0.014       ms
[2023-11-16T13:13:28.999+0800][gc,stats    ]       Phase: Pause Relocate Start                          0.000 / 0.000         0.000 / 0.000         0.014 / 0.017         0.014 / 0.017       ms
[2023-11-16T13:13:28.999+0800][gc,stats    ]    Subphase: Concurrent Classes Purge                      0.000 / 0.000         0.000 / 0.000         0.082 / 0.093         0.082 / 0.093       ms
[2023-11-16T13:13:28.999+0800][gc,stats    ]    Subphase: Concurrent Classes Unlink                     0.000 / 0.000         0.000 / 0.000         1.496 / 1.649         1.496 / 1.649       ms
[2023-11-16T13:13:28.999+0800][gc,stats    ]    Subphase: Concurrent Mark                               0.000 / 0.000         0.000 / 0.000        21.597 / 25.992       21.597 / 25.992      ms
[2023-11-16T13:13:28.999+0800][gc,stats    ]    Subphase: Concurrent Mark Try Flush                     0.000 / 0.000         0.000 / 0.000         0.068 / 0.146         0.068 / 0.146       ms
[2023-11-16T13:13:28.999+0800][gc,stats    ]    Subphase: Concurrent Mark Try Terminate                 0.000 / 0.000         0.000 / 0.000         5.693 / 15.474        5.693 / 15.474      ms
[2023-11-16T13:13:28.999+0800][gc,stats    ]    Subphase: Concurrent References Enqueue                 0.000 / 0.000         0.000 / 0.000         0.005 / 0.005         0.005 / 0.005       ms
[2023-11-16T13:13:28.999+0800][gc,stats    ]    Subphase: Concurrent References Process                 0.000 / 0.000         0.000 / 0.000         0.108 / 0.128         0.108 / 0.128       ms
[2023-11-16T13:13:28.999+0800][gc,stats    ]    Subphase: Concurrent Roots ClassLoaderDataGraph         0.000 / 0.000         0.000 / 0.000         0.162 / 0.511         0.162 / 0.511       ms
[2023-11-16T13:13:29.000+0800][gc,stats    ]    Subphase: Concurrent Roots CodeCache                    0.000 / 0.000         0.000 / 0.000         0.000 / 0.000         0.000 / 0.000       ms
[2023-11-16T13:13:29.000+0800][gc,stats    ]    Subphase: Concurrent Roots JavaThreads                  0.000 / 0.000         0.000 / 0.000         0.945 / 1.682         0.945 / 1.682       ms
[2023-11-16T13:13:29.000+0800][gc,stats    ]    Subphase: Concurrent Roots OopStorageSet                0.000 / 0.000         0.000 / 0.000         0.041 / 0.062         0.041 / 0.062       ms
[2023-11-16T13:13:29.000+0800][gc,stats    ]    Subphase: Concurrent Weak Roots OopStorageSet           0.000 / 0.000         0.000 / 0.000         0.514 / 0.770         0.514 / 0.770       ms
[2023-11-16T13:13:29.000+0800][gc,stats    ]    Subphase: Pause Mark Try Complete                       0.000 / 0.000         0.000 / 0.000         0.000 / 0.000         0.000 / 0.000       ms
[2023-11-16T13:13:29.000+0800][gc,stats    ]      System: Java Threads                                      0 / 0                 0 / 0                36 / 51               36 / 51          threads
[2023-11-16T13:13:29.000+0800][gc,stats    ] =========================================================================================================================================================
[2023-11-16T13:13:38.987+0800][gc,stats    ] === Garbage Collection Statistics =======================================================================================================================
[2023-11-16T13:13:38.987+0800][gc,stats    ]                                                              Last 10s              Last 10m              Last 10h                Total
[2023-11-16T13:13:38.987+0800][gc,stats    ]                                                              Avg / Max             Avg / Max             Avg / Max             Avg / Max
[2023-11-16T13:13:38.987+0800][gc,stats    ]   Collector: Garbage Collection Cycle                      0.000 / 0.000         0.000 / 0.000        42.450 / 42.489       42.450 / 42.489      ms
[2023-11-16T13:13:38.987+0800][gc,stats    ]  Contention: Mark Segment Reset Contention                     0 / 0                 0 / 0                 0 / 2                 0 / 2           ops/s
[2023-11-16T13:13:38.987+0800][gc,stats    ]  Contention: Mark SeqNum Reset Contention                      0 / 0                 0 / 0                 0 / 1                 0 / 1           ops/s
[2023-11-16T13:13:38.987+0800][gc,stats    ]    Critical: Allocation Stall                                  0 / 0                 0 / 0                 0 / 0                 0 / 0           ops/s
[2023-11-16T13:13:38.987+0800][gc,stats    ]    Critical: Allocation Stall                              0.000 / 0.000         0.000 / 0.000         0.000 / 0.000         0.000 / 0.000       ms
[2023-11-16T13:13:38.987+0800][gc,stats    ]    Critical: GC Locker Stall                                   0 / 0                 0 / 0                 0 / 0                 0 / 0           ops/s
[2023-11-16T13:13:38.987+0800][gc,stats    ]    Critical: GC Locker Stall                               0.000 / 0.000         0.000 / 0.000         0.000 / 0.000         0.000 / 0.000       ms
[2023-11-16T13:13:38.987+0800][gc,stats    ]    Critical: Relocation Stall                                  0 / 0                 0 / 0                 0 / 0                 0 / 0           ops/s
[2023-11-16T13:13:38.987+0800][gc,stats    ]    Critical: Relocation Stall                              0.000 / 0.000         0.000 / 0.000         0.000 / 0.000         0.000 / 0.000       ms
[2023-11-16T13:13:38.987+0800][gc,stats    ]      Memory: Allocation Rate                                   0 / 0                 0 / 10                0 / 96                0 / 96          MB/s
[2023-11-16T13:13:38.987+0800][gc,stats    ]      Memory: Defragment                                        0 / 0                 0 / 0                 0 / 0                 0 / 0           ops/s
[2023-11-16T13:13:38.987+0800][gc,stats    ]      Memory: Out Of Memory                                     0 / 0                 0 / 0                 0 / 0                 0 / 0           ops/s
[2023-11-16T13:13:38.987+0800][gc,stats    ]      Memory: Page Cache Flush                                  0 / 0                 0 / 0                 0 / 0                 0 / 0           MB/s
[2023-11-16T13:13:38.987+0800][gc,stats    ]      Memory: Page Cache Hit L1                                 0 / 0                 0 / 5                 0 / 38                0 / 38          ops/s
[2023-11-16T13:13:38.987+0800][gc,stats    ]      Memory: Page Cache Hit L2                                 0 / 0                 0 / 0                 0 / 0                 0 / 0           ops/s
[2023-11-16T13:13:38.987+0800][gc,stats    ]      Memory: Page Cache Hit L3                                 0 / 0                 0 / 3                 0 / 48                0 / 48          ops/s
[2023-11-16T13:13:38.987+0800][gc,stats    ]      Memory: Page Cache Miss                                   0 / 0                 0 / 0                 0 / 1                 0 / 1           ops/s
[2023-11-16T13:13:38.987+0800][gc,stats    ]      Memory: Uncommit                                          0 / 0                 0 / 0                 0 / 0                 0 / 0           MB/s
[2023-11-16T13:13:38.987+0800][gc,stats    ]      Memory: Undo Object Allocation Failed                     0 / 0                 0 / 0                 0 / 0                 0 / 0           ops/s
[2023-11-16T13:13:38.987+0800][gc,stats    ]      Memory: Undo Object Allocation Succeeded                  0 / 0                 0 / 0                 0 / 0                 0 / 0           ops/s
[2023-11-16T13:13:38.987+0800][gc,stats    ]      Memory: Undo Page Allocation                              0 / 0                 0 / 0                 0 / 0                 0 / 0           ops/s
[2023-11-16T13:13:38.987+0800][gc,stats    ]       Phase: Concurrent Mark                               0.000 / 0.000         0.000 / 0.000        25.401 / 26.782       25.401 / 26.782      ms
[2023-11-16T13:13:38.987+0800][gc,stats    ]       Phase: Concurrent Mark Continue                      0.000 / 0.000         0.000 / 0.000         0.000 / 0.000         0.000 / 0.000       ms
[2023-11-16T13:13:38.987+0800][gc,stats    ]       Phase: Concurrent Mark Free                          0.000 / 0.000         0.000 / 0.000         0.001 / 0.001         0.001 / 0.001       ms
[2023-11-16T13:13:38.987+0800][gc,stats    ]       Phase: Concurrent Process Non-Strong References      0.000 / 0.000         0.000 / 0.000         2.435 / 2.758         2.435 / 2.758       ms
[2023-11-16T13:13:38.987+0800][gc,stats    ]       Phase: Concurrent Relocate                           0.000 / 0.000         0.000 / 0.000         2.928 / 3.220         2.928 / 3.220       ms
[2023-11-16T13:13:38.987+0800][gc,stats    ]       Phase: Concurrent Reset Relocation Set               0.000 / 0.000         0.000 / 0.000         0.003 / 0.006         0.003 / 0.006       ms
[2023-11-16T13:13:38.987+0800][gc,stats    ]       Phase: Concurrent Select Relocation Set              0.000 / 0.000         0.000 / 0.000         5.767 / 9.539         5.767 / 9.539       ms
[2023-11-16T13:13:38.987+0800][gc,stats    ]       Phase: Pause Mark End                                0.000 / 0.000         0.000 / 0.000         0.023 / 0.026         0.023 / 0.026       ms
[2023-11-16T13:13:38.987+0800][gc,stats    ]       Phase: Pause Mark Start                              0.000 / 0.000         0.000 / 0.000         0.010 / 0.014         0.010 / 0.014       ms
[2023-11-16T13:13:38.987+0800][gc,stats    ]       Phase: Pause Relocate Start                          0.000 / 0.000         0.000 / 0.000         0.014 / 0.017         0.014 / 0.017       ms
[2023-11-16T13:13:38.987+0800][gc,stats    ]    Subphase: Concurrent Classes Purge                      0.000 / 0.000         0.000 / 0.000         0.082 / 0.093         0.082 / 0.093       ms
[2023-11-16T13:13:38.987+0800][gc,stats    ]    Subphase: Concurrent Classes Unlink                     0.000 / 0.000         0.000 / 0.000         1.496 / 1.649         1.496 / 1.649       ms
[2023-11-16T13:13:38.987+0800][gc,stats    ]    Subphase: Concurrent Mark                               0.000 / 0.000         0.000 / 0.000        21.597 / 25.992       21.597 / 25.992      ms
[2023-11-16T13:13:38.987+0800][gc,stats    ]    Subphase: Concurrent Mark Try Flush                     0.000 / 0.000         0.000 / 0.000         0.068 / 0.146         0.068 / 0.146       ms
[2023-11-16T13:13:38.987+0800][gc,stats    ]    Subphase: Concurrent Mark Try Terminate                 0.000 / 0.000         0.000 / 0.000         5.693 / 15.474        5.693 / 15.474      ms
[2023-11-16T13:13:38.987+0800][gc,stats    ]    Subphase: Concurrent References Enqueue                 0.000 / 0.000         0.000 / 0.000         0.005 / 0.005         0.005 / 0.005       ms
[2023-11-16T13:13:38.987+0800][gc,stats    ]    Subphase: Concurrent References Process                 0.000 / 0.000         0.000 / 0.000         0.108 / 0.128         0.108 / 0.128       ms
[2023-11-16T13:13:38.987+0800][gc,stats    ]    Subphase: Concurrent Roots ClassLoaderDataGraph         0.000 / 0.000         0.000 / 0.000         0.162 / 0.511         0.162 / 0.511       ms
[2023-11-16T13:13:38.987+0800][gc,stats    ]    Subphase: Concurrent Roots CodeCache                    0.000 / 0.000         0.000 / 0.000         0.000 / 0.000         0.000 / 0.000       ms
[2023-11-16T13:13:38.987+0800][gc,stats    ]    Subphase: Concurrent Roots JavaThreads                  0.000 / 0.000         0.000 / 0.000         0.945 / 1.682         0.945 / 1.682       ms
[2023-11-16T13:13:38.987+0800][gc,stats    ]    Subphase: Concurrent Roots OopStorageSet                0.000 / 0.000         0.000 / 0.000         0.041 / 0.062         0.041 / 0.062       ms
[2023-11-16T13:13:38.987+0800][gc,stats    ]    Subphase: Concurrent Weak Roots OopStorageSet           0.000 / 0.000         0.000 / 0.000         0.514 / 0.770         0.514 / 0.770       ms
[2023-11-16T13:13:38.987+0800][gc,stats    ]    Subphase: Pause Mark Try Complete                       0.000 / 0.000         0.000 / 0.000         0.000 / 0.000         0.000 / 0.000       ms
[2023-11-16T13:13:38.987+0800][gc,stats    ]      System: Java Threads                                      0 / 0                 0 / 0                36 / 51               36 / 51          threads
[2023-11-16T13:13:38.987+0800][gc,stats    ] =========================================================================================================================================================
[2023-11-16T13:13:48.998+0800][gc,stats    ] === Garbage Collection Statistics =======================================================================================================================
[2023-11-16T13:13:48.998+0800][gc,stats    ]                                                              Last 10s              Last 10m              Last 10h                Total
[2023-11-16T13:13:48.998+0800][gc,stats    ]                                                              Avg / Max             Avg / Max             Avg / Max             Avg / Max
[2023-11-16T13:13:48.998+0800][gc,stats    ]   Collector: Garbage Collection Cycle                      0.000 / 0.000         0.000 / 0.000        42.450 / 42.489       42.450 / 42.489      ms
[2023-11-16T13:13:48.998+0800][gc,stats    ]  Contention: Mark Segment Reset Contention                     0 / 0                 0 / 0                 0 / 2                 0 / 2           ops/s
[2023-11-16T13:13:48.998+0800][gc,stats    ]  Contention: Mark SeqNum Reset Contention                      0 / 0                 0 / 0                 0 / 1                 0 / 1           ops/s
[2023-11-16T13:13:48.998+0800][gc,stats    ]    Critical: Allocation Stall                                  0 / 0                 0 / 0                 0 / 0                 0 / 0           ops/s
[2023-11-16T13:13:48.998+0800][gc,stats    ]    Critical: Allocation Stall                              0.000 / 0.000         0.000 / 0.000         0.000 / 0.000         0.000 / 0.000       ms
[2023-11-16T13:13:48.998+0800][gc,stats    ]    Critical: GC Locker Stall                                   0 / 0                 0 / 0                 0 / 0                 0 / 0           ops/s
[2023-11-16T13:13:48.998+0800][gc,stats    ]    Critical: GC Locker Stall                               0.000 / 0.000         0.000 / 0.000         0.000 / 0.000         0.000 / 0.000       ms
[2023-11-16T13:13:48.998+0800][gc,stats    ]    Critical: Relocation Stall                                  0 / 0                 0 / 0                 0 / 0                 0 / 0           ops/s
[2023-11-16T13:13:48.998+0800][gc,stats    ]    Critical: Relocation Stall                              0.000 / 0.000         0.000 / 0.000         0.000 / 0.000         0.000 / 0.000       ms
[2023-11-16T13:13:48.998+0800][gc,stats    ]      Memory: Allocation Rate                                   0 / 0                 0 / 10                0 / 96                0 / 96          MB/s
[2023-11-16T13:13:48.998+0800][gc,stats    ]      Memory: Defragment                                        0 / 0                 0 / 0                 0 / 0                 0 / 0           ops/s
[2023-11-16T13:13:48.998+0800][gc,stats    ]      Memory: Out Of Memory                                     0 / 0                 0 / 0                 0 / 0                 0 / 0           ops/s
[2023-11-16T13:13:48.998+0800][gc,stats    ]      Memory: Page Cache Flush                                  0 / 0                 0 / 0                 0 / 0                 0 / 0           MB/s
[2023-11-16T13:13:48.998+0800][gc,stats    ]      Memory: Page Cache Hit L1                                 0 / 0                 0 / 5                 0 / 38                0 / 38          ops/s
[2023-11-16T13:13:48.998+0800][gc,stats    ]      Memory: Page Cache Hit L2                                 0 / 0                 0 / 0                 0 / 0                 0 / 0           ops/s
[2023-11-16T13:13:48.998+0800][gc,stats    ]      Memory: Page Cache Hit L3                                 0 / 0                 0 / 3                 0 / 48                0 / 48          ops/s
[2023-11-16T13:13:48.998+0800][gc,stats    ]      Memory: Page Cache Miss                                   0 / 0                 0 / 0                 0 / 1                 0 / 1           ops/s
[2023-11-16T13:13:48.998+0800][gc,stats    ]      Memory: Uncommit                                          0 / 0                 0 / 0                 0 / 0                 0 / 0           MB/s
[2023-11-16T13:13:48.998+0800][gc,stats    ]      Memory: Undo Object Allocation Failed                     0 / 0                 0 / 0                 0 / 0                 0 / 0           ops/s
[2023-11-16T13:13:48.998+0800][gc,stats    ]      Memory: Undo Object Allocation Succeeded                  0 / 0                 0 / 0                 0 / 0                 0 / 0           ops/s
[2023-11-16T13:13:48.998+0800][gc,stats    ]      Memory: Undo Page Allocation                              0 / 0                 0 / 0                 0 / 0                 0 / 0           ops/s
[2023-11-16T13:13:48.998+0800][gc,stats    ]       Phase: Concurrent Mark                               0.000 / 0.000         0.000 / 0.000        25.401 / 26.782       25.401 / 26.782      ms
[2023-11-16T13:13:48.998+0800][gc,stats    ]       Phase: Concurrent Mark Continue                      0.000 / 0.000         0.000 / 0.000         0.000 / 0.000         0.000 / 0.000       ms
[2023-11-16T13:13:48.998+0800][gc,stats    ]       Phase: Concurrent Mark Free                          0.000 / 0.000         0.000 / 0.000         0.001 / 0.001         0.001 / 0.001       ms
[2023-11-16T13:13:48.998+0800][gc,stats    ]       Phase: Concurrent Process Non-Strong References      0.000 / 0.000         0.000 / 0.000         2.435 / 2.758         2.435 / 2.758       ms
[2023-11-16T13:13:48.998+0800][gc,stats    ]       Phase: Concurrent Relocate                           0.000 / 0.000         0.000 / 0.000         2.928 / 3.220         2.928 / 3.220       ms
[2023-11-16T13:13:48.998+0800][gc,stats    ]       Phase: Concurrent Reset Relocation Set               0.000 / 0.000         0.000 / 0.000         0.003 / 0.006         0.003 / 0.006       ms
[2023-11-16T13:13:48.998+0800][gc,stats    ]       Phase: Concurrent Select Relocation Set              0.000 / 0.000         0.000 / 0.000         5.767 / 9.539         5.767 / 9.539       ms
[2023-11-16T13:13:48.998+0800][gc,stats    ]       Phase: Pause Mark End                                0.000 / 0.000         0.000 / 0.000         0.023 / 0.026         0.023 / 0.026       ms
[2023-11-16T13:13:48.998+0800][gc,stats    ]       Phase: Pause Mark Start                              0.000 / 0.000         0.000 / 0.000         0.010 / 0.014         0.010 / 0.014       ms
[2023-11-16T13:13:48.998+0800][gc,stats    ]       Phase: Pause Relocate Start                          0.000 / 0.000         0.000 / 0.000         0.014 / 0.017         0.014 / 0.017       ms
[2023-11-16T13:13:48.998+0800][gc,stats    ]    Subphase: Concurrent Classes Purge                      0.000 / 0.000         0.000 / 0.000         0.082 / 0.093         0.082 / 0.093       ms
[2023-11-16T13:13:48.998+0800][gc,stats    ]    Subphase: Concurrent Classes Unlink                     0.000 / 0.000         0.000 / 0.000         1.496 / 1.649         1.496 / 1.649       ms
[2023-11-16T13:13:48.998+0800][gc,stats    ]    Subphase: Concurrent Mark                               0.000 / 0.000         0.000 / 0.000        21.597 / 25.992       21.597 / 25.992      ms
[2023-11-16T13:13:48.998+0800][gc,stats    ]    Subphase: Concurrent Mark Try Flush                     0.000 / 0.000         0.000 / 0.000         0.068 / 0.146         0.068 / 0.146       ms
[2023-11-16T13:13:48.998+0800][gc,stats    ]    Subphase: Concurrent Mark Try Terminate                 0.000 / 0.000         0.000 / 0.000         5.693 / 15.474        5.693 / 15.474      ms
[2023-11-16T13:13:48.998+0800][gc,stats    ]    Subphase: Concurrent References Enqueue                 0.000 / 0.000         0.000 / 0.000         0.005 / 0.005         0.005 / 0.005       ms
[2023-11-16T13:13:48.998+0800][gc,stats    ]    Subphase: Concurrent References Process                 0.000 / 0.000         0.000 / 0.000         0.108 / 0.128         0.108 / 0.128       ms
[2023-11-16T13:13:48.998+0800][gc,stats    ]    Subphase: Concurrent Roots ClassLoaderDataGraph         0.000 / 0.000         0.000 / 0.000         0.162 / 0.511         0.162 / 0.511       ms
[2023-11-16T13:13:48.998+0800][gc,stats    ]    Subphase: Concurrent Roots CodeCache                    0.000 / 0.000         0.000 / 0.000         0.000 / 0.000         0.000 / 0.000       ms
[2023-11-16T13:13:48.998+0800][gc,stats    ]    Subphase: Concurrent Roots JavaThreads                  0.000 / 0.000         0.000 / 0.000         0.945 / 1.682         0.945 / 1.682       ms
[2023-11-16T13:13:48.998+0800][gc,stats    ]    Subphase: Concurrent Roots OopStorageSet                0.000 / 0.000         0.000 / 0.000         0.041 / 0.062         0.041 / 0.062       ms
[2023-11-16T13:13:48.998+0800][gc,stats    ]    Subphase: Concurrent Weak Roots OopStorageSet           0.000 / 0.000         0.000 / 0.000         0.514 / 0.770         0.514 / 0.770       ms
[2023-11-16T13:13:48.998+0800][gc,stats    ]    Subphase: Pause Mark Try Complete                       0.000 / 0.000         0.000 / 0.000         0.000 / 0.000         0.000 / 0.000       ms
[2023-11-16T13:13:48.998+0800][gc,stats    ]      System: Java Threads                                      0 / 0                 0 / 0                36 / 51               36 / 51          threads
[2023-11-16T13:13:48.998+0800][gc,stats    ] =========================================================================================================================================================
[2023-11-16T13:13:58.998+0800][gc,stats    ] === Garbage Collection Statistics =======================================================================================================================
[2023-11-16T13:13:58.998+0800][gc,stats    ]                                                              Last 10s              Last 10m              Last 10h                Total
[2023-11-16T13:13:58.998+0800][gc,stats    ]                                                              Avg / Max             Avg / Max             Avg / Max             Avg / Max
[2023-11-16T13:13:58.998+0800][gc,stats    ]   Collector: Garbage Collection Cycle                      0.000 / 0.000         0.000 / 0.000        42.450 / 42.489       42.450 / 42.489      ms
[2023-11-16T13:13:58.998+0800][gc,stats    ]  Contention: Mark Segment Reset Contention                     0 / 0                 0 / 0                 0 / 2                 0 / 2           ops/s
[2023-11-16T13:13:58.998+0800][gc,stats    ]  Contention: Mark SeqNum Reset Contention                      0 / 0                 0 / 0                 0 / 1                 0 / 1           ops/s
[2023-11-16T13:13:58.998+0800][gc,stats    ]    Critical: Allocation Stall                                  0 / 0                 0 / 0                 0 / 0                 0 / 0           ops/s
[2023-11-16T13:13:58.998+0800][gc,stats    ]    Critical: Allocation Stall                              0.000 / 0.000         0.000 / 0.000         0.000 / 0.000         0.000 / 0.000       ms
[2023-11-16T13:13:58.998+0800][gc,stats    ]    Critical: GC Locker Stall                                   0 / 0                 0 / 0                 0 / 0                 0 / 0           ops/s
[2023-11-16T13:13:58.998+0800][gc,stats    ]    Critical: GC Locker Stall                               0.000 / 0.000         0.000 / 0.000         0.000 / 0.000         0.000 / 0.000       ms
[2023-11-16T13:13:58.998+0800][gc,stats    ]    Critical: Relocation Stall                                  0 / 0                 0 / 0                 0 / 0                 0 / 0           ops/s
[2023-11-16T13:13:58.998+0800][gc,stats    ]    Critical: Relocation Stall                              0.000 / 0.000         0.000 / 0.000         0.000 / 0.000         0.000 / 0.000       ms
[2023-11-16T13:13:58.998+0800][gc,stats    ]      Memory: Allocation Rate                                   0 / 0                 0 / 10                0 / 96                0 / 96          MB/s
[2023-11-16T13:13:58.998+0800][gc,stats    ]      Memory: Defragment                                        0 / 0                 0 / 0                 0 / 0                 0 / 0           ops/s
[2023-11-16T13:13:58.998+0800][gc,stats    ]      Memory: Out Of Memory                                     0 / 0                 0 / 0                 0 / 0                 0 / 0           ops/s
[2023-11-16T13:13:58.998+0800][gc,stats    ]      Memory: Page Cache Flush                                  0 / 0                 0 / 0                 0 / 0                 0 / 0           MB/s
[2023-11-16T13:13:58.998+0800][gc,stats    ]      Memory: Page Cache Hit L1                                 0 / 0                 0 / 5                 0 / 38                0 / 38          ops/s
[2023-11-16T13:13:58.998+0800][gc,stats    ]      Memory: Page Cache Hit L2                                 0 / 0                 0 / 0                 0 / 0                 0 / 0           ops/s
[2023-11-16T13:13:58.998+0800][gc,stats    ]      Memory: Page Cache Hit L3                                 0 / 0                 0 / 3                 0 / 48                0 / 48          ops/s
[2023-11-16T13:13:58.998+0800][gc,stats    ]      Memory: Page Cache Miss                                   0 / 0                 0 / 0                 0 / 1                 0 / 1           ops/s
[2023-11-16T13:13:58.998+0800][gc,stats    ]      Memory: Uncommit                                          0 / 0                 0 / 0                 0 / 0                 0 / 0           MB/s
[2023-11-16T13:13:58.998+0800][gc,stats    ]      Memory: Undo Object Allocation Failed                     0 / 0                 0 / 0                 0 / 0                 0 / 0           ops/s
[2023-11-16T13:13:58.998+0800][gc,stats    ]      Memory: Undo Object Allocation Succeeded                  0 / 0                 0 / 0                 0 / 0                 0 / 0           ops/s
[2023-11-16T13:13:58.998+0800][gc,stats    ]      Memory: Undo Page Allocation                              0 / 0                 0 / 0                 0 / 0                 0 / 0           ops/s
[2023-11-16T13:13:58.998+0800][gc,stats    ]       Phase: Concurrent Mark                               0.000 / 0.000         0.000 / 0.000        25.401 / 26.782       25.401 / 26.782      ms
[2023-11-16T13:13:58.998+0800][gc,stats    ]       Phase: Concurrent Mark Continue                      0.000 / 0.000         0.000 / 0.000         0.000 / 0.000         0.000 / 0.000       ms
[2023-11-16T13:13:58.998+0800][gc,stats    ]       Phase: Concurrent Mark Free                          0.000 / 0.000         0.000 / 0.000         0.001 / 0.001         0.001 / 0.001       ms
[2023-11-16T13:13:58.998+0800][gc,stats    ]       Phase: Concurrent Process Non-Strong References      0.000 / 0.000         0.000 / 0.000         2.435 / 2.758         2.435 / 2.758       ms
[2023-11-16T13:13:58.998+0800][gc,stats    ]       Phase: Concurrent Relocate                           0.000 / 0.000         0.000 / 0.000         2.928 / 3.220         2.928 / 3.220       ms
[2023-11-16T13:13:58.998+0800][gc,stats    ]       Phase: Concurrent Reset Relocation Set               0.000 / 0.000         0.000 / 0.000         0.003 / 0.006         0.003 / 0.006       ms
[2023-11-16T13:13:58.998+0800][gc,stats    ]       Phase: Concurrent Select Relocation Set              0.000 / 0.000         0.000 / 0.000         5.767 / 9.539         5.767 / 9.539       ms
[2023-11-16T13:13:58.998+0800][gc,stats    ]       Phase: Pause Mark End                                0.000 / 0.000         0.000 / 0.000         0.023 / 0.026         0.023 / 0.026       ms
[2023-11-16T13:13:58.998+0800][gc,stats    ]       Phase: Pause Mark Start                              0.000 / 0.000         0.000 / 0.000         0.010 / 0.014         0.010 / 0.014       ms
[2023-11-16T13:13:58.998+0800][gc,stats    ]       Phase: Pause Relocate Start                          0.000 / 0.000         0.000 / 0.000         0.014 / 0.017         0.014 / 0.017       ms
[2023-11-16T13:13:58.998+0800][gc,stats    ]    Subphase: Concurrent Classes Purge                      0.000 / 0.000         0.000 / 0.000         0.082 / 0.093         0.082 / 0.093       ms
[2023-11-16T13:13:58.998+0800][gc,stats    ]    Subphase: Concurrent Classes Unlink                     0.000 / 0.000         0.000 / 0.000         1.496 / 1.649         1.496 / 1.649       ms
[2023-11-16T13:13:58.998+0800][gc,stats    ]    Subphase: Concurrent Mark                               0.000 / 0.000         0.000 / 0.000        21.597 / 25.992       21.597 / 25.992      ms
[2023-11-16T13:13:58.998+0800][gc,stats    ]    Subphase: Concurrent Mark Try Flush                     0.000 / 0.000         0.000 / 0.000         0.068 / 0.146         0.068 / 0.146       ms
[2023-11-16T13:13:58.998+0800][gc,stats    ]    Subphase: Concurrent Mark Try Terminate                 0.000 / 0.000         0.000 / 0.000         5.693 / 15.474        5.693 / 15.474      ms
[2023-11-16T13:13:58.998+0800][gc,stats    ]    Subphase: Concurrent References Enqueue                 0.000 / 0.000         0.000 / 0.000         0.005 / 0.005         0.005 / 0.005       ms
[2023-11-16T13:13:58.998+0800][gc,stats    ]    Subphase: Concurrent References Process                 0.000 / 0.000         0.000 / 0.000         0.108 / 0.128         0.108 / 0.128       ms
[2023-11-16T13:13:58.998+0800][gc,stats    ]    Subphase: Concurrent Roots ClassLoaderDataGraph         0.000 / 0.000         0.000 / 0.000         0.162 / 0.511         0.162 / 0.511       ms
[2023-11-16T13:13:58.998+0800][gc,stats    ]    Subphase: Concurrent Roots CodeCache                    0.000 / 0.000         0.000 / 0.000         0.000 / 0.000         0.000 / 0.000       ms
[2023-11-16T13:13:58.998+0800][gc,stats    ]    Subphase: Concurrent Roots JavaThreads                  0.000 / 0.000         0.000 / 0.000         0.945 / 1.682         0.945 / 1.682       ms
[2023-11-16T13:13:58.998+0800][gc,stats    ]    Subphase: Concurrent Roots OopStorageSet                0.000 / 0.000         0.000 / 0.000         0.041 / 0.062         0.041 / 0.062       ms
[2023-11-16T13:13:58.998+0800][gc,stats    ]    Subphase: Concurrent Weak Roots OopStorageSet           0.000 / 0.000         0.000 / 0.000         0.514 / 0.770         0.514 / 0.770       ms
[2023-11-16T13:13:58.998+0800][gc,stats    ]    Subphase: Pause Mark Try Complete                       0.000 / 0.000         0.000 / 0.000         0.000 / 0.000         0.000 / 0.000       ms
[2023-11-16T13:13:58.998+0800][gc,stats    ]      System: Java Threads                                      0 / 0                 0 / 0                36 / 51               36 / 51          threads
[2023-11-16T13:13:58.998+0800][gc,stats    ] =========================================================================================================================================================
[2023-11-16T13:14:08.986+0800][gc,stats    ] === Garbage Collection Statistics =======================================================================================================================
[2023-11-16T13:14:08.986+0800][gc,stats    ]                                                              Last 10s              Last 10m              Last 10h                Total
[2023-11-16T13:14:08.986+0800][gc,stats    ]                                                              Avg / Max             Avg / Max             Avg / Max             Avg / Max
[2023-11-16T13:14:08.986+0800][gc,stats    ]   Collector: Garbage Collection Cycle                      0.000 / 0.000         0.000 / 0.000        42.450 / 42.489       42.450 / 42.489      ms
[2023-11-16T13:14:08.986+0800][gc,stats    ]  Contention: Mark Segment Reset Contention                     0 / 0                 0 / 0                 0 / 2                 0 / 2           ops/s
[2023-11-16T13:14:08.986+0800][gc,stats    ]  Contention: Mark SeqNum Reset Contention                      0 / 0                 0 / 0                 0 / 1                 0 / 1           ops/s
[2023-11-16T13:14:08.986+0800][gc,stats    ]    Critical: Allocation Stall                                  0 / 0                 0 / 0                 0 / 0                 0 / 0           ops/s
[2023-11-16T13:14:08.986+0800][gc,stats    ]    Critical: Allocation Stall                              0.000 / 0.000         0.000 / 0.000         0.000 / 0.000         0.000 / 0.000       ms
[2023-11-16T13:14:08.986+0800][gc,stats    ]    Critical: GC Locker Stall                                   0 / 0                 0 / 0                 0 / 0                 0 / 0           ops/s
[2023-11-16T13:14:08.986+0800][gc,stats    ]    Critical: GC Locker Stall                               0.000 / 0.000         0.000 / 0.000         0.000 / 0.000         0.000 / 0.000       ms
[2023-11-16T13:14:08.986+0800][gc,stats    ]    Critical: Relocation Stall                                  0 / 0                 0 / 0                 0 / 0                 0 / 0           ops/s
[2023-11-16T13:14:08.986+0800][gc,stats    ]    Critical: Relocation Stall                              0.000 / 0.000         0.000 / 0.000         0.000 / 0.000         0.000 / 0.000       ms
[2023-11-16T13:14:08.986+0800][gc,stats    ]      Memory: Allocation Rate                                   0 / 0                 0 / 10                0 / 96                0 / 96          MB/s
[2023-11-16T13:14:08.986+0800][gc,stats    ]      Memory: Defragment                                        0 / 0                 0 / 0                 0 / 0                 0 / 0           ops/s
[2023-11-16T13:14:08.986+0800][gc,stats    ]      Memory: Out Of Memory                                     0 / 0                 0 / 0                 0 / 0                 0 / 0           ops/s
[2023-11-16T13:14:08.986+0800][gc,stats    ]      Memory: Page Cache Flush                                  0 / 0                 0 / 0                 0 / 0                 0 / 0           MB/s
[2023-11-16T13:14:08.986+0800][gc,stats    ]      Memory: Page Cache Hit L1                                 0 / 0                 0 / 5                 0 / 38                0 / 38          ops/s
[2023-11-16T13:14:08.986+0800][gc,stats    ]      Memory: Page Cache Hit L2                                 0 / 0                 0 / 0                 0 / 0                 0 / 0           ops/s
[2023-11-16T13:14:08.986+0800][gc,stats    ]      Memory: Page Cache Hit L3                                 0 / 0                 0 / 3                 0 / 48                0 / 48          ops/s
[2023-11-16T13:14:08.986+0800][gc,stats    ]      Memory: Page Cache Miss                                   0 / 0                 0 / 0                 0 / 1                 0 / 1           ops/s
[2023-11-16T13:14:08.986+0800][gc,stats    ]      Memory: Uncommit                                          0 / 0                 0 / 0                 0 / 0                 0 / 0           MB/s
[2023-11-16T13:14:08.986+0800][gc,stats    ]      Memory: Undo Object Allocation Failed                     0 / 0                 0 / 0                 0 / 0                 0 / 0           ops/s
[2023-11-16T13:14:08.986+0800][gc,stats    ]      Memory: Undo Object Allocation Succeeded                  0 / 0                 0 / 0                 0 / 0                 0 / 0           ops/s
[2023-11-16T13:14:08.986+0800][gc,stats    ]      Memory: Undo Page Allocation                              0 / 0                 0 / 0                 0 / 0                 0 / 0           ops/s
[2023-11-16T13:14:08.986+0800][gc,stats    ]       Phase: Concurrent Mark                               0.000 / 0.000         0.000 / 0.000        25.401 / 26.782       25.401 / 26.782      ms
[2023-11-16T13:14:08.986+0800][gc,stats    ]       Phase: Concurrent Mark Continue                      0.000 / 0.000         0.000 / 0.000         0.000 / 0.000         0.000 / 0.000       ms
[2023-11-16T13:14:08.986+0800][gc,stats    ]       Phase: Concurrent Mark Free                          0.000 / 0.000         0.000 / 0.000         0.001 / 0.001         0.001 / 0.001       ms
[2023-11-16T13:14:08.986+0800][gc,stats    ]       Phase: Concurrent Process Non-Strong References      0.000 / 0.000         0.000 / 0.000         2.435 / 2.758         2.435 / 2.758       ms
[2023-11-16T13:14:08.986+0800][gc,stats    ]       Phase: Concurrent Relocate                           0.000 / 0.000         0.000 / 0.000         2.928 / 3.220         2.928 / 3.220       ms
[2023-11-16T13:14:08.986+0800][gc,stats    ]       Phase: Concurrent Reset Relocation Set               0.000 / 0.000         0.000 / 0.000         0.003 / 0.006         0.003 / 0.006       ms
[2023-11-16T13:14:08.986+0800][gc,stats    ]       Phase: Concurrent Select Relocation Set              0.000 / 0.000         0.000 / 0.000         5.767 / 9.539         5.767 / 9.539       ms
[2023-11-16T13:14:08.986+0800][gc,stats    ]       Phase: Pause Mark End                                0.000 / 0.000         0.000 / 0.000         0.023 / 0.026         0.023 / 0.026       ms
[2023-11-16T13:14:08.986+0800][gc,stats    ]       Phase: Pause Mark Start                              0.000 / 0.000         0.000 / 0.000         0.010 / 0.014         0.010 / 0.014       ms
[2023-11-16T13:14:08.986+0800][gc,stats    ]       Phase: Pause Relocate Start                          0.000 / 0.000         0.000 / 0.000         0.014 / 0.017         0.014 / 0.017       ms
[2023-11-16T13:14:08.986+0800][gc,stats    ]    Subphase: Concurrent Classes Purge                      0.000 / 0.000         0.000 / 0.000         0.082 / 0.093         0.082 / 0.093       ms
[2023-11-16T13:14:08.986+0800][gc,stats    ]    Subphase: Concurrent Classes Unlink                     0.000 / 0.000         0.000 / 0.000         1.496 / 1.649         1.496 / 1.649       ms
[2023-11-16T13:14:08.986+0800][gc,stats    ]    Subphase: Concurrent Mark                               0.000 / 0.000         0.000 / 0.000        21.597 / 25.992       21.597 / 25.992      ms
[2023-11-16T13:14:08.986+0800][gc,stats    ]    Subphase: Concurrent Mark Try Flush                     0.000 / 0.000         0.000 / 0.000         0.068 / 0.146         0.068 / 0.146       ms
[2023-11-16T13:14:08.986+0800][gc,stats    ]    Subphase: Concurrent Mark Try Terminate                 0.000 / 0.000         0.000 / 0.000         5.693 / 15.474        5.693 / 15.474      ms
[2023-11-16T13:14:08.986+0800][gc,stats    ]    Subphase: Concurrent References Enqueue                 0.000 / 0.000         0.000 / 0.000         0.005 / 0.005         0.005 / 0.005       ms
[2023-11-16T13:14:08.986+0800][gc,stats    ]    Subphase: Concurrent References Process                 0.000 / 0.000         0.000 / 0.000         0.108 / 0.128         0.108 / 0.128       ms
[2023-11-16T13:14:08.986+0800][gc,stats    ]    Subphase: Concurrent Roots ClassLoaderDataGraph         0.000 / 0.000         0.000 / 0.000         0.162 / 0.511         0.162 / 0.511       ms
[2023-11-16T13:14:08.986+0800][gc,stats    ]    Subphase: Concurrent Roots CodeCache                    0.000 / 0.000         0.000 / 0.000         0.000 / 0.000         0.000 / 0.000       ms
[2023-11-16T13:14:08.986+0800][gc,stats    ]    Subphase: Concurrent Roots JavaThreads                  0.000 / 0.000         0.000 / 0.000         0.945 / 1.682         0.945 / 1.682       ms
[2023-11-16T13:14:08.986+0800][gc,stats    ]    Subphase: Concurrent Roots OopStorageSet                0.000 / 0.000         0.000 / 0.000         0.041 / 0.062         0.041 / 0.062       ms
[2023-11-16T13:14:08.986+0800][gc,stats    ]    Subphase: Concurrent Weak Roots OopStorageSet           0.000 / 0.000         0.000 / 0.000         0.514 / 0.770         0.514 / 0.770       ms
[2023-11-16T13:14:08.986+0800][gc,stats    ]    Subphase: Pause Mark Try Complete                       0.000 / 0.000         0.000 / 0.000         0.000 / 0.000         0.000 / 0.000       ms
[2023-11-16T13:14:08.986+0800][gc,stats    ]      System: Java Threads                                      0 / 0                 0 / 0                36 / 51               36 / 51          threads
[2023-11-16T13:14:08.986+0800][gc,stats    ] =========================================================================================================================================================
[2023-11-16T13:14:18.988+0800][gc,stats    ] === Garbage Collection Statistics =======================================================================================================================
[2023-11-16T13:14:18.988+0800][gc,stats    ]                                                              Last 10s              Last 10m              Last 10h                Total
[2023-11-16T13:14:18.988+0800][gc,stats    ]                                                              Avg / Max             Avg / Max             Avg / Max             Avg / Max
[2023-11-16T13:14:18.988+0800][gc,stats    ]   Collector: Garbage Collection Cycle                      0.000 / 0.000         0.000 / 0.000        42.450 / 42.489       42.450 / 42.489      ms
[2023-11-16T13:14:18.988+0800][gc,stats    ]  Contention: Mark Segment Reset Contention                     0 / 0                 0 / 0                 0 / 2                 0 / 2           ops/s
[2023-11-16T13:14:18.988+0800][gc,stats    ]  Contention: Mark SeqNum Reset Contention                      0 / 0                 0 / 0                 0 / 1                 0 / 1           ops/s
[2023-11-16T13:14:18.988+0800][gc,stats    ]    Critical: Allocation Stall                                  0 / 0                 0 / 0                 0 / 0                 0 / 0           ops/s
[2023-11-16T13:14:18.988+0800][gc,stats    ]    Critical: Allocation Stall                              0.000 / 0.000         0.000 / 0.000         0.000 / 0.000         0.000 / 0.000       ms
[2023-11-16T13:14:18.988+0800][gc,stats    ]    Critical: GC Locker Stall                                   0 / 0                 0 / 0                 0 / 0                 0 / 0           ops/s
[2023-11-16T13:14:18.988+0800][gc,stats    ]    Critical: GC Locker Stall                               0.000 / 0.000         0.000 / 0.000         0.000 / 0.000         0.000 / 0.000       ms
[2023-11-16T13:14:18.988+0800][gc,stats    ]    Critical: Relocation Stall                                  0 / 0                 0 / 0                 0 / 0                 0 / 0           ops/s
[2023-11-16T13:14:18.988+0800][gc,stats    ]    Critical: Relocation Stall                              0.000 / 0.000         0.000 / 0.000         0.000 / 0.000         0.000 / 0.000       ms
[2023-11-16T13:14:18.988+0800][gc,stats    ]      Memory: Allocation Rate                                   0 / 0                 0 / 10                0 / 96                0 / 96          MB/s
[2023-11-16T13:14:18.988+0800][gc,stats    ]      Memory: Defragment                                        0 / 0                 0 / 0                 0 / 0                 0 / 0           ops/s
[2023-11-16T13:14:18.988+0800][gc,stats    ]      Memory: Out Of Memory                                     0 / 0                 0 / 0                 0 / 0                 0 / 0           ops/s
[2023-11-16T13:14:18.988+0800][gc,stats    ]      Memory: Page Cache Flush                                  0 / 0                 0 / 0                 0 / 0                 0 / 0           MB/s
[2023-11-16T13:14:18.988+0800][gc,stats    ]      Memory: Page Cache Hit L1                                 0 / 0                 0 / 5                 0 / 38                0 / 38          ops/s
[2023-11-16T13:14:18.988+0800][gc,stats    ]      Memory: Page Cache Hit L2                                 0 / 0                 0 / 0                 0 / 0                 0 / 0           ops/s
[2023-11-16T13:14:18.988+0800][gc,stats    ]      Memory: Page Cache Hit L3                                 0 / 0                 0 / 3                 0 / 48                0 / 48          ops/s
[2023-11-16T13:14:18.988+0800][gc,stats    ]      Memory: Page Cache Miss                                   0 / 0                 0 / 0                 0 / 1                 0 / 1           ops/s
[2023-11-16T13:14:18.988+0800][gc,stats    ]      Memory: Uncommit                                          0 / 0                 0 / 0                 0 / 0                 0 / 0           MB/s
[2023-11-16T13:14:18.988+0800][gc,stats    ]      Memory: Undo Object Allocation Failed                     0 / 0                 0 / 0                 0 / 0                 0 / 0           ops/s
[2023-11-16T13:14:18.988+0800][gc,stats    ]      Memory: Undo Object Allocation Succeeded                  0 / 0                 0 / 0                 0 / 0                 0 / 0           ops/s
[2023-11-16T13:14:18.988+0800][gc,stats    ]      Memory: Undo Page Allocation                              0 / 0                 0 / 0                 0 / 0                 0 / 0           ops/s
[2023-11-16T13:14:18.988+0800][gc,stats    ]       Phase: Concurrent Mark                               0.000 / 0.000         0.000 / 0.000        25.401 / 26.782       25.401 / 26.782      ms
[2023-11-16T13:14:18.988+0800][gc,stats    ]       Phase: Concurrent Mark Continue                      0.000 / 0.000         0.000 / 0.000         0.000 / 0.000         0.000 / 0.000       ms
[2023-11-16T13:14:18.988+0800][gc,stats    ]       Phase: Concurrent Mark Free                          0.000 / 0.000         0.000 / 0.000         0.001 / 0.001         0.001 / 0.001       ms
[2023-11-16T13:14:18.988+0800][gc,stats    ]       Phase: Concurrent Process Non-Strong References      0.000 / 0.000         0.000 / 0.000         2.435 / 2.758         2.435 / 2.758       ms
[2023-11-16T13:14:18.988+0800][gc,stats    ]       Phase: Concurrent Relocate                           0.000 / 0.000         0.000 / 0.000         2.928 / 3.220         2.928 / 3.220       ms
[2023-11-16T13:14:18.988+0800][gc,stats    ]       Phase: Concurrent Reset Relocation Set               0.000 / 0.000         0.000 / 0.000         0.003 / 0.006         0.003 / 0.006       ms
[2023-11-16T13:14:18.988+0800][gc,stats    ]       Phase: Concurrent Select Relocation Set              0.000 / 0.000         0.000 / 0.000         5.767 / 9.539         5.767 / 9.539       ms
[2023-11-16T13:14:18.988+0800][gc,stats    ]       Phase: Pause Mark End                                0.000 / 0.000         0.000 / 0.000         0.023 / 0.026         0.023 / 0.026       ms
[2023-11-16T13:14:18.988+0800][gc,stats    ]       Phase: Pause Mark Start                              0.000 / 0.000         0.000 / 0.000         0.010 / 0.014         0.010 / 0.014       ms
[2023-11-16T13:14:18.988+0800][gc,stats    ]       Phase: Pause Relocate Start                          0.000 / 0.000         0.000 / 0.000         0.014 / 0.017         0.014 / 0.017       ms
[2023-11-16T13:14:18.988+0800][gc,stats    ]    Subphase: Concurrent Classes Purge                      0.000 / 0.000         0.000 / 0.000         0.082 / 0.093         0.082 / 0.093       ms
[2023-11-16T13:14:18.988+0800][gc,stats    ]    Subphase: Concurrent Classes Unlink                     0.000 / 0.000         0.000 / 0.000         1.496 / 1.649         1.496 / 1.649       ms
[2023-11-16T13:14:18.988+0800][gc,stats    ]    Subphase: Concurrent Mark                               0.000 / 0.000         0.000 / 0.000        21.597 / 25.992       21.597 / 25.992      ms
[2023-11-16T13:14:18.988+0800][gc,stats    ]    Subphase: Concurrent Mark Try Flush                     0.000 / 0.000         0.000 / 0.000         0.068 / 0.146         0.068 / 0.146       ms
[2023-11-16T13:14:18.988+0800][gc,stats    ]    Subphase: Concurrent Mark Try Terminate                 0.000 / 0.000         0.000 / 0.000         5.693 / 15.474        5.693 / 15.474      ms
[2023-11-16T13:14:18.988+0800][gc,stats    ]    Subphase: Concurrent References Enqueue                 0.000 / 0.000         0.000 / 0.000         0.005 / 0.005         0.005 / 0.005       ms
[2023-11-16T13:14:18.988+0800][gc,stats    ]    Subphase: Concurrent References Process                 0.000 / 0.000         0.000 / 0.000         0.108 / 0.128         0.108 / 0.128       ms
[2023-11-16T13:14:18.988+0800][gc,stats    ]    Subphase: Concurrent Roots ClassLoaderDataGraph         0.000 / 0.000         0.000 / 0.000         0.162 / 0.511         0.162 / 0.511       ms
[2023-11-16T13:14:18.988+0800][gc,stats    ]    Subphase: Concurrent Roots CodeCache                    0.000 / 0.000         0.000 / 0.000         0.000 / 0.000         0.000 / 0.000       ms
[2023-11-16T13:14:18.988+0800][gc,stats    ]    Subphase: Concurrent Roots JavaThreads                  0.000 / 0.000         0.000 / 0.000         0.945 / 1.682         0.945 / 1.682       ms
[2023-11-16T13:14:18.988+0800][gc,stats    ]    Subphase: Concurrent Roots OopStorageSet                0.000 / 0.000         0.000 / 0.000         0.041 / 0.062         0.041 / 0.062       ms
[2023-11-16T13:14:18.988+0800][gc,stats    ]    Subphase: Concurrent Weak Roots OopStorageSet           0.000 / 0.000         0.000 / 0.000         0.514 / 0.770         0.514 / 0.770       ms
[2023-11-16T13:14:18.988+0800][gc,stats    ]    Subphase: Pause Mark Try Complete                       0.000 / 0.000         0.000 / 0.000         0.000 / 0.000         0.000 / 0.000       ms
[2023-11-16T13:14:18.988+0800][gc,stats    ]      System: Java Threads                                      0 / 0                 0 / 0                36 / 51               36 / 51          threads
[2023-11-16T13:14:18.988+0800][gc,stats    ] =========================================================================================================================================================
[2023-11-16T13:14:28.997+0800][gc,stats    ] === Garbage Collection Statistics =======================================================================================================================
[2023-11-16T13:14:28.997+0800][gc,stats    ]                                                              Last 10s              Last 10m              Last 10h                Total
[2023-11-16T13:14:28.997+0800][gc,stats    ]                                                              Avg / Max             Avg / Max             Avg / Max             Avg / Max
[2023-11-16T13:14:28.997+0800][gc,stats    ]   Collector: Garbage Collection Cycle                      0.000 / 0.000         0.000 / 0.000        42.450 / 42.489       42.450 / 42.489      ms
[2023-11-16T13:14:28.997+0800][gc,stats    ]  Contention: Mark Segment Reset Contention                     0 / 0                 0 / 0                 0 / 2                 0 / 2           ops/s
[2023-11-16T13:14:28.997+0800][gc,stats    ]  Contention: Mark SeqNum Reset Contention                      0 / 0                 0 / 0                 0 / 1                 0 / 1           ops/s
[2023-11-16T13:14:28.997+0800][gc,stats    ]    Critical: Allocation Stall                                  0 / 0                 0 / 0                 0 / 0                 0 / 0           ops/s
[2023-11-16T13:14:28.997+0800][gc,stats    ]    Critical: Allocation Stall                              0.000 / 0.000         0.000 / 0.000         0.000 / 0.000         0.000 / 0.000       ms
[2023-11-16T13:14:28.997+0800][gc,stats    ]    Critical: GC Locker Stall                                   0 / 0                 0 / 0                 0 / 0                 0 / 0           ops/s
[2023-11-16T13:14:28.997+0800][gc,stats    ]    Critical: GC Locker Stall                               0.000 / 0.000         0.000 / 0.000         0.000 / 0.000         0.000 / 0.000       ms
[2023-11-16T13:14:28.997+0800][gc,stats    ]    Critical: Relocation Stall                                  0 / 0                 0 / 0                 0 / 0                 0 / 0           ops/s
[2023-11-16T13:14:28.997+0800][gc,stats    ]    Critical: Relocation Stall                              0.000 / 0.000         0.000 / 0.000         0.000 / 0.000         0.000 / 0.000       ms
[2023-11-16T13:14:28.997+0800][gc,stats    ]      Memory: Allocation Rate                                   0 / 0                 0 / 10                0 / 96                0 / 96          MB/s
[2023-11-16T13:14:28.997+0800][gc,stats    ]      Memory: Defragment                                        0 / 0                 0 / 0                 0 / 0                 0 / 0           ops/s
[2023-11-16T13:14:28.997+0800][gc,stats    ]      Memory: Out Of Memory                                     0 / 0                 0 / 0                 0 / 0                 0 / 0           ops/s
[2023-11-16T13:14:28.997+0800][gc,stats    ]      Memory: Page Cache Flush                                  0 / 0                 0 / 0                 0 / 0                 0 / 0           MB/s
[2023-11-16T13:14:28.997+0800][gc,stats    ]      Memory: Page Cache Hit L1                                 0 / 0                 0 / 5                 0 / 38                0 / 38          ops/s
[2023-11-16T13:14:28.997+0800][gc,stats    ]      Memory: Page Cache Hit L2                                 0 / 0                 0 / 0                 0 / 0                 0 / 0           ops/s
[2023-11-16T13:14:28.997+0800][gc,stats    ]      Memory: Page Cache Hit L3                                 0 / 0                 0 / 3                 0 / 48                0 / 48          ops/s
[2023-11-16T13:14:28.997+0800][gc,stats    ]      Memory: Page Cache Miss                                   0 / 0                 0 / 0                 0 / 1                 0 / 1           ops/s
[2023-11-16T13:14:28.997+0800][gc,stats    ]      Memory: Uncommit                                          0 / 0                 0 / 0                 0 / 0                 0 / 0           MB/s
[2023-11-16T13:14:28.997+0800][gc,stats    ]      Memory: Undo Object Allocation Failed                     0 / 0                 0 / 0                 0 / 0                 0 / 0           ops/s
[2023-11-16T13:14:28.997+0800][gc,stats    ]      Memory: Undo Object Allocation Succeeded                  0 / 0                 0 / 0                 0 / 0                 0 / 0           ops/s
[2023-11-16T13:14:28.997+0800][gc,stats    ]      Memory: Undo Page Allocation                              0 / 0                 0 / 0                 0 / 0                 0 / 0           ops/s
[2023-11-16T13:14:28.997+0800][gc,stats    ]       Phase: Concurrent Mark                               0.000 / 0.000         0.000 / 0.000        25.401 / 26.782       25.401 / 26.782      ms
[2023-11-16T13:14:28.997+0800][gc,stats    ]       Phase: Concurrent Mark Continue                      0.000 / 0.000         0.000 / 0.000         0.000 / 0.000         0.000 / 0.000       ms
[2023-11-16T13:14:28.997+0800][gc,stats    ]       Phase: Concurrent Mark Free                          0.000 / 0.000         0.000 / 0.000         0.001 / 0.001         0.001 / 0.001       ms
[2023-11-16T13:14:28.997+0800][gc,stats    ]       Phase: Concurrent Process Non-Strong References      0.000 / 0.000         0.000 / 0.000         2.435 / 2.758         2.435 / 2.758       ms
[2023-11-16T13:14:28.997+0800][gc,stats    ]       Phase: Concurrent Relocate                           0.000 / 0.000         0.000 / 0.000         2.928 / 3.220         2.928 / 3.220       ms
[2023-11-16T13:14:28.997+0800][gc,stats    ]       Phase: Concurrent Reset Relocation Set               0.000 / 0.000         0.000 / 0.000         0.003 / 0.006         0.003 / 0.006       ms
[2023-11-16T13:14:28.997+0800][gc,stats    ]       Phase: Concurrent Select Relocation Set              0.000 / 0.000         0.000 / 0.000         5.767 / 9.539         5.767 / 9.539       ms
[2023-11-16T13:14:28.997+0800][gc,stats    ]       Phase: Pause Mark End                                0.000 / 0.000         0.000 / 0.000         0.023 / 0.026         0.023 / 0.026       ms
[2023-11-16T13:14:28.997+0800][gc,stats    ]       Phase: Pause Mark Start                              0.000 / 0.000         0.000 / 0.000         0.010 / 0.014         0.010 / 0.014       ms
[2023-11-16T13:14:28.997+0800][gc,stats    ]       Phase: Pause Relocate Start                          0.000 / 0.000         0.000 / 0.000         0.014 / 0.017         0.014 / 0.017       ms
[2023-11-16T13:14:28.997+0800][gc,stats    ]    Subphase: Concurrent Classes Purge                      0.000 / 0.000         0.000 / 0.000         0.082 / 0.093         0.082 / 0.093       ms
[2023-11-16T13:14:28.997+0800][gc,stats    ]    Subphase: Concurrent Classes Unlink                     0.000 / 0.000         0.000 / 0.000         1.496 / 1.649         1.496 / 1.649       ms
[2023-11-16T13:14:28.997+0800][gc,stats    ]    Subphase: Concurrent Mark                               0.000 / 0.000         0.000 / 0.000        21.597 / 25.992       21.597 / 25.992      ms
[2023-11-16T13:14:28.997+0800][gc,stats    ]    Subphase: Concurrent Mark Try Flush                     0.000 / 0.000         0.000 / 0.000         0.068 / 0.146         0.068 / 0.146       ms
[2023-11-16T13:14:28.997+0800][gc,stats    ]    Subphase: Concurrent Mark Try Terminate                 0.000 / 0.000         0.000 / 0.000         5.693 / 15.474        5.693 / 15.474      ms
[2023-11-16T13:14:28.997+0800][gc,stats    ]    Subphase: Concurrent References Enqueue                 0.000 / 0.000         0.000 / 0.000         0.005 / 0.005         0.005 / 0.005       ms
[2023-11-16T13:14:28.997+0800][gc,stats    ]    Subphase: Concurrent References Process                 0.000 / 0.000         0.000 / 0.000         0.108 / 0.128         0.108 / 0.128       ms
[2023-11-16T13:14:28.997+0800][gc,stats    ]    Subphase: Concurrent Roots ClassLoaderDataGraph         0.000 / 0.000         0.000 / 0.000         0.162 / 0.511         0.162 / 0.511       ms
[2023-11-16T13:14:28.997+0800][gc,stats    ]    Subphase: Concurrent Roots CodeCache                    0.000 / 0.000         0.000 / 0.000         0.000 / 0.000         0.000 / 0.000       ms
[2023-11-16T13:14:28.997+0800][gc,stats    ]    Subphase: Concurrent Roots JavaThreads                  0.000 / 0.000         0.000 / 0.000         0.945 / 1.682         0.945 / 1.682       ms
[2023-11-16T13:14:28.997+0800][gc,stats    ]    Subphase: Concurrent Roots OopStorageSet                0.000 / 0.000         0.000 / 0.000         0.041 / 0.062         0.041 / 0.062       ms
[2023-11-16T13:14:28.997+0800][gc,stats    ]    Subphase: Concurrent Weak Roots OopStorageSet           0.000 / 0.000         0.000 / 0.000         0.514 / 0.770         0.514 / 0.770       ms
[2023-11-16T13:14:28.997+0800][gc,stats    ]    Subphase: Pause Mark Try Complete                       0.000 / 0.000         0.000 / 0.000         0.000 / 0.000         0.000 / 0.000       ms
[2023-11-16T13:14:28.998+0800][gc,stats    ]      System: Java Threads                                      0 / 0                 0 / 0                36 / 51               36 / 51          threads
[2023-11-16T13:14:28.998+0800][gc,stats    ] =========================================================================================================================================================
[2023-11-16T13:14:38.985+0800][gc,stats    ] === Garbage Collection Statistics =======================================================================================================================
[2023-11-16T13:14:38.985+0800][gc,stats    ]                                                              Last 10s              Last 10m              Last 10h                Total
[2023-11-16T13:14:38.985+0800][gc,stats    ]                                                              Avg / Max             Avg / Max             Avg / Max             Avg / Max
[2023-11-16T13:14:38.985+0800][gc,stats    ]   Collector: Garbage Collection Cycle                      0.000 / 0.000         0.000 / 0.000        42.450 / 42.489       42.450 / 42.489      ms
[2023-11-16T13:14:38.985+0800][gc,stats    ]  Contention: Mark Segment Reset Contention                     0 / 0                 0 / 0                 0 / 2                 0 / 2           ops/s
[2023-11-16T13:14:38.985+0800][gc,stats    ]  Contention: Mark SeqNum Reset Contention                      0 / 0                 0 / 0                 0 / 1                 0 / 1           ops/s
[2023-11-16T13:14:38.985+0800][gc,stats    ]    Critical: Allocation Stall                                  0 / 0                 0 / 0                 0 / 0                 0 / 0           ops/s
[2023-11-16T13:14:38.985+0800][gc,stats    ]    Critical: Allocation Stall                              0.000 / 0.000         0.000 / 0.000         0.000 / 0.000         0.000 / 0.000       ms
[2023-11-16T13:14:38.985+0800][gc,stats    ]    Critical: GC Locker Stall                                   0 / 0                 0 / 0                 0 / 0                 0 / 0           ops/s
[2023-11-16T13:14:38.985+0800][gc,stats    ]    Critical: GC Locker Stall                               0.000 / 0.000         0.000 / 0.000         0.000 / 0.000         0.000 / 0.000       ms
[2023-11-16T13:14:38.985+0800][gc,stats    ]    Critical: Relocation Stall                                  0 / 0                 0 / 0                 0 / 0                 0 / 0           ops/s
[2023-11-16T13:14:38.985+0800][gc,stats    ]    Critical: Relocation Stall                              0.000 / 0.000         0.000 / 0.000         0.000 / 0.000         0.000 / 0.000       ms
[2023-11-16T13:14:38.985+0800][gc,stats    ]      Memory: Allocation Rate                                   0 / 0                 0 / 10                0 / 96                0 / 96          MB/s
[2023-11-16T13:14:38.985+0800][gc,stats    ]      Memory: Defragment                                        0 / 0                 0 / 0                 0 / 0                 0 / 0           ops/s
[2023-11-16T13:14:38.985+0800][gc,stats    ]      Memory: Out Of Memory                                     0 / 0                 0 / 0                 0 / 0                 0 / 0           ops/s
[2023-11-16T13:14:38.985+0800][gc,stats    ]      Memory: Page Cache Flush                                  0 / 0                 0 / 0                 0 / 0                 0 / 0           MB/s
[2023-11-16T13:14:38.985+0800][gc,stats    ]      Memory: Page Cache Hit L1                                 0 / 0                 0 / 5                 0 / 38                0 / 38          ops/s
[2023-11-16T13:14:38.985+0800][gc,stats    ]      Memory: Page Cache Hit L2                                 0 / 0                 0 / 0                 0 / 0                 0 / 0           ops/s
[2023-11-16T13:14:38.985+0800][gc,stats    ]      Memory: Page Cache Hit L3                                 0 / 0                 0 / 3                 0 / 48                0 / 48          ops/s
[2023-11-16T13:14:38.985+0800][gc,stats    ]      Memory: Page Cache Miss                                   0 / 0                 0 / 0                 0 / 1                 0 / 1           ops/s
[2023-11-16T13:14:38.985+0800][gc,stats    ]      Memory: Uncommit                                          0 / 0                 0 / 0                 0 / 0                 0 / 0           MB/s
[2023-11-16T13:14:38.985+0800][gc,stats    ]      Memory: Undo Object Allocation Failed                     0 / 0                 0 / 0                 0 / 0                 0 / 0           ops/s
[2023-11-16T13:14:38.985+0800][gc,stats    ]      Memory: Undo Object Allocation Succeeded                  0 / 0                 0 / 0                 0 / 0                 0 / 0           ops/s
[2023-11-16T13:14:38.985+0800][gc,stats    ]      Memory: Undo Page Allocation                              0 / 0                 0 / 0                 0 / 0                 0 / 0           ops/s
[2023-11-16T13:14:38.985+0800][gc,stats    ]       Phase: Concurrent Mark                               0.000 / 0.000         0.000 / 0.000        25.401 / 26.782       25.401 / 26.782      ms
[2023-11-16T13:14:38.985+0800][gc,stats    ]       Phase: Concurrent Mark Continue                      0.000 / 0.000         0.000 / 0.000         0.000 / 0.000         0.000 / 0.000       ms
[2023-11-16T13:14:38.985+0800][gc,stats    ]       Phase: Concurrent Mark Free                          0.000 / 0.000         0.000 / 0.000         0.001 / 0.001         0.001 / 0.001       ms
[2023-11-16T13:14:38.985+0800][gc,stats    ]       Phase: Concurrent Process Non-Strong References      0.000 / 0.000         0.000 / 0.000         2.435 / 2.758         2.435 / 2.758       ms
[2023-11-16T13:14:38.985+0800][gc,stats    ]       Phase: Concurrent Relocate                           0.000 / 0.000         0.000 / 0.000         2.928 / 3.220         2.928 / 3.220       ms
[2023-11-16T13:14:38.985+0800][gc,stats    ]       Phase: Concurrent Reset Relocation Set               0.000 / 0.000         0.000 / 0.000         0.003 / 0.006         0.003 / 0.006       ms
[2023-11-16T13:14:38.985+0800][gc,stats    ]       Phase: Concurrent Select Relocation Set              0.000 / 0.000         0.000 / 0.000         5.767 / 9.539         5.767 / 9.539       ms
[2023-11-16T13:14:38.985+0800][gc,stats    ]       Phase: Pause Mark End                                0.000 / 0.000         0.000 / 0.000         0.023 / 0.026         0.023 / 0.026       ms
[2023-11-16T13:14:38.985+0800][gc,stats    ]       Phase: Pause Mark Start                              0.000 / 0.000         0.000 / 0.000         0.010 / 0.014         0.010 / 0.014       ms
[2023-11-16T13:14:38.985+0800][gc,stats    ]       Phase: Pause Relocate Start                          0.000 / 0.000         0.000 / 0.000         0.014 / 0.017         0.014 / 0.017       ms
[2023-11-16T13:14:38.985+0800][gc,stats    ]    Subphase: Concurrent Classes Purge                      0.000 / 0.000         0.000 / 0.000         0.082 / 0.093         0.082 / 0.093       ms
[2023-11-16T13:14:38.985+0800][gc,stats    ]    Subphase: Concurrent Classes Unlink                     0.000 / 0.000         0.000 / 0.000         1.496 / 1.649         1.496 / 1.649       ms
[2023-11-16T13:14:38.985+0800][gc,stats    ]    Subphase: Concurrent Mark                               0.000 / 0.000         0.000 / 0.000        21.597 / 25.992       21.597 / 25.992      ms
[2023-11-16T13:14:38.985+0800][gc,stats    ]    Subphase: Concurrent Mark Try Flush                     0.000 / 0.000         0.000 / 0.000         0.068 / 0.146         0.068 / 0.146       ms
[2023-11-16T13:14:38.985+0800][gc,stats    ]    Subphase: Concurrent Mark Try Terminate                 0.000 / 0.000         0.000 / 0.000         5.693 / 15.474        5.693 / 15.474      ms
[2023-11-16T13:14:38.985+0800][gc,stats    ]    Subphase: Concurrent References Enqueue                 0.000 / 0.000         0.000 / 0.000         0.005 / 0.005         0.005 / 0.005       ms
[2023-11-16T13:14:38.985+0800][gc,stats    ]    Subphase: Concurrent References Process                 0.000 / 0.000         0.000 / 0.000         0.108 / 0.128         0.108 / 0.128       ms
[2023-11-16T13:14:38.985+0800][gc,stats    ]    Subphase: Concurrent Roots ClassLoaderDataGraph         0.000 / 0.000         0.000 / 0.000         0.162 / 0.511         0.162 / 0.511       ms
[2023-11-16T13:14:38.985+0800][gc,stats    ]    Subphase: Concurrent Roots CodeCache                    0.000 / 0.000         0.000 / 0.000         0.000 / 0.000         0.000 / 0.000       ms
[2023-11-16T13:14:38.985+0800][gc,stats    ]    Subphase: Concurrent Roots JavaThreads                  0.000 / 0.000         0.000 / 0.000         0.945 / 1.682         0.945 / 1.682       ms
[2023-11-16T13:14:38.985+0800][gc,stats    ]    Subphase: Concurrent Roots OopStorageSet                0.000 / 0.000         0.000 / 0.000         0.041 / 0.062         0.041 / 0.062       ms
[2023-11-16T13:14:38.985+0800][gc,stats    ]    Subphase: Concurrent Weak Roots OopStorageSet           0.000 / 0.000         0.000 / 0.000         0.514 / 0.770         0.514 / 0.770       ms
[2023-11-16T13:14:38.985+0800][gc,stats    ]    Subphase: Pause Mark Try Complete                       0.000 / 0.000         0.000 / 0.000         0.000 / 0.000         0.000 / 0.000       ms
[2023-11-16T13:14:38.985+0800][gc,stats    ]      System: Java Threads                                      0 / 0                 0 / 0                36 / 51               36 / 51          threads
[2023-11-16T13:14:38.985+0800][gc,stats    ] =========================================================================================================================================================
[2023-11-16T13:14:48.991+0800][gc,stats    ] === Garbage Collection Statistics =======================================================================================================================
[2023-11-16T13:14:48.991+0800][gc,stats    ]                                                              Last 10s              Last 10m              Last 10h                Total
[2023-11-16T13:14:48.991+0800][gc,stats    ]                                                              Avg / Max             Avg / Max             Avg / Max             Avg / Max
[2023-11-16T13:14:48.991+0800][gc,stats    ]   Collector: Garbage Collection Cycle                      0.000 / 0.000         0.000 / 0.000        42.450 / 42.489       42.450 / 42.489      ms
[2023-11-16T13:14:48.991+0800][gc,stats    ]  Contention: Mark Segment Reset Contention                     0 / 0                 0 / 0                 0 / 2                 0 / 2           ops/s
[2023-11-16T13:14:48.991+0800][gc,stats    ]  Contention: Mark SeqNum Reset Contention                      0 / 0                 0 / 0                 0 / 1                 0 / 1           ops/s
[2023-11-16T13:14:48.991+0800][gc,stats    ]    Critical: Allocation Stall                                  0 / 0                 0 / 0                 0 / 0                 0 / 0           ops/s
[2023-11-16T13:14:48.991+0800][gc,stats    ]    Critical: Allocation Stall                              0.000 / 0.000         0.000 / 0.000         0.000 / 0.000         0.000 / 0.000       ms
[2023-11-16T13:14:48.991+0800][gc,stats    ]    Critical: GC Locker Stall                                   0 / 0                 0 / 0                 0 / 0                 0 / 0           ops/s
[2023-11-16T13:14:48.991+0800][gc,stats    ]    Critical: GC Locker Stall                               0.000 / 0.000         0.000 / 0.000         0.000 / 0.000         0.000 / 0.000       ms
[2023-11-16T13:14:48.991+0800][gc,stats    ]    Critical: Relocation Stall                                  0 / 0                 0 / 0                 0 / 0                 0 / 0           ops/s
[2023-11-16T13:14:48.991+0800][gc,stats    ]    Critical: Relocation Stall                              0.000 / 0.000         0.000 / 0.000         0.000 / 0.000         0.000 / 0.000       ms
[2023-11-16T13:14:48.991+0800][gc,stats    ]      Memory: Allocation Rate                                   0 / 0                 0 / 10                0 / 96                0 / 96          MB/s
[2023-11-16T13:14:48.991+0800][gc,stats    ]      Memory: Defragment                                        0 / 0                 0 / 0                 0 / 0                 0 / 0           ops/s
[2023-11-16T13:14:48.991+0800][gc,stats    ]      Memory: Out Of Memory                                     0 / 0                 0 / 0                 0 / 0                 0 / 0           ops/s
[2023-11-16T13:14:48.991+0800][gc,stats    ]      Memory: Page Cache Flush                                  0 / 0                 0 / 0                 0 / 0                 0 / 0           MB/s
[2023-11-16T13:14:48.991+0800][gc,stats    ]      Memory: Page Cache Hit L1                                 0 / 0                 0 / 5                 0 / 38                0 / 38          ops/s
[2023-11-16T13:14:48.991+0800][gc,stats    ]      Memory: Page Cache Hit L2                                 0 / 0                 0 / 0                 0 / 0                 0 / 0           ops/s
[2023-11-16T13:14:48.991+0800][gc,stats    ]      Memory: Page Cache Hit L3                                 0 / 0                 0 / 3                 0 / 48                0 / 48          ops/s
[2023-11-16T13:14:48.991+0800][gc,stats    ]      Memory: Page Cache Miss                                   0 / 0                 0 / 0                 0 / 1                 0 / 1           ops/s
[2023-11-16T13:14:48.991+0800][gc,stats    ]      Memory: Uncommit                                          0 / 0                 0 / 0                 0 / 0                 0 / 0           MB/s
[2023-11-16T13:14:48.991+0800][gc,stats    ]      Memory: Undo Object Allocation Failed                     0 / 0                 0 / 0                 0 / 0                 0 / 0           ops/s
[2023-11-16T13:14:48.991+0800][gc,stats    ]      Memory: Undo Object Allocation Succeeded                  0 / 0                 0 / 0                 0 / 0                 0 / 0           ops/s
[2023-11-16T13:14:48.991+0800][gc,stats    ]      Memory: Undo Page Allocation                              0 / 0                 0 / 0                 0 / 0                 0 / 0           ops/s
[2023-11-16T13:14:48.991+0800][gc,stats    ]       Phase: Concurrent Mark                               0.000 / 0.000         0.000 / 0.000        25.401 / 26.782       25.401 / 26.782      ms
[2023-11-16T13:14:48.991+0800][gc,stats    ]       Phase: Concurrent Mark Continue                      0.000 / 0.000         0.000 / 0.000         0.000 / 0.000         0.000 / 0.000       ms
[2023-11-16T13:14:48.991+0800][gc,stats    ]       Phase: Concurrent Mark Free                          0.000 / 0.000         0.000 / 0.000         0.001 / 0.001         0.001 / 0.001       ms
[2023-11-16T13:14:48.991+0800][gc,stats    ]       Phase: Concurrent Process Non-Strong References      0.000 / 0.000         0.000 / 0.000         2.435 / 2.758         2.435 / 2.758       ms
[2023-11-16T13:14:48.991+0800][gc,stats    ]       Phase: Concurrent Relocate                           0.000 / 0.000         0.000 / 0.000         2.928 / 3.220         2.928 / 3.220       ms
[2023-11-16T13:14:48.991+0800][gc,stats    ]       Phase: Concurrent Reset Relocation Set               0.000 / 0.000         0.000 / 0.000         0.003 / 0.006         0.003 / 0.006       ms
[2023-11-16T13:14:48.991+0800][gc,stats    ]       Phase: Concurrent Select Relocation Set              0.000 / 0.000         0.000 / 0.000         5.767 / 9.539         5.767 / 9.539       ms
[2023-11-16T13:14:48.991+0800][gc,stats    ]       Phase: Pause Mark End                                0.000 / 0.000         0.000 / 0.000         0.023 / 0.026         0.023 / 0.026       ms
[2023-11-16T13:14:48.991+0800][gc,stats    ]       Phase: Pause Mark Start                              0.000 / 0.000         0.000 / 0.000         0.010 / 0.014         0.010 / 0.014       ms
[2023-11-16T13:14:48.991+0800][gc,stats    ]       Phase: Pause Relocate Start                          0.000 / 0.000         0.000 / 0.000         0.014 / 0.017         0.014 / 0.017       ms
[2023-11-16T13:14:48.991+0800][gc,stats    ]    Subphase: Concurrent Classes Purge                      0.000 / 0.000         0.000 / 0.000         0.082 / 0.093         0.082 / 0.093       ms
[2023-11-16T13:14:48.991+0800][gc,stats    ]    Subphase: Concurrent Classes Unlink                     0.000 / 0.000         0.000 / 0.000         1.496 / 1.649         1.496 / 1.649       ms
[2023-11-16T13:14:48.991+0800][gc,stats    ]    Subphase: Concurrent Mark                               0.000 / 0.000         0.000 / 0.000        21.597 / 25.992       21.597 / 25.992      ms
[2023-11-16T13:14:48.991+0800][gc,stats    ]    Subphase: Concurrent Mark Try Flush                     0.000 / 0.000         0.000 / 0.000         0.068 / 0.146         0.068 / 0.146       ms
[2023-11-16T13:14:48.991+0800][gc,stats    ]    Subphase: Concurrent Mark Try Terminate                 0.000 / 0.000         0.000 / 0.000         5.693 / 15.474        5.693 / 15.474      ms
[2023-11-16T13:14:48.991+0800][gc,stats    ]    Subphase: Concurrent References Enqueue                 0.000 / 0.000         0.000 / 0.000         0.005 / 0.005         0.005 / 0.005       ms
[2023-11-16T13:14:48.991+0800][gc,stats    ]    Subphase: Concurrent References Process                 0.000 / 0.000         0.000 / 0.000         0.108 / 0.128         0.108 / 0.128       ms
[2023-11-16T13:14:48.991+0800][gc,stats    ]    Subphase: Concurrent Roots ClassLoaderDataGraph         0.000 / 0.000         0.000 / 0.000         0.162 / 0.511         0.162 / 0.511       ms
[2023-11-16T13:14:48.991+0800][gc,stats    ]    Subphase: Concurrent Roots CodeCache                    0.000 / 0.000         0.000 / 0.000         0.000 / 0.000         0.000 / 0.000       ms
[2023-11-16T13:14:48.991+0800][gc,stats    ]    Subphase: Concurrent Roots JavaThreads                  0.000 / 0.000         0.000 / 0.000         0.945 / 1.682         0.945 / 1.682       ms
[2023-11-16T13:14:48.991+0800][gc,stats    ]    Subphase: Concurrent Roots OopStorageSet                0.000 / 0.000         0.000 / 0.000         0.041 / 0.062         0.041 / 0.062       ms
[2023-11-16T13:14:48.991+0800][gc,stats    ]    Subphase: Concurrent Weak Roots OopStorageSet           0.000 / 0.000         0.000 / 0.000         0.514 / 0.770         0.514 / 0.770       ms
[2023-11-16T13:14:48.991+0800][gc,stats    ]    Subphase: Pause Mark Try Complete                       0.000 / 0.000         0.000 / 0.000         0.000 / 0.000         0.000 / 0.000       ms
[2023-11-16T13:14:48.991+0800][gc,stats    ]      System: Java Threads                                      0 / 0                 0 / 0                36 / 51               36 / 51          threads
[2023-11-16T13:14:48.991+0800][gc,stats    ] =========================================================================================================================================================
[2023-11-16T13:14:58.990+0800][gc,stats    ] === Garbage Collection Statistics =======================================================================================================================
[2023-11-16T13:14:58.990+0800][gc,stats    ]                                                              Last 10s              Last 10m              Last 10h                Total
[2023-11-16T13:14:58.990+0800][gc,stats    ]                                                              Avg / Max             Avg / Max             Avg / Max             Avg / Max
[2023-11-16T13:14:58.990+0800][gc,stats    ]   Collector: Garbage Collection Cycle                      0.000 / 0.000         0.000 / 0.000        42.450 / 42.489       42.450 / 42.489      ms
[2023-11-16T13:14:58.990+0800][gc,stats    ]  Contention: Mark Segment Reset Contention                     0 / 0                 0 / 0                 0 / 2                 0 / 2           ops/s
[2023-11-16T13:14:58.990+0800][gc,stats    ]  Contention: Mark SeqNum Reset Contention                      0 / 0                 0 / 0                 0 / 1                 0 / 1           ops/s
[2023-11-16T13:14:58.990+0800][gc,stats    ]    Critical: Allocation Stall                                  0 / 0                 0 / 0                 0 / 0                 0 / 0           ops/s
[2023-11-16T13:14:58.990+0800][gc,stats    ]    Critical: Allocation Stall                              0.000 / 0.000         0.000 / 0.000         0.000 / 0.000         0.000 / 0.000       ms
[2023-11-16T13:14:58.990+0800][gc,stats    ]    Critical: GC Locker Stall                                   0 / 0                 0 / 0                 0 / 0                 0 / 0           ops/s
[2023-11-16T13:14:58.990+0800][gc,stats    ]    Critical: GC Locker Stall                               0.000 / 0.000         0.000 / 0.000         0.000 / 0.000         0.000 / 0.000       ms
[2023-11-16T13:14:58.990+0800][gc,stats    ]    Critical: Relocation Stall                                  0 / 0                 0 / 0                 0 / 0                 0 / 0           ops/s
[2023-11-16T13:14:58.990+0800][gc,stats    ]    Critical: Relocation Stall                              0.000 / 0.000         0.000 / 0.000         0.000 / 0.000         0.000 / 0.000       ms
[2023-11-16T13:14:58.990+0800][gc,stats    ]      Memory: Allocation Rate                                   0 / 0                 0 / 10                0 / 96                0 / 96          MB/s
[2023-11-16T13:14:58.990+0800][gc,stats    ]      Memory: Defragment                                        0 / 0                 0 / 0                 0 / 0                 0 / 0           ops/s
[2023-11-16T13:14:58.990+0800][gc,stats    ]      Memory: Out Of Memory                                     0 / 0                 0 / 0                 0 / 0                 0 / 0           ops/s
[2023-11-16T13:14:58.990+0800][gc,stats    ]      Memory: Page Cache Flush                                  0 / 0                 0 / 0                 0 / 0                 0 / 0           MB/s
[2023-11-16T13:14:58.990+0800][gc,stats    ]      Memory: Page Cache Hit L1                                 0 / 0                 0 / 5                 0 / 38                0 / 38          ops/s
[2023-11-16T13:14:58.990+0800][gc,stats    ]      Memory: Page Cache Hit L2                                 0 / 0                 0 / 0                 0 / 0                 0 / 0           ops/s
[2023-11-16T13:14:58.990+0800][gc,stats    ]      Memory: Page Cache Hit L3                                 0 / 0                 0 / 3                 0 / 48                0 / 48          ops/s
[2023-11-16T13:14:58.990+0800][gc,stats    ]      Memory: Page Cache Miss                                   0 / 0                 0 / 0                 0 / 1                 0 / 1           ops/s
[2023-11-16T13:14:58.990+0800][gc,stats    ]      Memory: Uncommit                                          0 / 0                 0 / 0                 0 / 0                 0 / 0           MB/s
[2023-11-16T13:14:58.990+0800][gc,stats    ]      Memory: Undo Object Allocation Failed                     0 / 0                 0 / 0                 0 / 0                 0 / 0           ops/s
[2023-11-16T13:14:58.990+0800][gc,stats    ]      Memory: Undo Object Allocation Succeeded                  0 / 0                 0 / 0                 0 / 0                 0 / 0           ops/s
[2023-11-16T13:14:58.990+0800][gc,stats    ]      Memory: Undo Page Allocation                              0 / 0                 0 / 0                 0 / 0                 0 / 0           ops/s
[2023-11-16T13:14:58.990+0800][gc,stats    ]       Phase: Concurrent Mark                               0.000 / 0.000         0.000 / 0.000        25.401 / 26.782       25.401 / 26.782      ms
[2023-11-16T13:14:58.990+0800][gc,stats    ]       Phase: Concurrent Mark Continue                      0.000 / 0.000         0.000 / 0.000         0.000 / 0.000         0.000 / 0.000       ms
[2023-11-16T13:14:58.990+0800][gc,stats    ]       Phase: Concurrent Mark Free                          0.000 / 0.000         0.000 / 0.000         0.001 / 0.001         0.001 / 0.001       ms
[2023-11-16T13:14:58.990+0800][gc,stats    ]       Phase: Concurrent Process Non-Strong References      0.000 / 0.000         0.000 / 0.000         2.435 / 2.758         2.435 / 2.758       ms
[2023-11-16T13:14:58.990+0800][gc,stats    ]       Phase: Concurrent Relocate                           0.000 / 0.000         0.000 / 0.000         2.928 / 3.220         2.928 / 3.220       ms
[2023-11-16T13:14:58.990+0800][gc,stats    ]       Phase: Concurrent Reset Relocation Set               0.000 / 0.000         0.000 / 0.000         0.003 / 0.006         0.003 / 0.006       ms
[2023-11-16T13:14:58.990+0800][gc,stats    ]       Phase: Concurrent Select Relocation Set              0.000 / 0.000         0.000 / 0.000         5.767 / 9.539         5.767 / 9.539       ms
[2023-11-16T13:14:58.990+0800][gc,stats    ]       Phase: Pause Mark End                                0.000 / 0.000         0.000 / 0.000         0.023 / 0.026         0.023 / 0.026       ms
[2023-11-16T13:14:58.990+0800][gc,stats    ]       Phase: Pause Mark Start                              0.000 / 0.000         0.000 / 0.000         0.010 / 0.014         0.010 / 0.014       ms
[2023-11-16T13:14:58.990+0800][gc,stats    ]       Phase: Pause Relocate Start                          0.000 / 0.000         0.000 / 0.000         0.014 / 0.017         0.014 / 0.017       ms
[2023-11-16T13:14:58.990+0800][gc,stats    ]    Subphase: Concurrent Classes Purge                      0.000 / 0.000         0.000 / 0.000         0.082 / 0.093         0.082 / 0.093       ms
[2023-11-16T13:14:58.990+0800][gc,stats    ]    Subphase: Concurrent Classes Unlink                     0.000 / 0.000         0.000 / 0.000         1.496 / 1.649         1.496 / 1.649       ms
[2023-11-16T13:14:58.990+0800][gc,stats    ]    Subphase: Concurrent Mark                               0.000 / 0.000         0.000 / 0.000        21.597 / 25.992       21.597 / 25.992      ms
[2023-11-16T13:14:58.990+0800][gc,stats    ]    Subphase: Concurrent Mark Try Flush                     0.000 / 0.000         0.000 / 0.000         0.068 / 0.146         0.068 / 0.146       ms
[2023-11-16T13:14:58.990+0800][gc,stats    ]    Subphase: Concurrent Mark Try Terminate                 0.000 / 0.000         0.000 / 0.000         5.693 / 15.474        5.693 / 15.474      ms
[2023-11-16T13:14:58.990+0800][gc,stats    ]    Subphase: Concurrent References Enqueue                 0.000 / 0.000         0.000 / 0.000         0.005 / 0.005         0.005 / 0.005       ms
[2023-11-16T13:14:58.990+0800][gc,stats    ]    Subphase: Concurrent References Process                 0.000 / 0.000         0.000 / 0.000         0.108 / 0.128         0.108 / 0.128       ms
[2023-11-16T13:14:58.990+0800][gc,stats    ]    Subphase: Concurrent Roots ClassLoaderDataGraph         0.000 / 0.000         0.000 / 0.000         0.162 / 0.511         0.162 / 0.511       ms
[2023-11-16T13:14:58.990+0800][gc,stats    ]    Subphase: Concurrent Roots CodeCache                    0.000 / 0.000         0.000 / 0.000         0.000 / 0.000         0.000 / 0.000       ms
[2023-11-16T13:14:58.990+0800][gc,stats    ]    Subphase: Concurrent Roots JavaThreads                  0.000 / 0.000         0.000 / 0.000         0.945 / 1.682         0.945 / 1.682       ms
[2023-11-16T13:14:58.990+0800][gc,stats    ]    Subphase: Concurrent Roots OopStorageSet                0.000 / 0.000         0.000 / 0.000         0.041 / 0.062         0.041 / 0.062       ms
[2023-11-16T13:14:58.990+0800][gc,stats    ]    Subphase: Concurrent Weak Roots OopStorageSet           0.000 / 0.000         0.000 / 0.000         0.514 / 0.770         0.514 / 0.770       ms
[2023-11-16T13:14:58.990+0800][gc,stats    ]    Subphase: Pause Mark Try Complete                       0.000 / 0.000         0.000 / 0.000         0.000 / 0.000         0.000 / 0.000       ms
[2023-11-16T13:14:58.990+0800][gc,stats    ]      System: Java Threads                                      0 / 0                 0 / 0                36 / 51               36 / 51          threads
[2023-11-16T13:14:58.990+0800][gc,stats    ] =========================================================================================================================================================
[2023-11-16T13:15:08.998+0800][gc,stats    ] === Garbage Collection Statistics =======================================================================================================================
[2023-11-16T13:15:08.998+0800][gc,stats    ]                                                              Last 10s              Last 10m              Last 10h                Total
[2023-11-16T13:15:08.998+0800][gc,stats    ]                                                              Avg / Max             Avg / Max             Avg / Max             Avg / Max
[2023-11-16T13:15:08.998+0800][gc,stats    ]   Collector: Garbage Collection Cycle                      0.000 / 0.000         0.000 / 0.000        42.450 / 42.489       42.450 / 42.489      ms
[2023-11-16T13:15:08.998+0800][gc,stats    ]  Contention: Mark Segment Reset Contention                     0 / 0                 0 / 0                 0 / 2                 0 / 2           ops/s
[2023-11-16T13:15:08.998+0800][gc,stats    ]  Contention: Mark SeqNum Reset Contention                      0 / 0                 0 / 0                 0 / 1                 0 / 1           ops/s
[2023-11-16T13:15:08.998+0800][gc,stats    ]    Critical: Allocation Stall                                  0 / 0                 0 / 0                 0 / 0                 0 / 0           ops/s
[2023-11-16T13:15:08.998+0800][gc,stats    ]    Critical: Allocation Stall                              0.000 / 0.000         0.000 / 0.000         0.000 / 0.000         0.000 / 0.000       ms
[2023-11-16T13:15:08.998+0800][gc,stats    ]    Critical: GC Locker Stall                                   0 / 0                 0 / 0                 0 / 0                 0 / 0           ops/s
[2023-11-16T13:15:08.998+0800][gc,stats    ]    Critical: GC Locker Stall                               0.000 / 0.000         0.000 / 0.000         0.000 / 0.000         0.000 / 0.000       ms
[2023-11-16T13:15:08.998+0800][gc,stats    ]    Critical: Relocation Stall                                  0 / 0                 0 / 0                 0 / 0                 0 / 0           ops/s
[2023-11-16T13:15:08.998+0800][gc,stats    ]    Critical: Relocation Stall                              0.000 / 0.000         0.000 / 0.000         0.000 / 0.000         0.000 / 0.000       ms
[2023-11-16T13:15:08.998+0800][gc,stats    ]      Memory: Allocation Rate                                   0 / 0                 0 / 10                0 / 96                0 / 96          MB/s
[2023-11-16T13:15:08.998+0800][gc,stats    ]      Memory: Defragment                                        0 / 0                 0 / 0                 0 / 0                 0 / 0           ops/s
[2023-11-16T13:15:08.998+0800][gc,stats    ]      Memory: Out Of Memory                                     0 / 0                 0 / 0                 0 / 0                 0 / 0           ops/s
[2023-11-16T13:15:08.998+0800][gc,stats    ]      Memory: Page Cache Flush                                  0 / 0                 0 / 0                 0 / 0                 0 / 0           MB/s
[2023-11-16T13:15:08.998+0800][gc,stats    ]      Memory: Page Cache Hit L1                                 0 / 0                 0 / 5                 0 / 38                0 / 38          ops/s
[2023-11-16T13:15:08.998+0800][gc,stats    ]      Memory: Page Cache Hit L2                                 0 / 0                 0 / 0                 0 / 0                 0 / 0           ops/s
[2023-11-16T13:15:08.998+0800][gc,stats    ]      Memory: Page Cache Hit L3                                 0 / 0                 0 / 3                 0 / 48                0 / 48          ops/s
[2023-11-16T13:15:08.998+0800][gc,stats    ]      Memory: Page Cache Miss                                   0 / 0                 0 / 0                 0 / 1                 0 / 1           ops/s
[2023-11-16T13:15:08.998+0800][gc,stats    ]      Memory: Uncommit                                          0 / 0                 0 / 0                 0 / 0                 0 / 0           MB/s
[2023-11-16T13:15:08.998+0800][gc,stats    ]      Memory: Undo Object Allocation Failed                     0 / 0                 0 / 0                 0 / 0                 0 / 0           ops/s
[2023-11-16T13:15:08.998+0800][gc,stats    ]      Memory: Undo Object Allocation Succeeded                  0 / 0                 0 / 0                 0 / 0                 0 / 0           ops/s
[2023-11-16T13:15:08.998+0800][gc,stats    ]      Memory: Undo Page Allocation                              0 / 0                 0 / 0                 0 / 0                 0 / 0           ops/s
[2023-11-16T13:15:08.998+0800][gc,stats    ]       Phase: Concurrent Mark                               0.000 / 0.000         0.000 / 0.000        25.401 / 26.782       25.401 / 26.782      ms
[2023-11-16T13:15:08.998+0800][gc,stats    ]       Phase: Concurrent Mark Continue                      0.000 / 0.000         0.000 / 0.000         0.000 / 0.000         0.000 / 0.000       ms
[2023-11-16T13:15:08.998+0800][gc,stats    ]       Phase: Concurrent Mark Free                          0.000 / 0.000         0.000 / 0.000         0.001 / 0.001         0.001 / 0.001       ms
[2023-11-16T13:15:08.998+0800][gc,stats    ]       Phase: Concurrent Process Non-Strong References      0.000 / 0.000         0.000 / 0.000         2.435 / 2.758         2.435 / 2.758       ms
[2023-11-16T13:15:08.998+0800][gc,stats    ]       Phase: Concurrent Relocate                           0.000 / 0.000         0.000 / 0.000         2.928 / 3.220         2.928 / 3.220       ms
[2023-11-16T13:15:08.998+0800][gc,stats    ]       Phase: Concurrent Reset Relocation Set               0.000 / 0.000         0.000 / 0.000         0.003 / 0.006         0.003 / 0.006       ms
[2023-11-16T13:15:08.998+0800][gc,stats    ]       Phase: Concurrent Select Relocation Set              0.000 / 0.000         0.000 / 0.000         5.767 / 9.539         5.767 / 9.539       ms
[2023-11-16T13:15:08.998+0800][gc,stats    ]       Phase: Pause Mark End                                0.000 / 0.000         0.000 / 0.000         0.023 / 0.026         0.023 / 0.026       ms
[2023-11-16T13:15:08.998+0800][gc,stats    ]       Phase: Pause Mark Start                              0.000 / 0.000         0.000 / 0.000         0.010 / 0.014         0.010 / 0.014       ms
[2023-11-16T13:15:08.998+0800][gc,stats    ]       Phase: Pause Relocate Start                          0.000 / 0.000         0.000 / 0.000         0.014 / 0.017         0.014 / 0.017       ms
[2023-11-16T13:15:08.998+0800][gc,stats    ]    Subphase: Concurrent Classes Purge                      0.000 / 0.000         0.000 / 0.000         0.082 / 0.093         0.082 / 0.093       ms
[2023-11-16T13:15:08.998+0800][gc,stats    ]    Subphase: Concurrent Classes Unlink                     0.000 / 0.000         0.000 / 0.000         1.496 / 1.649         1.496 / 1.649       ms
[2023-11-16T13:15:08.998+0800][gc,stats    ]    Subphase: Concurrent Mark                               0.000 / 0.000         0.000 / 0.000        21.597 / 25.992       21.597 / 25.992      ms
[2023-11-16T13:15:08.998+0800][gc,stats    ]    Subphase: Concurrent Mark Try Flush                     0.000 / 0.000         0.000 / 0.000         0.068 / 0.146         0.068 / 0.146       ms
[2023-11-16T13:15:08.998+0800][gc,stats    ]    Subphase: Concurrent Mark Try Terminate                 0.000 / 0.000         0.000 / 0.000         5.693 / 15.474        5.693 / 15.474      ms
[2023-11-16T13:15:08.998+0800][gc,stats    ]    Subphase: Concurrent References Enqueue                 0.000 / 0.000         0.000 / 0.000         0.005 / 0.005         0.005 / 0.005       ms
[2023-11-16T13:15:08.998+0800][gc,stats    ]    Subphase: Concurrent References Process                 0.000 / 0.000         0.000 / 0.000         0.108 / 0.128         0.108 / 0.128       ms
[2023-11-16T13:15:08.998+0800][gc,stats    ]    Subphase: Concurrent Roots ClassLoaderDataGraph         0.000 / 0.000         0.000 / 0.000         0.162 / 0.511         0.162 / 0.511       ms
[2023-11-16T13:15:08.998+0800][gc,stats    ]    Subphase: Concurrent Roots CodeCache                    0.000 / 0.000         0.000 / 0.000         0.000 / 0.000         0.000 / 0.000       ms
[2023-11-16T13:15:08.998+0800][gc,stats    ]    Subphase: Concurrent Roots JavaThreads                  0.000 / 0.000         0.000 / 0.000         0.945 / 1.682         0.945 / 1.682       ms
[2023-11-16T13:15:08.998+0800][gc,stats    ]    Subphase: Concurrent Roots OopStorageSet                0.000 / 0.000         0.000 / 0.000         0.041 / 0.062         0.041 / 0.062       ms
[2023-11-16T13:15:08.998+0800][gc,stats    ]    Subphase: Concurrent Weak Roots OopStorageSet           0.000 / 0.000         0.000 / 0.000         0.514 / 0.770         0.514 / 0.770       ms
[2023-11-16T13:15:08.998+0800][gc,stats    ]    Subphase: Pause Mark Try Complete                       0.000 / 0.000         0.000 / 0.000         0.000 / 0.000         0.000 / 0.000       ms
[2023-11-16T13:15:08.998+0800][gc,stats    ]      System: Java Threads                                      0 / 0                 0 / 0                36 / 51               36 / 51          threads
[2023-11-16T13:15:09.000+0800][gc,stats    ] =========================================================================================================================================================
[2023-11-16T13:15:18.992+0800][gc,stats    ] === Garbage Collection Statistics =======================================================================================================================
[2023-11-16T13:15:18.992+0800][gc,stats    ]                                                              Last 10s              Last 10m              Last 10h                Total
[2023-11-16T13:15:18.992+0800][gc,stats    ]                                                              Avg / Max             Avg / Max             Avg / Max             Avg / Max
[2023-11-16T13:15:18.992+0800][gc,stats    ]   Collector: Garbage Collection Cycle                      0.000 / 0.000         0.000 / 0.000        42.450 / 42.489       42.450 / 42.489      ms
[2023-11-16T13:15:18.992+0800][gc,stats    ]  Contention: Mark Segment Reset Contention                     0 / 0                 0 / 0                 0 / 2                 0 / 2           ops/s
[2023-11-16T13:15:18.992+0800][gc,stats    ]  Contention: Mark SeqNum Reset Contention                      0 / 0                 0 / 0                 0 / 1                 0 / 1           ops/s
[2023-11-16T13:15:18.992+0800][gc,stats    ]    Critical: Allocation Stall                                  0 / 0                 0 / 0                 0 / 0                 0 / 0           ops/s
[2023-11-16T13:15:18.992+0800][gc,stats    ]    Critical: Allocation Stall                              0.000 / 0.000         0.000 / 0.000         0.000 / 0.000         0.000 / 0.000       ms
[2023-11-16T13:15:18.992+0800][gc,stats    ]    Critical: GC Locker Stall                                   0 / 0                 0 / 0                 0 / 0                 0 / 0           ops/s
[2023-11-16T13:15:18.992+0800][gc,stats    ]    Critical: GC Locker Stall                               0.000 / 0.000         0.000 / 0.000         0.000 / 0.000         0.000 / 0.000       ms
[2023-11-16T13:15:18.992+0800][gc,stats    ]    Critical: Relocation Stall                                  0 / 0                 0 / 0                 0 / 0                 0 / 0           ops/s
[2023-11-16T13:15:18.992+0800][gc,stats    ]    Critical: Relocation Stall                              0.000 / 0.000         0.000 / 0.000         0.000 / 0.000         0.000 / 0.000       ms
[2023-11-16T13:15:18.992+0800][gc,stats    ]      Memory: Allocation Rate                                   0 / 0                 0 / 10                0 / 96                0 / 96          MB/s
[2023-11-16T13:15:18.992+0800][gc,stats    ]      Memory: Defragment                                        0 / 0                 0 / 0                 0 / 0                 0 / 0           ops/s
[2023-11-16T13:15:18.992+0800][gc,stats    ]      Memory: Out Of Memory                                     0 / 0                 0 / 0                 0 / 0                 0 / 0           ops/s
[2023-11-16T13:15:18.992+0800][gc,stats    ]      Memory: Page Cache Flush                                  0 / 0                 0 / 0                 0 / 0                 0 / 0           MB/s
[2023-11-16T13:15:18.992+0800][gc,stats    ]      Memory: Page Cache Hit L1                                 0 / 0                 0 / 5                 0 / 38                0 / 38          ops/s
[2023-11-16T13:15:18.992+0800][gc,stats    ]      Memory: Page Cache Hit L2                                 0 / 0                 0 / 0                 0 / 0                 0 / 0           ops/s
[2023-11-16T13:15:18.992+0800][gc,stats    ]      Memory: Page Cache Hit L3                                 0 / 0                 0 / 3                 0 / 48                0 / 48          ops/s
[2023-11-16T13:15:18.992+0800][gc,stats    ]      Memory: Page Cache Miss                                   0 / 0                 0 / 0                 0 / 1                 0 / 1           ops/s
[2023-11-16T13:15:18.992+0800][gc,stats    ]      Memory: Uncommit                                          0 / 0                 0 / 0                 0 / 0                 0 / 0           MB/s
[2023-11-16T13:15:18.992+0800][gc,stats    ]      Memory: Undo Object Allocation Failed                     0 / 0                 0 / 0                 0 / 0                 0 / 0           ops/s
[2023-11-16T13:15:18.992+0800][gc,stats    ]      Memory: Undo Object Allocation Succeeded                  0 / 0                 0 / 0                 0 / 0                 0 / 0           ops/s
[2023-11-16T13:15:18.992+0800][gc,stats    ]      Memory: Undo Page Allocation                              0 / 0                 0 / 0                 0 / 0                 0 / 0           ops/s
[2023-11-16T13:15:18.992+0800][gc,stats    ]       Phase: Concurrent Mark                               0.000 / 0.000         0.000 / 0.000        25.401 / 26.782       25.401 / 26.782      ms
[2023-11-16T13:15:18.992+0800][gc,stats    ]       Phase: Concurrent Mark Continue                      0.000 / 0.000         0.000 / 0.000         0.000 / 0.000         0.000 / 0.000       ms
[2023-11-16T13:15:18.992+0800][gc,stats    ]       Phase: Concurrent Mark Free                          0.000 / 0.000         0.000 / 0.000         0.001 / 0.001         0.001 / 0.001       ms
[2023-11-16T13:15:18.992+0800][gc,stats    ]       Phase: Concurrent Process Non-Strong References      0.000 / 0.000         0.000 / 0.000         2.435 / 2.758         2.435 / 2.758       ms
[2023-11-16T13:15:18.992+0800][gc,stats    ]       Phase: Concurrent Relocate                           0.000 / 0.000         0.000 / 0.000         2.928 / 3.220         2.928 / 3.220       ms
[2023-11-16T13:15:18.992+0800][gc,stats    ]       Phase: Concurrent Reset Relocation Set               0.000 / 0.000         0.000 / 0.000         0.003 / 0.006         0.003 / 0.006       ms
[2023-11-16T13:15:18.992+0800][gc,stats    ]       Phase: Concurrent Select Relocation Set              0.000 / 0.000         0.000 / 0.000         5.767 / 9.539         5.767 / 9.539       ms
[2023-11-16T13:15:18.992+0800][gc,stats    ]       Phase: Pause Mark End                                0.000 / 0.000         0.000 / 0.000         0.023 / 0.026         0.023 / 0.026       ms
[2023-11-16T13:15:18.992+0800][gc,stats    ]       Phase: Pause Mark Start                              0.000 / 0.000         0.000 / 0.000         0.010 / 0.014         0.010 / 0.014       ms
[2023-11-16T13:15:18.992+0800][gc,stats    ]       Phase: Pause Relocate Start                          0.000 / 0.000         0.000 / 0.000         0.014 / 0.017         0.014 / 0.017       ms
[2023-11-16T13:15:18.992+0800][gc,stats    ]    Subphase: Concurrent Classes Purge                      0.000 / 0.000         0.000 / 0.000         0.082 / 0.093         0.082 / 0.093       ms
[2023-11-16T13:15:18.992+0800][gc,stats    ]    Subphase: Concurrent Classes Unlink                     0.000 / 0.000         0.000 / 0.000         1.496 / 1.649         1.496 / 1.649       ms
[2023-11-16T13:15:18.992+0800][gc,stats    ]    Subphase: Concurrent Mark                               0.000 / 0.000         0.000 / 0.000        21.597 / 25.992       21.597 / 25.992      ms
[2023-11-16T13:15:18.992+0800][gc,stats    ]    Subphase: Concurrent Mark Try Flush                     0.000 / 0.000         0.000 / 0.000         0.068 / 0.146         0.068 / 0.146       ms
[2023-11-16T13:15:18.992+0800][gc,stats    ]    Subphase: Concurrent Mark Try Terminate                 0.000 / 0.000         0.000 / 0.000         5.693 / 15.474        5.693 / 15.474      ms
[2023-11-16T13:15:18.992+0800][gc,stats    ]    Subphase: Concurrent References Enqueue                 0.000 / 0.000         0.000 / 0.000         0.005 / 0.005         0.005 / 0.005       ms
[2023-11-16T13:15:18.992+0800][gc,stats    ]    Subphase: Concurrent References Process                 0.000 / 0.000         0.000 / 0.000         0.108 / 0.128         0.108 / 0.128       ms
[2023-11-16T13:15:18.992+0800][gc,stats    ]    Subphase: Concurrent Roots ClassLoaderDataGraph         0.000 / 0.000         0.000 / 0.000         0.162 / 0.511         0.162 / 0.511       ms
[2023-11-16T13:15:18.992+0800][gc,stats    ]    Subphase: Concurrent Roots CodeCache                    0.000 / 0.000         0.000 / 0.000         0.000 / 0.000         0.000 / 0.000       ms
[2023-11-16T13:15:18.992+0800][gc,stats    ]    Subphase: Concurrent Roots JavaThreads                  0.000 / 0.000         0.000 / 0.000         0.945 / 1.682         0.945 / 1.682       ms
[2023-11-16T13:15:18.992+0800][gc,stats    ]    Subphase: Concurrent Roots OopStorageSet                0.000 / 0.000         0.000 / 0.000         0.041 / 0.062         0.041 / 0.062       ms
[2023-11-16T13:15:18.992+0800][gc,stats    ]    Subphase: Concurrent Weak Roots OopStorageSet           0.000 / 0.000         0.000 / 0.000         0.514 / 0.770         0.514 / 0.770       ms
[2023-11-16T13:15:18.992+0800][gc,stats    ]    Subphase: Pause Mark Try Complete                       0.000 / 0.000         0.000 / 0.000         0.000 / 0.000         0.000 / 0.000       ms
[2023-11-16T13:15:18.992+0800][gc,stats    ]      System: Java Threads                                      0 / 0                 0 / 0                36 / 51               36 / 51          threads
[2023-11-16T13:15:18.992+0800][gc,stats    ] =========================================================================================================================================================
[2023-11-16T13:15:28.998+0800][gc,stats    ] === Garbage Collection Statistics =======================================================================================================================
[2023-11-16T13:15:28.998+0800][gc,stats    ]                                                              Last 10s              Last 10m              Last 10h                Total
[2023-11-16T13:15:28.998+0800][gc,stats    ]                                                              Avg / Max             Avg / Max             Avg / Max             Avg / Max
[2023-11-16T13:15:28.998+0800][gc,stats    ]   Collector: Garbage Collection Cycle                      0.000 / 0.000         0.000 / 0.000        42.450 / 42.489       42.450 / 42.489      ms
[2023-11-16T13:15:28.998+0800][gc,stats    ]  Contention: Mark Segment Reset Contention                     0 / 0                 0 / 0                 0 / 2                 0 / 2           ops/s
[2023-11-16T13:15:28.998+0800][gc,stats    ]  Contention: Mark SeqNum Reset Contention                      0 / 0                 0 / 0                 0 / 1                 0 / 1           ops/s
[2023-11-16T13:15:28.998+0800][gc,stats    ]    Critical: Allocation Stall                                  0 / 0                 0 / 0                 0 / 0                 0 / 0           ops/s
[2023-11-16T13:15:28.998+0800][gc,stats    ]    Critical: Allocation Stall                              0.000 / 0.000         0.000 / 0.000         0.000 / 0.000         0.000 / 0.000       ms
[2023-11-16T13:15:28.998+0800][gc,stats    ]    Critical: GC Locker Stall                                   0 / 0                 0 / 0                 0 / 0                 0 / 0           ops/s
[2023-11-16T13:15:28.998+0800][gc,stats    ]    Critical: GC Locker Stall                               0.000 / 0.000         0.000 / 0.000         0.000 / 0.000         0.000 / 0.000       ms
[2023-11-16T13:15:28.998+0800][gc,stats    ]    Critical: Relocation Stall                                  0 / 0                 0 / 0                 0 / 0                 0 / 0           ops/s
[2023-11-16T13:15:28.998+0800][gc,stats    ]    Critical: Relocation Stall                              0.000 / 0.000         0.000 / 0.000         0.000 / 0.000         0.000 / 0.000       ms
[2023-11-16T13:15:28.998+0800][gc,stats    ]      Memory: Allocation Rate                                   0 / 0                 0 / 10                0 / 96                0 / 96          MB/s
[2023-11-16T13:15:28.998+0800][gc,stats    ]      Memory: Defragment                                        0 / 0                 0 / 0                 0 / 0                 0 / 0           ops/s
[2023-11-16T13:15:28.998+0800][gc,stats    ]      Memory: Out Of Memory                                     0 / 0                 0 / 0                 0 / 0                 0 / 0           ops/s
[2023-11-16T13:15:28.998+0800][gc,stats    ]      Memory: Page Cache Flush                                  0 / 0                 0 / 0                 0 / 0                 0 / 0           MB/s
[2023-11-16T13:15:28.998+0800][gc,stats    ]      Memory: Page Cache Hit L1                                 0 / 0                 0 / 5                 0 / 38                0 / 38          ops/s
[2023-11-16T13:15:28.998+0800][gc,stats    ]      Memory: Page Cache Hit L2                                 0 / 0                 0 / 0                 0 / 0                 0 / 0           ops/s
[2023-11-16T13:15:28.998+0800][gc,stats    ]      Memory: Page Cache Hit L3                                 0 / 0                 0 / 3                 0 / 48                0 / 48          ops/s
[2023-11-16T13:15:28.998+0800][gc,stats    ]      Memory: Page Cache Miss                                   0 / 0                 0 / 0                 0 / 1                 0 / 1           ops/s
[2023-11-16T13:15:28.998+0800][gc,stats    ]      Memory: Uncommit                                          0 / 0                 0 / 0                 0 / 0                 0 / 0           MB/s
[2023-11-16T13:15:28.998+0800][gc,stats    ]      Memory: Undo Object Allocation Failed                     0 / 0                 0 / 0                 0 / 0                 0 / 0           ops/s
[2023-11-16T13:15:28.998+0800][gc,stats    ]      Memory: Undo Object Allocation Succeeded                  0 / 0                 0 / 0                 0 / 0                 0 / 0           ops/s
[2023-11-16T13:15:28.998+0800][gc,stats    ]      Memory: Undo Page Allocation                              0 / 0                 0 / 0                 0 / 0                 0 / 0           ops/s
[2023-11-16T13:15:28.998+0800][gc,stats    ]       Phase: Concurrent Mark                               0.000 / 0.000         0.000 / 0.000        25.401 / 26.782       25.401 / 26.782      ms
[2023-11-16T13:15:28.998+0800][gc,stats    ]       Phase: Concurrent Mark Continue                      0.000 / 0.000         0.000 / 0.000         0.000 / 0.000         0.000 / 0.000       ms
[2023-11-16T13:15:28.998+0800][gc,stats    ]       Phase: Concurrent Mark Free                          0.000 / 0.000         0.000 / 0.000         0.001 / 0.001         0.001 / 0.001       ms
[2023-11-16T13:15:28.998+0800][gc,stats    ]       Phase: Concurrent Process Non-Strong References      0.000 / 0.000         0.000 / 0.000         2.435 / 2.758         2.435 / 2.758       ms
[2023-11-16T13:15:28.998+0800][gc,stats    ]       Phase: Concurrent Relocate                           0.000 / 0.000         0.000 / 0.000         2.928 / 3.220         2.928 / 3.220       ms
[2023-11-16T13:15:28.998+0800][gc,stats    ]       Phase: Concurrent Reset Relocation Set               0.000 / 0.000         0.000 / 0.000         0.003 / 0.006         0.003 / 0.006       ms
[2023-11-16T13:15:28.998+0800][gc,stats    ]       Phase: Concurrent Select Relocation Set              0.000 / 0.000         0.000 / 0.000         5.767 / 9.539         5.767 / 9.539       ms
[2023-11-16T13:15:28.998+0800][gc,stats    ]       Phase: Pause Mark End                                0.000 / 0.000         0.000 / 0.000         0.023 / 0.026         0.023 / 0.026       ms
[2023-11-16T13:15:28.998+0800][gc,stats    ]       Phase: Pause Mark Start                              0.000 / 0.000         0.000 / 0.000         0.010 / 0.014         0.010 / 0.014       ms
[2023-11-16T13:15:28.998+0800][gc,stats    ]       Phase: Pause Relocate Start                          0.000 / 0.000         0.000 / 0.000         0.014 / 0.017         0.014 / 0.017       ms
[2023-11-16T13:15:28.998+0800][gc,stats    ]    Subphase: Concurrent Classes Purge                      0.000 / 0.000         0.000 / 0.000         0.082 / 0.093         0.082 / 0.093       ms
[2023-11-16T13:15:28.998+0800][gc,stats    ]    Subphase: Concurrent Classes Unlink                     0.000 / 0.000         0.000 / 0.000         1.496 / 1.649         1.496 / 1.649       ms
[2023-11-16T13:15:28.998+0800][gc,stats    ]    Subphase: Concurrent Mark                               0.000 / 0.000         0.000 / 0.000        21.597 / 25.992       21.597 / 25.992      ms
[2023-11-16T13:15:28.998+0800][gc,stats    ]    Subphase: Concurrent Mark Try Flush                     0.000 / 0.000         0.000 / 0.000         0.068 / 0.146         0.068 / 0.146       ms
[2023-11-16T13:15:28.998+0800][gc,stats    ]    Subphase: Concurrent Mark Try Terminate                 0.000 / 0.000         0.000 / 0.000         5.693 / 15.474        5.693 / 15.474      ms
[2023-11-16T13:15:28.998+0800][gc,stats    ]    Subphase: Concurrent References Enqueue                 0.000 / 0.000         0.000 / 0.000         0.005 / 0.005         0.005 / 0.005       ms
[2023-11-16T13:15:28.998+0800][gc,stats    ]    Subphase: Concurrent References Process                 0.000 / 0.000         0.000 / 0.000         0.108 / 0.128         0.108 / 0.128       ms
[2023-11-16T13:15:28.998+0800][gc,stats    ]    Subphase: Concurrent Roots ClassLoaderDataGraph         0.000 / 0.000         0.000 / 0.000         0.162 / 0.511         0.162 / 0.511       ms
[2023-11-16T13:15:28.998+0800][gc,stats    ]    Subphase: Concurrent Roots CodeCache                    0.000 / 0.000         0.000 / 0.000         0.000 / 0.000         0.000 / 0.000       ms
[2023-11-16T13:15:28.998+0800][gc,stats    ]    Subphase: Concurrent Roots JavaThreads                  0.000 / 0.000         0.000 / 0.000         0.945 / 1.682         0.945 / 1.682       ms
[2023-11-16T13:15:28.998+0800][gc,stats    ]    Subphase: Concurrent Roots OopStorageSet                0.000 / 0.000         0.000 / 0.000         0.041 / 0.062         0.041 / 0.062       ms
[2023-11-16T13:15:28.998+0800][gc,stats    ]    Subphase: Concurrent Weak Roots OopStorageSet           0.000 / 0.000         0.000 / 0.000         0.514 / 0.770         0.514 / 0.770       ms
[2023-11-16T13:15:28.998+0800][gc,stats    ]    Subphase: Pause Mark Try Complete                       0.000 / 0.000         0.000 / 0.000         0.000 / 0.000         0.000 / 0.000       ms
[2023-11-16T13:15:28.998+0800][gc,stats    ]      System: Java Threads                                      0 / 0                 0 / 0                36 / 51               36 / 51          threads
[2023-11-16T13:15:28.998+0800][gc,stats    ] =========================================================================================================================================================
[2023-11-16T13:15:38.984+0800][gc,stats    ] === Garbage Collection Statistics =======================================================================================================================
[2023-11-16T13:15:38.984+0800][gc,stats    ]                                                              Last 10s              Last 10m              Last 10h                Total
[2023-11-16T13:15:38.984+0800][gc,stats    ]                                                              Avg / Max             Avg / Max             Avg / Max             Avg / Max
[2023-11-16T13:15:38.984+0800][gc,stats    ]   Collector: Garbage Collection Cycle                      0.000 / 0.000         0.000 / 0.000        42.450 / 42.489       42.450 / 42.489      ms
[2023-11-16T13:15:38.984+0800][gc,stats    ]  Contention: Mark Segment Reset Contention                     0 / 0                 0 / 0                 0 / 2                 0 / 2           ops/s
[2023-11-16T13:15:38.984+0800][gc,stats    ]  Contention: Mark SeqNum Reset Contention                      0 / 0                 0 / 0                 0 / 1                 0 / 1           ops/s
[2023-11-16T13:15:38.984+0800][gc,stats    ]    Critical: Allocation Stall                                  0 / 0                 0 / 0                 0 / 0                 0 / 0           ops/s
[2023-11-16T13:15:38.984+0800][gc,stats    ]    Critical: Allocation Stall                              0.000 / 0.000         0.000 / 0.000         0.000 / 0.000         0.000 / 0.000       ms
[2023-11-16T13:15:38.984+0800][gc,stats    ]    Critical: GC Locker Stall                                   0 / 0                 0 / 0                 0 / 0                 0 / 0           ops/s
[2023-11-16T13:15:38.984+0800][gc,stats    ]    Critical: GC Locker Stall                               0.000 / 0.000         0.000 / 0.000         0.000 / 0.000         0.000 / 0.000       ms
[2023-11-16T13:15:38.984+0800][gc,stats    ]    Critical: Relocation Stall                                  0 / 0                 0 / 0                 0 / 0                 0 / 0           ops/s
[2023-11-16T13:15:38.984+0800][gc,stats    ]    Critical: Relocation Stall                              0.000 / 0.000         0.000 / 0.000         0.000 / 0.000         0.000 / 0.000       ms
[2023-11-16T13:15:38.984+0800][gc,stats    ]      Memory: Allocation Rate                                   0 / 0                 0 / 10                0 / 96                0 / 96          MB/s
[2023-11-16T13:15:38.984+0800][gc,stats    ]      Memory: Defragment                                        0 / 0                 0 / 0                 0 / 0                 0 / 0           ops/s
[2023-11-16T13:15:38.984+0800][gc,stats    ]      Memory: Out Of Memory                                     0 / 0                 0 / 0                 0 / 0                 0 / 0           ops/s
[2023-11-16T13:15:38.984+0800][gc,stats    ]      Memory: Page Cache Flush                                  0 / 0                 0 / 0                 0 / 0                 0 / 0           MB/s
[2023-11-16T13:15:38.984+0800][gc,stats    ]      Memory: Page Cache Hit L1                                 0 / 0                 0 / 5                 0 / 38                0 / 38          ops/s
[2023-11-16T13:15:38.984+0800][gc,stats    ]      Memory: Page Cache Hit L2                                 0 / 0                 0 / 0                 0 / 0                 0 / 0           ops/s
[2023-11-16T13:15:38.984+0800][gc,stats    ]      Memory: Page Cache Hit L3                                 0 / 0                 0 / 3                 0 / 48                0 / 48          ops/s
[2023-11-16T13:15:38.984+0800][gc,stats    ]      Memory: Page Cache Miss                                   0 / 0                 0 / 0                 0 / 1                 0 / 1           ops/s
[2023-11-16T13:15:38.984+0800][gc,stats    ]      Memory: Uncommit                                          0 / 0                 0 / 0                 0 / 0                 0 / 0           MB/s
[2023-11-16T13:15:38.984+0800][gc,stats    ]      Memory: Undo Object Allocation Failed                     0 / 0                 0 / 0                 0 / 0                 0 / 0           ops/s
[2023-11-16T13:15:38.984+0800][gc,stats    ]      Memory: Undo Object Allocation Succeeded                  0 / 0                 0 / 0                 0 / 0                 0 / 0           ops/s
[2023-11-16T13:15:38.984+0800][gc,stats    ]      Memory: Undo Page Allocation                              0 / 0                 0 / 0                 0 / 0                 0 / 0           ops/s
[2023-11-16T13:15:38.984+0800][gc,stats    ]       Phase: Concurrent Mark                               0.000 / 0.000         0.000 / 0.000        25.401 / 26.782       25.401 / 26.782      ms
[2023-11-16T13:15:38.984+0800][gc,stats    ]       Phase: Concurrent Mark Continue                      0.000 / 0.000         0.000 / 0.000         0.000 / 0.000         0.000 / 0.000       ms
[2023-11-16T13:15:38.984+0800][gc,stats    ]       Phase: Concurrent Mark Free                          0.000 / 0.000         0.000 / 0.000         0.001 / 0.001         0.001 / 0.001       ms
[2023-11-16T13:15:38.984+0800][gc,stats    ]       Phase: Concurrent Process Non-Strong References      0.000 / 0.000         0.000 / 0.000         2.435 / 2.758         2.435 / 2.758       ms
[2023-11-16T13:15:38.984+0800][gc,stats    ]       Phase: Concurrent Relocate                           0.000 / 0.000         0.000 / 0.000         2.928 / 3.220         2.928 / 3.220       ms
[2023-11-16T13:15:38.984+0800][gc,stats    ]       Phase: Concurrent Reset Relocation Set               0.000 / 0.000         0.000 / 0.000         0.003 / 0.006         0.003 / 0.006       ms
[2023-11-16T13:15:38.984+0800][gc,stats    ]       Phase: Concurrent Select Relocation Set              0.000 / 0.000         0.000 / 0.000         5.767 / 9.539         5.767 / 9.539       ms
[2023-11-16T13:15:38.984+0800][gc,stats    ]       Phase: Pause Mark End                                0.000 / 0.000         0.000 / 0.000         0.023 / 0.026         0.023 / 0.026       ms
[2023-11-16T13:15:38.984+0800][gc,stats    ]       Phase: Pause Mark Start                              0.000 / 0.000         0.000 / 0.000         0.010 / 0.014         0.010 / 0.014       ms
[2023-11-16T13:15:38.984+0800][gc,stats    ]       Phase: Pause Relocate Start                          0.000 / 0.000         0.000 / 0.000         0.014 / 0.017         0.014 / 0.017       ms
[2023-11-16T13:15:38.984+0800][gc,stats    ]    Subphase: Concurrent Classes Purge                      0.000 / 0.000         0.000 / 0.000         0.082 / 0.093         0.082 / 0.093       ms
[2023-11-16T13:15:38.984+0800][gc,stats    ]    Subphase: Concurrent Classes Unlink                     0.000 / 0.000         0.000 / 0.000         1.496 / 1.649         1.496 / 1.649       ms
[2023-11-16T13:15:38.984+0800][gc,stats    ]    Subphase: Concurrent Mark                               0.000 / 0.000         0.000 / 0.000        21.597 / 25.992       21.597 / 25.992      ms
[2023-11-16T13:15:38.984+0800][gc,stats    ]    Subphase: Concurrent Mark Try Flush                     0.000 / 0.000         0.000 / 0.000         0.068 / 0.146         0.068 / 0.146       ms
[2023-11-16T13:15:38.984+0800][gc,stats    ]    Subphase: Concurrent Mark Try Terminate                 0.000 / 0.000         0.000 / 0.000         5.693 / 15.474        5.693 / 15.474      ms
[2023-11-16T13:15:38.984+0800][gc,stats    ]    Subphase: Concurrent References Enqueue                 0.000 / 0.000         0.000 / 0.000         0.005 / 0.005         0.005 / 0.005       ms
[2023-11-16T13:15:38.984+0800][gc,stats    ]    Subphase: Concurrent References Process                 0.000 / 0.000         0.000 / 0.000         0.108 / 0.128         0.108 / 0.128       ms
[2023-11-16T13:15:38.984+0800][gc,stats    ]    Subphase: Concurrent Roots ClassLoaderDataGraph         0.000 / 0.000         0.000 / 0.000         0.162 / 0.511         0.162 / 0.511       ms
[2023-11-16T13:15:38.984+0800][gc,stats    ]    Subphase: Concurrent Roots CodeCache                    0.000 / 0.000         0.000 / 0.000         0.000 / 0.000         0.000 / 0.000       ms
[2023-11-16T13:15:38.984+0800][gc,stats    ]    Subphase: Concurrent Roots JavaThreads                  0.000 / 0.000         0.000 / 0.000         0.945 / 1.682         0.945 / 1.682       ms
[2023-11-16T13:15:38.984+0800][gc,stats    ]    Subphase: Concurrent Roots OopStorageSet                0.000 / 0.000         0.000 / 0.000         0.041 / 0.062         0.041 / 0.062       ms
[2023-11-16T13:15:38.984+0800][gc,stats    ]    Subphase: Concurrent Weak Roots OopStorageSet           0.000 / 0.000         0.000 / 0.000         0.514 / 0.770         0.514 / 0.770       ms
[2023-11-16T13:15:38.984+0800][gc,stats    ]    Subphase: Pause Mark Try Complete                       0.000 / 0.000         0.000 / 0.000         0.000 / 0.000         0.000 / 0.000       ms
[2023-11-16T13:15:38.984+0800][gc,stats    ]      System: Java Threads                                      0 / 0                 0 / 0                36 / 51               36 / 51          threads
[2023-11-16T13:15:38.984+0800][gc,stats    ] =========================================================================================================================================================
[2023-11-16T13:15:48.986+0800][gc,stats    ] === Garbage Collection Statistics =======================================================================================================================
[2023-11-16T13:15:48.986+0800][gc,stats    ]                                                              Last 10s              Last 10m              Last 10h                Total
[2023-11-16T13:15:48.986+0800][gc,stats    ]                                                              Avg / Max             Avg / Max             Avg / Max             Avg / Max
[2023-11-16T13:15:48.986+0800][gc,stats    ]   Collector: Garbage Collection Cycle                      0.000 / 0.000         0.000 / 0.000        42.450 / 42.489       42.450 / 42.489      ms
[2023-11-16T13:15:48.986+0800][gc,stats    ]  Contention: Mark Segment Reset Contention                     0 / 0                 0 / 0                 0 / 2                 0 / 2           ops/s
[2023-11-16T13:15:48.986+0800][gc,stats    ]  Contention: Mark SeqNum Reset Contention                      0 / 0                 0 / 0                 0 / 1                 0 / 1           ops/s
[2023-11-16T13:15:48.986+0800][gc,stats    ]    Critical: Allocation Stall                                  0 / 0                 0 / 0                 0 / 0                 0 / 0           ops/s
[2023-11-16T13:15:48.986+0800][gc,stats    ]    Critical: Allocation Stall                              0.000 / 0.000         0.000 / 0.000         0.000 / 0.000         0.000 / 0.000       ms
[2023-11-16T13:15:48.986+0800][gc,stats    ]    Critical: GC Locker Stall                                   0 / 0                 0 / 0                 0 / 0                 0 / 0           ops/s
[2023-11-16T13:15:48.986+0800][gc,stats    ]    Critical: GC Locker Stall                               0.000 / 0.000         0.000 / 0.000         0.000 / 0.000         0.000 / 0.000       ms
[2023-11-16T13:15:48.986+0800][gc,stats    ]    Critical: Relocation Stall                                  0 / 0                 0 / 0                 0 / 0                 0 / 0           ops/s
[2023-11-16T13:15:48.986+0800][gc,stats    ]    Critical: Relocation Stall                              0.000 / 0.000         0.000 / 0.000         0.000 / 0.000         0.000 / 0.000       ms
[2023-11-16T13:15:48.986+0800][gc,stats    ]      Memory: Allocation Rate                                   0 / 0                 0 / 10                0 / 96                0 / 96          MB/s
[2023-11-16T13:15:48.986+0800][gc,stats    ]      Memory: Defragment                                        0 / 0                 0 / 0                 0 / 0                 0 / 0           ops/s
[2023-11-16T13:15:48.986+0800][gc,stats    ]      Memory: Out Of Memory                                     0 / 0                 0 / 0                 0 / 0                 0 / 0           ops/s
[2023-11-16T13:15:48.986+0800][gc,stats    ]      Memory: Page Cache Flush                                  0 / 0                 0 / 0                 0 / 0                 0 / 0           MB/s
[2023-11-16T13:15:48.986+0800][gc,stats    ]      Memory: Page Cache Hit L1                                 0 / 0                 0 / 5                 0 / 38                0 / 38          ops/s
[2023-11-16T13:15:48.986+0800][gc,stats    ]      Memory: Page Cache Hit L2                                 0 / 0                 0 / 0                 0 / 0                 0 / 0           ops/s
[2023-11-16T13:15:48.986+0800][gc,stats    ]      Memory: Page Cache Hit L3                                 0 / 0                 0 / 3                 0 / 48                0 / 48          ops/s
[2023-11-16T13:15:48.986+0800][gc,stats    ]      Memory: Page Cache Miss                                   0 / 0                 0 / 0                 0 / 1                 0 / 1           ops/s
[2023-11-16T13:15:48.986+0800][gc,stats    ]      Memory: Uncommit                                          0 / 0                 0 / 0                 0 / 0                 0 / 0           MB/s
[2023-11-16T13:15:48.986+0800][gc,stats    ]      Memory: Undo Object Allocation Failed                     0 / 0                 0 / 0                 0 / 0                 0 / 0           ops/s
[2023-11-16T13:15:48.986+0800][gc,stats    ]      Memory: Undo Object Allocation Succeeded                  0 / 0                 0 / 0                 0 / 0                 0 / 0           ops/s
[2023-11-16T13:15:48.986+0800][gc,stats    ]      Memory: Undo Page Allocation                              0 / 0                 0 / 0                 0 / 0                 0 / 0           ops/s
[2023-11-16T13:15:48.986+0800][gc,stats    ]       Phase: Concurrent Mark                               0.000 / 0.000         0.000 / 0.000        25.401 / 26.782       25.401 / 26.782      ms
[2023-11-16T13:15:48.986+0800][gc,stats    ]       Phase: Concurrent Mark Continue                      0.000 / 0.000         0.000 / 0.000         0.000 / 0.000         0.000 / 0.000       ms
[2023-11-16T13:15:48.986+0800][gc,stats    ]       Phase: Concurrent Mark Free                          0.000 / 0.000         0.000 / 0.000         0.001 / 0.001         0.001 / 0.001       ms
[2023-11-16T13:15:48.986+0800][gc,stats    ]       Phase: Concurrent Process Non-Strong References      0.000 / 0.000         0.000 / 0.000         2.435 / 2.758         2.435 / 2.758       ms
[2023-11-16T13:15:48.986+0800][gc,stats    ]       Phase: Concurrent Relocate                           0.000 / 0.000         0.000 / 0.000         2.928 / 3.220         2.928 / 3.220       ms
[2023-11-16T13:15:48.986+0800][gc,stats    ]       Phase: Concurrent Reset Relocation Set               0.000 / 0.000         0.000 / 0.000         0.003 / 0.006         0.003 / 0.006       ms
[2023-11-16T13:15:48.986+0800][gc,stats    ]       Phase: Concurrent Select Relocation Set              0.000 / 0.000         0.000 / 0.000         5.767 / 9.539         5.767 / 9.539       ms
[2023-11-16T13:15:48.986+0800][gc,stats    ]       Phase: Pause Mark End                                0.000 / 0.000         0.000 / 0.000         0.023 / 0.026         0.023 / 0.026       ms
[2023-11-16T13:15:48.986+0800][gc,stats    ]       Phase: Pause Mark Start                              0.000 / 0.000         0.000 / 0.000         0.010 / 0.014         0.010 / 0.014       ms
[2023-11-16T13:15:48.986+0800][gc,stats    ]       Phase: Pause Relocate Start                          0.000 / 0.000         0.000 / 0.000         0.014 / 0.017         0.014 / 0.017       ms
[2023-11-16T13:15:48.986+0800][gc,stats    ]    Subphase: Concurrent Classes Purge                      0.000 / 0.000         0.000 / 0.000         0.082 / 0.093         0.082 / 0.093       ms
[2023-11-16T13:15:48.986+0800][gc,stats    ]    Subphase: Concurrent Classes Unlink                     0.000 / 0.000         0.000 / 0.000         1.496 / 1.649         1.496 / 1.649       ms
[2023-11-16T13:15:48.987+0800][gc,stats    ]    Subphase: Concurrent Mark                               0.000 / 0.000         0.000 / 0.000        21.597 / 25.992       21.597 / 25.992      ms
[2023-11-16T13:15:48.987+0800][gc,stats    ]    Subphase: Concurrent Mark Try Flush                     0.000 / 0.000         0.000 / 0.000         0.068 / 0.146         0.068 / 0.146       ms
[2023-11-16T13:15:48.987+0800][gc,stats    ]    Subphase: Concurrent Mark Try Terminate                 0.000 / 0.000         0.000 / 0.000         5.693 / 15.474        5.693 / 15.474      ms
[2023-11-16T13:15:48.987+0800][gc,stats    ]    Subphase: Concurrent References Enqueue                 0.000 / 0.000         0.000 / 0.000         0.005 / 0.005         0.005 / 0.005       ms
[2023-11-16T13:15:48.987+0800][gc,stats    ]    Subphase: Concurrent References Process                 0.000 / 0.000         0.000 / 0.000         0.108 / 0.128         0.108 / 0.128       ms
[2023-11-16T13:15:48.987+0800][gc,stats    ]    Subphase: Concurrent Roots ClassLoaderDataGraph         0.000 / 0.000         0.000 / 0.000         0.162 / 0.511         0.162 / 0.511       ms
[2023-11-16T13:15:48.987+0800][gc,stats    ]    Subphase: Concurrent Roots CodeCache                    0.000 / 0.000         0.000 / 0.000         0.000 / 0.000         0.000 / 0.000       ms
[2023-11-16T13:15:48.987+0800][gc,stats    ]    Subphase: Concurrent Roots JavaThreads                  0.000 / 0.000         0.000 / 0.000         0.945 / 1.682         0.945 / 1.682       ms
[2023-11-16T13:15:48.987+0800][gc,stats    ]    Subphase: Concurrent Roots OopStorageSet                0.000 / 0.000         0.000 / 0.000         0.041 / 0.062         0.041 / 0.062       ms
[2023-11-16T13:15:48.987+0800][gc,stats    ]    Subphase: Concurrent Weak Roots OopStorageSet           0.000 / 0.000         0.000 / 0.000         0.514 / 0.770         0.514 / 0.770       ms
[2023-11-16T13:15:48.987+0800][gc,stats    ]    Subphase: Pause Mark Try Complete                       0.000 / 0.000         0.000 / 0.000         0.000 / 0.000         0.000 / 0.000       ms
[2023-11-16T13:15:48.987+0800][gc,stats    ]      System: Java Threads                                      0 / 0                 0 / 0                36 / 51               36 / 51          threads
[2023-11-16T13:15:48.987+0800][gc,stats    ] =========================================================================================================================================================
[2023-11-16T13:15:58.991+0800][gc,stats    ] === Garbage Collection Statistics =======================================================================================================================
[2023-11-16T13:15:58.991+0800][gc,stats    ]                                                              Last 10s              Last 10m              Last 10h                Total
[2023-11-16T13:15:58.991+0800][gc,stats    ]                                                              Avg / Max             Avg / Max             Avg / Max             Avg / Max
[2023-11-16T13:15:58.991+0800][gc,stats    ]   Collector: Garbage Collection Cycle                      0.000 / 0.000         0.000 / 0.000        42.450 / 42.489       42.450 / 42.489      ms
[2023-11-16T13:15:58.991+0800][gc,stats    ]  Contention: Mark Segment Reset Contention                     0 / 0                 0 / 0                 0 / 2                 0 / 2           ops/s
[2023-11-16T13:15:58.991+0800][gc,stats    ]  Contention: Mark SeqNum Reset Contention                      0 / 0                 0 / 0                 0 / 1                 0 / 1           ops/s
[2023-11-16T13:15:58.991+0800][gc,stats    ]    Critical: Allocation Stall                                  0 / 0                 0 / 0                 0 / 0                 0 / 0           ops/s
[2023-11-16T13:15:58.991+0800][gc,stats    ]    Critical: Allocation Stall                              0.000 / 0.000         0.000 / 0.000         0.000 / 0.000         0.000 / 0.000       ms
[2023-11-16T13:15:58.991+0800][gc,stats    ]    Critical: GC Locker Stall                                   0 / 0                 0 / 0                 0 / 0                 0 / 0           ops/s
[2023-11-16T13:15:58.991+0800][gc,stats    ]    Critical: GC Locker Stall                               0.000 / 0.000         0.000 / 0.000         0.000 / 0.000         0.000 / 0.000       ms
[2023-11-16T13:15:58.991+0800][gc,stats    ]    Critical: Relocation Stall                                  0 / 0                 0 / 0                 0 / 0                 0 / 0           ops/s
[2023-11-16T13:15:58.991+0800][gc,stats    ]    Critical: Relocation Stall                              0.000 / 0.000         0.000 / 0.000         0.000 / 0.000         0.000 / 0.000       ms
[2023-11-16T13:15:58.991+0800][gc,stats    ]      Memory: Allocation Rate                                   0 / 0                 0 / 10                0 / 96                0 / 96          MB/s
[2023-11-16T13:15:58.991+0800][gc,stats    ]      Memory: Defragment                                        0 / 0                 0 / 0                 0 / 0                 0 / 0           ops/s
[2023-11-16T13:15:58.991+0800][gc,stats    ]      Memory: Out Of Memory                                     0 / 0                 0 / 0                 0 / 0                 0 / 0           ops/s
[2023-11-16T13:15:58.991+0800][gc,stats    ]      Memory: Page Cache Flush                                  0 / 0                 0 / 0                 0 / 0                 0 / 0           MB/s
[2023-11-16T13:15:58.991+0800][gc,stats    ]      Memory: Page Cache Hit L1                                 0 / 0                 0 / 5                 0 / 38                0 / 38          ops/s
[2023-11-16T13:15:58.991+0800][gc,stats    ]      Memory: Page Cache Hit L2                                 0 / 0                 0 / 0                 0 / 0                 0 / 0           ops/s
[2023-11-16T13:15:58.991+0800][gc,stats    ]      Memory: Page Cache Hit L3                                 0 / 0                 0 / 3                 0 / 48                0 / 48          ops/s
[2023-11-16T13:15:58.991+0800][gc,stats    ]      Memory: Page Cache Miss                                   0 / 0                 0 / 0                 0 / 1                 0 / 1           ops/s
[2023-11-16T13:15:58.991+0800][gc,stats    ]      Memory: Uncommit                                          0 / 0                 0 / 0                 0 / 0                 0 / 0           MB/s
[2023-11-16T13:15:58.991+0800][gc,stats    ]      Memory: Undo Object Allocation Failed                     0 / 0                 0 / 0                 0 / 0                 0 / 0           ops/s
[2023-11-16T13:15:58.991+0800][gc,stats    ]      Memory: Undo Object Allocation Succeeded                  0 / 0                 0 / 0                 0 / 0                 0 / 0           ops/s
[2023-11-16T13:15:58.991+0800][gc,stats    ]      Memory: Undo Page Allocation                              0 / 0                 0 / 0                 0 / 0                 0 / 0           ops/s
[2023-11-16T13:15:58.991+0800][gc,stats    ]       Phase: Concurrent Mark                               0.000 / 0.000         0.000 / 0.000        25.401 / 26.782       25.401 / 26.782      ms
[2023-11-16T13:15:58.991+0800][gc,stats    ]       Phase: Concurrent Mark Continue                      0.000 / 0.000         0.000 / 0.000         0.000 / 0.000         0.000 / 0.000       ms
[2023-11-16T13:15:58.991+0800][gc,stats    ]       Phase: Concurrent Mark Free                          0.000 / 0.000         0.000 / 0.000         0.001 / 0.001         0.001 / 0.001       ms
[2023-11-16T13:15:58.991+0800][gc,stats    ]       Phase: Concurrent Process Non-Strong References      0.000 / 0.000         0.000 / 0.000         2.435 / 2.758         2.435 / 2.758       ms
[2023-11-16T13:15:58.991+0800][gc,stats    ]       Phase: Concurrent Relocate                           0.000 / 0.000         0.000 / 0.000         2.928 / 3.220         2.928 / 3.220       ms
[2023-11-16T13:15:58.991+0800][gc,stats    ]       Phase: Concurrent Reset Relocation Set               0.000 / 0.000         0.000 / 0.000         0.003 / 0.006         0.003 / 0.006       ms
[2023-11-16T13:15:58.991+0800][gc,stats    ]       Phase: Concurrent Select Relocation Set              0.000 / 0.000         0.000 / 0.000         5.767 / 9.539         5.767 / 9.539       ms
[2023-11-16T13:15:58.991+0800][gc,stats    ]       Phase: Pause Mark End                                0.000 / 0.000         0.000 / 0.000         0.023 / 0.026         0.023 / 0.026       ms
[2023-11-16T13:15:58.991+0800][gc,stats    ]       Phase: Pause Mark Start                              0.000 / 0.000         0.000 / 0.000         0.010 / 0.014         0.010 / 0.014       ms
[2023-11-16T13:15:58.991+0800][gc,stats    ]       Phase: Pause Relocate Start                          0.000 / 0.000         0.000 / 0.000         0.014 / 0.017         0.014 / 0.017       ms
[2023-11-16T13:15:58.991+0800][gc,stats    ]    Subphase: Concurrent Classes Purge                      0.000 / 0.000         0.000 / 0.000         0.082 / 0.093         0.082 / 0.093       ms
[2023-11-16T13:15:58.991+0800][gc,stats    ]    Subphase: Concurrent Classes Unlink                     0.000 / 0.000         0.000 / 0.000         1.496 / 1.649         1.496 / 1.649       ms
[2023-11-16T13:15:58.991+0800][gc,stats    ]    Subphase: Concurrent Mark                               0.000 / 0.000         0.000 / 0.000        21.597 / 25.992       21.597 / 25.992      ms
[2023-11-16T13:15:58.991+0800][gc,stats    ]    Subphase: Concurrent Mark Try Flush                     0.000 / 0.000         0.000 / 0.000         0.068 / 0.146         0.068 / 0.146       ms
[2023-11-16T13:15:58.991+0800][gc,stats    ]    Subphase: Concurrent Mark Try Terminate                 0.000 / 0.000         0.000 / 0.000         5.693 / 15.474        5.693 / 15.474      ms
[2023-11-16T13:15:58.991+0800][gc,stats    ]    Subphase: Concurrent References Enqueue                 0.000 / 0.000         0.000 / 0.000         0.005 / 0.005         0.005 / 0.005       ms
[2023-11-16T13:15:58.991+0800][gc,stats    ]    Subphase: Concurrent References Process                 0.000 / 0.000         0.000 / 0.000         0.108 / 0.128         0.108 / 0.128       ms
[2023-11-16T13:15:58.991+0800][gc,stats    ]    Subphase: Concurrent Roots ClassLoaderDataGraph         0.000 / 0.000         0.000 / 0.000         0.162 / 0.511         0.162 / 0.511       ms
[2023-11-16T13:15:58.991+0800][gc,stats    ]    Subphase: Concurrent Roots CodeCache                    0.000 / 0.000         0.000 / 0.000         0.000 / 0.000         0.000 / 0.000       ms
[2023-11-16T13:15:58.991+0800][gc,stats    ]    Subphase: Concurrent Roots JavaThreads                  0.000 / 0.000         0.000 / 0.000         0.945 / 1.682         0.945 / 1.682       ms
[2023-11-16T13:15:58.991+0800][gc,stats    ]    Subphase: Concurrent Roots OopStorageSet                0.000 / 0.000         0.000 / 0.000         0.041 / 0.062         0.041 / 0.062       ms
[2023-11-16T13:15:58.991+0800][gc,stats    ]    Subphase: Concurrent Weak Roots OopStorageSet           0.000 / 0.000         0.000 / 0.000         0.514 / 0.770         0.514 / 0.770       ms
[2023-11-16T13:15:58.991+0800][gc,stats    ]    Subphase: Pause Mark Try Complete                       0.000 / 0.000         0.000 / 0.000         0.000 / 0.000         0.000 / 0.000       ms
[2023-11-16T13:15:58.991+0800][gc,stats    ]      System: Java Threads                                      0 / 0                 0 / 0                36 / 51               36 / 51          threads
[2023-11-16T13:15:58.991+0800][gc,stats    ] =========================================================================================================================================================
[2023-11-16T13:16:08.994+0800][gc,stats    ] === Garbage Collection Statistics =======================================================================================================================
[2023-11-16T13:16:08.994+0800][gc,stats    ]                                                              Last 10s              Last 10m              Last 10h                Total
[2023-11-16T13:16:08.994+0800][gc,stats    ]                                                              Avg / Max             Avg / Max             Avg / Max             Avg / Max
[2023-11-16T13:16:08.994+0800][gc,stats    ]   Collector: Garbage Collection Cycle                      0.000 / 0.000         0.000 / 0.000        42.450 / 42.489       42.450 / 42.489      ms
[2023-11-16T13:16:08.994+0800][gc,stats    ]  Contention: Mark Segment Reset Contention                     0 / 0                 0 / 0                 0 / 2                 0 / 2           ops/s
[2023-11-16T13:16:08.994+0800][gc,stats    ]  Contention: Mark SeqNum Reset Contention                      0 / 0                 0 / 0                 0 / 1                 0 / 1           ops/s
[2023-11-16T13:16:08.994+0800][gc,stats    ]    Critical: Allocation Stall                                  0 / 0                 0 / 0                 0 / 0                 0 / 0           ops/s
[2023-11-16T13:16:08.994+0800][gc,stats    ]    Critical: Allocation Stall                              0.000 / 0.000         0.000 / 0.000         0.000 / 0.000         0.000 / 0.000       ms
[2023-11-16T13:16:08.994+0800][gc,stats    ]    Critical: GC Locker Stall                                   0 / 0                 0 / 0                 0 / 0                 0 / 0           ops/s
[2023-11-16T13:16:08.994+0800][gc,stats    ]    Critical: GC Locker Stall                               0.000 / 0.000         0.000 / 0.000         0.000 / 0.000         0.000 / 0.000       ms
[2023-11-16T13:16:08.994+0800][gc,stats    ]    Critical: Relocation Stall                                  0 / 0                 0 / 0                 0 / 0                 0 / 0           ops/s
[2023-11-16T13:16:08.994+0800][gc,stats    ]    Critical: Relocation Stall                              0.000 / 0.000         0.000 / 0.000         0.000 / 0.000         0.000 / 0.000       ms
[2023-11-16T13:16:08.994+0800][gc,stats    ]      Memory: Allocation Rate                                   0 / 0                 0 / 10                0 / 96                0 / 96          MB/s
[2023-11-16T13:16:08.994+0800][gc,stats    ]      Memory: Defragment                                        0 / 0                 0 / 0                 0 / 0                 0 / 0           ops/s
[2023-11-16T13:16:08.994+0800][gc,stats    ]      Memory: Out Of Memory                                     0 / 0                 0 / 0                 0 / 0                 0 / 0           ops/s
[2023-11-16T13:16:08.994+0800][gc,stats    ]      Memory: Page Cache Flush                                  0 / 0                 0 / 0                 0 / 0                 0 / 0           MB/s
[2023-11-16T13:16:08.994+0800][gc,stats    ]      Memory: Page Cache Hit L1                                 0 / 0                 0 / 5                 0 / 38                0 / 38          ops/s
[2023-11-16T13:16:08.994+0800][gc,stats    ]      Memory: Page Cache Hit L2                                 0 / 0                 0 / 0                 0 / 0                 0 / 0           ops/s
[2023-11-16T13:16:08.994+0800][gc,stats    ]      Memory: Page Cache Hit L3                                 0 / 0                 0 / 3                 0 / 48                0 / 48          ops/s
[2023-11-16T13:16:08.994+0800][gc,stats    ]      Memory: Page Cache Miss                                   0 / 0                 0 / 0                 0 / 1                 0 / 1           ops/s
[2023-11-16T13:16:08.994+0800][gc,stats    ]      Memory: Uncommit                                          0 / 0                 0 / 0                 0 / 0                 0 / 0           MB/s
[2023-11-16T13:16:08.994+0800][gc,stats    ]      Memory: Undo Object Allocation Failed                     0 / 0                 0 / 0                 0 / 0                 0 / 0           ops/s
[2023-11-16T13:16:08.994+0800][gc,stats    ]      Memory: Undo Object Allocation Succeeded                  0 / 0                 0 / 0                 0 / 0                 0 / 0           ops/s
[2023-11-16T13:16:08.994+0800][gc,stats    ]      Memory: Undo Page Allocation                              0 / 0                 0 / 0                 0 / 0                 0 / 0           ops/s
[2023-11-16T13:16:08.994+0800][gc,stats    ]       Phase: Concurrent Mark                               0.000 / 0.000         0.000 / 0.000        25.401 / 26.782       25.401 / 26.782      ms
[2023-11-16T13:16:08.994+0800][gc,stats    ]       Phase: Concurrent Mark Continue                      0.000 / 0.000         0.000 / 0.000         0.000 / 0.000         0.000 / 0.000       ms
[2023-11-16T13:16:08.994+0800][gc,stats    ]       Phase: Concurrent Mark Free                          0.000 / 0.000         0.000 / 0.000         0.001 / 0.001         0.001 / 0.001       ms
[2023-11-16T13:16:08.994+0800][gc,stats    ]       Phase: Concurrent Process Non-Strong References      0.000 / 0.000         0.000 / 0.000         2.435 / 2.758         2.435 / 2.758       ms
[2023-11-16T13:16:08.994+0800][gc,stats    ]       Phase: Concurrent Relocate                           0.000 / 0.000         0.000 / 0.000         2.928 / 3.220         2.928 / 3.220       ms
[2023-11-16T13:16:08.994+0800][gc,stats    ]       Phase: Concurrent Reset Relocation Set               0.000 / 0.000         0.000 / 0.000         0.003 / 0.006         0.003 / 0.006       ms
[2023-11-16T13:16:08.994+0800][gc,stats    ]       Phase: Concurrent Select Relocation Set              0.000 / 0.000         0.000 / 0.000         5.767 / 9.539         5.767 / 9.539       ms
[2023-11-16T13:16:08.994+0800][gc,stats    ]       Phase: Pause Mark End                                0.000 / 0.000         0.000 / 0.000         0.023 / 0.026         0.023 / 0.026       ms
[2023-11-16T13:16:08.994+0800][gc,stats    ]       Phase: Pause Mark Start                              0.000 / 0.000         0.000 / 0.000         0.010 / 0.014         0.010 / 0.014       ms
[2023-11-16T13:16:08.994+0800][gc,stats    ]       Phase: Pause Relocate Start                          0.000 / 0.000         0.000 / 0.000         0.014 / 0.017         0.014 / 0.017       ms
[2023-11-16T13:16:08.994+0800][gc,stats    ]    Subphase: Concurrent Classes Purge                      0.000 / 0.000         0.000 / 0.000         0.082 / 0.093         0.082 / 0.093       ms
[2023-11-16T13:16:08.994+0800][gc,stats    ]    Subphase: Concurrent Classes Unlink                     0.000 / 0.000         0.000 / 0.000         1.496 / 1.649         1.496 / 1.649       ms
[2023-11-16T13:16:08.994+0800][gc,stats    ]    Subphase: Concurrent Mark                               0.000 / 0.000         0.000 / 0.000        21.597 / 25.992       21.597 / 25.992      ms
[2023-11-16T13:16:08.994+0800][gc,stats    ]    Subphase: Concurrent Mark Try Flush                     0.000 / 0.000         0.000 / 0.000         0.068 / 0.146         0.068 / 0.146       ms
[2023-11-16T13:16:08.994+0800][gc,stats    ]    Subphase: Concurrent Mark Try Terminate                 0.000 / 0.000         0.000 / 0.000         5.693 / 15.474        5.693 / 15.474      ms
[2023-11-16T13:16:08.994+0800][gc,stats    ]    Subphase: Concurrent References Enqueue                 0.000 / 0.000         0.000 / 0.000         0.005 / 0.005         0.005 / 0.005       ms
[2023-11-16T13:16:08.994+0800][gc,stats    ]    Subphase: Concurrent References Process                 0.000 / 0.000         0.000 / 0.000         0.108 / 0.128         0.108 / 0.128       ms
[2023-11-16T13:16:08.994+0800][gc,stats    ]    Subphase: Concurrent Roots ClassLoaderDataGraph         0.000 / 0.000         0.000 / 0.000         0.162 / 0.511         0.162 / 0.511       ms
[2023-11-16T13:16:08.994+0800][gc,stats    ]    Subphase: Concurrent Roots CodeCache                    0.000 / 0.000         0.000 / 0.000         0.000 / 0.000         0.000 / 0.000       ms
[2023-11-16T13:16:08.994+0800][gc,stats    ]    Subphase: Concurrent Roots JavaThreads                  0.000 / 0.000         0.000 / 0.000         0.945 / 1.682         0.945 / 1.682       ms
[2023-11-16T13:16:08.994+0800][gc,stats    ]    Subphase: Concurrent Roots OopStorageSet                0.000 / 0.000         0.000 / 0.000         0.041 / 0.062         0.041 / 0.062       ms
[2023-11-16T13:16:08.994+0800][gc,stats    ]    Subphase: Concurrent Weak Roots OopStorageSet           0.000 / 0.000         0.000 / 0.000         0.514 / 0.770         0.514 / 0.770       ms
[2023-11-16T13:16:08.995+0800][gc,stats    ]    Subphase: Pause Mark Try Complete                       0.000 / 0.000         0.000 / 0.000         0.000 / 0.000         0.000 / 0.000       ms
[2023-11-16T13:16:08.995+0800][gc,stats    ]      System: Java Threads                                      0 / 0                 0 / 0                36 / 51               36 / 51          threads
[2023-11-16T13:16:08.995+0800][gc,stats    ] =========================================================================================================================================================
[2023-11-16T13:16:18.991+0800][gc,stats    ] === Garbage Collection Statistics =======================================================================================================================
[2023-11-16T13:16:18.991+0800][gc,stats    ]                                                              Last 10s              Last 10m              Last 10h                Total
[2023-11-16T13:16:18.991+0800][gc,stats    ]                                                              Avg / Max             Avg / Max             Avg / Max             Avg / Max
[2023-11-16T13:16:18.991+0800][gc,stats    ]   Collector: Garbage Collection Cycle                      0.000 / 0.000         0.000 / 0.000        42.450 / 42.489       42.450 / 42.489      ms
[2023-11-16T13:16:18.991+0800][gc,stats    ]  Contention: Mark Segment Reset Contention                     0 / 0                 0 / 0                 0 / 2                 0 / 2           ops/s
[2023-11-16T13:16:18.991+0800][gc,stats    ]  Contention: Mark SeqNum Reset Contention                      0 / 0                 0 / 0                 0 / 1                 0 / 1           ops/s
[2023-11-16T13:16:18.991+0800][gc,stats    ]    Critical: Allocation Stall                                  0 / 0                 0 / 0                 0 / 0                 0 / 0           ops/s
[2023-11-16T13:16:18.991+0800][gc,stats    ]    Critical: Allocation Stall                              0.000 / 0.000         0.000 / 0.000         0.000 / 0.000         0.000 / 0.000       ms
[2023-11-16T13:16:18.991+0800][gc,stats    ]    Critical: GC Locker Stall                                   0 / 0                 0 / 0                 0 / 0                 0 / 0           ops/s
[2023-11-16T13:16:18.991+0800][gc,stats    ]    Critical: GC Locker Stall                               0.000 / 0.000         0.000 / 0.000         0.000 / 0.000         0.000 / 0.000       ms
[2023-11-16T13:16:18.991+0800][gc,stats    ]    Critical: Relocation Stall                                  0 / 0                 0 / 0                 0 / 0                 0 / 0           ops/s
[2023-11-16T13:16:18.991+0800][gc,stats    ]    Critical: Relocation Stall                              0.000 / 0.000         0.000 / 0.000         0.000 / 0.000         0.000 / 0.000       ms
[2023-11-16T13:16:18.991+0800][gc,stats    ]      Memory: Allocation Rate                                   0 / 0                 0 / 10                0 / 96                0 / 96          MB/s
[2023-11-16T13:16:18.991+0800][gc,stats    ]      Memory: Defragment                                        0 / 0                 0 / 0                 0 / 0                 0 / 0           ops/s
[2023-11-16T13:16:18.991+0800][gc,stats    ]      Memory: Out Of Memory                                     0 / 0                 0 / 0                 0 / 0                 0 / 0           ops/s
[2023-11-16T13:16:18.991+0800][gc,stats    ]      Memory: Page Cache Flush                                  0 / 0                 0 / 0                 0 / 0                 0 / 0           MB/s
[2023-11-16T13:16:18.991+0800][gc,stats    ]      Memory: Page Cache Hit L1                                 0 / 0                 0 / 5                 0 / 38                0 / 38          ops/s
[2023-11-16T13:16:18.991+0800][gc,stats    ]      Memory: Page Cache Hit L2                                 0 / 0                 0 / 0                 0 / 0                 0 / 0           ops/s
[2023-11-16T13:16:18.991+0800][gc,stats    ]      Memory: Page Cache Hit L3                                 0 / 0                 0 / 3                 0 / 48                0 / 48          ops/s
[2023-11-16T13:16:18.991+0800][gc,stats    ]      Memory: Page Cache Miss                                   0 / 0                 0 / 0                 0 / 1                 0 / 1           ops/s
[2023-11-16T13:16:18.991+0800][gc,stats    ]      Memory: Uncommit                                          0 / 0                 0 / 0                 0 / 0                 0 / 0           MB/s
[2023-11-16T13:16:18.991+0800][gc,stats    ]      Memory: Undo Object Allocation Failed                     0 / 0                 0 / 0                 0 / 0                 0 / 0           ops/s
[2023-11-16T13:16:18.991+0800][gc,stats    ]      Memory: Undo Object Allocation Succeeded                  0 / 0                 0 / 0                 0 / 0                 0 / 0           ops/s
[2023-11-16T13:16:18.991+0800][gc,stats    ]      Memory: Undo Page Allocation                              0 / 0                 0 / 0                 0 / 0                 0 / 0           ops/s
[2023-11-16T13:16:18.991+0800][gc,stats    ]       Phase: Concurrent Mark                               0.000 / 0.000         0.000 / 0.000        25.401 / 26.782       25.401 / 26.782      ms
[2023-11-16T13:16:18.991+0800][gc,stats    ]       Phase: Concurrent Mark Continue                      0.000 / 0.000         0.000 / 0.000         0.000 / 0.000         0.000 / 0.000       ms
[2023-11-16T13:16:18.991+0800][gc,stats    ]       Phase: Concurrent Mark Free                          0.000 / 0.000         0.000 / 0.000         0.001 / 0.001         0.001 / 0.001       ms
[2023-11-16T13:16:18.991+0800][gc,stats    ]       Phase: Concurrent Process Non-Strong References      0.000 / 0.000         0.000 / 0.000         2.435 / 2.758         2.435 / 2.758       ms
[2023-11-16T13:16:18.991+0800][gc,stats    ]       Phase: Concurrent Relocate                           0.000 / 0.000         0.000 / 0.000         2.928 / 3.220         2.928 / 3.220       ms
[2023-11-16T13:16:18.991+0800][gc,stats    ]       Phase: Concurrent Reset Relocation Set               0.000 / 0.000         0.000 / 0.000         0.003 / 0.006         0.003 / 0.006       ms
[2023-11-16T13:16:18.991+0800][gc,stats    ]       Phase: Concurrent Select Relocation Set              0.000 / 0.000         0.000 / 0.000         5.767 / 9.539         5.767 / 9.539       ms
[2023-11-16T13:16:18.991+0800][gc,stats    ]       Phase: Pause Mark End                                0.000 / 0.000         0.000 / 0.000         0.023 / 0.026         0.023 / 0.026       ms
[2023-11-16T13:16:18.991+0800][gc,stats    ]       Phase: Pause Mark Start                              0.000 / 0.000         0.000 / 0.000         0.010 / 0.014         0.010 / 0.014       ms
[2023-11-16T13:16:18.991+0800][gc,stats    ]       Phase: Pause Relocate Start                          0.000 / 0.000         0.000 / 0.000         0.014 / 0.017         0.014 / 0.017       ms
[2023-11-16T13:16:18.991+0800][gc,stats    ]    Subphase: Concurrent Classes Purge                      0.000 / 0.000         0.000 / 0.000         0.082 / 0.093         0.082 / 0.093       ms
[2023-11-16T13:16:18.991+0800][gc,stats    ]    Subphase: Concurrent Classes Unlink                     0.000 / 0.000         0.000 / 0.000         1.496 / 1.649         1.496 / 1.649       ms
[2023-11-16T13:16:18.991+0800][gc,stats    ]    Subphase: Concurrent Mark                               0.000 / 0.000         0.000 / 0.000        21.597 / 25.992       21.597 / 25.992      ms
[2023-11-16T13:16:18.991+0800][gc,stats    ]    Subphase: Concurrent Mark Try Flush                     0.000 / 0.000         0.000 / 0.000         0.068 / 0.146         0.068 / 0.146       ms
[2023-11-16T13:16:18.991+0800][gc,stats    ]    Subphase: Concurrent Mark Try Terminate                 0.000 / 0.000         0.000 / 0.000         5.693 / 15.474        5.693 / 15.474      ms
[2023-11-16T13:16:18.991+0800][gc,stats    ]    Subphase: Concurrent References Enqueue                 0.000 / 0.000         0.000 / 0.000         0.005 / 0.005         0.005 / 0.005       ms
[2023-11-16T13:16:18.991+0800][gc,stats    ]    Subphase: Concurrent References Process                 0.000 / 0.000         0.000 / 0.000         0.108 / 0.128         0.108 / 0.128       ms
[2023-11-16T13:16:18.991+0800][gc,stats    ]    Subphase: Concurrent Roots ClassLoaderDataGraph         0.000 / 0.000         0.000 / 0.000         0.162 / 0.511         0.162 / 0.511       ms
[2023-11-16T13:16:18.991+0800][gc,stats    ]    Subphase: Concurrent Roots CodeCache                    0.000 / 0.000         0.000 / 0.000         0.000 / 0.000         0.000 / 0.000       ms
[2023-11-16T13:16:18.991+0800][gc,stats    ]    Subphase: Concurrent Roots JavaThreads                  0.000 / 0.000         0.000 / 0.000         0.945 / 1.682         0.945 / 1.682       ms
[2023-11-16T13:16:18.991+0800][gc,stats    ]    Subphase: Concurrent Roots OopStorageSet                0.000 / 0.000         0.000 / 0.000         0.041 / 0.062         0.041 / 0.062       ms
[2023-11-16T13:16:18.991+0800][gc,stats    ]    Subphase: Concurrent Weak Roots OopStorageSet           0.000 / 0.000         0.000 / 0.000         0.514 / 0.770         0.514 / 0.770       ms
[2023-11-16T13:16:18.991+0800][gc,stats    ]    Subphase: Pause Mark Try Complete                       0.000 / 0.000         0.000 / 0.000         0.000 / 0.000         0.000 / 0.000       ms
[2023-11-16T13:16:18.991+0800][gc,stats    ]      System: Java Threads                                      0 / 0                 0 / 0                36 / 51               36 / 51          threads
[2023-11-16T13:16:18.991+0800][gc,stats    ] =========================================================================================================================================================
[2023-11-16T13:16:28.984+0800][gc,stats    ] === Garbage Collection Statistics =======================================================================================================================
[2023-11-16T13:16:28.984+0800][gc,stats    ]                                                              Last 10s              Last 10m              Last 10h                Total
[2023-11-16T13:16:28.984+0800][gc,stats    ]                                                              Avg / Max             Avg / Max             Avg / Max             Avg / Max
[2023-11-16T13:16:28.984+0800][gc,stats    ]   Collector: Garbage Collection Cycle                      0.000 / 0.000         0.000 / 0.000        42.450 / 42.489       42.450 / 42.489      ms
[2023-11-16T13:16:28.984+0800][gc,stats    ]  Contention: Mark Segment Reset Contention                     0 / 0                 0 / 0                 0 / 2                 0 / 2           ops/s
[2023-11-16T13:16:28.984+0800][gc,stats    ]  Contention: Mark SeqNum Reset Contention                      0 / 0                 0 / 0                 0 / 1                 0 / 1           ops/s
[2023-11-16T13:16:28.984+0800][gc,stats    ]    Critical: Allocation Stall                                  0 / 0                 0 / 0                 0 / 0                 0 / 0           ops/s
[2023-11-16T13:16:28.984+0800][gc,stats    ]    Critical: Allocation Stall                              0.000 / 0.000         0.000 / 0.000         0.000 / 0.000         0.000 / 0.000       ms
[2023-11-16T13:16:28.984+0800][gc,stats    ]    Critical: GC Locker Stall                                   0 / 0                 0 / 0                 0 / 0                 0 / 0           ops/s
[2023-11-16T13:16:28.984+0800][gc,stats    ]    Critical: GC Locker Stall                               0.000 / 0.000         0.000 / 0.000         0.000 / 0.000         0.000 / 0.000       ms
[2023-11-16T13:16:28.984+0800][gc,stats    ]    Critical: Relocation Stall                                  0 / 0                 0 / 0                 0 / 0                 0 / 0           ops/s
[2023-11-16T13:16:28.984+0800][gc,stats    ]    Critical: Relocation Stall                              0.000 / 0.000         0.000 / 0.000         0.000 / 0.000         0.000 / 0.000       ms
[2023-11-16T13:16:28.984+0800][gc,stats    ]      Memory: Allocation Rate                                   0 / 0                 0 / 10                0 / 96                0 / 96          MB/s
[2023-11-16T13:16:28.984+0800][gc,stats    ]      Memory: Defragment                                        0 / 0                 0 / 0                 0 / 0                 0 / 0           ops/s
[2023-11-16T13:16:28.984+0800][gc,stats    ]      Memory: Out Of Memory                                     0 / 0                 0 / 0                 0 / 0                 0 / 0           ops/s
[2023-11-16T13:16:28.984+0800][gc,stats    ]      Memory: Page Cache Flush                                  0 / 0                 0 / 0                 0 / 0                 0 / 0           MB/s
[2023-11-16T13:16:28.984+0800][gc,stats    ]      Memory: Page Cache Hit L1                                 0 / 0                 0 / 5                 0 / 38                0 / 38          ops/s
[2023-11-16T13:16:28.984+0800][gc,stats    ]      Memory: Page Cache Hit L2                                 0 / 0                 0 / 0                 0 / 0                 0 / 0           ops/s
[2023-11-16T13:16:28.984+0800][gc,stats    ]      Memory: Page Cache Hit L3                                 0 / 0                 0 / 3                 0 / 48                0 / 48          ops/s
[2023-11-16T13:16:28.984+0800][gc,stats    ]      Memory: Page Cache Miss                                   0 / 0                 0 / 0                 0 / 1                 0 / 1           ops/s
[2023-11-16T13:16:28.984+0800][gc,stats    ]      Memory: Uncommit                                          0 / 0                 0 / 0                 0 / 0                 0 / 0           MB/s
[2023-11-16T13:16:28.984+0800][gc,stats    ]      Memory: Undo Object Allocation Failed                     0 / 0                 0 / 0                 0 / 0                 0 / 0           ops/s
[2023-11-16T13:16:28.984+0800][gc,stats    ]      Memory: Undo Object Allocation Succeeded                  0 / 0                 0 / 0                 0 / 0                 0 / 0           ops/s
[2023-11-16T13:16:28.984+0800][gc,stats    ]      Memory: Undo Page Allocation                              0 / 0                 0 / 0                 0 / 0                 0 / 0           ops/s
[2023-11-16T13:16:28.984+0800][gc,stats    ]       Phase: Concurrent Mark                               0.000 / 0.000         0.000 / 0.000        25.401 / 26.782       25.401 / 26.782      ms
[2023-11-16T13:16:28.984+0800][gc,stats    ]       Phase: Concurrent Mark Continue                      0.000 / 0.000         0.000 / 0.000         0.000 / 0.000         0.000 / 0.000       ms
[2023-11-16T13:16:28.984+0800][gc,stats    ]       Phase: Concurrent Mark Free                          0.000 / 0.000         0.000 / 0.000         0.001 / 0.001         0.001 / 0.001       ms
[2023-11-16T13:16:28.984+0800][gc,stats    ]       Phase: Concurrent Process Non-Strong References      0.000 / 0.000         0.000 / 0.000         2.435 / 2.758         2.435 / 2.758       ms
[2023-11-16T13:16:28.984+0800][gc,stats    ]       Phase: Concurrent Relocate                           0.000 / 0.000         0.000 / 0.000         2.928 / 3.220         2.928 / 3.220       ms
[2023-11-16T13:16:28.984+0800][gc,stats    ]       Phase: Concurrent Reset Relocation Set               0.000 / 0.000         0.000 / 0.000         0.003 / 0.006         0.003 / 0.006       ms
[2023-11-16T13:16:28.984+0800][gc,stats    ]       Phase: Concurrent Select Relocation Set              0.000 / 0.000         0.000 / 0.000         5.767 / 9.539         5.767 / 9.539       ms
[2023-11-16T13:16:28.984+0800][gc,stats    ]       Phase: Pause Mark End                                0.000 / 0.000         0.000 / 0.000         0.023 / 0.026         0.023 / 0.026       ms
[2023-11-16T13:16:28.984+0800][gc,stats    ]       Phase: Pause Mark Start                              0.000 / 0.000         0.000 / 0.000         0.010 / 0.014         0.010 / 0.014       ms
[2023-11-16T13:16:28.984+0800][gc,stats    ]       Phase: Pause Relocate Start                          0.000 / 0.000         0.000 / 0.000         0.014 / 0.017         0.014 / 0.017       ms
[2023-11-16T13:16:28.984+0800][gc,stats    ]    Subphase: Concurrent Classes Purge                      0.000 / 0.000         0.000 / 0.000         0.082 / 0.093         0.082 / 0.093       ms
[2023-11-16T13:16:28.984+0800][gc,stats    ]    Subphase: Concurrent Classes Unlink                     0.000 / 0.000         0.000 / 0.000         1.496 / 1.649         1.496 / 1.649       ms
[2023-11-16T13:16:28.984+0800][gc,stats    ]    Subphase: Concurrent Mark                               0.000 / 0.000         0.000 / 0.000        21.597 / 25.992       21.597 / 25.992      ms
[2023-11-16T13:16:28.984+0800][gc,stats    ]    Subphase: Concurrent Mark Try Flush                     0.000 / 0.000         0.000 / 0.000         0.068 / 0.146         0.068 / 0.146       ms
[2023-11-16T13:16:28.984+0800][gc,stats    ]    Subphase: Concurrent Mark Try Terminate                 0.000 / 0.000         0.000 / 0.000         5.693 / 15.474        5.693 / 15.474      ms
[2023-11-16T13:16:28.984+0800][gc,stats    ]    Subphase: Concurrent References Enqueue                 0.000 / 0.000         0.000 / 0.000         0.005 / 0.005         0.005 / 0.005       ms
[2023-11-16T13:16:28.984+0800][gc,stats    ]    Subphase: Concurrent References Process                 0.000 / 0.000         0.000 / 0.000         0.108 / 0.128         0.108 / 0.128       ms
[2023-11-16T13:16:28.984+0800][gc,stats    ]    Subphase: Concurrent Roots ClassLoaderDataGraph         0.000 / 0.000         0.000 / 0.000         0.162 / 0.511         0.162 / 0.511       ms
[2023-11-16T13:16:28.984+0800][gc,stats    ]    Subphase: Concurrent Roots CodeCache                    0.000 / 0.000         0.000 / 0.000         0.000 / 0.000         0.000 / 0.000       ms
[2023-11-16T13:16:28.984+0800][gc,stats    ]    Subphase: Concurrent Roots JavaThreads                  0.000 / 0.000         0.000 / 0.000         0.945 / 1.682         0.945 / 1.682       ms
[2023-11-16T13:16:28.984+0800][gc,stats    ]    Subphase: Concurrent Roots OopStorageSet                0.000 / 0.000         0.000 / 0.000         0.041 / 0.062         0.041 / 0.062       ms
[2023-11-16T13:16:28.984+0800][gc,stats    ]    Subphase: Concurrent Weak Roots OopStorageSet           0.000 / 0.000         0.000 / 0.000         0.514 / 0.770         0.514 / 0.770       ms
[2023-11-16T13:16:28.984+0800][gc,stats    ]    Subphase: Pause Mark Try Complete                       0.000 / 0.000         0.000 / 0.000         0.000 / 0.000         0.000 / 0.000       ms
[2023-11-16T13:16:28.984+0800][gc,stats    ]      System: Java Threads                                      0 / 0                 0 / 0                36 / 51               36 / 51          threads
[2023-11-16T13:16:28.984+0800][gc,stats    ] =========================================================================================================================================================
[2023-11-16T13:16:38.983+0800][gc,stats    ] === Garbage Collection Statistics =======================================================================================================================
[2023-11-16T13:16:38.983+0800][gc,stats    ]                                                              Last 10s              Last 10m              Last 10h                Total
[2023-11-16T13:16:38.983+0800][gc,stats    ]                                                              Avg / Max             Avg / Max             Avg / Max             Avg / Max
[2023-11-16T13:16:38.983+0800][gc,stats    ]   Collector: Garbage Collection Cycle                      0.000 / 0.000         0.000 / 0.000        42.450 / 42.489       42.450 / 42.489      ms
[2023-11-16T13:16:38.983+0800][gc,stats    ]  Contention: Mark Segment Reset Contention                     0 / 0                 0 / 0                 0 / 2                 0 / 2           ops/s
[2023-11-16T13:16:38.983+0800][gc,stats    ]  Contention: Mark SeqNum Reset Contention                      0 / 0                 0 / 0                 0 / 1                 0 / 1           ops/s
[2023-11-16T13:16:38.983+0800][gc,stats    ]    Critical: Allocation Stall                                  0 / 0                 0 / 0                 0 / 0                 0 / 0           ops/s
[2023-11-16T13:16:38.983+0800][gc,stats    ]    Critical: Allocation Stall                              0.000 / 0.000         0.000 / 0.000         0.000 / 0.000         0.000 / 0.000       ms
[2023-11-16T13:16:38.983+0800][gc,stats    ]    Critical: GC Locker Stall                                   0 / 0                 0 / 0                 0 / 0                 0 / 0           ops/s
[2023-11-16T13:16:38.983+0800][gc,stats    ]    Critical: GC Locker Stall                               0.000 / 0.000         0.000 / 0.000         0.000 / 0.000         0.000 / 0.000       ms
[2023-11-16T13:16:38.983+0800][gc,stats    ]    Critical: Relocation Stall                                  0 / 0                 0 / 0                 0 / 0                 0 / 0           ops/s
[2023-11-16T13:16:38.983+0800][gc,stats    ]    Critical: Relocation Stall                              0.000 / 0.000         0.000 / 0.000         0.000 / 0.000         0.000 / 0.000       ms
[2023-11-16T13:16:38.983+0800][gc,stats    ]      Memory: Allocation Rate                                   1 / 12                0 / 12                0 / 96                0 / 96          MB/s
[2023-11-16T13:16:38.983+0800][gc,stats    ]      Memory: Defragment                                        0 / 0                 0 / 0                 0 / 0                 0 / 0           ops/s
[2023-11-16T13:16:38.983+0800][gc,stats    ]      Memory: Out Of Memory                                     0 / 0                 0 / 0                 0 / 0                 0 / 0           ops/s
[2023-11-16T13:16:38.983+0800][gc,stats    ]      Memory: Page Cache Flush                                  0 / 0                 0 / 0                 0 / 0                 0 / 0           MB/s
[2023-11-16T13:16:38.983+0800][gc,stats    ]      Memory: Page Cache Hit L1                                 0 / 0                 0 / 5                 0 / 38                0 / 38          ops/s
[2023-11-16T13:16:38.983+0800][gc,stats    ]      Memory: Page Cache Hit L2                                 0 / 0                 0 / 0                 0 / 0                 0 / 0           ops/s
[2023-11-16T13:16:38.983+0800][gc,stats    ]      Memory: Page Cache Hit L3                                 0 / 6                 0 / 6                 0 / 48                0 / 48          ops/s
[2023-11-16T13:16:38.983+0800][gc,stats    ]      Memory: Page Cache Miss                                   0 / 0                 0 / 0                 0 / 1                 0 / 1           ops/s
[2023-11-16T13:16:38.983+0800][gc,stats    ]      Memory: Uncommit                                          0 / 0                 0 / 0                 0 / 0                 0 / 0           MB/s
[2023-11-16T13:16:38.983+0800][gc,stats    ]      Memory: Undo Object Allocation Failed                     0 / 0                 0 / 0                 0 / 0                 0 / 0           ops/s
[2023-11-16T13:16:38.983+0800][gc,stats    ]      Memory: Undo Object Allocation Succeeded                  0 / 0                 0 / 0                 0 / 0                 0 / 0           ops/s
[2023-11-16T13:16:38.983+0800][gc,stats    ]      Memory: Undo Page Allocation                              0 / 0                 0 / 0                 0 / 0                 0 / 0           ops/s
[2023-11-16T13:16:38.983+0800][gc,stats    ]       Phase: Concurrent Mark                               0.000 / 0.000         0.000 / 0.000        25.401 / 26.782       25.401 / 26.782      ms
[2023-11-16T13:16:38.983+0800][gc,stats    ]       Phase: Concurrent Mark Continue                      0.000 / 0.000         0.000 / 0.000         0.000 / 0.000         0.000 / 0.000       ms
[2023-11-16T13:16:38.983+0800][gc,stats    ]       Phase: Concurrent Mark Free                          0.000 / 0.000         0.000 / 0.000         0.001 / 0.001         0.001 / 0.001       ms
[2023-11-16T13:16:38.983+0800][gc,stats    ]       Phase: Concurrent Process Non-Strong References      0.000 / 0.000         0.000 / 0.000         2.435 / 2.758         2.435 / 2.758       ms
[2023-11-16T13:16:38.983+0800][gc,stats    ]       Phase: Concurrent Relocate                           0.000 / 0.000         0.000 / 0.000         2.928 / 3.220         2.928 / 3.220       ms
[2023-11-16T13:16:38.983+0800][gc,stats    ]       Phase: Concurrent Reset Relocation Set               0.000 / 0.000         0.000 / 0.000         0.003 / 0.006         0.003 / 0.006       ms
[2023-11-16T13:16:38.983+0800][gc,stats    ]       Phase: Concurrent Select Relocation Set              0.000 / 0.000         0.000 / 0.000         5.767 / 9.539         5.767 / 9.539       ms
[2023-11-16T13:16:38.983+0800][gc,stats    ]       Phase: Pause Mark End                                0.000 / 0.000         0.000 / 0.000         0.023 / 0.026         0.023 / 0.026       ms
[2023-11-16T13:16:38.983+0800][gc,stats    ]       Phase: Pause Mark Start                              0.000 / 0.000         0.000 / 0.000         0.010 / 0.014         0.010 / 0.014       ms
[2023-11-16T13:16:38.983+0800][gc,stats    ]       Phase: Pause Relocate Start                          0.000 / 0.000         0.000 / 0.000         0.014 / 0.017         0.014 / 0.017       ms
[2023-11-16T13:16:38.983+0800][gc,stats    ]    Subphase: Concurrent Classes Purge                      0.000 / 0.000         0.000 / 0.000         0.082 / 0.093         0.082 / 0.093       ms
[2023-11-16T13:16:38.983+0800][gc,stats    ]    Subphase: Concurrent Classes Unlink                     0.000 / 0.000         0.000 / 0.000         1.496 / 1.649         1.496 / 1.649       ms
[2023-11-16T13:16:38.983+0800][gc,stats    ]    Subphase: Concurrent Mark                               0.000 / 0.000         0.000 / 0.000        21.597 / 25.992       21.597 / 25.992      ms
[2023-11-16T13:16:38.983+0800][gc,stats    ]    Subphase: Concurrent Mark Try Flush                     0.000 / 0.000         0.000 / 0.000         0.068 / 0.146         0.068 / 0.146       ms
[2023-11-16T13:16:38.983+0800][gc,stats    ]    Subphase: Concurrent Mark Try Terminate                 0.000 / 0.000         0.000 / 0.000         5.693 / 15.474        5.693 / 15.474      ms
[2023-11-16T13:16:38.983+0800][gc,stats    ]    Subphase: Concurrent References Enqueue                 0.000 / 0.000         0.000 / 0.000         0.005 / 0.005         0.005 / 0.005       ms
[2023-11-16T13:16:38.983+0800][gc,stats    ]    Subphase: Concurrent References Process                 0.000 / 0.000         0.000 / 0.000         0.108 / 0.128         0.108 / 0.128       ms
[2023-11-16T13:16:38.983+0800][gc,stats    ]    Subphase: Concurrent Roots ClassLoaderDataGraph         0.000 / 0.000         0.000 / 0.000         0.162 / 0.511         0.162 / 0.511       ms
[2023-11-16T13:16:38.983+0800][gc,stats    ]    Subphase: Concurrent Roots CodeCache                    0.000 / 0.000         0.000 / 0.000         0.000 / 0.000         0.000 / 0.000       ms
[2023-11-16T13:16:38.983+0800][gc,stats    ]    Subphase: Concurrent Roots JavaThreads                  0.000 / 0.000         0.000 / 0.000         0.945 / 1.682         0.945 / 1.682       ms
[2023-11-16T13:16:38.983+0800][gc,stats    ]    Subphase: Concurrent Roots OopStorageSet                0.000 / 0.000         0.000 / 0.000         0.041 / 0.062         0.041 / 0.062       ms
[2023-11-16T13:16:38.983+0800][gc,stats    ]    Subphase: Concurrent Weak Roots OopStorageSet           0.000 / 0.000         0.000 / 0.000         0.514 / 0.770         0.514 / 0.770       ms
[2023-11-16T13:16:38.983+0800][gc,stats    ]    Subphase: Pause Mark Try Complete                       0.000 / 0.000         0.000 / 0.000         0.000 / 0.000         0.000 / 0.000       ms
[2023-11-16T13:16:38.983+0800][gc,stats    ]      System: Java Threads                                      0 / 0                 0 / 0                36 / 51               36 / 51          threads
[2023-11-16T13:16:38.983+0800][gc,stats    ] =========================================================================================================================================================
[2023-11-16T13:16:48.992+0800][gc,stats    ] === Garbage Collection Statistics =======================================================================================================================
[2023-11-16T13:16:48.992+0800][gc,stats    ]                                                              Last 10s              Last 10m              Last 10h                Total
[2023-11-16T13:16:48.992+0800][gc,stats    ]                                                              Avg / Max             Avg / Max             Avg / Max             Avg / Max
[2023-11-16T13:16:48.992+0800][gc,stats    ]   Collector: Garbage Collection Cycle                      0.000 / 0.000         0.000 / 0.000        42.450 / 42.489       42.450 / 42.489      ms
[2023-11-16T13:16:48.992+0800][gc,stats    ]  Contention: Mark Segment Reset Contention                     0 / 0                 0 / 0                 0 / 2                 0 / 2           ops/s
[2023-11-16T13:16:48.992+0800][gc,stats    ]  Contention: Mark SeqNum Reset Contention                      0 / 0                 0 / 0                 0 / 1                 0 / 1           ops/s
[2023-11-16T13:16:48.992+0800][gc,stats    ]    Critical: Allocation Stall                                  0 / 0                 0 / 0                 0 / 0                 0 / 0           ops/s
[2023-11-16T13:16:48.992+0800][gc,stats    ]    Critical: Allocation Stall                              0.000 / 0.000         0.000 / 0.000         0.000 / 0.000         0.000 / 0.000       ms
[2023-11-16T13:16:48.992+0800][gc,stats    ]    Critical: GC Locker Stall                                   0 / 0                 0 / 0                 0 / 0                 0 / 0           ops/s
[2023-11-16T13:16:48.992+0800][gc,stats    ]    Critical: GC Locker Stall                               0.000 / 0.000         0.000 / 0.000         0.000 / 0.000         0.000 / 0.000       ms
[2023-11-16T13:16:48.992+0800][gc,stats    ]    Critical: Relocation Stall                                  0 / 0                 0 / 0                 0 / 0                 0 / 0           ops/s
[2023-11-16T13:16:48.992+0800][gc,stats    ]    Critical: Relocation Stall                              0.000 / 0.000         0.000 / 0.000         0.000 / 0.000         0.000 / 0.000       ms
[2023-11-16T13:16:48.992+0800][gc,stats    ]      Memory: Allocation Rate                                   0 / 0                 0 / 12                0 / 96                0 / 96          MB/s
[2023-11-16T13:16:48.992+0800][gc,stats    ]      Memory: Defragment                                        0 / 0                 0 / 0                 0 / 0                 0 / 0           ops/s
[2023-11-16T13:16:48.992+0800][gc,stats    ]      Memory: Out Of Memory                                     0 / 0                 0 / 0                 0 / 0                 0 / 0           ops/s
[2023-11-16T13:16:48.992+0800][gc,stats    ]      Memory: Page Cache Flush                                  0 / 0                 0 / 0                 0 / 0                 0 / 0           MB/s
[2023-11-16T13:16:48.992+0800][gc,stats    ]      Memory: Page Cache Hit L1                                 0 / 0                 0 / 5                 0 / 38                0 / 38          ops/s
[2023-11-16T13:16:48.992+0800][gc,stats    ]      Memory: Page Cache Hit L2                                 0 / 0                 0 / 0                 0 / 0                 0 / 0           ops/s
[2023-11-16T13:16:48.992+0800][gc,stats    ]      Memory: Page Cache Hit L3                                 0 / 0                 0 / 6                 0 / 48                0 / 48          ops/s
[2023-11-16T13:16:48.992+0800][gc,stats    ]      Memory: Page Cache Miss                                   0 / 0                 0 / 0                 0 / 1                 0 / 1           ops/s
[2023-11-16T13:16:48.992+0800][gc,stats    ]      Memory: Uncommit                                          0 / 0                 0 / 0                 0 / 0                 0 / 0           MB/s
[2023-11-16T13:16:48.992+0800][gc,stats    ]      Memory: Undo Object Allocation Failed                     0 / 0                 0 / 0                 0 / 0                 0 / 0           ops/s
[2023-11-16T13:16:48.992+0800][gc,stats    ]      Memory: Undo Object Allocation Succeeded                  0 / 0                 0 / 0                 0 / 0                 0 / 0           ops/s
[2023-11-16T13:16:48.992+0800][gc,stats    ]      Memory: Undo Page Allocation                              0 / 0                 0 / 0                 0 / 0                 0 / 0           ops/s
[2023-11-16T13:16:48.992+0800][gc,stats    ]       Phase: Concurrent Mark                               0.000 / 0.000         0.000 / 0.000        25.401 / 26.782       25.401 / 26.782      ms
[2023-11-16T13:16:48.992+0800][gc,stats    ]       Phase: Concurrent Mark Continue                      0.000 / 0.000         0.000 / 0.000         0.000 / 0.000         0.000 / 0.000       ms
[2023-11-16T13:16:48.992+0800][gc,stats    ]       Phase: Concurrent Mark Free                          0.000 / 0.000         0.000 / 0.000         0.001 / 0.001         0.001 / 0.001       ms
[2023-11-16T13:16:48.992+0800][gc,stats    ]       Phase: Concurrent Process Non-Strong References      0.000 / 0.000         0.000 / 0.000         2.435 / 2.758         2.435 / 2.758       ms
[2023-11-16T13:16:48.992+0800][gc,stats    ]       Phase: Concurrent Relocate                           0.000 / 0.000         0.000 / 0.000         2.928 / 3.220         2.928 / 3.220       ms
[2023-11-16T13:16:48.992+0800][gc,stats    ]       Phase: Concurrent Reset Relocation Set               0.000 / 0.000         0.000 / 0.000         0.003 / 0.006         0.003 / 0.006       ms
[2023-11-16T13:16:48.992+0800][gc,stats    ]       Phase: Concurrent Select Relocation Set              0.000 / 0.000         0.000 / 0.000         5.767 / 9.539         5.767 / 9.539       ms
[2023-11-16T13:16:48.992+0800][gc,stats    ]       Phase: Pause Mark End                                0.000 / 0.000         0.000 / 0.000         0.023 / 0.026         0.023 / 0.026       ms
[2023-11-16T13:16:48.992+0800][gc,stats    ]       Phase: Pause Mark Start                              0.000 / 0.000         0.000 / 0.000         0.010 / 0.014         0.010 / 0.014       ms
[2023-11-16T13:16:48.992+0800][gc,stats    ]       Phase: Pause Relocate Start                          0.000 / 0.000         0.000 / 0.000         0.014 / 0.017         0.014 / 0.017       ms
[2023-11-16T13:16:48.992+0800][gc,stats    ]    Subphase: Concurrent Classes Purge                      0.000 / 0.000         0.000 / 0.000         0.082 / 0.093         0.082 / 0.093       ms
[2023-11-16T13:16:48.992+0800][gc,stats    ]    Subphase: Concurrent Classes Unlink                     0.000 / 0.000         0.000 / 0.000         1.496 / 1.649         1.496 / 1.649       ms
[2023-11-16T13:16:48.992+0800][gc,stats    ]    Subphase: Concurrent Mark                               0.000 / 0.000         0.000 / 0.000        21.597 / 25.992       21.597 / 25.992      ms
[2023-11-16T13:16:48.992+0800][gc,stats    ]    Subphase: Concurrent Mark Try Flush                     0.000 / 0.000         0.000 / 0.000         0.068 / 0.146         0.068 / 0.146       ms
[2023-11-16T13:16:48.992+0800][gc,stats    ]    Subphase: Concurrent Mark Try Terminate                 0.000 / 0.000         0.000 / 0.000         5.693 / 15.474        5.693 / 15.474      ms
[2023-11-16T13:16:48.992+0800][gc,stats    ]    Subphase: Concurrent References Enqueue                 0.000 / 0.000         0.000 / 0.000         0.005 / 0.005         0.005 / 0.005       ms
[2023-11-16T13:16:48.992+0800][gc,stats    ]    Subphase: Concurrent References Process                 0.000 / 0.000         0.000 / 0.000         0.108 / 0.128         0.108 / 0.128       ms
[2023-11-16T13:16:48.992+0800][gc,stats    ]    Subphase: Concurrent Roots ClassLoaderDataGraph         0.000 / 0.000         0.000 / 0.000         0.162 / 0.511         0.162 / 0.511       ms
[2023-11-16T13:16:48.992+0800][gc,stats    ]    Subphase: Concurrent Roots CodeCache                    0.000 / 0.000         0.000 / 0.000         0.000 / 0.000         0.000 / 0.000       ms
[2023-11-16T13:16:48.992+0800][gc,stats    ]    Subphase: Concurrent Roots JavaThreads                  0.000 / 0.000         0.000 / 0.000         0.945 / 1.682         0.945 / 1.682       ms
[2023-11-16T13:16:48.992+0800][gc,stats    ]    Subphase: Concurrent Roots OopStorageSet                0.000 / 0.000         0.000 / 0.000         0.041 / 0.062         0.041 / 0.062       ms
[2023-11-16T13:16:48.992+0800][gc,stats    ]    Subphase: Concurrent Weak Roots OopStorageSet           0.000 / 0.000         0.000 / 0.000         0.514 / 0.770         0.514 / 0.770       ms
[2023-11-16T13:16:48.992+0800][gc,stats    ]    Subphase: Pause Mark Try Complete                       0.000 / 0.000         0.000 / 0.000         0.000 / 0.000         0.000 / 0.000       ms
[2023-11-16T13:16:48.992+0800][gc,stats    ]      System: Java Threads                                      0 / 0                 0 / 0                36 / 51               36 / 51          threads
[2023-11-16T13:16:48.992+0800][gc,stats    ] =========================================================================================================================================================
[2023-11-16T13:16:58.988+0800][gc,stats    ] === Garbage Collection Statistics =======================================================================================================================
[2023-11-16T13:16:58.988+0800][gc,stats    ]                                                              Last 10s              Last 10m              Last 10h                Total
[2023-11-16T13:16:58.988+0800][gc,stats    ]                                                              Avg / Max             Avg / Max             Avg / Max             Avg / Max
[2023-11-16T13:16:58.988+0800][gc,stats    ]   Collector: Garbage Collection Cycle                      0.000 / 0.000         0.000 / 0.000        42.450 / 42.489       42.450 / 42.489      ms
[2023-11-16T13:16:58.988+0800][gc,stats    ]  Contention: Mark Segment Reset Contention                     0 / 0                 0 / 0                 0 / 2                 0 / 2           ops/s
[2023-11-16T13:16:58.988+0800][gc,stats    ]  Contention: Mark SeqNum Reset Contention                      0 / 0                 0 / 0                 0 / 1                 0 / 1           ops/s
[2023-11-16T13:16:58.988+0800][gc,stats    ]    Critical: Allocation Stall                                  0 / 0                 0 / 0                 0 / 0                 0 / 0           ops/s
[2023-11-16T13:16:58.988+0800][gc,stats    ]    Critical: Allocation Stall                              0.000 / 0.000         0.000 / 0.000         0.000 / 0.000         0.000 / 0.000       ms
[2023-11-16T13:16:58.988+0800][gc,stats    ]    Critical: GC Locker Stall                                   0 / 0                 0 / 0                 0 / 0                 0 / 0           ops/s
[2023-11-16T13:16:58.988+0800][gc,stats    ]    Critical: GC Locker Stall                               0.000 / 0.000         0.000 / 0.000         0.000 / 0.000         0.000 / 0.000       ms
[2023-11-16T13:16:58.988+0800][gc,stats    ]    Critical: Relocation Stall                                  0 / 0                 0 / 0                 0 / 0                 0 / 0           ops/s
[2023-11-16T13:16:58.988+0800][gc,stats    ]    Critical: Relocation Stall                              0.000 / 0.000         0.000 / 0.000         0.000 / 0.000         0.000 / 0.000       ms
[2023-11-16T13:16:58.988+0800][gc,stats    ]      Memory: Allocation Rate                                   0 / 0                 0 / 12                0 / 96                0 / 96          MB/s
[2023-11-16T13:16:58.988+0800][gc,stats    ]      Memory: Defragment                                        0 / 0                 0 / 0                 0 / 0                 0 / 0           ops/s
[2023-11-16T13:16:58.988+0800][gc,stats    ]      Memory: Out Of Memory                                     0 / 0                 0 / 0                 0 / 0                 0 / 0           ops/s
[2023-11-16T13:16:58.988+0800][gc,stats    ]      Memory: Page Cache Flush                                  0 / 0                 0 / 0                 0 / 0                 0 / 0           MB/s
[2023-11-16T13:16:58.988+0800][gc,stats    ]      Memory: Page Cache Hit L1                                 0 / 0                 0 / 5                 0 / 38                0 / 38          ops/s
[2023-11-16T13:16:58.988+0800][gc,stats    ]      Memory: Page Cache Hit L2                                 0 / 0                 0 / 0                 0 / 0                 0 / 0           ops/s
[2023-11-16T13:16:58.988+0800][gc,stats    ]      Memory: Page Cache Hit L3                                 0 / 0                 0 / 6                 0 / 48                0 / 48          ops/s
[2023-11-16T13:16:58.988+0800][gc,stats    ]      Memory: Page Cache Miss                                   0 / 0                 0 / 0                 0 / 1                 0 / 1           ops/s
[2023-11-16T13:16:58.988+0800][gc,stats    ]      Memory: Uncommit                                          0 / 0                 0 / 0                 0 / 0                 0 / 0           MB/s
[2023-11-16T13:16:58.988+0800][gc,stats    ]      Memory: Undo Object Allocation Failed                     0 / 0                 0 / 0                 0 / 0                 0 / 0           ops/s
[2023-11-16T13:16:58.988+0800][gc,stats    ]      Memory: Undo Object Allocation Succeeded                  0 / 0                 0 / 0                 0 / 0                 0 / 0           ops/s
[2023-11-16T13:16:58.988+0800][gc,stats    ]      Memory: Undo Page Allocation                              0 / 0                 0 / 0                 0 / 0                 0 / 0           ops/s
[2023-11-16T13:16:58.988+0800][gc,stats    ]       Phase: Concurrent Mark                               0.000 / 0.000         0.000 / 0.000        25.401 / 26.782       25.401 / 26.782      ms
[2023-11-16T13:16:58.988+0800][gc,stats    ]       Phase: Concurrent Mark Continue                      0.000 / 0.000         0.000 / 0.000         0.000 / 0.000         0.000 / 0.000       ms
[2023-11-16T13:16:58.988+0800][gc,stats    ]       Phase: Concurrent Mark Free                          0.000 / 0.000         0.000 / 0.000         0.001 / 0.001         0.001 / 0.001       ms
[2023-11-16T13:16:58.988+0800][gc,stats    ]       Phase: Concurrent Process Non-Strong References      0.000 / 0.000         0.000 / 0.000         2.435 / 2.758         2.435 / 2.758       ms
[2023-11-16T13:16:58.988+0800][gc,stats    ]       Phase: Concurrent Relocate                           0.000 / 0.000         0.000 / 0.000         2.928 / 3.220         2.928 / 3.220       ms
[2023-11-16T13:16:58.988+0800][gc,stats    ]       Phase: Concurrent Reset Relocation Set               0.000 / 0.000         0.000 / 0.000         0.003 / 0.006         0.003 / 0.006       ms
[2023-11-16T13:16:58.988+0800][gc,stats    ]       Phase: Concurrent Select Relocation Set              0.000 / 0.000         0.000 / 0.000         5.767 / 9.539         5.767 / 9.539       ms
[2023-11-16T13:16:58.988+0800][gc,stats    ]       Phase: Pause Mark End                                0.000 / 0.000         0.000 / 0.000         0.023 / 0.026         0.023 / 0.026       ms
[2023-11-16T13:16:58.988+0800][gc,stats    ]       Phase: Pause Mark Start                              0.000 / 0.000         0.000 / 0.000         0.010 / 0.014         0.010 / 0.014       ms
[2023-11-16T13:16:58.988+0800][gc,stats    ]       Phase: Pause Relocate Start                          0.000 / 0.000         0.000 / 0.000         0.014 / 0.017         0.014 / 0.017       ms
[2023-11-16T13:16:58.988+0800][gc,stats    ]    Subphase: Concurrent Classes Purge                      0.000 / 0.000         0.000 / 0.000         0.082 / 0.093         0.082 / 0.093       ms
[2023-11-16T13:16:58.988+0800][gc,stats    ]    Subphase: Concurrent Classes Unlink                     0.000 / 0.000         0.000 / 0.000         1.496 / 1.649         1.496 / 1.649       ms
[2023-11-16T13:16:58.988+0800][gc,stats    ]    Subphase: Concurrent Mark                               0.000 / 0.000         0.000 / 0.000        21.597 / 25.992       21.597 / 25.992      ms
[2023-11-16T13:16:58.988+0800][gc,stats    ]    Subphase: Concurrent Mark Try Flush                     0.000 / 0.000         0.000 / 0.000         0.068 / 0.146         0.068 / 0.146       ms
[2023-11-16T13:16:58.988+0800][gc,stats    ]    Subphase: Concurrent Mark Try Terminate                 0.000 / 0.000         0.000 / 0.000         5.693 / 15.474        5.693 / 15.474      ms
[2023-11-16T13:16:58.988+0800][gc,stats    ]    Subphase: Concurrent References Enqueue                 0.000 / 0.000         0.000 / 0.000         0.005 / 0.005         0.005 / 0.005       ms
[2023-11-16T13:16:58.988+0800][gc,stats    ]    Subphase: Concurrent References Process                 0.000 / 0.000         0.000 / 0.000         0.108 / 0.128         0.108 / 0.128       ms
[2023-11-16T13:16:58.988+0800][gc,stats    ]    Subphase: Concurrent Roots ClassLoaderDataGraph         0.000 / 0.000         0.000 / 0.000         0.162 / 0.511         0.162 / 0.511       ms
[2023-11-16T13:16:58.988+0800][gc,stats    ]    Subphase: Concurrent Roots CodeCache                    0.000 / 0.000         0.000 / 0.000         0.000 / 0.000         0.000 / 0.000       ms
[2023-11-16T13:16:58.988+0800][gc,stats    ]    Subphase: Concurrent Roots JavaThreads                  0.000 / 0.000         0.000 / 0.000         0.945 / 1.682         0.945 / 1.682       ms
[2023-11-16T13:16:58.988+0800][gc,stats    ]    Subphase: Concurrent Roots OopStorageSet                0.000 / 0.000         0.000 / 0.000         0.041 / 0.062         0.041 / 0.062       ms
[2023-11-16T13:16:58.988+0800][gc,stats    ]    Subphase: Concurrent Weak Roots OopStorageSet           0.000 / 0.000         0.000 / 0.000         0.514 / 0.770         0.514 / 0.770       ms
[2023-11-16T13:16:58.988+0800][gc,stats    ]    Subphase: Pause Mark Try Complete                       0.000 / 0.000         0.000 / 0.000         0.000 / 0.000         0.000 / 0.000       ms
[2023-11-16T13:16:58.988+0800][gc,stats    ]      System: Java Threads                                      0 / 0                 0 / 0                36 / 51               36 / 51          threads
[2023-11-16T13:16:58.988+0800][gc,stats    ] =========================================================================================================================================================
[2023-11-16T13:17:08.985+0800][gc,stats    ] === Garbage Collection Statistics =======================================================================================================================
[2023-11-16T13:17:08.985+0800][gc,stats    ]                                                              Last 10s              Last 10m              Last 10h                Total
[2023-11-16T13:17:08.985+0800][gc,stats    ]                                                              Avg / Max             Avg / Max             Avg / Max             Avg / Max
[2023-11-16T13:17:08.985+0800][gc,stats    ]   Collector: Garbage Collection Cycle                      0.000 / 0.000         0.000 / 0.000        42.450 / 42.489       42.450 / 42.489      ms
[2023-11-16T13:17:08.985+0800][gc,stats    ]  Contention: Mark Segment Reset Contention                     0 / 0                 0 / 0                 0 / 2                 0 / 2           ops/s
[2023-11-16T13:17:08.985+0800][gc,stats    ]  Contention: Mark SeqNum Reset Contention                      0 / 0                 0 / 0                 0 / 1                 0 / 1           ops/s
[2023-11-16T13:17:08.985+0800][gc,stats    ]    Critical: Allocation Stall                                  0 / 0                 0 / 0                 0 / 0                 0 / 0           ops/s
[2023-11-16T13:17:08.985+0800][gc,stats    ]    Critical: Allocation Stall                              0.000 / 0.000         0.000 / 0.000         0.000 / 0.000         0.000 / 0.000       ms
[2023-11-16T13:17:08.985+0800][gc,stats    ]    Critical: GC Locker Stall                                   0 / 0                 0 / 0                 0 / 0                 0 / 0           ops/s
[2023-11-16T13:17:08.985+0800][gc,stats    ]    Critical: GC Locker Stall                               0.000 / 0.000         0.000 / 0.000         0.000 / 0.000         0.000 / 0.000       ms
[2023-11-16T13:17:08.985+0800][gc,stats    ]    Critical: Relocation Stall                                  0 / 0                 0 / 0                 0 / 0                 0 / 0           ops/s
[2023-11-16T13:17:08.985+0800][gc,stats    ]    Critical: Relocation Stall                              0.000 / 0.000         0.000 / 0.000         0.000 / 0.000         0.000 / 0.000       ms
[2023-11-16T13:17:08.985+0800][gc,stats    ]      Memory: Allocation Rate                                   0 / 0                 0 / 12                0 / 96                0 / 96          MB/s
[2023-11-16T13:17:08.985+0800][gc,stats    ]      Memory: Defragment                                        0 / 0                 0 / 0                 0 / 0                 0 / 0           ops/s
[2023-11-16T13:17:08.985+0800][gc,stats    ]      Memory: Out Of Memory                                     0 / 0                 0 / 0                 0 / 0                 0 / 0           ops/s
[2023-11-16T13:17:08.985+0800][gc,stats    ]      Memory: Page Cache Flush                                  0 / 0                 0 / 0                 0 / 0                 0 / 0           MB/s
[2023-11-16T13:17:08.985+0800][gc,stats    ]      Memory: Page Cache Hit L1                                 0 / 0                 0 / 5                 0 / 38                0 / 38          ops/s
[2023-11-16T13:17:08.985+0800][gc,stats    ]      Memory: Page Cache Hit L2                                 0 / 0                 0 / 0                 0 / 0                 0 / 0           ops/s
[2023-11-16T13:17:08.985+0800][gc,stats    ]      Memory: Page Cache Hit L3                                 0 / 0                 0 / 6                 0 / 48                0 / 48          ops/s
[2023-11-16T13:17:08.985+0800][gc,stats    ]      Memory: Page Cache Miss                                   0 / 0                 0 / 0                 0 / 1                 0 / 1           ops/s
[2023-11-16T13:17:08.985+0800][gc,stats    ]      Memory: Uncommit                                          0 / 0                 0 / 0                 0 / 0                 0 / 0           MB/s
[2023-11-16T13:17:08.985+0800][gc,stats    ]      Memory: Undo Object Allocation Failed                     0 / 0                 0 / 0                 0 / 0                 0 / 0           ops/s
[2023-11-16T13:17:08.985+0800][gc,stats    ]      Memory: Undo Object Allocation Succeeded                  0 / 0                 0 / 0                 0 / 0                 0 / 0           ops/s
[2023-11-16T13:17:08.985+0800][gc,stats    ]      Memory: Undo Page Allocation                              0 / 0                 0 / 0                 0 / 0                 0 / 0           ops/s
[2023-11-16T13:17:08.985+0800][gc,stats    ]       Phase: Concurrent Mark                               0.000 / 0.000         0.000 / 0.000        25.401 / 26.782       25.401 / 26.782      ms
[2023-11-16T13:17:08.985+0800][gc,stats    ]       Phase: Concurrent Mark Continue                      0.000 / 0.000         0.000 / 0.000         0.000 / 0.000         0.000 / 0.000       ms
[2023-11-16T13:17:08.985+0800][gc,stats    ]       Phase: Concurrent Mark Free                          0.000 / 0.000         0.000 / 0.000         0.001 / 0.001         0.001 / 0.001       ms
[2023-11-16T13:17:08.985+0800][gc,stats    ]       Phase: Concurrent Process Non-Strong References      0.000 / 0.000         0.000 / 0.000         2.435 / 2.758         2.435 / 2.758       ms
[2023-11-16T13:17:08.985+0800][gc,stats    ]       Phase: Concurrent Relocate                           0.000 / 0.000         0.000 / 0.000         2.928 / 3.220         2.928 / 3.220       ms
[2023-11-16T13:17:08.985+0800][gc,stats    ]       Phase: Concurrent Reset Relocation Set               0.000 / 0.000         0.000 / 0.000         0.003 / 0.006         0.003 / 0.006       ms
[2023-11-16T13:17:08.985+0800][gc,stats    ]       Phase: Concurrent Select Relocation Set              0.000 / 0.000         0.000 / 0.000         5.767 / 9.539         5.767 / 9.539       ms
[2023-11-16T13:17:08.985+0800][gc,stats    ]       Phase: Pause Mark End                                0.000 / 0.000         0.000 / 0.000         0.023 / 0.026         0.023 / 0.026       ms
[2023-11-16T13:17:08.985+0800][gc,stats    ]       Phase: Pause Mark Start                              0.000 / 0.000         0.000 / 0.000         0.010 / 0.014         0.010 / 0.014       ms
[2023-11-16T13:17:08.985+0800][gc,stats    ]       Phase: Pause Relocate Start                          0.000 / 0.000         0.000 / 0.000         0.014 / 0.017         0.014 / 0.017       ms
[2023-11-16T13:17:08.985+0800][gc,stats    ]    Subphase: Concurrent Classes Purge                      0.000 / 0.000         0.000 / 0.000         0.082 / 0.093         0.082 / 0.093       ms
[2023-11-16T13:17:08.985+0800][gc,stats    ]    Subphase: Concurrent Classes Unlink                     0.000 / 0.000         0.000 / 0.000         1.496 / 1.649         1.496 / 1.649       ms
[2023-11-16T13:17:08.985+0800][gc,stats    ]    Subphase: Concurrent Mark                               0.000 / 0.000         0.000 / 0.000        21.597 / 25.992       21.597 / 25.992      ms
[2023-11-16T13:17:08.985+0800][gc,stats    ]    Subphase: Concurrent Mark Try Flush                     0.000 / 0.000         0.000 / 0.000         0.068 / 0.146         0.068 / 0.146       ms
[2023-11-16T13:17:08.985+0800][gc,stats    ]    Subphase: Concurrent Mark Try Terminate                 0.000 / 0.000         0.000 / 0.000         5.693 / 15.474        5.693 / 15.474      ms
[2023-11-16T13:17:08.985+0800][gc,stats    ]    Subphase: Concurrent References Enqueue                 0.000 / 0.000         0.000 / 0.000         0.005 / 0.005         0.005 / 0.005       ms
[2023-11-16T13:17:08.985+0800][gc,stats    ]    Subphase: Concurrent References Process                 0.000 / 0.000         0.000 / 0.000         0.108 / 0.128         0.108 / 0.128       ms
[2023-11-16T13:17:08.985+0800][gc,stats    ]    Subphase: Concurrent Roots ClassLoaderDataGraph         0.000 / 0.000         0.000 / 0.000         0.162 / 0.511         0.162 / 0.511       ms
[2023-11-16T13:17:08.985+0800][gc,stats    ]    Subphase: Concurrent Roots CodeCache                    0.000 / 0.000         0.000 / 0.000         0.000 / 0.000         0.000 / 0.000       ms
[2023-11-16T13:17:08.985+0800][gc,stats    ]    Subphase: Concurrent Roots JavaThreads                  0.000 / 0.000         0.000 / 0.000         0.945 / 1.682         0.945 / 1.682       ms
[2023-11-16T13:17:08.985+0800][gc,stats    ]    Subphase: Concurrent Roots OopStorageSet                0.000 / 0.000         0.000 / 0.000         0.041 / 0.062         0.041 / 0.062       ms
[2023-11-16T13:17:08.985+0800][gc,stats    ]    Subphase: Concurrent Weak Roots OopStorageSet           0.000 / 0.000         0.000 / 0.000         0.514 / 0.770         0.514 / 0.770       ms
[2023-11-16T13:17:08.985+0800][gc,stats    ]    Subphase: Pause Mark Try Complete                       0.000 / 0.000         0.000 / 0.000         0.000 / 0.000         0.000 / 0.000       ms
[2023-11-16T13:17:08.985+0800][gc,stats    ]      System: Java Threads                                      0 / 0                 0 / 0                36 / 51               36 / 51          threads
[2023-11-16T13:17:08.985+0800][gc,stats    ] =========================================================================================================================================================
[2023-11-16T13:17:18.983+0800][gc,stats    ] === Garbage Collection Statistics =======================================================================================================================
[2023-11-16T13:17:18.983+0800][gc,stats    ]                                                              Last 10s              Last 10m              Last 10h                Total
[2023-11-16T13:17:18.983+0800][gc,stats    ]                                                              Avg / Max             Avg / Max             Avg / Max             Avg / Max
[2023-11-16T13:17:18.983+0800][gc,stats    ]   Collector: Garbage Collection Cycle                      0.000 / 0.000         0.000 / 0.000        42.450 / 42.489       42.450 / 42.489      ms
[2023-11-16T13:17:18.983+0800][gc,stats    ]  Contention: Mark Segment Reset Contention                     0 / 0                 0 / 0                 0 / 2                 0 / 2           ops/s
[2023-11-16T13:17:18.983+0800][gc,stats    ]  Contention: Mark SeqNum Reset Contention                      0 / 0                 0 / 0                 0 / 1                 0 / 1           ops/s
[2023-11-16T13:17:18.983+0800][gc,stats    ]    Critical: Allocation Stall                                  0 / 0                 0 / 0                 0 / 0                 0 / 0           ops/s
[2023-11-16T13:17:18.983+0800][gc,stats    ]    Critical: Allocation Stall                              0.000 / 0.000         0.000 / 0.000         0.000 / 0.000         0.000 / 0.000       ms
[2023-11-16T13:17:18.983+0800][gc,stats    ]    Critical: GC Locker Stall                                   0 / 0                 0 / 0                 0 / 0                 0 / 0           ops/s
[2023-11-16T13:17:18.983+0800][gc,stats    ]    Critical: GC Locker Stall                               0.000 / 0.000         0.000 / 0.000         0.000 / 0.000         0.000 / 0.000       ms
[2023-11-16T13:17:18.983+0800][gc,stats    ]    Critical: Relocation Stall                                  0 / 0                 0 / 0                 0 / 0                 0 / 0           ops/s
[2023-11-16T13:17:18.983+0800][gc,stats    ]    Critical: Relocation Stall                              0.000 / 0.000         0.000 / 0.000         0.000 / 0.000         0.000 / 0.000       ms
[2023-11-16T13:17:18.983+0800][gc,stats    ]      Memory: Allocation Rate                                   0 / 0                 0 / 12                0 / 96                0 / 96          MB/s
[2023-11-16T13:17:18.983+0800][gc,stats    ]      Memory: Defragment                                        0 / 0                 0 / 0                 0 / 0                 0 / 0           ops/s
[2023-11-16T13:17:18.983+0800][gc,stats    ]      Memory: Out Of Memory                                     0 / 0                 0 / 0                 0 / 0                 0 / 0           ops/s
[2023-11-16T13:17:18.983+0800][gc,stats    ]      Memory: Page Cache Flush                                  0 / 0                 0 / 0                 0 / 0                 0 / 0           MB/s
[2023-11-16T13:17:18.983+0800][gc,stats    ]      Memory: Page Cache Hit L1                                 0 / 0                 0 / 5                 0 / 38                0 / 38          ops/s
[2023-11-16T13:17:18.983+0800][gc,stats    ]      Memory: Page Cache Hit L2                                 0 / 0                 0 / 0                 0 / 0                 0 / 0           ops/s
[2023-11-16T13:17:18.983+0800][gc,stats    ]      Memory: Page Cache Hit L3                                 0 / 0                 0 / 6                 0 / 48                0 / 48          ops/s
[2023-11-16T13:17:18.983+0800][gc,stats    ]      Memory: Page Cache Miss                                   0 / 0                 0 / 0                 0 / 1                 0 / 1           ops/s
[2023-11-16T13:17:18.983+0800][gc,stats    ]      Memory: Uncommit                                          0 / 0                 0 / 0                 0 / 0                 0 / 0           MB/s
[2023-11-16T13:17:18.983+0800][gc,stats    ]      Memory: Undo Object Allocation Failed                     0 / 0                 0 / 0                 0 / 0                 0 / 0           ops/s
[2023-11-16T13:17:18.983+0800][gc,stats    ]      Memory: Undo Object Allocation Succeeded                  0 / 0                 0 / 0                 0 / 0                 0 / 0           ops/s
[2023-11-16T13:17:18.983+0800][gc,stats    ]      Memory: Undo Page Allocation                              0 / 0                 0 / 0                 0 / 0                 0 / 0           ops/s
[2023-11-16T13:17:18.983+0800][gc,stats    ]       Phase: Concurrent Mark                               0.000 / 0.000         0.000 / 0.000        25.401 / 26.782       25.401 / 26.782      ms
[2023-11-16T13:17:18.983+0800][gc,stats    ]       Phase: Concurrent Mark Continue                      0.000 / 0.000         0.000 / 0.000         0.000 / 0.000         0.000 / 0.000       ms
[2023-11-16T13:17:18.983+0800][gc,stats    ]       Phase: Concurrent Mark Free                          0.000 / 0.000         0.000 / 0.000         0.001 / 0.001         0.001 / 0.001       ms
[2023-11-16T13:17:18.983+0800][gc,stats    ]       Phase: Concurrent Process Non-Strong References      0.000 / 0.000         0.000 / 0.000         2.435 / 2.758         2.435 / 2.758       ms
[2023-11-16T13:17:18.983+0800][gc,stats    ]       Phase: Concurrent Relocate                           0.000 / 0.000         0.000 / 0.000         2.928 / 3.220         2.928 / 3.220       ms
[2023-11-16T13:17:18.983+0800][gc,stats    ]       Phase: Concurrent Reset Relocation Set               0.000 / 0.000         0.000 / 0.000         0.003 / 0.006         0.003 / 0.006       ms
[2023-11-16T13:17:18.983+0800][gc,stats    ]       Phase: Concurrent Select Relocation Set              0.000 / 0.000         0.000 / 0.000         5.767 / 9.539         5.767 / 9.539       ms
[2023-11-16T13:17:18.983+0800][gc,stats    ]       Phase: Pause Mark End                                0.000 / 0.000         0.000 / 0.000         0.023 / 0.026         0.023 / 0.026       ms
[2023-11-16T13:17:18.983+0800][gc,stats    ]       Phase: Pause Mark Start                              0.000 / 0.000         0.000 / 0.000         0.010 / 0.014         0.010 / 0.014       ms
[2023-11-16T13:17:18.983+0800][gc,stats    ]       Phase: Pause Relocate Start                          0.000 / 0.000         0.000 / 0.000         0.014 / 0.017         0.014 / 0.017       ms
[2023-11-16T13:17:18.983+0800][gc,stats    ]    Subphase: Concurrent Classes Purge                      0.000 / 0.000         0.000 / 0.000         0.082 / 0.093         0.082 / 0.093       ms
[2023-11-16T13:17:18.983+0800][gc,stats    ]    Subphase: Concurrent Classes Unlink                     0.000 / 0.000         0.000 / 0.000         1.496 / 1.649         1.496 / 1.649       ms
[2023-11-16T13:17:18.983+0800][gc,stats    ]    Subphase: Concurrent Mark                               0.000 / 0.000         0.000 / 0.000        21.597 / 25.992       21.597 / 25.992      ms
[2023-11-16T13:17:18.983+0800][gc,stats    ]    Subphase: Concurrent Mark Try Flush                     0.000 / 0.000         0.000 / 0.000         0.068 / 0.146         0.068 / 0.146       ms
[2023-11-16T13:17:18.983+0800][gc,stats    ]    Subphase: Concurrent Mark Try Terminate                 0.000 / 0.000         0.000 / 0.000         5.693 / 15.474        5.693 / 15.474      ms
[2023-11-16T13:17:18.983+0800][gc,stats    ]    Subphase: Concurrent References Enqueue                 0.000 / 0.000         0.000 / 0.000         0.005 / 0.005         0.005 / 0.005       ms
[2023-11-16T13:17:18.983+0800][gc,stats    ]    Subphase: Concurrent References Process                 0.000 / 0.000         0.000 / 0.000         0.108 / 0.128         0.108 / 0.128       ms
[2023-11-16T13:17:18.983+0800][gc,stats    ]    Subphase: Concurrent Roots ClassLoaderDataGraph         0.000 / 0.000         0.000 / 0.000         0.162 / 0.511         0.162 / 0.511       ms
[2023-11-16T13:17:18.983+0800][gc,stats    ]    Subphase: Concurrent Roots CodeCache                    0.000 / 0.000         0.000 / 0.000         0.000 / 0.000         0.000 / 0.000       ms
[2023-11-16T13:17:18.983+0800][gc,stats    ]    Subphase: Concurrent Roots JavaThreads                  0.000 / 0.000         0.000 / 0.000         0.945 / 1.682         0.945 / 1.682       ms
[2023-11-16T13:17:18.983+0800][gc,stats    ]    Subphase: Concurrent Roots OopStorageSet                0.000 / 0.000         0.000 / 0.000         0.041 / 0.062         0.041 / 0.062       ms
[2023-11-16T13:17:18.983+0800][gc,stats    ]    Subphase: Concurrent Weak Roots OopStorageSet           0.000 / 0.000         0.000 / 0.000         0.514 / 0.770         0.514 / 0.770       ms
[2023-11-16T13:17:18.983+0800][gc,stats    ]    Subphase: Pause Mark Try Complete                       0.000 / 0.000         0.000 / 0.000         0.000 / 0.000         0.000 / 0.000       ms
[2023-11-16T13:17:18.983+0800][gc,stats    ]      System: Java Threads                                      0 / 0                 0 / 0                36 / 51               36 / 51          threads
[2023-11-16T13:17:18.983+0800][gc,stats    ] =========================================================================================================================================================
[2023-11-16T13:17:28.983+0800][gc,stats    ] === Garbage Collection Statistics =======================================================================================================================
[2023-11-16T13:17:28.983+0800][gc,stats    ]                                                              Last 10s              Last 10m              Last 10h                Total
[2023-11-16T13:17:28.983+0800][gc,stats    ]                                                              Avg / Max             Avg / Max             Avg / Max             Avg / Max
[2023-11-16T13:17:28.983+0800][gc,stats    ]   Collector: Garbage Collection Cycle                      0.000 / 0.000         0.000 / 0.000        42.450 / 42.489       42.450 / 42.489      ms
[2023-11-16T13:17:28.983+0800][gc,stats    ]  Contention: Mark Segment Reset Contention                     0 / 0                 0 / 0                 0 / 2                 0 / 2           ops/s
[2023-11-16T13:17:28.983+0800][gc,stats    ]  Contention: Mark SeqNum Reset Contention                      0 / 0                 0 / 0                 0 / 1                 0 / 1           ops/s
[2023-11-16T13:17:28.983+0800][gc,stats    ]    Critical: Allocation Stall                                  0 / 0                 0 / 0                 0 / 0                 0 / 0           ops/s
[2023-11-16T13:17:28.983+0800][gc,stats    ]    Critical: Allocation Stall                              0.000 / 0.000         0.000 / 0.000         0.000 / 0.000         0.000 / 0.000       ms
[2023-11-16T13:17:28.983+0800][gc,stats    ]    Critical: GC Locker Stall                                   0 / 0                 0 / 0                 0 / 0                 0 / 0           ops/s
[2023-11-16T13:17:28.983+0800][gc,stats    ]    Critical: GC Locker Stall                               0.000 / 0.000         0.000 / 0.000         0.000 / 0.000         0.000 / 0.000       ms
[2023-11-16T13:17:28.983+0800][gc,stats    ]    Critical: Relocation Stall                                  0 / 0                 0 / 0                 0 / 0                 0 / 0           ops/s
[2023-11-16T13:17:28.983+0800][gc,stats    ]    Critical: Relocation Stall                              0.000 / 0.000         0.000 / 0.000         0.000 / 0.000         0.000 / 0.000       ms
[2023-11-16T13:17:28.983+0800][gc,stats    ]      Memory: Allocation Rate                                   0 / 0                 0 / 12                0 / 96                0 / 96          MB/s
[2023-11-16T13:17:28.983+0800][gc,stats    ]      Memory: Defragment                                        0 / 0                 0 / 0                 0 / 0                 0 / 0           ops/s
[2023-11-16T13:17:28.983+0800][gc,stats    ]      Memory: Out Of Memory                                     0 / 0                 0 / 0                 0 / 0                 0 / 0           ops/s
[2023-11-16T13:17:28.983+0800][gc,stats    ]      Memory: Page Cache Flush                                  0 / 0                 0 / 0                 0 / 0                 0 / 0           MB/s
[2023-11-16T13:17:28.983+0800][gc,stats    ]      Memory: Page Cache Hit L1                                 0 / 0                 0 / 5                 0 / 38                0 / 38          ops/s
[2023-11-16T13:17:28.983+0800][gc,stats    ]      Memory: Page Cache Hit L2                                 0 / 0                 0 / 0                 0 / 0                 0 / 0           ops/s
[2023-11-16T13:17:28.983+0800][gc,stats    ]      Memory: Page Cache Hit L3                                 0 / 0                 0 / 6                 0 / 48                0 / 48          ops/s
[2023-11-16T13:17:28.983+0800][gc,stats    ]      Memory: Page Cache Miss                                   0 / 0                 0 / 0                 0 / 1                 0 / 1           ops/s
[2023-11-16T13:17:28.983+0800][gc,stats    ]      Memory: Uncommit                                          0 / 0                 0 / 0                 0 / 0                 0 / 0           MB/s
[2023-11-16T13:17:28.983+0800][gc,stats    ]      Memory: Undo Object Allocation Failed                     0 / 0                 0 / 0                 0 / 0                 0 / 0           ops/s
[2023-11-16T13:17:28.983+0800][gc,stats    ]      Memory: Undo Object Allocation Succeeded                  0 / 0                 0 / 0                 0 / 0                 0 / 0           ops/s
[2023-11-16T13:17:28.983+0800][gc,stats    ]      Memory: Undo Page Allocation                              0 / 0                 0 / 0                 0 / 0                 0 / 0           ops/s
[2023-11-16T13:17:28.983+0800][gc,stats    ]       Phase: Concurrent Mark                               0.000 / 0.000         0.000 / 0.000        25.401 / 26.782       25.401 / 26.782      ms
[2023-11-16T13:17:28.983+0800][gc,stats    ]       Phase: Concurrent Mark Continue                      0.000 / 0.000         0.000 / 0.000         0.000 / 0.000         0.000 / 0.000       ms
[2023-11-16T13:17:28.983+0800][gc,stats    ]       Phase: Concurrent Mark Free                          0.000 / 0.000         0.000 / 0.000         0.001 / 0.001         0.001 / 0.001       ms
[2023-11-16T13:17:28.983+0800][gc,stats    ]       Phase: Concurrent Process Non-Strong References      0.000 / 0.000         0.000 / 0.000         2.435 / 2.758         2.435 / 2.758       ms
[2023-11-16T13:17:28.983+0800][gc,stats    ]       Phase: Concurrent Relocate                           0.000 / 0.000         0.000 / 0.000         2.928 / 3.220         2.928 / 3.220       ms
[2023-11-16T13:17:28.983+0800][gc,stats    ]       Phase: Concurrent Reset Relocation Set               0.000 / 0.000         0.000 / 0.000         0.003 / 0.006         0.003 / 0.006       ms
[2023-11-16T13:17:28.983+0800][gc,stats    ]       Phase: Concurrent Select Relocation Set              0.000 / 0.000         0.000 / 0.000         5.767 / 9.539         5.767 / 9.539       ms
[2023-11-16T13:17:28.983+0800][gc,stats    ]       Phase: Pause Mark End                                0.000 / 0.000         0.000 / 0.000         0.023 / 0.026         0.023 / 0.026       ms
[2023-11-16T13:17:28.983+0800][gc,stats    ]       Phase: Pause Mark Start                              0.000 / 0.000         0.000 / 0.000         0.010 / 0.014         0.010 / 0.014       ms
[2023-11-16T13:17:28.983+0800][gc,stats    ]       Phase: Pause Relocate Start                          0.000 / 0.000         0.000 / 0.000         0.014 / 0.017         0.014 / 0.017       ms
[2023-11-16T13:17:28.983+0800][gc,stats    ]    Subphase: Concurrent Classes Purge                      0.000 / 0.000         0.000 / 0.000         0.082 / 0.093         0.082 / 0.093       ms
[2023-11-16T13:17:28.983+0800][gc,stats    ]    Subphase: Concurrent Classes Unlink                     0.000 / 0.000         0.000 / 0.000         1.496 / 1.649         1.496 / 1.649       ms
[2023-11-16T13:17:28.983+0800][gc,stats    ]    Subphase: Concurrent Mark                               0.000 / 0.000         0.000 / 0.000        21.597 / 25.992       21.597 / 25.992      ms
[2023-11-16T13:17:28.983+0800][gc,stats    ]    Subphase: Concurrent Mark Try Flush                     0.000 / 0.000         0.000 / 0.000         0.068 / 0.146         0.068 / 0.146       ms
[2023-11-16T13:17:28.983+0800][gc,stats    ]    Subphase: Concurrent Mark Try Terminate                 0.000 / 0.000         0.000 / 0.000         5.693 / 15.474        5.693 / 15.474      ms
[2023-11-16T13:17:28.983+0800][gc,stats    ]    Subphase: Concurrent References Enqueue                 0.000 / 0.000         0.000 / 0.000         0.005 / 0.005         0.005 / 0.005       ms
[2023-11-16T13:17:28.983+0800][gc,stats    ]    Subphase: Concurrent References Process                 0.000 / 0.000         0.000 / 0.000         0.108 / 0.128         0.108 / 0.128       ms
[2023-11-16T13:17:28.983+0800][gc,stats    ]    Subphase: Concurrent Roots ClassLoaderDataGraph         0.000 / 0.000         0.000 / 0.000         0.162 / 0.511         0.162 / 0.511       ms
[2023-11-16T13:17:28.983+0800][gc,stats    ]    Subphase: Concurrent Roots CodeCache                    0.000 / 0.000         0.000 / 0.000         0.000 / 0.000         0.000 / 0.000       ms
[2023-11-16T13:17:28.983+0800][gc,stats    ]    Subphase: Concurrent Roots JavaThreads                  0.000 / 0.000         0.000 / 0.000         0.945 / 1.682         0.945 / 1.682       ms
[2023-11-16T13:17:28.983+0800][gc,stats    ]    Subphase: Concurrent Roots OopStorageSet                0.000 / 0.000         0.000 / 0.000         0.041 / 0.062         0.041 / 0.062       ms
[2023-11-16T13:17:28.983+0800][gc,stats    ]    Subphase: Concurrent Weak Roots OopStorageSet           0.000 / 0.000         0.000 / 0.000         0.514 / 0.770         0.514 / 0.770       ms
[2023-11-16T13:17:28.983+0800][gc,stats    ]    Subphase: Pause Mark Try Complete                       0.000 / 0.000         0.000 / 0.000         0.000 / 0.000         0.000 / 0.000       ms
[2023-11-16T13:17:28.983+0800][gc,stats    ]      System: Java Threads                                      0 / 0                 0 / 0                36 / 51               36 / 51          threads
[2023-11-16T13:17:28.983+0800][gc,stats    ] =========================================================================================================================================================
[2023-11-16T13:17:38.983+0800][gc,stats    ] === Garbage Collection Statistics =======================================================================================================================
[2023-11-16T13:17:38.983+0800][gc,stats    ]                                                              Last 10s              Last 10m              Last 10h                Total
[2023-11-16T13:17:38.983+0800][gc,stats    ]                                                              Avg / Max             Avg / Max             Avg / Max             Avg / Max
[2023-11-16T13:17:38.983+0800][gc,stats    ]   Collector: Garbage Collection Cycle                      0.000 / 0.000         0.000 / 0.000        42.450 / 42.489       42.450 / 42.489      ms
[2023-11-16T13:17:38.983+0800][gc,stats    ]  Contention: Mark Segment Reset Contention                     0 / 0                 0 / 0                 0 / 2                 0 / 2           ops/s
[2023-11-16T13:17:38.983+0800][gc,stats    ]  Contention: Mark SeqNum Reset Contention                      0 / 0                 0 / 0                 0 / 1                 0 / 1           ops/s
[2023-11-16T13:17:38.983+0800][gc,stats    ]    Critical: Allocation Stall                                  0 / 0                 0 / 0                 0 / 0                 0 / 0           ops/s
[2023-11-16T13:17:38.983+0800][gc,stats    ]    Critical: Allocation Stall                              0.000 / 0.000         0.000 / 0.000         0.000 / 0.000         0.000 / 0.000       ms
[2023-11-16T13:17:38.983+0800][gc,stats    ]    Critical: GC Locker Stall                                   0 / 0                 0 / 0                 0 / 0                 0 / 0           ops/s
[2023-11-16T13:17:38.983+0800][gc,stats    ]    Critical: GC Locker Stall                               0.000 / 0.000         0.000 / 0.000         0.000 / 0.000         0.000 / 0.000       ms
[2023-11-16T13:17:38.983+0800][gc,stats    ]    Critical: Relocation Stall                                  0 / 0                 0 / 0                 0 / 0                 0 / 0           ops/s
[2023-11-16T13:17:38.983+0800][gc,stats    ]    Critical: Relocation Stall                              0.000 / 0.000         0.000 / 0.000         0.000 / 0.000         0.000 / 0.000       ms
[2023-11-16T13:17:38.983+0800][gc,stats    ]      Memory: Allocation Rate                                   0 / 2                 0 / 12                0 / 96                0 / 96          MB/s
[2023-11-16T13:17:38.983+0800][gc,stats    ]      Memory: Defragment                                        0 / 0                 0 / 0                 0 / 0                 0 / 0           ops/s
[2023-11-16T13:17:38.983+0800][gc,stats    ]      Memory: Out Of Memory                                     0 / 0                 0 / 0                 0 / 0                 0 / 0           ops/s
[2023-11-16T13:17:38.983+0800][gc,stats    ]      Memory: Page Cache Flush                                  0 / 0                 0 / 0                 0 / 0                 0 / 0           MB/s
[2023-11-16T13:17:38.983+0800][gc,stats    ]      Memory: Page Cache Hit L1                                 0 / 0                 0 / 5                 0 / 38                0 / 38          ops/s
[2023-11-16T13:17:38.983+0800][gc,stats    ]      Memory: Page Cache Hit L2                                 0 / 0                 0 / 0                 0 / 0                 0 / 0           ops/s
[2023-11-16T13:17:38.983+0800][gc,stats    ]      Memory: Page Cache Hit L3                                 0 / 1                 0 / 6                 0 / 48                0 / 48          ops/s
[2023-11-16T13:17:38.983+0800][gc,stats    ]      Memory: Page Cache Miss                                   0 / 0                 0 / 0                 0 / 1                 0 / 1           ops/s
[2023-11-16T13:17:38.983+0800][gc,stats    ]      Memory: Uncommit                                          0 / 0                 0 / 0                 0 / 0                 0 / 0           MB/s
[2023-11-16T13:17:38.983+0800][gc,stats    ]      Memory: Undo Object Allocation Failed                     0 / 0                 0 / 0                 0 / 0                 0 / 0           ops/s
[2023-11-16T13:17:38.983+0800][gc,stats    ]      Memory: Undo Object Allocation Succeeded                  0 / 0                 0 / 0                 0 / 0                 0 / 0           ops/s
[2023-11-16T13:17:38.983+0800][gc,stats    ]      Memory: Undo Page Allocation                              0 / 0                 0 / 0                 0 / 0                 0 / 0           ops/s
[2023-11-16T13:17:38.983+0800][gc,stats    ]       Phase: Concurrent Mark                               0.000 / 0.000         0.000 / 0.000        25.401 / 26.782       25.401 / 26.782      ms
[2023-11-16T13:17:38.983+0800][gc,stats    ]       Phase: Concurrent Mark Continue                      0.000 / 0.000         0.000 / 0.000         0.000 / 0.000         0.000 / 0.000       ms
[2023-11-16T13:17:38.983+0800][gc,stats    ]       Phase: Concurrent Mark Free                          0.000 / 0.000         0.000 / 0.000         0.001 / 0.001         0.001 / 0.001       ms
[2023-11-16T13:17:38.983+0800][gc,stats    ]       Phase: Concurrent Process Non-Strong References      0.000 / 0.000         0.000 / 0.000         2.435 / 2.758         2.435 / 2.758       ms
[2023-11-16T13:17:38.983+0800][gc,stats    ]       Phase: Concurrent Relocate                           0.000 / 0.000         0.000 / 0.000         2.928 / 3.220         2.928 / 3.220       ms
[2023-11-16T13:17:38.983+0800][gc,stats    ]       Phase: Concurrent Reset Relocation Set               0.000 / 0.000         0.000 / 0.000         0.003 / 0.006         0.003 / 0.006       ms
[2023-11-16T13:17:38.983+0800][gc,stats    ]       Phase: Concurrent Select Relocation Set              0.000 / 0.000         0.000 / 0.000         5.767 / 9.539         5.767 / 9.539       ms
[2023-11-16T13:17:38.983+0800][gc,stats    ]       Phase: Pause Mark End                                0.000 / 0.000         0.000 / 0.000         0.023 / 0.026         0.023 / 0.026       ms
[2023-11-16T13:17:38.983+0800][gc,stats    ]       Phase: Pause Mark Start                              0.000 / 0.000         0.000 / 0.000         0.010 / 0.014         0.010 / 0.014       ms
[2023-11-16T13:17:38.983+0800][gc,stats    ]       Phase: Pause Relocate Start                          0.000 / 0.000         0.000 / 0.000         0.014 / 0.017         0.014 / 0.017       ms
[2023-11-16T13:17:38.983+0800][gc,stats    ]    Subphase: Concurrent Classes Purge                      0.000 / 0.000         0.000 / 0.000         0.082 / 0.093         0.082 / 0.093       ms
[2023-11-16T13:17:38.983+0800][gc,stats    ]    Subphase: Concurrent Classes Unlink                     0.000 / 0.000         0.000 / 0.000         1.496 / 1.649         1.496 / 1.649       ms
[2023-11-16T13:17:38.983+0800][gc,stats    ]    Subphase: Concurrent Mark                               0.000 / 0.000         0.000 / 0.000        21.597 / 25.992       21.597 / 25.992      ms
[2023-11-16T13:17:38.983+0800][gc,stats    ]    Subphase: Concurrent Mark Try Flush                     0.000 / 0.000         0.000 / 0.000         0.068 / 0.146         0.068 / 0.146       ms
[2023-11-16T13:17:38.983+0800][gc,stats    ]    Subphase: Concurrent Mark Try Terminate                 0.000 / 0.000         0.000 / 0.000         5.693 / 15.474        5.693 / 15.474      ms
[2023-11-16T13:17:38.983+0800][gc,stats    ]    Subphase: Concurrent References Enqueue                 0.000 / 0.000         0.000 / 0.000         0.005 / 0.005         0.005 / 0.005       ms
[2023-11-16T13:17:38.983+0800][gc,stats    ]    Subphase: Concurrent References Process                 0.000 / 0.000         0.000 / 0.000         0.108 / 0.128         0.108 / 0.128       ms
[2023-11-16T13:17:38.983+0800][gc,stats    ]    Subphase: Concurrent Roots ClassLoaderDataGraph         0.000 / 0.000         0.000 / 0.000         0.162 / 0.511         0.162 / 0.511       ms
[2023-11-16T13:17:38.984+0800][gc,stats    ]    Subphase: Concurrent Roots CodeCache                    0.000 / 0.000         0.000 / 0.000         0.000 / 0.000         0.000 / 0.000       ms
[2023-11-16T13:17:38.984+0800][gc,stats    ]    Subphase: Concurrent Roots JavaThreads                  0.000 / 0.000         0.000 / 0.000         0.945 / 1.682         0.945 / 1.682       ms
[2023-11-16T13:17:38.984+0800][gc,stats    ]    Subphase: Concurrent Roots OopStorageSet                0.000 / 0.000         0.000 / 0.000         0.041 / 0.062         0.041 / 0.062       ms
[2023-11-16T13:17:38.984+0800][gc,stats    ]    Subphase: Concurrent Weak Roots OopStorageSet           0.000 / 0.000         0.000 / 0.000         0.514 / 0.770         0.514 / 0.770       ms
[2023-11-16T13:17:38.984+0800][gc,stats    ]    Subphase: Pause Mark Try Complete                       0.000 / 0.000         0.000 / 0.000         0.000 / 0.000         0.000 / 0.000       ms
[2023-11-16T13:17:38.984+0800][gc,stats    ]      System: Java Threads                                      0 / 0                 0 / 0                36 / 51               36 / 51          threads
[2023-11-16T13:17:38.984+0800][gc,stats    ] =========================================================================================================================================================
[2023-11-16T13:17:48.984+0800][gc,stats    ] === Garbage Collection Statistics =======================================================================================================================
[2023-11-16T13:17:48.984+0800][gc,stats    ]                                                              Last 10s              Last 10m              Last 10h                Total
[2023-11-16T13:17:48.984+0800][gc,stats    ]                                                              Avg / Max             Avg / Max             Avg / Max             Avg / Max
[2023-11-16T13:17:48.984+0800][gc,stats    ]   Collector: Garbage Collection Cycle                      0.000 / 0.000         0.000 / 0.000        42.450 / 42.489       42.450 / 42.489      ms
[2023-11-16T13:17:48.984+0800][gc,stats    ]  Contention: Mark Segment Reset Contention                     0 / 0                 0 / 0                 0 / 2                 0 / 2           ops/s
[2023-11-16T13:17:48.984+0800][gc,stats    ]  Contention: Mark SeqNum Reset Contention                      0 / 0                 0 / 0                 0 / 1                 0 / 1           ops/s
[2023-11-16T13:17:48.984+0800][gc,stats    ]    Critical: Allocation Stall                                  0 / 0                 0 / 0                 0 / 0                 0 / 0           ops/s
[2023-11-16T13:17:48.984+0800][gc,stats    ]    Critical: Allocation Stall                              0.000 / 0.000         0.000 / 0.000         0.000 / 0.000         0.000 / 0.000       ms
[2023-11-16T13:17:48.984+0800][gc,stats    ]    Critical: GC Locker Stall                                   0 / 0                 0 / 0                 0 / 0                 0 / 0           ops/s
[2023-11-16T13:17:48.984+0800][gc,stats    ]    Critical: GC Locker Stall                               0.000 / 0.000         0.000 / 0.000         0.000 / 0.000         0.000 / 0.000       ms
[2023-11-16T13:17:48.984+0800][gc,stats    ]    Critical: Relocation Stall                                  0 / 0                 0 / 0                 0 / 0                 0 / 0           ops/s
[2023-11-16T13:17:48.984+0800][gc,stats    ]    Critical: Relocation Stall                              0.000 / 0.000         0.000 / 0.000         0.000 / 0.000         0.000 / 0.000       ms
[2023-11-16T13:17:48.984+0800][gc,stats    ]      Memory: Allocation Rate                                   0 / 2                 0 / 12                0 / 96                0 / 96          MB/s
[2023-11-16T13:17:48.984+0800][gc,stats    ]      Memory: Defragment                                        0 / 0                 0 / 0                 0 / 0                 0 / 0           ops/s
[2023-11-16T13:17:48.984+0800][gc,stats    ]      Memory: Out Of Memory                                     0 / 0                 0 / 0                 0 / 0                 0 / 0           ops/s
[2023-11-16T13:17:48.984+0800][gc,stats    ]      Memory: Page Cache Flush                                  0 / 0                 0 / 0                 0 / 0                 0 / 0           MB/s
[2023-11-16T13:17:48.984+0800][gc,stats    ]      Memory: Page Cache Hit L1                                 0 / 0                 0 / 5                 0 / 38                0 / 38          ops/s
[2023-11-16T13:17:48.984+0800][gc,stats    ]      Memory: Page Cache Hit L2                                 0 / 0                 0 / 0                 0 / 0                 0 / 0           ops/s
[2023-11-16T13:17:48.984+0800][gc,stats    ]      Memory: Page Cache Hit L3                                 0 / 1                 0 / 6                 0 / 48                0 / 48          ops/s
[2023-11-16T13:17:48.984+0800][gc,stats    ]      Memory: Page Cache Miss                                   0 / 0                 0 / 0                 0 / 1                 0 / 1           ops/s
[2023-11-16T13:17:48.984+0800][gc,stats    ]      Memory: Uncommit                                          0 / 0                 0 / 0                 0 / 0                 0 / 0           MB/s
[2023-11-16T13:17:48.984+0800][gc,stats    ]      Memory: Undo Object Allocation Failed                     0 / 0                 0 / 0                 0 / 0                 0 / 0           ops/s
[2023-11-16T13:17:48.984+0800][gc,stats    ]      Memory: Undo Object Allocation Succeeded                  0 / 0                 0 / 0                 0 / 0                 0 / 0           ops/s
[2023-11-16T13:17:48.984+0800][gc,stats    ]      Memory: Undo Page Allocation                              0 / 0                 0 / 0                 0 / 0                 0 / 0           ops/s
[2023-11-16T13:17:48.984+0800][gc,stats    ]       Phase: Concurrent Mark                               0.000 / 0.000         0.000 / 0.000        25.401 / 26.782       25.401 / 26.782      ms
[2023-11-16T13:17:48.984+0800][gc,stats    ]       Phase: Concurrent Mark Continue                      0.000 / 0.000         0.000 / 0.000         0.000 / 0.000         0.000 / 0.000       ms
[2023-11-16T13:17:48.984+0800][gc,stats    ]       Phase: Concurrent Mark Free                          0.000 / 0.000         0.000 / 0.000         0.001 / 0.001         0.001 / 0.001       ms
[2023-11-16T13:17:48.984+0800][gc,stats    ]       Phase: Concurrent Process Non-Strong References      0.000 / 0.000         0.000 / 0.000         2.435 / 2.758         2.435 / 2.758       ms
[2023-11-16T13:17:48.984+0800][gc,stats    ]       Phase: Concurrent Relocate                           0.000 / 0.000         0.000 / 0.000         2.928 / 3.220         2.928 / 3.220       ms
[2023-11-16T13:17:48.984+0800][gc,stats    ]       Phase: Concurrent Reset Relocation Set               0.000 / 0.000         0.000 / 0.000         0.003 / 0.006         0.003 / 0.006       ms
[2023-11-16T13:17:48.984+0800][gc,stats    ]       Phase: Concurrent Select Relocation Set              0.000 / 0.000         0.000 / 0.000         5.767 / 9.539         5.767 / 9.539       ms
[2023-11-16T13:17:48.984+0800][gc,stats    ]       Phase: Pause Mark End                                0.000 / 0.000         0.000 / 0.000         0.023 / 0.026         0.023 / 0.026       ms
[2023-11-16T13:17:48.984+0800][gc,stats    ]       Phase: Pause Mark Start                              0.000 / 0.000         0.000 / 0.000         0.010 / 0.014         0.010 / 0.014       ms
[2023-11-16T13:17:48.984+0800][gc,stats    ]       Phase: Pause Relocate Start                          0.000 / 0.000         0.000 / 0.000         0.014 / 0.017         0.014 / 0.017       ms
[2023-11-16T13:17:48.984+0800][gc,stats    ]    Subphase: Concurrent Classes Purge                      0.000 / 0.000         0.000 / 0.000         0.082 / 0.093         0.082 / 0.093       ms
[2023-11-16T13:17:48.984+0800][gc,stats    ]    Subphase: Concurrent Classes Unlink                     0.000 / 0.000         0.000 / 0.000         1.496 / 1.649         1.496 / 1.649       ms
[2023-11-16T13:17:48.984+0800][gc,stats    ]    Subphase: Concurrent Mark                               0.000 / 0.000         0.000 / 0.000        21.597 / 25.992       21.597 / 25.992      ms
[2023-11-16T13:17:48.984+0800][gc,stats    ]    Subphase: Concurrent Mark Try Flush                     0.000 / 0.000         0.000 / 0.000         0.068 / 0.146         0.068 / 0.146       ms
[2023-11-16T13:17:48.984+0800][gc,stats    ]    Subphase: Concurrent Mark Try Terminate                 0.000 / 0.000         0.000 / 0.000         5.693 / 15.474        5.693 / 15.474      ms
[2023-11-16T13:17:48.984+0800][gc,stats    ]    Subphase: Concurrent References Enqueue                 0.000 / 0.000         0.000 / 0.000         0.005 / 0.005         0.005 / 0.005       ms
[2023-11-16T13:17:48.984+0800][gc,stats    ]    Subphase: Concurrent References Process                 0.000 / 0.000         0.000 / 0.000         0.108 / 0.128         0.108 / 0.128       ms
[2023-11-16T13:17:48.984+0800][gc,stats    ]    Subphase: Concurrent Roots ClassLoaderDataGraph         0.000 / 0.000         0.000 / 0.000         0.162 / 0.511         0.162 / 0.511       ms
[2023-11-16T13:17:48.984+0800][gc,stats    ]    Subphase: Concurrent Roots CodeCache                    0.000 / 0.000         0.000 / 0.000         0.000 / 0.000         0.000 / 0.000       ms
[2023-11-16T13:17:48.984+0800][gc,stats    ]    Subphase: Concurrent Roots JavaThreads                  0.000 / 0.000         0.000 / 0.000         0.945 / 1.682         0.945 / 1.682       ms
[2023-11-16T13:17:48.984+0800][gc,stats    ]    Subphase: Concurrent Roots OopStorageSet                0.000 / 0.000         0.000 / 0.000         0.041 / 0.062         0.041 / 0.062       ms
[2023-11-16T13:17:48.984+0800][gc,stats    ]    Subphase: Concurrent Weak Roots OopStorageSet           0.000 / 0.000         0.000 / 0.000         0.514 / 0.770         0.514 / 0.770       ms
[2023-11-16T13:17:48.984+0800][gc,stats    ]    Subphase: Pause Mark Try Complete                       0.000 / 0.000         0.000 / 0.000         0.000 / 0.000         0.000 / 0.000       ms
[2023-11-16T13:17:48.984+0800][gc,stats    ]      System: Java Threads                                      0 / 0                 0 / 0                36 / 51               36 / 51          threads
[2023-11-16T13:17:48.984+0800][gc,stats    ] =========================================================================================================================================================
[2023-11-16T13:17:58.984+0800][gc,stats    ] === Garbage Collection Statistics =======================================================================================================================
[2023-11-16T13:17:58.984+0800][gc,stats    ]                                                              Last 10s              Last 10m              Last 10h                Total
[2023-11-16T13:17:58.984+0800][gc,stats    ]                                                              Avg / Max             Avg / Max             Avg / Max             Avg / Max
[2023-11-16T13:17:58.984+0800][gc,stats    ]   Collector: Garbage Collection Cycle                      0.000 / 0.000         0.000 / 0.000        42.450 / 42.489       42.450 / 42.489      ms
[2023-11-16T13:17:58.984+0800][gc,stats    ]  Contention: Mark Segment Reset Contention                     0 / 0                 0 / 0                 0 / 2                 0 / 2           ops/s
[2023-11-16T13:17:58.984+0800][gc,stats    ]  Contention: Mark SeqNum Reset Contention                      0 / 0                 0 / 0                 0 / 1                 0 / 1           ops/s
[2023-11-16T13:17:58.984+0800][gc,stats    ]    Critical: Allocation Stall                                  0 / 0                 0 / 0                 0 / 0                 0 / 0           ops/s
[2023-11-16T13:17:58.984+0800][gc,stats    ]    Critical: Allocation Stall                              0.000 / 0.000         0.000 / 0.000         0.000 / 0.000         0.000 / 0.000       ms
[2023-11-16T13:17:58.984+0800][gc,stats    ]    Critical: GC Locker Stall                                   0 / 0                 0 / 0                 0 / 0                 0 / 0           ops/s
[2023-11-16T13:17:58.984+0800][gc,stats    ]    Critical: GC Locker Stall                               0.000 / 0.000         0.000 / 0.000         0.000 / 0.000         0.000 / 0.000       ms
[2023-11-16T13:17:58.984+0800][gc,stats    ]    Critical: Relocation Stall                                  0 / 0                 0 / 0                 0 / 0                 0 / 0           ops/s
[2023-11-16T13:17:58.984+0800][gc,stats    ]    Critical: Relocation Stall                              0.000 / 0.000         0.000 / 0.000         0.000 / 0.000         0.000 / 0.000       ms
[2023-11-16T13:17:58.984+0800][gc,stats    ]      Memory: Allocation Rate                                   0 / 2                 0 / 12                0 / 96                0 / 96          MB/s
[2023-11-16T13:17:58.984+0800][gc,stats    ]      Memory: Defragment                                        0 / 0                 0 / 0                 0 / 0                 0 / 0           ops/s
[2023-11-16T13:17:58.984+0800][gc,stats    ]      Memory: Out Of Memory                                     0 / 0                 0 / 0                 0 / 0                 0 / 0           ops/s
[2023-11-16T13:17:58.984+0800][gc,stats    ]      Memory: Page Cache Flush                                  0 / 0                 0 / 0                 0 / 0                 0 / 0           MB/s
[2023-11-16T13:17:58.984+0800][gc,stats    ]      Memory: Page Cache Hit L1                                 0 / 0                 0 / 5                 0 / 38                0 / 38          ops/s
[2023-11-16T13:17:58.984+0800][gc,stats    ]      Memory: Page Cache Hit L2                                 0 / 0                 0 / 0                 0 / 0                 0 / 0           ops/s
[2023-11-16T13:17:58.984+0800][gc,stats    ]      Memory: Page Cache Hit L3                                 0 / 1                 0 / 6                 0 / 48                0 / 48          ops/s
[2023-11-16T13:17:58.984+0800][gc,stats    ]      Memory: Page Cache Miss                                   0 / 0                 0 / 0                 0 / 1                 0 / 1           ops/s
[2023-11-16T13:17:58.984+0800][gc,stats    ]      Memory: Uncommit                                          0 / 0                 0 / 0                 0 / 0                 0 / 0           MB/s
[2023-11-16T13:17:58.984+0800][gc,stats    ]      Memory: Undo Object Allocation Failed                     0 / 0                 0 / 0                 0 / 0                 0 / 0           ops/s
[2023-11-16T13:17:58.984+0800][gc,stats    ]      Memory: Undo Object Allocation Succeeded                  0 / 0                 0 / 0                 0 / 0                 0 / 0           ops/s
[2023-11-16T13:17:58.984+0800][gc,stats    ]      Memory: Undo Page Allocation                              0 / 0                 0 / 0                 0 / 0                 0 / 0           ops/s
[2023-11-16T13:17:58.984+0800][gc,stats    ]       Phase: Concurrent Mark                               0.000 / 0.000         0.000 / 0.000        25.401 / 26.782       25.401 / 26.782      ms
[2023-11-16T13:17:58.984+0800][gc,stats    ]       Phase: Concurrent Mark Continue                      0.000 / 0.000         0.000 / 0.000         0.000 / 0.000         0.000 / 0.000       ms
[2023-11-16T13:17:58.984+0800][gc,stats    ]       Phase: Concurrent Mark Free                          0.000 / 0.000         0.000 / 0.000         0.001 / 0.001         0.001 / 0.001       ms
[2023-11-16T13:17:58.984+0800][gc,stats    ]       Phase: Concurrent Process Non-Strong References      0.000 / 0.000         0.000 / 0.000         2.435 / 2.758         2.435 / 2.758       ms
[2023-11-16T13:17:58.984+0800][gc,stats    ]       Phase: Concurrent Relocate                           0.000 / 0.000         0.000 / 0.000         2.928 / 3.220         2.928 / 3.220       ms
[2023-11-16T13:17:58.984+0800][gc,stats    ]       Phase: Concurrent Reset Relocation Set               0.000 / 0.000         0.000 / 0.000         0.003 / 0.006         0.003 / 0.006       ms
[2023-11-16T13:17:58.984+0800][gc,stats    ]       Phase: Concurrent Select Relocation Set              0.000 / 0.000         0.000 / 0.000         5.767 / 9.539         5.767 / 9.539       ms
[2023-11-16T13:17:58.984+0800][gc,stats    ]       Phase: Pause Mark End                                0.000 / 0.000         0.000 / 0.000         0.023 / 0.026         0.023 / 0.026       ms
[2023-11-16T13:17:58.984+0800][gc,stats    ]       Phase: Pause Mark Start                              0.000 / 0.000         0.000 / 0.000         0.010 / 0.014         0.010 / 0.014       ms
[2023-11-16T13:17:58.984+0800][gc,stats    ]       Phase: Pause Relocate Start                          0.000 / 0.000         0.000 / 0.000         0.014 / 0.017         0.014 / 0.017       ms
[2023-11-16T13:17:58.984+0800][gc,stats    ]    Subphase: Concurrent Classes Purge                      0.000 / 0.000         0.000 / 0.000         0.082 / 0.093         0.082 / 0.093       ms
[2023-11-16T13:17:58.984+0800][gc,stats    ]    Subphase: Concurrent Classes Unlink                     0.000 / 0.000         0.000 / 0.000         1.496 / 1.649         1.496 / 1.649       ms
[2023-11-16T13:17:58.984+0800][gc,stats    ]    Subphase: Concurrent Mark                               0.000 / 0.000         0.000 / 0.000        21.597 / 25.992       21.597 / 25.992      ms
[2023-11-16T13:17:58.984+0800][gc,stats    ]    Subphase: Concurrent Mark Try Flush                     0.000 / 0.000         0.000 / 0.000         0.068 / 0.146         0.068 / 0.146       ms
[2023-11-16T13:17:58.984+0800][gc,stats    ]    Subphase: Concurrent Mark Try Terminate                 0.000 / 0.000         0.000 / 0.000         5.693 / 15.474        5.693 / 15.474      ms
[2023-11-16T13:17:58.984+0800][gc,stats    ]    Subphase: Concurrent References Enqueue                 0.000 / 0.000         0.000 / 0.000         0.005 / 0.005         0.005 / 0.005       ms
[2023-11-16T13:17:58.984+0800][gc,stats    ]    Subphase: Concurrent References Process                 0.000 / 0.000         0.000 / 0.000         0.108 / 0.128         0.108 / 0.128       ms
[2023-11-16T13:17:58.984+0800][gc,stats    ]    Subphase: Concurrent Roots ClassLoaderDataGraph         0.000 / 0.000         0.000 / 0.000         0.162 / 0.511         0.162 / 0.511       ms
[2023-11-16T13:17:58.984+0800][gc,stats    ]    Subphase: Concurrent Roots CodeCache                    0.000 / 0.000         0.000 / 0.000         0.000 / 0.000         0.000 / 0.000       ms
[2023-11-16T13:17:58.984+0800][gc,stats    ]    Subphase: Concurrent Roots JavaThreads                  0.000 / 0.000         0.000 / 0.000         0.945 / 1.682         0.945 / 1.682       ms
[2023-11-16T13:17:58.984+0800][gc,stats    ]    Subphase: Concurrent Roots OopStorageSet                0.000 / 0.000         0.000 / 0.000         0.041 / 0.062         0.041 / 0.062       ms
[2023-11-16T13:17:58.984+0800][gc,stats    ]    Subphase: Concurrent Weak Roots OopStorageSet           0.000 / 0.000         0.000 / 0.000         0.514 / 0.770         0.514 / 0.770       ms
[2023-11-16T13:17:58.984+0800][gc,stats    ]    Subphase: Pause Mark Try Complete                       0.000 / 0.000         0.000 / 0.000         0.000 / 0.000         0.000 / 0.000       ms
[2023-11-16T13:17:58.984+0800][gc,stats    ]      System: Java Threads                                      0 / 0                 0 / 0                36 / 51               36 / 51          threads
[2023-11-16T13:17:58.984+0800][gc,stats    ] =========================================================================================================================================================
[2023-11-16T13:18:08.990+0800][gc,stats    ] === Garbage Collection Statistics =======================================================================================================================
[2023-11-16T13:18:08.990+0800][gc,stats    ]                                                              Last 10s              Last 10m              Last 10h                Total
[2023-11-16T13:18:08.990+0800][gc,stats    ]                                                              Avg / Max             Avg / Max             Avg / Max             Avg / Max
[2023-11-16T13:18:08.990+0800][gc,stats    ]   Collector: Garbage Collection Cycle                      0.000 / 0.000         0.000 / 0.000        42.450 / 42.489       42.450 / 42.489      ms
[2023-11-16T13:18:08.990+0800][gc,stats    ]  Contention: Mark Segment Reset Contention                     0 / 0                 0 / 0                 0 / 2                 0 / 2           ops/s
[2023-11-16T13:18:08.990+0800][gc,stats    ]  Contention: Mark SeqNum Reset Contention                      0 / 0                 0 / 0                 0 / 1                 0 / 1           ops/s
[2023-11-16T13:18:08.990+0800][gc,stats    ]    Critical: Allocation Stall                                  0 / 0                 0 / 0                 0 / 0                 0 / 0           ops/s
[2023-11-16T13:18:08.990+0800][gc,stats    ]    Critical: Allocation Stall                              0.000 / 0.000         0.000 / 0.000         0.000 / 0.000         0.000 / 0.000       ms
[2023-11-16T13:18:08.990+0800][gc,stats    ]    Critical: GC Locker Stall                                   0 / 0                 0 / 0                 0 / 0                 0 / 0           ops/s
[2023-11-16T13:18:08.990+0800][gc,stats    ]    Critical: GC Locker Stall                               0.000 / 0.000         0.000 / 0.000         0.000 / 0.000         0.000 / 0.000       ms
[2023-11-16T13:18:08.990+0800][gc,stats    ]    Critical: Relocation Stall                                  0 / 0                 0 / 0                 0 / 0                 0 / 0           ops/s
[2023-11-16T13:18:08.990+0800][gc,stats    ]    Critical: Relocation Stall                              0.000 / 0.000         0.000 / 0.000         0.000 / 0.000         0.000 / 0.000       ms
[2023-11-16T13:18:08.990+0800][gc,stats    ]      Memory: Allocation Rate                                   0 / 2                 0 / 12                0 / 96                0 / 96          MB/s
[2023-11-16T13:18:08.990+0800][gc,stats    ]      Memory: Defragment                                        0 / 0                 0 / 0                 0 / 0                 0 / 0           ops/s
[2023-11-16T13:18:08.990+0800][gc,stats    ]      Memory: Out Of Memory                                     0 / 0                 0 / 0                 0 / 0                 0 / 0           ops/s
[2023-11-16T13:18:08.990+0800][gc,stats    ]      Memory: Page Cache Flush                                  0 / 0                 0 / 0                 0 / 0                 0 / 0           MB/s
[2023-11-16T13:18:08.990+0800][gc,stats    ]      Memory: Page Cache Hit L1                                 0 / 0                 0 / 5                 0 / 38                0 / 38          ops/s
[2023-11-16T13:18:08.990+0800][gc,stats    ]      Memory: Page Cache Hit L2                                 0 / 0                 0 / 0                 0 / 0                 0 / 0           ops/s
[2023-11-16T13:18:08.990+0800][gc,stats    ]      Memory: Page Cache Hit L3                                 0 / 1                 0 / 6                 0 / 48                0 / 48          ops/s
[2023-11-16T13:18:08.990+0800][gc,stats    ]      Memory: Page Cache Miss                                   0 / 0                 0 / 0                 0 / 1                 0 / 1           ops/s
[2023-11-16T13:18:08.990+0800][gc,stats    ]      Memory: Uncommit                                          0 / 0                 0 / 0                 0 / 0                 0 / 0           MB/s
[2023-11-16T13:18:08.990+0800][gc,stats    ]      Memory: Undo Object Allocation Failed                     0 / 0                 0 / 0                 0 / 0                 0 / 0           ops/s
[2023-11-16T13:18:08.990+0800][gc,stats    ]      Memory: Undo Object Allocation Succeeded                  0 / 0                 0 / 0                 0 / 0                 0 / 0           ops/s
[2023-11-16T13:18:08.990+0800][gc,stats    ]      Memory: Undo Page Allocation                              0 / 0                 0 / 0                 0 / 0                 0 / 0           ops/s
[2023-11-16T13:18:08.990+0800][gc,stats    ]       Phase: Concurrent Mark                               0.000 / 0.000         0.000 / 0.000        25.401 / 26.782       25.401 / 26.782      ms
[2023-11-16T13:18:08.990+0800][gc,stats    ]       Phase: Concurrent Mark Continue                      0.000 / 0.000         0.000 / 0.000         0.000 / 0.000         0.000 / 0.000       ms
[2023-11-16T13:18:08.990+0800][gc,stats    ]       Phase: Concurrent Mark Free                          0.000 / 0.000         0.000 / 0.000         0.001 / 0.001         0.001 / 0.001       ms
[2023-11-16T13:18:08.990+0800][gc,stats    ]       Phase: Concurrent Process Non-Strong References      0.000 / 0.000         0.000 / 0.000         2.435 / 2.758         2.435 / 2.758       ms
[2023-11-16T13:18:08.990+0800][gc,stats    ]       Phase: Concurrent Relocate                           0.000 / 0.000         0.000 / 0.000         2.928 / 3.220         2.928 / 3.220       ms
[2023-11-16T13:18:08.990+0800][gc,stats    ]       Phase: Concurrent Reset Relocation Set               0.000 / 0.000         0.000 / 0.000         0.003 / 0.006         0.003 / 0.006       ms
[2023-11-16T13:18:08.990+0800][gc,stats    ]       Phase: Concurrent Select Relocation Set              0.000 / 0.000         0.000 / 0.000         5.767 / 9.539         5.767 / 9.539       ms
[2023-11-16T13:18:08.990+0800][gc,stats    ]       Phase: Pause Mark End                                0.000 / 0.000         0.000 / 0.000         0.023 / 0.026         0.023 / 0.026       ms
[2023-11-16T13:18:08.990+0800][gc,stats    ]       Phase: Pause Mark Start                              0.000 / 0.000         0.000 / 0.000         0.010 / 0.014         0.010 / 0.014       ms
[2023-11-16T13:18:08.990+0800][gc,stats    ]       Phase: Pause Relocate Start                          0.000 / 0.000         0.000 / 0.000         0.014 / 0.017         0.014 / 0.017       ms
[2023-11-16T13:18:08.990+0800][gc,stats    ]    Subphase: Concurrent Classes Purge                      0.000 / 0.000         0.000 / 0.000         0.082 / 0.093         0.082 / 0.093       ms
[2023-11-16T13:18:08.990+0800][gc,stats    ]    Subphase: Concurrent Classes Unlink                     0.000 / 0.000         0.000 / 0.000         1.496 / 1.649         1.496 / 1.649       ms
[2023-11-16T13:18:08.990+0800][gc,stats    ]    Subphase: Concurrent Mark                               0.000 / 0.000         0.000 / 0.000        21.597 / 25.992       21.597 / 25.992      ms
[2023-11-16T13:18:08.990+0800][gc,stats    ]    Subphase: Concurrent Mark Try Flush                     0.000 / 0.000         0.000 / 0.000         0.068 / 0.146         0.068 / 0.146       ms
[2023-11-16T13:18:08.990+0800][gc,stats    ]    Subphase: Concurrent Mark Try Terminate                 0.000 / 0.000         0.000 / 0.000         5.693 / 15.474        5.693 / 15.474      ms
[2023-11-16T13:18:08.990+0800][gc,stats    ]    Subphase: Concurrent References Enqueue                 0.000 / 0.000         0.000 / 0.000         0.005 / 0.005         0.005 / 0.005       ms
[2023-11-16T13:18:08.990+0800][gc,stats    ]    Subphase: Concurrent References Process                 0.000 / 0.000         0.000 / 0.000         0.108 / 0.128         0.108 / 0.128       ms
[2023-11-16T13:18:08.990+0800][gc,stats    ]    Subphase: Concurrent Roots ClassLoaderDataGraph         0.000 / 0.000         0.000 / 0.000         0.162 / 0.511         0.162 / 0.511       ms
[2023-11-16T13:18:08.990+0800][gc,stats    ]    Subphase: Concurrent Roots CodeCache                    0.000 / 0.000         0.000 / 0.000         0.000 / 0.000         0.000 / 0.000       ms
[2023-11-16T13:18:08.990+0800][gc,stats    ]    Subphase: Concurrent Roots JavaThreads                  0.000 / 0.000         0.000 / 0.000         0.945 / 1.682         0.945 / 1.682       ms
[2023-11-16T13:18:08.990+0800][gc,stats    ]    Subphase: Concurrent Roots OopStorageSet                0.000 / 0.000         0.000 / 0.000         0.041 / 0.062         0.041 / 0.062       ms
[2023-11-16T13:18:08.990+0800][gc,stats    ]    Subphase: Concurrent Weak Roots OopStorageSet           0.000 / 0.000         0.000 / 0.000         0.514 / 0.770         0.514 / 0.770       ms
[2023-11-16T13:18:08.990+0800][gc,stats    ]    Subphase: Pause Mark Try Complete                       0.000 / 0.000         0.000 / 0.000         0.000 / 0.000         0.000 / 0.000       ms
[2023-11-16T13:18:08.990+0800][gc,stats    ]      System: Java Threads                                      0 / 0                 0 / 0                36 / 51               36 / 51          threads
[2023-11-16T13:18:08.990+0800][gc,stats    ] =========================================================================================================================================================
[2023-11-16T13:18:18.984+0800][gc,stats    ] === Garbage Collection Statistics =======================================================================================================================
[2023-11-16T13:18:18.984+0800][gc,stats    ]                                                              Last 10s              Last 10m              Last 10h                Total
[2023-11-16T13:18:18.984+0800][gc,stats    ]                                                              Avg / Max             Avg / Max             Avg / Max             Avg / Max
[2023-11-16T13:18:18.984+0800][gc,stats    ]   Collector: Garbage Collection Cycle                      0.000 / 0.000         0.000 / 0.000        42.450 / 42.489       42.450 / 42.489      ms
[2023-11-16T13:18:18.984+0800][gc,stats    ]  Contention: Mark Segment Reset Contention                     0 / 0                 0 / 0                 0 / 2                 0 / 2           ops/s
[2023-11-16T13:18:18.984+0800][gc,stats    ]  Contention: Mark SeqNum Reset Contention                      0 / 0                 0 / 0                 0 / 1                 0 / 1           ops/s
[2023-11-16T13:18:18.984+0800][gc,stats    ]    Critical: Allocation Stall                                  0 / 0                 0 / 0                 0 / 0                 0 / 0           ops/s
[2023-11-16T13:18:18.984+0800][gc,stats    ]    Critical: Allocation Stall                              0.000 / 0.000         0.000 / 0.000         0.000 / 0.000         0.000 / 0.000       ms
[2023-11-16T13:18:18.984+0800][gc,stats    ]    Critical: GC Locker Stall                                   0 / 0                 0 / 0                 0 / 0                 0 / 0           ops/s
[2023-11-16T13:18:18.984+0800][gc,stats    ]    Critical: GC Locker Stall                               0.000 / 0.000         0.000 / 0.000         0.000 / 0.000         0.000 / 0.000       ms
[2023-11-16T13:18:18.984+0800][gc,stats    ]    Critical: Relocation Stall                                  0 / 0                 0 / 0                 0 / 0                 0 / 0           ops/s
[2023-11-16T13:18:18.984+0800][gc,stats    ]    Critical: Relocation Stall                              0.000 / 0.000         0.000 / 0.000         0.000 / 0.000         0.000 / 0.000       ms
[2023-11-16T13:18:18.984+0800][gc,stats    ]      Memory: Allocation Rate                                   0 / 0                 0 / 12                0 / 96                0 / 96          MB/s
[2023-11-16T13:18:18.984+0800][gc,stats    ]      Memory: Defragment                                        0 / 0                 0 / 0                 0 / 0                 0 / 0           ops/s
[2023-11-16T13:18:18.984+0800][gc,stats    ]      Memory: Out Of Memory                                     0 / 0                 0 / 0                 0 / 0                 0 / 0           ops/s
[2023-11-16T13:18:18.984+0800][gc,stats    ]      Memory: Page Cache Flush                                  0 / 0                 0 / 0                 0 / 0                 0 / 0           MB/s
[2023-11-16T13:18:18.984+0800][gc,stats    ]      Memory: Page Cache Hit L1                                 0 / 0                 0 / 5                 0 / 38                0 / 38          ops/s
[2023-11-16T13:18:18.984+0800][gc,stats    ]      Memory: Page Cache Hit L2                                 0 / 0                 0 / 0                 0 / 0                 0 / 0           ops/s
[2023-11-16T13:18:18.984+0800][gc,stats    ]      Memory: Page Cache Hit L3                                 0 / 0                 0 / 6                 0 / 48                0 / 48          ops/s
[2023-11-16T13:18:18.984+0800][gc,stats    ]      Memory: Page Cache Miss                                   0 / 0                 0 / 0                 0 / 1                 0 / 1           ops/s
[2023-11-16T13:18:18.984+0800][gc,stats    ]      Memory: Uncommit                                          0 / 0                 0 / 0                 0 / 0                 0 / 0           MB/s
[2023-11-16T13:18:18.984+0800][gc,stats    ]      Memory: Undo Object Allocation Failed                     0 / 0                 0 / 0                 0 / 0                 0 / 0           ops/s
[2023-11-16T13:18:18.984+0800][gc,stats    ]      Memory: Undo Object Allocation Succeeded                  0 / 0                 0 / 0                 0 / 0                 0 / 0           ops/s
[2023-11-16T13:18:18.984+0800][gc,stats    ]      Memory: Undo Page Allocation                              0 / 0                 0 / 0                 0 / 0                 0 / 0           ops/s
[2023-11-16T13:18:18.984+0800][gc,stats    ]       Phase: Concurrent Mark                               0.000 / 0.000         0.000 / 0.000        25.401 / 26.782       25.401 / 26.782      ms
[2023-11-16T13:18:18.984+0800][gc,stats    ]       Phase: Concurrent Mark Continue                      0.000 / 0.000         0.000 / 0.000         0.000 / 0.000         0.000 / 0.000       ms
[2023-11-16T13:18:18.984+0800][gc,stats    ]       Phase: Concurrent Mark Free                          0.000 / 0.000         0.000 / 0.000         0.001 / 0.001         0.001 / 0.001       ms
[2023-11-16T13:18:18.984+0800][gc,stats    ]       Phase: Concurrent Process Non-Strong References      0.000 / 0.000         0.000 / 0.000         2.435 / 2.758         2.435 / 2.758       ms
[2023-11-16T13:18:18.984+0800][gc,stats    ]       Phase: Concurrent Relocate                           0.000 / 0.000         0.000 / 0.000         2.928 / 3.220         2.928 / 3.220       ms
[2023-11-16T13:18:18.984+0800][gc,stats    ]       Phase: Concurrent Reset Relocation Set               0.000 / 0.000         0.000 / 0.000         0.003 / 0.006         0.003 / 0.006       ms
[2023-11-16T13:18:18.984+0800][gc,stats    ]       Phase: Concurrent Select Relocation Set              0.000 / 0.000         0.000 / 0.000         5.767 / 9.539         5.767 / 9.539       ms
[2023-11-16T13:18:18.984+0800][gc,stats    ]       Phase: Pause Mark End                                0.000 / 0.000         0.000 / 0.000         0.023 / 0.026         0.023 / 0.026       ms
[2023-11-16T13:18:18.984+0800][gc,stats    ]       Phase: Pause Mark Start                              0.000 / 0.000         0.000 / 0.000         0.010 / 0.014         0.010 / 0.014       ms
[2023-11-16T13:18:18.984+0800][gc,stats    ]       Phase: Pause Relocate Start                          0.000 / 0.000         0.000 / 0.000         0.014 / 0.017         0.014 / 0.017       ms
[2023-11-16T13:18:18.984+0800][gc,stats    ]    Subphase: Concurrent Classes Purge                      0.000 / 0.000         0.000 / 0.000         0.082 / 0.093         0.082 / 0.093       ms
[2023-11-16T13:18:18.984+0800][gc,stats    ]    Subphase: Concurrent Classes Unlink                     0.000 / 0.000         0.000 / 0.000         1.496 / 1.649         1.496 / 1.649       ms
[2023-11-16T13:18:18.984+0800][gc,stats    ]    Subphase: Concurrent Mark                               0.000 / 0.000         0.000 / 0.000        21.597 / 25.992       21.597 / 25.992      ms
[2023-11-16T13:18:18.984+0800][gc,stats    ]    Subphase: Concurrent Mark Try Flush                     0.000 / 0.000         0.000 / 0.000         0.068 / 0.146         0.068 / 0.146       ms
[2023-11-16T13:18:18.984+0800][gc,stats    ]    Subphase: Concurrent Mark Try Terminate                 0.000 / 0.000         0.000 / 0.000         5.693 / 15.474        5.693 / 15.474      ms
[2023-11-16T13:18:18.984+0800][gc,stats    ]    Subphase: Concurrent References Enqueue                 0.000 / 0.000         0.000 / 0.000         0.005 / 0.005         0.005 / 0.005       ms
[2023-11-16T13:18:18.984+0800][gc,stats    ]    Subphase: Concurrent References Process                 0.000 / 0.000         0.000 / 0.000         0.108 / 0.128         0.108 / 0.128       ms
[2023-11-16T13:18:18.984+0800][gc,stats    ]    Subphase: Concurrent Roots ClassLoaderDataGraph         0.000 / 0.000         0.000 / 0.000         0.162 / 0.511         0.162 / 0.511       ms
[2023-11-16T13:18:18.984+0800][gc,stats    ]    Subphase: Concurrent Roots CodeCache                    0.000 / 0.000         0.000 / 0.000         0.000 / 0.000         0.000 / 0.000       ms
[2023-11-16T13:18:18.984+0800][gc,stats    ]    Subphase: Concurrent Roots JavaThreads                  0.000 / 0.000         0.000 / 0.000         0.945 / 1.682         0.945 / 1.682       ms
[2023-11-16T13:18:18.984+0800][gc,stats    ]    Subphase: Concurrent Roots OopStorageSet                0.000 / 0.000         0.000 / 0.000         0.041 / 0.062         0.041 / 0.062       ms
[2023-11-16T13:18:18.984+0800][gc,stats    ]    Subphase: Concurrent Weak Roots OopStorageSet           0.000 / 0.000         0.000 / 0.000         0.514 / 0.770         0.514 / 0.770       ms
[2023-11-16T13:18:18.984+0800][gc,stats    ]    Subphase: Pause Mark Try Complete                       0.000 / 0.000         0.000 / 0.000         0.000 / 0.000         0.000 / 0.000       ms
[2023-11-16T13:18:18.984+0800][gc,stats    ]      System: Java Threads                                      0 / 0                 0 / 0                36 / 51               36 / 51          threads
[2023-11-16T13:18:18.984+0800][gc,stats    ] =========================================================================================================================================================
[2023-11-16T13:18:28.983+0800][gc,stats    ] === Garbage Collection Statistics =======================================================================================================================
[2023-11-16T13:18:28.983+0800][gc,stats    ]                                                              Last 10s              Last 10m              Last 10h                Total
[2023-11-16T13:18:28.983+0800][gc,stats    ]                                                              Avg / Max             Avg / Max             Avg / Max             Avg / Max
[2023-11-16T13:18:28.983+0800][gc,stats    ]   Collector: Garbage Collection Cycle                      0.000 / 0.000         0.000 / 0.000        42.450 / 42.489       42.450 / 42.489      ms
[2023-11-16T13:18:28.983+0800][gc,stats    ]  Contention: Mark Segment Reset Contention                     0 / 0                 0 / 0                 0 / 2                 0 / 2           ops/s
[2023-11-16T13:18:28.983+0800][gc,stats    ]  Contention: Mark SeqNum Reset Contention                      0 / 0                 0 / 0                 0 / 1                 0 / 1           ops/s
[2023-11-16T13:18:28.983+0800][gc,stats    ]    Critical: Allocation Stall                                  0 / 0                 0 / 0                 0 / 0                 0 / 0           ops/s
[2023-11-16T13:18:28.983+0800][gc,stats    ]    Critical: Allocation Stall                              0.000 / 0.000         0.000 / 0.000         0.000 / 0.000         0.000 / 0.000       ms
[2023-11-16T13:18:28.983+0800][gc,stats    ]    Critical: GC Locker Stall                                   0 / 0                 0 / 0                 0 / 0                 0 / 0           ops/s
[2023-11-16T13:18:28.983+0800][gc,stats    ]    Critical: GC Locker Stall                               0.000 / 0.000         0.000 / 0.000         0.000 / 0.000         0.000 / 0.000       ms
[2023-11-16T13:18:28.983+0800][gc,stats    ]    Critical: Relocation Stall                                  0 / 0                 0 / 0                 0 / 0                 0 / 0           ops/s
[2023-11-16T13:18:28.983+0800][gc,stats    ]    Critical: Relocation Stall                              0.000 / 0.000         0.000 / 0.000         0.000 / 0.000         0.000 / 0.000       ms
[2023-11-16T13:18:28.983+0800][gc,stats    ]      Memory: Allocation Rate                                   0 / 0                 0 / 12                0 / 96                0 / 96          MB/s
[2023-11-16T13:18:28.983+0800][gc,stats    ]      Memory: Defragment                                        0 / 0                 0 / 0                 0 / 0                 0 / 0           ops/s
[2023-11-16T13:18:28.983+0800][gc,stats    ]      Memory: Out Of Memory                                     0 / 0                 0 / 0                 0 / 0                 0 / 0           ops/s
[2023-11-16T13:18:28.983+0800][gc,stats    ]      Memory: Page Cache Flush                                  0 / 0                 0 / 0                 0 / 0                 0 / 0           MB/s
[2023-11-16T13:18:28.983+0800][gc,stats    ]      Memory: Page Cache Hit L1                                 0 / 0                 0 / 5                 0 / 38                0 / 38          ops/s
[2023-11-16T13:18:28.983+0800][gc,stats    ]      Memory: Page Cache Hit L2                                 0 / 0                 0 / 0                 0 / 0                 0 / 0           ops/s
[2023-11-16T13:18:28.983+0800][gc,stats    ]      Memory: Page Cache Hit L3                                 0 / 0                 0 / 6                 0 / 48                0 / 48          ops/s
[2023-11-16T13:18:28.983+0800][gc,stats    ]      Memory: Page Cache Miss                                   0 / 0                 0 / 0                 0 / 1                 0 / 1           ops/s
[2023-11-16T13:18:28.983+0800][gc,stats    ]      Memory: Uncommit                                          0 / 0                 0 / 0                 0 / 0                 0 / 0           MB/s
[2023-11-16T13:18:28.983+0800][gc,stats    ]      Memory: Undo Object Allocation Failed                     0 / 0                 0 / 0                 0 / 0                 0 / 0           ops/s
[2023-11-16T13:18:28.983+0800][gc,stats    ]      Memory: Undo Object Allocation Succeeded                  0 / 0                 0 / 0                 0 / 0                 0 / 0           ops/s
[2023-11-16T13:18:28.983+0800][gc,stats    ]      Memory: Undo Page Allocation                              0 / 0                 0 / 0                 0 / 0                 0 / 0           ops/s
[2023-11-16T13:18:28.983+0800][gc,stats    ]       Phase: Concurrent Mark                               0.000 / 0.000         0.000 / 0.000        25.401 / 26.782       25.401 / 26.782      ms
[2023-11-16T13:18:28.983+0800][gc,stats    ]       Phase: Concurrent Mark Continue                      0.000 / 0.000         0.000 / 0.000         0.000 / 0.000         0.000 / 0.000       ms
[2023-11-16T13:18:28.983+0800][gc,stats    ]       Phase: Concurrent Mark Free                          0.000 / 0.000         0.000 / 0.000         0.001 / 0.001         0.001 / 0.001       ms
[2023-11-16T13:18:28.983+0800][gc,stats    ]       Phase: Concurrent Process Non-Strong References      0.000 / 0.000         0.000 / 0.000         2.435 / 2.758         2.435 / 2.758       ms
[2023-11-16T13:18:28.983+0800][gc,stats    ]       Phase: Concurrent Relocate                           0.000 / 0.000         0.000 / 0.000         2.928 / 3.220         2.928 / 3.220       ms
[2023-11-16T13:18:28.983+0800][gc,stats    ]       Phase: Concurrent Reset Relocation Set               0.000 / 0.000         0.000 / 0.000         0.003 / 0.006         0.003 / 0.006       ms
[2023-11-16T13:18:28.983+0800][gc,stats    ]       Phase: Concurrent Select Relocation Set              0.000 / 0.000         0.000 / 0.000         5.767 / 9.539         5.767 / 9.539       ms
[2023-11-16T13:18:28.983+0800][gc,stats    ]       Phase: Pause Mark End                                0.000 / 0.000         0.000 / 0.000         0.023 / 0.026         0.023 / 0.026       ms
[2023-11-16T13:18:28.983+0800][gc,stats    ]       Phase: Pause Mark Start                              0.000 / 0.000         0.000 / 0.000         0.010 / 0.014         0.010 / 0.014       ms
[2023-11-16T13:18:28.983+0800][gc,stats    ]       Phase: Pause Relocate Start                          0.000 / 0.000         0.000 / 0.000         0.014 / 0.017         0.014 / 0.017       ms
[2023-11-16T13:18:28.983+0800][gc,stats    ]    Subphase: Concurrent Classes Purge                      0.000 / 0.000         0.000 / 0.000         0.082 / 0.093         0.082 / 0.093       ms
[2023-11-16T13:18:28.983+0800][gc,stats    ]    Subphase: Concurrent Classes Unlink                     0.000 / 0.000         0.000 / 0.000         1.496 / 1.649         1.496 / 1.649       ms
[2023-11-16T13:18:28.983+0800][gc,stats    ]    Subphase: Concurrent Mark                               0.000 / 0.000         0.000 / 0.000        21.597 / 25.992       21.597 / 25.992      ms
[2023-11-16T13:18:28.983+0800][gc,stats    ]    Subphase: Concurrent Mark Try Flush                     0.000 / 0.000         0.000 / 0.000         0.068 / 0.146         0.068 / 0.146       ms
[2023-11-16T13:18:28.983+0800][gc,stats    ]    Subphase: Concurrent Mark Try Terminate                 0.000 / 0.000         0.000 / 0.000         5.693 / 15.474        5.693 / 15.474      ms
[2023-11-16T13:18:28.983+0800][gc,stats    ]    Subphase: Concurrent References Enqueue                 0.000 / 0.000         0.000 / 0.000         0.005 / 0.005         0.005 / 0.005       ms
[2023-11-16T13:18:28.983+0800][gc,stats    ]    Subphase: Concurrent References Process                 0.000 / 0.000         0.000 / 0.000         0.108 / 0.128         0.108 / 0.128       ms
[2023-11-16T13:18:28.983+0800][gc,stats    ]    Subphase: Concurrent Roots ClassLoaderDataGraph         0.000 / 0.000         0.000 / 0.000         0.162 / 0.511         0.162 / 0.511       ms
[2023-11-16T13:18:28.983+0800][gc,stats    ]    Subphase: Concurrent Roots CodeCache                    0.000 / 0.000         0.000 / 0.000         0.000 / 0.000         0.000 / 0.000       ms
[2023-11-16T13:18:28.983+0800][gc,stats    ]    Subphase: Concurrent Roots JavaThreads                  0.000 / 0.000         0.000 / 0.000         0.945 / 1.682         0.945 / 1.682       ms
[2023-11-16T13:18:28.983+0800][gc,stats    ]    Subphase: Concurrent Roots OopStorageSet                0.000 / 0.000         0.000 / 0.000         0.041 / 0.062         0.041 / 0.062       ms
[2023-11-16T13:18:28.983+0800][gc,stats    ]    Subphase: Concurrent Weak Roots OopStorageSet           0.000 / 0.000         0.000 / 0.000         0.514 / 0.770         0.514 / 0.770       ms
[2023-11-16T13:18:28.983+0800][gc,stats    ]    Subphase: Pause Mark Try Complete                       0.000 / 0.000         0.000 / 0.000         0.000 / 0.000         0.000 / 0.000       ms
[2023-11-16T13:18:28.983+0800][gc,stats    ]      System: Java Threads                                      0 / 0                 0 / 0                36 / 51               36 / 51          threads
[2023-11-16T13:18:28.983+0800][gc,stats    ] =========================================================================================================================================================
[2023-11-16T13:18:38.983+0800][gc,stats    ] === Garbage Collection Statistics =======================================================================================================================
[2023-11-16T13:18:38.983+0800][gc,stats    ]                                                              Last 10s              Last 10m              Last 10h                Total
[2023-11-16T13:18:38.983+0800][gc,stats    ]                                                              Avg / Max             Avg / Max             Avg / Max             Avg / Max
[2023-11-16T13:18:38.983+0800][gc,stats    ]   Collector: Garbage Collection Cycle                      0.000 / 0.000         0.000 / 0.000        42.450 / 42.489       42.450 / 42.489      ms
[2023-11-16T13:18:38.983+0800][gc,stats    ]  Contention: Mark Segment Reset Contention                     0 / 0                 0 / 0                 0 / 2                 0 / 2           ops/s
[2023-11-16T13:18:38.983+0800][gc,stats    ]  Contention: Mark SeqNum Reset Contention                      0 / 0                 0 / 0                 0 / 1                 0 / 1           ops/s
[2023-11-16T13:18:38.983+0800][gc,stats    ]    Critical: Allocation Stall                                  0 / 0                 0 / 0                 0 / 0                 0 / 0           ops/s
[2023-11-16T13:18:38.983+0800][gc,stats    ]    Critical: Allocation Stall                              0.000 / 0.000         0.000 / 0.000         0.000 / 0.000         0.000 / 0.000       ms
[2023-11-16T13:18:38.983+0800][gc,stats    ]    Critical: GC Locker Stall                                   0 / 0                 0 / 0                 0 / 0                 0 / 0           ops/s
[2023-11-16T13:18:38.983+0800][gc,stats    ]    Critical: GC Locker Stall                               0.000 / 0.000         0.000 / 0.000         0.000 / 0.000         0.000 / 0.000       ms
[2023-11-16T13:18:38.983+0800][gc,stats    ]    Critical: Relocation Stall                                  0 / 0                 0 / 0                 0 / 0                 0 / 0           ops/s
[2023-11-16T13:18:38.983+0800][gc,stats    ]    Critical: Relocation Stall                              0.000 / 0.000         0.000 / 0.000         0.000 / 0.000         0.000 / 0.000       ms
[2023-11-16T13:18:38.983+0800][gc,stats    ]      Memory: Allocation Rate                                   0 / 2                 0 / 12                0 / 96                0 / 96          MB/s
[2023-11-16T13:18:38.983+0800][gc,stats    ]      Memory: Defragment                                        0 / 0                 0 / 0                 0 / 0                 0 / 0           ops/s
[2023-11-16T13:18:38.983+0800][gc,stats    ]      Memory: Out Of Memory                                     0 / 0                 0 / 0                 0 / 0                 0 / 0           ops/s
[2023-11-16T13:18:38.983+0800][gc,stats    ]      Memory: Page Cache Flush                                  0 / 0                 0 / 0                 0 / 0                 0 / 0           MB/s
[2023-11-16T13:18:38.983+0800][gc,stats    ]      Memory: Page Cache Hit L1                                 0 / 0                 0 / 5                 0 / 38                0 / 38          ops/s
[2023-11-16T13:18:38.983+0800][gc,stats    ]      Memory: Page Cache Hit L2                                 0 / 0                 0 / 0                 0 / 0                 0 / 0           ops/s
[2023-11-16T13:18:38.983+0800][gc,stats    ]      Memory: Page Cache Hit L3                                 0 / 1                 0 / 6                 0 / 48                0 / 48          ops/s
[2023-11-16T13:18:38.983+0800][gc,stats    ]      Memory: Page Cache Miss                                   0 / 0                 0 / 0                 0 / 1                 0 / 1           ops/s
[2023-11-16T13:18:38.983+0800][gc,stats    ]      Memory: Uncommit                                          0 / 0                 0 / 0                 0 / 0                 0 / 0           MB/s
[2023-11-16T13:18:38.983+0800][gc,stats    ]      Memory: Undo Object Allocation Failed                     0 / 0                 0 / 0                 0 / 0                 0 / 0           ops/s
[2023-11-16T13:18:38.983+0800][gc,stats    ]      Memory: Undo Object Allocation Succeeded                  0 / 0                 0 / 0                 0 / 0                 0 / 0           ops/s
[2023-11-16T13:18:38.983+0800][gc,stats    ]      Memory: Undo Page Allocation                              0 / 0                 0 / 0                 0 / 0                 0 / 0           ops/s
[2023-11-16T13:18:38.983+0800][gc,stats    ]       Phase: Concurrent Mark                               0.000 / 0.000         0.000 / 0.000        25.401 / 26.782       25.401 / 26.782      ms
[2023-11-16T13:18:38.983+0800][gc,stats    ]       Phase: Concurrent Mark Continue                      0.000 / 0.000         0.000 / 0.000         0.000 / 0.000         0.000 / 0.000       ms
[2023-11-16T13:18:38.983+0800][gc,stats    ]       Phase: Concurrent Mark Free                          0.000 / 0.000         0.000 / 0.000         0.001 / 0.001         0.001 / 0.001       ms
[2023-11-16T13:18:38.983+0800][gc,stats    ]       Phase: Concurrent Process Non-Strong References      0.000 / 0.000         0.000 / 0.000         2.435 / 2.758         2.435 / 2.758       ms
[2023-11-16T13:18:38.983+0800][gc,stats    ]       Phase: Concurrent Relocate                           0.000 / 0.000         0.000 / 0.000         2.928 / 3.220         2.928 / 3.220       ms
[2023-11-16T13:18:38.983+0800][gc,stats    ]       Phase: Concurrent Reset Relocation Set               0.000 / 0.000         0.000 / 0.000         0.003 / 0.006         0.003 / 0.006       ms
[2023-11-16T13:18:38.983+0800][gc,stats    ]       Phase: Concurrent Select Relocation Set              0.000 / 0.000         0.000 / 0.000         5.767 / 9.539         5.767 / 9.539       ms
[2023-11-16T13:18:38.983+0800][gc,stats    ]       Phase: Pause Mark End                                0.000 / 0.000         0.000 / 0.000         0.023 / 0.026         0.023 / 0.026       ms
[2023-11-16T13:18:38.983+0800][gc,stats    ]       Phase: Pause Mark Start                              0.000 / 0.000         0.000 / 0.000         0.010 / 0.014         0.010 / 0.014       ms
[2023-11-16T13:18:38.983+0800][gc,stats    ]       Phase: Pause Relocate Start                          0.000 / 0.000         0.000 / 0.000         0.014 / 0.017         0.014 / 0.017       ms
[2023-11-16T13:18:38.983+0800][gc,stats    ]    Subphase: Concurrent Classes Purge                      0.000 / 0.000         0.000 / 0.000         0.082 / 0.093         0.082 / 0.093       ms
[2023-11-16T13:18:38.983+0800][gc,stats    ]    Subphase: Concurrent Classes Unlink                     0.000 / 0.000         0.000 / 0.000         1.496 / 1.649         1.496 / 1.649       ms
[2023-11-16T13:18:38.983+0800][gc,stats    ]    Subphase: Concurrent Mark                               0.000 / 0.000         0.000 / 0.000        21.597 / 25.992       21.597 / 25.992      ms
[2023-11-16T13:18:38.983+0800][gc,stats    ]    Subphase: Concurrent Mark Try Flush                     0.000 / 0.000         0.000 / 0.000         0.068 / 0.146         0.068 / 0.146       ms
[2023-11-16T13:18:38.983+0800][gc,stats    ]    Subphase: Concurrent Mark Try Terminate                 0.000 / 0.000         0.000 / 0.000         5.693 / 15.474        5.693 / 15.474      ms
[2023-11-16T13:18:38.983+0800][gc,stats    ]    Subphase: Concurrent References Enqueue                 0.000 / 0.000         0.000 / 0.000         0.005 / 0.005         0.005 / 0.005       ms
[2023-11-16T13:18:38.983+0800][gc,stats    ]    Subphase: Concurrent References Process                 0.000 / 0.000         0.000 / 0.000         0.108 / 0.128         0.108 / 0.128       ms
[2023-11-16T13:18:38.983+0800][gc,stats    ]    Subphase: Concurrent Roots ClassLoaderDataGraph         0.000 / 0.000         0.000 / 0.000         0.162 / 0.511         0.162 / 0.511       ms
[2023-11-16T13:18:38.983+0800][gc,stats    ]    Subphase: Concurrent Roots CodeCache                    0.000 / 0.000         0.000 / 0.000         0.000 / 0.000         0.000 / 0.000       ms
[2023-11-16T13:18:38.983+0800][gc,stats    ]    Subphase: Concurrent Roots JavaThreads                  0.000 / 0.000         0.000 / 0.000         0.945 / 1.682         0.945 / 1.682       ms
[2023-11-16T13:18:38.983+0800][gc,stats    ]    Subphase: Concurrent Roots OopStorageSet                0.000 / 0.000         0.000 / 0.000         0.041 / 0.062         0.041 / 0.062       ms
[2023-11-16T13:18:38.983+0800][gc,stats    ]    Subphase: Concurrent Weak Roots OopStorageSet           0.000 / 0.000         0.000 / 0.000         0.514 / 0.770         0.514 / 0.770       ms
[2023-11-16T13:18:38.983+0800][gc,stats    ]    Subphase: Pause Mark Try Complete                       0.000 / 0.000         0.000 / 0.000         0.000 / 0.000         0.000 / 0.000       ms
[2023-11-16T13:18:38.983+0800][gc,stats    ]      System: Java Threads                                      0 / 0                 0 / 0                36 / 51               36 / 51          threads
[2023-11-16T13:18:38.983+0800][gc,stats    ] =========================================================================================================================================================
[2023-11-16T13:18:48.988+0800][gc,stats    ] === Garbage Collection Statistics =======================================================================================================================
[2023-11-16T13:18:48.988+0800][gc,stats    ]                                                              Last 10s              Last 10m              Last 10h                Total
[2023-11-16T13:18:48.988+0800][gc,stats    ]                                                              Avg / Max             Avg / Max             Avg / Max             Avg / Max
[2023-11-16T13:18:48.988+0800][gc,stats    ]   Collector: Garbage Collection Cycle                      0.000 / 0.000         0.000 / 0.000        42.450 / 42.489       42.450 / 42.489      ms
[2023-11-16T13:18:48.988+0800][gc,stats    ]  Contention: Mark Segment Reset Contention                     0 / 0                 0 / 0                 0 / 2                 0 / 2           ops/s
[2023-11-16T13:18:48.988+0800][gc,stats    ]  Contention: Mark SeqNum Reset Contention                      0 / 0                 0 / 0                 0 / 1                 0 / 1           ops/s
[2023-11-16T13:18:48.988+0800][gc,stats    ]    Critical: Allocation Stall                                  0 / 0                 0 / 0                 0 / 0                 0 / 0           ops/s
[2023-11-16T13:18:48.988+0800][gc,stats    ]    Critical: Allocation Stall                              0.000 / 0.000         0.000 / 0.000         0.000 / 0.000         0.000 / 0.000       ms
[2023-11-16T13:18:48.988+0800][gc,stats    ]    Critical: GC Locker Stall                                   0 / 0                 0 / 0                 0 / 0                 0 / 0           ops/s
[2023-11-16T13:18:48.988+0800][gc,stats    ]    Critical: GC Locker Stall                               0.000 / 0.000         0.000 / 0.000         0.000 / 0.000         0.000 / 0.000       ms
[2023-11-16T13:18:48.988+0800][gc,stats    ]    Critical: Relocation Stall                                  0 / 0                 0 / 0                 0 / 0                 0 / 0           ops/s
[2023-11-16T13:18:48.988+0800][gc,stats    ]    Critical: Relocation Stall                              0.000 / 0.000         0.000 / 0.000         0.000 / 0.000         0.000 / 0.000       ms
[2023-11-16T13:18:48.988+0800][gc,stats    ]      Memory: Allocation Rate                                   0 / 0                 0 / 12                0 / 96                0 / 96          MB/s
[2023-11-16T13:18:48.988+0800][gc,stats    ]      Memory: Defragment                                        0 / 0                 0 / 0                 0 / 0                 0 / 0           ops/s
[2023-11-16T13:18:48.988+0800][gc,stats    ]      Memory: Out Of Memory                                     0 / 0                 0 / 0                 0 / 0                 0 / 0           ops/s
[2023-11-16T13:18:48.988+0800][gc,stats    ]      Memory: Page Cache Flush                                  0 / 0                 0 / 0                 0 / 0                 0 / 0           MB/s
[2023-11-16T13:18:48.988+0800][gc,stats    ]      Memory: Page Cache Hit L1                                 0 / 0                 0 / 5                 0 / 38                0 / 38          ops/s
[2023-11-16T13:18:48.988+0800][gc,stats    ]      Memory: Page Cache Hit L2                                 0 / 0                 0 / 0                 0 / 0                 0 / 0           ops/s
[2023-11-16T13:18:48.988+0800][gc,stats    ]      Memory: Page Cache Hit L3                                 0 / 0                 0 / 6                 0 / 48                0 / 48          ops/s
[2023-11-16T13:18:48.988+0800][gc,stats    ]      Memory: Page Cache Miss                                   0 / 0                 0 / 0                 0 / 1                 0 / 1           ops/s
[2023-11-16T13:18:48.988+0800][gc,stats    ]      Memory: Uncommit                                          0 / 0                 0 / 0                 0 / 0                 0 / 0           MB/s
[2023-11-16T13:18:48.988+0800][gc,stats    ]      Memory: Undo Object Allocation Failed                     0 / 0                 0 / 0                 0 / 0                 0 / 0           ops/s
[2023-11-16T13:18:48.988+0800][gc,stats    ]      Memory: Undo Object Allocation Succeeded                  0 / 0                 0 / 0                 0 / 0                 0 / 0           ops/s
[2023-11-16T13:18:48.988+0800][gc,stats    ]      Memory: Undo Page Allocation                              0 / 0                 0 / 0                 0 / 0                 0 / 0           ops/s
[2023-11-16T13:18:48.988+0800][gc,stats    ]       Phase: Concurrent Mark                               0.000 / 0.000         0.000 / 0.000        25.401 / 26.782       25.401 / 26.782      ms
[2023-11-16T13:18:48.988+0800][gc,stats    ]       Phase: Concurrent Mark Continue                      0.000 / 0.000         0.000 / 0.000         0.000 / 0.000         0.000 / 0.000       ms
[2023-11-16T13:18:48.988+0800][gc,stats    ]       Phase: Concurrent Mark Free                          0.000 / 0.000         0.000 / 0.000         0.001 / 0.001         0.001 / 0.001       ms
[2023-11-16T13:18:48.988+0800][gc,stats    ]       Phase: Concurrent Process Non-Strong References      0.000 / 0.000         0.000 / 0.000         2.435 / 2.758         2.435 / 2.758       ms
[2023-11-16T13:18:48.988+0800][gc,stats    ]       Phase: Concurrent Relocate                           0.000 / 0.000         0.000 / 0.000         2.928 / 3.220         2.928 / 3.220       ms
[2023-11-16T13:18:48.988+0800][gc,stats    ]       Phase: Concurrent Reset Relocation Set               0.000 / 0.000         0.000 / 0.000         0.003 / 0.006         0.003 / 0.006       ms
[2023-11-16T13:18:48.988+0800][gc,stats    ]       Phase: Concurrent Select Relocation Set              0.000 / 0.000         0.000 / 0.000         5.767 / 9.539         5.767 / 9.539       ms
[2023-11-16T13:18:48.988+0800][gc,stats    ]       Phase: Pause Mark End                                0.000 / 0.000         0.000 / 0.000         0.023 / 0.026         0.023 / 0.026       ms
[2023-11-16T13:18:48.988+0800][gc,stats    ]       Phase: Pause Mark Start                              0.000 / 0.000         0.000 / 0.000         0.010 / 0.014         0.010 / 0.014       ms
[2023-11-16T13:18:48.988+0800][gc,stats    ]       Phase: Pause Relocate Start                          0.000 / 0.000         0.000 / 0.000         0.014 / 0.017         0.014 / 0.017       ms
[2023-11-16T13:18:48.988+0800][gc,stats    ]    Subphase: Concurrent Classes Purge                      0.000 / 0.000         0.000 / 0.000         0.082 / 0.093         0.082 / 0.093       ms
[2023-11-16T13:18:48.988+0800][gc,stats    ]    Subphase: Concurrent Classes Unlink                     0.000 / 0.000         0.000 / 0.000         1.496 / 1.649         1.496 / 1.649       ms
[2023-11-16T13:18:48.988+0800][gc,stats    ]    Subphase: Concurrent Mark                               0.000 / 0.000         0.000 / 0.000        21.597 / 25.992       21.597 / 25.992      ms
[2023-11-16T13:18:48.988+0800][gc,stats    ]    Subphase: Concurrent Mark Try Flush                     0.000 / 0.000         0.000 / 0.000         0.068 / 0.146         0.068 / 0.146       ms
[2023-11-16T13:18:48.988+0800][gc,stats    ]    Subphase: Concurrent Mark Try Terminate                 0.000 / 0.000         0.000 / 0.000         5.693 / 15.474        5.693 / 15.474      ms
[2023-11-16T13:18:48.988+0800][gc,stats    ]    Subphase: Concurrent References Enqueue                 0.000 / 0.000         0.000 / 0.000         0.005 / 0.005         0.005 / 0.005       ms
[2023-11-16T13:18:48.988+0800][gc,stats    ]    Subphase: Concurrent References Process                 0.000 / 0.000         0.000 / 0.000         0.108 / 0.128         0.108 / 0.128       ms
[2023-11-16T13:18:48.988+0800][gc,stats    ]    Subphase: Concurrent Roots ClassLoaderDataGraph         0.000 / 0.000         0.000 / 0.000         0.162 / 0.511         0.162 / 0.511       ms
[2023-11-16T13:18:48.988+0800][gc,stats    ]    Subphase: Concurrent Roots CodeCache                    0.000 / 0.000         0.000 / 0.000         0.000 / 0.000         0.000 / 0.000       ms
[2023-11-16T13:18:48.988+0800][gc,stats    ]    Subphase: Concurrent Roots JavaThreads                  0.000 / 0.000         0.000 / 0.000         0.945 / 1.682         0.945 / 1.682       ms
[2023-11-16T13:18:48.988+0800][gc,stats    ]    Subphase: Concurrent Roots OopStorageSet                0.000 / 0.000         0.000 / 0.000         0.041 / 0.062         0.041 / 0.062       ms
[2023-11-16T13:18:48.988+0800][gc,stats    ]    Subphase: Concurrent Weak Roots OopStorageSet           0.000 / 0.000         0.000 / 0.000         0.514 / 0.770         0.514 / 0.770       ms
[2023-11-16T13:18:48.988+0800][gc,stats    ]    Subphase: Pause Mark Try Complete                       0.000 / 0.000         0.000 / 0.000         0.000 / 0.000         0.000 / 0.000       ms
[2023-11-16T13:18:48.988+0800][gc,stats    ]      System: Java Threads                                      0 / 0                 0 / 0                36 / 51               36 / 51          threads
[2023-11-16T13:18:48.988+0800][gc,stats    ] =========================================================================================================================================================
[2023-11-16T13:18:58.984+0800][gc,stats    ] === Garbage Collection Statistics =======================================================================================================================
[2023-11-16T13:18:58.984+0800][gc,stats    ]                                                              Last 10s              Last 10m              Last 10h                Total
[2023-11-16T13:18:58.984+0800][gc,stats    ]                                                              Avg / Max             Avg / Max             Avg / Max             Avg / Max
[2023-11-16T13:18:58.984+0800][gc,stats    ]   Collector: Garbage Collection Cycle                      0.000 / 0.000         0.000 / 0.000        42.450 / 42.489       42.450 / 42.489      ms
[2023-11-16T13:18:58.984+0800][gc,stats    ]  Contention: Mark Segment Reset Contention                     0 / 0                 0 / 0                 0 / 2                 0 / 2           ops/s
[2023-11-16T13:18:58.984+0800][gc,stats    ]  Contention: Mark SeqNum Reset Contention                      0 / 0                 0 / 0                 0 / 1                 0 / 1           ops/s
[2023-11-16T13:18:58.984+0800][gc,stats    ]    Critical: Allocation Stall                                  0 / 0                 0 / 0                 0 / 0                 0 / 0           ops/s
[2023-11-16T13:18:58.984+0800][gc,stats    ]    Critical: Allocation Stall                              0.000 / 0.000         0.000 / 0.000         0.000 / 0.000         0.000 / 0.000       ms
[2023-11-16T13:18:58.984+0800][gc,stats    ]    Critical: GC Locker Stall                                   0 / 0                 0 / 0                 0 / 0                 0 / 0           ops/s
[2023-11-16T13:18:58.984+0800][gc,stats    ]    Critical: GC Locker Stall                               0.000 / 0.000         0.000 / 0.000         0.000 / 0.000         0.000 / 0.000       ms
[2023-11-16T13:18:58.984+0800][gc,stats    ]    Critical: Relocation Stall                                  0 / 0                 0 / 0                 0 / 0                 0 / 0           ops/s
[2023-11-16T13:18:58.984+0800][gc,stats    ]    Critical: Relocation Stall                              0.000 / 0.000         0.000 / 0.000         0.000 / 0.000         0.000 / 0.000       ms
[2023-11-16T13:18:58.984+0800][gc,stats    ]      Memory: Allocation Rate                                   0 / 0                 0 / 12                0 / 96                0 / 96          MB/s
[2023-11-16T13:18:58.984+0800][gc,stats    ]      Memory: Defragment                                        0 / 0                 0 / 0                 0 / 0                 0 / 0           ops/s
[2023-11-16T13:18:58.984+0800][gc,stats    ]      Memory: Out Of Memory                                     0 / 0                 0 / 0                 0 / 0                 0 / 0           ops/s
[2023-11-16T13:18:58.984+0800][gc,stats    ]      Memory: Page Cache Flush                                  0 / 0                 0 / 0                 0 / 0                 0 / 0           MB/s
[2023-11-16T13:18:58.984+0800][gc,stats    ]      Memory: Page Cache Hit L1                                 0 / 0                 0 / 5                 0 / 38                0 / 38          ops/s
[2023-11-16T13:18:58.984+0800][gc,stats    ]      Memory: Page Cache Hit L2                                 0 / 0                 0 / 0                 0 / 0                 0 / 0           ops/s
[2023-11-16T13:18:58.984+0800][gc,stats    ]      Memory: Page Cache Hit L3                                 0 / 0                 0 / 6                 0 / 48                0 / 48          ops/s
[2023-11-16T13:18:58.984+0800][gc,stats    ]      Memory: Page Cache Miss                                   0 / 0                 0 / 0                 0 / 1                 0 / 1           ops/s
[2023-11-16T13:18:58.984+0800][gc,stats    ]      Memory: Uncommit                                          0 / 0                 0 / 0                 0 / 0                 0 / 0           MB/s
[2023-11-16T13:18:58.984+0800][gc,stats    ]      Memory: Undo Object Allocation Failed                     0 / 0                 0 / 0                 0 / 0                 0 / 0           ops/s
[2023-11-16T13:18:58.984+0800][gc,stats    ]      Memory: Undo Object Allocation Succeeded                  0 / 0                 0 / 0                 0 / 0                 0 / 0           ops/s
[2023-11-16T13:18:58.984+0800][gc,stats    ]      Memory: Undo Page Allocation                              0 / 0                 0 / 0                 0 / 0                 0 / 0           ops/s
[2023-11-16T13:18:58.984+0800][gc,stats    ]       Phase: Concurrent Mark                               0.000 / 0.000         0.000 / 0.000        25.401 / 26.782       25.401 / 26.782      ms
[2023-11-16T13:18:58.984+0800][gc,stats    ]       Phase: Concurrent Mark Continue                      0.000 / 0.000         0.000 / 0.000         0.000 / 0.000         0.000 / 0.000       ms
[2023-11-16T13:18:58.984+0800][gc,stats    ]       Phase: Concurrent Mark Free                          0.000 / 0.000         0.000 / 0.000         0.001 / 0.001         0.001 / 0.001       ms
[2023-11-16T13:18:58.984+0800][gc,stats    ]       Phase: Concurrent Process Non-Strong References      0.000 / 0.000         0.000 / 0.000         2.435 / 2.758         2.435 / 2.758       ms
[2023-11-16T13:18:58.984+0800][gc,stats    ]       Phase: Concurrent Relocate                           0.000 / 0.000         0.000 / 0.000         2.928 / 3.220         2.928 / 3.220       ms
[2023-11-16T13:18:58.984+0800][gc,stats    ]       Phase: Concurrent Reset Relocation Set               0.000 / 0.000         0.000 / 0.000         0.003 / 0.006         0.003 / 0.006       ms
[2023-11-16T13:18:58.984+0800][gc,stats    ]       Phase: Concurrent Select Relocation Set              0.000 / 0.000         0.000 / 0.000         5.767 / 9.539         5.767 / 9.539       ms
[2023-11-16T13:18:58.984+0800][gc,stats    ]       Phase: Pause Mark End                                0.000 / 0.000         0.000 / 0.000         0.023 / 0.026         0.023 / 0.026       ms
[2023-11-16T13:18:58.984+0800][gc,stats    ]       Phase: Pause Mark Start                              0.000 / 0.000         0.000 / 0.000         0.010 / 0.014         0.010 / 0.014       ms
[2023-11-16T13:18:58.984+0800][gc,stats    ]       Phase: Pause Relocate Start                          0.000 / 0.000         0.000 / 0.000         0.014 / 0.017         0.014 / 0.017       ms
[2023-11-16T13:18:58.984+0800][gc,stats    ]    Subphase: Concurrent Classes Purge                      0.000 / 0.000         0.000 / 0.000         0.082 / 0.093         0.082 / 0.093       ms
[2023-11-16T13:18:58.984+0800][gc,stats    ]    Subphase: Concurrent Classes Unlink                     0.000 / 0.000         0.000 / 0.000         1.496 / 1.649         1.496 / 1.649       ms
[2023-11-16T13:18:58.984+0800][gc,stats    ]    Subphase: Concurrent Mark                               0.000 / 0.000         0.000 / 0.000        21.597 / 25.992       21.597 / 25.992      ms
[2023-11-16T13:18:58.984+0800][gc,stats    ]    Subphase: Concurrent Mark Try Flush                     0.000 / 0.000         0.000 / 0.000         0.068 / 0.146         0.068 / 0.146       ms
[2023-11-16T13:18:58.984+0800][gc,stats    ]    Subphase: Concurrent Mark Try Terminate                 0.000 / 0.000         0.000 / 0.000         5.693 / 15.474        5.693 / 15.474      ms
[2023-11-16T13:18:58.984+0800][gc,stats    ]    Subphase: Concurrent References Enqueue                 0.000 / 0.000         0.000 / 0.000         0.005 / 0.005         0.005 / 0.005       ms
[2023-11-16T13:18:58.984+0800][gc,stats    ]    Subphase: Concurrent References Process                 0.000 / 0.000         0.000 / 0.000         0.108 / 0.128         0.108 / 0.128       ms
[2023-11-16T13:18:58.984+0800][gc,stats    ]    Subphase: Concurrent Roots ClassLoaderDataGraph         0.000 / 0.000         0.000 / 0.000         0.162 / 0.511         0.162 / 0.511       ms
[2023-11-16T13:18:58.984+0800][gc,stats    ]    Subphase: Concurrent Roots CodeCache                    0.000 / 0.000         0.000 / 0.000         0.000 / 0.000         0.000 / 0.000       ms
[2023-11-16T13:18:58.984+0800][gc,stats    ]    Subphase: Concurrent Roots JavaThreads                  0.000 / 0.000         0.000 / 0.000         0.945 / 1.682         0.945 / 1.682       ms
[2023-11-16T13:18:58.984+0800][gc,stats    ]    Subphase: Concurrent Roots OopStorageSet                0.000 / 0.000         0.000 / 0.000         0.041 / 0.062         0.041 / 0.062       ms
[2023-11-16T13:18:58.984+0800][gc,stats    ]    Subphase: Concurrent Weak Roots OopStorageSet           0.000 / 0.000         0.000 / 0.000         0.514 / 0.770         0.514 / 0.770       ms
[2023-11-16T13:18:58.984+0800][gc,stats    ]    Subphase: Pause Mark Try Complete                       0.000 / 0.000         0.000 / 0.000         0.000 / 0.000         0.000 / 0.000       ms
[2023-11-16T13:18:58.985+0800][gc,stats    ]      System: Java Threads                                      0 / 0                 0 / 0                36 / 51               36 / 51          threads
[2023-11-16T13:18:58.985+0800][gc,stats    ] =========================================================================================================================================================
[2023-11-16T13:19:08.983+0800][gc,stats    ] === Garbage Collection Statistics =======================================================================================================================
[2023-11-16T13:19:08.983+0800][gc,stats    ]                                                              Last 10s              Last 10m              Last 10h                Total
[2023-11-16T13:19:08.983+0800][gc,stats    ]                                                              Avg / Max             Avg / Max             Avg / Max             Avg / Max
[2023-11-16T13:19:08.983+0800][gc,stats    ]   Collector: Garbage Collection Cycle                      0.000 / 0.000         0.000 / 0.000        42.450 / 42.489       42.450 / 42.489      ms
[2023-11-16T13:19:08.983+0800][gc,stats    ]  Contention: Mark Segment Reset Contention                     0 / 0                 0 / 0                 0 / 2                 0 / 2           ops/s
[2023-11-16T13:19:08.983+0800][gc,stats    ]  Contention: Mark SeqNum Reset Contention                      0 / 0                 0 / 0                 0 / 1                 0 / 1           ops/s
[2023-11-16T13:19:08.983+0800][gc,stats    ]    Critical: Allocation Stall                                  0 / 0                 0 / 0                 0 / 0                 0 / 0           ops/s
[2023-11-16T13:19:08.983+0800][gc,stats    ]    Critical: Allocation Stall                              0.000 / 0.000         0.000 / 0.000         0.000 / 0.000         0.000 / 0.000       ms
[2023-11-16T13:19:08.983+0800][gc,stats    ]    Critical: GC Locker Stall                                   0 / 0                 0 / 0                 0 / 0                 0 / 0           ops/s
[2023-11-16T13:19:08.983+0800][gc,stats    ]    Critical: GC Locker Stall                               0.000 / 0.000         0.000 / 0.000         0.000 / 0.000         0.000 / 0.000       ms
[2023-11-16T13:19:08.983+0800][gc,stats    ]    Critical: Relocation Stall                                  0 / 0                 0 / 0                 0 / 0                 0 / 0           ops/s
[2023-11-16T13:19:08.983+0800][gc,stats    ]    Critical: Relocation Stall                              0.000 / 0.000         0.000 / 0.000         0.000 / 0.000         0.000 / 0.000       ms
[2023-11-16T13:19:08.983+0800][gc,stats    ]      Memory: Allocation Rate                                   0 / 6                 0 / 12                0 / 96                0 / 96          MB/s
[2023-11-16T13:19:08.983+0800][gc,stats    ]      Memory: Defragment                                        0 / 0                 0 / 0                 0 / 0                 0 / 0           ops/s
[2023-11-16T13:19:08.983+0800][gc,stats    ]      Memory: Out Of Memory                                     0 / 0                 0 / 0                 0 / 0                 0 / 0           ops/s
[2023-11-16T13:19:08.983+0800][gc,stats    ]      Memory: Page Cache Flush                                  0 / 0                 0 / 0                 0 / 0                 0 / 0           MB/s
[2023-11-16T13:19:08.983+0800][gc,stats    ]      Memory: Page Cache Hit L1                                 0 / 0                 0 / 5                 0 / 38                0 / 38          ops/s
[2023-11-16T13:19:08.983+0800][gc,stats    ]      Memory: Page Cache Hit L2                                 0 / 0                 0 / 0                 0 / 0                 0 / 0           ops/s
[2023-11-16T13:19:08.983+0800][gc,stats    ]      Memory: Page Cache Hit L3                                 0 / 3                 0 / 6                 0 / 48                0 / 48          ops/s
[2023-11-16T13:19:08.983+0800][gc,stats    ]      Memory: Page Cache Miss                                   0 / 0                 0 / 0                 0 / 1                 0 / 1           ops/s
[2023-11-16T13:19:08.983+0800][gc,stats    ]      Memory: Uncommit                                          0 / 0                 0 / 0                 0 / 0                 0 / 0           MB/s
[2023-11-16T13:19:08.983+0800][gc,stats    ]      Memory: Undo Object Allocation Failed                     0 / 0                 0 / 0                 0 / 0                 0 / 0           ops/s
[2023-11-16T13:19:08.983+0800][gc,stats    ]      Memory: Undo Object Allocation Succeeded                  0 / 0                 0 / 0                 0 / 0                 0 / 0           ops/s
[2023-11-16T13:19:08.983+0800][gc,stats    ]      Memory: Undo Page Allocation                              0 / 0                 0 / 0                 0 / 0                 0 / 0           ops/s
[2023-11-16T13:19:08.983+0800][gc,stats    ]       Phase: Concurrent Mark                               0.000 / 0.000         0.000 / 0.000        25.401 / 26.782       25.401 / 26.782      ms
[2023-11-16T13:19:08.983+0800][gc,stats    ]       Phase: Concurrent Mark Continue                      0.000 / 0.000         0.000 / 0.000         0.000 / 0.000         0.000 / 0.000       ms
[2023-11-16T13:19:08.983+0800][gc,stats    ]       Phase: Concurrent Mark Free                          0.000 / 0.000         0.000 / 0.000         0.001 / 0.001         0.001 / 0.001       ms
[2023-11-16T13:19:08.983+0800][gc,stats    ]       Phase: Concurrent Process Non-Strong References      0.000 / 0.000         0.000 / 0.000         2.435 / 2.758         2.435 / 2.758       ms
[2023-11-16T13:19:08.983+0800][gc,stats    ]       Phase: Concurrent Relocate                           0.000 / 0.000         0.000 / 0.000         2.928 / 3.220         2.928 / 3.220       ms
[2023-11-16T13:19:08.983+0800][gc,stats    ]       Phase: Concurrent Reset Relocation Set               0.000 / 0.000         0.000 / 0.000         0.003 / 0.006         0.003 / 0.006       ms
[2023-11-16T13:19:08.983+0800][gc,stats    ]       Phase: Concurrent Select Relocation Set              0.000 / 0.000         0.000 / 0.000         5.767 / 9.539         5.767 / 9.539       ms
[2023-11-16T13:19:08.983+0800][gc,stats    ]       Phase: Pause Mark End                                0.000 / 0.000         0.000 / 0.000         0.023 / 0.026         0.023 / 0.026       ms
[2023-11-16T13:19:08.983+0800][gc,stats    ]       Phase: Pause Mark Start                              0.000 / 0.000         0.000 / 0.000         0.010 / 0.014         0.010 / 0.014       ms
[2023-11-16T13:19:08.983+0800][gc,stats    ]       Phase: Pause Relocate Start                          0.000 / 0.000         0.000 / 0.000         0.014 / 0.017         0.014 / 0.017       ms
[2023-11-16T13:19:08.983+0800][gc,stats    ]    Subphase: Concurrent Classes Purge                      0.000 / 0.000         0.000 / 0.000         0.082 / 0.093         0.082 / 0.093       ms
[2023-11-16T13:19:08.983+0800][gc,stats    ]    Subphase: Concurrent Classes Unlink                     0.000 / 0.000         0.000 / 0.000         1.496 / 1.649         1.496 / 1.649       ms
[2023-11-16T13:19:08.983+0800][gc,stats    ]    Subphase: Concurrent Mark                               0.000 / 0.000         0.000 / 0.000        21.597 / 25.992       21.597 / 25.992      ms
[2023-11-16T13:19:08.983+0800][gc,stats    ]    Subphase: Concurrent Mark Try Flush                     0.000 / 0.000         0.000 / 0.000         0.068 / 0.146         0.068 / 0.146       ms
[2023-11-16T13:19:08.983+0800][gc,stats    ]    Subphase: Concurrent Mark Try Terminate                 0.000 / 0.000         0.000 / 0.000         5.693 / 15.474        5.693 / 15.474      ms
[2023-11-16T13:19:08.983+0800][gc,stats    ]    Subphase: Concurrent References Enqueue                 0.000 / 0.000         0.000 / 0.000         0.005 / 0.005         0.005 / 0.005       ms
[2023-11-16T13:19:08.983+0800][gc,stats    ]    Subphase: Concurrent References Process                 0.000 / 0.000         0.000 / 0.000         0.108 / 0.128         0.108 / 0.128       ms
[2023-11-16T13:19:08.983+0800][gc,stats    ]    Subphase: Concurrent Roots ClassLoaderDataGraph         0.000 / 0.000         0.000 / 0.000         0.162 / 0.511         0.162 / 0.511       ms
[2023-11-16T13:19:08.983+0800][gc,stats    ]    Subphase: Concurrent Roots CodeCache                    0.000 / 0.000         0.000 / 0.000         0.000 / 0.000         0.000 / 0.000       ms
[2023-11-16T13:19:08.983+0800][gc,stats    ]    Subphase: Concurrent Roots JavaThreads                  0.000 / 0.000         0.000 / 0.000         0.945 / 1.682         0.945 / 1.682       ms
[2023-11-16T13:19:08.983+0800][gc,stats    ]    Subphase: Concurrent Roots OopStorageSet                0.000 / 0.000         0.000 / 0.000         0.041 / 0.062         0.041 / 0.062       ms
[2023-11-16T13:19:08.983+0800][gc,stats    ]    Subphase: Concurrent Weak Roots OopStorageSet           0.000 / 0.000         0.000 / 0.000         0.514 / 0.770         0.514 / 0.770       ms
[2023-11-16T13:19:08.983+0800][gc,stats    ]    Subphase: Pause Mark Try Complete                       0.000 / 0.000         0.000 / 0.000         0.000 / 0.000         0.000 / 0.000       ms
[2023-11-16T13:19:08.983+0800][gc,stats    ]      System: Java Threads                                      0 / 0                 0 / 0                36 / 51               36 / 51          threads
[2023-11-16T13:19:08.983+0800][gc,stats    ] =========================================================================================================================================================
[2023-11-16T13:19:18.984+0800][gc,stats    ] === Garbage Collection Statistics =======================================================================================================================
[2023-11-16T13:19:18.984+0800][gc,stats    ]                                                              Last 10s              Last 10m              Last 10h                Total
[2023-11-16T13:19:18.984+0800][gc,stats    ]                                                              Avg / Max             Avg / Max             Avg / Max             Avg / Max
[2023-11-16T13:19:18.984+0800][gc,stats    ]   Collector: Garbage Collection Cycle                      0.000 / 0.000         0.000 / 0.000        42.450 / 42.489       42.450 / 42.489      ms
[2023-11-16T13:19:18.984+0800][gc,stats    ]  Contention: Mark Segment Reset Contention                     0 / 0                 0 / 0                 0 / 2                 0 / 2           ops/s
[2023-11-16T13:19:18.984+0800][gc,stats    ]  Contention: Mark SeqNum Reset Contention                      0 / 0                 0 / 0                 0 / 1                 0 / 1           ops/s
[2023-11-16T13:19:18.984+0800][gc,stats    ]    Critical: Allocation Stall                                  0 / 0                 0 / 0                 0 / 0                 0 / 0           ops/s
[2023-11-16T13:19:18.984+0800][gc,stats    ]    Critical: Allocation Stall                              0.000 / 0.000         0.000 / 0.000         0.000 / 0.000         0.000 / 0.000       ms
[2023-11-16T13:19:18.984+0800][gc,stats    ]    Critical: GC Locker Stall                                   0 / 0                 0 / 0                 0 / 0                 0 / 0           ops/s
[2023-11-16T13:19:18.984+0800][gc,stats    ]    Critical: GC Locker Stall                               0.000 / 0.000         0.000 / 0.000         0.000 / 0.000         0.000 / 0.000       ms
[2023-11-16T13:19:18.984+0800][gc,stats    ]    Critical: Relocation Stall                                  0 / 0                 0 / 0                 0 / 0                 0 / 0           ops/s
[2023-11-16T13:19:18.984+0800][gc,stats    ]    Critical: Relocation Stall                              0.000 / 0.000         0.000 / 0.000         0.000 / 0.000         0.000 / 0.000       ms
[2023-11-16T13:19:18.984+0800][gc,stats    ]      Memory: Allocation Rate                                   0 / 2                 0 / 12                0 / 96                0 / 96          MB/s
[2023-11-16T13:19:18.984+0800][gc,stats    ]      Memory: Defragment                                        0 / 0                 0 / 0                 0 / 0                 0 / 0           ops/s
[2023-11-16T13:19:18.984+0800][gc,stats    ]      Memory: Out Of Memory                                     0 / 0                 0 / 0                 0 / 0                 0 / 0           ops/s
[2023-11-16T13:19:18.984+0800][gc,stats    ]      Memory: Page Cache Flush                                  0 / 0                 0 / 0                 0 / 0                 0 / 0           MB/s
[2023-11-16T13:19:18.984+0800][gc,stats    ]      Memory: Page Cache Hit L1                                 0 / 0                 0 / 5                 0 / 38                0 / 38          ops/s
[2023-11-16T13:19:18.984+0800][gc,stats    ]      Memory: Page Cache Hit L2                                 0 / 0                 0 / 0                 0 / 0                 0 / 0           ops/s
[2023-11-16T13:19:18.984+0800][gc,stats    ]      Memory: Page Cache Hit L3                                 0 / 1                 0 / 6                 0 / 48                0 / 48          ops/s
[2023-11-16T13:19:18.984+0800][gc,stats    ]      Memory: Page Cache Miss                                   0 / 0                 0 / 0                 0 / 1                 0 / 1           ops/s
[2023-11-16T13:19:18.984+0800][gc,stats    ]      Memory: Uncommit                                          0 / 0                 0 / 0                 0 / 0                 0 / 0           MB/s
[2023-11-16T13:19:18.984+0800][gc,stats    ]      Memory: Undo Object Allocation Failed                     0 / 0                 0 / 0                 0 / 0                 0 / 0           ops/s
[2023-11-16T13:19:18.984+0800][gc,stats    ]      Memory: Undo Object Allocation Succeeded                  0 / 0                 0 / 0                 0 / 0                 0 / 0           ops/s
[2023-11-16T13:19:18.984+0800][gc,stats    ]      Memory: Undo Page Allocation                              0 / 0                 0 / 0                 0 / 0                 0 / 0           ops/s
[2023-11-16T13:19:18.984+0800][gc,stats    ]       Phase: Concurrent Mark                               0.000 / 0.000         0.000 / 0.000        25.401 / 26.782       25.401 / 26.782      ms
[2023-11-16T13:19:18.984+0800][gc,stats    ]       Phase: Concurrent Mark Continue                      0.000 / 0.000         0.000 / 0.000         0.000 / 0.000         0.000 / 0.000       ms
[2023-11-16T13:19:18.984+0800][gc,stats    ]       Phase: Concurrent Mark Free                          0.000 / 0.000         0.000 / 0.000         0.001 / 0.001         0.001 / 0.001       ms
[2023-11-16T13:19:18.984+0800][gc,stats    ]       Phase: Concurrent Process Non-Strong References      0.000 / 0.000         0.000 / 0.000         2.435 / 2.758         2.435 / 2.758       ms
[2023-11-16T13:19:18.984+0800][gc,stats    ]       Phase: Concurrent Relocate                           0.000 / 0.000         0.000 / 0.000         2.928 / 3.220         2.928 / 3.220       ms
[2023-11-16T13:19:18.984+0800][gc,stats    ]       Phase: Concurrent Reset Relocation Set               0.000 / 0.000         0.000 / 0.000         0.003 / 0.006         0.003 / 0.006       ms
[2023-11-16T13:19:18.984+0800][gc,stats    ]       Phase: Concurrent Select Relocation Set              0.000 / 0.000         0.000 / 0.000         5.767 / 9.539         5.767 / 9.539       ms
[2023-11-16T13:19:18.984+0800][gc,stats    ]       Phase: Pause Mark End                                0.000 / 0.000         0.000 / 0.000         0.023 / 0.026         0.023 / 0.026       ms
[2023-11-16T13:19:18.985+0800][gc,stats    ]       Phase: Pause Mark Start                              0.000 / 0.000         0.000 / 0.000         0.010 / 0.014         0.010 / 0.014       ms
[2023-11-16T13:19:18.985+0800][gc,stats    ]       Phase: Pause Relocate Start                          0.000 / 0.000         0.000 / 0.000         0.014 / 0.017         0.014 / 0.017       ms
[2023-11-16T13:19:18.985+0800][gc,stats    ]    Subphase: Concurrent Classes Purge                      0.000 / 0.000         0.000 / 0.000         0.082 / 0.093         0.082 / 0.093       ms
[2023-11-16T13:19:18.985+0800][gc,stats    ]    Subphase: Concurrent Classes Unlink                     0.000 / 0.000         0.000 / 0.000         1.496 / 1.649         1.496 / 1.649       ms
[2023-11-16T13:19:18.985+0800][gc,stats    ]    Subphase: Concurrent Mark                               0.000 / 0.000         0.000 / 0.000        21.597 / 25.992       21.597 / 25.992      ms
[2023-11-16T13:19:18.985+0800][gc,stats    ]    Subphase: Concurrent Mark Try Flush                     0.000 / 0.000         0.000 / 0.000         0.068 / 0.146         0.068 / 0.146       ms
[2023-11-16T13:19:18.985+0800][gc,stats    ]    Subphase: Concurrent Mark Try Terminate                 0.000 / 0.000         0.000 / 0.000         5.693 / 15.474        5.693 / 15.474      ms
[2023-11-16T13:19:18.985+0800][gc,stats    ]    Subphase: Concurrent References Enqueue                 0.000 / 0.000         0.000 / 0.000         0.005 / 0.005         0.005 / 0.005       ms
[2023-11-16T13:19:18.985+0800][gc,stats    ]    Subphase: Concurrent References Process                 0.000 / 0.000         0.000 / 0.000         0.108 / 0.128         0.108 / 0.128       ms
[2023-11-16T13:19:18.985+0800][gc,stats    ]    Subphase: Concurrent Roots ClassLoaderDataGraph         0.000 / 0.000         0.000 / 0.000         0.162 / 0.511         0.162 / 0.511       ms
[2023-11-16T13:19:18.985+0800][gc,stats    ]    Subphase: Concurrent Roots CodeCache                    0.000 / 0.000         0.000 / 0.000         0.000 / 0.000         0.000 / 0.000       ms
[2023-11-16T13:19:18.985+0800][gc,stats    ]    Subphase: Concurrent Roots JavaThreads                  0.000 / 0.000         0.000 / 0.000         0.945 / 1.682         0.945 / 1.682       ms
[2023-11-16T13:19:18.985+0800][gc,stats    ]    Subphase: Concurrent Roots OopStorageSet                0.000 / 0.000         0.000 / 0.000         0.041 / 0.062         0.041 / 0.062       ms
[2023-11-16T13:19:18.985+0800][gc,stats    ]    Subphase: Concurrent Weak Roots OopStorageSet           0.000 / 0.000         0.000 / 0.000         0.514 / 0.770         0.514 / 0.770       ms
[2023-11-16T13:19:18.985+0800][gc,stats    ]    Subphase: Pause Mark Try Complete                       0.000 / 0.000         0.000 / 0.000         0.000 / 0.000         0.000 / 0.000       ms
[2023-11-16T13:19:18.985+0800][gc,stats    ]      System: Java Threads                                      0 / 0                 0 / 0                36 / 51               36 / 51          threads
[2023-11-16T13:19:18.985+0800][gc,stats    ] =========================================================================================================================================================
[2023-11-16T13:19:28.984+0800][gc,stats    ] === Garbage Collection Statistics =======================================================================================================================
[2023-11-16T13:19:28.984+0800][gc,stats    ]                                                              Last 10s              Last 10m              Last 10h                Total
[2023-11-16T13:19:28.984+0800][gc,stats    ]                                                              Avg / Max             Avg / Max             Avg / Max             Avg / Max
[2023-11-16T13:19:28.984+0800][gc,stats    ]   Collector: Garbage Collection Cycle                      0.000 / 0.000         0.000 / 0.000        42.450 / 42.489       42.450 / 42.489      ms
[2023-11-16T13:19:28.984+0800][gc,stats    ]  Contention: Mark Segment Reset Contention                     0 / 0                 0 / 0                 0 / 2                 0 / 2           ops/s
[2023-11-16T13:19:28.984+0800][gc,stats    ]  Contention: Mark SeqNum Reset Contention                      0 / 0                 0 / 0                 0 / 1                 0 / 1           ops/s
[2023-11-16T13:19:28.984+0800][gc,stats    ]    Critical: Allocation Stall                                  0 / 0                 0 / 0                 0 / 0                 0 / 0           ops/s
[2023-11-16T13:19:28.984+0800][gc,stats    ]    Critical: Allocation Stall                              0.000 / 0.000         0.000 / 0.000         0.000 / 0.000         0.000 / 0.000       ms
[2023-11-16T13:19:28.984+0800][gc,stats    ]    Critical: GC Locker Stall                                   0 / 0                 0 / 0                 0 / 0                 0 / 0           ops/s
[2023-11-16T13:19:28.984+0800][gc,stats    ]    Critical: GC Locker Stall                               0.000 / 0.000         0.000 / 0.000         0.000 / 0.000         0.000 / 0.000       ms
[2023-11-16T13:19:28.984+0800][gc,stats    ]    Critical: Relocation Stall                                  0 / 0                 0 / 0                 0 / 0                 0 / 0           ops/s
[2023-11-16T13:19:28.984+0800][gc,stats    ]    Critical: Relocation Stall                              0.000 / 0.000         0.000 / 0.000         0.000 / 0.000         0.000 / 0.000       ms
[2023-11-16T13:19:28.984+0800][gc,stats    ]      Memory: Allocation Rate                                   0 / 0                 0 / 12                0 / 96                0 / 96          MB/s
[2023-11-16T13:19:28.984+0800][gc,stats    ]      Memory: Defragment                                        0 / 0                 0 / 0                 0 / 0                 0 / 0           ops/s
[2023-11-16T13:19:28.984+0800][gc,stats    ]      Memory: Out Of Memory                                     0 / 0                 0 / 0                 0 / 0                 0 / 0           ops/s
[2023-11-16T13:19:28.984+0800][gc,stats    ]      Memory: Page Cache Flush                                  0 / 0                 0 / 0                 0 / 0                 0 / 0           MB/s
[2023-11-16T13:19:28.984+0800][gc,stats    ]      Memory: Page Cache Hit L1                                 0 / 0                 0 / 5                 0 / 38                0 / 38          ops/s
[2023-11-16T13:19:28.984+0800][gc,stats    ]      Memory: Page Cache Hit L2                                 0 / 0                 0 / 0                 0 / 0                 0 / 0           ops/s
[2023-11-16T13:19:28.984+0800][gc,stats    ]      Memory: Page Cache Hit L3                                 0 / 0                 0 / 6                 0 / 48                0 / 48          ops/s
[2023-11-16T13:19:28.984+0800][gc,stats    ]      Memory: Page Cache Miss                                   0 / 0                 0 / 0                 0 / 1                 0 / 1           ops/s
[2023-11-16T13:19:28.984+0800][gc,stats    ]      Memory: Uncommit                                          0 / 0                 0 / 0                 0 / 0                 0 / 0           MB/s
[2023-11-16T13:19:28.984+0800][gc,stats    ]      Memory: Undo Object Allocation Failed                     0 / 0                 0 / 0                 0 / 0                 0 / 0           ops/s
[2023-11-16T13:19:28.984+0800][gc,stats    ]      Memory: Undo Object Allocation Succeeded                  0 / 0                 0 / 0                 0 / 0                 0 / 0           ops/s
[2023-11-16T13:19:28.984+0800][gc,stats    ]      Memory: Undo Page Allocation                              0 / 0                 0 / 0                 0 / 0                 0 / 0           ops/s
[2023-11-16T13:19:28.984+0800][gc,stats    ]       Phase: Concurrent Mark                               0.000 / 0.000         0.000 / 0.000        25.401 / 26.782       25.401 / 26.782      ms
[2023-11-16T13:19:28.984+0800][gc,stats    ]       Phase: Concurrent Mark Continue                      0.000 / 0.000         0.000 / 0.000         0.000 / 0.000         0.000 / 0.000       ms
[2023-11-16T13:19:28.984+0800][gc,stats    ]       Phase: Concurrent Mark Free                          0.000 / 0.000         0.000 / 0.000         0.001 / 0.001         0.001 / 0.001       ms
[2023-11-16T13:19:28.984+0800][gc,stats    ]       Phase: Concurrent Process Non-Strong References      0.000 / 0.000         0.000 / 0.000         2.435 / 2.758         2.435 / 2.758       ms
[2023-11-16T13:19:28.984+0800][gc,stats    ]       Phase: Concurrent Relocate                           0.000 / 0.000         0.000 / 0.000         2.928 / 3.220         2.928 / 3.220       ms
[2023-11-16T13:19:28.984+0800][gc,stats    ]       Phase: Concurrent Reset Relocation Set               0.000 / 0.000         0.000 / 0.000         0.003 / 0.006         0.003 / 0.006       ms
[2023-11-16T13:19:28.984+0800][gc,stats    ]       Phase: Concurrent Select Relocation Set              0.000 / 0.000         0.000 / 0.000         5.767 / 9.539         5.767 / 9.539       ms
[2023-11-16T13:19:28.984+0800][gc,stats    ]       Phase: Pause Mark End                                0.000 / 0.000         0.000 / 0.000         0.023 / 0.026         0.023 / 0.026       ms
[2023-11-16T13:19:28.984+0800][gc,stats    ]       Phase: Pause Mark Start                              0.000 / 0.000         0.000 / 0.000         0.010 / 0.014         0.010 / 0.014       ms
[2023-11-16T13:19:28.984+0800][gc,stats    ]       Phase: Pause Relocate Start                          0.000 / 0.000         0.000 / 0.000         0.014 / 0.017         0.014 / 0.017       ms
[2023-11-16T13:19:28.984+0800][gc,stats    ]    Subphase: Concurrent Classes Purge                      0.000 / 0.000         0.000 / 0.000         0.082 / 0.093         0.082 / 0.093       ms
[2023-11-16T13:19:28.984+0800][gc,stats    ]    Subphase: Concurrent Classes Unlink                     0.000 / 0.000         0.000 / 0.000         1.496 / 1.649         1.496 / 1.649       ms
[2023-11-16T13:19:28.984+0800][gc,stats    ]    Subphase: Concurrent Mark                               0.000 / 0.000         0.000 / 0.000        21.597 / 25.992       21.597 / 25.992      ms
[2023-11-16T13:19:28.984+0800][gc,stats    ]    Subphase: Concurrent Mark Try Flush                     0.000 / 0.000         0.000 / 0.000         0.068 / 0.146         0.068 / 0.146       ms
[2023-11-16T13:19:28.984+0800][gc,stats    ]    Subphase: Concurrent Mark Try Terminate                 0.000 / 0.000         0.000 / 0.000         5.693 / 15.474        5.693 / 15.474      ms
[2023-11-16T13:19:28.984+0800][gc,stats    ]    Subphase: Concurrent References Enqueue                 0.000 / 0.000         0.000 / 0.000         0.005 / 0.005         0.005 / 0.005       ms
[2023-11-16T13:19:28.984+0800][gc,stats    ]    Subphase: Concurrent References Process                 0.000 / 0.000         0.000 / 0.000         0.108 / 0.128         0.108 / 0.128       ms
[2023-11-16T13:19:28.984+0800][gc,stats    ]    Subphase: Concurrent Roots ClassLoaderDataGraph         0.000 / 0.000         0.000 / 0.000         0.162 / 0.511         0.162 / 0.511       ms
[2023-11-16T13:19:28.985+0800][gc,stats    ]    Subphase: Concurrent Roots CodeCache                    0.000 / 0.000         0.000 / 0.000         0.000 / 0.000         0.000 / 0.000       ms
[2023-11-16T13:19:28.985+0800][gc,stats    ]    Subphase: Concurrent Roots JavaThreads                  0.000 / 0.000         0.000 / 0.000         0.945 / 1.682         0.945 / 1.682       ms
[2023-11-16T13:19:28.985+0800][gc,stats    ]    Subphase: Concurrent Roots OopStorageSet                0.000 / 0.000         0.000 / 0.000         0.041 / 0.062         0.041 / 0.062       ms
[2023-11-16T13:19:28.985+0800][gc,stats    ]    Subphase: Concurrent Weak Roots OopStorageSet           0.000 / 0.000         0.000 / 0.000         0.514 / 0.770         0.514 / 0.770       ms
[2023-11-16T13:19:28.985+0800][gc,stats    ]    Subphase: Pause Mark Try Complete                       0.000 / 0.000         0.000 / 0.000         0.000 / 0.000         0.000 / 0.000       ms
[2023-11-16T13:19:28.985+0800][gc,stats    ]      System: Java Threads                                      0 / 0                 0 / 0                36 / 51               36 / 51          threads
[2023-11-16T13:19:28.985+0800][gc,stats    ] =========================================================================================================================================================
[2023-11-16T13:19:38.986+0800][gc,stats    ] === Garbage Collection Statistics =======================================================================================================================
[2023-11-16T13:19:38.986+0800][gc,stats    ]                                                              Last 10s              Last 10m              Last 10h                Total
[2023-11-16T13:19:38.986+0800][gc,stats    ]                                                              Avg / Max             Avg / Max             Avg / Max             Avg / Max
[2023-11-16T13:19:38.986+0800][gc,stats    ]   Collector: Garbage Collection Cycle                      0.000 / 0.000         0.000 / 0.000        42.450 / 42.489       42.450 / 42.489      ms
[2023-11-16T13:19:38.986+0800][gc,stats    ]  Contention: Mark Segment Reset Contention                     0 / 0                 0 / 0                 0 / 2                 0 / 2           ops/s
[2023-11-16T13:19:38.986+0800][gc,stats    ]  Contention: Mark SeqNum Reset Contention                      0 / 0                 0 / 0                 0 / 1                 0 / 1           ops/s
[2023-11-16T13:19:38.986+0800][gc,stats    ]    Critical: Allocation Stall                                  0 / 0                 0 / 0                 0 / 0                 0 / 0           ops/s
[2023-11-16T13:19:38.986+0800][gc,stats    ]    Critical: Allocation Stall                              0.000 / 0.000         0.000 / 0.000         0.000 / 0.000         0.000 / 0.000       ms
[2023-11-16T13:19:38.986+0800][gc,stats    ]    Critical: GC Locker Stall                                   0 / 0                 0 / 0                 0 / 0                 0 / 0           ops/s
[2023-11-16T13:19:38.986+0800][gc,stats    ]    Critical: GC Locker Stall                               0.000 / 0.000         0.000 / 0.000         0.000 / 0.000         0.000 / 0.000       ms
[2023-11-16T13:19:38.986+0800][gc,stats    ]    Critical: Relocation Stall                                  0 / 0                 0 / 0                 0 / 0                 0 / 0           ops/s
[2023-11-16T13:19:38.986+0800][gc,stats    ]    Critical: Relocation Stall                              0.000 / 0.000         0.000 / 0.000         0.000 / 0.000         0.000 / 0.000       ms
[2023-11-16T13:19:38.986+0800][gc,stats    ]      Memory: Allocation Rate                                   0 / 2                 0 / 12                0 / 96                0 / 96          MB/s
[2023-11-16T13:19:38.986+0800][gc,stats    ]      Memory: Defragment                                        0 / 0                 0 / 0                 0 / 0                 0 / 0           ops/s
[2023-11-16T13:19:38.986+0800][gc,stats    ]      Memory: Out Of Memory                                     0 / 0                 0 / 0                 0 / 0                 0 / 0           ops/s
[2023-11-16T13:19:38.986+0800][gc,stats    ]      Memory: Page Cache Flush                                  0 / 0                 0 / 0                 0 / 0                 0 / 0           MB/s
[2023-11-16T13:19:38.986+0800][gc,stats    ]      Memory: Page Cache Hit L1                                 0 / 0                 0 / 5                 0 / 38                0 / 38          ops/s
[2023-11-16T13:19:38.986+0800][gc,stats    ]      Memory: Page Cache Hit L2                                 0 / 0                 0 / 0                 0 / 0                 0 / 0           ops/s
[2023-11-16T13:19:38.986+0800][gc,stats    ]      Memory: Page Cache Hit L3                                 0 / 1                 0 / 6                 0 / 48                0 / 48          ops/s
[2023-11-16T13:19:38.986+0800][gc,stats    ]      Memory: Page Cache Miss                                   0 / 0                 0 / 0                 0 / 1                 0 / 1           ops/s
[2023-11-16T13:19:38.986+0800][gc,stats    ]      Memory: Uncommit                                          0 / 0                 0 / 0                 0 / 0                 0 / 0           MB/s
[2023-11-16T13:19:38.986+0800][gc,stats    ]      Memory: Undo Object Allocation Failed                     0 / 0                 0 / 0                 0 / 0                 0 / 0           ops/s
[2023-11-16T13:19:38.986+0800][gc,stats    ]      Memory: Undo Object Allocation Succeeded                  0 / 0                 0 / 0                 0 / 0                 0 / 0           ops/s
[2023-11-16T13:19:38.986+0800][gc,stats    ]      Memory: Undo Page Allocation                              0 / 0                 0 / 0                 0 / 0                 0 / 0           ops/s
[2023-11-16T13:19:38.986+0800][gc,stats    ]       Phase: Concurrent Mark                               0.000 / 0.000         0.000 / 0.000        25.401 / 26.782       25.401 / 26.782      ms
[2023-11-16T13:19:38.986+0800][gc,stats    ]       Phase: Concurrent Mark Continue                      0.000 / 0.000         0.000 / 0.000         0.000 / 0.000         0.000 / 0.000       ms
[2023-11-16T13:19:38.986+0800][gc,stats    ]       Phase: Concurrent Mark Free                          0.000 / 0.000         0.000 / 0.000         0.001 / 0.001         0.001 / 0.001       ms
[2023-11-16T13:19:38.986+0800][gc,stats    ]       Phase: Concurrent Process Non-Strong References      0.000 / 0.000         0.000 / 0.000         2.435 / 2.758         2.435 / 2.758       ms
[2023-11-16T13:19:38.986+0800][gc,stats    ]       Phase: Concurrent Relocate                           0.000 / 0.000         0.000 / 0.000         2.928 / 3.220         2.928 / 3.220       ms
[2023-11-16T13:19:38.986+0800][gc,stats    ]       Phase: Concurrent Reset Relocation Set               0.000 / 0.000         0.000 / 0.000         0.003 / 0.006         0.003 / 0.006       ms
[2023-11-16T13:19:38.986+0800][gc,stats    ]       Phase: Concurrent Select Relocation Set              0.000 / 0.000         0.000 / 0.000         5.767 / 9.539         5.767 / 9.539       ms
[2023-11-16T13:19:38.986+0800][gc,stats    ]       Phase: Pause Mark End                                0.000 / 0.000         0.000 / 0.000         0.023 / 0.026         0.023 / 0.026       ms
[2023-11-16T13:19:38.986+0800][gc,stats    ]       Phase: Pause Mark Start                              0.000 / 0.000         0.000 / 0.000         0.010 / 0.014         0.010 / 0.014       ms
[2023-11-16T13:19:38.986+0800][gc,stats    ]       Phase: Pause Relocate Start                          0.000 / 0.000         0.000 / 0.000         0.014 / 0.017         0.014 / 0.017       ms
[2023-11-16T13:19:38.986+0800][gc,stats    ]    Subphase: Concurrent Classes Purge                      0.000 / 0.000         0.000 / 0.000         0.082 / 0.093         0.082 / 0.093       ms
[2023-11-16T13:19:38.986+0800][gc,stats    ]    Subphase: Concurrent Classes Unlink                     0.000 / 0.000         0.000 / 0.000         1.496 / 1.649         1.496 / 1.649       ms
[2023-11-16T13:19:38.986+0800][gc,stats    ]    Subphase: Concurrent Mark                               0.000 / 0.000         0.000 / 0.000        21.597 / 25.992       21.597 / 25.992      ms
[2023-11-16T13:19:38.986+0800][gc,stats    ]    Subphase: Concurrent Mark Try Flush                     0.000 / 0.000         0.000 / 0.000         0.068 / 0.146         0.068 / 0.146       ms
[2023-11-16T13:19:38.986+0800][gc,stats    ]    Subphase: Concurrent Mark Try Terminate                 0.000 / 0.000         0.000 / 0.000         5.693 / 15.474        5.693 / 15.474      ms
[2023-11-16T13:19:38.986+0800][gc,stats    ]    Subphase: Concurrent References Enqueue                 0.000 / 0.000         0.000 / 0.000         0.005 / 0.005         0.005 / 0.005       ms
[2023-11-16T13:19:38.986+0800][gc,stats    ]    Subphase: Concurrent References Process                 0.000 / 0.000         0.000 / 0.000         0.108 / 0.128         0.108 / 0.128       ms
[2023-11-16T13:19:38.986+0800][gc,stats    ]    Subphase: Concurrent Roots ClassLoaderDataGraph         0.000 / 0.000         0.000 / 0.000         0.162 / 0.511         0.162 / 0.511       ms
[2023-11-16T13:19:38.986+0800][gc,stats    ]    Subphase: Concurrent Roots CodeCache                    0.000 / 0.000         0.000 / 0.000         0.000 / 0.000         0.000 / 0.000       ms
[2023-11-16T13:19:38.986+0800][gc,stats    ]    Subphase: Concurrent Roots JavaThreads                  0.000 / 0.000         0.000 / 0.000         0.945 / 1.682         0.945 / 1.682       ms
[2023-11-16T13:19:38.986+0800][gc,stats    ]    Subphase: Concurrent Roots OopStorageSet                0.000 / 0.000         0.000 / 0.000         0.041 / 0.062         0.041 / 0.062       ms
[2023-11-16T13:19:38.986+0800][gc,stats    ]    Subphase: Concurrent Weak Roots OopStorageSet           0.000 / 0.000         0.000 / 0.000         0.514 / 0.770         0.514 / 0.770       ms
[2023-11-16T13:19:38.986+0800][gc,stats    ]    Subphase: Pause Mark Try Complete                       0.000 / 0.000         0.000 / 0.000         0.000 / 0.000         0.000 / 0.000       ms
[2023-11-16T13:19:38.986+0800][gc,stats    ]      System: Java Threads                                      0 / 0                 0 / 0                36 / 51               36 / 51          threads
[2023-11-16T13:19:38.986+0800][gc,stats    ] =========================================================================================================================================================
[2023-11-16T13:19:48.983+0800][gc,stats    ] === Garbage Collection Statistics =======================================================================================================================
[2023-11-16T13:19:48.983+0800][gc,stats    ]                                                              Last 10s              Last 10m              Last 10h                Total
[2023-11-16T13:19:48.983+0800][gc,stats    ]                                                              Avg / Max             Avg / Max             Avg / Max             Avg / Max
[2023-11-16T13:19:48.983+0800][gc,stats    ]   Collector: Garbage Collection Cycle                      0.000 / 0.000         0.000 / 0.000        42.450 / 42.489       42.450 / 42.489      ms
[2023-11-16T13:19:48.983+0800][gc,stats    ]  Contention: Mark Segment Reset Contention                     0 / 0                 0 / 0                 0 / 2                 0 / 2           ops/s
[2023-11-16T13:19:48.983+0800][gc,stats    ]  Contention: Mark SeqNum Reset Contention                      0 / 0                 0 / 0                 0 / 1                 0 / 1           ops/s
[2023-11-16T13:19:48.983+0800][gc,stats    ]    Critical: Allocation Stall                                  0 / 0                 0 / 0                 0 / 0                 0 / 0           ops/s
[2023-11-16T13:19:48.983+0800][gc,stats    ]    Critical: Allocation Stall                              0.000 / 0.000         0.000 / 0.000         0.000 / 0.000         0.000 / 0.000       ms
[2023-11-16T13:19:48.983+0800][gc,stats    ]    Critical: GC Locker Stall                                   0 / 0                 0 / 0                 0 / 0                 0 / 0           ops/s
[2023-11-16T13:19:48.983+0800][gc,stats    ]    Critical: GC Locker Stall                               0.000 / 0.000         0.000 / 0.000         0.000 / 0.000         0.000 / 0.000       ms
[2023-11-16T13:19:48.983+0800][gc,stats    ]    Critical: Relocation Stall                                  0 / 0                 0 / 0                 0 / 0                 0 / 0           ops/s
[2023-11-16T13:19:48.983+0800][gc,stats    ]    Critical: Relocation Stall                              0.000 / 0.000         0.000 / 0.000         0.000 / 0.000         0.000 / 0.000       ms
[2023-11-16T13:19:48.983+0800][gc,stats    ]      Memory: Allocation Rate                                   0 / 0                 0 / 12                0 / 96                0 / 96          MB/s
[2023-11-16T13:19:48.983+0800][gc,stats    ]      Memory: Defragment                                        0 / 0                 0 / 0                 0 / 0                 0 / 0           ops/s
[2023-11-16T13:19:48.983+0800][gc,stats    ]      Memory: Out Of Memory                                     0 / 0                 0 / 0                 0 / 0                 0 / 0           ops/s
[2023-11-16T13:19:48.983+0800][gc,stats    ]      Memory: Page Cache Flush                                  0 / 0                 0 / 0                 0 / 0                 0 / 0           MB/s
[2023-11-16T13:19:48.983+0800][gc,stats    ]      Memory: Page Cache Hit L1                                 0 / 0                 0 / 5                 0 / 38                0 / 38          ops/s
[2023-11-16T13:19:48.983+0800][gc,stats    ]      Memory: Page Cache Hit L2                                 0 / 0                 0 / 0                 0 / 0                 0 / 0           ops/s
[2023-11-16T13:19:48.983+0800][gc,stats    ]      Memory: Page Cache Hit L3                                 0 / 0                 0 / 6                 0 / 48                0 / 48          ops/s
[2023-11-16T13:19:48.983+0800][gc,stats    ]      Memory: Page Cache Miss                                   0 / 0                 0 / 0                 0 / 1                 0 / 1           ops/s
[2023-11-16T13:19:48.983+0800][gc,stats    ]      Memory: Uncommit                                          0 / 0                 0 / 0                 0 / 0                 0 / 0           MB/s
[2023-11-16T13:19:48.983+0800][gc,stats    ]      Memory: Undo Object Allocation Failed                     0 / 0                 0 / 0                 0 / 0                 0 / 0           ops/s
[2023-11-16T13:19:48.983+0800][gc,stats    ]      Memory: Undo Object Allocation Succeeded                  0 / 0                 0 / 0                 0 / 0                 0 / 0           ops/s
[2023-11-16T13:19:48.983+0800][gc,stats    ]      Memory: Undo Page Allocation                              0 / 0                 0 / 0                 0 / 0                 0 / 0           ops/s
[2023-11-16T13:19:48.983+0800][gc,stats    ]       Phase: Concurrent Mark                               0.000 / 0.000         0.000 / 0.000        25.401 / 26.782       25.401 / 26.782      ms
[2023-11-16T13:19:48.983+0800][gc,stats    ]       Phase: Concurrent Mark Continue                      0.000 / 0.000         0.000 / 0.000         0.000 / 0.000         0.000 / 0.000       ms
[2023-11-16T13:19:48.983+0800][gc,stats    ]       Phase: Concurrent Mark Free                          0.000 / 0.000         0.000 / 0.000         0.001 / 0.001         0.001 / 0.001       ms
[2023-11-16T13:19:48.983+0800][gc,stats    ]       Phase: Concurrent Process Non-Strong References      0.000 / 0.000         0.000 / 0.000         2.435 / 2.758         2.435 / 2.758       ms
[2023-11-16T13:19:48.983+0800][gc,stats    ]       Phase: Concurrent Relocate                           0.000 / 0.000         0.000 / 0.000         2.928 / 3.220         2.928 / 3.220       ms
[2023-11-16T13:19:48.983+0800][gc,stats    ]       Phase: Concurrent Reset Relocation Set               0.000 / 0.000         0.000 / 0.000         0.003 / 0.006         0.003 / 0.006       ms
[2023-11-16T13:19:48.983+0800][gc,stats    ]       Phase: Concurrent Select Relocation Set              0.000 / 0.000         0.000 / 0.000         5.767 / 9.539         5.767 / 9.539       ms
[2023-11-16T13:19:48.983+0800][gc,stats    ]       Phase: Pause Mark End                                0.000 / 0.000         0.000 / 0.000         0.023 / 0.026         0.023 / 0.026       ms
[2023-11-16T13:19:48.983+0800][gc,stats    ]       Phase: Pause Mark Start                              0.000 / 0.000         0.000 / 0.000         0.010 / 0.014         0.010 / 0.014       ms
[2023-11-16T13:19:48.983+0800][gc,stats    ]       Phase: Pause Relocate Start                          0.000 / 0.000         0.000 / 0.000         0.014 / 0.017         0.014 / 0.017       ms
[2023-11-16T13:19:48.983+0800][gc,stats    ]    Subphase: Concurrent Classes Purge                      0.000 / 0.000         0.000 / 0.000         0.082 / 0.093         0.082 / 0.093       ms
[2023-11-16T13:19:48.983+0800][gc,stats    ]    Subphase: Concurrent Classes Unlink                     0.000 / 0.000         0.000 / 0.000         1.496 / 1.649         1.496 / 1.649       ms
[2023-11-16T13:19:48.983+0800][gc,stats    ]    Subphase: Concurrent Mark                               0.000 / 0.000         0.000 / 0.000        21.597 / 25.992       21.597 / 25.992      ms
[2023-11-16T13:19:48.983+0800][gc,stats    ]    Subphase: Concurrent Mark Try Flush                     0.000 / 0.000         0.000 / 0.000         0.068 / 0.146         0.068 / 0.146       ms
[2023-11-16T13:19:48.983+0800][gc,stats    ]    Subphase: Concurrent Mark Try Terminate                 0.000 / 0.000         0.000 / 0.000         5.693 / 15.474        5.693 / 15.474      ms
[2023-11-16T13:19:48.983+0800][gc,stats    ]    Subphase: Concurrent References Enqueue                 0.000 / 0.000         0.000 / 0.000         0.005 / 0.005         0.005 / 0.005       ms
[2023-11-16T13:19:48.983+0800][gc,stats    ]    Subphase: Concurrent References Process                 0.000 / 0.000         0.000 / 0.000         0.108 / 0.128         0.108 / 0.128       ms
[2023-11-16T13:19:48.983+0800][gc,stats    ]    Subphase: Concurrent Roots ClassLoaderDataGraph         0.000 / 0.000         0.000 / 0.000         0.162 / 0.511         0.162 / 0.511       ms
[2023-11-16T13:19:48.983+0800][gc,stats    ]    Subphase: Concurrent Roots CodeCache                    0.000 / 0.000         0.000 / 0.000         0.000 / 0.000         0.000 / 0.000       ms
[2023-11-16T13:19:48.983+0800][gc,stats    ]    Subphase: Concurrent Roots JavaThreads                  0.000 / 0.000         0.000 / 0.000         0.945 / 1.682         0.945 / 1.682       ms
[2023-11-16T13:19:48.983+0800][gc,stats    ]    Subphase: Concurrent Roots OopStorageSet                0.000 / 0.000         0.000 / 0.000         0.041 / 0.062         0.041 / 0.062       ms
[2023-11-16T13:19:48.983+0800][gc,stats    ]    Subphase: Concurrent Weak Roots OopStorageSet           0.000 / 0.000         0.000 / 0.000         0.514 / 0.770         0.514 / 0.770       ms
[2023-11-16T13:19:48.983+0800][gc,stats    ]    Subphase: Pause Mark Try Complete                       0.000 / 0.000         0.000 / 0.000         0.000 / 0.000         0.000 / 0.000       ms
[2023-11-16T13:19:48.983+0800][gc,stats    ]      System: Java Threads                                      0 / 0                 0 / 0                36 / 51               36 / 51          threads
[2023-11-16T13:19:48.983+0800][gc,stats    ] =========================================================================================================================================================
[2023-11-16T13:19:58.984+0800][gc,stats    ] === Garbage Collection Statistics =======================================================================================================================
[2023-11-16T13:19:58.984+0800][gc,stats    ]                                                              Last 10s              Last 10m              Last 10h                Total
[2023-11-16T13:19:58.984+0800][gc,stats    ]                                                              Avg / Max             Avg / Max             Avg / Max             Avg / Max
[2023-11-16T13:19:58.984+0800][gc,stats    ]   Collector: Garbage Collection Cycle                      0.000 / 0.000         0.000 / 0.000        42.450 / 42.489       42.450 / 42.489      ms
[2023-11-16T13:19:58.984+0800][gc,stats    ]  Contention: Mark Segment Reset Contention                     0 / 0                 0 / 0                 0 / 2                 0 / 2           ops/s
[2023-11-16T13:19:58.984+0800][gc,stats    ]  Contention: Mark SeqNum Reset Contention                      0 / 0                 0 / 0                 0 / 1                 0 / 1           ops/s
[2023-11-16T13:19:58.984+0800][gc,stats    ]    Critical: Allocation Stall                                  0 / 0                 0 / 0                 0 / 0                 0 / 0           ops/s
[2023-11-16T13:19:58.984+0800][gc,stats    ]    Critical: Allocation Stall                              0.000 / 0.000         0.000 / 0.000         0.000 / 0.000         0.000 / 0.000       ms
[2023-11-16T13:19:58.984+0800][gc,stats    ]    Critical: GC Locker Stall                                   0 / 0                 0 / 0                 0 / 0                 0 / 0           ops/s
[2023-11-16T13:19:58.984+0800][gc,stats    ]    Critical: GC Locker Stall                               0.000 / 0.000         0.000 / 0.000         0.000 / 0.000         0.000 / 0.000       ms
[2023-11-16T13:19:58.984+0800][gc,stats    ]    Critical: Relocation Stall                                  0 / 0                 0 / 0                 0 / 0                 0 / 0           ops/s
[2023-11-16T13:19:58.984+0800][gc,stats    ]    Critical: Relocation Stall                              0.000 / 0.000         0.000 / 0.000         0.000 / 0.000         0.000 / 0.000       ms
[2023-11-16T13:19:58.984+0800][gc,stats    ]      Memory: Allocation Rate                                   0 / 2                 0 / 12                0 / 96                0 / 96          MB/s
[2023-11-16T13:19:58.984+0800][gc,stats    ]      Memory: Defragment                                        0 / 0                 0 / 0                 0 / 0                 0 / 0           ops/s
[2023-11-16T13:19:58.984+0800][gc,stats    ]      Memory: Out Of Memory                                     0 / 0                 0 / 0                 0 / 0                 0 / 0           ops/s
[2023-11-16T13:19:58.984+0800][gc,stats    ]      Memory: Page Cache Flush                                  0 / 0                 0 / 0                 0 / 0                 0 / 0           MB/s
[2023-11-16T13:19:58.984+0800][gc,stats    ]      Memory: Page Cache Hit L1                                 0 / 0                 0 / 5                 0 / 38                0 / 38          ops/s
[2023-11-16T13:19:58.984+0800][gc,stats    ]      Memory: Page Cache Hit L2                                 0 / 0                 0 / 0                 0 / 0                 0 / 0           ops/s
[2023-11-16T13:19:58.984+0800][gc,stats    ]      Memory: Page Cache Hit L3                                 0 / 1                 0 / 6                 0 / 48                0 / 48          ops/s
[2023-11-16T13:19:58.984+0800][gc,stats    ]      Memory: Page Cache Miss                                   0 / 0                 0 / 0                 0 / 1                 0 / 1           ops/s
[2023-11-16T13:19:58.984+0800][gc,stats    ]      Memory: Uncommit                                          0 / 0                 0 / 0                 0 / 0                 0 / 0           MB/s
[2023-11-16T13:19:58.984+0800][gc,stats    ]      Memory: Undo Object Allocation Failed                     0 / 0                 0 / 0                 0 / 0                 0 / 0           ops/s
[2023-11-16T13:19:58.984+0800][gc,stats    ]      Memory: Undo Object Allocation Succeeded                  0 / 0                 0 / 0                 0 / 0                 0 / 0           ops/s
[2023-11-16T13:19:58.984+0800][gc,stats    ]      Memory: Undo Page Allocation                              0 / 0                 0 / 0                 0 / 0                 0 / 0           ops/s
[2023-11-16T13:19:58.984+0800][gc,stats    ]       Phase: Concurrent Mark                               0.000 / 0.000         0.000 / 0.000        25.401 / 26.782       25.401 / 26.782      ms
[2023-11-16T13:19:58.984+0800][gc,stats    ]       Phase: Concurrent Mark Continue                      0.000 / 0.000         0.000 / 0.000         0.000 / 0.000         0.000 / 0.000       ms
[2023-11-16T13:19:58.984+0800][gc,stats    ]       Phase: Concurrent Mark Free                          0.000 / 0.000         0.000 / 0.000         0.001 / 0.001         0.001 / 0.001       ms
[2023-11-16T13:19:58.984+0800][gc,stats    ]       Phase: Concurrent Process Non-Strong References      0.000 / 0.000         0.000 / 0.000         2.435 / 2.758         2.435 / 2.758       ms
[2023-11-16T13:19:58.984+0800][gc,stats    ]       Phase: Concurrent Relocate                           0.000 / 0.000         0.000 / 0.000         2.928 / 3.220         2.928 / 3.220       ms
[2023-11-16T13:19:58.984+0800][gc,stats    ]       Phase: Concurrent Reset Relocation Set               0.000 / 0.000         0.000 / 0.000         0.003 / 0.006         0.003 / 0.006       ms
[2023-11-16T13:19:58.984+0800][gc,stats    ]       Phase: Concurrent Select Relocation Set              0.000 / 0.000         0.000 / 0.000         5.767 / 9.539         5.767 / 9.539       ms
[2023-11-16T13:19:58.984+0800][gc,stats    ]       Phase: Pause Mark End                                0.000 / 0.000         0.000 / 0.000         0.023 / 0.026         0.023 / 0.026       ms
[2023-11-16T13:19:58.984+0800][gc,stats    ]       Phase: Pause Mark Start                              0.000 / 0.000         0.000 / 0.000         0.010 / 0.014         0.010 / 0.014       ms
[2023-11-16T13:19:58.984+0800][gc,stats    ]       Phase: Pause Relocate Start                          0.000 / 0.000         0.000 / 0.000         0.014 / 0.017         0.014 / 0.017       ms
[2023-11-16T13:19:58.984+0800][gc,stats    ]    Subphase: Concurrent Classes Purge                      0.000 / 0.000         0.000 / 0.000         0.082 / 0.093         0.082 / 0.093       ms
[2023-11-16T13:19:58.984+0800][gc,stats    ]    Subphase: Concurrent Classes Unlink                     0.000 / 0.000         0.000 / 0.000         1.496 / 1.649         1.496 / 1.649       ms
[2023-11-16T13:19:58.984+0800][gc,stats    ]    Subphase: Concurrent Mark                               0.000 / 0.000         0.000 / 0.000        21.597 / 25.992       21.597 / 25.992      ms
[2023-11-16T13:19:58.984+0800][gc,stats    ]    Subphase: Concurrent Mark Try Flush                     0.000 / 0.000         0.000 / 0.000         0.068 / 0.146         0.068 / 0.146       ms
[2023-11-16T13:19:58.984+0800][gc,stats    ]    Subphase: Concurrent Mark Try Terminate                 0.000 / 0.000         0.000 / 0.000         5.693 / 15.474        5.693 / 15.474      ms
[2023-11-16T13:19:58.984+0800][gc,stats    ]    Subphase: Concurrent References Enqueue                 0.000 / 0.000         0.000 / 0.000         0.005 / 0.005         0.005 / 0.005       ms
[2023-11-16T13:19:58.984+0800][gc,stats    ]    Subphase: Concurrent References Process                 0.000 / 0.000         0.000 / 0.000         0.108 / 0.128         0.108 / 0.128       ms
[2023-11-16T13:19:58.984+0800][gc,stats    ]    Subphase: Concurrent Roots ClassLoaderDataGraph         0.000 / 0.000         0.000 / 0.000         0.162 / 0.511         0.162 / 0.511       ms
[2023-11-16T13:19:58.984+0800][gc,stats    ]    Subphase: Concurrent Roots CodeCache                    0.000 / 0.000         0.000 / 0.000         0.000 / 0.000         0.000 / 0.000       ms
[2023-11-16T13:19:58.984+0800][gc,stats    ]    Subphase: Concurrent Roots JavaThreads                  0.000 / 0.000         0.000 / 0.000         0.945 / 1.682         0.945 / 1.682       ms
[2023-11-16T13:19:58.984+0800][gc,stats    ]    Subphase: Concurrent Roots OopStorageSet                0.000 / 0.000         0.000 / 0.000         0.041 / 0.062         0.041 / 0.062       ms
[2023-11-16T13:19:58.984+0800][gc,stats    ]    Subphase: Concurrent Weak Roots OopStorageSet           0.000 / 0.000         0.000 / 0.000         0.514 / 0.770         0.514 / 0.770       ms
[2023-11-16T13:19:58.984+0800][gc,stats    ]    Subphase: Pause Mark Try Complete                       0.000 / 0.000         0.000 / 0.000         0.000 / 0.000         0.000 / 0.000       ms
[2023-11-16T13:19:58.984+0800][gc,stats    ]      System: Java Threads                                      0 / 0                 0 / 0                36 / 51               36 / 51          threads
[2023-11-16T13:19:58.984+0800][gc,stats    ] =========================================================================================================================================================
[2023-11-16T13:20:08.984+0800][gc,stats    ] === Garbage Collection Statistics =======================================================================================================================
[2023-11-16T13:20:08.984+0800][gc,stats    ]                                                              Last 10s              Last 10m              Last 10h                Total
[2023-11-16T13:20:08.984+0800][gc,stats    ]                                                              Avg / Max             Avg / Max             Avg / Max             Avg / Max
[2023-11-16T13:20:08.984+0800][gc,stats    ]   Collector: Garbage Collection Cycle                      0.000 / 0.000         0.000 / 0.000        42.450 / 42.489       42.450 / 42.489      ms
[2023-11-16T13:20:08.984+0800][gc,stats    ]  Contention: Mark Segment Reset Contention                     0 / 0                 0 / 0                 0 / 2                 0 / 2           ops/s
[2023-11-16T13:20:08.984+0800][gc,stats    ]  Contention: Mark SeqNum Reset Contention                      0 / 0                 0 / 0                 0 / 1                 0 / 1           ops/s
[2023-11-16T13:20:08.984+0800][gc,stats    ]    Critical: Allocation Stall                                  0 / 0                 0 / 0                 0 / 0                 0 / 0           ops/s
[2023-11-16T13:20:08.984+0800][gc,stats    ]    Critical: Allocation Stall                              0.000 / 0.000         0.000 / 0.000         0.000 / 0.000         0.000 / 0.000       ms
[2023-11-16T13:20:08.984+0800][gc,stats    ]    Critical: GC Locker Stall                                   0 / 0                 0 / 0                 0 / 0                 0 / 0           ops/s
[2023-11-16T13:20:08.984+0800][gc,stats    ]    Critical: GC Locker Stall                               0.000 / 0.000         0.000 / 0.000         0.000 / 0.000         0.000 / 0.000       ms
[2023-11-16T13:20:08.984+0800][gc,stats    ]    Critical: Relocation Stall                                  0 / 0                 0 / 0                 0 / 0                 0 / 0           ops/s
[2023-11-16T13:20:08.984+0800][gc,stats    ]    Critical: Relocation Stall                              0.000 / 0.000         0.000 / 0.000         0.000 / 0.000         0.000 / 0.000       ms
[2023-11-16T13:20:08.984+0800][gc,stats    ]      Memory: Allocation Rate                                   0 / 0                 0 / 12                0 / 96                0 / 96          MB/s
[2023-11-16T13:20:08.984+0800][gc,stats    ]      Memory: Defragment                                        0 / 0                 0 / 0                 0 / 0                 0 / 0           ops/s
[2023-11-16T13:20:08.984+0800][gc,stats    ]      Memory: Out Of Memory                                     0 / 0                 0 / 0                 0 / 0                 0 / 0           ops/s
[2023-11-16T13:20:08.984+0800][gc,stats    ]      Memory: Page Cache Flush                                  0 / 0                 0 / 0                 0 / 0                 0 / 0           MB/s
[2023-11-16T13:20:08.984+0800][gc,stats    ]      Memory: Page Cache Hit L1                                 0 / 0                 0 / 5                 0 / 38                0 / 38          ops/s
[2023-11-16T13:20:08.984+0800][gc,stats    ]      Memory: Page Cache Hit L2                                 0 / 0                 0 / 0                 0 / 0                 0 / 0           ops/s
[2023-11-16T13:20:08.984+0800][gc,stats    ]      Memory: Page Cache Hit L3                                 0 / 0                 0 / 6                 0 / 48                0 / 48          ops/s
[2023-11-16T13:20:08.984+0800][gc,stats    ]      Memory: Page Cache Miss                                   0 / 0                 0 / 0                 0 / 1                 0 / 1           ops/s
[2023-11-16T13:20:08.984+0800][gc,stats    ]      Memory: Uncommit                                          0 / 0                 0 / 0                 0 / 0                 0 / 0           MB/s
[2023-11-16T13:20:08.984+0800][gc,stats    ]      Memory: Undo Object Allocation Failed                     0 / 0                 0 / 0                 0 / 0                 0 / 0           ops/s
[2023-11-16T13:20:08.984+0800][gc,stats    ]      Memory: Undo Object Allocation Succeeded                  0 / 0                 0 / 0                 0 / 0                 0 / 0           ops/s
[2023-11-16T13:20:08.984+0800][gc,stats    ]      Memory: Undo Page Allocation                              0 / 0                 0 / 0                 0 / 0                 0 / 0           ops/s
[2023-11-16T13:20:08.984+0800][gc,stats    ]       Phase: Concurrent Mark                               0.000 / 0.000         0.000 / 0.000        25.401 / 26.782       25.401 / 26.782      ms
[2023-11-16T13:20:08.984+0800][gc,stats    ]       Phase: Concurrent Mark Continue                      0.000 / 0.000         0.000 / 0.000         0.000 / 0.000         0.000 / 0.000       ms
[2023-11-16T13:20:08.984+0800][gc,stats    ]       Phase: Concurrent Mark Free                          0.000 / 0.000         0.000 / 0.000         0.001 / 0.001         0.001 / 0.001       ms
[2023-11-16T13:20:08.984+0800][gc,stats    ]       Phase: Concurrent Process Non-Strong References      0.000 / 0.000         0.000 / 0.000         2.435 / 2.758         2.435 / 2.758       ms
[2023-11-16T13:20:08.984+0800][gc,stats    ]       Phase: Concurrent Relocate                           0.000 / 0.000         0.000 / 0.000         2.928 / 3.220         2.928 / 3.220       ms
[2023-11-16T13:20:08.984+0800][gc,stats    ]       Phase: Concurrent Reset Relocation Set               0.000 / 0.000         0.000 / 0.000         0.003 / 0.006         0.003 / 0.006       ms
[2023-11-16T13:20:08.984+0800][gc,stats    ]       Phase: Concurrent Select Relocation Set              0.000 / 0.000         0.000 / 0.000         5.767 / 9.539         5.767 / 9.539       ms
[2023-11-16T13:20:08.984+0800][gc,stats    ]       Phase: Pause Mark End                                0.000 / 0.000         0.000 / 0.000         0.023 / 0.026         0.023 / 0.026       ms
[2023-11-16T13:20:08.984+0800][gc,stats    ]       Phase: Pause Mark Start                              0.000 / 0.000         0.000 / 0.000         0.010 / 0.014         0.010 / 0.014       ms
[2023-11-16T13:20:08.984+0800][gc,stats    ]       Phase: Pause Relocate Start                          0.000 / 0.000         0.000 / 0.000         0.014 / 0.017         0.014 / 0.017       ms
[2023-11-16T13:20:08.984+0800][gc,stats    ]    Subphase: Concurrent Classes Purge                      0.000 / 0.000         0.000 / 0.000         0.082 / 0.093         0.082 / 0.093       ms
[2023-11-16T13:20:08.984+0800][gc,stats    ]    Subphase: Concurrent Classes Unlink                     0.000 / 0.000         0.000 / 0.000         1.496 / 1.649         1.496 / 1.649       ms
[2023-11-16T13:20:08.984+0800][gc,stats    ]    Subphase: Concurrent Mark                               0.000 / 0.000         0.000 / 0.000        21.597 / 25.992       21.597 / 25.992      ms
[2023-11-16T13:20:08.984+0800][gc,stats    ]    Subphase: Concurrent Mark Try Flush                     0.000 / 0.000         0.000 / 0.000         0.068 / 0.146         0.068 / 0.146       ms
[2023-11-16T13:20:08.984+0800][gc,stats    ]    Subphase: Concurrent Mark Try Terminate                 0.000 / 0.000         0.000 / 0.000         5.693 / 15.474        5.693 / 15.474      ms
[2023-11-16T13:20:08.984+0800][gc,stats    ]    Subphase: Concurrent References Enqueue                 0.000 / 0.000         0.000 / 0.000         0.005 / 0.005         0.005 / 0.005       ms
[2023-11-16T13:20:08.984+0800][gc,stats    ]    Subphase: Concurrent References Process                 0.000 / 0.000         0.000 / 0.000         0.108 / 0.128         0.108 / 0.128       ms
[2023-11-16T13:20:08.984+0800][gc,stats    ]    Subphase: Concurrent Roots ClassLoaderDataGraph         0.000 / 0.000         0.000 / 0.000         0.162 / 0.511         0.162 / 0.511       ms
[2023-11-16T13:20:08.984+0800][gc,stats    ]    Subphase: Concurrent Roots CodeCache                    0.000 / 0.000         0.000 / 0.000         0.000 / 0.000         0.000 / 0.000       ms
[2023-11-16T13:20:08.984+0800][gc,stats    ]    Subphase: Concurrent Roots JavaThreads                  0.000 / 0.000         0.000 / 0.000         0.945 / 1.682         0.945 / 1.682       ms
[2023-11-16T13:20:08.984+0800][gc,stats    ]    Subphase: Concurrent Roots OopStorageSet                0.000 / 0.000         0.000 / 0.000         0.041 / 0.062         0.041 / 0.062       ms
[2023-11-16T13:20:08.984+0800][gc,stats    ]    Subphase: Concurrent Weak Roots OopStorageSet           0.000 / 0.000         0.000 / 0.000         0.514 / 0.770         0.514 / 0.770       ms
[2023-11-16T13:20:08.984+0800][gc,stats    ]    Subphase: Pause Mark Try Complete                       0.000 / 0.000         0.000 / 0.000         0.000 / 0.000         0.000 / 0.000       ms
[2023-11-16T13:20:08.984+0800][gc,stats    ]      System: Java Threads                                      0 / 0                 0 / 0                36 / 51               36 / 51          threads
[2023-11-16T13:20:08.984+0800][gc,stats    ] =========================================================================================================================================================
[2023-11-16T13:20:18.985+0800][gc,stats    ] === Garbage Collection Statistics =======================================================================================================================
[2023-11-16T13:20:18.985+0800][gc,stats    ]                                                              Last 10s              Last 10m              Last 10h                Total
[2023-11-16T13:20:18.985+0800][gc,stats    ]                                                              Avg / Max             Avg / Max             Avg / Max             Avg / Max
[2023-11-16T13:20:18.985+0800][gc,stats    ]   Collector: Garbage Collection Cycle                      0.000 / 0.000         0.000 / 0.000        42.450 / 42.489       42.450 / 42.489      ms
[2023-11-16T13:20:18.985+0800][gc,stats    ]  Contention: Mark Segment Reset Contention                     0 / 0                 0 / 0                 0 / 2                 0 / 2           ops/s
[2023-11-16T13:20:18.985+0800][gc,stats    ]  Contention: Mark SeqNum Reset Contention                      0 / 0                 0 / 0                 0 / 1                 0 / 1           ops/s
[2023-11-16T13:20:18.985+0800][gc,stats    ]    Critical: Allocation Stall                                  0 / 0                 0 / 0                 0 / 0                 0 / 0           ops/s
[2023-11-16T13:20:18.985+0800][gc,stats    ]    Critical: Allocation Stall                              0.000 / 0.000         0.000 / 0.000         0.000 / 0.000         0.000 / 0.000       ms
[2023-11-16T13:20:18.985+0800][gc,stats    ]    Critical: GC Locker Stall                                   0 / 0                 0 / 0                 0 / 0                 0 / 0           ops/s
[2023-11-16T13:20:18.985+0800][gc,stats    ]    Critical: GC Locker Stall                               0.000 / 0.000         0.000 / 0.000         0.000 / 0.000         0.000 / 0.000       ms
[2023-11-16T13:20:18.985+0800][gc,stats    ]    Critical: Relocation Stall                                  0 / 0                 0 / 0                 0 / 0                 0 / 0           ops/s
[2023-11-16T13:20:18.985+0800][gc,stats    ]    Critical: Relocation Stall                              0.000 / 0.000         0.000 / 0.000         0.000 / 0.000         0.000 / 0.000       ms
[2023-11-16T13:20:18.985+0800][gc,stats    ]      Memory: Allocation Rate                                   0 / 0                 0 / 12                0 / 96                0 / 96          MB/s
[2023-11-16T13:20:18.985+0800][gc,stats    ]      Memory: Defragment                                        0 / 0                 0 / 0                 0 / 0                 0 / 0           ops/s
[2023-11-16T13:20:18.985+0800][gc,stats    ]      Memory: Out Of Memory                                     0 / 0                 0 / 0                 0 / 0                 0 / 0           ops/s
[2023-11-16T13:20:18.985+0800][gc,stats    ]      Memory: Page Cache Flush                                  0 / 0                 0 / 0                 0 / 0                 0 / 0           MB/s
[2023-11-16T13:20:18.985+0800][gc,stats    ]      Memory: Page Cache Hit L1                                 0 / 0                 0 / 5                 0 / 38                0 / 38          ops/s
[2023-11-16T13:20:18.985+0800][gc,stats    ]      Memory: Page Cache Hit L2                                 0 / 0                 0 / 0                 0 / 0                 0 / 0           ops/s
[2023-11-16T13:20:18.985+0800][gc,stats    ]      Memory: Page Cache Hit L3                                 0 / 0                 0 / 6                 0 / 48                0 / 48          ops/s
[2023-11-16T13:20:18.985+0800][gc,stats    ]      Memory: Page Cache Miss                                   0 / 0                 0 / 0                 0 / 1                 0 / 1           ops/s
[2023-11-16T13:20:18.985+0800][gc,stats    ]      Memory: Uncommit                                          0 / 0                 0 / 0                 0 / 0                 0 / 0           MB/s
[2023-11-16T13:20:18.985+0800][gc,stats    ]      Memory: Undo Object Allocation Failed                     0 / 0                 0 / 0                 0 / 0                 0 / 0           ops/s
[2023-11-16T13:20:18.985+0800][gc,stats    ]      Memory: Undo Object Allocation Succeeded                  0 / 0                 0 / 0                 0 / 0                 0 / 0           ops/s
[2023-11-16T13:20:18.985+0800][gc,stats    ]      Memory: Undo Page Allocation                              0 / 0                 0 / 0                 0 / 0                 0 / 0           ops/s
[2023-11-16T13:20:18.985+0800][gc,stats    ]       Phase: Concurrent Mark                               0.000 / 0.000         0.000 / 0.000        25.401 / 26.782       25.401 / 26.782      ms
[2023-11-16T13:20:18.985+0800][gc,stats    ]       Phase: Concurrent Mark Continue                      0.000 / 0.000         0.000 / 0.000         0.000 / 0.000         0.000 / 0.000       ms
[2023-11-16T13:20:18.985+0800][gc,stats    ]       Phase: Concurrent Mark Free                          0.000 / 0.000         0.000 / 0.000         0.001 / 0.001         0.001 / 0.001       ms
[2023-11-16T13:20:18.985+0800][gc,stats    ]       Phase: Concurrent Process Non-Strong References      0.000 / 0.000         0.000 / 0.000         2.435 / 2.758         2.435 / 2.758       ms
[2023-11-16T13:20:18.985+0800][gc,stats    ]       Phase: Concurrent Relocate                           0.000 / 0.000         0.000 / 0.000         2.928 / 3.220         2.928 / 3.220       ms
[2023-11-16T13:20:18.985+0800][gc,stats    ]       Phase: Concurrent Reset Relocation Set               0.000 / 0.000         0.000 / 0.000         0.003 / 0.006         0.003 / 0.006       ms
[2023-11-16T13:20:18.985+0800][gc,stats    ]       Phase: Concurrent Select Relocation Set              0.000 / 0.000         0.000 / 0.000         5.767 / 9.539         5.767 / 9.539       ms
[2023-11-16T13:20:18.985+0800][gc,stats    ]       Phase: Pause Mark End                                0.000 / 0.000         0.000 / 0.000         0.023 / 0.026         0.023 / 0.026       ms
[2023-11-16T13:20:18.985+0800][gc,stats    ]       Phase: Pause Mark Start                              0.000 / 0.000         0.000 / 0.000         0.010 / 0.014         0.010 / 0.014       ms
[2023-11-16T13:20:18.985+0800][gc,stats    ]       Phase: Pause Relocate Start                          0.000 / 0.000         0.000 / 0.000         0.014 / 0.017         0.014 / 0.017       ms
[2023-11-16T13:20:18.985+0800][gc,stats    ]    Subphase: Concurrent Classes Purge                      0.000 / 0.000         0.000 / 0.000         0.082 / 0.093         0.082 / 0.093       ms
[2023-11-16T13:20:18.985+0800][gc,stats    ]    Subphase: Concurrent Classes Unlink                     0.000 / 0.000         0.000 / 0.000         1.496 / 1.649         1.496 / 1.649       ms
[2023-11-16T13:20:18.985+0800][gc,stats    ]    Subphase: Concurrent Mark                               0.000 / 0.000         0.000 / 0.000        21.597 / 25.992       21.597 / 25.992      ms
[2023-11-16T13:20:18.985+0800][gc,stats    ]    Subphase: Concurrent Mark Try Flush                     0.000 / 0.000         0.000 / 0.000         0.068 / 0.146         0.068 / 0.146       ms
[2023-11-16T13:20:18.985+0800][gc,stats    ]    Subphase: Concurrent Mark Try Terminate                 0.000 / 0.000         0.000 / 0.000         5.693 / 15.474        5.693 / 15.474      ms
[2023-11-16T13:20:18.985+0800][gc,stats    ]    Subphase: Concurrent References Enqueue                 0.000 / 0.000         0.000 / 0.000         0.005 / 0.005         0.005 / 0.005       ms
[2023-11-16T13:20:18.985+0800][gc,stats    ]    Subphase: Concurrent References Process                 0.000 / 0.000         0.000 / 0.000         0.108 / 0.128         0.108 / 0.128       ms
[2023-11-16T13:20:18.985+0800][gc,stats    ]    Subphase: Concurrent Roots ClassLoaderDataGraph         0.000 / 0.000         0.000 / 0.000         0.162 / 0.511         0.162 / 0.511       ms
[2023-11-16T13:20:18.985+0800][gc,stats    ]    Subphase: Concurrent Roots CodeCache                    0.000 / 0.000         0.000 / 0.000         0.000 / 0.000         0.000 / 0.000       ms
[2023-11-16T13:20:18.985+0800][gc,stats    ]    Subphase: Concurrent Roots JavaThreads                  0.000 / 0.000         0.000 / 0.000         0.945 / 1.682         0.945 / 1.682       ms
[2023-11-16T13:20:18.985+0800][gc,stats    ]    Subphase: Concurrent Roots OopStorageSet                0.000 / 0.000         0.000 / 0.000         0.041 / 0.062         0.041 / 0.062       ms
[2023-11-16T13:20:18.985+0800][gc,stats    ]    Subphase: Concurrent Weak Roots OopStorageSet           0.000 / 0.000         0.000 / 0.000         0.514 / 0.770         0.514 / 0.770       ms
[2023-11-16T13:20:18.985+0800][gc,stats    ]    Subphase: Pause Mark Try Complete                       0.000 / 0.000         0.000 / 0.000         0.000 / 0.000         0.000 / 0.000       ms
[2023-11-16T13:20:18.985+0800][gc,stats    ]      System: Java Threads                                      0 / 0                 0 / 0                36 / 51               36 / 51          threads
[2023-11-16T13:20:18.985+0800][gc,stats    ] =========================================================================================================================================================
[2023-11-16T13:20:28.983+0800][gc,stats    ] === Garbage Collection Statistics =======================================================================================================================
[2023-11-16T13:20:28.983+0800][gc,stats    ]                                                              Last 10s              Last 10m              Last 10h                Total
[2023-11-16T13:20:28.983+0800][gc,stats    ]                                                              Avg / Max             Avg / Max             Avg / Max             Avg / Max
[2023-11-16T13:20:28.983+0800][gc,stats    ]   Collector: Garbage Collection Cycle                      0.000 / 0.000         0.000 / 0.000        42.450 / 42.489       42.450 / 42.489      ms
[2023-11-16T13:20:28.983+0800][gc,stats    ]  Contention: Mark Segment Reset Contention                     0 / 0                 0 / 0                 0 / 2                 0 / 2           ops/s
[2023-11-16T13:20:28.983+0800][gc,stats    ]  Contention: Mark SeqNum Reset Contention                      0 / 0                 0 / 0                 0 / 1                 0 / 1           ops/s
[2023-11-16T13:20:28.983+0800][gc,stats    ]    Critical: Allocation Stall                                  0 / 0                 0 / 0                 0 / 0                 0 / 0           ops/s
[2023-11-16T13:20:28.983+0800][gc,stats    ]    Critical: Allocation Stall                              0.000 / 0.000         0.000 / 0.000         0.000 / 0.000         0.000 / 0.000       ms
[2023-11-16T13:20:28.983+0800][gc,stats    ]    Critical: GC Locker Stall                                   0 / 0                 0 / 0                 0 / 0                 0 / 0           ops/s
[2023-11-16T13:20:28.983+0800][gc,stats    ]    Critical: GC Locker Stall                               0.000 / 0.000         0.000 / 0.000         0.000 / 0.000         0.000 / 0.000       ms
[2023-11-16T13:20:28.983+0800][gc,stats    ]    Critical: Relocation Stall                                  0 / 0                 0 / 0                 0 / 0                 0 / 0           ops/s
[2023-11-16T13:20:28.983+0800][gc,stats    ]    Critical: Relocation Stall                              0.000 / 0.000         0.000 / 0.000         0.000 / 0.000         0.000 / 0.000       ms
[2023-11-16T13:20:28.983+0800][gc,stats    ]      Memory: Allocation Rate                                   0 / 2                 0 / 12                0 / 96                0 / 96          MB/s
[2023-11-16T13:20:28.983+0800][gc,stats    ]      Memory: Defragment                                        0 / 0                 0 / 0                 0 / 0                 0 / 0           ops/s
[2023-11-16T13:20:28.983+0800][gc,stats    ]      Memory: Out Of Memory                                     0 / 0                 0 / 0                 0 / 0                 0 / 0           ops/s
[2023-11-16T13:20:28.983+0800][gc,stats    ]      Memory: Page Cache Flush                                  0 / 0                 0 / 0                 0 / 0                 0 / 0           MB/s
[2023-11-16T13:20:28.983+0800][gc,stats    ]      Memory: Page Cache Hit L1                                 0 / 0                 0 / 5                 0 / 38                0 / 38          ops/s
[2023-11-16T13:20:28.983+0800][gc,stats    ]      Memory: Page Cache Hit L2                                 0 / 0                 0 / 0                 0 / 0                 0 / 0           ops/s
[2023-11-16T13:20:28.983+0800][gc,stats    ]      Memory: Page Cache Hit L3                                 0 / 1                 0 / 6                 0 / 48                0 / 48          ops/s
[2023-11-16T13:20:28.983+0800][gc,stats    ]      Memory: Page Cache Miss                                   0 / 0                 0 / 0                 0 / 1                 0 / 1           ops/s
[2023-11-16T13:20:28.983+0800][gc,stats    ]      Memory: Uncommit                                          0 / 0                 0 / 0                 0 / 0                 0 / 0           MB/s
[2023-11-16T13:20:28.983+0800][gc,stats    ]      Memory: Undo Object Allocation Failed                     0 / 0                 0 / 0                 0 / 0                 0 / 0           ops/s
[2023-11-16T13:20:28.983+0800][gc,stats    ]      Memory: Undo Object Allocation Succeeded                  0 / 0                 0 / 0                 0 / 0                 0 / 0           ops/s
[2023-11-16T13:20:28.983+0800][gc,stats    ]      Memory: Undo Page Allocation                              0 / 0                 0 / 0                 0 / 0                 0 / 0           ops/s
[2023-11-16T13:20:28.983+0800][gc,stats    ]       Phase: Concurrent Mark                               0.000 / 0.000         0.000 / 0.000        25.401 / 26.782       25.401 / 26.782      ms
[2023-11-16T13:20:28.983+0800][gc,stats    ]       Phase: Concurrent Mark Continue                      0.000 / 0.000         0.000 / 0.000         0.000 / 0.000         0.000 / 0.000       ms
[2023-11-16T13:20:28.983+0800][gc,stats    ]       Phase: Concurrent Mark Free                          0.000 / 0.000         0.000 / 0.000         0.001 / 0.001         0.001 / 0.001       ms
[2023-11-16T13:20:28.983+0800][gc,stats    ]       Phase: Concurrent Process Non-Strong References      0.000 / 0.000         0.000 / 0.000         2.435 / 2.758         2.435 / 2.758       ms
[2023-11-16T13:20:28.983+0800][gc,stats    ]       Phase: Concurrent Relocate                           0.000 / 0.000         0.000 / 0.000         2.928 / 3.220         2.928 / 3.220       ms
[2023-11-16T13:20:28.983+0800][gc,stats    ]       Phase: Concurrent Reset Relocation Set               0.000 / 0.000         0.000 / 0.000         0.003 / 0.006         0.003 / 0.006       ms
[2023-11-16T13:20:28.983+0800][gc,stats    ]       Phase: Concurrent Select Relocation Set              0.000 / 0.000         0.000 / 0.000         5.767 / 9.539         5.767 / 9.539       ms
[2023-11-16T13:20:28.983+0800][gc,stats    ]       Phase: Pause Mark End                                0.000 / 0.000         0.000 / 0.000         0.023 / 0.026         0.023 / 0.026       ms
[2023-11-16T13:20:28.983+0800][gc,stats    ]       Phase: Pause Mark Start                              0.000 / 0.000         0.000 / 0.000         0.010 / 0.014         0.010 / 0.014       ms
[2023-11-16T13:20:28.983+0800][gc,stats    ]       Phase: Pause Relocate Start                          0.000 / 0.000         0.000 / 0.000         0.014 / 0.017         0.014 / 0.017       ms
[2023-11-16T13:20:28.983+0800][gc,stats    ]    Subphase: Concurrent Classes Purge                      0.000 / 0.000         0.000 / 0.000         0.082 / 0.093         0.082 / 0.093       ms
[2023-11-16T13:20:28.983+0800][gc,stats    ]    Subphase: Concurrent Classes Unlink                     0.000 / 0.000         0.000 / 0.000         1.496 / 1.649         1.496 / 1.649       ms
[2023-11-16T13:20:28.983+0800][gc,stats    ]    Subphase: Concurrent Mark                               0.000 / 0.000         0.000 / 0.000        21.597 / 25.992       21.597 / 25.992      ms
[2023-11-16T13:20:28.983+0800][gc,stats    ]    Subphase: Concurrent Mark Try Flush                     0.000 / 0.000         0.000 / 0.000         0.068 / 0.146         0.068 / 0.146       ms
[2023-11-16T13:20:28.983+0800][gc,stats    ]    Subphase: Concurrent Mark Try Terminate                 0.000 / 0.000         0.000 / 0.000         5.693 / 15.474        5.693 / 15.474      ms
[2023-11-16T13:20:28.983+0800][gc,stats    ]    Subphase: Concurrent References Enqueue                 0.000 / 0.000         0.000 / 0.000         0.005 / 0.005         0.005 / 0.005       ms
[2023-11-16T13:20:28.983+0800][gc,stats    ]    Subphase: Concurrent References Process                 0.000 / 0.000         0.000 / 0.000         0.108 / 0.128         0.108 / 0.128       ms
[2023-11-16T13:20:28.983+0800][gc,stats    ]    Subphase: Concurrent Roots ClassLoaderDataGraph         0.000 / 0.000         0.000 / 0.000         0.162 / 0.511         0.162 / 0.511       ms
[2023-11-16T13:20:28.983+0800][gc,stats    ]    Subphase: Concurrent Roots CodeCache                    0.000 / 0.000         0.000 / 0.000         0.000 / 0.000         0.000 / 0.000       ms
[2023-11-16T13:20:28.983+0800][gc,stats    ]    Subphase: Concurrent Roots JavaThreads                  0.000 / 0.000         0.000 / 0.000         0.945 / 1.682         0.945 / 1.682       ms
[2023-11-16T13:20:28.983+0800][gc,stats    ]    Subphase: Concurrent Roots OopStorageSet                0.000 / 0.000         0.000 / 0.000         0.041 / 0.062         0.041 / 0.062       ms
[2023-11-16T13:20:28.983+0800][gc,stats    ]    Subphase: Concurrent Weak Roots OopStorageSet           0.000 / 0.000         0.000 / 0.000         0.514 / 0.770         0.514 / 0.770       ms
[2023-11-16T13:20:28.983+0800][gc,stats    ]    Subphase: Pause Mark Try Complete                       0.000 / 0.000         0.000 / 0.000         0.000 / 0.000         0.000 / 0.000       ms
[2023-11-16T13:20:28.983+0800][gc,stats    ]      System: Java Threads                                      0 / 0                 0 / 0                36 / 51               36 / 51          threads
[2023-11-16T13:20:28.983+0800][gc,stats    ] =========================================================================================================================================================
[2023-11-16T13:20:38.984+0800][gc,stats    ] === Garbage Collection Statistics =======================================================================================================================
[2023-11-16T13:20:38.984+0800][gc,stats    ]                                                              Last 10s              Last 10m              Last 10h                Total
[2023-11-16T13:20:38.984+0800][gc,stats    ]                                                              Avg / Max             Avg / Max             Avg / Max             Avg / Max
[2023-11-16T13:20:38.984+0800][gc,stats    ]   Collector: Garbage Collection Cycle                      0.000 / 0.000         0.000 / 0.000        42.450 / 42.489       42.450 / 42.489      ms
[2023-11-16T13:20:38.984+0800][gc,stats    ]  Contention: Mark Segment Reset Contention                     0 / 0                 0 / 0                 0 / 2                 0 / 2           ops/s
[2023-11-16T13:20:38.984+0800][gc,stats    ]  Contention: Mark SeqNum Reset Contention                      0 / 0                 0 / 0                 0 / 1                 0 / 1           ops/s
[2023-11-16T13:20:38.984+0800][gc,stats    ]    Critical: Allocation Stall                                  0 / 0                 0 / 0                 0 / 0                 0 / 0           ops/s
[2023-11-16T13:20:38.984+0800][gc,stats    ]    Critical: Allocation Stall                              0.000 / 0.000         0.000 / 0.000         0.000 / 0.000         0.000 / 0.000       ms
[2023-11-16T13:20:38.984+0800][gc,stats    ]    Critical: GC Locker Stall                                   0 / 0                 0 / 0                 0 / 0                 0 / 0           ops/s
[2023-11-16T13:20:38.984+0800][gc,stats    ]    Critical: GC Locker Stall                               0.000 / 0.000         0.000 / 0.000         0.000 / 0.000         0.000 / 0.000       ms
[2023-11-16T13:20:38.984+0800][gc,stats    ]    Critical: Relocation Stall                                  0 / 0                 0 / 0                 0 / 0                 0 / 0           ops/s
[2023-11-16T13:20:38.984+0800][gc,stats    ]    Critical: Relocation Stall                              0.000 / 0.000         0.000 / 0.000         0.000 / 0.000         0.000 / 0.000       ms
[2023-11-16T13:20:38.984+0800][gc,stats    ]      Memory: Allocation Rate                                   0 / 0                 0 / 12                0 / 96                0 / 96          MB/s
[2023-11-16T13:20:38.984+0800][gc,stats    ]      Memory: Defragment                                        0 / 0                 0 / 0                 0 / 0                 0 / 0           ops/s
[2023-11-16T13:20:38.984+0800][gc,stats    ]      Memory: Out Of Memory                                     0 / 0                 0 / 0                 0 / 0                 0 / 0           ops/s
[2023-11-16T13:20:38.984+0800][gc,stats    ]      Memory: Page Cache Flush                                  0 / 0                 0 / 0                 0 / 0                 0 / 0           MB/s
[2023-11-16T13:20:38.984+0800][gc,stats    ]      Memory: Page Cache Hit L1                                 0 / 0                 0 / 5                 0 / 38                0 / 38          ops/s
[2023-11-16T13:20:38.984+0800][gc,stats    ]      Memory: Page Cache Hit L2                                 0 / 0                 0 / 0                 0 / 0                 0 / 0           ops/s
[2023-11-16T13:20:38.984+0800][gc,stats    ]      Memory: Page Cache Hit L3                                 0 / 0                 0 / 6                 0 / 48                0 / 48          ops/s
[2023-11-16T13:20:38.984+0800][gc,stats    ]      Memory: Page Cache Miss                                   0 / 0                 0 / 0                 0 / 1                 0 / 1           ops/s
[2023-11-16T13:20:38.984+0800][gc,stats    ]      Memory: Uncommit                                          0 / 0                 0 / 0                 0 / 0                 0 / 0           MB/s
[2023-11-16T13:20:38.984+0800][gc,stats    ]      Memory: Undo Object Allocation Failed                     0 / 0                 0 / 0                 0 / 0                 0 / 0           ops/s
[2023-11-16T13:20:38.984+0800][gc,stats    ]      Memory: Undo Object Allocation Succeeded                  0 / 0                 0 / 0                 0 / 0                 0 / 0           ops/s
[2023-11-16T13:20:38.984+0800][gc,stats    ]      Memory: Undo Page Allocation                              0 / 0                 0 / 0                 0 / 0                 0 / 0           ops/s
[2023-11-16T13:20:38.984+0800][gc,stats    ]       Phase: Concurrent Mark                               0.000 / 0.000         0.000 / 0.000        25.401 / 26.782       25.401 / 26.782      ms
[2023-11-16T13:20:38.984+0800][gc,stats    ]       Phase: Concurrent Mark Continue                      0.000 / 0.000         0.000 / 0.000         0.000 / 0.000         0.000 / 0.000       ms
[2023-11-16T13:20:38.984+0800][gc,stats    ]       Phase: Concurrent Mark Free                          0.000 / 0.000         0.000 / 0.000         0.001 / 0.001         0.001 / 0.001       ms
[2023-11-16T13:20:38.984+0800][gc,stats    ]       Phase: Concurrent Process Non-Strong References      0.000 / 0.000         0.000 / 0.000         2.435 / 2.758         2.435 / 2.758       ms
[2023-11-16T13:20:38.984+0800][gc,stats    ]       Phase: Concurrent Relocate                           0.000 / 0.000         0.000 / 0.000         2.928 / 3.220         2.928 / 3.220       ms
[2023-11-16T13:20:38.984+0800][gc,stats    ]       Phase: Concurrent Reset Relocation Set               0.000 / 0.000         0.000 / 0.000         0.003 / 0.006         0.003 / 0.006       ms
[2023-11-16T13:20:38.984+0800][gc,stats    ]       Phase: Concurrent Select Relocation Set              0.000 / 0.000         0.000 / 0.000         5.767 / 9.539         5.767 / 9.539       ms
[2023-11-16T13:20:38.984+0800][gc,stats    ]       Phase: Pause Mark End                                0.000 / 0.000         0.000 / 0.000         0.023 / 0.026         0.023 / 0.026       ms
[2023-11-16T13:20:38.984+0800][gc,stats    ]       Phase: Pause Mark Start                              0.000 / 0.000         0.000 / 0.000         0.010 / 0.014         0.010 / 0.014       ms
[2023-11-16T13:20:38.984+0800][gc,stats    ]       Phase: Pause Relocate Start                          0.000 / 0.000         0.000 / 0.000         0.014 / 0.017         0.014 / 0.017       ms
[2023-11-16T13:20:38.984+0800][gc,stats    ]    Subphase: Concurrent Classes Purge                      0.000 / 0.000         0.000 / 0.000         0.082 / 0.093         0.082 / 0.093       ms
[2023-11-16T13:20:38.984+0800][gc,stats    ]    Subphase: Concurrent Classes Unlink                     0.000 / 0.000         0.000 / 0.000         1.496 / 1.649         1.496 / 1.649       ms
[2023-11-16T13:20:38.984+0800][gc,stats    ]    Subphase: Concurrent Mark                               0.000 / 0.000         0.000 / 0.000        21.597 / 25.992       21.597 / 25.992      ms
[2023-11-16T13:20:38.984+0800][gc,stats    ]    Subphase: Concurrent Mark Try Flush                     0.000 / 0.000         0.000 / 0.000         0.068 / 0.146         0.068 / 0.146       ms
[2023-11-16T13:20:38.984+0800][gc,stats    ]    Subphase: Concurrent Mark Try Terminate                 0.000 / 0.000         0.000 / 0.000         5.693 / 15.474        5.693 / 15.474      ms
[2023-11-16T13:20:38.984+0800][gc,stats    ]    Subphase: Concurrent References Enqueue                 0.000 / 0.000         0.000 / 0.000         0.005 / 0.005         0.005 / 0.005       ms
[2023-11-16T13:20:38.984+0800][gc,stats    ]    Subphase: Concurrent References Process                 0.000 / 0.000         0.000 / 0.000         0.108 / 0.128         0.108 / 0.128       ms
[2023-11-16T13:20:38.984+0800][gc,stats    ]    Subphase: Concurrent Roots ClassLoaderDataGraph         0.000 / 0.000         0.000 / 0.000         0.162 / 0.511         0.162 / 0.511       ms
[2023-11-16T13:20:38.984+0800][gc,stats    ]    Subphase: Concurrent Roots CodeCache                    0.000 / 0.000         0.000 / 0.000         0.000 / 0.000         0.000 / 0.000       ms
[2023-11-16T13:20:38.984+0800][gc,stats    ]    Subphase: Concurrent Roots JavaThreads                  0.000 / 0.000         0.000 / 0.000         0.945 / 1.682         0.945 / 1.682       ms
[2023-11-16T13:20:38.984+0800][gc,stats    ]    Subphase: Concurrent Roots OopStorageSet                0.000 / 0.000         0.000 / 0.000         0.041 / 0.062         0.041 / 0.062       ms
[2023-11-16T13:20:38.984+0800][gc,stats    ]    Subphase: Concurrent Weak Roots OopStorageSet           0.000 / 0.000         0.000 / 0.000         0.514 / 0.770         0.514 / 0.770       ms
[2023-11-16T13:20:38.984+0800][gc,stats    ]    Subphase: Pause Mark Try Complete                       0.000 / 0.000         0.000 / 0.000         0.000 / 0.000         0.000 / 0.000       ms
[2023-11-16T13:20:38.984+0800][gc,stats    ]      System: Java Threads                                      0 / 0                 0 / 0                36 / 51               36 / 51          threads
[2023-11-16T13:20:38.984+0800][gc,stats    ] =========================================================================================================================================================
[2023-11-16T13:20:48.984+0800][gc,stats    ] === Garbage Collection Statistics =======================================================================================================================
[2023-11-16T13:20:48.984+0800][gc,stats    ]                                                              Last 10s              Last 10m              Last 10h                Total
[2023-11-16T13:20:48.984+0800][gc,stats    ]                                                              Avg / Max             Avg / Max             Avg / Max             Avg / Max
[2023-11-16T13:20:48.984+0800][gc,stats    ]   Collector: Garbage Collection Cycle                      0.000 / 0.000         0.000 / 0.000        42.450 / 42.489       42.450 / 42.489      ms
[2023-11-16T13:20:48.984+0800][gc,stats    ]  Contention: Mark Segment Reset Contention                     0 / 0                 0 / 0                 0 / 2                 0 / 2           ops/s
[2023-11-16T13:20:48.984+0800][gc,stats    ]  Contention: Mark SeqNum Reset Contention                      0 / 0                 0 / 0                 0 / 1                 0 / 1           ops/s
[2023-11-16T13:20:48.984+0800][gc,stats    ]    Critical: Allocation Stall                                  0 / 0                 0 / 0                 0 / 0                 0 / 0           ops/s
[2023-11-16T13:20:48.984+0800][gc,stats    ]    Critical: Allocation Stall                              0.000 / 0.000         0.000 / 0.000         0.000 / 0.000         0.000 / 0.000       ms
[2023-11-16T13:20:48.984+0800][gc,stats    ]    Critical: GC Locker Stall                                   0 / 0                 0 / 0                 0 / 0                 0 / 0           ops/s
[2023-11-16T13:20:48.984+0800][gc,stats    ]    Critical: GC Locker Stall                               0.000 / 0.000         0.000 / 0.000         0.000 / 0.000         0.000 / 0.000       ms
[2023-11-16T13:20:48.984+0800][gc,stats    ]    Critical: Relocation Stall                                  0 / 0                 0 / 0                 0 / 0                 0 / 0           ops/s
[2023-11-16T13:20:48.984+0800][gc,stats    ]    Critical: Relocation Stall                              0.000 / 0.000         0.000 / 0.000         0.000 / 0.000         0.000 / 0.000       ms
[2023-11-16T13:20:48.984+0800][gc,stats    ]      Memory: Allocation Rate                                   0 / 0                 0 / 12                0 / 96                0 / 96          MB/s
[2023-11-16T13:20:48.984+0800][gc,stats    ]      Memory: Defragment                                        0 / 0                 0 / 0                 0 / 0                 0 / 0           ops/s
[2023-11-16T13:20:48.984+0800][gc,stats    ]      Memory: Out Of Memory                                     0 / 0                 0 / 0                 0 / 0                 0 / 0           ops/s
[2023-11-16T13:20:48.984+0800][gc,stats    ]      Memory: Page Cache Flush                                  0 / 0                 0 / 0                 0 / 0                 0 / 0           MB/s
[2023-11-16T13:20:48.984+0800][gc,stats    ]      Memory: Page Cache Hit L1                                 0 / 0                 0 / 5                 0 / 38                0 / 38          ops/s
[2023-11-16T13:20:48.984+0800][gc,stats    ]      Memory: Page Cache Hit L2                                 0 / 0                 0 / 0                 0 / 0                 0 / 0           ops/s
[2023-11-16T13:20:48.984+0800][gc,stats    ]      Memory: Page Cache Hit L3                                 0 / 0                 0 / 6                 0 / 48                0 / 48          ops/s
[2023-11-16T13:20:48.984+0800][gc,stats    ]      Memory: Page Cache Miss                                   0 / 0                 0 / 0                 0 / 1                 0 / 1           ops/s
[2023-11-16T13:20:48.984+0800][gc,stats    ]      Memory: Uncommit                                          0 / 0                 0 / 0                 0 / 0                 0 / 0           MB/s
[2023-11-16T13:20:48.984+0800][gc,stats    ]      Memory: Undo Object Allocation Failed                     0 / 0                 0 / 0                 0 / 0                 0 / 0           ops/s
[2023-11-16T13:20:48.984+0800][gc,stats    ]      Memory: Undo Object Allocation Succeeded                  0 / 0                 0 / 0                 0 / 0                 0 / 0           ops/s
[2023-11-16T13:20:48.984+0800][gc,stats    ]      Memory: Undo Page Allocation                              0 / 0                 0 / 0                 0 / 0                 0 / 0           ops/s
[2023-11-16T13:20:48.984+0800][gc,stats    ]       Phase: Concurrent Mark                               0.000 / 0.000         0.000 / 0.000        25.401 / 26.782       25.401 / 26.782      ms
[2023-11-16T13:20:48.984+0800][gc,stats    ]       Phase: Concurrent Mark Continue                      0.000 / 0.000         0.000 / 0.000         0.000 / 0.000         0.000 / 0.000       ms
[2023-11-16T13:20:48.984+0800][gc,stats    ]       Phase: Concurrent Mark Free                          0.000 / 0.000         0.000 / 0.000         0.001 / 0.001         0.001 / 0.001       ms
[2023-11-16T13:20:48.984+0800][gc,stats    ]       Phase: Concurrent Process Non-Strong References      0.000 / 0.000         0.000 / 0.000         2.435 / 2.758         2.435 / 2.758       ms
[2023-11-16T13:20:48.984+0800][gc,stats    ]       Phase: Concurrent Relocate                           0.000 / 0.000         0.000 / 0.000         2.928 / 3.220         2.928 / 3.220       ms
[2023-11-16T13:20:48.984+0800][gc,stats    ]       Phase: Concurrent Reset Relocation Set               0.000 / 0.000         0.000 / 0.000         0.003 / 0.006         0.003 / 0.006       ms
[2023-11-16T13:20:48.984+0800][gc,stats    ]       Phase: Concurrent Select Relocation Set              0.000 / 0.000         0.000 / 0.000         5.767 / 9.539         5.767 / 9.539       ms
[2023-11-16T13:20:48.984+0800][gc,stats    ]       Phase: Pause Mark End                                0.000 / 0.000         0.000 / 0.000         0.023 / 0.026         0.023 / 0.026       ms
[2023-11-16T13:20:48.984+0800][gc,stats    ]       Phase: Pause Mark Start                              0.000 / 0.000         0.000 / 0.000         0.010 / 0.014         0.010 / 0.014       ms
[2023-11-16T13:20:48.984+0800][gc,stats    ]       Phase: Pause Relocate Start                          0.000 / 0.000         0.000 / 0.000         0.014 / 0.017         0.014 / 0.017       ms
[2023-11-16T13:20:48.984+0800][gc,stats    ]    Subphase: Concurrent Classes Purge                      0.000 / 0.000         0.000 / 0.000         0.082 / 0.093         0.082 / 0.093       ms
[2023-11-16T13:20:48.984+0800][gc,stats    ]    Subphase: Concurrent Classes Unlink                     0.000 / 0.000         0.000 / 0.000         1.496 / 1.649         1.496 / 1.649       ms
[2023-11-16T13:20:48.984+0800][gc,stats    ]    Subphase: Concurrent Mark                               0.000 / 0.000         0.000 / 0.000        21.597 / 25.992       21.597 / 25.992      ms
[2023-11-16T13:20:48.984+0800][gc,stats    ]    Subphase: Concurrent Mark Try Flush                     0.000 / 0.000         0.000 / 0.000         0.068 / 0.146         0.068 / 0.146       ms
[2023-11-16T13:20:48.984+0800][gc,stats    ]    Subphase: Concurrent Mark Try Terminate                 0.000 / 0.000         0.000 / 0.000         5.693 / 15.474        5.693 / 15.474      ms
[2023-11-16T13:20:48.984+0800][gc,stats    ]    Subphase: Concurrent References Enqueue                 0.000 / 0.000         0.000 / 0.000         0.005 / 0.005         0.005 / 0.005       ms
[2023-11-16T13:20:48.984+0800][gc,stats    ]    Subphase: Concurrent References Process                 0.000 / 0.000         0.000 / 0.000         0.108 / 0.128         0.108 / 0.128       ms
[2023-11-16T13:20:48.984+0800][gc,stats    ]    Subphase: Concurrent Roots ClassLoaderDataGraph         0.000 / 0.000         0.000 / 0.000         0.162 / 0.511         0.162 / 0.511       ms
[2023-11-16T13:20:48.984+0800][gc,stats    ]    Subphase: Concurrent Roots CodeCache                    0.000 / 0.000         0.000 / 0.000         0.000 / 0.000         0.000 / 0.000       ms
[2023-11-16T13:20:48.984+0800][gc,stats    ]    Subphase: Concurrent Roots JavaThreads                  0.000 / 0.000         0.000 / 0.000         0.945 / 1.682         0.945 / 1.682       ms
[2023-11-16T13:20:48.984+0800][gc,stats    ]    Subphase: Concurrent Roots OopStorageSet                0.000 / 0.000         0.000 / 0.000         0.041 / 0.062         0.041 / 0.062       ms
[2023-11-16T13:20:48.984+0800][gc,stats    ]    Subphase: Concurrent Weak Roots OopStorageSet           0.000 / 0.000         0.000 / 0.000         0.514 / 0.770         0.514 / 0.770       ms
[2023-11-16T13:20:48.984+0800][gc,stats    ]    Subphase: Pause Mark Try Complete                       0.000 / 0.000         0.000 / 0.000         0.000 / 0.000         0.000 / 0.000       ms
[2023-11-16T13:20:48.984+0800][gc,stats    ]      System: Java Threads                                      0 / 0                 0 / 0                36 / 51               36 / 51          threads
[2023-11-16T13:20:48.984+0800][gc,stats    ] =========================================================================================================================================================
[2023-11-16T13:20:58.983+0800][gc,stats    ] === Garbage Collection Statistics =======================================================================================================================
[2023-11-16T13:20:58.983+0800][gc,stats    ]                                                              Last 10s              Last 10m              Last 10h                Total
[2023-11-16T13:20:58.983+0800][gc,stats    ]                                                              Avg / Max             Avg / Max             Avg / Max             Avg / Max
[2023-11-16T13:20:58.983+0800][gc,stats    ]   Collector: Garbage Collection Cycle                      0.000 / 0.000         0.000 / 0.000        42.450 / 42.489       42.450 / 42.489      ms
[2023-11-16T13:20:58.983+0800][gc,stats    ]  Contention: Mark Segment Reset Contention                     0 / 0                 0 / 0                 0 / 2                 0 / 2           ops/s
[2023-11-16T13:20:58.983+0800][gc,stats    ]  Contention: Mark SeqNum Reset Contention                      0 / 0                 0 / 0                 0 / 1                 0 / 1           ops/s
[2023-11-16T13:20:58.983+0800][gc,stats    ]    Critical: Allocation Stall                                  0 / 0                 0 / 0                 0 / 0                 0 / 0           ops/s
[2023-11-16T13:20:58.983+0800][gc,stats    ]    Critical: Allocation Stall                              0.000 / 0.000         0.000 / 0.000         0.000 / 0.000         0.000 / 0.000       ms
[2023-11-16T13:20:58.983+0800][gc,stats    ]    Critical: GC Locker Stall                                   0 / 0                 0 / 0                 0 / 0                 0 / 0           ops/s
[2023-11-16T13:20:58.983+0800][gc,stats    ]    Critical: GC Locker Stall                               0.000 / 0.000         0.000 / 0.000         0.000 / 0.000         0.000 / 0.000       ms
[2023-11-16T13:20:58.983+0800][gc,stats    ]    Critical: Relocation Stall                                  0 / 0                 0 / 0                 0 / 0                 0 / 0           ops/s
[2023-11-16T13:20:58.983+0800][gc,stats    ]    Critical: Relocation Stall                              0.000 / 0.000         0.000 / 0.000         0.000 / 0.000         0.000 / 0.000       ms
[2023-11-16T13:20:58.983+0800][gc,stats    ]      Memory: Allocation Rate                                   0 / 0                 0 / 12                0 / 96                0 / 96          MB/s
[2023-11-16T13:20:58.983+0800][gc,stats    ]      Memory: Defragment                                        0 / 0                 0 / 0                 0 / 0                 0 / 0           ops/s
[2023-11-16T13:20:58.983+0800][gc,stats    ]      Memory: Out Of Memory                                     0 / 0                 0 / 0                 0 / 0                 0 / 0           ops/s
[2023-11-16T13:20:58.983+0800][gc,stats    ]      Memory: Page Cache Flush                                  0 / 0                 0 / 0                 0 / 0                 0 / 0           MB/s
[2023-11-16T13:20:58.983+0800][gc,stats    ]      Memory: Page Cache Hit L1                                 0 / 0                 0 / 5                 0 / 38                0 / 38          ops/s
[2023-11-16T13:20:58.983+0800][gc,stats    ]      Memory: Page Cache Hit L2                                 0 / 0                 0 / 0                 0 / 0                 0 / 0           ops/s
[2023-11-16T13:20:58.983+0800][gc,stats    ]      Memory: Page Cache Hit L3                                 0 / 0                 0 / 6                 0 / 48                0 / 48          ops/s
[2023-11-16T13:20:58.983+0800][gc,stats    ]      Memory: Page Cache Miss                                   0 / 0                 0 / 0                 0 / 1                 0 / 1           ops/s
[2023-11-16T13:20:58.983+0800][gc,stats    ]      Memory: Uncommit                                          0 / 0                 0 / 0                 0 / 0                 0 / 0           MB/s
[2023-11-16T13:20:58.983+0800][gc,stats    ]      Memory: Undo Object Allocation Failed                     0 / 0                 0 / 0                 0 / 0                 0 / 0           ops/s
[2023-11-16T13:20:58.983+0800][gc,stats    ]      Memory: Undo Object Allocation Succeeded                  0 / 0                 0 / 0                 0 / 0                 0 / 0           ops/s
[2023-11-16T13:20:58.983+0800][gc,stats    ]      Memory: Undo Page Allocation                              0 / 0                 0 / 0                 0 / 0                 0 / 0           ops/s
[2023-11-16T13:20:58.983+0800][gc,stats    ]       Phase: Concurrent Mark                               0.000 / 0.000         0.000 / 0.000        25.401 / 26.782       25.401 / 26.782      ms
[2023-11-16T13:20:58.983+0800][gc,stats    ]       Phase: Concurrent Mark Continue                      0.000 / 0.000         0.000 / 0.000         0.000 / 0.000         0.000 / 0.000       ms
[2023-11-16T13:20:58.983+0800][gc,stats    ]       Phase: Concurrent Mark Free                          0.000 / 0.000         0.000 / 0.000         0.001 / 0.001         0.001 / 0.001       ms
[2023-11-16T13:20:58.983+0800][gc,stats    ]       Phase: Concurrent Process Non-Strong References      0.000 / 0.000         0.000 / 0.000         2.435 / 2.758         2.435 / 2.758       ms
[2023-11-16T13:20:58.983+0800][gc,stats    ]       Phase: Concurrent Relocate                           0.000 / 0.000         0.000 / 0.000         2.928 / 3.220         2.928 / 3.220       ms
[2023-11-16T13:20:58.983+0800][gc,stats    ]       Phase: Concurrent Reset Relocation Set               0.000 / 0.000         0.000 / 0.000         0.003 / 0.006         0.003 / 0.006       ms
[2023-11-16T13:20:58.983+0800][gc,stats    ]       Phase: Concurrent Select Relocation Set              0.000 / 0.000         0.000 / 0.000         5.767 / 9.539         5.767 / 9.539       ms
[2023-11-16T13:20:58.983+0800][gc,stats    ]       Phase: Pause Mark End                                0.000 / 0.000         0.000 / 0.000         0.023 / 0.026         0.023 / 0.026       ms
[2023-11-16T13:20:58.983+0800][gc,stats    ]       Phase: Pause Mark Start                              0.000 / 0.000         0.000 / 0.000         0.010 / 0.014         0.010 / 0.014       ms
[2023-11-16T13:20:58.983+0800][gc,stats    ]       Phase: Pause Relocate Start                          0.000 / 0.000         0.000 / 0.000         0.014 / 0.017         0.014 / 0.017       ms
[2023-11-16T13:20:58.983+0800][gc,stats    ]    Subphase: Concurrent Classes Purge                      0.000 / 0.000         0.000 / 0.000         0.082 / 0.093         0.082 / 0.093       ms
[2023-11-16T13:20:58.983+0800][gc,stats    ]    Subphase: Concurrent Classes Unlink                     0.000 / 0.000         0.000 / 0.000         1.496 / 1.649         1.496 / 1.649       ms
[2023-11-16T13:20:58.983+0800][gc,stats    ]    Subphase: Concurrent Mark                               0.000 / 0.000         0.000 / 0.000        21.597 / 25.992       21.597 / 25.992      ms
[2023-11-16T13:20:58.983+0800][gc,stats    ]    Subphase: Concurrent Mark Try Flush                     0.000 / 0.000         0.000 / 0.000         0.068 / 0.146         0.068 / 0.146       ms
[2023-11-16T13:20:58.983+0800][gc,stats    ]    Subphase: Concurrent Mark Try Terminate                 0.000 / 0.000         0.000 / 0.000         5.693 / 15.474        5.693 / 15.474      ms
[2023-11-16T13:20:58.983+0800][gc,stats    ]    Subphase: Concurrent References Enqueue                 0.000 / 0.000         0.000 / 0.000         0.005 / 0.005         0.005 / 0.005       ms
[2023-11-16T13:20:58.983+0800][gc,stats    ]    Subphase: Concurrent References Process                 0.000 / 0.000         0.000 / 0.000         0.108 / 0.128         0.108 / 0.128       ms
[2023-11-16T13:20:58.983+0800][gc,stats    ]    Subphase: Concurrent Roots ClassLoaderDataGraph         0.000 / 0.000         0.000 / 0.000         0.162 / 0.511         0.162 / 0.511       ms
[2023-11-16T13:20:58.983+0800][gc,stats    ]    Subphase: Concurrent Roots CodeCache                    0.000 / 0.000         0.000 / 0.000         0.000 / 0.000         0.000 / 0.000       ms
[2023-11-16T13:20:58.983+0800][gc,stats    ]    Subphase: Concurrent Roots JavaThreads                  0.000 / 0.000         0.000 / 0.000         0.945 / 1.682         0.945 / 1.682       ms
[2023-11-16T13:20:58.983+0800][gc,stats    ]    Subphase: Concurrent Roots OopStorageSet                0.000 / 0.000         0.000 / 0.000         0.041 / 0.062         0.041 / 0.062       ms
[2023-11-16T13:20:58.983+0800][gc,stats    ]    Subphase: Concurrent Weak Roots OopStorageSet           0.000 / 0.000         0.000 / 0.000         0.514 / 0.770         0.514 / 0.770       ms
[2023-11-16T13:20:58.983+0800][gc,stats    ]    Subphase: Pause Mark Try Complete                       0.000 / 0.000         0.000 / 0.000         0.000 / 0.000         0.000 / 0.000       ms
[2023-11-16T13:20:58.983+0800][gc,stats    ]      System: Java Threads                                      0 / 0                 0 / 0                36 / 51               36 / 51          threads
[2023-11-16T13:20:58.983+0800][gc,stats    ] =========================================================================================================================================================
[2023-11-16T13:21:08.996+0800][gc,stats    ] === Garbage Collection Statistics =======================================================================================================================
[2023-11-16T13:21:08.996+0800][gc,stats    ]                                                              Last 10s              Last 10m              Last 10h                Total
[2023-11-16T13:21:08.996+0800][gc,stats    ]                                                              Avg / Max             Avg / Max             Avg / Max             Avg / Max
[2023-11-16T13:21:08.996+0800][gc,stats    ]   Collector: Garbage Collection Cycle                      0.000 / 0.000         0.000 / 0.000        42.450 / 42.489       42.450 / 42.489      ms
[2023-11-16T13:21:08.996+0800][gc,stats    ]  Contention: Mark Segment Reset Contention                     0 / 0                 0 / 0                 0 / 2                 0 / 2           ops/s
[2023-11-16T13:21:08.996+0800][gc,stats    ]  Contention: Mark SeqNum Reset Contention                      0 / 0                 0 / 0                 0 / 1                 0 / 1           ops/s
[2023-11-16T13:21:08.996+0800][gc,stats    ]    Critical: Allocation Stall                                  0 / 0                 0 / 0                 0 / 0                 0 / 0           ops/s
[2023-11-16T13:21:08.996+0800][gc,stats    ]    Critical: Allocation Stall                              0.000 / 0.000         0.000 / 0.000         0.000 / 0.000         0.000 / 0.000       ms
[2023-11-16T13:21:08.996+0800][gc,stats    ]    Critical: GC Locker Stall                                   0 / 0                 0 / 0                 0 / 0                 0 / 0           ops/s
[2023-11-16T13:21:08.996+0800][gc,stats    ]    Critical: GC Locker Stall                               0.000 / 0.000         0.000 / 0.000         0.000 / 0.000         0.000 / 0.000       ms
[2023-11-16T13:21:08.996+0800][gc,stats    ]    Critical: Relocation Stall                                  0 / 0                 0 / 0                 0 / 0                 0 / 0           ops/s
[2023-11-16T13:21:08.996+0800][gc,stats    ]    Critical: Relocation Stall                              0.000 / 0.000         0.000 / 0.000         0.000 / 0.000         0.000 / 0.000       ms
[2023-11-16T13:21:08.996+0800][gc,stats    ]      Memory: Allocation Rate                                   0 / 2                 0 / 12                0 / 96                0 / 96          MB/s
[2023-11-16T13:21:08.996+0800][gc,stats    ]      Memory: Defragment                                        0 / 0                 0 / 0                 0 / 0                 0 / 0           ops/s
[2023-11-16T13:21:08.996+0800][gc,stats    ]      Memory: Out Of Memory                                     0 / 0                 0 / 0                 0 / 0                 0 / 0           ops/s
[2023-11-16T13:21:08.996+0800][gc,stats    ]      Memory: Page Cache Flush                                  0 / 0                 0 / 0                 0 / 0                 0 / 0           MB/s
[2023-11-16T13:21:08.996+0800][gc,stats    ]      Memory: Page Cache Hit L1                                 0 / 0                 0 / 5                 0 / 38                0 / 38          ops/s
[2023-11-16T13:21:08.996+0800][gc,stats    ]      Memory: Page Cache Hit L2                                 0 / 0                 0 / 0                 0 / 0                 0 / 0           ops/s
[2023-11-16T13:21:08.996+0800][gc,stats    ]      Memory: Page Cache Hit L3                                 0 / 1                 0 / 6                 0 / 48                0 / 48          ops/s
[2023-11-16T13:21:08.996+0800][gc,stats    ]      Memory: Page Cache Miss                                   0 / 0                 0 / 0                 0 / 1                 0 / 1           ops/s
[2023-11-16T13:21:08.996+0800][gc,stats    ]      Memory: Uncommit                                          0 / 0                 0 / 0                 0 / 0                 0 / 0           MB/s
[2023-11-16T13:21:08.996+0800][gc,stats    ]      Memory: Undo Object Allocation Failed                     0 / 0                 0 / 0                 0 / 0                 0 / 0           ops/s
[2023-11-16T13:21:08.996+0800][gc,stats    ]      Memory: Undo Object Allocation Succeeded                  0 / 0                 0 / 0                 0 / 0                 0 / 0           ops/s
[2023-11-16T13:21:08.996+0800][gc,stats    ]      Memory: Undo Page Allocation                              0 / 0                 0 / 0                 0 / 0                 0 / 0           ops/s
[2023-11-16T13:21:08.996+0800][gc,stats    ]       Phase: Concurrent Mark                               0.000 / 0.000         0.000 / 0.000        25.401 / 26.782       25.401 / 26.782      ms
[2023-11-16T13:21:08.996+0800][gc,stats    ]       Phase: Concurrent Mark Continue                      0.000 / 0.000         0.000 / 0.000         0.000 / 0.000         0.000 / 0.000       ms
[2023-11-16T13:21:08.996+0800][gc,stats    ]       Phase: Concurrent Mark Free                          0.000 / 0.000         0.000 / 0.000         0.001 / 0.001         0.001 / 0.001       ms
[2023-11-16T13:21:08.996+0800][gc,stats    ]       Phase: Concurrent Process Non-Strong References      0.000 / 0.000         0.000 / 0.000         2.435 / 2.758         2.435 / 2.758       ms
[2023-11-16T13:21:08.996+0800][gc,stats    ]       Phase: Concurrent Relocate                           0.000 / 0.000         0.000 / 0.000         2.928 / 3.220         2.928 / 3.220       ms
[2023-11-16T13:21:08.996+0800][gc,stats    ]       Phase: Concurrent Reset Relocation Set               0.000 / 0.000         0.000 / 0.000         0.003 / 0.006         0.003 / 0.006       ms
[2023-11-16T13:21:08.996+0800][gc,stats    ]       Phase: Concurrent Select Relocation Set              0.000 / 0.000         0.000 / 0.000         5.767 / 9.539         5.767 / 9.539       ms
[2023-11-16T13:21:08.996+0800][gc,stats    ]       Phase: Pause Mark End                                0.000 / 0.000         0.000 / 0.000         0.023 / 0.026         0.023 / 0.026       ms
[2023-11-16T13:21:08.996+0800][gc,stats    ]       Phase: Pause Mark Start                              0.000 / 0.000         0.000 / 0.000         0.010 / 0.014         0.010 / 0.014       ms
[2023-11-16T13:21:08.996+0800][gc,stats    ]       Phase: Pause Relocate Start                          0.000 / 0.000         0.000 / 0.000         0.014 / 0.017         0.014 / 0.017       ms
[2023-11-16T13:21:08.996+0800][gc,stats    ]    Subphase: Concurrent Classes Purge                      0.000 / 0.000         0.000 / 0.000         0.082 / 0.093         0.082 / 0.093       ms
[2023-11-16T13:21:08.996+0800][gc,stats    ]    Subphase: Concurrent Classes Unlink                     0.000 / 0.000         0.000 / 0.000         1.496 / 1.649         1.496 / 1.649       ms
[2023-11-16T13:21:08.996+0800][gc,stats    ]    Subphase: Concurrent Mark                               0.000 / 0.000         0.000 / 0.000        21.597 / 25.992       21.597 / 25.992      ms
[2023-11-16T13:21:08.996+0800][gc,stats    ]    Subphase: Concurrent Mark Try Flush                     0.000 / 0.000         0.000 / 0.000         0.068 / 0.146         0.068 / 0.146       ms
[2023-11-16T13:21:08.996+0800][gc,stats    ]    Subphase: Concurrent Mark Try Terminate                 0.000 / 0.000         0.000 / 0.000         5.693 / 15.474        5.693 / 15.474      ms
[2023-11-16T13:21:08.996+0800][gc,stats    ]    Subphase: Concurrent References Enqueue                 0.000 / 0.000         0.000 / 0.000         0.005 / 0.005         0.005 / 0.005       ms
[2023-11-16T13:21:08.996+0800][gc,stats    ]    Subphase: Concurrent References Process                 0.000 / 0.000         0.000 / 0.000         0.108 / 0.128         0.108 / 0.128       ms
[2023-11-16T13:21:08.996+0800][gc,stats    ]    Subphase: Concurrent Roots ClassLoaderDataGraph         0.000 / 0.000         0.000 / 0.000         0.162 / 0.511         0.162 / 0.511       ms
[2023-11-16T13:21:08.996+0800][gc,stats    ]    Subphase: Concurrent Roots CodeCache                    0.000 / 0.000         0.000 / 0.000         0.000 / 0.000         0.000 / 0.000       ms
[2023-11-16T13:21:08.996+0800][gc,stats    ]    Subphase: Concurrent Roots JavaThreads                  0.000 / 0.000         0.000 / 0.000         0.945 / 1.682         0.945 / 1.682       ms
[2023-11-16T13:21:08.996+0800][gc,stats    ]    Subphase: Concurrent Roots OopStorageSet                0.000 / 0.000         0.000 / 0.000         0.041 / 0.062         0.041 / 0.062       ms
[2023-11-16T13:21:08.996+0800][gc,stats    ]    Subphase: Concurrent Weak Roots OopStorageSet           0.000 / 0.000         0.000 / 0.000         0.514 / 0.770         0.514 / 0.770       ms
[2023-11-16T13:21:08.997+0800][gc,stats    ]    Subphase: Pause Mark Try Complete                       0.000 / 0.000         0.000 / 0.000         0.000 / 0.000         0.000 / 0.000       ms
[2023-11-16T13:21:08.997+0800][gc,stats    ]      System: Java Threads                                      0 / 0                 0 / 0                36 / 51               36 / 51          threads
[2023-11-16T13:21:08.997+0800][gc,stats    ] =========================================================================================================================================================
[2023-11-16T13:21:18.984+0800][gc,stats    ] === Garbage Collection Statistics =======================================================================================================================
[2023-11-16T13:21:18.984+0800][gc,stats    ]                                                              Last 10s              Last 10m              Last 10h                Total
[2023-11-16T13:21:18.984+0800][gc,stats    ]                                                              Avg / Max             Avg / Max             Avg / Max             Avg / Max
[2023-11-16T13:21:18.984+0800][gc,stats    ]   Collector: Garbage Collection Cycle                      0.000 / 0.000         0.000 / 0.000        42.450 / 42.489       42.450 / 42.489      ms
[2023-11-16T13:21:18.984+0800][gc,stats    ]  Contention: Mark Segment Reset Contention                     0 / 0                 0 / 0                 0 / 2                 0 / 2           ops/s
[2023-11-16T13:21:18.984+0800][gc,stats    ]  Contention: Mark SeqNum Reset Contention                      0 / 0                 0 / 0                 0 / 1                 0 / 1           ops/s
[2023-11-16T13:21:18.984+0800][gc,stats    ]    Critical: Allocation Stall                                  0 / 0                 0 / 0                 0 / 0                 0 / 0           ops/s
[2023-11-16T13:21:18.984+0800][gc,stats    ]    Critical: Allocation Stall                              0.000 / 0.000         0.000 / 0.000         0.000 / 0.000         0.000 / 0.000       ms
[2023-11-16T13:21:18.984+0800][gc,stats    ]    Critical: GC Locker Stall                                   0 / 0                 0 / 0                 0 / 0                 0 / 0           ops/s
[2023-11-16T13:21:18.984+0800][gc,stats    ]    Critical: GC Locker Stall                               0.000 / 0.000         0.000 / 0.000         0.000 / 0.000         0.000 / 0.000       ms
[2023-11-16T13:21:18.984+0800][gc,stats    ]    Critical: Relocation Stall                                  0 / 0                 0 / 0                 0 / 0                 0 / 0           ops/s
[2023-11-16T13:21:18.984+0800][gc,stats    ]    Critical: Relocation Stall                              0.000 / 0.000         0.000 / 0.000         0.000 / 0.000         0.000 / 0.000       ms
[2023-11-16T13:21:18.984+0800][gc,stats    ]      Memory: Allocation Rate                                   0 / 4                 0 / 12                0 / 96                0 / 96          MB/s
[2023-11-16T13:21:18.984+0800][gc,stats    ]      Memory: Defragment                                        0 / 0                 0 / 0                 0 / 0                 0 / 0           ops/s
[2023-11-16T13:21:18.984+0800][gc,stats    ]      Memory: Out Of Memory                                     0 / 0                 0 / 0                 0 / 0                 0 / 0           ops/s
[2023-11-16T13:21:18.984+0800][gc,stats    ]      Memory: Page Cache Flush                                  0 / 0                 0 / 0                 0 / 0                 0 / 0           MB/s
[2023-11-16T13:21:18.984+0800][gc,stats    ]      Memory: Page Cache Hit L1                                 0 / 0                 0 / 5                 0 / 38                0 / 38          ops/s
[2023-11-16T13:21:18.984+0800][gc,stats    ]      Memory: Page Cache Hit L2                                 0 / 0                 0 / 0                 0 / 0                 0 / 0           ops/s
[2023-11-16T13:21:18.984+0800][gc,stats    ]      Memory: Page Cache Hit L3                                 0 / 2                 0 / 6                 0 / 48                0 / 48          ops/s
[2023-11-16T13:21:18.984+0800][gc,stats    ]      Memory: Page Cache Miss                                   0 / 0                 0 / 0                 0 / 1                 0 / 1           ops/s
[2023-11-16T13:21:18.984+0800][gc,stats    ]      Memory: Uncommit                                          0 / 0                 0 / 0                 0 / 0                 0 / 0           MB/s
[2023-11-16T13:21:18.984+0800][gc,stats    ]      Memory: Undo Object Allocation Failed                     0 / 0                 0 / 0                 0 / 0                 0 / 0           ops/s
[2023-11-16T13:21:18.984+0800][gc,stats    ]      Memory: Undo Object Allocation Succeeded                  0 / 0                 0 / 0                 0 / 0                 0 / 0           ops/s
[2023-11-16T13:21:18.984+0800][gc,stats    ]      Memory: Undo Page Allocation                              0 / 0                 0 / 0                 0 / 0                 0 / 0           ops/s
[2023-11-16T13:21:18.984+0800][gc,stats    ]       Phase: Concurrent Mark                               0.000 / 0.000         0.000 / 0.000        25.401 / 26.782       25.401 / 26.782      ms
[2023-11-16T13:21:18.984+0800][gc,stats    ]       Phase: Concurrent Mark Continue                      0.000 / 0.000         0.000 / 0.000         0.000 / 0.000         0.000 / 0.000       ms
[2023-11-16T13:21:18.984+0800][gc,stats    ]       Phase: Concurrent Mark Free                          0.000 / 0.000         0.000 / 0.000         0.001 / 0.001         0.001 / 0.001       ms
[2023-11-16T13:21:18.984+0800][gc,stats    ]       Phase: Concurrent Process Non-Strong References      0.000 / 0.000         0.000 / 0.000         2.435 / 2.758         2.435 / 2.758       ms
[2023-11-16T13:21:18.984+0800][gc,stats    ]       Phase: Concurrent Relocate                           0.000 / 0.000         0.000 / 0.000         2.928 / 3.220         2.928 / 3.220       ms
[2023-11-16T13:21:18.984+0800][gc,stats    ]       Phase: Concurrent Reset Relocation Set               0.000 / 0.000         0.000 / 0.000         0.003 / 0.006         0.003 / 0.006       ms
[2023-11-16T13:21:18.984+0800][gc,stats    ]       Phase: Concurrent Select Relocation Set              0.000 / 0.000         0.000 / 0.000         5.767 / 9.539         5.767 / 9.539       ms
[2023-11-16T13:21:18.984+0800][gc,stats    ]       Phase: Pause Mark End                                0.000 / 0.000         0.000 / 0.000         0.023 / 0.026         0.023 / 0.026       ms
[2023-11-16T13:21:18.984+0800][gc,stats    ]       Phase: Pause Mark Start                              0.000 / 0.000         0.000 / 0.000         0.010 / 0.014         0.010 / 0.014       ms
[2023-11-16T13:21:18.985+0800][gc,stats    ]       Phase: Pause Relocate Start                          0.000 / 0.000         0.000 / 0.000         0.014 / 0.017         0.014 / 0.017       ms
[2023-11-16T13:21:18.985+0800][gc,stats    ]    Subphase: Concurrent Classes Purge                      0.000 / 0.000         0.000 / 0.000         0.082 / 0.093         0.082 / 0.093       ms
[2023-11-16T13:21:18.985+0800][gc,stats    ]    Subphase: Concurrent Classes Unlink                     0.000 / 0.000         0.000 / 0.000         1.496 / 1.649         1.496 / 1.649       ms
[2023-11-16T13:21:18.985+0800][gc,stats    ]    Subphase: Concurrent Mark                               0.000 / 0.000         0.000 / 0.000        21.597 / 25.992       21.597 / 25.992      ms
[2023-11-16T13:21:18.985+0800][gc,stats    ]    Subphase: Concurrent Mark Try Flush                     0.000 / 0.000         0.000 / 0.000         0.068 / 0.146         0.068 / 0.146       ms
[2023-11-16T13:21:18.985+0800][gc,stats    ]    Subphase: Concurrent Mark Try Terminate                 0.000 / 0.000         0.000 / 0.000         5.693 / 15.474        5.693 / 15.474      ms
[2023-11-16T13:21:18.985+0800][gc,stats    ]    Subphase: Concurrent References Enqueue                 0.000 / 0.000         0.000 / 0.000         0.005 / 0.005         0.005 / 0.005       ms
[2023-11-16T13:21:18.985+0800][gc,stats    ]    Subphase: Concurrent References Process                 0.000 / 0.000         0.000 / 0.000         0.108 / 0.128         0.108 / 0.128       ms
[2023-11-16T13:21:18.985+0800][gc,stats    ]    Subphase: Concurrent Roots ClassLoaderDataGraph         0.000 / 0.000         0.000 / 0.000         0.162 / 0.511         0.162 / 0.511       ms
[2023-11-16T13:21:18.985+0800][gc,stats    ]    Subphase: Concurrent Roots CodeCache                    0.000 / 0.000         0.000 / 0.000         0.000 / 0.000         0.000 / 0.000       ms
[2023-11-16T13:21:18.985+0800][gc,stats    ]    Subphase: Concurrent Roots JavaThreads                  0.000 / 0.000         0.000 / 0.000         0.945 / 1.682         0.945 / 1.682       ms
[2023-11-16T13:21:18.985+0800][gc,stats    ]    Subphase: Concurrent Roots OopStorageSet                0.000 / 0.000         0.000 / 0.000         0.041 / 0.062         0.041 / 0.062       ms
[2023-11-16T13:21:18.985+0800][gc,stats    ]    Subphase: Concurrent Weak Roots OopStorageSet           0.000 / 0.000         0.000 / 0.000         0.514 / 0.770         0.514 / 0.770       ms
[2023-11-16T13:21:18.985+0800][gc,stats    ]    Subphase: Pause Mark Try Complete                       0.000 / 0.000         0.000 / 0.000         0.000 / 0.000         0.000 / 0.000       ms
[2023-11-16T13:21:18.985+0800][gc,stats    ]      System: Java Threads                                      0 / 0                 0 / 0                36 / 51               36 / 51          threads
[2023-11-16T13:21:18.985+0800][gc,stats    ] =========================================================================================================================================================
[2023-11-16T13:21:28.984+0800][gc,stats    ] === Garbage Collection Statistics =======================================================================================================================
[2023-11-16T13:21:28.984+0800][gc,stats    ]                                                              Last 10s              Last 10m              Last 10h                Total
[2023-11-16T13:21:28.984+0800][gc,stats    ]                                                              Avg / Max             Avg / Max             Avg / Max             Avg / Max
[2023-11-16T13:21:28.984+0800][gc,stats    ]   Collector: Garbage Collection Cycle                      0.000 / 0.000         0.000 / 0.000        42.450 / 42.489       42.450 / 42.489      ms
[2023-11-16T13:21:28.984+0800][gc,stats    ]  Contention: Mark Segment Reset Contention                     0 / 0                 0 / 0                 0 / 2                 0 / 2           ops/s
[2023-11-16T13:21:28.984+0800][gc,stats    ]  Contention: Mark SeqNum Reset Contention                      0 / 0                 0 / 0                 0 / 1                 0 / 1           ops/s
[2023-11-16T13:21:28.984+0800][gc,stats    ]    Critical: Allocation Stall                                  0 / 0                 0 / 0                 0 / 0                 0 / 0           ops/s
[2023-11-16T13:21:28.984+0800][gc,stats    ]    Critical: Allocation Stall                              0.000 / 0.000         0.000 / 0.000         0.000 / 0.000         0.000 / 0.000       ms
[2023-11-16T13:21:28.984+0800][gc,stats    ]    Critical: GC Locker Stall                                   0 / 0                 0 / 0                 0 / 0                 0 / 0           ops/s
[2023-11-16T13:21:28.984+0800][gc,stats    ]    Critical: GC Locker Stall                               0.000 / 0.000         0.000 / 0.000         0.000 / 0.000         0.000 / 0.000       ms
[2023-11-16T13:21:28.984+0800][gc,stats    ]    Critical: Relocation Stall                                  0 / 0                 0 / 0                 0 / 0                 0 / 0           ops/s
[2023-11-16T13:21:28.984+0800][gc,stats    ]    Critical: Relocation Stall                              0.000 / 0.000         0.000 / 0.000         0.000 / 0.000         0.000 / 0.000       ms
[2023-11-16T13:21:28.984+0800][gc,stats    ]      Memory: Allocation Rate                                   0 / 0                 0 / 12                0 / 96                0 / 96          MB/s
[2023-11-16T13:21:28.984+0800][gc,stats    ]      Memory: Defragment                                        0 / 0                 0 / 0                 0 / 0                 0 / 0           ops/s
[2023-11-16T13:21:28.984+0800][gc,stats    ]      Memory: Out Of Memory                                     0 / 0                 0 / 0                 0 / 0                 0 / 0           ops/s
[2023-11-16T13:21:28.984+0800][gc,stats    ]      Memory: Page Cache Flush                                  0 / 0                 0 / 0                 0 / 0                 0 / 0           MB/s
[2023-11-16T13:21:28.984+0800][gc,stats    ]      Memory: Page Cache Hit L1                                 0 / 0                 0 / 1                 0 / 38                0 / 38          ops/s
[2023-11-16T13:21:28.984+0800][gc,stats    ]      Memory: Page Cache Hit L2                                 0 / 0                 0 / 0                 0 / 0                 0 / 0           ops/s
[2023-11-16T13:21:28.984+0800][gc,stats    ]      Memory: Page Cache Hit L3                                 0 / 0                 0 / 6                 0 / 48                0 / 48          ops/s
[2023-11-16T13:21:28.984+0800][gc,stats    ]      Memory: Page Cache Miss                                   0 / 0                 0 / 0                 0 / 1                 0 / 1           ops/s
[2023-11-16T13:21:28.984+0800][gc,stats    ]      Memory: Uncommit                                          0 / 0                 0 / 0                 0 / 0                 0 / 0           MB/s
[2023-11-16T13:21:28.984+0800][gc,stats    ]      Memory: Undo Object Allocation Failed                     0 / 0                 0 / 0                 0 / 0                 0 / 0           ops/s
[2023-11-16T13:21:28.984+0800][gc,stats    ]      Memory: Undo Object Allocation Succeeded                  0 / 0                 0 / 0                 0 / 0                 0 / 0           ops/s
[2023-11-16T13:21:28.984+0800][gc,stats    ]      Memory: Undo Page Allocation                              0 / 0                 0 / 0                 0 / 0                 0 / 0           ops/s
[2023-11-16T13:21:28.984+0800][gc,stats    ]       Phase: Concurrent Mark                               0.000 / 0.000         0.000 / 0.000        25.401 / 26.782       25.401 / 26.782      ms
[2023-11-16T13:21:28.984+0800][gc,stats    ]       Phase: Concurrent Mark Continue                      0.000 / 0.000         0.000 / 0.000         0.000 / 0.000         0.000 / 0.000       ms
[2023-11-16T13:21:28.984+0800][gc,stats    ]       Phase: Concurrent Mark Free                          0.000 / 0.000         0.000 / 0.000         0.001 / 0.001         0.001 / 0.001       ms
[2023-11-16T13:21:28.984+0800][gc,stats    ]       Phase: Concurrent Process Non-Strong References      0.000 / 0.000         0.000 / 0.000         2.435 / 2.758         2.435 / 2.758       ms
[2023-11-16T13:21:28.984+0800][gc,stats    ]       Phase: Concurrent Relocate                           0.000 / 0.000         0.000 / 0.000         2.928 / 3.220         2.928 / 3.220       ms
[2023-11-16T13:21:28.984+0800][gc,stats    ]       Phase: Concurrent Reset Relocation Set               0.000 / 0.000         0.000 / 0.000         0.003 / 0.006         0.003 / 0.006       ms
[2023-11-16T13:21:28.984+0800][gc,stats    ]       Phase: Concurrent Select Relocation Set              0.000 / 0.000         0.000 / 0.000         5.767 / 9.539         5.767 / 9.539       ms
[2023-11-16T13:21:28.984+0800][gc,stats    ]       Phase: Pause Mark End                                0.000 / 0.000         0.000 / 0.000         0.023 / 0.026         0.023 / 0.026       ms
[2023-11-16T13:21:28.984+0800][gc,stats    ]       Phase: Pause Mark Start                              0.000 / 0.000         0.000 / 0.000         0.010 / 0.014         0.010 / 0.014       ms
[2023-11-16T13:21:28.984+0800][gc,stats    ]       Phase: Pause Relocate Start                          0.000 / 0.000         0.000 / 0.000         0.014 / 0.017         0.014 / 0.017       ms
[2023-11-16T13:21:28.984+0800][gc,stats    ]    Subphase: Concurrent Classes Purge                      0.000 / 0.000         0.000 / 0.000         0.082 / 0.093         0.082 / 0.093       ms
[2023-11-16T13:21:28.984+0800][gc,stats    ]    Subphase: Concurrent Classes Unlink                     0.000 / 0.000         0.000 / 0.000         1.496 / 1.649         1.496 / 1.649       ms
[2023-11-16T13:21:28.984+0800][gc,stats    ]    Subphase: Concurrent Mark                               0.000 / 0.000         0.000 / 0.000        21.597 / 25.992       21.597 / 25.992      ms
[2023-11-16T13:21:28.984+0800][gc,stats    ]    Subphase: Concurrent Mark Try Flush                     0.000 / 0.000         0.000 / 0.000         0.068 / 0.146         0.068 / 0.146       ms
[2023-11-16T13:21:28.984+0800][gc,stats    ]    Subphase: Concurrent Mark Try Terminate                 0.000 / 0.000         0.000 / 0.000         5.693 / 15.474        5.693 / 15.474      ms
[2023-11-16T13:21:28.984+0800][gc,stats    ]    Subphase: Concurrent References Enqueue                 0.000 / 0.000         0.000 / 0.000         0.005 / 0.005         0.005 / 0.005       ms
[2023-11-16T13:21:28.984+0800][gc,stats    ]    Subphase: Concurrent References Process                 0.000 / 0.000         0.000 / 0.000         0.108 / 0.128         0.108 / 0.128       ms
[2023-11-16T13:21:28.984+0800][gc,stats    ]    Subphase: Concurrent Roots ClassLoaderDataGraph         0.000 / 0.000         0.000 / 0.000         0.162 / 0.511         0.162 / 0.511       ms
[2023-11-16T13:21:28.984+0800][gc,stats    ]    Subphase: Concurrent Roots CodeCache                    0.000 / 0.000         0.000 / 0.000         0.000 / 0.000         0.000 / 0.000       ms
[2023-11-16T13:21:28.984+0800][gc,stats    ]    Subphase: Concurrent Roots JavaThreads                  0.000 / 0.000         0.000 / 0.000         0.945 / 1.682         0.945 / 1.682       ms
[2023-11-16T13:21:28.984+0800][gc,stats    ]    Subphase: Concurrent Roots OopStorageSet                0.000 / 0.000         0.000 / 0.000         0.041 / 0.062         0.041 / 0.062       ms
[2023-11-16T13:21:28.984+0800][gc,stats    ]    Subphase: Concurrent Weak Roots OopStorageSet           0.000 / 0.000         0.000 / 0.000         0.514 / 0.770         0.514 / 0.770       ms
[2023-11-16T13:21:28.984+0800][gc,stats    ]    Subphase: Pause Mark Try Complete                       0.000 / 0.000         0.000 / 0.000         0.000 / 0.000         0.000 / 0.000       ms
[2023-11-16T13:21:28.984+0800][gc,stats    ]      System: Java Threads                                      0 / 0                 0 / 0                36 / 51               36 / 51          threads
[2023-11-16T13:21:28.984+0800][gc,stats    ] =========================================================================================================================================================
[2023-11-16T13:21:38.991+0800][gc,stats    ] === Garbage Collection Statistics =======================================================================================================================
[2023-11-16T13:21:38.991+0800][gc,stats    ]                                                              Last 10s              Last 10m              Last 10h                Total
[2023-11-16T13:21:38.991+0800][gc,stats    ]                                                              Avg / Max             Avg / Max             Avg / Max             Avg / Max
[2023-11-16T13:21:38.991+0800][gc,stats    ]   Collector: Garbage Collection Cycle                      0.000 / 0.000         0.000 / 0.000        42.450 / 42.489       42.450 / 42.489      ms
[2023-11-16T13:21:38.991+0800][gc,stats    ]  Contention: Mark Segment Reset Contention                     0 / 0                 0 / 0                 0 / 2                 0 / 2           ops/s
[2023-11-16T13:21:38.991+0800][gc,stats    ]  Contention: Mark SeqNum Reset Contention                      0 / 0                 0 / 0                 0 / 1                 0 / 1           ops/s
[2023-11-16T13:21:38.991+0800][gc,stats    ]    Critical: Allocation Stall                                  0 / 0                 0 / 0                 0 / 0                 0 / 0           ops/s
[2023-11-16T13:21:38.991+0800][gc,stats    ]    Critical: Allocation Stall                              0.000 / 0.000         0.000 / 0.000         0.000 / 0.000         0.000 / 0.000       ms
[2023-11-16T13:21:38.991+0800][gc,stats    ]    Critical: GC Locker Stall                                   0 / 0                 0 / 0                 0 / 0                 0 / 0           ops/s
[2023-11-16T13:21:38.991+0800][gc,stats    ]    Critical: GC Locker Stall                               0.000 / 0.000         0.000 / 0.000         0.000 / 0.000         0.000 / 0.000       ms
[2023-11-16T13:21:38.991+0800][gc,stats    ]    Critical: Relocation Stall                                  0 / 0                 0 / 0                 0 / 0                 0 / 0           ops/s
[2023-11-16T13:21:38.991+0800][gc,stats    ]    Critical: Relocation Stall                              0.000 / 0.000         0.000 / 0.000         0.000 / 0.000         0.000 / 0.000       ms
[2023-11-16T13:21:38.991+0800][gc,stats    ]      Memory: Allocation Rate                                   0 / 0                 0 / 12                0 / 96                0 / 96          MB/s
[2023-11-16T13:21:38.991+0800][gc,stats    ]      Memory: Defragment                                        0 / 0                 0 / 0                 0 / 0                 0 / 0           ops/s
[2023-11-16T13:21:38.991+0800][gc,stats    ]      Memory: Out Of Memory                                     0 / 0                 0 / 0                 0 / 0                 0 / 0           ops/s
[2023-11-16T13:21:38.991+0800][gc,stats    ]      Memory: Page Cache Flush                                  0 / 0                 0 / 0                 0 / 0                 0 / 0           MB/s
[2023-11-16T13:21:38.991+0800][gc,stats    ]      Memory: Page Cache Hit L1                                 0 / 0                 0 / 1                 0 / 38                0 / 38          ops/s
[2023-11-16T13:21:38.991+0800][gc,stats    ]      Memory: Page Cache Hit L2                                 0 / 0                 0 / 0                 0 / 0                 0 / 0           ops/s
[2023-11-16T13:21:38.991+0800][gc,stats    ]      Memory: Page Cache Hit L3                                 0 / 0                 0 / 6                 0 / 48                0 / 48          ops/s
[2023-11-16T13:21:38.991+0800][gc,stats    ]      Memory: Page Cache Miss                                   0 / 0                 0 / 0                 0 / 1                 0 / 1           ops/s
[2023-11-16T13:21:38.991+0800][gc,stats    ]      Memory: Uncommit                                          0 / 0                 0 / 0                 0 / 0                 0 / 0           MB/s
[2023-11-16T13:21:38.991+0800][gc,stats    ]      Memory: Undo Object Allocation Failed                     0 / 0                 0 / 0                 0 / 0                 0 / 0           ops/s
[2023-11-16T13:21:38.991+0800][gc,stats    ]      Memory: Undo Object Allocation Succeeded                  0 / 0                 0 / 0                 0 / 0                 0 / 0           ops/s
[2023-11-16T13:21:38.991+0800][gc,stats    ]      Memory: Undo Page Allocation                              0 / 0                 0 / 0                 0 / 0                 0 / 0           ops/s
[2023-11-16T13:21:38.991+0800][gc,stats    ]       Phase: Concurrent Mark                               0.000 / 0.000         0.000 / 0.000        25.401 / 26.782       25.401 / 26.782      ms
[2023-11-16T13:21:38.991+0800][gc,stats    ]       Phase: Concurrent Mark Continue                      0.000 / 0.000         0.000 / 0.000         0.000 / 0.000         0.000 / 0.000       ms
[2023-11-16T13:21:38.991+0800][gc,stats    ]       Phase: Concurrent Mark Free                          0.000 / 0.000         0.000 / 0.000         0.001 / 0.001         0.001 / 0.001       ms
[2023-11-16T13:21:38.991+0800][gc,stats    ]       Phase: Concurrent Process Non-Strong References      0.000 / 0.000         0.000 / 0.000         2.435 / 2.758         2.435 / 2.758       ms
[2023-11-16T13:21:38.991+0800][gc,stats    ]       Phase: Concurrent Relocate                           0.000 / 0.000         0.000 / 0.000         2.928 / 3.220         2.928 / 3.220       ms
[2023-11-16T13:21:38.991+0800][gc,stats    ]       Phase: Concurrent Reset Relocation Set               0.000 / 0.000         0.000 / 0.000         0.003 / 0.006         0.003 / 0.006       ms
[2023-11-16T13:21:38.991+0800][gc,stats    ]       Phase: Concurrent Select Relocation Set              0.000 / 0.000         0.000 / 0.000         5.767 / 9.539         5.767 / 9.539       ms
[2023-11-16T13:21:38.991+0800][gc,stats    ]       Phase: Pause Mark End                                0.000 / 0.000         0.000 / 0.000         0.023 / 0.026         0.023 / 0.026       ms
[2023-11-16T13:21:38.991+0800][gc,stats    ]       Phase: Pause Mark Start                              0.000 / 0.000         0.000 / 0.000         0.010 / 0.014         0.010 / 0.014       ms
[2023-11-16T13:21:38.991+0800][gc,stats    ]       Phase: Pause Relocate Start                          0.000 / 0.000         0.000 / 0.000         0.014 / 0.017         0.014 / 0.017       ms
[2023-11-16T13:21:38.991+0800][gc,stats    ]    Subphase: Concurrent Classes Purge                      0.000 / 0.000         0.000 / 0.000         0.082 / 0.093         0.082 / 0.093       ms
[2023-11-16T13:21:38.991+0800][gc,stats    ]    Subphase: Concurrent Classes Unlink                     0.000 / 0.000         0.000 / 0.000         1.496 / 1.649         1.496 / 1.649       ms
[2023-11-16T13:21:38.991+0800][gc,stats    ]    Subphase: Concurrent Mark                               0.000 / 0.000         0.000 / 0.000        21.597 / 25.992       21.597 / 25.992      ms
[2023-11-16T13:21:38.991+0800][gc,stats    ]    Subphase: Concurrent Mark Try Flush                     0.000 / 0.000         0.000 / 0.000         0.068 / 0.146         0.068 / 0.146       ms
[2023-11-16T13:21:38.991+0800][gc,stats    ]    Subphase: Concurrent Mark Try Terminate                 0.000 / 0.000         0.000 / 0.000         5.693 / 15.474        5.693 / 15.474      ms
[2023-11-16T13:21:38.991+0800][gc,stats    ]    Subphase: Concurrent References Enqueue                 0.000 / 0.000         0.000 / 0.000         0.005 / 0.005         0.005 / 0.005       ms
[2023-11-16T13:21:38.991+0800][gc,stats    ]    Subphase: Concurrent References Process                 0.000 / 0.000         0.000 / 0.000         0.108 / 0.128         0.108 / 0.128       ms
[2023-11-16T13:21:38.991+0800][gc,stats    ]    Subphase: Concurrent Roots ClassLoaderDataGraph         0.000 / 0.000         0.000 / 0.000         0.162 / 0.511         0.162 / 0.511       ms
[2023-11-16T13:21:38.991+0800][gc,stats    ]    Subphase: Concurrent Roots CodeCache                    0.000 / 0.000         0.000 / 0.000         0.000 / 0.000         0.000 / 0.000       ms
[2023-11-16T13:21:38.991+0800][gc,stats    ]    Subphase: Concurrent Roots JavaThreads                  0.000 / 0.000         0.000 / 0.000         0.945 / 1.682         0.945 / 1.682       ms
[2023-11-16T13:21:38.991+0800][gc,stats    ]    Subphase: Concurrent Roots OopStorageSet                0.000 / 0.000         0.000 / 0.000         0.041 / 0.062         0.041 / 0.062       ms
[2023-11-16T13:21:38.991+0800][gc,stats    ]    Subphase: Concurrent Weak Roots OopStorageSet           0.000 / 0.000         0.000 / 0.000         0.514 / 0.770         0.514 / 0.770       ms
[2023-11-16T13:21:38.991+0800][gc,stats    ]    Subphase: Pause Mark Try Complete                       0.000 / 0.000         0.000 / 0.000         0.000 / 0.000         0.000 / 0.000       ms
[2023-11-16T13:21:38.991+0800][gc,stats    ]      System: Java Threads                                      0 / 0                 0 / 0                36 / 51               36 / 51          threads
[2023-11-16T13:21:38.991+0800][gc,stats    ] =========================================================================================================================================================
[2023-11-16T13:21:48.985+0800][gc,stats    ] === Garbage Collection Statistics =======================================================================================================================
[2023-11-16T13:21:48.985+0800][gc,stats    ]                                                              Last 10s              Last 10m              Last 10h                Total
[2023-11-16T13:21:48.985+0800][gc,stats    ]                                                              Avg / Max             Avg / Max             Avg / Max             Avg / Max
[2023-11-16T13:21:48.985+0800][gc,stats    ]   Collector: Garbage Collection Cycle                      0.000 / 0.000         0.000 / 0.000        42.450 / 42.489       42.450 / 42.489      ms
[2023-11-16T13:21:48.985+0800][gc,stats    ]  Contention: Mark Segment Reset Contention                     0 / 0                 0 / 0                 0 / 2                 0 / 2           ops/s
[2023-11-16T13:21:48.985+0800][gc,stats    ]  Contention: Mark SeqNum Reset Contention                      0 / 0                 0 / 0                 0 / 1                 0 / 1           ops/s
[2023-11-16T13:21:48.985+0800][gc,stats    ]    Critical: Allocation Stall                                  0 / 0                 0 / 0                 0 / 0                 0 / 0           ops/s
[2023-11-16T13:21:48.985+0800][gc,stats    ]    Critical: Allocation Stall                              0.000 / 0.000         0.000 / 0.000         0.000 / 0.000         0.000 / 0.000       ms
[2023-11-16T13:21:48.985+0800][gc,stats    ]    Critical: GC Locker Stall                                   0 / 0                 0 / 0                 0 / 0                 0 / 0           ops/s
[2023-11-16T13:21:48.985+0800][gc,stats    ]    Critical: GC Locker Stall                               0.000 / 0.000         0.000 / 0.000         0.000 / 0.000         0.000 / 0.000       ms
[2023-11-16T13:21:48.985+0800][gc,stats    ]    Critical: Relocation Stall                                  0 / 0                 0 / 0                 0 / 0                 0 / 0           ops/s
[2023-11-16T13:21:48.985+0800][gc,stats    ]    Critical: Relocation Stall                              0.000 / 0.000         0.000 / 0.000         0.000 / 0.000         0.000 / 0.000       ms
[2023-11-16T13:21:48.985+0800][gc,stats    ]      Memory: Allocation Rate                                   0 / 2                 0 / 12                0 / 96                0 / 96          MB/s
[2023-11-16T13:21:48.985+0800][gc,stats    ]      Memory: Defragment                                        0 / 0                 0 / 0                 0 / 0                 0 / 0           ops/s
[2023-11-16T13:21:48.985+0800][gc,stats    ]      Memory: Out Of Memory                                     0 / 0                 0 / 0                 0 / 0                 0 / 0           ops/s
[2023-11-16T13:21:48.985+0800][gc,stats    ]      Memory: Page Cache Flush                                  0 / 0                 0 / 0                 0 / 0                 0 / 0           MB/s
[2023-11-16T13:21:48.985+0800][gc,stats    ]      Memory: Page Cache Hit L1                                 0 / 0                 0 / 1                 0 / 38                0 / 38          ops/s
[2023-11-16T13:21:48.985+0800][gc,stats    ]      Memory: Page Cache Hit L2                                 0 / 0                 0 / 0                 0 / 0                 0 / 0           ops/s
[2023-11-16T13:21:48.985+0800][gc,stats    ]      Memory: Page Cache Hit L3                                 0 / 1                 0 / 6                 0 / 48                0 / 48          ops/s
[2023-11-16T13:21:48.985+0800][gc,stats    ]      Memory: Page Cache Miss                                   0 / 0                 0 / 0                 0 / 1                 0 / 1           ops/s
[2023-11-16T13:21:48.985+0800][gc,stats    ]      Memory: Uncommit                                          0 / 0                 0 / 0                 0 / 0                 0 / 0           MB/s
[2023-11-16T13:21:48.985+0800][gc,stats    ]      Memory: Undo Object Allocation Failed                     0 / 0                 0 / 0                 0 / 0                 0 / 0           ops/s
[2023-11-16T13:21:48.985+0800][gc,stats    ]      Memory: Undo Object Allocation Succeeded                  0 / 0                 0 / 0                 0 / 0                 0 / 0           ops/s
[2023-11-16T13:21:48.985+0800][gc,stats    ]      Memory: Undo Page Allocation                              0 / 0                 0 / 0                 0 / 0                 0 / 0           ops/s
[2023-11-16T13:21:48.985+0800][gc,stats    ]       Phase: Concurrent Mark                               0.000 / 0.000         0.000 / 0.000        25.401 / 26.782       25.401 / 26.782      ms
[2023-11-16T13:21:48.985+0800][gc,stats    ]       Phase: Concurrent Mark Continue                      0.000 / 0.000         0.000 / 0.000         0.000 / 0.000         0.000 / 0.000       ms
[2023-11-16T13:21:48.985+0800][gc,stats    ]       Phase: Concurrent Mark Free                          0.000 / 0.000         0.000 / 0.000         0.001 / 0.001         0.001 / 0.001       ms
[2023-11-16T13:21:48.985+0800][gc,stats    ]       Phase: Concurrent Process Non-Strong References      0.000 / 0.000         0.000 / 0.000         2.435 / 2.758         2.435 / 2.758       ms
[2023-11-16T13:21:48.985+0800][gc,stats    ]       Phase: Concurrent Relocate                           0.000 / 0.000         0.000 / 0.000         2.928 / 3.220         2.928 / 3.220       ms
[2023-11-16T13:21:48.985+0800][gc,stats    ]       Phase: Concurrent Reset Relocation Set               0.000 / 0.000         0.000 / 0.000         0.003 / 0.006         0.003 / 0.006       ms
[2023-11-16T13:21:48.985+0800][gc,stats    ]       Phase: Concurrent Select Relocation Set              0.000 / 0.000         0.000 / 0.000         5.767 / 9.539         5.767 / 9.539       ms
[2023-11-16T13:21:48.985+0800][gc,stats    ]       Phase: Pause Mark End                                0.000 / 0.000         0.000 / 0.000         0.023 / 0.026         0.023 / 0.026       ms
[2023-11-16T13:21:48.985+0800][gc,stats    ]       Phase: Pause Mark Start                              0.000 / 0.000         0.000 / 0.000         0.010 / 0.014         0.010 / 0.014       ms
[2023-11-16T13:21:48.985+0800][gc,stats    ]       Phase: Pause Relocate Start                          0.000 / 0.000         0.000 / 0.000         0.014 / 0.017         0.014 / 0.017       ms
[2023-11-16T13:21:48.985+0800][gc,stats    ]    Subphase: Concurrent Classes Purge                      0.000 / 0.000         0.000 / 0.000         0.082 / 0.093         0.082 / 0.093       ms
[2023-11-16T13:21:48.985+0800][gc,stats    ]    Subphase: Concurrent Classes Unlink                     0.000 / 0.000         0.000 / 0.000         1.496 / 1.649         1.496 / 1.649       ms
[2023-11-16T13:21:48.985+0800][gc,stats    ]    Subphase: Concurrent Mark                               0.000 / 0.000         0.000 / 0.000        21.597 / 25.992       21.597 / 25.992      ms
[2023-11-16T13:21:48.985+0800][gc,stats    ]    Subphase: Concurrent Mark Try Flush                     0.000 / 0.000         0.000 / 0.000         0.068 / 0.146         0.068 / 0.146       ms
[2023-11-16T13:21:48.985+0800][gc,stats    ]    Subphase: Concurrent Mark Try Terminate                 0.000 / 0.000         0.000 / 0.000         5.693 / 15.474        5.693 / 15.474      ms
[2023-11-16T13:21:48.985+0800][gc,stats    ]    Subphase: Concurrent References Enqueue                 0.000 / 0.000         0.000 / 0.000         0.005 / 0.005         0.005 / 0.005       ms
[2023-11-16T13:21:48.985+0800][gc,stats    ]    Subphase: Concurrent References Process                 0.000 / 0.000         0.000 / 0.000         0.108 / 0.128         0.108 / 0.128       ms
[2023-11-16T13:21:48.985+0800][gc,stats    ]    Subphase: Concurrent Roots ClassLoaderDataGraph         0.000 / 0.000         0.000 / 0.000         0.162 / 0.511         0.162 / 0.511       ms
[2023-11-16T13:21:48.985+0800][gc,stats    ]    Subphase: Concurrent Roots CodeCache                    0.000 / 0.000         0.000 / 0.000         0.000 / 0.000         0.000 / 0.000       ms
[2023-11-16T13:21:48.985+0800][gc,stats    ]    Subphase: Concurrent Roots JavaThreads                  0.000 / 0.000         0.000 / 0.000         0.945 / 1.682         0.945 / 1.682       ms
[2023-11-16T13:21:48.985+0800][gc,stats    ]    Subphase: Concurrent Roots OopStorageSet                0.000 / 0.000         0.000 / 0.000         0.041 / 0.062         0.041 / 0.062       ms
[2023-11-16T13:21:48.985+0800][gc,stats    ]    Subphase: Concurrent Weak Roots OopStorageSet           0.000 / 0.000         0.000 / 0.000         0.514 / 0.770         0.514 / 0.770       ms
[2023-11-16T13:21:48.985+0800][gc,stats    ]    Subphase: Pause Mark Try Complete                       0.000 / 0.000         0.000 / 0.000         0.000 / 0.000         0.000 / 0.000       ms
[2023-11-16T13:21:48.985+0800][gc,stats    ]      System: Java Threads                                      0 / 0                 0 / 0                36 / 51               36 / 51          threads
[2023-11-16T13:21:48.985+0800][gc,stats    ] =========================================================================================================================================================
[2023-11-16T13:21:58.984+0800][gc,stats    ] === Garbage Collection Statistics =======================================================================================================================
[2023-11-16T13:21:58.984+0800][gc,stats    ]                                                              Last 10s              Last 10m              Last 10h                Total
[2023-11-16T13:21:58.984+0800][gc,stats    ]                                                              Avg / Max             Avg / Max             Avg / Max             Avg / Max
[2023-11-16T13:21:58.984+0800][gc,stats    ]   Collector: Garbage Collection Cycle                      0.000 / 0.000         0.000 / 0.000        42.450 / 42.489       42.450 / 42.489      ms
[2023-11-16T13:21:58.984+0800][gc,stats    ]  Contention: Mark Segment Reset Contention                     0 / 0                 0 / 0                 0 / 2                 0 / 2           ops/s
[2023-11-16T13:21:58.984+0800][gc,stats    ]  Contention: Mark SeqNum Reset Contention                      0 / 0                 0 / 0                 0 / 1                 0 / 1           ops/s
[2023-11-16T13:21:58.984+0800][gc,stats    ]    Critical: Allocation Stall                                  0 / 0                 0 / 0                 0 / 0                 0 / 0           ops/s
[2023-11-16T13:21:58.984+0800][gc,stats    ]    Critical: Allocation Stall                              0.000 / 0.000         0.000 / 0.000         0.000 / 0.000         0.000 / 0.000       ms
[2023-11-16T13:21:58.984+0800][gc,stats    ]    Critical: GC Locker Stall                                   0 / 0                 0 / 0                 0 / 0                 0 / 0           ops/s
[2023-11-16T13:21:58.984+0800][gc,stats    ]    Critical: GC Locker Stall                               0.000 / 0.000         0.000 / 0.000         0.000 / 0.000         0.000 / 0.000       ms
[2023-11-16T13:21:58.984+0800][gc,stats    ]    Critical: Relocation Stall                                  0 / 0                 0 / 0                 0 / 0                 0 / 0           ops/s
[2023-11-16T13:21:58.984+0800][gc,stats    ]    Critical: Relocation Stall                              0.000 / 0.000         0.000 / 0.000         0.000 / 0.000         0.000 / 0.000       ms
[2023-11-16T13:21:58.984+0800][gc,stats    ]      Memory: Allocation Rate                                   0 / 0                 0 / 12                0 / 96                0 / 96          MB/s
[2023-11-16T13:21:58.984+0800][gc,stats    ]      Memory: Defragment                                        0 / 0                 0 / 0                 0 / 0                 0 / 0           ops/s
[2023-11-16T13:21:58.984+0800][gc,stats    ]      Memory: Out Of Memory                                     0 / 0                 0 / 0                 0 / 0                 0 / 0           ops/s
[2023-11-16T13:21:58.984+0800][gc,stats    ]      Memory: Page Cache Flush                                  0 / 0                 0 / 0                 0 / 0                 0 / 0           MB/s
[2023-11-16T13:21:58.984+0800][gc,stats    ]      Memory: Page Cache Hit L1                                 0 / 0                 0 / 1                 0 / 38                0 / 38          ops/s
[2023-11-16T13:21:58.984+0800][gc,stats    ]      Memory: Page Cache Hit L2                                 0 / 0                 0 / 0                 0 / 0                 0 / 0           ops/s
[2023-11-16T13:21:58.984+0800][gc,stats    ]      Memory: Page Cache Hit L3                                 0 / 0                 0 / 6                 0 / 48                0 / 48          ops/s
[2023-11-16T13:21:58.984+0800][gc,stats    ]      Memory: Page Cache Miss                                   0 / 0                 0 / 0                 0 / 1                 0 / 1           ops/s
[2023-11-16T13:21:58.984+0800][gc,stats    ]      Memory: Uncommit                                          0 / 0                 0 / 0                 0 / 0                 0 / 0           MB/s
[2023-11-16T13:21:58.984+0800][gc,stats    ]      Memory: Undo Object Allocation Failed                     0 / 0                 0 / 0                 0 / 0                 0 / 0           ops/s
[2023-11-16T13:21:58.984+0800][gc,stats    ]      Memory: Undo Object Allocation Succeeded                  0 / 0                 0 / 0                 0 / 0                 0 / 0           ops/s
[2023-11-16T13:21:58.984+0800][gc,stats    ]      Memory: Undo Page Allocation                              0 / 0                 0 / 0                 0 / 0                 0 / 0           ops/s
[2023-11-16T13:21:58.984+0800][gc,stats    ]       Phase: Concurrent Mark                               0.000 / 0.000         0.000 / 0.000        25.401 / 26.782       25.401 / 26.782      ms
[2023-11-16T13:21:58.984+0800][gc,stats    ]       Phase: Concurrent Mark Continue                      0.000 / 0.000         0.000 / 0.000         0.000 / 0.000         0.000 / 0.000       ms
[2023-11-16T13:21:58.984+0800][gc,stats    ]       Phase: Concurrent Mark Free                          0.000 / 0.000         0.000 / 0.000         0.001 / 0.001         0.001 / 0.001       ms
[2023-11-16T13:21:58.984+0800][gc,stats    ]       Phase: Concurrent Process Non-Strong References      0.000 / 0.000         0.000 / 0.000         2.435 / 2.758         2.435 / 2.758       ms
[2023-11-16T13:21:58.984+0800][gc,stats    ]       Phase: Concurrent Relocate                           0.000 / 0.000         0.000 / 0.000         2.928 / 3.220         2.928 / 3.220       ms
[2023-11-16T13:21:58.984+0800][gc,stats    ]       Phase: Concurrent Reset Relocation Set               0.000 / 0.000         0.000 / 0.000         0.003 / 0.006         0.003 / 0.006       ms
[2023-11-16T13:21:58.984+0800][gc,stats    ]       Phase: Concurrent Select Relocation Set              0.000 / 0.000         0.000 / 0.000         5.767 / 9.539         5.767 / 9.539       ms
[2023-11-16T13:21:58.984+0800][gc,stats    ]       Phase: Pause Mark End                                0.000 / 0.000         0.000 / 0.000         0.023 / 0.026         0.023 / 0.026       ms
[2023-11-16T13:21:58.984+0800][gc,stats    ]       Phase: Pause Mark Start                              0.000 / 0.000         0.000 / 0.000         0.010 / 0.014         0.010 / 0.014       ms
[2023-11-16T13:21:58.984+0800][gc,stats    ]       Phase: Pause Relocate Start                          0.000 / 0.000         0.000 / 0.000         0.014 / 0.017         0.014 / 0.017       ms
[2023-11-16T13:21:58.984+0800][gc,stats    ]    Subphase: Concurrent Classes Purge                      0.000 / 0.000         0.000 / 0.000         0.082 / 0.093         0.082 / 0.093       ms
[2023-11-16T13:21:58.984+0800][gc,stats    ]    Subphase: Concurrent Classes Unlink                     0.000 / 0.000         0.000 / 0.000         1.496 / 1.649         1.496 / 1.649       ms
[2023-11-16T13:21:58.984+0800][gc,stats    ]    Subphase: Concurrent Mark                               0.000 / 0.000         0.000 / 0.000        21.597 / 25.992       21.597 / 25.992      ms
[2023-11-16T13:21:58.984+0800][gc,stats    ]    Subphase: Concurrent Mark Try Flush                     0.000 / 0.000         0.000 / 0.000         0.068 / 0.146         0.068 / 0.146       ms
[2023-11-16T13:21:58.984+0800][gc,stats    ]    Subphase: Concurrent Mark Try Terminate                 0.000 / 0.000         0.000 / 0.000         5.693 / 15.474        5.693 / 15.474      ms
[2023-11-16T13:21:58.984+0800][gc,stats    ]    Subphase: Concurrent References Enqueue                 0.000 / 0.000         0.000 / 0.000         0.005 / 0.005         0.005 / 0.005       ms
[2023-11-16T13:21:58.984+0800][gc,stats    ]    Subphase: Concurrent References Process                 0.000 / 0.000         0.000 / 0.000         0.108 / 0.128         0.108 / 0.128       ms
[2023-11-16T13:21:58.984+0800][gc,stats    ]    Subphase: Concurrent Roots ClassLoaderDataGraph         0.000 / 0.000         0.000 / 0.000         0.162 / 0.511         0.162 / 0.511       ms
[2023-11-16T13:21:58.984+0800][gc,stats    ]    Subphase: Concurrent Roots CodeCache                    0.000 / 0.000         0.000 / 0.000         0.000 / 0.000         0.000 / 0.000       ms
[2023-11-16T13:21:58.984+0800][gc,stats    ]    Subphase: Concurrent Roots JavaThreads                  0.000 / 0.000         0.000 / 0.000         0.945 / 1.682         0.945 / 1.682       ms
[2023-11-16T13:21:58.984+0800][gc,stats    ]    Subphase: Concurrent Roots OopStorageSet                0.000 / 0.000         0.000 / 0.000         0.041 / 0.062         0.041 / 0.062       ms
[2023-11-16T13:21:58.984+0800][gc,stats    ]    Subphase: Concurrent Weak Roots OopStorageSet           0.000 / 0.000         0.000 / 0.000         0.514 / 0.770         0.514 / 0.770       ms
[2023-11-16T13:21:58.984+0800][gc,stats    ]    Subphase: Pause Mark Try Complete                       0.000 / 0.000         0.000 / 0.000         0.000 / 0.000         0.000 / 0.000       ms
[2023-11-16T13:21:58.984+0800][gc,stats    ]      System: Java Threads                                      0 / 0                 0 / 0                36 / 51               36 / 51          threads
[2023-11-16T13:21:58.984+0800][gc,stats    ] =========================================================================================================================================================
[2023-11-16T13:22:08.984+0800][gc,stats    ] === Garbage Collection Statistics =======================================================================================================================
[2023-11-16T13:22:08.984+0800][gc,stats    ]                                                              Last 10s              Last 10m              Last 10h                Total
[2023-11-16T13:22:08.984+0800][gc,stats    ]                                                              Avg / Max             Avg / Max             Avg / Max             Avg / Max
[2023-11-16T13:22:08.984+0800][gc,stats    ]   Collector: Garbage Collection Cycle                      0.000 / 0.000         0.000 / 0.000        42.450 / 42.489       42.450 / 42.489      ms
[2023-11-16T13:22:08.984+0800][gc,stats    ]  Contention: Mark Segment Reset Contention                     0 / 0                 0 / 0                 0 / 2                 0 / 2           ops/s
[2023-11-16T13:22:08.984+0800][gc,stats    ]  Contention: Mark SeqNum Reset Contention                      0 / 0                 0 / 0                 0 / 1                 0 / 1           ops/s
[2023-11-16T13:22:08.984+0800][gc,stats    ]    Critical: Allocation Stall                                  0 / 0                 0 / 0                 0 / 0                 0 / 0           ops/s
[2023-11-16T13:22:08.984+0800][gc,stats    ]    Critical: Allocation Stall                              0.000 / 0.000         0.000 / 0.000         0.000 / 0.000         0.000 / 0.000       ms
[2023-11-16T13:22:08.984+0800][gc,stats    ]    Critical: GC Locker Stall                                   0 / 0                 0 / 0                 0 / 0                 0 / 0           ops/s
[2023-11-16T13:22:08.984+0800][gc,stats    ]    Critical: GC Locker Stall                               0.000 / 0.000         0.000 / 0.000         0.000 / 0.000         0.000 / 0.000       ms
[2023-11-16T13:22:08.984+0800][gc,stats    ]    Critical: Relocation Stall                                  0 / 0                 0 / 0                 0 / 0                 0 / 0           ops/s
[2023-11-16T13:22:08.984+0800][gc,stats    ]    Critical: Relocation Stall                              0.000 / 0.000         0.000 / 0.000         0.000 / 0.000         0.000 / 0.000       ms
[2023-11-16T13:22:08.984+0800][gc,stats    ]      Memory: Allocation Rate                                   0 / 2                 0 / 12                0 / 96                0 / 96          MB/s
[2023-11-16T13:22:08.984+0800][gc,stats    ]      Memory: Defragment                                        0 / 0                 0 / 0                 0 / 0                 0 / 0           ops/s
[2023-11-16T13:22:08.984+0800][gc,stats    ]      Memory: Out Of Memory                                     0 / 0                 0 / 0                 0 / 0                 0 / 0           ops/s
[2023-11-16T13:22:08.984+0800][gc,stats    ]      Memory: Page Cache Flush                                  0 / 0                 0 / 0                 0 / 0                 0 / 0           MB/s
[2023-11-16T13:22:08.984+0800][gc,stats    ]      Memory: Page Cache Hit L1                                 0 / 0                 0 / 0                 0 / 38                0 / 38          ops/s
[2023-11-16T13:22:08.984+0800][gc,stats    ]      Memory: Page Cache Hit L2                                 0 / 0                 0 / 0                 0 / 0                 0 / 0           ops/s
[2023-11-16T13:22:08.984+0800][gc,stats    ]      Memory: Page Cache Hit L3                                 0 / 1                 0 / 6                 0 / 48                0 / 48          ops/s
[2023-11-16T13:22:08.984+0800][gc,stats    ]      Memory: Page Cache Miss                                   0 / 0                 0 / 0                 0 / 1                 0 / 1           ops/s
[2023-11-16T13:22:08.984+0800][gc,stats    ]      Memory: Uncommit                                          0 / 0                 0 / 0                 0 / 0                 0 / 0           MB/s
[2023-11-16T13:22:08.984+0800][gc,stats    ]      Memory: Undo Object Allocation Failed                     0 / 0                 0 / 0                 0 / 0                 0 / 0           ops/s
[2023-11-16T13:22:08.984+0800][gc,stats    ]      Memory: Undo Object Allocation Succeeded                  0 / 0                 0 / 0                 0 / 0                 0 / 0           ops/s
[2023-11-16T13:22:08.984+0800][gc,stats    ]      Memory: Undo Page Allocation                              0 / 0                 0 / 0                 0 / 0                 0 / 0           ops/s
[2023-11-16T13:22:08.984+0800][gc,stats    ]       Phase: Concurrent Mark                               0.000 / 0.000         0.000 / 0.000        25.401 / 26.782       25.401 / 26.782      ms
[2023-11-16T13:22:08.984+0800][gc,stats    ]       Phase: Concurrent Mark Continue                      0.000 / 0.000         0.000 / 0.000         0.000 / 0.000         0.000 / 0.000       ms
[2023-11-16T13:22:08.984+0800][gc,stats    ]       Phase: Concurrent Mark Free                          0.000 / 0.000         0.000 / 0.000         0.001 / 0.001         0.001 / 0.001       ms
[2023-11-16T13:22:08.984+0800][gc,stats    ]       Phase: Concurrent Process Non-Strong References      0.000 / 0.000         0.000 / 0.000         2.435 / 2.758         2.435 / 2.758       ms
[2023-11-16T13:22:08.984+0800][gc,stats    ]       Phase: Concurrent Relocate                           0.000 / 0.000         0.000 / 0.000         2.928 / 3.220         2.928 / 3.220       ms
[2023-11-16T13:22:08.984+0800][gc,stats    ]       Phase: Concurrent Reset Relocation Set               0.000 / 0.000         0.000 / 0.000         0.003 / 0.006         0.003 / 0.006       ms
[2023-11-16T13:22:08.984+0800][gc,stats    ]       Phase: Concurrent Select Relocation Set              0.000 / 0.000         0.000 / 0.000         5.767 / 9.539         5.767 / 9.539       ms
[2023-11-16T13:22:08.984+0800][gc,stats    ]       Phase: Pause Mark End                                0.000 / 0.000         0.000 / 0.000         0.023 / 0.026         0.023 / 0.026       ms
[2023-11-16T13:22:08.984+0800][gc,stats    ]       Phase: Pause Mark Start                              0.000 / 0.000         0.000 / 0.000         0.010 / 0.014         0.010 / 0.014       ms
[2023-11-16T13:22:08.984+0800][gc,stats    ]       Phase: Pause Relocate Start                          0.000 / 0.000         0.000 / 0.000         0.014 / 0.017         0.014 / 0.017       ms
[2023-11-16T13:22:08.984+0800][gc,stats    ]    Subphase: Concurrent Classes Purge                      0.000 / 0.000         0.000 / 0.000         0.082 / 0.093         0.082 / 0.093       ms
[2023-11-16T13:22:08.984+0800][gc,stats    ]    Subphase: Concurrent Classes Unlink                     0.000 / 0.000         0.000 / 0.000         1.496 / 1.649         1.496 / 1.649       ms
[2023-11-16T13:22:08.984+0800][gc,stats    ]    Subphase: Concurrent Mark                               0.000 / 0.000         0.000 / 0.000        21.597 / 25.992       21.597 / 25.992      ms
[2023-11-16T13:22:08.984+0800][gc,stats    ]    Subphase: Concurrent Mark Try Flush                     0.000 / 0.000         0.000 / 0.000         0.068 / 0.146         0.068 / 0.146       ms
[2023-11-16T13:22:08.984+0800][gc,stats    ]    Subphase: Concurrent Mark Try Terminate                 0.000 / 0.000         0.000 / 0.000         5.693 / 15.474        5.693 / 15.474      ms
[2023-11-16T13:22:08.984+0800][gc,stats    ]    Subphase: Concurrent References Enqueue                 0.000 / 0.000         0.000 / 0.000         0.005 / 0.005         0.005 / 0.005       ms
[2023-11-16T13:22:08.984+0800][gc,stats    ]    Subphase: Concurrent References Process                 0.000 / 0.000         0.000 / 0.000         0.108 / 0.128         0.108 / 0.128       ms
[2023-11-16T13:22:08.984+0800][gc,stats    ]    Subphase: Concurrent Roots ClassLoaderDataGraph         0.000 / 0.000         0.000 / 0.000         0.162 / 0.511         0.162 / 0.511       ms
[2023-11-16T13:22:08.984+0800][gc,stats    ]    Subphase: Concurrent Roots CodeCache                    0.000 / 0.000         0.000 / 0.000         0.000 / 0.000         0.000 / 0.000       ms
[2023-11-16T13:22:08.984+0800][gc,stats    ]    Subphase: Concurrent Roots JavaThreads                  0.000 / 0.000         0.000 / 0.000         0.945 / 1.682         0.945 / 1.682       ms
[2023-11-16T13:22:08.984+0800][gc,stats    ]    Subphase: Concurrent Roots OopStorageSet                0.000 / 0.000         0.000 / 0.000         0.041 / 0.062         0.041 / 0.062       ms
[2023-11-16T13:22:08.984+0800][gc,stats    ]    Subphase: Concurrent Weak Roots OopStorageSet           0.000 / 0.000         0.000 / 0.000         0.514 / 0.770         0.514 / 0.770       ms
[2023-11-16T13:22:08.984+0800][gc,stats    ]    Subphase: Pause Mark Try Complete                       0.000 / 0.000         0.000 / 0.000         0.000 / 0.000         0.000 / 0.000       ms
[2023-11-16T13:22:08.984+0800][gc,stats    ]      System: Java Threads                                      0 / 0                 0 / 0                36 / 51               36 / 51          threads
[2023-11-16T13:22:08.984+0800][gc,stats    ] =========================================================================================================================================================
[2023-11-16T13:22:18.984+0800][gc,stats    ] === Garbage Collection Statistics =======================================================================================================================
[2023-11-16T13:22:18.984+0800][gc,stats    ]                                                              Last 10s              Last 10m              Last 10h                Total
[2023-11-16T13:22:18.984+0800][gc,stats    ]                                                              Avg / Max             Avg / Max             Avg / Max             Avg / Max
[2023-11-16T13:22:18.984+0800][gc,stats    ]   Collector: Garbage Collection Cycle                      0.000 / 0.000         0.000 / 0.000        42.450 / 42.489       42.450 / 42.489      ms
[2023-11-16T13:22:18.984+0800][gc,stats    ]  Contention: Mark Segment Reset Contention                     0 / 0                 0 / 0                 0 / 2                 0 / 2           ops/s
[2023-11-16T13:22:18.984+0800][gc,stats    ]  Contention: Mark SeqNum Reset Contention                      0 / 0                 0 / 0                 0 / 1                 0 / 1           ops/s
[2023-11-16T13:22:18.984+0800][gc,stats    ]    Critical: Allocation Stall                                  0 / 0                 0 / 0                 0 / 0                 0 / 0           ops/s
[2023-11-16T13:22:18.984+0800][gc,stats    ]    Critical: Allocation Stall                              0.000 / 0.000         0.000 / 0.000         0.000 / 0.000         0.000 / 0.000       ms
[2023-11-16T13:22:18.984+0800][gc,stats    ]    Critical: GC Locker Stall                                   0 / 0                 0 / 0                 0 / 0                 0 / 0           ops/s
[2023-11-16T13:22:18.984+0800][gc,stats    ]    Critical: GC Locker Stall                               0.000 / 0.000         0.000 / 0.000         0.000 / 0.000         0.000 / 0.000       ms
[2023-11-16T13:22:18.984+0800][gc,stats    ]    Critical: Relocation Stall                                  0 / 0                 0 / 0                 0 / 0                 0 / 0           ops/s
[2023-11-16T13:22:18.984+0800][gc,stats    ]    Critical: Relocation Stall                              0.000 / 0.000         0.000 / 0.000         0.000 / 0.000         0.000 / 0.000       ms
[2023-11-16T13:22:18.984+0800][gc,stats    ]      Memory: Allocation Rate                                   0 / 0                 0 / 12                0 / 96                0 / 96          MB/s
[2023-11-16T13:22:18.984+0800][gc,stats    ]      Memory: Defragment                                        0 / 0                 0 / 0                 0 / 0                 0 / 0           ops/s
[2023-11-16T13:22:18.984+0800][gc,stats    ]      Memory: Out Of Memory                                     0 / 0                 0 / 0                 0 / 0                 0 / 0           ops/s
[2023-11-16T13:22:18.984+0800][gc,stats    ]      Memory: Page Cache Flush                                  0 / 0                 0 / 0                 0 / 0                 0 / 0           MB/s
[2023-11-16T13:22:18.984+0800][gc,stats    ]      Memory: Page Cache Hit L1                                 0 / 0                 0 / 0                 0 / 38                0 / 38          ops/s
[2023-11-16T13:22:18.984+0800][gc,stats    ]      Memory: Page Cache Hit L2                                 0 / 0                 0 / 0                 0 / 0                 0 / 0           ops/s
[2023-11-16T13:22:18.984+0800][gc,stats    ]      Memory: Page Cache Hit L3                                 0 / 0                 0 / 6                 0 / 48                0 / 48          ops/s
[2023-11-16T13:22:18.984+0800][gc,stats    ]      Memory: Page Cache Miss                                   0 / 0                 0 / 0                 0 / 1                 0 / 1           ops/s
[2023-11-16T13:22:18.984+0800][gc,stats    ]      Memory: Uncommit                                          0 / 0                 0 / 0                 0 / 0                 0 / 0           MB/s
[2023-11-16T13:22:18.984+0800][gc,stats    ]      Memory: Undo Object Allocation Failed                     0 / 0                 0 / 0                 0 / 0                 0 / 0           ops/s
[2023-11-16T13:22:18.984+0800][gc,stats    ]      Memory: Undo Object Allocation Succeeded                  0 / 0                 0 / 0                 0 / 0                 0 / 0           ops/s
[2023-11-16T13:22:18.984+0800][gc,stats    ]      Memory: Undo Page Allocation                              0 / 0                 0 / 0                 0 / 0                 0 / 0           ops/s
[2023-11-16T13:22:18.984+0800][gc,stats    ]       Phase: Concurrent Mark                               0.000 / 0.000         0.000 / 0.000        25.401 / 26.782       25.401 / 26.782      ms
[2023-11-16T13:22:18.984+0800][gc,stats    ]       Phase: Concurrent Mark Continue                      0.000 / 0.000         0.000 / 0.000         0.000 / 0.000         0.000 / 0.000       ms
[2023-11-16T13:22:18.984+0800][gc,stats    ]       Phase: Concurrent Mark Free                          0.000 / 0.000         0.000 / 0.000         0.001 / 0.001         0.001 / 0.001       ms
[2023-11-16T13:22:18.984+0800][gc,stats    ]       Phase: Concurrent Process Non-Strong References      0.000 / 0.000         0.000 / 0.000         2.435 / 2.758         2.435 / 2.758       ms
[2023-11-16T13:22:18.984+0800][gc,stats    ]       Phase: Concurrent Relocate                           0.000 / 0.000         0.000 / 0.000         2.928 / 3.220         2.928 / 3.220       ms
[2023-11-16T13:22:18.984+0800][gc,stats    ]       Phase: Concurrent Reset Relocation Set               0.000 / 0.000         0.000 / 0.000         0.003 / 0.006         0.003 / 0.006       ms
[2023-11-16T13:22:18.984+0800][gc,stats    ]       Phase: Concurrent Select Relocation Set              0.000 / 0.000         0.000 / 0.000         5.767 / 9.539         5.767 / 9.539       ms
[2023-11-16T13:22:18.984+0800][gc,stats    ]       Phase: Pause Mark End                                0.000 / 0.000         0.000 / 0.000         0.023 / 0.026         0.023 / 0.026       ms
[2023-11-16T13:22:18.984+0800][gc,stats    ]       Phase: Pause Mark Start                              0.000 / 0.000         0.000 / 0.000         0.010 / 0.014         0.010 / 0.014       ms
[2023-11-16T13:22:18.984+0800][gc,stats    ]       Phase: Pause Relocate Start                          0.000 / 0.000         0.000 / 0.000         0.014 / 0.017         0.014 / 0.017       ms
[2023-11-16T13:22:18.984+0800][gc,stats    ]    Subphase: Concurrent Classes Purge                      0.000 / 0.000         0.000 / 0.000         0.082 / 0.093         0.082 / 0.093       ms
[2023-11-16T13:22:18.984+0800][gc,stats    ]    Subphase: Concurrent Classes Unlink                     0.000 / 0.000         0.000 / 0.000         1.496 / 1.649         1.496 / 1.649       ms
[2023-11-16T13:22:18.984+0800][gc,stats    ]    Subphase: Concurrent Mark                               0.000 / 0.000         0.000 / 0.000        21.597 / 25.992       21.597 / 25.992      ms
[2023-11-16T13:22:18.984+0800][gc,stats    ]    Subphase: Concurrent Mark Try Flush                     0.000 / 0.000         0.000 / 0.000         0.068 / 0.146         0.068 / 0.146       ms
[2023-11-16T13:22:18.984+0800][gc,stats    ]    Subphase: Concurrent Mark Try Terminate                 0.000 / 0.000         0.000 / 0.000         5.693 / 15.474        5.693 / 15.474      ms
[2023-11-16T13:22:18.984+0800][gc,stats    ]    Subphase: Concurrent References Enqueue                 0.000 / 0.000         0.000 / 0.000         0.005 / 0.005         0.005 / 0.005       ms
[2023-11-16T13:22:18.984+0800][gc,stats    ]    Subphase: Concurrent References Process                 0.000 / 0.000         0.000 / 0.000         0.108 / 0.128         0.108 / 0.128       ms
[2023-11-16T13:22:18.984+0800][gc,stats    ]    Subphase: Concurrent Roots ClassLoaderDataGraph         0.000 / 0.000         0.000 / 0.000         0.162 / 0.511         0.162 / 0.511       ms
[2023-11-16T13:22:18.984+0800][gc,stats    ]    Subphase: Concurrent Roots CodeCache                    0.000 / 0.000         0.000 / 0.000         0.000 / 0.000         0.000 / 0.000       ms
[2023-11-16T13:22:18.984+0800][gc,stats    ]    Subphase: Concurrent Roots JavaThreads                  0.000 / 0.000         0.000 / 0.000         0.945 / 1.682         0.945 / 1.682       ms
[2023-11-16T13:22:18.984+0800][gc,stats    ]    Subphase: Concurrent Roots OopStorageSet                0.000 / 0.000         0.000 / 0.000         0.041 / 0.062         0.041 / 0.062       ms
[2023-11-16T13:22:18.984+0800][gc,stats    ]    Subphase: Concurrent Weak Roots OopStorageSet           0.000 / 0.000         0.000 / 0.000         0.514 / 0.770         0.514 / 0.770       ms
[2023-11-16T13:22:18.984+0800][gc,stats    ]    Subphase: Pause Mark Try Complete                       0.000 / 0.000         0.000 / 0.000         0.000 / 0.000         0.000 / 0.000       ms
[2023-11-16T13:22:18.984+0800][gc,stats    ]      System: Java Threads                                      0 / 0                 0 / 0                36 / 51               36 / 51          threads
[2023-11-16T13:22:18.984+0800][gc,stats    ] =========================================================================================================================================================
[2023-11-16T13:22:28.983+0800][gc,stats    ] === Garbage Collection Statistics =======================================================================================================================
[2023-11-16T13:22:28.983+0800][gc,stats    ]                                                              Last 10s              Last 10m              Last 10h                Total
[2023-11-16T13:22:28.983+0800][gc,stats    ]                                                              Avg / Max             Avg / Max             Avg / Max             Avg / Max
[2023-11-16T13:22:28.983+0800][gc,stats    ]   Collector: Garbage Collection Cycle                      0.000 / 0.000         0.000 / 0.000        42.450 / 42.489       42.450 / 42.489      ms
[2023-11-16T13:22:28.983+0800][gc,stats    ]  Contention: Mark Segment Reset Contention                     0 / 0                 0 / 0                 0 / 2                 0 / 2           ops/s
[2023-11-16T13:22:28.983+0800][gc,stats    ]  Contention: Mark SeqNum Reset Contention                      0 / 0                 0 / 0                 0 / 1                 0 / 1           ops/s
[2023-11-16T13:22:28.983+0800][gc,stats    ]    Critical: Allocation Stall                                  0 / 0                 0 / 0                 0 / 0                 0 / 0           ops/s
[2023-11-16T13:22:28.983+0800][gc,stats    ]    Critical: Allocation Stall                              0.000 / 0.000         0.000 / 0.000         0.000 / 0.000         0.000 / 0.000       ms
[2023-11-16T13:22:28.983+0800][gc,stats    ]    Critical: GC Locker Stall                                   0 / 0                 0 / 0                 0 / 0                 0 / 0           ops/s
[2023-11-16T13:22:28.983+0800][gc,stats    ]    Critical: GC Locker Stall                               0.000 / 0.000         0.000 / 0.000         0.000 / 0.000         0.000 / 0.000       ms
[2023-11-16T13:22:28.983+0800][gc,stats    ]    Critical: Relocation Stall                                  0 / 0                 0 / 0                 0 / 0                 0 / 0           ops/s
[2023-11-16T13:22:28.983+0800][gc,stats    ]    Critical: Relocation Stall                              0.000 / 0.000         0.000 / 0.000         0.000 / 0.000         0.000 / 0.000       ms
[2023-11-16T13:22:28.983+0800][gc,stats    ]      Memory: Allocation Rate                                   0 / 2                 0 / 12                0 / 96                0 / 96          MB/s
[2023-11-16T13:22:28.983+0800][gc,stats    ]      Memory: Defragment                                        0 / 0                 0 / 0                 0 / 0                 0 / 0           ops/s
[2023-11-16T13:22:28.983+0800][gc,stats    ]      Memory: Out Of Memory                                     0 / 0                 0 / 0                 0 / 0                 0 / 0           ops/s
[2023-11-16T13:22:28.983+0800][gc,stats    ]      Memory: Page Cache Flush                                  0 / 0                 0 / 0                 0 / 0                 0 / 0           MB/s
[2023-11-16T13:22:28.983+0800][gc,stats    ]      Memory: Page Cache Hit L1                                 0 / 0                 0 / 0                 0 / 38                0 / 38          ops/s
[2023-11-16T13:22:28.983+0800][gc,stats    ]      Memory: Page Cache Hit L2                                 0 / 0                 0 / 0                 0 / 0                 0 / 0           ops/s
[2023-11-16T13:22:28.983+0800][gc,stats    ]      Memory: Page Cache Hit L3                                 0 / 1                 0 / 6                 0 / 48                0 / 48          ops/s
[2023-11-16T13:22:28.983+0800][gc,stats    ]      Memory: Page Cache Miss                                   0 / 0                 0 / 0                 0 / 1                 0 / 1           ops/s
[2023-11-16T13:22:28.983+0800][gc,stats    ]      Memory: Uncommit                                          0 / 0                 0 / 0                 0 / 0                 0 / 0           MB/s
[2023-11-16T13:22:28.983+0800][gc,stats    ]      Memory: Undo Object Allocation Failed                     0 / 0                 0 / 0                 0 / 0                 0 / 0           ops/s
[2023-11-16T13:22:28.983+0800][gc,stats    ]      Memory: Undo Object Allocation Succeeded                  0 / 0                 0 / 0                 0 / 0                 0 / 0           ops/s
[2023-11-16T13:22:28.983+0800][gc,stats    ]      Memory: Undo Page Allocation                              0 / 0                 0 / 0                 0 / 0                 0 / 0           ops/s
[2023-11-16T13:22:28.983+0800][gc,stats    ]       Phase: Concurrent Mark                               0.000 / 0.000         0.000 / 0.000        25.401 / 26.782       25.401 / 26.782      ms
[2023-11-16T13:22:28.983+0800][gc,stats    ]       Phase: Concurrent Mark Continue                      0.000 / 0.000         0.000 / 0.000         0.000 / 0.000         0.000 / 0.000       ms
[2023-11-16T13:22:28.983+0800][gc,stats    ]       Phase: Concurrent Mark Free                          0.000 / 0.000         0.000 / 0.000         0.001 / 0.001         0.001 / 0.001       ms
[2023-11-16T13:22:28.983+0800][gc,stats    ]       Phase: Concurrent Process Non-Strong References      0.000 / 0.000         0.000 / 0.000         2.435 / 2.758         2.435 / 2.758       ms
[2023-11-16T13:22:28.983+0800][gc,stats    ]       Phase: Concurrent Relocate                           0.000 / 0.000         0.000 / 0.000         2.928 / 3.220         2.928 / 3.220       ms
[2023-11-16T13:22:28.983+0800][gc,stats    ]       Phase: Concurrent Reset Relocation Set               0.000 / 0.000         0.000 / 0.000         0.003 / 0.006         0.003 / 0.006       ms
[2023-11-16T13:22:28.983+0800][gc,stats    ]       Phase: Concurrent Select Relocation Set              0.000 / 0.000         0.000 / 0.000         5.767 / 9.539         5.767 / 9.539       ms
[2023-11-16T13:22:28.983+0800][gc,stats    ]       Phase: Pause Mark End                                0.000 / 0.000         0.000 / 0.000         0.023 / 0.026         0.023 / 0.026       ms
[2023-11-16T13:22:28.983+0800][gc,stats    ]       Phase: Pause Mark Start                              0.000 / 0.000         0.000 / 0.000         0.010 / 0.014         0.010 / 0.014       ms
[2023-11-16T13:22:28.983+0800][gc,stats    ]       Phase: Pause Relocate Start                          0.000 / 0.000         0.000 / 0.000         0.014 / 0.017         0.014 / 0.017       ms
[2023-11-16T13:22:28.983+0800][gc,stats    ]    Subphase: Concurrent Classes Purge                      0.000 / 0.000         0.000 / 0.000         0.082 / 0.093         0.082 / 0.093       ms
[2023-11-16T13:22:28.983+0800][gc,stats    ]    Subphase: Concurrent Classes Unlink                     0.000 / 0.000         0.000 / 0.000         1.496 / 1.649         1.496 / 1.649       ms
[2023-11-16T13:22:28.983+0800][gc,stats    ]    Subphase: Concurrent Mark                               0.000 / 0.000         0.000 / 0.000        21.597 / 25.992       21.597 / 25.992      ms
[2023-11-16T13:22:28.983+0800][gc,stats    ]    Subphase: Concurrent Mark Try Flush                     0.000 / 0.000         0.000 / 0.000         0.068 / 0.146         0.068 / 0.146       ms
[2023-11-16T13:22:28.983+0800][gc,stats    ]    Subphase: Concurrent Mark Try Terminate                 0.000 / 0.000         0.000 / 0.000         5.693 / 15.474        5.693 / 15.474      ms
[2023-11-16T13:22:28.983+0800][gc,stats    ]    Subphase: Concurrent References Enqueue                 0.000 / 0.000         0.000 / 0.000         0.005 / 0.005         0.005 / 0.005       ms
[2023-11-16T13:22:28.983+0800][gc,stats    ]    Subphase: Concurrent References Process                 0.000 / 0.000         0.000 / 0.000         0.108 / 0.128         0.108 / 0.128       ms
[2023-11-16T13:22:28.983+0800][gc,stats    ]    Subphase: Concurrent Roots ClassLoaderDataGraph         0.000 / 0.000         0.000 / 0.000         0.162 / 0.511         0.162 / 0.511       ms
[2023-11-16T13:22:28.983+0800][gc,stats    ]    Subphase: Concurrent Roots CodeCache                    0.000 / 0.000         0.000 / 0.000         0.000 / 0.000         0.000 / 0.000       ms
[2023-11-16T13:22:28.983+0800][gc,stats    ]    Subphase: Concurrent Roots JavaThreads                  0.000 / 0.000         0.000 / 0.000         0.945 / 1.682         0.945 / 1.682       ms
[2023-11-16T13:22:28.983+0800][gc,stats    ]    Subphase: Concurrent Roots OopStorageSet                0.000 / 0.000         0.000 / 0.000         0.041 / 0.062         0.041 / 0.062       ms
[2023-11-16T13:22:28.983+0800][gc,stats    ]    Subphase: Concurrent Weak Roots OopStorageSet           0.000 / 0.000         0.000 / 0.000         0.514 / 0.770         0.514 / 0.770       ms
[2023-11-16T13:22:28.984+0800][gc,stats    ]    Subphase: Pause Mark Try Complete                       0.000 / 0.000         0.000 / 0.000         0.000 / 0.000         0.000 / 0.000       ms
[2023-11-16T13:22:28.984+0800][gc,stats    ]      System: Java Threads                                      0 / 0                 0 / 0                36 / 51               36 / 51          threads
[2023-11-16T13:22:28.984+0800][gc,stats    ] =========================================================================================================================================================
[2023-11-16T13:22:38.984+0800][gc,stats    ] === Garbage Collection Statistics =======================================================================================================================
[2023-11-16T13:22:38.984+0800][gc,stats    ]                                                              Last 10s              Last 10m              Last 10h                Total
[2023-11-16T13:22:38.984+0800][gc,stats    ]                                                              Avg / Max             Avg / Max             Avg / Max             Avg / Max
[2023-11-16T13:22:38.984+0800][gc,stats    ]   Collector: Garbage Collection Cycle                      0.000 / 0.000         0.000 / 0.000        42.450 / 42.489       42.450 / 42.489      ms
[2023-11-16T13:22:38.984+0800][gc,stats    ]  Contention: Mark Segment Reset Contention                     0 / 0                 0 / 0                 0 / 2                 0 / 2           ops/s
[2023-11-16T13:22:38.984+0800][gc,stats    ]  Contention: Mark SeqNum Reset Contention                      0 / 0                 0 / 0                 0 / 1                 0 / 1           ops/s
[2023-11-16T13:22:38.984+0800][gc,stats    ]    Critical: Allocation Stall                                  0 / 0                 0 / 0                 0 / 0                 0 / 0           ops/s
[2023-11-16T13:22:38.984+0800][gc,stats    ]    Critical: Allocation Stall                              0.000 / 0.000         0.000 / 0.000         0.000 / 0.000         0.000 / 0.000       ms
[2023-11-16T13:22:38.984+0800][gc,stats    ]    Critical: GC Locker Stall                                   0 / 0                 0 / 0                 0 / 0                 0 / 0           ops/s
[2023-11-16T13:22:38.984+0800][gc,stats    ]    Critical: GC Locker Stall                               0.000 / 0.000         0.000 / 0.000         0.000 / 0.000         0.000 / 0.000       ms
[2023-11-16T13:22:38.984+0800][gc,stats    ]    Critical: Relocation Stall                                  0 / 0                 0 / 0                 0 / 0                 0 / 0           ops/s
[2023-11-16T13:22:38.984+0800][gc,stats    ]    Critical: Relocation Stall                              0.000 / 0.000         0.000 / 0.000         0.000 / 0.000         0.000 / 0.000       ms
[2023-11-16T13:22:38.984+0800][gc,stats    ]      Memory: Allocation Rate                                   0 / 0                 0 / 12                0 / 96                0 / 96          MB/s
[2023-11-16T13:22:38.984+0800][gc,stats    ]      Memory: Defragment                                        0 / 0                 0 / 0                 0 / 0                 0 / 0           ops/s
[2023-11-16T13:22:38.984+0800][gc,stats    ]      Memory: Out Of Memory                                     0 / 0                 0 / 0                 0 / 0                 0 / 0           ops/s
[2023-11-16T13:22:38.984+0800][gc,stats    ]      Memory: Page Cache Flush                                  0 / 0                 0 / 0                 0 / 0                 0 / 0           MB/s
[2023-11-16T13:22:38.984+0800][gc,stats    ]      Memory: Page Cache Hit L1                                 0 / 0                 0 / 0                 0 / 38                0 / 38          ops/s
[2023-11-16T13:22:38.984+0800][gc,stats    ]      Memory: Page Cache Hit L2                                 0 / 0                 0 / 0                 0 / 0                 0 / 0           ops/s
[2023-11-16T13:22:38.984+0800][gc,stats    ]      Memory: Page Cache Hit L3                                 0 / 0                 0 / 6                 0 / 48                0 / 48          ops/s
[2023-11-16T13:22:38.984+0800][gc,stats    ]      Memory: Page Cache Miss                                   0 / 0                 0 / 0                 0 / 1                 0 / 1           ops/s
[2023-11-16T13:22:38.984+0800][gc,stats    ]      Memory: Uncommit                                          0 / 0                 0 / 0                 0 / 0                 0 / 0           MB/s
[2023-11-16T13:22:38.984+0800][gc,stats    ]      Memory: Undo Object Allocation Failed                     0 / 0                 0 / 0                 0 / 0                 0 / 0           ops/s
[2023-11-16T13:22:38.984+0800][gc,stats    ]      Memory: Undo Object Allocation Succeeded                  0 / 0                 0 / 0                 0 / 0                 0 / 0           ops/s
[2023-11-16T13:22:38.984+0800][gc,stats    ]      Memory: Undo Page Allocation                              0 / 0                 0 / 0                 0 / 0                 0 / 0           ops/s
[2023-11-16T13:22:38.984+0800][gc,stats    ]       Phase: Concurrent Mark                               0.000 / 0.000         0.000 / 0.000        25.401 / 26.782       25.401 / 26.782      ms
[2023-11-16T13:22:38.984+0800][gc,stats    ]       Phase: Concurrent Mark Continue                      0.000 / 0.000         0.000 / 0.000         0.000 / 0.000         0.000 / 0.000       ms
[2023-11-16T13:22:38.984+0800][gc,stats    ]       Phase: Concurrent Mark Free                          0.000 / 0.000         0.000 / 0.000         0.001 / 0.001         0.001 / 0.001       ms
[2023-11-16T13:22:38.984+0800][gc,stats    ]       Phase: Concurrent Process Non-Strong References      0.000 / 0.000         0.000 / 0.000         2.435 / 2.758         2.435 / 2.758       ms
[2023-11-16T13:22:38.984+0800][gc,stats    ]       Phase: Concurrent Relocate                           0.000 / 0.000         0.000 / 0.000         2.928 / 3.220         2.928 / 3.220       ms
[2023-11-16T13:22:38.984+0800][gc,stats    ]       Phase: Concurrent Reset Relocation Set               0.000 / 0.000         0.000 / 0.000         0.003 / 0.006         0.003 / 0.006       ms
[2023-11-16T13:22:38.984+0800][gc,stats    ]       Phase: Concurrent Select Relocation Set              0.000 / 0.000         0.000 / 0.000         5.767 / 9.539         5.767 / 9.539       ms
[2023-11-16T13:22:38.984+0800][gc,stats    ]       Phase: Pause Mark End                                0.000 / 0.000         0.000 / 0.000         0.023 / 0.026         0.023 / 0.026       ms
[2023-11-16T13:22:38.984+0800][gc,stats    ]       Phase: Pause Mark Start                              0.000 / 0.000         0.000 / 0.000         0.010 / 0.014         0.010 / 0.014       ms
[2023-11-16T13:22:38.984+0800][gc,stats    ]       Phase: Pause Relocate Start                          0.000 / 0.000         0.000 / 0.000         0.014 / 0.017         0.014 / 0.017       ms
[2023-11-16T13:22:38.984+0800][gc,stats    ]    Subphase: Concurrent Classes Purge                      0.000 / 0.000         0.000 / 0.000         0.082 / 0.093         0.082 / 0.093       ms
[2023-11-16T13:22:38.984+0800][gc,stats    ]    Subphase: Concurrent Classes Unlink                     0.000 / 0.000         0.000 / 0.000         1.496 / 1.649         1.496 / 1.649       ms
[2023-11-16T13:22:38.984+0800][gc,stats    ]    Subphase: Concurrent Mark                               0.000 / 0.000         0.000 / 0.000        21.597 / 25.992       21.597 / 25.992      ms
[2023-11-16T13:22:38.984+0800][gc,stats    ]    Subphase: Concurrent Mark Try Flush                     0.000 / 0.000         0.000 / 0.000         0.068 / 0.146         0.068 / 0.146       ms
[2023-11-16T13:22:38.984+0800][gc,stats    ]    Subphase: Concurrent Mark Try Terminate                 0.000 / 0.000         0.000 / 0.000         5.693 / 15.474        5.693 / 15.474      ms
[2023-11-16T13:22:38.984+0800][gc,stats    ]    Subphase: Concurrent References Enqueue                 0.000 / 0.000         0.000 / 0.000         0.005 / 0.005         0.005 / 0.005       ms
[2023-11-16T13:22:38.984+0800][gc,stats    ]    Subphase: Concurrent References Process                 0.000 / 0.000         0.000 / 0.000         0.108 / 0.128         0.108 / 0.128       ms
[2023-11-16T13:22:38.984+0800][gc,stats    ]    Subphase: Concurrent Roots ClassLoaderDataGraph         0.000 / 0.000         0.000 / 0.000         0.162 / 0.511         0.162 / 0.511       ms
[2023-11-16T13:22:38.984+0800][gc,stats    ]    Subphase: Concurrent Roots CodeCache                    0.000 / 0.000         0.000 / 0.000         0.000 / 0.000         0.000 / 0.000       ms
[2023-11-16T13:22:38.984+0800][gc,stats    ]    Subphase: Concurrent Roots JavaThreads                  0.000 / 0.000         0.000 / 0.000         0.945 / 1.682         0.945 / 1.682       ms
[2023-11-16T13:22:38.984+0800][gc,stats    ]    Subphase: Concurrent Roots OopStorageSet                0.000 / 0.000         0.000 / 0.000         0.041 / 0.062         0.041 / 0.062       ms
[2023-11-16T13:22:38.984+0800][gc,stats    ]    Subphase: Concurrent Weak Roots OopStorageSet           0.000 / 0.000         0.000 / 0.000         0.514 / 0.770         0.514 / 0.770       ms
[2023-11-16T13:22:38.984+0800][gc,stats    ]    Subphase: Pause Mark Try Complete                       0.000 / 0.000         0.000 / 0.000         0.000 / 0.000         0.000 / 0.000       ms
[2023-11-16T13:22:38.984+0800][gc,stats    ]      System: Java Threads                                      0 / 0                 0 / 0                36 / 51               36 / 51          threads
[2023-11-16T13:22:38.984+0800][gc,stats    ] =========================================================================================================================================================
[2023-11-16T13:22:46.633+0800][gc,heap,exit] Heap
[2023-11-16T13:22:46.633+0800][gc,heap,exit]  ZHeap           used 270M, capacity 10240M, max capacity 10240M
[2023-11-16T13:22:46.633+0800][gc,heap,exit]  Metaspace       used 42164K, committed 42560K, reserved 1114112K
[2023-11-16T13:22:46.633+0800][gc,heap,exit]   class space    used 4567K, committed 4736K, reserved 1048576K
