[2023-11-19T16:48:35.082+0800][gc,init] Initializing The Z Garbage Collector
[2023-11-19T16:48:35.082+0800][gc,init] Version: 19.0.2+7-44 (release)
[2023-11-19T16:48:35.082+0800][gc,init] NUMA Support: Disabled
[2023-11-19T16:48:35.082+0800][gc,init] CPUs: 16 total, 16 available
[2023-11-19T16:48:35.083+0800][gc,init] Memory: 15556M
[2023-11-19T16:48:35.083+0800][gc,init] Large Page Support: Disabled
[2023-11-19T16:48:35.083+0800][gc,init] GC Workers: 4 (dynamic)
[2023-11-19T16:48:35.083+0800][gc,init] Address Space Type: Contiguous/Unrestricted/Complete
[2023-11-19T16:48:35.084+0800][gc,init] Address Space Size: 163840M x 3 = 491520M
[2023-11-19T16:48:35.084+0800][gc,init] Min Capacity: 10240M
[2023-11-19T16:48:35.084+0800][gc,init] Initial Capacity: 10240M
[2023-11-19T16:48:35.084+0800][gc,init] Max Capacity: 10240M
[2023-11-19T16:48:35.084+0800][gc,init] Medium Page Size: 32M
[2023-11-19T16:48:35.084+0800][gc,init] Pre-touch: Disabled
[2023-11-19T16:48:35.084+0800][gc,init] Uncommit: Implicitly Disabled (-Xms equals -Xmx)
[2023-11-19T16:48:35.434+0800][gc,init] Runtime Workers: 10
[2023-11-19T16:48:35.435+0800][gc     ] Using The Z Garbage Collector
[2023-11-19T16:48:35.442+0800][gc,metaspace] CDS archive(s) mapped at: [0x0000000800000000-0x0000000800c40000-0x0000000800c40000), size 12845056, SharedBaseAddress: 0x0000000800000000, ArchiveRelocationMode: 0.
[2023-11-19T16:48:35.442+0800][gc,metaspace] Compressed class space mapped at: 0x0000000801000000-0x0000000841000000, reserved size: 1073741824
[2023-11-19T16:48:35.442+0800][gc,metaspace] Narrow klass base: 0x0000000800000000, Narrow klass shift: 0, Narrow klass range: 0x100000000
[2023-11-19T16:48:39.441+0800][gc,start    ] GC(0) Garbage Collection (Metadata GC Threshold)
[2023-11-19T16:48:39.441+0800][gc,task     ] GC(0) Using 4 workers
[2023-11-19T16:48:39.441+0800][gc,phases   ] GC(0) Pause Mark Start 0.019ms
[2023-11-19T16:48:39.454+0800][gc,phases   ] GC(0) Concurrent Mark 12.209ms
[2023-11-19T16:48:39.454+0800][gc,phases   ] GC(0) Pause Mark End 0.015ms
[2023-11-19T16:48:39.454+0800][gc,phases   ] GC(0) Concurrent Mark Free 0.001ms
[2023-11-19T16:48:39.455+0800][gc,phases   ] GC(0) Concurrent Process Non-Strong References 1.689ms
[2023-11-19T16:48:39.455+0800][gc,phases   ] GC(0) Concurrent Reset Relocation Set 0.000ms
[2023-11-19T16:48:39.463+0800][gc,phases   ] GC(0) Concurrent Select Relocation Set 7.839ms
[2023-11-19T16:48:39.463+0800][gc,phases   ] GC(0) Pause Relocate Start 0.007ms
[2023-11-19T16:48:39.466+0800][gc,phases   ] GC(0) Concurrent Relocate 3.187ms
[2023-11-19T16:48:39.466+0800][gc,load     ] GC(0) Load: 0.00/0.00/0.00
[2023-11-19T16:48:39.466+0800][gc,mmu      ] GC(0) MMU: 2ms/99.1%, 5ms/99.6%, 10ms/99.8%, 20ms/99.8%, 50ms/99.9%, 100ms/100.0%
[2023-11-19T16:48:39.466+0800][gc,marking  ] GC(0) Mark: 4 stripe(s), 2 proactive flush(es), 1 terminate flush(es), 0 completion(s), 0 continuation(s) 
[2023-11-19T16:48:39.467+0800][gc,marking  ] GC(0) Mark Stack Usage: 32M
[2023-11-19T16:48:39.467+0800][gc,nmethod  ] GC(0) NMethods: 2456 registered, 0 unregistered
[2023-11-19T16:48:39.467+0800][gc,metaspace] GC(0) Metaspace: 20M used, 21M committed, 1088M reserved
[2023-11-19T16:48:39.467+0800][gc,ref      ] GC(0) Soft: 3708 encountered, 0 discovered, 0 enqueued
[2023-11-19T16:48:39.467+0800][gc,ref      ] GC(0) Weak: 1644 encountered, 499 discovered, 437 enqueued
[2023-11-19T16:48:39.467+0800][gc,ref      ] GC(0) Final: 0 encountered, 0 discovered, 0 enqueued
[2023-11-19T16:48:39.467+0800][gc,ref      ] GC(0) Phantom: 431 encountered, 373 discovered, 163 enqueued
[2023-11-19T16:48:39.467+0800][gc,reloc    ] GC(0) Small Pages: 78 / 156M, Empty: 22M, Relocated: 8M, In-Place: 0
[2023-11-19T16:48:39.467+0800][gc,reloc    ] GC(0) Medium Pages: 1 / 32M, Empty: 0M, Relocated: 0M, In-Place: 0
[2023-11-19T16:48:39.467+0800][gc,reloc    ] GC(0) Large Pages: 0 / 0M, Empty: 0M, Relocated: 0M, In-Place: 0
[2023-11-19T16:48:39.467+0800][gc,reloc    ] GC(0) Forwarding Usage: 2M
[2023-11-19T16:48:39.467+0800][gc,heap     ] GC(0) Min Capacity: 10240M(100%)
[2023-11-19T16:48:39.467+0800][gc,heap     ] GC(0) Max Capacity: 10240M(100%)
[2023-11-19T16:48:39.467+0800][gc,heap     ] GC(0) Soft Max Capacity: 10240M(100%)
[2023-11-19T16:48:39.467+0800][gc,heap     ] GC(0)                Mark Start          Mark End        Relocate Start      Relocate End           High               Low         
[2023-11-19T16:48:39.467+0800][gc,heap     ] GC(0)  Capacity:    10240M (100%)      10240M (100%)      10240M (100%)      10240M (100%)      10240M (100%)      10240M (100%)   
[2023-11-19T16:48:39.467+0800][gc,heap     ] GC(0)      Free:    10052M (98%)       10050M (98%)       10066M (98%)       10184M (99%)       10184M (99%)       10044M (98%)    
[2023-11-19T16:48:39.467+0800][gc,heap     ] GC(0)      Used:      188M (2%)          190M (2%)          174M (2%)           56M (1%)          196M (2%)           56M (1%)     
[2023-11-19T16:48:39.467+0800][gc,heap     ] GC(0)      Live:         -                12M (0%)           12M (0%)           12M (0%)             -                  -          
[2023-11-19T16:48:39.467+0800][gc,heap     ] GC(0) Allocated:         -                 2M (0%)            8M (0%)            7M (0%)             -                  -          
[2023-11-19T16:48:39.467+0800][gc,heap     ] GC(0)   Garbage:         -               175M (2%)          153M (1%)           35M (0%)             -                  -          
[2023-11-19T16:48:39.467+0800][gc,heap     ] GC(0) Reclaimed:         -                  -                22M (0%)          139M (1%)             -                  -          
[2023-11-19T16:48:39.467+0800][gc          ] GC(0) Garbage Collection (Metadata GC Threshold) 188M(2%)->56M(1%)
[2023-11-19T16:48:40.830+0800][gc,start    ] GC(1) Garbage Collection (Metadata GC Threshold)
[2023-11-19T16:48:40.830+0800][gc,task     ] GC(1) Using 4 workers
[2023-11-19T16:48:40.830+0800][gc,phases   ] GC(1) Pause Mark Start 0.007ms
[2023-11-19T16:48:40.846+0800][gc,phases   ] GC(1) Concurrent Mark 15.394ms
[2023-11-19T16:48:40.846+0800][gc,phases   ] GC(1) Pause Mark End 0.018ms
[2023-11-19T16:48:40.846+0800][gc,phases   ] GC(1) Concurrent Mark Free 0.001ms
[2023-11-19T16:48:40.848+0800][gc,phases   ] GC(1) Concurrent Process Non-Strong References 1.931ms
[2023-11-19T16:48:40.848+0800][gc,phases   ] GC(1) Concurrent Reset Relocation Set 0.003ms
[2023-11-19T16:48:40.850+0800][gc,phases   ] GC(1) Concurrent Select Relocation Set 1.415ms
[2023-11-19T16:48:40.850+0800][gc,phases   ] GC(1) Pause Relocate Start 0.009ms
[2023-11-19T16:48:40.852+0800][gc,phases   ] GC(1) Concurrent Relocate 2.156ms
[2023-11-19T16:48:40.852+0800][gc,load     ] GC(1) Load: 0.00/0.00/0.00
[2023-11-19T16:48:40.852+0800][gc,mmu      ] GC(1) MMU: 2ms/99.1%, 5ms/99.5%, 10ms/99.7%, 20ms/99.8%, 50ms/99.9%, 100ms/100.0%
[2023-11-19T16:48:40.852+0800][gc,marking  ] GC(1) Mark: 4 stripe(s), 2 proactive flush(es), 1 terminate flush(es), 0 completion(s), 0 continuation(s) 
[2023-11-19T16:48:40.852+0800][gc,marking  ] GC(1) Mark Stack Usage: 32M
[2023-11-19T16:48:40.852+0800][gc,nmethod  ] GC(1) NMethods: 2997 registered, 0 unregistered
[2023-11-19T16:48:40.852+0800][gc,metaspace] GC(1) Metaspace: 35M used, 35M committed, 1088M reserved
[2023-11-19T16:48:40.852+0800][gc,ref      ] GC(1) Soft: 3976 encountered, 0 discovered, 0 enqueued
[2023-11-19T16:48:40.852+0800][gc,ref      ] GC(1) Weak: 1616 encountered, 466 discovered, 103 enqueued
[2023-11-19T16:48:40.852+0800][gc,ref      ] GC(1) Final: 141 encountered, 64 discovered, 0 enqueued
[2023-11-19T16:48:40.852+0800][gc,ref      ] GC(1) Phantom: 305 encountered, 197 discovered, 24 enqueued
[2023-11-19T16:48:40.852+0800][gc,reloc    ] GC(1) Small Pages: 51 / 102M, Empty: 0M, Relocated: 8M, In-Place: 0
[2023-11-19T16:48:40.852+0800][gc,reloc    ] GC(1) Medium Pages: 1 / 32M, Empty: 0M, Relocated: 0M, In-Place: 0
[2023-11-19T16:48:40.852+0800][gc,reloc    ] GC(1) Large Pages: 0 / 0M, Empty: 0M, Relocated: 0M, In-Place: 0
[2023-11-19T16:48:40.852+0800][gc,reloc    ] GC(1) Forwarding Usage: 2M
[2023-11-19T16:48:40.852+0800][gc,heap     ] GC(1) Min Capacity: 10240M(100%)
[2023-11-19T16:48:40.852+0800][gc,heap     ] GC(1) Max Capacity: 10240M(100%)
[2023-11-19T16:48:40.852+0800][gc,heap     ] GC(1) Soft Max Capacity: 10240M(100%)
[2023-11-19T16:48:40.852+0800][gc,heap     ] GC(1)                Mark Start          Mark End        Relocate Start      Relocate End           High               Low         
[2023-11-19T16:48:40.852+0800][gc,heap     ] GC(1)  Capacity:    10240M (100%)      10240M (100%)      10240M (100%)      10240M (100%)      10240M (100%)      10240M (100%)   
[2023-11-19T16:48:40.852+0800][gc,heap     ] GC(1)      Free:    10106M (99%)       10102M (99%)       10100M (99%)       10182M (99%)       10182M (99%)       10096M (99%)    
[2023-11-19T16:48:40.852+0800][gc,heap     ] GC(1)      Used:      134M (1%)          138M (1%)          140M (1%)           58M (1%)          144M (1%)           58M (1%)     
[2023-11-19T16:48:40.852+0800][gc,heap     ] GC(1)      Live:         -                19M (0%)           19M (0%)           19M (0%)             -                  -          
[2023-11-19T16:48:40.852+0800][gc,heap     ] GC(1) Allocated:         -                 4M (0%)            6M (0%)            5M (0%)             -                  -          
[2023-11-19T16:48:40.852+0800][gc,heap     ] GC(1)   Garbage:         -               114M (1%)          114M (1%)           32M (0%)             -                  -          
[2023-11-19T16:48:40.852+0800][gc,heap     ] GC(1) Reclaimed:         -                  -                 0M (0%)           81M (1%)             -                  -          
[2023-11-19T16:48:40.852+0800][gc          ] GC(1) Garbage Collection (Metadata GC Threshold) 134M(1%)->58M(1%)
[2023-11-19T16:48:45.506+0800][gc,stats    ] === Garbage Collection Statistics =======================================================================================================================
[2023-11-19T16:48:45.506+0800][gc,stats    ]                                                              Last 10s              Last 10m              Last 10h                Total
[2023-11-19T16:48:45.506+0800][gc,stats    ]                                                              Avg / Max             Avg / Max             Avg / Max             Avg / Max
[2023-11-19T16:48:45.506+0800][gc,stats    ]   Collector: Garbage Collection Cycle                     23.723 / 25.775       23.723 / 25.775       23.723 / 25.775       23.723 / 25.775      ms
[2023-11-19T16:48:45.506+0800][gc,stats    ]  Contention: Mark Segment Reset Contention                     0 / 3                 0 / 3                 0 / 3                 0 / 3           ops/s
[2023-11-19T16:48:45.506+0800][gc,stats    ]  Contention: Mark SeqNum Reset Contention                      0 / 0                 0 / 0                 0 / 0                 0 / 0           ops/s
[2023-11-19T16:48:45.506+0800][gc,stats    ]    Critical: Allocation Stall                                  0 / 0                 0 / 0                 0 / 0                 0 / 0           ops/s
[2023-11-19T16:48:45.506+0800][gc,stats    ]    Critical: Allocation Stall                              0.000 / 0.000         0.000 / 0.000         0.000 / 0.000         0.000 / 0.000       ms
[2023-11-19T16:48:45.506+0800][gc,stats    ]    Critical: GC Locker Stall                                   0 / 0                 0 / 0                 0 / 0                 0 / 0           ops/s
[2023-11-19T16:48:45.506+0800][gc,stats    ]    Critical: GC Locker Stall                               0.000 / 0.000         0.000 / 0.000         0.000 / 0.000         0.000 / 0.000       ms
[2023-11-19T16:48:45.506+0800][gc,stats    ]    Critical: Relocation Stall                                  0 / 0                 0 / 0                 0 / 0                 0 / 0           ops/s
[2023-11-19T16:48:45.506+0800][gc,stats    ]    Critical: Relocation Stall                              0.000 / 0.000         0.000 / 0.000         0.000 / 0.000         0.000 / 0.000       ms
[2023-11-19T16:48:45.506+0800][gc,stats    ]      Memory: Allocation Rate                                  30 / 104              30 / 104              30 / 104              30 / 104         MB/s
[2023-11-19T16:48:45.506+0800][gc,stats    ]      Memory: Defragment                                        0 / 0                 0 / 0                 0 / 0                 0 / 0           ops/s
[2023-11-19T16:48:45.506+0800][gc,stats    ]      Memory: Out Of Memory                                     0 / 0                 0 / 0                 0 / 0                 0 / 0           ops/s
[2023-11-19T16:48:45.506+0800][gc,stats    ]      Memory: Page Cache Flush                                  0 / 0                 0 / 0                 0 / 0                 0 / 0           MB/s
[2023-11-19T16:48:45.506+0800][gc,stats    ]      Memory: Page Cache Hit L1                                 6 / 29                6 / 29                6 / 29                6 / 29          ops/s
[2023-11-19T16:48:45.506+0800][gc,stats    ]      Memory: Page Cache Hit L2                                 0 / 0                 0 / 0                 0 / 0                 0 / 0           ops/s
[2023-11-19T16:48:45.506+0800][gc,stats    ]      Memory: Page Cache Hit L3                                 8 / 48                8 / 48                8 / 48                8 / 48          ops/s
[2023-11-19T16:48:45.506+0800][gc,stats    ]      Memory: Page Cache Miss                                   0 / 1                 0 / 1                 0 / 1                 0 / 1           ops/s
[2023-11-19T16:48:45.506+0800][gc,stats    ]      Memory: Uncommit                                          0 / 0                 0 / 0                 0 / 0                 0 / 0           MB/s
[2023-11-19T16:48:45.506+0800][gc,stats    ]      Memory: Undo Object Allocation Failed                     0 / 0                 0 / 0                 0 / 0                 0 / 0           ops/s
[2023-11-19T16:48:45.506+0800][gc,stats    ]      Memory: Undo Object Allocation Succeeded                  0 / 0                 0 / 0                 0 / 0                 0 / 0           ops/s
[2023-11-19T16:48:45.506+0800][gc,stats    ]      Memory: Undo Page Allocation                              0 / 0                 0 / 0                 0 / 0                 0 / 0           ops/s
[2023-11-19T16:48:45.506+0800][gc,stats    ]       Phase: Concurrent Mark                              13.801 / 15.394       13.801 / 15.394       13.801 / 15.394       13.801 / 15.394      ms
[2023-11-19T16:48:45.506+0800][gc,stats    ]       Phase: Concurrent Mark Continue                      0.000 / 0.000         0.000 / 0.000         0.000 / 0.000         0.000 / 0.000       ms
[2023-11-19T16:48:45.506+0800][gc,stats    ]       Phase: Concurrent Mark Free                          0.001 / 0.001         0.001 / 0.001         0.001 / 0.001         0.001 / 0.001       ms
[2023-11-19T16:48:45.506+0800][gc,stats    ]       Phase: Concurrent Process Non-Strong References      1.810 / 1.931         1.810 / 1.931         1.810 / 1.931         1.810 / 1.931       ms
[2023-11-19T16:48:45.506+0800][gc,stats    ]       Phase: Concurrent Relocate                           2.671 / 3.187         2.671 / 3.187         2.671 / 3.187         2.671 / 3.187       ms
[2023-11-19T16:48:45.506+0800][gc,stats    ]       Phase: Concurrent Reset Relocation Set               0.001 / 0.003         0.001 / 0.003         0.001 / 0.003         0.001 / 0.003       ms
[2023-11-19T16:48:45.506+0800][gc,stats    ]       Phase: Concurrent Select Relocation Set              4.627 / 7.839         4.627 / 7.839         4.627 / 7.839         4.627 / 7.839       ms
[2023-11-19T16:48:45.506+0800][gc,stats    ]       Phase: Pause Mark End                                0.016 / 0.018         0.016 / 0.018         0.016 / 0.018         0.016 / 0.018       ms
[2023-11-19T16:48:45.506+0800][gc,stats    ]       Phase: Pause Mark Start                              0.013 / 0.019         0.013 / 0.019         0.013 / 0.019         0.013 / 0.019       ms
[2023-11-19T16:48:45.506+0800][gc,stats    ]       Phase: Pause Relocate Start                          0.008 / 0.009         0.008 / 0.009         0.008 / 0.009         0.008 / 0.009       ms
[2023-11-19T16:48:45.506+0800][gc,stats    ]    Subphase: Concurrent Classes Purge                      0.047 / 0.049         0.047 / 0.049         0.047 / 0.049         0.047 / 0.049       ms
[2023-11-19T16:48:45.506+0800][gc,stats    ]    Subphase: Concurrent Classes Unlink                     1.263 / 1.295         1.263 / 1.295         1.263 / 1.295         1.263 / 1.295       ms
[2023-11-19T16:48:45.506+0800][gc,stats    ]    Subphase: Concurrent Mark                              11.825 / 13.159       11.825 / 13.159       11.825 / 13.159       11.825 / 13.159      ms
[2023-11-19T16:48:45.506+0800][gc,stats    ]    Subphase: Concurrent Mark Try Flush                     0.057 / 0.108         0.057 / 0.108         0.057 / 0.108         0.057 / 0.108       ms
[2023-11-19T16:48:45.506+0800][gc,stats    ]    Subphase: Concurrent Mark Try Terminate                 1.420 / 4.236         1.420 / 4.236         1.420 / 4.236         1.420 / 4.236       ms
[2023-11-19T16:48:45.506+0800][gc,stats    ]    Subphase: Concurrent References Enqueue                 0.004 / 0.004         0.004 / 0.004         0.004 / 0.004         0.004 / 0.004       ms
[2023-11-19T16:48:45.506+0800][gc,stats    ]    Subphase: Concurrent References Process                 0.090 / 0.101         0.090 / 0.101         0.090 / 0.101         0.090 / 0.101       ms
[2023-11-19T16:48:45.506+0800][gc,stats    ]    Subphase: Concurrent Roots ClassLoaderDataGraph         0.103 / 0.506         0.103 / 0.506         0.103 / 0.506         0.103 / 0.506       ms
[2023-11-19T16:48:45.506+0800][gc,stats    ]    Subphase: Concurrent Roots CodeCache                    0.000 / 0.000         0.000 / 0.000         0.000 / 0.000         0.000 / 0.000       ms
[2023-11-19T16:48:45.506+0800][gc,stats    ]    Subphase: Concurrent Roots JavaThreads                  1.129 / 2.106         1.129 / 2.106         1.129 / 2.106         1.129 / 2.106       ms
[2023-11-19T16:48:45.506+0800][gc,stats    ]    Subphase: Concurrent Roots OopStorageSet                0.036 / 0.058         0.036 / 0.058         0.036 / 0.058         0.036 / 0.058       ms
[2023-11-19T16:48:45.506+0800][gc,stats    ]    Subphase: Concurrent Weak Roots OopStorageSet           0.328 / 0.486         0.328 / 0.486         0.328 / 0.486         0.328 / 0.486       ms
[2023-11-19T16:48:45.506+0800][gc,stats    ]    Subphase: Pause Mark Try Complete                       0.000 / 0.000         0.000 / 0.000         0.000 / 0.000         0.000 / 0.000       ms
[2023-11-19T16:48:45.507+0800][gc,stats    ]      System: Java Threads                                     39 / 54               39 / 54               39 / 54               39 / 54          threads
[2023-11-19T16:48:45.507+0800][gc,stats    ] =========================================================================================================================================================
[2023-11-19T16:48:55.502+0800][gc,stats    ] === Garbage Collection Statistics =======================================================================================================================
[2023-11-19T16:48:55.502+0800][gc,stats    ]                                                              Last 10s              Last 10m              Last 10h                Total
[2023-11-19T16:48:55.502+0800][gc,stats    ]                                                              Avg / Max             Avg / Max             Avg / Max             Avg / Max
[2023-11-19T16:48:55.502+0800][gc,stats    ]   Collector: Garbage Collection Cycle                      0.000 / 0.000        23.723 / 25.775       23.723 / 25.775       23.723 / 25.775      ms
[2023-11-19T16:48:55.502+0800][gc,stats    ]  Contention: Mark Segment Reset Contention                     0 / 0                 0 / 3                 0 / 3                 0 / 3           ops/s
[2023-11-19T16:48:55.502+0800][gc,stats    ]  Contention: Mark SeqNum Reset Contention                      0 / 0                 0 / 0                 0 / 0                 0 / 0           ops/s
[2023-11-19T16:48:55.502+0800][gc,stats    ]    Critical: Allocation Stall                                  0 / 0                 0 / 0                 0 / 0                 0 / 0           ops/s
[2023-11-19T16:48:55.502+0800][gc,stats    ]    Critical: Allocation Stall                              0.000 / 0.000         0.000 / 0.000         0.000 / 0.000         0.000 / 0.000       ms
[2023-11-19T16:48:55.502+0800][gc,stats    ]    Critical: GC Locker Stall                                   0 / 0                 0 / 0                 0 / 0                 0 / 0           ops/s
[2023-11-19T16:48:55.502+0800][gc,stats    ]    Critical: GC Locker Stall                               0.000 / 0.000         0.000 / 0.000         0.000 / 0.000         0.000 / 0.000       ms
[2023-11-19T16:48:55.502+0800][gc,stats    ]    Critical: Relocation Stall                                  0 / 0                 0 / 0                 0 / 0                 0 / 0           ops/s
[2023-11-19T16:48:55.502+0800][gc,stats    ]    Critical: Relocation Stall                              0.000 / 0.000         0.000 / 0.000         0.000 / 0.000         0.000 / 0.000       ms
[2023-11-19T16:48:55.502+0800][gc,stats    ]      Memory: Allocation Rate                                   0 / 4                15 / 104              15 / 104              15 / 104         MB/s
[2023-11-19T16:48:55.502+0800][gc,stats    ]      Memory: Defragment                                        0 / 0                 0 / 0                 0 / 0                 0 / 0           ops/s
[2023-11-19T16:48:55.502+0800][gc,stats    ]      Memory: Out Of Memory                                     0 / 0                 0 / 0                 0 / 0                 0 / 0           ops/s
[2023-11-19T16:48:55.502+0800][gc,stats    ]      Memory: Page Cache Flush                                  0 / 0                 0 / 0                 0 / 0                 0 / 0           MB/s
[2023-11-19T16:48:55.502+0800][gc,stats    ]      Memory: Page Cache Hit L1                                 0 / 2                 3 / 29                3 / 29                3 / 29          ops/s
[2023-11-19T16:48:55.502+0800][gc,stats    ]      Memory: Page Cache Hit L2                                 0 / 0                 0 / 0                 0 / 0                 0 / 0           ops/s
[2023-11-19T16:48:55.502+0800][gc,stats    ]      Memory: Page Cache Hit L3                                 0 / 0                 4 / 48                4 / 48                4 / 48          ops/s
[2023-11-19T16:48:55.502+0800][gc,stats    ]      Memory: Page Cache Miss                                   0 / 0                 0 / 1                 0 / 1                 0 / 1           ops/s
[2023-11-19T16:48:55.502+0800][gc,stats    ]      Memory: Uncommit                                          0 / 0                 0 / 0                 0 / 0                 0 / 0           MB/s
[2023-11-19T16:48:55.502+0800][gc,stats    ]      Memory: Undo Object Allocation Failed                     0 / 0                 0 / 0                 0 / 0                 0 / 0           ops/s
[2023-11-19T16:48:55.502+0800][gc,stats    ]      Memory: Undo Object Allocation Succeeded                  0 / 0                 0 / 0                 0 / 0                 0 / 0           ops/s
[2023-11-19T16:48:55.502+0800][gc,stats    ]      Memory: Undo Page Allocation                              0 / 0                 0 / 0                 0 / 0                 0 / 0           ops/s
[2023-11-19T16:48:55.502+0800][gc,stats    ]       Phase: Concurrent Mark                               0.000 / 0.000        13.801 / 15.394       13.801 / 15.394       13.801 / 15.394      ms
[2023-11-19T16:48:55.502+0800][gc,stats    ]       Phase: Concurrent Mark Continue                      0.000 / 0.000         0.000 / 0.000         0.000 / 0.000         0.000 / 0.000       ms
[2023-11-19T16:48:55.502+0800][gc,stats    ]       Phase: Concurrent Mark Free                          0.000 / 0.000         0.001 / 0.001         0.001 / 0.001         0.001 / 0.001       ms
[2023-11-19T16:48:55.502+0800][gc,stats    ]       Phase: Concurrent Process Non-Strong References      0.000 / 0.000         1.810 / 1.931         1.810 / 1.931         1.810 / 1.931       ms
[2023-11-19T16:48:55.502+0800][gc,stats    ]       Phase: Concurrent Relocate                           0.000 / 0.000         2.671 / 3.187         2.671 / 3.187         2.671 / 3.187       ms
[2023-11-19T16:48:55.502+0800][gc,stats    ]       Phase: Concurrent Reset Relocation Set               0.000 / 0.000         0.001 / 0.003         0.001 / 0.003         0.001 / 0.003       ms
[2023-11-19T16:48:55.502+0800][gc,stats    ]       Phase: Concurrent Select Relocation Set              0.000 / 0.000         4.627 / 7.839         4.627 / 7.839         4.627 / 7.839       ms
[2023-11-19T16:48:55.502+0800][gc,stats    ]       Phase: Pause Mark End                                0.000 / 0.000         0.016 / 0.018         0.016 / 0.018         0.016 / 0.018       ms
[2023-11-19T16:48:55.502+0800][gc,stats    ]       Phase: Pause Mark Start                              0.000 / 0.000         0.013 / 0.019         0.013 / 0.019         0.013 / 0.019       ms
[2023-11-19T16:48:55.502+0800][gc,stats    ]       Phase: Pause Relocate Start                          0.000 / 0.000         0.008 / 0.009         0.008 / 0.009         0.008 / 0.009       ms
[2023-11-19T16:48:55.502+0800][gc,stats    ]    Subphase: Concurrent Classes Purge                      0.000 / 0.000         0.047 / 0.049         0.047 / 0.049         0.047 / 0.049       ms
[2023-11-19T16:48:55.502+0800][gc,stats    ]    Subphase: Concurrent Classes Unlink                     0.000 / 0.000         1.263 / 1.295         1.263 / 1.295         1.263 / 1.295       ms
[2023-11-19T16:48:55.502+0800][gc,stats    ]    Subphase: Concurrent Mark                               0.000 / 0.000        11.825 / 13.159       11.825 / 13.159       11.825 / 13.159      ms
[2023-11-19T16:48:55.502+0800][gc,stats    ]    Subphase: Concurrent Mark Try Flush                     0.000 / 0.000         0.057 / 0.108         0.057 / 0.108         0.057 / 0.108       ms
[2023-11-19T16:48:55.502+0800][gc,stats    ]    Subphase: Concurrent Mark Try Terminate                 0.000 / 0.000         1.420 / 4.236         1.420 / 4.236         1.420 / 4.236       ms
[2023-11-19T16:48:55.502+0800][gc,stats    ]    Subphase: Concurrent References Enqueue                 0.000 / 0.000         0.004 / 0.004         0.004 / 0.004         0.004 / 0.004       ms
[2023-11-19T16:48:55.502+0800][gc,stats    ]    Subphase: Concurrent References Process                 0.000 / 0.000         0.090 / 0.101         0.090 / 0.101         0.090 / 0.101       ms
[2023-11-19T16:48:55.502+0800][gc,stats    ]    Subphase: Concurrent Roots ClassLoaderDataGraph         0.000 / 0.000         0.103 / 0.506         0.103 / 0.506         0.103 / 0.506       ms
[2023-11-19T16:48:55.502+0800][gc,stats    ]    Subphase: Concurrent Roots CodeCache                    0.000 / 0.000         0.000 / 0.000         0.000 / 0.000         0.000 / 0.000       ms
[2023-11-19T16:48:55.502+0800][gc,stats    ]    Subphase: Concurrent Roots JavaThreads                  0.000 / 0.000         1.129 / 2.106         1.129 / 2.106         1.129 / 2.106       ms
[2023-11-19T16:48:55.502+0800][gc,stats    ]    Subphase: Concurrent Roots OopStorageSet                0.000 / 0.000         0.036 / 0.058         0.036 / 0.058         0.036 / 0.058       ms
[2023-11-19T16:48:55.502+0800][gc,stats    ]    Subphase: Concurrent Weak Roots OopStorageSet           0.000 / 0.000         0.328 / 0.486         0.328 / 0.486         0.328 / 0.486       ms
[2023-11-19T16:48:55.502+0800][gc,stats    ]    Subphase: Pause Mark Try Complete                       0.000 / 0.000         0.000 / 0.000         0.000 / 0.000         0.000 / 0.000       ms
[2023-11-19T16:48:55.502+0800][gc,stats    ]      System: Java Threads                                      0 / 0                39 / 54               39 / 54               39 / 54          threads
[2023-11-19T16:48:55.502+0800][gc,stats    ] =========================================================================================================================================================
[2023-11-19T16:49:05.501+0800][gc,stats    ] === Garbage Collection Statistics =======================================================================================================================
[2023-11-19T16:49:05.501+0800][gc,stats    ]                                                              Last 10s              Last 10m              Last 10h                Total
[2023-11-19T16:49:05.501+0800][gc,stats    ]                                                              Avg / Max             Avg / Max             Avg / Max             Avg / Max
[2023-11-19T16:49:05.501+0800][gc,stats    ]   Collector: Garbage Collection Cycle                      0.000 / 0.000        23.723 / 25.775       23.723 / 25.775       23.723 / 25.775      ms
[2023-11-19T16:49:05.501+0800][gc,stats    ]  Contention: Mark Segment Reset Contention                     0 / 0                 0 / 3                 0 / 3                 0 / 3           ops/s
[2023-11-19T16:49:05.501+0800][gc,stats    ]  Contention: Mark SeqNum Reset Contention                      0 / 0                 0 / 0                 0 / 0                 0 / 0           ops/s
[2023-11-19T16:49:05.501+0800][gc,stats    ]    Critical: Allocation Stall                                  0 / 0                 0 / 0                 0 / 0                 0 / 0           ops/s
[2023-11-19T16:49:05.501+0800][gc,stats    ]    Critical: Allocation Stall                              0.000 / 0.000         0.000 / 0.000         0.000 / 0.000         0.000 / 0.000       ms
[2023-11-19T16:49:05.501+0800][gc,stats    ]    Critical: GC Locker Stall                                   0 / 0                 0 / 0                 0 / 0                 0 / 0           ops/s
[2023-11-19T16:49:05.501+0800][gc,stats    ]    Critical: GC Locker Stall                               0.000 / 0.000         0.000 / 0.000         0.000 / 0.000         0.000 / 0.000       ms
[2023-11-19T16:49:05.501+0800][gc,stats    ]    Critical: Relocation Stall                                  0 / 0                 0 / 0                 0 / 0                 0 / 0           ops/s
[2023-11-19T16:49:05.501+0800][gc,stats    ]    Critical: Relocation Stall                              0.000 / 0.000         0.000 / 0.000         0.000 / 0.000         0.000 / 0.000       ms
[2023-11-19T16:49:05.501+0800][gc,stats    ]      Memory: Allocation Rate                                   0 / 0                10 / 104              10 / 104              10 / 104         MB/s
[2023-11-19T16:49:05.501+0800][gc,stats    ]      Memory: Defragment                                        0 / 0                 0 / 0                 0 / 0                 0 / 0           ops/s
[2023-11-19T16:49:05.501+0800][gc,stats    ]      Memory: Out Of Memory                                     0 / 0                 0 / 0                 0 / 0                 0 / 0           ops/s
[2023-11-19T16:49:05.501+0800][gc,stats    ]      Memory: Page Cache Flush                                  0 / 0                 0 / 0                 0 / 0                 0 / 0           MB/s
[2023-11-19T16:49:05.501+0800][gc,stats    ]      Memory: Page Cache Hit L1                                 0 / 0                 2 / 29                2 / 29                2 / 29          ops/s
[2023-11-19T16:49:05.501+0800][gc,stats    ]      Memory: Page Cache Hit L2                                 0 / 0                 0 / 0                 0 / 0                 0 / 0           ops/s
[2023-11-19T16:49:05.501+0800][gc,stats    ]      Memory: Page Cache Hit L3                                 0 / 0                 2 / 48                2 / 48                2 / 48          ops/s
[2023-11-19T16:49:05.501+0800][gc,stats    ]      Memory: Page Cache Miss                                   0 / 0                 0 / 1                 0 / 1                 0 / 1           ops/s
[2023-11-19T16:49:05.501+0800][gc,stats    ]      Memory: Uncommit                                          0 / 0                 0 / 0                 0 / 0                 0 / 0           MB/s
[2023-11-19T16:49:05.501+0800][gc,stats    ]      Memory: Undo Object Allocation Failed                     0 / 0                 0 / 0                 0 / 0                 0 / 0           ops/s
[2023-11-19T16:49:05.501+0800][gc,stats    ]      Memory: Undo Object Allocation Succeeded                  0 / 0                 0 / 0                 0 / 0                 0 / 0           ops/s
[2023-11-19T16:49:05.501+0800][gc,stats    ]      Memory: Undo Page Allocation                              0 / 0                 0 / 0                 0 / 0                 0 / 0           ops/s
[2023-11-19T16:49:05.501+0800][gc,stats    ]       Phase: Concurrent Mark                               0.000 / 0.000        13.801 / 15.394       13.801 / 15.394       13.801 / 15.394      ms
[2023-11-19T16:49:05.501+0800][gc,stats    ]       Phase: Concurrent Mark Continue                      0.000 / 0.000         0.000 / 0.000         0.000 / 0.000         0.000 / 0.000       ms
[2023-11-19T16:49:05.501+0800][gc,stats    ]       Phase: Concurrent Mark Free                          0.000 / 0.000         0.001 / 0.001         0.001 / 0.001         0.001 / 0.001       ms
[2023-11-19T16:49:05.501+0800][gc,stats    ]       Phase: Concurrent Process Non-Strong References      0.000 / 0.000         1.810 / 1.931         1.810 / 1.931         1.810 / 1.931       ms
[2023-11-19T16:49:05.501+0800][gc,stats    ]       Phase: Concurrent Relocate                           0.000 / 0.000         2.671 / 3.187         2.671 / 3.187         2.671 / 3.187       ms
[2023-11-19T16:49:05.501+0800][gc,stats    ]       Phase: Concurrent Reset Relocation Set               0.000 / 0.000         0.001 / 0.003         0.001 / 0.003         0.001 / 0.003       ms
[2023-11-19T16:49:05.501+0800][gc,stats    ]       Phase: Concurrent Select Relocation Set              0.000 / 0.000         4.627 / 7.839         4.627 / 7.839         4.627 / 7.839       ms
[2023-11-19T16:49:05.501+0800][gc,stats    ]       Phase: Pause Mark End                                0.000 / 0.000         0.016 / 0.018         0.016 / 0.018         0.016 / 0.018       ms
[2023-11-19T16:49:05.501+0800][gc,stats    ]       Phase: Pause Mark Start                              0.000 / 0.000         0.013 / 0.019         0.013 / 0.019         0.013 / 0.019       ms
[2023-11-19T16:49:05.501+0800][gc,stats    ]       Phase: Pause Relocate Start                          0.000 / 0.000         0.008 / 0.009         0.008 / 0.009         0.008 / 0.009       ms
[2023-11-19T16:49:05.501+0800][gc,stats    ]    Subphase: Concurrent Classes Purge                      0.000 / 0.000         0.047 / 0.049         0.047 / 0.049         0.047 / 0.049       ms
[2023-11-19T16:49:05.501+0800][gc,stats    ]    Subphase: Concurrent Classes Unlink                     0.000 / 0.000         1.263 / 1.295         1.263 / 1.295         1.263 / 1.295       ms
[2023-11-19T16:49:05.501+0800][gc,stats    ]    Subphase: Concurrent Mark                               0.000 / 0.000        11.825 / 13.159       11.825 / 13.159       11.825 / 13.159      ms
[2023-11-19T16:49:05.501+0800][gc,stats    ]    Subphase: Concurrent Mark Try Flush                     0.000 / 0.000         0.057 / 0.108         0.057 / 0.108         0.057 / 0.108       ms
[2023-11-19T16:49:05.501+0800][gc,stats    ]    Subphase: Concurrent Mark Try Terminate                 0.000 / 0.000         1.420 / 4.236         1.420 / 4.236         1.420 / 4.236       ms
[2023-11-19T16:49:05.501+0800][gc,stats    ]    Subphase: Concurrent References Enqueue                 0.000 / 0.000         0.004 / 0.004         0.004 / 0.004         0.004 / 0.004       ms
[2023-11-19T16:49:05.501+0800][gc,stats    ]    Subphase: Concurrent References Process                 0.000 / 0.000         0.090 / 0.101         0.090 / 0.101         0.090 / 0.101       ms
[2023-11-19T16:49:05.501+0800][gc,stats    ]    Subphase: Concurrent Roots ClassLoaderDataGraph         0.000 / 0.000         0.103 / 0.506         0.103 / 0.506         0.103 / 0.506       ms
[2023-11-19T16:49:05.501+0800][gc,stats    ]    Subphase: Concurrent Roots CodeCache                    0.000 / 0.000         0.000 / 0.000         0.000 / 0.000         0.000 / 0.000       ms
[2023-11-19T16:49:05.501+0800][gc,stats    ]    Subphase: Concurrent Roots JavaThreads                  0.000 / 0.000         1.129 / 2.106         1.129 / 2.106         1.129 / 2.106       ms
[2023-11-19T16:49:05.501+0800][gc,stats    ]    Subphase: Concurrent Roots OopStorageSet                0.000 / 0.000         0.036 / 0.058         0.036 / 0.058         0.036 / 0.058       ms
[2023-11-19T16:49:05.501+0800][gc,stats    ]    Subphase: Concurrent Weak Roots OopStorageSet           0.000 / 0.000         0.328 / 0.486         0.328 / 0.486         0.328 / 0.486       ms
[2023-11-19T16:49:05.501+0800][gc,stats    ]    Subphase: Pause Mark Try Complete                       0.000 / 0.000         0.000 / 0.000         0.000 / 0.000         0.000 / 0.000       ms
[2023-11-19T16:49:05.501+0800][gc,stats    ]      System: Java Threads                                      0 / 0                39 / 54               39 / 54               39 / 54          threads
[2023-11-19T16:49:05.502+0800][gc,stats    ] =========================================================================================================================================================
[2023-11-19T16:49:15.501+0800][gc,stats    ] === Garbage Collection Statistics =======================================================================================================================
[2023-11-19T16:49:15.501+0800][gc,stats    ]                                                              Last 10s              Last 10m              Last 10h                Total
[2023-11-19T16:49:15.501+0800][gc,stats    ]                                                              Avg / Max             Avg / Max             Avg / Max             Avg / Max
[2023-11-19T16:49:15.501+0800][gc,stats    ]   Collector: Garbage Collection Cycle                      0.000 / 0.000        23.723 / 25.775       23.723 / 25.775       23.723 / 25.775      ms
[2023-11-19T16:49:15.501+0800][gc,stats    ]  Contention: Mark Segment Reset Contention                     0 / 0                 0 / 3                 0 / 3                 0 / 3           ops/s
[2023-11-19T16:49:15.501+0800][gc,stats    ]  Contention: Mark SeqNum Reset Contention                      0 / 0                 0 / 0                 0 / 0                 0 / 0           ops/s
[2023-11-19T16:49:15.501+0800][gc,stats    ]    Critical: Allocation Stall                                  0 / 0                 0 / 0                 0 / 0                 0 / 0           ops/s
[2023-11-19T16:49:15.501+0800][gc,stats    ]    Critical: Allocation Stall                              0.000 / 0.000         0.000 / 0.000         0.000 / 0.000         0.000 / 0.000       ms
[2023-11-19T16:49:15.501+0800][gc,stats    ]    Critical: GC Locker Stall                                   0 / 0                 0 / 0                 0 / 0                 0 / 0           ops/s
[2023-11-19T16:49:15.501+0800][gc,stats    ]    Critical: GC Locker Stall                               0.000 / 0.000         0.000 / 0.000         0.000 / 0.000         0.000 / 0.000       ms
[2023-11-19T16:49:15.501+0800][gc,stats    ]    Critical: Relocation Stall                                  0 / 0                 0 / 0                 0 / 0                 0 / 0           ops/s
[2023-11-19T16:49:15.501+0800][gc,stats    ]    Critical: Relocation Stall                              0.000 / 0.000         0.000 / 0.000         0.000 / 0.000         0.000 / 0.000       ms
[2023-11-19T16:49:15.501+0800][gc,stats    ]      Memory: Allocation Rate                                   0 / 2                 7 / 104               7 / 104               7 / 104         MB/s
[2023-11-19T16:49:15.501+0800][gc,stats    ]      Memory: Defragment                                        0 / 0                 0 / 0                 0 / 0                 0 / 0           ops/s
[2023-11-19T16:49:15.501+0800][gc,stats    ]      Memory: Out Of Memory                                     0 / 0                 0 / 0                 0 / 0                 0 / 0           ops/s
[2023-11-19T16:49:15.501+0800][gc,stats    ]      Memory: Page Cache Flush                                  0 / 0                 0 / 0                 0 / 0                 0 / 0           MB/s
[2023-11-19T16:49:15.501+0800][gc,stats    ]      Memory: Page Cache Hit L1                                 0 / 1                 1 / 29                1 / 29                1 / 29          ops/s
[2023-11-19T16:49:15.501+0800][gc,stats    ]      Memory: Page Cache Hit L2                                 0 / 0                 0 / 0                 0 / 0                 0 / 0           ops/s
[2023-11-19T16:49:15.501+0800][gc,stats    ]      Memory: Page Cache Hit L3                                 0 / 0                 2 / 48                2 / 48                2 / 48          ops/s
[2023-11-19T16:49:15.501+0800][gc,stats    ]      Memory: Page Cache Miss                                   0 / 0                 0 / 1                 0 / 1                 0 / 1           ops/s
[2023-11-19T16:49:15.501+0800][gc,stats    ]      Memory: Uncommit                                          0 / 0                 0 / 0                 0 / 0                 0 / 0           MB/s
[2023-11-19T16:49:15.501+0800][gc,stats    ]      Memory: Undo Object Allocation Failed                     0 / 0                 0 / 0                 0 / 0                 0 / 0           ops/s
[2023-11-19T16:49:15.501+0800][gc,stats    ]      Memory: Undo Object Allocation Succeeded                  0 / 0                 0 / 0                 0 / 0                 0 / 0           ops/s
[2023-11-19T16:49:15.501+0800][gc,stats    ]      Memory: Undo Page Allocation                              0 / 0                 0 / 0                 0 / 0                 0 / 0           ops/s
[2023-11-19T16:49:15.501+0800][gc,stats    ]       Phase: Concurrent Mark                               0.000 / 0.000        13.801 / 15.394       13.801 / 15.394       13.801 / 15.394      ms
[2023-11-19T16:49:15.501+0800][gc,stats    ]       Phase: Concurrent Mark Continue                      0.000 / 0.000         0.000 / 0.000         0.000 / 0.000         0.000 / 0.000       ms
[2023-11-19T16:49:15.501+0800][gc,stats    ]       Phase: Concurrent Mark Free                          0.000 / 0.000         0.001 / 0.001         0.001 / 0.001         0.001 / 0.001       ms
[2023-11-19T16:49:15.501+0800][gc,stats    ]       Phase: Concurrent Process Non-Strong References      0.000 / 0.000         1.810 / 1.931         1.810 / 1.931         1.810 / 1.931       ms
[2023-11-19T16:49:15.501+0800][gc,stats    ]       Phase: Concurrent Relocate                           0.000 / 0.000         2.671 / 3.187         2.671 / 3.187         2.671 / 3.187       ms
[2023-11-19T16:49:15.501+0800][gc,stats    ]       Phase: Concurrent Reset Relocation Set               0.000 / 0.000         0.001 / 0.003         0.001 / 0.003         0.001 / 0.003       ms
[2023-11-19T16:49:15.501+0800][gc,stats    ]       Phase: Concurrent Select Relocation Set              0.000 / 0.000         4.627 / 7.839         4.627 / 7.839         4.627 / 7.839       ms
[2023-11-19T16:49:15.501+0800][gc,stats    ]       Phase: Pause Mark End                                0.000 / 0.000         0.016 / 0.018         0.016 / 0.018         0.016 / 0.018       ms
[2023-11-19T16:49:15.501+0800][gc,stats    ]       Phase: Pause Mark Start                              0.000 / 0.000         0.013 / 0.019         0.013 / 0.019         0.013 / 0.019       ms
[2023-11-19T16:49:15.501+0800][gc,stats    ]       Phase: Pause Relocate Start                          0.000 / 0.000         0.008 / 0.009         0.008 / 0.009         0.008 / 0.009       ms
[2023-11-19T16:49:15.501+0800][gc,stats    ]    Subphase: Concurrent Classes Purge                      0.000 / 0.000         0.047 / 0.049         0.047 / 0.049         0.047 / 0.049       ms
[2023-11-19T16:49:15.501+0800][gc,stats    ]    Subphase: Concurrent Classes Unlink                     0.000 / 0.000         1.263 / 1.295         1.263 / 1.295         1.263 / 1.295       ms
[2023-11-19T16:49:15.501+0800][gc,stats    ]    Subphase: Concurrent Mark                               0.000 / 0.000        11.825 / 13.159       11.825 / 13.159       11.825 / 13.159      ms
[2023-11-19T16:49:15.501+0800][gc,stats    ]    Subphase: Concurrent Mark Try Flush                     0.000 / 0.000         0.057 / 0.108         0.057 / 0.108         0.057 / 0.108       ms
[2023-11-19T16:49:15.501+0800][gc,stats    ]    Subphase: Concurrent Mark Try Terminate                 0.000 / 0.000         1.420 / 4.236         1.420 / 4.236         1.420 / 4.236       ms
[2023-11-19T16:49:15.501+0800][gc,stats    ]    Subphase: Concurrent References Enqueue                 0.000 / 0.000         0.004 / 0.004         0.004 / 0.004         0.004 / 0.004       ms
[2023-11-19T16:49:15.501+0800][gc,stats    ]    Subphase: Concurrent References Process                 0.000 / 0.000         0.090 / 0.101         0.090 / 0.101         0.090 / 0.101       ms
[2023-11-19T16:49:15.501+0800][gc,stats    ]    Subphase: Concurrent Roots ClassLoaderDataGraph         0.000 / 0.000         0.103 / 0.506         0.103 / 0.506         0.103 / 0.506       ms
[2023-11-19T16:49:15.501+0800][gc,stats    ]    Subphase: Concurrent Roots CodeCache                    0.000 / 0.000         0.000 / 0.000         0.000 / 0.000         0.000 / 0.000       ms
[2023-11-19T16:49:15.501+0800][gc,stats    ]    Subphase: Concurrent Roots JavaThreads                  0.000 / 0.000         1.129 / 2.106         1.129 / 2.106         1.129 / 2.106       ms
[2023-11-19T16:49:15.501+0800][gc,stats    ]    Subphase: Concurrent Roots OopStorageSet                0.000 / 0.000         0.036 / 0.058         0.036 / 0.058         0.036 / 0.058       ms
[2023-11-19T16:49:15.501+0800][gc,stats    ]    Subphase: Concurrent Weak Roots OopStorageSet           0.000 / 0.000         0.328 / 0.486         0.328 / 0.486         0.328 / 0.486       ms
[2023-11-19T16:49:15.501+0800][gc,stats    ]    Subphase: Pause Mark Try Complete                       0.000 / 0.000         0.000 / 0.000         0.000 / 0.000         0.000 / 0.000       ms
[2023-11-19T16:49:15.501+0800][gc,stats    ]      System: Java Threads                                      0 / 0                39 / 54               39 / 54               39 / 54          threads
[2023-11-19T16:49:15.501+0800][gc,stats    ] =========================================================================================================================================================
[2023-11-19T16:49:25.500+0800][gc,stats    ] === Garbage Collection Statistics =======================================================================================================================
[2023-11-19T16:49:25.500+0800][gc,stats    ]                                                              Last 10s              Last 10m              Last 10h                Total
[2023-11-19T16:49:25.500+0800][gc,stats    ]                                                              Avg / Max             Avg / Max             Avg / Max             Avg / Max
[2023-11-19T16:49:25.500+0800][gc,stats    ]   Collector: Garbage Collection Cycle                      0.000 / 0.000        23.723 / 25.775       23.723 / 25.775       23.723 / 25.775      ms
[2023-11-19T16:49:25.500+0800][gc,stats    ]  Contention: Mark Segment Reset Contention                     0 / 0                 0 / 3                 0 / 3                 0 / 3           ops/s
[2023-11-19T16:49:25.500+0800][gc,stats    ]  Contention: Mark SeqNum Reset Contention                      0 / 0                 0 / 0                 0 / 0                 0 / 0           ops/s
[2023-11-19T16:49:25.500+0800][gc,stats    ]    Critical: Allocation Stall                                  0 / 0                 0 / 0                 0 / 0                 0 / 0           ops/s
[2023-11-19T16:49:25.500+0800][gc,stats    ]    Critical: Allocation Stall                              0.000 / 0.000         0.000 / 0.000         0.000 / 0.000         0.000 / 0.000       ms
[2023-11-19T16:49:25.500+0800][gc,stats    ]    Critical: GC Locker Stall                                   0 / 0                 0 / 0                 0 / 0                 0 / 0           ops/s
[2023-11-19T16:49:25.500+0800][gc,stats    ]    Critical: GC Locker Stall                               0.000 / 0.000         0.000 / 0.000         0.000 / 0.000         0.000 / 0.000       ms
[2023-11-19T16:49:25.500+0800][gc,stats    ]    Critical: Relocation Stall                                  0 / 0                 0 / 0                 0 / 0                 0 / 0           ops/s
[2023-11-19T16:49:25.500+0800][gc,stats    ]    Critical: Relocation Stall                              0.000 / 0.000         0.000 / 0.000         0.000 / 0.000         0.000 / 0.000       ms
[2023-11-19T16:49:25.500+0800][gc,stats    ]      Memory: Allocation Rate                                   0 / 2                 6 / 104               6 / 104               6 / 104         MB/s
[2023-11-19T16:49:25.500+0800][gc,stats    ]      Memory: Defragment                                        0 / 0                 0 / 0                 0 / 0                 0 / 0           ops/s
[2023-11-19T16:49:25.500+0800][gc,stats    ]      Memory: Out Of Memory                                     0 / 0                 0 / 0                 0 / 0                 0 / 0           ops/s
[2023-11-19T16:49:25.500+0800][gc,stats    ]      Memory: Page Cache Flush                                  0 / 0                 0 / 0                 0 / 0                 0 / 0           MB/s
[2023-11-19T16:49:25.500+0800][gc,stats    ]      Memory: Page Cache Hit L1                                 0 / 1                 1 / 29                1 / 29                1 / 29          ops/s
[2023-11-19T16:49:25.500+0800][gc,stats    ]      Memory: Page Cache Hit L2                                 0 / 0                 0 / 0                 0 / 0                 0 / 0           ops/s
[2023-11-19T16:49:25.500+0800][gc,stats    ]      Memory: Page Cache Hit L3                                 0 / 0                 1 / 48                1 / 48                1 / 48          ops/s
[2023-11-19T16:49:25.500+0800][gc,stats    ]      Memory: Page Cache Miss                                   0 / 0                 0 / 1                 0 / 1                 0 / 1           ops/s
[2023-11-19T16:49:25.500+0800][gc,stats    ]      Memory: Uncommit                                          0 / 0                 0 / 0                 0 / 0                 0 / 0           MB/s
[2023-11-19T16:49:25.500+0800][gc,stats    ]      Memory: Undo Object Allocation Failed                     0 / 0                 0 / 0                 0 / 0                 0 / 0           ops/s
[2023-11-19T16:49:25.500+0800][gc,stats    ]      Memory: Undo Object Allocation Succeeded                  0 / 0                 0 / 0                 0 / 0                 0 / 0           ops/s
[2023-11-19T16:49:25.500+0800][gc,stats    ]      Memory: Undo Page Allocation                              0 / 0                 0 / 0                 0 / 0                 0 / 0           ops/s
[2023-11-19T16:49:25.500+0800][gc,stats    ]       Phase: Concurrent Mark                               0.000 / 0.000        13.801 / 15.394       13.801 / 15.394       13.801 / 15.394      ms
[2023-11-19T16:49:25.500+0800][gc,stats    ]       Phase: Concurrent Mark Continue                      0.000 / 0.000         0.000 / 0.000         0.000 / 0.000         0.000 / 0.000       ms
[2023-11-19T16:49:25.500+0800][gc,stats    ]       Phase: Concurrent Mark Free                          0.000 / 0.000         0.001 / 0.001         0.001 / 0.001         0.001 / 0.001       ms
[2023-11-19T16:49:25.500+0800][gc,stats    ]       Phase: Concurrent Process Non-Strong References      0.000 / 0.000         1.810 / 1.931         1.810 / 1.931         1.810 / 1.931       ms
[2023-11-19T16:49:25.500+0800][gc,stats    ]       Phase: Concurrent Relocate                           0.000 / 0.000         2.671 / 3.187         2.671 / 3.187         2.671 / 3.187       ms
[2023-11-19T16:49:25.500+0800][gc,stats    ]       Phase: Concurrent Reset Relocation Set               0.000 / 0.000         0.001 / 0.003         0.001 / 0.003         0.001 / 0.003       ms
[2023-11-19T16:49:25.500+0800][gc,stats    ]       Phase: Concurrent Select Relocation Set              0.000 / 0.000         4.627 / 7.839         4.627 / 7.839         4.627 / 7.839       ms
[2023-11-19T16:49:25.500+0800][gc,stats    ]       Phase: Pause Mark End                                0.000 / 0.000         0.016 / 0.018         0.016 / 0.018         0.016 / 0.018       ms
[2023-11-19T16:49:25.501+0800][gc,stats    ]       Phase: Pause Mark Start                              0.000 / 0.000         0.013 / 0.019         0.013 / 0.019         0.013 / 0.019       ms
[2023-11-19T16:49:25.501+0800][gc,stats    ]       Phase: Pause Relocate Start                          0.000 / 0.000         0.008 / 0.009         0.008 / 0.009         0.008 / 0.009       ms
[2023-11-19T16:49:25.501+0800][gc,stats    ]    Subphase: Concurrent Classes Purge                      0.000 / 0.000         0.047 / 0.049         0.047 / 0.049         0.047 / 0.049       ms
[2023-11-19T16:49:25.501+0800][gc,stats    ]    Subphase: Concurrent Classes Unlink                     0.000 / 0.000         1.263 / 1.295         1.263 / 1.295         1.263 / 1.295       ms
[2023-11-19T16:49:25.501+0800][gc,stats    ]    Subphase: Concurrent Mark                               0.000 / 0.000        11.825 / 13.159       11.825 / 13.159       11.825 / 13.159      ms
[2023-11-19T16:49:25.501+0800][gc,stats    ]    Subphase: Concurrent Mark Try Flush                     0.000 / 0.000         0.057 / 0.108         0.057 / 0.108         0.057 / 0.108       ms
[2023-11-19T16:49:25.501+0800][gc,stats    ]    Subphase: Concurrent Mark Try Terminate                 0.000 / 0.000         1.420 / 4.236         1.420 / 4.236         1.420 / 4.236       ms
[2023-11-19T16:49:25.501+0800][gc,stats    ]    Subphase: Concurrent References Enqueue                 0.000 / 0.000         0.004 / 0.004         0.004 / 0.004         0.004 / 0.004       ms
[2023-11-19T16:49:25.501+0800][gc,stats    ]    Subphase: Concurrent References Process                 0.000 / 0.000         0.090 / 0.101         0.090 / 0.101         0.090 / 0.101       ms
[2023-11-19T16:49:25.501+0800][gc,stats    ]    Subphase: Concurrent Roots ClassLoaderDataGraph         0.000 / 0.000         0.103 / 0.506         0.103 / 0.506         0.103 / 0.506       ms
[2023-11-19T16:49:25.501+0800][gc,stats    ]    Subphase: Concurrent Roots CodeCache                    0.000 / 0.000         0.000 / 0.000         0.000 / 0.000         0.000 / 0.000       ms
[2023-11-19T16:49:25.501+0800][gc,stats    ]    Subphase: Concurrent Roots JavaThreads                  0.000 / 0.000         1.129 / 2.106         1.129 / 2.106         1.129 / 2.106       ms
[2023-11-19T16:49:25.501+0800][gc,stats    ]    Subphase: Concurrent Roots OopStorageSet                0.000 / 0.000         0.036 / 0.058         0.036 / 0.058         0.036 / 0.058       ms
[2023-11-19T16:49:25.501+0800][gc,stats    ]    Subphase: Concurrent Weak Roots OopStorageSet           0.000 / 0.000         0.328 / 0.486         0.328 / 0.486         0.328 / 0.486       ms
[2023-11-19T16:49:25.501+0800][gc,stats    ]    Subphase: Pause Mark Try Complete                       0.000 / 0.000         0.000 / 0.000         0.000 / 0.000         0.000 / 0.000       ms
[2023-11-19T16:49:25.501+0800][gc,stats    ]      System: Java Threads                                      0 / 0                39 / 54               39 / 54               39 / 54          threads
[2023-11-19T16:49:25.501+0800][gc,stats    ] =========================================================================================================================================================
[2023-11-19T16:49:35.500+0800][gc,stats    ] === Garbage Collection Statistics =======================================================================================================================
[2023-11-19T16:49:35.500+0800][gc,stats    ]                                                              Last 10s              Last 10m              Last 10h                Total
[2023-11-19T16:49:35.500+0800][gc,stats    ]                                                              Avg / Max             Avg / Max             Avg / Max             Avg / Max
[2023-11-19T16:49:35.500+0800][gc,stats    ]   Collector: Garbage Collection Cycle                      0.000 / 0.000        23.723 / 25.775       23.723 / 25.775       23.723 / 25.775      ms
[2023-11-19T16:49:35.500+0800][gc,stats    ]  Contention: Mark Segment Reset Contention                     0 / 0                 0 / 3                 0 / 3                 0 / 3           ops/s
[2023-11-19T16:49:35.500+0800][gc,stats    ]  Contention: Mark SeqNum Reset Contention                      0 / 0                 0 / 0                 0 / 0                 0 / 0           ops/s
[2023-11-19T16:49:35.500+0800][gc,stats    ]    Critical: Allocation Stall                                  0 / 0                 0 / 0                 0 / 0                 0 / 0           ops/s
[2023-11-19T16:49:35.500+0800][gc,stats    ]    Critical: Allocation Stall                              0.000 / 0.000         0.000 / 0.000         0.000 / 0.000         0.000 / 0.000       ms
[2023-11-19T16:49:35.500+0800][gc,stats    ]    Critical: GC Locker Stall                                   0 / 0                 0 / 0                 0 / 0                 0 / 0           ops/s
[2023-11-19T16:49:35.500+0800][gc,stats    ]    Critical: GC Locker Stall                               0.000 / 0.000         0.000 / 0.000         0.000 / 0.000         0.000 / 0.000       ms
[2023-11-19T16:49:35.500+0800][gc,stats    ]    Critical: Relocation Stall                                  0 / 0                 0 / 0                 0 / 0                 0 / 0           ops/s
[2023-11-19T16:49:35.500+0800][gc,stats    ]    Critical: Relocation Stall                              0.000 / 0.000         0.000 / 0.000         0.000 / 0.000         0.000 / 0.000       ms
[2023-11-19T16:49:35.500+0800][gc,stats    ]      Memory: Allocation Rate                                   0 / 0                 5 / 104               5 / 104               5 / 104         MB/s
[2023-11-19T16:49:35.500+0800][gc,stats    ]      Memory: Defragment                                        0 / 0                 0 / 0                 0 / 0                 0 / 0           ops/s
[2023-11-19T16:49:35.500+0800][gc,stats    ]      Memory: Out Of Memory                                     0 / 0                 0 / 0                 0 / 0                 0 / 0           ops/s
[2023-11-19T16:49:35.500+0800][gc,stats    ]      Memory: Page Cache Flush                                  0 / 0                 0 / 0                 0 / 0                 0 / 0           MB/s
[2023-11-19T16:49:35.500+0800][gc,stats    ]      Memory: Page Cache Hit L1                                 0 / 0                 1 / 29                1 / 29                1 / 29          ops/s
[2023-11-19T16:49:35.500+0800][gc,stats    ]      Memory: Page Cache Hit L2                                 0 / 0                 0 / 0                 0 / 0                 0 / 0           ops/s
[2023-11-19T16:49:35.500+0800][gc,stats    ]      Memory: Page Cache Hit L3                                 0 / 0                 1 / 48                1 / 48                1 / 48          ops/s
[2023-11-19T16:49:35.500+0800][gc,stats    ]      Memory: Page Cache Miss                                   0 / 0                 0 / 1                 0 / 1                 0 / 1           ops/s
[2023-11-19T16:49:35.500+0800][gc,stats    ]      Memory: Uncommit                                          0 / 0                 0 / 0                 0 / 0                 0 / 0           MB/s
[2023-11-19T16:49:35.500+0800][gc,stats    ]      Memory: Undo Object Allocation Failed                     0 / 0                 0 / 0                 0 / 0                 0 / 0           ops/s
[2023-11-19T16:49:35.500+0800][gc,stats    ]      Memory: Undo Object Allocation Succeeded                  0 / 0                 0 / 0                 0 / 0                 0 / 0           ops/s
[2023-11-19T16:49:35.500+0800][gc,stats    ]      Memory: Undo Page Allocation                              0 / 0                 0 / 0                 0 / 0                 0 / 0           ops/s
[2023-11-19T16:49:35.500+0800][gc,stats    ]       Phase: Concurrent Mark                               0.000 / 0.000        13.801 / 15.394       13.801 / 15.394       13.801 / 15.394      ms
[2023-11-19T16:49:35.500+0800][gc,stats    ]       Phase: Concurrent Mark Continue                      0.000 / 0.000         0.000 / 0.000         0.000 / 0.000         0.000 / 0.000       ms
[2023-11-19T16:49:35.500+0800][gc,stats    ]       Phase: Concurrent Mark Free                          0.000 / 0.000         0.001 / 0.001         0.001 / 0.001         0.001 / 0.001       ms
[2023-11-19T16:49:35.500+0800][gc,stats    ]       Phase: Concurrent Process Non-Strong References      0.000 / 0.000         1.810 / 1.931         1.810 / 1.931         1.810 / 1.931       ms
[2023-11-19T16:49:35.500+0800][gc,stats    ]       Phase: Concurrent Relocate                           0.000 / 0.000         2.671 / 3.187         2.671 / 3.187         2.671 / 3.187       ms
[2023-11-19T16:49:35.500+0800][gc,stats    ]       Phase: Concurrent Reset Relocation Set               0.000 / 0.000         0.001 / 0.003         0.001 / 0.003         0.001 / 0.003       ms
[2023-11-19T16:49:35.500+0800][gc,stats    ]       Phase: Concurrent Select Relocation Set              0.000 / 0.000         4.627 / 7.839         4.627 / 7.839         4.627 / 7.839       ms
[2023-11-19T16:49:35.500+0800][gc,stats    ]       Phase: Pause Mark End                                0.000 / 0.000         0.016 / 0.018         0.016 / 0.018         0.016 / 0.018       ms
[2023-11-19T16:49:35.500+0800][gc,stats    ]       Phase: Pause Mark Start                              0.000 / 0.000         0.013 / 0.019         0.013 / 0.019         0.013 / 0.019       ms
[2023-11-19T16:49:35.500+0800][gc,stats    ]       Phase: Pause Relocate Start                          0.000 / 0.000         0.008 / 0.009         0.008 / 0.009         0.008 / 0.009       ms
[2023-11-19T16:49:35.500+0800][gc,stats    ]    Subphase: Concurrent Classes Purge                      0.000 / 0.000         0.047 / 0.049         0.047 / 0.049         0.047 / 0.049       ms
[2023-11-19T16:49:35.500+0800][gc,stats    ]    Subphase: Concurrent Classes Unlink                     0.000 / 0.000         1.263 / 1.295         1.263 / 1.295         1.263 / 1.295       ms
[2023-11-19T16:49:35.500+0800][gc,stats    ]    Subphase: Concurrent Mark                               0.000 / 0.000        11.825 / 13.159       11.825 / 13.159       11.825 / 13.159      ms
[2023-11-19T16:49:35.500+0800][gc,stats    ]    Subphase: Concurrent Mark Try Flush                     0.000 / 0.000         0.057 / 0.108         0.057 / 0.108         0.057 / 0.108       ms
[2023-11-19T16:49:35.500+0800][gc,stats    ]    Subphase: Concurrent Mark Try Terminate                 0.000 / 0.000         1.420 / 4.236         1.420 / 4.236         1.420 / 4.236       ms
[2023-11-19T16:49:35.500+0800][gc,stats    ]    Subphase: Concurrent References Enqueue                 0.000 / 0.000         0.004 / 0.004         0.004 / 0.004         0.004 / 0.004       ms
[2023-11-19T16:49:35.500+0800][gc,stats    ]    Subphase: Concurrent References Process                 0.000 / 0.000         0.090 / 0.101         0.090 / 0.101         0.090 / 0.101       ms
[2023-11-19T16:49:35.500+0800][gc,stats    ]    Subphase: Concurrent Roots ClassLoaderDataGraph         0.000 / 0.000         0.103 / 0.506         0.103 / 0.506         0.103 / 0.506       ms
[2023-11-19T16:49:35.500+0800][gc,stats    ]    Subphase: Concurrent Roots CodeCache                    0.000 / 0.000         0.000 / 0.000         0.000 / 0.000         0.000 / 0.000       ms
[2023-11-19T16:49:35.500+0800][gc,stats    ]    Subphase: Concurrent Roots JavaThreads                  0.000 / 0.000         1.129 / 2.106         1.129 / 2.106         1.129 / 2.106       ms
[2023-11-19T16:49:35.500+0800][gc,stats    ]    Subphase: Concurrent Roots OopStorageSet                0.000 / 0.000         0.036 / 0.058         0.036 / 0.058         0.036 / 0.058       ms
[2023-11-19T16:49:35.500+0800][gc,stats    ]    Subphase: Concurrent Weak Roots OopStorageSet           0.000 / 0.000         0.328 / 0.486         0.328 / 0.486         0.328 / 0.486       ms
[2023-11-19T16:49:35.500+0800][gc,stats    ]    Subphase: Pause Mark Try Complete                       0.000 / 0.000         0.000 / 0.000         0.000 / 0.000         0.000 / 0.000       ms
[2023-11-19T16:49:35.500+0800][gc,stats    ]      System: Java Threads                                      0 / 0                39 / 54               39 / 54               39 / 54          threads
[2023-11-19T16:49:35.500+0800][gc,stats    ] =========================================================================================================================================================
[2023-11-19T16:49:45.500+0800][gc,stats    ] === Garbage Collection Statistics =======================================================================================================================
[2023-11-19T16:49:45.500+0800][gc,stats    ]                                                              Last 10s              Last 10m              Last 10h                Total
[2023-11-19T16:49:45.500+0800][gc,stats    ]                                                              Avg / Max             Avg / Max             Avg / Max             Avg / Max
[2023-11-19T16:49:45.500+0800][gc,stats    ]   Collector: Garbage Collection Cycle                      0.000 / 0.000        23.723 / 25.775       23.723 / 25.775       23.723 / 25.775      ms
[2023-11-19T16:49:45.500+0800][gc,stats    ]  Contention: Mark Segment Reset Contention                     0 / 0                 0 / 3                 0 / 3                 0 / 3           ops/s
[2023-11-19T16:49:45.500+0800][gc,stats    ]  Contention: Mark SeqNum Reset Contention                      0 / 0                 0 / 0                 0 / 0                 0 / 0           ops/s
[2023-11-19T16:49:45.500+0800][gc,stats    ]    Critical: Allocation Stall                                  0 / 0                 0 / 0                 0 / 0                 0 / 0           ops/s
[2023-11-19T16:49:45.500+0800][gc,stats    ]    Critical: Allocation Stall                              0.000 / 0.000         0.000 / 0.000         0.000 / 0.000         0.000 / 0.000       ms
[2023-11-19T16:49:45.500+0800][gc,stats    ]    Critical: GC Locker Stall                                   0 / 0                 0 / 0                 0 / 0                 0 / 0           ops/s
[2023-11-19T16:49:45.500+0800][gc,stats    ]    Critical: GC Locker Stall                               0.000 / 0.000         0.000 / 0.000         0.000 / 0.000         0.000 / 0.000       ms
[2023-11-19T16:49:45.500+0800][gc,stats    ]    Critical: Relocation Stall                                  0 / 0                 0 / 0                 0 / 0                 0 / 0           ops/s
[2023-11-19T16:49:45.500+0800][gc,stats    ]    Critical: Relocation Stall                              0.000 / 0.000         0.000 / 0.000         0.000 / 0.000         0.000 / 0.000       ms
[2023-11-19T16:49:45.500+0800][gc,stats    ]      Memory: Allocation Rate                                   0 / 0                 4 / 104               4 / 104               4 / 104         MB/s
[2023-11-19T16:49:45.500+0800][gc,stats    ]      Memory: Defragment                                        0 / 0                 0 / 0                 0 / 0                 0 / 0           ops/s
[2023-11-19T16:49:45.500+0800][gc,stats    ]      Memory: Out Of Memory                                     0 / 0                 0 / 0                 0 / 0                 0 / 0           ops/s
[2023-11-19T16:49:45.500+0800][gc,stats    ]      Memory: Page Cache Flush                                  0 / 0                 0 / 0                 0 / 0                 0 / 0           MB/s
[2023-11-19T16:49:45.500+0800][gc,stats    ]      Memory: Page Cache Hit L1                                 0 / 0                 1 / 29                1 / 29                1 / 29          ops/s
[2023-11-19T16:49:45.500+0800][gc,stats    ]      Memory: Page Cache Hit L2                                 0 / 0                 0 / 0                 0 / 0                 0 / 0           ops/s
[2023-11-19T16:49:45.500+0800][gc,stats    ]      Memory: Page Cache Hit L3                                 0 / 0                 1 / 48                1 / 48                1 / 48          ops/s
[2023-11-19T16:49:45.500+0800][gc,stats    ]      Memory: Page Cache Miss                                   0 / 0                 0 / 1                 0 / 1                 0 / 1           ops/s
[2023-11-19T16:49:45.500+0800][gc,stats    ]      Memory: Uncommit                                          0 / 0                 0 / 0                 0 / 0                 0 / 0           MB/s
[2023-11-19T16:49:45.500+0800][gc,stats    ]      Memory: Undo Object Allocation Failed                     0 / 0                 0 / 0                 0 / 0                 0 / 0           ops/s
[2023-11-19T16:49:45.500+0800][gc,stats    ]      Memory: Undo Object Allocation Succeeded                  0 / 0                 0 / 0                 0 / 0                 0 / 0           ops/s
[2023-11-19T16:49:45.500+0800][gc,stats    ]      Memory: Undo Page Allocation                              0 / 0                 0 / 0                 0 / 0                 0 / 0           ops/s
[2023-11-19T16:49:45.500+0800][gc,stats    ]       Phase: Concurrent Mark                               0.000 / 0.000        13.801 / 15.394       13.801 / 15.394       13.801 / 15.394      ms
[2023-11-19T16:49:45.500+0800][gc,stats    ]       Phase: Concurrent Mark Continue                      0.000 / 0.000         0.000 / 0.000         0.000 / 0.000         0.000 / 0.000       ms
[2023-11-19T16:49:45.500+0800][gc,stats    ]       Phase: Concurrent Mark Free                          0.000 / 0.000         0.001 / 0.001         0.001 / 0.001         0.001 / 0.001       ms
[2023-11-19T16:49:45.500+0800][gc,stats    ]       Phase: Concurrent Process Non-Strong References      0.000 / 0.000         1.810 / 1.931         1.810 / 1.931         1.810 / 1.931       ms
[2023-11-19T16:49:45.500+0800][gc,stats    ]       Phase: Concurrent Relocate                           0.000 / 0.000         2.671 / 3.187         2.671 / 3.187         2.671 / 3.187       ms
[2023-11-19T16:49:45.500+0800][gc,stats    ]       Phase: Concurrent Reset Relocation Set               0.000 / 0.000         0.001 / 0.003         0.001 / 0.003         0.001 / 0.003       ms
[2023-11-19T16:49:45.500+0800][gc,stats    ]       Phase: Concurrent Select Relocation Set              0.000 / 0.000         4.627 / 7.839         4.627 / 7.839         4.627 / 7.839       ms
[2023-11-19T16:49:45.500+0800][gc,stats    ]       Phase: Pause Mark End                                0.000 / 0.000         0.016 / 0.018         0.016 / 0.018         0.016 / 0.018       ms
[2023-11-19T16:49:45.500+0800][gc,stats    ]       Phase: Pause Mark Start                              0.000 / 0.000         0.013 / 0.019         0.013 / 0.019         0.013 / 0.019       ms
[2023-11-19T16:49:45.500+0800][gc,stats    ]       Phase: Pause Relocate Start                          0.000 / 0.000         0.008 / 0.009         0.008 / 0.009         0.008 / 0.009       ms
[2023-11-19T16:49:45.500+0800][gc,stats    ]    Subphase: Concurrent Classes Purge                      0.000 / 0.000         0.047 / 0.049         0.047 / 0.049         0.047 / 0.049       ms
[2023-11-19T16:49:45.500+0800][gc,stats    ]    Subphase: Concurrent Classes Unlink                     0.000 / 0.000         1.263 / 1.295         1.263 / 1.295         1.263 / 1.295       ms
[2023-11-19T16:49:45.500+0800][gc,stats    ]    Subphase: Concurrent Mark                               0.000 / 0.000        11.825 / 13.159       11.825 / 13.159       11.825 / 13.159      ms
[2023-11-19T16:49:45.500+0800][gc,stats    ]    Subphase: Concurrent Mark Try Flush                     0.000 / 0.000         0.057 / 0.108         0.057 / 0.108         0.057 / 0.108       ms
[2023-11-19T16:49:45.500+0800][gc,stats    ]    Subphase: Concurrent Mark Try Terminate                 0.000 / 0.000         1.420 / 4.236         1.420 / 4.236         1.420 / 4.236       ms
[2023-11-19T16:49:45.500+0800][gc,stats    ]    Subphase: Concurrent References Enqueue                 0.000 / 0.000         0.004 / 0.004         0.004 / 0.004         0.004 / 0.004       ms
[2023-11-19T16:49:45.500+0800][gc,stats    ]    Subphase: Concurrent References Process                 0.000 / 0.000         0.090 / 0.101         0.090 / 0.101         0.090 / 0.101       ms
[2023-11-19T16:49:45.500+0800][gc,stats    ]    Subphase: Concurrent Roots ClassLoaderDataGraph         0.000 / 0.000         0.103 / 0.506         0.103 / 0.506         0.103 / 0.506       ms
[2023-11-19T16:49:45.500+0800][gc,stats    ]    Subphase: Concurrent Roots CodeCache                    0.000 / 0.000         0.000 / 0.000         0.000 / 0.000         0.000 / 0.000       ms
[2023-11-19T16:49:45.500+0800][gc,stats    ]    Subphase: Concurrent Roots JavaThreads                  0.000 / 0.000         1.129 / 2.106         1.129 / 2.106         1.129 / 2.106       ms
[2023-11-19T16:49:45.500+0800][gc,stats    ]    Subphase: Concurrent Roots OopStorageSet                0.000 / 0.000         0.036 / 0.058         0.036 / 0.058         0.036 / 0.058       ms
[2023-11-19T16:49:45.500+0800][gc,stats    ]    Subphase: Concurrent Weak Roots OopStorageSet           0.000 / 0.000         0.328 / 0.486         0.328 / 0.486         0.328 / 0.486       ms
[2023-11-19T16:49:45.500+0800][gc,stats    ]    Subphase: Pause Mark Try Complete                       0.000 / 0.000         0.000 / 0.000         0.000 / 0.000         0.000 / 0.000       ms
[2023-11-19T16:49:45.500+0800][gc,stats    ]      System: Java Threads                                      0 / 0                39 / 54               39 / 54               39 / 54          threads
[2023-11-19T16:49:45.500+0800][gc,stats    ] =========================================================================================================================================================
[2023-11-19T16:49:55.500+0800][gc,stats    ] === Garbage Collection Statistics =======================================================================================================================
[2023-11-19T16:49:55.500+0800][gc,stats    ]                                                              Last 10s              Last 10m              Last 10h                Total
[2023-11-19T16:49:55.500+0800][gc,stats    ]                                                              Avg / Max             Avg / Max             Avg / Max             Avg / Max
[2023-11-19T16:49:55.500+0800][gc,stats    ]   Collector: Garbage Collection Cycle                      0.000 / 0.000        23.723 / 25.775       23.723 / 25.775       23.723 / 25.775      ms
[2023-11-19T16:49:55.500+0800][gc,stats    ]  Contention: Mark Segment Reset Contention                     0 / 0                 0 / 3                 0 / 3                 0 / 3           ops/s
[2023-11-19T16:49:55.500+0800][gc,stats    ]  Contention: Mark SeqNum Reset Contention                      0 / 0                 0 / 0                 0 / 0                 0 / 0           ops/s
[2023-11-19T16:49:55.500+0800][gc,stats    ]    Critical: Allocation Stall                                  0 / 0                 0 / 0                 0 / 0                 0 / 0           ops/s
[2023-11-19T16:49:55.500+0800][gc,stats    ]    Critical: Allocation Stall                              0.000 / 0.000         0.000 / 0.000         0.000 / 0.000         0.000 / 0.000       ms
[2023-11-19T16:49:55.500+0800][gc,stats    ]    Critical: GC Locker Stall                                   0 / 0                 0 / 0                 0 / 0                 0 / 0           ops/s
[2023-11-19T16:49:55.500+0800][gc,stats    ]    Critical: GC Locker Stall                               0.000 / 0.000         0.000 / 0.000         0.000 / 0.000         0.000 / 0.000       ms
[2023-11-19T16:49:55.500+0800][gc,stats    ]    Critical: Relocation Stall                                  0 / 0                 0 / 0                 0 / 0                 0 / 0           ops/s
[2023-11-19T16:49:55.500+0800][gc,stats    ]    Critical: Relocation Stall                              0.000 / 0.000         0.000 / 0.000         0.000 / 0.000         0.000 / 0.000       ms
[2023-11-19T16:49:55.500+0800][gc,stats    ]      Memory: Allocation Rate                                   0 / 0                 3 / 104               3 / 104               3 / 104         MB/s
[2023-11-19T16:49:55.500+0800][gc,stats    ]      Memory: Defragment                                        0 / 0                 0 / 0                 0 / 0                 0 / 0           ops/s
[2023-11-19T16:49:55.500+0800][gc,stats    ]      Memory: Out Of Memory                                     0 / 0                 0 / 0                 0 / 0                 0 / 0           ops/s
[2023-11-19T16:49:55.500+0800][gc,stats    ]      Memory: Page Cache Flush                                  0 / 0                 0 / 0                 0 / 0                 0 / 0           MB/s
[2023-11-19T16:49:55.500+0800][gc,stats    ]      Memory: Page Cache Hit L1                                 0 / 0                 0 / 29                0 / 29                0 / 29          ops/s
[2023-11-19T16:49:55.500+0800][gc,stats    ]      Memory: Page Cache Hit L2                                 0 / 0                 0 / 0                 0 / 0                 0 / 0           ops/s
[2023-11-19T16:49:55.500+0800][gc,stats    ]      Memory: Page Cache Hit L3                                 0 / 0                 1 / 48                1 / 48                1 / 48          ops/s
[2023-11-19T16:49:55.500+0800][gc,stats    ]      Memory: Page Cache Miss                                   0 / 0                 0 / 1                 0 / 1                 0 / 1           ops/s
[2023-11-19T16:49:55.500+0800][gc,stats    ]      Memory: Uncommit                                          0 / 0                 0 / 0                 0 / 0                 0 / 0           MB/s
[2023-11-19T16:49:55.500+0800][gc,stats    ]      Memory: Undo Object Allocation Failed                     0 / 0                 0 / 0                 0 / 0                 0 / 0           ops/s
[2023-11-19T16:49:55.500+0800][gc,stats    ]      Memory: Undo Object Allocation Succeeded                  0 / 0                 0 / 0                 0 / 0                 0 / 0           ops/s
[2023-11-19T16:49:55.500+0800][gc,stats    ]      Memory: Undo Page Allocation                              0 / 0                 0 / 0                 0 / 0                 0 / 0           ops/s
[2023-11-19T16:49:55.500+0800][gc,stats    ]       Phase: Concurrent Mark                               0.000 / 0.000        13.801 / 15.394       13.801 / 15.394       13.801 / 15.394      ms
[2023-11-19T16:49:55.500+0800][gc,stats    ]       Phase: Concurrent Mark Continue                      0.000 / 0.000         0.000 / 0.000         0.000 / 0.000         0.000 / 0.000       ms
[2023-11-19T16:49:55.500+0800][gc,stats    ]       Phase: Concurrent Mark Free                          0.000 / 0.000         0.001 / 0.001         0.001 / 0.001         0.001 / 0.001       ms
[2023-11-19T16:49:55.500+0800][gc,stats    ]       Phase: Concurrent Process Non-Strong References      0.000 / 0.000         1.810 / 1.931         1.810 / 1.931         1.810 / 1.931       ms
[2023-11-19T16:49:55.500+0800][gc,stats    ]       Phase: Concurrent Relocate                           0.000 / 0.000         2.671 / 3.187         2.671 / 3.187         2.671 / 3.187       ms
[2023-11-19T16:49:55.500+0800][gc,stats    ]       Phase: Concurrent Reset Relocation Set               0.000 / 0.000         0.001 / 0.003         0.001 / 0.003         0.001 / 0.003       ms
[2023-11-19T16:49:55.500+0800][gc,stats    ]       Phase: Concurrent Select Relocation Set              0.000 / 0.000         4.627 / 7.839         4.627 / 7.839         4.627 / 7.839       ms
[2023-11-19T16:49:55.500+0800][gc,stats    ]       Phase: Pause Mark End                                0.000 / 0.000         0.016 / 0.018         0.016 / 0.018         0.016 / 0.018       ms
[2023-11-19T16:49:55.500+0800][gc,stats    ]       Phase: Pause Mark Start                              0.000 / 0.000         0.013 / 0.019         0.013 / 0.019         0.013 / 0.019       ms
[2023-11-19T16:49:55.500+0800][gc,stats    ]       Phase: Pause Relocate Start                          0.000 / 0.000         0.008 / 0.009         0.008 / 0.009         0.008 / 0.009       ms
[2023-11-19T16:49:55.500+0800][gc,stats    ]    Subphase: Concurrent Classes Purge                      0.000 / 0.000         0.047 / 0.049         0.047 / 0.049         0.047 / 0.049       ms
[2023-11-19T16:49:55.500+0800][gc,stats    ]    Subphase: Concurrent Classes Unlink                     0.000 / 0.000         1.263 / 1.295         1.263 / 1.295         1.263 / 1.295       ms
[2023-11-19T16:49:55.500+0800][gc,stats    ]    Subphase: Concurrent Mark                               0.000 / 0.000        11.825 / 13.159       11.825 / 13.159       11.825 / 13.159      ms
[2023-11-19T16:49:55.500+0800][gc,stats    ]    Subphase: Concurrent Mark Try Flush                     0.000 / 0.000         0.057 / 0.108         0.057 / 0.108         0.057 / 0.108       ms
[2023-11-19T16:49:55.500+0800][gc,stats    ]    Subphase: Concurrent Mark Try Terminate                 0.000 / 0.000         1.420 / 4.236         1.420 / 4.236         1.420 / 4.236       ms
[2023-11-19T16:49:55.500+0800][gc,stats    ]    Subphase: Concurrent References Enqueue                 0.000 / 0.000         0.004 / 0.004         0.004 / 0.004         0.004 / 0.004       ms
[2023-11-19T16:49:55.500+0800][gc,stats    ]    Subphase: Concurrent References Process                 0.000 / 0.000         0.090 / 0.101         0.090 / 0.101         0.090 / 0.101       ms
[2023-11-19T16:49:55.500+0800][gc,stats    ]    Subphase: Concurrent Roots ClassLoaderDataGraph         0.000 / 0.000         0.103 / 0.506         0.103 / 0.506         0.103 / 0.506       ms
[2023-11-19T16:49:55.500+0800][gc,stats    ]    Subphase: Concurrent Roots CodeCache                    0.000 / 0.000         0.000 / 0.000         0.000 / 0.000         0.000 / 0.000       ms
[2023-11-19T16:49:55.500+0800][gc,stats    ]    Subphase: Concurrent Roots JavaThreads                  0.000 / 0.000         1.129 / 2.106         1.129 / 2.106         1.129 / 2.106       ms
[2023-11-19T16:49:55.500+0800][gc,stats    ]    Subphase: Concurrent Roots OopStorageSet                0.000 / 0.000         0.036 / 0.058         0.036 / 0.058         0.036 / 0.058       ms
[2023-11-19T16:49:55.500+0800][gc,stats    ]    Subphase: Concurrent Weak Roots OopStorageSet           0.000 / 0.000         0.328 / 0.486         0.328 / 0.486         0.328 / 0.486       ms
[2023-11-19T16:49:55.500+0800][gc,stats    ]    Subphase: Pause Mark Try Complete                       0.000 / 0.000         0.000 / 0.000         0.000 / 0.000         0.000 / 0.000       ms
[2023-11-19T16:49:55.500+0800][gc,stats    ]      System: Java Threads                                      0 / 0                39 / 54               39 / 54               39 / 54          threads
[2023-11-19T16:49:55.500+0800][gc,stats    ] =========================================================================================================================================================
[2023-11-19T16:50:05.501+0800][gc,stats    ] === Garbage Collection Statistics =======================================================================================================================
[2023-11-19T16:50:05.501+0800][gc,stats    ]                                                              Last 10s              Last 10m              Last 10h                Total
[2023-11-19T16:50:05.501+0800][gc,stats    ]                                                              Avg / Max             Avg / Max             Avg / Max             Avg / Max
[2023-11-19T16:50:05.501+0800][gc,stats    ]   Collector: Garbage Collection Cycle                      0.000 / 0.000        23.723 / 25.775       23.723 / 25.775       23.723 / 25.775      ms
[2023-11-19T16:50:05.501+0800][gc,stats    ]  Contention: Mark Segment Reset Contention                     0 / 0                 0 / 3                 0 / 3                 0 / 3           ops/s
[2023-11-19T16:50:05.501+0800][gc,stats    ]  Contention: Mark SeqNum Reset Contention                      0 / 0                 0 / 0                 0 / 0                 0 / 0           ops/s
[2023-11-19T16:50:05.501+0800][gc,stats    ]    Critical: Allocation Stall                                  0 / 0                 0 / 0                 0 / 0                 0 / 0           ops/s
[2023-11-19T16:50:05.501+0800][gc,stats    ]    Critical: Allocation Stall                              0.000 / 0.000         0.000 / 0.000         0.000 / 0.000         0.000 / 0.000       ms
[2023-11-19T16:50:05.501+0800][gc,stats    ]    Critical: GC Locker Stall                                   0 / 0                 0 / 0                 0 / 0                 0 / 0           ops/s
[2023-11-19T16:50:05.501+0800][gc,stats    ]    Critical: GC Locker Stall                               0.000 / 0.000         0.000 / 0.000         0.000 / 0.000         0.000 / 0.000       ms
[2023-11-19T16:50:05.501+0800][gc,stats    ]    Critical: Relocation Stall                                  0 / 0                 0 / 0                 0 / 0                 0 / 0           ops/s
[2023-11-19T16:50:05.501+0800][gc,stats    ]    Critical: Relocation Stall                              0.000 / 0.000         0.000 / 0.000         0.000 / 0.000         0.000 / 0.000       ms
[2023-11-19T16:50:05.501+0800][gc,stats    ]      Memory: Allocation Rate                                   0 / 0                 3 / 104               3 / 104               3 / 104         MB/s
[2023-11-19T16:50:05.501+0800][gc,stats    ]      Memory: Defragment                                        0 / 0                 0 / 0                 0 / 0                 0 / 0           ops/s
[2023-11-19T16:50:05.501+0800][gc,stats    ]      Memory: Out Of Memory                                     0 / 0                 0 / 0                 0 / 0                 0 / 0           ops/s
[2023-11-19T16:50:05.501+0800][gc,stats    ]      Memory: Page Cache Flush                                  0 / 0                 0 / 0                 0 / 0                 0 / 0           MB/s
[2023-11-19T16:50:05.501+0800][gc,stats    ]      Memory: Page Cache Hit L1                                 0 / 0                 0 / 29                0 / 29                0 / 29          ops/s
[2023-11-19T16:50:05.501+0800][gc,stats    ]      Memory: Page Cache Hit L2                                 0 / 0                 0 / 0                 0 / 0                 0 / 0           ops/s
[2023-11-19T16:50:05.501+0800][gc,stats    ]      Memory: Page Cache Hit L3                                 0 / 0                 0 / 48                0 / 48                0 / 48          ops/s
[2023-11-19T16:50:05.501+0800][gc,stats    ]      Memory: Page Cache Miss                                   0 / 0                 0 / 1                 0 / 1                 0 / 1           ops/s
[2023-11-19T16:50:05.501+0800][gc,stats    ]      Memory: Uncommit                                          0 / 0                 0 / 0                 0 / 0                 0 / 0           MB/s
[2023-11-19T16:50:05.501+0800][gc,stats    ]      Memory: Undo Object Allocation Failed                     0 / 0                 0 / 0                 0 / 0                 0 / 0           ops/s
[2023-11-19T16:50:05.501+0800][gc,stats    ]      Memory: Undo Object Allocation Succeeded                  0 / 0                 0 / 0                 0 / 0                 0 / 0           ops/s
[2023-11-19T16:50:05.501+0800][gc,stats    ]      Memory: Undo Page Allocation                              0 / 0                 0 / 0                 0 / 0                 0 / 0           ops/s
[2023-11-19T16:50:05.501+0800][gc,stats    ]       Phase: Concurrent Mark                               0.000 / 0.000        13.801 / 15.394       13.801 / 15.394       13.801 / 15.394      ms
[2023-11-19T16:50:05.501+0800][gc,stats    ]       Phase: Concurrent Mark Continue                      0.000 / 0.000         0.000 / 0.000         0.000 / 0.000         0.000 / 0.000       ms
[2023-11-19T16:50:05.501+0800][gc,stats    ]       Phase: Concurrent Mark Free                          0.000 / 0.000         0.001 / 0.001         0.001 / 0.001         0.001 / 0.001       ms
[2023-11-19T16:50:05.501+0800][gc,stats    ]       Phase: Concurrent Process Non-Strong References      0.000 / 0.000         1.810 / 1.931         1.810 / 1.931         1.810 / 1.931       ms
[2023-11-19T16:50:05.501+0800][gc,stats    ]       Phase: Concurrent Relocate                           0.000 / 0.000         2.671 / 3.187         2.671 / 3.187         2.671 / 3.187       ms
[2023-11-19T16:50:05.501+0800][gc,stats    ]       Phase: Concurrent Reset Relocation Set               0.000 / 0.000         0.001 / 0.003         0.001 / 0.003         0.001 / 0.003       ms
[2023-11-19T16:50:05.501+0800][gc,stats    ]       Phase: Concurrent Select Relocation Set              0.000 / 0.000         4.627 / 7.839         4.627 / 7.839         4.627 / 7.839       ms
[2023-11-19T16:50:05.501+0800][gc,stats    ]       Phase: Pause Mark End                                0.000 / 0.000         0.016 / 0.018         0.016 / 0.018         0.016 / 0.018       ms
[2023-11-19T16:50:05.501+0800][gc,stats    ]       Phase: Pause Mark Start                              0.000 / 0.000         0.013 / 0.019         0.013 / 0.019         0.013 / 0.019       ms
[2023-11-19T16:50:05.501+0800][gc,stats    ]       Phase: Pause Relocate Start                          0.000 / 0.000         0.008 / 0.009         0.008 / 0.009         0.008 / 0.009       ms
[2023-11-19T16:50:05.501+0800][gc,stats    ]    Subphase: Concurrent Classes Purge                      0.000 / 0.000         0.047 / 0.049         0.047 / 0.049         0.047 / 0.049       ms
[2023-11-19T16:50:05.501+0800][gc,stats    ]    Subphase: Concurrent Classes Unlink                     0.000 / 0.000         1.263 / 1.295         1.263 / 1.295         1.263 / 1.295       ms
[2023-11-19T16:50:05.501+0800][gc,stats    ]    Subphase: Concurrent Mark                               0.000 / 0.000        11.825 / 13.159       11.825 / 13.159       11.825 / 13.159      ms
[2023-11-19T16:50:05.501+0800][gc,stats    ]    Subphase: Concurrent Mark Try Flush                     0.000 / 0.000         0.057 / 0.108         0.057 / 0.108         0.057 / 0.108       ms
[2023-11-19T16:50:05.501+0800][gc,stats    ]    Subphase: Concurrent Mark Try Terminate                 0.000 / 0.000         1.420 / 4.236         1.420 / 4.236         1.420 / 4.236       ms
[2023-11-19T16:50:05.501+0800][gc,stats    ]    Subphase: Concurrent References Enqueue                 0.000 / 0.000         0.004 / 0.004         0.004 / 0.004         0.004 / 0.004       ms
[2023-11-19T16:50:05.501+0800][gc,stats    ]    Subphase: Concurrent References Process                 0.000 / 0.000         0.090 / 0.101         0.090 / 0.101         0.090 / 0.101       ms
[2023-11-19T16:50:05.501+0800][gc,stats    ]    Subphase: Concurrent Roots ClassLoaderDataGraph         0.000 / 0.000         0.103 / 0.506         0.103 / 0.506         0.103 / 0.506       ms
[2023-11-19T16:50:05.501+0800][gc,stats    ]    Subphase: Concurrent Roots CodeCache                    0.000 / 0.000         0.000 / 0.000         0.000 / 0.000         0.000 / 0.000       ms
[2023-11-19T16:50:05.501+0800][gc,stats    ]    Subphase: Concurrent Roots JavaThreads                  0.000 / 0.000         1.129 / 2.106         1.129 / 2.106         1.129 / 2.106       ms
[2023-11-19T16:50:05.501+0800][gc,stats    ]    Subphase: Concurrent Roots OopStorageSet                0.000 / 0.000         0.036 / 0.058         0.036 / 0.058         0.036 / 0.058       ms
[2023-11-19T16:50:05.501+0800][gc,stats    ]    Subphase: Concurrent Weak Roots OopStorageSet           0.000 / 0.000         0.328 / 0.486         0.328 / 0.486         0.328 / 0.486       ms
[2023-11-19T16:50:05.501+0800][gc,stats    ]    Subphase: Pause Mark Try Complete                       0.000 / 0.000         0.000 / 0.000         0.000 / 0.000         0.000 / 0.000       ms
[2023-11-19T16:50:05.501+0800][gc,stats    ]      System: Java Threads                                      0 / 0                39 / 54               39 / 54               39 / 54          threads
[2023-11-19T16:50:05.501+0800][gc,stats    ] =========================================================================================================================================================
[2023-11-19T16:50:15.501+0800][gc,stats    ] === Garbage Collection Statistics =======================================================================================================================
[2023-11-19T16:50:15.501+0800][gc,stats    ]                                                              Last 10s              Last 10m              Last 10h                Total
[2023-11-19T16:50:15.501+0800][gc,stats    ]                                                              Avg / Max             Avg / Max             Avg / Max             Avg / Max
[2023-11-19T16:50:15.501+0800][gc,stats    ]   Collector: Garbage Collection Cycle                      0.000 / 0.000        23.723 / 25.775       23.723 / 25.775       23.723 / 25.775      ms
[2023-11-19T16:50:15.501+0800][gc,stats    ]  Contention: Mark Segment Reset Contention                     0 / 0                 0 / 3                 0 / 3                 0 / 3           ops/s
[2023-11-19T16:50:15.501+0800][gc,stats    ]  Contention: Mark SeqNum Reset Contention                      0 / 0                 0 / 0                 0 / 0                 0 / 0           ops/s
[2023-11-19T16:50:15.501+0800][gc,stats    ]    Critical: Allocation Stall                                  0 / 0                 0 / 0                 0 / 0                 0 / 0           ops/s
[2023-11-19T16:50:15.501+0800][gc,stats    ]    Critical: Allocation Stall                              0.000 / 0.000         0.000 / 0.000         0.000 / 0.000         0.000 / 0.000       ms
[2023-11-19T16:50:15.501+0800][gc,stats    ]    Critical: GC Locker Stall                                   0 / 0                 0 / 0                 0 / 0                 0 / 0           ops/s
[2023-11-19T16:50:15.501+0800][gc,stats    ]    Critical: GC Locker Stall                               0.000 / 0.000         0.000 / 0.000         0.000 / 0.000         0.000 / 0.000       ms
[2023-11-19T16:50:15.501+0800][gc,stats    ]    Critical: Relocation Stall                                  0 / 0                 0 / 0                 0 / 0                 0 / 0           ops/s
[2023-11-19T16:50:15.501+0800][gc,stats    ]    Critical: Relocation Stall                              0.000 / 0.000         0.000 / 0.000         0.000 / 0.000         0.000 / 0.000       ms
[2023-11-19T16:50:15.501+0800][gc,stats    ]      Memory: Allocation Rate                                   0 / 0                 3 / 104               3 / 104               3 / 104         MB/s
[2023-11-19T16:50:15.501+0800][gc,stats    ]      Memory: Defragment                                        0 / 0                 0 / 0                 0 / 0                 0 / 0           ops/s
[2023-11-19T16:50:15.501+0800][gc,stats    ]      Memory: Out Of Memory                                     0 / 0                 0 / 0                 0 / 0                 0 / 0           ops/s
[2023-11-19T16:50:15.501+0800][gc,stats    ]      Memory: Page Cache Flush                                  0 / 0                 0 / 0                 0 / 0                 0 / 0           MB/s
[2023-11-19T16:50:15.501+0800][gc,stats    ]      Memory: Page Cache Hit L1                                 0 / 0                 0 / 29                0 / 29                0 / 29          ops/s
[2023-11-19T16:50:15.501+0800][gc,stats    ]      Memory: Page Cache Hit L2                                 0 / 0                 0 / 0                 0 / 0                 0 / 0           ops/s
[2023-11-19T16:50:15.501+0800][gc,stats    ]      Memory: Page Cache Hit L3                                 0 / 0                 0 / 48                0 / 48                0 / 48          ops/s
[2023-11-19T16:50:15.501+0800][gc,stats    ]      Memory: Page Cache Miss                                   0 / 0                 0 / 1                 0 / 1                 0 / 1           ops/s
[2023-11-19T16:50:15.501+0800][gc,stats    ]      Memory: Uncommit                                          0 / 0                 0 / 0                 0 / 0                 0 / 0           MB/s
[2023-11-19T16:50:15.501+0800][gc,stats    ]      Memory: Undo Object Allocation Failed                     0 / 0                 0 / 0                 0 / 0                 0 / 0           ops/s
[2023-11-19T16:50:15.501+0800][gc,stats    ]      Memory: Undo Object Allocation Succeeded                  0 / 0                 0 / 0                 0 / 0                 0 / 0           ops/s
[2023-11-19T16:50:15.501+0800][gc,stats    ]      Memory: Undo Page Allocation                              0 / 0                 0 / 0                 0 / 0                 0 / 0           ops/s
[2023-11-19T16:50:15.501+0800][gc,stats    ]       Phase: Concurrent Mark                               0.000 / 0.000        13.801 / 15.394       13.801 / 15.394       13.801 / 15.394      ms
[2023-11-19T16:50:15.501+0800][gc,stats    ]       Phase: Concurrent Mark Continue                      0.000 / 0.000         0.000 / 0.000         0.000 / 0.000         0.000 / 0.000       ms
[2023-11-19T16:50:15.501+0800][gc,stats    ]       Phase: Concurrent Mark Free                          0.000 / 0.000         0.001 / 0.001         0.001 / 0.001         0.001 / 0.001       ms
[2023-11-19T16:50:15.501+0800][gc,stats    ]       Phase: Concurrent Process Non-Strong References      0.000 / 0.000         1.810 / 1.931         1.810 / 1.931         1.810 / 1.931       ms
[2023-11-19T16:50:15.501+0800][gc,stats    ]       Phase: Concurrent Relocate                           0.000 / 0.000         2.671 / 3.187         2.671 / 3.187         2.671 / 3.187       ms
[2023-11-19T16:50:15.501+0800][gc,stats    ]       Phase: Concurrent Reset Relocation Set               0.000 / 0.000         0.001 / 0.003         0.001 / 0.003         0.001 / 0.003       ms
[2023-11-19T16:50:15.501+0800][gc,stats    ]       Phase: Concurrent Select Relocation Set              0.000 / 0.000         4.627 / 7.839         4.627 / 7.839         4.627 / 7.839       ms
[2023-11-19T16:50:15.501+0800][gc,stats    ]       Phase: Pause Mark End                                0.000 / 0.000         0.016 / 0.018         0.016 / 0.018         0.016 / 0.018       ms
[2023-11-19T16:50:15.501+0800][gc,stats    ]       Phase: Pause Mark Start                              0.000 / 0.000         0.013 / 0.019         0.013 / 0.019         0.013 / 0.019       ms
[2023-11-19T16:50:15.501+0800][gc,stats    ]       Phase: Pause Relocate Start                          0.000 / 0.000         0.008 / 0.009         0.008 / 0.009         0.008 / 0.009       ms
[2023-11-19T16:50:15.501+0800][gc,stats    ]    Subphase: Concurrent Classes Purge                      0.000 / 0.000         0.047 / 0.049         0.047 / 0.049         0.047 / 0.049       ms
[2023-11-19T16:50:15.501+0800][gc,stats    ]    Subphase: Concurrent Classes Unlink                     0.000 / 0.000         1.263 / 1.295         1.263 / 1.295         1.263 / 1.295       ms
[2023-11-19T16:50:15.501+0800][gc,stats    ]    Subphase: Concurrent Mark                               0.000 / 0.000        11.825 / 13.159       11.825 / 13.159       11.825 / 13.159      ms
[2023-11-19T16:50:15.501+0800][gc,stats    ]    Subphase: Concurrent Mark Try Flush                     0.000 / 0.000         0.057 / 0.108         0.057 / 0.108         0.057 / 0.108       ms
[2023-11-19T16:50:15.501+0800][gc,stats    ]    Subphase: Concurrent Mark Try Terminate                 0.000 / 0.000         1.420 / 4.236         1.420 / 4.236         1.420 / 4.236       ms
[2023-11-19T16:50:15.501+0800][gc,stats    ]    Subphase: Concurrent References Enqueue                 0.000 / 0.000         0.004 / 0.004         0.004 / 0.004         0.004 / 0.004       ms
[2023-11-19T16:50:15.501+0800][gc,stats    ]    Subphase: Concurrent References Process                 0.000 / 0.000         0.090 / 0.101         0.090 / 0.101         0.090 / 0.101       ms
[2023-11-19T16:50:15.501+0800][gc,stats    ]    Subphase: Concurrent Roots ClassLoaderDataGraph         0.000 / 0.000         0.103 / 0.506         0.103 / 0.506         0.103 / 0.506       ms
[2023-11-19T16:50:15.501+0800][gc,stats    ]    Subphase: Concurrent Roots CodeCache                    0.000 / 0.000         0.000 / 0.000         0.000 / 0.000         0.000 / 0.000       ms
[2023-11-19T16:50:15.501+0800][gc,stats    ]    Subphase: Concurrent Roots JavaThreads                  0.000 / 0.000         1.129 / 2.106         1.129 / 2.106         1.129 / 2.106       ms
[2023-11-19T16:50:15.501+0800][gc,stats    ]    Subphase: Concurrent Roots OopStorageSet                0.000 / 0.000         0.036 / 0.058         0.036 / 0.058         0.036 / 0.058       ms
[2023-11-19T16:50:15.501+0800][gc,stats    ]    Subphase: Concurrent Weak Roots OopStorageSet           0.000 / 0.000         0.328 / 0.486         0.328 / 0.486         0.328 / 0.486       ms
[2023-11-19T16:50:15.501+0800][gc,stats    ]    Subphase: Pause Mark Try Complete                       0.000 / 0.000         0.000 / 0.000         0.000 / 0.000         0.000 / 0.000       ms
[2023-11-19T16:50:15.501+0800][gc,stats    ]      System: Java Threads                                      0 / 0                39 / 54               39 / 54               39 / 54          threads
[2023-11-19T16:50:15.501+0800][gc,stats    ] =========================================================================================================================================================
[2023-11-19T16:50:25.500+0800][gc,stats    ] === Garbage Collection Statistics =======================================================================================================================
[2023-11-19T16:50:25.500+0800][gc,stats    ]                                                              Last 10s              Last 10m              Last 10h                Total
[2023-11-19T16:50:25.500+0800][gc,stats    ]                                                              Avg / Max             Avg / Max             Avg / Max             Avg / Max
[2023-11-19T16:50:25.500+0800][gc,stats    ]   Collector: Garbage Collection Cycle                      0.000 / 0.000        23.723 / 25.775       23.723 / 25.775       23.723 / 25.775      ms
[2023-11-19T16:50:25.500+0800][gc,stats    ]  Contention: Mark Segment Reset Contention                     0 / 0                 0 / 3                 0 / 3                 0 / 3           ops/s
[2023-11-19T16:50:25.500+0800][gc,stats    ]  Contention: Mark SeqNum Reset Contention                      0 / 0                 0 / 0                 0 / 0                 0 / 0           ops/s
[2023-11-19T16:50:25.500+0800][gc,stats    ]    Critical: Allocation Stall                                  0 / 0                 0 / 0                 0 / 0                 0 / 0           ops/s
[2023-11-19T16:50:25.500+0800][gc,stats    ]    Critical: Allocation Stall                              0.000 / 0.000         0.000 / 0.000         0.000 / 0.000         0.000 / 0.000       ms
[2023-11-19T16:50:25.500+0800][gc,stats    ]    Critical: GC Locker Stall                                   0 / 0                 0 / 0                 0 / 0                 0 / 0           ops/s
[2023-11-19T16:50:25.500+0800][gc,stats    ]    Critical: GC Locker Stall                               0.000 / 0.000         0.000 / 0.000         0.000 / 0.000         0.000 / 0.000       ms
[2023-11-19T16:50:25.500+0800][gc,stats    ]    Critical: Relocation Stall                                  0 / 0                 0 / 0                 0 / 0                 0 / 0           ops/s
[2023-11-19T16:50:25.500+0800][gc,stats    ]    Critical: Relocation Stall                              0.000 / 0.000         0.000 / 0.000         0.000 / 0.000         0.000 / 0.000       ms
[2023-11-19T16:50:25.500+0800][gc,stats    ]      Memory: Allocation Rate                                   0 / 0                 2 / 104               2 / 104               2 / 104         MB/s
[2023-11-19T16:50:25.500+0800][gc,stats    ]      Memory: Defragment                                        0 / 0                 0 / 0                 0 / 0                 0 / 0           ops/s
[2023-11-19T16:50:25.500+0800][gc,stats    ]      Memory: Out Of Memory                                     0 / 0                 0 / 0                 0 / 0                 0 / 0           ops/s
[2023-11-19T16:50:25.500+0800][gc,stats    ]      Memory: Page Cache Flush                                  0 / 0                 0 / 0                 0 / 0                 0 / 0           MB/s
[2023-11-19T16:50:25.500+0800][gc,stats    ]      Memory: Page Cache Hit L1                                 0 / 0                 0 / 29                0 / 29                0 / 29          ops/s
[2023-11-19T16:50:25.500+0800][gc,stats    ]      Memory: Page Cache Hit L2                                 0 / 0                 0 / 0                 0 / 0                 0 / 0           ops/s
[2023-11-19T16:50:25.500+0800][gc,stats    ]      Memory: Page Cache Hit L3                                 0 / 0                 0 / 48                0 / 48                0 / 48          ops/s
[2023-11-19T16:50:25.500+0800][gc,stats    ]      Memory: Page Cache Miss                                   0 / 0                 0 / 1                 0 / 1                 0 / 1           ops/s
[2023-11-19T16:50:25.500+0800][gc,stats    ]      Memory: Uncommit                                          0 / 0                 0 / 0                 0 / 0                 0 / 0           MB/s
[2023-11-19T16:50:25.500+0800][gc,stats    ]      Memory: Undo Object Allocation Failed                     0 / 0                 0 / 0                 0 / 0                 0 / 0           ops/s
[2023-11-19T16:50:25.500+0800][gc,stats    ]      Memory: Undo Object Allocation Succeeded                  0 / 0                 0 / 0                 0 / 0                 0 / 0           ops/s
[2023-11-19T16:50:25.500+0800][gc,stats    ]      Memory: Undo Page Allocation                              0 / 0                 0 / 0                 0 / 0                 0 / 0           ops/s
[2023-11-19T16:50:25.500+0800][gc,stats    ]       Phase: Concurrent Mark                               0.000 / 0.000        13.801 / 15.394       13.801 / 15.394       13.801 / 15.394      ms
[2023-11-19T16:50:25.500+0800][gc,stats    ]       Phase: Concurrent Mark Continue                      0.000 / 0.000         0.000 / 0.000         0.000 / 0.000         0.000 / 0.000       ms
[2023-11-19T16:50:25.500+0800][gc,stats    ]       Phase: Concurrent Mark Free                          0.000 / 0.000         0.001 / 0.001         0.001 / 0.001         0.001 / 0.001       ms
[2023-11-19T16:50:25.500+0800][gc,stats    ]       Phase: Concurrent Process Non-Strong References      0.000 / 0.000         1.810 / 1.931         1.810 / 1.931         1.810 / 1.931       ms
[2023-11-19T16:50:25.500+0800][gc,stats    ]       Phase: Concurrent Relocate                           0.000 / 0.000         2.671 / 3.187         2.671 / 3.187         2.671 / 3.187       ms
[2023-11-19T16:50:25.500+0800][gc,stats    ]       Phase: Concurrent Reset Relocation Set               0.000 / 0.000         0.001 / 0.003         0.001 / 0.003         0.001 / 0.003       ms
[2023-11-19T16:50:25.500+0800][gc,stats    ]       Phase: Concurrent Select Relocation Set              0.000 / 0.000         4.627 / 7.839         4.627 / 7.839         4.627 / 7.839       ms
[2023-11-19T16:50:25.500+0800][gc,stats    ]       Phase: Pause Mark End                                0.000 / 0.000         0.016 / 0.018         0.016 / 0.018         0.016 / 0.018       ms
[2023-11-19T16:50:25.500+0800][gc,stats    ]       Phase: Pause Mark Start                              0.000 / 0.000         0.013 / 0.019         0.013 / 0.019         0.013 / 0.019       ms
[2023-11-19T16:50:25.500+0800][gc,stats    ]       Phase: Pause Relocate Start                          0.000 / 0.000         0.008 / 0.009         0.008 / 0.009         0.008 / 0.009       ms
[2023-11-19T16:50:25.500+0800][gc,stats    ]    Subphase: Concurrent Classes Purge                      0.000 / 0.000         0.047 / 0.049         0.047 / 0.049         0.047 / 0.049       ms
[2023-11-19T16:50:25.500+0800][gc,stats    ]    Subphase: Concurrent Classes Unlink                     0.000 / 0.000         1.263 / 1.295         1.263 / 1.295         1.263 / 1.295       ms
[2023-11-19T16:50:25.500+0800][gc,stats    ]    Subphase: Concurrent Mark                               0.000 / 0.000        11.825 / 13.159       11.825 / 13.159       11.825 / 13.159      ms
[2023-11-19T16:50:25.500+0800][gc,stats    ]    Subphase: Concurrent Mark Try Flush                     0.000 / 0.000         0.057 / 0.108         0.057 / 0.108         0.057 / 0.108       ms
[2023-11-19T16:50:25.500+0800][gc,stats    ]    Subphase: Concurrent Mark Try Terminate                 0.000 / 0.000         1.420 / 4.236         1.420 / 4.236         1.420 / 4.236       ms
[2023-11-19T16:50:25.500+0800][gc,stats    ]    Subphase: Concurrent References Enqueue                 0.000 / 0.000         0.004 / 0.004         0.004 / 0.004         0.004 / 0.004       ms
[2023-11-19T16:50:25.500+0800][gc,stats    ]    Subphase: Concurrent References Process                 0.000 / 0.000         0.090 / 0.101         0.090 / 0.101         0.090 / 0.101       ms
[2023-11-19T16:50:25.500+0800][gc,stats    ]    Subphase: Concurrent Roots ClassLoaderDataGraph         0.000 / 0.000         0.103 / 0.506         0.103 / 0.506         0.103 / 0.506       ms
[2023-11-19T16:50:25.500+0800][gc,stats    ]    Subphase: Concurrent Roots CodeCache                    0.000 / 0.000         0.000 / 0.000         0.000 / 0.000         0.000 / 0.000       ms
[2023-11-19T16:50:25.500+0800][gc,stats    ]    Subphase: Concurrent Roots JavaThreads                  0.000 / 0.000         1.129 / 2.106         1.129 / 2.106         1.129 / 2.106       ms
[2023-11-19T16:50:25.500+0800][gc,stats    ]    Subphase: Concurrent Roots OopStorageSet                0.000 / 0.000         0.036 / 0.058         0.036 / 0.058         0.036 / 0.058       ms
[2023-11-19T16:50:25.500+0800][gc,stats    ]    Subphase: Concurrent Weak Roots OopStorageSet           0.000 / 0.000         0.328 / 0.486         0.328 / 0.486         0.328 / 0.486       ms
[2023-11-19T16:50:25.500+0800][gc,stats    ]    Subphase: Pause Mark Try Complete                       0.000 / 0.000         0.000 / 0.000         0.000 / 0.000         0.000 / 0.000       ms
[2023-11-19T16:50:25.500+0800][gc,stats    ]      System: Java Threads                                      0 / 0                39 / 54               39 / 54               39 / 54          threads
[2023-11-19T16:50:25.500+0800][gc,stats    ] =========================================================================================================================================================
[2023-11-19T16:50:35.502+0800][gc,stats    ] === Garbage Collection Statistics =======================================================================================================================
[2023-11-19T16:50:35.502+0800][gc,stats    ]                                                              Last 10s              Last 10m              Last 10h                Total
[2023-11-19T16:50:35.502+0800][gc,stats    ]                                                              Avg / Max             Avg / Max             Avg / Max             Avg / Max
[2023-11-19T16:50:35.502+0800][gc,stats    ]   Collector: Garbage Collection Cycle                      0.000 / 0.000        23.723 / 25.775       23.723 / 25.775       23.723 / 25.775      ms
[2023-11-19T16:50:35.502+0800][gc,stats    ]  Contention: Mark Segment Reset Contention                     0 / 0                 0 / 3                 0 / 3                 0 / 3           ops/s
[2023-11-19T16:50:35.502+0800][gc,stats    ]  Contention: Mark SeqNum Reset Contention                      0 / 0                 0 / 0                 0 / 0                 0 / 0           ops/s
[2023-11-19T16:50:35.502+0800][gc,stats    ]    Critical: Allocation Stall                                  0 / 0                 0 / 0                 0 / 0                 0 / 0           ops/s
[2023-11-19T16:50:35.502+0800][gc,stats    ]    Critical: Allocation Stall                              0.000 / 0.000         0.000 / 0.000         0.000 / 0.000         0.000 / 0.000       ms
[2023-11-19T16:50:35.502+0800][gc,stats    ]    Critical: GC Locker Stall                                   0 / 0                 0 / 0                 0 / 0                 0 / 0           ops/s
[2023-11-19T16:50:35.502+0800][gc,stats    ]    Critical: GC Locker Stall                               0.000 / 0.000         0.000 / 0.000         0.000 / 0.000         0.000 / 0.000       ms
[2023-11-19T16:50:35.502+0800][gc,stats    ]    Critical: Relocation Stall                                  0 / 0                 0 / 0                 0 / 0                 0 / 0           ops/s
[2023-11-19T16:50:35.502+0800][gc,stats    ]    Critical: Relocation Stall                              0.000 / 0.000         0.000 / 0.000         0.000 / 0.000         0.000 / 0.000       ms
[2023-11-19T16:50:35.502+0800][gc,stats    ]      Memory: Allocation Rate                                   0 / 2                 2 / 104               2 / 104               2 / 104         MB/s
[2023-11-19T16:50:35.502+0800][gc,stats    ]      Memory: Defragment                                        0 / 0                 0 / 0                 0 / 0                 0 / 0           ops/s
[2023-11-19T16:50:35.502+0800][gc,stats    ]      Memory: Out Of Memory                                     0 / 0                 0 / 0                 0 / 0                 0 / 0           ops/s
[2023-11-19T16:50:35.502+0800][gc,stats    ]      Memory: Page Cache Flush                                  0 / 0                 0 / 0                 0 / 0                 0 / 0           MB/s
[2023-11-19T16:50:35.502+0800][gc,stats    ]      Memory: Page Cache Hit L1                                 0 / 1                 0 / 29                0 / 29                0 / 29          ops/s
[2023-11-19T16:50:35.502+0800][gc,stats    ]      Memory: Page Cache Hit L2                                 0 / 0                 0 / 0                 0 / 0                 0 / 0           ops/s
[2023-11-19T16:50:35.502+0800][gc,stats    ]      Memory: Page Cache Hit L3                                 0 / 0                 0 / 48                0 / 48                0 / 48          ops/s
[2023-11-19T16:50:35.502+0800][gc,stats    ]      Memory: Page Cache Miss                                   0 / 0                 0 / 1                 0 / 1                 0 / 1           ops/s
[2023-11-19T16:50:35.502+0800][gc,stats    ]      Memory: Uncommit                                          0 / 0                 0 / 0                 0 / 0                 0 / 0           MB/s
[2023-11-19T16:50:35.502+0800][gc,stats    ]      Memory: Undo Object Allocation Failed                     0 / 0                 0 / 0                 0 / 0                 0 / 0           ops/s
[2023-11-19T16:50:35.502+0800][gc,stats    ]      Memory: Undo Object Allocation Succeeded                  0 / 0                 0 / 0                 0 / 0                 0 / 0           ops/s
[2023-11-19T16:50:35.502+0800][gc,stats    ]      Memory: Undo Page Allocation                              0 / 0                 0 / 0                 0 / 0                 0 / 0           ops/s
[2023-11-19T16:50:35.502+0800][gc,stats    ]       Phase: Concurrent Mark                               0.000 / 0.000        13.801 / 15.394       13.801 / 15.394       13.801 / 15.394      ms
[2023-11-19T16:50:35.502+0800][gc,stats    ]       Phase: Concurrent Mark Continue                      0.000 / 0.000         0.000 / 0.000         0.000 / 0.000         0.000 / 0.000       ms
[2023-11-19T16:50:35.502+0800][gc,stats    ]       Phase: Concurrent Mark Free                          0.000 / 0.000         0.001 / 0.001         0.001 / 0.001         0.001 / 0.001       ms
[2023-11-19T16:50:35.502+0800][gc,stats    ]       Phase: Concurrent Process Non-Strong References      0.000 / 0.000         1.810 / 1.931         1.810 / 1.931         1.810 / 1.931       ms
[2023-11-19T16:50:35.502+0800][gc,stats    ]       Phase: Concurrent Relocate                           0.000 / 0.000         2.671 / 3.187         2.671 / 3.187         2.671 / 3.187       ms
[2023-11-19T16:50:35.502+0800][gc,stats    ]       Phase: Concurrent Reset Relocation Set               0.000 / 0.000         0.001 / 0.003         0.001 / 0.003         0.001 / 0.003       ms
[2023-11-19T16:50:35.502+0800][gc,stats    ]       Phase: Concurrent Select Relocation Set              0.000 / 0.000         4.627 / 7.839         4.627 / 7.839         4.627 / 7.839       ms
[2023-11-19T16:50:35.502+0800][gc,stats    ]       Phase: Pause Mark End                                0.000 / 0.000         0.016 / 0.018         0.016 / 0.018         0.016 / 0.018       ms
[2023-11-19T16:50:35.502+0800][gc,stats    ]       Phase: Pause Mark Start                              0.000 / 0.000         0.013 / 0.019         0.013 / 0.019         0.013 / 0.019       ms
[2023-11-19T16:50:35.502+0800][gc,stats    ]       Phase: Pause Relocate Start                          0.000 / 0.000         0.008 / 0.009         0.008 / 0.009         0.008 / 0.009       ms
[2023-11-19T16:50:35.502+0800][gc,stats    ]    Subphase: Concurrent Classes Purge                      0.000 / 0.000         0.047 / 0.049         0.047 / 0.049         0.047 / 0.049       ms
[2023-11-19T16:50:35.502+0800][gc,stats    ]    Subphase: Concurrent Classes Unlink                     0.000 / 0.000         1.263 / 1.295         1.263 / 1.295         1.263 / 1.295       ms
[2023-11-19T16:50:35.502+0800][gc,stats    ]    Subphase: Concurrent Mark                               0.000 / 0.000        11.825 / 13.159       11.825 / 13.159       11.825 / 13.159      ms
[2023-11-19T16:50:35.502+0800][gc,stats    ]    Subphase: Concurrent Mark Try Flush                     0.000 / 0.000         0.057 / 0.108         0.057 / 0.108         0.057 / 0.108       ms
[2023-11-19T16:50:35.502+0800][gc,stats    ]    Subphase: Concurrent Mark Try Terminate                 0.000 / 0.000         1.420 / 4.236         1.420 / 4.236         1.420 / 4.236       ms
[2023-11-19T16:50:35.502+0800][gc,stats    ]    Subphase: Concurrent References Enqueue                 0.000 / 0.000         0.004 / 0.004         0.004 / 0.004         0.004 / 0.004       ms
[2023-11-19T16:50:35.502+0800][gc,stats    ]    Subphase: Concurrent References Process                 0.000 / 0.000         0.090 / 0.101         0.090 / 0.101         0.090 / 0.101       ms
[2023-11-19T16:50:35.502+0800][gc,stats    ]    Subphase: Concurrent Roots ClassLoaderDataGraph         0.000 / 0.000         0.103 / 0.506         0.103 / 0.506         0.103 / 0.506       ms
[2023-11-19T16:50:35.502+0800][gc,stats    ]    Subphase: Concurrent Roots CodeCache                    0.000 / 0.000         0.000 / 0.000         0.000 / 0.000         0.000 / 0.000       ms
[2023-11-19T16:50:35.502+0800][gc,stats    ]    Subphase: Concurrent Roots JavaThreads                  0.000 / 0.000         1.129 / 2.106         1.129 / 2.106         1.129 / 2.106       ms
[2023-11-19T16:50:35.502+0800][gc,stats    ]    Subphase: Concurrent Roots OopStorageSet                0.000 / 0.000         0.036 / 0.058         0.036 / 0.058         0.036 / 0.058       ms
[2023-11-19T16:50:35.502+0800][gc,stats    ]    Subphase: Concurrent Weak Roots OopStorageSet           0.000 / 0.000         0.328 / 0.486         0.328 / 0.486         0.328 / 0.486       ms
[2023-11-19T16:50:35.502+0800][gc,stats    ]    Subphase: Pause Mark Try Complete                       0.000 / 0.000         0.000 / 0.000         0.000 / 0.000         0.000 / 0.000       ms
[2023-11-19T16:50:35.502+0800][gc,stats    ]      System: Java Threads                                      0 / 0                39 / 54               39 / 54               39 / 54          threads
[2023-11-19T16:50:35.502+0800][gc,stats    ] =========================================================================================================================================================
[2023-11-19T16:50:45.500+0800][gc,stats    ] === Garbage Collection Statistics =======================================================================================================================
[2023-11-19T16:50:45.500+0800][gc,stats    ]                                                              Last 10s              Last 10m              Last 10h                Total
[2023-11-19T16:50:45.500+0800][gc,stats    ]                                                              Avg / Max             Avg / Max             Avg / Max             Avg / Max
[2023-11-19T16:50:45.500+0800][gc,stats    ]   Collector: Garbage Collection Cycle                      0.000 / 0.000        23.723 / 25.775       23.723 / 25.775       23.723 / 25.775      ms
[2023-11-19T16:50:45.500+0800][gc,stats    ]  Contention: Mark Segment Reset Contention                     0 / 0                 0 / 3                 0 / 3                 0 / 3           ops/s
[2023-11-19T16:50:45.500+0800][gc,stats    ]  Contention: Mark SeqNum Reset Contention                      0 / 0                 0 / 0                 0 / 0                 0 / 0           ops/s
[2023-11-19T16:50:45.500+0800][gc,stats    ]    Critical: Allocation Stall                                  0 / 0                 0 / 0                 0 / 0                 0 / 0           ops/s
[2023-11-19T16:50:45.500+0800][gc,stats    ]    Critical: Allocation Stall                              0.000 / 0.000         0.000 / 0.000         0.000 / 0.000         0.000 / 0.000       ms
[2023-11-19T16:50:45.500+0800][gc,stats    ]    Critical: GC Locker Stall                                   0 / 0                 0 / 0                 0 / 0                 0 / 0           ops/s
[2023-11-19T16:50:45.500+0800][gc,stats    ]    Critical: GC Locker Stall                               0.000 / 0.000         0.000 / 0.000         0.000 / 0.000         0.000 / 0.000       ms
[2023-11-19T16:50:45.500+0800][gc,stats    ]    Critical: Relocation Stall                                  0 / 0                 0 / 0                 0 / 0                 0 / 0           ops/s
[2023-11-19T16:50:45.500+0800][gc,stats    ]    Critical: Relocation Stall                              0.000 / 0.000         0.000 / 0.000         0.000 / 0.000         0.000 / 0.000       ms
[2023-11-19T16:50:45.500+0800][gc,stats    ]      Memory: Allocation Rate                                   0 / 2                 2 / 104               2 / 104               2 / 104         MB/s
[2023-11-19T16:50:45.500+0800][gc,stats    ]      Memory: Defragment                                        0 / 0                 0 / 0                 0 / 0                 0 / 0           ops/s
[2023-11-19T16:50:45.500+0800][gc,stats    ]      Memory: Out Of Memory                                     0 / 0                 0 / 0                 0 / 0                 0 / 0           ops/s
[2023-11-19T16:50:45.500+0800][gc,stats    ]      Memory: Page Cache Flush                                  0 / 0                 0 / 0                 0 / 0                 0 / 0           MB/s
[2023-11-19T16:50:45.500+0800][gc,stats    ]      Memory: Page Cache Hit L1                                 0 / 1                 0 / 29                0 / 29                0 / 29          ops/s
[2023-11-19T16:50:45.500+0800][gc,stats    ]      Memory: Page Cache Hit L2                                 0 / 0                 0 / 0                 0 / 0                 0 / 0           ops/s
[2023-11-19T16:50:45.500+0800][gc,stats    ]      Memory: Page Cache Hit L3                                 0 / 0                 0 / 48                0 / 48                0 / 48          ops/s
[2023-11-19T16:50:45.500+0800][gc,stats    ]      Memory: Page Cache Miss                                   0 / 0                 0 / 1                 0 / 1                 0 / 1           ops/s
[2023-11-19T16:50:45.500+0800][gc,stats    ]      Memory: Uncommit                                          0 / 0                 0 / 0                 0 / 0                 0 / 0           MB/s
[2023-11-19T16:50:45.500+0800][gc,stats    ]      Memory: Undo Object Allocation Failed                     0 / 0                 0 / 0                 0 / 0                 0 / 0           ops/s
[2023-11-19T16:50:45.500+0800][gc,stats    ]      Memory: Undo Object Allocation Succeeded                  0 / 0                 0 / 0                 0 / 0                 0 / 0           ops/s
[2023-11-19T16:50:45.500+0800][gc,stats    ]      Memory: Undo Page Allocation                              0 / 0                 0 / 0                 0 / 0                 0 / 0           ops/s
[2023-11-19T16:50:45.500+0800][gc,stats    ]       Phase: Concurrent Mark                               0.000 / 0.000        13.801 / 15.394       13.801 / 15.394       13.801 / 15.394      ms
[2023-11-19T16:50:45.500+0800][gc,stats    ]       Phase: Concurrent Mark Continue                      0.000 / 0.000         0.000 / 0.000         0.000 / 0.000         0.000 / 0.000       ms
[2023-11-19T16:50:45.500+0800][gc,stats    ]       Phase: Concurrent Mark Free                          0.000 / 0.000         0.001 / 0.001         0.001 / 0.001         0.001 / 0.001       ms
[2023-11-19T16:50:45.500+0800][gc,stats    ]       Phase: Concurrent Process Non-Strong References      0.000 / 0.000         1.810 / 1.931         1.810 / 1.931         1.810 / 1.931       ms
[2023-11-19T16:50:45.500+0800][gc,stats    ]       Phase: Concurrent Relocate                           0.000 / 0.000         2.671 / 3.187         2.671 / 3.187         2.671 / 3.187       ms
[2023-11-19T16:50:45.500+0800][gc,stats    ]       Phase: Concurrent Reset Relocation Set               0.000 / 0.000         0.001 / 0.003         0.001 / 0.003         0.001 / 0.003       ms
[2023-11-19T16:50:45.500+0800][gc,stats    ]       Phase: Concurrent Select Relocation Set              0.000 / 0.000         4.627 / 7.839         4.627 / 7.839         4.627 / 7.839       ms
[2023-11-19T16:50:45.500+0800][gc,stats    ]       Phase: Pause Mark End                                0.000 / 0.000         0.016 / 0.018         0.016 / 0.018         0.016 / 0.018       ms
[2023-11-19T16:50:45.500+0800][gc,stats    ]       Phase: Pause Mark Start                              0.000 / 0.000         0.013 / 0.019         0.013 / 0.019         0.013 / 0.019       ms
[2023-11-19T16:50:45.500+0800][gc,stats    ]       Phase: Pause Relocate Start                          0.000 / 0.000         0.008 / 0.009         0.008 / 0.009         0.008 / 0.009       ms
[2023-11-19T16:50:45.500+0800][gc,stats    ]    Subphase: Concurrent Classes Purge                      0.000 / 0.000         0.047 / 0.049         0.047 / 0.049         0.047 / 0.049       ms
[2023-11-19T16:50:45.500+0800][gc,stats    ]    Subphase: Concurrent Classes Unlink                     0.000 / 0.000         1.263 / 1.295         1.263 / 1.295         1.263 / 1.295       ms
[2023-11-19T16:50:45.500+0800][gc,stats    ]    Subphase: Concurrent Mark                               0.000 / 0.000        11.825 / 13.159       11.825 / 13.159       11.825 / 13.159      ms
[2023-11-19T16:50:45.500+0800][gc,stats    ]    Subphase: Concurrent Mark Try Flush                     0.000 / 0.000         0.057 / 0.108         0.057 / 0.108         0.057 / 0.108       ms
[2023-11-19T16:50:45.500+0800][gc,stats    ]    Subphase: Concurrent Mark Try Terminate                 0.000 / 0.000         1.420 / 4.236         1.420 / 4.236         1.420 / 4.236       ms
[2023-11-19T16:50:45.500+0800][gc,stats    ]    Subphase: Concurrent References Enqueue                 0.000 / 0.000         0.004 / 0.004         0.004 / 0.004         0.004 / 0.004       ms
[2023-11-19T16:50:45.500+0800][gc,stats    ]    Subphase: Concurrent References Process                 0.000 / 0.000         0.090 / 0.101         0.090 / 0.101         0.090 / 0.101       ms
[2023-11-19T16:50:45.500+0800][gc,stats    ]    Subphase: Concurrent Roots ClassLoaderDataGraph         0.000 / 0.000         0.103 / 0.506         0.103 / 0.506         0.103 / 0.506       ms
[2023-11-19T16:50:45.500+0800][gc,stats    ]    Subphase: Concurrent Roots CodeCache                    0.000 / 0.000         0.000 / 0.000         0.000 / 0.000         0.000 / 0.000       ms
[2023-11-19T16:50:45.500+0800][gc,stats    ]    Subphase: Concurrent Roots JavaThreads                  0.000 / 0.000         1.129 / 2.106         1.129 / 2.106         1.129 / 2.106       ms
[2023-11-19T16:50:45.500+0800][gc,stats    ]    Subphase: Concurrent Roots OopStorageSet                0.000 / 0.000         0.036 / 0.058         0.036 / 0.058         0.036 / 0.058       ms
[2023-11-19T16:50:45.500+0800][gc,stats    ]    Subphase: Concurrent Weak Roots OopStorageSet           0.000 / 0.000         0.328 / 0.486         0.328 / 0.486         0.328 / 0.486       ms
[2023-11-19T16:50:45.500+0800][gc,stats    ]    Subphase: Pause Mark Try Complete                       0.000 / 0.000         0.000 / 0.000         0.000 / 0.000         0.000 / 0.000       ms
[2023-11-19T16:50:45.500+0800][gc,stats    ]      System: Java Threads                                      0 / 0                39 / 54               39 / 54               39 / 54          threads
[2023-11-19T16:50:45.500+0800][gc,stats    ] =========================================================================================================================================================
[2023-11-19T16:50:55.501+0800][gc,stats    ] === Garbage Collection Statistics =======================================================================================================================
[2023-11-19T16:50:55.501+0800][gc,stats    ]                                                              Last 10s              Last 10m              Last 10h                Total
[2023-11-19T16:50:55.501+0800][gc,stats    ]                                                              Avg / Max             Avg / Max             Avg / Max             Avg / Max
[2023-11-19T16:50:55.501+0800][gc,stats    ]   Collector: Garbage Collection Cycle                      0.000 / 0.000        23.723 / 25.775       23.723 / 25.775       23.723 / 25.775      ms
[2023-11-19T16:50:55.501+0800][gc,stats    ]  Contention: Mark Segment Reset Contention                     0 / 0                 0 / 3                 0 / 3                 0 / 3           ops/s
[2023-11-19T16:50:55.501+0800][gc,stats    ]  Contention: Mark SeqNum Reset Contention                      0 / 0                 0 / 0                 0 / 0                 0 / 0           ops/s
[2023-11-19T16:50:55.501+0800][gc,stats    ]    Critical: Allocation Stall                                  0 / 0                 0 / 0                 0 / 0                 0 / 0           ops/s
[2023-11-19T16:50:55.501+0800][gc,stats    ]    Critical: Allocation Stall                              0.000 / 0.000         0.000 / 0.000         0.000 / 0.000         0.000 / 0.000       ms
[2023-11-19T16:50:55.501+0800][gc,stats    ]    Critical: GC Locker Stall                                   0 / 0                 0 / 0                 0 / 0                 0 / 0           ops/s
[2023-11-19T16:50:55.501+0800][gc,stats    ]    Critical: GC Locker Stall                               0.000 / 0.000         0.000 / 0.000         0.000 / 0.000         0.000 / 0.000       ms
[2023-11-19T16:50:55.501+0800][gc,stats    ]    Critical: Relocation Stall                                  0 / 0                 0 / 0                 0 / 0                 0 / 0           ops/s
[2023-11-19T16:50:55.501+0800][gc,stats    ]    Critical: Relocation Stall                              0.000 / 0.000         0.000 / 0.000         0.000 / 0.000         0.000 / 0.000       ms
[2023-11-19T16:50:55.501+0800][gc,stats    ]      Memory: Allocation Rate                                   0 / 2                 2 / 104               2 / 104               2 / 104         MB/s
[2023-11-19T16:50:55.501+0800][gc,stats    ]      Memory: Defragment                                        0 / 0                 0 / 0                 0 / 0                 0 / 0           ops/s
[2023-11-19T16:50:55.501+0800][gc,stats    ]      Memory: Out Of Memory                                     0 / 0                 0 / 0                 0 / 0                 0 / 0           ops/s
[2023-11-19T16:50:55.501+0800][gc,stats    ]      Memory: Page Cache Flush                                  0 / 0                 0 / 0                 0 / 0                 0 / 0           MB/s
[2023-11-19T16:50:55.501+0800][gc,stats    ]      Memory: Page Cache Hit L1                                 0 / 1                 0 / 29                0 / 29                0 / 29          ops/s
[2023-11-19T16:50:55.501+0800][gc,stats    ]      Memory: Page Cache Hit L2                                 0 / 0                 0 / 0                 0 / 0                 0 / 0           ops/s
[2023-11-19T16:50:55.501+0800][gc,stats    ]      Memory: Page Cache Hit L3                                 0 / 0                 0 / 48                0 / 48                0 / 48          ops/s
[2023-11-19T16:50:55.501+0800][gc,stats    ]      Memory: Page Cache Miss                                   0 / 0                 0 / 1                 0 / 1                 0 / 1           ops/s
[2023-11-19T16:50:55.501+0800][gc,stats    ]      Memory: Uncommit                                          0 / 0                 0 / 0                 0 / 0                 0 / 0           MB/s
[2023-11-19T16:50:55.501+0800][gc,stats    ]      Memory: Undo Object Allocation Failed                     0 / 0                 0 / 0                 0 / 0                 0 / 0           ops/s
[2023-11-19T16:50:55.501+0800][gc,stats    ]      Memory: Undo Object Allocation Succeeded                  0 / 0                 0 / 0                 0 / 0                 0 / 0           ops/s
[2023-11-19T16:50:55.501+0800][gc,stats    ]      Memory: Undo Page Allocation                              0 / 0                 0 / 0                 0 / 0                 0 / 0           ops/s
[2023-11-19T16:50:55.501+0800][gc,stats    ]       Phase: Concurrent Mark                               0.000 / 0.000        13.801 / 15.394       13.801 / 15.394       13.801 / 15.394      ms
[2023-11-19T16:50:55.501+0800][gc,stats    ]       Phase: Concurrent Mark Continue                      0.000 / 0.000         0.000 / 0.000         0.000 / 0.000         0.000 / 0.000       ms
[2023-11-19T16:50:55.501+0800][gc,stats    ]       Phase: Concurrent Mark Free                          0.000 / 0.000         0.001 / 0.001         0.001 / 0.001         0.001 / 0.001       ms
[2023-11-19T16:50:55.501+0800][gc,stats    ]       Phase: Concurrent Process Non-Strong References      0.000 / 0.000         1.810 / 1.931         1.810 / 1.931         1.810 / 1.931       ms
[2023-11-19T16:50:55.501+0800][gc,stats    ]       Phase: Concurrent Relocate                           0.000 / 0.000         2.671 / 3.187         2.671 / 3.187         2.671 / 3.187       ms
[2023-11-19T16:50:55.501+0800][gc,stats    ]       Phase: Concurrent Reset Relocation Set               0.000 / 0.000         0.001 / 0.003         0.001 / 0.003         0.001 / 0.003       ms
[2023-11-19T16:50:55.501+0800][gc,stats    ]       Phase: Concurrent Select Relocation Set              0.000 / 0.000         4.627 / 7.839         4.627 / 7.839         4.627 / 7.839       ms
[2023-11-19T16:50:55.501+0800][gc,stats    ]       Phase: Pause Mark End                                0.000 / 0.000         0.016 / 0.018         0.016 / 0.018         0.016 / 0.018       ms
[2023-11-19T16:50:55.501+0800][gc,stats    ]       Phase: Pause Mark Start                              0.000 / 0.000         0.013 / 0.019         0.013 / 0.019         0.013 / 0.019       ms
[2023-11-19T16:50:55.501+0800][gc,stats    ]       Phase: Pause Relocate Start                          0.000 / 0.000         0.008 / 0.009         0.008 / 0.009         0.008 / 0.009       ms
[2023-11-19T16:50:55.501+0800][gc,stats    ]    Subphase: Concurrent Classes Purge                      0.000 / 0.000         0.047 / 0.049         0.047 / 0.049         0.047 / 0.049       ms
[2023-11-19T16:50:55.501+0800][gc,stats    ]    Subphase: Concurrent Classes Unlink                     0.000 / 0.000         1.263 / 1.295         1.263 / 1.295         1.263 / 1.295       ms
[2023-11-19T16:50:55.501+0800][gc,stats    ]    Subphase: Concurrent Mark                               0.000 / 0.000        11.825 / 13.159       11.825 / 13.159       11.825 / 13.159      ms
[2023-11-19T16:50:55.501+0800][gc,stats    ]    Subphase: Concurrent Mark Try Flush                     0.000 / 0.000         0.057 / 0.108         0.057 / 0.108         0.057 / 0.108       ms
[2023-11-19T16:50:55.501+0800][gc,stats    ]    Subphase: Concurrent Mark Try Terminate                 0.000 / 0.000         1.420 / 4.236         1.420 / 4.236         1.420 / 4.236       ms
[2023-11-19T16:50:55.501+0800][gc,stats    ]    Subphase: Concurrent References Enqueue                 0.000 / 0.000         0.004 / 0.004         0.004 / 0.004         0.004 / 0.004       ms
[2023-11-19T16:50:55.501+0800][gc,stats    ]    Subphase: Concurrent References Process                 0.000 / 0.000         0.090 / 0.101         0.090 / 0.101         0.090 / 0.101       ms
[2023-11-19T16:50:55.501+0800][gc,stats    ]    Subphase: Concurrent Roots ClassLoaderDataGraph         0.000 / 0.000         0.103 / 0.506         0.103 / 0.506         0.103 / 0.506       ms
[2023-11-19T16:50:55.501+0800][gc,stats    ]    Subphase: Concurrent Roots CodeCache                    0.000 / 0.000         0.000 / 0.000         0.000 / 0.000         0.000 / 0.000       ms
[2023-11-19T16:50:55.501+0800][gc,stats    ]    Subphase: Concurrent Roots JavaThreads                  0.000 / 0.000         1.129 / 2.106         1.129 / 2.106         1.129 / 2.106       ms
[2023-11-19T16:50:55.501+0800][gc,stats    ]    Subphase: Concurrent Roots OopStorageSet                0.000 / 0.000         0.036 / 0.058         0.036 / 0.058         0.036 / 0.058       ms
[2023-11-19T16:50:55.501+0800][gc,stats    ]    Subphase: Concurrent Weak Roots OopStorageSet           0.000 / 0.000         0.328 / 0.486         0.328 / 0.486         0.328 / 0.486       ms
[2023-11-19T16:50:55.501+0800][gc,stats    ]    Subphase: Pause Mark Try Complete                       0.000 / 0.000         0.000 / 0.000         0.000 / 0.000         0.000 / 0.000       ms
[2023-11-19T16:50:55.501+0800][gc,stats    ]      System: Java Threads                                      0 / 0                39 / 54               39 / 54               39 / 54          threads
[2023-11-19T16:50:55.501+0800][gc,stats    ] =========================================================================================================================================================
[2023-11-19T16:51:05.500+0800][gc,stats    ] === Garbage Collection Statistics =======================================================================================================================
[2023-11-19T16:51:05.500+0800][gc,stats    ]                                                              Last 10s              Last 10m              Last 10h                Total
[2023-11-19T16:51:05.500+0800][gc,stats    ]                                                              Avg / Max             Avg / Max             Avg / Max             Avg / Max
[2023-11-19T16:51:05.500+0800][gc,stats    ]   Collector: Garbage Collection Cycle                      0.000 / 0.000        23.723 / 25.775       23.723 / 25.775       23.723 / 25.775      ms
[2023-11-19T16:51:05.500+0800][gc,stats    ]  Contention: Mark Segment Reset Contention                     0 / 0                 0 / 3                 0 / 3                 0 / 3           ops/s
[2023-11-19T16:51:05.500+0800][gc,stats    ]  Contention: Mark SeqNum Reset Contention                      0 / 0                 0 / 0                 0 / 0                 0 / 0           ops/s
[2023-11-19T16:51:05.500+0800][gc,stats    ]    Critical: Allocation Stall                                  0 / 0                 0 / 0                 0 / 0                 0 / 0           ops/s
[2023-11-19T16:51:05.500+0800][gc,stats    ]    Critical: Allocation Stall                              0.000 / 0.000         0.000 / 0.000         0.000 / 0.000         0.000 / 0.000       ms
[2023-11-19T16:51:05.500+0800][gc,stats    ]    Critical: GC Locker Stall                                   0 / 0                 0 / 0                 0 / 0                 0 / 0           ops/s
[2023-11-19T16:51:05.500+0800][gc,stats    ]    Critical: GC Locker Stall                               0.000 / 0.000         0.000 / 0.000         0.000 / 0.000         0.000 / 0.000       ms
[2023-11-19T16:51:05.500+0800][gc,stats    ]    Critical: Relocation Stall                                  0 / 0                 0 / 0                 0 / 0                 0 / 0           ops/s
[2023-11-19T16:51:05.500+0800][gc,stats    ]    Critical: Relocation Stall                              0.000 / 0.000         0.000 / 0.000         0.000 / 0.000         0.000 / 0.000       ms
[2023-11-19T16:51:05.500+0800][gc,stats    ]      Memory: Allocation Rate                                   0 / 4                 2 / 104               2 / 104               2 / 104         MB/s
[2023-11-19T16:51:05.500+0800][gc,stats    ]      Memory: Defragment                                        0 / 0                 0 / 0                 0 / 0                 0 / 0           ops/s
[2023-11-19T16:51:05.500+0800][gc,stats    ]      Memory: Out Of Memory                                     0 / 0                 0 / 0                 0 / 0                 0 / 0           ops/s
[2023-11-19T16:51:05.500+0800][gc,stats    ]      Memory: Page Cache Flush                                  0 / 0                 0 / 0                 0 / 0                 0 / 0           MB/s
[2023-11-19T16:51:05.500+0800][gc,stats    ]      Memory: Page Cache Hit L1                                 0 / 2                 0 / 29                0 / 29                0 / 29          ops/s
[2023-11-19T16:51:05.500+0800][gc,stats    ]      Memory: Page Cache Hit L2                                 0 / 0                 0 / 0                 0 / 0                 0 / 0           ops/s
[2023-11-19T16:51:05.500+0800][gc,stats    ]      Memory: Page Cache Hit L3                                 0 / 0                 0 / 48                0 / 48                0 / 48          ops/s
[2023-11-19T16:51:05.500+0800][gc,stats    ]      Memory: Page Cache Miss                                   0 / 0                 0 / 1                 0 / 1                 0 / 1           ops/s
[2023-11-19T16:51:05.500+0800][gc,stats    ]      Memory: Uncommit                                          0 / 0                 0 / 0                 0 / 0                 0 / 0           MB/s
[2023-11-19T16:51:05.500+0800][gc,stats    ]      Memory: Undo Object Allocation Failed                     0 / 0                 0 / 0                 0 / 0                 0 / 0           ops/s
[2023-11-19T16:51:05.500+0800][gc,stats    ]      Memory: Undo Object Allocation Succeeded                  0 / 0                 0 / 0                 0 / 0                 0 / 0           ops/s
[2023-11-19T16:51:05.500+0800][gc,stats    ]      Memory: Undo Page Allocation                              0 / 0                 0 / 0                 0 / 0                 0 / 0           ops/s
[2023-11-19T16:51:05.501+0800][gc,stats    ]       Phase: Concurrent Mark                               0.000 / 0.000        13.801 / 15.394       13.801 / 15.394       13.801 / 15.394      ms
[2023-11-19T16:51:05.501+0800][gc,stats    ]       Phase: Concurrent Mark Continue                      0.000 / 0.000         0.000 / 0.000         0.000 / 0.000         0.000 / 0.000       ms
[2023-11-19T16:51:05.501+0800][gc,stats    ]       Phase: Concurrent Mark Free                          0.000 / 0.000         0.001 / 0.001         0.001 / 0.001         0.001 / 0.001       ms
[2023-11-19T16:51:05.501+0800][gc,stats    ]       Phase: Concurrent Process Non-Strong References      0.000 / 0.000         1.810 / 1.931         1.810 / 1.931         1.810 / 1.931       ms
[2023-11-19T16:51:05.501+0800][gc,stats    ]       Phase: Concurrent Relocate                           0.000 / 0.000         2.671 / 3.187         2.671 / 3.187         2.671 / 3.187       ms
[2023-11-19T16:51:05.501+0800][gc,stats    ]       Phase: Concurrent Reset Relocation Set               0.000 / 0.000         0.001 / 0.003         0.001 / 0.003         0.001 / 0.003       ms
[2023-11-19T16:51:05.501+0800][gc,stats    ]       Phase: Concurrent Select Relocation Set              0.000 / 0.000         4.627 / 7.839         4.627 / 7.839         4.627 / 7.839       ms
[2023-11-19T16:51:05.501+0800][gc,stats    ]       Phase: Pause Mark End                                0.000 / 0.000         0.016 / 0.018         0.016 / 0.018         0.016 / 0.018       ms
[2023-11-19T16:51:05.501+0800][gc,stats    ]       Phase: Pause Mark Start                              0.000 / 0.000         0.013 / 0.019         0.013 / 0.019         0.013 / 0.019       ms
[2023-11-19T16:51:05.501+0800][gc,stats    ]       Phase: Pause Relocate Start                          0.000 / 0.000         0.008 / 0.009         0.008 / 0.009         0.008 / 0.009       ms
[2023-11-19T16:51:05.501+0800][gc,stats    ]    Subphase: Concurrent Classes Purge                      0.000 / 0.000         0.047 / 0.049         0.047 / 0.049         0.047 / 0.049       ms
[2023-11-19T16:51:05.501+0800][gc,stats    ]    Subphase: Concurrent Classes Unlink                     0.000 / 0.000         1.263 / 1.295         1.263 / 1.295         1.263 / 1.295       ms
[2023-11-19T16:51:05.501+0800][gc,stats    ]    Subphase: Concurrent Mark                               0.000 / 0.000        11.825 / 13.159       11.825 / 13.159       11.825 / 13.159      ms
[2023-11-19T16:51:05.501+0800][gc,stats    ]    Subphase: Concurrent Mark Try Flush                     0.000 / 0.000         0.057 / 0.108         0.057 / 0.108         0.057 / 0.108       ms
[2023-11-19T16:51:05.501+0800][gc,stats    ]    Subphase: Concurrent Mark Try Terminate                 0.000 / 0.000         1.420 / 4.236         1.420 / 4.236         1.420 / 4.236       ms
[2023-11-19T16:51:05.501+0800][gc,stats    ]    Subphase: Concurrent References Enqueue                 0.000 / 0.000         0.004 / 0.004         0.004 / 0.004         0.004 / 0.004       ms
[2023-11-19T16:51:05.501+0800][gc,stats    ]    Subphase: Concurrent References Process                 0.000 / 0.000         0.090 / 0.101         0.090 / 0.101         0.090 / 0.101       ms
[2023-11-19T16:51:05.501+0800][gc,stats    ]    Subphase: Concurrent Roots ClassLoaderDataGraph         0.000 / 0.000         0.103 / 0.506         0.103 / 0.506         0.103 / 0.506       ms
[2023-11-19T16:51:05.501+0800][gc,stats    ]    Subphase: Concurrent Roots CodeCache                    0.000 / 0.000         0.000 / 0.000         0.000 / 0.000         0.000 / 0.000       ms
[2023-11-19T16:51:05.501+0800][gc,stats    ]    Subphase: Concurrent Roots JavaThreads                  0.000 / 0.000         1.129 / 2.106         1.129 / 2.106         1.129 / 2.106       ms
[2023-11-19T16:51:05.501+0800][gc,stats    ]    Subphase: Concurrent Roots OopStorageSet                0.000 / 0.000         0.036 / 0.058         0.036 / 0.058         0.036 / 0.058       ms
[2023-11-19T16:51:05.501+0800][gc,stats    ]    Subphase: Concurrent Weak Roots OopStorageSet           0.000 / 0.000         0.328 / 0.486         0.328 / 0.486         0.328 / 0.486       ms
[2023-11-19T16:51:05.501+0800][gc,stats    ]    Subphase: Pause Mark Try Complete                       0.000 / 0.000         0.000 / 0.000         0.000 / 0.000         0.000 / 0.000       ms
[2023-11-19T16:51:05.501+0800][gc,stats    ]      System: Java Threads                                      0 / 0                39 / 54               39 / 54               39 / 54          threads
[2023-11-19T16:51:05.501+0800][gc,stats    ] =========================================================================================================================================================
[2023-11-19T16:51:15.501+0800][gc,stats    ] === Garbage Collection Statistics =======================================================================================================================
[2023-11-19T16:51:15.501+0800][gc,stats    ]                                                              Last 10s              Last 10m              Last 10h                Total
[2023-11-19T16:51:15.501+0800][gc,stats    ]                                                              Avg / Max             Avg / Max             Avg / Max             Avg / Max
[2023-11-19T16:51:15.501+0800][gc,stats    ]   Collector: Garbage Collection Cycle                      0.000 / 0.000        23.723 / 25.775       23.723 / 25.775       23.723 / 25.775      ms
[2023-11-19T16:51:15.501+0800][gc,stats    ]  Contention: Mark Segment Reset Contention                     0 / 0                 0 / 3                 0 / 3                 0 / 3           ops/s
[2023-11-19T16:51:15.501+0800][gc,stats    ]  Contention: Mark SeqNum Reset Contention                      0 / 0                 0 / 0                 0 / 0                 0 / 0           ops/s
[2023-11-19T16:51:15.501+0800][gc,stats    ]    Critical: Allocation Stall                                  0 / 0                 0 / 0                 0 / 0                 0 / 0           ops/s
[2023-11-19T16:51:15.501+0800][gc,stats    ]    Critical: Allocation Stall                              0.000 / 0.000         0.000 / 0.000         0.000 / 0.000         0.000 / 0.000       ms
[2023-11-19T16:51:15.501+0800][gc,stats    ]    Critical: GC Locker Stall                                   0 / 0                 0 / 0                 0 / 0                 0 / 0           ops/s
[2023-11-19T16:51:15.501+0800][gc,stats    ]    Critical: GC Locker Stall                               0.000 / 0.000         0.000 / 0.000         0.000 / 0.000         0.000 / 0.000       ms
[2023-11-19T16:51:15.501+0800][gc,stats    ]    Critical: Relocation Stall                                  0 / 0                 0 / 0                 0 / 0                 0 / 0           ops/s
[2023-11-19T16:51:15.501+0800][gc,stats    ]    Critical: Relocation Stall                              0.000 / 0.000         0.000 / 0.000         0.000 / 0.000         0.000 / 0.000       ms
[2023-11-19T16:51:15.501+0800][gc,stats    ]      Memory: Allocation Rate                                   0 / 2                 2 / 104               2 / 104               2 / 104         MB/s
[2023-11-19T16:51:15.501+0800][gc,stats    ]      Memory: Defragment                                        0 / 0                 0 / 0                 0 / 0                 0 / 0           ops/s
[2023-11-19T16:51:15.501+0800][gc,stats    ]      Memory: Out Of Memory                                     0 / 0                 0 / 0                 0 / 0                 0 / 0           ops/s
[2023-11-19T16:51:15.501+0800][gc,stats    ]      Memory: Page Cache Flush                                  0 / 0                 0 / 0                 0 / 0                 0 / 0           MB/s
[2023-11-19T16:51:15.501+0800][gc,stats    ]      Memory: Page Cache Hit L1                                 0 / 1                 0 / 29                0 / 29                0 / 29          ops/s
[2023-11-19T16:51:15.501+0800][gc,stats    ]      Memory: Page Cache Hit L2                                 0 / 0                 0 / 0                 0 / 0                 0 / 0           ops/s
[2023-11-19T16:51:15.501+0800][gc,stats    ]      Memory: Page Cache Hit L3                                 0 / 0                 0 / 48                0 / 48                0 / 48          ops/s
[2023-11-19T16:51:15.501+0800][gc,stats    ]      Memory: Page Cache Miss                                   0 / 0                 0 / 1                 0 / 1                 0 / 1           ops/s
[2023-11-19T16:51:15.501+0800][gc,stats    ]      Memory: Uncommit                                          0 / 0                 0 / 0                 0 / 0                 0 / 0           MB/s
[2023-11-19T16:51:15.501+0800][gc,stats    ]      Memory: Undo Object Allocation Failed                     0 / 0                 0 / 0                 0 / 0                 0 / 0           ops/s
[2023-11-19T16:51:15.501+0800][gc,stats    ]      Memory: Undo Object Allocation Succeeded                  0 / 0                 0 / 0                 0 / 0                 0 / 0           ops/s
[2023-11-19T16:51:15.501+0800][gc,stats    ]      Memory: Undo Page Allocation                              0 / 0                 0 / 0                 0 / 0                 0 / 0           ops/s
[2023-11-19T16:51:15.501+0800][gc,stats    ]       Phase: Concurrent Mark                               0.000 / 0.000        13.801 / 15.394       13.801 / 15.394       13.801 / 15.394      ms
[2023-11-19T16:51:15.501+0800][gc,stats    ]       Phase: Concurrent Mark Continue                      0.000 / 0.000         0.000 / 0.000         0.000 / 0.000         0.000 / 0.000       ms
[2023-11-19T16:51:15.501+0800][gc,stats    ]       Phase: Concurrent Mark Free                          0.000 / 0.000         0.001 / 0.001         0.001 / 0.001         0.001 / 0.001       ms
[2023-11-19T16:51:15.501+0800][gc,stats    ]       Phase: Concurrent Process Non-Strong References      0.000 / 0.000         1.810 / 1.931         1.810 / 1.931         1.810 / 1.931       ms
[2023-11-19T16:51:15.501+0800][gc,stats    ]       Phase: Concurrent Relocate                           0.000 / 0.000         2.671 / 3.187         2.671 / 3.187         2.671 / 3.187       ms
[2023-11-19T16:51:15.501+0800][gc,stats    ]       Phase: Concurrent Reset Relocation Set               0.000 / 0.000         0.001 / 0.003         0.001 / 0.003         0.001 / 0.003       ms
[2023-11-19T16:51:15.501+0800][gc,stats    ]       Phase: Concurrent Select Relocation Set              0.000 / 0.000         4.627 / 7.839         4.627 / 7.839         4.627 / 7.839       ms
[2023-11-19T16:51:15.501+0800][gc,stats    ]       Phase: Pause Mark End                                0.000 / 0.000         0.016 / 0.018         0.016 / 0.018         0.016 / 0.018       ms
[2023-11-19T16:51:15.501+0800][gc,stats    ]       Phase: Pause Mark Start                              0.000 / 0.000         0.013 / 0.019         0.013 / 0.019         0.013 / 0.019       ms
[2023-11-19T16:51:15.501+0800][gc,stats    ]       Phase: Pause Relocate Start                          0.000 / 0.000         0.008 / 0.009         0.008 / 0.009         0.008 / 0.009       ms
[2023-11-19T16:51:15.501+0800][gc,stats    ]    Subphase: Concurrent Classes Purge                      0.000 / 0.000         0.047 / 0.049         0.047 / 0.049         0.047 / 0.049       ms
[2023-11-19T16:51:15.501+0800][gc,stats    ]    Subphase: Concurrent Classes Unlink                     0.000 / 0.000         1.263 / 1.295         1.263 / 1.295         1.263 / 1.295       ms
[2023-11-19T16:51:15.501+0800][gc,stats    ]    Subphase: Concurrent Mark                               0.000 / 0.000        11.825 / 13.159       11.825 / 13.159       11.825 / 13.159      ms
[2023-11-19T16:51:15.501+0800][gc,stats    ]    Subphase: Concurrent Mark Try Flush                     0.000 / 0.000         0.057 / 0.108         0.057 / 0.108         0.057 / 0.108       ms
[2023-11-19T16:51:15.501+0800][gc,stats    ]    Subphase: Concurrent Mark Try Terminate                 0.000 / 0.000         1.420 / 4.236         1.420 / 4.236         1.420 / 4.236       ms
[2023-11-19T16:51:15.501+0800][gc,stats    ]    Subphase: Concurrent References Enqueue                 0.000 / 0.000         0.004 / 0.004         0.004 / 0.004         0.004 / 0.004       ms
[2023-11-19T16:51:15.501+0800][gc,stats    ]    Subphase: Concurrent References Process                 0.000 / 0.000         0.090 / 0.101         0.090 / 0.101         0.090 / 0.101       ms
[2023-11-19T16:51:15.501+0800][gc,stats    ]    Subphase: Concurrent Roots ClassLoaderDataGraph         0.000 / 0.000         0.103 / 0.506         0.103 / 0.506         0.103 / 0.506       ms
[2023-11-19T16:51:15.501+0800][gc,stats    ]    Subphase: Concurrent Roots CodeCache                    0.000 / 0.000         0.000 / 0.000         0.000 / 0.000         0.000 / 0.000       ms
[2023-11-19T16:51:15.501+0800][gc,stats    ]    Subphase: Concurrent Roots JavaThreads                  0.000 / 0.000         1.129 / 2.106         1.129 / 2.106         1.129 / 2.106       ms
[2023-11-19T16:51:15.501+0800][gc,stats    ]    Subphase: Concurrent Roots OopStorageSet                0.000 / 0.000         0.036 / 0.058         0.036 / 0.058         0.036 / 0.058       ms
[2023-11-19T16:51:15.501+0800][gc,stats    ]    Subphase: Concurrent Weak Roots OopStorageSet           0.000 / 0.000         0.328 / 0.486         0.328 / 0.486         0.328 / 0.486       ms
[2023-11-19T16:51:15.501+0800][gc,stats    ]    Subphase: Pause Mark Try Complete                       0.000 / 0.000         0.000 / 0.000         0.000 / 0.000         0.000 / 0.000       ms
[2023-11-19T16:51:15.501+0800][gc,stats    ]      System: Java Threads                                      0 / 0                39 / 54               39 / 54               39 / 54          threads
[2023-11-19T16:51:15.501+0800][gc,stats    ] =========================================================================================================================================================
[2023-11-19T16:51:25.501+0800][gc,stats    ] === Garbage Collection Statistics =======================================================================================================================
[2023-11-19T16:51:25.501+0800][gc,stats    ]                                                              Last 10s              Last 10m              Last 10h                Total
[2023-11-19T16:51:25.501+0800][gc,stats    ]                                                              Avg / Max             Avg / Max             Avg / Max             Avg / Max
[2023-11-19T16:51:25.501+0800][gc,stats    ]   Collector: Garbage Collection Cycle                      0.000 / 0.000        23.723 / 25.775       23.723 / 25.775       23.723 / 25.775      ms
[2023-11-19T16:51:25.501+0800][gc,stats    ]  Contention: Mark Segment Reset Contention                     0 / 0                 0 / 3                 0 / 3                 0 / 3           ops/s
[2023-11-19T16:51:25.501+0800][gc,stats    ]  Contention: Mark SeqNum Reset Contention                      0 / 0                 0 / 0                 0 / 0                 0 / 0           ops/s
[2023-11-19T16:51:25.501+0800][gc,stats    ]    Critical: Allocation Stall                                  0 / 0                 0 / 0                 0 / 0                 0 / 0           ops/s
[2023-11-19T16:51:25.501+0800][gc,stats    ]    Critical: Allocation Stall                              0.000 / 0.000         0.000 / 0.000         0.000 / 0.000         0.000 / 0.000       ms
[2023-11-19T16:51:25.501+0800][gc,stats    ]    Critical: GC Locker Stall                                   0 / 0                 0 / 0                 0 / 0                 0 / 0           ops/s
[2023-11-19T16:51:25.501+0800][gc,stats    ]    Critical: GC Locker Stall                               0.000 / 0.000         0.000 / 0.000         0.000 / 0.000         0.000 / 0.000       ms
[2023-11-19T16:51:25.501+0800][gc,stats    ]    Critical: Relocation Stall                                  0 / 0                 0 / 0                 0 / 0                 0 / 0           ops/s
[2023-11-19T16:51:25.501+0800][gc,stats    ]    Critical: Relocation Stall                              0.000 / 0.000         0.000 / 0.000         0.000 / 0.000         0.000 / 0.000       ms
[2023-11-19T16:51:25.501+0800][gc,stats    ]      Memory: Allocation Rate                                   0 / 2                 1 / 104               1 / 104               1 / 104         MB/s
[2023-11-19T16:51:25.501+0800][gc,stats    ]      Memory: Defragment                                        0 / 0                 0 / 0                 0 / 0                 0 / 0           ops/s
[2023-11-19T16:51:25.501+0800][gc,stats    ]      Memory: Out Of Memory                                     0 / 0                 0 / 0                 0 / 0                 0 / 0           ops/s
[2023-11-19T16:51:25.501+0800][gc,stats    ]      Memory: Page Cache Flush                                  0 / 0                 0 / 0                 0 / 0                 0 / 0           MB/s
[2023-11-19T16:51:25.501+0800][gc,stats    ]      Memory: Page Cache Hit L1                                 0 / 1                 0 / 29                0 / 29                0 / 29          ops/s
[2023-11-19T16:51:25.501+0800][gc,stats    ]      Memory: Page Cache Hit L2                                 0 / 0                 0 / 0                 0 / 0                 0 / 0           ops/s
[2023-11-19T16:51:25.501+0800][gc,stats    ]      Memory: Page Cache Hit L3                                 0 / 0                 0 / 48                0 / 48                0 / 48          ops/s
[2023-11-19T16:51:25.501+0800][gc,stats    ]      Memory: Page Cache Miss                                   0 / 0                 0 / 1                 0 / 1                 0 / 1           ops/s
[2023-11-19T16:51:25.501+0800][gc,stats    ]      Memory: Uncommit                                          0 / 0                 0 / 0                 0 / 0                 0 / 0           MB/s
[2023-11-19T16:51:25.501+0800][gc,stats    ]      Memory: Undo Object Allocation Failed                     0 / 0                 0 / 0                 0 / 0                 0 / 0           ops/s
[2023-11-19T16:51:25.501+0800][gc,stats    ]      Memory: Undo Object Allocation Succeeded                  0 / 0                 0 / 0                 0 / 0                 0 / 0           ops/s
[2023-11-19T16:51:25.502+0800][gc,stats    ]      Memory: Undo Page Allocation                              0 / 0                 0 / 0                 0 / 0                 0 / 0           ops/s
[2023-11-19T16:51:25.502+0800][gc,stats    ]       Phase: Concurrent Mark                               0.000 / 0.000        13.801 / 15.394       13.801 / 15.394       13.801 / 15.394      ms
[2023-11-19T16:51:25.502+0800][gc,stats    ]       Phase: Concurrent Mark Continue                      0.000 / 0.000         0.000 / 0.000         0.000 / 0.000         0.000 / 0.000       ms
[2023-11-19T16:51:25.502+0800][gc,stats    ]       Phase: Concurrent Mark Free                          0.000 / 0.000         0.001 / 0.001         0.001 / 0.001         0.001 / 0.001       ms
[2023-11-19T16:51:25.502+0800][gc,stats    ]       Phase: Concurrent Process Non-Strong References      0.000 / 0.000         1.810 / 1.931         1.810 / 1.931         1.810 / 1.931       ms
[2023-11-19T16:51:25.502+0800][gc,stats    ]       Phase: Concurrent Relocate                           0.000 / 0.000         2.671 / 3.187         2.671 / 3.187         2.671 / 3.187       ms
[2023-11-19T16:51:25.502+0800][gc,stats    ]       Phase: Concurrent Reset Relocation Set               0.000 / 0.000         0.001 / 0.003         0.001 / 0.003         0.001 / 0.003       ms
[2023-11-19T16:51:25.502+0800][gc,stats    ]       Phase: Concurrent Select Relocation Set              0.000 / 0.000         4.627 / 7.839         4.627 / 7.839         4.627 / 7.839       ms
[2023-11-19T16:51:25.502+0800][gc,stats    ]       Phase: Pause Mark End                                0.000 / 0.000         0.016 / 0.018         0.016 / 0.018         0.016 / 0.018       ms
[2023-11-19T16:51:25.502+0800][gc,stats    ]       Phase: Pause Mark Start                              0.000 / 0.000         0.013 / 0.019         0.013 / 0.019         0.013 / 0.019       ms
[2023-11-19T16:51:25.502+0800][gc,stats    ]       Phase: Pause Relocate Start                          0.000 / 0.000         0.008 / 0.009         0.008 / 0.009         0.008 / 0.009       ms
[2023-11-19T16:51:25.502+0800][gc,stats    ]    Subphase: Concurrent Classes Purge                      0.000 / 0.000         0.047 / 0.049         0.047 / 0.049         0.047 / 0.049       ms
[2023-11-19T16:51:25.502+0800][gc,stats    ]    Subphase: Concurrent Classes Unlink                     0.000 / 0.000         1.263 / 1.295         1.263 / 1.295         1.263 / 1.295       ms
[2023-11-19T16:51:25.502+0800][gc,stats    ]    Subphase: Concurrent Mark                               0.000 / 0.000        11.825 / 13.159       11.825 / 13.159       11.825 / 13.159      ms
[2023-11-19T16:51:25.502+0800][gc,stats    ]    Subphase: Concurrent Mark Try Flush                     0.000 / 0.000         0.057 / 0.108         0.057 / 0.108         0.057 / 0.108       ms
[2023-11-19T16:51:25.502+0800][gc,stats    ]    Subphase: Concurrent Mark Try Terminate                 0.000 / 0.000         1.420 / 4.236         1.420 / 4.236         1.420 / 4.236       ms
[2023-11-19T16:51:25.502+0800][gc,stats    ]    Subphase: Concurrent References Enqueue                 0.000 / 0.000         0.004 / 0.004         0.004 / 0.004         0.004 / 0.004       ms
[2023-11-19T16:51:25.502+0800][gc,stats    ]    Subphase: Concurrent References Process                 0.000 / 0.000         0.090 / 0.101         0.090 / 0.101         0.090 / 0.101       ms
[2023-11-19T16:51:25.502+0800][gc,stats    ]    Subphase: Concurrent Roots ClassLoaderDataGraph         0.000 / 0.000         0.103 / 0.506         0.103 / 0.506         0.103 / 0.506       ms
[2023-11-19T16:51:25.502+0800][gc,stats    ]    Subphase: Concurrent Roots CodeCache                    0.000 / 0.000         0.000 / 0.000         0.000 / 0.000         0.000 / 0.000       ms
[2023-11-19T16:51:25.502+0800][gc,stats    ]    Subphase: Concurrent Roots JavaThreads                  0.000 / 0.000         1.129 / 2.106         1.129 / 2.106         1.129 / 2.106       ms
[2023-11-19T16:51:25.502+0800][gc,stats    ]    Subphase: Concurrent Roots OopStorageSet                0.000 / 0.000         0.036 / 0.058         0.036 / 0.058         0.036 / 0.058       ms
[2023-11-19T16:51:25.502+0800][gc,stats    ]    Subphase: Concurrent Weak Roots OopStorageSet           0.000 / 0.000         0.328 / 0.486         0.328 / 0.486         0.328 / 0.486       ms
[2023-11-19T16:51:25.502+0800][gc,stats    ]    Subphase: Pause Mark Try Complete                       0.000 / 0.000         0.000 / 0.000         0.000 / 0.000         0.000 / 0.000       ms
[2023-11-19T16:51:25.502+0800][gc,stats    ]      System: Java Threads                                      0 / 0                39 / 54               39 / 54               39 / 54          threads
[2023-11-19T16:51:25.502+0800][gc,stats    ] =========================================================================================================================================================
[2023-11-19T16:51:35.501+0800][gc,stats    ] === Garbage Collection Statistics =======================================================================================================================
[2023-11-19T16:51:35.501+0800][gc,stats    ]                                                              Last 10s              Last 10m              Last 10h                Total
[2023-11-19T16:51:35.501+0800][gc,stats    ]                                                              Avg / Max             Avg / Max             Avg / Max             Avg / Max
[2023-11-19T16:51:35.501+0800][gc,stats    ]   Collector: Garbage Collection Cycle                      0.000 / 0.000        23.723 / 25.775       23.723 / 25.775       23.723 / 25.775      ms
[2023-11-19T16:51:35.501+0800][gc,stats    ]  Contention: Mark Segment Reset Contention                     0 / 0                 0 / 3                 0 / 3                 0 / 3           ops/s
[2023-11-19T16:51:35.501+0800][gc,stats    ]  Contention: Mark SeqNum Reset Contention                      0 / 0                 0 / 0                 0 / 0                 0 / 0           ops/s
[2023-11-19T16:51:35.501+0800][gc,stats    ]    Critical: Allocation Stall                                  0 / 0                 0 / 0                 0 / 0                 0 / 0           ops/s
[2023-11-19T16:51:35.501+0800][gc,stats    ]    Critical: Allocation Stall                              0.000 / 0.000         0.000 / 0.000         0.000 / 0.000         0.000 / 0.000       ms
[2023-11-19T16:51:35.501+0800][gc,stats    ]    Critical: GC Locker Stall                                   0 / 0                 0 / 0                 0 / 0                 0 / 0           ops/s
[2023-11-19T16:51:35.501+0800][gc,stats    ]    Critical: GC Locker Stall                               0.000 / 0.000         0.000 / 0.000         0.000 / 0.000         0.000 / 0.000       ms
[2023-11-19T16:51:35.501+0800][gc,stats    ]    Critical: Relocation Stall                                  0 / 0                 0 / 0                 0 / 0                 0 / 0           ops/s
[2023-11-19T16:51:35.501+0800][gc,stats    ]    Critical: Relocation Stall                              0.000 / 0.000         0.000 / 0.000         0.000 / 0.000         0.000 / 0.000       ms
[2023-11-19T16:51:35.501+0800][gc,stats    ]      Memory: Allocation Rate                                   0 / 0                 1 / 104               1 / 104               1 / 104         MB/s
[2023-11-19T16:51:35.501+0800][gc,stats    ]      Memory: Defragment                                        0 / 0                 0 / 0                 0 / 0                 0 / 0           ops/s
[2023-11-19T16:51:35.501+0800][gc,stats    ]      Memory: Out Of Memory                                     0 / 0                 0 / 0                 0 / 0                 0 / 0           ops/s
[2023-11-19T16:51:35.501+0800][gc,stats    ]      Memory: Page Cache Flush                                  0 / 0                 0 / 0                 0 / 0                 0 / 0           MB/s
[2023-11-19T16:51:35.501+0800][gc,stats    ]      Memory: Page Cache Hit L1                                 0 / 0                 0 / 29                0 / 29                0 / 29          ops/s
[2023-11-19T16:51:35.501+0800][gc,stats    ]      Memory: Page Cache Hit L2                                 0 / 0                 0 / 0                 0 / 0                 0 / 0           ops/s
[2023-11-19T16:51:35.501+0800][gc,stats    ]      Memory: Page Cache Hit L3                                 0 / 0                 0 / 48                0 / 48                0 / 48          ops/s
[2023-11-19T16:51:35.501+0800][gc,stats    ]      Memory: Page Cache Miss                                   0 / 0                 0 / 1                 0 / 1                 0 / 1           ops/s
[2023-11-19T16:51:35.501+0800][gc,stats    ]      Memory: Uncommit                                          0 / 0                 0 / 0                 0 / 0                 0 / 0           MB/s
[2023-11-19T16:51:35.501+0800][gc,stats    ]      Memory: Undo Object Allocation Failed                     0 / 0                 0 / 0                 0 / 0                 0 / 0           ops/s
[2023-11-19T16:51:35.501+0800][gc,stats    ]      Memory: Undo Object Allocation Succeeded                  0 / 0                 0 / 0                 0 / 0                 0 / 0           ops/s
[2023-11-19T16:51:35.501+0800][gc,stats    ]      Memory: Undo Page Allocation                              0 / 0                 0 / 0                 0 / 0                 0 / 0           ops/s
[2023-11-19T16:51:35.501+0800][gc,stats    ]       Phase: Concurrent Mark                               0.000 / 0.000        13.801 / 15.394       13.801 / 15.394       13.801 / 15.394      ms
[2023-11-19T16:51:35.501+0800][gc,stats    ]       Phase: Concurrent Mark Continue                      0.000 / 0.000         0.000 / 0.000         0.000 / 0.000         0.000 / 0.000       ms
[2023-11-19T16:51:35.501+0800][gc,stats    ]       Phase: Concurrent Mark Free                          0.000 / 0.000         0.001 / 0.001         0.001 / 0.001         0.001 / 0.001       ms
[2023-11-19T16:51:35.501+0800][gc,stats    ]       Phase: Concurrent Process Non-Strong References      0.000 / 0.000         1.810 / 1.931         1.810 / 1.931         1.810 / 1.931       ms
[2023-11-19T16:51:35.501+0800][gc,stats    ]       Phase: Concurrent Relocate                           0.000 / 0.000         2.671 / 3.187         2.671 / 3.187         2.671 / 3.187       ms
[2023-11-19T16:51:35.501+0800][gc,stats    ]       Phase: Concurrent Reset Relocation Set               0.000 / 0.000         0.001 / 0.003         0.001 / 0.003         0.001 / 0.003       ms
[2023-11-19T16:51:35.501+0800][gc,stats    ]       Phase: Concurrent Select Relocation Set              0.000 / 0.000         4.627 / 7.839         4.627 / 7.839         4.627 / 7.839       ms
[2023-11-19T16:51:35.501+0800][gc,stats    ]       Phase: Pause Mark End                                0.000 / 0.000         0.016 / 0.018         0.016 / 0.018         0.016 / 0.018       ms
[2023-11-19T16:51:35.501+0800][gc,stats    ]       Phase: Pause Mark Start                              0.000 / 0.000         0.013 / 0.019         0.013 / 0.019         0.013 / 0.019       ms
[2023-11-19T16:51:35.501+0800][gc,stats    ]       Phase: Pause Relocate Start                          0.000 / 0.000         0.008 / 0.009         0.008 / 0.009         0.008 / 0.009       ms
[2023-11-19T16:51:35.501+0800][gc,stats    ]    Subphase: Concurrent Classes Purge                      0.000 / 0.000         0.047 / 0.049         0.047 / 0.049         0.047 / 0.049       ms
[2023-11-19T16:51:35.501+0800][gc,stats    ]    Subphase: Concurrent Classes Unlink                     0.000 / 0.000         1.263 / 1.295         1.263 / 1.295         1.263 / 1.295       ms
[2023-11-19T16:51:35.501+0800][gc,stats    ]    Subphase: Concurrent Mark                               0.000 / 0.000        11.825 / 13.159       11.825 / 13.159       11.825 / 13.159      ms
[2023-11-19T16:51:35.501+0800][gc,stats    ]    Subphase: Concurrent Mark Try Flush                     0.000 / 0.000         0.057 / 0.108         0.057 / 0.108         0.057 / 0.108       ms
[2023-11-19T16:51:35.501+0800][gc,stats    ]    Subphase: Concurrent Mark Try Terminate                 0.000 / 0.000         1.420 / 4.236         1.420 / 4.236         1.420 / 4.236       ms
[2023-11-19T16:51:35.501+0800][gc,stats    ]    Subphase: Concurrent References Enqueue                 0.000 / 0.000         0.004 / 0.004         0.004 / 0.004         0.004 / 0.004       ms
[2023-11-19T16:51:35.501+0800][gc,stats    ]    Subphase: Concurrent References Process                 0.000 / 0.000         0.090 / 0.101         0.090 / 0.101         0.090 / 0.101       ms
[2023-11-19T16:51:35.502+0800][gc,stats    ]    Subphase: Concurrent Roots ClassLoaderDataGraph         0.000 / 0.000         0.103 / 0.506         0.103 / 0.506         0.103 / 0.506       ms
[2023-11-19T16:51:35.502+0800][gc,stats    ]    Subphase: Concurrent Roots CodeCache                    0.000 / 0.000         0.000 / 0.000         0.000 / 0.000         0.000 / 0.000       ms
[2023-11-19T16:51:35.502+0800][gc,stats    ]    Subphase: Concurrent Roots JavaThreads                  0.000 / 0.000         1.129 / 2.106         1.129 / 2.106         1.129 / 2.106       ms
[2023-11-19T16:51:35.502+0800][gc,stats    ]    Subphase: Concurrent Roots OopStorageSet                0.000 / 0.000         0.036 / 0.058         0.036 / 0.058         0.036 / 0.058       ms
[2023-11-19T16:51:35.502+0800][gc,stats    ]    Subphase: Concurrent Weak Roots OopStorageSet           0.000 / 0.000         0.328 / 0.486         0.328 / 0.486         0.328 / 0.486       ms
[2023-11-19T16:51:35.502+0800][gc,stats    ]    Subphase: Pause Mark Try Complete                       0.000 / 0.000         0.000 / 0.000         0.000 / 0.000         0.000 / 0.000       ms
[2023-11-19T16:51:35.502+0800][gc,stats    ]      System: Java Threads                                      0 / 0                39 / 54               39 / 54               39 / 54          threads
[2023-11-19T16:51:35.502+0800][gc,stats    ] =========================================================================================================================================================
[2023-11-19T16:51:45.515+0800][gc,stats    ] === Garbage Collection Statistics =======================================================================================================================
[2023-11-19T16:51:45.515+0800][gc,stats    ]                                                              Last 10s              Last 10m              Last 10h                Total
[2023-11-19T16:51:45.515+0800][gc,stats    ]                                                              Avg / Max             Avg / Max             Avg / Max             Avg / Max
[2023-11-19T16:51:45.515+0800][gc,stats    ]   Collector: Garbage Collection Cycle                      0.000 / 0.000        23.723 / 25.775       23.723 / 25.775       23.723 / 25.775      ms
[2023-11-19T16:51:45.515+0800][gc,stats    ]  Contention: Mark Segment Reset Contention                     0 / 0                 0 / 3                 0 / 3                 0 / 3           ops/s
[2023-11-19T16:51:45.515+0800][gc,stats    ]  Contention: Mark SeqNum Reset Contention                      0 / 0                 0 / 0                 0 / 0                 0 / 0           ops/s
[2023-11-19T16:51:45.515+0800][gc,stats    ]    Critical: Allocation Stall                                  0 / 0                 0 / 0                 0 / 0                 0 / 0           ops/s
[2023-11-19T16:51:45.515+0800][gc,stats    ]    Critical: Allocation Stall                              0.000 / 0.000         0.000 / 0.000         0.000 / 0.000         0.000 / 0.000       ms
[2023-11-19T16:51:45.515+0800][gc,stats    ]    Critical: GC Locker Stall                                   0 / 0                 0 / 0                 0 / 0                 0 / 0           ops/s
[2023-11-19T16:51:45.515+0800][gc,stats    ]    Critical: GC Locker Stall                               0.000 / 0.000         0.000 / 0.000         0.000 / 0.000         0.000 / 0.000       ms
[2023-11-19T16:51:45.515+0800][gc,stats    ]    Critical: Relocation Stall                                  0 / 0                 0 / 0                 0 / 0                 0 / 0           ops/s
[2023-11-19T16:51:45.515+0800][gc,stats    ]    Critical: Relocation Stall                              0.000 / 0.000         0.000 / 0.000         0.000 / 0.000         0.000 / 0.000       ms
[2023-11-19T16:51:45.515+0800][gc,stats    ]      Memory: Allocation Rate                                   0 / 2                 1 / 104               1 / 104               1 / 104         MB/s
[2023-11-19T16:51:45.515+0800][gc,stats    ]      Memory: Defragment                                        0 / 0                 0 / 0                 0 / 0                 0 / 0           ops/s
[2023-11-19T16:51:45.515+0800][gc,stats    ]      Memory: Out Of Memory                                     0 / 0                 0 / 0                 0 / 0                 0 / 0           ops/s
[2023-11-19T16:51:45.515+0800][gc,stats    ]      Memory: Page Cache Flush                                  0 / 0                 0 / 0                 0 / 0                 0 / 0           MB/s
[2023-11-19T16:51:45.515+0800][gc,stats    ]      Memory: Page Cache Hit L1                                 0 / 1                 0 / 29                0 / 29                0 / 29          ops/s
[2023-11-19T16:51:45.515+0800][gc,stats    ]      Memory: Page Cache Hit L2                                 0 / 0                 0 / 0                 0 / 0                 0 / 0           ops/s
[2023-11-19T16:51:45.515+0800][gc,stats    ]      Memory: Page Cache Hit L3                                 0 / 0                 0 / 48                0 / 48                0 / 48          ops/s
[2023-11-19T16:51:45.515+0800][gc,stats    ]      Memory: Page Cache Miss                                   0 / 0                 0 / 1                 0 / 1                 0 / 1           ops/s
[2023-11-19T16:51:45.515+0800][gc,stats    ]      Memory: Uncommit                                          0 / 0                 0 / 0                 0 / 0                 0 / 0           MB/s
[2023-11-19T16:51:45.515+0800][gc,stats    ]      Memory: Undo Object Allocation Failed                     0 / 0                 0 / 0                 0 / 0                 0 / 0           ops/s
[2023-11-19T16:51:45.515+0800][gc,stats    ]      Memory: Undo Object Allocation Succeeded                  0 / 0                 0 / 0                 0 / 0                 0 / 0           ops/s
[2023-11-19T16:51:45.515+0800][gc,stats    ]      Memory: Undo Page Allocation                              0 / 0                 0 / 0                 0 / 0                 0 / 0           ops/s
[2023-11-19T16:51:45.515+0800][gc,stats    ]       Phase: Concurrent Mark                               0.000 / 0.000        13.801 / 15.394       13.801 / 15.394       13.801 / 15.394      ms
[2023-11-19T16:51:45.515+0800][gc,stats    ]       Phase: Concurrent Mark Continue                      0.000 / 0.000         0.000 / 0.000         0.000 / 0.000         0.000 / 0.000       ms
[2023-11-19T16:51:45.515+0800][gc,stats    ]       Phase: Concurrent Mark Free                          0.000 / 0.000         0.001 / 0.001         0.001 / 0.001         0.001 / 0.001       ms
[2023-11-19T16:51:45.515+0800][gc,stats    ]       Phase: Concurrent Process Non-Strong References      0.000 / 0.000         1.810 / 1.931         1.810 / 1.931         1.810 / 1.931       ms
[2023-11-19T16:51:45.515+0800][gc,stats    ]       Phase: Concurrent Relocate                           0.000 / 0.000         2.671 / 3.187         2.671 / 3.187         2.671 / 3.187       ms
[2023-11-19T16:51:45.515+0800][gc,stats    ]       Phase: Concurrent Reset Relocation Set               0.000 / 0.000         0.001 / 0.003         0.001 / 0.003         0.001 / 0.003       ms
[2023-11-19T16:51:45.515+0800][gc,stats    ]       Phase: Concurrent Select Relocation Set              0.000 / 0.000         4.627 / 7.839         4.627 / 7.839         4.627 / 7.839       ms
[2023-11-19T16:51:45.515+0800][gc,stats    ]       Phase: Pause Mark End                                0.000 / 0.000         0.016 / 0.018         0.016 / 0.018         0.016 / 0.018       ms
[2023-11-19T16:51:45.515+0800][gc,stats    ]       Phase: Pause Mark Start                              0.000 / 0.000         0.013 / 0.019         0.013 / 0.019         0.013 / 0.019       ms
[2023-11-19T16:51:45.515+0800][gc,stats    ]       Phase: Pause Relocate Start                          0.000 / 0.000         0.008 / 0.009         0.008 / 0.009         0.008 / 0.009       ms
[2023-11-19T16:51:45.515+0800][gc,stats    ]    Subphase: Concurrent Classes Purge                      0.000 / 0.000         0.047 / 0.049         0.047 / 0.049         0.047 / 0.049       ms
[2023-11-19T16:51:45.515+0800][gc,stats    ]    Subphase: Concurrent Classes Unlink                     0.000 / 0.000         1.263 / 1.295         1.263 / 1.295         1.263 / 1.295       ms
[2023-11-19T16:51:45.515+0800][gc,stats    ]    Subphase: Concurrent Mark                               0.000 / 0.000        11.825 / 13.159       11.825 / 13.159       11.825 / 13.159      ms
[2023-11-19T16:51:45.515+0800][gc,stats    ]    Subphase: Concurrent Mark Try Flush                     0.000 / 0.000         0.057 / 0.108         0.057 / 0.108         0.057 / 0.108       ms
[2023-11-19T16:51:45.515+0800][gc,stats    ]    Subphase: Concurrent Mark Try Terminate                 0.000 / 0.000         1.420 / 4.236         1.420 / 4.236         1.420 / 4.236       ms
[2023-11-19T16:51:45.515+0800][gc,stats    ]    Subphase: Concurrent References Enqueue                 0.000 / 0.000         0.004 / 0.004         0.004 / 0.004         0.004 / 0.004       ms
[2023-11-19T16:51:45.515+0800][gc,stats    ]    Subphase: Concurrent References Process                 0.000 / 0.000         0.090 / 0.101         0.090 / 0.101         0.090 / 0.101       ms
[2023-11-19T16:51:45.515+0800][gc,stats    ]    Subphase: Concurrent Roots ClassLoaderDataGraph         0.000 / 0.000         0.103 / 0.506         0.103 / 0.506         0.103 / 0.506       ms
[2023-11-19T16:51:45.515+0800][gc,stats    ]    Subphase: Concurrent Roots CodeCache                    0.000 / 0.000         0.000 / 0.000         0.000 / 0.000         0.000 / 0.000       ms
[2023-11-19T16:51:45.515+0800][gc,stats    ]    Subphase: Concurrent Roots JavaThreads                  0.000 / 0.000         1.129 / 2.106         1.129 / 2.106         1.129 / 2.106       ms
[2023-11-19T16:51:45.515+0800][gc,stats    ]    Subphase: Concurrent Roots OopStorageSet                0.000 / 0.000         0.036 / 0.058         0.036 / 0.058         0.036 / 0.058       ms
[2023-11-19T16:51:45.515+0800][gc,stats    ]    Subphase: Concurrent Weak Roots OopStorageSet           0.000 / 0.000         0.328 / 0.486         0.328 / 0.486         0.328 / 0.486       ms
[2023-11-19T16:51:45.515+0800][gc,stats    ]    Subphase: Pause Mark Try Complete                       0.000 / 0.000         0.000 / 0.000         0.000 / 0.000         0.000 / 0.000       ms
[2023-11-19T16:51:45.515+0800][gc,stats    ]      System: Java Threads                                      0 / 0                39 / 54               39 / 54               39 / 54          threads
[2023-11-19T16:51:45.515+0800][gc,stats    ] =========================================================================================================================================================
[2023-11-19T16:51:55.502+0800][gc,stats    ] === Garbage Collection Statistics =======================================================================================================================
[2023-11-19T16:51:55.502+0800][gc,stats    ]                                                              Last 10s              Last 10m              Last 10h                Total
[2023-11-19T16:51:55.502+0800][gc,stats    ]                                                              Avg / Max             Avg / Max             Avg / Max             Avg / Max
[2023-11-19T16:51:55.502+0800][gc,stats    ]   Collector: Garbage Collection Cycle                      0.000 / 0.000        23.723 / 25.775       23.723 / 25.775       23.723 / 25.775      ms
[2023-11-19T16:51:55.502+0800][gc,stats    ]  Contention: Mark Segment Reset Contention                     0 / 0                 0 / 3                 0 / 3                 0 / 3           ops/s
[2023-11-19T16:51:55.502+0800][gc,stats    ]  Contention: Mark SeqNum Reset Contention                      0 / 0                 0 / 0                 0 / 0                 0 / 0           ops/s
[2023-11-19T16:51:55.502+0800][gc,stats    ]    Critical: Allocation Stall                                  0 / 0                 0 / 0                 0 / 0                 0 / 0           ops/s
[2023-11-19T16:51:55.502+0800][gc,stats    ]    Critical: Allocation Stall                              0.000 / 0.000         0.000 / 0.000         0.000 / 0.000         0.000 / 0.000       ms
[2023-11-19T16:51:55.502+0800][gc,stats    ]    Critical: GC Locker Stall                                   0 / 0                 0 / 0                 0 / 0                 0 / 0           ops/s
[2023-11-19T16:51:55.502+0800][gc,stats    ]    Critical: GC Locker Stall                               0.000 / 0.000         0.000 / 0.000         0.000 / 0.000         0.000 / 0.000       ms
[2023-11-19T16:51:55.502+0800][gc,stats    ]    Critical: Relocation Stall                                  0 / 0                 0 / 0                 0 / 0                 0 / 0           ops/s
[2023-11-19T16:51:55.502+0800][gc,stats    ]    Critical: Relocation Stall                              0.000 / 0.000         0.000 / 0.000         0.000 / 0.000         0.000 / 0.000       ms
[2023-11-19T16:51:55.502+0800][gc,stats    ]      Memory: Allocation Rate                                   0 / 2                 1 / 104               1 / 104               1 / 104         MB/s
[2023-11-19T16:51:55.502+0800][gc,stats    ]      Memory: Defragment                                        0 / 0                 0 / 0                 0 / 0                 0 / 0           ops/s
[2023-11-19T16:51:55.502+0800][gc,stats    ]      Memory: Out Of Memory                                     0 / 0                 0 / 0                 0 / 0                 0 / 0           ops/s
[2023-11-19T16:51:55.502+0800][gc,stats    ]      Memory: Page Cache Flush                                  0 / 0                 0 / 0                 0 / 0                 0 / 0           MB/s
[2023-11-19T16:51:55.502+0800][gc,stats    ]      Memory: Page Cache Hit L1                                 0 / 1                 0 / 29                0 / 29                0 / 29          ops/s
[2023-11-19T16:51:55.502+0800][gc,stats    ]      Memory: Page Cache Hit L2                                 0 / 0                 0 / 0                 0 / 0                 0 / 0           ops/s
[2023-11-19T16:51:55.502+0800][gc,stats    ]      Memory: Page Cache Hit L3                                 0 / 0                 0 / 48                0 / 48                0 / 48          ops/s
[2023-11-19T16:51:55.502+0800][gc,stats    ]      Memory: Page Cache Miss                                   0 / 0                 0 / 1                 0 / 1                 0 / 1           ops/s
[2023-11-19T16:51:55.502+0800][gc,stats    ]      Memory: Uncommit                                          0 / 0                 0 / 0                 0 / 0                 0 / 0           MB/s
[2023-11-19T16:51:55.502+0800][gc,stats    ]      Memory: Undo Object Allocation Failed                     0 / 0                 0 / 0                 0 / 0                 0 / 0           ops/s
[2023-11-19T16:51:55.502+0800][gc,stats    ]      Memory: Undo Object Allocation Succeeded                  0 / 0                 0 / 0                 0 / 0                 0 / 0           ops/s
[2023-11-19T16:51:55.502+0800][gc,stats    ]      Memory: Undo Page Allocation                              0 / 0                 0 / 0                 0 / 0                 0 / 0           ops/s
[2023-11-19T16:51:55.502+0800][gc,stats    ]       Phase: Concurrent Mark                               0.000 / 0.000        13.801 / 15.394       13.801 / 15.394       13.801 / 15.394      ms
[2023-11-19T16:51:55.502+0800][gc,stats    ]       Phase: Concurrent Mark Continue                      0.000 / 0.000         0.000 / 0.000         0.000 / 0.000         0.000 / 0.000       ms
[2023-11-19T16:51:55.502+0800][gc,stats    ]       Phase: Concurrent Mark Free                          0.000 / 0.000         0.001 / 0.001         0.001 / 0.001         0.001 / 0.001       ms
[2023-11-19T16:51:55.502+0800][gc,stats    ]       Phase: Concurrent Process Non-Strong References      0.000 / 0.000         1.810 / 1.931         1.810 / 1.931         1.810 / 1.931       ms
[2023-11-19T16:51:55.502+0800][gc,stats    ]       Phase: Concurrent Relocate                           0.000 / 0.000         2.671 / 3.187         2.671 / 3.187         2.671 / 3.187       ms
[2023-11-19T16:51:55.502+0800][gc,stats    ]       Phase: Concurrent Reset Relocation Set               0.000 / 0.000         0.001 / 0.003         0.001 / 0.003         0.001 / 0.003       ms
[2023-11-19T16:51:55.502+0800][gc,stats    ]       Phase: Concurrent Select Relocation Set              0.000 / 0.000         4.627 / 7.839         4.627 / 7.839         4.627 / 7.839       ms
[2023-11-19T16:51:55.502+0800][gc,stats    ]       Phase: Pause Mark End                                0.000 / 0.000         0.016 / 0.018         0.016 / 0.018         0.016 / 0.018       ms
[2023-11-19T16:51:55.502+0800][gc,stats    ]       Phase: Pause Mark Start                              0.000 / 0.000         0.013 / 0.019         0.013 / 0.019         0.013 / 0.019       ms
[2023-11-19T16:51:55.502+0800][gc,stats    ]       Phase: Pause Relocate Start                          0.000 / 0.000         0.008 / 0.009         0.008 / 0.009         0.008 / 0.009       ms
[2023-11-19T16:51:55.502+0800][gc,stats    ]    Subphase: Concurrent Classes Purge                      0.000 / 0.000         0.047 / 0.049         0.047 / 0.049         0.047 / 0.049       ms
[2023-11-19T16:51:55.502+0800][gc,stats    ]    Subphase: Concurrent Classes Unlink                     0.000 / 0.000         1.263 / 1.295         1.263 / 1.295         1.263 / 1.295       ms
[2023-11-19T16:51:55.502+0800][gc,stats    ]    Subphase: Concurrent Mark                               0.000 / 0.000        11.825 / 13.159       11.825 / 13.159       11.825 / 13.159      ms
[2023-11-19T16:51:55.502+0800][gc,stats    ]    Subphase: Concurrent Mark Try Flush                     0.000 / 0.000         0.057 / 0.108         0.057 / 0.108         0.057 / 0.108       ms
[2023-11-19T16:51:55.502+0800][gc,stats    ]    Subphase: Concurrent Mark Try Terminate                 0.000 / 0.000         1.420 / 4.236         1.420 / 4.236         1.420 / 4.236       ms
[2023-11-19T16:51:55.502+0800][gc,stats    ]    Subphase: Concurrent References Enqueue                 0.000 / 0.000         0.004 / 0.004         0.004 / 0.004         0.004 / 0.004       ms
[2023-11-19T16:51:55.502+0800][gc,stats    ]    Subphase: Concurrent References Process                 0.000 / 0.000         0.090 / 0.101         0.090 / 0.101         0.090 / 0.101       ms
[2023-11-19T16:51:55.502+0800][gc,stats    ]    Subphase: Concurrent Roots ClassLoaderDataGraph         0.000 / 0.000         0.103 / 0.506         0.103 / 0.506         0.103 / 0.506       ms
[2023-11-19T16:51:55.502+0800][gc,stats    ]    Subphase: Concurrent Roots CodeCache                    0.000 / 0.000         0.000 / 0.000         0.000 / 0.000         0.000 / 0.000       ms
[2023-11-19T16:51:55.502+0800][gc,stats    ]    Subphase: Concurrent Roots JavaThreads                  0.000 / 0.000         1.129 / 2.106         1.129 / 2.106         1.129 / 2.106       ms
[2023-11-19T16:51:55.502+0800][gc,stats    ]    Subphase: Concurrent Roots OopStorageSet                0.000 / 0.000         0.036 / 0.058         0.036 / 0.058         0.036 / 0.058       ms
[2023-11-19T16:51:55.502+0800][gc,stats    ]    Subphase: Concurrent Weak Roots OopStorageSet           0.000 / 0.000         0.328 / 0.486         0.328 / 0.486         0.328 / 0.486       ms
[2023-11-19T16:51:55.502+0800][gc,stats    ]    Subphase: Pause Mark Try Complete                       0.000 / 0.000         0.000 / 0.000         0.000 / 0.000         0.000 / 0.000       ms
[2023-11-19T16:51:55.502+0800][gc,stats    ]      System: Java Threads                                      0 / 0                39 / 54               39 / 54               39 / 54          threads
[2023-11-19T16:51:55.502+0800][gc,stats    ] =========================================================================================================================================================
[2023-11-19T16:52:05.501+0800][gc,stats    ] === Garbage Collection Statistics =======================================================================================================================
[2023-11-19T16:52:05.501+0800][gc,stats    ]                                                              Last 10s              Last 10m              Last 10h                Total
[2023-11-19T16:52:05.501+0800][gc,stats    ]                                                              Avg / Max             Avg / Max             Avg / Max             Avg / Max
[2023-11-19T16:52:05.501+0800][gc,stats    ]   Collector: Garbage Collection Cycle                      0.000 / 0.000        23.723 / 25.775       23.723 / 25.775       23.723 / 25.775      ms
[2023-11-19T16:52:05.501+0800][gc,stats    ]  Contention: Mark Segment Reset Contention                     0 / 0                 0 / 3                 0 / 3                 0 / 3           ops/s
[2023-11-19T16:52:05.501+0800][gc,stats    ]  Contention: Mark SeqNum Reset Contention                      0 / 0                 0 / 0                 0 / 0                 0 / 0           ops/s
[2023-11-19T16:52:05.501+0800][gc,stats    ]    Critical: Allocation Stall                                  0 / 0                 0 / 0                 0 / 0                 0 / 0           ops/s
[2023-11-19T16:52:05.501+0800][gc,stats    ]    Critical: Allocation Stall                              0.000 / 0.000         0.000 / 0.000         0.000 / 0.000         0.000 / 0.000       ms
[2023-11-19T16:52:05.501+0800][gc,stats    ]    Critical: GC Locker Stall                                   0 / 0                 0 / 0                 0 / 0                 0 / 0           ops/s
[2023-11-19T16:52:05.501+0800][gc,stats    ]    Critical: GC Locker Stall                               0.000 / 0.000         0.000 / 0.000         0.000 / 0.000         0.000 / 0.000       ms
[2023-11-19T16:52:05.501+0800][gc,stats    ]    Critical: Relocation Stall                                  0 / 0                 0 / 0                 0 / 0                 0 / 0           ops/s
[2023-11-19T16:52:05.501+0800][gc,stats    ]    Critical: Relocation Stall                              0.000 / 0.000         0.000 / 0.000         0.000 / 0.000         0.000 / 0.000       ms
[2023-11-19T16:52:05.501+0800][gc,stats    ]      Memory: Allocation Rate                                   0 / 0                 1 / 104               1 / 104               1 / 104         MB/s
[2023-11-19T16:52:05.501+0800][gc,stats    ]      Memory: Defragment                                        0 / 0                 0 / 0                 0 / 0                 0 / 0           ops/s
[2023-11-19T16:52:05.501+0800][gc,stats    ]      Memory: Out Of Memory                                     0 / 0                 0 / 0                 0 / 0                 0 / 0           ops/s
[2023-11-19T16:52:05.501+0800][gc,stats    ]      Memory: Page Cache Flush                                  0 / 0                 0 / 0                 0 / 0                 0 / 0           MB/s
[2023-11-19T16:52:05.501+0800][gc,stats    ]      Memory: Page Cache Hit L1                                 0 / 0                 0 / 29                0 / 29                0 / 29          ops/s
[2023-11-19T16:52:05.501+0800][gc,stats    ]      Memory: Page Cache Hit L2                                 0 / 0                 0 / 0                 0 / 0                 0 / 0           ops/s
[2023-11-19T16:52:05.501+0800][gc,stats    ]      Memory: Page Cache Hit L3                                 0 / 0                 0 / 48                0 / 48                0 / 48          ops/s
[2023-11-19T16:52:05.501+0800][gc,stats    ]      Memory: Page Cache Miss                                   0 / 0                 0 / 1                 0 / 1                 0 / 1           ops/s
[2023-11-19T16:52:05.501+0800][gc,stats    ]      Memory: Uncommit                                          0 / 0                 0 / 0                 0 / 0                 0 / 0           MB/s
[2023-11-19T16:52:05.501+0800][gc,stats    ]      Memory: Undo Object Allocation Failed                     0 / 0                 0 / 0                 0 / 0                 0 / 0           ops/s
[2023-11-19T16:52:05.501+0800][gc,stats    ]      Memory: Undo Object Allocation Succeeded                  0 / 0                 0 / 0                 0 / 0                 0 / 0           ops/s
[2023-11-19T16:52:05.501+0800][gc,stats    ]      Memory: Undo Page Allocation                              0 / 0                 0 / 0                 0 / 0                 0 / 0           ops/s
[2023-11-19T16:52:05.501+0800][gc,stats    ]       Phase: Concurrent Mark                               0.000 / 0.000        13.801 / 15.394       13.801 / 15.394       13.801 / 15.394      ms
[2023-11-19T16:52:05.501+0800][gc,stats    ]       Phase: Concurrent Mark Continue                      0.000 / 0.000         0.000 / 0.000         0.000 / 0.000         0.000 / 0.000       ms
[2023-11-19T16:52:05.501+0800][gc,stats    ]       Phase: Concurrent Mark Free                          0.000 / 0.000         0.001 / 0.001         0.001 / 0.001         0.001 / 0.001       ms
[2023-11-19T16:52:05.501+0800][gc,stats    ]       Phase: Concurrent Process Non-Strong References      0.000 / 0.000         1.810 / 1.931         1.810 / 1.931         1.810 / 1.931       ms
[2023-11-19T16:52:05.501+0800][gc,stats    ]       Phase: Concurrent Relocate                           0.000 / 0.000         2.671 / 3.187         2.671 / 3.187         2.671 / 3.187       ms
[2023-11-19T16:52:05.501+0800][gc,stats    ]       Phase: Concurrent Reset Relocation Set               0.000 / 0.000         0.001 / 0.003         0.001 / 0.003         0.001 / 0.003       ms
[2023-11-19T16:52:05.501+0800][gc,stats    ]       Phase: Concurrent Select Relocation Set              0.000 / 0.000         4.627 / 7.839         4.627 / 7.839         4.627 / 7.839       ms
[2023-11-19T16:52:05.501+0800][gc,stats    ]       Phase: Pause Mark End                                0.000 / 0.000         0.016 / 0.018         0.016 / 0.018         0.016 / 0.018       ms
[2023-11-19T16:52:05.501+0800][gc,stats    ]       Phase: Pause Mark Start                              0.000 / 0.000         0.013 / 0.019         0.013 / 0.019         0.013 / 0.019       ms
[2023-11-19T16:52:05.501+0800][gc,stats    ]       Phase: Pause Relocate Start                          0.000 / 0.000         0.008 / 0.009         0.008 / 0.009         0.008 / 0.009       ms
[2023-11-19T16:52:05.501+0800][gc,stats    ]    Subphase: Concurrent Classes Purge                      0.000 / 0.000         0.047 / 0.049         0.047 / 0.049         0.047 / 0.049       ms
[2023-11-19T16:52:05.501+0800][gc,stats    ]    Subphase: Concurrent Classes Unlink                     0.000 / 0.000         1.263 / 1.295         1.263 / 1.295         1.263 / 1.295       ms
[2023-11-19T16:52:05.501+0800][gc,stats    ]    Subphase: Concurrent Mark                               0.000 / 0.000        11.825 / 13.159       11.825 / 13.159       11.825 / 13.159      ms
[2023-11-19T16:52:05.502+0800][gc,stats    ]    Subphase: Concurrent Mark Try Flush                     0.000 / 0.000         0.057 / 0.108         0.057 / 0.108         0.057 / 0.108       ms
[2023-11-19T16:52:05.502+0800][gc,stats    ]    Subphase: Concurrent Mark Try Terminate                 0.000 / 0.000         1.420 / 4.236         1.420 / 4.236         1.420 / 4.236       ms
[2023-11-19T16:52:05.502+0800][gc,stats    ]    Subphase: Concurrent References Enqueue                 0.000 / 0.000         0.004 / 0.004         0.004 / 0.004         0.004 / 0.004       ms
[2023-11-19T16:52:05.502+0800][gc,stats    ]    Subphase: Concurrent References Process                 0.000 / 0.000         0.090 / 0.101         0.090 / 0.101         0.090 / 0.101       ms
[2023-11-19T16:52:05.502+0800][gc,stats    ]    Subphase: Concurrent Roots ClassLoaderDataGraph         0.000 / 0.000         0.103 / 0.506         0.103 / 0.506         0.103 / 0.506       ms
[2023-11-19T16:52:05.502+0800][gc,stats    ]    Subphase: Concurrent Roots CodeCache                    0.000 / 0.000         0.000 / 0.000         0.000 / 0.000         0.000 / 0.000       ms
[2023-11-19T16:52:05.502+0800][gc,stats    ]    Subphase: Concurrent Roots JavaThreads                  0.000 / 0.000         1.129 / 2.106         1.129 / 2.106         1.129 / 2.106       ms
[2023-11-19T16:52:05.502+0800][gc,stats    ]    Subphase: Concurrent Roots OopStorageSet                0.000 / 0.000         0.036 / 0.058         0.036 / 0.058         0.036 / 0.058       ms
[2023-11-19T16:52:05.502+0800][gc,stats    ]    Subphase: Concurrent Weak Roots OopStorageSet           0.000 / 0.000         0.328 / 0.486         0.328 / 0.486         0.328 / 0.486       ms
[2023-11-19T16:52:05.502+0800][gc,stats    ]    Subphase: Pause Mark Try Complete                       0.000 / 0.000         0.000 / 0.000         0.000 / 0.000         0.000 / 0.000       ms
[2023-11-19T16:52:05.502+0800][gc,stats    ]      System: Java Threads                                      0 / 0                39 / 54               39 / 54               39 / 54          threads
[2023-11-19T16:52:05.502+0800][gc,stats    ] =========================================================================================================================================================
[2023-11-19T16:52:15.501+0800][gc,stats    ] === Garbage Collection Statistics =======================================================================================================================
[2023-11-19T16:52:15.501+0800][gc,stats    ]                                                              Last 10s              Last 10m              Last 10h                Total
[2023-11-19T16:52:15.501+0800][gc,stats    ]                                                              Avg / Max             Avg / Max             Avg / Max             Avg / Max
[2023-11-19T16:52:15.501+0800][gc,stats    ]   Collector: Garbage Collection Cycle                      0.000 / 0.000        23.723 / 25.775       23.723 / 25.775       23.723 / 25.775      ms
[2023-11-19T16:52:15.501+0800][gc,stats    ]  Contention: Mark Segment Reset Contention                     0 / 0                 0 / 3                 0 / 3                 0 / 3           ops/s
[2023-11-19T16:52:15.501+0800][gc,stats    ]  Contention: Mark SeqNum Reset Contention                      0 / 0                 0 / 0                 0 / 0                 0 / 0           ops/s
[2023-11-19T16:52:15.501+0800][gc,stats    ]    Critical: Allocation Stall                                  0 / 0                 0 / 0                 0 / 0                 0 / 0           ops/s
[2023-11-19T16:52:15.501+0800][gc,stats    ]    Critical: Allocation Stall                              0.000 / 0.000         0.000 / 0.000         0.000 / 0.000         0.000 / 0.000       ms
[2023-11-19T16:52:15.501+0800][gc,stats    ]    Critical: GC Locker Stall                                   0 / 0                 0 / 0                 0 / 0                 0 / 0           ops/s
[2023-11-19T16:52:15.501+0800][gc,stats    ]    Critical: GC Locker Stall                               0.000 / 0.000         0.000 / 0.000         0.000 / 0.000         0.000 / 0.000       ms
[2023-11-19T16:52:15.501+0800][gc,stats    ]    Critical: Relocation Stall                                  0 / 0                 0 / 0                 0 / 0                 0 / 0           ops/s
[2023-11-19T16:52:15.501+0800][gc,stats    ]    Critical: Relocation Stall                              0.000 / 0.000         0.000 / 0.000         0.000 / 0.000         0.000 / 0.000       ms
[2023-11-19T16:52:15.501+0800][gc,stats    ]      Memory: Allocation Rate                                   0 / 2                 1 / 104               1 / 104               1 / 104         MB/s
[2023-11-19T16:52:15.501+0800][gc,stats    ]      Memory: Defragment                                        0 / 0                 0 / 0                 0 / 0                 0 / 0           ops/s
[2023-11-19T16:52:15.501+0800][gc,stats    ]      Memory: Out Of Memory                                     0 / 0                 0 / 0                 0 / 0                 0 / 0           ops/s
[2023-11-19T16:52:15.501+0800][gc,stats    ]      Memory: Page Cache Flush                                  0 / 0                 0 / 0                 0 / 0                 0 / 0           MB/s
[2023-11-19T16:52:15.501+0800][gc,stats    ]      Memory: Page Cache Hit L1                                 0 / 1                 0 / 29                0 / 29                0 / 29          ops/s
[2023-11-19T16:52:15.501+0800][gc,stats    ]      Memory: Page Cache Hit L2                                 0 / 0                 0 / 0                 0 / 0                 0 / 0           ops/s
[2023-11-19T16:52:15.501+0800][gc,stats    ]      Memory: Page Cache Hit L3                                 0 / 0                 0 / 48                0 / 48                0 / 48          ops/s
[2023-11-19T16:52:15.501+0800][gc,stats    ]      Memory: Page Cache Miss                                   0 / 0                 0 / 1                 0 / 1                 0 / 1           ops/s
[2023-11-19T16:52:15.501+0800][gc,stats    ]      Memory: Uncommit                                          0 / 0                 0 / 0                 0 / 0                 0 / 0           MB/s
[2023-11-19T16:52:15.501+0800][gc,stats    ]      Memory: Undo Object Allocation Failed                     0 / 0                 0 / 0                 0 / 0                 0 / 0           ops/s
[2023-11-19T16:52:15.501+0800][gc,stats    ]      Memory: Undo Object Allocation Succeeded                  0 / 0                 0 / 0                 0 / 0                 0 / 0           ops/s
[2023-11-19T16:52:15.501+0800][gc,stats    ]      Memory: Undo Page Allocation                              0 / 0                 0 / 0                 0 / 0                 0 / 0           ops/s
[2023-11-19T16:52:15.501+0800][gc,stats    ]       Phase: Concurrent Mark                               0.000 / 0.000        13.801 / 15.394       13.801 / 15.394       13.801 / 15.394      ms
[2023-11-19T16:52:15.501+0800][gc,stats    ]       Phase: Concurrent Mark Continue                      0.000 / 0.000         0.000 / 0.000         0.000 / 0.000         0.000 / 0.000       ms
[2023-11-19T16:52:15.501+0800][gc,stats    ]       Phase: Concurrent Mark Free                          0.000 / 0.000         0.001 / 0.001         0.001 / 0.001         0.001 / 0.001       ms
[2023-11-19T16:52:15.501+0800][gc,stats    ]       Phase: Concurrent Process Non-Strong References      0.000 / 0.000         1.810 / 1.931         1.810 / 1.931         1.810 / 1.931       ms
[2023-11-19T16:52:15.501+0800][gc,stats    ]       Phase: Concurrent Relocate                           0.000 / 0.000         2.671 / 3.187         2.671 / 3.187         2.671 / 3.187       ms
[2023-11-19T16:52:15.501+0800][gc,stats    ]       Phase: Concurrent Reset Relocation Set               0.000 / 0.000         0.001 / 0.003         0.001 / 0.003         0.001 / 0.003       ms
[2023-11-19T16:52:15.501+0800][gc,stats    ]       Phase: Concurrent Select Relocation Set              0.000 / 0.000         4.627 / 7.839         4.627 / 7.839         4.627 / 7.839       ms
[2023-11-19T16:52:15.501+0800][gc,stats    ]       Phase: Pause Mark End                                0.000 / 0.000         0.016 / 0.018         0.016 / 0.018         0.016 / 0.018       ms
[2023-11-19T16:52:15.501+0800][gc,stats    ]       Phase: Pause Mark Start                              0.000 / 0.000         0.013 / 0.019         0.013 / 0.019         0.013 / 0.019       ms
[2023-11-19T16:52:15.501+0800][gc,stats    ]       Phase: Pause Relocate Start                          0.000 / 0.000         0.008 / 0.009         0.008 / 0.009         0.008 / 0.009       ms
[2023-11-19T16:52:15.501+0800][gc,stats    ]    Subphase: Concurrent Classes Purge                      0.000 / 0.000         0.047 / 0.049         0.047 / 0.049         0.047 / 0.049       ms
[2023-11-19T16:52:15.501+0800][gc,stats    ]    Subphase: Concurrent Classes Unlink                     0.000 / 0.000         1.263 / 1.295         1.263 / 1.295         1.263 / 1.295       ms
[2023-11-19T16:52:15.501+0800][gc,stats    ]    Subphase: Concurrent Mark                               0.000 / 0.000        11.825 / 13.159       11.825 / 13.159       11.825 / 13.159      ms
[2023-11-19T16:52:15.501+0800][gc,stats    ]    Subphase: Concurrent Mark Try Flush                     0.000 / 0.000         0.057 / 0.108         0.057 / 0.108         0.057 / 0.108       ms
[2023-11-19T16:52:15.501+0800][gc,stats    ]    Subphase: Concurrent Mark Try Terminate                 0.000 / 0.000         1.420 / 4.236         1.420 / 4.236         1.420 / 4.236       ms
[2023-11-19T16:52:15.501+0800][gc,stats    ]    Subphase: Concurrent References Enqueue                 0.000 / 0.000         0.004 / 0.004         0.004 / 0.004         0.004 / 0.004       ms
[2023-11-19T16:52:15.501+0800][gc,stats    ]    Subphase: Concurrent References Process                 0.000 / 0.000         0.090 / 0.101         0.090 / 0.101         0.090 / 0.101       ms
[2023-11-19T16:52:15.501+0800][gc,stats    ]    Subphase: Concurrent Roots ClassLoaderDataGraph         0.000 / 0.000         0.103 / 0.506         0.103 / 0.506         0.103 / 0.506       ms
[2023-11-19T16:52:15.501+0800][gc,stats    ]    Subphase: Concurrent Roots CodeCache                    0.000 / 0.000         0.000 / 0.000         0.000 / 0.000         0.000 / 0.000       ms
[2023-11-19T16:52:15.501+0800][gc,stats    ]    Subphase: Concurrent Roots JavaThreads                  0.000 / 0.000         1.129 / 2.106         1.129 / 2.106         1.129 / 2.106       ms
[2023-11-19T16:52:15.501+0800][gc,stats    ]    Subphase: Concurrent Roots OopStorageSet                0.000 / 0.000         0.036 / 0.058         0.036 / 0.058         0.036 / 0.058       ms
[2023-11-19T16:52:15.502+0800][gc,stats    ]    Subphase: Concurrent Weak Roots OopStorageSet           0.000 / 0.000         0.328 / 0.486         0.328 / 0.486         0.328 / 0.486       ms
[2023-11-19T16:52:15.502+0800][gc,stats    ]    Subphase: Pause Mark Try Complete                       0.000 / 0.000         0.000 / 0.000         0.000 / 0.000         0.000 / 0.000       ms
[2023-11-19T16:52:15.502+0800][gc,stats    ]      System: Java Threads                                      0 / 0                39 / 54               39 / 54               39 / 54          threads
[2023-11-19T16:52:15.502+0800][gc,stats    ] =========================================================================================================================================================
[2023-11-19T16:52:25.501+0800][gc,stats    ] === Garbage Collection Statistics =======================================================================================================================
[2023-11-19T16:52:25.501+0800][gc,stats    ]                                                              Last 10s              Last 10m              Last 10h                Total
[2023-11-19T16:52:25.501+0800][gc,stats    ]                                                              Avg / Max             Avg / Max             Avg / Max             Avg / Max
[2023-11-19T16:52:25.501+0800][gc,stats    ]   Collector: Garbage Collection Cycle                      0.000 / 0.000        23.723 / 25.775       23.723 / 25.775       23.723 / 25.775      ms
[2023-11-19T16:52:25.501+0800][gc,stats    ]  Contention: Mark Segment Reset Contention                     0 / 0                 0 / 3                 0 / 3                 0 / 3           ops/s
[2023-11-19T16:52:25.501+0800][gc,stats    ]  Contention: Mark SeqNum Reset Contention                      0 / 0                 0 / 0                 0 / 0                 0 / 0           ops/s
[2023-11-19T16:52:25.501+0800][gc,stats    ]    Critical: Allocation Stall                                  0 / 0                 0 / 0                 0 / 0                 0 / 0           ops/s
[2023-11-19T16:52:25.501+0800][gc,stats    ]    Critical: Allocation Stall                              0.000 / 0.000         0.000 / 0.000         0.000 / 0.000         0.000 / 0.000       ms
[2023-11-19T16:52:25.501+0800][gc,stats    ]    Critical: GC Locker Stall                                   0 / 0                 0 / 0                 0 / 0                 0 / 0           ops/s
[2023-11-19T16:52:25.501+0800][gc,stats    ]    Critical: GC Locker Stall                               0.000 / 0.000         0.000 / 0.000         0.000 / 0.000         0.000 / 0.000       ms
[2023-11-19T16:52:25.501+0800][gc,stats    ]    Critical: Relocation Stall                                  0 / 0                 0 / 0                 0 / 0                 0 / 0           ops/s
[2023-11-19T16:52:25.501+0800][gc,stats    ]    Critical: Relocation Stall                              0.000 / 0.000         0.000 / 0.000         0.000 / 0.000         0.000 / 0.000       ms
[2023-11-19T16:52:25.501+0800][gc,stats    ]      Memory: Allocation Rate                                   0 / 0                 1 / 104               1 / 104               1 / 104         MB/s
[2023-11-19T16:52:25.501+0800][gc,stats    ]      Memory: Defragment                                        0 / 0                 0 / 0                 0 / 0                 0 / 0           ops/s
[2023-11-19T16:52:25.501+0800][gc,stats    ]      Memory: Out Of Memory                                     0 / 0                 0 / 0                 0 / 0                 0 / 0           ops/s
[2023-11-19T16:52:25.501+0800][gc,stats    ]      Memory: Page Cache Flush                                  0 / 0                 0 / 0                 0 / 0                 0 / 0           MB/s
[2023-11-19T16:52:25.501+0800][gc,stats    ]      Memory: Page Cache Hit L1                                 0 / 0                 0 / 29                0 / 29                0 / 29          ops/s
[2023-11-19T16:52:25.501+0800][gc,stats    ]      Memory: Page Cache Hit L2                                 0 / 0                 0 / 0                 0 / 0                 0 / 0           ops/s
[2023-11-19T16:52:25.501+0800][gc,stats    ]      Memory: Page Cache Hit L3                                 0 / 0                 0 / 48                0 / 48                0 / 48          ops/s
[2023-11-19T16:52:25.501+0800][gc,stats    ]      Memory: Page Cache Miss                                   0 / 0                 0 / 1                 0 / 1                 0 / 1           ops/s
[2023-11-19T16:52:25.501+0800][gc,stats    ]      Memory: Uncommit                                          0 / 0                 0 / 0                 0 / 0                 0 / 0           MB/s
[2023-11-19T16:52:25.501+0800][gc,stats    ]      Memory: Undo Object Allocation Failed                     0 / 0                 0 / 0                 0 / 0                 0 / 0           ops/s
[2023-11-19T16:52:25.501+0800][gc,stats    ]      Memory: Undo Object Allocation Succeeded                  0 / 0                 0 / 0                 0 / 0                 0 / 0           ops/s
[2023-11-19T16:52:25.501+0800][gc,stats    ]      Memory: Undo Page Allocation                              0 / 0                 0 / 0                 0 / 0                 0 / 0           ops/s
[2023-11-19T16:52:25.501+0800][gc,stats    ]       Phase: Concurrent Mark                               0.000 / 0.000        13.801 / 15.394       13.801 / 15.394       13.801 / 15.394      ms
[2023-11-19T16:52:25.501+0800][gc,stats    ]       Phase: Concurrent Mark Continue                      0.000 / 0.000         0.000 / 0.000         0.000 / 0.000         0.000 / 0.000       ms
[2023-11-19T16:52:25.501+0800][gc,stats    ]       Phase: Concurrent Mark Free                          0.000 / 0.000         0.001 / 0.001         0.001 / 0.001         0.001 / 0.001       ms
[2023-11-19T16:52:25.501+0800][gc,stats    ]       Phase: Concurrent Process Non-Strong References      0.000 / 0.000         1.810 / 1.931         1.810 / 1.931         1.810 / 1.931       ms
[2023-11-19T16:52:25.501+0800][gc,stats    ]       Phase: Concurrent Relocate                           0.000 / 0.000         2.671 / 3.187         2.671 / 3.187         2.671 / 3.187       ms
[2023-11-19T16:52:25.501+0800][gc,stats    ]       Phase: Concurrent Reset Relocation Set               0.000 / 0.000         0.001 / 0.003         0.001 / 0.003         0.001 / 0.003       ms
[2023-11-19T16:52:25.501+0800][gc,stats    ]       Phase: Concurrent Select Relocation Set              0.000 / 0.000         4.627 / 7.839         4.627 / 7.839         4.627 / 7.839       ms
[2023-11-19T16:52:25.501+0800][gc,stats    ]       Phase: Pause Mark End                                0.000 / 0.000         0.016 / 0.018         0.016 / 0.018         0.016 / 0.018       ms
[2023-11-19T16:52:25.501+0800][gc,stats    ]       Phase: Pause Mark Start                              0.000 / 0.000         0.013 / 0.019         0.013 / 0.019         0.013 / 0.019       ms
[2023-11-19T16:52:25.501+0800][gc,stats    ]       Phase: Pause Relocate Start                          0.000 / 0.000         0.008 / 0.009         0.008 / 0.009         0.008 / 0.009       ms
[2023-11-19T16:52:25.501+0800][gc,stats    ]    Subphase: Concurrent Classes Purge                      0.000 / 0.000         0.047 / 0.049         0.047 / 0.049         0.047 / 0.049       ms
[2023-11-19T16:52:25.501+0800][gc,stats    ]    Subphase: Concurrent Classes Unlink                     0.000 / 0.000         1.263 / 1.295         1.263 / 1.295         1.263 / 1.295       ms
[2023-11-19T16:52:25.501+0800][gc,stats    ]    Subphase: Concurrent Mark                               0.000 / 0.000        11.825 / 13.159       11.825 / 13.159       11.825 / 13.159      ms
[2023-11-19T16:52:25.501+0800][gc,stats    ]    Subphase: Concurrent Mark Try Flush                     0.000 / 0.000         0.057 / 0.108         0.057 / 0.108         0.057 / 0.108       ms
[2023-11-19T16:52:25.501+0800][gc,stats    ]    Subphase: Concurrent Mark Try Terminate                 0.000 / 0.000         1.420 / 4.236         1.420 / 4.236         1.420 / 4.236       ms
[2023-11-19T16:52:25.501+0800][gc,stats    ]    Subphase: Concurrent References Enqueue                 0.000 / 0.000         0.004 / 0.004         0.004 / 0.004         0.004 / 0.004       ms
[2023-11-19T16:52:25.501+0800][gc,stats    ]    Subphase: Concurrent References Process                 0.000 / 0.000         0.090 / 0.101         0.090 / 0.101         0.090 / 0.101       ms
[2023-11-19T16:52:25.501+0800][gc,stats    ]    Subphase: Concurrent Roots ClassLoaderDataGraph         0.000 / 0.000         0.103 / 0.506         0.103 / 0.506         0.103 / 0.506       ms
[2023-11-19T16:52:25.501+0800][gc,stats    ]    Subphase: Concurrent Roots CodeCache                    0.000 / 0.000         0.000 / 0.000         0.000 / 0.000         0.000 / 0.000       ms
[2023-11-19T16:52:25.501+0800][gc,stats    ]    Subphase: Concurrent Roots JavaThreads                  0.000 / 0.000         1.129 / 2.106         1.129 / 2.106         1.129 / 2.106       ms
[2023-11-19T16:52:25.501+0800][gc,stats    ]    Subphase: Concurrent Roots OopStorageSet                0.000 / 0.000         0.036 / 0.058         0.036 / 0.058         0.036 / 0.058       ms
[2023-11-19T16:52:25.501+0800][gc,stats    ]    Subphase: Concurrent Weak Roots OopStorageSet           0.000 / 0.000         0.328 / 0.486         0.328 / 0.486         0.328 / 0.486       ms
[2023-11-19T16:52:25.501+0800][gc,stats    ]    Subphase: Pause Mark Try Complete                       0.000 / 0.000         0.000 / 0.000         0.000 / 0.000         0.000 / 0.000       ms
[2023-11-19T16:52:25.501+0800][gc,stats    ]      System: Java Threads                                      0 / 0                39 / 54               39 / 54               39 / 54          threads
[2023-11-19T16:52:25.501+0800][gc,stats    ] =========================================================================================================================================================
[2023-11-19T16:52:35.501+0800][gc,stats    ] === Garbage Collection Statistics =======================================================================================================================
[2023-11-19T16:52:35.501+0800][gc,stats    ]                                                              Last 10s              Last 10m              Last 10h                Total
[2023-11-19T16:52:35.501+0800][gc,stats    ]                                                              Avg / Max             Avg / Max             Avg / Max             Avg / Max
[2023-11-19T16:52:35.501+0800][gc,stats    ]   Collector: Garbage Collection Cycle                      0.000 / 0.000        23.723 / 25.775       23.723 / 25.775       23.723 / 25.775      ms
[2023-11-19T16:52:35.501+0800][gc,stats    ]  Contention: Mark Segment Reset Contention                     0 / 0                 0 / 3                 0 / 3                 0 / 3           ops/s
[2023-11-19T16:52:35.501+0800][gc,stats    ]  Contention: Mark SeqNum Reset Contention                      0 / 0                 0 / 0                 0 / 0                 0 / 0           ops/s
[2023-11-19T16:52:35.501+0800][gc,stats    ]    Critical: Allocation Stall                                  0 / 0                 0 / 0                 0 / 0                 0 / 0           ops/s
[2023-11-19T16:52:35.501+0800][gc,stats    ]    Critical: Allocation Stall                              0.000 / 0.000         0.000 / 0.000         0.000 / 0.000         0.000 / 0.000       ms
[2023-11-19T16:52:35.501+0800][gc,stats    ]    Critical: GC Locker Stall                                   0 / 0                 0 / 0                 0 / 0                 0 / 0           ops/s
[2023-11-19T16:52:35.501+0800][gc,stats    ]    Critical: GC Locker Stall                               0.000 / 0.000         0.000 / 0.000         0.000 / 0.000         0.000 / 0.000       ms
[2023-11-19T16:52:35.501+0800][gc,stats    ]    Critical: Relocation Stall                                  0 / 0                 0 / 0                 0 / 0                 0 / 0           ops/s
[2023-11-19T16:52:35.501+0800][gc,stats    ]    Critical: Relocation Stall                              0.000 / 0.000         0.000 / 0.000         0.000 / 0.000         0.000 / 0.000       ms
[2023-11-19T16:52:35.501+0800][gc,stats    ]      Memory: Allocation Rate                                   0 / 2                 1 / 104               1 / 104               1 / 104         MB/s
[2023-11-19T16:52:35.501+0800][gc,stats    ]      Memory: Defragment                                        0 / 0                 0 / 0                 0 / 0                 0 / 0           ops/s
[2023-11-19T16:52:35.501+0800][gc,stats    ]      Memory: Out Of Memory                                     0 / 0                 0 / 0                 0 / 0                 0 / 0           ops/s
[2023-11-19T16:52:35.501+0800][gc,stats    ]      Memory: Page Cache Flush                                  0 / 0                 0 / 0                 0 / 0                 0 / 0           MB/s
[2023-11-19T16:52:35.501+0800][gc,stats    ]      Memory: Page Cache Hit L1                                 0 / 1                 0 / 29                0 / 29                0 / 29          ops/s
[2023-11-19T16:52:35.501+0800][gc,stats    ]      Memory: Page Cache Hit L2                                 0 / 0                 0 / 0                 0 / 0                 0 / 0           ops/s
[2023-11-19T16:52:35.501+0800][gc,stats    ]      Memory: Page Cache Hit L3                                 0 / 0                 0 / 48                0 / 48                0 / 48          ops/s
[2023-11-19T16:52:35.501+0800][gc,stats    ]      Memory: Page Cache Miss                                   0 / 0                 0 / 1                 0 / 1                 0 / 1           ops/s
[2023-11-19T16:52:35.501+0800][gc,stats    ]      Memory: Uncommit                                          0 / 0                 0 / 0                 0 / 0                 0 / 0           MB/s
[2023-11-19T16:52:35.501+0800][gc,stats    ]      Memory: Undo Object Allocation Failed                     0 / 0                 0 / 0                 0 / 0                 0 / 0           ops/s
[2023-11-19T16:52:35.501+0800][gc,stats    ]      Memory: Undo Object Allocation Succeeded                  0 / 0                 0 / 0                 0 / 0                 0 / 0           ops/s
[2023-11-19T16:52:35.501+0800][gc,stats    ]      Memory: Undo Page Allocation                              0 / 0                 0 / 0                 0 / 0                 0 / 0           ops/s
[2023-11-19T16:52:35.501+0800][gc,stats    ]       Phase: Concurrent Mark                               0.000 / 0.000        13.801 / 15.394       13.801 / 15.394       13.801 / 15.394      ms
[2023-11-19T16:52:35.501+0800][gc,stats    ]       Phase: Concurrent Mark Continue                      0.000 / 0.000         0.000 / 0.000         0.000 / 0.000         0.000 / 0.000       ms
[2023-11-19T16:52:35.501+0800][gc,stats    ]       Phase: Concurrent Mark Free                          0.000 / 0.000         0.001 / 0.001         0.001 / 0.001         0.001 / 0.001       ms
[2023-11-19T16:52:35.501+0800][gc,stats    ]       Phase: Concurrent Process Non-Strong References      0.000 / 0.000         1.810 / 1.931         1.810 / 1.931         1.810 / 1.931       ms
[2023-11-19T16:52:35.501+0800][gc,stats    ]       Phase: Concurrent Relocate                           0.000 / 0.000         2.671 / 3.187         2.671 / 3.187         2.671 / 3.187       ms
[2023-11-19T16:52:35.501+0800][gc,stats    ]       Phase: Concurrent Reset Relocation Set               0.000 / 0.000         0.001 / 0.003         0.001 / 0.003         0.001 / 0.003       ms
[2023-11-19T16:52:35.501+0800][gc,stats    ]       Phase: Concurrent Select Relocation Set              0.000 / 0.000         4.627 / 7.839         4.627 / 7.839         4.627 / 7.839       ms
[2023-11-19T16:52:35.501+0800][gc,stats    ]       Phase: Pause Mark End                                0.000 / 0.000         0.016 / 0.018         0.016 / 0.018         0.016 / 0.018       ms
[2023-11-19T16:52:35.501+0800][gc,stats    ]       Phase: Pause Mark Start                              0.000 / 0.000         0.013 / 0.019         0.013 / 0.019         0.013 / 0.019       ms
[2023-11-19T16:52:35.501+0800][gc,stats    ]       Phase: Pause Relocate Start                          0.000 / 0.000         0.008 / 0.009         0.008 / 0.009         0.008 / 0.009       ms
[2023-11-19T16:52:35.501+0800][gc,stats    ]    Subphase: Concurrent Classes Purge                      0.000 / 0.000         0.047 / 0.049         0.047 / 0.049         0.047 / 0.049       ms
[2023-11-19T16:52:35.501+0800][gc,stats    ]    Subphase: Concurrent Classes Unlink                     0.000 / 0.000         1.263 / 1.295         1.263 / 1.295         1.263 / 1.295       ms
[2023-11-19T16:52:35.501+0800][gc,stats    ]    Subphase: Concurrent Mark                               0.000 / 0.000        11.825 / 13.159       11.825 / 13.159       11.825 / 13.159      ms
[2023-11-19T16:52:35.501+0800][gc,stats    ]    Subphase: Concurrent Mark Try Flush                     0.000 / 0.000         0.057 / 0.108         0.057 / 0.108         0.057 / 0.108       ms
[2023-11-19T16:52:35.501+0800][gc,stats    ]    Subphase: Concurrent Mark Try Terminate                 0.000 / 0.000         1.420 / 4.236         1.420 / 4.236         1.420 / 4.236       ms
[2023-11-19T16:52:35.501+0800][gc,stats    ]    Subphase: Concurrent References Enqueue                 0.000 / 0.000         0.004 / 0.004         0.004 / 0.004         0.004 / 0.004       ms
[2023-11-19T16:52:35.501+0800][gc,stats    ]    Subphase: Concurrent References Process                 0.000 / 0.000         0.090 / 0.101         0.090 / 0.101         0.090 / 0.101       ms
[2023-11-19T16:52:35.501+0800][gc,stats    ]    Subphase: Concurrent Roots ClassLoaderDataGraph         0.000 / 0.000         0.103 / 0.506         0.103 / 0.506         0.103 / 0.506       ms
[2023-11-19T16:52:35.501+0800][gc,stats    ]    Subphase: Concurrent Roots CodeCache                    0.000 / 0.000         0.000 / 0.000         0.000 / 0.000         0.000 / 0.000       ms
[2023-11-19T16:52:35.501+0800][gc,stats    ]    Subphase: Concurrent Roots JavaThreads                  0.000 / 0.000         1.129 / 2.106         1.129 / 2.106         1.129 / 2.106       ms
[2023-11-19T16:52:35.501+0800][gc,stats    ]    Subphase: Concurrent Roots OopStorageSet                0.000 / 0.000         0.036 / 0.058         0.036 / 0.058         0.036 / 0.058       ms
[2023-11-19T16:52:35.501+0800][gc,stats    ]    Subphase: Concurrent Weak Roots OopStorageSet           0.000 / 0.000         0.328 / 0.486         0.328 / 0.486         0.328 / 0.486       ms
[2023-11-19T16:52:35.501+0800][gc,stats    ]    Subphase: Pause Mark Try Complete                       0.000 / 0.000         0.000 / 0.000         0.000 / 0.000         0.000 / 0.000       ms
[2023-11-19T16:52:35.501+0800][gc,stats    ]      System: Java Threads                                      0 / 0                39 / 54               39 / 54               39 / 54          threads
[2023-11-19T16:52:35.502+0800][gc,stats    ] =========================================================================================================================================================
[2023-11-19T16:52:45.501+0800][gc,stats    ] === Garbage Collection Statistics =======================================================================================================================
[2023-11-19T16:52:45.501+0800][gc,stats    ]                                                              Last 10s              Last 10m              Last 10h                Total
[2023-11-19T16:52:45.501+0800][gc,stats    ]                                                              Avg / Max             Avg / Max             Avg / Max             Avg / Max
[2023-11-19T16:52:45.501+0800][gc,stats    ]   Collector: Garbage Collection Cycle                      0.000 / 0.000        23.723 / 25.775       23.723 / 25.775       23.723 / 25.775      ms
[2023-11-19T16:52:45.501+0800][gc,stats    ]  Contention: Mark Segment Reset Contention                     0 / 0                 0 / 3                 0 / 3                 0 / 3           ops/s
[2023-11-19T16:52:45.501+0800][gc,stats    ]  Contention: Mark SeqNum Reset Contention                      0 / 0                 0 / 0                 0 / 0                 0 / 0           ops/s
[2023-11-19T16:52:45.501+0800][gc,stats    ]    Critical: Allocation Stall                                  0 / 0                 0 / 0                 0 / 0                 0 / 0           ops/s
[2023-11-19T16:52:45.501+0800][gc,stats    ]    Critical: Allocation Stall                              0.000 / 0.000         0.000 / 0.000         0.000 / 0.000         0.000 / 0.000       ms
[2023-11-19T16:52:45.501+0800][gc,stats    ]    Critical: GC Locker Stall                                   0 / 0                 0 / 0                 0 / 0                 0 / 0           ops/s
[2023-11-19T16:52:45.501+0800][gc,stats    ]    Critical: GC Locker Stall                               0.000 / 0.000         0.000 / 0.000         0.000 / 0.000         0.000 / 0.000       ms
[2023-11-19T16:52:45.501+0800][gc,stats    ]    Critical: Relocation Stall                                  0 / 0                 0 / 0                 0 / 0                 0 / 0           ops/s
[2023-11-19T16:52:45.501+0800][gc,stats    ]    Critical: Relocation Stall                              0.000 / 0.000         0.000 / 0.000         0.000 / 0.000         0.000 / 0.000       ms
[2023-11-19T16:52:45.501+0800][gc,stats    ]      Memory: Allocation Rate                                   0 / 0                 1 / 104               1 / 104               1 / 104         MB/s
[2023-11-19T16:52:45.501+0800][gc,stats    ]      Memory: Defragment                                        0 / 0                 0 / 0                 0 / 0                 0 / 0           ops/s
[2023-11-19T16:52:45.501+0800][gc,stats    ]      Memory: Out Of Memory                                     0 / 0                 0 / 0                 0 / 0                 0 / 0           ops/s
[2023-11-19T16:52:45.501+0800][gc,stats    ]      Memory: Page Cache Flush                                  0 / 0                 0 / 0                 0 / 0                 0 / 0           MB/s
[2023-11-19T16:52:45.501+0800][gc,stats    ]      Memory: Page Cache Hit L1                                 0 / 0                 0 / 29                0 / 29                0 / 29          ops/s
[2023-11-19T16:52:45.501+0800][gc,stats    ]      Memory: Page Cache Hit L2                                 0 / 0                 0 / 0                 0 / 0                 0 / 0           ops/s
[2023-11-19T16:52:45.501+0800][gc,stats    ]      Memory: Page Cache Hit L3                                 0 / 0                 0 / 48                0 / 48                0 / 48          ops/s
[2023-11-19T16:52:45.501+0800][gc,stats    ]      Memory: Page Cache Miss                                   0 / 0                 0 / 1                 0 / 1                 0 / 1           ops/s
[2023-11-19T16:52:45.501+0800][gc,stats    ]      Memory: Uncommit                                          0 / 0                 0 / 0                 0 / 0                 0 / 0           MB/s
[2023-11-19T16:52:45.501+0800][gc,stats    ]      Memory: Undo Object Allocation Failed                     0 / 0                 0 / 0                 0 / 0                 0 / 0           ops/s
[2023-11-19T16:52:45.501+0800][gc,stats    ]      Memory: Undo Object Allocation Succeeded                  0 / 0                 0 / 0                 0 / 0                 0 / 0           ops/s
[2023-11-19T16:52:45.501+0800][gc,stats    ]      Memory: Undo Page Allocation                              0 / 0                 0 / 0                 0 / 0                 0 / 0           ops/s
[2023-11-19T16:52:45.501+0800][gc,stats    ]       Phase: Concurrent Mark                               0.000 / 0.000        13.801 / 15.394       13.801 / 15.394       13.801 / 15.394      ms
[2023-11-19T16:52:45.501+0800][gc,stats    ]       Phase: Concurrent Mark Continue                      0.000 / 0.000         0.000 / 0.000         0.000 / 0.000         0.000 / 0.000       ms
[2023-11-19T16:52:45.501+0800][gc,stats    ]       Phase: Concurrent Mark Free                          0.000 / 0.000         0.001 / 0.001         0.001 / 0.001         0.001 / 0.001       ms
[2023-11-19T16:52:45.501+0800][gc,stats    ]       Phase: Concurrent Process Non-Strong References      0.000 / 0.000         1.810 / 1.931         1.810 / 1.931         1.810 / 1.931       ms
[2023-11-19T16:52:45.501+0800][gc,stats    ]       Phase: Concurrent Relocate                           0.000 / 0.000         2.671 / 3.187         2.671 / 3.187         2.671 / 3.187       ms
[2023-11-19T16:52:45.501+0800][gc,stats    ]       Phase: Concurrent Reset Relocation Set               0.000 / 0.000         0.001 / 0.003         0.001 / 0.003         0.001 / 0.003       ms
[2023-11-19T16:52:45.501+0800][gc,stats    ]       Phase: Concurrent Select Relocation Set              0.000 / 0.000         4.627 / 7.839         4.627 / 7.839         4.627 / 7.839       ms
[2023-11-19T16:52:45.501+0800][gc,stats    ]       Phase: Pause Mark End                                0.000 / 0.000         0.016 / 0.018         0.016 / 0.018         0.016 / 0.018       ms
[2023-11-19T16:52:45.501+0800][gc,stats    ]       Phase: Pause Mark Start                              0.000 / 0.000         0.013 / 0.019         0.013 / 0.019         0.013 / 0.019       ms
[2023-11-19T16:52:45.501+0800][gc,stats    ]       Phase: Pause Relocate Start                          0.000 / 0.000         0.008 / 0.009         0.008 / 0.009         0.008 / 0.009       ms
[2023-11-19T16:52:45.501+0800][gc,stats    ]    Subphase: Concurrent Classes Purge                      0.000 / 0.000         0.047 / 0.049         0.047 / 0.049         0.047 / 0.049       ms
[2023-11-19T16:52:45.501+0800][gc,stats    ]    Subphase: Concurrent Classes Unlink                     0.000 / 0.000         1.263 / 1.295         1.263 / 1.295         1.263 / 1.295       ms
[2023-11-19T16:52:45.501+0800][gc,stats    ]    Subphase: Concurrent Mark                               0.000 / 0.000        11.825 / 13.159       11.825 / 13.159       11.825 / 13.159      ms
[2023-11-19T16:52:45.501+0800][gc,stats    ]    Subphase: Concurrent Mark Try Flush                     0.000 / 0.000         0.057 / 0.108         0.057 / 0.108         0.057 / 0.108       ms
[2023-11-19T16:52:45.501+0800][gc,stats    ]    Subphase: Concurrent Mark Try Terminate                 0.000 / 0.000         1.420 / 4.236         1.420 / 4.236         1.420 / 4.236       ms
[2023-11-19T16:52:45.501+0800][gc,stats    ]    Subphase: Concurrent References Enqueue                 0.000 / 0.000         0.004 / 0.004         0.004 / 0.004         0.004 / 0.004       ms
[2023-11-19T16:52:45.501+0800][gc,stats    ]    Subphase: Concurrent References Process                 0.000 / 0.000         0.090 / 0.101         0.090 / 0.101         0.090 / 0.101       ms
[2023-11-19T16:52:45.501+0800][gc,stats    ]    Subphase: Concurrent Roots ClassLoaderDataGraph         0.000 / 0.000         0.103 / 0.506         0.103 / 0.506         0.103 / 0.506       ms
[2023-11-19T16:52:45.501+0800][gc,stats    ]    Subphase: Concurrent Roots CodeCache                    0.000 / 0.000         0.000 / 0.000         0.000 / 0.000         0.000 / 0.000       ms
[2023-11-19T16:52:45.501+0800][gc,stats    ]    Subphase: Concurrent Roots JavaThreads                  0.000 / 0.000         1.129 / 2.106         1.129 / 2.106         1.129 / 2.106       ms
[2023-11-19T16:52:45.501+0800][gc,stats    ]    Subphase: Concurrent Roots OopStorageSet                0.000 / 0.000         0.036 / 0.058         0.036 / 0.058         0.036 / 0.058       ms
[2023-11-19T16:52:45.501+0800][gc,stats    ]    Subphase: Concurrent Weak Roots OopStorageSet           0.000 / 0.000         0.328 / 0.486         0.328 / 0.486         0.328 / 0.486       ms
[2023-11-19T16:52:45.501+0800][gc,stats    ]    Subphase: Pause Mark Try Complete                       0.000 / 0.000         0.000 / 0.000         0.000 / 0.000         0.000 / 0.000       ms
[2023-11-19T16:52:45.501+0800][gc,stats    ]      System: Java Threads                                      0 / 0                39 / 54               39 / 54               39 / 54          threads
[2023-11-19T16:52:45.501+0800][gc,stats    ] =========================================================================================================================================================
[2023-11-19T16:52:55.501+0800][gc,stats    ] === Garbage Collection Statistics =======================================================================================================================
[2023-11-19T16:52:55.501+0800][gc,stats    ]                                                              Last 10s              Last 10m              Last 10h                Total
[2023-11-19T16:52:55.501+0800][gc,stats    ]                                                              Avg / Max             Avg / Max             Avg / Max             Avg / Max
[2023-11-19T16:52:55.501+0800][gc,stats    ]   Collector: Garbage Collection Cycle                      0.000 / 0.000        23.723 / 25.775       23.723 / 25.775       23.723 / 25.775      ms
[2023-11-19T16:52:55.501+0800][gc,stats    ]  Contention: Mark Segment Reset Contention                     0 / 0                 0 / 3                 0 / 3                 0 / 3           ops/s
[2023-11-19T16:52:55.501+0800][gc,stats    ]  Contention: Mark SeqNum Reset Contention                      0 / 0                 0 / 0                 0 / 0                 0 / 0           ops/s
[2023-11-19T16:52:55.501+0800][gc,stats    ]    Critical: Allocation Stall                                  0 / 0                 0 / 0                 0 / 0                 0 / 0           ops/s
[2023-11-19T16:52:55.501+0800][gc,stats    ]    Critical: Allocation Stall                              0.000 / 0.000         0.000 / 0.000         0.000 / 0.000         0.000 / 0.000       ms
[2023-11-19T16:52:55.501+0800][gc,stats    ]    Critical: GC Locker Stall                                   0 / 0                 0 / 0                 0 / 0                 0 / 0           ops/s
[2023-11-19T16:52:55.501+0800][gc,stats    ]    Critical: GC Locker Stall                               0.000 / 0.000         0.000 / 0.000         0.000 / 0.000         0.000 / 0.000       ms
[2023-11-19T16:52:55.501+0800][gc,stats    ]    Critical: Relocation Stall                                  0 / 0                 0 / 0                 0 / 0                 0 / 0           ops/s
[2023-11-19T16:52:55.501+0800][gc,stats    ]    Critical: Relocation Stall                              0.000 / 0.000         0.000 / 0.000         0.000 / 0.000         0.000 / 0.000       ms
[2023-11-19T16:52:55.501+0800][gc,stats    ]      Memory: Allocation Rate                                   0 / 2                 1 / 104               1 / 104               1 / 104         MB/s
[2023-11-19T16:52:55.501+0800][gc,stats    ]      Memory: Defragment                                        0 / 0                 0 / 0                 0 / 0                 0 / 0           ops/s
[2023-11-19T16:52:55.501+0800][gc,stats    ]      Memory: Out Of Memory                                     0 / 0                 0 / 0                 0 / 0                 0 / 0           ops/s
[2023-11-19T16:52:55.501+0800][gc,stats    ]      Memory: Page Cache Flush                                  0 / 0                 0 / 0                 0 / 0                 0 / 0           MB/s
[2023-11-19T16:52:55.501+0800][gc,stats    ]      Memory: Page Cache Hit L1                                 0 / 1                 0 / 29                0 / 29                0 / 29          ops/s
[2023-11-19T16:52:55.501+0800][gc,stats    ]      Memory: Page Cache Hit L2                                 0 / 0                 0 / 0                 0 / 0                 0 / 0           ops/s
[2023-11-19T16:52:55.501+0800][gc,stats    ]      Memory: Page Cache Hit L3                                 0 / 0                 0 / 48                0 / 48                0 / 48          ops/s
[2023-11-19T16:52:55.501+0800][gc,stats    ]      Memory: Page Cache Miss                                   0 / 0                 0 / 1                 0 / 1                 0 / 1           ops/s
[2023-11-19T16:52:55.501+0800][gc,stats    ]      Memory: Uncommit                                          0 / 0                 0 / 0                 0 / 0                 0 / 0           MB/s
[2023-11-19T16:52:55.501+0800][gc,stats    ]      Memory: Undo Object Allocation Failed                     0 / 0                 0 / 0                 0 / 0                 0 / 0           ops/s
[2023-11-19T16:52:55.501+0800][gc,stats    ]      Memory: Undo Object Allocation Succeeded                  0 / 0                 0 / 0                 0 / 0                 0 / 0           ops/s
[2023-11-19T16:52:55.501+0800][gc,stats    ]      Memory: Undo Page Allocation                              0 / 0                 0 / 0                 0 / 0                 0 / 0           ops/s
[2023-11-19T16:52:55.501+0800][gc,stats    ]       Phase: Concurrent Mark                               0.000 / 0.000        13.801 / 15.394       13.801 / 15.394       13.801 / 15.394      ms
[2023-11-19T16:52:55.501+0800][gc,stats    ]       Phase: Concurrent Mark Continue                      0.000 / 0.000         0.000 / 0.000         0.000 / 0.000         0.000 / 0.000       ms
[2023-11-19T16:52:55.501+0800][gc,stats    ]       Phase: Concurrent Mark Free                          0.000 / 0.000         0.001 / 0.001         0.001 / 0.001         0.001 / 0.001       ms
[2023-11-19T16:52:55.501+0800][gc,stats    ]       Phase: Concurrent Process Non-Strong References      0.000 / 0.000         1.810 / 1.931         1.810 / 1.931         1.810 / 1.931       ms
[2023-11-19T16:52:55.501+0800][gc,stats    ]       Phase: Concurrent Relocate                           0.000 / 0.000         2.671 / 3.187         2.671 / 3.187         2.671 / 3.187       ms
[2023-11-19T16:52:55.501+0800][gc,stats    ]       Phase: Concurrent Reset Relocation Set               0.000 / 0.000         0.001 / 0.003         0.001 / 0.003         0.001 / 0.003       ms
[2023-11-19T16:52:55.501+0800][gc,stats    ]       Phase: Concurrent Select Relocation Set              0.000 / 0.000         4.627 / 7.839         4.627 / 7.839         4.627 / 7.839       ms
[2023-11-19T16:52:55.501+0800][gc,stats    ]       Phase: Pause Mark End                                0.000 / 0.000         0.016 / 0.018         0.016 / 0.018         0.016 / 0.018       ms
[2023-11-19T16:52:55.501+0800][gc,stats    ]       Phase: Pause Mark Start                              0.000 / 0.000         0.013 / 0.019         0.013 / 0.019         0.013 / 0.019       ms
[2023-11-19T16:52:55.501+0800][gc,stats    ]       Phase: Pause Relocate Start                          0.000 / 0.000         0.008 / 0.009         0.008 / 0.009         0.008 / 0.009       ms
[2023-11-19T16:52:55.501+0800][gc,stats    ]    Subphase: Concurrent Classes Purge                      0.000 / 0.000         0.047 / 0.049         0.047 / 0.049         0.047 / 0.049       ms
[2023-11-19T16:52:55.501+0800][gc,stats    ]    Subphase: Concurrent Classes Unlink                     0.000 / 0.000         1.263 / 1.295         1.263 / 1.295         1.263 / 1.295       ms
[2023-11-19T16:52:55.501+0800][gc,stats    ]    Subphase: Concurrent Mark                               0.000 / 0.000        11.825 / 13.159       11.825 / 13.159       11.825 / 13.159      ms
[2023-11-19T16:52:55.501+0800][gc,stats    ]    Subphase: Concurrent Mark Try Flush                     0.000 / 0.000         0.057 / 0.108         0.057 / 0.108         0.057 / 0.108       ms
[2023-11-19T16:52:55.501+0800][gc,stats    ]    Subphase: Concurrent Mark Try Terminate                 0.000 / 0.000         1.420 / 4.236         1.420 / 4.236         1.420 / 4.236       ms
[2023-11-19T16:52:55.501+0800][gc,stats    ]    Subphase: Concurrent References Enqueue                 0.000 / 0.000         0.004 / 0.004         0.004 / 0.004         0.004 / 0.004       ms
[2023-11-19T16:52:55.501+0800][gc,stats    ]    Subphase: Concurrent References Process                 0.000 / 0.000         0.090 / 0.101         0.090 / 0.101         0.090 / 0.101       ms
[2023-11-19T16:52:55.501+0800][gc,stats    ]    Subphase: Concurrent Roots ClassLoaderDataGraph         0.000 / 0.000         0.103 / 0.506         0.103 / 0.506         0.103 / 0.506       ms
[2023-11-19T16:52:55.501+0800][gc,stats    ]    Subphase: Concurrent Roots CodeCache                    0.000 / 0.000         0.000 / 0.000         0.000 / 0.000         0.000 / 0.000       ms
[2023-11-19T16:52:55.501+0800][gc,stats    ]    Subphase: Concurrent Roots JavaThreads                  0.000 / 0.000         1.129 / 2.106         1.129 / 2.106         1.129 / 2.106       ms
[2023-11-19T16:52:55.501+0800][gc,stats    ]    Subphase: Concurrent Roots OopStorageSet                0.000 / 0.000         0.036 / 0.058         0.036 / 0.058         0.036 / 0.058       ms
[2023-11-19T16:52:55.501+0800][gc,stats    ]    Subphase: Concurrent Weak Roots OopStorageSet           0.000 / 0.000         0.328 / 0.486         0.328 / 0.486         0.328 / 0.486       ms
[2023-11-19T16:52:55.501+0800][gc,stats    ]    Subphase: Pause Mark Try Complete                       0.000 / 0.000         0.000 / 0.000         0.000 / 0.000         0.000 / 0.000       ms
[2023-11-19T16:52:55.501+0800][gc,stats    ]      System: Java Threads                                      0 / 0                39 / 54               39 / 54               39 / 54          threads
[2023-11-19T16:52:55.501+0800][gc,stats    ] =========================================================================================================================================================
[2023-11-19T16:53:05.500+0800][gc,stats    ] === Garbage Collection Statistics =======================================================================================================================
[2023-11-19T16:53:05.500+0800][gc,stats    ]                                                              Last 10s              Last 10m              Last 10h                Total
[2023-11-19T16:53:05.500+0800][gc,stats    ]                                                              Avg / Max             Avg / Max             Avg / Max             Avg / Max
[2023-11-19T16:53:05.500+0800][gc,stats    ]   Collector: Garbage Collection Cycle                      0.000 / 0.000        23.723 / 25.775       23.723 / 25.775       23.723 / 25.775      ms
[2023-11-19T16:53:05.500+0800][gc,stats    ]  Contention: Mark Segment Reset Contention                     0 / 0                 0 / 3                 0 / 3                 0 / 3           ops/s
[2023-11-19T16:53:05.500+0800][gc,stats    ]  Contention: Mark SeqNum Reset Contention                      0 / 0                 0 / 0                 0 / 0                 0 / 0           ops/s
[2023-11-19T16:53:05.500+0800][gc,stats    ]    Critical: Allocation Stall                                  0 / 0                 0 / 0                 0 / 0                 0 / 0           ops/s
[2023-11-19T16:53:05.500+0800][gc,stats    ]    Critical: Allocation Stall                              0.000 / 0.000         0.000 / 0.000         0.000 / 0.000         0.000 / 0.000       ms
[2023-11-19T16:53:05.500+0800][gc,stats    ]    Critical: GC Locker Stall                                   0 / 0                 0 / 0                 0 / 0                 0 / 0           ops/s
[2023-11-19T16:53:05.500+0800][gc,stats    ]    Critical: GC Locker Stall                               0.000 / 0.000         0.000 / 0.000         0.000 / 0.000         0.000 / 0.000       ms
[2023-11-19T16:53:05.500+0800][gc,stats    ]    Critical: Relocation Stall                                  0 / 0                 0 / 0                 0 / 0                 0 / 0           ops/s
[2023-11-19T16:53:05.500+0800][gc,stats    ]    Critical: Relocation Stall                              0.000 / 0.000         0.000 / 0.000         0.000 / 0.000         0.000 / 0.000       ms
[2023-11-19T16:53:05.500+0800][gc,stats    ]      Memory: Allocation Rate                                   0 / 0                 1 / 104               1 / 104               1 / 104         MB/s
[2023-11-19T16:53:05.500+0800][gc,stats    ]      Memory: Defragment                                        0 / 0                 0 / 0                 0 / 0                 0 / 0           ops/s
[2023-11-19T16:53:05.500+0800][gc,stats    ]      Memory: Out Of Memory                                     0 / 0                 0 / 0                 0 / 0                 0 / 0           ops/s
[2023-11-19T16:53:05.500+0800][gc,stats    ]      Memory: Page Cache Flush                                  0 / 0                 0 / 0                 0 / 0                 0 / 0           MB/s
[2023-11-19T16:53:05.500+0800][gc,stats    ]      Memory: Page Cache Hit L1                                 0 / 0                 0 / 29                0 / 29                0 / 29          ops/s
[2023-11-19T16:53:05.500+0800][gc,stats    ]      Memory: Page Cache Hit L2                                 0 / 0                 0 / 0                 0 / 0                 0 / 0           ops/s
[2023-11-19T16:53:05.500+0800][gc,stats    ]      Memory: Page Cache Hit L3                                 0 / 0                 0 / 48                0 / 48                0 / 48          ops/s
[2023-11-19T16:53:05.500+0800][gc,stats    ]      Memory: Page Cache Miss                                   0 / 0                 0 / 1                 0 / 1                 0 / 1           ops/s
[2023-11-19T16:53:05.500+0800][gc,stats    ]      Memory: Uncommit                                          0 / 0                 0 / 0                 0 / 0                 0 / 0           MB/s
[2023-11-19T16:53:05.500+0800][gc,stats    ]      Memory: Undo Object Allocation Failed                     0 / 0                 0 / 0                 0 / 0                 0 / 0           ops/s
[2023-11-19T16:53:05.500+0800][gc,stats    ]      Memory: Undo Object Allocation Succeeded                  0 / 0                 0 / 0                 0 / 0                 0 / 0           ops/s
[2023-11-19T16:53:05.500+0800][gc,stats    ]      Memory: Undo Page Allocation                              0 / 0                 0 / 0                 0 / 0                 0 / 0           ops/s
[2023-11-19T16:53:05.500+0800][gc,stats    ]       Phase: Concurrent Mark                               0.000 / 0.000        13.801 / 15.394       13.801 / 15.394       13.801 / 15.394      ms
[2023-11-19T16:53:05.500+0800][gc,stats    ]       Phase: Concurrent Mark Continue                      0.000 / 0.000         0.000 / 0.000         0.000 / 0.000         0.000 / 0.000       ms
[2023-11-19T16:53:05.500+0800][gc,stats    ]       Phase: Concurrent Mark Free                          0.000 / 0.000         0.001 / 0.001         0.001 / 0.001         0.001 / 0.001       ms
[2023-11-19T16:53:05.500+0800][gc,stats    ]       Phase: Concurrent Process Non-Strong References      0.000 / 0.000         1.810 / 1.931         1.810 / 1.931         1.810 / 1.931       ms
[2023-11-19T16:53:05.500+0800][gc,stats    ]       Phase: Concurrent Relocate                           0.000 / 0.000         2.671 / 3.187         2.671 / 3.187         2.671 / 3.187       ms
[2023-11-19T16:53:05.500+0800][gc,stats    ]       Phase: Concurrent Reset Relocation Set               0.000 / 0.000         0.001 / 0.003         0.001 / 0.003         0.001 / 0.003       ms
[2023-11-19T16:53:05.500+0800][gc,stats    ]       Phase: Concurrent Select Relocation Set              0.000 / 0.000         4.627 / 7.839         4.627 / 7.839         4.627 / 7.839       ms
[2023-11-19T16:53:05.500+0800][gc,stats    ]       Phase: Pause Mark End                                0.000 / 0.000         0.016 / 0.018         0.016 / 0.018         0.016 / 0.018       ms
[2023-11-19T16:53:05.500+0800][gc,stats    ]       Phase: Pause Mark Start                              0.000 / 0.000         0.013 / 0.019         0.013 / 0.019         0.013 / 0.019       ms
[2023-11-19T16:53:05.500+0800][gc,stats    ]       Phase: Pause Relocate Start                          0.000 / 0.000         0.008 / 0.009         0.008 / 0.009         0.008 / 0.009       ms
[2023-11-19T16:53:05.500+0800][gc,stats    ]    Subphase: Concurrent Classes Purge                      0.000 / 0.000         0.047 / 0.049         0.047 / 0.049         0.047 / 0.049       ms
[2023-11-19T16:53:05.500+0800][gc,stats    ]    Subphase: Concurrent Classes Unlink                     0.000 / 0.000         1.263 / 1.295         1.263 / 1.295         1.263 / 1.295       ms
[2023-11-19T16:53:05.500+0800][gc,stats    ]    Subphase: Concurrent Mark                               0.000 / 0.000        11.825 / 13.159       11.825 / 13.159       11.825 / 13.159      ms
[2023-11-19T16:53:05.500+0800][gc,stats    ]    Subphase: Concurrent Mark Try Flush                     0.000 / 0.000         0.057 / 0.108         0.057 / 0.108         0.057 / 0.108       ms
[2023-11-19T16:53:05.500+0800][gc,stats    ]    Subphase: Concurrent Mark Try Terminate                 0.000 / 0.000         1.420 / 4.236         1.420 / 4.236         1.420 / 4.236       ms
[2023-11-19T16:53:05.500+0800][gc,stats    ]    Subphase: Concurrent References Enqueue                 0.000 / 0.000         0.004 / 0.004         0.004 / 0.004         0.004 / 0.004       ms
[2023-11-19T16:53:05.500+0800][gc,stats    ]    Subphase: Concurrent References Process                 0.000 / 0.000         0.090 / 0.101         0.090 / 0.101         0.090 / 0.101       ms
[2023-11-19T16:53:05.500+0800][gc,stats    ]    Subphase: Concurrent Roots ClassLoaderDataGraph         0.000 / 0.000         0.103 / 0.506         0.103 / 0.506         0.103 / 0.506       ms
[2023-11-19T16:53:05.500+0800][gc,stats    ]    Subphase: Concurrent Roots CodeCache                    0.000 / 0.000         0.000 / 0.000         0.000 / 0.000         0.000 / 0.000       ms
[2023-11-19T16:53:05.500+0800][gc,stats    ]    Subphase: Concurrent Roots JavaThreads                  0.000 / 0.000         1.129 / 2.106         1.129 / 2.106         1.129 / 2.106       ms
[2023-11-19T16:53:05.500+0800][gc,stats    ]    Subphase: Concurrent Roots OopStorageSet                0.000 / 0.000         0.036 / 0.058         0.036 / 0.058         0.036 / 0.058       ms
[2023-11-19T16:53:05.500+0800][gc,stats    ]    Subphase: Concurrent Weak Roots OopStorageSet           0.000 / 0.000         0.328 / 0.486         0.328 / 0.486         0.328 / 0.486       ms
[2023-11-19T16:53:05.500+0800][gc,stats    ]    Subphase: Pause Mark Try Complete                       0.000 / 0.000         0.000 / 0.000         0.000 / 0.000         0.000 / 0.000       ms
[2023-11-19T16:53:05.500+0800][gc,stats    ]      System: Java Threads                                      0 / 0                39 / 54               39 / 54               39 / 54          threads
[2023-11-19T16:53:05.500+0800][gc,stats    ] =========================================================================================================================================================
[2023-11-19T16:53:15.501+0800][gc,stats    ] === Garbage Collection Statistics =======================================================================================================================
[2023-11-19T16:53:15.501+0800][gc,stats    ]                                                              Last 10s              Last 10m              Last 10h                Total
[2023-11-19T16:53:15.501+0800][gc,stats    ]                                                              Avg / Max             Avg / Max             Avg / Max             Avg / Max
[2023-11-19T16:53:15.501+0800][gc,stats    ]   Collector: Garbage Collection Cycle                      0.000 / 0.000        23.723 / 25.775       23.723 / 25.775       23.723 / 25.775      ms
[2023-11-19T16:53:15.501+0800][gc,stats    ]  Contention: Mark Segment Reset Contention                     0 / 0                 0 / 3                 0 / 3                 0 / 3           ops/s
[2023-11-19T16:53:15.501+0800][gc,stats    ]  Contention: Mark SeqNum Reset Contention                      0 / 0                 0 / 0                 0 / 0                 0 / 0           ops/s
[2023-11-19T16:53:15.501+0800][gc,stats    ]    Critical: Allocation Stall                                  0 / 0                 0 / 0                 0 / 0                 0 / 0           ops/s
[2023-11-19T16:53:15.501+0800][gc,stats    ]    Critical: Allocation Stall                              0.000 / 0.000         0.000 / 0.000         0.000 / 0.000         0.000 / 0.000       ms
[2023-11-19T16:53:15.501+0800][gc,stats    ]    Critical: GC Locker Stall                                   0 / 0                 0 / 0                 0 / 0                 0 / 0           ops/s
[2023-11-19T16:53:15.501+0800][gc,stats    ]    Critical: GC Locker Stall                               0.000 / 0.000         0.000 / 0.000         0.000 / 0.000         0.000 / 0.000       ms
[2023-11-19T16:53:15.501+0800][gc,stats    ]    Critical: Relocation Stall                                  0 / 0                 0 / 0                 0 / 0                 0 / 0           ops/s
[2023-11-19T16:53:15.501+0800][gc,stats    ]    Critical: Relocation Stall                              0.000 / 0.000         0.000 / 0.000         0.000 / 0.000         0.000 / 0.000       ms
[2023-11-19T16:53:15.501+0800][gc,stats    ]      Memory: Allocation Rate                                   0 / 0                 1 / 104               1 / 104               1 / 104         MB/s
[2023-11-19T16:53:15.501+0800][gc,stats    ]      Memory: Defragment                                        0 / 0                 0 / 0                 0 / 0                 0 / 0           ops/s
[2023-11-19T16:53:15.501+0800][gc,stats    ]      Memory: Out Of Memory                                     0 / 0                 0 / 0                 0 / 0                 0 / 0           ops/s
[2023-11-19T16:53:15.501+0800][gc,stats    ]      Memory: Page Cache Flush                                  0 / 0                 0 / 0                 0 / 0                 0 / 0           MB/s
[2023-11-19T16:53:15.501+0800][gc,stats    ]      Memory: Page Cache Hit L1                                 0 / 0                 0 / 29                0 / 29                0 / 29          ops/s
[2023-11-19T16:53:15.501+0800][gc,stats    ]      Memory: Page Cache Hit L2                                 0 / 0                 0 / 0                 0 / 0                 0 / 0           ops/s
[2023-11-19T16:53:15.501+0800][gc,stats    ]      Memory: Page Cache Hit L3                                 0 / 0                 0 / 48                0 / 48                0 / 48          ops/s
[2023-11-19T16:53:15.501+0800][gc,stats    ]      Memory: Page Cache Miss                                   0 / 0                 0 / 1                 0 / 1                 0 / 1           ops/s
[2023-11-19T16:53:15.501+0800][gc,stats    ]      Memory: Uncommit                                          0 / 0                 0 / 0                 0 / 0                 0 / 0           MB/s
[2023-11-19T16:53:15.501+0800][gc,stats    ]      Memory: Undo Object Allocation Failed                     0 / 0                 0 / 0                 0 / 0                 0 / 0           ops/s
[2023-11-19T16:53:15.501+0800][gc,stats    ]      Memory: Undo Object Allocation Succeeded                  0 / 0                 0 / 0                 0 / 0                 0 / 0           ops/s
[2023-11-19T16:53:15.501+0800][gc,stats    ]      Memory: Undo Page Allocation                              0 / 0                 0 / 0                 0 / 0                 0 / 0           ops/s
[2023-11-19T16:53:15.501+0800][gc,stats    ]       Phase: Concurrent Mark                               0.000 / 0.000        13.801 / 15.394       13.801 / 15.394       13.801 / 15.394      ms
[2023-11-19T16:53:15.501+0800][gc,stats    ]       Phase: Concurrent Mark Continue                      0.000 / 0.000         0.000 / 0.000         0.000 / 0.000         0.000 / 0.000       ms
[2023-11-19T16:53:15.501+0800][gc,stats    ]       Phase: Concurrent Mark Free                          0.000 / 0.000         0.001 / 0.001         0.001 / 0.001         0.001 / 0.001       ms
[2023-11-19T16:53:15.501+0800][gc,stats    ]       Phase: Concurrent Process Non-Strong References      0.000 / 0.000         1.810 / 1.931         1.810 / 1.931         1.810 / 1.931       ms
[2023-11-19T16:53:15.501+0800][gc,stats    ]       Phase: Concurrent Relocate                           0.000 / 0.000         2.671 / 3.187         2.671 / 3.187         2.671 / 3.187       ms
[2023-11-19T16:53:15.501+0800][gc,stats    ]       Phase: Concurrent Reset Relocation Set               0.000 / 0.000         0.001 / 0.003         0.001 / 0.003         0.001 / 0.003       ms
[2023-11-19T16:53:15.501+0800][gc,stats    ]       Phase: Concurrent Select Relocation Set              0.000 / 0.000         4.627 / 7.839         4.627 / 7.839         4.627 / 7.839       ms
[2023-11-19T16:53:15.501+0800][gc,stats    ]       Phase: Pause Mark End                                0.000 / 0.000         0.016 / 0.018         0.016 / 0.018         0.016 / 0.018       ms
[2023-11-19T16:53:15.501+0800][gc,stats    ]       Phase: Pause Mark Start                              0.000 / 0.000         0.013 / 0.019         0.013 / 0.019         0.013 / 0.019       ms
[2023-11-19T16:53:15.501+0800][gc,stats    ]       Phase: Pause Relocate Start                          0.000 / 0.000         0.008 / 0.009         0.008 / 0.009         0.008 / 0.009       ms
[2023-11-19T16:53:15.501+0800][gc,stats    ]    Subphase: Concurrent Classes Purge                      0.000 / 0.000         0.047 / 0.049         0.047 / 0.049         0.047 / 0.049       ms
[2023-11-19T16:53:15.501+0800][gc,stats    ]    Subphase: Concurrent Classes Unlink                     0.000 / 0.000         1.263 / 1.295         1.263 / 1.295         1.263 / 1.295       ms
[2023-11-19T16:53:15.501+0800][gc,stats    ]    Subphase: Concurrent Mark                               0.000 / 0.000        11.825 / 13.159       11.825 / 13.159       11.825 / 13.159      ms
[2023-11-19T16:53:15.501+0800][gc,stats    ]    Subphase: Concurrent Mark Try Flush                     0.000 / 0.000         0.057 / 0.108         0.057 / 0.108         0.057 / 0.108       ms
[2023-11-19T16:53:15.501+0800][gc,stats    ]    Subphase: Concurrent Mark Try Terminate                 0.000 / 0.000         1.420 / 4.236         1.420 / 4.236         1.420 / 4.236       ms
[2023-11-19T16:53:15.501+0800][gc,stats    ]    Subphase: Concurrent References Enqueue                 0.000 / 0.000         0.004 / 0.004         0.004 / 0.004         0.004 / 0.004       ms
[2023-11-19T16:53:15.501+0800][gc,stats    ]    Subphase: Concurrent References Process                 0.000 / 0.000         0.090 / 0.101         0.090 / 0.101         0.090 / 0.101       ms
[2023-11-19T16:53:15.501+0800][gc,stats    ]    Subphase: Concurrent Roots ClassLoaderDataGraph         0.000 / 0.000         0.103 / 0.506         0.103 / 0.506         0.103 / 0.506       ms
[2023-11-19T16:53:15.501+0800][gc,stats    ]    Subphase: Concurrent Roots CodeCache                    0.000 / 0.000         0.000 / 0.000         0.000 / 0.000         0.000 / 0.000       ms
[2023-11-19T16:53:15.501+0800][gc,stats    ]    Subphase: Concurrent Roots JavaThreads                  0.000 / 0.000         1.129 / 2.106         1.129 / 2.106         1.129 / 2.106       ms
[2023-11-19T16:53:15.501+0800][gc,stats    ]    Subphase: Concurrent Roots OopStorageSet                0.000 / 0.000         0.036 / 0.058         0.036 / 0.058         0.036 / 0.058       ms
[2023-11-19T16:53:15.501+0800][gc,stats    ]    Subphase: Concurrent Weak Roots OopStorageSet           0.000 / 0.000         0.328 / 0.486         0.328 / 0.486         0.328 / 0.486       ms
[2023-11-19T16:53:15.501+0800][gc,stats    ]    Subphase: Pause Mark Try Complete                       0.000 / 0.000         0.000 / 0.000         0.000 / 0.000         0.000 / 0.000       ms
[2023-11-19T16:53:15.501+0800][gc,stats    ]      System: Java Threads                                      0 / 0                39 / 54               39 / 54               39 / 54          threads
[2023-11-19T16:53:15.501+0800][gc,stats    ] =========================================================================================================================================================
[2023-11-19T16:53:25.501+0800][gc,stats    ] === Garbage Collection Statistics =======================================================================================================================
[2023-11-19T16:53:25.501+0800][gc,stats    ]                                                              Last 10s              Last 10m              Last 10h                Total
[2023-11-19T16:53:25.501+0800][gc,stats    ]                                                              Avg / Max             Avg / Max             Avg / Max             Avg / Max
[2023-11-19T16:53:25.501+0800][gc,stats    ]   Collector: Garbage Collection Cycle                      0.000 / 0.000        23.723 / 25.775       23.723 / 25.775       23.723 / 25.775      ms
[2023-11-19T16:53:25.501+0800][gc,stats    ]  Contention: Mark Segment Reset Contention                     0 / 0                 0 / 3                 0 / 3                 0 / 3           ops/s
[2023-11-19T16:53:25.501+0800][gc,stats    ]  Contention: Mark SeqNum Reset Contention                      0 / 0                 0 / 0                 0 / 0                 0 / 0           ops/s
[2023-11-19T16:53:25.501+0800][gc,stats    ]    Critical: Allocation Stall                                  0 / 0                 0 / 0                 0 / 0                 0 / 0           ops/s
[2023-11-19T16:53:25.501+0800][gc,stats    ]    Critical: Allocation Stall                              0.000 / 0.000         0.000 / 0.000         0.000 / 0.000         0.000 / 0.000       ms
[2023-11-19T16:53:25.501+0800][gc,stats    ]    Critical: GC Locker Stall                                   0 / 0                 0 / 0                 0 / 0                 0 / 0           ops/s
[2023-11-19T16:53:25.501+0800][gc,stats    ]    Critical: GC Locker Stall                               0.000 / 0.000         0.000 / 0.000         0.000 / 0.000         0.000 / 0.000       ms
[2023-11-19T16:53:25.501+0800][gc,stats    ]    Critical: Relocation Stall                                  0 / 0                 0 / 0                 0 / 0                 0 / 0           ops/s
[2023-11-19T16:53:25.501+0800][gc,stats    ]    Critical: Relocation Stall                              0.000 / 0.000         0.000 / 0.000         0.000 / 0.000         0.000 / 0.000       ms
[2023-11-19T16:53:25.501+0800][gc,stats    ]      Memory: Allocation Rate                                   0 / 0                 1 / 104               1 / 104               1 / 104         MB/s
[2023-11-19T16:53:25.501+0800][gc,stats    ]      Memory: Defragment                                        0 / 0                 0 / 0                 0 / 0                 0 / 0           ops/s
[2023-11-19T16:53:25.501+0800][gc,stats    ]      Memory: Out Of Memory                                     0 / 0                 0 / 0                 0 / 0                 0 / 0           ops/s
[2023-11-19T16:53:25.501+0800][gc,stats    ]      Memory: Page Cache Flush                                  0 / 0                 0 / 0                 0 / 0                 0 / 0           MB/s
[2023-11-19T16:53:25.501+0800][gc,stats    ]      Memory: Page Cache Hit L1                                 0 / 0                 0 / 29                0 / 29                0 / 29          ops/s
[2023-11-19T16:53:25.501+0800][gc,stats    ]      Memory: Page Cache Hit L2                                 0 / 0                 0 / 0                 0 / 0                 0 / 0           ops/s
[2023-11-19T16:53:25.501+0800][gc,stats    ]      Memory: Page Cache Hit L3                                 0 / 0                 0 / 48                0 / 48                0 / 48          ops/s
[2023-11-19T16:53:25.501+0800][gc,stats    ]      Memory: Page Cache Miss                                   0 / 0                 0 / 1                 0 / 1                 0 / 1           ops/s
[2023-11-19T16:53:25.501+0800][gc,stats    ]      Memory: Uncommit                                          0 / 0                 0 / 0                 0 / 0                 0 / 0           MB/s
[2023-11-19T16:53:25.501+0800][gc,stats    ]      Memory: Undo Object Allocation Failed                     0 / 0                 0 / 0                 0 / 0                 0 / 0           ops/s
[2023-11-19T16:53:25.501+0800][gc,stats    ]      Memory: Undo Object Allocation Succeeded                  0 / 0                 0 / 0                 0 / 0                 0 / 0           ops/s
[2023-11-19T16:53:25.501+0800][gc,stats    ]      Memory: Undo Page Allocation                              0 / 0                 0 / 0                 0 / 0                 0 / 0           ops/s
[2023-11-19T16:53:25.501+0800][gc,stats    ]       Phase: Concurrent Mark                               0.000 / 0.000        13.801 / 15.394       13.801 / 15.394       13.801 / 15.394      ms
[2023-11-19T16:53:25.501+0800][gc,stats    ]       Phase: Concurrent Mark Continue                      0.000 / 0.000         0.000 / 0.000         0.000 / 0.000         0.000 / 0.000       ms
[2023-11-19T16:53:25.501+0800][gc,stats    ]       Phase: Concurrent Mark Free                          0.000 / 0.000         0.001 / 0.001         0.001 / 0.001         0.001 / 0.001       ms
[2023-11-19T16:53:25.501+0800][gc,stats    ]       Phase: Concurrent Process Non-Strong References      0.000 / 0.000         1.810 / 1.931         1.810 / 1.931         1.810 / 1.931       ms
[2023-11-19T16:53:25.501+0800][gc,stats    ]       Phase: Concurrent Relocate                           0.000 / 0.000         2.671 / 3.187         2.671 / 3.187         2.671 / 3.187       ms
[2023-11-19T16:53:25.501+0800][gc,stats    ]       Phase: Concurrent Reset Relocation Set               0.000 / 0.000         0.001 / 0.003         0.001 / 0.003         0.001 / 0.003       ms
[2023-11-19T16:53:25.501+0800][gc,stats    ]       Phase: Concurrent Select Relocation Set              0.000 / 0.000         4.627 / 7.839         4.627 / 7.839         4.627 / 7.839       ms
[2023-11-19T16:53:25.501+0800][gc,stats    ]       Phase: Pause Mark End                                0.000 / 0.000         0.016 / 0.018         0.016 / 0.018         0.016 / 0.018       ms
[2023-11-19T16:53:25.501+0800][gc,stats    ]       Phase: Pause Mark Start                              0.000 / 0.000         0.013 / 0.019         0.013 / 0.019         0.013 / 0.019       ms
[2023-11-19T16:53:25.501+0800][gc,stats    ]       Phase: Pause Relocate Start                          0.000 / 0.000         0.008 / 0.009         0.008 / 0.009         0.008 / 0.009       ms
[2023-11-19T16:53:25.501+0800][gc,stats    ]    Subphase: Concurrent Classes Purge                      0.000 / 0.000         0.047 / 0.049         0.047 / 0.049         0.047 / 0.049       ms
[2023-11-19T16:53:25.501+0800][gc,stats    ]    Subphase: Concurrent Classes Unlink                     0.000 / 0.000         1.263 / 1.295         1.263 / 1.295         1.263 / 1.295       ms
[2023-11-19T16:53:25.501+0800][gc,stats    ]    Subphase: Concurrent Mark                               0.000 / 0.000        11.825 / 13.159       11.825 / 13.159       11.825 / 13.159      ms
[2023-11-19T16:53:25.501+0800][gc,stats    ]    Subphase: Concurrent Mark Try Flush                     0.000 / 0.000         0.057 / 0.108         0.057 / 0.108         0.057 / 0.108       ms
[2023-11-19T16:53:25.501+0800][gc,stats    ]    Subphase: Concurrent Mark Try Terminate                 0.000 / 0.000         1.420 / 4.236         1.420 / 4.236         1.420 / 4.236       ms
[2023-11-19T16:53:25.501+0800][gc,stats    ]    Subphase: Concurrent References Enqueue                 0.000 / 0.000         0.004 / 0.004         0.004 / 0.004         0.004 / 0.004       ms
[2023-11-19T16:53:25.501+0800][gc,stats    ]    Subphase: Concurrent References Process                 0.000 / 0.000         0.090 / 0.101         0.090 / 0.101         0.090 / 0.101       ms
[2023-11-19T16:53:25.501+0800][gc,stats    ]    Subphase: Concurrent Roots ClassLoaderDataGraph         0.000 / 0.000         0.103 / 0.506         0.103 / 0.506         0.103 / 0.506       ms
[2023-11-19T16:53:25.501+0800][gc,stats    ]    Subphase: Concurrent Roots CodeCache                    0.000 / 0.000         0.000 / 0.000         0.000 / 0.000         0.000 / 0.000       ms
[2023-11-19T16:53:25.501+0800][gc,stats    ]    Subphase: Concurrent Roots JavaThreads                  0.000 / 0.000         1.129 / 2.106         1.129 / 2.106         1.129 / 2.106       ms
[2023-11-19T16:53:25.501+0800][gc,stats    ]    Subphase: Concurrent Roots OopStorageSet                0.000 / 0.000         0.036 / 0.058         0.036 / 0.058         0.036 / 0.058       ms
[2023-11-19T16:53:25.501+0800][gc,stats    ]    Subphase: Concurrent Weak Roots OopStorageSet           0.000 / 0.000         0.328 / 0.486         0.328 / 0.486         0.328 / 0.486       ms
[2023-11-19T16:53:25.501+0800][gc,stats    ]    Subphase: Pause Mark Try Complete                       0.000 / 0.000         0.000 / 0.000         0.000 / 0.000         0.000 / 0.000       ms
[2023-11-19T16:53:25.501+0800][gc,stats    ]      System: Java Threads                                      0 / 0                39 / 54               39 / 54               39 / 54          threads
[2023-11-19T16:53:25.501+0800][gc,stats    ] =========================================================================================================================================================
[2023-11-19T16:53:35.501+0800][gc,stats    ] === Garbage Collection Statistics =======================================================================================================================
[2023-11-19T16:53:35.501+0800][gc,stats    ]                                                              Last 10s              Last 10m              Last 10h                Total
[2023-11-19T16:53:35.501+0800][gc,stats    ]                                                              Avg / Max             Avg / Max             Avg / Max             Avg / Max
[2023-11-19T16:53:35.501+0800][gc,stats    ]   Collector: Garbage Collection Cycle                      0.000 / 0.000        23.723 / 25.775       23.723 / 25.775       23.723 / 25.775      ms
[2023-11-19T16:53:35.501+0800][gc,stats    ]  Contention: Mark Segment Reset Contention                     0 / 0                 0 / 3                 0 / 3                 0 / 3           ops/s
[2023-11-19T16:53:35.501+0800][gc,stats    ]  Contention: Mark SeqNum Reset Contention                      0 / 0                 0 / 0                 0 / 0                 0 / 0           ops/s
[2023-11-19T16:53:35.501+0800][gc,stats    ]    Critical: Allocation Stall                                  0 / 0                 0 / 0                 0 / 0                 0 / 0           ops/s
[2023-11-19T16:53:35.501+0800][gc,stats    ]    Critical: Allocation Stall                              0.000 / 0.000         0.000 / 0.000         0.000 / 0.000         0.000 / 0.000       ms
[2023-11-19T16:53:35.501+0800][gc,stats    ]    Critical: GC Locker Stall                                   0 / 0                 0 / 0                 0 / 0                 0 / 0           ops/s
[2023-11-19T16:53:35.501+0800][gc,stats    ]    Critical: GC Locker Stall                               0.000 / 0.000         0.000 / 0.000         0.000 / 0.000         0.000 / 0.000       ms
[2023-11-19T16:53:35.501+0800][gc,stats    ]    Critical: Relocation Stall                                  0 / 0                 0 / 0                 0 / 0                 0 / 0           ops/s
[2023-11-19T16:53:35.501+0800][gc,stats    ]    Critical: Relocation Stall                              0.000 / 0.000         0.000 / 0.000         0.000 / 0.000         0.000 / 0.000       ms
[2023-11-19T16:53:35.501+0800][gc,stats    ]      Memory: Allocation Rate                                   0 / 2                 1 / 104               1 / 104               1 / 104         MB/s
[2023-11-19T16:53:35.501+0800][gc,stats    ]      Memory: Defragment                                        0 / 0                 0 / 0                 0 / 0                 0 / 0           ops/s
[2023-11-19T16:53:35.501+0800][gc,stats    ]      Memory: Out Of Memory                                     0 / 0                 0 / 0                 0 / 0                 0 / 0           ops/s
[2023-11-19T16:53:35.501+0800][gc,stats    ]      Memory: Page Cache Flush                                  0 / 0                 0 / 0                 0 / 0                 0 / 0           MB/s
[2023-11-19T16:53:35.501+0800][gc,stats    ]      Memory: Page Cache Hit L1                                 0 / 1                 0 / 29                0 / 29                0 / 29          ops/s
[2023-11-19T16:53:35.501+0800][gc,stats    ]      Memory: Page Cache Hit L2                                 0 / 0                 0 / 0                 0 / 0                 0 / 0           ops/s
[2023-11-19T16:53:35.501+0800][gc,stats    ]      Memory: Page Cache Hit L3                                 0 / 0                 0 / 48                0 / 48                0 / 48          ops/s
[2023-11-19T16:53:35.501+0800][gc,stats    ]      Memory: Page Cache Miss                                   0 / 0                 0 / 1                 0 / 1                 0 / 1           ops/s
[2023-11-19T16:53:35.501+0800][gc,stats    ]      Memory: Uncommit                                          0 / 0                 0 / 0                 0 / 0                 0 / 0           MB/s
[2023-11-19T16:53:35.501+0800][gc,stats    ]      Memory: Undo Object Allocation Failed                     0 / 0                 0 / 0                 0 / 0                 0 / 0           ops/s
[2023-11-19T16:53:35.501+0800][gc,stats    ]      Memory: Undo Object Allocation Succeeded                  0 / 0                 0 / 0                 0 / 0                 0 / 0           ops/s
[2023-11-19T16:53:35.501+0800][gc,stats    ]      Memory: Undo Page Allocation                              0 / 0                 0 / 0                 0 / 0                 0 / 0           ops/s
[2023-11-19T16:53:35.501+0800][gc,stats    ]       Phase: Concurrent Mark                               0.000 / 0.000        13.801 / 15.394       13.801 / 15.394       13.801 / 15.394      ms
[2023-11-19T16:53:35.501+0800][gc,stats    ]       Phase: Concurrent Mark Continue                      0.000 / 0.000         0.000 / 0.000         0.000 / 0.000         0.000 / 0.000       ms
[2023-11-19T16:53:35.501+0800][gc,stats    ]       Phase: Concurrent Mark Free                          0.000 / 0.000         0.001 / 0.001         0.001 / 0.001         0.001 / 0.001       ms
[2023-11-19T16:53:35.501+0800][gc,stats    ]       Phase: Concurrent Process Non-Strong References      0.000 / 0.000         1.810 / 1.931         1.810 / 1.931         1.810 / 1.931       ms
[2023-11-19T16:53:35.501+0800][gc,stats    ]       Phase: Concurrent Relocate                           0.000 / 0.000         2.671 / 3.187         2.671 / 3.187         2.671 / 3.187       ms
[2023-11-19T16:53:35.501+0800][gc,stats    ]       Phase: Concurrent Reset Relocation Set               0.000 / 0.000         0.001 / 0.003         0.001 / 0.003         0.001 / 0.003       ms
[2023-11-19T16:53:35.501+0800][gc,stats    ]       Phase: Concurrent Select Relocation Set              0.000 / 0.000         4.627 / 7.839         4.627 / 7.839         4.627 / 7.839       ms
[2023-11-19T16:53:35.501+0800][gc,stats    ]       Phase: Pause Mark End                                0.000 / 0.000         0.016 / 0.018         0.016 / 0.018         0.016 / 0.018       ms
[2023-11-19T16:53:35.501+0800][gc,stats    ]       Phase: Pause Mark Start                              0.000 / 0.000         0.013 / 0.019         0.013 / 0.019         0.013 / 0.019       ms
[2023-11-19T16:53:35.501+0800][gc,stats    ]       Phase: Pause Relocate Start                          0.000 / 0.000         0.008 / 0.009         0.008 / 0.009         0.008 / 0.009       ms
[2023-11-19T16:53:35.501+0800][gc,stats    ]    Subphase: Concurrent Classes Purge                      0.000 / 0.000         0.047 / 0.049         0.047 / 0.049         0.047 / 0.049       ms
[2023-11-19T16:53:35.501+0800][gc,stats    ]    Subphase: Concurrent Classes Unlink                     0.000 / 0.000         1.263 / 1.295         1.263 / 1.295         1.263 / 1.295       ms
[2023-11-19T16:53:35.501+0800][gc,stats    ]    Subphase: Concurrent Mark                               0.000 / 0.000        11.825 / 13.159       11.825 / 13.159       11.825 / 13.159      ms
[2023-11-19T16:53:35.501+0800][gc,stats    ]    Subphase: Concurrent Mark Try Flush                     0.000 / 0.000         0.057 / 0.108         0.057 / 0.108         0.057 / 0.108       ms
[2023-11-19T16:53:35.501+0800][gc,stats    ]    Subphase: Concurrent Mark Try Terminate                 0.000 / 0.000         1.420 / 4.236         1.420 / 4.236         1.420 / 4.236       ms
[2023-11-19T16:53:35.501+0800][gc,stats    ]    Subphase: Concurrent References Enqueue                 0.000 / 0.000         0.004 / 0.004         0.004 / 0.004         0.004 / 0.004       ms
[2023-11-19T16:53:35.501+0800][gc,stats    ]    Subphase: Concurrent References Process                 0.000 / 0.000         0.090 / 0.101         0.090 / 0.101         0.090 / 0.101       ms
[2023-11-19T16:53:35.501+0800][gc,stats    ]    Subphase: Concurrent Roots ClassLoaderDataGraph         0.000 / 0.000         0.103 / 0.506         0.103 / 0.506         0.103 / 0.506       ms
[2023-11-19T16:53:35.501+0800][gc,stats    ]    Subphase: Concurrent Roots CodeCache                    0.000 / 0.000         0.000 / 0.000         0.000 / 0.000         0.000 / 0.000       ms
[2023-11-19T16:53:35.501+0800][gc,stats    ]    Subphase: Concurrent Roots JavaThreads                  0.000 / 0.000         1.129 / 2.106         1.129 / 2.106         1.129 / 2.106       ms
[2023-11-19T16:53:35.501+0800][gc,stats    ]    Subphase: Concurrent Roots OopStorageSet                0.000 / 0.000         0.036 / 0.058         0.036 / 0.058         0.036 / 0.058       ms
[2023-11-19T16:53:35.501+0800][gc,stats    ]    Subphase: Concurrent Weak Roots OopStorageSet           0.000 / 0.000         0.328 / 0.486         0.328 / 0.486         0.328 / 0.486       ms
[2023-11-19T16:53:35.501+0800][gc,stats    ]    Subphase: Pause Mark Try Complete                       0.000 / 0.000         0.000 / 0.000         0.000 / 0.000         0.000 / 0.000       ms
[2023-11-19T16:53:35.501+0800][gc,stats    ]      System: Java Threads                                      0 / 0                39 / 54               39 / 54               39 / 54          threads
[2023-11-19T16:53:35.501+0800][gc,stats    ] =========================================================================================================================================================
[2023-11-19T16:53:45.501+0800][gc,stats    ] === Garbage Collection Statistics =======================================================================================================================
[2023-11-19T16:53:45.501+0800][gc,stats    ]                                                              Last 10s              Last 10m              Last 10h                Total
[2023-11-19T16:53:45.501+0800][gc,stats    ]                                                              Avg / Max             Avg / Max             Avg / Max             Avg / Max
[2023-11-19T16:53:45.501+0800][gc,stats    ]   Collector: Garbage Collection Cycle                      0.000 / 0.000        23.723 / 25.775       23.723 / 25.775       23.723 / 25.775      ms
[2023-11-19T16:53:45.501+0800][gc,stats    ]  Contention: Mark Segment Reset Contention                     0 / 0                 0 / 3                 0 / 3                 0 / 3           ops/s
[2023-11-19T16:53:45.501+0800][gc,stats    ]  Contention: Mark SeqNum Reset Contention                      0 / 0                 0 / 0                 0 / 0                 0 / 0           ops/s
[2023-11-19T16:53:45.501+0800][gc,stats    ]    Critical: Allocation Stall                                  0 / 0                 0 / 0                 0 / 0                 0 / 0           ops/s
[2023-11-19T16:53:45.501+0800][gc,stats    ]    Critical: Allocation Stall                              0.000 / 0.000         0.000 / 0.000         0.000 / 0.000         0.000 / 0.000       ms
[2023-11-19T16:53:45.501+0800][gc,stats    ]    Critical: GC Locker Stall                                   0 / 0                 0 / 0                 0 / 0                 0 / 0           ops/s
[2023-11-19T16:53:45.501+0800][gc,stats    ]    Critical: GC Locker Stall                               0.000 / 0.000         0.000 / 0.000         0.000 / 0.000         0.000 / 0.000       ms
[2023-11-19T16:53:45.501+0800][gc,stats    ]    Critical: Relocation Stall                                  0 / 0                 0 / 0                 0 / 0                 0 / 0           ops/s
[2023-11-19T16:53:45.501+0800][gc,stats    ]    Critical: Relocation Stall                              0.000 / 0.000         0.000 / 0.000         0.000 / 0.000         0.000 / 0.000       ms
[2023-11-19T16:53:45.501+0800][gc,stats    ]      Memory: Allocation Rate                                   0 / 2                 1 / 104               1 / 104               1 / 104         MB/s
[2023-11-19T16:53:45.501+0800][gc,stats    ]      Memory: Defragment                                        0 / 0                 0 / 0                 0 / 0                 0 / 0           ops/s
[2023-11-19T16:53:45.501+0800][gc,stats    ]      Memory: Out Of Memory                                     0 / 0                 0 / 0                 0 / 0                 0 / 0           ops/s
[2023-11-19T16:53:45.501+0800][gc,stats    ]      Memory: Page Cache Flush                                  0 / 0                 0 / 0                 0 / 0                 0 / 0           MB/s
[2023-11-19T16:53:45.501+0800][gc,stats    ]      Memory: Page Cache Hit L1                                 0 / 1                 0 / 29                0 / 29                0 / 29          ops/s
[2023-11-19T16:53:45.501+0800][gc,stats    ]      Memory: Page Cache Hit L2                                 0 / 0                 0 / 0                 0 / 0                 0 / 0           ops/s
[2023-11-19T16:53:45.501+0800][gc,stats    ]      Memory: Page Cache Hit L3                                 0 / 0                 0 / 48                0 / 48                0 / 48          ops/s
[2023-11-19T16:53:45.501+0800][gc,stats    ]      Memory: Page Cache Miss                                   0 / 0                 0 / 1                 0 / 1                 0 / 1           ops/s
[2023-11-19T16:53:45.501+0800][gc,stats    ]      Memory: Uncommit                                          0 / 0                 0 / 0                 0 / 0                 0 / 0           MB/s
[2023-11-19T16:53:45.501+0800][gc,stats    ]      Memory: Undo Object Allocation Failed                     0 / 0                 0 / 0                 0 / 0                 0 / 0           ops/s
[2023-11-19T16:53:45.501+0800][gc,stats    ]      Memory: Undo Object Allocation Succeeded                  0 / 0                 0 / 0                 0 / 0                 0 / 0           ops/s
[2023-11-19T16:53:45.501+0800][gc,stats    ]      Memory: Undo Page Allocation                              0 / 0                 0 / 0                 0 / 0                 0 / 0           ops/s
[2023-11-19T16:53:45.501+0800][gc,stats    ]       Phase: Concurrent Mark                               0.000 / 0.000        13.801 / 15.394       13.801 / 15.394       13.801 / 15.394      ms
[2023-11-19T16:53:45.501+0800][gc,stats    ]       Phase: Concurrent Mark Continue                      0.000 / 0.000         0.000 / 0.000         0.000 / 0.000         0.000 / 0.000       ms
[2023-11-19T16:53:45.501+0800][gc,stats    ]       Phase: Concurrent Mark Free                          0.000 / 0.000         0.001 / 0.001         0.001 / 0.001         0.001 / 0.001       ms
[2023-11-19T16:53:45.501+0800][gc,stats    ]       Phase: Concurrent Process Non-Strong References      0.000 / 0.000         1.810 / 1.931         1.810 / 1.931         1.810 / 1.931       ms
[2023-11-19T16:53:45.501+0800][gc,stats    ]       Phase: Concurrent Relocate                           0.000 / 0.000         2.671 / 3.187         2.671 / 3.187         2.671 / 3.187       ms
[2023-11-19T16:53:45.501+0800][gc,stats    ]       Phase: Concurrent Reset Relocation Set               0.000 / 0.000         0.001 / 0.003         0.001 / 0.003         0.001 / 0.003       ms
[2023-11-19T16:53:45.501+0800][gc,stats    ]       Phase: Concurrent Select Relocation Set              0.000 / 0.000         4.627 / 7.839         4.627 / 7.839         4.627 / 7.839       ms
[2023-11-19T16:53:45.501+0800][gc,stats    ]       Phase: Pause Mark End                                0.000 / 0.000         0.016 / 0.018         0.016 / 0.018         0.016 / 0.018       ms
[2023-11-19T16:53:45.501+0800][gc,stats    ]       Phase: Pause Mark Start                              0.000 / 0.000         0.013 / 0.019         0.013 / 0.019         0.013 / 0.019       ms
[2023-11-19T16:53:45.501+0800][gc,stats    ]       Phase: Pause Relocate Start                          0.000 / 0.000         0.008 / 0.009         0.008 / 0.009         0.008 / 0.009       ms
[2023-11-19T16:53:45.501+0800][gc,stats    ]    Subphase: Concurrent Classes Purge                      0.000 / 0.000         0.047 / 0.049         0.047 / 0.049         0.047 / 0.049       ms
[2023-11-19T16:53:45.501+0800][gc,stats    ]    Subphase: Concurrent Classes Unlink                     0.000 / 0.000         1.263 / 1.295         1.263 / 1.295         1.263 / 1.295       ms
[2023-11-19T16:53:45.501+0800][gc,stats    ]    Subphase: Concurrent Mark                               0.000 / 0.000        11.825 / 13.159       11.825 / 13.159       11.825 / 13.159      ms
[2023-11-19T16:53:45.501+0800][gc,stats    ]    Subphase: Concurrent Mark Try Flush                     0.000 / 0.000         0.057 / 0.108         0.057 / 0.108         0.057 / 0.108       ms
[2023-11-19T16:53:45.501+0800][gc,stats    ]    Subphase: Concurrent Mark Try Terminate                 0.000 / 0.000         1.420 / 4.236         1.420 / 4.236         1.420 / 4.236       ms
[2023-11-19T16:53:45.501+0800][gc,stats    ]    Subphase: Concurrent References Enqueue                 0.000 / 0.000         0.004 / 0.004         0.004 / 0.004         0.004 / 0.004       ms
[2023-11-19T16:53:45.501+0800][gc,stats    ]    Subphase: Concurrent References Process                 0.000 / 0.000         0.090 / 0.101         0.090 / 0.101         0.090 / 0.101       ms
[2023-11-19T16:53:45.501+0800][gc,stats    ]    Subphase: Concurrent Roots ClassLoaderDataGraph         0.000 / 0.000         0.103 / 0.506         0.103 / 0.506         0.103 / 0.506       ms
[2023-11-19T16:53:45.501+0800][gc,stats    ]    Subphase: Concurrent Roots CodeCache                    0.000 / 0.000         0.000 / 0.000         0.000 / 0.000         0.000 / 0.000       ms
[2023-11-19T16:53:45.501+0800][gc,stats    ]    Subphase: Concurrent Roots JavaThreads                  0.000 / 0.000         1.129 / 2.106         1.129 / 2.106         1.129 / 2.106       ms
[2023-11-19T16:53:45.501+0800][gc,stats    ]    Subphase: Concurrent Roots OopStorageSet                0.000 / 0.000         0.036 / 0.058         0.036 / 0.058         0.036 / 0.058       ms
[2023-11-19T16:53:45.501+0800][gc,stats    ]    Subphase: Concurrent Weak Roots OopStorageSet           0.000 / 0.000         0.328 / 0.486         0.328 / 0.486         0.328 / 0.486       ms
[2023-11-19T16:53:45.501+0800][gc,stats    ]    Subphase: Pause Mark Try Complete                       0.000 / 0.000         0.000 / 0.000         0.000 / 0.000         0.000 / 0.000       ms
[2023-11-19T16:53:45.501+0800][gc,stats    ]      System: Java Threads                                      0 / 0                39 / 54               39 / 54               39 / 54          threads
[2023-11-19T16:53:45.501+0800][gc,stats    ] =========================================================================================================================================================
[2023-11-19T16:53:55.500+0800][gc,stats    ] === Garbage Collection Statistics =======================================================================================================================
[2023-11-19T16:53:55.500+0800][gc,stats    ]                                                              Last 10s              Last 10m              Last 10h                Total
[2023-11-19T16:53:55.500+0800][gc,stats    ]                                                              Avg / Max             Avg / Max             Avg / Max             Avg / Max
[2023-11-19T16:53:55.500+0800][gc,stats    ]   Collector: Garbage Collection Cycle                      0.000 / 0.000        23.723 / 25.775       23.723 / 25.775       23.723 / 25.775      ms
[2023-11-19T16:53:55.500+0800][gc,stats    ]  Contention: Mark Segment Reset Contention                     0 / 0                 0 / 3                 0 / 3                 0 / 3           ops/s
[2023-11-19T16:53:55.500+0800][gc,stats    ]  Contention: Mark SeqNum Reset Contention                      0 / 0                 0 / 0                 0 / 0                 0 / 0           ops/s
[2023-11-19T16:53:55.500+0800][gc,stats    ]    Critical: Allocation Stall                                  0 / 0                 0 / 0                 0 / 0                 0 / 0           ops/s
[2023-11-19T16:53:55.500+0800][gc,stats    ]    Critical: Allocation Stall                              0.000 / 0.000         0.000 / 0.000         0.000 / 0.000         0.000 / 0.000       ms
[2023-11-19T16:53:55.500+0800][gc,stats    ]    Critical: GC Locker Stall                                   0 / 0                 0 / 0                 0 / 0                 0 / 0           ops/s
[2023-11-19T16:53:55.500+0800][gc,stats    ]    Critical: GC Locker Stall                               0.000 / 0.000         0.000 / 0.000         0.000 / 0.000         0.000 / 0.000       ms
[2023-11-19T16:53:55.500+0800][gc,stats    ]    Critical: Relocation Stall                                  0 / 0                 0 / 0                 0 / 0                 0 / 0           ops/s
[2023-11-19T16:53:55.500+0800][gc,stats    ]    Critical: Relocation Stall                              0.000 / 0.000         0.000 / 0.000         0.000 / 0.000         0.000 / 0.000       ms
[2023-11-19T16:53:55.500+0800][gc,stats    ]      Memory: Allocation Rate                                   0 / 0                 1 / 104               1 / 104               1 / 104         MB/s
[2023-11-19T16:53:55.500+0800][gc,stats    ]      Memory: Defragment                                        0 / 0                 0 / 0                 0 / 0                 0 / 0           ops/s
[2023-11-19T16:53:55.500+0800][gc,stats    ]      Memory: Out Of Memory                                     0 / 0                 0 / 0                 0 / 0                 0 / 0           ops/s
[2023-11-19T16:53:55.500+0800][gc,stats    ]      Memory: Page Cache Flush                                  0 / 0                 0 / 0                 0 / 0                 0 / 0           MB/s
[2023-11-19T16:53:55.500+0800][gc,stats    ]      Memory: Page Cache Hit L1                                 0 / 0                 0 / 29                0 / 29                0 / 29          ops/s
[2023-11-19T16:53:55.500+0800][gc,stats    ]      Memory: Page Cache Hit L2                                 0 / 0                 0 / 0                 0 / 0                 0 / 0           ops/s
[2023-11-19T16:53:55.500+0800][gc,stats    ]      Memory: Page Cache Hit L3                                 0 / 0                 0 / 48                0 / 48                0 / 48          ops/s
[2023-11-19T16:53:55.500+0800][gc,stats    ]      Memory: Page Cache Miss                                   0 / 0                 0 / 1                 0 / 1                 0 / 1           ops/s
[2023-11-19T16:53:55.500+0800][gc,stats    ]      Memory: Uncommit                                          0 / 0                 0 / 0                 0 / 0                 0 / 0           MB/s
[2023-11-19T16:53:55.500+0800][gc,stats    ]      Memory: Undo Object Allocation Failed                     0 / 0                 0 / 0                 0 / 0                 0 / 0           ops/s
[2023-11-19T16:53:55.500+0800][gc,stats    ]      Memory: Undo Object Allocation Succeeded                  0 / 0                 0 / 0                 0 / 0                 0 / 0           ops/s
[2023-11-19T16:53:55.500+0800][gc,stats    ]      Memory: Undo Page Allocation                              0 / 0                 0 / 0                 0 / 0                 0 / 0           ops/s
[2023-11-19T16:53:55.500+0800][gc,stats    ]       Phase: Concurrent Mark                               0.000 / 0.000        13.801 / 15.394       13.801 / 15.394       13.801 / 15.394      ms
[2023-11-19T16:53:55.500+0800][gc,stats    ]       Phase: Concurrent Mark Continue                      0.000 / 0.000         0.000 / 0.000         0.000 / 0.000         0.000 / 0.000       ms
[2023-11-19T16:53:55.500+0800][gc,stats    ]       Phase: Concurrent Mark Free                          0.000 / 0.000         0.001 / 0.001         0.001 / 0.001         0.001 / 0.001       ms
[2023-11-19T16:53:55.500+0800][gc,stats    ]       Phase: Concurrent Process Non-Strong References      0.000 / 0.000         1.810 / 1.931         1.810 / 1.931         1.810 / 1.931       ms
[2023-11-19T16:53:55.500+0800][gc,stats    ]       Phase: Concurrent Relocate                           0.000 / 0.000         2.671 / 3.187         2.671 / 3.187         2.671 / 3.187       ms
[2023-11-19T16:53:55.500+0800][gc,stats    ]       Phase: Concurrent Reset Relocation Set               0.000 / 0.000         0.001 / 0.003         0.001 / 0.003         0.001 / 0.003       ms
[2023-11-19T16:53:55.500+0800][gc,stats    ]       Phase: Concurrent Select Relocation Set              0.000 / 0.000         4.627 / 7.839         4.627 / 7.839         4.627 / 7.839       ms
[2023-11-19T16:53:55.500+0800][gc,stats    ]       Phase: Pause Mark End                                0.000 / 0.000         0.016 / 0.018         0.016 / 0.018         0.016 / 0.018       ms
[2023-11-19T16:53:55.500+0800][gc,stats    ]       Phase: Pause Mark Start                              0.000 / 0.000         0.013 / 0.019         0.013 / 0.019         0.013 / 0.019       ms
[2023-11-19T16:53:55.500+0800][gc,stats    ]       Phase: Pause Relocate Start                          0.000 / 0.000         0.008 / 0.009         0.008 / 0.009         0.008 / 0.009       ms
[2023-11-19T16:53:55.500+0800][gc,stats    ]    Subphase: Concurrent Classes Purge                      0.000 / 0.000         0.047 / 0.049         0.047 / 0.049         0.047 / 0.049       ms
[2023-11-19T16:53:55.500+0800][gc,stats    ]    Subphase: Concurrent Classes Unlink                     0.000 / 0.000         1.263 / 1.295         1.263 / 1.295         1.263 / 1.295       ms
[2023-11-19T16:53:55.500+0800][gc,stats    ]    Subphase: Concurrent Mark                               0.000 / 0.000        11.825 / 13.159       11.825 / 13.159       11.825 / 13.159      ms
[2023-11-19T16:53:55.500+0800][gc,stats    ]    Subphase: Concurrent Mark Try Flush                     0.000 / 0.000         0.057 / 0.108         0.057 / 0.108         0.057 / 0.108       ms
[2023-11-19T16:53:55.500+0800][gc,stats    ]    Subphase: Concurrent Mark Try Terminate                 0.000 / 0.000         1.420 / 4.236         1.420 / 4.236         1.420 / 4.236       ms
[2023-11-19T16:53:55.500+0800][gc,stats    ]    Subphase: Concurrent References Enqueue                 0.000 / 0.000         0.004 / 0.004         0.004 / 0.004         0.004 / 0.004       ms
[2023-11-19T16:53:55.500+0800][gc,stats    ]    Subphase: Concurrent References Process                 0.000 / 0.000         0.090 / 0.101         0.090 / 0.101         0.090 / 0.101       ms
[2023-11-19T16:53:55.500+0800][gc,stats    ]    Subphase: Concurrent Roots ClassLoaderDataGraph         0.000 / 0.000         0.103 / 0.506         0.103 / 0.506         0.103 / 0.506       ms
[2023-11-19T16:53:55.500+0800][gc,stats    ]    Subphase: Concurrent Roots CodeCache                    0.000 / 0.000         0.000 / 0.000         0.000 / 0.000         0.000 / 0.000       ms
[2023-11-19T16:53:55.500+0800][gc,stats    ]    Subphase: Concurrent Roots JavaThreads                  0.000 / 0.000         1.129 / 2.106         1.129 / 2.106         1.129 / 2.106       ms
[2023-11-19T16:53:55.500+0800][gc,stats    ]    Subphase: Concurrent Roots OopStorageSet                0.000 / 0.000         0.036 / 0.058         0.036 / 0.058         0.036 / 0.058       ms
[2023-11-19T16:53:55.500+0800][gc,stats    ]    Subphase: Concurrent Weak Roots OopStorageSet           0.000 / 0.000         0.328 / 0.486         0.328 / 0.486         0.328 / 0.486       ms
[2023-11-19T16:53:55.500+0800][gc,stats    ]    Subphase: Pause Mark Try Complete                       0.000 / 0.000         0.000 / 0.000         0.000 / 0.000         0.000 / 0.000       ms
[2023-11-19T16:53:55.500+0800][gc,stats    ]      System: Java Threads                                      0 / 0                39 / 54               39 / 54               39 / 54          threads
[2023-11-19T16:53:55.500+0800][gc,stats    ] =========================================================================================================================================================
[2023-11-19T16:54:05.501+0800][gc,stats    ] === Garbage Collection Statistics =======================================================================================================================
[2023-11-19T16:54:05.501+0800][gc,stats    ]                                                              Last 10s              Last 10m              Last 10h                Total
[2023-11-19T16:54:05.501+0800][gc,stats    ]                                                              Avg / Max             Avg / Max             Avg / Max             Avg / Max
[2023-11-19T16:54:05.501+0800][gc,stats    ]   Collector: Garbage Collection Cycle                      0.000 / 0.000        23.723 / 25.775       23.723 / 25.775       23.723 / 25.775      ms
[2023-11-19T16:54:05.501+0800][gc,stats    ]  Contention: Mark Segment Reset Contention                     0 / 0                 0 / 3                 0 / 3                 0 / 3           ops/s
[2023-11-19T16:54:05.501+0800][gc,stats    ]  Contention: Mark SeqNum Reset Contention                      0 / 0                 0 / 0                 0 / 0                 0 / 0           ops/s
[2023-11-19T16:54:05.501+0800][gc,stats    ]    Critical: Allocation Stall                                  0 / 0                 0 / 0                 0 / 0                 0 / 0           ops/s
[2023-11-19T16:54:05.501+0800][gc,stats    ]    Critical: Allocation Stall                              0.000 / 0.000         0.000 / 0.000         0.000 / 0.000         0.000 / 0.000       ms
[2023-11-19T16:54:05.501+0800][gc,stats    ]    Critical: GC Locker Stall                                   0 / 0                 0 / 0                 0 / 0                 0 / 0           ops/s
[2023-11-19T16:54:05.501+0800][gc,stats    ]    Critical: GC Locker Stall                               0.000 / 0.000         0.000 / 0.000         0.000 / 0.000         0.000 / 0.000       ms
[2023-11-19T16:54:05.501+0800][gc,stats    ]    Critical: Relocation Stall                                  0 / 0                 0 / 0                 0 / 0                 0 / 0           ops/s
[2023-11-19T16:54:05.501+0800][gc,stats    ]    Critical: Relocation Stall                              0.000 / 0.000         0.000 / 0.000         0.000 / 0.000         0.000 / 0.000       ms
[2023-11-19T16:54:05.501+0800][gc,stats    ]      Memory: Allocation Rate                                   0 / 2                 1 / 104               1 / 104               1 / 104         MB/s
[2023-11-19T16:54:05.501+0800][gc,stats    ]      Memory: Defragment                                        0 / 0                 0 / 0                 0 / 0                 0 / 0           ops/s
[2023-11-19T16:54:05.501+0800][gc,stats    ]      Memory: Out Of Memory                                     0 / 0                 0 / 0                 0 / 0                 0 / 0           ops/s
[2023-11-19T16:54:05.501+0800][gc,stats    ]      Memory: Page Cache Flush                                  0 / 0                 0 / 0                 0 / 0                 0 / 0           MB/s
[2023-11-19T16:54:05.501+0800][gc,stats    ]      Memory: Page Cache Hit L1                                 0 / 1                 0 / 29                0 / 29                0 / 29          ops/s
[2023-11-19T16:54:05.501+0800][gc,stats    ]      Memory: Page Cache Hit L2                                 0 / 0                 0 / 0                 0 / 0                 0 / 0           ops/s
[2023-11-19T16:54:05.501+0800][gc,stats    ]      Memory: Page Cache Hit L3                                 0 / 0                 0 / 48                0 / 48                0 / 48          ops/s
[2023-11-19T16:54:05.501+0800][gc,stats    ]      Memory: Page Cache Miss                                   0 / 0                 0 / 1                 0 / 1                 0 / 1           ops/s
[2023-11-19T16:54:05.501+0800][gc,stats    ]      Memory: Uncommit                                          0 / 0                 0 / 0                 0 / 0                 0 / 0           MB/s
[2023-11-19T16:54:05.501+0800][gc,stats    ]      Memory: Undo Object Allocation Failed                     0 / 0                 0 / 0                 0 / 0                 0 / 0           ops/s
[2023-11-19T16:54:05.501+0800][gc,stats    ]      Memory: Undo Object Allocation Succeeded                  0 / 0                 0 / 0                 0 / 0                 0 / 0           ops/s
[2023-11-19T16:54:05.501+0800][gc,stats    ]      Memory: Undo Page Allocation                              0 / 0                 0 / 0                 0 / 0                 0 / 0           ops/s
[2023-11-19T16:54:05.501+0800][gc,stats    ]       Phase: Concurrent Mark                               0.000 / 0.000        13.801 / 15.394       13.801 / 15.394       13.801 / 15.394      ms
[2023-11-19T16:54:05.501+0800][gc,stats    ]       Phase: Concurrent Mark Continue                      0.000 / 0.000         0.000 / 0.000         0.000 / 0.000         0.000 / 0.000       ms
[2023-11-19T16:54:05.501+0800][gc,stats    ]       Phase: Concurrent Mark Free                          0.000 / 0.000         0.001 / 0.001         0.001 / 0.001         0.001 / 0.001       ms
[2023-11-19T16:54:05.501+0800][gc,stats    ]       Phase: Concurrent Process Non-Strong References      0.000 / 0.000         1.810 / 1.931         1.810 / 1.931         1.810 / 1.931       ms
[2023-11-19T16:54:05.501+0800][gc,stats    ]       Phase: Concurrent Relocate                           0.000 / 0.000         2.671 / 3.187         2.671 / 3.187         2.671 / 3.187       ms
[2023-11-19T16:54:05.501+0800][gc,stats    ]       Phase: Concurrent Reset Relocation Set               0.000 / 0.000         0.001 / 0.003         0.001 / 0.003         0.001 / 0.003       ms
[2023-11-19T16:54:05.501+0800][gc,stats    ]       Phase: Concurrent Select Relocation Set              0.000 / 0.000         4.627 / 7.839         4.627 / 7.839         4.627 / 7.839       ms
[2023-11-19T16:54:05.501+0800][gc,stats    ]       Phase: Pause Mark End                                0.000 / 0.000         0.016 / 0.018         0.016 / 0.018         0.016 / 0.018       ms
[2023-11-19T16:54:05.501+0800][gc,stats    ]       Phase: Pause Mark Start                              0.000 / 0.000         0.013 / 0.019         0.013 / 0.019         0.013 / 0.019       ms
[2023-11-19T16:54:05.501+0800][gc,stats    ]       Phase: Pause Relocate Start                          0.000 / 0.000         0.008 / 0.009         0.008 / 0.009         0.008 / 0.009       ms
[2023-11-19T16:54:05.501+0800][gc,stats    ]    Subphase: Concurrent Classes Purge                      0.000 / 0.000         0.047 / 0.049         0.047 / 0.049         0.047 / 0.049       ms
[2023-11-19T16:54:05.501+0800][gc,stats    ]    Subphase: Concurrent Classes Unlink                     0.000 / 0.000         1.263 / 1.295         1.263 / 1.295         1.263 / 1.295       ms
[2023-11-19T16:54:05.501+0800][gc,stats    ]    Subphase: Concurrent Mark                               0.000 / 0.000        11.825 / 13.159       11.825 / 13.159       11.825 / 13.159      ms
[2023-11-19T16:54:05.501+0800][gc,stats    ]    Subphase: Concurrent Mark Try Flush                     0.000 / 0.000         0.057 / 0.108         0.057 / 0.108         0.057 / 0.108       ms
[2023-11-19T16:54:05.501+0800][gc,stats    ]    Subphase: Concurrent Mark Try Terminate                 0.000 / 0.000         1.420 / 4.236         1.420 / 4.236         1.420 / 4.236       ms
[2023-11-19T16:54:05.501+0800][gc,stats    ]    Subphase: Concurrent References Enqueue                 0.000 / 0.000         0.004 / 0.004         0.004 / 0.004         0.004 / 0.004       ms
[2023-11-19T16:54:05.501+0800][gc,stats    ]    Subphase: Concurrent References Process                 0.000 / 0.000         0.090 / 0.101         0.090 / 0.101         0.090 / 0.101       ms
[2023-11-19T16:54:05.501+0800][gc,stats    ]    Subphase: Concurrent Roots ClassLoaderDataGraph         0.000 / 0.000         0.103 / 0.506         0.103 / 0.506         0.103 / 0.506       ms
[2023-11-19T16:54:05.501+0800][gc,stats    ]    Subphase: Concurrent Roots CodeCache                    0.000 / 0.000         0.000 / 0.000         0.000 / 0.000         0.000 / 0.000       ms
[2023-11-19T16:54:05.501+0800][gc,stats    ]    Subphase: Concurrent Roots JavaThreads                  0.000 / 0.000         1.129 / 2.106         1.129 / 2.106         1.129 / 2.106       ms
[2023-11-19T16:54:05.501+0800][gc,stats    ]    Subphase: Concurrent Roots OopStorageSet                0.000 / 0.000         0.036 / 0.058         0.036 / 0.058         0.036 / 0.058       ms
[2023-11-19T16:54:05.501+0800][gc,stats    ]    Subphase: Concurrent Weak Roots OopStorageSet           0.000 / 0.000         0.328 / 0.486         0.328 / 0.486         0.328 / 0.486       ms
[2023-11-19T16:54:05.501+0800][gc,stats    ]    Subphase: Pause Mark Try Complete                       0.000 / 0.000         0.000 / 0.000         0.000 / 0.000         0.000 / 0.000       ms
[2023-11-19T16:54:05.501+0800][gc,stats    ]      System: Java Threads                                      0 / 0                39 / 54               39 / 54               39 / 54          threads
[2023-11-19T16:54:05.501+0800][gc,stats    ] =========================================================================================================================================================
[2023-11-19T16:54:15.501+0800][gc,stats    ] === Garbage Collection Statistics =======================================================================================================================
[2023-11-19T16:54:15.501+0800][gc,stats    ]                                                              Last 10s              Last 10m              Last 10h                Total
[2023-11-19T16:54:15.501+0800][gc,stats    ]                                                              Avg / Max             Avg / Max             Avg / Max             Avg / Max
[2023-11-19T16:54:15.501+0800][gc,stats    ]   Collector: Garbage Collection Cycle                      0.000 / 0.000        23.723 / 25.775       23.723 / 25.775       23.723 / 25.775      ms
[2023-11-19T16:54:15.501+0800][gc,stats    ]  Contention: Mark Segment Reset Contention                     0 / 0                 0 / 3                 0 / 3                 0 / 3           ops/s
[2023-11-19T16:54:15.501+0800][gc,stats    ]  Contention: Mark SeqNum Reset Contention                      0 / 0                 0 / 0                 0 / 0                 0 / 0           ops/s
[2023-11-19T16:54:15.501+0800][gc,stats    ]    Critical: Allocation Stall                                  0 / 0                 0 / 0                 0 / 0                 0 / 0           ops/s
[2023-11-19T16:54:15.501+0800][gc,stats    ]    Critical: Allocation Stall                              0.000 / 0.000         0.000 / 0.000         0.000 / 0.000         0.000 / 0.000       ms
[2023-11-19T16:54:15.501+0800][gc,stats    ]    Critical: GC Locker Stall                                   0 / 0                 0 / 0                 0 / 0                 0 / 0           ops/s
[2023-11-19T16:54:15.501+0800][gc,stats    ]    Critical: GC Locker Stall                               0.000 / 0.000         0.000 / 0.000         0.000 / 0.000         0.000 / 0.000       ms
[2023-11-19T16:54:15.501+0800][gc,stats    ]    Critical: Relocation Stall                                  0 / 0                 0 / 0                 0 / 0                 0 / 0           ops/s
[2023-11-19T16:54:15.501+0800][gc,stats    ]    Critical: Relocation Stall                              0.000 / 0.000         0.000 / 0.000         0.000 / 0.000         0.000 / 0.000       ms
[2023-11-19T16:54:15.501+0800][gc,stats    ]      Memory: Allocation Rate                                   0 / 2                 1 / 104               1 / 104               1 / 104         MB/s
[2023-11-19T16:54:15.501+0800][gc,stats    ]      Memory: Defragment                                        0 / 0                 0 / 0                 0 / 0                 0 / 0           ops/s
[2023-11-19T16:54:15.501+0800][gc,stats    ]      Memory: Out Of Memory                                     0 / 0                 0 / 0                 0 / 0                 0 / 0           ops/s
[2023-11-19T16:54:15.501+0800][gc,stats    ]      Memory: Page Cache Flush                                  0 / 0                 0 / 0                 0 / 0                 0 / 0           MB/s
[2023-11-19T16:54:15.501+0800][gc,stats    ]      Memory: Page Cache Hit L1                                 0 / 1                 0 / 29                0 / 29                0 / 29          ops/s
[2023-11-19T16:54:15.501+0800][gc,stats    ]      Memory: Page Cache Hit L2                                 0 / 0                 0 / 0                 0 / 0                 0 / 0           ops/s
[2023-11-19T16:54:15.501+0800][gc,stats    ]      Memory: Page Cache Hit L3                                 0 / 0                 0 / 48                0 / 48                0 / 48          ops/s
[2023-11-19T16:54:15.501+0800][gc,stats    ]      Memory: Page Cache Miss                                   0 / 0                 0 / 1                 0 / 1                 0 / 1           ops/s
[2023-11-19T16:54:15.501+0800][gc,stats    ]      Memory: Uncommit                                          0 / 0                 0 / 0                 0 / 0                 0 / 0           MB/s
[2023-11-19T16:54:15.501+0800][gc,stats    ]      Memory: Undo Object Allocation Failed                     0 / 0                 0 / 0                 0 / 0                 0 / 0           ops/s
[2023-11-19T16:54:15.501+0800][gc,stats    ]      Memory: Undo Object Allocation Succeeded                  0 / 0                 0 / 0                 0 / 0                 0 / 0           ops/s
[2023-11-19T16:54:15.501+0800][gc,stats    ]      Memory: Undo Page Allocation                              0 / 0                 0 / 0                 0 / 0                 0 / 0           ops/s
[2023-11-19T16:54:15.501+0800][gc,stats    ]       Phase: Concurrent Mark                               0.000 / 0.000        13.801 / 15.394       13.801 / 15.394       13.801 / 15.394      ms
[2023-11-19T16:54:15.501+0800][gc,stats    ]       Phase: Concurrent Mark Continue                      0.000 / 0.000         0.000 / 0.000         0.000 / 0.000         0.000 / 0.000       ms
[2023-11-19T16:54:15.501+0800][gc,stats    ]       Phase: Concurrent Mark Free                          0.000 / 0.000         0.001 / 0.001         0.001 / 0.001         0.001 / 0.001       ms
[2023-11-19T16:54:15.501+0800][gc,stats    ]       Phase: Concurrent Process Non-Strong References      0.000 / 0.000         1.810 / 1.931         1.810 / 1.931         1.810 / 1.931       ms
[2023-11-19T16:54:15.501+0800][gc,stats    ]       Phase: Concurrent Relocate                           0.000 / 0.000         2.671 / 3.187         2.671 / 3.187         2.671 / 3.187       ms
[2023-11-19T16:54:15.501+0800][gc,stats    ]       Phase: Concurrent Reset Relocation Set               0.000 / 0.000         0.001 / 0.003         0.001 / 0.003         0.001 / 0.003       ms
[2023-11-19T16:54:15.501+0800][gc,stats    ]       Phase: Concurrent Select Relocation Set              0.000 / 0.000         4.627 / 7.839         4.627 / 7.839         4.627 / 7.839       ms
[2023-11-19T16:54:15.501+0800][gc,stats    ]       Phase: Pause Mark End                                0.000 / 0.000         0.016 / 0.018         0.016 / 0.018         0.016 / 0.018       ms
[2023-11-19T16:54:15.501+0800][gc,stats    ]       Phase: Pause Mark Start                              0.000 / 0.000         0.013 / 0.019         0.013 / 0.019         0.013 / 0.019       ms
[2023-11-19T16:54:15.501+0800][gc,stats    ]       Phase: Pause Relocate Start                          0.000 / 0.000         0.008 / 0.009         0.008 / 0.009         0.008 / 0.009       ms
[2023-11-19T16:54:15.501+0800][gc,stats    ]    Subphase: Concurrent Classes Purge                      0.000 / 0.000         0.047 / 0.049         0.047 / 0.049         0.047 / 0.049       ms
[2023-11-19T16:54:15.501+0800][gc,stats    ]    Subphase: Concurrent Classes Unlink                     0.000 / 0.000         1.263 / 1.295         1.263 / 1.295         1.263 / 1.295       ms
[2023-11-19T16:54:15.501+0800][gc,stats    ]    Subphase: Concurrent Mark                               0.000 / 0.000        11.825 / 13.159       11.825 / 13.159       11.825 / 13.159      ms
[2023-11-19T16:54:15.501+0800][gc,stats    ]    Subphase: Concurrent Mark Try Flush                     0.000 / 0.000         0.057 / 0.108         0.057 / 0.108         0.057 / 0.108       ms
[2023-11-19T16:54:15.501+0800][gc,stats    ]    Subphase: Concurrent Mark Try Terminate                 0.000 / 0.000         1.420 / 4.236         1.420 / 4.236         1.420 / 4.236       ms
[2023-11-19T16:54:15.501+0800][gc,stats    ]    Subphase: Concurrent References Enqueue                 0.000 / 0.000         0.004 / 0.004         0.004 / 0.004         0.004 / 0.004       ms
[2023-11-19T16:54:15.501+0800][gc,stats    ]    Subphase: Concurrent References Process                 0.000 / 0.000         0.090 / 0.101         0.090 / 0.101         0.090 / 0.101       ms
[2023-11-19T16:54:15.501+0800][gc,stats    ]    Subphase: Concurrent Roots ClassLoaderDataGraph         0.000 / 0.000         0.103 / 0.506         0.103 / 0.506         0.103 / 0.506       ms
[2023-11-19T16:54:15.501+0800][gc,stats    ]    Subphase: Concurrent Roots CodeCache                    0.000 / 0.000         0.000 / 0.000         0.000 / 0.000         0.000 / 0.000       ms
[2023-11-19T16:54:15.501+0800][gc,stats    ]    Subphase: Concurrent Roots JavaThreads                  0.000 / 0.000         1.129 / 2.106         1.129 / 2.106         1.129 / 2.106       ms
[2023-11-19T16:54:15.501+0800][gc,stats    ]    Subphase: Concurrent Roots OopStorageSet                0.000 / 0.000         0.036 / 0.058         0.036 / 0.058         0.036 / 0.058       ms
[2023-11-19T16:54:15.501+0800][gc,stats    ]    Subphase: Concurrent Weak Roots OopStorageSet           0.000 / 0.000         0.328 / 0.486         0.328 / 0.486         0.328 / 0.486       ms
[2023-11-19T16:54:15.501+0800][gc,stats    ]    Subphase: Pause Mark Try Complete                       0.000 / 0.000         0.000 / 0.000         0.000 / 0.000         0.000 / 0.000       ms
[2023-11-19T16:54:15.501+0800][gc,stats    ]      System: Java Threads                                      0 / 0                39 / 54               39 / 54               39 / 54          threads
[2023-11-19T16:54:15.501+0800][gc,stats    ] =========================================================================================================================================================
[2023-11-19T16:54:25.501+0800][gc,stats    ] === Garbage Collection Statistics =======================================================================================================================
[2023-11-19T16:54:25.501+0800][gc,stats    ]                                                              Last 10s              Last 10m              Last 10h                Total
[2023-11-19T16:54:25.501+0800][gc,stats    ]                                                              Avg / Max             Avg / Max             Avg / Max             Avg / Max
[2023-11-19T16:54:25.501+0800][gc,stats    ]   Collector: Garbage Collection Cycle                      0.000 / 0.000        23.723 / 25.775       23.723 / 25.775       23.723 / 25.775      ms
[2023-11-19T16:54:25.501+0800][gc,stats    ]  Contention: Mark Segment Reset Contention                     0 / 0                 0 / 3                 0 / 3                 0 / 3           ops/s
[2023-11-19T16:54:25.501+0800][gc,stats    ]  Contention: Mark SeqNum Reset Contention                      0 / 0                 0 / 0                 0 / 0                 0 / 0           ops/s
[2023-11-19T16:54:25.501+0800][gc,stats    ]    Critical: Allocation Stall                                  0 / 0                 0 / 0                 0 / 0                 0 / 0           ops/s
[2023-11-19T16:54:25.501+0800][gc,stats    ]    Critical: Allocation Stall                              0.000 / 0.000         0.000 / 0.000         0.000 / 0.000         0.000 / 0.000       ms
[2023-11-19T16:54:25.501+0800][gc,stats    ]    Critical: GC Locker Stall                                   0 / 0                 0 / 0                 0 / 0                 0 / 0           ops/s
[2023-11-19T16:54:25.501+0800][gc,stats    ]    Critical: GC Locker Stall                               0.000 / 0.000         0.000 / 0.000         0.000 / 0.000         0.000 / 0.000       ms
[2023-11-19T16:54:25.501+0800][gc,stats    ]    Critical: Relocation Stall                                  0 / 0                 0 / 0                 0 / 0                 0 / 0           ops/s
[2023-11-19T16:54:25.501+0800][gc,stats    ]    Critical: Relocation Stall                              0.000 / 0.000         0.000 / 0.000         0.000 / 0.000         0.000 / 0.000       ms
[2023-11-19T16:54:25.501+0800][gc,stats    ]      Memory: Allocation Rate                                   0 / 0                 1 / 104               1 / 104               1 / 104         MB/s
[2023-11-19T16:54:25.501+0800][gc,stats    ]      Memory: Defragment                                        0 / 0                 0 / 0                 0 / 0                 0 / 0           ops/s
[2023-11-19T16:54:25.501+0800][gc,stats    ]      Memory: Out Of Memory                                     0 / 0                 0 / 0                 0 / 0                 0 / 0           ops/s
[2023-11-19T16:54:25.501+0800][gc,stats    ]      Memory: Page Cache Flush                                  0 / 0                 0 / 0                 0 / 0                 0 / 0           MB/s
[2023-11-19T16:54:25.501+0800][gc,stats    ]      Memory: Page Cache Hit L1                                 0 / 0                 0 / 29                0 / 29                0 / 29          ops/s
[2023-11-19T16:54:25.501+0800][gc,stats    ]      Memory: Page Cache Hit L2                                 0 / 0                 0 / 0                 0 / 0                 0 / 0           ops/s
[2023-11-19T16:54:25.501+0800][gc,stats    ]      Memory: Page Cache Hit L3                                 0 / 0                 0 / 48                0 / 48                0 / 48          ops/s
[2023-11-19T16:54:25.501+0800][gc,stats    ]      Memory: Page Cache Miss                                   0 / 0                 0 / 1                 0 / 1                 0 / 1           ops/s
[2023-11-19T16:54:25.501+0800][gc,stats    ]      Memory: Uncommit                                          0 / 0                 0 / 0                 0 / 0                 0 / 0           MB/s
[2023-11-19T16:54:25.501+0800][gc,stats    ]      Memory: Undo Object Allocation Failed                     0 / 0                 0 / 0                 0 / 0                 0 / 0           ops/s
[2023-11-19T16:54:25.501+0800][gc,stats    ]      Memory: Undo Object Allocation Succeeded                  0 / 0                 0 / 0                 0 / 0                 0 / 0           ops/s
[2023-11-19T16:54:25.501+0800][gc,stats    ]      Memory: Undo Page Allocation                              0 / 0                 0 / 0                 0 / 0                 0 / 0           ops/s
[2023-11-19T16:54:25.501+0800][gc,stats    ]       Phase: Concurrent Mark                               0.000 / 0.000        13.801 / 15.394       13.801 / 15.394       13.801 / 15.394      ms
[2023-11-19T16:54:25.501+0800][gc,stats    ]       Phase: Concurrent Mark Continue                      0.000 / 0.000         0.000 / 0.000         0.000 / 0.000         0.000 / 0.000       ms
[2023-11-19T16:54:25.501+0800][gc,stats    ]       Phase: Concurrent Mark Free                          0.000 / 0.000         0.001 / 0.001         0.001 / 0.001         0.001 / 0.001       ms
[2023-11-19T16:54:25.501+0800][gc,stats    ]       Phase: Concurrent Process Non-Strong References      0.000 / 0.000         1.810 / 1.931         1.810 / 1.931         1.810 / 1.931       ms
[2023-11-19T16:54:25.501+0800][gc,stats    ]       Phase: Concurrent Relocate                           0.000 / 0.000         2.671 / 3.187         2.671 / 3.187         2.671 / 3.187       ms
[2023-11-19T16:54:25.501+0800][gc,stats    ]       Phase: Concurrent Reset Relocation Set               0.000 / 0.000         0.001 / 0.003         0.001 / 0.003         0.001 / 0.003       ms
[2023-11-19T16:54:25.501+0800][gc,stats    ]       Phase: Concurrent Select Relocation Set              0.000 / 0.000         4.627 / 7.839         4.627 / 7.839         4.627 / 7.839       ms
[2023-11-19T16:54:25.501+0800][gc,stats    ]       Phase: Pause Mark End                                0.000 / 0.000         0.016 / 0.018         0.016 / 0.018         0.016 / 0.018       ms
[2023-11-19T16:54:25.501+0800][gc,stats    ]       Phase: Pause Mark Start                              0.000 / 0.000         0.013 / 0.019         0.013 / 0.019         0.013 / 0.019       ms
[2023-11-19T16:54:25.501+0800][gc,stats    ]       Phase: Pause Relocate Start                          0.000 / 0.000         0.008 / 0.009         0.008 / 0.009         0.008 / 0.009       ms
[2023-11-19T16:54:25.502+0800][gc,stats    ]    Subphase: Concurrent Classes Purge                      0.000 / 0.000         0.047 / 0.049         0.047 / 0.049         0.047 / 0.049       ms
[2023-11-19T16:54:25.502+0800][gc,stats    ]    Subphase: Concurrent Classes Unlink                     0.000 / 0.000         1.263 / 1.295         1.263 / 1.295         1.263 / 1.295       ms
[2023-11-19T16:54:25.502+0800][gc,stats    ]    Subphase: Concurrent Mark                               0.000 / 0.000        11.825 / 13.159       11.825 / 13.159       11.825 / 13.159      ms
[2023-11-19T16:54:25.502+0800][gc,stats    ]    Subphase: Concurrent Mark Try Flush                     0.000 / 0.000         0.057 / 0.108         0.057 / 0.108         0.057 / 0.108       ms
[2023-11-19T16:54:25.502+0800][gc,stats    ]    Subphase: Concurrent Mark Try Terminate                 0.000 / 0.000         1.420 / 4.236         1.420 / 4.236         1.420 / 4.236       ms
[2023-11-19T16:54:25.502+0800][gc,stats    ]    Subphase: Concurrent References Enqueue                 0.000 / 0.000         0.004 / 0.004         0.004 / 0.004         0.004 / 0.004       ms
[2023-11-19T16:54:25.502+0800][gc,stats    ]    Subphase: Concurrent References Process                 0.000 / 0.000         0.090 / 0.101         0.090 / 0.101         0.090 / 0.101       ms
[2023-11-19T16:54:25.502+0800][gc,stats    ]    Subphase: Concurrent Roots ClassLoaderDataGraph         0.000 / 0.000         0.103 / 0.506         0.103 / 0.506         0.103 / 0.506       ms
[2023-11-19T16:54:25.502+0800][gc,stats    ]    Subphase: Concurrent Roots CodeCache                    0.000 / 0.000         0.000 / 0.000         0.000 / 0.000         0.000 / 0.000       ms
[2023-11-19T16:54:25.502+0800][gc,stats    ]    Subphase: Concurrent Roots JavaThreads                  0.000 / 0.000         1.129 / 2.106         1.129 / 2.106         1.129 / 2.106       ms
[2023-11-19T16:54:25.502+0800][gc,stats    ]    Subphase: Concurrent Roots OopStorageSet                0.000 / 0.000         0.036 / 0.058         0.036 / 0.058         0.036 / 0.058       ms
[2023-11-19T16:54:25.502+0800][gc,stats    ]    Subphase: Concurrent Weak Roots OopStorageSet           0.000 / 0.000         0.328 / 0.486         0.328 / 0.486         0.328 / 0.486       ms
[2023-11-19T16:54:25.502+0800][gc,stats    ]    Subphase: Pause Mark Try Complete                       0.000 / 0.000         0.000 / 0.000         0.000 / 0.000         0.000 / 0.000       ms
[2023-11-19T16:54:25.502+0800][gc,stats    ]      System: Java Threads                                      0 / 0                39 / 54               39 / 54               39 / 54          threads
[2023-11-19T16:54:25.502+0800][gc,stats    ] =========================================================================================================================================================
[2023-11-19T16:54:35.501+0800][gc,stats    ] === Garbage Collection Statistics =======================================================================================================================
[2023-11-19T16:54:35.501+0800][gc,stats    ]                                                              Last 10s              Last 10m              Last 10h                Total
[2023-11-19T16:54:35.501+0800][gc,stats    ]                                                              Avg / Max             Avg / Max             Avg / Max             Avg / Max
[2023-11-19T16:54:35.501+0800][gc,stats    ]   Collector: Garbage Collection Cycle                      0.000 / 0.000        23.723 / 25.775       23.723 / 25.775       23.723 / 25.775      ms
[2023-11-19T16:54:35.501+0800][gc,stats    ]  Contention: Mark Segment Reset Contention                     0 / 0                 0 / 3                 0 / 3                 0 / 3           ops/s
[2023-11-19T16:54:35.501+0800][gc,stats    ]  Contention: Mark SeqNum Reset Contention                      0 / 0                 0 / 0                 0 / 0                 0 / 0           ops/s
[2023-11-19T16:54:35.501+0800][gc,stats    ]    Critical: Allocation Stall                                  0 / 0                 0 / 0                 0 / 0                 0 / 0           ops/s
[2023-11-19T16:54:35.501+0800][gc,stats    ]    Critical: Allocation Stall                              0.000 / 0.000         0.000 / 0.000         0.000 / 0.000         0.000 / 0.000       ms
[2023-11-19T16:54:35.501+0800][gc,stats    ]    Critical: GC Locker Stall                                   0 / 0                 0 / 0                 0 / 0                 0 / 0           ops/s
[2023-11-19T16:54:35.501+0800][gc,stats    ]    Critical: GC Locker Stall                               0.000 / 0.000         0.000 / 0.000         0.000 / 0.000         0.000 / 0.000       ms
[2023-11-19T16:54:35.501+0800][gc,stats    ]    Critical: Relocation Stall                                  0 / 0                 0 / 0                 0 / 0                 0 / 0           ops/s
[2023-11-19T16:54:35.501+0800][gc,stats    ]    Critical: Relocation Stall                              0.000 / 0.000         0.000 / 0.000         0.000 / 0.000         0.000 / 0.000       ms
[2023-11-19T16:54:35.501+0800][gc,stats    ]      Memory: Allocation Rate                                   0 / 2                 0 / 104               0 / 104               0 / 104         MB/s
[2023-11-19T16:54:35.501+0800][gc,stats    ]      Memory: Defragment                                        0 / 0                 0 / 0                 0 / 0                 0 / 0           ops/s
[2023-11-19T16:54:35.501+0800][gc,stats    ]      Memory: Out Of Memory                                     0 / 0                 0 / 0                 0 / 0                 0 / 0           ops/s
[2023-11-19T16:54:35.501+0800][gc,stats    ]      Memory: Page Cache Flush                                  0 / 0                 0 / 0                 0 / 0                 0 / 0           MB/s
[2023-11-19T16:54:35.501+0800][gc,stats    ]      Memory: Page Cache Hit L1                                 0 / 1                 0 / 29                0 / 29                0 / 29          ops/s
[2023-11-19T16:54:35.501+0800][gc,stats    ]      Memory: Page Cache Hit L2                                 0 / 0                 0 / 0                 0 / 0                 0 / 0           ops/s
[2023-11-19T16:54:35.501+0800][gc,stats    ]      Memory: Page Cache Hit L3                                 0 / 0                 0 / 48                0 / 48                0 / 48          ops/s
[2023-11-19T16:54:35.501+0800][gc,stats    ]      Memory: Page Cache Miss                                   0 / 0                 0 / 1                 0 / 1                 0 / 1           ops/s
[2023-11-19T16:54:35.501+0800][gc,stats    ]      Memory: Uncommit                                          0 / 0                 0 / 0                 0 / 0                 0 / 0           MB/s
[2023-11-19T16:54:35.501+0800][gc,stats    ]      Memory: Undo Object Allocation Failed                     0 / 0                 0 / 0                 0 / 0                 0 / 0           ops/s
[2023-11-19T16:54:35.501+0800][gc,stats    ]      Memory: Undo Object Allocation Succeeded                  0 / 0                 0 / 0                 0 / 0                 0 / 0           ops/s
[2023-11-19T16:54:35.501+0800][gc,stats    ]      Memory: Undo Page Allocation                              0 / 0                 0 / 0                 0 / 0                 0 / 0           ops/s
[2023-11-19T16:54:35.501+0800][gc,stats    ]       Phase: Concurrent Mark                               0.000 / 0.000        13.801 / 15.394       13.801 / 15.394       13.801 / 15.394      ms
[2023-11-19T16:54:35.501+0800][gc,stats    ]       Phase: Concurrent Mark Continue                      0.000 / 0.000         0.000 / 0.000         0.000 / 0.000         0.000 / 0.000       ms
[2023-11-19T16:54:35.501+0800][gc,stats    ]       Phase: Concurrent Mark Free                          0.000 / 0.000         0.001 / 0.001         0.001 / 0.001         0.001 / 0.001       ms
[2023-11-19T16:54:35.501+0800][gc,stats    ]       Phase: Concurrent Process Non-Strong References      0.000 / 0.000         1.810 / 1.931         1.810 / 1.931         1.810 / 1.931       ms
[2023-11-19T16:54:35.501+0800][gc,stats    ]       Phase: Concurrent Relocate                           0.000 / 0.000         2.671 / 3.187         2.671 / 3.187         2.671 / 3.187       ms
[2023-11-19T16:54:35.501+0800][gc,stats    ]       Phase: Concurrent Reset Relocation Set               0.000 / 0.000         0.001 / 0.003         0.001 / 0.003         0.001 / 0.003       ms
[2023-11-19T16:54:35.501+0800][gc,stats    ]       Phase: Concurrent Select Relocation Set              0.000 / 0.000         4.627 / 7.839         4.627 / 7.839         4.627 / 7.839       ms
[2023-11-19T16:54:35.501+0800][gc,stats    ]       Phase: Pause Mark End                                0.000 / 0.000         0.016 / 0.018         0.016 / 0.018         0.016 / 0.018       ms
[2023-11-19T16:54:35.501+0800][gc,stats    ]       Phase: Pause Mark Start                              0.000 / 0.000         0.013 / 0.019         0.013 / 0.019         0.013 / 0.019       ms
[2023-11-19T16:54:35.501+0800][gc,stats    ]       Phase: Pause Relocate Start                          0.000 / 0.000         0.008 / 0.009         0.008 / 0.009         0.008 / 0.009       ms
[2023-11-19T16:54:35.501+0800][gc,stats    ]    Subphase: Concurrent Classes Purge                      0.000 / 0.000         0.047 / 0.049         0.047 / 0.049         0.047 / 0.049       ms
[2023-11-19T16:54:35.501+0800][gc,stats    ]    Subphase: Concurrent Classes Unlink                     0.000 / 0.000         1.263 / 1.295         1.263 / 1.295         1.263 / 1.295       ms
[2023-11-19T16:54:35.501+0800][gc,stats    ]    Subphase: Concurrent Mark                               0.000 / 0.000        11.825 / 13.159       11.825 / 13.159       11.825 / 13.159      ms
[2023-11-19T16:54:35.501+0800][gc,stats    ]    Subphase: Concurrent Mark Try Flush                     0.000 / 0.000         0.057 / 0.108         0.057 / 0.108         0.057 / 0.108       ms
[2023-11-19T16:54:35.501+0800][gc,stats    ]    Subphase: Concurrent Mark Try Terminate                 0.000 / 0.000         1.420 / 4.236         1.420 / 4.236         1.420 / 4.236       ms
[2023-11-19T16:54:35.501+0800][gc,stats    ]    Subphase: Concurrent References Enqueue                 0.000 / 0.000         0.004 / 0.004         0.004 / 0.004         0.004 / 0.004       ms
[2023-11-19T16:54:35.501+0800][gc,stats    ]    Subphase: Concurrent References Process                 0.000 / 0.000         0.090 / 0.101         0.090 / 0.101         0.090 / 0.101       ms
[2023-11-19T16:54:35.501+0800][gc,stats    ]    Subphase: Concurrent Roots ClassLoaderDataGraph         0.000 / 0.000         0.103 / 0.506         0.103 / 0.506         0.103 / 0.506       ms
[2023-11-19T16:54:35.501+0800][gc,stats    ]    Subphase: Concurrent Roots CodeCache                    0.000 / 0.000         0.000 / 0.000         0.000 / 0.000         0.000 / 0.000       ms
[2023-11-19T16:54:35.501+0800][gc,stats    ]    Subphase: Concurrent Roots JavaThreads                  0.000 / 0.000         1.129 / 2.106         1.129 / 2.106         1.129 / 2.106       ms
[2023-11-19T16:54:35.501+0800][gc,stats    ]    Subphase: Concurrent Roots OopStorageSet                0.000 / 0.000         0.036 / 0.058         0.036 / 0.058         0.036 / 0.058       ms
[2023-11-19T16:54:35.501+0800][gc,stats    ]    Subphase: Concurrent Weak Roots OopStorageSet           0.000 / 0.000         0.328 / 0.486         0.328 / 0.486         0.328 / 0.486       ms
[2023-11-19T16:54:35.501+0800][gc,stats    ]    Subphase: Pause Mark Try Complete                       0.000 / 0.000         0.000 / 0.000         0.000 / 0.000         0.000 / 0.000       ms
[2023-11-19T16:54:35.501+0800][gc,stats    ]      System: Java Threads                                      0 / 0                39 / 54               39 / 54               39 / 54          threads
[2023-11-19T16:54:35.501+0800][gc,stats    ] =========================================================================================================================================================
[2023-11-19T16:54:45.501+0800][gc,stats    ] === Garbage Collection Statistics =======================================================================================================================
[2023-11-19T16:54:45.501+0800][gc,stats    ]                                                              Last 10s              Last 10m              Last 10h                Total
[2023-11-19T16:54:45.501+0800][gc,stats    ]                                                              Avg / Max             Avg / Max             Avg / Max             Avg / Max
[2023-11-19T16:54:45.501+0800][gc,stats    ]   Collector: Garbage Collection Cycle                      0.000 / 0.000        23.723 / 25.775       23.723 / 25.775       23.723 / 25.775      ms
[2023-11-19T16:54:45.501+0800][gc,stats    ]  Contention: Mark Segment Reset Contention                     0 / 0                 0 / 3                 0 / 3                 0 / 3           ops/s
[2023-11-19T16:54:45.501+0800][gc,stats    ]  Contention: Mark SeqNum Reset Contention                      0 / 0                 0 / 0                 0 / 0                 0 / 0           ops/s
[2023-11-19T16:54:45.501+0800][gc,stats    ]    Critical: Allocation Stall                                  0 / 0                 0 / 0                 0 / 0                 0 / 0           ops/s
[2023-11-19T16:54:45.501+0800][gc,stats    ]    Critical: Allocation Stall                              0.000 / 0.000         0.000 / 0.000         0.000 / 0.000         0.000 / 0.000       ms
[2023-11-19T16:54:45.501+0800][gc,stats    ]    Critical: GC Locker Stall                                   0 / 0                 0 / 0                 0 / 0                 0 / 0           ops/s
[2023-11-19T16:54:45.501+0800][gc,stats    ]    Critical: GC Locker Stall                               0.000 / 0.000         0.000 / 0.000         0.000 / 0.000         0.000 / 0.000       ms
[2023-11-19T16:54:45.501+0800][gc,stats    ]    Critical: Relocation Stall                                  0 / 0                 0 / 0                 0 / 0                 0 / 0           ops/s
[2023-11-19T16:54:45.501+0800][gc,stats    ]    Critical: Relocation Stall                              0.000 / 0.000         0.000 / 0.000         0.000 / 0.000         0.000 / 0.000       ms
[2023-11-19T16:54:45.501+0800][gc,stats    ]      Memory: Allocation Rate                                   0 / 0                 0 / 104               0 / 104               0 / 104         MB/s
[2023-11-19T16:54:45.501+0800][gc,stats    ]      Memory: Defragment                                        0 / 0                 0 / 0                 0 / 0                 0 / 0           ops/s
[2023-11-19T16:54:45.501+0800][gc,stats    ]      Memory: Out Of Memory                                     0 / 0                 0 / 0                 0 / 0                 0 / 0           ops/s
[2023-11-19T16:54:45.501+0800][gc,stats    ]      Memory: Page Cache Flush                                  0 / 0                 0 / 0                 0 / 0                 0 / 0           MB/s
[2023-11-19T16:54:45.501+0800][gc,stats    ]      Memory: Page Cache Hit L1                                 0 / 0                 0 / 29                0 / 29                0 / 29          ops/s
[2023-11-19T16:54:45.501+0800][gc,stats    ]      Memory: Page Cache Hit L2                                 0 / 0                 0 / 0                 0 / 0                 0 / 0           ops/s
[2023-11-19T16:54:45.501+0800][gc,stats    ]      Memory: Page Cache Hit L3                                 0 / 0                 0 / 48                0 / 48                0 / 48          ops/s
[2023-11-19T16:54:45.501+0800][gc,stats    ]      Memory: Page Cache Miss                                   0 / 0                 0 / 1                 0 / 1                 0 / 1           ops/s
[2023-11-19T16:54:45.501+0800][gc,stats    ]      Memory: Uncommit                                          0 / 0                 0 / 0                 0 / 0                 0 / 0           MB/s
[2023-11-19T16:54:45.501+0800][gc,stats    ]      Memory: Undo Object Allocation Failed                     0 / 0                 0 / 0                 0 / 0                 0 / 0           ops/s
[2023-11-19T16:54:45.501+0800][gc,stats    ]      Memory: Undo Object Allocation Succeeded                  0 / 0                 0 / 0                 0 / 0                 0 / 0           ops/s
[2023-11-19T16:54:45.501+0800][gc,stats    ]      Memory: Undo Page Allocation                              0 / 0                 0 / 0                 0 / 0                 0 / 0           ops/s
[2023-11-19T16:54:45.501+0800][gc,stats    ]       Phase: Concurrent Mark                               0.000 / 0.000        13.801 / 15.394       13.801 / 15.394       13.801 / 15.394      ms
[2023-11-19T16:54:45.501+0800][gc,stats    ]       Phase: Concurrent Mark Continue                      0.000 / 0.000         0.000 / 0.000         0.000 / 0.000         0.000 / 0.000       ms
[2023-11-19T16:54:45.501+0800][gc,stats    ]       Phase: Concurrent Mark Free                          0.000 / 0.000         0.001 / 0.001         0.001 / 0.001         0.001 / 0.001       ms
[2023-11-19T16:54:45.501+0800][gc,stats    ]       Phase: Concurrent Process Non-Strong References      0.000 / 0.000         1.810 / 1.931         1.810 / 1.931         1.810 / 1.931       ms
[2023-11-19T16:54:45.501+0800][gc,stats    ]       Phase: Concurrent Relocate                           0.000 / 0.000         2.671 / 3.187         2.671 / 3.187         2.671 / 3.187       ms
[2023-11-19T16:54:45.501+0800][gc,stats    ]       Phase: Concurrent Reset Relocation Set               0.000 / 0.000         0.001 / 0.003         0.001 / 0.003         0.001 / 0.003       ms
[2023-11-19T16:54:45.501+0800][gc,stats    ]       Phase: Concurrent Select Relocation Set              0.000 / 0.000         4.627 / 7.839         4.627 / 7.839         4.627 / 7.839       ms
[2023-11-19T16:54:45.501+0800][gc,stats    ]       Phase: Pause Mark End                                0.000 / 0.000         0.016 / 0.018         0.016 / 0.018         0.016 / 0.018       ms
[2023-11-19T16:54:45.501+0800][gc,stats    ]       Phase: Pause Mark Start                              0.000 / 0.000         0.013 / 0.019         0.013 / 0.019         0.013 / 0.019       ms
[2023-11-19T16:54:45.501+0800][gc,stats    ]       Phase: Pause Relocate Start                          0.000 / 0.000         0.008 / 0.009         0.008 / 0.009         0.008 / 0.009       ms
[2023-11-19T16:54:45.501+0800][gc,stats    ]    Subphase: Concurrent Classes Purge                      0.000 / 0.000         0.047 / 0.049         0.047 / 0.049         0.047 / 0.049       ms
[2023-11-19T16:54:45.501+0800][gc,stats    ]    Subphase: Concurrent Classes Unlink                     0.000 / 0.000         1.263 / 1.295         1.263 / 1.295         1.263 / 1.295       ms
[2023-11-19T16:54:45.501+0800][gc,stats    ]    Subphase: Concurrent Mark                               0.000 / 0.000        11.825 / 13.159       11.825 / 13.159       11.825 / 13.159      ms
[2023-11-19T16:54:45.501+0800][gc,stats    ]    Subphase: Concurrent Mark Try Flush                     0.000 / 0.000         0.057 / 0.108         0.057 / 0.108         0.057 / 0.108       ms
[2023-11-19T16:54:45.501+0800][gc,stats    ]    Subphase: Concurrent Mark Try Terminate                 0.000 / 0.000         1.420 / 4.236         1.420 / 4.236         1.420 / 4.236       ms
[2023-11-19T16:54:45.501+0800][gc,stats    ]    Subphase: Concurrent References Enqueue                 0.000 / 0.000         0.004 / 0.004         0.004 / 0.004         0.004 / 0.004       ms
[2023-11-19T16:54:45.501+0800][gc,stats    ]    Subphase: Concurrent References Process                 0.000 / 0.000         0.090 / 0.101         0.090 / 0.101         0.090 / 0.101       ms
[2023-11-19T16:54:45.501+0800][gc,stats    ]    Subphase: Concurrent Roots ClassLoaderDataGraph         0.000 / 0.000         0.103 / 0.506         0.103 / 0.506         0.103 / 0.506       ms
[2023-11-19T16:54:45.501+0800][gc,stats    ]    Subphase: Concurrent Roots CodeCache                    0.000 / 0.000         0.000 / 0.000         0.000 / 0.000         0.000 / 0.000       ms
[2023-11-19T16:54:45.501+0800][gc,stats    ]    Subphase: Concurrent Roots JavaThreads                  0.000 / 0.000         1.129 / 2.106         1.129 / 2.106         1.129 / 2.106       ms
[2023-11-19T16:54:45.501+0800][gc,stats    ]    Subphase: Concurrent Roots OopStorageSet                0.000 / 0.000         0.036 / 0.058         0.036 / 0.058         0.036 / 0.058       ms
[2023-11-19T16:54:45.501+0800][gc,stats    ]    Subphase: Concurrent Weak Roots OopStorageSet           0.000 / 0.000         0.328 / 0.486         0.328 / 0.486         0.328 / 0.486       ms
[2023-11-19T16:54:45.501+0800][gc,stats    ]    Subphase: Pause Mark Try Complete                       0.000 / 0.000         0.000 / 0.000         0.000 / 0.000         0.000 / 0.000       ms
[2023-11-19T16:54:45.501+0800][gc,stats    ]      System: Java Threads                                      0 / 0                39 / 54               39 / 54               39 / 54          threads
[2023-11-19T16:54:45.501+0800][gc,stats    ] =========================================================================================================================================================
[2023-11-19T16:54:55.501+0800][gc,stats    ] === Garbage Collection Statistics =======================================================================================================================
[2023-11-19T16:54:55.501+0800][gc,stats    ]                                                              Last 10s              Last 10m              Last 10h                Total
[2023-11-19T16:54:55.501+0800][gc,stats    ]                                                              Avg / Max             Avg / Max             Avg / Max             Avg / Max
[2023-11-19T16:54:55.501+0800][gc,stats    ]   Collector: Garbage Collection Cycle                      0.000 / 0.000        23.723 / 25.775       23.723 / 25.775       23.723 / 25.775      ms
[2023-11-19T16:54:55.501+0800][gc,stats    ]  Contention: Mark Segment Reset Contention                     0 / 0                 0 / 3                 0 / 3                 0 / 3           ops/s
[2023-11-19T16:54:55.501+0800][gc,stats    ]  Contention: Mark SeqNum Reset Contention                      0 / 0                 0 / 0                 0 / 0                 0 / 0           ops/s
[2023-11-19T16:54:55.501+0800][gc,stats    ]    Critical: Allocation Stall                                  0 / 0                 0 / 0                 0 / 0                 0 / 0           ops/s
[2023-11-19T16:54:55.501+0800][gc,stats    ]    Critical: Allocation Stall                              0.000 / 0.000         0.000 / 0.000         0.000 / 0.000         0.000 / 0.000       ms
[2023-11-19T16:54:55.501+0800][gc,stats    ]    Critical: GC Locker Stall                                   0 / 0                 0 / 0                 0 / 0                 0 / 0           ops/s
[2023-11-19T16:54:55.501+0800][gc,stats    ]    Critical: GC Locker Stall                               0.000 / 0.000         0.000 / 0.000         0.000 / 0.000         0.000 / 0.000       ms
[2023-11-19T16:54:55.501+0800][gc,stats    ]    Critical: Relocation Stall                                  0 / 0                 0 / 0                 0 / 0                 0 / 0           ops/s
[2023-11-19T16:54:55.501+0800][gc,stats    ]    Critical: Relocation Stall                              0.000 / 0.000         0.000 / 0.000         0.000 / 0.000         0.000 / 0.000       ms
[2023-11-19T16:54:55.501+0800][gc,stats    ]      Memory: Allocation Rate                                   0 / 2                 0 / 104               0 / 104               0 / 104         MB/s
[2023-11-19T16:54:55.501+0800][gc,stats    ]      Memory: Defragment                                        0 / 0                 0 / 0                 0 / 0                 0 / 0           ops/s
[2023-11-19T16:54:55.501+0800][gc,stats    ]      Memory: Out Of Memory                                     0 / 0                 0 / 0                 0 / 0                 0 / 0           ops/s
[2023-11-19T16:54:55.501+0800][gc,stats    ]      Memory: Page Cache Flush                                  0 / 0                 0 / 0                 0 / 0                 0 / 0           MB/s
[2023-11-19T16:54:55.501+0800][gc,stats    ]      Memory: Page Cache Hit L1                                 0 / 1                 0 / 29                0 / 29                0 / 29          ops/s
[2023-11-19T16:54:55.501+0800][gc,stats    ]      Memory: Page Cache Hit L2                                 0 / 0                 0 / 0                 0 / 0                 0 / 0           ops/s
[2023-11-19T16:54:55.501+0800][gc,stats    ]      Memory: Page Cache Hit L3                                 0 / 0                 0 / 48                0 / 48                0 / 48          ops/s
[2023-11-19T16:54:55.501+0800][gc,stats    ]      Memory: Page Cache Miss                                   0 / 0                 0 / 1                 0 / 1                 0 / 1           ops/s
[2023-11-19T16:54:55.501+0800][gc,stats    ]      Memory: Uncommit                                          0 / 0                 0 / 0                 0 / 0                 0 / 0           MB/s
[2023-11-19T16:54:55.501+0800][gc,stats    ]      Memory: Undo Object Allocation Failed                     0 / 0                 0 / 0                 0 / 0                 0 / 0           ops/s
[2023-11-19T16:54:55.501+0800][gc,stats    ]      Memory: Undo Object Allocation Succeeded                  0 / 0                 0 / 0                 0 / 0                 0 / 0           ops/s
[2023-11-19T16:54:55.501+0800][gc,stats    ]      Memory: Undo Page Allocation                              0 / 0                 0 / 0                 0 / 0                 0 / 0           ops/s
[2023-11-19T16:54:55.501+0800][gc,stats    ]       Phase: Concurrent Mark                               0.000 / 0.000        13.801 / 15.394       13.801 / 15.394       13.801 / 15.394      ms
[2023-11-19T16:54:55.501+0800][gc,stats    ]       Phase: Concurrent Mark Continue                      0.000 / 0.000         0.000 / 0.000         0.000 / 0.000         0.000 / 0.000       ms
[2023-11-19T16:54:55.501+0800][gc,stats    ]       Phase: Concurrent Mark Free                          0.000 / 0.000         0.001 / 0.001         0.001 / 0.001         0.001 / 0.001       ms
[2023-11-19T16:54:55.501+0800][gc,stats    ]       Phase: Concurrent Process Non-Strong References      0.000 / 0.000         1.810 / 1.931         1.810 / 1.931         1.810 / 1.931       ms
[2023-11-19T16:54:55.501+0800][gc,stats    ]       Phase: Concurrent Relocate                           0.000 / 0.000         2.671 / 3.187         2.671 / 3.187         2.671 / 3.187       ms
[2023-11-19T16:54:55.501+0800][gc,stats    ]       Phase: Concurrent Reset Relocation Set               0.000 / 0.000         0.001 / 0.003         0.001 / 0.003         0.001 / 0.003       ms
[2023-11-19T16:54:55.501+0800][gc,stats    ]       Phase: Concurrent Select Relocation Set              0.000 / 0.000         4.627 / 7.839         4.627 / 7.839         4.627 / 7.839       ms
[2023-11-19T16:54:55.501+0800][gc,stats    ]       Phase: Pause Mark End                                0.000 / 0.000         0.016 / 0.018         0.016 / 0.018         0.016 / 0.018       ms
[2023-11-19T16:54:55.501+0800][gc,stats    ]       Phase: Pause Mark Start                              0.000 / 0.000         0.013 / 0.019         0.013 / 0.019         0.013 / 0.019       ms
[2023-11-19T16:54:55.501+0800][gc,stats    ]       Phase: Pause Relocate Start                          0.000 / 0.000         0.008 / 0.009         0.008 / 0.009         0.008 / 0.009       ms
[2023-11-19T16:54:55.501+0800][gc,stats    ]    Subphase: Concurrent Classes Purge                      0.000 / 0.000         0.047 / 0.049         0.047 / 0.049         0.047 / 0.049       ms
[2023-11-19T16:54:55.501+0800][gc,stats    ]    Subphase: Concurrent Classes Unlink                     0.000 / 0.000         1.263 / 1.295         1.263 / 1.295         1.263 / 1.295       ms
[2023-11-19T16:54:55.501+0800][gc,stats    ]    Subphase: Concurrent Mark                               0.000 / 0.000        11.825 / 13.159       11.825 / 13.159       11.825 / 13.159      ms
[2023-11-19T16:54:55.501+0800][gc,stats    ]    Subphase: Concurrent Mark Try Flush                     0.000 / 0.000         0.057 / 0.108         0.057 / 0.108         0.057 / 0.108       ms
[2023-11-19T16:54:55.501+0800][gc,stats    ]    Subphase: Concurrent Mark Try Terminate                 0.000 / 0.000         1.420 / 4.236         1.420 / 4.236         1.420 / 4.236       ms
[2023-11-19T16:54:55.501+0800][gc,stats    ]    Subphase: Concurrent References Enqueue                 0.000 / 0.000         0.004 / 0.004         0.004 / 0.004         0.004 / 0.004       ms
[2023-11-19T16:54:55.501+0800][gc,stats    ]    Subphase: Concurrent References Process                 0.000 / 0.000         0.090 / 0.101         0.090 / 0.101         0.090 / 0.101       ms
[2023-11-19T16:54:55.501+0800][gc,stats    ]    Subphase: Concurrent Roots ClassLoaderDataGraph         0.000 / 0.000         0.103 / 0.506         0.103 / 0.506         0.103 / 0.506       ms
[2023-11-19T16:54:55.501+0800][gc,stats    ]    Subphase: Concurrent Roots CodeCache                    0.000 / 0.000         0.000 / 0.000         0.000 / 0.000         0.000 / 0.000       ms
[2023-11-19T16:54:55.501+0800][gc,stats    ]    Subphase: Concurrent Roots JavaThreads                  0.000 / 0.000         1.129 / 2.106         1.129 / 2.106         1.129 / 2.106       ms
[2023-11-19T16:54:55.501+0800][gc,stats    ]    Subphase: Concurrent Roots OopStorageSet                0.000 / 0.000         0.036 / 0.058         0.036 / 0.058         0.036 / 0.058       ms
[2023-11-19T16:54:55.501+0800][gc,stats    ]    Subphase: Concurrent Weak Roots OopStorageSet           0.000 / 0.000         0.328 / 0.486         0.328 / 0.486         0.328 / 0.486       ms
[2023-11-19T16:54:55.501+0800][gc,stats    ]    Subphase: Pause Mark Try Complete                       0.000 / 0.000         0.000 / 0.000         0.000 / 0.000         0.000 / 0.000       ms
[2023-11-19T16:54:55.501+0800][gc,stats    ]      System: Java Threads                                      0 / 0                39 / 54               39 / 54               39 / 54          threads
[2023-11-19T16:54:55.501+0800][gc,stats    ] =========================================================================================================================================================
[2023-11-19T16:55:05.501+0800][gc,stats    ] === Garbage Collection Statistics =======================================================================================================================
[2023-11-19T16:55:05.501+0800][gc,stats    ]                                                              Last 10s              Last 10m              Last 10h                Total
[2023-11-19T16:55:05.501+0800][gc,stats    ]                                                              Avg / Max             Avg / Max             Avg / Max             Avg / Max
[2023-11-19T16:55:05.501+0800][gc,stats    ]   Collector: Garbage Collection Cycle                      0.000 / 0.000        23.723 / 25.775       23.723 / 25.775       23.723 / 25.775      ms
[2023-11-19T16:55:05.501+0800][gc,stats    ]  Contention: Mark Segment Reset Contention                     0 / 0                 0 / 3                 0 / 3                 0 / 3           ops/s
[2023-11-19T16:55:05.501+0800][gc,stats    ]  Contention: Mark SeqNum Reset Contention                      0 / 0                 0 / 0                 0 / 0                 0 / 0           ops/s
[2023-11-19T16:55:05.501+0800][gc,stats    ]    Critical: Allocation Stall                                  0 / 0                 0 / 0                 0 / 0                 0 / 0           ops/s
[2023-11-19T16:55:05.501+0800][gc,stats    ]    Critical: Allocation Stall                              0.000 / 0.000         0.000 / 0.000         0.000 / 0.000         0.000 / 0.000       ms
[2023-11-19T16:55:05.501+0800][gc,stats    ]    Critical: GC Locker Stall                                   0 / 0                 0 / 0                 0 / 0                 0 / 0           ops/s
[2023-11-19T16:55:05.501+0800][gc,stats    ]    Critical: GC Locker Stall                               0.000 / 0.000         0.000 / 0.000         0.000 / 0.000         0.000 / 0.000       ms
[2023-11-19T16:55:05.501+0800][gc,stats    ]    Critical: Relocation Stall                                  0 / 0                 0 / 0                 0 / 0                 0 / 0           ops/s
[2023-11-19T16:55:05.501+0800][gc,stats    ]    Critical: Relocation Stall                              0.000 / 0.000         0.000 / 0.000         0.000 / 0.000         0.000 / 0.000       ms
[2023-11-19T16:55:05.501+0800][gc,stats    ]      Memory: Allocation Rate                                   0 / 2                 0 / 104               0 / 104               0 / 104         MB/s
[2023-11-19T16:55:05.501+0800][gc,stats    ]      Memory: Defragment                                        0 / 0                 0 / 0                 0 / 0                 0 / 0           ops/s
[2023-11-19T16:55:05.501+0800][gc,stats    ]      Memory: Out Of Memory                                     0 / 0                 0 / 0                 0 / 0                 0 / 0           ops/s
[2023-11-19T16:55:05.501+0800][gc,stats    ]      Memory: Page Cache Flush                                  0 / 0                 0 / 0                 0 / 0                 0 / 0           MB/s
[2023-11-19T16:55:05.501+0800][gc,stats    ]      Memory: Page Cache Hit L1                                 0 / 1                 0 / 29                0 / 29                0 / 29          ops/s
[2023-11-19T16:55:05.501+0800][gc,stats    ]      Memory: Page Cache Hit L2                                 0 / 0                 0 / 0                 0 / 0                 0 / 0           ops/s
[2023-11-19T16:55:05.501+0800][gc,stats    ]      Memory: Page Cache Hit L3                                 0 / 0                 0 / 48                0 / 48                0 / 48          ops/s
[2023-11-19T16:55:05.501+0800][gc,stats    ]      Memory: Page Cache Miss                                   0 / 0                 0 / 1                 0 / 1                 0 / 1           ops/s
[2023-11-19T16:55:05.501+0800][gc,stats    ]      Memory: Uncommit                                          0 / 0                 0 / 0                 0 / 0                 0 / 0           MB/s
[2023-11-19T16:55:05.501+0800][gc,stats    ]      Memory: Undo Object Allocation Failed                     0 / 0                 0 / 0                 0 / 0                 0 / 0           ops/s
[2023-11-19T16:55:05.501+0800][gc,stats    ]      Memory: Undo Object Allocation Succeeded                  0 / 0                 0 / 0                 0 / 0                 0 / 0           ops/s
[2023-11-19T16:55:05.501+0800][gc,stats    ]      Memory: Undo Page Allocation                              0 / 0                 0 / 0                 0 / 0                 0 / 0           ops/s
[2023-11-19T16:55:05.501+0800][gc,stats    ]       Phase: Concurrent Mark                               0.000 / 0.000        13.801 / 15.394       13.801 / 15.394       13.801 / 15.394      ms
[2023-11-19T16:55:05.501+0800][gc,stats    ]       Phase: Concurrent Mark Continue                      0.000 / 0.000         0.000 / 0.000         0.000 / 0.000         0.000 / 0.000       ms
[2023-11-19T16:55:05.501+0800][gc,stats    ]       Phase: Concurrent Mark Free                          0.000 / 0.000         0.001 / 0.001         0.001 / 0.001         0.001 / 0.001       ms
[2023-11-19T16:55:05.501+0800][gc,stats    ]       Phase: Concurrent Process Non-Strong References      0.000 / 0.000         1.810 / 1.931         1.810 / 1.931         1.810 / 1.931       ms
[2023-11-19T16:55:05.501+0800][gc,stats    ]       Phase: Concurrent Relocate                           0.000 / 0.000         2.671 / 3.187         2.671 / 3.187         2.671 / 3.187       ms
[2023-11-19T16:55:05.501+0800][gc,stats    ]       Phase: Concurrent Reset Relocation Set               0.000 / 0.000         0.001 / 0.003         0.001 / 0.003         0.001 / 0.003       ms
[2023-11-19T16:55:05.501+0800][gc,stats    ]       Phase: Concurrent Select Relocation Set              0.000 / 0.000         4.627 / 7.839         4.627 / 7.839         4.627 / 7.839       ms
[2023-11-19T16:55:05.501+0800][gc,stats    ]       Phase: Pause Mark End                                0.000 / 0.000         0.016 / 0.018         0.016 / 0.018         0.016 / 0.018       ms
[2023-11-19T16:55:05.501+0800][gc,stats    ]       Phase: Pause Mark Start                              0.000 / 0.000         0.013 / 0.019         0.013 / 0.019         0.013 / 0.019       ms
[2023-11-19T16:55:05.501+0800][gc,stats    ]       Phase: Pause Relocate Start                          0.000 / 0.000         0.008 / 0.009         0.008 / 0.009         0.008 / 0.009       ms
[2023-11-19T16:55:05.501+0800][gc,stats    ]    Subphase: Concurrent Classes Purge                      0.000 / 0.000         0.047 / 0.049         0.047 / 0.049         0.047 / 0.049       ms
[2023-11-19T16:55:05.501+0800][gc,stats    ]    Subphase: Concurrent Classes Unlink                     0.000 / 0.000         1.263 / 1.295         1.263 / 1.295         1.263 / 1.295       ms
[2023-11-19T16:55:05.501+0800][gc,stats    ]    Subphase: Concurrent Mark                               0.000 / 0.000        11.825 / 13.159       11.825 / 13.159       11.825 / 13.159      ms
[2023-11-19T16:55:05.501+0800][gc,stats    ]    Subphase: Concurrent Mark Try Flush                     0.000 / 0.000         0.057 / 0.108         0.057 / 0.108         0.057 / 0.108       ms
[2023-11-19T16:55:05.501+0800][gc,stats    ]    Subphase: Concurrent Mark Try Terminate                 0.000 / 0.000         1.420 / 4.236         1.420 / 4.236         1.420 / 4.236       ms
[2023-11-19T16:55:05.501+0800][gc,stats    ]    Subphase: Concurrent References Enqueue                 0.000 / 0.000         0.004 / 0.004         0.004 / 0.004         0.004 / 0.004       ms
[2023-11-19T16:55:05.501+0800][gc,stats    ]    Subphase: Concurrent References Process                 0.000 / 0.000         0.090 / 0.101         0.090 / 0.101         0.090 / 0.101       ms
[2023-11-19T16:55:05.501+0800][gc,stats    ]    Subphase: Concurrent Roots ClassLoaderDataGraph         0.000 / 0.000         0.103 / 0.506         0.103 / 0.506         0.103 / 0.506       ms
[2023-11-19T16:55:05.501+0800][gc,stats    ]    Subphase: Concurrent Roots CodeCache                    0.000 / 0.000         0.000 / 0.000         0.000 / 0.000         0.000 / 0.000       ms
[2023-11-19T16:55:05.501+0800][gc,stats    ]    Subphase: Concurrent Roots JavaThreads                  0.000 / 0.000         1.129 / 2.106         1.129 / 2.106         1.129 / 2.106       ms
[2023-11-19T16:55:05.501+0800][gc,stats    ]    Subphase: Concurrent Roots OopStorageSet                0.000 / 0.000         0.036 / 0.058         0.036 / 0.058         0.036 / 0.058       ms
[2023-11-19T16:55:05.501+0800][gc,stats    ]    Subphase: Concurrent Weak Roots OopStorageSet           0.000 / 0.000         0.328 / 0.486         0.328 / 0.486         0.328 / 0.486       ms
[2023-11-19T16:55:05.501+0800][gc,stats    ]    Subphase: Pause Mark Try Complete                       0.000 / 0.000         0.000 / 0.000         0.000 / 0.000         0.000 / 0.000       ms
[2023-11-19T16:55:05.501+0800][gc,stats    ]      System: Java Threads                                      0 / 0                39 / 54               39 / 54               39 / 54          threads
[2023-11-19T16:55:05.501+0800][gc,stats    ] =========================================================================================================================================================
[2023-11-19T16:55:15.501+0800][gc,stats    ] === Garbage Collection Statistics =======================================================================================================================
[2023-11-19T16:55:15.501+0800][gc,stats    ]                                                              Last 10s              Last 10m              Last 10h                Total
[2023-11-19T16:55:15.501+0800][gc,stats    ]                                                              Avg / Max             Avg / Max             Avg / Max             Avg / Max
[2023-11-19T16:55:15.501+0800][gc,stats    ]   Collector: Garbage Collection Cycle                      0.000 / 0.000        23.723 / 25.775       23.723 / 25.775       23.723 / 25.775      ms
[2023-11-19T16:55:15.501+0800][gc,stats    ]  Contention: Mark Segment Reset Contention                     0 / 0                 0 / 3                 0 / 3                 0 / 3           ops/s
[2023-11-19T16:55:15.501+0800][gc,stats    ]  Contention: Mark SeqNum Reset Contention                      0 / 0                 0 / 0                 0 / 0                 0 / 0           ops/s
[2023-11-19T16:55:15.501+0800][gc,stats    ]    Critical: Allocation Stall                                  0 / 0                 0 / 0                 0 / 0                 0 / 0           ops/s
[2023-11-19T16:55:15.501+0800][gc,stats    ]    Critical: Allocation Stall                              0.000 / 0.000         0.000 / 0.000         0.000 / 0.000         0.000 / 0.000       ms
[2023-11-19T16:55:15.501+0800][gc,stats    ]    Critical: GC Locker Stall                                   0 / 0                 0 / 0                 0 / 0                 0 / 0           ops/s
[2023-11-19T16:55:15.501+0800][gc,stats    ]    Critical: GC Locker Stall                               0.000 / 0.000         0.000 / 0.000         0.000 / 0.000         0.000 / 0.000       ms
[2023-11-19T16:55:15.501+0800][gc,stats    ]    Critical: Relocation Stall                                  0 / 0                 0 / 0                 0 / 0                 0 / 0           ops/s
[2023-11-19T16:55:15.501+0800][gc,stats    ]    Critical: Relocation Stall                              0.000 / 0.000         0.000 / 0.000         0.000 / 0.000         0.000 / 0.000       ms
[2023-11-19T16:55:15.501+0800][gc,stats    ]      Memory: Allocation Rate                                   0 / 2                 0 / 104               0 / 104               0 / 104         MB/s
[2023-11-19T16:55:15.501+0800][gc,stats    ]      Memory: Defragment                                        0 / 0                 0 / 0                 0 / 0                 0 / 0           ops/s
[2023-11-19T16:55:15.501+0800][gc,stats    ]      Memory: Out Of Memory                                     0 / 0                 0 / 0                 0 / 0                 0 / 0           ops/s
[2023-11-19T16:55:15.501+0800][gc,stats    ]      Memory: Page Cache Flush                                  0 / 0                 0 / 0                 0 / 0                 0 / 0           MB/s
[2023-11-19T16:55:15.501+0800][gc,stats    ]      Memory: Page Cache Hit L1                                 0 / 1                 0 / 29                0 / 29                0 / 29          ops/s
[2023-11-19T16:55:15.501+0800][gc,stats    ]      Memory: Page Cache Hit L2                                 0 / 0                 0 / 0                 0 / 0                 0 / 0           ops/s
[2023-11-19T16:55:15.501+0800][gc,stats    ]      Memory: Page Cache Hit L3                                 0 / 0                 0 / 48                0 / 48                0 / 48          ops/s
[2023-11-19T16:55:15.501+0800][gc,stats    ]      Memory: Page Cache Miss                                   0 / 0                 0 / 1                 0 / 1                 0 / 1           ops/s
[2023-11-19T16:55:15.501+0800][gc,stats    ]      Memory: Uncommit                                          0 / 0                 0 / 0                 0 / 0                 0 / 0           MB/s
[2023-11-19T16:55:15.501+0800][gc,stats    ]      Memory: Undo Object Allocation Failed                     0 / 0                 0 / 0                 0 / 0                 0 / 0           ops/s
[2023-11-19T16:55:15.501+0800][gc,stats    ]      Memory: Undo Object Allocation Succeeded                  0 / 0                 0 / 0                 0 / 0                 0 / 0           ops/s
[2023-11-19T16:55:15.501+0800][gc,stats    ]      Memory: Undo Page Allocation                              0 / 0                 0 / 0                 0 / 0                 0 / 0           ops/s
[2023-11-19T16:55:15.501+0800][gc,stats    ]       Phase: Concurrent Mark                               0.000 / 0.000        13.801 / 15.394       13.801 / 15.394       13.801 / 15.394      ms
[2023-11-19T16:55:15.501+0800][gc,stats    ]       Phase: Concurrent Mark Continue                      0.000 / 0.000         0.000 / 0.000         0.000 / 0.000         0.000 / 0.000       ms
[2023-11-19T16:55:15.501+0800][gc,stats    ]       Phase: Concurrent Mark Free                          0.000 / 0.000         0.001 / 0.001         0.001 / 0.001         0.001 / 0.001       ms
[2023-11-19T16:55:15.501+0800][gc,stats    ]       Phase: Concurrent Process Non-Strong References      0.000 / 0.000         1.810 / 1.931         1.810 / 1.931         1.810 / 1.931       ms
[2023-11-19T16:55:15.501+0800][gc,stats    ]       Phase: Concurrent Relocate                           0.000 / 0.000         2.671 / 3.187         2.671 / 3.187         2.671 / 3.187       ms
[2023-11-19T16:55:15.501+0800][gc,stats    ]       Phase: Concurrent Reset Relocation Set               0.000 / 0.000         0.001 / 0.003         0.001 / 0.003         0.001 / 0.003       ms
[2023-11-19T16:55:15.501+0800][gc,stats    ]       Phase: Concurrent Select Relocation Set              0.000 / 0.000         4.627 / 7.839         4.627 / 7.839         4.627 / 7.839       ms
[2023-11-19T16:55:15.501+0800][gc,stats    ]       Phase: Pause Mark End                                0.000 / 0.000         0.016 / 0.018         0.016 / 0.018         0.016 / 0.018       ms
[2023-11-19T16:55:15.501+0800][gc,stats    ]       Phase: Pause Mark Start                              0.000 / 0.000         0.013 / 0.019         0.013 / 0.019         0.013 / 0.019       ms
[2023-11-19T16:55:15.501+0800][gc,stats    ]       Phase: Pause Relocate Start                          0.000 / 0.000         0.008 / 0.009         0.008 / 0.009         0.008 / 0.009       ms
[2023-11-19T16:55:15.501+0800][gc,stats    ]    Subphase: Concurrent Classes Purge                      0.000 / 0.000         0.047 / 0.049         0.047 / 0.049         0.047 / 0.049       ms
[2023-11-19T16:55:15.501+0800][gc,stats    ]    Subphase: Concurrent Classes Unlink                     0.000 / 0.000         1.263 / 1.295         1.263 / 1.295         1.263 / 1.295       ms
[2023-11-19T16:55:15.501+0800][gc,stats    ]    Subphase: Concurrent Mark                               0.000 / 0.000        11.825 / 13.159       11.825 / 13.159       11.825 / 13.159      ms
[2023-11-19T16:55:15.501+0800][gc,stats    ]    Subphase: Concurrent Mark Try Flush                     0.000 / 0.000         0.057 / 0.108         0.057 / 0.108         0.057 / 0.108       ms
[2023-11-19T16:55:15.501+0800][gc,stats    ]    Subphase: Concurrent Mark Try Terminate                 0.000 / 0.000         1.420 / 4.236         1.420 / 4.236         1.420 / 4.236       ms
[2023-11-19T16:55:15.501+0800][gc,stats    ]    Subphase: Concurrent References Enqueue                 0.000 / 0.000         0.004 / 0.004         0.004 / 0.004         0.004 / 0.004       ms
[2023-11-19T16:55:15.501+0800][gc,stats    ]    Subphase: Concurrent References Process                 0.000 / 0.000         0.090 / 0.101         0.090 / 0.101         0.090 / 0.101       ms
[2023-11-19T16:55:15.501+0800][gc,stats    ]    Subphase: Concurrent Roots ClassLoaderDataGraph         0.000 / 0.000         0.103 / 0.506         0.103 / 0.506         0.103 / 0.506       ms
[2023-11-19T16:55:15.501+0800][gc,stats    ]    Subphase: Concurrent Roots CodeCache                    0.000 / 0.000         0.000 / 0.000         0.000 / 0.000         0.000 / 0.000       ms
[2023-11-19T16:55:15.501+0800][gc,stats    ]    Subphase: Concurrent Roots JavaThreads                  0.000 / 0.000         1.129 / 2.106         1.129 / 2.106         1.129 / 2.106       ms
[2023-11-19T16:55:15.501+0800][gc,stats    ]    Subphase: Concurrent Roots OopStorageSet                0.000 / 0.000         0.036 / 0.058         0.036 / 0.058         0.036 / 0.058       ms
[2023-11-19T16:55:15.501+0800][gc,stats    ]    Subphase: Concurrent Weak Roots OopStorageSet           0.000 / 0.000         0.328 / 0.486         0.328 / 0.486         0.328 / 0.486       ms
[2023-11-19T16:55:15.501+0800][gc,stats    ]    Subphase: Pause Mark Try Complete                       0.000 / 0.000         0.000 / 0.000         0.000 / 0.000         0.000 / 0.000       ms
[2023-11-19T16:55:15.501+0800][gc,stats    ]      System: Java Threads                                      0 / 0                39 / 54               39 / 54               39 / 54          threads
[2023-11-19T16:55:15.501+0800][gc,stats    ] =========================================================================================================================================================
[2023-11-19T16:55:25.501+0800][gc,stats    ] === Garbage Collection Statistics =======================================================================================================================
[2023-11-19T16:55:25.501+0800][gc,stats    ]                                                              Last 10s              Last 10m              Last 10h                Total
[2023-11-19T16:55:25.501+0800][gc,stats    ]                                                              Avg / Max             Avg / Max             Avg / Max             Avg / Max
[2023-11-19T16:55:25.501+0800][gc,stats    ]   Collector: Garbage Collection Cycle                      0.000 / 0.000        23.723 / 25.775       23.723 / 25.775       23.723 / 25.775      ms
[2023-11-19T16:55:25.501+0800][gc,stats    ]  Contention: Mark Segment Reset Contention                     0 / 0                 0 / 3                 0 / 3                 0 / 3           ops/s
[2023-11-19T16:55:25.501+0800][gc,stats    ]  Contention: Mark SeqNum Reset Contention                      0 / 0                 0 / 0                 0 / 0                 0 / 0           ops/s
[2023-11-19T16:55:25.501+0800][gc,stats    ]    Critical: Allocation Stall                                  0 / 0                 0 / 0                 0 / 0                 0 / 0           ops/s
[2023-11-19T16:55:25.501+0800][gc,stats    ]    Critical: Allocation Stall                              0.000 / 0.000         0.000 / 0.000         0.000 / 0.000         0.000 / 0.000       ms
[2023-11-19T16:55:25.501+0800][gc,stats    ]    Critical: GC Locker Stall                                   0 / 0                 0 / 0                 0 / 0                 0 / 0           ops/s
[2023-11-19T16:55:25.501+0800][gc,stats    ]    Critical: GC Locker Stall                               0.000 / 0.000         0.000 / 0.000         0.000 / 0.000         0.000 / 0.000       ms
[2023-11-19T16:55:25.501+0800][gc,stats    ]    Critical: Relocation Stall                                  0 / 0                 0 / 0                 0 / 0                 0 / 0           ops/s
[2023-11-19T16:55:25.501+0800][gc,stats    ]    Critical: Relocation Stall                              0.000 / 0.000         0.000 / 0.000         0.000 / 0.000         0.000 / 0.000       ms
[2023-11-19T16:55:25.501+0800][gc,stats    ]      Memory: Allocation Rate                                   0 / 0                 0 / 104               0 / 104               0 / 104         MB/s
[2023-11-19T16:55:25.501+0800][gc,stats    ]      Memory: Defragment                                        0 / 0                 0 / 0                 0 / 0                 0 / 0           ops/s
[2023-11-19T16:55:25.501+0800][gc,stats    ]      Memory: Out Of Memory                                     0 / 0                 0 / 0                 0 / 0                 0 / 0           ops/s
[2023-11-19T16:55:25.501+0800][gc,stats    ]      Memory: Page Cache Flush                                  0 / 0                 0 / 0                 0 / 0                 0 / 0           MB/s
[2023-11-19T16:55:25.501+0800][gc,stats    ]      Memory: Page Cache Hit L1                                 0 / 0                 0 / 29                0 / 29                0 / 29          ops/s
[2023-11-19T16:55:25.501+0800][gc,stats    ]      Memory: Page Cache Hit L2                                 0 / 0                 0 / 0                 0 / 0                 0 / 0           ops/s
[2023-11-19T16:55:25.501+0800][gc,stats    ]      Memory: Page Cache Hit L3                                 0 / 0                 0 / 48                0 / 48                0 / 48          ops/s
[2023-11-19T16:55:25.501+0800][gc,stats    ]      Memory: Page Cache Miss                                   0 / 0                 0 / 1                 0 / 1                 0 / 1           ops/s
[2023-11-19T16:55:25.501+0800][gc,stats    ]      Memory: Uncommit                                          0 / 0                 0 / 0                 0 / 0                 0 / 0           MB/s
[2023-11-19T16:55:25.501+0800][gc,stats    ]      Memory: Undo Object Allocation Failed                     0 / 0                 0 / 0                 0 / 0                 0 / 0           ops/s
[2023-11-19T16:55:25.501+0800][gc,stats    ]      Memory: Undo Object Allocation Succeeded                  0 / 0                 0 / 0                 0 / 0                 0 / 0           ops/s
[2023-11-19T16:55:25.501+0800][gc,stats    ]      Memory: Undo Page Allocation                              0 / 0                 0 / 0                 0 / 0                 0 / 0           ops/s
[2023-11-19T16:55:25.501+0800][gc,stats    ]       Phase: Concurrent Mark                               0.000 / 0.000        13.801 / 15.394       13.801 / 15.394       13.801 / 15.394      ms
[2023-11-19T16:55:25.501+0800][gc,stats    ]       Phase: Concurrent Mark Continue                      0.000 / 0.000         0.000 / 0.000         0.000 / 0.000         0.000 / 0.000       ms
[2023-11-19T16:55:25.501+0800][gc,stats    ]       Phase: Concurrent Mark Free                          0.000 / 0.000         0.001 / 0.001         0.001 / 0.001         0.001 / 0.001       ms
[2023-11-19T16:55:25.501+0800][gc,stats    ]       Phase: Concurrent Process Non-Strong References      0.000 / 0.000         1.810 / 1.931         1.810 / 1.931         1.810 / 1.931       ms
[2023-11-19T16:55:25.501+0800][gc,stats    ]       Phase: Concurrent Relocate                           0.000 / 0.000         2.671 / 3.187         2.671 / 3.187         2.671 / 3.187       ms
[2023-11-19T16:55:25.501+0800][gc,stats    ]       Phase: Concurrent Reset Relocation Set               0.000 / 0.000         0.001 / 0.003         0.001 / 0.003         0.001 / 0.003       ms
[2023-11-19T16:55:25.501+0800][gc,stats    ]       Phase: Concurrent Select Relocation Set              0.000 / 0.000         4.627 / 7.839         4.627 / 7.839         4.627 / 7.839       ms
[2023-11-19T16:55:25.501+0800][gc,stats    ]       Phase: Pause Mark End                                0.000 / 0.000         0.016 / 0.018         0.016 / 0.018         0.016 / 0.018       ms
[2023-11-19T16:55:25.501+0800][gc,stats    ]       Phase: Pause Mark Start                              0.000 / 0.000         0.013 / 0.019         0.013 / 0.019         0.013 / 0.019       ms
[2023-11-19T16:55:25.501+0800][gc,stats    ]       Phase: Pause Relocate Start                          0.000 / 0.000         0.008 / 0.009         0.008 / 0.009         0.008 / 0.009       ms
[2023-11-19T16:55:25.501+0800][gc,stats    ]    Subphase: Concurrent Classes Purge                      0.000 / 0.000         0.047 / 0.049         0.047 / 0.049         0.047 / 0.049       ms
[2023-11-19T16:55:25.501+0800][gc,stats    ]    Subphase: Concurrent Classes Unlink                     0.000 / 0.000         1.263 / 1.295         1.263 / 1.295         1.263 / 1.295       ms
[2023-11-19T16:55:25.501+0800][gc,stats    ]    Subphase: Concurrent Mark                               0.000 / 0.000        11.825 / 13.159       11.825 / 13.159       11.825 / 13.159      ms
[2023-11-19T16:55:25.501+0800][gc,stats    ]    Subphase: Concurrent Mark Try Flush                     0.000 / 0.000         0.057 / 0.108         0.057 / 0.108         0.057 / 0.108       ms
[2023-11-19T16:55:25.501+0800][gc,stats    ]    Subphase: Concurrent Mark Try Terminate                 0.000 / 0.000         1.420 / 4.236         1.420 / 4.236         1.420 / 4.236       ms
[2023-11-19T16:55:25.501+0800][gc,stats    ]    Subphase: Concurrent References Enqueue                 0.000 / 0.000         0.004 / 0.004         0.004 / 0.004         0.004 / 0.004       ms
[2023-11-19T16:55:25.501+0800][gc,stats    ]    Subphase: Concurrent References Process                 0.000 / 0.000         0.090 / 0.101         0.090 / 0.101         0.090 / 0.101       ms
[2023-11-19T16:55:25.501+0800][gc,stats    ]    Subphase: Concurrent Roots ClassLoaderDataGraph         0.000 / 0.000         0.103 / 0.506         0.103 / 0.506         0.103 / 0.506       ms
[2023-11-19T16:55:25.501+0800][gc,stats    ]    Subphase: Concurrent Roots CodeCache                    0.000 / 0.000         0.000 / 0.000         0.000 / 0.000         0.000 / 0.000       ms
[2023-11-19T16:55:25.501+0800][gc,stats    ]    Subphase: Concurrent Roots JavaThreads                  0.000 / 0.000         1.129 / 2.106         1.129 / 2.106         1.129 / 2.106       ms
[2023-11-19T16:55:25.501+0800][gc,stats    ]    Subphase: Concurrent Roots OopStorageSet                0.000 / 0.000         0.036 / 0.058         0.036 / 0.058         0.036 / 0.058       ms
[2023-11-19T16:55:25.501+0800][gc,stats    ]    Subphase: Concurrent Weak Roots OopStorageSet           0.000 / 0.000         0.328 / 0.486         0.328 / 0.486         0.328 / 0.486       ms
[2023-11-19T16:55:25.501+0800][gc,stats    ]    Subphase: Pause Mark Try Complete                       0.000 / 0.000         0.000 / 0.000         0.000 / 0.000         0.000 / 0.000       ms
[2023-11-19T16:55:25.501+0800][gc,stats    ]      System: Java Threads                                      0 / 0                39 / 54               39 / 54               39 / 54          threads
[2023-11-19T16:55:25.501+0800][gc,stats    ] =========================================================================================================================================================
[2023-11-19T16:55:35.500+0800][gc,stats    ] === Garbage Collection Statistics =======================================================================================================================
[2023-11-19T16:55:35.500+0800][gc,stats    ]                                                              Last 10s              Last 10m              Last 10h                Total
[2023-11-19T16:55:35.500+0800][gc,stats    ]                                                              Avg / Max             Avg / Max             Avg / Max             Avg / Max
[2023-11-19T16:55:35.500+0800][gc,stats    ]   Collector: Garbage Collection Cycle                      0.000 / 0.000        23.723 / 25.775       23.723 / 25.775       23.723 / 25.775      ms
[2023-11-19T16:55:35.500+0800][gc,stats    ]  Contention: Mark Segment Reset Contention                     0 / 0                 0 / 3                 0 / 3                 0 / 3           ops/s
[2023-11-19T16:55:35.500+0800][gc,stats    ]  Contention: Mark SeqNum Reset Contention                      0 / 0                 0 / 0                 0 / 0                 0 / 0           ops/s
[2023-11-19T16:55:35.500+0800][gc,stats    ]    Critical: Allocation Stall                                  0 / 0                 0 / 0                 0 / 0                 0 / 0           ops/s
[2023-11-19T16:55:35.500+0800][gc,stats    ]    Critical: Allocation Stall                              0.000 / 0.000         0.000 / 0.000         0.000 / 0.000         0.000 / 0.000       ms
[2023-11-19T16:55:35.500+0800][gc,stats    ]    Critical: GC Locker Stall                                   0 / 0                 0 / 0                 0 / 0                 0 / 0           ops/s
[2023-11-19T16:55:35.500+0800][gc,stats    ]    Critical: GC Locker Stall                               0.000 / 0.000         0.000 / 0.000         0.000 / 0.000         0.000 / 0.000       ms
[2023-11-19T16:55:35.500+0800][gc,stats    ]    Critical: Relocation Stall                                  0 / 0                 0 / 0                 0 / 0                 0 / 0           ops/s
[2023-11-19T16:55:35.500+0800][gc,stats    ]    Critical: Relocation Stall                              0.000 / 0.000         0.000 / 0.000         0.000 / 0.000         0.000 / 0.000       ms
[2023-11-19T16:55:35.500+0800][gc,stats    ]      Memory: Allocation Rate                                   0 / 0                 0 / 104               0 / 104               0 / 104         MB/s
[2023-11-19T16:55:35.500+0800][gc,stats    ]      Memory: Defragment                                        0 / 0                 0 / 0                 0 / 0                 0 / 0           ops/s
[2023-11-19T16:55:35.500+0800][gc,stats    ]      Memory: Out Of Memory                                     0 / 0                 0 / 0                 0 / 0                 0 / 0           ops/s
[2023-11-19T16:55:35.500+0800][gc,stats    ]      Memory: Page Cache Flush                                  0 / 0                 0 / 0                 0 / 0                 0 / 0           MB/s
[2023-11-19T16:55:35.500+0800][gc,stats    ]      Memory: Page Cache Hit L1                                 0 / 0                 0 / 29                0 / 29                0 / 29          ops/s
[2023-11-19T16:55:35.500+0800][gc,stats    ]      Memory: Page Cache Hit L2                                 0 / 0                 0 / 0                 0 / 0                 0 / 0           ops/s
[2023-11-19T16:55:35.500+0800][gc,stats    ]      Memory: Page Cache Hit L3                                 0 / 0                 0 / 48                0 / 48                0 / 48          ops/s
[2023-11-19T16:55:35.500+0800][gc,stats    ]      Memory: Page Cache Miss                                   0 / 0                 0 / 1                 0 / 1                 0 / 1           ops/s
[2023-11-19T16:55:35.500+0800][gc,stats    ]      Memory: Uncommit                                          0 / 0                 0 / 0                 0 / 0                 0 / 0           MB/s
[2023-11-19T16:55:35.500+0800][gc,stats    ]      Memory: Undo Object Allocation Failed                     0 / 0                 0 / 0                 0 / 0                 0 / 0           ops/s
[2023-11-19T16:55:35.500+0800][gc,stats    ]      Memory: Undo Object Allocation Succeeded                  0 / 0                 0 / 0                 0 / 0                 0 / 0           ops/s
[2023-11-19T16:55:35.500+0800][gc,stats    ]      Memory: Undo Page Allocation                              0 / 0                 0 / 0                 0 / 0                 0 / 0           ops/s
[2023-11-19T16:55:35.500+0800][gc,stats    ]       Phase: Concurrent Mark                               0.000 / 0.000        13.801 / 15.394       13.801 / 15.394       13.801 / 15.394      ms
[2023-11-19T16:55:35.500+0800][gc,stats    ]       Phase: Concurrent Mark Continue                      0.000 / 0.000         0.000 / 0.000         0.000 / 0.000         0.000 / 0.000       ms
[2023-11-19T16:55:35.500+0800][gc,stats    ]       Phase: Concurrent Mark Free                          0.000 / 0.000         0.001 / 0.001         0.001 / 0.001         0.001 / 0.001       ms
[2023-11-19T16:55:35.500+0800][gc,stats    ]       Phase: Concurrent Process Non-Strong References      0.000 / 0.000         1.810 / 1.931         1.810 / 1.931         1.810 / 1.931       ms
[2023-11-19T16:55:35.500+0800][gc,stats    ]       Phase: Concurrent Relocate                           0.000 / 0.000         2.671 / 3.187         2.671 / 3.187         2.671 / 3.187       ms
[2023-11-19T16:55:35.500+0800][gc,stats    ]       Phase: Concurrent Reset Relocation Set               0.000 / 0.000         0.001 / 0.003         0.001 / 0.003         0.001 / 0.003       ms
[2023-11-19T16:55:35.500+0800][gc,stats    ]       Phase: Concurrent Select Relocation Set              0.000 / 0.000         4.627 / 7.839         4.627 / 7.839         4.627 / 7.839       ms
[2023-11-19T16:55:35.500+0800][gc,stats    ]       Phase: Pause Mark End                                0.000 / 0.000         0.016 / 0.018         0.016 / 0.018         0.016 / 0.018       ms
[2023-11-19T16:55:35.500+0800][gc,stats    ]       Phase: Pause Mark Start                              0.000 / 0.000         0.013 / 0.019         0.013 / 0.019         0.013 / 0.019       ms
[2023-11-19T16:55:35.500+0800][gc,stats    ]       Phase: Pause Relocate Start                          0.000 / 0.000         0.008 / 0.009         0.008 / 0.009         0.008 / 0.009       ms
[2023-11-19T16:55:35.500+0800][gc,stats    ]    Subphase: Concurrent Classes Purge                      0.000 / 0.000         0.047 / 0.049         0.047 / 0.049         0.047 / 0.049       ms
[2023-11-19T16:55:35.500+0800][gc,stats    ]    Subphase: Concurrent Classes Unlink                     0.000 / 0.000         1.263 / 1.295         1.263 / 1.295         1.263 / 1.295       ms
[2023-11-19T16:55:35.500+0800][gc,stats    ]    Subphase: Concurrent Mark                               0.000 / 0.000        11.825 / 13.159       11.825 / 13.159       11.825 / 13.159      ms
[2023-11-19T16:55:35.500+0800][gc,stats    ]    Subphase: Concurrent Mark Try Flush                     0.000 / 0.000         0.057 / 0.108         0.057 / 0.108         0.057 / 0.108       ms
[2023-11-19T16:55:35.500+0800][gc,stats    ]    Subphase: Concurrent Mark Try Terminate                 0.000 / 0.000         1.420 / 4.236         1.420 / 4.236         1.420 / 4.236       ms
[2023-11-19T16:55:35.500+0800][gc,stats    ]    Subphase: Concurrent References Enqueue                 0.000 / 0.000         0.004 / 0.004         0.004 / 0.004         0.004 / 0.004       ms
[2023-11-19T16:55:35.500+0800][gc,stats    ]    Subphase: Concurrent References Process                 0.000 / 0.000         0.090 / 0.101         0.090 / 0.101         0.090 / 0.101       ms
[2023-11-19T16:55:35.500+0800][gc,stats    ]    Subphase: Concurrent Roots ClassLoaderDataGraph         0.000 / 0.000         0.103 / 0.506         0.103 / 0.506         0.103 / 0.506       ms
[2023-11-19T16:55:35.500+0800][gc,stats    ]    Subphase: Concurrent Roots CodeCache                    0.000 / 0.000         0.000 / 0.000         0.000 / 0.000         0.000 / 0.000       ms
[2023-11-19T16:55:35.500+0800][gc,stats    ]    Subphase: Concurrent Roots JavaThreads                  0.000 / 0.000         1.129 / 2.106         1.129 / 2.106         1.129 / 2.106       ms
[2023-11-19T16:55:35.500+0800][gc,stats    ]    Subphase: Concurrent Roots OopStorageSet                0.000 / 0.000         0.036 / 0.058         0.036 / 0.058         0.036 / 0.058       ms
[2023-11-19T16:55:35.500+0800][gc,stats    ]    Subphase: Concurrent Weak Roots OopStorageSet           0.000 / 0.000         0.328 / 0.486         0.328 / 0.486         0.328 / 0.486       ms
[2023-11-19T16:55:35.500+0800][gc,stats    ]    Subphase: Pause Mark Try Complete                       0.000 / 0.000         0.000 / 0.000         0.000 / 0.000         0.000 / 0.000       ms
[2023-11-19T16:55:35.500+0800][gc,stats    ]      System: Java Threads                                      0 / 0                39 / 54               39 / 54               39 / 54          threads
[2023-11-19T16:55:35.500+0800][gc,stats    ] =========================================================================================================================================================
[2023-11-19T16:55:45.501+0800][gc,stats    ] === Garbage Collection Statistics =======================================================================================================================
[2023-11-19T16:55:45.501+0800][gc,stats    ]                                                              Last 10s              Last 10m              Last 10h                Total
[2023-11-19T16:55:45.501+0800][gc,stats    ]                                                              Avg / Max             Avg / Max             Avg / Max             Avg / Max
[2023-11-19T16:55:45.501+0800][gc,stats    ]   Collector: Garbage Collection Cycle                      0.000 / 0.000        23.723 / 25.775       23.723 / 25.775       23.723 / 25.775      ms
[2023-11-19T16:55:45.501+0800][gc,stats    ]  Contention: Mark Segment Reset Contention                     0 / 0                 0 / 3                 0 / 3                 0 / 3           ops/s
[2023-11-19T16:55:45.501+0800][gc,stats    ]  Contention: Mark SeqNum Reset Contention                      0 / 0                 0 / 0                 0 / 0                 0 / 0           ops/s
[2023-11-19T16:55:45.501+0800][gc,stats    ]    Critical: Allocation Stall                                  0 / 0                 0 / 0                 0 / 0                 0 / 0           ops/s
[2023-11-19T16:55:45.501+0800][gc,stats    ]    Critical: Allocation Stall                              0.000 / 0.000         0.000 / 0.000         0.000 / 0.000         0.000 / 0.000       ms
[2023-11-19T16:55:45.501+0800][gc,stats    ]    Critical: GC Locker Stall                                   0 / 0                 0 / 0                 0 / 0                 0 / 0           ops/s
[2023-11-19T16:55:45.501+0800][gc,stats    ]    Critical: GC Locker Stall                               0.000 / 0.000         0.000 / 0.000         0.000 / 0.000         0.000 / 0.000       ms
[2023-11-19T16:55:45.501+0800][gc,stats    ]    Critical: Relocation Stall                                  0 / 0                 0 / 0                 0 / 0                 0 / 0           ops/s
[2023-11-19T16:55:45.501+0800][gc,stats    ]    Critical: Relocation Stall                              0.000 / 0.000         0.000 / 0.000         0.000 / 0.000         0.000 / 0.000       ms
[2023-11-19T16:55:45.501+0800][gc,stats    ]      Memory: Allocation Rate                                   0 / 0                 0 / 104               0 / 104               0 / 104         MB/s
[2023-11-19T16:55:45.501+0800][gc,stats    ]      Memory: Defragment                                        0 / 0                 0 / 0                 0 / 0                 0 / 0           ops/s
[2023-11-19T16:55:45.501+0800][gc,stats    ]      Memory: Out Of Memory                                     0 / 0                 0 / 0                 0 / 0                 0 / 0           ops/s
[2023-11-19T16:55:45.501+0800][gc,stats    ]      Memory: Page Cache Flush                                  0 / 0                 0 / 0                 0 / 0                 0 / 0           MB/s
[2023-11-19T16:55:45.501+0800][gc,stats    ]      Memory: Page Cache Hit L1                                 0 / 0                 0 / 29                0 / 29                0 / 29          ops/s
[2023-11-19T16:55:45.501+0800][gc,stats    ]      Memory: Page Cache Hit L2                                 0 / 0                 0 / 0                 0 / 0                 0 / 0           ops/s
[2023-11-19T16:55:45.501+0800][gc,stats    ]      Memory: Page Cache Hit L3                                 0 / 0                 0 / 48                0 / 48                0 / 48          ops/s
[2023-11-19T16:55:45.501+0800][gc,stats    ]      Memory: Page Cache Miss                                   0 / 0                 0 / 1                 0 / 1                 0 / 1           ops/s
[2023-11-19T16:55:45.501+0800][gc,stats    ]      Memory: Uncommit                                          0 / 0                 0 / 0                 0 / 0                 0 / 0           MB/s
[2023-11-19T16:55:45.501+0800][gc,stats    ]      Memory: Undo Object Allocation Failed                     0 / 0                 0 / 0                 0 / 0                 0 / 0           ops/s
[2023-11-19T16:55:45.501+0800][gc,stats    ]      Memory: Undo Object Allocation Succeeded                  0 / 0                 0 / 0                 0 / 0                 0 / 0           ops/s
[2023-11-19T16:55:45.501+0800][gc,stats    ]      Memory: Undo Page Allocation                              0 / 0                 0 / 0                 0 / 0                 0 / 0           ops/s
[2023-11-19T16:55:45.501+0800][gc,stats    ]       Phase: Concurrent Mark                               0.000 / 0.000        13.801 / 15.394       13.801 / 15.394       13.801 / 15.394      ms
[2023-11-19T16:55:45.501+0800][gc,stats    ]       Phase: Concurrent Mark Continue                      0.000 / 0.000         0.000 / 0.000         0.000 / 0.000         0.000 / 0.000       ms
[2023-11-19T16:55:45.501+0800][gc,stats    ]       Phase: Concurrent Mark Free                          0.000 / 0.000         0.001 / 0.001         0.001 / 0.001         0.001 / 0.001       ms
[2023-11-19T16:55:45.501+0800][gc,stats    ]       Phase: Concurrent Process Non-Strong References      0.000 / 0.000         1.810 / 1.931         1.810 / 1.931         1.810 / 1.931       ms
[2023-11-19T16:55:45.501+0800][gc,stats    ]       Phase: Concurrent Relocate                           0.000 / 0.000         2.671 / 3.187         2.671 / 3.187         2.671 / 3.187       ms
[2023-11-19T16:55:45.501+0800][gc,stats    ]       Phase: Concurrent Reset Relocation Set               0.000 / 0.000         0.001 / 0.003         0.001 / 0.003         0.001 / 0.003       ms
[2023-11-19T16:55:45.501+0800][gc,stats    ]       Phase: Concurrent Select Relocation Set              0.000 / 0.000         4.627 / 7.839         4.627 / 7.839         4.627 / 7.839       ms
[2023-11-19T16:55:45.501+0800][gc,stats    ]       Phase: Pause Mark End                                0.000 / 0.000         0.016 / 0.018         0.016 / 0.018         0.016 / 0.018       ms
[2023-11-19T16:55:45.501+0800][gc,stats    ]       Phase: Pause Mark Start                              0.000 / 0.000         0.013 / 0.019         0.013 / 0.019         0.013 / 0.019       ms
[2023-11-19T16:55:45.501+0800][gc,stats    ]       Phase: Pause Relocate Start                          0.000 / 0.000         0.008 / 0.009         0.008 / 0.009         0.008 / 0.009       ms
[2023-11-19T16:55:45.501+0800][gc,stats    ]    Subphase: Concurrent Classes Purge                      0.000 / 0.000         0.047 / 0.049         0.047 / 0.049         0.047 / 0.049       ms
[2023-11-19T16:55:45.501+0800][gc,stats    ]    Subphase: Concurrent Classes Unlink                     0.000 / 0.000         1.263 / 1.295         1.263 / 1.295         1.263 / 1.295       ms
[2023-11-19T16:55:45.501+0800][gc,stats    ]    Subphase: Concurrent Mark                               0.000 / 0.000        11.825 / 13.159       11.825 / 13.159       11.825 / 13.159      ms
[2023-11-19T16:55:45.501+0800][gc,stats    ]    Subphase: Concurrent Mark Try Flush                     0.000 / 0.000         0.057 / 0.108         0.057 / 0.108         0.057 / 0.108       ms
[2023-11-19T16:55:45.501+0800][gc,stats    ]    Subphase: Concurrent Mark Try Terminate                 0.000 / 0.000         1.420 / 4.236         1.420 / 4.236         1.420 / 4.236       ms
[2023-11-19T16:55:45.501+0800][gc,stats    ]    Subphase: Concurrent References Enqueue                 0.000 / 0.000         0.004 / 0.004         0.004 / 0.004         0.004 / 0.004       ms
[2023-11-19T16:55:45.501+0800][gc,stats    ]    Subphase: Concurrent References Process                 0.000 / 0.000         0.090 / 0.101         0.090 / 0.101         0.090 / 0.101       ms
[2023-11-19T16:55:45.501+0800][gc,stats    ]    Subphase: Concurrent Roots ClassLoaderDataGraph         0.000 / 0.000         0.103 / 0.506         0.103 / 0.506         0.103 / 0.506       ms
[2023-11-19T16:55:45.501+0800][gc,stats    ]    Subphase: Concurrent Roots CodeCache                    0.000 / 0.000         0.000 / 0.000         0.000 / 0.000         0.000 / 0.000       ms
[2023-11-19T16:55:45.501+0800][gc,stats    ]    Subphase: Concurrent Roots JavaThreads                  0.000 / 0.000         1.129 / 2.106         1.129 / 2.106         1.129 / 2.106       ms
[2023-11-19T16:55:45.501+0800][gc,stats    ]    Subphase: Concurrent Roots OopStorageSet                0.000 / 0.000         0.036 / 0.058         0.036 / 0.058         0.036 / 0.058       ms
[2023-11-19T16:55:45.501+0800][gc,stats    ]    Subphase: Concurrent Weak Roots OopStorageSet           0.000 / 0.000         0.328 / 0.486         0.328 / 0.486         0.328 / 0.486       ms
[2023-11-19T16:55:45.501+0800][gc,stats    ]    Subphase: Pause Mark Try Complete                       0.000 / 0.000         0.000 / 0.000         0.000 / 0.000         0.000 / 0.000       ms
[2023-11-19T16:55:45.501+0800][gc,stats    ]      System: Java Threads                                      0 / 0                39 / 54               39 / 54               39 / 54          threads
[2023-11-19T16:55:45.501+0800][gc,stats    ] =========================================================================================================================================================
[2023-11-19T16:55:55.500+0800][gc,stats    ] === Garbage Collection Statistics =======================================================================================================================
[2023-11-19T16:55:55.500+0800][gc,stats    ]                                                              Last 10s              Last 10m              Last 10h                Total
[2023-11-19T16:55:55.500+0800][gc,stats    ]                                                              Avg / Max             Avg / Max             Avg / Max             Avg / Max
[2023-11-19T16:55:55.500+0800][gc,stats    ]   Collector: Garbage Collection Cycle                      0.000 / 0.000        23.723 / 25.775       23.723 / 25.775       23.723 / 25.775      ms
[2023-11-19T16:55:55.500+0800][gc,stats    ]  Contention: Mark Segment Reset Contention                     0 / 0                 0 / 3                 0 / 3                 0 / 3           ops/s
[2023-11-19T16:55:55.500+0800][gc,stats    ]  Contention: Mark SeqNum Reset Contention                      0 / 0                 0 / 0                 0 / 0                 0 / 0           ops/s
[2023-11-19T16:55:55.500+0800][gc,stats    ]    Critical: Allocation Stall                                  0 / 0                 0 / 0                 0 / 0                 0 / 0           ops/s
[2023-11-19T16:55:55.500+0800][gc,stats    ]    Critical: Allocation Stall                              0.000 / 0.000         0.000 / 0.000         0.000 / 0.000         0.000 / 0.000       ms
[2023-11-19T16:55:55.500+0800][gc,stats    ]    Critical: GC Locker Stall                                   0 / 0                 0 / 0                 0 / 0                 0 / 0           ops/s
[2023-11-19T16:55:55.500+0800][gc,stats    ]    Critical: GC Locker Stall                               0.000 / 0.000         0.000 / 0.000         0.000 / 0.000         0.000 / 0.000       ms
[2023-11-19T16:55:55.500+0800][gc,stats    ]    Critical: Relocation Stall                                  0 / 0                 0 / 0                 0 / 0                 0 / 0           ops/s
[2023-11-19T16:55:55.500+0800][gc,stats    ]    Critical: Relocation Stall                              0.000 / 0.000         0.000 / 0.000         0.000 / 0.000         0.000 / 0.000       ms
[2023-11-19T16:55:55.500+0800][gc,stats    ]      Memory: Allocation Rate                                   0 / 2                 0 / 104               0 / 104               0 / 104         MB/s
[2023-11-19T16:55:55.500+0800][gc,stats    ]      Memory: Defragment                                        0 / 0                 0 / 0                 0 / 0                 0 / 0           ops/s
[2023-11-19T16:55:55.500+0800][gc,stats    ]      Memory: Out Of Memory                                     0 / 0                 0 / 0                 0 / 0                 0 / 0           ops/s
[2023-11-19T16:55:55.500+0800][gc,stats    ]      Memory: Page Cache Flush                                  0 / 0                 0 / 0                 0 / 0                 0 / 0           MB/s
[2023-11-19T16:55:55.500+0800][gc,stats    ]      Memory: Page Cache Hit L1                                 0 / 1                 0 / 29                0 / 29                0 / 29          ops/s
[2023-11-19T16:55:55.500+0800][gc,stats    ]      Memory: Page Cache Hit L2                                 0 / 0                 0 / 0                 0 / 0                 0 / 0           ops/s
[2023-11-19T16:55:55.500+0800][gc,stats    ]      Memory: Page Cache Hit L3                                 0 / 0                 0 / 48                0 / 48                0 / 48          ops/s
[2023-11-19T16:55:55.500+0800][gc,stats    ]      Memory: Page Cache Miss                                   0 / 0                 0 / 1                 0 / 1                 0 / 1           ops/s
[2023-11-19T16:55:55.500+0800][gc,stats    ]      Memory: Uncommit                                          0 / 0                 0 / 0                 0 / 0                 0 / 0           MB/s
[2023-11-19T16:55:55.500+0800][gc,stats    ]      Memory: Undo Object Allocation Failed                     0 / 0                 0 / 0                 0 / 0                 0 / 0           ops/s
[2023-11-19T16:55:55.500+0800][gc,stats    ]      Memory: Undo Object Allocation Succeeded                  0 / 0                 0 / 0                 0 / 0                 0 / 0           ops/s
[2023-11-19T16:55:55.500+0800][gc,stats    ]      Memory: Undo Page Allocation                              0 / 0                 0 / 0                 0 / 0                 0 / 0           ops/s
[2023-11-19T16:55:55.500+0800][gc,stats    ]       Phase: Concurrent Mark                               0.000 / 0.000        13.801 / 15.394       13.801 / 15.394       13.801 / 15.394      ms
[2023-11-19T16:55:55.500+0800][gc,stats    ]       Phase: Concurrent Mark Continue                      0.000 / 0.000         0.000 / 0.000         0.000 / 0.000         0.000 / 0.000       ms
[2023-11-19T16:55:55.500+0800][gc,stats    ]       Phase: Concurrent Mark Free                          0.000 / 0.000         0.001 / 0.001         0.001 / 0.001         0.001 / 0.001       ms
[2023-11-19T16:55:55.500+0800][gc,stats    ]       Phase: Concurrent Process Non-Strong References      0.000 / 0.000         1.810 / 1.931         1.810 / 1.931         1.810 / 1.931       ms
[2023-11-19T16:55:55.500+0800][gc,stats    ]       Phase: Concurrent Relocate                           0.000 / 0.000         2.671 / 3.187         2.671 / 3.187         2.671 / 3.187       ms
[2023-11-19T16:55:55.500+0800][gc,stats    ]       Phase: Concurrent Reset Relocation Set               0.000 / 0.000         0.001 / 0.003         0.001 / 0.003         0.001 / 0.003       ms
[2023-11-19T16:55:55.500+0800][gc,stats    ]       Phase: Concurrent Select Relocation Set              0.000 / 0.000         4.627 / 7.839         4.627 / 7.839         4.627 / 7.839       ms
[2023-11-19T16:55:55.500+0800][gc,stats    ]       Phase: Pause Mark End                                0.000 / 0.000         0.016 / 0.018         0.016 / 0.018         0.016 / 0.018       ms
[2023-11-19T16:55:55.500+0800][gc,stats    ]       Phase: Pause Mark Start                              0.000 / 0.000         0.013 / 0.019         0.013 / 0.019         0.013 / 0.019       ms
[2023-11-19T16:55:55.500+0800][gc,stats    ]       Phase: Pause Relocate Start                          0.000 / 0.000         0.008 / 0.009         0.008 / 0.009         0.008 / 0.009       ms
[2023-11-19T16:55:55.500+0800][gc,stats    ]    Subphase: Concurrent Classes Purge                      0.000 / 0.000         0.047 / 0.049         0.047 / 0.049         0.047 / 0.049       ms
[2023-11-19T16:55:55.500+0800][gc,stats    ]    Subphase: Concurrent Classes Unlink                     0.000 / 0.000         1.263 / 1.295         1.263 / 1.295         1.263 / 1.295       ms
[2023-11-19T16:55:55.500+0800][gc,stats    ]    Subphase: Concurrent Mark                               0.000 / 0.000        11.825 / 13.159       11.825 / 13.159       11.825 / 13.159      ms
[2023-11-19T16:55:55.500+0800][gc,stats    ]    Subphase: Concurrent Mark Try Flush                     0.000 / 0.000         0.057 / 0.108         0.057 / 0.108         0.057 / 0.108       ms
[2023-11-19T16:55:55.500+0800][gc,stats    ]    Subphase: Concurrent Mark Try Terminate                 0.000 / 0.000         1.420 / 4.236         1.420 / 4.236         1.420 / 4.236       ms
[2023-11-19T16:55:55.500+0800][gc,stats    ]    Subphase: Concurrent References Enqueue                 0.000 / 0.000         0.004 / 0.004         0.004 / 0.004         0.004 / 0.004       ms
[2023-11-19T16:55:55.500+0800][gc,stats    ]    Subphase: Concurrent References Process                 0.000 / 0.000         0.090 / 0.101         0.090 / 0.101         0.090 / 0.101       ms
[2023-11-19T16:55:55.500+0800][gc,stats    ]    Subphase: Concurrent Roots ClassLoaderDataGraph         0.000 / 0.000         0.103 / 0.506         0.103 / 0.506         0.103 / 0.506       ms
[2023-11-19T16:55:55.500+0800][gc,stats    ]    Subphase: Concurrent Roots CodeCache                    0.000 / 0.000         0.000 / 0.000         0.000 / 0.000         0.000 / 0.000       ms
[2023-11-19T16:55:55.500+0800][gc,stats    ]    Subphase: Concurrent Roots JavaThreads                  0.000 / 0.000         1.129 / 2.106         1.129 / 2.106         1.129 / 2.106       ms
[2023-11-19T16:55:55.500+0800][gc,stats    ]    Subphase: Concurrent Roots OopStorageSet                0.000 / 0.000         0.036 / 0.058         0.036 / 0.058         0.036 / 0.058       ms
[2023-11-19T16:55:55.500+0800][gc,stats    ]    Subphase: Concurrent Weak Roots OopStorageSet           0.000 / 0.000         0.328 / 0.486         0.328 / 0.486         0.328 / 0.486       ms
[2023-11-19T16:55:55.500+0800][gc,stats    ]    Subphase: Pause Mark Try Complete                       0.000 / 0.000         0.000 / 0.000         0.000 / 0.000         0.000 / 0.000       ms
[2023-11-19T16:55:55.500+0800][gc,stats    ]      System: Java Threads                                      0 / 0                39 / 54               39 / 54               39 / 54          threads
[2023-11-19T16:55:55.500+0800][gc,stats    ] =========================================================================================================================================================
[2023-11-19T16:56:05.501+0800][gc,stats    ] === Garbage Collection Statistics =======================================================================================================================
[2023-11-19T16:56:05.501+0800][gc,stats    ]                                                              Last 10s              Last 10m              Last 10h                Total
[2023-11-19T16:56:05.501+0800][gc,stats    ]                                                              Avg / Max             Avg / Max             Avg / Max             Avg / Max
[2023-11-19T16:56:05.501+0800][gc,stats    ]   Collector: Garbage Collection Cycle                      0.000 / 0.000        23.723 / 25.775       23.723 / 25.775       23.723 / 25.775      ms
[2023-11-19T16:56:05.501+0800][gc,stats    ]  Contention: Mark Segment Reset Contention                     0 / 0                 0 / 3                 0 / 3                 0 / 3           ops/s
[2023-11-19T16:56:05.501+0800][gc,stats    ]  Contention: Mark SeqNum Reset Contention                      0 / 0                 0 / 0                 0 / 0                 0 / 0           ops/s
[2023-11-19T16:56:05.501+0800][gc,stats    ]    Critical: Allocation Stall                                  0 / 0                 0 / 0                 0 / 0                 0 / 0           ops/s
[2023-11-19T16:56:05.501+0800][gc,stats    ]    Critical: Allocation Stall                              0.000 / 0.000         0.000 / 0.000         0.000 / 0.000         0.000 / 0.000       ms
[2023-11-19T16:56:05.501+0800][gc,stats    ]    Critical: GC Locker Stall                                   0 / 0                 0 / 0                 0 / 0                 0 / 0           ops/s
[2023-11-19T16:56:05.501+0800][gc,stats    ]    Critical: GC Locker Stall                               0.000 / 0.000         0.000 / 0.000         0.000 / 0.000         0.000 / 0.000       ms
[2023-11-19T16:56:05.501+0800][gc,stats    ]    Critical: Relocation Stall                                  0 / 0                 0 / 0                 0 / 0                 0 / 0           ops/s
[2023-11-19T16:56:05.501+0800][gc,stats    ]    Critical: Relocation Stall                              0.000 / 0.000         0.000 / 0.000         0.000 / 0.000         0.000 / 0.000       ms
[2023-11-19T16:56:05.501+0800][gc,stats    ]      Memory: Allocation Rate                                   0 / 0                 0 / 104               0 / 104               0 / 104         MB/s
[2023-11-19T16:56:05.501+0800][gc,stats    ]      Memory: Defragment                                        0 / 0                 0 / 0                 0 / 0                 0 / 0           ops/s
[2023-11-19T16:56:05.501+0800][gc,stats    ]      Memory: Out Of Memory                                     0 / 0                 0 / 0                 0 / 0                 0 / 0           ops/s
[2023-11-19T16:56:05.501+0800][gc,stats    ]      Memory: Page Cache Flush                                  0 / 0                 0 / 0                 0 / 0                 0 / 0           MB/s
[2023-11-19T16:56:05.501+0800][gc,stats    ]      Memory: Page Cache Hit L1                                 0 / 0                 0 / 29                0 / 29                0 / 29          ops/s
[2023-11-19T16:56:05.501+0800][gc,stats    ]      Memory: Page Cache Hit L2                                 0 / 0                 0 / 0                 0 / 0                 0 / 0           ops/s
[2023-11-19T16:56:05.501+0800][gc,stats    ]      Memory: Page Cache Hit L3                                 0 / 0                 0 / 48                0 / 48                0 / 48          ops/s
[2023-11-19T16:56:05.501+0800][gc,stats    ]      Memory: Page Cache Miss                                   0 / 0                 0 / 1                 0 / 1                 0 / 1           ops/s
[2023-11-19T16:56:05.501+0800][gc,stats    ]      Memory: Uncommit                                          0 / 0                 0 / 0                 0 / 0                 0 / 0           MB/s
[2023-11-19T16:56:05.501+0800][gc,stats    ]      Memory: Undo Object Allocation Failed                     0 / 0                 0 / 0                 0 / 0                 0 / 0           ops/s
[2023-11-19T16:56:05.501+0800][gc,stats    ]      Memory: Undo Object Allocation Succeeded                  0 / 0                 0 / 0                 0 / 0                 0 / 0           ops/s
[2023-11-19T16:56:05.501+0800][gc,stats    ]      Memory: Undo Page Allocation                              0 / 0                 0 / 0                 0 / 0                 0 / 0           ops/s
[2023-11-19T16:56:05.501+0800][gc,stats    ]       Phase: Concurrent Mark                               0.000 / 0.000        13.801 / 15.394       13.801 / 15.394       13.801 / 15.394      ms
[2023-11-19T16:56:05.501+0800][gc,stats    ]       Phase: Concurrent Mark Continue                      0.000 / 0.000         0.000 / 0.000         0.000 / 0.000         0.000 / 0.000       ms
[2023-11-19T16:56:05.501+0800][gc,stats    ]       Phase: Concurrent Mark Free                          0.000 / 0.000         0.001 / 0.001         0.001 / 0.001         0.001 / 0.001       ms
[2023-11-19T16:56:05.501+0800][gc,stats    ]       Phase: Concurrent Process Non-Strong References      0.000 / 0.000         1.810 / 1.931         1.810 / 1.931         1.810 / 1.931       ms
[2023-11-19T16:56:05.501+0800][gc,stats    ]       Phase: Concurrent Relocate                           0.000 / 0.000         2.671 / 3.187         2.671 / 3.187         2.671 / 3.187       ms
[2023-11-19T16:56:05.501+0800][gc,stats    ]       Phase: Concurrent Reset Relocation Set               0.000 / 0.000         0.001 / 0.003         0.001 / 0.003         0.001 / 0.003       ms
[2023-11-19T16:56:05.501+0800][gc,stats    ]       Phase: Concurrent Select Relocation Set              0.000 / 0.000         4.627 / 7.839         4.627 / 7.839         4.627 / 7.839       ms
[2023-11-19T16:56:05.501+0800][gc,stats    ]       Phase: Pause Mark End                                0.000 / 0.000         0.016 / 0.018         0.016 / 0.018         0.016 / 0.018       ms
[2023-11-19T16:56:05.501+0800][gc,stats    ]       Phase: Pause Mark Start                              0.000 / 0.000         0.013 / 0.019         0.013 / 0.019         0.013 / 0.019       ms
[2023-11-19T16:56:05.501+0800][gc,stats    ]       Phase: Pause Relocate Start                          0.000 / 0.000         0.008 / 0.009         0.008 / 0.009         0.008 / 0.009       ms
[2023-11-19T16:56:05.501+0800][gc,stats    ]    Subphase: Concurrent Classes Purge                      0.000 / 0.000         0.047 / 0.049         0.047 / 0.049         0.047 / 0.049       ms
[2023-11-19T16:56:05.501+0800][gc,stats    ]    Subphase: Concurrent Classes Unlink                     0.000 / 0.000         1.263 / 1.295         1.263 / 1.295         1.263 / 1.295       ms
[2023-11-19T16:56:05.501+0800][gc,stats    ]    Subphase: Concurrent Mark                               0.000 / 0.000        11.825 / 13.159       11.825 / 13.159       11.825 / 13.159      ms
[2023-11-19T16:56:05.501+0800][gc,stats    ]    Subphase: Concurrent Mark Try Flush                     0.000 / 0.000         0.057 / 0.108         0.057 / 0.108         0.057 / 0.108       ms
[2023-11-19T16:56:05.501+0800][gc,stats    ]    Subphase: Concurrent Mark Try Terminate                 0.000 / 0.000         1.420 / 4.236         1.420 / 4.236         1.420 / 4.236       ms
[2023-11-19T16:56:05.501+0800][gc,stats    ]    Subphase: Concurrent References Enqueue                 0.000 / 0.000         0.004 / 0.004         0.004 / 0.004         0.004 / 0.004       ms
[2023-11-19T16:56:05.501+0800][gc,stats    ]    Subphase: Concurrent References Process                 0.000 / 0.000         0.090 / 0.101         0.090 / 0.101         0.090 / 0.101       ms
[2023-11-19T16:56:05.501+0800][gc,stats    ]    Subphase: Concurrent Roots ClassLoaderDataGraph         0.000 / 0.000         0.103 / 0.506         0.103 / 0.506         0.103 / 0.506       ms
[2023-11-19T16:56:05.501+0800][gc,stats    ]    Subphase: Concurrent Roots CodeCache                    0.000 / 0.000         0.000 / 0.000         0.000 / 0.000         0.000 / 0.000       ms
[2023-11-19T16:56:05.501+0800][gc,stats    ]    Subphase: Concurrent Roots JavaThreads                  0.000 / 0.000         1.129 / 2.106         1.129 / 2.106         1.129 / 2.106       ms
[2023-11-19T16:56:05.501+0800][gc,stats    ]    Subphase: Concurrent Roots OopStorageSet                0.000 / 0.000         0.036 / 0.058         0.036 / 0.058         0.036 / 0.058       ms
[2023-11-19T16:56:05.501+0800][gc,stats    ]    Subphase: Concurrent Weak Roots OopStorageSet           0.000 / 0.000         0.328 / 0.486         0.328 / 0.486         0.328 / 0.486       ms
[2023-11-19T16:56:05.501+0800][gc,stats    ]    Subphase: Pause Mark Try Complete                       0.000 / 0.000         0.000 / 0.000         0.000 / 0.000         0.000 / 0.000       ms
[2023-11-19T16:56:05.501+0800][gc,stats    ]      System: Java Threads                                      0 / 0                39 / 54               39 / 54               39 / 54          threads
[2023-11-19T16:56:05.501+0800][gc,stats    ] =========================================================================================================================================================
[2023-11-19T16:56:15.501+0800][gc,stats    ] === Garbage Collection Statistics =======================================================================================================================
[2023-11-19T16:56:15.501+0800][gc,stats    ]                                                              Last 10s              Last 10m              Last 10h                Total
[2023-11-19T16:56:15.501+0800][gc,stats    ]                                                              Avg / Max             Avg / Max             Avg / Max             Avg / Max
[2023-11-19T16:56:15.501+0800][gc,stats    ]   Collector: Garbage Collection Cycle                      0.000 / 0.000        23.723 / 25.775       23.723 / 25.775       23.723 / 25.775      ms
[2023-11-19T16:56:15.501+0800][gc,stats    ]  Contention: Mark Segment Reset Contention                     0 / 0                 0 / 3                 0 / 3                 0 / 3           ops/s
[2023-11-19T16:56:15.501+0800][gc,stats    ]  Contention: Mark SeqNum Reset Contention                      0 / 0                 0 / 0                 0 / 0                 0 / 0           ops/s
[2023-11-19T16:56:15.501+0800][gc,stats    ]    Critical: Allocation Stall                                  0 / 0                 0 / 0                 0 / 0                 0 / 0           ops/s
[2023-11-19T16:56:15.501+0800][gc,stats    ]    Critical: Allocation Stall                              0.000 / 0.000         0.000 / 0.000         0.000 / 0.000         0.000 / 0.000       ms
[2023-11-19T16:56:15.501+0800][gc,stats    ]    Critical: GC Locker Stall                                   0 / 0                 0 / 0                 0 / 0                 0 / 0           ops/s
[2023-11-19T16:56:15.501+0800][gc,stats    ]    Critical: GC Locker Stall                               0.000 / 0.000         0.000 / 0.000         0.000 / 0.000         0.000 / 0.000       ms
[2023-11-19T16:56:15.501+0800][gc,stats    ]    Critical: Relocation Stall                                  0 / 0                 0 / 0                 0 / 0                 0 / 0           ops/s
[2023-11-19T16:56:15.501+0800][gc,stats    ]    Critical: Relocation Stall                              0.000 / 0.000         0.000 / 0.000         0.000 / 0.000         0.000 / 0.000       ms
[2023-11-19T16:56:15.501+0800][gc,stats    ]      Memory: Allocation Rate                                   0 / 2                 0 / 104               0 / 104               0 / 104         MB/s
[2023-11-19T16:56:15.501+0800][gc,stats    ]      Memory: Defragment                                        0 / 0                 0 / 0                 0 / 0                 0 / 0           ops/s
[2023-11-19T16:56:15.501+0800][gc,stats    ]      Memory: Out Of Memory                                     0 / 0                 0 / 0                 0 / 0                 0 / 0           ops/s
[2023-11-19T16:56:15.501+0800][gc,stats    ]      Memory: Page Cache Flush                                  0 / 0                 0 / 0                 0 / 0                 0 / 0           MB/s
[2023-11-19T16:56:15.501+0800][gc,stats    ]      Memory: Page Cache Hit L1                                 0 / 1                 0 / 29                0 / 29                0 / 29          ops/s
[2023-11-19T16:56:15.501+0800][gc,stats    ]      Memory: Page Cache Hit L2                                 0 / 0                 0 / 0                 0 / 0                 0 / 0           ops/s
[2023-11-19T16:56:15.501+0800][gc,stats    ]      Memory: Page Cache Hit L3                                 0 / 0                 0 / 48                0 / 48                0 / 48          ops/s
[2023-11-19T16:56:15.501+0800][gc,stats    ]      Memory: Page Cache Miss                                   0 / 0                 0 / 1                 0 / 1                 0 / 1           ops/s
[2023-11-19T16:56:15.501+0800][gc,stats    ]      Memory: Uncommit                                          0 / 0                 0 / 0                 0 / 0                 0 / 0           MB/s
[2023-11-19T16:56:15.501+0800][gc,stats    ]      Memory: Undo Object Allocation Failed                     0 / 0                 0 / 0                 0 / 0                 0 / 0           ops/s
[2023-11-19T16:56:15.501+0800][gc,stats    ]      Memory: Undo Object Allocation Succeeded                  0 / 0                 0 / 0                 0 / 0                 0 / 0           ops/s
[2023-11-19T16:56:15.501+0800][gc,stats    ]      Memory: Undo Page Allocation                              0 / 0                 0 / 0                 0 / 0                 0 / 0           ops/s
[2023-11-19T16:56:15.501+0800][gc,stats    ]       Phase: Concurrent Mark                               0.000 / 0.000        13.801 / 15.394       13.801 / 15.394       13.801 / 15.394      ms
[2023-11-19T16:56:15.501+0800][gc,stats    ]       Phase: Concurrent Mark Continue                      0.000 / 0.000         0.000 / 0.000         0.000 / 0.000         0.000 / 0.000       ms
[2023-11-19T16:56:15.501+0800][gc,stats    ]       Phase: Concurrent Mark Free                          0.000 / 0.000         0.001 / 0.001         0.001 / 0.001         0.001 / 0.001       ms
[2023-11-19T16:56:15.501+0800][gc,stats    ]       Phase: Concurrent Process Non-Strong References      0.000 / 0.000         1.810 / 1.931         1.810 / 1.931         1.810 / 1.931       ms
[2023-11-19T16:56:15.501+0800][gc,stats    ]       Phase: Concurrent Relocate                           0.000 / 0.000         2.671 / 3.187         2.671 / 3.187         2.671 / 3.187       ms
[2023-11-19T16:56:15.501+0800][gc,stats    ]       Phase: Concurrent Reset Relocation Set               0.000 / 0.000         0.001 / 0.003         0.001 / 0.003         0.001 / 0.003       ms
[2023-11-19T16:56:15.501+0800][gc,stats    ]       Phase: Concurrent Select Relocation Set              0.000 / 0.000         4.627 / 7.839         4.627 / 7.839         4.627 / 7.839       ms
[2023-11-19T16:56:15.501+0800][gc,stats    ]       Phase: Pause Mark End                                0.000 / 0.000         0.016 / 0.018         0.016 / 0.018         0.016 / 0.018       ms
[2023-11-19T16:56:15.501+0800][gc,stats    ]       Phase: Pause Mark Start                              0.000 / 0.000         0.013 / 0.019         0.013 / 0.019         0.013 / 0.019       ms
[2023-11-19T16:56:15.501+0800][gc,stats    ]       Phase: Pause Relocate Start                          0.000 / 0.000         0.008 / 0.009         0.008 / 0.009         0.008 / 0.009       ms
[2023-11-19T16:56:15.501+0800][gc,stats    ]    Subphase: Concurrent Classes Purge                      0.000 / 0.000         0.047 / 0.049         0.047 / 0.049         0.047 / 0.049       ms
[2023-11-19T16:56:15.501+0800][gc,stats    ]    Subphase: Concurrent Classes Unlink                     0.000 / 0.000         1.263 / 1.295         1.263 / 1.295         1.263 / 1.295       ms
[2023-11-19T16:56:15.501+0800][gc,stats    ]    Subphase: Concurrent Mark                               0.000 / 0.000        11.825 / 13.159       11.825 / 13.159       11.825 / 13.159      ms
[2023-11-19T16:56:15.501+0800][gc,stats    ]    Subphase: Concurrent Mark Try Flush                     0.000 / 0.000         0.057 / 0.108         0.057 / 0.108         0.057 / 0.108       ms
[2023-11-19T16:56:15.501+0800][gc,stats    ]    Subphase: Concurrent Mark Try Terminate                 0.000 / 0.000         1.420 / 4.236         1.420 / 4.236         1.420 / 4.236       ms
[2023-11-19T16:56:15.501+0800][gc,stats    ]    Subphase: Concurrent References Enqueue                 0.000 / 0.000         0.004 / 0.004         0.004 / 0.004         0.004 / 0.004       ms
[2023-11-19T16:56:15.501+0800][gc,stats    ]    Subphase: Concurrent References Process                 0.000 / 0.000         0.090 / 0.101         0.090 / 0.101         0.090 / 0.101       ms
[2023-11-19T16:56:15.501+0800][gc,stats    ]    Subphase: Concurrent Roots ClassLoaderDataGraph         0.000 / 0.000         0.103 / 0.506         0.103 / 0.506         0.103 / 0.506       ms
[2023-11-19T16:56:15.501+0800][gc,stats    ]    Subphase: Concurrent Roots CodeCache                    0.000 / 0.000         0.000 / 0.000         0.000 / 0.000         0.000 / 0.000       ms
[2023-11-19T16:56:15.501+0800][gc,stats    ]    Subphase: Concurrent Roots JavaThreads                  0.000 / 0.000         1.129 / 2.106         1.129 / 2.106         1.129 / 2.106       ms
[2023-11-19T16:56:15.501+0800][gc,stats    ]    Subphase: Concurrent Roots OopStorageSet                0.000 / 0.000         0.036 / 0.058         0.036 / 0.058         0.036 / 0.058       ms
[2023-11-19T16:56:15.501+0800][gc,stats    ]    Subphase: Concurrent Weak Roots OopStorageSet           0.000 / 0.000         0.328 / 0.486         0.328 / 0.486         0.328 / 0.486       ms
[2023-11-19T16:56:15.501+0800][gc,stats    ]    Subphase: Pause Mark Try Complete                       0.000 / 0.000         0.000 / 0.000         0.000 / 0.000         0.000 / 0.000       ms
[2023-11-19T16:56:15.501+0800][gc,stats    ]      System: Java Threads                                      0 / 0                39 / 54               39 / 54               39 / 54          threads
[2023-11-19T16:56:15.501+0800][gc,stats    ] =========================================================================================================================================================
[2023-11-19T16:56:25.501+0800][gc,stats    ] === Garbage Collection Statistics =======================================================================================================================
[2023-11-19T16:56:25.501+0800][gc,stats    ]                                                              Last 10s              Last 10m              Last 10h                Total
[2023-11-19T16:56:25.501+0800][gc,stats    ]                                                              Avg / Max             Avg / Max             Avg / Max             Avg / Max
[2023-11-19T16:56:25.501+0800][gc,stats    ]   Collector: Garbage Collection Cycle                      0.000 / 0.000        23.723 / 25.775       23.723 / 25.775       23.723 / 25.775      ms
[2023-11-19T16:56:25.501+0800][gc,stats    ]  Contention: Mark Segment Reset Contention                     0 / 0                 0 / 3                 0 / 3                 0 / 3           ops/s
[2023-11-19T16:56:25.501+0800][gc,stats    ]  Contention: Mark SeqNum Reset Contention                      0 / 0                 0 / 0                 0 / 0                 0 / 0           ops/s
[2023-11-19T16:56:25.501+0800][gc,stats    ]    Critical: Allocation Stall                                  0 / 0                 0 / 0                 0 / 0                 0 / 0           ops/s
[2023-11-19T16:56:25.501+0800][gc,stats    ]    Critical: Allocation Stall                              0.000 / 0.000         0.000 / 0.000         0.000 / 0.000         0.000 / 0.000       ms
[2023-11-19T16:56:25.501+0800][gc,stats    ]    Critical: GC Locker Stall                                   0 / 0                 0 / 0                 0 / 0                 0 / 0           ops/s
[2023-11-19T16:56:25.501+0800][gc,stats    ]    Critical: GC Locker Stall                               0.000 / 0.000         0.000 / 0.000         0.000 / 0.000         0.000 / 0.000       ms
[2023-11-19T16:56:25.501+0800][gc,stats    ]    Critical: Relocation Stall                                  0 / 0                 0 / 0                 0 / 0                 0 / 0           ops/s
[2023-11-19T16:56:25.501+0800][gc,stats    ]    Critical: Relocation Stall                              0.000 / 0.000         0.000 / 0.000         0.000 / 0.000         0.000 / 0.000       ms
[2023-11-19T16:56:25.501+0800][gc,stats    ]      Memory: Allocation Rate                                   0 / 2                 0 / 104               0 / 104               0 / 104         MB/s
[2023-11-19T16:56:25.501+0800][gc,stats    ]      Memory: Defragment                                        0 / 0                 0 / 0                 0 / 0                 0 / 0           ops/s
[2023-11-19T16:56:25.501+0800][gc,stats    ]      Memory: Out Of Memory                                     0 / 0                 0 / 0                 0 / 0                 0 / 0           ops/s
[2023-11-19T16:56:25.501+0800][gc,stats    ]      Memory: Page Cache Flush                                  0 / 0                 0 / 0                 0 / 0                 0 / 0           MB/s
[2023-11-19T16:56:25.501+0800][gc,stats    ]      Memory: Page Cache Hit L1                                 0 / 1                 0 / 29                0 / 29                0 / 29          ops/s
[2023-11-19T16:56:25.501+0800][gc,stats    ]      Memory: Page Cache Hit L2                                 0 / 0                 0 / 0                 0 / 0                 0 / 0           ops/s
[2023-11-19T16:56:25.501+0800][gc,stats    ]      Memory: Page Cache Hit L3                                 0 / 0                 0 / 48                0 / 48                0 / 48          ops/s
[2023-11-19T16:56:25.501+0800][gc,stats    ]      Memory: Page Cache Miss                                   0 / 0                 0 / 1                 0 / 1                 0 / 1           ops/s
[2023-11-19T16:56:25.501+0800][gc,stats    ]      Memory: Uncommit                                          0 / 0                 0 / 0                 0 / 0                 0 / 0           MB/s
[2023-11-19T16:56:25.501+0800][gc,stats    ]      Memory: Undo Object Allocation Failed                     0 / 0                 0 / 0                 0 / 0                 0 / 0           ops/s
[2023-11-19T16:56:25.501+0800][gc,stats    ]      Memory: Undo Object Allocation Succeeded                  0 / 0                 0 / 0                 0 / 0                 0 / 0           ops/s
[2023-11-19T16:56:25.501+0800][gc,stats    ]      Memory: Undo Page Allocation                              0 / 0                 0 / 0                 0 / 0                 0 / 0           ops/s
[2023-11-19T16:56:25.501+0800][gc,stats    ]       Phase: Concurrent Mark                               0.000 / 0.000        13.801 / 15.394       13.801 / 15.394       13.801 / 15.394      ms
[2023-11-19T16:56:25.501+0800][gc,stats    ]       Phase: Concurrent Mark Continue                      0.000 / 0.000         0.000 / 0.000         0.000 / 0.000         0.000 / 0.000       ms
[2023-11-19T16:56:25.501+0800][gc,stats    ]       Phase: Concurrent Mark Free                          0.000 / 0.000         0.001 / 0.001         0.001 / 0.001         0.001 / 0.001       ms
[2023-11-19T16:56:25.502+0800][gc,stats    ]       Phase: Concurrent Process Non-Strong References      0.000 / 0.000         1.810 / 1.931         1.810 / 1.931         1.810 / 1.931       ms
[2023-11-19T16:56:25.502+0800][gc,stats    ]       Phase: Concurrent Relocate                           0.000 / 0.000         2.671 / 3.187         2.671 / 3.187         2.671 / 3.187       ms
[2023-11-19T16:56:25.502+0800][gc,stats    ]       Phase: Concurrent Reset Relocation Set               0.000 / 0.000         0.001 / 0.003         0.001 / 0.003         0.001 / 0.003       ms
[2023-11-19T16:56:25.502+0800][gc,stats    ]       Phase: Concurrent Select Relocation Set              0.000 / 0.000         4.627 / 7.839         4.627 / 7.839         4.627 / 7.839       ms
[2023-11-19T16:56:25.502+0800][gc,stats    ]       Phase: Pause Mark End                                0.000 / 0.000         0.016 / 0.018         0.016 / 0.018         0.016 / 0.018       ms
[2023-11-19T16:56:25.502+0800][gc,stats    ]       Phase: Pause Mark Start                              0.000 / 0.000         0.013 / 0.019         0.013 / 0.019         0.013 / 0.019       ms
[2023-11-19T16:56:25.502+0800][gc,stats    ]       Phase: Pause Relocate Start                          0.000 / 0.000         0.008 / 0.009         0.008 / 0.009         0.008 / 0.009       ms
[2023-11-19T16:56:25.502+0800][gc,stats    ]    Subphase: Concurrent Classes Purge                      0.000 / 0.000         0.047 / 0.049         0.047 / 0.049         0.047 / 0.049       ms
[2023-11-19T16:56:25.502+0800][gc,stats    ]    Subphase: Concurrent Classes Unlink                     0.000 / 0.000         1.263 / 1.295         1.263 / 1.295         1.263 / 1.295       ms
[2023-11-19T16:56:25.502+0800][gc,stats    ]    Subphase: Concurrent Mark                               0.000 / 0.000        11.825 / 13.159       11.825 / 13.159       11.825 / 13.159      ms
[2023-11-19T16:56:25.502+0800][gc,stats    ]    Subphase: Concurrent Mark Try Flush                     0.000 / 0.000         0.057 / 0.108         0.057 / 0.108         0.057 / 0.108       ms
[2023-11-19T16:56:25.502+0800][gc,stats    ]    Subphase: Concurrent Mark Try Terminate                 0.000 / 0.000         1.420 / 4.236         1.420 / 4.236         1.420 / 4.236       ms
[2023-11-19T16:56:25.502+0800][gc,stats    ]    Subphase: Concurrent References Enqueue                 0.000 / 0.000         0.004 / 0.004         0.004 / 0.004         0.004 / 0.004       ms
[2023-11-19T16:56:25.502+0800][gc,stats    ]    Subphase: Concurrent References Process                 0.000 / 0.000         0.090 / 0.101         0.090 / 0.101         0.090 / 0.101       ms
[2023-11-19T16:56:25.502+0800][gc,stats    ]    Subphase: Concurrent Roots ClassLoaderDataGraph         0.000 / 0.000         0.103 / 0.506         0.103 / 0.506         0.103 / 0.506       ms
[2023-11-19T16:56:25.502+0800][gc,stats    ]    Subphase: Concurrent Roots CodeCache                    0.000 / 0.000         0.000 / 0.000         0.000 / 0.000         0.000 / 0.000       ms
[2023-11-19T16:56:25.502+0800][gc,stats    ]    Subphase: Concurrent Roots JavaThreads                  0.000 / 0.000         1.129 / 2.106         1.129 / 2.106         1.129 / 2.106       ms
[2023-11-19T16:56:25.502+0800][gc,stats    ]    Subphase: Concurrent Roots OopStorageSet                0.000 / 0.000         0.036 / 0.058         0.036 / 0.058         0.036 / 0.058       ms
[2023-11-19T16:56:25.502+0800][gc,stats    ]    Subphase: Concurrent Weak Roots OopStorageSet           0.000 / 0.000         0.328 / 0.486         0.328 / 0.486         0.328 / 0.486       ms
[2023-11-19T16:56:25.502+0800][gc,stats    ]    Subphase: Pause Mark Try Complete                       0.000 / 0.000         0.000 / 0.000         0.000 / 0.000         0.000 / 0.000       ms
[2023-11-19T16:56:25.502+0800][gc,stats    ]      System: Java Threads                                      0 / 0                39 / 54               39 / 54               39 / 54          threads
[2023-11-19T16:56:25.502+0800][gc,stats    ] =========================================================================================================================================================
[2023-11-19T16:56:35.500+0800][gc,stats    ] === Garbage Collection Statistics =======================================================================================================================
[2023-11-19T16:56:35.500+0800][gc,stats    ]                                                              Last 10s              Last 10m              Last 10h                Total
[2023-11-19T16:56:35.500+0800][gc,stats    ]                                                              Avg / Max             Avg / Max             Avg / Max             Avg / Max
[2023-11-19T16:56:35.500+0800][gc,stats    ]   Collector: Garbage Collection Cycle                      0.000 / 0.000        23.723 / 25.775       23.723 / 25.775       23.723 / 25.775      ms
[2023-11-19T16:56:35.500+0800][gc,stats    ]  Contention: Mark Segment Reset Contention                     0 / 0                 0 / 3                 0 / 3                 0 / 3           ops/s
[2023-11-19T16:56:35.500+0800][gc,stats    ]  Contention: Mark SeqNum Reset Contention                      0 / 0                 0 / 0                 0 / 0                 0 / 0           ops/s
[2023-11-19T16:56:35.500+0800][gc,stats    ]    Critical: Allocation Stall                                  0 / 0                 0 / 0                 0 / 0                 0 / 0           ops/s
[2023-11-19T16:56:35.500+0800][gc,stats    ]    Critical: Allocation Stall                              0.000 / 0.000         0.000 / 0.000         0.000 / 0.000         0.000 / 0.000       ms
[2023-11-19T16:56:35.500+0800][gc,stats    ]    Critical: GC Locker Stall                                   0 / 0                 0 / 0                 0 / 0                 0 / 0           ops/s
[2023-11-19T16:56:35.500+0800][gc,stats    ]    Critical: GC Locker Stall                               0.000 / 0.000         0.000 / 0.000         0.000 / 0.000         0.000 / 0.000       ms
[2023-11-19T16:56:35.500+0800][gc,stats    ]    Critical: Relocation Stall                                  0 / 0                 0 / 0                 0 / 0                 0 / 0           ops/s
[2023-11-19T16:56:35.500+0800][gc,stats    ]    Critical: Relocation Stall                              0.000 / 0.000         0.000 / 0.000         0.000 / 0.000         0.000 / 0.000       ms
[2023-11-19T16:56:35.500+0800][gc,stats    ]      Memory: Allocation Rate                                   0 / 2                 0 / 104               0 / 104               0 / 104         MB/s
[2023-11-19T16:56:35.500+0800][gc,stats    ]      Memory: Defragment                                        0 / 0                 0 / 0                 0 / 0                 0 / 0           ops/s
[2023-11-19T16:56:35.500+0800][gc,stats    ]      Memory: Out Of Memory                                     0 / 0                 0 / 0                 0 / 0                 0 / 0           ops/s
[2023-11-19T16:56:35.500+0800][gc,stats    ]      Memory: Page Cache Flush                                  0 / 0                 0 / 0                 0 / 0                 0 / 0           MB/s
[2023-11-19T16:56:35.500+0800][gc,stats    ]      Memory: Page Cache Hit L1                                 0 / 1                 0 / 29                0 / 29                0 / 29          ops/s
[2023-11-19T16:56:35.500+0800][gc,stats    ]      Memory: Page Cache Hit L2                                 0 / 0                 0 / 0                 0 / 0                 0 / 0           ops/s
[2023-11-19T16:56:35.500+0800][gc,stats    ]      Memory: Page Cache Hit L3                                 0 / 0                 0 / 48                0 / 48                0 / 48          ops/s
[2023-11-19T16:56:35.500+0800][gc,stats    ]      Memory: Page Cache Miss                                   0 / 0                 0 / 1                 0 / 1                 0 / 1           ops/s
[2023-11-19T16:56:35.500+0800][gc,stats    ]      Memory: Uncommit                                          0 / 0                 0 / 0                 0 / 0                 0 / 0           MB/s
[2023-11-19T16:56:35.500+0800][gc,stats    ]      Memory: Undo Object Allocation Failed                     0 / 0                 0 / 0                 0 / 0                 0 / 0           ops/s
[2023-11-19T16:56:35.500+0800][gc,stats    ]      Memory: Undo Object Allocation Succeeded                  0 / 0                 0 / 0                 0 / 0                 0 / 0           ops/s
[2023-11-19T16:56:35.500+0800][gc,stats    ]      Memory: Undo Page Allocation                              0 / 0                 0 / 0                 0 / 0                 0 / 0           ops/s
[2023-11-19T16:56:35.500+0800][gc,stats    ]       Phase: Concurrent Mark                               0.000 / 0.000        13.801 / 15.394       13.801 / 15.394       13.801 / 15.394      ms
[2023-11-19T16:56:35.500+0800][gc,stats    ]       Phase: Concurrent Mark Continue                      0.000 / 0.000         0.000 / 0.000         0.000 / 0.000         0.000 / 0.000       ms
[2023-11-19T16:56:35.500+0800][gc,stats    ]       Phase: Concurrent Mark Free                          0.000 / 0.000         0.001 / 0.001         0.001 / 0.001         0.001 / 0.001       ms
[2023-11-19T16:56:35.500+0800][gc,stats    ]       Phase: Concurrent Process Non-Strong References      0.000 / 0.000         1.810 / 1.931         1.810 / 1.931         1.810 / 1.931       ms
[2023-11-19T16:56:35.500+0800][gc,stats    ]       Phase: Concurrent Relocate                           0.000 / 0.000         2.671 / 3.187         2.671 / 3.187         2.671 / 3.187       ms
[2023-11-19T16:56:35.500+0800][gc,stats    ]       Phase: Concurrent Reset Relocation Set               0.000 / 0.000         0.001 / 0.003         0.001 / 0.003         0.001 / 0.003       ms
[2023-11-19T16:56:35.500+0800][gc,stats    ]       Phase: Concurrent Select Relocation Set              0.000 / 0.000         4.627 / 7.839         4.627 / 7.839         4.627 / 7.839       ms
[2023-11-19T16:56:35.500+0800][gc,stats    ]       Phase: Pause Mark End                                0.000 / 0.000         0.016 / 0.018         0.016 / 0.018         0.016 / 0.018       ms
[2023-11-19T16:56:35.500+0800][gc,stats    ]       Phase: Pause Mark Start                              0.000 / 0.000         0.013 / 0.019         0.013 / 0.019         0.013 / 0.019       ms
[2023-11-19T16:56:35.500+0800][gc,stats    ]       Phase: Pause Relocate Start                          0.000 / 0.000         0.008 / 0.009         0.008 / 0.009         0.008 / 0.009       ms
[2023-11-19T16:56:35.500+0800][gc,stats    ]    Subphase: Concurrent Classes Purge                      0.000 / 0.000         0.047 / 0.049         0.047 / 0.049         0.047 / 0.049       ms
[2023-11-19T16:56:35.500+0800][gc,stats    ]    Subphase: Concurrent Classes Unlink                     0.000 / 0.000         1.263 / 1.295         1.263 / 1.295         1.263 / 1.295       ms
[2023-11-19T16:56:35.500+0800][gc,stats    ]    Subphase: Concurrent Mark                               0.000 / 0.000        11.825 / 13.159       11.825 / 13.159       11.825 / 13.159      ms
[2023-11-19T16:56:35.500+0800][gc,stats    ]    Subphase: Concurrent Mark Try Flush                     0.000 / 0.000         0.057 / 0.108         0.057 / 0.108         0.057 / 0.108       ms
[2023-11-19T16:56:35.500+0800][gc,stats    ]    Subphase: Concurrent Mark Try Terminate                 0.000 / 0.000         1.420 / 4.236         1.420 / 4.236         1.420 / 4.236       ms
[2023-11-19T16:56:35.500+0800][gc,stats    ]    Subphase: Concurrent References Enqueue                 0.000 / 0.000         0.004 / 0.004         0.004 / 0.004         0.004 / 0.004       ms
[2023-11-19T16:56:35.500+0800][gc,stats    ]    Subphase: Concurrent References Process                 0.000 / 0.000         0.090 / 0.101         0.090 / 0.101         0.090 / 0.101       ms
[2023-11-19T16:56:35.500+0800][gc,stats    ]    Subphase: Concurrent Roots ClassLoaderDataGraph         0.000 / 0.000         0.103 / 0.506         0.103 / 0.506         0.103 / 0.506       ms
[2023-11-19T16:56:35.500+0800][gc,stats    ]    Subphase: Concurrent Roots CodeCache                    0.000 / 0.000         0.000 / 0.000         0.000 / 0.000         0.000 / 0.000       ms
[2023-11-19T16:56:35.500+0800][gc,stats    ]    Subphase: Concurrent Roots JavaThreads                  0.000 / 0.000         1.129 / 2.106         1.129 / 2.106         1.129 / 2.106       ms
[2023-11-19T16:56:35.500+0800][gc,stats    ]    Subphase: Concurrent Roots OopStorageSet                0.000 / 0.000         0.036 / 0.058         0.036 / 0.058         0.036 / 0.058       ms
[2023-11-19T16:56:35.502+0800][gc,stats    ]    Subphase: Concurrent Weak Roots OopStorageSet           0.000 / 0.000         0.328 / 0.486         0.328 / 0.486         0.328 / 0.486       ms
[2023-11-19T16:56:35.502+0800][gc,stats    ]    Subphase: Pause Mark Try Complete                       0.000 / 0.000         0.000 / 0.000         0.000 / 0.000         0.000 / 0.000       ms
[2023-11-19T16:56:35.502+0800][gc,stats    ]      System: Java Threads                                      0 / 0                39 / 54               39 / 54               39 / 54          threads
[2023-11-19T16:56:35.502+0800][gc,stats    ] =========================================================================================================================================================
[2023-11-19T16:56:45.500+0800][gc,stats    ] === Garbage Collection Statistics =======================================================================================================================
[2023-11-19T16:56:45.500+0800][gc,stats    ]                                                              Last 10s              Last 10m              Last 10h                Total
[2023-11-19T16:56:45.500+0800][gc,stats    ]                                                              Avg / Max             Avg / Max             Avg / Max             Avg / Max
[2023-11-19T16:56:45.500+0800][gc,stats    ]   Collector: Garbage Collection Cycle                      0.000 / 0.000        23.723 / 25.775       23.723 / 25.775       23.723 / 25.775      ms
[2023-11-19T16:56:45.500+0800][gc,stats    ]  Contention: Mark Segment Reset Contention                     0 / 0                 0 / 3                 0 / 3                 0 / 3           ops/s
[2023-11-19T16:56:45.500+0800][gc,stats    ]  Contention: Mark SeqNum Reset Contention                      0 / 0                 0 / 0                 0 / 0                 0 / 0           ops/s
[2023-11-19T16:56:45.500+0800][gc,stats    ]    Critical: Allocation Stall                                  0 / 0                 0 / 0                 0 / 0                 0 / 0           ops/s
[2023-11-19T16:56:45.500+0800][gc,stats    ]    Critical: Allocation Stall                              0.000 / 0.000         0.000 / 0.000         0.000 / 0.000         0.000 / 0.000       ms
[2023-11-19T16:56:45.500+0800][gc,stats    ]    Critical: GC Locker Stall                                   0 / 0                 0 / 0                 0 / 0                 0 / 0           ops/s
[2023-11-19T16:56:45.500+0800][gc,stats    ]    Critical: GC Locker Stall                               0.000 / 0.000         0.000 / 0.000         0.000 / 0.000         0.000 / 0.000       ms
[2023-11-19T16:56:45.500+0800][gc,stats    ]    Critical: Relocation Stall                                  0 / 0                 0 / 0                 0 / 0                 0 / 0           ops/s
[2023-11-19T16:56:45.500+0800][gc,stats    ]    Critical: Relocation Stall                              0.000 / 0.000         0.000 / 0.000         0.000 / 0.000         0.000 / 0.000       ms
[2023-11-19T16:56:45.500+0800][gc,stats    ]      Memory: Allocation Rate                                   0 / 2                 0 / 104               0 / 104               0 / 104         MB/s
[2023-11-19T16:56:45.500+0800][gc,stats    ]      Memory: Defragment                                        0 / 0                 0 / 0                 0 / 0                 0 / 0           ops/s
[2023-11-19T16:56:45.500+0800][gc,stats    ]      Memory: Out Of Memory                                     0 / 0                 0 / 0                 0 / 0                 0 / 0           ops/s
[2023-11-19T16:56:45.500+0800][gc,stats    ]      Memory: Page Cache Flush                                  0 / 0                 0 / 0                 0 / 0                 0 / 0           MB/s
[2023-11-19T16:56:45.500+0800][gc,stats    ]      Memory: Page Cache Hit L1                                 0 / 1                 0 / 29                0 / 29                0 / 29          ops/s
[2023-11-19T16:56:45.500+0800][gc,stats    ]      Memory: Page Cache Hit L2                                 0 / 0                 0 / 0                 0 / 0                 0 / 0           ops/s
[2023-11-19T16:56:45.500+0800][gc,stats    ]      Memory: Page Cache Hit L3                                 0 / 0                 0 / 48                0 / 48                0 / 48          ops/s
[2023-11-19T16:56:45.500+0800][gc,stats    ]      Memory: Page Cache Miss                                   0 / 0                 0 / 1                 0 / 1                 0 / 1           ops/s
[2023-11-19T16:56:45.500+0800][gc,stats    ]      Memory: Uncommit                                          0 / 0                 0 / 0                 0 / 0                 0 / 0           MB/s
[2023-11-19T16:56:45.500+0800][gc,stats    ]      Memory: Undo Object Allocation Failed                     0 / 0                 0 / 0                 0 / 0                 0 / 0           ops/s
[2023-11-19T16:56:45.500+0800][gc,stats    ]      Memory: Undo Object Allocation Succeeded                  0 / 0                 0 / 0                 0 / 0                 0 / 0           ops/s
[2023-11-19T16:56:45.500+0800][gc,stats    ]      Memory: Undo Page Allocation                              0 / 0                 0 / 0                 0 / 0                 0 / 0           ops/s
[2023-11-19T16:56:45.500+0800][gc,stats    ]       Phase: Concurrent Mark                               0.000 / 0.000        13.801 / 15.394       13.801 / 15.394       13.801 / 15.394      ms
[2023-11-19T16:56:45.500+0800][gc,stats    ]       Phase: Concurrent Mark Continue                      0.000 / 0.000         0.000 / 0.000         0.000 / 0.000         0.000 / 0.000       ms
[2023-11-19T16:56:45.500+0800][gc,stats    ]       Phase: Concurrent Mark Free                          0.000 / 0.000         0.001 / 0.001         0.001 / 0.001         0.001 / 0.001       ms
[2023-11-19T16:56:45.500+0800][gc,stats    ]       Phase: Concurrent Process Non-Strong References      0.000 / 0.000         1.810 / 1.931         1.810 / 1.931         1.810 / 1.931       ms
[2023-11-19T16:56:45.500+0800][gc,stats    ]       Phase: Concurrent Relocate                           0.000 / 0.000         2.671 / 3.187         2.671 / 3.187         2.671 / 3.187       ms
[2023-11-19T16:56:45.500+0800][gc,stats    ]       Phase: Concurrent Reset Relocation Set               0.000 / 0.000         0.001 / 0.003         0.001 / 0.003         0.001 / 0.003       ms
[2023-11-19T16:56:45.500+0800][gc,stats    ]       Phase: Concurrent Select Relocation Set              0.000 / 0.000         4.627 / 7.839         4.627 / 7.839         4.627 / 7.839       ms
[2023-11-19T16:56:45.500+0800][gc,stats    ]       Phase: Pause Mark End                                0.000 / 0.000         0.016 / 0.018         0.016 / 0.018         0.016 / 0.018       ms
[2023-11-19T16:56:45.500+0800][gc,stats    ]       Phase: Pause Mark Start                              0.000 / 0.000         0.013 / 0.019         0.013 / 0.019         0.013 / 0.019       ms
[2023-11-19T16:56:45.500+0800][gc,stats    ]       Phase: Pause Relocate Start                          0.000 / 0.000         0.008 / 0.009         0.008 / 0.009         0.008 / 0.009       ms
[2023-11-19T16:56:45.500+0800][gc,stats    ]    Subphase: Concurrent Classes Purge                      0.000 / 0.000         0.047 / 0.049         0.047 / 0.049         0.047 / 0.049       ms
[2023-11-19T16:56:45.500+0800][gc,stats    ]    Subphase: Concurrent Classes Unlink                     0.000 / 0.000         1.263 / 1.295         1.263 / 1.295         1.263 / 1.295       ms
[2023-11-19T16:56:45.500+0800][gc,stats    ]    Subphase: Concurrent Mark                               0.000 / 0.000        11.825 / 13.159       11.825 / 13.159       11.825 / 13.159      ms
[2023-11-19T16:56:45.500+0800][gc,stats    ]    Subphase: Concurrent Mark Try Flush                     0.000 / 0.000         0.057 / 0.108         0.057 / 0.108         0.057 / 0.108       ms
[2023-11-19T16:56:45.500+0800][gc,stats    ]    Subphase: Concurrent Mark Try Terminate                 0.000 / 0.000         1.420 / 4.236         1.420 / 4.236         1.420 / 4.236       ms
[2023-11-19T16:56:45.500+0800][gc,stats    ]    Subphase: Concurrent References Enqueue                 0.000 / 0.000         0.004 / 0.004         0.004 / 0.004         0.004 / 0.004       ms
[2023-11-19T16:56:45.500+0800][gc,stats    ]    Subphase: Concurrent References Process                 0.000 / 0.000         0.090 / 0.101         0.090 / 0.101         0.090 / 0.101       ms
[2023-11-19T16:56:45.500+0800][gc,stats    ]    Subphase: Concurrent Roots ClassLoaderDataGraph         0.000 / 0.000         0.103 / 0.506         0.103 / 0.506         0.103 / 0.506       ms
[2023-11-19T16:56:45.500+0800][gc,stats    ]    Subphase: Concurrent Roots CodeCache                    0.000 / 0.000         0.000 / 0.000         0.000 / 0.000         0.000 / 0.000       ms
[2023-11-19T16:56:45.500+0800][gc,stats    ]    Subphase: Concurrent Roots JavaThreads                  0.000 / 0.000         1.129 / 2.106         1.129 / 2.106         1.129 / 2.106       ms
[2023-11-19T16:56:45.500+0800][gc,stats    ]    Subphase: Concurrent Roots OopStorageSet                0.000 / 0.000         0.036 / 0.058         0.036 / 0.058         0.036 / 0.058       ms
[2023-11-19T16:56:45.500+0800][gc,stats    ]    Subphase: Concurrent Weak Roots OopStorageSet           0.000 / 0.000         0.328 / 0.486         0.328 / 0.486         0.328 / 0.486       ms
[2023-11-19T16:56:45.500+0800][gc,stats    ]    Subphase: Pause Mark Try Complete                       0.000 / 0.000         0.000 / 0.000         0.000 / 0.000         0.000 / 0.000       ms
[2023-11-19T16:56:45.500+0800][gc,stats    ]      System: Java Threads                                      0 / 0                39 / 54               39 / 54               39 / 54          threads
[2023-11-19T16:56:45.500+0800][gc,stats    ] =========================================================================================================================================================
[2023-11-19T16:56:55.501+0800][gc,stats    ] === Garbage Collection Statistics =======================================================================================================================
[2023-11-19T16:56:55.501+0800][gc,stats    ]                                                              Last 10s              Last 10m              Last 10h                Total
[2023-11-19T16:56:55.501+0800][gc,stats    ]                                                              Avg / Max             Avg / Max             Avg / Max             Avg / Max
[2023-11-19T16:56:55.501+0800][gc,stats    ]   Collector: Garbage Collection Cycle                      0.000 / 0.000        23.723 / 25.775       23.723 / 25.775       23.723 / 25.775      ms
[2023-11-19T16:56:55.501+0800][gc,stats    ]  Contention: Mark Segment Reset Contention                     0 / 0                 0 / 3                 0 / 3                 0 / 3           ops/s
[2023-11-19T16:56:55.501+0800][gc,stats    ]  Contention: Mark SeqNum Reset Contention                      0 / 0                 0 / 0                 0 / 0                 0 / 0           ops/s
[2023-11-19T16:56:55.501+0800][gc,stats    ]    Critical: Allocation Stall                                  0 / 0                 0 / 0                 0 / 0                 0 / 0           ops/s
[2023-11-19T16:56:55.501+0800][gc,stats    ]    Critical: Allocation Stall                              0.000 / 0.000         0.000 / 0.000         0.000 / 0.000         0.000 / 0.000       ms
[2023-11-19T16:56:55.501+0800][gc,stats    ]    Critical: GC Locker Stall                                   0 / 0                 0 / 0                 0 / 0                 0 / 0           ops/s
[2023-11-19T16:56:55.501+0800][gc,stats    ]    Critical: GC Locker Stall                               0.000 / 0.000         0.000 / 0.000         0.000 / 0.000         0.000 / 0.000       ms
[2023-11-19T16:56:55.501+0800][gc,stats    ]    Critical: Relocation Stall                                  0 / 0                 0 / 0                 0 / 0                 0 / 0           ops/s
[2023-11-19T16:56:55.501+0800][gc,stats    ]    Critical: Relocation Stall                              0.000 / 0.000         0.000 / 0.000         0.000 / 0.000         0.000 / 0.000       ms
[2023-11-19T16:56:55.501+0800][gc,stats    ]      Memory: Allocation Rate                                   0 / 0                 0 / 104               0 / 104               0 / 104         MB/s
[2023-11-19T16:56:55.501+0800][gc,stats    ]      Memory: Defragment                                        0 / 0                 0 / 0                 0 / 0                 0 / 0           ops/s
[2023-11-19T16:56:55.501+0800][gc,stats    ]      Memory: Out Of Memory                                     0 / 0                 0 / 0                 0 / 0                 0 / 0           ops/s
[2023-11-19T16:56:55.501+0800][gc,stats    ]      Memory: Page Cache Flush                                  0 / 0                 0 / 0                 0 / 0                 0 / 0           MB/s
[2023-11-19T16:56:55.501+0800][gc,stats    ]      Memory: Page Cache Hit L1                                 0 / 0                 0 / 29                0 / 29                0 / 29          ops/s
[2023-11-19T16:56:55.501+0800][gc,stats    ]      Memory: Page Cache Hit L2                                 0 / 0                 0 / 0                 0 / 0                 0 / 0           ops/s
[2023-11-19T16:56:55.501+0800][gc,stats    ]      Memory: Page Cache Hit L3                                 0 / 0                 0 / 48                0 / 48                0 / 48          ops/s
[2023-11-19T16:56:55.501+0800][gc,stats    ]      Memory: Page Cache Miss                                   0 / 0                 0 / 1                 0 / 1                 0 / 1           ops/s
[2023-11-19T16:56:55.501+0800][gc,stats    ]      Memory: Uncommit                                          0 / 0                 0 / 0                 0 / 0                 0 / 0           MB/s
[2023-11-19T16:56:55.501+0800][gc,stats    ]      Memory: Undo Object Allocation Failed                     0 / 0                 0 / 0                 0 / 0                 0 / 0           ops/s
[2023-11-19T16:56:55.501+0800][gc,stats    ]      Memory: Undo Object Allocation Succeeded                  0 / 0                 0 / 0                 0 / 0                 0 / 0           ops/s
[2023-11-19T16:56:55.501+0800][gc,stats    ]      Memory: Undo Page Allocation                              0 / 0                 0 / 0                 0 / 0                 0 / 0           ops/s
[2023-11-19T16:56:55.501+0800][gc,stats    ]       Phase: Concurrent Mark                               0.000 / 0.000        13.801 / 15.394       13.801 / 15.394       13.801 / 15.394      ms
[2023-11-19T16:56:55.501+0800][gc,stats    ]       Phase: Concurrent Mark Continue                      0.000 / 0.000         0.000 / 0.000         0.000 / 0.000         0.000 / 0.000       ms
[2023-11-19T16:56:55.501+0800][gc,stats    ]       Phase: Concurrent Mark Free                          0.000 / 0.000         0.001 / 0.001         0.001 / 0.001         0.001 / 0.001       ms
[2023-11-19T16:56:55.501+0800][gc,stats    ]       Phase: Concurrent Process Non-Strong References      0.000 / 0.000         1.810 / 1.931         1.810 / 1.931         1.810 / 1.931       ms
[2023-11-19T16:56:55.501+0800][gc,stats    ]       Phase: Concurrent Relocate                           0.000 / 0.000         2.671 / 3.187         2.671 / 3.187         2.671 / 3.187       ms
[2023-11-19T16:56:55.501+0800][gc,stats    ]       Phase: Concurrent Reset Relocation Set               0.000 / 0.000         0.001 / 0.003         0.001 / 0.003         0.001 / 0.003       ms
[2023-11-19T16:56:55.501+0800][gc,stats    ]       Phase: Concurrent Select Relocation Set              0.000 / 0.000         4.627 / 7.839         4.627 / 7.839         4.627 / 7.839       ms
[2023-11-19T16:56:55.501+0800][gc,stats    ]       Phase: Pause Mark End                                0.000 / 0.000         0.016 / 0.018         0.016 / 0.018         0.016 / 0.018       ms
[2023-11-19T16:56:55.501+0800][gc,stats    ]       Phase: Pause Mark Start                              0.000 / 0.000         0.013 / 0.019         0.013 / 0.019         0.013 / 0.019       ms
[2023-11-19T16:56:55.501+0800][gc,stats    ]       Phase: Pause Relocate Start                          0.000 / 0.000         0.008 / 0.009         0.008 / 0.009         0.008 / 0.009       ms
[2023-11-19T16:56:55.501+0800][gc,stats    ]    Subphase: Concurrent Classes Purge                      0.000 / 0.000         0.047 / 0.049         0.047 / 0.049         0.047 / 0.049       ms
[2023-11-19T16:56:55.501+0800][gc,stats    ]    Subphase: Concurrent Classes Unlink                     0.000 / 0.000         1.263 / 1.295         1.263 / 1.295         1.263 / 1.295       ms
[2023-11-19T16:56:55.501+0800][gc,stats    ]    Subphase: Concurrent Mark                               0.000 / 0.000        11.825 / 13.159       11.825 / 13.159       11.825 / 13.159      ms
[2023-11-19T16:56:55.501+0800][gc,stats    ]    Subphase: Concurrent Mark Try Flush                     0.000 / 0.000         0.057 / 0.108         0.057 / 0.108         0.057 / 0.108       ms
[2023-11-19T16:56:55.501+0800][gc,stats    ]    Subphase: Concurrent Mark Try Terminate                 0.000 / 0.000         1.420 / 4.236         1.420 / 4.236         1.420 / 4.236       ms
[2023-11-19T16:56:55.501+0800][gc,stats    ]    Subphase: Concurrent References Enqueue                 0.000 / 0.000         0.004 / 0.004         0.004 / 0.004         0.004 / 0.004       ms
[2023-11-19T16:56:55.501+0800][gc,stats    ]    Subphase: Concurrent References Process                 0.000 / 0.000         0.090 / 0.101         0.090 / 0.101         0.090 / 0.101       ms
[2023-11-19T16:56:55.501+0800][gc,stats    ]    Subphase: Concurrent Roots ClassLoaderDataGraph         0.000 / 0.000         0.103 / 0.506         0.103 / 0.506         0.103 / 0.506       ms
[2023-11-19T16:56:55.501+0800][gc,stats    ]    Subphase: Concurrent Roots CodeCache                    0.000 / 0.000         0.000 / 0.000         0.000 / 0.000         0.000 / 0.000       ms
[2023-11-19T16:56:55.501+0800][gc,stats    ]    Subphase: Concurrent Roots JavaThreads                  0.000 / 0.000         1.129 / 2.106         1.129 / 2.106         1.129 / 2.106       ms
[2023-11-19T16:56:55.501+0800][gc,stats    ]    Subphase: Concurrent Roots OopStorageSet                0.000 / 0.000         0.036 / 0.058         0.036 / 0.058         0.036 / 0.058       ms
[2023-11-19T16:56:55.501+0800][gc,stats    ]    Subphase: Concurrent Weak Roots OopStorageSet           0.000 / 0.000         0.328 / 0.486         0.328 / 0.486         0.328 / 0.486       ms
[2023-11-19T16:56:55.501+0800][gc,stats    ]    Subphase: Pause Mark Try Complete                       0.000 / 0.000         0.000 / 0.000         0.000 / 0.000         0.000 / 0.000       ms
[2023-11-19T16:56:55.501+0800][gc,stats    ]      System: Java Threads                                      0 / 0                39 / 54               39 / 54               39 / 54          threads
[2023-11-19T16:56:55.501+0800][gc,stats    ] =========================================================================================================================================================
[2023-11-19T16:57:05.500+0800][gc,stats    ] === Garbage Collection Statistics =======================================================================================================================
[2023-11-19T16:57:05.500+0800][gc,stats    ]                                                              Last 10s              Last 10m              Last 10h                Total
[2023-11-19T16:57:05.500+0800][gc,stats    ]                                                              Avg / Max             Avg / Max             Avg / Max             Avg / Max
[2023-11-19T16:57:05.500+0800][gc,stats    ]   Collector: Garbage Collection Cycle                      0.000 / 0.000        23.723 / 25.775       23.723 / 25.775       23.723 / 25.775      ms
[2023-11-19T16:57:05.500+0800][gc,stats    ]  Contention: Mark Segment Reset Contention                     0 / 0                 0 / 3                 0 / 3                 0 / 3           ops/s
[2023-11-19T16:57:05.500+0800][gc,stats    ]  Contention: Mark SeqNum Reset Contention                      0 / 0                 0 / 0                 0 / 0                 0 / 0           ops/s
[2023-11-19T16:57:05.500+0800][gc,stats    ]    Critical: Allocation Stall                                  0 / 0                 0 / 0                 0 / 0                 0 / 0           ops/s
[2023-11-19T16:57:05.500+0800][gc,stats    ]    Critical: Allocation Stall                              0.000 / 0.000         0.000 / 0.000         0.000 / 0.000         0.000 / 0.000       ms
[2023-11-19T16:57:05.500+0800][gc,stats    ]    Critical: GC Locker Stall                                   0 / 0                 0 / 0                 0 / 0                 0 / 0           ops/s
[2023-11-19T16:57:05.500+0800][gc,stats    ]    Critical: GC Locker Stall                               0.000 / 0.000         0.000 / 0.000         0.000 / 0.000         0.000 / 0.000       ms
[2023-11-19T16:57:05.500+0800][gc,stats    ]    Critical: Relocation Stall                                  0 / 0                 0 / 0                 0 / 0                 0 / 0           ops/s
[2023-11-19T16:57:05.500+0800][gc,stats    ]    Critical: Relocation Stall                              0.000 / 0.000         0.000 / 0.000         0.000 / 0.000         0.000 / 0.000       ms
[2023-11-19T16:57:05.500+0800][gc,stats    ]      Memory: Allocation Rate                                   0 / 2                 0 / 104               0 / 104               0 / 104         MB/s
[2023-11-19T16:57:05.500+0800][gc,stats    ]      Memory: Defragment                                        0 / 0                 0 / 0                 0 / 0                 0 / 0           ops/s
[2023-11-19T16:57:05.500+0800][gc,stats    ]      Memory: Out Of Memory                                     0 / 0                 0 / 0                 0 / 0                 0 / 0           ops/s
[2023-11-19T16:57:05.500+0800][gc,stats    ]      Memory: Page Cache Flush                                  0 / 0                 0 / 0                 0 / 0                 0 / 0           MB/s
[2023-11-19T16:57:05.500+0800][gc,stats    ]      Memory: Page Cache Hit L1                                 0 / 1                 0 / 29                0 / 29                0 / 29          ops/s
[2023-11-19T16:57:05.500+0800][gc,stats    ]      Memory: Page Cache Hit L2                                 0 / 0                 0 / 0                 0 / 0                 0 / 0           ops/s
[2023-11-19T16:57:05.500+0800][gc,stats    ]      Memory: Page Cache Hit L3                                 0 / 0                 0 / 48                0 / 48                0 / 48          ops/s
[2023-11-19T16:57:05.500+0800][gc,stats    ]      Memory: Page Cache Miss                                   0 / 0                 0 / 1                 0 / 1                 0 / 1           ops/s
[2023-11-19T16:57:05.500+0800][gc,stats    ]      Memory: Uncommit                                          0 / 0                 0 / 0                 0 / 0                 0 / 0           MB/s
[2023-11-19T16:57:05.500+0800][gc,stats    ]      Memory: Undo Object Allocation Failed                     0 / 0                 0 / 0                 0 / 0                 0 / 0           ops/s
[2023-11-19T16:57:05.500+0800][gc,stats    ]      Memory: Undo Object Allocation Succeeded                  0 / 0                 0 / 0                 0 / 0                 0 / 0           ops/s
[2023-11-19T16:57:05.500+0800][gc,stats    ]      Memory: Undo Page Allocation                              0 / 0                 0 / 0                 0 / 0                 0 / 0           ops/s
[2023-11-19T16:57:05.500+0800][gc,stats    ]       Phase: Concurrent Mark                               0.000 / 0.000        13.801 / 15.394       13.801 / 15.394       13.801 / 15.394      ms
[2023-11-19T16:57:05.500+0800][gc,stats    ]       Phase: Concurrent Mark Continue                      0.000 / 0.000         0.000 / 0.000         0.000 / 0.000         0.000 / 0.000       ms
[2023-11-19T16:57:05.500+0800][gc,stats    ]       Phase: Concurrent Mark Free                          0.000 / 0.000         0.001 / 0.001         0.001 / 0.001         0.001 / 0.001       ms
[2023-11-19T16:57:05.500+0800][gc,stats    ]       Phase: Concurrent Process Non-Strong References      0.000 / 0.000         1.810 / 1.931         1.810 / 1.931         1.810 / 1.931       ms
[2023-11-19T16:57:05.500+0800][gc,stats    ]       Phase: Concurrent Relocate                           0.000 / 0.000         2.671 / 3.187         2.671 / 3.187         2.671 / 3.187       ms
[2023-11-19T16:57:05.500+0800][gc,stats    ]       Phase: Concurrent Reset Relocation Set               0.000 / 0.000         0.001 / 0.003         0.001 / 0.003         0.001 / 0.003       ms
[2023-11-19T16:57:05.500+0800][gc,stats    ]       Phase: Concurrent Select Relocation Set              0.000 / 0.000         4.627 / 7.839         4.627 / 7.839         4.627 / 7.839       ms
[2023-11-19T16:57:05.500+0800][gc,stats    ]       Phase: Pause Mark End                                0.000 / 0.000         0.016 / 0.018         0.016 / 0.018         0.016 / 0.018       ms
[2023-11-19T16:57:05.500+0800][gc,stats    ]       Phase: Pause Mark Start                              0.000 / 0.000         0.013 / 0.019         0.013 / 0.019         0.013 / 0.019       ms
[2023-11-19T16:57:05.500+0800][gc,stats    ]       Phase: Pause Relocate Start                          0.000 / 0.000         0.008 / 0.009         0.008 / 0.009         0.008 / 0.009       ms
[2023-11-19T16:57:05.500+0800][gc,stats    ]    Subphase: Concurrent Classes Purge                      0.000 / 0.000         0.047 / 0.049         0.047 / 0.049         0.047 / 0.049       ms
[2023-11-19T16:57:05.500+0800][gc,stats    ]    Subphase: Concurrent Classes Unlink                     0.000 / 0.000         1.263 / 1.295         1.263 / 1.295         1.263 / 1.295       ms
[2023-11-19T16:57:05.500+0800][gc,stats    ]    Subphase: Concurrent Mark                               0.000 / 0.000        11.825 / 13.159       11.825 / 13.159       11.825 / 13.159      ms
[2023-11-19T16:57:05.500+0800][gc,stats    ]    Subphase: Concurrent Mark Try Flush                     0.000 / 0.000         0.057 / 0.108         0.057 / 0.108         0.057 / 0.108       ms
[2023-11-19T16:57:05.500+0800][gc,stats    ]    Subphase: Concurrent Mark Try Terminate                 0.000 / 0.000         1.420 / 4.236         1.420 / 4.236         1.420 / 4.236       ms
[2023-11-19T16:57:05.500+0800][gc,stats    ]    Subphase: Concurrent References Enqueue                 0.000 / 0.000         0.004 / 0.004         0.004 / 0.004         0.004 / 0.004       ms
[2023-11-19T16:57:05.500+0800][gc,stats    ]    Subphase: Concurrent References Process                 0.000 / 0.000         0.090 / 0.101         0.090 / 0.101         0.090 / 0.101       ms
[2023-11-19T16:57:05.500+0800][gc,stats    ]    Subphase: Concurrent Roots ClassLoaderDataGraph         0.000 / 0.000         0.103 / 0.506         0.103 / 0.506         0.103 / 0.506       ms
[2023-11-19T16:57:05.500+0800][gc,stats    ]    Subphase: Concurrent Roots CodeCache                    0.000 / 0.000         0.000 / 0.000         0.000 / 0.000         0.000 / 0.000       ms
[2023-11-19T16:57:05.500+0800][gc,stats    ]    Subphase: Concurrent Roots JavaThreads                  0.000 / 0.000         1.129 / 2.106         1.129 / 2.106         1.129 / 2.106       ms
[2023-11-19T16:57:05.500+0800][gc,stats    ]    Subphase: Concurrent Roots OopStorageSet                0.000 / 0.000         0.036 / 0.058         0.036 / 0.058         0.036 / 0.058       ms
[2023-11-19T16:57:05.500+0800][gc,stats    ]    Subphase: Concurrent Weak Roots OopStorageSet           0.000 / 0.000         0.328 / 0.486         0.328 / 0.486         0.328 / 0.486       ms
[2023-11-19T16:57:05.500+0800][gc,stats    ]    Subphase: Pause Mark Try Complete                       0.000 / 0.000         0.000 / 0.000         0.000 / 0.000         0.000 / 0.000       ms
[2023-11-19T16:57:05.500+0800][gc,stats    ]      System: Java Threads                                      0 / 0                39 / 54               39 / 54               39 / 54          threads
[2023-11-19T16:57:05.500+0800][gc,stats    ] =========================================================================================================================================================
[2023-11-19T16:57:15.501+0800][gc,stats    ] === Garbage Collection Statistics =======================================================================================================================
[2023-11-19T16:57:15.501+0800][gc,stats    ]                                                              Last 10s              Last 10m              Last 10h                Total
[2023-11-19T16:57:15.501+0800][gc,stats    ]                                                              Avg / Max             Avg / Max             Avg / Max             Avg / Max
[2023-11-19T16:57:15.501+0800][gc,stats    ]   Collector: Garbage Collection Cycle                      0.000 / 0.000        23.723 / 25.775       23.723 / 25.775       23.723 / 25.775      ms
[2023-11-19T16:57:15.501+0800][gc,stats    ]  Contention: Mark Segment Reset Contention                     0 / 0                 0 / 3                 0 / 3                 0 / 3           ops/s
[2023-11-19T16:57:15.501+0800][gc,stats    ]  Contention: Mark SeqNum Reset Contention                      0 / 0                 0 / 0                 0 / 0                 0 / 0           ops/s
[2023-11-19T16:57:15.501+0800][gc,stats    ]    Critical: Allocation Stall                                  0 / 0                 0 / 0                 0 / 0                 0 / 0           ops/s
[2023-11-19T16:57:15.501+0800][gc,stats    ]    Critical: Allocation Stall                              0.000 / 0.000         0.000 / 0.000         0.000 / 0.000         0.000 / 0.000       ms
[2023-11-19T16:57:15.501+0800][gc,stats    ]    Critical: GC Locker Stall                                   0 / 0                 0 / 0                 0 / 0                 0 / 0           ops/s
[2023-11-19T16:57:15.501+0800][gc,stats    ]    Critical: GC Locker Stall                               0.000 / 0.000         0.000 / 0.000         0.000 / 0.000         0.000 / 0.000       ms
[2023-11-19T16:57:15.501+0800][gc,stats    ]    Critical: Relocation Stall                                  0 / 0                 0 / 0                 0 / 0                 0 / 0           ops/s
[2023-11-19T16:57:15.501+0800][gc,stats    ]    Critical: Relocation Stall                              0.000 / 0.000         0.000 / 0.000         0.000 / 0.000         0.000 / 0.000       ms
[2023-11-19T16:57:15.501+0800][gc,stats    ]      Memory: Allocation Rate                                   0 / 0                 0 / 104               0 / 104               0 / 104         MB/s
[2023-11-19T16:57:15.501+0800][gc,stats    ]      Memory: Defragment                                        0 / 0                 0 / 0                 0 / 0                 0 / 0           ops/s
[2023-11-19T16:57:15.501+0800][gc,stats    ]      Memory: Out Of Memory                                     0 / 0                 0 / 0                 0 / 0                 0 / 0           ops/s
[2023-11-19T16:57:15.501+0800][gc,stats    ]      Memory: Page Cache Flush                                  0 / 0                 0 / 0                 0 / 0                 0 / 0           MB/s
[2023-11-19T16:57:15.501+0800][gc,stats    ]      Memory: Page Cache Hit L1                                 0 / 0                 0 / 29                0 / 29                0 / 29          ops/s
[2023-11-19T16:57:15.501+0800][gc,stats    ]      Memory: Page Cache Hit L2                                 0 / 0                 0 / 0                 0 / 0                 0 / 0           ops/s
[2023-11-19T16:57:15.501+0800][gc,stats    ]      Memory: Page Cache Hit L3                                 0 / 0                 0 / 48                0 / 48                0 / 48          ops/s
[2023-11-19T16:57:15.501+0800][gc,stats    ]      Memory: Page Cache Miss                                   0 / 0                 0 / 1                 0 / 1                 0 / 1           ops/s
[2023-11-19T16:57:15.501+0800][gc,stats    ]      Memory: Uncommit                                          0 / 0                 0 / 0                 0 / 0                 0 / 0           MB/s
[2023-11-19T16:57:15.501+0800][gc,stats    ]      Memory: Undo Object Allocation Failed                     0 / 0                 0 / 0                 0 / 0                 0 / 0           ops/s
[2023-11-19T16:57:15.501+0800][gc,stats    ]      Memory: Undo Object Allocation Succeeded                  0 / 0                 0 / 0                 0 / 0                 0 / 0           ops/s
[2023-11-19T16:57:15.501+0800][gc,stats    ]      Memory: Undo Page Allocation                              0 / 0                 0 / 0                 0 / 0                 0 / 0           ops/s
[2023-11-19T16:57:15.501+0800][gc,stats    ]       Phase: Concurrent Mark                               0.000 / 0.000        13.801 / 15.394       13.801 / 15.394       13.801 / 15.394      ms
[2023-11-19T16:57:15.501+0800][gc,stats    ]       Phase: Concurrent Mark Continue                      0.000 / 0.000         0.000 / 0.000         0.000 / 0.000         0.000 / 0.000       ms
[2023-11-19T16:57:15.501+0800][gc,stats    ]       Phase: Concurrent Mark Free                          0.000 / 0.000         0.001 / 0.001         0.001 / 0.001         0.001 / 0.001       ms
[2023-11-19T16:57:15.501+0800][gc,stats    ]       Phase: Concurrent Process Non-Strong References      0.000 / 0.000         1.810 / 1.931         1.810 / 1.931         1.810 / 1.931       ms
[2023-11-19T16:57:15.501+0800][gc,stats    ]       Phase: Concurrent Relocate                           0.000 / 0.000         2.671 / 3.187         2.671 / 3.187         2.671 / 3.187       ms
[2023-11-19T16:57:15.501+0800][gc,stats    ]       Phase: Concurrent Reset Relocation Set               0.000 / 0.000         0.001 / 0.003         0.001 / 0.003         0.001 / 0.003       ms
[2023-11-19T16:57:15.501+0800][gc,stats    ]       Phase: Concurrent Select Relocation Set              0.000 / 0.000         4.627 / 7.839         4.627 / 7.839         4.627 / 7.839       ms
[2023-11-19T16:57:15.501+0800][gc,stats    ]       Phase: Pause Mark End                                0.000 / 0.000         0.016 / 0.018         0.016 / 0.018         0.016 / 0.018       ms
[2023-11-19T16:57:15.501+0800][gc,stats    ]       Phase: Pause Mark Start                              0.000 / 0.000         0.013 / 0.019         0.013 / 0.019         0.013 / 0.019       ms
[2023-11-19T16:57:15.501+0800][gc,stats    ]       Phase: Pause Relocate Start                          0.000 / 0.000         0.008 / 0.009         0.008 / 0.009         0.008 / 0.009       ms
[2023-11-19T16:57:15.501+0800][gc,stats    ]    Subphase: Concurrent Classes Purge                      0.000 / 0.000         0.047 / 0.049         0.047 / 0.049         0.047 / 0.049       ms
[2023-11-19T16:57:15.501+0800][gc,stats    ]    Subphase: Concurrent Classes Unlink                     0.000 / 0.000         1.263 / 1.295         1.263 / 1.295         1.263 / 1.295       ms
[2023-11-19T16:57:15.501+0800][gc,stats    ]    Subphase: Concurrent Mark                               0.000 / 0.000        11.825 / 13.159       11.825 / 13.159       11.825 / 13.159      ms
[2023-11-19T16:57:15.501+0800][gc,stats    ]    Subphase: Concurrent Mark Try Flush                     0.000 / 0.000         0.057 / 0.108         0.057 / 0.108         0.057 / 0.108       ms
[2023-11-19T16:57:15.501+0800][gc,stats    ]    Subphase: Concurrent Mark Try Terminate                 0.000 / 0.000         1.420 / 4.236         1.420 / 4.236         1.420 / 4.236       ms
[2023-11-19T16:57:15.501+0800][gc,stats    ]    Subphase: Concurrent References Enqueue                 0.000 / 0.000         0.004 / 0.004         0.004 / 0.004         0.004 / 0.004       ms
[2023-11-19T16:57:15.501+0800][gc,stats    ]    Subphase: Concurrent References Process                 0.000 / 0.000         0.090 / 0.101         0.090 / 0.101         0.090 / 0.101       ms
[2023-11-19T16:57:15.501+0800][gc,stats    ]    Subphase: Concurrent Roots ClassLoaderDataGraph         0.000 / 0.000         0.103 / 0.506         0.103 / 0.506         0.103 / 0.506       ms
[2023-11-19T16:57:15.501+0800][gc,stats    ]    Subphase: Concurrent Roots CodeCache                    0.000 / 0.000         0.000 / 0.000         0.000 / 0.000         0.000 / 0.000       ms
[2023-11-19T16:57:15.501+0800][gc,stats    ]    Subphase: Concurrent Roots JavaThreads                  0.000 / 0.000         1.129 / 2.106         1.129 / 2.106         1.129 / 2.106       ms
[2023-11-19T16:57:15.501+0800][gc,stats    ]    Subphase: Concurrent Roots OopStorageSet                0.000 / 0.000         0.036 / 0.058         0.036 / 0.058         0.036 / 0.058       ms
[2023-11-19T16:57:15.501+0800][gc,stats    ]    Subphase: Concurrent Weak Roots OopStorageSet           0.000 / 0.000         0.328 / 0.486         0.328 / 0.486         0.328 / 0.486       ms
[2023-11-19T16:57:15.501+0800][gc,stats    ]    Subphase: Pause Mark Try Complete                       0.000 / 0.000         0.000 / 0.000         0.000 / 0.000         0.000 / 0.000       ms
[2023-11-19T16:57:15.501+0800][gc,stats    ]      System: Java Threads                                      0 / 0                39 / 54               39 / 54               39 / 54          threads
[2023-11-19T16:57:15.501+0800][gc,stats    ] =========================================================================================================================================================
[2023-11-19T16:57:25.501+0800][gc,stats    ] === Garbage Collection Statistics =======================================================================================================================
[2023-11-19T16:57:25.501+0800][gc,stats    ]                                                              Last 10s              Last 10m              Last 10h                Total
[2023-11-19T16:57:25.501+0800][gc,stats    ]                                                              Avg / Max             Avg / Max             Avg / Max             Avg / Max
[2023-11-19T16:57:25.501+0800][gc,stats    ]   Collector: Garbage Collection Cycle                      0.000 / 0.000        23.723 / 25.775       23.723 / 25.775       23.723 / 25.775      ms
[2023-11-19T16:57:25.501+0800][gc,stats    ]  Contention: Mark Segment Reset Contention                     0 / 0                 0 / 3                 0 / 3                 0 / 3           ops/s
[2023-11-19T16:57:25.501+0800][gc,stats    ]  Contention: Mark SeqNum Reset Contention                      0 / 0                 0 / 0                 0 / 0                 0 / 0           ops/s
[2023-11-19T16:57:25.501+0800][gc,stats    ]    Critical: Allocation Stall                                  0 / 0                 0 / 0                 0 / 0                 0 / 0           ops/s
[2023-11-19T16:57:25.501+0800][gc,stats    ]    Critical: Allocation Stall                              0.000 / 0.000         0.000 / 0.000         0.000 / 0.000         0.000 / 0.000       ms
[2023-11-19T16:57:25.501+0800][gc,stats    ]    Critical: GC Locker Stall                                   0 / 0                 0 / 0                 0 / 0                 0 / 0           ops/s
[2023-11-19T16:57:25.501+0800][gc,stats    ]    Critical: GC Locker Stall                               0.000 / 0.000         0.000 / 0.000         0.000 / 0.000         0.000 / 0.000       ms
[2023-11-19T16:57:25.501+0800][gc,stats    ]    Critical: Relocation Stall                                  0 / 0                 0 / 0                 0 / 0                 0 / 0           ops/s
[2023-11-19T16:57:25.501+0800][gc,stats    ]    Critical: Relocation Stall                              0.000 / 0.000         0.000 / 0.000         0.000 / 0.000         0.000 / 0.000       ms
[2023-11-19T16:57:25.501+0800][gc,stats    ]      Memory: Allocation Rate                                   0 / 0                 0 / 104               0 / 104               0 / 104         MB/s
[2023-11-19T16:57:25.501+0800][gc,stats    ]      Memory: Defragment                                        0 / 0                 0 / 0                 0 / 0                 0 / 0           ops/s
[2023-11-19T16:57:25.501+0800][gc,stats    ]      Memory: Out Of Memory                                     0 / 0                 0 / 0                 0 / 0                 0 / 0           ops/s
[2023-11-19T16:57:25.501+0800][gc,stats    ]      Memory: Page Cache Flush                                  0 / 0                 0 / 0                 0 / 0                 0 / 0           MB/s
[2023-11-19T16:57:25.501+0800][gc,stats    ]      Memory: Page Cache Hit L1                                 0 / 0                 0 / 29                0 / 29                0 / 29          ops/s
[2023-11-19T16:57:25.501+0800][gc,stats    ]      Memory: Page Cache Hit L2                                 0 / 0                 0 / 0                 0 / 0                 0 / 0           ops/s
[2023-11-19T16:57:25.501+0800][gc,stats    ]      Memory: Page Cache Hit L3                                 0 / 0                 0 / 48                0 / 48                0 / 48          ops/s
[2023-11-19T16:57:25.501+0800][gc,stats    ]      Memory: Page Cache Miss                                   0 / 0                 0 / 1                 0 / 1                 0 / 1           ops/s
[2023-11-19T16:57:25.501+0800][gc,stats    ]      Memory: Uncommit                                          0 / 0                 0 / 0                 0 / 0                 0 / 0           MB/s
[2023-11-19T16:57:25.501+0800][gc,stats    ]      Memory: Undo Object Allocation Failed                     0 / 0                 0 / 0                 0 / 0                 0 / 0           ops/s
[2023-11-19T16:57:25.501+0800][gc,stats    ]      Memory: Undo Object Allocation Succeeded                  0 / 0                 0 / 0                 0 / 0                 0 / 0           ops/s
[2023-11-19T16:57:25.501+0800][gc,stats    ]      Memory: Undo Page Allocation                              0 / 0                 0 / 0                 0 / 0                 0 / 0           ops/s
[2023-11-19T16:57:25.501+0800][gc,stats    ]       Phase: Concurrent Mark                               0.000 / 0.000        13.801 / 15.394       13.801 / 15.394       13.801 / 15.394      ms
[2023-11-19T16:57:25.501+0800][gc,stats    ]       Phase: Concurrent Mark Continue                      0.000 / 0.000         0.000 / 0.000         0.000 / 0.000         0.000 / 0.000       ms
[2023-11-19T16:57:25.501+0800][gc,stats    ]       Phase: Concurrent Mark Free                          0.000 / 0.000         0.001 / 0.001         0.001 / 0.001         0.001 / 0.001       ms
[2023-11-19T16:57:25.501+0800][gc,stats    ]       Phase: Concurrent Process Non-Strong References      0.000 / 0.000         1.810 / 1.931         1.810 / 1.931         1.810 / 1.931       ms
[2023-11-19T16:57:25.501+0800][gc,stats    ]       Phase: Concurrent Relocate                           0.000 / 0.000         2.671 / 3.187         2.671 / 3.187         2.671 / 3.187       ms
[2023-11-19T16:57:25.501+0800][gc,stats    ]       Phase: Concurrent Reset Relocation Set               0.000 / 0.000         0.001 / 0.003         0.001 / 0.003         0.001 / 0.003       ms
[2023-11-19T16:57:25.501+0800][gc,stats    ]       Phase: Concurrent Select Relocation Set              0.000 / 0.000         4.627 / 7.839         4.627 / 7.839         4.627 / 7.839       ms
[2023-11-19T16:57:25.501+0800][gc,stats    ]       Phase: Pause Mark End                                0.000 / 0.000         0.016 / 0.018         0.016 / 0.018         0.016 / 0.018       ms
[2023-11-19T16:57:25.501+0800][gc,stats    ]       Phase: Pause Mark Start                              0.000 / 0.000         0.013 / 0.019         0.013 / 0.019         0.013 / 0.019       ms
[2023-11-19T16:57:25.501+0800][gc,stats    ]       Phase: Pause Relocate Start                          0.000 / 0.000         0.008 / 0.009         0.008 / 0.009         0.008 / 0.009       ms
[2023-11-19T16:57:25.501+0800][gc,stats    ]    Subphase: Concurrent Classes Purge                      0.000 / 0.000         0.047 / 0.049         0.047 / 0.049         0.047 / 0.049       ms
[2023-11-19T16:57:25.501+0800][gc,stats    ]    Subphase: Concurrent Classes Unlink                     0.000 / 0.000         1.263 / 1.295         1.263 / 1.295         1.263 / 1.295       ms
[2023-11-19T16:57:25.501+0800][gc,stats    ]    Subphase: Concurrent Mark                               0.000 / 0.000        11.825 / 13.159       11.825 / 13.159       11.825 / 13.159      ms
[2023-11-19T16:57:25.501+0800][gc,stats    ]    Subphase: Concurrent Mark Try Flush                     0.000 / 0.000         0.057 / 0.108         0.057 / 0.108         0.057 / 0.108       ms
[2023-11-19T16:57:25.501+0800][gc,stats    ]    Subphase: Concurrent Mark Try Terminate                 0.000 / 0.000         1.420 / 4.236         1.420 / 4.236         1.420 / 4.236       ms
[2023-11-19T16:57:25.501+0800][gc,stats    ]    Subphase: Concurrent References Enqueue                 0.000 / 0.000         0.004 / 0.004         0.004 / 0.004         0.004 / 0.004       ms
[2023-11-19T16:57:25.501+0800][gc,stats    ]    Subphase: Concurrent References Process                 0.000 / 0.000         0.090 / 0.101         0.090 / 0.101         0.090 / 0.101       ms
[2023-11-19T16:57:25.501+0800][gc,stats    ]    Subphase: Concurrent Roots ClassLoaderDataGraph         0.000 / 0.000         0.103 / 0.506         0.103 / 0.506         0.103 / 0.506       ms
[2023-11-19T16:57:25.501+0800][gc,stats    ]    Subphase: Concurrent Roots CodeCache                    0.000 / 0.000         0.000 / 0.000         0.000 / 0.000         0.000 / 0.000       ms
[2023-11-19T16:57:25.501+0800][gc,stats    ]    Subphase: Concurrent Roots JavaThreads                  0.000 / 0.000         1.129 / 2.106         1.129 / 2.106         1.129 / 2.106       ms
[2023-11-19T16:57:25.501+0800][gc,stats    ]    Subphase: Concurrent Roots OopStorageSet                0.000 / 0.000         0.036 / 0.058         0.036 / 0.058         0.036 / 0.058       ms
[2023-11-19T16:57:25.501+0800][gc,stats    ]    Subphase: Concurrent Weak Roots OopStorageSet           0.000 / 0.000         0.328 / 0.486         0.328 / 0.486         0.328 / 0.486       ms
[2023-11-19T16:57:25.501+0800][gc,stats    ]    Subphase: Pause Mark Try Complete                       0.000 / 0.000         0.000 / 0.000         0.000 / 0.000         0.000 / 0.000       ms
[2023-11-19T16:57:25.501+0800][gc,stats    ]      System: Java Threads                                      0 / 0                39 / 54               39 / 54               39 / 54          threads
[2023-11-19T16:57:25.501+0800][gc,stats    ] =========================================================================================================================================================
[2023-11-19T16:57:35.514+0800][gc,stats    ] === Garbage Collection Statistics =======================================================================================================================
[2023-11-19T16:57:35.514+0800][gc,stats    ]                                                              Last 10s              Last 10m              Last 10h                Total
[2023-11-19T16:57:35.514+0800][gc,stats    ]                                                              Avg / Max             Avg / Max             Avg / Max             Avg / Max
[2023-11-19T16:57:35.514+0800][gc,stats    ]   Collector: Garbage Collection Cycle                      0.000 / 0.000        23.723 / 25.775       23.723 / 25.775       23.723 / 25.775      ms
[2023-11-19T16:57:35.514+0800][gc,stats    ]  Contention: Mark Segment Reset Contention                     0 / 0                 0 / 3                 0 / 3                 0 / 3           ops/s
[2023-11-19T16:57:35.514+0800][gc,stats    ]  Contention: Mark SeqNum Reset Contention                      0 / 0                 0 / 0                 0 / 0                 0 / 0           ops/s
[2023-11-19T16:57:35.514+0800][gc,stats    ]    Critical: Allocation Stall                                  0 / 0                 0 / 0                 0 / 0                 0 / 0           ops/s
[2023-11-19T16:57:35.514+0800][gc,stats    ]    Critical: Allocation Stall                              0.000 / 0.000         0.000 / 0.000         0.000 / 0.000         0.000 / 0.000       ms
[2023-11-19T16:57:35.514+0800][gc,stats    ]    Critical: GC Locker Stall                                   0 / 0                 0 / 0                 0 / 0                 0 / 0           ops/s
[2023-11-19T16:57:35.514+0800][gc,stats    ]    Critical: GC Locker Stall                               0.000 / 0.000         0.000 / 0.000         0.000 / 0.000         0.000 / 0.000       ms
[2023-11-19T16:57:35.514+0800][gc,stats    ]    Critical: Relocation Stall                                  0 / 0                 0 / 0                 0 / 0                 0 / 0           ops/s
[2023-11-19T16:57:35.514+0800][gc,stats    ]    Critical: Relocation Stall                              0.000 / 0.000         0.000 / 0.000         0.000 / 0.000         0.000 / 0.000       ms
[2023-11-19T16:57:35.514+0800][gc,stats    ]      Memory: Allocation Rate                                   0 / 0                 0 / 104               0 / 104               0 / 104         MB/s
[2023-11-19T16:57:35.514+0800][gc,stats    ]      Memory: Defragment                                        0 / 0                 0 / 0                 0 / 0                 0 / 0           ops/s
[2023-11-19T16:57:35.514+0800][gc,stats    ]      Memory: Out Of Memory                                     0 / 0                 0 / 0                 0 / 0                 0 / 0           ops/s
[2023-11-19T16:57:35.514+0800][gc,stats    ]      Memory: Page Cache Flush                                  0 / 0                 0 / 0                 0 / 0                 0 / 0           MB/s
[2023-11-19T16:57:35.514+0800][gc,stats    ]      Memory: Page Cache Hit L1                                 0 / 0                 0 / 29                0 / 29                0 / 29          ops/s
[2023-11-19T16:57:35.514+0800][gc,stats    ]      Memory: Page Cache Hit L2                                 0 / 0                 0 / 0                 0 / 0                 0 / 0           ops/s
[2023-11-19T16:57:35.514+0800][gc,stats    ]      Memory: Page Cache Hit L3                                 0 / 0                 0 / 48                0 / 48                0 / 48          ops/s
[2023-11-19T16:57:35.514+0800][gc,stats    ]      Memory: Page Cache Miss                                   0 / 0                 0 / 1                 0 / 1                 0 / 1           ops/s
[2023-11-19T16:57:35.514+0800][gc,stats    ]      Memory: Uncommit                                          0 / 0                 0 / 0                 0 / 0                 0 / 0           MB/s
[2023-11-19T16:57:35.514+0800][gc,stats    ]      Memory: Undo Object Allocation Failed                     0 / 0                 0 / 0                 0 / 0                 0 / 0           ops/s
[2023-11-19T16:57:35.514+0800][gc,stats    ]      Memory: Undo Object Allocation Succeeded                  0 / 0                 0 / 0                 0 / 0                 0 / 0           ops/s
[2023-11-19T16:57:35.514+0800][gc,stats    ]      Memory: Undo Page Allocation                              0 / 0                 0 / 0                 0 / 0                 0 / 0           ops/s
[2023-11-19T16:57:35.514+0800][gc,stats    ]       Phase: Concurrent Mark                               0.000 / 0.000        13.801 / 15.394       13.801 / 15.394       13.801 / 15.394      ms
[2023-11-19T16:57:35.514+0800][gc,stats    ]       Phase: Concurrent Mark Continue                      0.000 / 0.000         0.000 / 0.000         0.000 / 0.000         0.000 / 0.000       ms
[2023-11-19T16:57:35.514+0800][gc,stats    ]       Phase: Concurrent Mark Free                          0.000 / 0.000         0.001 / 0.001         0.001 / 0.001         0.001 / 0.001       ms
[2023-11-19T16:57:35.514+0800][gc,stats    ]       Phase: Concurrent Process Non-Strong References      0.000 / 0.000         1.810 / 1.931         1.810 / 1.931         1.810 / 1.931       ms
[2023-11-19T16:57:35.514+0800][gc,stats    ]       Phase: Concurrent Relocate                           0.000 / 0.000         2.671 / 3.187         2.671 / 3.187         2.671 / 3.187       ms
[2023-11-19T16:57:35.514+0800][gc,stats    ]       Phase: Concurrent Reset Relocation Set               0.000 / 0.000         0.001 / 0.003         0.001 / 0.003         0.001 / 0.003       ms
[2023-11-19T16:57:35.514+0800][gc,stats    ]       Phase: Concurrent Select Relocation Set              0.000 / 0.000         4.627 / 7.839         4.627 / 7.839         4.627 / 7.839       ms
[2023-11-19T16:57:35.514+0800][gc,stats    ]       Phase: Pause Mark End                                0.000 / 0.000         0.016 / 0.018         0.016 / 0.018         0.016 / 0.018       ms
[2023-11-19T16:57:35.514+0800][gc,stats    ]       Phase: Pause Mark Start                              0.000 / 0.000         0.013 / 0.019         0.013 / 0.019         0.013 / 0.019       ms
[2023-11-19T16:57:35.514+0800][gc,stats    ]       Phase: Pause Relocate Start                          0.000 / 0.000         0.008 / 0.009         0.008 / 0.009         0.008 / 0.009       ms
[2023-11-19T16:57:35.514+0800][gc,stats    ]    Subphase: Concurrent Classes Purge                      0.000 / 0.000         0.047 / 0.049         0.047 / 0.049         0.047 / 0.049       ms
[2023-11-19T16:57:35.514+0800][gc,stats    ]    Subphase: Concurrent Classes Unlink                     0.000 / 0.000         1.263 / 1.295         1.263 / 1.295         1.263 / 1.295       ms
[2023-11-19T16:57:35.514+0800][gc,stats    ]    Subphase: Concurrent Mark                               0.000 / 0.000        11.825 / 13.159       11.825 / 13.159       11.825 / 13.159      ms
[2023-11-19T16:57:35.514+0800][gc,stats    ]    Subphase: Concurrent Mark Try Flush                     0.000 / 0.000         0.057 / 0.108         0.057 / 0.108         0.057 / 0.108       ms
[2023-11-19T16:57:35.514+0800][gc,stats    ]    Subphase: Concurrent Mark Try Terminate                 0.000 / 0.000         1.420 / 4.236         1.420 / 4.236         1.420 / 4.236       ms
[2023-11-19T16:57:35.514+0800][gc,stats    ]    Subphase: Concurrent References Enqueue                 0.000 / 0.000         0.004 / 0.004         0.004 / 0.004         0.004 / 0.004       ms
[2023-11-19T16:57:35.514+0800][gc,stats    ]    Subphase: Concurrent References Process                 0.000 / 0.000         0.090 / 0.101         0.090 / 0.101         0.090 / 0.101       ms
[2023-11-19T16:57:35.514+0800][gc,stats    ]    Subphase: Concurrent Roots ClassLoaderDataGraph         0.000 / 0.000         0.103 / 0.506         0.103 / 0.506         0.103 / 0.506       ms
[2023-11-19T16:57:35.514+0800][gc,stats    ]    Subphase: Concurrent Roots CodeCache                    0.000 / 0.000         0.000 / 0.000         0.000 / 0.000         0.000 / 0.000       ms
[2023-11-19T16:57:35.514+0800][gc,stats    ]    Subphase: Concurrent Roots JavaThreads                  0.000 / 0.000         1.129 / 2.106         1.129 / 2.106         1.129 / 2.106       ms
[2023-11-19T16:57:35.514+0800][gc,stats    ]    Subphase: Concurrent Roots OopStorageSet                0.000 / 0.000         0.036 / 0.058         0.036 / 0.058         0.036 / 0.058       ms
[2023-11-19T16:57:35.514+0800][gc,stats    ]    Subphase: Concurrent Weak Roots OopStorageSet           0.000 / 0.000         0.328 / 0.486         0.328 / 0.486         0.328 / 0.486       ms
[2023-11-19T16:57:35.514+0800][gc,stats    ]    Subphase: Pause Mark Try Complete                       0.000 / 0.000         0.000 / 0.000         0.000 / 0.000         0.000 / 0.000       ms
[2023-11-19T16:57:35.514+0800][gc,stats    ]      System: Java Threads                                      0 / 0                39 / 54               39 / 54               39 / 54          threads
[2023-11-19T16:57:35.514+0800][gc,stats    ] =========================================================================================================================================================
[2023-11-19T16:57:45.500+0800][gc,stats    ] === Garbage Collection Statistics =======================================================================================================================
[2023-11-19T16:57:45.500+0800][gc,stats    ]                                                              Last 10s              Last 10m              Last 10h                Total
[2023-11-19T16:57:45.500+0800][gc,stats    ]                                                              Avg / Max             Avg / Max             Avg / Max             Avg / Max
[2023-11-19T16:57:45.500+0800][gc,stats    ]   Collector: Garbage Collection Cycle                      0.000 / 0.000        23.723 / 25.775       23.723 / 25.775       23.723 / 25.775      ms
[2023-11-19T16:57:45.500+0800][gc,stats    ]  Contention: Mark Segment Reset Contention                     0 / 0                 0 / 3                 0 / 3                 0 / 3           ops/s
[2023-11-19T16:57:45.500+0800][gc,stats    ]  Contention: Mark SeqNum Reset Contention                      0 / 0                 0 / 0                 0 / 0                 0 / 0           ops/s
[2023-11-19T16:57:45.500+0800][gc,stats    ]    Critical: Allocation Stall                                  0 / 0                 0 / 0                 0 / 0                 0 / 0           ops/s
[2023-11-19T16:57:45.500+0800][gc,stats    ]    Critical: Allocation Stall                              0.000 / 0.000         0.000 / 0.000         0.000 / 0.000         0.000 / 0.000       ms
[2023-11-19T16:57:45.500+0800][gc,stats    ]    Critical: GC Locker Stall                                   0 / 0                 0 / 0                 0 / 0                 0 / 0           ops/s
[2023-11-19T16:57:45.500+0800][gc,stats    ]    Critical: GC Locker Stall                               0.000 / 0.000         0.000 / 0.000         0.000 / 0.000         0.000 / 0.000       ms
[2023-11-19T16:57:45.500+0800][gc,stats    ]    Critical: Relocation Stall                                  0 / 0                 0 / 0                 0 / 0                 0 / 0           ops/s
[2023-11-19T16:57:45.500+0800][gc,stats    ]    Critical: Relocation Stall                              0.000 / 0.000         0.000 / 0.000         0.000 / 0.000         0.000 / 0.000       ms
[2023-11-19T16:57:45.500+0800][gc,stats    ]      Memory: Allocation Rate                                   0 / 2                 0 / 104               0 / 104               0 / 104         MB/s
[2023-11-19T16:57:45.500+0800][gc,stats    ]      Memory: Defragment                                        0 / 0                 0 / 0                 0 / 0                 0 / 0           ops/s
[2023-11-19T16:57:45.500+0800][gc,stats    ]      Memory: Out Of Memory                                     0 / 0                 0 / 0                 0 / 0                 0 / 0           ops/s
[2023-11-19T16:57:45.500+0800][gc,stats    ]      Memory: Page Cache Flush                                  0 / 0                 0 / 0                 0 / 0                 0 / 0           MB/s
[2023-11-19T16:57:45.500+0800][gc,stats    ]      Memory: Page Cache Hit L1                                 0 / 1                 0 / 29                0 / 29                0 / 29          ops/s
[2023-11-19T16:57:45.500+0800][gc,stats    ]      Memory: Page Cache Hit L2                                 0 / 0                 0 / 0                 0 / 0                 0 / 0           ops/s
[2023-11-19T16:57:45.500+0800][gc,stats    ]      Memory: Page Cache Hit L3                                 0 / 0                 0 / 48                0 / 48                0 / 48          ops/s
[2023-11-19T16:57:45.500+0800][gc,stats    ]      Memory: Page Cache Miss                                   0 / 0                 0 / 1                 0 / 1                 0 / 1           ops/s
[2023-11-19T16:57:45.500+0800][gc,stats    ]      Memory: Uncommit                                          0 / 0                 0 / 0                 0 / 0                 0 / 0           MB/s
[2023-11-19T16:57:45.500+0800][gc,stats    ]      Memory: Undo Object Allocation Failed                     0 / 0                 0 / 0                 0 / 0                 0 / 0           ops/s
[2023-11-19T16:57:45.500+0800][gc,stats    ]      Memory: Undo Object Allocation Succeeded                  0 / 0                 0 / 0                 0 / 0                 0 / 0           ops/s
[2023-11-19T16:57:45.500+0800][gc,stats    ]      Memory: Undo Page Allocation                              0 / 0                 0 / 0                 0 / 0                 0 / 0           ops/s
[2023-11-19T16:57:45.500+0800][gc,stats    ]       Phase: Concurrent Mark                               0.000 / 0.000        13.801 / 15.394       13.801 / 15.394       13.801 / 15.394      ms
[2023-11-19T16:57:45.500+0800][gc,stats    ]       Phase: Concurrent Mark Continue                      0.000 / 0.000         0.000 / 0.000         0.000 / 0.000         0.000 / 0.000       ms
[2023-11-19T16:57:45.500+0800][gc,stats    ]       Phase: Concurrent Mark Free                          0.000 / 0.000         0.001 / 0.001         0.001 / 0.001         0.001 / 0.001       ms
[2023-11-19T16:57:45.500+0800][gc,stats    ]       Phase: Concurrent Process Non-Strong References      0.000 / 0.000         1.810 / 1.931         1.810 / 1.931         1.810 / 1.931       ms
[2023-11-19T16:57:45.500+0800][gc,stats    ]       Phase: Concurrent Relocate                           0.000 / 0.000         2.671 / 3.187         2.671 / 3.187         2.671 / 3.187       ms
[2023-11-19T16:57:45.500+0800][gc,stats    ]       Phase: Concurrent Reset Relocation Set               0.000 / 0.000         0.001 / 0.003         0.001 / 0.003         0.001 / 0.003       ms
[2023-11-19T16:57:45.500+0800][gc,stats    ]       Phase: Concurrent Select Relocation Set              0.000 / 0.000         4.627 / 7.839         4.627 / 7.839         4.627 / 7.839       ms
[2023-11-19T16:57:45.500+0800][gc,stats    ]       Phase: Pause Mark End                                0.000 / 0.000         0.016 / 0.018         0.016 / 0.018         0.016 / 0.018       ms
[2023-11-19T16:57:45.500+0800][gc,stats    ]       Phase: Pause Mark Start                              0.000 / 0.000         0.013 / 0.019         0.013 / 0.019         0.013 / 0.019       ms
[2023-11-19T16:57:45.500+0800][gc,stats    ]       Phase: Pause Relocate Start                          0.000 / 0.000         0.008 / 0.009         0.008 / 0.009         0.008 / 0.009       ms
[2023-11-19T16:57:45.500+0800][gc,stats    ]    Subphase: Concurrent Classes Purge                      0.000 / 0.000         0.047 / 0.049         0.047 / 0.049         0.047 / 0.049       ms
[2023-11-19T16:57:45.500+0800][gc,stats    ]    Subphase: Concurrent Classes Unlink                     0.000 / 0.000         1.263 / 1.295         1.263 / 1.295         1.263 / 1.295       ms
[2023-11-19T16:57:45.500+0800][gc,stats    ]    Subphase: Concurrent Mark                               0.000 / 0.000        11.825 / 13.159       11.825 / 13.159       11.825 / 13.159      ms
[2023-11-19T16:57:45.500+0800][gc,stats    ]    Subphase: Concurrent Mark Try Flush                     0.000 / 0.000         0.057 / 0.108         0.057 / 0.108         0.057 / 0.108       ms
[2023-11-19T16:57:45.500+0800][gc,stats    ]    Subphase: Concurrent Mark Try Terminate                 0.000 / 0.000         1.420 / 4.236         1.420 / 4.236         1.420 / 4.236       ms
[2023-11-19T16:57:45.500+0800][gc,stats    ]    Subphase: Concurrent References Enqueue                 0.000 / 0.000         0.004 / 0.004         0.004 / 0.004         0.004 / 0.004       ms
[2023-11-19T16:57:45.500+0800][gc,stats    ]    Subphase: Concurrent References Process                 0.000 / 0.000         0.090 / 0.101         0.090 / 0.101         0.090 / 0.101       ms
[2023-11-19T16:57:45.500+0800][gc,stats    ]    Subphase: Concurrent Roots ClassLoaderDataGraph         0.000 / 0.000         0.103 / 0.506         0.103 / 0.506         0.103 / 0.506       ms
[2023-11-19T16:57:45.500+0800][gc,stats    ]    Subphase: Concurrent Roots CodeCache                    0.000 / 0.000         0.000 / 0.000         0.000 / 0.000         0.000 / 0.000       ms
[2023-11-19T16:57:45.500+0800][gc,stats    ]    Subphase: Concurrent Roots JavaThreads                  0.000 / 0.000         1.129 / 2.106         1.129 / 2.106         1.129 / 2.106       ms
[2023-11-19T16:57:45.500+0800][gc,stats    ]    Subphase: Concurrent Roots OopStorageSet                0.000 / 0.000         0.036 / 0.058         0.036 / 0.058         0.036 / 0.058       ms
[2023-11-19T16:57:45.500+0800][gc,stats    ]    Subphase: Concurrent Weak Roots OopStorageSet           0.000 / 0.000         0.328 / 0.486         0.328 / 0.486         0.328 / 0.486       ms
[2023-11-19T16:57:45.500+0800][gc,stats    ]    Subphase: Pause Mark Try Complete                       0.000 / 0.000         0.000 / 0.000         0.000 / 0.000         0.000 / 0.000       ms
[2023-11-19T16:57:45.500+0800][gc,stats    ]      System: Java Threads                                      0 / 0                39 / 54               39 / 54               39 / 54          threads
[2023-11-19T16:57:45.500+0800][gc,stats    ] =========================================================================================================================================================
[2023-11-19T16:57:55.500+0800][gc,stats    ] === Garbage Collection Statistics =======================================================================================================================
[2023-11-19T16:57:55.500+0800][gc,stats    ]                                                              Last 10s              Last 10m              Last 10h                Total
[2023-11-19T16:57:55.500+0800][gc,stats    ]                                                              Avg / Max             Avg / Max             Avg / Max             Avg / Max
[2023-11-19T16:57:55.500+0800][gc,stats    ]   Collector: Garbage Collection Cycle                      0.000 / 0.000        23.723 / 25.775       23.723 / 25.775       23.723 / 25.775      ms
[2023-11-19T16:57:55.500+0800][gc,stats    ]  Contention: Mark Segment Reset Contention                     0 / 0                 0 / 3                 0 / 3                 0 / 3           ops/s
[2023-11-19T16:57:55.500+0800][gc,stats    ]  Contention: Mark SeqNum Reset Contention                      0 / 0                 0 / 0                 0 / 0                 0 / 0           ops/s
[2023-11-19T16:57:55.500+0800][gc,stats    ]    Critical: Allocation Stall                                  0 / 0                 0 / 0                 0 / 0                 0 / 0           ops/s
[2023-11-19T16:57:55.500+0800][gc,stats    ]    Critical: Allocation Stall                              0.000 / 0.000         0.000 / 0.000         0.000 / 0.000         0.000 / 0.000       ms
[2023-11-19T16:57:55.500+0800][gc,stats    ]    Critical: GC Locker Stall                                   0 / 0                 0 / 0                 0 / 0                 0 / 0           ops/s
[2023-11-19T16:57:55.500+0800][gc,stats    ]    Critical: GC Locker Stall                               0.000 / 0.000         0.000 / 0.000         0.000 / 0.000         0.000 / 0.000       ms
[2023-11-19T16:57:55.500+0800][gc,stats    ]    Critical: Relocation Stall                                  0 / 0                 0 / 0                 0 / 0                 0 / 0           ops/s
[2023-11-19T16:57:55.500+0800][gc,stats    ]    Critical: Relocation Stall                              0.000 / 0.000         0.000 / 0.000         0.000 / 0.000         0.000 / 0.000       ms
[2023-11-19T16:57:55.500+0800][gc,stats    ]      Memory: Allocation Rate                                   0 / 4                 0 / 104               0 / 104               0 / 104         MB/s
[2023-11-19T16:57:55.500+0800][gc,stats    ]      Memory: Defragment                                        0 / 0                 0 / 0                 0 / 0                 0 / 0           ops/s
[2023-11-19T16:57:55.500+0800][gc,stats    ]      Memory: Out Of Memory                                     0 / 0                 0 / 0                 0 / 0                 0 / 0           ops/s
[2023-11-19T16:57:55.500+0800][gc,stats    ]      Memory: Page Cache Flush                                  0 / 0                 0 / 0                 0 / 0                 0 / 0           MB/s
[2023-11-19T16:57:55.500+0800][gc,stats    ]      Memory: Page Cache Hit L1                                 0 / 2                 0 / 29                0 / 29                0 / 29          ops/s
[2023-11-19T16:57:55.500+0800][gc,stats    ]      Memory: Page Cache Hit L2                                 0 / 0                 0 / 0                 0 / 0                 0 / 0           ops/s
[2023-11-19T16:57:55.500+0800][gc,stats    ]      Memory: Page Cache Hit L3                                 0 / 0                 0 / 48                0 / 48                0 / 48          ops/s
[2023-11-19T16:57:55.500+0800][gc,stats    ]      Memory: Page Cache Miss                                   0 / 0                 0 / 1                 0 / 1                 0 / 1           ops/s
[2023-11-19T16:57:55.500+0800][gc,stats    ]      Memory: Uncommit                                          0 / 0                 0 / 0                 0 / 0                 0 / 0           MB/s
[2023-11-19T16:57:55.500+0800][gc,stats    ]      Memory: Undo Object Allocation Failed                     0 / 0                 0 / 0                 0 / 0                 0 / 0           ops/s
[2023-11-19T16:57:55.500+0800][gc,stats    ]      Memory: Undo Object Allocation Succeeded                  0 / 0                 0 / 0                 0 / 0                 0 / 0           ops/s
[2023-11-19T16:57:55.500+0800][gc,stats    ]      Memory: Undo Page Allocation                              0 / 0                 0 / 0                 0 / 0                 0 / 0           ops/s
[2023-11-19T16:57:55.500+0800][gc,stats    ]       Phase: Concurrent Mark                               0.000 / 0.000        13.801 / 15.394       13.801 / 15.394       13.801 / 15.394      ms
[2023-11-19T16:57:55.500+0800][gc,stats    ]       Phase: Concurrent Mark Continue                      0.000 / 0.000         0.000 / 0.000         0.000 / 0.000         0.000 / 0.000       ms
[2023-11-19T16:57:55.500+0800][gc,stats    ]       Phase: Concurrent Mark Free                          0.000 / 0.000         0.001 / 0.001         0.001 / 0.001         0.001 / 0.001       ms
[2023-11-19T16:57:55.500+0800][gc,stats    ]       Phase: Concurrent Process Non-Strong References      0.000 / 0.000         1.810 / 1.931         1.810 / 1.931         1.810 / 1.931       ms
[2023-11-19T16:57:55.500+0800][gc,stats    ]       Phase: Concurrent Relocate                           0.000 / 0.000         2.671 / 3.187         2.671 / 3.187         2.671 / 3.187       ms
[2023-11-19T16:57:55.500+0800][gc,stats    ]       Phase: Concurrent Reset Relocation Set               0.000 / 0.000         0.001 / 0.003         0.001 / 0.003         0.001 / 0.003       ms
[2023-11-19T16:57:55.500+0800][gc,stats    ]       Phase: Concurrent Select Relocation Set              0.000 / 0.000         4.627 / 7.839         4.627 / 7.839         4.627 / 7.839       ms
[2023-11-19T16:57:55.500+0800][gc,stats    ]       Phase: Pause Mark End                                0.000 / 0.000         0.016 / 0.018         0.016 / 0.018         0.016 / 0.018       ms
[2023-11-19T16:57:55.500+0800][gc,stats    ]       Phase: Pause Mark Start                              0.000 / 0.000         0.013 / 0.019         0.013 / 0.019         0.013 / 0.019       ms
[2023-11-19T16:57:55.500+0800][gc,stats    ]       Phase: Pause Relocate Start                          0.000 / 0.000         0.008 / 0.009         0.008 / 0.009         0.008 / 0.009       ms
[2023-11-19T16:57:55.500+0800][gc,stats    ]    Subphase: Concurrent Classes Purge                      0.000 / 0.000         0.047 / 0.049         0.047 / 0.049         0.047 / 0.049       ms
[2023-11-19T16:57:55.500+0800][gc,stats    ]    Subphase: Concurrent Classes Unlink                     0.000 / 0.000         1.263 / 1.295         1.263 / 1.295         1.263 / 1.295       ms
[2023-11-19T16:57:55.500+0800][gc,stats    ]    Subphase: Concurrent Mark                               0.000 / 0.000        11.825 / 13.159       11.825 / 13.159       11.825 / 13.159      ms
[2023-11-19T16:57:55.500+0800][gc,stats    ]    Subphase: Concurrent Mark Try Flush                     0.000 / 0.000         0.057 / 0.108         0.057 / 0.108         0.057 / 0.108       ms
[2023-11-19T16:57:55.500+0800][gc,stats    ]    Subphase: Concurrent Mark Try Terminate                 0.000 / 0.000         1.420 / 4.236         1.420 / 4.236         1.420 / 4.236       ms
[2023-11-19T16:57:55.500+0800][gc,stats    ]    Subphase: Concurrent References Enqueue                 0.000 / 0.000         0.004 / 0.004         0.004 / 0.004         0.004 / 0.004       ms
[2023-11-19T16:57:55.500+0800][gc,stats    ]    Subphase: Concurrent References Process                 0.000 / 0.000         0.090 / 0.101         0.090 / 0.101         0.090 / 0.101       ms
[2023-11-19T16:57:55.500+0800][gc,stats    ]    Subphase: Concurrent Roots ClassLoaderDataGraph         0.000 / 0.000         0.103 / 0.506         0.103 / 0.506         0.103 / 0.506       ms
[2023-11-19T16:57:55.500+0800][gc,stats    ]    Subphase: Concurrent Roots CodeCache                    0.000 / 0.000         0.000 / 0.000         0.000 / 0.000         0.000 / 0.000       ms
[2023-11-19T16:57:55.500+0800][gc,stats    ]    Subphase: Concurrent Roots JavaThreads                  0.000 / 0.000         1.129 / 2.106         1.129 / 2.106         1.129 / 2.106       ms
[2023-11-19T16:57:55.500+0800][gc,stats    ]    Subphase: Concurrent Roots OopStorageSet                0.000 / 0.000         0.036 / 0.058         0.036 / 0.058         0.036 / 0.058       ms
[2023-11-19T16:57:55.500+0800][gc,stats    ]    Subphase: Concurrent Weak Roots OopStorageSet           0.000 / 0.000         0.328 / 0.486         0.328 / 0.486         0.328 / 0.486       ms
[2023-11-19T16:57:55.500+0800][gc,stats    ]    Subphase: Pause Mark Try Complete                       0.000 / 0.000         0.000 / 0.000         0.000 / 0.000         0.000 / 0.000       ms
[2023-11-19T16:57:55.500+0800][gc,stats    ]      System: Java Threads                                      0 / 0                39 / 54               39 / 54               39 / 54          threads
[2023-11-19T16:57:55.500+0800][gc,stats    ] =========================================================================================================================================================
[2023-11-19T16:58:05.501+0800][gc,stats    ] === Garbage Collection Statistics =======================================================================================================================
[2023-11-19T16:58:05.501+0800][gc,stats    ]                                                              Last 10s              Last 10m              Last 10h                Total
[2023-11-19T16:58:05.501+0800][gc,stats    ]                                                              Avg / Max             Avg / Max             Avg / Max             Avg / Max
[2023-11-19T16:58:05.501+0800][gc,stats    ]   Collector: Garbage Collection Cycle                      0.000 / 0.000        23.723 / 25.775       23.723 / 25.775       23.723 / 25.775      ms
[2023-11-19T16:58:05.501+0800][gc,stats    ]  Contention: Mark Segment Reset Contention                     0 / 0                 0 / 3                 0 / 3                 0 / 3           ops/s
[2023-11-19T16:58:05.501+0800][gc,stats    ]  Contention: Mark SeqNum Reset Contention                      0 / 0                 0 / 0                 0 / 0                 0 / 0           ops/s
[2023-11-19T16:58:05.501+0800][gc,stats    ]    Critical: Allocation Stall                                  0 / 0                 0 / 0                 0 / 0                 0 / 0           ops/s
[2023-11-19T16:58:05.501+0800][gc,stats    ]    Critical: Allocation Stall                              0.000 / 0.000         0.000 / 0.000         0.000 / 0.000         0.000 / 0.000       ms
[2023-11-19T16:58:05.501+0800][gc,stats    ]    Critical: GC Locker Stall                                   0 / 0                 0 / 0                 0 / 0                 0 / 0           ops/s
[2023-11-19T16:58:05.501+0800][gc,stats    ]    Critical: GC Locker Stall                               0.000 / 0.000         0.000 / 0.000         0.000 / 0.000         0.000 / 0.000       ms
[2023-11-19T16:58:05.501+0800][gc,stats    ]    Critical: Relocation Stall                                  0 / 0                 0 / 0                 0 / 0                 0 / 0           ops/s
[2023-11-19T16:58:05.501+0800][gc,stats    ]    Critical: Relocation Stall                              0.000 / 0.000         0.000 / 0.000         0.000 / 0.000         0.000 / 0.000       ms
[2023-11-19T16:58:05.501+0800][gc,stats    ]      Memory: Allocation Rate                                   0 / 2                 0 / 104               0 / 104               0 / 104         MB/s
[2023-11-19T16:58:05.501+0800][gc,stats    ]      Memory: Defragment                                        0 / 0                 0 / 0                 0 / 0                 0 / 0           ops/s
[2023-11-19T16:58:05.501+0800][gc,stats    ]      Memory: Out Of Memory                                     0 / 0                 0 / 0                 0 / 0                 0 / 0           ops/s
[2023-11-19T16:58:05.501+0800][gc,stats    ]      Memory: Page Cache Flush                                  0 / 0                 0 / 0                 0 / 0                 0 / 0           MB/s
[2023-11-19T16:58:05.501+0800][gc,stats    ]      Memory: Page Cache Hit L1                                 0 / 1                 0 / 29                0 / 29                0 / 29          ops/s
[2023-11-19T16:58:05.501+0800][gc,stats    ]      Memory: Page Cache Hit L2                                 0 / 0                 0 / 0                 0 / 0                 0 / 0           ops/s
[2023-11-19T16:58:05.501+0800][gc,stats    ]      Memory: Page Cache Hit L3                                 0 / 0                 0 / 48                0 / 48                0 / 48          ops/s
[2023-11-19T16:58:05.501+0800][gc,stats    ]      Memory: Page Cache Miss                                   0 / 0                 0 / 1                 0 / 1                 0 / 1           ops/s
[2023-11-19T16:58:05.501+0800][gc,stats    ]      Memory: Uncommit                                          0 / 0                 0 / 0                 0 / 0                 0 / 0           MB/s
[2023-11-19T16:58:05.501+0800][gc,stats    ]      Memory: Undo Object Allocation Failed                     0 / 0                 0 / 0                 0 / 0                 0 / 0           ops/s
[2023-11-19T16:58:05.501+0800][gc,stats    ]      Memory: Undo Object Allocation Succeeded                  0 / 0                 0 / 0                 0 / 0                 0 / 0           ops/s
[2023-11-19T16:58:05.501+0800][gc,stats    ]      Memory: Undo Page Allocation                              0 / 0                 0 / 0                 0 / 0                 0 / 0           ops/s
[2023-11-19T16:58:05.501+0800][gc,stats    ]       Phase: Concurrent Mark                               0.000 / 0.000        13.801 / 15.394       13.801 / 15.394       13.801 / 15.394      ms
[2023-11-19T16:58:05.501+0800][gc,stats    ]       Phase: Concurrent Mark Continue                      0.000 / 0.000         0.000 / 0.000         0.000 / 0.000         0.000 / 0.000       ms
[2023-11-19T16:58:05.501+0800][gc,stats    ]       Phase: Concurrent Mark Free                          0.000 / 0.000         0.001 / 0.001         0.001 / 0.001         0.001 / 0.001       ms
[2023-11-19T16:58:05.501+0800][gc,stats    ]       Phase: Concurrent Process Non-Strong References      0.000 / 0.000         1.810 / 1.931         1.810 / 1.931         1.810 / 1.931       ms
[2023-11-19T16:58:05.501+0800][gc,stats    ]       Phase: Concurrent Relocate                           0.000 / 0.000         2.671 / 3.187         2.671 / 3.187         2.671 / 3.187       ms
[2023-11-19T16:58:05.501+0800][gc,stats    ]       Phase: Concurrent Reset Relocation Set               0.000 / 0.000         0.001 / 0.003         0.001 / 0.003         0.001 / 0.003       ms
[2023-11-19T16:58:05.501+0800][gc,stats    ]       Phase: Concurrent Select Relocation Set              0.000 / 0.000         4.627 / 7.839         4.627 / 7.839         4.627 / 7.839       ms
[2023-11-19T16:58:05.501+0800][gc,stats    ]       Phase: Pause Mark End                                0.000 / 0.000         0.016 / 0.018         0.016 / 0.018         0.016 / 0.018       ms
[2023-11-19T16:58:05.501+0800][gc,stats    ]       Phase: Pause Mark Start                              0.000 / 0.000         0.013 / 0.019         0.013 / 0.019         0.013 / 0.019       ms
[2023-11-19T16:58:05.501+0800][gc,stats    ]       Phase: Pause Relocate Start                          0.000 / 0.000         0.008 / 0.009         0.008 / 0.009         0.008 / 0.009       ms
[2023-11-19T16:58:05.501+0800][gc,stats    ]    Subphase: Concurrent Classes Purge                      0.000 / 0.000         0.047 / 0.049         0.047 / 0.049         0.047 / 0.049       ms
[2023-11-19T16:58:05.501+0800][gc,stats    ]    Subphase: Concurrent Classes Unlink                     0.000 / 0.000         1.263 / 1.295         1.263 / 1.295         1.263 / 1.295       ms
[2023-11-19T16:58:05.501+0800][gc,stats    ]    Subphase: Concurrent Mark                               0.000 / 0.000        11.825 / 13.159       11.825 / 13.159       11.825 / 13.159      ms
[2023-11-19T16:58:05.501+0800][gc,stats    ]    Subphase: Concurrent Mark Try Flush                     0.000 / 0.000         0.057 / 0.108         0.057 / 0.108         0.057 / 0.108       ms
[2023-11-19T16:58:05.501+0800][gc,stats    ]    Subphase: Concurrent Mark Try Terminate                 0.000 / 0.000         1.420 / 4.236         1.420 / 4.236         1.420 / 4.236       ms
[2023-11-19T16:58:05.501+0800][gc,stats    ]    Subphase: Concurrent References Enqueue                 0.000 / 0.000         0.004 / 0.004         0.004 / 0.004         0.004 / 0.004       ms
[2023-11-19T16:58:05.501+0800][gc,stats    ]    Subphase: Concurrent References Process                 0.000 / 0.000         0.090 / 0.101         0.090 / 0.101         0.090 / 0.101       ms
[2023-11-19T16:58:05.501+0800][gc,stats    ]    Subphase: Concurrent Roots ClassLoaderDataGraph         0.000 / 0.000         0.103 / 0.506         0.103 / 0.506         0.103 / 0.506       ms
[2023-11-19T16:58:05.501+0800][gc,stats    ]    Subphase: Concurrent Roots CodeCache                    0.000 / 0.000         0.000 / 0.000         0.000 / 0.000         0.000 / 0.000       ms
[2023-11-19T16:58:05.501+0800][gc,stats    ]    Subphase: Concurrent Roots JavaThreads                  0.000 / 0.000         1.129 / 2.106         1.129 / 2.106         1.129 / 2.106       ms
[2023-11-19T16:58:05.501+0800][gc,stats    ]    Subphase: Concurrent Roots OopStorageSet                0.000 / 0.000         0.036 / 0.058         0.036 / 0.058         0.036 / 0.058       ms
[2023-11-19T16:58:05.501+0800][gc,stats    ]    Subphase: Concurrent Weak Roots OopStorageSet           0.000 / 0.000         0.328 / 0.486         0.328 / 0.486         0.328 / 0.486       ms
[2023-11-19T16:58:05.501+0800][gc,stats    ]    Subphase: Pause Mark Try Complete                       0.000 / 0.000         0.000 / 0.000         0.000 / 0.000         0.000 / 0.000       ms
[2023-11-19T16:58:05.501+0800][gc,stats    ]      System: Java Threads                                      0 / 0                39 / 54               39 / 54               39 / 54          threads
[2023-11-19T16:58:05.501+0800][gc,stats    ] =========================================================================================================================================================
[2023-11-19T16:58:15.501+0800][gc,stats    ] === Garbage Collection Statistics =======================================================================================================================
[2023-11-19T16:58:15.501+0800][gc,stats    ]                                                              Last 10s              Last 10m              Last 10h                Total
[2023-11-19T16:58:15.501+0800][gc,stats    ]                                                              Avg / Max             Avg / Max             Avg / Max             Avg / Max
[2023-11-19T16:58:15.501+0800][gc,stats    ]   Collector: Garbage Collection Cycle                      0.000 / 0.000        23.723 / 25.775       23.723 / 25.775       23.723 / 25.775      ms
[2023-11-19T16:58:15.501+0800][gc,stats    ]  Contention: Mark Segment Reset Contention                     0 / 0                 0 / 3                 0 / 3                 0 / 3           ops/s
[2023-11-19T16:58:15.501+0800][gc,stats    ]  Contention: Mark SeqNum Reset Contention                      0 / 0                 0 / 0                 0 / 0                 0 / 0           ops/s
[2023-11-19T16:58:15.501+0800][gc,stats    ]    Critical: Allocation Stall                                  0 / 0                 0 / 0                 0 / 0                 0 / 0           ops/s
[2023-11-19T16:58:15.501+0800][gc,stats    ]    Critical: Allocation Stall                              0.000 / 0.000         0.000 / 0.000         0.000 / 0.000         0.000 / 0.000       ms
[2023-11-19T16:58:15.501+0800][gc,stats    ]    Critical: GC Locker Stall                                   0 / 0                 0 / 0                 0 / 0                 0 / 0           ops/s
[2023-11-19T16:58:15.501+0800][gc,stats    ]    Critical: GC Locker Stall                               0.000 / 0.000         0.000 / 0.000         0.000 / 0.000         0.000 / 0.000       ms
[2023-11-19T16:58:15.501+0800][gc,stats    ]    Critical: Relocation Stall                                  0 / 0                 0 / 0                 0 / 0                 0 / 0           ops/s
[2023-11-19T16:58:15.501+0800][gc,stats    ]    Critical: Relocation Stall                              0.000 / 0.000         0.000 / 0.000         0.000 / 0.000         0.000 / 0.000       ms
[2023-11-19T16:58:15.501+0800][gc,stats    ]      Memory: Allocation Rate                                   0 / 0                 0 / 104               0 / 104               0 / 104         MB/s
[2023-11-19T16:58:15.501+0800][gc,stats    ]      Memory: Defragment                                        0 / 0                 0 / 0                 0 / 0                 0 / 0           ops/s
[2023-11-19T16:58:15.501+0800][gc,stats    ]      Memory: Out Of Memory                                     0 / 0                 0 / 0                 0 / 0                 0 / 0           ops/s
[2023-11-19T16:58:15.501+0800][gc,stats    ]      Memory: Page Cache Flush                                  0 / 0                 0 / 0                 0 / 0                 0 / 0           MB/s
[2023-11-19T16:58:15.501+0800][gc,stats    ]      Memory: Page Cache Hit L1                                 0 / 0                 0 / 29                0 / 29                0 / 29          ops/s
[2023-11-19T16:58:15.501+0800][gc,stats    ]      Memory: Page Cache Hit L2                                 0 / 0                 0 / 0                 0 / 0                 0 / 0           ops/s
[2023-11-19T16:58:15.501+0800][gc,stats    ]      Memory: Page Cache Hit L3                                 0 / 0                 0 / 48                0 / 48                0 / 48          ops/s
[2023-11-19T16:58:15.501+0800][gc,stats    ]      Memory: Page Cache Miss                                   0 / 0                 0 / 1                 0 / 1                 0 / 1           ops/s
[2023-11-19T16:58:15.501+0800][gc,stats    ]      Memory: Uncommit                                          0 / 0                 0 / 0                 0 / 0                 0 / 0           MB/s
[2023-11-19T16:58:15.501+0800][gc,stats    ]      Memory: Undo Object Allocation Failed                     0 / 0                 0 / 0                 0 / 0                 0 / 0           ops/s
[2023-11-19T16:58:15.501+0800][gc,stats    ]      Memory: Undo Object Allocation Succeeded                  0 / 0                 0 / 0                 0 / 0                 0 / 0           ops/s
[2023-11-19T16:58:15.501+0800][gc,stats    ]      Memory: Undo Page Allocation                              0 / 0                 0 / 0                 0 / 0                 0 / 0           ops/s
[2023-11-19T16:58:15.501+0800][gc,stats    ]       Phase: Concurrent Mark                               0.000 / 0.000        13.801 / 15.394       13.801 / 15.394       13.801 / 15.394      ms
[2023-11-19T16:58:15.501+0800][gc,stats    ]       Phase: Concurrent Mark Continue                      0.000 / 0.000         0.000 / 0.000         0.000 / 0.000         0.000 / 0.000       ms
[2023-11-19T16:58:15.501+0800][gc,stats    ]       Phase: Concurrent Mark Free                          0.000 / 0.000         0.001 / 0.001         0.001 / 0.001         0.001 / 0.001       ms
[2023-11-19T16:58:15.501+0800][gc,stats    ]       Phase: Concurrent Process Non-Strong References      0.000 / 0.000         1.810 / 1.931         1.810 / 1.931         1.810 / 1.931       ms
[2023-11-19T16:58:15.501+0800][gc,stats    ]       Phase: Concurrent Relocate                           0.000 / 0.000         2.671 / 3.187         2.671 / 3.187         2.671 / 3.187       ms
[2023-11-19T16:58:15.501+0800][gc,stats    ]       Phase: Concurrent Reset Relocation Set               0.000 / 0.000         0.001 / 0.003         0.001 / 0.003         0.001 / 0.003       ms
[2023-11-19T16:58:15.501+0800][gc,stats    ]       Phase: Concurrent Select Relocation Set              0.000 / 0.000         4.627 / 7.839         4.627 / 7.839         4.627 / 7.839       ms
[2023-11-19T16:58:15.501+0800][gc,stats    ]       Phase: Pause Mark End                                0.000 / 0.000         0.016 / 0.018         0.016 / 0.018         0.016 / 0.018       ms
[2023-11-19T16:58:15.501+0800][gc,stats    ]       Phase: Pause Mark Start                              0.000 / 0.000         0.013 / 0.019         0.013 / 0.019         0.013 / 0.019       ms
[2023-11-19T16:58:15.501+0800][gc,stats    ]       Phase: Pause Relocate Start                          0.000 / 0.000         0.008 / 0.009         0.008 / 0.009         0.008 / 0.009       ms
[2023-11-19T16:58:15.501+0800][gc,stats    ]    Subphase: Concurrent Classes Purge                      0.000 / 0.000         0.047 / 0.049         0.047 / 0.049         0.047 / 0.049       ms
[2023-11-19T16:58:15.501+0800][gc,stats    ]    Subphase: Concurrent Classes Unlink                     0.000 / 0.000         1.263 / 1.295         1.263 / 1.295         1.263 / 1.295       ms
[2023-11-19T16:58:15.501+0800][gc,stats    ]    Subphase: Concurrent Mark                               0.000 / 0.000        11.825 / 13.159       11.825 / 13.159       11.825 / 13.159      ms
[2023-11-19T16:58:15.501+0800][gc,stats    ]    Subphase: Concurrent Mark Try Flush                     0.000 / 0.000         0.057 / 0.108         0.057 / 0.108         0.057 / 0.108       ms
[2023-11-19T16:58:15.501+0800][gc,stats    ]    Subphase: Concurrent Mark Try Terminate                 0.000 / 0.000         1.420 / 4.236         1.420 / 4.236         1.420 / 4.236       ms
[2023-11-19T16:58:15.501+0800][gc,stats    ]    Subphase: Concurrent References Enqueue                 0.000 / 0.000         0.004 / 0.004         0.004 / 0.004         0.004 / 0.004       ms
[2023-11-19T16:58:15.501+0800][gc,stats    ]    Subphase: Concurrent References Process                 0.000 / 0.000         0.090 / 0.101         0.090 / 0.101         0.090 / 0.101       ms
[2023-11-19T16:58:15.501+0800][gc,stats    ]    Subphase: Concurrent Roots ClassLoaderDataGraph         0.000 / 0.000         0.103 / 0.506         0.103 / 0.506         0.103 / 0.506       ms
[2023-11-19T16:58:15.501+0800][gc,stats    ]    Subphase: Concurrent Roots CodeCache                    0.000 / 0.000         0.000 / 0.000         0.000 / 0.000         0.000 / 0.000       ms
[2023-11-19T16:58:15.501+0800][gc,stats    ]    Subphase: Concurrent Roots JavaThreads                  0.000 / 0.000         1.129 / 2.106         1.129 / 2.106         1.129 / 2.106       ms
[2023-11-19T16:58:15.501+0800][gc,stats    ]    Subphase: Concurrent Roots OopStorageSet                0.000 / 0.000         0.036 / 0.058         0.036 / 0.058         0.036 / 0.058       ms
[2023-11-19T16:58:15.501+0800][gc,stats    ]    Subphase: Concurrent Weak Roots OopStorageSet           0.000 / 0.000         0.328 / 0.486         0.328 / 0.486         0.328 / 0.486       ms
[2023-11-19T16:58:15.501+0800][gc,stats    ]    Subphase: Pause Mark Try Complete                       0.000 / 0.000         0.000 / 0.000         0.000 / 0.000         0.000 / 0.000       ms
[2023-11-19T16:58:15.501+0800][gc,stats    ]      System: Java Threads                                      0 / 0                39 / 54               39 / 54               39 / 54          threads
[2023-11-19T16:58:15.501+0800][gc,stats    ] =========================================================================================================================================================
[2023-11-19T16:58:25.501+0800][gc,stats    ] === Garbage Collection Statistics =======================================================================================================================
[2023-11-19T16:58:25.501+0800][gc,stats    ]                                                              Last 10s              Last 10m              Last 10h                Total
[2023-11-19T16:58:25.501+0800][gc,stats    ]                                                              Avg / Max             Avg / Max             Avg / Max             Avg / Max
[2023-11-19T16:58:25.501+0800][gc,stats    ]   Collector: Garbage Collection Cycle                      0.000 / 0.000        23.723 / 25.775       23.723 / 25.775       23.723 / 25.775      ms
[2023-11-19T16:58:25.501+0800][gc,stats    ]  Contention: Mark Segment Reset Contention                     0 / 0                 0 / 3                 0 / 3                 0 / 3           ops/s
[2023-11-19T16:58:25.501+0800][gc,stats    ]  Contention: Mark SeqNum Reset Contention                      0 / 0                 0 / 0                 0 / 0                 0 / 0           ops/s
[2023-11-19T16:58:25.501+0800][gc,stats    ]    Critical: Allocation Stall                                  0 / 0                 0 / 0                 0 / 0                 0 / 0           ops/s
[2023-11-19T16:58:25.501+0800][gc,stats    ]    Critical: Allocation Stall                              0.000 / 0.000         0.000 / 0.000         0.000 / 0.000         0.000 / 0.000       ms
[2023-11-19T16:58:25.501+0800][gc,stats    ]    Critical: GC Locker Stall                                   0 / 0                 0 / 0                 0 / 0                 0 / 0           ops/s
[2023-11-19T16:58:25.501+0800][gc,stats    ]    Critical: GC Locker Stall                               0.000 / 0.000         0.000 / 0.000         0.000 / 0.000         0.000 / 0.000       ms
[2023-11-19T16:58:25.501+0800][gc,stats    ]    Critical: Relocation Stall                                  0 / 0                 0 / 0                 0 / 0                 0 / 0           ops/s
[2023-11-19T16:58:25.501+0800][gc,stats    ]    Critical: Relocation Stall                              0.000 / 0.000         0.000 / 0.000         0.000 / 0.000         0.000 / 0.000       ms
[2023-11-19T16:58:25.501+0800][gc,stats    ]      Memory: Allocation Rate                                   0 / 2                 0 / 104               0 / 104               0 / 104         MB/s
[2023-11-19T16:58:25.501+0800][gc,stats    ]      Memory: Defragment                                        0 / 0                 0 / 0                 0 / 0                 0 / 0           ops/s
[2023-11-19T16:58:25.501+0800][gc,stats    ]      Memory: Out Of Memory                                     0 / 0                 0 / 0                 0 / 0                 0 / 0           ops/s
[2023-11-19T16:58:25.501+0800][gc,stats    ]      Memory: Page Cache Flush                                  0 / 0                 0 / 0                 0 / 0                 0 / 0           MB/s
[2023-11-19T16:58:25.501+0800][gc,stats    ]      Memory: Page Cache Hit L1                                 0 / 1                 0 / 29                0 / 29                0 / 29          ops/s
[2023-11-19T16:58:25.501+0800][gc,stats    ]      Memory: Page Cache Hit L2                                 0 / 0                 0 / 0                 0 / 0                 0 / 0           ops/s
[2023-11-19T16:58:25.501+0800][gc,stats    ]      Memory: Page Cache Hit L3                                 0 / 0                 0 / 48                0 / 48                0 / 48          ops/s
[2023-11-19T16:58:25.501+0800][gc,stats    ]      Memory: Page Cache Miss                                   0 / 0                 0 / 1                 0 / 1                 0 / 1           ops/s
[2023-11-19T16:58:25.501+0800][gc,stats    ]      Memory: Uncommit                                          0 / 0                 0 / 0                 0 / 0                 0 / 0           MB/s
[2023-11-19T16:58:25.501+0800][gc,stats    ]      Memory: Undo Object Allocation Failed                     0 / 0                 0 / 0                 0 / 0                 0 / 0           ops/s
[2023-11-19T16:58:25.501+0800][gc,stats    ]      Memory: Undo Object Allocation Succeeded                  0 / 0                 0 / 0                 0 / 0                 0 / 0           ops/s
[2023-11-19T16:58:25.501+0800][gc,stats    ]      Memory: Undo Page Allocation                              0 / 0                 0 / 0                 0 / 0                 0 / 0           ops/s
[2023-11-19T16:58:25.501+0800][gc,stats    ]       Phase: Concurrent Mark                               0.000 / 0.000        13.801 / 15.394       13.801 / 15.394       13.801 / 15.394      ms
[2023-11-19T16:58:25.501+0800][gc,stats    ]       Phase: Concurrent Mark Continue                      0.000 / 0.000         0.000 / 0.000         0.000 / 0.000         0.000 / 0.000       ms
[2023-11-19T16:58:25.501+0800][gc,stats    ]       Phase: Concurrent Mark Free                          0.000 / 0.000         0.001 / 0.001         0.001 / 0.001         0.001 / 0.001       ms
[2023-11-19T16:58:25.501+0800][gc,stats    ]       Phase: Concurrent Process Non-Strong References      0.000 / 0.000         1.810 / 1.931         1.810 / 1.931         1.810 / 1.931       ms
[2023-11-19T16:58:25.501+0800][gc,stats    ]       Phase: Concurrent Relocate                           0.000 / 0.000         2.671 / 3.187         2.671 / 3.187         2.671 / 3.187       ms
[2023-11-19T16:58:25.501+0800][gc,stats    ]       Phase: Concurrent Reset Relocation Set               0.000 / 0.000         0.001 / 0.003         0.001 / 0.003         0.001 / 0.003       ms
[2023-11-19T16:58:25.501+0800][gc,stats    ]       Phase: Concurrent Select Relocation Set              0.000 / 0.000         4.627 / 7.839         4.627 / 7.839         4.627 / 7.839       ms
[2023-11-19T16:58:25.501+0800][gc,stats    ]       Phase: Pause Mark End                                0.000 / 0.000         0.016 / 0.018         0.016 / 0.018         0.016 / 0.018       ms
[2023-11-19T16:58:25.501+0800][gc,stats    ]       Phase: Pause Mark Start                              0.000 / 0.000         0.013 / 0.019         0.013 / 0.019         0.013 / 0.019       ms
[2023-11-19T16:58:25.501+0800][gc,stats    ]       Phase: Pause Relocate Start                          0.000 / 0.000         0.008 / 0.009         0.008 / 0.009         0.008 / 0.009       ms
[2023-11-19T16:58:25.501+0800][gc,stats    ]    Subphase: Concurrent Classes Purge                      0.000 / 0.000         0.047 / 0.049         0.047 / 0.049         0.047 / 0.049       ms
[2023-11-19T16:58:25.501+0800][gc,stats    ]    Subphase: Concurrent Classes Unlink                     0.000 / 0.000         1.263 / 1.295         1.263 / 1.295         1.263 / 1.295       ms
[2023-11-19T16:58:25.501+0800][gc,stats    ]    Subphase: Concurrent Mark                               0.000 / 0.000        11.825 / 13.159       11.825 / 13.159       11.825 / 13.159      ms
[2023-11-19T16:58:25.501+0800][gc,stats    ]    Subphase: Concurrent Mark Try Flush                     0.000 / 0.000         0.057 / 0.108         0.057 / 0.108         0.057 / 0.108       ms
[2023-11-19T16:58:25.501+0800][gc,stats    ]    Subphase: Concurrent Mark Try Terminate                 0.000 / 0.000         1.420 / 4.236         1.420 / 4.236         1.420 / 4.236       ms
[2023-11-19T16:58:25.501+0800][gc,stats    ]    Subphase: Concurrent References Enqueue                 0.000 / 0.000         0.004 / 0.004         0.004 / 0.004         0.004 / 0.004       ms
[2023-11-19T16:58:25.501+0800][gc,stats    ]    Subphase: Concurrent References Process                 0.000 / 0.000         0.090 / 0.101         0.090 / 0.101         0.090 / 0.101       ms
[2023-11-19T16:58:25.501+0800][gc,stats    ]    Subphase: Concurrent Roots ClassLoaderDataGraph         0.000 / 0.000         0.103 / 0.506         0.103 / 0.506         0.103 / 0.506       ms
[2023-11-19T16:58:25.501+0800][gc,stats    ]    Subphase: Concurrent Roots CodeCache                    0.000 / 0.000         0.000 / 0.000         0.000 / 0.000         0.000 / 0.000       ms
[2023-11-19T16:58:25.501+0800][gc,stats    ]    Subphase: Concurrent Roots JavaThreads                  0.000 / 0.000         1.129 / 2.106         1.129 / 2.106         1.129 / 2.106       ms
[2023-11-19T16:58:25.501+0800][gc,stats    ]    Subphase: Concurrent Roots OopStorageSet                0.000 / 0.000         0.036 / 0.058         0.036 / 0.058         0.036 / 0.058       ms
[2023-11-19T16:58:25.501+0800][gc,stats    ]    Subphase: Concurrent Weak Roots OopStorageSet           0.000 / 0.000         0.328 / 0.486         0.328 / 0.486         0.328 / 0.486       ms
[2023-11-19T16:58:25.501+0800][gc,stats    ]    Subphase: Pause Mark Try Complete                       0.000 / 0.000         0.000 / 0.000         0.000 / 0.000         0.000 / 0.000       ms
[2023-11-19T16:58:25.501+0800][gc,stats    ]      System: Java Threads                                      0 / 0                39 / 54               39 / 54               39 / 54          threads
[2023-11-19T16:58:25.501+0800][gc,stats    ] =========================================================================================================================================================
[2023-11-19T16:58:35.501+0800][gc,stats    ] === Garbage Collection Statistics =======================================================================================================================
[2023-11-19T16:58:35.501+0800][gc,stats    ]                                                              Last 10s              Last 10m              Last 10h                Total
[2023-11-19T16:58:35.501+0800][gc,stats    ]                                                              Avg / Max             Avg / Max             Avg / Max             Avg / Max
[2023-11-19T16:58:35.501+0800][gc,stats    ]   Collector: Garbage Collection Cycle                      0.000 / 0.000        23.723 / 25.775       23.723 / 25.775       23.723 / 25.775      ms
[2023-11-19T16:58:35.501+0800][gc,stats    ]  Contention: Mark Segment Reset Contention                     0 / 0                 0 / 3                 0 / 3                 0 / 3           ops/s
[2023-11-19T16:58:35.501+0800][gc,stats    ]  Contention: Mark SeqNum Reset Contention                      0 / 0                 0 / 0                 0 / 0                 0 / 0           ops/s
[2023-11-19T16:58:35.501+0800][gc,stats    ]    Critical: Allocation Stall                                  0 / 0                 0 / 0                 0 / 0                 0 / 0           ops/s
[2023-11-19T16:58:35.501+0800][gc,stats    ]    Critical: Allocation Stall                              0.000 / 0.000         0.000 / 0.000         0.000 / 0.000         0.000 / 0.000       ms
[2023-11-19T16:58:35.501+0800][gc,stats    ]    Critical: GC Locker Stall                                   0 / 0                 0 / 0                 0 / 0                 0 / 0           ops/s
[2023-11-19T16:58:35.501+0800][gc,stats    ]    Critical: GC Locker Stall                               0.000 / 0.000         0.000 / 0.000         0.000 / 0.000         0.000 / 0.000       ms
[2023-11-19T16:58:35.501+0800][gc,stats    ]    Critical: Relocation Stall                                  0 / 0                 0 / 0                 0 / 0                 0 / 0           ops/s
[2023-11-19T16:58:35.501+0800][gc,stats    ]    Critical: Relocation Stall                              0.000 / 0.000         0.000 / 0.000         0.000 / 0.000         0.000 / 0.000       ms
[2023-11-19T16:58:35.501+0800][gc,stats    ]      Memory: Allocation Rate                                   0 / 2                 0 / 104               0 / 104               0 / 104         MB/s
[2023-11-19T16:58:35.501+0800][gc,stats    ]      Memory: Defragment                                        0 / 0                 0 / 0                 0 / 0                 0 / 0           ops/s
[2023-11-19T16:58:35.501+0800][gc,stats    ]      Memory: Out Of Memory                                     0 / 0                 0 / 0                 0 / 0                 0 / 0           ops/s
[2023-11-19T16:58:35.501+0800][gc,stats    ]      Memory: Page Cache Flush                                  0 / 0                 0 / 0                 0 / 0                 0 / 0           MB/s
[2023-11-19T16:58:35.501+0800][gc,stats    ]      Memory: Page Cache Hit L1                                 0 / 1                 0 / 29                0 / 29                0 / 29          ops/s
[2023-11-19T16:58:35.501+0800][gc,stats    ]      Memory: Page Cache Hit L2                                 0 / 0                 0 / 0                 0 / 0                 0 / 0           ops/s
[2023-11-19T16:58:35.501+0800][gc,stats    ]      Memory: Page Cache Hit L3                                 0 / 0                 0 / 48                0 / 48                0 / 48          ops/s
[2023-11-19T16:58:35.501+0800][gc,stats    ]      Memory: Page Cache Miss                                   0 / 0                 0 / 1                 0 / 1                 0 / 1           ops/s
[2023-11-19T16:58:35.501+0800][gc,stats    ]      Memory: Uncommit                                          0 / 0                 0 / 0                 0 / 0                 0 / 0           MB/s
[2023-11-19T16:58:35.501+0800][gc,stats    ]      Memory: Undo Object Allocation Failed                     0 / 0                 0 / 0                 0 / 0                 0 / 0           ops/s
[2023-11-19T16:58:35.501+0800][gc,stats    ]      Memory: Undo Object Allocation Succeeded                  0 / 0                 0 / 0                 0 / 0                 0 / 0           ops/s
[2023-11-19T16:58:35.501+0800][gc,stats    ]      Memory: Undo Page Allocation                              0 / 0                 0 / 0                 0 / 0                 0 / 0           ops/s
[2023-11-19T16:58:35.501+0800][gc,stats    ]       Phase: Concurrent Mark                               0.000 / 0.000        13.801 / 15.394       13.801 / 15.394       13.801 / 15.394      ms
[2023-11-19T16:58:35.501+0800][gc,stats    ]       Phase: Concurrent Mark Continue                      0.000 / 0.000         0.000 / 0.000         0.000 / 0.000         0.000 / 0.000       ms
[2023-11-19T16:58:35.501+0800][gc,stats    ]       Phase: Concurrent Mark Free                          0.000 / 0.000         0.001 / 0.001         0.001 / 0.001         0.001 / 0.001       ms
[2023-11-19T16:58:35.501+0800][gc,stats    ]       Phase: Concurrent Process Non-Strong References      0.000 / 0.000         1.810 / 1.931         1.810 / 1.931         1.810 / 1.931       ms
[2023-11-19T16:58:35.501+0800][gc,stats    ]       Phase: Concurrent Relocate                           0.000 / 0.000         2.671 / 3.187         2.671 / 3.187         2.671 / 3.187       ms
[2023-11-19T16:58:35.501+0800][gc,stats    ]       Phase: Concurrent Reset Relocation Set               0.000 / 0.000         0.001 / 0.003         0.001 / 0.003         0.001 / 0.003       ms
[2023-11-19T16:58:35.501+0800][gc,stats    ]       Phase: Concurrent Select Relocation Set              0.000 / 0.000         4.627 / 7.839         4.627 / 7.839         4.627 / 7.839       ms
[2023-11-19T16:58:35.501+0800][gc,stats    ]       Phase: Pause Mark End                                0.000 / 0.000         0.016 / 0.018         0.016 / 0.018         0.016 / 0.018       ms
[2023-11-19T16:58:35.501+0800][gc,stats    ]       Phase: Pause Mark Start                              0.000 / 0.000         0.013 / 0.019         0.013 / 0.019         0.013 / 0.019       ms
[2023-11-19T16:58:35.501+0800][gc,stats    ]       Phase: Pause Relocate Start                          0.000 / 0.000         0.008 / 0.009         0.008 / 0.009         0.008 / 0.009       ms
[2023-11-19T16:58:35.501+0800][gc,stats    ]    Subphase: Concurrent Classes Purge                      0.000 / 0.000         0.047 / 0.049         0.047 / 0.049         0.047 / 0.049       ms
[2023-11-19T16:58:35.501+0800][gc,stats    ]    Subphase: Concurrent Classes Unlink                     0.000 / 0.000         1.263 / 1.295         1.263 / 1.295         1.263 / 1.295       ms
[2023-11-19T16:58:35.501+0800][gc,stats    ]    Subphase: Concurrent Mark                               0.000 / 0.000        11.825 / 13.159       11.825 / 13.159       11.825 / 13.159      ms
[2023-11-19T16:58:35.501+0800][gc,stats    ]    Subphase: Concurrent Mark Try Flush                     0.000 / 0.000         0.057 / 0.108         0.057 / 0.108         0.057 / 0.108       ms
[2023-11-19T16:58:35.501+0800][gc,stats    ]    Subphase: Concurrent Mark Try Terminate                 0.000 / 0.000         1.420 / 4.236         1.420 / 4.236         1.420 / 4.236       ms
[2023-11-19T16:58:35.501+0800][gc,stats    ]    Subphase: Concurrent References Enqueue                 0.000 / 0.000         0.004 / 0.004         0.004 / 0.004         0.004 / 0.004       ms
[2023-11-19T16:58:35.501+0800][gc,stats    ]    Subphase: Concurrent References Process                 0.000 / 0.000         0.090 / 0.101         0.090 / 0.101         0.090 / 0.101       ms
[2023-11-19T16:58:35.501+0800][gc,stats    ]    Subphase: Concurrent Roots ClassLoaderDataGraph         0.000 / 0.000         0.103 / 0.506         0.103 / 0.506         0.103 / 0.506       ms
[2023-11-19T16:58:35.501+0800][gc,stats    ]    Subphase: Concurrent Roots CodeCache                    0.000 / 0.000         0.000 / 0.000         0.000 / 0.000         0.000 / 0.000       ms
[2023-11-19T16:58:35.501+0800][gc,stats    ]    Subphase: Concurrent Roots JavaThreads                  0.000 / 0.000         1.129 / 2.106         1.129 / 2.106         1.129 / 2.106       ms
[2023-11-19T16:58:35.501+0800][gc,stats    ]    Subphase: Concurrent Roots OopStorageSet                0.000 / 0.000         0.036 / 0.058         0.036 / 0.058         0.036 / 0.058       ms
[2023-11-19T16:58:35.501+0800][gc,stats    ]    Subphase: Concurrent Weak Roots OopStorageSet           0.000 / 0.000         0.328 / 0.486         0.328 / 0.486         0.328 / 0.486       ms
[2023-11-19T16:58:35.501+0800][gc,stats    ]    Subphase: Pause Mark Try Complete                       0.000 / 0.000         0.000 / 0.000         0.000 / 0.000         0.000 / 0.000       ms
[2023-11-19T16:58:35.501+0800][gc,stats    ]      System: Java Threads                                      0 / 0                39 / 54               39 / 54               39 / 54          threads
[2023-11-19T16:58:35.501+0800][gc,stats    ] =========================================================================================================================================================
[2023-11-19T16:58:45.502+0800][gc,stats    ] === Garbage Collection Statistics =======================================================================================================================
[2023-11-19T16:58:45.502+0800][gc,stats    ]                                                              Last 10s              Last 10m              Last 10h                Total
[2023-11-19T16:58:45.502+0800][gc,stats    ]                                                              Avg / Max             Avg / Max             Avg / Max             Avg / Max
[2023-11-19T16:58:45.502+0800][gc,stats    ]   Collector: Garbage Collection Cycle                      0.000 / 0.000         0.000 / 0.000        23.723 / 25.775       23.723 / 25.775      ms
[2023-11-19T16:58:45.502+0800][gc,stats    ]  Contention: Mark Segment Reset Contention                     0 / 0                 0 / 0                 0 / 3                 0 / 3           ops/s
[2023-11-19T16:58:45.502+0800][gc,stats    ]  Contention: Mark SeqNum Reset Contention                      0 / 0                 0 / 0                 0 / 0                 0 / 0           ops/s
[2023-11-19T16:58:45.502+0800][gc,stats    ]    Critical: Allocation Stall                                  0 / 0                 0 / 0                 0 / 0                 0 / 0           ops/s
[2023-11-19T16:58:45.502+0800][gc,stats    ]    Critical: Allocation Stall                              0.000 / 0.000         0.000 / 0.000         0.000 / 0.000         0.000 / 0.000       ms
[2023-11-19T16:58:45.502+0800][gc,stats    ]    Critical: GC Locker Stall                                   0 / 0                 0 / 0                 0 / 0                 0 / 0           ops/s
[2023-11-19T16:58:45.502+0800][gc,stats    ]    Critical: GC Locker Stall                               0.000 / 0.000         0.000 / 0.000         0.000 / 0.000         0.000 / 0.000       ms
[2023-11-19T16:58:45.502+0800][gc,stats    ]    Critical: Relocation Stall                                  0 / 0                 0 / 0                 0 / 0                 0 / 0           ops/s
[2023-11-19T16:58:45.502+0800][gc,stats    ]    Critical: Relocation Stall                              0.000 / 0.000         0.000 / 0.000         0.000 / 0.000         0.000 / 0.000       ms
[2023-11-19T16:58:45.502+0800][gc,stats    ]      Memory: Allocation Rate                                   0 / 2                 0 / 4                 0 / 104               0 / 104         MB/s
[2023-11-19T16:58:45.502+0800][gc,stats    ]      Memory: Defragment                                        0 / 0                 0 / 0                 0 / 0                 0 / 0           ops/s
[2023-11-19T16:58:45.502+0800][gc,stats    ]      Memory: Out Of Memory                                     0 / 0                 0 / 0                 0 / 0                 0 / 0           ops/s
[2023-11-19T16:58:45.502+0800][gc,stats    ]      Memory: Page Cache Flush                                  0 / 0                 0 / 0                 0 / 0                 0 / 0           MB/s
[2023-11-19T16:58:45.502+0800][gc,stats    ]      Memory: Page Cache Hit L1                                 0 / 1                 0 / 2                 0 / 29                0 / 29          ops/s
[2023-11-19T16:58:45.502+0800][gc,stats    ]      Memory: Page Cache Hit L2                                 0 / 0                 0 / 0                 0 / 0                 0 / 0           ops/s
[2023-11-19T16:58:45.502+0800][gc,stats    ]      Memory: Page Cache Hit L3                                 0 / 0                 0 / 0                 0 / 48                0 / 48          ops/s
[2023-11-19T16:58:45.502+0800][gc,stats    ]      Memory: Page Cache Miss                                   0 / 0                 0 / 0                 0 / 1                 0 / 1           ops/s
[2023-11-19T16:58:45.502+0800][gc,stats    ]      Memory: Uncommit                                          0 / 0                 0 / 0                 0 / 0                 0 / 0           MB/s
[2023-11-19T16:58:45.502+0800][gc,stats    ]      Memory: Undo Object Allocation Failed                     0 / 0                 0 / 0                 0 / 0                 0 / 0           ops/s
[2023-11-19T16:58:45.502+0800][gc,stats    ]      Memory: Undo Object Allocation Succeeded                  0 / 0                 0 / 0                 0 / 0                 0 / 0           ops/s
[2023-11-19T16:58:45.502+0800][gc,stats    ]      Memory: Undo Page Allocation                              0 / 0                 0 / 0                 0 / 0                 0 / 0           ops/s
[2023-11-19T16:58:45.502+0800][gc,stats    ]       Phase: Concurrent Mark                               0.000 / 0.000         0.000 / 0.000        13.801 / 15.394       13.801 / 15.394      ms
[2023-11-19T16:58:45.502+0800][gc,stats    ]       Phase: Concurrent Mark Continue                      0.000 / 0.000         0.000 / 0.000         0.000 / 0.000         0.000 / 0.000       ms
[2023-11-19T16:58:45.502+0800][gc,stats    ]       Phase: Concurrent Mark Free                          0.000 / 0.000         0.000 / 0.000         0.001 / 0.001         0.001 / 0.001       ms
[2023-11-19T16:58:45.502+0800][gc,stats    ]       Phase: Concurrent Process Non-Strong References      0.000 / 0.000         0.000 / 0.000         1.810 / 1.931         1.810 / 1.931       ms
[2023-11-19T16:58:45.502+0800][gc,stats    ]       Phase: Concurrent Relocate                           0.000 / 0.000         0.000 / 0.000         2.671 / 3.187         2.671 / 3.187       ms
[2023-11-19T16:58:45.502+0800][gc,stats    ]       Phase: Concurrent Reset Relocation Set               0.000 / 0.000         0.000 / 0.000         0.001 / 0.003         0.001 / 0.003       ms
[2023-11-19T16:58:45.502+0800][gc,stats    ]       Phase: Concurrent Select Relocation Set              0.000 / 0.000         0.000 / 0.000         4.627 / 7.839         4.627 / 7.839       ms
[2023-11-19T16:58:45.502+0800][gc,stats    ]       Phase: Pause Mark End                                0.000 / 0.000         0.000 / 0.000         0.016 / 0.018         0.016 / 0.018       ms
[2023-11-19T16:58:45.502+0800][gc,stats    ]       Phase: Pause Mark Start                              0.000 / 0.000         0.000 / 0.000         0.013 / 0.019         0.013 / 0.019       ms
[2023-11-19T16:58:45.502+0800][gc,stats    ]       Phase: Pause Relocate Start                          0.000 / 0.000         0.000 / 0.000         0.008 / 0.009         0.008 / 0.009       ms
[2023-11-19T16:58:45.502+0800][gc,stats    ]    Subphase: Concurrent Classes Purge                      0.000 / 0.000         0.000 / 0.000         0.047 / 0.049         0.047 / 0.049       ms
[2023-11-19T16:58:45.502+0800][gc,stats    ]    Subphase: Concurrent Classes Unlink                     0.000 / 0.000         0.000 / 0.000         1.263 / 1.295         1.263 / 1.295       ms
[2023-11-19T16:58:45.502+0800][gc,stats    ]    Subphase: Concurrent Mark                               0.000 / 0.000         0.000 / 0.000        11.825 / 13.159       11.825 / 13.159      ms
[2023-11-19T16:58:45.502+0800][gc,stats    ]    Subphase: Concurrent Mark Try Flush                     0.000 / 0.000         0.000 / 0.000         0.057 / 0.108         0.057 / 0.108       ms
[2023-11-19T16:58:45.502+0800][gc,stats    ]    Subphase: Concurrent Mark Try Terminate                 0.000 / 0.000         0.000 / 0.000         1.420 / 4.236         1.420 / 4.236       ms
[2023-11-19T16:58:45.502+0800][gc,stats    ]    Subphase: Concurrent References Enqueue                 0.000 / 0.000         0.000 / 0.000         0.004 / 0.004         0.004 / 0.004       ms
[2023-11-19T16:58:45.502+0800][gc,stats    ]    Subphase: Concurrent References Process                 0.000 / 0.000         0.000 / 0.000         0.090 / 0.101         0.090 / 0.101       ms
[2023-11-19T16:58:45.502+0800][gc,stats    ]    Subphase: Concurrent Roots ClassLoaderDataGraph         0.000 / 0.000         0.000 / 0.000         0.103 / 0.506         0.103 / 0.506       ms
[2023-11-19T16:58:45.502+0800][gc,stats    ]    Subphase: Concurrent Roots CodeCache                    0.000 / 0.000         0.000 / 0.000         0.000 / 0.000         0.000 / 0.000       ms
[2023-11-19T16:58:45.502+0800][gc,stats    ]    Subphase: Concurrent Roots JavaThreads                  0.000 / 0.000         0.000 / 0.000         1.129 / 2.106         1.129 / 2.106       ms
[2023-11-19T16:58:45.502+0800][gc,stats    ]    Subphase: Concurrent Roots OopStorageSet                0.000 / 0.000         0.000 / 0.000         0.036 / 0.058         0.036 / 0.058       ms
[2023-11-19T16:58:45.502+0800][gc,stats    ]    Subphase: Concurrent Weak Roots OopStorageSet           0.000 / 0.000         0.000 / 0.000         0.328 / 0.486         0.328 / 0.486       ms
[2023-11-19T16:58:45.502+0800][gc,stats    ]    Subphase: Pause Mark Try Complete                       0.000 / 0.000         0.000 / 0.000         0.000 / 0.000         0.000 / 0.000       ms
[2023-11-19T16:58:45.502+0800][gc,stats    ]      System: Java Threads                                      0 / 0                 0 / 0                39 / 54               39 / 54          threads
[2023-11-19T16:58:45.502+0800][gc,stats    ] =========================================================================================================================================================
[2023-11-19T16:58:55.501+0800][gc,stats    ] === Garbage Collection Statistics =======================================================================================================================
[2023-11-19T16:58:55.501+0800][gc,stats    ]                                                              Last 10s              Last 10m              Last 10h                Total
[2023-11-19T16:58:55.501+0800][gc,stats    ]                                                              Avg / Max             Avg / Max             Avg / Max             Avg / Max
[2023-11-19T16:58:55.501+0800][gc,stats    ]   Collector: Garbage Collection Cycle                      0.000 / 0.000         0.000 / 0.000        23.723 / 25.775       23.723 / 25.775      ms
[2023-11-19T16:58:55.501+0800][gc,stats    ]  Contention: Mark Segment Reset Contention                     0 / 0                 0 / 0                 0 / 3                 0 / 3           ops/s
[2023-11-19T16:58:55.501+0800][gc,stats    ]  Contention: Mark SeqNum Reset Contention                      0 / 0                 0 / 0                 0 / 0                 0 / 0           ops/s
[2023-11-19T16:58:55.501+0800][gc,stats    ]    Critical: Allocation Stall                                  0 / 0                 0 / 0                 0 / 0                 0 / 0           ops/s
[2023-11-19T16:58:55.501+0800][gc,stats    ]    Critical: Allocation Stall                              0.000 / 0.000         0.000 / 0.000         0.000 / 0.000         0.000 / 0.000       ms
[2023-11-19T16:58:55.501+0800][gc,stats    ]    Critical: GC Locker Stall                                   0 / 0                 0 / 0                 0 / 0                 0 / 0           ops/s
[2023-11-19T16:58:55.501+0800][gc,stats    ]    Critical: GC Locker Stall                               0.000 / 0.000         0.000 / 0.000         0.000 / 0.000         0.000 / 0.000       ms
[2023-11-19T16:58:55.501+0800][gc,stats    ]    Critical: Relocation Stall                                  0 / 0                 0 / 0                 0 / 0                 0 / 0           ops/s
[2023-11-19T16:58:55.501+0800][gc,stats    ]    Critical: Relocation Stall                              0.000 / 0.000         0.000 / 0.000         0.000 / 0.000         0.000 / 0.000       ms
[2023-11-19T16:58:55.501+0800][gc,stats    ]      Memory: Allocation Rate                                   0 / 0                 0 / 4                 0 / 104               0 / 104         MB/s
[2023-11-19T16:58:55.501+0800][gc,stats    ]      Memory: Defragment                                        0 / 0                 0 / 0                 0 / 0                 0 / 0           ops/s
[2023-11-19T16:58:55.501+0800][gc,stats    ]      Memory: Out Of Memory                                     0 / 0                 0 / 0                 0 / 0                 0 / 0           ops/s
[2023-11-19T16:58:55.501+0800][gc,stats    ]      Memory: Page Cache Flush                                  0 / 0                 0 / 0                 0 / 0                 0 / 0           MB/s
[2023-11-19T16:58:55.501+0800][gc,stats    ]      Memory: Page Cache Hit L1                                 0 / 0                 0 / 2                 0 / 29                0 / 29          ops/s
[2023-11-19T16:58:55.501+0800][gc,stats    ]      Memory: Page Cache Hit L2                                 0 / 0                 0 / 0                 0 / 0                 0 / 0           ops/s
[2023-11-19T16:58:55.501+0800][gc,stats    ]      Memory: Page Cache Hit L3                                 0 / 0                 0 / 0                 0 / 48                0 / 48          ops/s
[2023-11-19T16:58:55.501+0800][gc,stats    ]      Memory: Page Cache Miss                                   0 / 0                 0 / 0                 0 / 1                 0 / 1           ops/s
[2023-11-19T16:58:55.501+0800][gc,stats    ]      Memory: Uncommit                                          0 / 0                 0 / 0                 0 / 0                 0 / 0           MB/s
[2023-11-19T16:58:55.501+0800][gc,stats    ]      Memory: Undo Object Allocation Failed                     0 / 0                 0 / 0                 0 / 0                 0 / 0           ops/s
[2023-11-19T16:58:55.501+0800][gc,stats    ]      Memory: Undo Object Allocation Succeeded                  0 / 0                 0 / 0                 0 / 0                 0 / 0           ops/s
[2023-11-19T16:58:55.501+0800][gc,stats    ]      Memory: Undo Page Allocation                              0 / 0                 0 / 0                 0 / 0                 0 / 0           ops/s
[2023-11-19T16:58:55.501+0800][gc,stats    ]       Phase: Concurrent Mark                               0.000 / 0.000         0.000 / 0.000        13.801 / 15.394       13.801 / 15.394      ms
[2023-11-19T16:58:55.501+0800][gc,stats    ]       Phase: Concurrent Mark Continue                      0.000 / 0.000         0.000 / 0.000         0.000 / 0.000         0.000 / 0.000       ms
[2023-11-19T16:58:55.501+0800][gc,stats    ]       Phase: Concurrent Mark Free                          0.000 / 0.000         0.000 / 0.000         0.001 / 0.001         0.001 / 0.001       ms
[2023-11-19T16:58:55.501+0800][gc,stats    ]       Phase: Concurrent Process Non-Strong References      0.000 / 0.000         0.000 / 0.000         1.810 / 1.931         1.810 / 1.931       ms
[2023-11-19T16:58:55.501+0800][gc,stats    ]       Phase: Concurrent Relocate                           0.000 / 0.000         0.000 / 0.000         2.671 / 3.187         2.671 / 3.187       ms
[2023-11-19T16:58:55.501+0800][gc,stats    ]       Phase: Concurrent Reset Relocation Set               0.000 / 0.000         0.000 / 0.000         0.001 / 0.003         0.001 / 0.003       ms
[2023-11-19T16:58:55.501+0800][gc,stats    ]       Phase: Concurrent Select Relocation Set              0.000 / 0.000         0.000 / 0.000         4.627 / 7.839         4.627 / 7.839       ms
[2023-11-19T16:58:55.501+0800][gc,stats    ]       Phase: Pause Mark End                                0.000 / 0.000         0.000 / 0.000         0.016 / 0.018         0.016 / 0.018       ms
[2023-11-19T16:58:55.501+0800][gc,stats    ]       Phase: Pause Mark Start                              0.000 / 0.000         0.000 / 0.000         0.013 / 0.019         0.013 / 0.019       ms
[2023-11-19T16:58:55.501+0800][gc,stats    ]       Phase: Pause Relocate Start                          0.000 / 0.000         0.000 / 0.000         0.008 / 0.009         0.008 / 0.009       ms
[2023-11-19T16:58:55.501+0800][gc,stats    ]    Subphase: Concurrent Classes Purge                      0.000 / 0.000         0.000 / 0.000         0.047 / 0.049         0.047 / 0.049       ms
[2023-11-19T16:58:55.501+0800][gc,stats    ]    Subphase: Concurrent Classes Unlink                     0.000 / 0.000         0.000 / 0.000         1.263 / 1.295         1.263 / 1.295       ms
[2023-11-19T16:58:55.501+0800][gc,stats    ]    Subphase: Concurrent Mark                               0.000 / 0.000         0.000 / 0.000        11.825 / 13.159       11.825 / 13.159      ms
[2023-11-19T16:58:55.501+0800][gc,stats    ]    Subphase: Concurrent Mark Try Flush                     0.000 / 0.000         0.000 / 0.000         0.057 / 0.108         0.057 / 0.108       ms
[2023-11-19T16:58:55.501+0800][gc,stats    ]    Subphase: Concurrent Mark Try Terminate                 0.000 / 0.000         0.000 / 0.000         1.420 / 4.236         1.420 / 4.236       ms
[2023-11-19T16:58:55.501+0800][gc,stats    ]    Subphase: Concurrent References Enqueue                 0.000 / 0.000         0.000 / 0.000         0.004 / 0.004         0.004 / 0.004       ms
[2023-11-19T16:58:55.501+0800][gc,stats    ]    Subphase: Concurrent References Process                 0.000 / 0.000         0.000 / 0.000         0.090 / 0.101         0.090 / 0.101       ms
[2023-11-19T16:58:55.501+0800][gc,stats    ]    Subphase: Concurrent Roots ClassLoaderDataGraph         0.000 / 0.000         0.000 / 0.000         0.103 / 0.506         0.103 / 0.506       ms
[2023-11-19T16:58:55.501+0800][gc,stats    ]    Subphase: Concurrent Roots CodeCache                    0.000 / 0.000         0.000 / 0.000         0.000 / 0.000         0.000 / 0.000       ms
[2023-11-19T16:58:55.501+0800][gc,stats    ]    Subphase: Concurrent Roots JavaThreads                  0.000 / 0.000         0.000 / 0.000         1.129 / 2.106         1.129 / 2.106       ms
[2023-11-19T16:58:55.501+0800][gc,stats    ]    Subphase: Concurrent Roots OopStorageSet                0.000 / 0.000         0.000 / 0.000         0.036 / 0.058         0.036 / 0.058       ms
[2023-11-19T16:58:55.501+0800][gc,stats    ]    Subphase: Concurrent Weak Roots OopStorageSet           0.000 / 0.000         0.000 / 0.000         0.328 / 0.486         0.328 / 0.486       ms
[2023-11-19T16:58:55.501+0800][gc,stats    ]    Subphase: Pause Mark Try Complete                       0.000 / 0.000         0.000 / 0.000         0.000 / 0.000         0.000 / 0.000       ms
[2023-11-19T16:58:55.501+0800][gc,stats    ]      System: Java Threads                                      0 / 0                 0 / 0                39 / 54               39 / 54          threads
[2023-11-19T16:58:55.501+0800][gc,stats    ] =========================================================================================================================================================
[2023-11-19T16:59:05.501+0800][gc,stats    ] === Garbage Collection Statistics =======================================================================================================================
[2023-11-19T16:59:05.501+0800][gc,stats    ]                                                              Last 10s              Last 10m              Last 10h                Total
[2023-11-19T16:59:05.501+0800][gc,stats    ]                                                              Avg / Max             Avg / Max             Avg / Max             Avg / Max
[2023-11-19T16:59:05.501+0800][gc,stats    ]   Collector: Garbage Collection Cycle                      0.000 / 0.000         0.000 / 0.000        23.723 / 25.775       23.723 / 25.775      ms
[2023-11-19T16:59:05.501+0800][gc,stats    ]  Contention: Mark Segment Reset Contention                     0 / 0                 0 / 0                 0 / 3                 0 / 3           ops/s
[2023-11-19T16:59:05.501+0800][gc,stats    ]  Contention: Mark SeqNum Reset Contention                      0 / 0                 0 / 0                 0 / 0                 0 / 0           ops/s
[2023-11-19T16:59:05.501+0800][gc,stats    ]    Critical: Allocation Stall                                  0 / 0                 0 / 0                 0 / 0                 0 / 0           ops/s
[2023-11-19T16:59:05.501+0800][gc,stats    ]    Critical: Allocation Stall                              0.000 / 0.000         0.000 / 0.000         0.000 / 0.000         0.000 / 0.000       ms
[2023-11-19T16:59:05.501+0800][gc,stats    ]    Critical: GC Locker Stall                                   0 / 0                 0 / 0                 0 / 0                 0 / 0           ops/s
[2023-11-19T16:59:05.501+0800][gc,stats    ]    Critical: GC Locker Stall                               0.000 / 0.000         0.000 / 0.000         0.000 / 0.000         0.000 / 0.000       ms
[2023-11-19T16:59:05.501+0800][gc,stats    ]    Critical: Relocation Stall                                  0 / 0                 0 / 0                 0 / 0                 0 / 0           ops/s
[2023-11-19T16:59:05.501+0800][gc,stats    ]    Critical: Relocation Stall                              0.000 / 0.000         0.000 / 0.000         0.000 / 0.000         0.000 / 0.000       ms
[2023-11-19T16:59:05.501+0800][gc,stats    ]      Memory: Allocation Rate                                   0 / 0                 0 / 4                 0 / 104               0 / 104         MB/s
[2023-11-19T16:59:05.501+0800][gc,stats    ]      Memory: Defragment                                        0 / 0                 0 / 0                 0 / 0                 0 / 0           ops/s
[2023-11-19T16:59:05.501+0800][gc,stats    ]      Memory: Out Of Memory                                     0 / 0                 0 / 0                 0 / 0                 0 / 0           ops/s
[2023-11-19T16:59:05.501+0800][gc,stats    ]      Memory: Page Cache Flush                                  0 / 0                 0 / 0                 0 / 0                 0 / 0           MB/s
[2023-11-19T16:59:05.501+0800][gc,stats    ]      Memory: Page Cache Hit L1                                 0 / 0                 0 / 2                 0 / 29                0 / 29          ops/s
[2023-11-19T16:59:05.501+0800][gc,stats    ]      Memory: Page Cache Hit L2                                 0 / 0                 0 / 0                 0 / 0                 0 / 0           ops/s
[2023-11-19T16:59:05.501+0800][gc,stats    ]      Memory: Page Cache Hit L3                                 0 / 0                 0 / 0                 0 / 48                0 / 48          ops/s
[2023-11-19T16:59:05.501+0800][gc,stats    ]      Memory: Page Cache Miss                                   0 / 0                 0 / 0                 0 / 1                 0 / 1           ops/s
[2023-11-19T16:59:05.501+0800][gc,stats    ]      Memory: Uncommit                                          0 / 0                 0 / 0                 0 / 0                 0 / 0           MB/s
[2023-11-19T16:59:05.501+0800][gc,stats    ]      Memory: Undo Object Allocation Failed                     0 / 0                 0 / 0                 0 / 0                 0 / 0           ops/s
[2023-11-19T16:59:05.501+0800][gc,stats    ]      Memory: Undo Object Allocation Succeeded                  0 / 0                 0 / 0                 0 / 0                 0 / 0           ops/s
[2023-11-19T16:59:05.501+0800][gc,stats    ]      Memory: Undo Page Allocation                              0 / 0                 0 / 0                 0 / 0                 0 / 0           ops/s
[2023-11-19T16:59:05.501+0800][gc,stats    ]       Phase: Concurrent Mark                               0.000 / 0.000         0.000 / 0.000        13.801 / 15.394       13.801 / 15.394      ms
[2023-11-19T16:59:05.501+0800][gc,stats    ]       Phase: Concurrent Mark Continue                      0.000 / 0.000         0.000 / 0.000         0.000 / 0.000         0.000 / 0.000       ms
[2023-11-19T16:59:05.501+0800][gc,stats    ]       Phase: Concurrent Mark Free                          0.000 / 0.000         0.000 / 0.000         0.001 / 0.001         0.001 / 0.001       ms
[2023-11-19T16:59:05.501+0800][gc,stats    ]       Phase: Concurrent Process Non-Strong References      0.000 / 0.000         0.000 / 0.000         1.810 / 1.931         1.810 / 1.931       ms
[2023-11-19T16:59:05.501+0800][gc,stats    ]       Phase: Concurrent Relocate                           0.000 / 0.000         0.000 / 0.000         2.671 / 3.187         2.671 / 3.187       ms
[2023-11-19T16:59:05.501+0800][gc,stats    ]       Phase: Concurrent Reset Relocation Set               0.000 / 0.000         0.000 / 0.000         0.001 / 0.003         0.001 / 0.003       ms
[2023-11-19T16:59:05.501+0800][gc,stats    ]       Phase: Concurrent Select Relocation Set              0.000 / 0.000         0.000 / 0.000         4.627 / 7.839         4.627 / 7.839       ms
[2023-11-19T16:59:05.501+0800][gc,stats    ]       Phase: Pause Mark End                                0.000 / 0.000         0.000 / 0.000         0.016 / 0.018         0.016 / 0.018       ms
[2023-11-19T16:59:05.501+0800][gc,stats    ]       Phase: Pause Mark Start                              0.000 / 0.000         0.000 / 0.000         0.013 / 0.019         0.013 / 0.019       ms
[2023-11-19T16:59:05.501+0800][gc,stats    ]       Phase: Pause Relocate Start                          0.000 / 0.000         0.000 / 0.000         0.008 / 0.009         0.008 / 0.009       ms
[2023-11-19T16:59:05.501+0800][gc,stats    ]    Subphase: Concurrent Classes Purge                      0.000 / 0.000         0.000 / 0.000         0.047 / 0.049         0.047 / 0.049       ms
[2023-11-19T16:59:05.501+0800][gc,stats    ]    Subphase: Concurrent Classes Unlink                     0.000 / 0.000         0.000 / 0.000         1.263 / 1.295         1.263 / 1.295       ms
[2023-11-19T16:59:05.501+0800][gc,stats    ]    Subphase: Concurrent Mark                               0.000 / 0.000         0.000 / 0.000        11.825 / 13.159       11.825 / 13.159      ms
[2023-11-19T16:59:05.501+0800][gc,stats    ]    Subphase: Concurrent Mark Try Flush                     0.000 / 0.000         0.000 / 0.000         0.057 / 0.108         0.057 / 0.108       ms
[2023-11-19T16:59:05.501+0800][gc,stats    ]    Subphase: Concurrent Mark Try Terminate                 0.000 / 0.000         0.000 / 0.000         1.420 / 4.236         1.420 / 4.236       ms
[2023-11-19T16:59:05.501+0800][gc,stats    ]    Subphase: Concurrent References Enqueue                 0.000 / 0.000         0.000 / 0.000         0.004 / 0.004         0.004 / 0.004       ms
[2023-11-19T16:59:05.501+0800][gc,stats    ]    Subphase: Concurrent References Process                 0.000 / 0.000         0.000 / 0.000         0.090 / 0.101         0.090 / 0.101       ms
[2023-11-19T16:59:05.501+0800][gc,stats    ]    Subphase: Concurrent Roots ClassLoaderDataGraph         0.000 / 0.000         0.000 / 0.000         0.103 / 0.506         0.103 / 0.506       ms
[2023-11-19T16:59:05.501+0800][gc,stats    ]    Subphase: Concurrent Roots CodeCache                    0.000 / 0.000         0.000 / 0.000         0.000 / 0.000         0.000 / 0.000       ms
[2023-11-19T16:59:05.501+0800][gc,stats    ]    Subphase: Concurrent Roots JavaThreads                  0.000 / 0.000         0.000 / 0.000         1.129 / 2.106         1.129 / 2.106       ms
[2023-11-19T16:59:05.501+0800][gc,stats    ]    Subphase: Concurrent Roots OopStorageSet                0.000 / 0.000         0.000 / 0.000         0.036 / 0.058         0.036 / 0.058       ms
[2023-11-19T16:59:05.501+0800][gc,stats    ]    Subphase: Concurrent Weak Roots OopStorageSet           0.000 / 0.000         0.000 / 0.000         0.328 / 0.486         0.328 / 0.486       ms
[2023-11-19T16:59:05.501+0800][gc,stats    ]    Subphase: Pause Mark Try Complete                       0.000 / 0.000         0.000 / 0.000         0.000 / 0.000         0.000 / 0.000       ms
[2023-11-19T16:59:05.501+0800][gc,stats    ]      System: Java Threads                                      0 / 0                 0 / 0                39 / 54               39 / 54          threads
[2023-11-19T16:59:05.501+0800][gc,stats    ] =========================================================================================================================================================
[2023-11-19T16:59:15.502+0800][gc,stats    ] === Garbage Collection Statistics =======================================================================================================================
[2023-11-19T16:59:15.502+0800][gc,stats    ]                                                              Last 10s              Last 10m              Last 10h                Total
[2023-11-19T16:59:15.502+0800][gc,stats    ]                                                              Avg / Max             Avg / Max             Avg / Max             Avg / Max
[2023-11-19T16:59:15.502+0800][gc,stats    ]   Collector: Garbage Collection Cycle                      0.000 / 0.000         0.000 / 0.000        23.723 / 25.775       23.723 / 25.775      ms
[2023-11-19T16:59:15.502+0800][gc,stats    ]  Contention: Mark Segment Reset Contention                     0 / 0                 0 / 0                 0 / 3                 0 / 3           ops/s
[2023-11-19T16:59:15.502+0800][gc,stats    ]  Contention: Mark SeqNum Reset Contention                      0 / 0                 0 / 0                 0 / 0                 0 / 0           ops/s
[2023-11-19T16:59:15.502+0800][gc,stats    ]    Critical: Allocation Stall                                  0 / 0                 0 / 0                 0 / 0                 0 / 0           ops/s
[2023-11-19T16:59:15.502+0800][gc,stats    ]    Critical: Allocation Stall                              0.000 / 0.000         0.000 / 0.000         0.000 / 0.000         0.000 / 0.000       ms
[2023-11-19T16:59:15.502+0800][gc,stats    ]    Critical: GC Locker Stall                                   0 / 0                 0 / 0                 0 / 0                 0 / 0           ops/s
[2023-11-19T16:59:15.502+0800][gc,stats    ]    Critical: GC Locker Stall                               0.000 / 0.000         0.000 / 0.000         0.000 / 0.000         0.000 / 0.000       ms
[2023-11-19T16:59:15.502+0800][gc,stats    ]    Critical: Relocation Stall                                  0 / 0                 0 / 0                 0 / 0                 0 / 0           ops/s
[2023-11-19T16:59:15.502+0800][gc,stats    ]    Critical: Relocation Stall                              0.000 / 0.000         0.000 / 0.000         0.000 / 0.000         0.000 / 0.000       ms
[2023-11-19T16:59:15.502+0800][gc,stats    ]      Memory: Allocation Rate                                   0 / 2                 0 / 4                 0 / 104               0 / 104         MB/s
[2023-11-19T16:59:15.502+0800][gc,stats    ]      Memory: Defragment                                        0 / 0                 0 / 0                 0 / 0                 0 / 0           ops/s
[2023-11-19T16:59:15.502+0800][gc,stats    ]      Memory: Out Of Memory                                     0 / 0                 0 / 0                 0 / 0                 0 / 0           ops/s
[2023-11-19T16:59:15.502+0800][gc,stats    ]      Memory: Page Cache Flush                                  0 / 0                 0 / 0                 0 / 0                 0 / 0           MB/s
[2023-11-19T16:59:15.502+0800][gc,stats    ]      Memory: Page Cache Hit L1                                 0 / 1                 0 / 2                 0 / 29                0 / 29          ops/s
[2023-11-19T16:59:15.502+0800][gc,stats    ]      Memory: Page Cache Hit L2                                 0 / 0                 0 / 0                 0 / 0                 0 / 0           ops/s
[2023-11-19T16:59:15.502+0800][gc,stats    ]      Memory: Page Cache Hit L3                                 0 / 0                 0 / 0                 0 / 48                0 / 48          ops/s
[2023-11-19T16:59:15.502+0800][gc,stats    ]      Memory: Page Cache Miss                                   0 / 0                 0 / 0                 0 / 1                 0 / 1           ops/s
[2023-11-19T16:59:15.502+0800][gc,stats    ]      Memory: Uncommit                                          0 / 0                 0 / 0                 0 / 0                 0 / 0           MB/s
[2023-11-19T16:59:15.502+0800][gc,stats    ]      Memory: Undo Object Allocation Failed                     0 / 0                 0 / 0                 0 / 0                 0 / 0           ops/s
[2023-11-19T16:59:15.502+0800][gc,stats    ]      Memory: Undo Object Allocation Succeeded                  0 / 0                 0 / 0                 0 / 0                 0 / 0           ops/s
[2023-11-19T16:59:15.502+0800][gc,stats    ]      Memory: Undo Page Allocation                              0 / 0                 0 / 0                 0 / 0                 0 / 0           ops/s
[2023-11-19T16:59:15.502+0800][gc,stats    ]       Phase: Concurrent Mark                               0.000 / 0.000         0.000 / 0.000        13.801 / 15.394       13.801 / 15.394      ms
[2023-11-19T16:59:15.502+0800][gc,stats    ]       Phase: Concurrent Mark Continue                      0.000 / 0.000         0.000 / 0.000         0.000 / 0.000         0.000 / 0.000       ms
[2023-11-19T16:59:15.502+0800][gc,stats    ]       Phase: Concurrent Mark Free                          0.000 / 0.000         0.000 / 0.000         0.001 / 0.001         0.001 / 0.001       ms
[2023-11-19T16:59:15.502+0800][gc,stats    ]       Phase: Concurrent Process Non-Strong References      0.000 / 0.000         0.000 / 0.000         1.810 / 1.931         1.810 / 1.931       ms
[2023-11-19T16:59:15.502+0800][gc,stats    ]       Phase: Concurrent Relocate                           0.000 / 0.000         0.000 / 0.000         2.671 / 3.187         2.671 / 3.187       ms
[2023-11-19T16:59:15.502+0800][gc,stats    ]       Phase: Concurrent Reset Relocation Set               0.000 / 0.000         0.000 / 0.000         0.001 / 0.003         0.001 / 0.003       ms
[2023-11-19T16:59:15.502+0800][gc,stats    ]       Phase: Concurrent Select Relocation Set              0.000 / 0.000         0.000 / 0.000         4.627 / 7.839         4.627 / 7.839       ms
[2023-11-19T16:59:15.502+0800][gc,stats    ]       Phase: Pause Mark End                                0.000 / 0.000         0.000 / 0.000         0.016 / 0.018         0.016 / 0.018       ms
[2023-11-19T16:59:15.502+0800][gc,stats    ]       Phase: Pause Mark Start                              0.000 / 0.000         0.000 / 0.000         0.013 / 0.019         0.013 / 0.019       ms
[2023-11-19T16:59:15.502+0800][gc,stats    ]       Phase: Pause Relocate Start                          0.000 / 0.000         0.000 / 0.000         0.008 / 0.009         0.008 / 0.009       ms
[2023-11-19T16:59:15.502+0800][gc,stats    ]    Subphase: Concurrent Classes Purge                      0.000 / 0.000         0.000 / 0.000         0.047 / 0.049         0.047 / 0.049       ms
[2023-11-19T16:59:15.502+0800][gc,stats    ]    Subphase: Concurrent Classes Unlink                     0.000 / 0.000         0.000 / 0.000         1.263 / 1.295         1.263 / 1.295       ms
[2023-11-19T16:59:15.502+0800][gc,stats    ]    Subphase: Concurrent Mark                               0.000 / 0.000         0.000 / 0.000        11.825 / 13.159       11.825 / 13.159      ms
[2023-11-19T16:59:15.502+0800][gc,stats    ]    Subphase: Concurrent Mark Try Flush                     0.000 / 0.000         0.000 / 0.000         0.057 / 0.108         0.057 / 0.108       ms
[2023-11-19T16:59:15.502+0800][gc,stats    ]    Subphase: Concurrent Mark Try Terminate                 0.000 / 0.000         0.000 / 0.000         1.420 / 4.236         1.420 / 4.236       ms
[2023-11-19T16:59:15.502+0800][gc,stats    ]    Subphase: Concurrent References Enqueue                 0.000 / 0.000         0.000 / 0.000         0.004 / 0.004         0.004 / 0.004       ms
[2023-11-19T16:59:15.502+0800][gc,stats    ]    Subphase: Concurrent References Process                 0.000 / 0.000         0.000 / 0.000         0.090 / 0.101         0.090 / 0.101       ms
[2023-11-19T16:59:15.502+0800][gc,stats    ]    Subphase: Concurrent Roots ClassLoaderDataGraph         0.000 / 0.000         0.000 / 0.000         0.103 / 0.506         0.103 / 0.506       ms
[2023-11-19T16:59:15.502+0800][gc,stats    ]    Subphase: Concurrent Roots CodeCache                    0.000 / 0.000         0.000 / 0.000         0.000 / 0.000         0.000 / 0.000       ms
[2023-11-19T16:59:15.502+0800][gc,stats    ]    Subphase: Concurrent Roots JavaThreads                  0.000 / 0.000         0.000 / 0.000         1.129 / 2.106         1.129 / 2.106       ms
[2023-11-19T16:59:15.502+0800][gc,stats    ]    Subphase: Concurrent Roots OopStorageSet                0.000 / 0.000         0.000 / 0.000         0.036 / 0.058         0.036 / 0.058       ms
[2023-11-19T16:59:15.502+0800][gc,stats    ]    Subphase: Concurrent Weak Roots OopStorageSet           0.000 / 0.000         0.000 / 0.000         0.328 / 0.486         0.328 / 0.486       ms
[2023-11-19T16:59:15.502+0800][gc,stats    ]    Subphase: Pause Mark Try Complete                       0.000 / 0.000         0.000 / 0.000         0.000 / 0.000         0.000 / 0.000       ms
[2023-11-19T16:59:15.502+0800][gc,stats    ]      System: Java Threads                                      0 / 0                 0 / 0                39 / 54               39 / 54          threads
[2023-11-19T16:59:15.502+0800][gc,stats    ] =========================================================================================================================================================
[2023-11-19T16:59:25.501+0800][gc,stats    ] === Garbage Collection Statistics =======================================================================================================================
[2023-11-19T16:59:25.501+0800][gc,stats    ]                                                              Last 10s              Last 10m              Last 10h                Total
[2023-11-19T16:59:25.501+0800][gc,stats    ]                                                              Avg / Max             Avg / Max             Avg / Max             Avg / Max
[2023-11-19T16:59:25.501+0800][gc,stats    ]   Collector: Garbage Collection Cycle                      0.000 / 0.000         0.000 / 0.000        23.723 / 25.775       23.723 / 25.775      ms
[2023-11-19T16:59:25.501+0800][gc,stats    ]  Contention: Mark Segment Reset Contention                     0 / 0                 0 / 0                 0 / 3                 0 / 3           ops/s
[2023-11-19T16:59:25.501+0800][gc,stats    ]  Contention: Mark SeqNum Reset Contention                      0 / 0                 0 / 0                 0 / 0                 0 / 0           ops/s
[2023-11-19T16:59:25.501+0800][gc,stats    ]    Critical: Allocation Stall                                  0 / 0                 0 / 0                 0 / 0                 0 / 0           ops/s
[2023-11-19T16:59:25.501+0800][gc,stats    ]    Critical: Allocation Stall                              0.000 / 0.000         0.000 / 0.000         0.000 / 0.000         0.000 / 0.000       ms
[2023-11-19T16:59:25.501+0800][gc,stats    ]    Critical: GC Locker Stall                                   0 / 0                 0 / 0                 0 / 0                 0 / 0           ops/s
[2023-11-19T16:59:25.501+0800][gc,stats    ]    Critical: GC Locker Stall                               0.000 / 0.000         0.000 / 0.000         0.000 / 0.000         0.000 / 0.000       ms
[2023-11-19T16:59:25.501+0800][gc,stats    ]    Critical: Relocation Stall                                  0 / 0                 0 / 0                 0 / 0                 0 / 0           ops/s
[2023-11-19T16:59:25.501+0800][gc,stats    ]    Critical: Relocation Stall                              0.000 / 0.000         0.000 / 0.000         0.000 / 0.000         0.000 / 0.000       ms
[2023-11-19T16:59:25.501+0800][gc,stats    ]      Memory: Allocation Rate                                   0 / 2                 0 / 4                 0 / 104               0 / 104         MB/s
[2023-11-19T16:59:25.501+0800][gc,stats    ]      Memory: Defragment                                        0 / 0                 0 / 0                 0 / 0                 0 / 0           ops/s
[2023-11-19T16:59:25.501+0800][gc,stats    ]      Memory: Out Of Memory                                     0 / 0                 0 / 0                 0 / 0                 0 / 0           ops/s
[2023-11-19T16:59:25.501+0800][gc,stats    ]      Memory: Page Cache Flush                                  0 / 0                 0 / 0                 0 / 0                 0 / 0           MB/s
[2023-11-19T16:59:25.501+0800][gc,stats    ]      Memory: Page Cache Hit L1                                 0 / 1                 0 / 2                 0 / 29                0 / 29          ops/s
[2023-11-19T16:59:25.501+0800][gc,stats    ]      Memory: Page Cache Hit L2                                 0 / 0                 0 / 0                 0 / 0                 0 / 0           ops/s
[2023-11-19T16:59:25.501+0800][gc,stats    ]      Memory: Page Cache Hit L3                                 0 / 0                 0 / 0                 0 / 48                0 / 48          ops/s
[2023-11-19T16:59:25.501+0800][gc,stats    ]      Memory: Page Cache Miss                                   0 / 0                 0 / 0                 0 / 1                 0 / 1           ops/s
[2023-11-19T16:59:25.501+0800][gc,stats    ]      Memory: Uncommit                                          0 / 0                 0 / 0                 0 / 0                 0 / 0           MB/s
[2023-11-19T16:59:25.501+0800][gc,stats    ]      Memory: Undo Object Allocation Failed                     0 / 0                 0 / 0                 0 / 0                 0 / 0           ops/s
[2023-11-19T16:59:25.501+0800][gc,stats    ]      Memory: Undo Object Allocation Succeeded                  0 / 0                 0 / 0                 0 / 0                 0 / 0           ops/s
[2023-11-19T16:59:25.501+0800][gc,stats    ]      Memory: Undo Page Allocation                              0 / 0                 0 / 0                 0 / 0                 0 / 0           ops/s
[2023-11-19T16:59:25.501+0800][gc,stats    ]       Phase: Concurrent Mark                               0.000 / 0.000         0.000 / 0.000        13.801 / 15.394       13.801 / 15.394      ms
[2023-11-19T16:59:25.501+0800][gc,stats    ]       Phase: Concurrent Mark Continue                      0.000 / 0.000         0.000 / 0.000         0.000 / 0.000         0.000 / 0.000       ms
[2023-11-19T16:59:25.501+0800][gc,stats    ]       Phase: Concurrent Mark Free                          0.000 / 0.000         0.000 / 0.000         0.001 / 0.001         0.001 / 0.001       ms
[2023-11-19T16:59:25.501+0800][gc,stats    ]       Phase: Concurrent Process Non-Strong References      0.000 / 0.000         0.000 / 0.000         1.810 / 1.931         1.810 / 1.931       ms
[2023-11-19T16:59:25.501+0800][gc,stats    ]       Phase: Concurrent Relocate                           0.000 / 0.000         0.000 / 0.000         2.671 / 3.187         2.671 / 3.187       ms
[2023-11-19T16:59:25.501+0800][gc,stats    ]       Phase: Concurrent Reset Relocation Set               0.000 / 0.000         0.000 / 0.000         0.001 / 0.003         0.001 / 0.003       ms
[2023-11-19T16:59:25.501+0800][gc,stats    ]       Phase: Concurrent Select Relocation Set              0.000 / 0.000         0.000 / 0.000         4.627 / 7.839         4.627 / 7.839       ms
[2023-11-19T16:59:25.501+0800][gc,stats    ]       Phase: Pause Mark End                                0.000 / 0.000         0.000 / 0.000         0.016 / 0.018         0.016 / 0.018       ms
[2023-11-19T16:59:25.501+0800][gc,stats    ]       Phase: Pause Mark Start                              0.000 / 0.000         0.000 / 0.000         0.013 / 0.019         0.013 / 0.019       ms
[2023-11-19T16:59:25.501+0800][gc,stats    ]       Phase: Pause Relocate Start                          0.000 / 0.000         0.000 / 0.000         0.008 / 0.009         0.008 / 0.009       ms
[2023-11-19T16:59:25.501+0800][gc,stats    ]    Subphase: Concurrent Classes Purge                      0.000 / 0.000         0.000 / 0.000         0.047 / 0.049         0.047 / 0.049       ms
[2023-11-19T16:59:25.501+0800][gc,stats    ]    Subphase: Concurrent Classes Unlink                     0.000 / 0.000         0.000 / 0.000         1.263 / 1.295         1.263 / 1.295       ms
[2023-11-19T16:59:25.501+0800][gc,stats    ]    Subphase: Concurrent Mark                               0.000 / 0.000         0.000 / 0.000        11.825 / 13.159       11.825 / 13.159      ms
[2023-11-19T16:59:25.501+0800][gc,stats    ]    Subphase: Concurrent Mark Try Flush                     0.000 / 0.000         0.000 / 0.000         0.057 / 0.108         0.057 / 0.108       ms
[2023-11-19T16:59:25.501+0800][gc,stats    ]    Subphase: Concurrent Mark Try Terminate                 0.000 / 0.000         0.000 / 0.000         1.420 / 4.236         1.420 / 4.236       ms
[2023-11-19T16:59:25.501+0800][gc,stats    ]    Subphase: Concurrent References Enqueue                 0.000 / 0.000         0.000 / 0.000         0.004 / 0.004         0.004 / 0.004       ms
[2023-11-19T16:59:25.501+0800][gc,stats    ]    Subphase: Concurrent References Process                 0.000 / 0.000         0.000 / 0.000         0.090 / 0.101         0.090 / 0.101       ms
[2023-11-19T16:59:25.501+0800][gc,stats    ]    Subphase: Concurrent Roots ClassLoaderDataGraph         0.000 / 0.000         0.000 / 0.000         0.103 / 0.506         0.103 / 0.506       ms
[2023-11-19T16:59:25.501+0800][gc,stats    ]    Subphase: Concurrent Roots CodeCache                    0.000 / 0.000         0.000 / 0.000         0.000 / 0.000         0.000 / 0.000       ms
[2023-11-19T16:59:25.501+0800][gc,stats    ]    Subphase: Concurrent Roots JavaThreads                  0.000 / 0.000         0.000 / 0.000         1.129 / 2.106         1.129 / 2.106       ms
[2023-11-19T16:59:25.501+0800][gc,stats    ]    Subphase: Concurrent Roots OopStorageSet                0.000 / 0.000         0.000 / 0.000         0.036 / 0.058         0.036 / 0.058       ms
[2023-11-19T16:59:25.501+0800][gc,stats    ]    Subphase: Concurrent Weak Roots OopStorageSet           0.000 / 0.000         0.000 / 0.000         0.328 / 0.486         0.328 / 0.486       ms
[2023-11-19T16:59:25.501+0800][gc,stats    ]    Subphase: Pause Mark Try Complete                       0.000 / 0.000         0.000 / 0.000         0.000 / 0.000         0.000 / 0.000       ms
[2023-11-19T16:59:25.501+0800][gc,stats    ]      System: Java Threads                                      0 / 0                 0 / 0                39 / 54               39 / 54          threads
[2023-11-19T16:59:25.501+0800][gc,stats    ] =========================================================================================================================================================
[2023-11-19T16:59:35.501+0800][gc,stats    ] === Garbage Collection Statistics =======================================================================================================================
[2023-11-19T16:59:35.501+0800][gc,stats    ]                                                              Last 10s              Last 10m              Last 10h                Total
[2023-11-19T16:59:35.501+0800][gc,stats    ]                                                              Avg / Max             Avg / Max             Avg / Max             Avg / Max
[2023-11-19T16:59:35.501+0800][gc,stats    ]   Collector: Garbage Collection Cycle                      0.000 / 0.000         0.000 / 0.000        23.723 / 25.775       23.723 / 25.775      ms
[2023-11-19T16:59:35.501+0800][gc,stats    ]  Contention: Mark Segment Reset Contention                     0 / 0                 0 / 0                 0 / 3                 0 / 3           ops/s
[2023-11-19T16:59:35.501+0800][gc,stats    ]  Contention: Mark SeqNum Reset Contention                      0 / 0                 0 / 0                 0 / 0                 0 / 0           ops/s
[2023-11-19T16:59:35.501+0800][gc,stats    ]    Critical: Allocation Stall                                  0 / 0                 0 / 0                 0 / 0                 0 / 0           ops/s
[2023-11-19T16:59:35.501+0800][gc,stats    ]    Critical: Allocation Stall                              0.000 / 0.000         0.000 / 0.000         0.000 / 0.000         0.000 / 0.000       ms
[2023-11-19T16:59:35.501+0800][gc,stats    ]    Critical: GC Locker Stall                                   0 / 0                 0 / 0                 0 / 0                 0 / 0           ops/s
[2023-11-19T16:59:35.501+0800][gc,stats    ]    Critical: GC Locker Stall                               0.000 / 0.000         0.000 / 0.000         0.000 / 0.000         0.000 / 0.000       ms
[2023-11-19T16:59:35.501+0800][gc,stats    ]    Critical: Relocation Stall                                  0 / 0                 0 / 0                 0 / 0                 0 / 0           ops/s
[2023-11-19T16:59:35.501+0800][gc,stats    ]    Critical: Relocation Stall                              0.000 / 0.000         0.000 / 0.000         0.000 / 0.000         0.000 / 0.000       ms
[2023-11-19T16:59:35.501+0800][gc,stats    ]      Memory: Allocation Rate                                   0 / 2                 0 / 4                 0 / 104               0 / 104         MB/s
[2023-11-19T16:59:35.501+0800][gc,stats    ]      Memory: Defragment                                        0 / 0                 0 / 0                 0 / 0                 0 / 0           ops/s
[2023-11-19T16:59:35.501+0800][gc,stats    ]      Memory: Out Of Memory                                     0 / 0                 0 / 0                 0 / 0                 0 / 0           ops/s
[2023-11-19T16:59:35.501+0800][gc,stats    ]      Memory: Page Cache Flush                                  0 / 0                 0 / 0                 0 / 0                 0 / 0           MB/s
[2023-11-19T16:59:35.501+0800][gc,stats    ]      Memory: Page Cache Hit L1                                 0 / 1                 0 / 2                 0 / 29                0 / 29          ops/s
[2023-11-19T16:59:35.501+0800][gc,stats    ]      Memory: Page Cache Hit L2                                 0 / 0                 0 / 0                 0 / 0                 0 / 0           ops/s
[2023-11-19T16:59:35.501+0800][gc,stats    ]      Memory: Page Cache Hit L3                                 0 / 0                 0 / 0                 0 / 48                0 / 48          ops/s
[2023-11-19T16:59:35.501+0800][gc,stats    ]      Memory: Page Cache Miss                                   0 / 0                 0 / 0                 0 / 1                 0 / 1           ops/s
[2023-11-19T16:59:35.501+0800][gc,stats    ]      Memory: Uncommit                                          0 / 0                 0 / 0                 0 / 0                 0 / 0           MB/s
[2023-11-19T16:59:35.501+0800][gc,stats    ]      Memory: Undo Object Allocation Failed                     0 / 0                 0 / 0                 0 / 0                 0 / 0           ops/s
[2023-11-19T16:59:35.501+0800][gc,stats    ]      Memory: Undo Object Allocation Succeeded                  0 / 0                 0 / 0                 0 / 0                 0 / 0           ops/s
[2023-11-19T16:59:35.501+0800][gc,stats    ]      Memory: Undo Page Allocation                              0 / 0                 0 / 0                 0 / 0                 0 / 0           ops/s
[2023-11-19T16:59:35.501+0800][gc,stats    ]       Phase: Concurrent Mark                               0.000 / 0.000         0.000 / 0.000        13.801 / 15.394       13.801 / 15.394      ms
[2023-11-19T16:59:35.501+0800][gc,stats    ]       Phase: Concurrent Mark Continue                      0.000 / 0.000         0.000 / 0.000         0.000 / 0.000         0.000 / 0.000       ms
[2023-11-19T16:59:35.501+0800][gc,stats    ]       Phase: Concurrent Mark Free                          0.000 / 0.000         0.000 / 0.000         0.001 / 0.001         0.001 / 0.001       ms
[2023-11-19T16:59:35.501+0800][gc,stats    ]       Phase: Concurrent Process Non-Strong References      0.000 / 0.000         0.000 / 0.000         1.810 / 1.931         1.810 / 1.931       ms
[2023-11-19T16:59:35.501+0800][gc,stats    ]       Phase: Concurrent Relocate                           0.000 / 0.000         0.000 / 0.000         2.671 / 3.187         2.671 / 3.187       ms
[2023-11-19T16:59:35.501+0800][gc,stats    ]       Phase: Concurrent Reset Relocation Set               0.000 / 0.000         0.000 / 0.000         0.001 / 0.003         0.001 / 0.003       ms
[2023-11-19T16:59:35.501+0800][gc,stats    ]       Phase: Concurrent Select Relocation Set              0.000 / 0.000         0.000 / 0.000         4.627 / 7.839         4.627 / 7.839       ms
[2023-11-19T16:59:35.501+0800][gc,stats    ]       Phase: Pause Mark End                                0.000 / 0.000         0.000 / 0.000         0.016 / 0.018         0.016 / 0.018       ms
[2023-11-19T16:59:35.501+0800][gc,stats    ]       Phase: Pause Mark Start                              0.000 / 0.000         0.000 / 0.000         0.013 / 0.019         0.013 / 0.019       ms
[2023-11-19T16:59:35.501+0800][gc,stats    ]       Phase: Pause Relocate Start                          0.000 / 0.000         0.000 / 0.000         0.008 / 0.009         0.008 / 0.009       ms
[2023-11-19T16:59:35.501+0800][gc,stats    ]    Subphase: Concurrent Classes Purge                      0.000 / 0.000         0.000 / 0.000         0.047 / 0.049         0.047 / 0.049       ms
[2023-11-19T16:59:35.501+0800][gc,stats    ]    Subphase: Concurrent Classes Unlink                     0.000 / 0.000         0.000 / 0.000         1.263 / 1.295         1.263 / 1.295       ms
[2023-11-19T16:59:35.501+0800][gc,stats    ]    Subphase: Concurrent Mark                               0.000 / 0.000         0.000 / 0.000        11.825 / 13.159       11.825 / 13.159      ms
[2023-11-19T16:59:35.501+0800][gc,stats    ]    Subphase: Concurrent Mark Try Flush                     0.000 / 0.000         0.000 / 0.000         0.057 / 0.108         0.057 / 0.108       ms
[2023-11-19T16:59:35.501+0800][gc,stats    ]    Subphase: Concurrent Mark Try Terminate                 0.000 / 0.000         0.000 / 0.000         1.420 / 4.236         1.420 / 4.236       ms
[2023-11-19T16:59:35.501+0800][gc,stats    ]    Subphase: Concurrent References Enqueue                 0.000 / 0.000         0.000 / 0.000         0.004 / 0.004         0.004 / 0.004       ms
[2023-11-19T16:59:35.501+0800][gc,stats    ]    Subphase: Concurrent References Process                 0.000 / 0.000         0.000 / 0.000         0.090 / 0.101         0.090 / 0.101       ms
[2023-11-19T16:59:35.501+0800][gc,stats    ]    Subphase: Concurrent Roots ClassLoaderDataGraph         0.000 / 0.000         0.000 / 0.000         0.103 / 0.506         0.103 / 0.506       ms
[2023-11-19T16:59:35.501+0800][gc,stats    ]    Subphase: Concurrent Roots CodeCache                    0.000 / 0.000         0.000 / 0.000         0.000 / 0.000         0.000 / 0.000       ms
[2023-11-19T16:59:35.501+0800][gc,stats    ]    Subphase: Concurrent Roots JavaThreads                  0.000 / 0.000         0.000 / 0.000         1.129 / 2.106         1.129 / 2.106       ms
[2023-11-19T16:59:35.501+0800][gc,stats    ]    Subphase: Concurrent Roots OopStorageSet                0.000 / 0.000         0.000 / 0.000         0.036 / 0.058         0.036 / 0.058       ms
[2023-11-19T16:59:35.501+0800][gc,stats    ]    Subphase: Concurrent Weak Roots OopStorageSet           0.000 / 0.000         0.000 / 0.000         0.328 / 0.486         0.328 / 0.486       ms
[2023-11-19T16:59:35.501+0800][gc,stats    ]    Subphase: Pause Mark Try Complete                       0.000 / 0.000         0.000 / 0.000         0.000 / 0.000         0.000 / 0.000       ms
[2023-11-19T16:59:35.501+0800][gc,stats    ]      System: Java Threads                                      0 / 0                 0 / 0                39 / 54               39 / 54          threads
[2023-11-19T16:59:35.501+0800][gc,stats    ] =========================================================================================================================================================
[2023-11-19T16:59:45.502+0800][gc,stats    ] === Garbage Collection Statistics =======================================================================================================================
[2023-11-19T16:59:45.502+0800][gc,stats    ]                                                              Last 10s              Last 10m              Last 10h                Total
[2023-11-19T16:59:45.502+0800][gc,stats    ]                                                              Avg / Max             Avg / Max             Avg / Max             Avg / Max
[2023-11-19T16:59:45.502+0800][gc,stats    ]   Collector: Garbage Collection Cycle                      0.000 / 0.000         0.000 / 0.000        23.723 / 25.775       23.723 / 25.775      ms
[2023-11-19T16:59:45.502+0800][gc,stats    ]  Contention: Mark Segment Reset Contention                     0 / 0                 0 / 0                 0 / 3                 0 / 3           ops/s
[2023-11-19T16:59:45.502+0800][gc,stats    ]  Contention: Mark SeqNum Reset Contention                      0 / 0                 0 / 0                 0 / 0                 0 / 0           ops/s
[2023-11-19T16:59:45.502+0800][gc,stats    ]    Critical: Allocation Stall                                  0 / 0                 0 / 0                 0 / 0                 0 / 0           ops/s
[2023-11-19T16:59:45.502+0800][gc,stats    ]    Critical: Allocation Stall                              0.000 / 0.000         0.000 / 0.000         0.000 / 0.000         0.000 / 0.000       ms
[2023-11-19T16:59:45.502+0800][gc,stats    ]    Critical: GC Locker Stall                                   0 / 0                 0 / 0                 0 / 0                 0 / 0           ops/s
[2023-11-19T16:59:45.502+0800][gc,stats    ]    Critical: GC Locker Stall                               0.000 / 0.000         0.000 / 0.000         0.000 / 0.000         0.000 / 0.000       ms
[2023-11-19T16:59:45.502+0800][gc,stats    ]    Critical: Relocation Stall                                  0 / 0                 0 / 0                 0 / 0                 0 / 0           ops/s
[2023-11-19T16:59:45.502+0800][gc,stats    ]    Critical: Relocation Stall                              0.000 / 0.000         0.000 / 0.000         0.000 / 0.000         0.000 / 0.000       ms
[2023-11-19T16:59:45.502+0800][gc,stats    ]      Memory: Allocation Rate                                   0 / 2                 0 / 4                 0 / 104               0 / 104         MB/s
[2023-11-19T16:59:45.502+0800][gc,stats    ]      Memory: Defragment                                        0 / 0                 0 / 0                 0 / 0                 0 / 0           ops/s
[2023-11-19T16:59:45.502+0800][gc,stats    ]      Memory: Out Of Memory                                     0 / 0                 0 / 0                 0 / 0                 0 / 0           ops/s
[2023-11-19T16:59:45.502+0800][gc,stats    ]      Memory: Page Cache Flush                                  0 / 0                 0 / 0                 0 / 0                 0 / 0           MB/s
[2023-11-19T16:59:45.502+0800][gc,stats    ]      Memory: Page Cache Hit L1                                 0 / 1                 0 / 2                 0 / 29                0 / 29          ops/s
[2023-11-19T16:59:45.502+0800][gc,stats    ]      Memory: Page Cache Hit L2                                 0 / 0                 0 / 0                 0 / 0                 0 / 0           ops/s
[2023-11-19T16:59:45.502+0800][gc,stats    ]      Memory: Page Cache Hit L3                                 0 / 0                 0 / 0                 0 / 48                0 / 48          ops/s
[2023-11-19T16:59:45.502+0800][gc,stats    ]      Memory: Page Cache Miss                                   0 / 0                 0 / 0                 0 / 1                 0 / 1           ops/s
[2023-11-19T16:59:45.502+0800][gc,stats    ]      Memory: Uncommit                                          0 / 0                 0 / 0                 0 / 0                 0 / 0           MB/s
[2023-11-19T16:59:45.502+0800][gc,stats    ]      Memory: Undo Object Allocation Failed                     0 / 0                 0 / 0                 0 / 0                 0 / 0           ops/s
[2023-11-19T16:59:45.502+0800][gc,stats    ]      Memory: Undo Object Allocation Succeeded                  0 / 0                 0 / 0                 0 / 0                 0 / 0           ops/s
[2023-11-19T16:59:45.502+0800][gc,stats    ]      Memory: Undo Page Allocation                              0 / 0                 0 / 0                 0 / 0                 0 / 0           ops/s
[2023-11-19T16:59:45.502+0800][gc,stats    ]       Phase: Concurrent Mark                               0.000 / 0.000         0.000 / 0.000        13.801 / 15.394       13.801 / 15.394      ms
[2023-11-19T16:59:45.502+0800][gc,stats    ]       Phase: Concurrent Mark Continue                      0.000 / 0.000         0.000 / 0.000         0.000 / 0.000         0.000 / 0.000       ms
[2023-11-19T16:59:45.502+0800][gc,stats    ]       Phase: Concurrent Mark Free                          0.000 / 0.000         0.000 / 0.000         0.001 / 0.001         0.001 / 0.001       ms
[2023-11-19T16:59:45.502+0800][gc,stats    ]       Phase: Concurrent Process Non-Strong References      0.000 / 0.000         0.000 / 0.000         1.810 / 1.931         1.810 / 1.931       ms
[2023-11-19T16:59:45.502+0800][gc,stats    ]       Phase: Concurrent Relocate                           0.000 / 0.000         0.000 / 0.000         2.671 / 3.187         2.671 / 3.187       ms
[2023-11-19T16:59:45.502+0800][gc,stats    ]       Phase: Concurrent Reset Relocation Set               0.000 / 0.000         0.000 / 0.000         0.001 / 0.003         0.001 / 0.003       ms
[2023-11-19T16:59:45.502+0800][gc,stats    ]       Phase: Concurrent Select Relocation Set              0.000 / 0.000         0.000 / 0.000         4.627 / 7.839         4.627 / 7.839       ms
[2023-11-19T16:59:45.502+0800][gc,stats    ]       Phase: Pause Mark End                                0.000 / 0.000         0.000 / 0.000         0.016 / 0.018         0.016 / 0.018       ms
[2023-11-19T16:59:45.502+0800][gc,stats    ]       Phase: Pause Mark Start                              0.000 / 0.000         0.000 / 0.000         0.013 / 0.019         0.013 / 0.019       ms
[2023-11-19T16:59:45.502+0800][gc,stats    ]       Phase: Pause Relocate Start                          0.000 / 0.000         0.000 / 0.000         0.008 / 0.009         0.008 / 0.009       ms
[2023-11-19T16:59:45.502+0800][gc,stats    ]    Subphase: Concurrent Classes Purge                      0.000 / 0.000         0.000 / 0.000         0.047 / 0.049         0.047 / 0.049       ms
[2023-11-19T16:59:45.502+0800][gc,stats    ]    Subphase: Concurrent Classes Unlink                     0.000 / 0.000         0.000 / 0.000         1.263 / 1.295         1.263 / 1.295       ms
[2023-11-19T16:59:45.502+0800][gc,stats    ]    Subphase: Concurrent Mark                               0.000 / 0.000         0.000 / 0.000        11.825 / 13.159       11.825 / 13.159      ms
[2023-11-19T16:59:45.502+0800][gc,stats    ]    Subphase: Concurrent Mark Try Flush                     0.000 / 0.000         0.000 / 0.000         0.057 / 0.108         0.057 / 0.108       ms
[2023-11-19T16:59:45.502+0800][gc,stats    ]    Subphase: Concurrent Mark Try Terminate                 0.000 / 0.000         0.000 / 0.000         1.420 / 4.236         1.420 / 4.236       ms
[2023-11-19T16:59:45.502+0800][gc,stats    ]    Subphase: Concurrent References Enqueue                 0.000 / 0.000         0.000 / 0.000         0.004 / 0.004         0.004 / 0.004       ms
[2023-11-19T16:59:45.502+0800][gc,stats    ]    Subphase: Concurrent References Process                 0.000 / 0.000         0.000 / 0.000         0.090 / 0.101         0.090 / 0.101       ms
[2023-11-19T16:59:45.502+0800][gc,stats    ]    Subphase: Concurrent Roots ClassLoaderDataGraph         0.000 / 0.000         0.000 / 0.000         0.103 / 0.506         0.103 / 0.506       ms
[2023-11-19T16:59:45.502+0800][gc,stats    ]    Subphase: Concurrent Roots CodeCache                    0.000 / 0.000         0.000 / 0.000         0.000 / 0.000         0.000 / 0.000       ms
[2023-11-19T16:59:45.502+0800][gc,stats    ]    Subphase: Concurrent Roots JavaThreads                  0.000 / 0.000         0.000 / 0.000         1.129 / 2.106         1.129 / 2.106       ms
[2023-11-19T16:59:45.502+0800][gc,stats    ]    Subphase: Concurrent Roots OopStorageSet                0.000 / 0.000         0.000 / 0.000         0.036 / 0.058         0.036 / 0.058       ms
[2023-11-19T16:59:45.502+0800][gc,stats    ]    Subphase: Concurrent Weak Roots OopStorageSet           0.000 / 0.000         0.000 / 0.000         0.328 / 0.486         0.328 / 0.486       ms
[2023-11-19T16:59:45.502+0800][gc,stats    ]    Subphase: Pause Mark Try Complete                       0.000 / 0.000         0.000 / 0.000         0.000 / 0.000         0.000 / 0.000       ms
[2023-11-19T16:59:45.502+0800][gc,stats    ]      System: Java Threads                                      0 / 0                 0 / 0                39 / 54               39 / 54          threads
[2023-11-19T16:59:45.502+0800][gc,stats    ] =========================================================================================================================================================
[2023-11-19T16:59:55.501+0800][gc,stats    ] === Garbage Collection Statistics =======================================================================================================================
[2023-11-19T16:59:55.501+0800][gc,stats    ]                                                              Last 10s              Last 10m              Last 10h                Total
[2023-11-19T16:59:55.501+0800][gc,stats    ]                                                              Avg / Max             Avg / Max             Avg / Max             Avg / Max
[2023-11-19T16:59:55.501+0800][gc,stats    ]   Collector: Garbage Collection Cycle                      0.000 / 0.000         0.000 / 0.000        23.723 / 25.775       23.723 / 25.775      ms
[2023-11-19T16:59:55.501+0800][gc,stats    ]  Contention: Mark Segment Reset Contention                     0 / 0                 0 / 0                 0 / 3                 0 / 3           ops/s
[2023-11-19T16:59:55.501+0800][gc,stats    ]  Contention: Mark SeqNum Reset Contention                      0 / 0                 0 / 0                 0 / 0                 0 / 0           ops/s
[2023-11-19T16:59:55.501+0800][gc,stats    ]    Critical: Allocation Stall                                  0 / 0                 0 / 0                 0 / 0                 0 / 0           ops/s
[2023-11-19T16:59:55.501+0800][gc,stats    ]    Critical: Allocation Stall                              0.000 / 0.000         0.000 / 0.000         0.000 / 0.000         0.000 / 0.000       ms
[2023-11-19T16:59:55.501+0800][gc,stats    ]    Critical: GC Locker Stall                                   0 / 0                 0 / 0                 0 / 0                 0 / 0           ops/s
[2023-11-19T16:59:55.501+0800][gc,stats    ]    Critical: GC Locker Stall                               0.000 / 0.000         0.000 / 0.000         0.000 / 0.000         0.000 / 0.000       ms
[2023-11-19T16:59:55.501+0800][gc,stats    ]    Critical: Relocation Stall                                  0 / 0                 0 / 0                 0 / 0                 0 / 0           ops/s
[2023-11-19T16:59:55.501+0800][gc,stats    ]    Critical: Relocation Stall                              0.000 / 0.000         0.000 / 0.000         0.000 / 0.000         0.000 / 0.000       ms
[2023-11-19T16:59:55.501+0800][gc,stats    ]      Memory: Allocation Rate                                   0 / 2                 0 / 4                 0 / 104               0 / 104         MB/s
[2023-11-19T16:59:55.501+0800][gc,stats    ]      Memory: Defragment                                        0 / 0                 0 / 0                 0 / 0                 0 / 0           ops/s
[2023-11-19T16:59:55.501+0800][gc,stats    ]      Memory: Out Of Memory                                     0 / 0                 0 / 0                 0 / 0                 0 / 0           ops/s
[2023-11-19T16:59:55.501+0800][gc,stats    ]      Memory: Page Cache Flush                                  0 / 0                 0 / 0                 0 / 0                 0 / 0           MB/s
[2023-11-19T16:59:55.501+0800][gc,stats    ]      Memory: Page Cache Hit L1                                 0 / 1                 0 / 2                 0 / 29                0 / 29          ops/s
[2023-11-19T16:59:55.501+0800][gc,stats    ]      Memory: Page Cache Hit L2                                 0 / 0                 0 / 0                 0 / 0                 0 / 0           ops/s
[2023-11-19T16:59:55.501+0800][gc,stats    ]      Memory: Page Cache Hit L3                                 0 / 0                 0 / 0                 0 / 48                0 / 48          ops/s
[2023-11-19T16:59:55.501+0800][gc,stats    ]      Memory: Page Cache Miss                                   0 / 0                 0 / 0                 0 / 1                 0 / 1           ops/s
[2023-11-19T16:59:55.501+0800][gc,stats    ]      Memory: Uncommit                                          0 / 0                 0 / 0                 0 / 0                 0 / 0           MB/s
[2023-11-19T16:59:55.501+0800][gc,stats    ]      Memory: Undo Object Allocation Failed                     0 / 0                 0 / 0                 0 / 0                 0 / 0           ops/s
[2023-11-19T16:59:55.501+0800][gc,stats    ]      Memory: Undo Object Allocation Succeeded                  0 / 0                 0 / 0                 0 / 0                 0 / 0           ops/s
[2023-11-19T16:59:55.501+0800][gc,stats    ]      Memory: Undo Page Allocation                              0 / 0                 0 / 0                 0 / 0                 0 / 0           ops/s
[2023-11-19T16:59:55.501+0800][gc,stats    ]       Phase: Concurrent Mark                               0.000 / 0.000         0.000 / 0.000        13.801 / 15.394       13.801 / 15.394      ms
[2023-11-19T16:59:55.501+0800][gc,stats    ]       Phase: Concurrent Mark Continue                      0.000 / 0.000         0.000 / 0.000         0.000 / 0.000         0.000 / 0.000       ms
[2023-11-19T16:59:55.501+0800][gc,stats    ]       Phase: Concurrent Mark Free                          0.000 / 0.000         0.000 / 0.000         0.001 / 0.001         0.001 / 0.001       ms
[2023-11-19T16:59:55.501+0800][gc,stats    ]       Phase: Concurrent Process Non-Strong References      0.000 / 0.000         0.000 / 0.000         1.810 / 1.931         1.810 / 1.931       ms
[2023-11-19T16:59:55.501+0800][gc,stats    ]       Phase: Concurrent Relocate                           0.000 / 0.000         0.000 / 0.000         2.671 / 3.187         2.671 / 3.187       ms
[2023-11-19T16:59:55.501+0800][gc,stats    ]       Phase: Concurrent Reset Relocation Set               0.000 / 0.000         0.000 / 0.000         0.001 / 0.003         0.001 / 0.003       ms
[2023-11-19T16:59:55.501+0800][gc,stats    ]       Phase: Concurrent Select Relocation Set              0.000 / 0.000         0.000 / 0.000         4.627 / 7.839         4.627 / 7.839       ms
[2023-11-19T16:59:55.501+0800][gc,stats    ]       Phase: Pause Mark End                                0.000 / 0.000         0.000 / 0.000         0.016 / 0.018         0.016 / 0.018       ms
[2023-11-19T16:59:55.501+0800][gc,stats    ]       Phase: Pause Mark Start                              0.000 / 0.000         0.000 / 0.000         0.013 / 0.019         0.013 / 0.019       ms
[2023-11-19T16:59:55.501+0800][gc,stats    ]       Phase: Pause Relocate Start                          0.000 / 0.000         0.000 / 0.000         0.008 / 0.009         0.008 / 0.009       ms
[2023-11-19T16:59:55.501+0800][gc,stats    ]    Subphase: Concurrent Classes Purge                      0.000 / 0.000         0.000 / 0.000         0.047 / 0.049         0.047 / 0.049       ms
[2023-11-19T16:59:55.501+0800][gc,stats    ]    Subphase: Concurrent Classes Unlink                     0.000 / 0.000         0.000 / 0.000         1.263 / 1.295         1.263 / 1.295       ms
[2023-11-19T16:59:55.502+0800][gc,stats    ]    Subphase: Concurrent Mark                               0.000 / 0.000         0.000 / 0.000        11.825 / 13.159       11.825 / 13.159      ms
[2023-11-19T16:59:55.502+0800][gc,stats    ]    Subphase: Concurrent Mark Try Flush                     0.000 / 0.000         0.000 / 0.000         0.057 / 0.108         0.057 / 0.108       ms
[2023-11-19T16:59:55.502+0800][gc,stats    ]    Subphase: Concurrent Mark Try Terminate                 0.000 / 0.000         0.000 / 0.000         1.420 / 4.236         1.420 / 4.236       ms
[2023-11-19T16:59:55.502+0800][gc,stats    ]    Subphase: Concurrent References Enqueue                 0.000 / 0.000         0.000 / 0.000         0.004 / 0.004         0.004 / 0.004       ms
[2023-11-19T16:59:55.502+0800][gc,stats    ]    Subphase: Concurrent References Process                 0.000 / 0.000         0.000 / 0.000         0.090 / 0.101         0.090 / 0.101       ms
[2023-11-19T16:59:55.502+0800][gc,stats    ]    Subphase: Concurrent Roots ClassLoaderDataGraph         0.000 / 0.000         0.000 / 0.000         0.103 / 0.506         0.103 / 0.506       ms
[2023-11-19T16:59:55.502+0800][gc,stats    ]    Subphase: Concurrent Roots CodeCache                    0.000 / 0.000         0.000 / 0.000         0.000 / 0.000         0.000 / 0.000       ms
[2023-11-19T16:59:55.502+0800][gc,stats    ]    Subphase: Concurrent Roots JavaThreads                  0.000 / 0.000         0.000 / 0.000         1.129 / 2.106         1.129 / 2.106       ms
[2023-11-19T16:59:55.502+0800][gc,stats    ]    Subphase: Concurrent Roots OopStorageSet                0.000 / 0.000         0.000 / 0.000         0.036 / 0.058         0.036 / 0.058       ms
[2023-11-19T16:59:55.502+0800][gc,stats    ]    Subphase: Concurrent Weak Roots OopStorageSet           0.000 / 0.000         0.000 / 0.000         0.328 / 0.486         0.328 / 0.486       ms
[2023-11-19T16:59:55.502+0800][gc,stats    ]    Subphase: Pause Mark Try Complete                       0.000 / 0.000         0.000 / 0.000         0.000 / 0.000         0.000 / 0.000       ms
[2023-11-19T16:59:55.502+0800][gc,stats    ]      System: Java Threads                                      0 / 0                 0 / 0                39 / 54               39 / 54          threads
[2023-11-19T16:59:55.502+0800][gc,stats    ] =========================================================================================================================================================
[2023-11-19T17:00:05.501+0800][gc,stats    ] === Garbage Collection Statistics =======================================================================================================================
[2023-11-19T17:00:05.501+0800][gc,stats    ]                                                              Last 10s              Last 10m              Last 10h                Total
[2023-11-19T17:00:05.501+0800][gc,stats    ]                                                              Avg / Max             Avg / Max             Avg / Max             Avg / Max
[2023-11-19T17:00:05.501+0800][gc,stats    ]   Collector: Garbage Collection Cycle                      0.000 / 0.000         0.000 / 0.000        23.723 / 25.775       23.723 / 25.775      ms
[2023-11-19T17:00:05.501+0800][gc,stats    ]  Contention: Mark Segment Reset Contention                     0 / 0                 0 / 0                 0 / 3                 0 / 3           ops/s
[2023-11-19T17:00:05.501+0800][gc,stats    ]  Contention: Mark SeqNum Reset Contention                      0 / 0                 0 / 0                 0 / 0                 0 / 0           ops/s
[2023-11-19T17:00:05.501+0800][gc,stats    ]    Critical: Allocation Stall                                  0 / 0                 0 / 0                 0 / 0                 0 / 0           ops/s
[2023-11-19T17:00:05.501+0800][gc,stats    ]    Critical: Allocation Stall                              0.000 / 0.000         0.000 / 0.000         0.000 / 0.000         0.000 / 0.000       ms
[2023-11-19T17:00:05.501+0800][gc,stats    ]    Critical: GC Locker Stall                                   0 / 0                 0 / 0                 0 / 0                 0 / 0           ops/s
[2023-11-19T17:00:05.501+0800][gc,stats    ]    Critical: GC Locker Stall                               0.000 / 0.000         0.000 / 0.000         0.000 / 0.000         0.000 / 0.000       ms
[2023-11-19T17:00:05.501+0800][gc,stats    ]    Critical: Relocation Stall                                  0 / 0                 0 / 0                 0 / 0                 0 / 0           ops/s
[2023-11-19T17:00:05.501+0800][gc,stats    ]    Critical: Relocation Stall                              0.000 / 0.000         0.000 / 0.000         0.000 / 0.000         0.000 / 0.000       ms
[2023-11-19T17:00:05.501+0800][gc,stats    ]      Memory: Allocation Rate                                   0 / 2                 0 / 4                 0 / 104               0 / 104         MB/s
[2023-11-19T17:00:05.501+0800][gc,stats    ]      Memory: Defragment                                        0 / 0                 0 / 0                 0 / 0                 0 / 0           ops/s
[2023-11-19T17:00:05.501+0800][gc,stats    ]      Memory: Out Of Memory                                     0 / 0                 0 / 0                 0 / 0                 0 / 0           ops/s
[2023-11-19T17:00:05.501+0800][gc,stats    ]      Memory: Page Cache Flush                                  0 / 0                 0 / 0                 0 / 0                 0 / 0           MB/s
[2023-11-19T17:00:05.501+0800][gc,stats    ]      Memory: Page Cache Hit L1                                 0 / 1                 0 / 2                 0 / 29                0 / 29          ops/s
[2023-11-19T17:00:05.501+0800][gc,stats    ]      Memory: Page Cache Hit L2                                 0 / 0                 0 / 0                 0 / 0                 0 / 0           ops/s
[2023-11-19T17:00:05.501+0800][gc,stats    ]      Memory: Page Cache Hit L3                                 0 / 0                 0 / 0                 0 / 48                0 / 48          ops/s
[2023-11-19T17:00:05.501+0800][gc,stats    ]      Memory: Page Cache Miss                                   0 / 0                 0 / 0                 0 / 1                 0 / 1           ops/s
[2023-11-19T17:00:05.501+0800][gc,stats    ]      Memory: Uncommit                                          0 / 0                 0 / 0                 0 / 0                 0 / 0           MB/s
[2023-11-19T17:00:05.501+0800][gc,stats    ]      Memory: Undo Object Allocation Failed                     0 / 0                 0 / 0                 0 / 0                 0 / 0           ops/s
[2023-11-19T17:00:05.501+0800][gc,stats    ]      Memory: Undo Object Allocation Succeeded                  0 / 0                 0 / 0                 0 / 0                 0 / 0           ops/s
[2023-11-19T17:00:05.501+0800][gc,stats    ]      Memory: Undo Page Allocation                              0 / 0                 0 / 0                 0 / 0                 0 / 0           ops/s
[2023-11-19T17:00:05.501+0800][gc,stats    ]       Phase: Concurrent Mark                               0.000 / 0.000         0.000 / 0.000        13.801 / 15.394       13.801 / 15.394      ms
[2023-11-19T17:00:05.501+0800][gc,stats    ]       Phase: Concurrent Mark Continue                      0.000 / 0.000         0.000 / 0.000         0.000 / 0.000         0.000 / 0.000       ms
[2023-11-19T17:00:05.501+0800][gc,stats    ]       Phase: Concurrent Mark Free                          0.000 / 0.000         0.000 / 0.000         0.001 / 0.001         0.001 / 0.001       ms
[2023-11-19T17:00:05.501+0800][gc,stats    ]       Phase: Concurrent Process Non-Strong References      0.000 / 0.000         0.000 / 0.000         1.810 / 1.931         1.810 / 1.931       ms
[2023-11-19T17:00:05.501+0800][gc,stats    ]       Phase: Concurrent Relocate                           0.000 / 0.000         0.000 / 0.000         2.671 / 3.187         2.671 / 3.187       ms
[2023-11-19T17:00:05.501+0800][gc,stats    ]       Phase: Concurrent Reset Relocation Set               0.000 / 0.000         0.000 / 0.000         0.001 / 0.003         0.001 / 0.003       ms
[2023-11-19T17:00:05.501+0800][gc,stats    ]       Phase: Concurrent Select Relocation Set              0.000 / 0.000         0.000 / 0.000         4.627 / 7.839         4.627 / 7.839       ms
[2023-11-19T17:00:05.501+0800][gc,stats    ]       Phase: Pause Mark End                                0.000 / 0.000         0.000 / 0.000         0.016 / 0.018         0.016 / 0.018       ms
[2023-11-19T17:00:05.501+0800][gc,stats    ]       Phase: Pause Mark Start                              0.000 / 0.000         0.000 / 0.000         0.013 / 0.019         0.013 / 0.019       ms
[2023-11-19T17:00:05.501+0800][gc,stats    ]       Phase: Pause Relocate Start                          0.000 / 0.000         0.000 / 0.000         0.008 / 0.009         0.008 / 0.009       ms
[2023-11-19T17:00:05.501+0800][gc,stats    ]    Subphase: Concurrent Classes Purge                      0.000 / 0.000         0.000 / 0.000         0.047 / 0.049         0.047 / 0.049       ms
[2023-11-19T17:00:05.501+0800][gc,stats    ]    Subphase: Concurrent Classes Unlink                     0.000 / 0.000         0.000 / 0.000         1.263 / 1.295         1.263 / 1.295       ms
[2023-11-19T17:00:05.501+0800][gc,stats    ]    Subphase: Concurrent Mark                               0.000 / 0.000         0.000 / 0.000        11.825 / 13.159       11.825 / 13.159      ms
[2023-11-19T17:00:05.501+0800][gc,stats    ]    Subphase: Concurrent Mark Try Flush                     0.000 / 0.000         0.000 / 0.000         0.057 / 0.108         0.057 / 0.108       ms
[2023-11-19T17:00:05.501+0800][gc,stats    ]    Subphase: Concurrent Mark Try Terminate                 0.000 / 0.000         0.000 / 0.000         1.420 / 4.236         1.420 / 4.236       ms
[2023-11-19T17:00:05.501+0800][gc,stats    ]    Subphase: Concurrent References Enqueue                 0.000 / 0.000         0.000 / 0.000         0.004 / 0.004         0.004 / 0.004       ms
[2023-11-19T17:00:05.501+0800][gc,stats    ]    Subphase: Concurrent References Process                 0.000 / 0.000         0.000 / 0.000         0.090 / 0.101         0.090 / 0.101       ms
[2023-11-19T17:00:05.501+0800][gc,stats    ]    Subphase: Concurrent Roots ClassLoaderDataGraph         0.000 / 0.000         0.000 / 0.000         0.103 / 0.506         0.103 / 0.506       ms
[2023-11-19T17:00:05.501+0800][gc,stats    ]    Subphase: Concurrent Roots CodeCache                    0.000 / 0.000         0.000 / 0.000         0.000 / 0.000         0.000 / 0.000       ms
[2023-11-19T17:00:05.501+0800][gc,stats    ]    Subphase: Concurrent Roots JavaThreads                  0.000 / 0.000         0.000 / 0.000         1.129 / 2.106         1.129 / 2.106       ms
[2023-11-19T17:00:05.501+0800][gc,stats    ]    Subphase: Concurrent Roots OopStorageSet                0.000 / 0.000         0.000 / 0.000         0.036 / 0.058         0.036 / 0.058       ms
[2023-11-19T17:00:05.501+0800][gc,stats    ]    Subphase: Concurrent Weak Roots OopStorageSet           0.000 / 0.000         0.000 / 0.000         0.328 / 0.486         0.328 / 0.486       ms
[2023-11-19T17:00:05.501+0800][gc,stats    ]    Subphase: Pause Mark Try Complete                       0.000 / 0.000         0.000 / 0.000         0.000 / 0.000         0.000 / 0.000       ms
[2023-11-19T17:00:05.501+0800][gc,stats    ]      System: Java Threads                                      0 / 0                 0 / 0                39 / 54               39 / 54          threads
[2023-11-19T17:00:05.501+0800][gc,stats    ] =========================================================================================================================================================
[2023-11-19T17:00:15.502+0800][gc,stats    ] === Garbage Collection Statistics =======================================================================================================================
[2023-11-19T17:00:15.502+0800][gc,stats    ]                                                              Last 10s              Last 10m              Last 10h                Total
[2023-11-19T17:00:15.502+0800][gc,stats    ]                                                              Avg / Max             Avg / Max             Avg / Max             Avg / Max
[2023-11-19T17:00:15.502+0800][gc,stats    ]   Collector: Garbage Collection Cycle                      0.000 / 0.000         0.000 / 0.000        23.723 / 25.775       23.723 / 25.775      ms
[2023-11-19T17:00:15.502+0800][gc,stats    ]  Contention: Mark Segment Reset Contention                     0 / 0                 0 / 0                 0 / 3                 0 / 3           ops/s
[2023-11-19T17:00:15.502+0800][gc,stats    ]  Contention: Mark SeqNum Reset Contention                      0 / 0                 0 / 0                 0 / 0                 0 / 0           ops/s
[2023-11-19T17:00:15.502+0800][gc,stats    ]    Critical: Allocation Stall                                  0 / 0                 0 / 0                 0 / 0                 0 / 0           ops/s
[2023-11-19T17:00:15.502+0800][gc,stats    ]    Critical: Allocation Stall                              0.000 / 0.000         0.000 / 0.000         0.000 / 0.000         0.000 / 0.000       ms
[2023-11-19T17:00:15.502+0800][gc,stats    ]    Critical: GC Locker Stall                                   0 / 0                 0 / 0                 0 / 0                 0 / 0           ops/s
[2023-11-19T17:00:15.502+0800][gc,stats    ]    Critical: GC Locker Stall                               0.000 / 0.000         0.000 / 0.000         0.000 / 0.000         0.000 / 0.000       ms
[2023-11-19T17:00:15.502+0800][gc,stats    ]    Critical: Relocation Stall                                  0 / 0                 0 / 0                 0 / 0                 0 / 0           ops/s
[2023-11-19T17:00:15.502+0800][gc,stats    ]    Critical: Relocation Stall                              0.000 / 0.000         0.000 / 0.000         0.000 / 0.000         0.000 / 0.000       ms
[2023-11-19T17:00:15.502+0800][gc,stats    ]      Memory: Allocation Rate                                   0 / 2                 0 / 4                 0 / 104               0 / 104         MB/s
[2023-11-19T17:00:15.502+0800][gc,stats    ]      Memory: Defragment                                        0 / 0                 0 / 0                 0 / 0                 0 / 0           ops/s
[2023-11-19T17:00:15.502+0800][gc,stats    ]      Memory: Out Of Memory                                     0 / 0                 0 / 0                 0 / 0                 0 / 0           ops/s
[2023-11-19T17:00:15.502+0800][gc,stats    ]      Memory: Page Cache Flush                                  0 / 0                 0 / 0                 0 / 0                 0 / 0           MB/s
[2023-11-19T17:00:15.502+0800][gc,stats    ]      Memory: Page Cache Hit L1                                 0 / 1                 0 / 2                 0 / 29                0 / 29          ops/s
[2023-11-19T17:00:15.502+0800][gc,stats    ]      Memory: Page Cache Hit L2                                 0 / 0                 0 / 0                 0 / 0                 0 / 0           ops/s
[2023-11-19T17:00:15.502+0800][gc,stats    ]      Memory: Page Cache Hit L3                                 0 / 0                 0 / 0                 0 / 48                0 / 48          ops/s
[2023-11-19T17:00:15.502+0800][gc,stats    ]      Memory: Page Cache Miss                                   0 / 0                 0 / 0                 0 / 1                 0 / 1           ops/s
[2023-11-19T17:00:15.502+0800][gc,stats    ]      Memory: Uncommit                                          0 / 0                 0 / 0                 0 / 0                 0 / 0           MB/s
[2023-11-19T17:00:15.502+0800][gc,stats    ]      Memory: Undo Object Allocation Failed                     0 / 0                 0 / 0                 0 / 0                 0 / 0           ops/s
[2023-11-19T17:00:15.502+0800][gc,stats    ]      Memory: Undo Object Allocation Succeeded                  0 / 0                 0 / 0                 0 / 0                 0 / 0           ops/s
[2023-11-19T17:00:15.502+0800][gc,stats    ]      Memory: Undo Page Allocation                              0 / 0                 0 / 0                 0 / 0                 0 / 0           ops/s
[2023-11-19T17:00:15.502+0800][gc,stats    ]       Phase: Concurrent Mark                               0.000 / 0.000         0.000 / 0.000        13.801 / 15.394       13.801 / 15.394      ms
[2023-11-19T17:00:15.502+0800][gc,stats    ]       Phase: Concurrent Mark Continue                      0.000 / 0.000         0.000 / 0.000         0.000 / 0.000         0.000 / 0.000       ms
[2023-11-19T17:00:15.502+0800][gc,stats    ]       Phase: Concurrent Mark Free                          0.000 / 0.000         0.000 / 0.000         0.001 / 0.001         0.001 / 0.001       ms
[2023-11-19T17:00:15.502+0800][gc,stats    ]       Phase: Concurrent Process Non-Strong References      0.000 / 0.000         0.000 / 0.000         1.810 / 1.931         1.810 / 1.931       ms
[2023-11-19T17:00:15.502+0800][gc,stats    ]       Phase: Concurrent Relocate                           0.000 / 0.000         0.000 / 0.000         2.671 / 3.187         2.671 / 3.187       ms
[2023-11-19T17:00:15.502+0800][gc,stats    ]       Phase: Concurrent Reset Relocation Set               0.000 / 0.000         0.000 / 0.000         0.001 / 0.003         0.001 / 0.003       ms
[2023-11-19T17:00:15.502+0800][gc,stats    ]       Phase: Concurrent Select Relocation Set              0.000 / 0.000         0.000 / 0.000         4.627 / 7.839         4.627 / 7.839       ms
[2023-11-19T17:00:15.502+0800][gc,stats    ]       Phase: Pause Mark End                                0.000 / 0.000         0.000 / 0.000         0.016 / 0.018         0.016 / 0.018       ms
[2023-11-19T17:00:15.502+0800][gc,stats    ]       Phase: Pause Mark Start                              0.000 / 0.000         0.000 / 0.000         0.013 / 0.019         0.013 / 0.019       ms
[2023-11-19T17:00:15.502+0800][gc,stats    ]       Phase: Pause Relocate Start                          0.000 / 0.000         0.000 / 0.000         0.008 / 0.009         0.008 / 0.009       ms
[2023-11-19T17:00:15.502+0800][gc,stats    ]    Subphase: Concurrent Classes Purge                      0.000 / 0.000         0.000 / 0.000         0.047 / 0.049         0.047 / 0.049       ms
[2023-11-19T17:00:15.502+0800][gc,stats    ]    Subphase: Concurrent Classes Unlink                     0.000 / 0.000         0.000 / 0.000         1.263 / 1.295         1.263 / 1.295       ms
[2023-11-19T17:00:15.502+0800][gc,stats    ]    Subphase: Concurrent Mark                               0.000 / 0.000         0.000 / 0.000        11.825 / 13.159       11.825 / 13.159      ms
[2023-11-19T17:00:15.502+0800][gc,stats    ]    Subphase: Concurrent Mark Try Flush                     0.000 / 0.000         0.000 / 0.000         0.057 / 0.108         0.057 / 0.108       ms
[2023-11-19T17:00:15.502+0800][gc,stats    ]    Subphase: Concurrent Mark Try Terminate                 0.000 / 0.000         0.000 / 0.000         1.420 / 4.236         1.420 / 4.236       ms
[2023-11-19T17:00:15.502+0800][gc,stats    ]    Subphase: Concurrent References Enqueue                 0.000 / 0.000         0.000 / 0.000         0.004 / 0.004         0.004 / 0.004       ms
[2023-11-19T17:00:15.502+0800][gc,stats    ]    Subphase: Concurrent References Process                 0.000 / 0.000         0.000 / 0.000         0.090 / 0.101         0.090 / 0.101       ms
[2023-11-19T17:00:15.502+0800][gc,stats    ]    Subphase: Concurrent Roots ClassLoaderDataGraph         0.000 / 0.000         0.000 / 0.000         0.103 / 0.506         0.103 / 0.506       ms
[2023-11-19T17:00:15.502+0800][gc,stats    ]    Subphase: Concurrent Roots CodeCache                    0.000 / 0.000         0.000 / 0.000         0.000 / 0.000         0.000 / 0.000       ms
[2023-11-19T17:00:15.502+0800][gc,stats    ]    Subphase: Concurrent Roots JavaThreads                  0.000 / 0.000         0.000 / 0.000         1.129 / 2.106         1.129 / 2.106       ms
[2023-11-19T17:00:15.502+0800][gc,stats    ]    Subphase: Concurrent Roots OopStorageSet                0.000 / 0.000         0.000 / 0.000         0.036 / 0.058         0.036 / 0.058       ms
[2023-11-19T17:00:15.502+0800][gc,stats    ]    Subphase: Concurrent Weak Roots OopStorageSet           0.000 / 0.000         0.000 / 0.000         0.328 / 0.486         0.328 / 0.486       ms
[2023-11-19T17:00:15.502+0800][gc,stats    ]    Subphase: Pause Mark Try Complete                       0.000 / 0.000         0.000 / 0.000         0.000 / 0.000         0.000 / 0.000       ms
[2023-11-19T17:00:15.502+0800][gc,stats    ]      System: Java Threads                                      0 / 0                 0 / 0                39 / 54               39 / 54          threads
[2023-11-19T17:00:15.502+0800][gc,stats    ] =========================================================================================================================================================
[2023-11-19T17:00:25.500+0800][gc,stats    ] === Garbage Collection Statistics =======================================================================================================================
[2023-11-19T17:00:25.500+0800][gc,stats    ]                                                              Last 10s              Last 10m              Last 10h                Total
[2023-11-19T17:00:25.500+0800][gc,stats    ]                                                              Avg / Max             Avg / Max             Avg / Max             Avg / Max
[2023-11-19T17:00:25.500+0800][gc,stats    ]   Collector: Garbage Collection Cycle                      0.000 / 0.000         0.000 / 0.000        23.723 / 25.775       23.723 / 25.775      ms
[2023-11-19T17:00:25.500+0800][gc,stats    ]  Contention: Mark Segment Reset Contention                     0 / 0                 0 / 0                 0 / 3                 0 / 3           ops/s
[2023-11-19T17:00:25.500+0800][gc,stats    ]  Contention: Mark SeqNum Reset Contention                      0 / 0                 0 / 0                 0 / 0                 0 / 0           ops/s
[2023-11-19T17:00:25.500+0800][gc,stats    ]    Critical: Allocation Stall                                  0 / 0                 0 / 0                 0 / 0                 0 / 0           ops/s
[2023-11-19T17:00:25.500+0800][gc,stats    ]    Critical: Allocation Stall                              0.000 / 0.000         0.000 / 0.000         0.000 / 0.000         0.000 / 0.000       ms
[2023-11-19T17:00:25.500+0800][gc,stats    ]    Critical: GC Locker Stall                                   0 / 0                 0 / 0                 0 / 0                 0 / 0           ops/s
[2023-11-19T17:00:25.500+0800][gc,stats    ]    Critical: GC Locker Stall                               0.000 / 0.000         0.000 / 0.000         0.000 / 0.000         0.000 / 0.000       ms
[2023-11-19T17:00:25.500+0800][gc,stats    ]    Critical: Relocation Stall                                  0 / 0                 0 / 0                 0 / 0                 0 / 0           ops/s
[2023-11-19T17:00:25.500+0800][gc,stats    ]    Critical: Relocation Stall                              0.000 / 0.000         0.000 / 0.000         0.000 / 0.000         0.000 / 0.000       ms
[2023-11-19T17:00:25.500+0800][gc,stats    ]      Memory: Allocation Rate                                   0 / 0                 0 / 4                 0 / 104               0 / 104         MB/s
[2023-11-19T17:00:25.500+0800][gc,stats    ]      Memory: Defragment                                        0 / 0                 0 / 0                 0 / 0                 0 / 0           ops/s
[2023-11-19T17:00:25.500+0800][gc,stats    ]      Memory: Out Of Memory                                     0 / 0                 0 / 0                 0 / 0                 0 / 0           ops/s
[2023-11-19T17:00:25.500+0800][gc,stats    ]      Memory: Page Cache Flush                                  0 / 0                 0 / 0                 0 / 0                 0 / 0           MB/s
[2023-11-19T17:00:25.500+0800][gc,stats    ]      Memory: Page Cache Hit L1                                 0 / 0                 0 / 2                 0 / 29                0 / 29          ops/s
[2023-11-19T17:00:25.500+0800][gc,stats    ]      Memory: Page Cache Hit L2                                 0 / 0                 0 / 0                 0 / 0                 0 / 0           ops/s
[2023-11-19T17:00:25.500+0800][gc,stats    ]      Memory: Page Cache Hit L3                                 0 / 0                 0 / 0                 0 / 48                0 / 48          ops/s
[2023-11-19T17:00:25.500+0800][gc,stats    ]      Memory: Page Cache Miss                                   0 / 0                 0 / 0                 0 / 1                 0 / 1           ops/s
[2023-11-19T17:00:25.500+0800][gc,stats    ]      Memory: Uncommit                                          0 / 0                 0 / 0                 0 / 0                 0 / 0           MB/s
[2023-11-19T17:00:25.500+0800][gc,stats    ]      Memory: Undo Object Allocation Failed                     0 / 0                 0 / 0                 0 / 0                 0 / 0           ops/s
[2023-11-19T17:00:25.500+0800][gc,stats    ]      Memory: Undo Object Allocation Succeeded                  0 / 0                 0 / 0                 0 / 0                 0 / 0           ops/s
[2023-11-19T17:00:25.500+0800][gc,stats    ]      Memory: Undo Page Allocation                              0 / 0                 0 / 0                 0 / 0                 0 / 0           ops/s
[2023-11-19T17:00:25.500+0800][gc,stats    ]       Phase: Concurrent Mark                               0.000 / 0.000         0.000 / 0.000        13.801 / 15.394       13.801 / 15.394      ms
[2023-11-19T17:00:25.500+0800][gc,stats    ]       Phase: Concurrent Mark Continue                      0.000 / 0.000         0.000 / 0.000         0.000 / 0.000         0.000 / 0.000       ms
[2023-11-19T17:00:25.500+0800][gc,stats    ]       Phase: Concurrent Mark Free                          0.000 / 0.000         0.000 / 0.000         0.001 / 0.001         0.001 / 0.001       ms
[2023-11-19T17:00:25.500+0800][gc,stats    ]       Phase: Concurrent Process Non-Strong References      0.000 / 0.000         0.000 / 0.000         1.810 / 1.931         1.810 / 1.931       ms
[2023-11-19T17:00:25.500+0800][gc,stats    ]       Phase: Concurrent Relocate                           0.000 / 0.000         0.000 / 0.000         2.671 / 3.187         2.671 / 3.187       ms
[2023-11-19T17:00:25.500+0800][gc,stats    ]       Phase: Concurrent Reset Relocation Set               0.000 / 0.000         0.000 / 0.000         0.001 / 0.003         0.001 / 0.003       ms
[2023-11-19T17:00:25.500+0800][gc,stats    ]       Phase: Concurrent Select Relocation Set              0.000 / 0.000         0.000 / 0.000         4.627 / 7.839         4.627 / 7.839       ms
[2023-11-19T17:00:25.500+0800][gc,stats    ]       Phase: Pause Mark End                                0.000 / 0.000         0.000 / 0.000         0.016 / 0.018         0.016 / 0.018       ms
[2023-11-19T17:00:25.500+0800][gc,stats    ]       Phase: Pause Mark Start                              0.000 / 0.000         0.000 / 0.000         0.013 / 0.019         0.013 / 0.019       ms
[2023-11-19T17:00:25.500+0800][gc,stats    ]       Phase: Pause Relocate Start                          0.000 / 0.000         0.000 / 0.000         0.008 / 0.009         0.008 / 0.009       ms
[2023-11-19T17:00:25.500+0800][gc,stats    ]    Subphase: Concurrent Classes Purge                      0.000 / 0.000         0.000 / 0.000         0.047 / 0.049         0.047 / 0.049       ms
[2023-11-19T17:00:25.500+0800][gc,stats    ]    Subphase: Concurrent Classes Unlink                     0.000 / 0.000         0.000 / 0.000         1.263 / 1.295         1.263 / 1.295       ms
[2023-11-19T17:00:25.500+0800][gc,stats    ]    Subphase: Concurrent Mark                               0.000 / 0.000         0.000 / 0.000        11.825 / 13.159       11.825 / 13.159      ms
[2023-11-19T17:00:25.500+0800][gc,stats    ]    Subphase: Concurrent Mark Try Flush                     0.000 / 0.000         0.000 / 0.000         0.057 / 0.108         0.057 / 0.108       ms
[2023-11-19T17:00:25.500+0800][gc,stats    ]    Subphase: Concurrent Mark Try Terminate                 0.000 / 0.000         0.000 / 0.000         1.420 / 4.236         1.420 / 4.236       ms
[2023-11-19T17:00:25.500+0800][gc,stats    ]    Subphase: Concurrent References Enqueue                 0.000 / 0.000         0.000 / 0.000         0.004 / 0.004         0.004 / 0.004       ms
[2023-11-19T17:00:25.500+0800][gc,stats    ]    Subphase: Concurrent References Process                 0.000 / 0.000         0.000 / 0.000         0.090 / 0.101         0.090 / 0.101       ms
[2023-11-19T17:00:25.500+0800][gc,stats    ]    Subphase: Concurrent Roots ClassLoaderDataGraph         0.000 / 0.000         0.000 / 0.000         0.103 / 0.506         0.103 / 0.506       ms
[2023-11-19T17:00:25.500+0800][gc,stats    ]    Subphase: Concurrent Roots CodeCache                    0.000 / 0.000         0.000 / 0.000         0.000 / 0.000         0.000 / 0.000       ms
[2023-11-19T17:00:25.500+0800][gc,stats    ]    Subphase: Concurrent Roots JavaThreads                  0.000 / 0.000         0.000 / 0.000         1.129 / 2.106         1.129 / 2.106       ms
[2023-11-19T17:00:25.500+0800][gc,stats    ]    Subphase: Concurrent Roots OopStorageSet                0.000 / 0.000         0.000 / 0.000         0.036 / 0.058         0.036 / 0.058       ms
[2023-11-19T17:00:25.500+0800][gc,stats    ]    Subphase: Concurrent Weak Roots OopStorageSet           0.000 / 0.000         0.000 / 0.000         0.328 / 0.486         0.328 / 0.486       ms
[2023-11-19T17:00:25.500+0800][gc,stats    ]    Subphase: Pause Mark Try Complete                       0.000 / 0.000         0.000 / 0.000         0.000 / 0.000         0.000 / 0.000       ms
[2023-11-19T17:00:25.500+0800][gc,stats    ]      System: Java Threads                                      0 / 0                 0 / 0                39 / 54               39 / 54          threads
[2023-11-19T17:00:25.500+0800][gc,stats    ] =========================================================================================================================================================
[2023-11-19T17:00:35.501+0800][gc,stats    ] === Garbage Collection Statistics =======================================================================================================================
[2023-11-19T17:00:35.501+0800][gc,stats    ]                                                              Last 10s              Last 10m              Last 10h                Total
[2023-11-19T17:00:35.501+0800][gc,stats    ]                                                              Avg / Max             Avg / Max             Avg / Max             Avg / Max
[2023-11-19T17:00:35.501+0800][gc,stats    ]   Collector: Garbage Collection Cycle                      0.000 / 0.000         0.000 / 0.000        23.723 / 25.775       23.723 / 25.775      ms
[2023-11-19T17:00:35.501+0800][gc,stats    ]  Contention: Mark Segment Reset Contention                     0 / 0                 0 / 0                 0 / 3                 0 / 3           ops/s
[2023-11-19T17:00:35.501+0800][gc,stats    ]  Contention: Mark SeqNum Reset Contention                      0 / 0                 0 / 0                 0 / 0                 0 / 0           ops/s
[2023-11-19T17:00:35.501+0800][gc,stats    ]    Critical: Allocation Stall                                  0 / 0                 0 / 0                 0 / 0                 0 / 0           ops/s
[2023-11-19T17:00:35.501+0800][gc,stats    ]    Critical: Allocation Stall                              0.000 / 0.000         0.000 / 0.000         0.000 / 0.000         0.000 / 0.000       ms
[2023-11-19T17:00:35.501+0800][gc,stats    ]    Critical: GC Locker Stall                                   0 / 0                 0 / 0                 0 / 0                 0 / 0           ops/s
[2023-11-19T17:00:35.501+0800][gc,stats    ]    Critical: GC Locker Stall                               0.000 / 0.000         0.000 / 0.000         0.000 / 0.000         0.000 / 0.000       ms
[2023-11-19T17:00:35.501+0800][gc,stats    ]    Critical: Relocation Stall                                  0 / 0                 0 / 0                 0 / 0                 0 / 0           ops/s
[2023-11-19T17:00:35.501+0800][gc,stats    ]    Critical: Relocation Stall                              0.000 / 0.000         0.000 / 0.000         0.000 / 0.000         0.000 / 0.000       ms
[2023-11-19T17:00:35.501+0800][gc,stats    ]      Memory: Allocation Rate                                   0 / 0                 0 / 4                 0 / 104               0 / 104         MB/s
[2023-11-19T17:00:35.501+0800][gc,stats    ]      Memory: Defragment                                        0 / 0                 0 / 0                 0 / 0                 0 / 0           ops/s
[2023-11-19T17:00:35.501+0800][gc,stats    ]      Memory: Out Of Memory                                     0 / 0                 0 / 0                 0 / 0                 0 / 0           ops/s
[2023-11-19T17:00:35.501+0800][gc,stats    ]      Memory: Page Cache Flush                                  0 / 0                 0 / 0                 0 / 0                 0 / 0           MB/s
[2023-11-19T17:00:35.501+0800][gc,stats    ]      Memory: Page Cache Hit L1                                 0 / 0                 0 / 2                 0 / 29                0 / 29          ops/s
[2023-11-19T17:00:35.501+0800][gc,stats    ]      Memory: Page Cache Hit L2                                 0 / 0                 0 / 0                 0 / 0                 0 / 0           ops/s
[2023-11-19T17:00:35.501+0800][gc,stats    ]      Memory: Page Cache Hit L3                                 0 / 0                 0 / 0                 0 / 48                0 / 48          ops/s
[2023-11-19T17:00:35.501+0800][gc,stats    ]      Memory: Page Cache Miss                                   0 / 0                 0 / 0                 0 / 1                 0 / 1           ops/s
[2023-11-19T17:00:35.501+0800][gc,stats    ]      Memory: Uncommit                                          0 / 0                 0 / 0                 0 / 0                 0 / 0           MB/s
[2023-11-19T17:00:35.501+0800][gc,stats    ]      Memory: Undo Object Allocation Failed                     0 / 0                 0 / 0                 0 / 0                 0 / 0           ops/s
[2023-11-19T17:00:35.501+0800][gc,stats    ]      Memory: Undo Object Allocation Succeeded                  0 / 0                 0 / 0                 0 / 0                 0 / 0           ops/s
[2023-11-19T17:00:35.501+0800][gc,stats    ]      Memory: Undo Page Allocation                              0 / 0                 0 / 0                 0 / 0                 0 / 0           ops/s
[2023-11-19T17:00:35.501+0800][gc,stats    ]       Phase: Concurrent Mark                               0.000 / 0.000         0.000 / 0.000        13.801 / 15.394       13.801 / 15.394      ms
[2023-11-19T17:00:35.501+0800][gc,stats    ]       Phase: Concurrent Mark Continue                      0.000 / 0.000         0.000 / 0.000         0.000 / 0.000         0.000 / 0.000       ms
[2023-11-19T17:00:35.501+0800][gc,stats    ]       Phase: Concurrent Mark Free                          0.000 / 0.000         0.000 / 0.000         0.001 / 0.001         0.001 / 0.001       ms
[2023-11-19T17:00:35.501+0800][gc,stats    ]       Phase: Concurrent Process Non-Strong References      0.000 / 0.000         0.000 / 0.000         1.810 / 1.931         1.810 / 1.931       ms
[2023-11-19T17:00:35.501+0800][gc,stats    ]       Phase: Concurrent Relocate                           0.000 / 0.000         0.000 / 0.000         2.671 / 3.187         2.671 / 3.187       ms
[2023-11-19T17:00:35.501+0800][gc,stats    ]       Phase: Concurrent Reset Relocation Set               0.000 / 0.000         0.000 / 0.000         0.001 / 0.003         0.001 / 0.003       ms
[2023-11-19T17:00:35.501+0800][gc,stats    ]       Phase: Concurrent Select Relocation Set              0.000 / 0.000         0.000 / 0.000         4.627 / 7.839         4.627 / 7.839       ms
[2023-11-19T17:00:35.501+0800][gc,stats    ]       Phase: Pause Mark End                                0.000 / 0.000         0.000 / 0.000         0.016 / 0.018         0.016 / 0.018       ms
[2023-11-19T17:00:35.501+0800][gc,stats    ]       Phase: Pause Mark Start                              0.000 / 0.000         0.000 / 0.000         0.013 / 0.019         0.013 / 0.019       ms
[2023-11-19T17:00:35.501+0800][gc,stats    ]       Phase: Pause Relocate Start                          0.000 / 0.000         0.000 / 0.000         0.008 / 0.009         0.008 / 0.009       ms
[2023-11-19T17:00:35.501+0800][gc,stats    ]    Subphase: Concurrent Classes Purge                      0.000 / 0.000         0.000 / 0.000         0.047 / 0.049         0.047 / 0.049       ms
[2023-11-19T17:00:35.501+0800][gc,stats    ]    Subphase: Concurrent Classes Unlink                     0.000 / 0.000         0.000 / 0.000         1.263 / 1.295         1.263 / 1.295       ms
[2023-11-19T17:00:35.501+0800][gc,stats    ]    Subphase: Concurrent Mark                               0.000 / 0.000         0.000 / 0.000        11.825 / 13.159       11.825 / 13.159      ms
[2023-11-19T17:00:35.501+0800][gc,stats    ]    Subphase: Concurrent Mark Try Flush                     0.000 / 0.000         0.000 / 0.000         0.057 / 0.108         0.057 / 0.108       ms
[2023-11-19T17:00:35.501+0800][gc,stats    ]    Subphase: Concurrent Mark Try Terminate                 0.000 / 0.000         0.000 / 0.000         1.420 / 4.236         1.420 / 4.236       ms
[2023-11-19T17:00:35.501+0800][gc,stats    ]    Subphase: Concurrent References Enqueue                 0.000 / 0.000         0.000 / 0.000         0.004 / 0.004         0.004 / 0.004       ms
[2023-11-19T17:00:35.501+0800][gc,stats    ]    Subphase: Concurrent References Process                 0.000 / 0.000         0.000 / 0.000         0.090 / 0.101         0.090 / 0.101       ms
[2023-11-19T17:00:35.501+0800][gc,stats    ]    Subphase: Concurrent Roots ClassLoaderDataGraph         0.000 / 0.000         0.000 / 0.000         0.103 / 0.506         0.103 / 0.506       ms
[2023-11-19T17:00:35.501+0800][gc,stats    ]    Subphase: Concurrent Roots CodeCache                    0.000 / 0.000         0.000 / 0.000         0.000 / 0.000         0.000 / 0.000       ms
[2023-11-19T17:00:35.501+0800][gc,stats    ]    Subphase: Concurrent Roots JavaThreads                  0.000 / 0.000         0.000 / 0.000         1.129 / 2.106         1.129 / 2.106       ms
[2023-11-19T17:00:35.501+0800][gc,stats    ]    Subphase: Concurrent Roots OopStorageSet                0.000 / 0.000         0.000 / 0.000         0.036 / 0.058         0.036 / 0.058       ms
[2023-11-19T17:00:35.501+0800][gc,stats    ]    Subphase: Concurrent Weak Roots OopStorageSet           0.000 / 0.000         0.000 / 0.000         0.328 / 0.486         0.328 / 0.486       ms
[2023-11-19T17:00:35.501+0800][gc,stats    ]    Subphase: Pause Mark Try Complete                       0.000 / 0.000         0.000 / 0.000         0.000 / 0.000         0.000 / 0.000       ms
[2023-11-19T17:00:35.501+0800][gc,stats    ]      System: Java Threads                                      0 / 0                 0 / 0                39 / 54               39 / 54          threads
[2023-11-19T17:00:35.501+0800][gc,stats    ] =========================================================================================================================================================
[2023-11-19T17:00:45.501+0800][gc,stats    ] === Garbage Collection Statistics =======================================================================================================================
[2023-11-19T17:00:45.501+0800][gc,stats    ]                                                              Last 10s              Last 10m              Last 10h                Total
[2023-11-19T17:00:45.501+0800][gc,stats    ]                                                              Avg / Max             Avg / Max             Avg / Max             Avg / Max
[2023-11-19T17:00:45.501+0800][gc,stats    ]   Collector: Garbage Collection Cycle                      0.000 / 0.000         0.000 / 0.000        23.723 / 25.775       23.723 / 25.775      ms
[2023-11-19T17:00:45.501+0800][gc,stats    ]  Contention: Mark Segment Reset Contention                     0 / 0                 0 / 0                 0 / 3                 0 / 3           ops/s
[2023-11-19T17:00:45.501+0800][gc,stats    ]  Contention: Mark SeqNum Reset Contention                      0 / 0                 0 / 0                 0 / 0                 0 / 0           ops/s
[2023-11-19T17:00:45.501+0800][gc,stats    ]    Critical: Allocation Stall                                  0 / 0                 0 / 0                 0 / 0                 0 / 0           ops/s
[2023-11-19T17:00:45.501+0800][gc,stats    ]    Critical: Allocation Stall                              0.000 / 0.000         0.000 / 0.000         0.000 / 0.000         0.000 / 0.000       ms
[2023-11-19T17:00:45.501+0800][gc,stats    ]    Critical: GC Locker Stall                                   0 / 0                 0 / 0                 0 / 0                 0 / 0           ops/s
[2023-11-19T17:00:45.501+0800][gc,stats    ]    Critical: GC Locker Stall                               0.000 / 0.000         0.000 / 0.000         0.000 / 0.000         0.000 / 0.000       ms
[2023-11-19T17:00:45.501+0800][gc,stats    ]    Critical: Relocation Stall                                  0 / 0                 0 / 0                 0 / 0                 0 / 0           ops/s
[2023-11-19T17:00:45.501+0800][gc,stats    ]    Critical: Relocation Stall                              0.000 / 0.000         0.000 / 0.000         0.000 / 0.000         0.000 / 0.000       ms
[2023-11-19T17:00:45.501+0800][gc,stats    ]      Memory: Allocation Rate                                   0 / 2                 0 / 4                 0 / 104               0 / 104         MB/s
[2023-11-19T17:00:45.501+0800][gc,stats    ]      Memory: Defragment                                        0 / 0                 0 / 0                 0 / 0                 0 / 0           ops/s
[2023-11-19T17:00:45.501+0800][gc,stats    ]      Memory: Out Of Memory                                     0 / 0                 0 / 0                 0 / 0                 0 / 0           ops/s
[2023-11-19T17:00:45.501+0800][gc,stats    ]      Memory: Page Cache Flush                                  0 / 0                 0 / 0                 0 / 0                 0 / 0           MB/s
[2023-11-19T17:00:45.501+0800][gc,stats    ]      Memory: Page Cache Hit L1                                 0 / 1                 0 / 2                 0 / 29                0 / 29          ops/s
[2023-11-19T17:00:45.501+0800][gc,stats    ]      Memory: Page Cache Hit L2                                 0 / 0                 0 / 0                 0 / 0                 0 / 0           ops/s
[2023-11-19T17:00:45.501+0800][gc,stats    ]      Memory: Page Cache Hit L3                                 0 / 0                 0 / 0                 0 / 48                0 / 48          ops/s
[2023-11-19T17:00:45.501+0800][gc,stats    ]      Memory: Page Cache Miss                                   0 / 0                 0 / 0                 0 / 1                 0 / 1           ops/s
[2023-11-19T17:00:45.501+0800][gc,stats    ]      Memory: Uncommit                                          0 / 0                 0 / 0                 0 / 0                 0 / 0           MB/s
[2023-11-19T17:00:45.501+0800][gc,stats    ]      Memory: Undo Object Allocation Failed                     0 / 0                 0 / 0                 0 / 0                 0 / 0           ops/s
[2023-11-19T17:00:45.501+0800][gc,stats    ]      Memory: Undo Object Allocation Succeeded                  0 / 0                 0 / 0                 0 / 0                 0 / 0           ops/s
[2023-11-19T17:00:45.501+0800][gc,stats    ]      Memory: Undo Page Allocation                              0 / 0                 0 / 0                 0 / 0                 0 / 0           ops/s
[2023-11-19T17:00:45.501+0800][gc,stats    ]       Phase: Concurrent Mark                               0.000 / 0.000         0.000 / 0.000        13.801 / 15.394       13.801 / 15.394      ms
[2023-11-19T17:00:45.501+0800][gc,stats    ]       Phase: Concurrent Mark Continue                      0.000 / 0.000         0.000 / 0.000         0.000 / 0.000         0.000 / 0.000       ms
[2023-11-19T17:00:45.501+0800][gc,stats    ]       Phase: Concurrent Mark Free                          0.000 / 0.000         0.000 / 0.000         0.001 / 0.001         0.001 / 0.001       ms
[2023-11-19T17:00:45.501+0800][gc,stats    ]       Phase: Concurrent Process Non-Strong References      0.000 / 0.000         0.000 / 0.000         1.810 / 1.931         1.810 / 1.931       ms
[2023-11-19T17:00:45.501+0800][gc,stats    ]       Phase: Concurrent Relocate                           0.000 / 0.000         0.000 / 0.000         2.671 / 3.187         2.671 / 3.187       ms
[2023-11-19T17:00:45.501+0800][gc,stats    ]       Phase: Concurrent Reset Relocation Set               0.000 / 0.000         0.000 / 0.000         0.001 / 0.003         0.001 / 0.003       ms
[2023-11-19T17:00:45.501+0800][gc,stats    ]       Phase: Concurrent Select Relocation Set              0.000 / 0.000         0.000 / 0.000         4.627 / 7.839         4.627 / 7.839       ms
[2023-11-19T17:00:45.501+0800][gc,stats    ]       Phase: Pause Mark End                                0.000 / 0.000         0.000 / 0.000         0.016 / 0.018         0.016 / 0.018       ms
[2023-11-19T17:00:45.501+0800][gc,stats    ]       Phase: Pause Mark Start                              0.000 / 0.000         0.000 / 0.000         0.013 / 0.019         0.013 / 0.019       ms
[2023-11-19T17:00:45.501+0800][gc,stats    ]       Phase: Pause Relocate Start                          0.000 / 0.000         0.000 / 0.000         0.008 / 0.009         0.008 / 0.009       ms
[2023-11-19T17:00:45.501+0800][gc,stats    ]    Subphase: Concurrent Classes Purge                      0.000 / 0.000         0.000 / 0.000         0.047 / 0.049         0.047 / 0.049       ms
[2023-11-19T17:00:45.501+0800][gc,stats    ]    Subphase: Concurrent Classes Unlink                     0.000 / 0.000         0.000 / 0.000         1.263 / 1.295         1.263 / 1.295       ms
[2023-11-19T17:00:45.501+0800][gc,stats    ]    Subphase: Concurrent Mark                               0.000 / 0.000         0.000 / 0.000        11.825 / 13.159       11.825 / 13.159      ms
[2023-11-19T17:00:45.501+0800][gc,stats    ]    Subphase: Concurrent Mark Try Flush                     0.000 / 0.000         0.000 / 0.000         0.057 / 0.108         0.057 / 0.108       ms
[2023-11-19T17:00:45.501+0800][gc,stats    ]    Subphase: Concurrent Mark Try Terminate                 0.000 / 0.000         0.000 / 0.000         1.420 / 4.236         1.420 / 4.236       ms
[2023-11-19T17:00:45.501+0800][gc,stats    ]    Subphase: Concurrent References Enqueue                 0.000 / 0.000         0.000 / 0.000         0.004 / 0.004         0.004 / 0.004       ms
[2023-11-19T17:00:45.501+0800][gc,stats    ]    Subphase: Concurrent References Process                 0.000 / 0.000         0.000 / 0.000         0.090 / 0.101         0.090 / 0.101       ms
[2023-11-19T17:00:45.501+0800][gc,stats    ]    Subphase: Concurrent Roots ClassLoaderDataGraph         0.000 / 0.000         0.000 / 0.000         0.103 / 0.506         0.103 / 0.506       ms
[2023-11-19T17:00:45.501+0800][gc,stats    ]    Subphase: Concurrent Roots CodeCache                    0.000 / 0.000         0.000 / 0.000         0.000 / 0.000         0.000 / 0.000       ms
[2023-11-19T17:00:45.501+0800][gc,stats    ]    Subphase: Concurrent Roots JavaThreads                  0.000 / 0.000         0.000 / 0.000         1.129 / 2.106         1.129 / 2.106       ms
[2023-11-19T17:00:45.501+0800][gc,stats    ]    Subphase: Concurrent Roots OopStorageSet                0.000 / 0.000         0.000 / 0.000         0.036 / 0.058         0.036 / 0.058       ms
[2023-11-19T17:00:45.501+0800][gc,stats    ]    Subphase: Concurrent Weak Roots OopStorageSet           0.000 / 0.000         0.000 / 0.000         0.328 / 0.486         0.328 / 0.486       ms
[2023-11-19T17:00:45.501+0800][gc,stats    ]    Subphase: Pause Mark Try Complete                       0.000 / 0.000         0.000 / 0.000         0.000 / 0.000         0.000 / 0.000       ms
[2023-11-19T17:00:45.501+0800][gc,stats    ]      System: Java Threads                                      0 / 0                 0 / 0                39 / 54               39 / 54          threads
[2023-11-19T17:00:45.501+0800][gc,stats    ] =========================================================================================================================================================
[2023-11-19T17:00:55.501+0800][gc,stats    ] === Garbage Collection Statistics =======================================================================================================================
[2023-11-19T17:00:55.501+0800][gc,stats    ]                                                              Last 10s              Last 10m              Last 10h                Total
[2023-11-19T17:00:55.501+0800][gc,stats    ]                                                              Avg / Max             Avg / Max             Avg / Max             Avg / Max
[2023-11-19T17:00:55.501+0800][gc,stats    ]   Collector: Garbage Collection Cycle                      0.000 / 0.000         0.000 / 0.000        23.723 / 25.775       23.723 / 25.775      ms
[2023-11-19T17:00:55.501+0800][gc,stats    ]  Contention: Mark Segment Reset Contention                     0 / 0                 0 / 0                 0 / 3                 0 / 3           ops/s
[2023-11-19T17:00:55.501+0800][gc,stats    ]  Contention: Mark SeqNum Reset Contention                      0 / 0                 0 / 0                 0 / 0                 0 / 0           ops/s
[2023-11-19T17:00:55.501+0800][gc,stats    ]    Critical: Allocation Stall                                  0 / 0                 0 / 0                 0 / 0                 0 / 0           ops/s
[2023-11-19T17:00:55.501+0800][gc,stats    ]    Critical: Allocation Stall                              0.000 / 0.000         0.000 / 0.000         0.000 / 0.000         0.000 / 0.000       ms
[2023-11-19T17:00:55.501+0800][gc,stats    ]    Critical: GC Locker Stall                                   0 / 0                 0 / 0                 0 / 0                 0 / 0           ops/s
[2023-11-19T17:00:55.501+0800][gc,stats    ]    Critical: GC Locker Stall                               0.000 / 0.000         0.000 / 0.000         0.000 / 0.000         0.000 / 0.000       ms
[2023-11-19T17:00:55.501+0800][gc,stats    ]    Critical: Relocation Stall                                  0 / 0                 0 / 0                 0 / 0                 0 / 0           ops/s
[2023-11-19T17:00:55.501+0800][gc,stats    ]    Critical: Relocation Stall                              0.000 / 0.000         0.000 / 0.000         0.000 / 0.000         0.000 / 0.000       ms
[2023-11-19T17:00:55.501+0800][gc,stats    ]      Memory: Allocation Rate                                   0 / 2                 0 / 4                 0 / 104               0 / 104         MB/s
[2023-11-19T17:00:55.501+0800][gc,stats    ]      Memory: Defragment                                        0 / 0                 0 / 0                 0 / 0                 0 / 0           ops/s
[2023-11-19T17:00:55.501+0800][gc,stats    ]      Memory: Out Of Memory                                     0 / 0                 0 / 0                 0 / 0                 0 / 0           ops/s
[2023-11-19T17:00:55.501+0800][gc,stats    ]      Memory: Page Cache Flush                                  0 / 0                 0 / 0                 0 / 0                 0 / 0           MB/s
[2023-11-19T17:00:55.501+0800][gc,stats    ]      Memory: Page Cache Hit L1                                 0 / 1                 0 / 2                 0 / 29                0 / 29          ops/s
[2023-11-19T17:00:55.501+0800][gc,stats    ]      Memory: Page Cache Hit L2                                 0 / 0                 0 / 0                 0 / 0                 0 / 0           ops/s
[2023-11-19T17:00:55.501+0800][gc,stats    ]      Memory: Page Cache Hit L3                                 0 / 0                 0 / 0                 0 / 48                0 / 48          ops/s
[2023-11-19T17:00:55.501+0800][gc,stats    ]      Memory: Page Cache Miss                                   0 / 0                 0 / 0                 0 / 1                 0 / 1           ops/s
[2023-11-19T17:00:55.501+0800][gc,stats    ]      Memory: Uncommit                                          0 / 0                 0 / 0                 0 / 0                 0 / 0           MB/s
[2023-11-19T17:00:55.501+0800][gc,stats    ]      Memory: Undo Object Allocation Failed                     0 / 0                 0 / 0                 0 / 0                 0 / 0           ops/s
[2023-11-19T17:00:55.501+0800][gc,stats    ]      Memory: Undo Object Allocation Succeeded                  0 / 0                 0 / 0                 0 / 0                 0 / 0           ops/s
[2023-11-19T17:00:55.501+0800][gc,stats    ]      Memory: Undo Page Allocation                              0 / 0                 0 / 0                 0 / 0                 0 / 0           ops/s
[2023-11-19T17:00:55.501+0800][gc,stats    ]       Phase: Concurrent Mark                               0.000 / 0.000         0.000 / 0.000        13.801 / 15.394       13.801 / 15.394      ms
[2023-11-19T17:00:55.501+0800][gc,stats    ]       Phase: Concurrent Mark Continue                      0.000 / 0.000         0.000 / 0.000         0.000 / 0.000         0.000 / 0.000       ms
[2023-11-19T17:00:55.501+0800][gc,stats    ]       Phase: Concurrent Mark Free                          0.000 / 0.000         0.000 / 0.000         0.001 / 0.001         0.001 / 0.001       ms
[2023-11-19T17:00:55.501+0800][gc,stats    ]       Phase: Concurrent Process Non-Strong References      0.000 / 0.000         0.000 / 0.000         1.810 / 1.931         1.810 / 1.931       ms
[2023-11-19T17:00:55.501+0800][gc,stats    ]       Phase: Concurrent Relocate                           0.000 / 0.000         0.000 / 0.000         2.671 / 3.187         2.671 / 3.187       ms
[2023-11-19T17:00:55.501+0800][gc,stats    ]       Phase: Concurrent Reset Relocation Set               0.000 / 0.000         0.000 / 0.000         0.001 / 0.003         0.001 / 0.003       ms
[2023-11-19T17:00:55.501+0800][gc,stats    ]       Phase: Concurrent Select Relocation Set              0.000 / 0.000         0.000 / 0.000         4.627 / 7.839         4.627 / 7.839       ms
[2023-11-19T17:00:55.501+0800][gc,stats    ]       Phase: Pause Mark End                                0.000 / 0.000         0.000 / 0.000         0.016 / 0.018         0.016 / 0.018       ms
[2023-11-19T17:00:55.501+0800][gc,stats    ]       Phase: Pause Mark Start                              0.000 / 0.000         0.000 / 0.000         0.013 / 0.019         0.013 / 0.019       ms
[2023-11-19T17:00:55.501+0800][gc,stats    ]       Phase: Pause Relocate Start                          0.000 / 0.000         0.000 / 0.000         0.008 / 0.009         0.008 / 0.009       ms
[2023-11-19T17:00:55.501+0800][gc,stats    ]    Subphase: Concurrent Classes Purge                      0.000 / 0.000         0.000 / 0.000         0.047 / 0.049         0.047 / 0.049       ms
[2023-11-19T17:00:55.501+0800][gc,stats    ]    Subphase: Concurrent Classes Unlink                     0.000 / 0.000         0.000 / 0.000         1.263 / 1.295         1.263 / 1.295       ms
[2023-11-19T17:00:55.501+0800][gc,stats    ]    Subphase: Concurrent Mark                               0.000 / 0.000         0.000 / 0.000        11.825 / 13.159       11.825 / 13.159      ms
[2023-11-19T17:00:55.501+0800][gc,stats    ]    Subphase: Concurrent Mark Try Flush                     0.000 / 0.000         0.000 / 0.000         0.057 / 0.108         0.057 / 0.108       ms
[2023-11-19T17:00:55.501+0800][gc,stats    ]    Subphase: Concurrent Mark Try Terminate                 0.000 / 0.000         0.000 / 0.000         1.420 / 4.236         1.420 / 4.236       ms
[2023-11-19T17:00:55.501+0800][gc,stats    ]    Subphase: Concurrent References Enqueue                 0.000 / 0.000         0.000 / 0.000         0.004 / 0.004         0.004 / 0.004       ms
[2023-11-19T17:00:55.501+0800][gc,stats    ]    Subphase: Concurrent References Process                 0.000 / 0.000         0.000 / 0.000         0.090 / 0.101         0.090 / 0.101       ms
[2023-11-19T17:00:55.501+0800][gc,stats    ]    Subphase: Concurrent Roots ClassLoaderDataGraph         0.000 / 0.000         0.000 / 0.000         0.103 / 0.506         0.103 / 0.506       ms
[2023-11-19T17:00:55.501+0800][gc,stats    ]    Subphase: Concurrent Roots CodeCache                    0.000 / 0.000         0.000 / 0.000         0.000 / 0.000         0.000 / 0.000       ms
[2023-11-19T17:00:55.501+0800][gc,stats    ]    Subphase: Concurrent Roots JavaThreads                  0.000 / 0.000         0.000 / 0.000         1.129 / 2.106         1.129 / 2.106       ms
[2023-11-19T17:00:55.501+0800][gc,stats    ]    Subphase: Concurrent Roots OopStorageSet                0.000 / 0.000         0.000 / 0.000         0.036 / 0.058         0.036 / 0.058       ms
[2023-11-19T17:00:55.501+0800][gc,stats    ]    Subphase: Concurrent Weak Roots OopStorageSet           0.000 / 0.000         0.000 / 0.000         0.328 / 0.486         0.328 / 0.486       ms
[2023-11-19T17:00:55.501+0800][gc,stats    ]    Subphase: Pause Mark Try Complete                       0.000 / 0.000         0.000 / 0.000         0.000 / 0.000         0.000 / 0.000       ms
[2023-11-19T17:00:55.501+0800][gc,stats    ]      System: Java Threads                                      0 / 0                 0 / 0                39 / 54               39 / 54          threads
[2023-11-19T17:00:55.501+0800][gc,stats    ] =========================================================================================================================================================
[2023-11-19T17:01:05.501+0800][gc,stats    ] === Garbage Collection Statistics =======================================================================================================================
[2023-11-19T17:01:05.501+0800][gc,stats    ]                                                              Last 10s              Last 10m              Last 10h                Total
[2023-11-19T17:01:05.501+0800][gc,stats    ]                                                              Avg / Max             Avg / Max             Avg / Max             Avg / Max
[2023-11-19T17:01:05.501+0800][gc,stats    ]   Collector: Garbage Collection Cycle                      0.000 / 0.000         0.000 / 0.000        23.723 / 25.775       23.723 / 25.775      ms
[2023-11-19T17:01:05.501+0800][gc,stats    ]  Contention: Mark Segment Reset Contention                     0 / 0                 0 / 0                 0 / 3                 0 / 3           ops/s
[2023-11-19T17:01:05.501+0800][gc,stats    ]  Contention: Mark SeqNum Reset Contention                      0 / 0                 0 / 0                 0 / 0                 0 / 0           ops/s
[2023-11-19T17:01:05.501+0800][gc,stats    ]    Critical: Allocation Stall                                  0 / 0                 0 / 0                 0 / 0                 0 / 0           ops/s
[2023-11-19T17:01:05.501+0800][gc,stats    ]    Critical: Allocation Stall                              0.000 / 0.000         0.000 / 0.000         0.000 / 0.000         0.000 / 0.000       ms
[2023-11-19T17:01:05.501+0800][gc,stats    ]    Critical: GC Locker Stall                                   0 / 0                 0 / 0                 0 / 0                 0 / 0           ops/s
[2023-11-19T17:01:05.501+0800][gc,stats    ]    Critical: GC Locker Stall                               0.000 / 0.000         0.000 / 0.000         0.000 / 0.000         0.000 / 0.000       ms
[2023-11-19T17:01:05.501+0800][gc,stats    ]    Critical: Relocation Stall                                  0 / 0                 0 / 0                 0 / 0                 0 / 0           ops/s
[2023-11-19T17:01:05.501+0800][gc,stats    ]    Critical: Relocation Stall                              0.000 / 0.000         0.000 / 0.000         0.000 / 0.000         0.000 / 0.000       ms
[2023-11-19T17:01:05.501+0800][gc,stats    ]      Memory: Allocation Rate                                   0 / 2                 0 / 4                 0 / 104               0 / 104         MB/s
[2023-11-19T17:01:05.501+0800][gc,stats    ]      Memory: Defragment                                        0 / 0                 0 / 0                 0 / 0                 0 / 0           ops/s
[2023-11-19T17:01:05.501+0800][gc,stats    ]      Memory: Out Of Memory                                     0 / 0                 0 / 0                 0 / 0                 0 / 0           ops/s
[2023-11-19T17:01:05.501+0800][gc,stats    ]      Memory: Page Cache Flush                                  0 / 0                 0 / 0                 0 / 0                 0 / 0           MB/s
[2023-11-19T17:01:05.501+0800][gc,stats    ]      Memory: Page Cache Hit L1                                 0 / 0                 0 / 2                 0 / 29                0 / 29          ops/s
[2023-11-19T17:01:05.501+0800][gc,stats    ]      Memory: Page Cache Hit L2                                 0 / 0                 0 / 0                 0 / 0                 0 / 0           ops/s
[2023-11-19T17:01:05.501+0800][gc,stats    ]      Memory: Page Cache Hit L3                                 0 / 1                 0 / 1                 0 / 48                0 / 48          ops/s
[2023-11-19T17:01:05.501+0800][gc,stats    ]      Memory: Page Cache Miss                                   0 / 0                 0 / 0                 0 / 1                 0 / 1           ops/s
[2023-11-19T17:01:05.501+0800][gc,stats    ]      Memory: Uncommit                                          0 / 0                 0 / 0                 0 / 0                 0 / 0           MB/s
[2023-11-19T17:01:05.501+0800][gc,stats    ]      Memory: Undo Object Allocation Failed                     0 / 0                 0 / 0                 0 / 0                 0 / 0           ops/s
[2023-11-19T17:01:05.501+0800][gc,stats    ]      Memory: Undo Object Allocation Succeeded                  0 / 0                 0 / 0                 0 / 0                 0 / 0           ops/s
[2023-11-19T17:01:05.501+0800][gc,stats    ]      Memory: Undo Page Allocation                              0 / 0                 0 / 0                 0 / 0                 0 / 0           ops/s
[2023-11-19T17:01:05.501+0800][gc,stats    ]       Phase: Concurrent Mark                               0.000 / 0.000         0.000 / 0.000        13.801 / 15.394       13.801 / 15.394      ms
[2023-11-19T17:01:05.501+0800][gc,stats    ]       Phase: Concurrent Mark Continue                      0.000 / 0.000         0.000 / 0.000         0.000 / 0.000         0.000 / 0.000       ms
[2023-11-19T17:01:05.501+0800][gc,stats    ]       Phase: Concurrent Mark Free                          0.000 / 0.000         0.000 / 0.000         0.001 / 0.001         0.001 / 0.001       ms
[2023-11-19T17:01:05.501+0800][gc,stats    ]       Phase: Concurrent Process Non-Strong References      0.000 / 0.000         0.000 / 0.000         1.810 / 1.931         1.810 / 1.931       ms
[2023-11-19T17:01:05.501+0800][gc,stats    ]       Phase: Concurrent Relocate                           0.000 / 0.000         0.000 / 0.000         2.671 / 3.187         2.671 / 3.187       ms
[2023-11-19T17:01:05.501+0800][gc,stats    ]       Phase: Concurrent Reset Relocation Set               0.000 / 0.000         0.000 / 0.000         0.001 / 0.003         0.001 / 0.003       ms
[2023-11-19T17:01:05.501+0800][gc,stats    ]       Phase: Concurrent Select Relocation Set              0.000 / 0.000         0.000 / 0.000         4.627 / 7.839         4.627 / 7.839       ms
[2023-11-19T17:01:05.501+0800][gc,stats    ]       Phase: Pause Mark End                                0.000 / 0.000         0.000 / 0.000         0.016 / 0.018         0.016 / 0.018       ms
[2023-11-19T17:01:05.501+0800][gc,stats    ]       Phase: Pause Mark Start                              0.000 / 0.000         0.000 / 0.000         0.013 / 0.019         0.013 / 0.019       ms
[2023-11-19T17:01:05.501+0800][gc,stats    ]       Phase: Pause Relocate Start                          0.000 / 0.000         0.000 / 0.000         0.008 / 0.009         0.008 / 0.009       ms
[2023-11-19T17:01:05.501+0800][gc,stats    ]    Subphase: Concurrent Classes Purge                      0.000 / 0.000         0.000 / 0.000         0.047 / 0.049         0.047 / 0.049       ms
[2023-11-19T17:01:05.501+0800][gc,stats    ]    Subphase: Concurrent Classes Unlink                     0.000 / 0.000         0.000 / 0.000         1.263 / 1.295         1.263 / 1.295       ms
[2023-11-19T17:01:05.501+0800][gc,stats    ]    Subphase: Concurrent Mark                               0.000 / 0.000         0.000 / 0.000        11.825 / 13.159       11.825 / 13.159      ms
[2023-11-19T17:01:05.501+0800][gc,stats    ]    Subphase: Concurrent Mark Try Flush                     0.000 / 0.000         0.000 / 0.000         0.057 / 0.108         0.057 / 0.108       ms
[2023-11-19T17:01:05.501+0800][gc,stats    ]    Subphase: Concurrent Mark Try Terminate                 0.000 / 0.000         0.000 / 0.000         1.420 / 4.236         1.420 / 4.236       ms
[2023-11-19T17:01:05.501+0800][gc,stats    ]    Subphase: Concurrent References Enqueue                 0.000 / 0.000         0.000 / 0.000         0.004 / 0.004         0.004 / 0.004       ms
[2023-11-19T17:01:05.501+0800][gc,stats    ]    Subphase: Concurrent References Process                 0.000 / 0.000         0.000 / 0.000         0.090 / 0.101         0.090 / 0.101       ms
[2023-11-19T17:01:05.501+0800][gc,stats    ]    Subphase: Concurrent Roots ClassLoaderDataGraph         0.000 / 0.000         0.000 / 0.000         0.103 / 0.506         0.103 / 0.506       ms
[2023-11-19T17:01:05.501+0800][gc,stats    ]    Subphase: Concurrent Roots CodeCache                    0.000 / 0.000         0.000 / 0.000         0.000 / 0.000         0.000 / 0.000       ms
[2023-11-19T17:01:05.501+0800][gc,stats    ]    Subphase: Concurrent Roots JavaThreads                  0.000 / 0.000         0.000 / 0.000         1.129 / 2.106         1.129 / 2.106       ms
[2023-11-19T17:01:05.501+0800][gc,stats    ]    Subphase: Concurrent Roots OopStorageSet                0.000 / 0.000         0.000 / 0.000         0.036 / 0.058         0.036 / 0.058       ms
[2023-11-19T17:01:05.501+0800][gc,stats    ]    Subphase: Concurrent Weak Roots OopStorageSet           0.000 / 0.000         0.000 / 0.000         0.328 / 0.486         0.328 / 0.486       ms
[2023-11-19T17:01:05.501+0800][gc,stats    ]    Subphase: Pause Mark Try Complete                       0.000 / 0.000         0.000 / 0.000         0.000 / 0.000         0.000 / 0.000       ms
[2023-11-19T17:01:05.501+0800][gc,stats    ]      System: Java Threads                                      0 / 0                 0 / 0                39 / 54               39 / 54          threads
[2023-11-19T17:01:05.501+0800][gc,stats    ] =========================================================================================================================================================
[2023-11-19T17:01:15.501+0800][gc,stats    ] === Garbage Collection Statistics =======================================================================================================================
[2023-11-19T17:01:15.501+0800][gc,stats    ]                                                              Last 10s              Last 10m              Last 10h                Total
[2023-11-19T17:01:15.501+0800][gc,stats    ]                                                              Avg / Max             Avg / Max             Avg / Max             Avg / Max
[2023-11-19T17:01:15.501+0800][gc,stats    ]   Collector: Garbage Collection Cycle                      0.000 / 0.000         0.000 / 0.000        23.723 / 25.775       23.723 / 25.775      ms
[2023-11-19T17:01:15.501+0800][gc,stats    ]  Contention: Mark Segment Reset Contention                     0 / 0                 0 / 0                 0 / 3                 0 / 3           ops/s
[2023-11-19T17:01:15.501+0800][gc,stats    ]  Contention: Mark SeqNum Reset Contention                      0 / 0                 0 / 0                 0 / 0                 0 / 0           ops/s
[2023-11-19T17:01:15.501+0800][gc,stats    ]    Critical: Allocation Stall                                  0 / 0                 0 / 0                 0 / 0                 0 / 0           ops/s
[2023-11-19T17:01:15.501+0800][gc,stats    ]    Critical: Allocation Stall                              0.000 / 0.000         0.000 / 0.000         0.000 / 0.000         0.000 / 0.000       ms
[2023-11-19T17:01:15.501+0800][gc,stats    ]    Critical: GC Locker Stall                                   0 / 0                 0 / 0                 0 / 0                 0 / 0           ops/s
[2023-11-19T17:01:15.501+0800][gc,stats    ]    Critical: GC Locker Stall                               0.000 / 0.000         0.000 / 0.000         0.000 / 0.000         0.000 / 0.000       ms
[2023-11-19T17:01:15.501+0800][gc,stats    ]    Critical: Relocation Stall                                  0 / 0                 0 / 0                 0 / 0                 0 / 0           ops/s
[2023-11-19T17:01:15.501+0800][gc,stats    ]    Critical: Relocation Stall                              0.000 / 0.000         0.000 / 0.000         0.000 / 0.000         0.000 / 0.000       ms
[2023-11-19T17:01:15.501+0800][gc,stats    ]      Memory: Allocation Rate                                   0 / 2                 0 / 4                 0 / 104               0 / 104         MB/s
[2023-11-19T17:01:15.501+0800][gc,stats    ]      Memory: Defragment                                        0 / 0                 0 / 0                 0 / 0                 0 / 0           ops/s
[2023-11-19T17:01:15.501+0800][gc,stats    ]      Memory: Out Of Memory                                     0 / 0                 0 / 0                 0 / 0                 0 / 0           ops/s
[2023-11-19T17:01:15.501+0800][gc,stats    ]      Memory: Page Cache Flush                                  0 / 0                 0 / 0                 0 / 0                 0 / 0           MB/s
[2023-11-19T17:01:15.501+0800][gc,stats    ]      Memory: Page Cache Hit L1                                 0 / 0                 0 / 2                 0 / 29                0 / 29          ops/s
[2023-11-19T17:01:15.501+0800][gc,stats    ]      Memory: Page Cache Hit L2                                 0 / 0                 0 / 0                 0 / 0                 0 / 0           ops/s
[2023-11-19T17:01:15.501+0800][gc,stats    ]      Memory: Page Cache Hit L3                                 0 / 1                 0 / 1                 0 / 48                0 / 48          ops/s
[2023-11-19T17:01:15.501+0800][gc,stats    ]      Memory: Page Cache Miss                                   0 / 0                 0 / 0                 0 / 1                 0 / 1           ops/s
[2023-11-19T17:01:15.501+0800][gc,stats    ]      Memory: Uncommit                                          0 / 0                 0 / 0                 0 / 0                 0 / 0           MB/s
[2023-11-19T17:01:15.501+0800][gc,stats    ]      Memory: Undo Object Allocation Failed                     0 / 0                 0 / 0                 0 / 0                 0 / 0           ops/s
[2023-11-19T17:01:15.501+0800][gc,stats    ]      Memory: Undo Object Allocation Succeeded                  0 / 0                 0 / 0                 0 / 0                 0 / 0           ops/s
[2023-11-19T17:01:15.501+0800][gc,stats    ]      Memory: Undo Page Allocation                              0 / 0                 0 / 0                 0 / 0                 0 / 0           ops/s
[2023-11-19T17:01:15.501+0800][gc,stats    ]       Phase: Concurrent Mark                               0.000 / 0.000         0.000 / 0.000        13.801 / 15.394       13.801 / 15.394      ms
[2023-11-19T17:01:15.501+0800][gc,stats    ]       Phase: Concurrent Mark Continue                      0.000 / 0.000         0.000 / 0.000         0.000 / 0.000         0.000 / 0.000       ms
[2023-11-19T17:01:15.501+0800][gc,stats    ]       Phase: Concurrent Mark Free                          0.000 / 0.000         0.000 / 0.000         0.001 / 0.001         0.001 / 0.001       ms
[2023-11-19T17:01:15.501+0800][gc,stats    ]       Phase: Concurrent Process Non-Strong References      0.000 / 0.000         0.000 / 0.000         1.810 / 1.931         1.810 / 1.931       ms
[2023-11-19T17:01:15.501+0800][gc,stats    ]       Phase: Concurrent Relocate                           0.000 / 0.000         0.000 / 0.000         2.671 / 3.187         2.671 / 3.187       ms
[2023-11-19T17:01:15.501+0800][gc,stats    ]       Phase: Concurrent Reset Relocation Set               0.000 / 0.000         0.000 / 0.000         0.001 / 0.003         0.001 / 0.003       ms
[2023-11-19T17:01:15.501+0800][gc,stats    ]       Phase: Concurrent Select Relocation Set              0.000 / 0.000         0.000 / 0.000         4.627 / 7.839         4.627 / 7.839       ms
[2023-11-19T17:01:15.501+0800][gc,stats    ]       Phase: Pause Mark End                                0.000 / 0.000         0.000 / 0.000         0.016 / 0.018         0.016 / 0.018       ms
[2023-11-19T17:01:15.501+0800][gc,stats    ]       Phase: Pause Mark Start                              0.000 / 0.000         0.000 / 0.000         0.013 / 0.019         0.013 / 0.019       ms
[2023-11-19T17:01:15.501+0800][gc,stats    ]       Phase: Pause Relocate Start                          0.000 / 0.000         0.000 / 0.000         0.008 / 0.009         0.008 / 0.009       ms
[2023-11-19T17:01:15.501+0800][gc,stats    ]    Subphase: Concurrent Classes Purge                      0.000 / 0.000         0.000 / 0.000         0.047 / 0.049         0.047 / 0.049       ms
[2023-11-19T17:01:15.501+0800][gc,stats    ]    Subphase: Concurrent Classes Unlink                     0.000 / 0.000         0.000 / 0.000         1.263 / 1.295         1.263 / 1.295       ms
[2023-11-19T17:01:15.501+0800][gc,stats    ]    Subphase: Concurrent Mark                               0.000 / 0.000         0.000 / 0.000        11.825 / 13.159       11.825 / 13.159      ms
[2023-11-19T17:01:15.501+0800][gc,stats    ]    Subphase: Concurrent Mark Try Flush                     0.000 / 0.000         0.000 / 0.000         0.057 / 0.108         0.057 / 0.108       ms
[2023-11-19T17:01:15.501+0800][gc,stats    ]    Subphase: Concurrent Mark Try Terminate                 0.000 / 0.000         0.000 / 0.000         1.420 / 4.236         1.420 / 4.236       ms
[2023-11-19T17:01:15.501+0800][gc,stats    ]    Subphase: Concurrent References Enqueue                 0.000 / 0.000         0.000 / 0.000         0.004 / 0.004         0.004 / 0.004       ms
[2023-11-19T17:01:15.501+0800][gc,stats    ]    Subphase: Concurrent References Process                 0.000 / 0.000         0.000 / 0.000         0.090 / 0.101         0.090 / 0.101       ms
[2023-11-19T17:01:15.501+0800][gc,stats    ]    Subphase: Concurrent Roots ClassLoaderDataGraph         0.000 / 0.000         0.000 / 0.000         0.103 / 0.506         0.103 / 0.506       ms
[2023-11-19T17:01:15.501+0800][gc,stats    ]    Subphase: Concurrent Roots CodeCache                    0.000 / 0.000         0.000 / 0.000         0.000 / 0.000         0.000 / 0.000       ms
[2023-11-19T17:01:15.501+0800][gc,stats    ]    Subphase: Concurrent Roots JavaThreads                  0.000 / 0.000         0.000 / 0.000         1.129 / 2.106         1.129 / 2.106       ms
[2023-11-19T17:01:15.501+0800][gc,stats    ]    Subphase: Concurrent Roots OopStorageSet                0.000 / 0.000         0.000 / 0.000         0.036 / 0.058         0.036 / 0.058       ms
[2023-11-19T17:01:15.501+0800][gc,stats    ]    Subphase: Concurrent Weak Roots OopStorageSet           0.000 / 0.000         0.000 / 0.000         0.328 / 0.486         0.328 / 0.486       ms
[2023-11-19T17:01:15.501+0800][gc,stats    ]    Subphase: Pause Mark Try Complete                       0.000 / 0.000         0.000 / 0.000         0.000 / 0.000         0.000 / 0.000       ms
[2023-11-19T17:01:15.501+0800][gc,stats    ]      System: Java Threads                                      0 / 0                 0 / 0                39 / 54               39 / 54          threads
[2023-11-19T17:01:15.501+0800][gc,stats    ] =========================================================================================================================================================
[2023-11-19T17:01:25.501+0800][gc,stats    ] === Garbage Collection Statistics =======================================================================================================================
[2023-11-19T17:01:25.501+0800][gc,stats    ]                                                              Last 10s              Last 10m              Last 10h                Total
[2023-11-19T17:01:25.501+0800][gc,stats    ]                                                              Avg / Max             Avg / Max             Avg / Max             Avg / Max
[2023-11-19T17:01:25.501+0800][gc,stats    ]   Collector: Garbage Collection Cycle                      0.000 / 0.000         0.000 / 0.000        23.723 / 25.775       23.723 / 25.775      ms
[2023-11-19T17:01:25.501+0800][gc,stats    ]  Contention: Mark Segment Reset Contention                     0 / 0                 0 / 0                 0 / 3                 0 / 3           ops/s
[2023-11-19T17:01:25.501+0800][gc,stats    ]  Contention: Mark SeqNum Reset Contention                      0 / 0                 0 / 0                 0 / 0                 0 / 0           ops/s
[2023-11-19T17:01:25.501+0800][gc,stats    ]    Critical: Allocation Stall                                  0 / 0                 0 / 0                 0 / 0                 0 / 0           ops/s
[2023-11-19T17:01:25.501+0800][gc,stats    ]    Critical: Allocation Stall                              0.000 / 0.000         0.000 / 0.000         0.000 / 0.000         0.000 / 0.000       ms
[2023-11-19T17:01:25.501+0800][gc,stats    ]    Critical: GC Locker Stall                                   0 / 0                 0 / 0                 0 / 0                 0 / 0           ops/s
[2023-11-19T17:01:25.501+0800][gc,stats    ]    Critical: GC Locker Stall                               0.000 / 0.000         0.000 / 0.000         0.000 / 0.000         0.000 / 0.000       ms
[2023-11-19T17:01:25.501+0800][gc,stats    ]    Critical: Relocation Stall                                  0 / 0                 0 / 0                 0 / 0                 0 / 0           ops/s
[2023-11-19T17:01:25.501+0800][gc,stats    ]    Critical: Relocation Stall                              0.000 / 0.000         0.000 / 0.000         0.000 / 0.000         0.000 / 0.000       ms
[2023-11-19T17:01:25.501+0800][gc,stats    ]      Memory: Allocation Rate                                   0 / 0                 0 / 4                 0 / 104               0 / 104         MB/s
[2023-11-19T17:01:25.501+0800][gc,stats    ]      Memory: Defragment                                        0 / 0                 0 / 0                 0 / 0                 0 / 0           ops/s
[2023-11-19T17:01:25.501+0800][gc,stats    ]      Memory: Out Of Memory                                     0 / 0                 0 / 0                 0 / 0                 0 / 0           ops/s
[2023-11-19T17:01:25.501+0800][gc,stats    ]      Memory: Page Cache Flush                                  0 / 0                 0 / 0                 0 / 0                 0 / 0           MB/s
[2023-11-19T17:01:25.501+0800][gc,stats    ]      Memory: Page Cache Hit L1                                 0 / 0                 0 / 2                 0 / 29                0 / 29          ops/s
[2023-11-19T17:01:25.501+0800][gc,stats    ]      Memory: Page Cache Hit L2                                 0 / 0                 0 / 0                 0 / 0                 0 / 0           ops/s
[2023-11-19T17:01:25.501+0800][gc,stats    ]      Memory: Page Cache Hit L3                                 0 / 0                 0 / 1                 0 / 48                0 / 48          ops/s
[2023-11-19T17:01:25.501+0800][gc,stats    ]      Memory: Page Cache Miss                                   0 / 0                 0 / 0                 0 / 1                 0 / 1           ops/s
[2023-11-19T17:01:25.501+0800][gc,stats    ]      Memory: Uncommit                                          0 / 0                 0 / 0                 0 / 0                 0 / 0           MB/s
[2023-11-19T17:01:25.501+0800][gc,stats    ]      Memory: Undo Object Allocation Failed                     0 / 0                 0 / 0                 0 / 0                 0 / 0           ops/s
[2023-11-19T17:01:25.501+0800][gc,stats    ]      Memory: Undo Object Allocation Succeeded                  0 / 0                 0 / 0                 0 / 0                 0 / 0           ops/s
[2023-11-19T17:01:25.501+0800][gc,stats    ]      Memory: Undo Page Allocation                              0 / 0                 0 / 0                 0 / 0                 0 / 0           ops/s
[2023-11-19T17:01:25.501+0800][gc,stats    ]       Phase: Concurrent Mark                               0.000 / 0.000         0.000 / 0.000        13.801 / 15.394       13.801 / 15.394      ms
[2023-11-19T17:01:25.501+0800][gc,stats    ]       Phase: Concurrent Mark Continue                      0.000 / 0.000         0.000 / 0.000         0.000 / 0.000         0.000 / 0.000       ms
[2023-11-19T17:01:25.501+0800][gc,stats    ]       Phase: Concurrent Mark Free                          0.000 / 0.000         0.000 / 0.000         0.001 / 0.001         0.001 / 0.001       ms
[2023-11-19T17:01:25.501+0800][gc,stats    ]       Phase: Concurrent Process Non-Strong References      0.000 / 0.000         0.000 / 0.000         1.810 / 1.931         1.810 / 1.931       ms
[2023-11-19T17:01:25.501+0800][gc,stats    ]       Phase: Concurrent Relocate                           0.000 / 0.000         0.000 / 0.000         2.671 / 3.187         2.671 / 3.187       ms
[2023-11-19T17:01:25.501+0800][gc,stats    ]       Phase: Concurrent Reset Relocation Set               0.000 / 0.000         0.000 / 0.000         0.001 / 0.003         0.001 / 0.003       ms
[2023-11-19T17:01:25.501+0800][gc,stats    ]       Phase: Concurrent Select Relocation Set              0.000 / 0.000         0.000 / 0.000         4.627 / 7.839         4.627 / 7.839       ms
[2023-11-19T17:01:25.501+0800][gc,stats    ]       Phase: Pause Mark End                                0.000 / 0.000         0.000 / 0.000         0.016 / 0.018         0.016 / 0.018       ms
[2023-11-19T17:01:25.501+0800][gc,stats    ]       Phase: Pause Mark Start                              0.000 / 0.000         0.000 / 0.000         0.013 / 0.019         0.013 / 0.019       ms
[2023-11-19T17:01:25.501+0800][gc,stats    ]       Phase: Pause Relocate Start                          0.000 / 0.000         0.000 / 0.000         0.008 / 0.009         0.008 / 0.009       ms
[2023-11-19T17:01:25.501+0800][gc,stats    ]    Subphase: Concurrent Classes Purge                      0.000 / 0.000         0.000 / 0.000         0.047 / 0.049         0.047 / 0.049       ms
[2023-11-19T17:01:25.501+0800][gc,stats    ]    Subphase: Concurrent Classes Unlink                     0.000 / 0.000         0.000 / 0.000         1.263 / 1.295         1.263 / 1.295       ms
[2023-11-19T17:01:25.501+0800][gc,stats    ]    Subphase: Concurrent Mark                               0.000 / 0.000         0.000 / 0.000        11.825 / 13.159       11.825 / 13.159      ms
[2023-11-19T17:01:25.501+0800][gc,stats    ]    Subphase: Concurrent Mark Try Flush                     0.000 / 0.000         0.000 / 0.000         0.057 / 0.108         0.057 / 0.108       ms
[2023-11-19T17:01:25.501+0800][gc,stats    ]    Subphase: Concurrent Mark Try Terminate                 0.000 / 0.000         0.000 / 0.000         1.420 / 4.236         1.420 / 4.236       ms
[2023-11-19T17:01:25.501+0800][gc,stats    ]    Subphase: Concurrent References Enqueue                 0.000 / 0.000         0.000 / 0.000         0.004 / 0.004         0.004 / 0.004       ms
[2023-11-19T17:01:25.501+0800][gc,stats    ]    Subphase: Concurrent References Process                 0.000 / 0.000         0.000 / 0.000         0.090 / 0.101         0.090 / 0.101       ms
[2023-11-19T17:01:25.501+0800][gc,stats    ]    Subphase: Concurrent Roots ClassLoaderDataGraph         0.000 / 0.000         0.000 / 0.000         0.103 / 0.506         0.103 / 0.506       ms
[2023-11-19T17:01:25.501+0800][gc,stats    ]    Subphase: Concurrent Roots CodeCache                    0.000 / 0.000         0.000 / 0.000         0.000 / 0.000         0.000 / 0.000       ms
[2023-11-19T17:01:25.501+0800][gc,stats    ]    Subphase: Concurrent Roots JavaThreads                  0.000 / 0.000         0.000 / 0.000         1.129 / 2.106         1.129 / 2.106       ms
[2023-11-19T17:01:25.501+0800][gc,stats    ]    Subphase: Concurrent Roots OopStorageSet                0.000 / 0.000         0.000 / 0.000         0.036 / 0.058         0.036 / 0.058       ms
[2023-11-19T17:01:25.501+0800][gc,stats    ]    Subphase: Concurrent Weak Roots OopStorageSet           0.000 / 0.000         0.000 / 0.000         0.328 / 0.486         0.328 / 0.486       ms
[2023-11-19T17:01:25.501+0800][gc,stats    ]    Subphase: Pause Mark Try Complete                       0.000 / 0.000         0.000 / 0.000         0.000 / 0.000         0.000 / 0.000       ms
[2023-11-19T17:01:25.501+0800][gc,stats    ]      System: Java Threads                                      0 / 0                 0 / 0                39 / 54               39 / 54          threads
[2023-11-19T17:01:25.501+0800][gc,stats    ] =========================================================================================================================================================
[2023-11-19T17:01:35.500+0800][gc,stats    ] === Garbage Collection Statistics =======================================================================================================================
[2023-11-19T17:01:35.500+0800][gc,stats    ]                                                              Last 10s              Last 10m              Last 10h                Total
[2023-11-19T17:01:35.500+0800][gc,stats    ]                                                              Avg / Max             Avg / Max             Avg / Max             Avg / Max
[2023-11-19T17:01:35.500+0800][gc,stats    ]   Collector: Garbage Collection Cycle                      0.000 / 0.000         0.000 / 0.000        23.723 / 25.775       23.723 / 25.775      ms
[2023-11-19T17:01:35.500+0800][gc,stats    ]  Contention: Mark Segment Reset Contention                     0 / 0                 0 / 0                 0 / 3                 0 / 3           ops/s
[2023-11-19T17:01:35.500+0800][gc,stats    ]  Contention: Mark SeqNum Reset Contention                      0 / 0                 0 / 0                 0 / 0                 0 / 0           ops/s
[2023-11-19T17:01:35.500+0800][gc,stats    ]    Critical: Allocation Stall                                  0 / 0                 0 / 0                 0 / 0                 0 / 0           ops/s
[2023-11-19T17:01:35.500+0800][gc,stats    ]    Critical: Allocation Stall                              0.000 / 0.000         0.000 / 0.000         0.000 / 0.000         0.000 / 0.000       ms
[2023-11-19T17:01:35.500+0800][gc,stats    ]    Critical: GC Locker Stall                                   0 / 0                 0 / 0                 0 / 0                 0 / 0           ops/s
[2023-11-19T17:01:35.500+0800][gc,stats    ]    Critical: GC Locker Stall                               0.000 / 0.000         0.000 / 0.000         0.000 / 0.000         0.000 / 0.000       ms
[2023-11-19T17:01:35.500+0800][gc,stats    ]    Critical: Relocation Stall                                  0 / 0                 0 / 0                 0 / 0                 0 / 0           ops/s
[2023-11-19T17:01:35.500+0800][gc,stats    ]    Critical: Relocation Stall                              0.000 / 0.000         0.000 / 0.000         0.000 / 0.000         0.000 / 0.000       ms
[2023-11-19T17:01:35.500+0800][gc,stats    ]      Memory: Allocation Rate                                   0 / 0                 0 / 4                 0 / 104               0 / 104         MB/s
[2023-11-19T17:01:35.500+0800][gc,stats    ]      Memory: Defragment                                        0 / 0                 0 / 0                 0 / 0                 0 / 0           ops/s
[2023-11-19T17:01:35.500+0800][gc,stats    ]      Memory: Out Of Memory                                     0 / 0                 0 / 0                 0 / 0                 0 / 0           ops/s
[2023-11-19T17:01:35.500+0800][gc,stats    ]      Memory: Page Cache Flush                                  0 / 0                 0 / 0                 0 / 0                 0 / 0           MB/s
[2023-11-19T17:01:35.500+0800][gc,stats    ]      Memory: Page Cache Hit L1                                 0 / 0                 0 / 2                 0 / 29                0 / 29          ops/s
[2023-11-19T17:01:35.500+0800][gc,stats    ]      Memory: Page Cache Hit L2                                 0 / 0                 0 / 0                 0 / 0                 0 / 0           ops/s
[2023-11-19T17:01:35.500+0800][gc,stats    ]      Memory: Page Cache Hit L3                                 0 / 0                 0 / 1                 0 / 48                0 / 48          ops/s
[2023-11-19T17:01:35.500+0800][gc,stats    ]      Memory: Page Cache Miss                                   0 / 0                 0 / 0                 0 / 1                 0 / 1           ops/s
[2023-11-19T17:01:35.500+0800][gc,stats    ]      Memory: Uncommit                                          0 / 0                 0 / 0                 0 / 0                 0 / 0           MB/s
[2023-11-19T17:01:35.500+0800][gc,stats    ]      Memory: Undo Object Allocation Failed                     0 / 0                 0 / 0                 0 / 0                 0 / 0           ops/s
[2023-11-19T17:01:35.500+0800][gc,stats    ]      Memory: Undo Object Allocation Succeeded                  0 / 0                 0 / 0                 0 / 0                 0 / 0           ops/s
[2023-11-19T17:01:35.500+0800][gc,stats    ]      Memory: Undo Page Allocation                              0 / 0                 0 / 0                 0 / 0                 0 / 0           ops/s
[2023-11-19T17:01:35.500+0800][gc,stats    ]       Phase: Concurrent Mark                               0.000 / 0.000         0.000 / 0.000        13.801 / 15.394       13.801 / 15.394      ms
[2023-11-19T17:01:35.500+0800][gc,stats    ]       Phase: Concurrent Mark Continue                      0.000 / 0.000         0.000 / 0.000         0.000 / 0.000         0.000 / 0.000       ms
[2023-11-19T17:01:35.500+0800][gc,stats    ]       Phase: Concurrent Mark Free                          0.000 / 0.000         0.000 / 0.000         0.001 / 0.001         0.001 / 0.001       ms
[2023-11-19T17:01:35.500+0800][gc,stats    ]       Phase: Concurrent Process Non-Strong References      0.000 / 0.000         0.000 / 0.000         1.810 / 1.931         1.810 / 1.931       ms
[2023-11-19T17:01:35.500+0800][gc,stats    ]       Phase: Concurrent Relocate                           0.000 / 0.000         0.000 / 0.000         2.671 / 3.187         2.671 / 3.187       ms
[2023-11-19T17:01:35.500+0800][gc,stats    ]       Phase: Concurrent Reset Relocation Set               0.000 / 0.000         0.000 / 0.000         0.001 / 0.003         0.001 / 0.003       ms
[2023-11-19T17:01:35.500+0800][gc,stats    ]       Phase: Concurrent Select Relocation Set              0.000 / 0.000         0.000 / 0.000         4.627 / 7.839         4.627 / 7.839       ms
[2023-11-19T17:01:35.500+0800][gc,stats    ]       Phase: Pause Mark End                                0.000 / 0.000         0.000 / 0.000         0.016 / 0.018         0.016 / 0.018       ms
[2023-11-19T17:01:35.500+0800][gc,stats    ]       Phase: Pause Mark Start                              0.000 / 0.000         0.000 / 0.000         0.013 / 0.019         0.013 / 0.019       ms
[2023-11-19T17:01:35.500+0800][gc,stats    ]       Phase: Pause Relocate Start                          0.000 / 0.000         0.000 / 0.000         0.008 / 0.009         0.008 / 0.009       ms
[2023-11-19T17:01:35.500+0800][gc,stats    ]    Subphase: Concurrent Classes Purge                      0.000 / 0.000         0.000 / 0.000         0.047 / 0.049         0.047 / 0.049       ms
[2023-11-19T17:01:35.500+0800][gc,stats    ]    Subphase: Concurrent Classes Unlink                     0.000 / 0.000         0.000 / 0.000         1.263 / 1.295         1.263 / 1.295       ms
[2023-11-19T17:01:35.500+0800][gc,stats    ]    Subphase: Concurrent Mark                               0.000 / 0.000         0.000 / 0.000        11.825 / 13.159       11.825 / 13.159      ms
[2023-11-19T17:01:35.500+0800][gc,stats    ]    Subphase: Concurrent Mark Try Flush                     0.000 / 0.000         0.000 / 0.000         0.057 / 0.108         0.057 / 0.108       ms
[2023-11-19T17:01:35.500+0800][gc,stats    ]    Subphase: Concurrent Mark Try Terminate                 0.000 / 0.000         0.000 / 0.000         1.420 / 4.236         1.420 / 4.236       ms
[2023-11-19T17:01:35.500+0800][gc,stats    ]    Subphase: Concurrent References Enqueue                 0.000 / 0.000         0.000 / 0.000         0.004 / 0.004         0.004 / 0.004       ms
[2023-11-19T17:01:35.500+0800][gc,stats    ]    Subphase: Concurrent References Process                 0.000 / 0.000         0.000 / 0.000         0.090 / 0.101         0.090 / 0.101       ms
[2023-11-19T17:01:35.500+0800][gc,stats    ]    Subphase: Concurrent Roots ClassLoaderDataGraph         0.000 / 0.000         0.000 / 0.000         0.103 / 0.506         0.103 / 0.506       ms
[2023-11-19T17:01:35.500+0800][gc,stats    ]    Subphase: Concurrent Roots CodeCache                    0.000 / 0.000         0.000 / 0.000         0.000 / 0.000         0.000 / 0.000       ms
[2023-11-19T17:01:35.500+0800][gc,stats    ]    Subphase: Concurrent Roots JavaThreads                  0.000 / 0.000         0.000 / 0.000         1.129 / 2.106         1.129 / 2.106       ms
[2023-11-19T17:01:35.500+0800][gc,stats    ]    Subphase: Concurrent Roots OopStorageSet                0.000 / 0.000         0.000 / 0.000         0.036 / 0.058         0.036 / 0.058       ms
[2023-11-19T17:01:35.500+0800][gc,stats    ]    Subphase: Concurrent Weak Roots OopStorageSet           0.000 / 0.000         0.000 / 0.000         0.328 / 0.486         0.328 / 0.486       ms
[2023-11-19T17:01:35.500+0800][gc,stats    ]    Subphase: Pause Mark Try Complete                       0.000 / 0.000         0.000 / 0.000         0.000 / 0.000         0.000 / 0.000       ms
[2023-11-19T17:01:35.500+0800][gc,stats    ]      System: Java Threads                                      0 / 0                 0 / 0                39 / 54               39 / 54          threads
[2023-11-19T17:01:35.500+0800][gc,stats    ] =========================================================================================================================================================
[2023-11-19T17:01:45.501+0800][gc,stats    ] === Garbage Collection Statistics =======================================================================================================================
[2023-11-19T17:01:45.501+0800][gc,stats    ]                                                              Last 10s              Last 10m              Last 10h                Total
[2023-11-19T17:01:45.501+0800][gc,stats    ]                                                              Avg / Max             Avg / Max             Avg / Max             Avg / Max
[2023-11-19T17:01:45.501+0800][gc,stats    ]   Collector: Garbage Collection Cycle                      0.000 / 0.000         0.000 / 0.000        23.723 / 25.775       23.723 / 25.775      ms
[2023-11-19T17:01:45.501+0800][gc,stats    ]  Contention: Mark Segment Reset Contention                     0 / 0                 0 / 0                 0 / 3                 0 / 3           ops/s
[2023-11-19T17:01:45.501+0800][gc,stats    ]  Contention: Mark SeqNum Reset Contention                      0 / 0                 0 / 0                 0 / 0                 0 / 0           ops/s
[2023-11-19T17:01:45.501+0800][gc,stats    ]    Critical: Allocation Stall                                  0 / 0                 0 / 0                 0 / 0                 0 / 0           ops/s
[2023-11-19T17:01:45.501+0800][gc,stats    ]    Critical: Allocation Stall                              0.000 / 0.000         0.000 / 0.000         0.000 / 0.000         0.000 / 0.000       ms
[2023-11-19T17:01:45.501+0800][gc,stats    ]    Critical: GC Locker Stall                                   0 / 0                 0 / 0                 0 / 0                 0 / 0           ops/s
[2023-11-19T17:01:45.501+0800][gc,stats    ]    Critical: GC Locker Stall                               0.000 / 0.000         0.000 / 0.000         0.000 / 0.000         0.000 / 0.000       ms
[2023-11-19T17:01:45.501+0800][gc,stats    ]    Critical: Relocation Stall                                  0 / 0                 0 / 0                 0 / 0                 0 / 0           ops/s
[2023-11-19T17:01:45.501+0800][gc,stats    ]    Critical: Relocation Stall                              0.000 / 0.000         0.000 / 0.000         0.000 / 0.000         0.000 / 0.000       ms
[2023-11-19T17:01:45.501+0800][gc,stats    ]      Memory: Allocation Rate                                   0 / 2                 0 / 4                 0 / 104               0 / 104         MB/s
[2023-11-19T17:01:45.501+0800][gc,stats    ]      Memory: Defragment                                        0 / 0                 0 / 0                 0 / 0                 0 / 0           ops/s
[2023-11-19T17:01:45.501+0800][gc,stats    ]      Memory: Out Of Memory                                     0 / 0                 0 / 0                 0 / 0                 0 / 0           ops/s
[2023-11-19T17:01:45.501+0800][gc,stats    ]      Memory: Page Cache Flush                                  0 / 0                 0 / 0                 0 / 0                 0 / 0           MB/s
[2023-11-19T17:01:45.501+0800][gc,stats    ]      Memory: Page Cache Hit L1                                 0 / 0                 0 / 2                 0 / 29                0 / 29          ops/s
[2023-11-19T17:01:45.501+0800][gc,stats    ]      Memory: Page Cache Hit L2                                 0 / 0                 0 / 0                 0 / 0                 0 / 0           ops/s
[2023-11-19T17:01:45.501+0800][gc,stats    ]      Memory: Page Cache Hit L3                                 0 / 1                 0 / 1                 0 / 48                0 / 48          ops/s
[2023-11-19T17:01:45.501+0800][gc,stats    ]      Memory: Page Cache Miss                                   0 / 0                 0 / 0                 0 / 1                 0 / 1           ops/s
[2023-11-19T17:01:45.501+0800][gc,stats    ]      Memory: Uncommit                                          0 / 0                 0 / 0                 0 / 0                 0 / 0           MB/s
[2023-11-19T17:01:45.501+0800][gc,stats    ]      Memory: Undo Object Allocation Failed                     0 / 0                 0 / 0                 0 / 0                 0 / 0           ops/s
[2023-11-19T17:01:45.501+0800][gc,stats    ]      Memory: Undo Object Allocation Succeeded                  0 / 0                 0 / 0                 0 / 0                 0 / 0           ops/s
[2023-11-19T17:01:45.501+0800][gc,stats    ]      Memory: Undo Page Allocation                              0 / 0                 0 / 0                 0 / 0                 0 / 0           ops/s
[2023-11-19T17:01:45.501+0800][gc,stats    ]       Phase: Concurrent Mark                               0.000 / 0.000         0.000 / 0.000        13.801 / 15.394       13.801 / 15.394      ms
[2023-11-19T17:01:45.501+0800][gc,stats    ]       Phase: Concurrent Mark Continue                      0.000 / 0.000         0.000 / 0.000         0.000 / 0.000         0.000 / 0.000       ms
[2023-11-19T17:01:45.501+0800][gc,stats    ]       Phase: Concurrent Mark Free                          0.000 / 0.000         0.000 / 0.000         0.001 / 0.001         0.001 / 0.001       ms
[2023-11-19T17:01:45.501+0800][gc,stats    ]       Phase: Concurrent Process Non-Strong References      0.000 / 0.000         0.000 / 0.000         1.810 / 1.931         1.810 / 1.931       ms
[2023-11-19T17:01:45.501+0800][gc,stats    ]       Phase: Concurrent Relocate                           0.000 / 0.000         0.000 / 0.000         2.671 / 3.187         2.671 / 3.187       ms
[2023-11-19T17:01:45.501+0800][gc,stats    ]       Phase: Concurrent Reset Relocation Set               0.000 / 0.000         0.000 / 0.000         0.001 / 0.003         0.001 / 0.003       ms
[2023-11-19T17:01:45.501+0800][gc,stats    ]       Phase: Concurrent Select Relocation Set              0.000 / 0.000         0.000 / 0.000         4.627 / 7.839         4.627 / 7.839       ms
[2023-11-19T17:01:45.501+0800][gc,stats    ]       Phase: Pause Mark End                                0.000 / 0.000         0.000 / 0.000         0.016 / 0.018         0.016 / 0.018       ms
[2023-11-19T17:01:45.501+0800][gc,stats    ]       Phase: Pause Mark Start                              0.000 / 0.000         0.000 / 0.000         0.013 / 0.019         0.013 / 0.019       ms
[2023-11-19T17:01:45.501+0800][gc,stats    ]       Phase: Pause Relocate Start                          0.000 / 0.000         0.000 / 0.000         0.008 / 0.009         0.008 / 0.009       ms
[2023-11-19T17:01:45.501+0800][gc,stats    ]    Subphase: Concurrent Classes Purge                      0.000 / 0.000         0.000 / 0.000         0.047 / 0.049         0.047 / 0.049       ms
[2023-11-19T17:01:45.501+0800][gc,stats    ]    Subphase: Concurrent Classes Unlink                     0.000 / 0.000         0.000 / 0.000         1.263 / 1.295         1.263 / 1.295       ms
[2023-11-19T17:01:45.501+0800][gc,stats    ]    Subphase: Concurrent Mark                               0.000 / 0.000         0.000 / 0.000        11.825 / 13.159       11.825 / 13.159      ms
[2023-11-19T17:01:45.501+0800][gc,stats    ]    Subphase: Concurrent Mark Try Flush                     0.000 / 0.000         0.000 / 0.000         0.057 / 0.108         0.057 / 0.108       ms
[2023-11-19T17:01:45.501+0800][gc,stats    ]    Subphase: Concurrent Mark Try Terminate                 0.000 / 0.000         0.000 / 0.000         1.420 / 4.236         1.420 / 4.236       ms
[2023-11-19T17:01:45.501+0800][gc,stats    ]    Subphase: Concurrent References Enqueue                 0.000 / 0.000         0.000 / 0.000         0.004 / 0.004         0.004 / 0.004       ms
[2023-11-19T17:01:45.501+0800][gc,stats    ]    Subphase: Concurrent References Process                 0.000 / 0.000         0.000 / 0.000         0.090 / 0.101         0.090 / 0.101       ms
[2023-11-19T17:01:45.501+0800][gc,stats    ]    Subphase: Concurrent Roots ClassLoaderDataGraph         0.000 / 0.000         0.000 / 0.000         0.103 / 0.506         0.103 / 0.506       ms
[2023-11-19T17:01:45.501+0800][gc,stats    ]    Subphase: Concurrent Roots CodeCache                    0.000 / 0.000         0.000 / 0.000         0.000 / 0.000         0.000 / 0.000       ms
[2023-11-19T17:01:45.501+0800][gc,stats    ]    Subphase: Concurrent Roots JavaThreads                  0.000 / 0.000         0.000 / 0.000         1.129 / 2.106         1.129 / 2.106       ms
[2023-11-19T17:01:45.501+0800][gc,stats    ]    Subphase: Concurrent Roots OopStorageSet                0.000 / 0.000         0.000 / 0.000         0.036 / 0.058         0.036 / 0.058       ms
[2023-11-19T17:01:45.501+0800][gc,stats    ]    Subphase: Concurrent Weak Roots OopStorageSet           0.000 / 0.000         0.000 / 0.000         0.328 / 0.486         0.328 / 0.486       ms
[2023-11-19T17:01:45.501+0800][gc,stats    ]    Subphase: Pause Mark Try Complete                       0.000 / 0.000         0.000 / 0.000         0.000 / 0.000         0.000 / 0.000       ms
[2023-11-19T17:01:45.501+0800][gc,stats    ]      System: Java Threads                                      0 / 0                 0 / 0                39 / 54               39 / 54          threads
[2023-11-19T17:01:45.501+0800][gc,stats    ] =========================================================================================================================================================
[2023-11-19T17:01:55.501+0800][gc,stats    ] === Garbage Collection Statistics =======================================================================================================================
[2023-11-19T17:01:55.501+0800][gc,stats    ]                                                              Last 10s              Last 10m              Last 10h                Total
[2023-11-19T17:01:55.501+0800][gc,stats    ]                                                              Avg / Max             Avg / Max             Avg / Max             Avg / Max
[2023-11-19T17:01:55.501+0800][gc,stats    ]   Collector: Garbage Collection Cycle                      0.000 / 0.000         0.000 / 0.000        23.723 / 25.775       23.723 / 25.775      ms
[2023-11-19T17:01:55.501+0800][gc,stats    ]  Contention: Mark Segment Reset Contention                     0 / 0                 0 / 0                 0 / 3                 0 / 3           ops/s
[2023-11-19T17:01:55.501+0800][gc,stats    ]  Contention: Mark SeqNum Reset Contention                      0 / 0                 0 / 0                 0 / 0                 0 / 0           ops/s
[2023-11-19T17:01:55.501+0800][gc,stats    ]    Critical: Allocation Stall                                  0 / 0                 0 / 0                 0 / 0                 0 / 0           ops/s
[2023-11-19T17:01:55.501+0800][gc,stats    ]    Critical: Allocation Stall                              0.000 / 0.000         0.000 / 0.000         0.000 / 0.000         0.000 / 0.000       ms
[2023-11-19T17:01:55.501+0800][gc,stats    ]    Critical: GC Locker Stall                                   0 / 0                 0 / 0                 0 / 0                 0 / 0           ops/s
[2023-11-19T17:01:55.501+0800][gc,stats    ]    Critical: GC Locker Stall                               0.000 / 0.000         0.000 / 0.000         0.000 / 0.000         0.000 / 0.000       ms
[2023-11-19T17:01:55.501+0800][gc,stats    ]    Critical: Relocation Stall                                  0 / 0                 0 / 0                 0 / 0                 0 / 0           ops/s
[2023-11-19T17:01:55.501+0800][gc,stats    ]    Critical: Relocation Stall                              0.000 / 0.000         0.000 / 0.000         0.000 / 0.000         0.000 / 0.000       ms
[2023-11-19T17:01:55.501+0800][gc,stats    ]      Memory: Allocation Rate                                   0 / 2                 0 / 4                 0 / 104               0 / 104         MB/s
[2023-11-19T17:01:55.501+0800][gc,stats    ]      Memory: Defragment                                        0 / 0                 0 / 0                 0 / 0                 0 / 0           ops/s
[2023-11-19T17:01:55.501+0800][gc,stats    ]      Memory: Out Of Memory                                     0 / 0                 0 / 0                 0 / 0                 0 / 0           ops/s
[2023-11-19T17:01:55.501+0800][gc,stats    ]      Memory: Page Cache Flush                                  0 / 0                 0 / 0                 0 / 0                 0 / 0           MB/s
[2023-11-19T17:01:55.501+0800][gc,stats    ]      Memory: Page Cache Hit L1                                 0 / 0                 0 / 2                 0 / 29                0 / 29          ops/s
[2023-11-19T17:01:55.501+0800][gc,stats    ]      Memory: Page Cache Hit L2                                 0 / 0                 0 / 0                 0 / 0                 0 / 0           ops/s
[2023-11-19T17:01:55.501+0800][gc,stats    ]      Memory: Page Cache Hit L3                                 0 / 1                 0 / 1                 0 / 48                0 / 48          ops/s
[2023-11-19T17:01:55.501+0800][gc,stats    ]      Memory: Page Cache Miss                                   0 / 0                 0 / 0                 0 / 1                 0 / 1           ops/s
[2023-11-19T17:01:55.501+0800][gc,stats    ]      Memory: Uncommit                                          0 / 0                 0 / 0                 0 / 0                 0 / 0           MB/s
[2023-11-19T17:01:55.501+0800][gc,stats    ]      Memory: Undo Object Allocation Failed                     0 / 0                 0 / 0                 0 / 0                 0 / 0           ops/s
[2023-11-19T17:01:55.501+0800][gc,stats    ]      Memory: Undo Object Allocation Succeeded                  0 / 0                 0 / 0                 0 / 0                 0 / 0           ops/s
[2023-11-19T17:01:55.501+0800][gc,stats    ]      Memory: Undo Page Allocation                              0 / 0                 0 / 0                 0 / 0                 0 / 0           ops/s
[2023-11-19T17:01:55.501+0800][gc,stats    ]       Phase: Concurrent Mark                               0.000 / 0.000         0.000 / 0.000        13.801 / 15.394       13.801 / 15.394      ms
[2023-11-19T17:01:55.501+0800][gc,stats    ]       Phase: Concurrent Mark Continue                      0.000 / 0.000         0.000 / 0.000         0.000 / 0.000         0.000 / 0.000       ms
[2023-11-19T17:01:55.501+0800][gc,stats    ]       Phase: Concurrent Mark Free                          0.000 / 0.000         0.000 / 0.000         0.001 / 0.001         0.001 / 0.001       ms
[2023-11-19T17:01:55.501+0800][gc,stats    ]       Phase: Concurrent Process Non-Strong References      0.000 / 0.000         0.000 / 0.000         1.810 / 1.931         1.810 / 1.931       ms
[2023-11-19T17:01:55.501+0800][gc,stats    ]       Phase: Concurrent Relocate                           0.000 / 0.000         0.000 / 0.000         2.671 / 3.187         2.671 / 3.187       ms
[2023-11-19T17:01:55.501+0800][gc,stats    ]       Phase: Concurrent Reset Relocation Set               0.000 / 0.000         0.000 / 0.000         0.001 / 0.003         0.001 / 0.003       ms
[2023-11-19T17:01:55.501+0800][gc,stats    ]       Phase: Concurrent Select Relocation Set              0.000 / 0.000         0.000 / 0.000         4.627 / 7.839         4.627 / 7.839       ms
[2023-11-19T17:01:55.501+0800][gc,stats    ]       Phase: Pause Mark End                                0.000 / 0.000         0.000 / 0.000         0.016 / 0.018         0.016 / 0.018       ms
[2023-11-19T17:01:55.501+0800][gc,stats    ]       Phase: Pause Mark Start                              0.000 / 0.000         0.000 / 0.000         0.013 / 0.019         0.013 / 0.019       ms
[2023-11-19T17:01:55.501+0800][gc,stats    ]       Phase: Pause Relocate Start                          0.000 / 0.000         0.000 / 0.000         0.008 / 0.009         0.008 / 0.009       ms
[2023-11-19T17:01:55.501+0800][gc,stats    ]    Subphase: Concurrent Classes Purge                      0.000 / 0.000         0.000 / 0.000         0.047 / 0.049         0.047 / 0.049       ms
[2023-11-19T17:01:55.501+0800][gc,stats    ]    Subphase: Concurrent Classes Unlink                     0.000 / 0.000         0.000 / 0.000         1.263 / 1.295         1.263 / 1.295       ms
[2023-11-19T17:01:55.501+0800][gc,stats    ]    Subphase: Concurrent Mark                               0.000 / 0.000         0.000 / 0.000        11.825 / 13.159       11.825 / 13.159      ms
[2023-11-19T17:01:55.501+0800][gc,stats    ]    Subphase: Concurrent Mark Try Flush                     0.000 / 0.000         0.000 / 0.000         0.057 / 0.108         0.057 / 0.108       ms
[2023-11-19T17:01:55.501+0800][gc,stats    ]    Subphase: Concurrent Mark Try Terminate                 0.000 / 0.000         0.000 / 0.000         1.420 / 4.236         1.420 / 4.236       ms
[2023-11-19T17:01:55.501+0800][gc,stats    ]    Subphase: Concurrent References Enqueue                 0.000 / 0.000         0.000 / 0.000         0.004 / 0.004         0.004 / 0.004       ms
[2023-11-19T17:01:55.501+0800][gc,stats    ]    Subphase: Concurrent References Process                 0.000 / 0.000         0.000 / 0.000         0.090 / 0.101         0.090 / 0.101       ms
[2023-11-19T17:01:55.501+0800][gc,stats    ]    Subphase: Concurrent Roots ClassLoaderDataGraph         0.000 / 0.000         0.000 / 0.000         0.103 / 0.506         0.103 / 0.506       ms
[2023-11-19T17:01:55.501+0800][gc,stats    ]    Subphase: Concurrent Roots CodeCache                    0.000 / 0.000         0.000 / 0.000         0.000 / 0.000         0.000 / 0.000       ms
[2023-11-19T17:01:55.501+0800][gc,stats    ]    Subphase: Concurrent Roots JavaThreads                  0.000 / 0.000         0.000 / 0.000         1.129 / 2.106         1.129 / 2.106       ms
[2023-11-19T17:01:55.501+0800][gc,stats    ]    Subphase: Concurrent Roots OopStorageSet                0.000 / 0.000         0.000 / 0.000         0.036 / 0.058         0.036 / 0.058       ms
[2023-11-19T17:01:55.501+0800][gc,stats    ]    Subphase: Concurrent Weak Roots OopStorageSet           0.000 / 0.000         0.000 / 0.000         0.328 / 0.486         0.328 / 0.486       ms
[2023-11-19T17:01:55.501+0800][gc,stats    ]    Subphase: Pause Mark Try Complete                       0.000 / 0.000         0.000 / 0.000         0.000 / 0.000         0.000 / 0.000       ms
[2023-11-19T17:01:55.501+0800][gc,stats    ]      System: Java Threads                                      0 / 0                 0 / 0                39 / 54               39 / 54          threads
[2023-11-19T17:01:55.501+0800][gc,stats    ] =========================================================================================================================================================
[2023-11-19T17:02:05.501+0800][gc,stats    ] === Garbage Collection Statistics =======================================================================================================================
[2023-11-19T17:02:05.501+0800][gc,stats    ]                                                              Last 10s              Last 10m              Last 10h                Total
[2023-11-19T17:02:05.501+0800][gc,stats    ]                                                              Avg / Max             Avg / Max             Avg / Max             Avg / Max
[2023-11-19T17:02:05.501+0800][gc,stats    ]   Collector: Garbage Collection Cycle                      0.000 / 0.000         0.000 / 0.000        23.723 / 25.775       23.723 / 25.775      ms
[2023-11-19T17:02:05.501+0800][gc,stats    ]  Contention: Mark Segment Reset Contention                     0 / 0                 0 / 0                 0 / 3                 0 / 3           ops/s
[2023-11-19T17:02:05.501+0800][gc,stats    ]  Contention: Mark SeqNum Reset Contention                      0 / 0                 0 / 0                 0 / 0                 0 / 0           ops/s
[2023-11-19T17:02:05.501+0800][gc,stats    ]    Critical: Allocation Stall                                  0 / 0                 0 / 0                 0 / 0                 0 / 0           ops/s
[2023-11-19T17:02:05.501+0800][gc,stats    ]    Critical: Allocation Stall                              0.000 / 0.000         0.000 / 0.000         0.000 / 0.000         0.000 / 0.000       ms
[2023-11-19T17:02:05.501+0800][gc,stats    ]    Critical: GC Locker Stall                                   0 / 0                 0 / 0                 0 / 0                 0 / 0           ops/s
[2023-11-19T17:02:05.501+0800][gc,stats    ]    Critical: GC Locker Stall                               0.000 / 0.000         0.000 / 0.000         0.000 / 0.000         0.000 / 0.000       ms
[2023-11-19T17:02:05.501+0800][gc,stats    ]    Critical: Relocation Stall                                  0 / 0                 0 / 0                 0 / 0                 0 / 0           ops/s
[2023-11-19T17:02:05.501+0800][gc,stats    ]    Critical: Relocation Stall                              0.000 / 0.000         0.000 / 0.000         0.000 / 0.000         0.000 / 0.000       ms
[2023-11-19T17:02:05.501+0800][gc,stats    ]      Memory: Allocation Rate                                   0 / 2                 0 / 4                 0 / 104               0 / 104         MB/s
[2023-11-19T17:02:05.501+0800][gc,stats    ]      Memory: Defragment                                        0 / 0                 0 / 0                 0 / 0                 0 / 0           ops/s
[2023-11-19T17:02:05.501+0800][gc,stats    ]      Memory: Out Of Memory                                     0 / 0                 0 / 0                 0 / 0                 0 / 0           ops/s
[2023-11-19T17:02:05.501+0800][gc,stats    ]      Memory: Page Cache Flush                                  0 / 0                 0 / 0                 0 / 0                 0 / 0           MB/s
[2023-11-19T17:02:05.501+0800][gc,stats    ]      Memory: Page Cache Hit L1                                 0 / 0                 0 / 2                 0 / 29                0 / 29          ops/s
[2023-11-19T17:02:05.501+0800][gc,stats    ]      Memory: Page Cache Hit L2                                 0 / 0                 0 / 0                 0 / 0                 0 / 0           ops/s
[2023-11-19T17:02:05.501+0800][gc,stats    ]      Memory: Page Cache Hit L3                                 0 / 1                 0 / 1                 0 / 48                0 / 48          ops/s
[2023-11-19T17:02:05.501+0800][gc,stats    ]      Memory: Page Cache Miss                                   0 / 0                 0 / 0                 0 / 1                 0 / 1           ops/s
[2023-11-19T17:02:05.501+0800][gc,stats    ]      Memory: Uncommit                                          0 / 0                 0 / 0                 0 / 0                 0 / 0           MB/s
[2023-11-19T17:02:05.501+0800][gc,stats    ]      Memory: Undo Object Allocation Failed                     0 / 0                 0 / 0                 0 / 0                 0 / 0           ops/s
[2023-11-19T17:02:05.501+0800][gc,stats    ]      Memory: Undo Object Allocation Succeeded                  0 / 0                 0 / 0                 0 / 0                 0 / 0           ops/s
[2023-11-19T17:02:05.501+0800][gc,stats    ]      Memory: Undo Page Allocation                              0 / 0                 0 / 0                 0 / 0                 0 / 0           ops/s
[2023-11-19T17:02:05.501+0800][gc,stats    ]       Phase: Concurrent Mark                               0.000 / 0.000         0.000 / 0.000        13.801 / 15.394       13.801 / 15.394      ms
[2023-11-19T17:02:05.501+0800][gc,stats    ]       Phase: Concurrent Mark Continue                      0.000 / 0.000         0.000 / 0.000         0.000 / 0.000         0.000 / 0.000       ms
[2023-11-19T17:02:05.501+0800][gc,stats    ]       Phase: Concurrent Mark Free                          0.000 / 0.000         0.000 / 0.000         0.001 / 0.001         0.001 / 0.001       ms
[2023-11-19T17:02:05.501+0800][gc,stats    ]       Phase: Concurrent Process Non-Strong References      0.000 / 0.000         0.000 / 0.000         1.810 / 1.931         1.810 / 1.931       ms
[2023-11-19T17:02:05.501+0800][gc,stats    ]       Phase: Concurrent Relocate                           0.000 / 0.000         0.000 / 0.000         2.671 / 3.187         2.671 / 3.187       ms
[2023-11-19T17:02:05.501+0800][gc,stats    ]       Phase: Concurrent Reset Relocation Set               0.000 / 0.000         0.000 / 0.000         0.001 / 0.003         0.001 / 0.003       ms
[2023-11-19T17:02:05.501+0800][gc,stats    ]       Phase: Concurrent Select Relocation Set              0.000 / 0.000         0.000 / 0.000         4.627 / 7.839         4.627 / 7.839       ms
[2023-11-19T17:02:05.501+0800][gc,stats    ]       Phase: Pause Mark End                                0.000 / 0.000         0.000 / 0.000         0.016 / 0.018         0.016 / 0.018       ms
[2023-11-19T17:02:05.501+0800][gc,stats    ]       Phase: Pause Mark Start                              0.000 / 0.000         0.000 / 0.000         0.013 / 0.019         0.013 / 0.019       ms
[2023-11-19T17:02:05.501+0800][gc,stats    ]       Phase: Pause Relocate Start                          0.000 / 0.000         0.000 / 0.000         0.008 / 0.009         0.008 / 0.009       ms
[2023-11-19T17:02:05.501+0800][gc,stats    ]    Subphase: Concurrent Classes Purge                      0.000 / 0.000         0.000 / 0.000         0.047 / 0.049         0.047 / 0.049       ms
[2023-11-19T17:02:05.501+0800][gc,stats    ]    Subphase: Concurrent Classes Unlink                     0.000 / 0.000         0.000 / 0.000         1.263 / 1.295         1.263 / 1.295       ms
[2023-11-19T17:02:05.501+0800][gc,stats    ]    Subphase: Concurrent Mark                               0.000 / 0.000         0.000 / 0.000        11.825 / 13.159       11.825 / 13.159      ms
[2023-11-19T17:02:05.501+0800][gc,stats    ]    Subphase: Concurrent Mark Try Flush                     0.000 / 0.000         0.000 / 0.000         0.057 / 0.108         0.057 / 0.108       ms
[2023-11-19T17:02:05.501+0800][gc,stats    ]    Subphase: Concurrent Mark Try Terminate                 0.000 / 0.000         0.000 / 0.000         1.420 / 4.236         1.420 / 4.236       ms
[2023-11-19T17:02:05.501+0800][gc,stats    ]    Subphase: Concurrent References Enqueue                 0.000 / 0.000         0.000 / 0.000         0.004 / 0.004         0.004 / 0.004       ms
[2023-11-19T17:02:05.501+0800][gc,stats    ]    Subphase: Concurrent References Process                 0.000 / 0.000         0.000 / 0.000         0.090 / 0.101         0.090 / 0.101       ms
[2023-11-19T17:02:05.501+0800][gc,stats    ]    Subphase: Concurrent Roots ClassLoaderDataGraph         0.000 / 0.000         0.000 / 0.000         0.103 / 0.506         0.103 / 0.506       ms
[2023-11-19T17:02:05.501+0800][gc,stats    ]    Subphase: Concurrent Roots CodeCache                    0.000 / 0.000         0.000 / 0.000         0.000 / 0.000         0.000 / 0.000       ms
[2023-11-19T17:02:05.501+0800][gc,stats    ]    Subphase: Concurrent Roots JavaThreads                  0.000 / 0.000         0.000 / 0.000         1.129 / 2.106         1.129 / 2.106       ms
[2023-11-19T17:02:05.501+0800][gc,stats    ]    Subphase: Concurrent Roots OopStorageSet                0.000 / 0.000         0.000 / 0.000         0.036 / 0.058         0.036 / 0.058       ms
[2023-11-19T17:02:05.501+0800][gc,stats    ]    Subphase: Concurrent Weak Roots OopStorageSet           0.000 / 0.000         0.000 / 0.000         0.328 / 0.486         0.328 / 0.486       ms
[2023-11-19T17:02:05.501+0800][gc,stats    ]    Subphase: Pause Mark Try Complete                       0.000 / 0.000         0.000 / 0.000         0.000 / 0.000         0.000 / 0.000       ms
[2023-11-19T17:02:05.501+0800][gc,stats    ]      System: Java Threads                                      0 / 0                 0 / 0                39 / 54               39 / 54          threads
[2023-11-19T17:02:05.501+0800][gc,stats    ] =========================================================================================================================================================
[2023-11-19T17:02:15.500+0800][gc,stats    ] === Garbage Collection Statistics =======================================================================================================================
[2023-11-19T17:02:15.500+0800][gc,stats    ]                                                              Last 10s              Last 10m              Last 10h                Total
[2023-11-19T17:02:15.500+0800][gc,stats    ]                                                              Avg / Max             Avg / Max             Avg / Max             Avg / Max
[2023-11-19T17:02:15.500+0800][gc,stats    ]   Collector: Garbage Collection Cycle                      0.000 / 0.000         0.000 / 0.000        23.723 / 25.775       23.723 / 25.775      ms
[2023-11-19T17:02:15.500+0800][gc,stats    ]  Contention: Mark Segment Reset Contention                     0 / 0                 0 / 0                 0 / 3                 0 / 3           ops/s
[2023-11-19T17:02:15.500+0800][gc,stats    ]  Contention: Mark SeqNum Reset Contention                      0 / 0                 0 / 0                 0 / 0                 0 / 0           ops/s
[2023-11-19T17:02:15.500+0800][gc,stats    ]    Critical: Allocation Stall                                  0 / 0                 0 / 0                 0 / 0                 0 / 0           ops/s
[2023-11-19T17:02:15.500+0800][gc,stats    ]    Critical: Allocation Stall                              0.000 / 0.000         0.000 / 0.000         0.000 / 0.000         0.000 / 0.000       ms
[2023-11-19T17:02:15.500+0800][gc,stats    ]    Critical: GC Locker Stall                                   0 / 0                 0 / 0                 0 / 0                 0 / 0           ops/s
[2023-11-19T17:02:15.500+0800][gc,stats    ]    Critical: GC Locker Stall                               0.000 / 0.000         0.000 / 0.000         0.000 / 0.000         0.000 / 0.000       ms
[2023-11-19T17:02:15.500+0800][gc,stats    ]    Critical: Relocation Stall                                  0 / 0                 0 / 0                 0 / 0                 0 / 0           ops/s
[2023-11-19T17:02:15.500+0800][gc,stats    ]    Critical: Relocation Stall                              0.000 / 0.000         0.000 / 0.000         0.000 / 0.000         0.000 / 0.000       ms
[2023-11-19T17:02:15.500+0800][gc,stats    ]      Memory: Allocation Rate                                   0 / 0                 0 / 4                 0 / 104               0 / 104         MB/s
[2023-11-19T17:02:15.500+0800][gc,stats    ]      Memory: Defragment                                        0 / 0                 0 / 0                 0 / 0                 0 / 0           ops/s
[2023-11-19T17:02:15.500+0800][gc,stats    ]      Memory: Out Of Memory                                     0 / 0                 0 / 0                 0 / 0                 0 / 0           ops/s
[2023-11-19T17:02:15.500+0800][gc,stats    ]      Memory: Page Cache Flush                                  0 / 0                 0 / 0                 0 / 0                 0 / 0           MB/s
[2023-11-19T17:02:15.500+0800][gc,stats    ]      Memory: Page Cache Hit L1                                 0 / 0                 0 / 2                 0 / 29                0 / 29          ops/s
[2023-11-19T17:02:15.500+0800][gc,stats    ]      Memory: Page Cache Hit L2                                 0 / 0                 0 / 0                 0 / 0                 0 / 0           ops/s
[2023-11-19T17:02:15.500+0800][gc,stats    ]      Memory: Page Cache Hit L3                                 0 / 0                 0 / 1                 0 / 48                0 / 48          ops/s
[2023-11-19T17:02:15.500+0800][gc,stats    ]      Memory: Page Cache Miss                                   0 / 0                 0 / 0                 0 / 1                 0 / 1           ops/s
[2023-11-19T17:02:15.500+0800][gc,stats    ]      Memory: Uncommit                                          0 / 0                 0 / 0                 0 / 0                 0 / 0           MB/s
[2023-11-19T17:02:15.500+0800][gc,stats    ]      Memory: Undo Object Allocation Failed                     0 / 0                 0 / 0                 0 / 0                 0 / 0           ops/s
[2023-11-19T17:02:15.500+0800][gc,stats    ]      Memory: Undo Object Allocation Succeeded                  0 / 0                 0 / 0                 0 / 0                 0 / 0           ops/s
[2023-11-19T17:02:15.500+0800][gc,stats    ]      Memory: Undo Page Allocation                              0 / 0                 0 / 0                 0 / 0                 0 / 0           ops/s
[2023-11-19T17:02:15.500+0800][gc,stats    ]       Phase: Concurrent Mark                               0.000 / 0.000         0.000 / 0.000        13.801 / 15.394       13.801 / 15.394      ms
[2023-11-19T17:02:15.500+0800][gc,stats    ]       Phase: Concurrent Mark Continue                      0.000 / 0.000         0.000 / 0.000         0.000 / 0.000         0.000 / 0.000       ms
[2023-11-19T17:02:15.500+0800][gc,stats    ]       Phase: Concurrent Mark Free                          0.000 / 0.000         0.000 / 0.000         0.001 / 0.001         0.001 / 0.001       ms
[2023-11-19T17:02:15.500+0800][gc,stats    ]       Phase: Concurrent Process Non-Strong References      0.000 / 0.000         0.000 / 0.000         1.810 / 1.931         1.810 / 1.931       ms
[2023-11-19T17:02:15.500+0800][gc,stats    ]       Phase: Concurrent Relocate                           0.000 / 0.000         0.000 / 0.000         2.671 / 3.187         2.671 / 3.187       ms
[2023-11-19T17:02:15.500+0800][gc,stats    ]       Phase: Concurrent Reset Relocation Set               0.000 / 0.000         0.000 / 0.000         0.001 / 0.003         0.001 / 0.003       ms
[2023-11-19T17:02:15.500+0800][gc,stats    ]       Phase: Concurrent Select Relocation Set              0.000 / 0.000         0.000 / 0.000         4.627 / 7.839         4.627 / 7.839       ms
[2023-11-19T17:02:15.500+0800][gc,stats    ]       Phase: Pause Mark End                                0.000 / 0.000         0.000 / 0.000         0.016 / 0.018         0.016 / 0.018       ms
[2023-11-19T17:02:15.500+0800][gc,stats    ]       Phase: Pause Mark Start                              0.000 / 0.000         0.000 / 0.000         0.013 / 0.019         0.013 / 0.019       ms
[2023-11-19T17:02:15.500+0800][gc,stats    ]       Phase: Pause Relocate Start                          0.000 / 0.000         0.000 / 0.000         0.008 / 0.009         0.008 / 0.009       ms
[2023-11-19T17:02:15.500+0800][gc,stats    ]    Subphase: Concurrent Classes Purge                      0.000 / 0.000         0.000 / 0.000         0.047 / 0.049         0.047 / 0.049       ms
[2023-11-19T17:02:15.500+0800][gc,stats    ]    Subphase: Concurrent Classes Unlink                     0.000 / 0.000         0.000 / 0.000         1.263 / 1.295         1.263 / 1.295       ms
[2023-11-19T17:02:15.500+0800][gc,stats    ]    Subphase: Concurrent Mark                               0.000 / 0.000         0.000 / 0.000        11.825 / 13.159       11.825 / 13.159      ms
[2023-11-19T17:02:15.500+0800][gc,stats    ]    Subphase: Concurrent Mark Try Flush                     0.000 / 0.000         0.000 / 0.000         0.057 / 0.108         0.057 / 0.108       ms
[2023-11-19T17:02:15.500+0800][gc,stats    ]    Subphase: Concurrent Mark Try Terminate                 0.000 / 0.000         0.000 / 0.000         1.420 / 4.236         1.420 / 4.236       ms
[2023-11-19T17:02:15.500+0800][gc,stats    ]    Subphase: Concurrent References Enqueue                 0.000 / 0.000         0.000 / 0.000         0.004 / 0.004         0.004 / 0.004       ms
[2023-11-19T17:02:15.500+0800][gc,stats    ]    Subphase: Concurrent References Process                 0.000 / 0.000         0.000 / 0.000         0.090 / 0.101         0.090 / 0.101       ms
[2023-11-19T17:02:15.500+0800][gc,stats    ]    Subphase: Concurrent Roots ClassLoaderDataGraph         0.000 / 0.000         0.000 / 0.000         0.103 / 0.506         0.103 / 0.506       ms
[2023-11-19T17:02:15.500+0800][gc,stats    ]    Subphase: Concurrent Roots CodeCache                    0.000 / 0.000         0.000 / 0.000         0.000 / 0.000         0.000 / 0.000       ms
[2023-11-19T17:02:15.500+0800][gc,stats    ]    Subphase: Concurrent Roots JavaThreads                  0.000 / 0.000         0.000 / 0.000         1.129 / 2.106         1.129 / 2.106       ms
[2023-11-19T17:02:15.500+0800][gc,stats    ]    Subphase: Concurrent Roots OopStorageSet                0.000 / 0.000         0.000 / 0.000         0.036 / 0.058         0.036 / 0.058       ms
[2023-11-19T17:02:15.500+0800][gc,stats    ]    Subphase: Concurrent Weak Roots OopStorageSet           0.000 / 0.000         0.000 / 0.000         0.328 / 0.486         0.328 / 0.486       ms
[2023-11-19T17:02:15.500+0800][gc,stats    ]    Subphase: Pause Mark Try Complete                       0.000 / 0.000         0.000 / 0.000         0.000 / 0.000         0.000 / 0.000       ms
[2023-11-19T17:02:15.500+0800][gc,stats    ]      System: Java Threads                                      0 / 0                 0 / 0                39 / 54               39 / 54          threads
[2023-11-19T17:02:15.500+0800][gc,stats    ] =========================================================================================================================================================
[2023-11-19T17:02:25.500+0800][gc,stats    ] === Garbage Collection Statistics =======================================================================================================================
[2023-11-19T17:02:25.500+0800][gc,stats    ]                                                              Last 10s              Last 10m              Last 10h                Total
[2023-11-19T17:02:25.500+0800][gc,stats    ]                                                              Avg / Max             Avg / Max             Avg / Max             Avg / Max
[2023-11-19T17:02:25.500+0800][gc,stats    ]   Collector: Garbage Collection Cycle                      0.000 / 0.000         0.000 / 0.000        23.723 / 25.775       23.723 / 25.775      ms
[2023-11-19T17:02:25.500+0800][gc,stats    ]  Contention: Mark Segment Reset Contention                     0 / 0                 0 / 0                 0 / 3                 0 / 3           ops/s
[2023-11-19T17:02:25.500+0800][gc,stats    ]  Contention: Mark SeqNum Reset Contention                      0 / 0                 0 / 0                 0 / 0                 0 / 0           ops/s
[2023-11-19T17:02:25.500+0800][gc,stats    ]    Critical: Allocation Stall                                  0 / 0                 0 / 0                 0 / 0                 0 / 0           ops/s
[2023-11-19T17:02:25.500+0800][gc,stats    ]    Critical: Allocation Stall                              0.000 / 0.000         0.000 / 0.000         0.000 / 0.000         0.000 / 0.000       ms
[2023-11-19T17:02:25.500+0800][gc,stats    ]    Critical: GC Locker Stall                                   0 / 0                 0 / 0                 0 / 0                 0 / 0           ops/s
[2023-11-19T17:02:25.500+0800][gc,stats    ]    Critical: GC Locker Stall                               0.000 / 0.000         0.000 / 0.000         0.000 / 0.000         0.000 / 0.000       ms
[2023-11-19T17:02:25.500+0800][gc,stats    ]    Critical: Relocation Stall                                  0 / 0                 0 / 0                 0 / 0                 0 / 0           ops/s
[2023-11-19T17:02:25.500+0800][gc,stats    ]    Critical: Relocation Stall                              0.000 / 0.000         0.000 / 0.000         0.000 / 0.000         0.000 / 0.000       ms
[2023-11-19T17:02:25.500+0800][gc,stats    ]      Memory: Allocation Rate                                   0 / 2                 0 / 4                 0 / 104               0 / 104         MB/s
[2023-11-19T17:02:25.500+0800][gc,stats    ]      Memory: Defragment                                        0 / 0                 0 / 0                 0 / 0                 0 / 0           ops/s
[2023-11-19T17:02:25.500+0800][gc,stats    ]      Memory: Out Of Memory                                     0 / 0                 0 / 0                 0 / 0                 0 / 0           ops/s
[2023-11-19T17:02:25.500+0800][gc,stats    ]      Memory: Page Cache Flush                                  0 / 0                 0 / 0                 0 / 0                 0 / 0           MB/s
[2023-11-19T17:02:25.500+0800][gc,stats    ]      Memory: Page Cache Hit L1                                 0 / 0                 0 / 2                 0 / 29                0 / 29          ops/s
[2023-11-19T17:02:25.500+0800][gc,stats    ]      Memory: Page Cache Hit L2                                 0 / 0                 0 / 0                 0 / 0                 0 / 0           ops/s
[2023-11-19T17:02:25.500+0800][gc,stats    ]      Memory: Page Cache Hit L3                                 0 / 1                 0 / 1                 0 / 48                0 / 48          ops/s
[2023-11-19T17:02:25.500+0800][gc,stats    ]      Memory: Page Cache Miss                                   0 / 0                 0 / 0                 0 / 1                 0 / 1           ops/s
[2023-11-19T17:02:25.500+0800][gc,stats    ]      Memory: Uncommit                                          0 / 0                 0 / 0                 0 / 0                 0 / 0           MB/s
[2023-11-19T17:02:25.500+0800][gc,stats    ]      Memory: Undo Object Allocation Failed                     0 / 0                 0 / 0                 0 / 0                 0 / 0           ops/s
[2023-11-19T17:02:25.500+0800][gc,stats    ]      Memory: Undo Object Allocation Succeeded                  0 / 0                 0 / 0                 0 / 0                 0 / 0           ops/s
[2023-11-19T17:02:25.500+0800][gc,stats    ]      Memory: Undo Page Allocation                              0 / 0                 0 / 0                 0 / 0                 0 / 0           ops/s
[2023-11-19T17:02:25.500+0800][gc,stats    ]       Phase: Concurrent Mark                               0.000 / 0.000         0.000 / 0.000        13.801 / 15.394       13.801 / 15.394      ms
[2023-11-19T17:02:25.500+0800][gc,stats    ]       Phase: Concurrent Mark Continue                      0.000 / 0.000         0.000 / 0.000         0.000 / 0.000         0.000 / 0.000       ms
[2023-11-19T17:02:25.501+0800][gc,stats    ]       Phase: Concurrent Mark Free                          0.000 / 0.000         0.000 / 0.000         0.001 / 0.001         0.001 / 0.001       ms
[2023-11-19T17:02:25.501+0800][gc,stats    ]       Phase: Concurrent Process Non-Strong References      0.000 / 0.000         0.000 / 0.000         1.810 / 1.931         1.810 / 1.931       ms
[2023-11-19T17:02:25.501+0800][gc,stats    ]       Phase: Concurrent Relocate                           0.000 / 0.000         0.000 / 0.000         2.671 / 3.187         2.671 / 3.187       ms
[2023-11-19T17:02:25.501+0800][gc,stats    ]       Phase: Concurrent Reset Relocation Set               0.000 / 0.000         0.000 / 0.000         0.001 / 0.003         0.001 / 0.003       ms
[2023-11-19T17:02:25.501+0800][gc,stats    ]       Phase: Concurrent Select Relocation Set              0.000 / 0.000         0.000 / 0.000         4.627 / 7.839         4.627 / 7.839       ms
[2023-11-19T17:02:25.501+0800][gc,stats    ]       Phase: Pause Mark End                                0.000 / 0.000         0.000 / 0.000         0.016 / 0.018         0.016 / 0.018       ms
[2023-11-19T17:02:25.501+0800][gc,stats    ]       Phase: Pause Mark Start                              0.000 / 0.000         0.000 / 0.000         0.013 / 0.019         0.013 / 0.019       ms
[2023-11-19T17:02:25.501+0800][gc,stats    ]       Phase: Pause Relocate Start                          0.000 / 0.000         0.000 / 0.000         0.008 / 0.009         0.008 / 0.009       ms
[2023-11-19T17:02:25.501+0800][gc,stats    ]    Subphase: Concurrent Classes Purge                      0.000 / 0.000         0.000 / 0.000         0.047 / 0.049         0.047 / 0.049       ms
[2023-11-19T17:02:25.501+0800][gc,stats    ]    Subphase: Concurrent Classes Unlink                     0.000 / 0.000         0.000 / 0.000         1.263 / 1.295         1.263 / 1.295       ms
[2023-11-19T17:02:25.501+0800][gc,stats    ]    Subphase: Concurrent Mark                               0.000 / 0.000         0.000 / 0.000        11.825 / 13.159       11.825 / 13.159      ms
[2023-11-19T17:02:25.501+0800][gc,stats    ]    Subphase: Concurrent Mark Try Flush                     0.000 / 0.000         0.000 / 0.000         0.057 / 0.108         0.057 / 0.108       ms
[2023-11-19T17:02:25.501+0800][gc,stats    ]    Subphase: Concurrent Mark Try Terminate                 0.000 / 0.000         0.000 / 0.000         1.420 / 4.236         1.420 / 4.236       ms
[2023-11-19T17:02:25.501+0800][gc,stats    ]    Subphase: Concurrent References Enqueue                 0.000 / 0.000         0.000 / 0.000         0.004 / 0.004         0.004 / 0.004       ms
[2023-11-19T17:02:25.501+0800][gc,stats    ]    Subphase: Concurrent References Process                 0.000 / 0.000         0.000 / 0.000         0.090 / 0.101         0.090 / 0.101       ms
[2023-11-19T17:02:25.501+0800][gc,stats    ]    Subphase: Concurrent Roots ClassLoaderDataGraph         0.000 / 0.000         0.000 / 0.000         0.103 / 0.506         0.103 / 0.506       ms
[2023-11-19T17:02:25.501+0800][gc,stats    ]    Subphase: Concurrent Roots CodeCache                    0.000 / 0.000         0.000 / 0.000         0.000 / 0.000         0.000 / 0.000       ms
[2023-11-19T17:02:25.501+0800][gc,stats    ]    Subphase: Concurrent Roots JavaThreads                  0.000 / 0.000         0.000 / 0.000         1.129 / 2.106         1.129 / 2.106       ms
[2023-11-19T17:02:25.501+0800][gc,stats    ]    Subphase: Concurrent Roots OopStorageSet                0.000 / 0.000         0.000 / 0.000         0.036 / 0.058         0.036 / 0.058       ms
[2023-11-19T17:02:25.501+0800][gc,stats    ]    Subphase: Concurrent Weak Roots OopStorageSet           0.000 / 0.000         0.000 / 0.000         0.328 / 0.486         0.328 / 0.486       ms
[2023-11-19T17:02:25.501+0800][gc,stats    ]    Subphase: Pause Mark Try Complete                       0.000 / 0.000         0.000 / 0.000         0.000 / 0.000         0.000 / 0.000       ms
[2023-11-19T17:02:25.501+0800][gc,stats    ]      System: Java Threads                                      0 / 0                 0 / 0                39 / 54               39 / 54          threads
[2023-11-19T17:02:25.501+0800][gc,stats    ] =========================================================================================================================================================
[2023-11-19T17:02:35.500+0800][gc,stats    ] === Garbage Collection Statistics =======================================================================================================================
[2023-11-19T17:02:35.500+0800][gc,stats    ]                                                              Last 10s              Last 10m              Last 10h                Total
[2023-11-19T17:02:35.500+0800][gc,stats    ]                                                              Avg / Max             Avg / Max             Avg / Max             Avg / Max
[2023-11-19T17:02:35.500+0800][gc,stats    ]   Collector: Garbage Collection Cycle                      0.000 / 0.000         0.000 / 0.000        23.723 / 25.775       23.723 / 25.775      ms
[2023-11-19T17:02:35.500+0800][gc,stats    ]  Contention: Mark Segment Reset Contention                     0 / 0                 0 / 0                 0 / 3                 0 / 3           ops/s
[2023-11-19T17:02:35.500+0800][gc,stats    ]  Contention: Mark SeqNum Reset Contention                      0 / 0                 0 / 0                 0 / 0                 0 / 0           ops/s
[2023-11-19T17:02:35.500+0800][gc,stats    ]    Critical: Allocation Stall                                  0 / 0                 0 / 0                 0 / 0                 0 / 0           ops/s
[2023-11-19T17:02:35.500+0800][gc,stats    ]    Critical: Allocation Stall                              0.000 / 0.000         0.000 / 0.000         0.000 / 0.000         0.000 / 0.000       ms
[2023-11-19T17:02:35.500+0800][gc,stats    ]    Critical: GC Locker Stall                                   0 / 0                 0 / 0                 0 / 0                 0 / 0           ops/s
[2023-11-19T17:02:35.500+0800][gc,stats    ]    Critical: GC Locker Stall                               0.000 / 0.000         0.000 / 0.000         0.000 / 0.000         0.000 / 0.000       ms
[2023-11-19T17:02:35.500+0800][gc,stats    ]    Critical: Relocation Stall                                  0 / 0                 0 / 0                 0 / 0                 0 / 0           ops/s
[2023-11-19T17:02:35.500+0800][gc,stats    ]    Critical: Relocation Stall                              0.000 / 0.000         0.000 / 0.000         0.000 / 0.000         0.000 / 0.000       ms
[2023-11-19T17:02:35.500+0800][gc,stats    ]      Memory: Allocation Rate                                   0 / 2                 0 / 4                 0 / 104               0 / 104         MB/s
[2023-11-19T17:02:35.500+0800][gc,stats    ]      Memory: Defragment                                        0 / 0                 0 / 0                 0 / 0                 0 / 0           ops/s
[2023-11-19T17:02:35.500+0800][gc,stats    ]      Memory: Out Of Memory                                     0 / 0                 0 / 0                 0 / 0                 0 / 0           ops/s
[2023-11-19T17:02:35.500+0800][gc,stats    ]      Memory: Page Cache Flush                                  0 / 0                 0 / 0                 0 / 0                 0 / 0           MB/s
[2023-11-19T17:02:35.500+0800][gc,stats    ]      Memory: Page Cache Hit L1                                 0 / 0                 0 / 2                 0 / 29                0 / 29          ops/s
[2023-11-19T17:02:35.500+0800][gc,stats    ]      Memory: Page Cache Hit L2                                 0 / 0                 0 / 0                 0 / 0                 0 / 0           ops/s
[2023-11-19T17:02:35.500+0800][gc,stats    ]      Memory: Page Cache Hit L3                                 0 / 1                 0 / 1                 0 / 48                0 / 48          ops/s
[2023-11-19T17:02:35.500+0800][gc,stats    ]      Memory: Page Cache Miss                                   0 / 0                 0 / 0                 0 / 1                 0 / 1           ops/s
[2023-11-19T17:02:35.501+0800][gc,stats    ]      Memory: Uncommit                                          0 / 0                 0 / 0                 0 / 0                 0 / 0           MB/s
[2023-11-19T17:02:35.501+0800][gc,stats    ]      Memory: Undo Object Allocation Failed                     0 / 0                 0 / 0                 0 / 0                 0 / 0           ops/s
[2023-11-19T17:02:35.501+0800][gc,stats    ]      Memory: Undo Object Allocation Succeeded                  0 / 0                 0 / 0                 0 / 0                 0 / 0           ops/s
[2023-11-19T17:02:35.501+0800][gc,stats    ]      Memory: Undo Page Allocation                              0 / 0                 0 / 0                 0 / 0                 0 / 0           ops/s
[2023-11-19T17:02:35.501+0800][gc,stats    ]       Phase: Concurrent Mark                               0.000 / 0.000         0.000 / 0.000        13.801 / 15.394       13.801 / 15.394      ms
[2023-11-19T17:02:35.501+0800][gc,stats    ]       Phase: Concurrent Mark Continue                      0.000 / 0.000         0.000 / 0.000         0.000 / 0.000         0.000 / 0.000       ms
[2023-11-19T17:02:35.501+0800][gc,stats    ]       Phase: Concurrent Mark Free                          0.000 / 0.000         0.000 / 0.000         0.001 / 0.001         0.001 / 0.001       ms
[2023-11-19T17:02:35.501+0800][gc,stats    ]       Phase: Concurrent Process Non-Strong References      0.000 / 0.000         0.000 / 0.000         1.810 / 1.931         1.810 / 1.931       ms
[2023-11-19T17:02:35.501+0800][gc,stats    ]       Phase: Concurrent Relocate                           0.000 / 0.000         0.000 / 0.000         2.671 / 3.187         2.671 / 3.187       ms
[2023-11-19T17:02:35.501+0800][gc,stats    ]       Phase: Concurrent Reset Relocation Set               0.000 / 0.000         0.000 / 0.000         0.001 / 0.003         0.001 / 0.003       ms
[2023-11-19T17:02:35.501+0800][gc,stats    ]       Phase: Concurrent Select Relocation Set              0.000 / 0.000         0.000 / 0.000         4.627 / 7.839         4.627 / 7.839       ms
[2023-11-19T17:02:35.501+0800][gc,stats    ]       Phase: Pause Mark End                                0.000 / 0.000         0.000 / 0.000         0.016 / 0.018         0.016 / 0.018       ms
[2023-11-19T17:02:35.501+0800][gc,stats    ]       Phase: Pause Mark Start                              0.000 / 0.000         0.000 / 0.000         0.013 / 0.019         0.013 / 0.019       ms
[2023-11-19T17:02:35.501+0800][gc,stats    ]       Phase: Pause Relocate Start                          0.000 / 0.000         0.000 / 0.000         0.008 / 0.009         0.008 / 0.009       ms
[2023-11-19T17:02:35.501+0800][gc,stats    ]    Subphase: Concurrent Classes Purge                      0.000 / 0.000         0.000 / 0.000         0.047 / 0.049         0.047 / 0.049       ms
[2023-11-19T17:02:35.501+0800][gc,stats    ]    Subphase: Concurrent Classes Unlink                     0.000 / 0.000         0.000 / 0.000         1.263 / 1.295         1.263 / 1.295       ms
[2023-11-19T17:02:35.501+0800][gc,stats    ]    Subphase: Concurrent Mark                               0.000 / 0.000         0.000 / 0.000        11.825 / 13.159       11.825 / 13.159      ms
[2023-11-19T17:02:35.501+0800][gc,stats    ]    Subphase: Concurrent Mark Try Flush                     0.000 / 0.000         0.000 / 0.000         0.057 / 0.108         0.057 / 0.108       ms
[2023-11-19T17:02:35.501+0800][gc,stats    ]    Subphase: Concurrent Mark Try Terminate                 0.000 / 0.000         0.000 / 0.000         1.420 / 4.236         1.420 / 4.236       ms
[2023-11-19T17:02:35.501+0800][gc,stats    ]    Subphase: Concurrent References Enqueue                 0.000 / 0.000         0.000 / 0.000         0.004 / 0.004         0.004 / 0.004       ms
[2023-11-19T17:02:35.501+0800][gc,stats    ]    Subphase: Concurrent References Process                 0.000 / 0.000         0.000 / 0.000         0.090 / 0.101         0.090 / 0.101       ms
[2023-11-19T17:02:35.501+0800][gc,stats    ]    Subphase: Concurrent Roots ClassLoaderDataGraph         0.000 / 0.000         0.000 / 0.000         0.103 / 0.506         0.103 / 0.506       ms
[2023-11-19T17:02:35.501+0800][gc,stats    ]    Subphase: Concurrent Roots CodeCache                    0.000 / 0.000         0.000 / 0.000         0.000 / 0.000         0.000 / 0.000       ms
[2023-11-19T17:02:35.501+0800][gc,stats    ]    Subphase: Concurrent Roots JavaThreads                  0.000 / 0.000         0.000 / 0.000         1.129 / 2.106         1.129 / 2.106       ms
[2023-11-19T17:02:35.501+0800][gc,stats    ]    Subphase: Concurrent Roots OopStorageSet                0.000 / 0.000         0.000 / 0.000         0.036 / 0.058         0.036 / 0.058       ms
[2023-11-19T17:02:35.501+0800][gc,stats    ]    Subphase: Concurrent Weak Roots OopStorageSet           0.000 / 0.000         0.000 / 0.000         0.328 / 0.486         0.328 / 0.486       ms
[2023-11-19T17:02:35.501+0800][gc,stats    ]    Subphase: Pause Mark Try Complete                       0.000 / 0.000         0.000 / 0.000         0.000 / 0.000         0.000 / 0.000       ms
[2023-11-19T17:02:35.501+0800][gc,stats    ]      System: Java Threads                                      0 / 0                 0 / 0                39 / 54               39 / 54          threads
[2023-11-19T17:02:35.501+0800][gc,stats    ] =========================================================================================================================================================
[2023-11-19T17:02:45.500+0800][gc,stats    ] === Garbage Collection Statistics =======================================================================================================================
[2023-11-19T17:02:45.500+0800][gc,stats    ]                                                              Last 10s              Last 10m              Last 10h                Total
[2023-11-19T17:02:45.500+0800][gc,stats    ]                                                              Avg / Max             Avg / Max             Avg / Max             Avg / Max
[2023-11-19T17:02:45.500+0800][gc,stats    ]   Collector: Garbage Collection Cycle                      0.000 / 0.000         0.000 / 0.000        23.723 / 25.775       23.723 / 25.775      ms
[2023-11-19T17:02:45.500+0800][gc,stats    ]  Contention: Mark Segment Reset Contention                     0 / 0                 0 / 0                 0 / 3                 0 / 3           ops/s
[2023-11-19T17:02:45.500+0800][gc,stats    ]  Contention: Mark SeqNum Reset Contention                      0 / 0                 0 / 0                 0 / 0                 0 / 0           ops/s
[2023-11-19T17:02:45.500+0800][gc,stats    ]    Critical: Allocation Stall                                  0 / 0                 0 / 0                 0 / 0                 0 / 0           ops/s
[2023-11-19T17:02:45.500+0800][gc,stats    ]    Critical: Allocation Stall                              0.000 / 0.000         0.000 / 0.000         0.000 / 0.000         0.000 / 0.000       ms
[2023-11-19T17:02:45.500+0800][gc,stats    ]    Critical: GC Locker Stall                                   0 / 0                 0 / 0                 0 / 0                 0 / 0           ops/s
[2023-11-19T17:02:45.500+0800][gc,stats    ]    Critical: GC Locker Stall                               0.000 / 0.000         0.000 / 0.000         0.000 / 0.000         0.000 / 0.000       ms
[2023-11-19T17:02:45.500+0800][gc,stats    ]    Critical: Relocation Stall                                  0 / 0                 0 / 0                 0 / 0                 0 / 0           ops/s
[2023-11-19T17:02:45.500+0800][gc,stats    ]    Critical: Relocation Stall                              0.000 / 0.000         0.000 / 0.000         0.000 / 0.000         0.000 / 0.000       ms
[2023-11-19T17:02:45.500+0800][gc,stats    ]      Memory: Allocation Rate                                   0 / 0                 0 / 4                 0 / 104               0 / 104         MB/s
[2023-11-19T17:02:45.500+0800][gc,stats    ]      Memory: Defragment                                        0 / 0                 0 / 0                 0 / 0                 0 / 0           ops/s
[2023-11-19T17:02:45.500+0800][gc,stats    ]      Memory: Out Of Memory                                     0 / 0                 0 / 0                 0 / 0                 0 / 0           ops/s
[2023-11-19T17:02:45.500+0800][gc,stats    ]      Memory: Page Cache Flush                                  0 / 0                 0 / 0                 0 / 0                 0 / 0           MB/s
[2023-11-19T17:02:45.500+0800][gc,stats    ]      Memory: Page Cache Hit L1                                 0 / 0                 0 / 2                 0 / 29                0 / 29          ops/s
[2023-11-19T17:02:45.500+0800][gc,stats    ]      Memory: Page Cache Hit L2                                 0 / 0                 0 / 0                 0 / 0                 0 / 0           ops/s
[2023-11-19T17:02:45.500+0800][gc,stats    ]      Memory: Page Cache Hit L3                                 0 / 0                 0 / 1                 0 / 48                0 / 48          ops/s
[2023-11-19T17:02:45.500+0800][gc,stats    ]      Memory: Page Cache Miss                                   0 / 0                 0 / 0                 0 / 1                 0 / 1           ops/s
[2023-11-19T17:02:45.500+0800][gc,stats    ]      Memory: Uncommit                                          0 / 0                 0 / 0                 0 / 0                 0 / 0           MB/s
[2023-11-19T17:02:45.500+0800][gc,stats    ]      Memory: Undo Object Allocation Failed                     0 / 0                 0 / 0                 0 / 0                 0 / 0           ops/s
[2023-11-19T17:02:45.500+0800][gc,stats    ]      Memory: Undo Object Allocation Succeeded                  0 / 0                 0 / 0                 0 / 0                 0 / 0           ops/s
[2023-11-19T17:02:45.500+0800][gc,stats    ]      Memory: Undo Page Allocation                              0 / 0                 0 / 0                 0 / 0                 0 / 0           ops/s
[2023-11-19T17:02:45.500+0800][gc,stats    ]       Phase: Concurrent Mark                               0.000 / 0.000         0.000 / 0.000        13.801 / 15.394       13.801 / 15.394      ms
[2023-11-19T17:02:45.500+0800][gc,stats    ]       Phase: Concurrent Mark Continue                      0.000 / 0.000         0.000 / 0.000         0.000 / 0.000         0.000 / 0.000       ms
[2023-11-19T17:02:45.500+0800][gc,stats    ]       Phase: Concurrent Mark Free                          0.000 / 0.000         0.000 / 0.000         0.001 / 0.001         0.001 / 0.001       ms
[2023-11-19T17:02:45.500+0800][gc,stats    ]       Phase: Concurrent Process Non-Strong References      0.000 / 0.000         0.000 / 0.000         1.810 / 1.931         1.810 / 1.931       ms
[2023-11-19T17:02:45.500+0800][gc,stats    ]       Phase: Concurrent Relocate                           0.000 / 0.000         0.000 / 0.000         2.671 / 3.187         2.671 / 3.187       ms
[2023-11-19T17:02:45.500+0800][gc,stats    ]       Phase: Concurrent Reset Relocation Set               0.000 / 0.000         0.000 / 0.000         0.001 / 0.003         0.001 / 0.003       ms
[2023-11-19T17:02:45.500+0800][gc,stats    ]       Phase: Concurrent Select Relocation Set              0.000 / 0.000         0.000 / 0.000         4.627 / 7.839         4.627 / 7.839       ms
[2023-11-19T17:02:45.500+0800][gc,stats    ]       Phase: Pause Mark End                                0.000 / 0.000         0.000 / 0.000         0.016 / 0.018         0.016 / 0.018       ms
[2023-11-19T17:02:45.500+0800][gc,stats    ]       Phase: Pause Mark Start                              0.000 / 0.000         0.000 / 0.000         0.013 / 0.019         0.013 / 0.019       ms
[2023-11-19T17:02:45.500+0800][gc,stats    ]       Phase: Pause Relocate Start                          0.000 / 0.000         0.000 / 0.000         0.008 / 0.009         0.008 / 0.009       ms
[2023-11-19T17:02:45.500+0800][gc,stats    ]    Subphase: Concurrent Classes Purge                      0.000 / 0.000         0.000 / 0.000         0.047 / 0.049         0.047 / 0.049       ms
[2023-11-19T17:02:45.500+0800][gc,stats    ]    Subphase: Concurrent Classes Unlink                     0.000 / 0.000         0.000 / 0.000         1.263 / 1.295         1.263 / 1.295       ms
[2023-11-19T17:02:45.500+0800][gc,stats    ]    Subphase: Concurrent Mark                               0.000 / 0.000         0.000 / 0.000        11.825 / 13.159       11.825 / 13.159      ms
[2023-11-19T17:02:45.500+0800][gc,stats    ]    Subphase: Concurrent Mark Try Flush                     0.000 / 0.000         0.000 / 0.000         0.057 / 0.108         0.057 / 0.108       ms
[2023-11-19T17:02:45.500+0800][gc,stats    ]    Subphase: Concurrent Mark Try Terminate                 0.000 / 0.000         0.000 / 0.000         1.420 / 4.236         1.420 / 4.236       ms
[2023-11-19T17:02:45.500+0800][gc,stats    ]    Subphase: Concurrent References Enqueue                 0.000 / 0.000         0.000 / 0.000         0.004 / 0.004         0.004 / 0.004       ms
[2023-11-19T17:02:45.500+0800][gc,stats    ]    Subphase: Concurrent References Process                 0.000 / 0.000         0.000 / 0.000         0.090 / 0.101         0.090 / 0.101       ms
[2023-11-19T17:02:45.500+0800][gc,stats    ]    Subphase: Concurrent Roots ClassLoaderDataGraph         0.000 / 0.000         0.000 / 0.000         0.103 / 0.506         0.103 / 0.506       ms
[2023-11-19T17:02:45.500+0800][gc,stats    ]    Subphase: Concurrent Roots CodeCache                    0.000 / 0.000         0.000 / 0.000         0.000 / 0.000         0.000 / 0.000       ms
[2023-11-19T17:02:45.500+0800][gc,stats    ]    Subphase: Concurrent Roots JavaThreads                  0.000 / 0.000         0.000 / 0.000         1.129 / 2.106         1.129 / 2.106       ms
[2023-11-19T17:02:45.500+0800][gc,stats    ]    Subphase: Concurrent Roots OopStorageSet                0.000 / 0.000         0.000 / 0.000         0.036 / 0.058         0.036 / 0.058       ms
[2023-11-19T17:02:45.500+0800][gc,stats    ]    Subphase: Concurrent Weak Roots OopStorageSet           0.000 / 0.000         0.000 / 0.000         0.328 / 0.486         0.328 / 0.486       ms
[2023-11-19T17:02:45.500+0800][gc,stats    ]    Subphase: Pause Mark Try Complete                       0.000 / 0.000         0.000 / 0.000         0.000 / 0.000         0.000 / 0.000       ms
[2023-11-19T17:02:45.500+0800][gc,stats    ]      System: Java Threads                                      0 / 0                 0 / 0                39 / 54               39 / 54          threads
[2023-11-19T17:02:45.500+0800][gc,stats    ] =========================================================================================================================================================
[2023-11-19T17:02:55.501+0800][gc,stats    ] === Garbage Collection Statistics =======================================================================================================================
[2023-11-19T17:02:55.501+0800][gc,stats    ]                                                              Last 10s              Last 10m              Last 10h                Total
[2023-11-19T17:02:55.501+0800][gc,stats    ]                                                              Avg / Max             Avg / Max             Avg / Max             Avg / Max
[2023-11-19T17:02:55.501+0800][gc,stats    ]   Collector: Garbage Collection Cycle                      0.000 / 0.000         0.000 / 0.000        23.723 / 25.775       23.723 / 25.775      ms
[2023-11-19T17:02:55.501+0800][gc,stats    ]  Contention: Mark Segment Reset Contention                     0 / 0                 0 / 0                 0 / 3                 0 / 3           ops/s
[2023-11-19T17:02:55.501+0800][gc,stats    ]  Contention: Mark SeqNum Reset Contention                      0 / 0                 0 / 0                 0 / 0                 0 / 0           ops/s
[2023-11-19T17:02:55.501+0800][gc,stats    ]    Critical: Allocation Stall                                  0 / 0                 0 / 0                 0 / 0                 0 / 0           ops/s
[2023-11-19T17:02:55.501+0800][gc,stats    ]    Critical: Allocation Stall                              0.000 / 0.000         0.000 / 0.000         0.000 / 0.000         0.000 / 0.000       ms
[2023-11-19T17:02:55.501+0800][gc,stats    ]    Critical: GC Locker Stall                                   0 / 0                 0 / 0                 0 / 0                 0 / 0           ops/s
[2023-11-19T17:02:55.501+0800][gc,stats    ]    Critical: GC Locker Stall                               0.000 / 0.000         0.000 / 0.000         0.000 / 0.000         0.000 / 0.000       ms
[2023-11-19T17:02:55.501+0800][gc,stats    ]    Critical: Relocation Stall                                  0 / 0                 0 / 0                 0 / 0                 0 / 0           ops/s
[2023-11-19T17:02:55.501+0800][gc,stats    ]    Critical: Relocation Stall                              0.000 / 0.000         0.000 / 0.000         0.000 / 0.000         0.000 / 0.000       ms
[2023-11-19T17:02:55.501+0800][gc,stats    ]      Memory: Allocation Rate                                   0 / 2                 0 / 4                 0 / 104               0 / 104         MB/s
[2023-11-19T17:02:55.501+0800][gc,stats    ]      Memory: Defragment                                        0 / 0                 0 / 0                 0 / 0                 0 / 0           ops/s
[2023-11-19T17:02:55.501+0800][gc,stats    ]      Memory: Out Of Memory                                     0 / 0                 0 / 0                 0 / 0                 0 / 0           ops/s
[2023-11-19T17:02:55.501+0800][gc,stats    ]      Memory: Page Cache Flush                                  0 / 0                 0 / 0                 0 / 0                 0 / 0           MB/s
[2023-11-19T17:02:55.501+0800][gc,stats    ]      Memory: Page Cache Hit L1                                 0 / 0                 0 / 2                 0 / 29                0 / 29          ops/s
[2023-11-19T17:02:55.501+0800][gc,stats    ]      Memory: Page Cache Hit L2                                 0 / 0                 0 / 0                 0 / 0                 0 / 0           ops/s
[2023-11-19T17:02:55.501+0800][gc,stats    ]      Memory: Page Cache Hit L3                                 0 / 1                 0 / 1                 0 / 48                0 / 48          ops/s
[2023-11-19T17:02:55.501+0800][gc,stats    ]      Memory: Page Cache Miss                                   0 / 0                 0 / 0                 0 / 1                 0 / 1           ops/s
[2023-11-19T17:02:55.501+0800][gc,stats    ]      Memory: Uncommit                                          0 / 0                 0 / 0                 0 / 0                 0 / 0           MB/s
[2023-11-19T17:02:55.501+0800][gc,stats    ]      Memory: Undo Object Allocation Failed                     0 / 0                 0 / 0                 0 / 0                 0 / 0           ops/s
[2023-11-19T17:02:55.501+0800][gc,stats    ]      Memory: Undo Object Allocation Succeeded                  0 / 0                 0 / 0                 0 / 0                 0 / 0           ops/s
[2023-11-19T17:02:55.501+0800][gc,stats    ]      Memory: Undo Page Allocation                              0 / 0                 0 / 0                 0 / 0                 0 / 0           ops/s
[2023-11-19T17:02:55.501+0800][gc,stats    ]       Phase: Concurrent Mark                               0.000 / 0.000         0.000 / 0.000        13.801 / 15.394       13.801 / 15.394      ms
[2023-11-19T17:02:55.501+0800][gc,stats    ]       Phase: Concurrent Mark Continue                      0.000 / 0.000         0.000 / 0.000         0.000 / 0.000         0.000 / 0.000       ms
[2023-11-19T17:02:55.501+0800][gc,stats    ]       Phase: Concurrent Mark Free                          0.000 / 0.000         0.000 / 0.000         0.001 / 0.001         0.001 / 0.001       ms
[2023-11-19T17:02:55.501+0800][gc,stats    ]       Phase: Concurrent Process Non-Strong References      0.000 / 0.000         0.000 / 0.000         1.810 / 1.931         1.810 / 1.931       ms
[2023-11-19T17:02:55.501+0800][gc,stats    ]       Phase: Concurrent Relocate                           0.000 / 0.000         0.000 / 0.000         2.671 / 3.187         2.671 / 3.187       ms
[2023-11-19T17:02:55.501+0800][gc,stats    ]       Phase: Concurrent Reset Relocation Set               0.000 / 0.000         0.000 / 0.000         0.001 / 0.003         0.001 / 0.003       ms
[2023-11-19T17:02:55.501+0800][gc,stats    ]       Phase: Concurrent Select Relocation Set              0.000 / 0.000         0.000 / 0.000         4.627 / 7.839         4.627 / 7.839       ms
[2023-11-19T17:02:55.501+0800][gc,stats    ]       Phase: Pause Mark End                                0.000 / 0.000         0.000 / 0.000         0.016 / 0.018         0.016 / 0.018       ms
[2023-11-19T17:02:55.501+0800][gc,stats    ]       Phase: Pause Mark Start                              0.000 / 0.000         0.000 / 0.000         0.013 / 0.019         0.013 / 0.019       ms
[2023-11-19T17:02:55.501+0800][gc,stats    ]       Phase: Pause Relocate Start                          0.000 / 0.000         0.000 / 0.000         0.008 / 0.009         0.008 / 0.009       ms
[2023-11-19T17:02:55.501+0800][gc,stats    ]    Subphase: Concurrent Classes Purge                      0.000 / 0.000         0.000 / 0.000         0.047 / 0.049         0.047 / 0.049       ms
[2023-11-19T17:02:55.501+0800][gc,stats    ]    Subphase: Concurrent Classes Unlink                     0.000 / 0.000         0.000 / 0.000         1.263 / 1.295         1.263 / 1.295       ms
[2023-11-19T17:02:55.501+0800][gc,stats    ]    Subphase: Concurrent Mark                               0.000 / 0.000         0.000 / 0.000        11.825 / 13.159       11.825 / 13.159      ms
[2023-11-19T17:02:55.501+0800][gc,stats    ]    Subphase: Concurrent Mark Try Flush                     0.000 / 0.000         0.000 / 0.000         0.057 / 0.108         0.057 / 0.108       ms
[2023-11-19T17:02:55.501+0800][gc,stats    ]    Subphase: Concurrent Mark Try Terminate                 0.000 / 0.000         0.000 / 0.000         1.420 / 4.236         1.420 / 4.236       ms
[2023-11-19T17:02:55.501+0800][gc,stats    ]    Subphase: Concurrent References Enqueue                 0.000 / 0.000         0.000 / 0.000         0.004 / 0.004         0.004 / 0.004       ms
[2023-11-19T17:02:55.501+0800][gc,stats    ]    Subphase: Concurrent References Process                 0.000 / 0.000         0.000 / 0.000         0.090 / 0.101         0.090 / 0.101       ms
[2023-11-19T17:02:55.501+0800][gc,stats    ]    Subphase: Concurrent Roots ClassLoaderDataGraph         0.000 / 0.000         0.000 / 0.000         0.103 / 0.506         0.103 / 0.506       ms
[2023-11-19T17:02:55.501+0800][gc,stats    ]    Subphase: Concurrent Roots CodeCache                    0.000 / 0.000         0.000 / 0.000         0.000 / 0.000         0.000 / 0.000       ms
[2023-11-19T17:02:55.501+0800][gc,stats    ]    Subphase: Concurrent Roots JavaThreads                  0.000 / 0.000         0.000 / 0.000         1.129 / 2.106         1.129 / 2.106       ms
[2023-11-19T17:02:55.501+0800][gc,stats    ]    Subphase: Concurrent Roots OopStorageSet                0.000 / 0.000         0.000 / 0.000         0.036 / 0.058         0.036 / 0.058       ms
[2023-11-19T17:02:55.501+0800][gc,stats    ]    Subphase: Concurrent Weak Roots OopStorageSet           0.000 / 0.000         0.000 / 0.000         0.328 / 0.486         0.328 / 0.486       ms
[2023-11-19T17:02:55.501+0800][gc,stats    ]    Subphase: Pause Mark Try Complete                       0.000 / 0.000         0.000 / 0.000         0.000 / 0.000         0.000 / 0.000       ms
[2023-11-19T17:02:55.501+0800][gc,stats    ]      System: Java Threads                                      0 / 0                 0 / 0                39 / 54               39 / 54          threads
[2023-11-19T17:02:55.501+0800][gc,stats    ] =========================================================================================================================================================
[2023-11-19T17:03:05.501+0800][gc,stats    ] === Garbage Collection Statistics =======================================================================================================================
[2023-11-19T17:03:05.501+0800][gc,stats    ]                                                              Last 10s              Last 10m              Last 10h                Total
[2023-11-19T17:03:05.501+0800][gc,stats    ]                                                              Avg / Max             Avg / Max             Avg / Max             Avg / Max
[2023-11-19T17:03:05.501+0800][gc,stats    ]   Collector: Garbage Collection Cycle                      0.000 / 0.000         0.000 / 0.000        23.723 / 25.775       23.723 / 25.775      ms
[2023-11-19T17:03:05.501+0800][gc,stats    ]  Contention: Mark Segment Reset Contention                     0 / 0                 0 / 0                 0 / 3                 0 / 3           ops/s
[2023-11-19T17:03:05.501+0800][gc,stats    ]  Contention: Mark SeqNum Reset Contention                      0 / 0                 0 / 0                 0 / 0                 0 / 0           ops/s
[2023-11-19T17:03:05.501+0800][gc,stats    ]    Critical: Allocation Stall                                  0 / 0                 0 / 0                 0 / 0                 0 / 0           ops/s
[2023-11-19T17:03:05.501+0800][gc,stats    ]    Critical: Allocation Stall                              0.000 / 0.000         0.000 / 0.000         0.000 / 0.000         0.000 / 0.000       ms
[2023-11-19T17:03:05.501+0800][gc,stats    ]    Critical: GC Locker Stall                                   0 / 0                 0 / 0                 0 / 0                 0 / 0           ops/s
[2023-11-19T17:03:05.501+0800][gc,stats    ]    Critical: GC Locker Stall                               0.000 / 0.000         0.000 / 0.000         0.000 / 0.000         0.000 / 0.000       ms
[2023-11-19T17:03:05.501+0800][gc,stats    ]    Critical: Relocation Stall                                  0 / 0                 0 / 0                 0 / 0                 0 / 0           ops/s
[2023-11-19T17:03:05.501+0800][gc,stats    ]    Critical: Relocation Stall                              0.000 / 0.000         0.000 / 0.000         0.000 / 0.000         0.000 / 0.000       ms
[2023-11-19T17:03:05.501+0800][gc,stats    ]      Memory: Allocation Rate                                   0 / 0                 0 / 4                 0 / 104               0 / 104         MB/s
[2023-11-19T17:03:05.501+0800][gc,stats    ]      Memory: Defragment                                        0 / 0                 0 / 0                 0 / 0                 0 / 0           ops/s
[2023-11-19T17:03:05.501+0800][gc,stats    ]      Memory: Out Of Memory                                     0 / 0                 0 / 0                 0 / 0                 0 / 0           ops/s
[2023-11-19T17:03:05.501+0800][gc,stats    ]      Memory: Page Cache Flush                                  0 / 0                 0 / 0                 0 / 0                 0 / 0           MB/s
[2023-11-19T17:03:05.501+0800][gc,stats    ]      Memory: Page Cache Hit L1                                 0 / 0                 0 / 2                 0 / 29                0 / 29          ops/s
[2023-11-19T17:03:05.501+0800][gc,stats    ]      Memory: Page Cache Hit L2                                 0 / 0                 0 / 0                 0 / 0                 0 / 0           ops/s
[2023-11-19T17:03:05.501+0800][gc,stats    ]      Memory: Page Cache Hit L3                                 0 / 0                 0 / 1                 0 / 48                0 / 48          ops/s
[2023-11-19T17:03:05.501+0800][gc,stats    ]      Memory: Page Cache Miss                                   0 / 0                 0 / 0                 0 / 1                 0 / 1           ops/s
[2023-11-19T17:03:05.501+0800][gc,stats    ]      Memory: Uncommit                                          0 / 0                 0 / 0                 0 / 0                 0 / 0           MB/s
[2023-11-19T17:03:05.501+0800][gc,stats    ]      Memory: Undo Object Allocation Failed                     0 / 0                 0 / 0                 0 / 0                 0 / 0           ops/s
[2023-11-19T17:03:05.501+0800][gc,stats    ]      Memory: Undo Object Allocation Succeeded                  0 / 0                 0 / 0                 0 / 0                 0 / 0           ops/s
[2023-11-19T17:03:05.501+0800][gc,stats    ]      Memory: Undo Page Allocation                              0 / 0                 0 / 0                 0 / 0                 0 / 0           ops/s
[2023-11-19T17:03:05.501+0800][gc,stats    ]       Phase: Concurrent Mark                               0.000 / 0.000         0.000 / 0.000        13.801 / 15.394       13.801 / 15.394      ms
[2023-11-19T17:03:05.501+0800][gc,stats    ]       Phase: Concurrent Mark Continue                      0.000 / 0.000         0.000 / 0.000         0.000 / 0.000         0.000 / 0.000       ms
[2023-11-19T17:03:05.501+0800][gc,stats    ]       Phase: Concurrent Mark Free                          0.000 / 0.000         0.000 / 0.000         0.001 / 0.001         0.001 / 0.001       ms
[2023-11-19T17:03:05.501+0800][gc,stats    ]       Phase: Concurrent Process Non-Strong References      0.000 / 0.000         0.000 / 0.000         1.810 / 1.931         1.810 / 1.931       ms
[2023-11-19T17:03:05.501+0800][gc,stats    ]       Phase: Concurrent Relocate                           0.000 / 0.000         0.000 / 0.000         2.671 / 3.187         2.671 / 3.187       ms
[2023-11-19T17:03:05.501+0800][gc,stats    ]       Phase: Concurrent Reset Relocation Set               0.000 / 0.000         0.000 / 0.000         0.001 / 0.003         0.001 / 0.003       ms
[2023-11-19T17:03:05.501+0800][gc,stats    ]       Phase: Concurrent Select Relocation Set              0.000 / 0.000         0.000 / 0.000         4.627 / 7.839         4.627 / 7.839       ms
[2023-11-19T17:03:05.501+0800][gc,stats    ]       Phase: Pause Mark End                                0.000 / 0.000         0.000 / 0.000         0.016 / 0.018         0.016 / 0.018       ms
[2023-11-19T17:03:05.501+0800][gc,stats    ]       Phase: Pause Mark Start                              0.000 / 0.000         0.000 / 0.000         0.013 / 0.019         0.013 / 0.019       ms
[2023-11-19T17:03:05.501+0800][gc,stats    ]       Phase: Pause Relocate Start                          0.000 / 0.000         0.000 / 0.000         0.008 / 0.009         0.008 / 0.009       ms
[2023-11-19T17:03:05.501+0800][gc,stats    ]    Subphase: Concurrent Classes Purge                      0.000 / 0.000         0.000 / 0.000         0.047 / 0.049         0.047 / 0.049       ms
[2023-11-19T17:03:05.501+0800][gc,stats    ]    Subphase: Concurrent Classes Unlink                     0.000 / 0.000         0.000 / 0.000         1.263 / 1.295         1.263 / 1.295       ms
[2023-11-19T17:03:05.501+0800][gc,stats    ]    Subphase: Concurrent Mark                               0.000 / 0.000         0.000 / 0.000        11.825 / 13.159       11.825 / 13.159      ms
[2023-11-19T17:03:05.501+0800][gc,stats    ]    Subphase: Concurrent Mark Try Flush                     0.000 / 0.000         0.000 / 0.000         0.057 / 0.108         0.057 / 0.108       ms
[2023-11-19T17:03:05.501+0800][gc,stats    ]    Subphase: Concurrent Mark Try Terminate                 0.000 / 0.000         0.000 / 0.000         1.420 / 4.236         1.420 / 4.236       ms
[2023-11-19T17:03:05.501+0800][gc,stats    ]    Subphase: Concurrent References Enqueue                 0.000 / 0.000         0.000 / 0.000         0.004 / 0.004         0.004 / 0.004       ms
[2023-11-19T17:03:05.501+0800][gc,stats    ]    Subphase: Concurrent References Process                 0.000 / 0.000         0.000 / 0.000         0.090 / 0.101         0.090 / 0.101       ms
[2023-11-19T17:03:05.501+0800][gc,stats    ]    Subphase: Concurrent Roots ClassLoaderDataGraph         0.000 / 0.000         0.000 / 0.000         0.103 / 0.506         0.103 / 0.506       ms
[2023-11-19T17:03:05.501+0800][gc,stats    ]    Subphase: Concurrent Roots CodeCache                    0.000 / 0.000         0.000 / 0.000         0.000 / 0.000         0.000 / 0.000       ms
[2023-11-19T17:03:05.501+0800][gc,stats    ]    Subphase: Concurrent Roots JavaThreads                  0.000 / 0.000         0.000 / 0.000         1.129 / 2.106         1.129 / 2.106       ms
[2023-11-19T17:03:05.501+0800][gc,stats    ]    Subphase: Concurrent Roots OopStorageSet                0.000 / 0.000         0.000 / 0.000         0.036 / 0.058         0.036 / 0.058       ms
[2023-11-19T17:03:05.501+0800][gc,stats    ]    Subphase: Concurrent Weak Roots OopStorageSet           0.000 / 0.000         0.000 / 0.000         0.328 / 0.486         0.328 / 0.486       ms
[2023-11-19T17:03:05.501+0800][gc,stats    ]    Subphase: Pause Mark Try Complete                       0.000 / 0.000         0.000 / 0.000         0.000 / 0.000         0.000 / 0.000       ms
[2023-11-19T17:03:05.501+0800][gc,stats    ]      System: Java Threads                                      0 / 0                 0 / 0                39 / 54               39 / 54          threads
[2023-11-19T17:03:05.501+0800][gc,stats    ] =========================================================================================================================================================
[2023-11-19T17:03:15.500+0800][gc,stats    ] === Garbage Collection Statistics =======================================================================================================================
[2023-11-19T17:03:15.500+0800][gc,stats    ]                                                              Last 10s              Last 10m              Last 10h                Total
[2023-11-19T17:03:15.500+0800][gc,stats    ]                                                              Avg / Max             Avg / Max             Avg / Max             Avg / Max
[2023-11-19T17:03:15.500+0800][gc,stats    ]   Collector: Garbage Collection Cycle                      0.000 / 0.000         0.000 / 0.000        23.723 / 25.775       23.723 / 25.775      ms
[2023-11-19T17:03:15.500+0800][gc,stats    ]  Contention: Mark Segment Reset Contention                     0 / 0                 0 / 0                 0 / 3                 0 / 3           ops/s
[2023-11-19T17:03:15.500+0800][gc,stats    ]  Contention: Mark SeqNum Reset Contention                      0 / 0                 0 / 0                 0 / 0                 0 / 0           ops/s
[2023-11-19T17:03:15.500+0800][gc,stats    ]    Critical: Allocation Stall                                  0 / 0                 0 / 0                 0 / 0                 0 / 0           ops/s
[2023-11-19T17:03:15.500+0800][gc,stats    ]    Critical: Allocation Stall                              0.000 / 0.000         0.000 / 0.000         0.000 / 0.000         0.000 / 0.000       ms
[2023-11-19T17:03:15.500+0800][gc,stats    ]    Critical: GC Locker Stall                                   0 / 0                 0 / 0                 0 / 0                 0 / 0           ops/s
[2023-11-19T17:03:15.500+0800][gc,stats    ]    Critical: GC Locker Stall                               0.000 / 0.000         0.000 / 0.000         0.000 / 0.000         0.000 / 0.000       ms
[2023-11-19T17:03:15.500+0800][gc,stats    ]    Critical: Relocation Stall                                  0 / 0                 0 / 0                 0 / 0                 0 / 0           ops/s
[2023-11-19T17:03:15.500+0800][gc,stats    ]    Critical: Relocation Stall                              0.000 / 0.000         0.000 / 0.000         0.000 / 0.000         0.000 / 0.000       ms
[2023-11-19T17:03:15.500+0800][gc,stats    ]      Memory: Allocation Rate                                   0 / 2                 0 / 4                 0 / 104               0 / 104         MB/s
[2023-11-19T17:03:15.500+0800][gc,stats    ]      Memory: Defragment                                        0 / 0                 0 / 0                 0 / 0                 0 / 0           ops/s
[2023-11-19T17:03:15.500+0800][gc,stats    ]      Memory: Out Of Memory                                     0 / 0                 0 / 0                 0 / 0                 0 / 0           ops/s
[2023-11-19T17:03:15.500+0800][gc,stats    ]      Memory: Page Cache Flush                                  0 / 0                 0 / 0                 0 / 0                 0 / 0           MB/s
[2023-11-19T17:03:15.500+0800][gc,stats    ]      Memory: Page Cache Hit L1                                 0 / 0                 0 / 2                 0 / 29                0 / 29          ops/s
[2023-11-19T17:03:15.500+0800][gc,stats    ]      Memory: Page Cache Hit L2                                 0 / 0                 0 / 0                 0 / 0                 0 / 0           ops/s
[2023-11-19T17:03:15.500+0800][gc,stats    ]      Memory: Page Cache Hit L3                                 0 / 1                 0 / 1                 0 / 48                0 / 48          ops/s
[2023-11-19T17:03:15.500+0800][gc,stats    ]      Memory: Page Cache Miss                                   0 / 0                 0 / 0                 0 / 1                 0 / 1           ops/s
[2023-11-19T17:03:15.500+0800][gc,stats    ]      Memory: Uncommit                                          0 / 0                 0 / 0                 0 / 0                 0 / 0           MB/s
[2023-11-19T17:03:15.500+0800][gc,stats    ]      Memory: Undo Object Allocation Failed                     0 / 0                 0 / 0                 0 / 0                 0 / 0           ops/s
[2023-11-19T17:03:15.500+0800][gc,stats    ]      Memory: Undo Object Allocation Succeeded                  0 / 0                 0 / 0                 0 / 0                 0 / 0           ops/s
[2023-11-19T17:03:15.500+0800][gc,stats    ]      Memory: Undo Page Allocation                              0 / 0                 0 / 0                 0 / 0                 0 / 0           ops/s
[2023-11-19T17:03:15.500+0800][gc,stats    ]       Phase: Concurrent Mark                               0.000 / 0.000         0.000 / 0.000        13.801 / 15.394       13.801 / 15.394      ms
[2023-11-19T17:03:15.500+0800][gc,stats    ]       Phase: Concurrent Mark Continue                      0.000 / 0.000         0.000 / 0.000         0.000 / 0.000         0.000 / 0.000       ms
[2023-11-19T17:03:15.500+0800][gc,stats    ]       Phase: Concurrent Mark Free                          0.000 / 0.000         0.000 / 0.000         0.001 / 0.001         0.001 / 0.001       ms
[2023-11-19T17:03:15.500+0800][gc,stats    ]       Phase: Concurrent Process Non-Strong References      0.000 / 0.000         0.000 / 0.000         1.810 / 1.931         1.810 / 1.931       ms
[2023-11-19T17:03:15.500+0800][gc,stats    ]       Phase: Concurrent Relocate                           0.000 / 0.000         0.000 / 0.000         2.671 / 3.187         2.671 / 3.187       ms
[2023-11-19T17:03:15.500+0800][gc,stats    ]       Phase: Concurrent Reset Relocation Set               0.000 / 0.000         0.000 / 0.000         0.001 / 0.003         0.001 / 0.003       ms
[2023-11-19T17:03:15.500+0800][gc,stats    ]       Phase: Concurrent Select Relocation Set              0.000 / 0.000         0.000 / 0.000         4.627 / 7.839         4.627 / 7.839       ms
[2023-11-19T17:03:15.500+0800][gc,stats    ]       Phase: Pause Mark End                                0.000 / 0.000         0.000 / 0.000         0.016 / 0.018         0.016 / 0.018       ms
[2023-11-19T17:03:15.500+0800][gc,stats    ]       Phase: Pause Mark Start                              0.000 / 0.000         0.000 / 0.000         0.013 / 0.019         0.013 / 0.019       ms
[2023-11-19T17:03:15.500+0800][gc,stats    ]       Phase: Pause Relocate Start                          0.000 / 0.000         0.000 / 0.000         0.008 / 0.009         0.008 / 0.009       ms
[2023-11-19T17:03:15.500+0800][gc,stats    ]    Subphase: Concurrent Classes Purge                      0.000 / 0.000         0.000 / 0.000         0.047 / 0.049         0.047 / 0.049       ms
[2023-11-19T17:03:15.500+0800][gc,stats    ]    Subphase: Concurrent Classes Unlink                     0.000 / 0.000         0.000 / 0.000         1.263 / 1.295         1.263 / 1.295       ms
[2023-11-19T17:03:15.500+0800][gc,stats    ]    Subphase: Concurrent Mark                               0.000 / 0.000         0.000 / 0.000        11.825 / 13.159       11.825 / 13.159      ms
[2023-11-19T17:03:15.500+0800][gc,stats    ]    Subphase: Concurrent Mark Try Flush                     0.000 / 0.000         0.000 / 0.000         0.057 / 0.108         0.057 / 0.108       ms
[2023-11-19T17:03:15.500+0800][gc,stats    ]    Subphase: Concurrent Mark Try Terminate                 0.000 / 0.000         0.000 / 0.000         1.420 / 4.236         1.420 / 4.236       ms
[2023-11-19T17:03:15.500+0800][gc,stats    ]    Subphase: Concurrent References Enqueue                 0.000 / 0.000         0.000 / 0.000         0.004 / 0.004         0.004 / 0.004       ms
[2023-11-19T17:03:15.500+0800][gc,stats    ]    Subphase: Concurrent References Process                 0.000 / 0.000         0.000 / 0.000         0.090 / 0.101         0.090 / 0.101       ms
[2023-11-19T17:03:15.500+0800][gc,stats    ]    Subphase: Concurrent Roots ClassLoaderDataGraph         0.000 / 0.000         0.000 / 0.000         0.103 / 0.506         0.103 / 0.506       ms
[2023-11-19T17:03:15.500+0800][gc,stats    ]    Subphase: Concurrent Roots CodeCache                    0.000 / 0.000         0.000 / 0.000         0.000 / 0.000         0.000 / 0.000       ms
[2023-11-19T17:03:15.500+0800][gc,stats    ]    Subphase: Concurrent Roots JavaThreads                  0.000 / 0.000         0.000 / 0.000         1.129 / 2.106         1.129 / 2.106       ms
[2023-11-19T17:03:15.500+0800][gc,stats    ]    Subphase: Concurrent Roots OopStorageSet                0.000 / 0.000         0.000 / 0.000         0.036 / 0.058         0.036 / 0.058       ms
[2023-11-19T17:03:15.500+0800][gc,stats    ]    Subphase: Concurrent Weak Roots OopStorageSet           0.000 / 0.000         0.000 / 0.000         0.328 / 0.486         0.328 / 0.486       ms
[2023-11-19T17:03:15.500+0800][gc,stats    ]    Subphase: Pause Mark Try Complete                       0.000 / 0.000         0.000 / 0.000         0.000 / 0.000         0.000 / 0.000       ms
[2023-11-19T17:03:15.500+0800][gc,stats    ]      System: Java Threads                                      0 / 0                 0 / 0                39 / 54               39 / 54          threads
[2023-11-19T17:03:15.500+0800][gc,stats    ] =========================================================================================================================================================
[2023-11-19T17:03:25.501+0800][gc,stats    ] === Garbage Collection Statistics =======================================================================================================================
[2023-11-19T17:03:25.501+0800][gc,stats    ]                                                              Last 10s              Last 10m              Last 10h                Total
[2023-11-19T17:03:25.501+0800][gc,stats    ]                                                              Avg / Max             Avg / Max             Avg / Max             Avg / Max
[2023-11-19T17:03:25.501+0800][gc,stats    ]   Collector: Garbage Collection Cycle                      0.000 / 0.000         0.000 / 0.000        23.723 / 25.775       23.723 / 25.775      ms
[2023-11-19T17:03:25.501+0800][gc,stats    ]  Contention: Mark Segment Reset Contention                     0 / 0                 0 / 0                 0 / 3                 0 / 3           ops/s
[2023-11-19T17:03:25.501+0800][gc,stats    ]  Contention: Mark SeqNum Reset Contention                      0 / 0                 0 / 0                 0 / 0                 0 / 0           ops/s
[2023-11-19T17:03:25.501+0800][gc,stats    ]    Critical: Allocation Stall                                  0 / 0                 0 / 0                 0 / 0                 0 / 0           ops/s
[2023-11-19T17:03:25.501+0800][gc,stats    ]    Critical: Allocation Stall                              0.000 / 0.000         0.000 / 0.000         0.000 / 0.000         0.000 / 0.000       ms
[2023-11-19T17:03:25.501+0800][gc,stats    ]    Critical: GC Locker Stall                                   0 / 0                 0 / 0                 0 / 0                 0 / 0           ops/s
[2023-11-19T17:03:25.501+0800][gc,stats    ]    Critical: GC Locker Stall                               0.000 / 0.000         0.000 / 0.000         0.000 / 0.000         0.000 / 0.000       ms
[2023-11-19T17:03:25.501+0800][gc,stats    ]    Critical: Relocation Stall                                  0 / 0                 0 / 0                 0 / 0                 0 / 0           ops/s
[2023-11-19T17:03:25.501+0800][gc,stats    ]    Critical: Relocation Stall                              0.000 / 0.000         0.000 / 0.000         0.000 / 0.000         0.000 / 0.000       ms
[2023-11-19T17:03:25.501+0800][gc,stats    ]      Memory: Allocation Rate                                   0 / 0                 0 / 4                 0 / 104               0 / 104         MB/s
[2023-11-19T17:03:25.501+0800][gc,stats    ]      Memory: Defragment                                        0 / 0                 0 / 0                 0 / 0                 0 / 0           ops/s
[2023-11-19T17:03:25.501+0800][gc,stats    ]      Memory: Out Of Memory                                     0 / 0                 0 / 0                 0 / 0                 0 / 0           ops/s
[2023-11-19T17:03:25.501+0800][gc,stats    ]      Memory: Page Cache Flush                                  0 / 0                 0 / 0                 0 / 0                 0 / 0           MB/s
[2023-11-19T17:03:25.501+0800][gc,stats    ]      Memory: Page Cache Hit L1                                 0 / 0                 0 / 2                 0 / 29                0 / 29          ops/s
[2023-11-19T17:03:25.501+0800][gc,stats    ]      Memory: Page Cache Hit L2                                 0 / 0                 0 / 0                 0 / 0                 0 / 0           ops/s
[2023-11-19T17:03:25.501+0800][gc,stats    ]      Memory: Page Cache Hit L3                                 0 / 0                 0 / 1                 0 / 48                0 / 48          ops/s
[2023-11-19T17:03:25.501+0800][gc,stats    ]      Memory: Page Cache Miss                                   0 / 0                 0 / 0                 0 / 1                 0 / 1           ops/s
[2023-11-19T17:03:25.502+0800][gc,stats    ]      Memory: Uncommit                                          0 / 0                 0 / 0                 0 / 0                 0 / 0           MB/s
[2023-11-19T17:03:25.502+0800][gc,stats    ]      Memory: Undo Object Allocation Failed                     0 / 0                 0 / 0                 0 / 0                 0 / 0           ops/s
[2023-11-19T17:03:25.502+0800][gc,stats    ]      Memory: Undo Object Allocation Succeeded                  0 / 0                 0 / 0                 0 / 0                 0 / 0           ops/s
[2023-11-19T17:03:25.502+0800][gc,stats    ]      Memory: Undo Page Allocation                              0 / 0                 0 / 0                 0 / 0                 0 / 0           ops/s
[2023-11-19T17:03:25.502+0800][gc,stats    ]       Phase: Concurrent Mark                               0.000 / 0.000         0.000 / 0.000        13.801 / 15.394       13.801 / 15.394      ms
[2023-11-19T17:03:25.502+0800][gc,stats    ]       Phase: Concurrent Mark Continue                      0.000 / 0.000         0.000 / 0.000         0.000 / 0.000         0.000 / 0.000       ms
[2023-11-19T17:03:25.502+0800][gc,stats    ]       Phase: Concurrent Mark Free                          0.000 / 0.000         0.000 / 0.000         0.001 / 0.001         0.001 / 0.001       ms
[2023-11-19T17:03:25.502+0800][gc,stats    ]       Phase: Concurrent Process Non-Strong References      0.000 / 0.000         0.000 / 0.000         1.810 / 1.931         1.810 / 1.931       ms
[2023-11-19T17:03:25.502+0800][gc,stats    ]       Phase: Concurrent Relocate                           0.000 / 0.000         0.000 / 0.000         2.671 / 3.187         2.671 / 3.187       ms
[2023-11-19T17:03:25.502+0800][gc,stats    ]       Phase: Concurrent Reset Relocation Set               0.000 / 0.000         0.000 / 0.000         0.001 / 0.003         0.001 / 0.003       ms
[2023-11-19T17:03:25.502+0800][gc,stats    ]       Phase: Concurrent Select Relocation Set              0.000 / 0.000         0.000 / 0.000         4.627 / 7.839         4.627 / 7.839       ms
[2023-11-19T17:03:25.502+0800][gc,stats    ]       Phase: Pause Mark End                                0.000 / 0.000         0.000 / 0.000         0.016 / 0.018         0.016 / 0.018       ms
[2023-11-19T17:03:25.502+0800][gc,stats    ]       Phase: Pause Mark Start                              0.000 / 0.000         0.000 / 0.000         0.013 / 0.019         0.013 / 0.019       ms
[2023-11-19T17:03:25.502+0800][gc,stats    ]       Phase: Pause Relocate Start                          0.000 / 0.000         0.000 / 0.000         0.008 / 0.009         0.008 / 0.009       ms
[2023-11-19T17:03:25.502+0800][gc,stats    ]    Subphase: Concurrent Classes Purge                      0.000 / 0.000         0.000 / 0.000         0.047 / 0.049         0.047 / 0.049       ms
[2023-11-19T17:03:25.502+0800][gc,stats    ]    Subphase: Concurrent Classes Unlink                     0.000 / 0.000         0.000 / 0.000         1.263 / 1.295         1.263 / 1.295       ms
[2023-11-19T17:03:25.502+0800][gc,stats    ]    Subphase: Concurrent Mark                               0.000 / 0.000         0.000 / 0.000        11.825 / 13.159       11.825 / 13.159      ms
[2023-11-19T17:03:25.502+0800][gc,stats    ]    Subphase: Concurrent Mark Try Flush                     0.000 / 0.000         0.000 / 0.000         0.057 / 0.108         0.057 / 0.108       ms
[2023-11-19T17:03:25.502+0800][gc,stats    ]    Subphase: Concurrent Mark Try Terminate                 0.000 / 0.000         0.000 / 0.000         1.420 / 4.236         1.420 / 4.236       ms
[2023-11-19T17:03:25.502+0800][gc,stats    ]    Subphase: Concurrent References Enqueue                 0.000 / 0.000         0.000 / 0.000         0.004 / 0.004         0.004 / 0.004       ms
[2023-11-19T17:03:25.502+0800][gc,stats    ]    Subphase: Concurrent References Process                 0.000 / 0.000         0.000 / 0.000         0.090 / 0.101         0.090 / 0.101       ms
[2023-11-19T17:03:25.502+0800][gc,stats    ]    Subphase: Concurrent Roots ClassLoaderDataGraph         0.000 / 0.000         0.000 / 0.000         0.103 / 0.506         0.103 / 0.506       ms
[2023-11-19T17:03:25.502+0800][gc,stats    ]    Subphase: Concurrent Roots CodeCache                    0.000 / 0.000         0.000 / 0.000         0.000 / 0.000         0.000 / 0.000       ms
[2023-11-19T17:03:25.502+0800][gc,stats    ]    Subphase: Concurrent Roots JavaThreads                  0.000 / 0.000         0.000 / 0.000         1.129 / 2.106         1.129 / 2.106       ms
[2023-11-19T17:03:25.502+0800][gc,stats    ]    Subphase: Concurrent Roots OopStorageSet                0.000 / 0.000         0.000 / 0.000         0.036 / 0.058         0.036 / 0.058       ms
[2023-11-19T17:03:25.502+0800][gc,stats    ]    Subphase: Concurrent Weak Roots OopStorageSet           0.000 / 0.000         0.000 / 0.000         0.328 / 0.486         0.328 / 0.486       ms
[2023-11-19T17:03:25.502+0800][gc,stats    ]    Subphase: Pause Mark Try Complete                       0.000 / 0.000         0.000 / 0.000         0.000 / 0.000         0.000 / 0.000       ms
[2023-11-19T17:03:25.502+0800][gc,stats    ]      System: Java Threads                                      0 / 0                 0 / 0                39 / 54               39 / 54          threads
[2023-11-19T17:03:25.502+0800][gc,stats    ] =========================================================================================================================================================
[2023-11-19T17:03:35.500+0800][gc,stats    ] === Garbage Collection Statistics =======================================================================================================================
[2023-11-19T17:03:35.500+0800][gc,stats    ]                                                              Last 10s              Last 10m              Last 10h                Total
[2023-11-19T17:03:35.500+0800][gc,stats    ]                                                              Avg / Max             Avg / Max             Avg / Max             Avg / Max
[2023-11-19T17:03:35.500+0800][gc,stats    ]   Collector: Garbage Collection Cycle                      0.000 / 0.000         0.000 / 0.000        23.723 / 25.775       23.723 / 25.775      ms
[2023-11-19T17:03:35.500+0800][gc,stats    ]  Contention: Mark Segment Reset Contention                     0 / 0                 0 / 0                 0 / 3                 0 / 3           ops/s
[2023-11-19T17:03:35.500+0800][gc,stats    ]  Contention: Mark SeqNum Reset Contention                      0 / 0                 0 / 0                 0 / 0                 0 / 0           ops/s
[2023-11-19T17:03:35.500+0800][gc,stats    ]    Critical: Allocation Stall                                  0 / 0                 0 / 0                 0 / 0                 0 / 0           ops/s
[2023-11-19T17:03:35.500+0800][gc,stats    ]    Critical: Allocation Stall                              0.000 / 0.000         0.000 / 0.000         0.000 / 0.000         0.000 / 0.000       ms
[2023-11-19T17:03:35.500+0800][gc,stats    ]    Critical: GC Locker Stall                                   0 / 0                 0 / 0                 0 / 0                 0 / 0           ops/s
[2023-11-19T17:03:35.500+0800][gc,stats    ]    Critical: GC Locker Stall                               0.000 / 0.000         0.000 / 0.000         0.000 / 0.000         0.000 / 0.000       ms
[2023-11-19T17:03:35.500+0800][gc,stats    ]    Critical: Relocation Stall                                  0 / 0                 0 / 0                 0 / 0                 0 / 0           ops/s
[2023-11-19T17:03:35.500+0800][gc,stats    ]    Critical: Relocation Stall                              0.000 / 0.000         0.000 / 0.000         0.000 / 0.000         0.000 / 0.000       ms
[2023-11-19T17:03:35.500+0800][gc,stats    ]      Memory: Allocation Rate                                   0 / 2                 0 / 4                 0 / 104               0 / 104         MB/s
[2023-11-19T17:03:35.500+0800][gc,stats    ]      Memory: Defragment                                        0 / 0                 0 / 0                 0 / 0                 0 / 0           ops/s
[2023-11-19T17:03:35.500+0800][gc,stats    ]      Memory: Out Of Memory                                     0 / 0                 0 / 0                 0 / 0                 0 / 0           ops/s
[2023-11-19T17:03:35.500+0800][gc,stats    ]      Memory: Page Cache Flush                                  0 / 0                 0 / 0                 0 / 0                 0 / 0           MB/s
[2023-11-19T17:03:35.500+0800][gc,stats    ]      Memory: Page Cache Hit L1                                 0 / 0                 0 / 2                 0 / 29                0 / 29          ops/s
[2023-11-19T17:03:35.500+0800][gc,stats    ]      Memory: Page Cache Hit L2                                 0 / 0                 0 / 0                 0 / 0                 0 / 0           ops/s
[2023-11-19T17:03:35.500+0800][gc,stats    ]      Memory: Page Cache Hit L3                                 0 / 1                 0 / 1                 0 / 48                0 / 48          ops/s
[2023-11-19T17:03:35.500+0800][gc,stats    ]      Memory: Page Cache Miss                                   0 / 0                 0 / 0                 0 / 1                 0 / 1           ops/s
[2023-11-19T17:03:35.500+0800][gc,stats    ]      Memory: Uncommit                                          0 / 0                 0 / 0                 0 / 0                 0 / 0           MB/s
[2023-11-19T17:03:35.500+0800][gc,stats    ]      Memory: Undo Object Allocation Failed                     0 / 0                 0 / 0                 0 / 0                 0 / 0           ops/s
[2023-11-19T17:03:35.500+0800][gc,stats    ]      Memory: Undo Object Allocation Succeeded                  0 / 0                 0 / 0                 0 / 0                 0 / 0           ops/s
[2023-11-19T17:03:35.500+0800][gc,stats    ]      Memory: Undo Page Allocation                              0 / 0                 0 / 0                 0 / 0                 0 / 0           ops/s
[2023-11-19T17:03:35.500+0800][gc,stats    ]       Phase: Concurrent Mark                               0.000 / 0.000         0.000 / 0.000        13.801 / 15.394       13.801 / 15.394      ms
[2023-11-19T17:03:35.500+0800][gc,stats    ]       Phase: Concurrent Mark Continue                      0.000 / 0.000         0.000 / 0.000         0.000 / 0.000         0.000 / 0.000       ms
[2023-11-19T17:03:35.500+0800][gc,stats    ]       Phase: Concurrent Mark Free                          0.000 / 0.000         0.000 / 0.000         0.001 / 0.001         0.001 / 0.001       ms
[2023-11-19T17:03:35.500+0800][gc,stats    ]       Phase: Concurrent Process Non-Strong References      0.000 / 0.000         0.000 / 0.000         1.810 / 1.931         1.810 / 1.931       ms
[2023-11-19T17:03:35.500+0800][gc,stats    ]       Phase: Concurrent Relocate                           0.000 / 0.000         0.000 / 0.000         2.671 / 3.187         2.671 / 3.187       ms
[2023-11-19T17:03:35.500+0800][gc,stats    ]       Phase: Concurrent Reset Relocation Set               0.000 / 0.000         0.000 / 0.000         0.001 / 0.003         0.001 / 0.003       ms
[2023-11-19T17:03:35.500+0800][gc,stats    ]       Phase: Concurrent Select Relocation Set              0.000 / 0.000         0.000 / 0.000         4.627 / 7.839         4.627 / 7.839       ms
[2023-11-19T17:03:35.500+0800][gc,stats    ]       Phase: Pause Mark End                                0.000 / 0.000         0.000 / 0.000         0.016 / 0.018         0.016 / 0.018       ms
[2023-11-19T17:03:35.500+0800][gc,stats    ]       Phase: Pause Mark Start                              0.000 / 0.000         0.000 / 0.000         0.013 / 0.019         0.013 / 0.019       ms
[2023-11-19T17:03:35.500+0800][gc,stats    ]       Phase: Pause Relocate Start                          0.000 / 0.000         0.000 / 0.000         0.008 / 0.009         0.008 / 0.009       ms
[2023-11-19T17:03:35.501+0800][gc,stats    ]    Subphase: Concurrent Classes Purge                      0.000 / 0.000         0.000 / 0.000         0.047 / 0.049         0.047 / 0.049       ms
[2023-11-19T17:03:35.501+0800][gc,stats    ]    Subphase: Concurrent Classes Unlink                     0.000 / 0.000         0.000 / 0.000         1.263 / 1.295         1.263 / 1.295       ms
[2023-11-19T17:03:35.501+0800][gc,stats    ]    Subphase: Concurrent Mark                               0.000 / 0.000         0.000 / 0.000        11.825 / 13.159       11.825 / 13.159      ms
[2023-11-19T17:03:35.501+0800][gc,stats    ]    Subphase: Concurrent Mark Try Flush                     0.000 / 0.000         0.000 / 0.000         0.057 / 0.108         0.057 / 0.108       ms
[2023-11-19T17:03:35.501+0800][gc,stats    ]    Subphase: Concurrent Mark Try Terminate                 0.000 / 0.000         0.000 / 0.000         1.420 / 4.236         1.420 / 4.236       ms
[2023-11-19T17:03:35.501+0800][gc,stats    ]    Subphase: Concurrent References Enqueue                 0.000 / 0.000         0.000 / 0.000         0.004 / 0.004         0.004 / 0.004       ms
[2023-11-19T17:03:35.501+0800][gc,stats    ]    Subphase: Concurrent References Process                 0.000 / 0.000         0.000 / 0.000         0.090 / 0.101         0.090 / 0.101       ms
[2023-11-19T17:03:35.501+0800][gc,stats    ]    Subphase: Concurrent Roots ClassLoaderDataGraph         0.000 / 0.000         0.000 / 0.000         0.103 / 0.506         0.103 / 0.506       ms
[2023-11-19T17:03:35.501+0800][gc,stats    ]    Subphase: Concurrent Roots CodeCache                    0.000 / 0.000         0.000 / 0.000         0.000 / 0.000         0.000 / 0.000       ms
[2023-11-19T17:03:35.501+0800][gc,stats    ]    Subphase: Concurrent Roots JavaThreads                  0.000 / 0.000         0.000 / 0.000         1.129 / 2.106         1.129 / 2.106       ms
[2023-11-19T17:03:35.501+0800][gc,stats    ]    Subphase: Concurrent Roots OopStorageSet                0.000 / 0.000         0.000 / 0.000         0.036 / 0.058         0.036 / 0.058       ms
[2023-11-19T17:03:35.501+0800][gc,stats    ]    Subphase: Concurrent Weak Roots OopStorageSet           0.000 / 0.000         0.000 / 0.000         0.328 / 0.486         0.328 / 0.486       ms
[2023-11-19T17:03:35.501+0800][gc,stats    ]    Subphase: Pause Mark Try Complete                       0.000 / 0.000         0.000 / 0.000         0.000 / 0.000         0.000 / 0.000       ms
[2023-11-19T17:03:35.501+0800][gc,stats    ]      System: Java Threads                                      0 / 0                 0 / 0                39 / 54               39 / 54          threads
[2023-11-19T17:03:35.501+0800][gc,stats    ] =========================================================================================================================================================
[2023-11-19T17:03:45.501+0800][gc,stats    ] === Garbage Collection Statistics =======================================================================================================================
[2023-11-19T17:03:45.501+0800][gc,stats    ]                                                              Last 10s              Last 10m              Last 10h                Total
[2023-11-19T17:03:45.501+0800][gc,stats    ]                                                              Avg / Max             Avg / Max             Avg / Max             Avg / Max
[2023-11-19T17:03:45.501+0800][gc,stats    ]   Collector: Garbage Collection Cycle                      0.000 / 0.000         0.000 / 0.000        23.723 / 25.775       23.723 / 25.775      ms
[2023-11-19T17:03:45.501+0800][gc,stats    ]  Contention: Mark Segment Reset Contention                     0 / 0                 0 / 0                 0 / 3                 0 / 3           ops/s
[2023-11-19T17:03:45.501+0800][gc,stats    ]  Contention: Mark SeqNum Reset Contention                      0 / 0                 0 / 0                 0 / 0                 0 / 0           ops/s
[2023-11-19T17:03:45.501+0800][gc,stats    ]    Critical: Allocation Stall                                  0 / 0                 0 / 0                 0 / 0                 0 / 0           ops/s
[2023-11-19T17:03:45.501+0800][gc,stats    ]    Critical: Allocation Stall                              0.000 / 0.000         0.000 / 0.000         0.000 / 0.000         0.000 / 0.000       ms
[2023-11-19T17:03:45.501+0800][gc,stats    ]    Critical: GC Locker Stall                                   0 / 0                 0 / 0                 0 / 0                 0 / 0           ops/s
[2023-11-19T17:03:45.501+0800][gc,stats    ]    Critical: GC Locker Stall                               0.000 / 0.000         0.000 / 0.000         0.000 / 0.000         0.000 / 0.000       ms
[2023-11-19T17:03:45.501+0800][gc,stats    ]    Critical: Relocation Stall                                  0 / 0                 0 / 0                 0 / 0                 0 / 0           ops/s
[2023-11-19T17:03:45.501+0800][gc,stats    ]    Critical: Relocation Stall                              0.000 / 0.000         0.000 / 0.000         0.000 / 0.000         0.000 / 0.000       ms
[2023-11-19T17:03:45.501+0800][gc,stats    ]      Memory: Allocation Rate                                   0 / 0                 0 / 4                 0 / 104               0 / 104         MB/s
[2023-11-19T17:03:45.501+0800][gc,stats    ]      Memory: Defragment                                        0 / 0                 0 / 0                 0 / 0                 0 / 0           ops/s
[2023-11-19T17:03:45.501+0800][gc,stats    ]      Memory: Out Of Memory                                     0 / 0                 0 / 0                 0 / 0                 0 / 0           ops/s
[2023-11-19T17:03:45.501+0800][gc,stats    ]      Memory: Page Cache Flush                                  0 / 0                 0 / 0                 0 / 0                 0 / 0           MB/s
[2023-11-19T17:03:45.501+0800][gc,stats    ]      Memory: Page Cache Hit L1                                 0 / 0                 0 / 2                 0 / 29                0 / 29          ops/s
[2023-11-19T17:03:45.501+0800][gc,stats    ]      Memory: Page Cache Hit L2                                 0 / 0                 0 / 0                 0 / 0                 0 / 0           ops/s
[2023-11-19T17:03:45.501+0800][gc,stats    ]      Memory: Page Cache Hit L3                                 0 / 0                 0 / 1                 0 / 48                0 / 48          ops/s
[2023-11-19T17:03:45.501+0800][gc,stats    ]      Memory: Page Cache Miss                                   0 / 0                 0 / 0                 0 / 1                 0 / 1           ops/s
[2023-11-19T17:03:45.501+0800][gc,stats    ]      Memory: Uncommit                                          0 / 0                 0 / 0                 0 / 0                 0 / 0           MB/s
[2023-11-19T17:03:45.501+0800][gc,stats    ]      Memory: Undo Object Allocation Failed                     0 / 0                 0 / 0                 0 / 0                 0 / 0           ops/s
[2023-11-19T17:03:45.501+0800][gc,stats    ]      Memory: Undo Object Allocation Succeeded                  0 / 0                 0 / 0                 0 / 0                 0 / 0           ops/s
[2023-11-19T17:03:45.501+0800][gc,stats    ]      Memory: Undo Page Allocation                              0 / 0                 0 / 0                 0 / 0                 0 / 0           ops/s
[2023-11-19T17:03:45.501+0800][gc,stats    ]       Phase: Concurrent Mark                               0.000 / 0.000         0.000 / 0.000        13.801 / 15.394       13.801 / 15.394      ms
[2023-11-19T17:03:45.501+0800][gc,stats    ]       Phase: Concurrent Mark Continue                      0.000 / 0.000         0.000 / 0.000         0.000 / 0.000         0.000 / 0.000       ms
[2023-11-19T17:03:45.501+0800][gc,stats    ]       Phase: Concurrent Mark Free                          0.000 / 0.000         0.000 / 0.000         0.001 / 0.001         0.001 / 0.001       ms
[2023-11-19T17:03:45.501+0800][gc,stats    ]       Phase: Concurrent Process Non-Strong References      0.000 / 0.000         0.000 / 0.000         1.810 / 1.931         1.810 / 1.931       ms
[2023-11-19T17:03:45.501+0800][gc,stats    ]       Phase: Concurrent Relocate                           0.000 / 0.000         0.000 / 0.000         2.671 / 3.187         2.671 / 3.187       ms
[2023-11-19T17:03:45.501+0800][gc,stats    ]       Phase: Concurrent Reset Relocation Set               0.000 / 0.000         0.000 / 0.000         0.001 / 0.003         0.001 / 0.003       ms
[2023-11-19T17:03:45.501+0800][gc,stats    ]       Phase: Concurrent Select Relocation Set              0.000 / 0.000         0.000 / 0.000         4.627 / 7.839         4.627 / 7.839       ms
[2023-11-19T17:03:45.501+0800][gc,stats    ]       Phase: Pause Mark End                                0.000 / 0.000         0.000 / 0.000         0.016 / 0.018         0.016 / 0.018       ms
[2023-11-19T17:03:45.501+0800][gc,stats    ]       Phase: Pause Mark Start                              0.000 / 0.000         0.000 / 0.000         0.013 / 0.019         0.013 / 0.019       ms
[2023-11-19T17:03:45.501+0800][gc,stats    ]       Phase: Pause Relocate Start                          0.000 / 0.000         0.000 / 0.000         0.008 / 0.009         0.008 / 0.009       ms
[2023-11-19T17:03:45.501+0800][gc,stats    ]    Subphase: Concurrent Classes Purge                      0.000 / 0.000         0.000 / 0.000         0.047 / 0.049         0.047 / 0.049       ms
[2023-11-19T17:03:45.501+0800][gc,stats    ]    Subphase: Concurrent Classes Unlink                     0.000 / 0.000         0.000 / 0.000         1.263 / 1.295         1.263 / 1.295       ms
[2023-11-19T17:03:45.501+0800][gc,stats    ]    Subphase: Concurrent Mark                               0.000 / 0.000         0.000 / 0.000        11.825 / 13.159       11.825 / 13.159      ms
[2023-11-19T17:03:45.501+0800][gc,stats    ]    Subphase: Concurrent Mark Try Flush                     0.000 / 0.000         0.000 / 0.000         0.057 / 0.108         0.057 / 0.108       ms
[2023-11-19T17:03:45.501+0800][gc,stats    ]    Subphase: Concurrent Mark Try Terminate                 0.000 / 0.000         0.000 / 0.000         1.420 / 4.236         1.420 / 4.236       ms
[2023-11-19T17:03:45.501+0800][gc,stats    ]    Subphase: Concurrent References Enqueue                 0.000 / 0.000         0.000 / 0.000         0.004 / 0.004         0.004 / 0.004       ms
[2023-11-19T17:03:45.501+0800][gc,stats    ]    Subphase: Concurrent References Process                 0.000 / 0.000         0.000 / 0.000         0.090 / 0.101         0.090 / 0.101       ms
[2023-11-19T17:03:45.501+0800][gc,stats    ]    Subphase: Concurrent Roots ClassLoaderDataGraph         0.000 / 0.000         0.000 / 0.000         0.103 / 0.506         0.103 / 0.506       ms
[2023-11-19T17:03:45.501+0800][gc,stats    ]    Subphase: Concurrent Roots CodeCache                    0.000 / 0.000         0.000 / 0.000         0.000 / 0.000         0.000 / 0.000       ms
[2023-11-19T17:03:45.501+0800][gc,stats    ]    Subphase: Concurrent Roots JavaThreads                  0.000 / 0.000         0.000 / 0.000         1.129 / 2.106         1.129 / 2.106       ms
[2023-11-19T17:03:45.501+0800][gc,stats    ]    Subphase: Concurrent Roots OopStorageSet                0.000 / 0.000         0.000 / 0.000         0.036 / 0.058         0.036 / 0.058       ms
[2023-11-19T17:03:45.501+0800][gc,stats    ]    Subphase: Concurrent Weak Roots OopStorageSet           0.000 / 0.000         0.000 / 0.000         0.328 / 0.486         0.328 / 0.486       ms
[2023-11-19T17:03:45.501+0800][gc,stats    ]    Subphase: Pause Mark Try Complete                       0.000 / 0.000         0.000 / 0.000         0.000 / 0.000         0.000 / 0.000       ms
[2023-11-19T17:03:45.501+0800][gc,stats    ]      System: Java Threads                                      0 / 0                 0 / 0                39 / 54               39 / 54          threads
[2023-11-19T17:03:45.501+0800][gc,stats    ] =========================================================================================================================================================
[2023-11-19T17:03:55.501+0800][gc,stats    ] === Garbage Collection Statistics =======================================================================================================================
[2023-11-19T17:03:55.501+0800][gc,stats    ]                                                              Last 10s              Last 10m              Last 10h                Total
[2023-11-19T17:03:55.501+0800][gc,stats    ]                                                              Avg / Max             Avg / Max             Avg / Max             Avg / Max
[2023-11-19T17:03:55.501+0800][gc,stats    ]   Collector: Garbage Collection Cycle                      0.000 / 0.000         0.000 / 0.000        23.723 / 25.775       23.723 / 25.775      ms
[2023-11-19T17:03:55.501+0800][gc,stats    ]  Contention: Mark Segment Reset Contention                     0 / 0                 0 / 0                 0 / 3                 0 / 3           ops/s
[2023-11-19T17:03:55.501+0800][gc,stats    ]  Contention: Mark SeqNum Reset Contention                      0 / 0                 0 / 0                 0 / 0                 0 / 0           ops/s
[2023-11-19T17:03:55.501+0800][gc,stats    ]    Critical: Allocation Stall                                  0 / 0                 0 / 0                 0 / 0                 0 / 0           ops/s
[2023-11-19T17:03:55.501+0800][gc,stats    ]    Critical: Allocation Stall                              0.000 / 0.000         0.000 / 0.000         0.000 / 0.000         0.000 / 0.000       ms
[2023-11-19T17:03:55.501+0800][gc,stats    ]    Critical: GC Locker Stall                                   0 / 0                 0 / 0                 0 / 0                 0 / 0           ops/s
[2023-11-19T17:03:55.501+0800][gc,stats    ]    Critical: GC Locker Stall                               0.000 / 0.000         0.000 / 0.000         0.000 / 0.000         0.000 / 0.000       ms
[2023-11-19T17:03:55.501+0800][gc,stats    ]    Critical: Relocation Stall                                  0 / 0                 0 / 0                 0 / 0                 0 / 0           ops/s
[2023-11-19T17:03:55.501+0800][gc,stats    ]    Critical: Relocation Stall                              0.000 / 0.000         0.000 / 0.000         0.000 / 0.000         0.000 / 0.000       ms
[2023-11-19T17:03:55.501+0800][gc,stats    ]      Memory: Allocation Rate                                   0 / 2                 0 / 4                 0 / 104               0 / 104         MB/s
[2023-11-19T17:03:55.501+0800][gc,stats    ]      Memory: Defragment                                        0 / 0                 0 / 0                 0 / 0                 0 / 0           ops/s
[2023-11-19T17:03:55.501+0800][gc,stats    ]      Memory: Out Of Memory                                     0 / 0                 0 / 0                 0 / 0                 0 / 0           ops/s
[2023-11-19T17:03:55.501+0800][gc,stats    ]      Memory: Page Cache Flush                                  0 / 0                 0 / 0                 0 / 0                 0 / 0           MB/s
[2023-11-19T17:03:55.501+0800][gc,stats    ]      Memory: Page Cache Hit L1                                 0 / 0                 0 / 2                 0 / 29                0 / 29          ops/s
[2023-11-19T17:03:55.501+0800][gc,stats    ]      Memory: Page Cache Hit L2                                 0 / 0                 0 / 0                 0 / 0                 0 / 0           ops/s
[2023-11-19T17:03:55.501+0800][gc,stats    ]      Memory: Page Cache Hit L3                                 0 / 1                 0 / 1                 0 / 48                0 / 48          ops/s
[2023-11-19T17:03:55.501+0800][gc,stats    ]      Memory: Page Cache Miss                                   0 / 0                 0 / 0                 0 / 1                 0 / 1           ops/s
[2023-11-19T17:03:55.501+0800][gc,stats    ]      Memory: Uncommit                                          0 / 0                 0 / 0                 0 / 0                 0 / 0           MB/s
[2023-11-19T17:03:55.501+0800][gc,stats    ]      Memory: Undo Object Allocation Failed                     0 / 0                 0 / 0                 0 / 0                 0 / 0           ops/s
[2023-11-19T17:03:55.501+0800][gc,stats    ]      Memory: Undo Object Allocation Succeeded                  0 / 0                 0 / 0                 0 / 0                 0 / 0           ops/s
[2023-11-19T17:03:55.501+0800][gc,stats    ]      Memory: Undo Page Allocation                              0 / 0                 0 / 0                 0 / 0                 0 / 0           ops/s
[2023-11-19T17:03:55.501+0800][gc,stats    ]       Phase: Concurrent Mark                               0.000 / 0.000         0.000 / 0.000        13.801 / 15.394       13.801 / 15.394      ms
[2023-11-19T17:03:55.501+0800][gc,stats    ]       Phase: Concurrent Mark Continue                      0.000 / 0.000         0.000 / 0.000         0.000 / 0.000         0.000 / 0.000       ms
[2023-11-19T17:03:55.501+0800][gc,stats    ]       Phase: Concurrent Mark Free                          0.000 / 0.000         0.000 / 0.000         0.001 / 0.001         0.001 / 0.001       ms
[2023-11-19T17:03:55.501+0800][gc,stats    ]       Phase: Concurrent Process Non-Strong References      0.000 / 0.000         0.000 / 0.000         1.810 / 1.931         1.810 / 1.931       ms
[2023-11-19T17:03:55.501+0800][gc,stats    ]       Phase: Concurrent Relocate                           0.000 / 0.000         0.000 / 0.000         2.671 / 3.187         2.671 / 3.187       ms
[2023-11-19T17:03:55.501+0800][gc,stats    ]       Phase: Concurrent Reset Relocation Set               0.000 / 0.000         0.000 / 0.000         0.001 / 0.003         0.001 / 0.003       ms
[2023-11-19T17:03:55.501+0800][gc,stats    ]       Phase: Concurrent Select Relocation Set              0.000 / 0.000         0.000 / 0.000         4.627 / 7.839         4.627 / 7.839       ms
[2023-11-19T17:03:55.501+0800][gc,stats    ]       Phase: Pause Mark End                                0.000 / 0.000         0.000 / 0.000         0.016 / 0.018         0.016 / 0.018       ms
[2023-11-19T17:03:55.501+0800][gc,stats    ]       Phase: Pause Mark Start                              0.000 / 0.000         0.000 / 0.000         0.013 / 0.019         0.013 / 0.019       ms
[2023-11-19T17:03:55.501+0800][gc,stats    ]       Phase: Pause Relocate Start                          0.000 / 0.000         0.000 / 0.000         0.008 / 0.009         0.008 / 0.009       ms
[2023-11-19T17:03:55.501+0800][gc,stats    ]    Subphase: Concurrent Classes Purge                      0.000 / 0.000         0.000 / 0.000         0.047 / 0.049         0.047 / 0.049       ms
[2023-11-19T17:03:55.501+0800][gc,stats    ]    Subphase: Concurrent Classes Unlink                     0.000 / 0.000         0.000 / 0.000         1.263 / 1.295         1.263 / 1.295       ms
[2023-11-19T17:03:55.501+0800][gc,stats    ]    Subphase: Concurrent Mark                               0.000 / 0.000         0.000 / 0.000        11.825 / 13.159       11.825 / 13.159      ms
[2023-11-19T17:03:55.501+0800][gc,stats    ]    Subphase: Concurrent Mark Try Flush                     0.000 / 0.000         0.000 / 0.000         0.057 / 0.108         0.057 / 0.108       ms
[2023-11-19T17:03:55.501+0800][gc,stats    ]    Subphase: Concurrent Mark Try Terminate                 0.000 / 0.000         0.000 / 0.000         1.420 / 4.236         1.420 / 4.236       ms
[2023-11-19T17:03:55.501+0800][gc,stats    ]    Subphase: Concurrent References Enqueue                 0.000 / 0.000         0.000 / 0.000         0.004 / 0.004         0.004 / 0.004       ms
[2023-11-19T17:03:55.501+0800][gc,stats    ]    Subphase: Concurrent References Process                 0.000 / 0.000         0.000 / 0.000         0.090 / 0.101         0.090 / 0.101       ms
[2023-11-19T17:03:55.501+0800][gc,stats    ]    Subphase: Concurrent Roots ClassLoaderDataGraph         0.000 / 0.000         0.000 / 0.000         0.103 / 0.506         0.103 / 0.506       ms
[2023-11-19T17:03:55.501+0800][gc,stats    ]    Subphase: Concurrent Roots CodeCache                    0.000 / 0.000         0.000 / 0.000         0.000 / 0.000         0.000 / 0.000       ms
[2023-11-19T17:03:55.501+0800][gc,stats    ]    Subphase: Concurrent Roots JavaThreads                  0.000 / 0.000         0.000 / 0.000         1.129 / 2.106         1.129 / 2.106       ms
[2023-11-19T17:03:55.501+0800][gc,stats    ]    Subphase: Concurrent Roots OopStorageSet                0.000 / 0.000         0.000 / 0.000         0.036 / 0.058         0.036 / 0.058       ms
[2023-11-19T17:03:55.501+0800][gc,stats    ]    Subphase: Concurrent Weak Roots OopStorageSet           0.000 / 0.000         0.000 / 0.000         0.328 / 0.486         0.328 / 0.486       ms
[2023-11-19T17:03:55.501+0800][gc,stats    ]    Subphase: Pause Mark Try Complete                       0.000 / 0.000         0.000 / 0.000         0.000 / 0.000         0.000 / 0.000       ms
[2023-11-19T17:03:55.501+0800][gc,stats    ]      System: Java Threads                                      0 / 0                 0 / 0                39 / 54               39 / 54          threads
[2023-11-19T17:03:55.501+0800][gc,stats    ] =========================================================================================================================================================
[2023-11-19T17:04:05.501+0800][gc,stats    ] === Garbage Collection Statistics =======================================================================================================================
[2023-11-19T17:04:05.501+0800][gc,stats    ]                                                              Last 10s              Last 10m              Last 10h                Total
[2023-11-19T17:04:05.501+0800][gc,stats    ]                                                              Avg / Max             Avg / Max             Avg / Max             Avg / Max
[2023-11-19T17:04:05.501+0800][gc,stats    ]   Collector: Garbage Collection Cycle                      0.000 / 0.000         0.000 / 0.000        23.723 / 25.775       23.723 / 25.775      ms
[2023-11-19T17:04:05.501+0800][gc,stats    ]  Contention: Mark Segment Reset Contention                     0 / 0                 0 / 0                 0 / 3                 0 / 3           ops/s
[2023-11-19T17:04:05.501+0800][gc,stats    ]  Contention: Mark SeqNum Reset Contention                      0 / 0                 0 / 0                 0 / 0                 0 / 0           ops/s
[2023-11-19T17:04:05.501+0800][gc,stats    ]    Critical: Allocation Stall                                  0 / 0                 0 / 0                 0 / 0                 0 / 0           ops/s
[2023-11-19T17:04:05.501+0800][gc,stats    ]    Critical: Allocation Stall                              0.000 / 0.000         0.000 / 0.000         0.000 / 0.000         0.000 / 0.000       ms
[2023-11-19T17:04:05.501+0800][gc,stats    ]    Critical: GC Locker Stall                                   0 / 0                 0 / 0                 0 / 0                 0 / 0           ops/s
[2023-11-19T17:04:05.501+0800][gc,stats    ]    Critical: GC Locker Stall                               0.000 / 0.000         0.000 / 0.000         0.000 / 0.000         0.000 / 0.000       ms
[2023-11-19T17:04:05.501+0800][gc,stats    ]    Critical: Relocation Stall                                  0 / 0                 0 / 0                 0 / 0                 0 / 0           ops/s
[2023-11-19T17:04:05.501+0800][gc,stats    ]    Critical: Relocation Stall                              0.000 / 0.000         0.000 / 0.000         0.000 / 0.000         0.000 / 0.000       ms
[2023-11-19T17:04:05.501+0800][gc,stats    ]      Memory: Allocation Rate                                   0 / 0                 0 / 4                 0 / 104               0 / 104         MB/s
[2023-11-19T17:04:05.501+0800][gc,stats    ]      Memory: Defragment                                        0 / 0                 0 / 0                 0 / 0                 0 / 0           ops/s
[2023-11-19T17:04:05.501+0800][gc,stats    ]      Memory: Out Of Memory                                     0 / 0                 0 / 0                 0 / 0                 0 / 0           ops/s
[2023-11-19T17:04:05.501+0800][gc,stats    ]      Memory: Page Cache Flush                                  0 / 0                 0 / 0                 0 / 0                 0 / 0           MB/s
[2023-11-19T17:04:05.501+0800][gc,stats    ]      Memory: Page Cache Hit L1                                 0 / 0                 0 / 2                 0 / 29                0 / 29          ops/s
[2023-11-19T17:04:05.501+0800][gc,stats    ]      Memory: Page Cache Hit L2                                 0 / 0                 0 / 0                 0 / 0                 0 / 0           ops/s
[2023-11-19T17:04:05.501+0800][gc,stats    ]      Memory: Page Cache Hit L3                                 0 / 0                 0 / 1                 0 / 48                0 / 48          ops/s
[2023-11-19T17:04:05.501+0800][gc,stats    ]      Memory: Page Cache Miss                                   0 / 0                 0 / 0                 0 / 1                 0 / 1           ops/s
[2023-11-19T17:04:05.501+0800][gc,stats    ]      Memory: Uncommit                                          0 / 0                 0 / 0                 0 / 0                 0 / 0           MB/s
[2023-11-19T17:04:05.501+0800][gc,stats    ]      Memory: Undo Object Allocation Failed                     0 / 0                 0 / 0                 0 / 0                 0 / 0           ops/s
[2023-11-19T17:04:05.501+0800][gc,stats    ]      Memory: Undo Object Allocation Succeeded                  0 / 0                 0 / 0                 0 / 0                 0 / 0           ops/s
[2023-11-19T17:04:05.501+0800][gc,stats    ]      Memory: Undo Page Allocation                              0 / 0                 0 / 0                 0 / 0                 0 / 0           ops/s
[2023-11-19T17:04:05.501+0800][gc,stats    ]       Phase: Concurrent Mark                               0.000 / 0.000         0.000 / 0.000        13.801 / 15.394       13.801 / 15.394      ms
[2023-11-19T17:04:05.501+0800][gc,stats    ]       Phase: Concurrent Mark Continue                      0.000 / 0.000         0.000 / 0.000         0.000 / 0.000         0.000 / 0.000       ms
[2023-11-19T17:04:05.501+0800][gc,stats    ]       Phase: Concurrent Mark Free                          0.000 / 0.000         0.000 / 0.000         0.001 / 0.001         0.001 / 0.001       ms
[2023-11-19T17:04:05.501+0800][gc,stats    ]       Phase: Concurrent Process Non-Strong References      0.000 / 0.000         0.000 / 0.000         1.810 / 1.931         1.810 / 1.931       ms
[2023-11-19T17:04:05.501+0800][gc,stats    ]       Phase: Concurrent Relocate                           0.000 / 0.000         0.000 / 0.000         2.671 / 3.187         2.671 / 3.187       ms
[2023-11-19T17:04:05.501+0800][gc,stats    ]       Phase: Concurrent Reset Relocation Set               0.000 / 0.000         0.000 / 0.000         0.001 / 0.003         0.001 / 0.003       ms
[2023-11-19T17:04:05.501+0800][gc,stats    ]       Phase: Concurrent Select Relocation Set              0.000 / 0.000         0.000 / 0.000         4.627 / 7.839         4.627 / 7.839       ms
[2023-11-19T17:04:05.501+0800][gc,stats    ]       Phase: Pause Mark End                                0.000 / 0.000         0.000 / 0.000         0.016 / 0.018         0.016 / 0.018       ms
[2023-11-19T17:04:05.501+0800][gc,stats    ]       Phase: Pause Mark Start                              0.000 / 0.000         0.000 / 0.000         0.013 / 0.019         0.013 / 0.019       ms
[2023-11-19T17:04:05.501+0800][gc,stats    ]       Phase: Pause Relocate Start                          0.000 / 0.000         0.000 / 0.000         0.008 / 0.009         0.008 / 0.009       ms
[2023-11-19T17:04:05.501+0800][gc,stats    ]    Subphase: Concurrent Classes Purge                      0.000 / 0.000         0.000 / 0.000         0.047 / 0.049         0.047 / 0.049       ms
[2023-11-19T17:04:05.501+0800][gc,stats    ]    Subphase: Concurrent Classes Unlink                     0.000 / 0.000         0.000 / 0.000         1.263 / 1.295         1.263 / 1.295       ms
[2023-11-19T17:04:05.501+0800][gc,stats    ]    Subphase: Concurrent Mark                               0.000 / 0.000         0.000 / 0.000        11.825 / 13.159       11.825 / 13.159      ms
[2023-11-19T17:04:05.501+0800][gc,stats    ]    Subphase: Concurrent Mark Try Flush                     0.000 / 0.000         0.000 / 0.000         0.057 / 0.108         0.057 / 0.108       ms
[2023-11-19T17:04:05.501+0800][gc,stats    ]    Subphase: Concurrent Mark Try Terminate                 0.000 / 0.000         0.000 / 0.000         1.420 / 4.236         1.420 / 4.236       ms
[2023-11-19T17:04:05.501+0800][gc,stats    ]    Subphase: Concurrent References Enqueue                 0.000 / 0.000         0.000 / 0.000         0.004 / 0.004         0.004 / 0.004       ms
[2023-11-19T17:04:05.501+0800][gc,stats    ]    Subphase: Concurrent References Process                 0.000 / 0.000         0.000 / 0.000         0.090 / 0.101         0.090 / 0.101       ms
[2023-11-19T17:04:05.501+0800][gc,stats    ]    Subphase: Concurrent Roots ClassLoaderDataGraph         0.000 / 0.000         0.000 / 0.000         0.103 / 0.506         0.103 / 0.506       ms
[2023-11-19T17:04:05.501+0800][gc,stats    ]    Subphase: Concurrent Roots CodeCache                    0.000 / 0.000         0.000 / 0.000         0.000 / 0.000         0.000 / 0.000       ms
[2023-11-19T17:04:05.501+0800][gc,stats    ]    Subphase: Concurrent Roots JavaThreads                  0.000 / 0.000         0.000 / 0.000         1.129 / 2.106         1.129 / 2.106       ms
[2023-11-19T17:04:05.501+0800][gc,stats    ]    Subphase: Concurrent Roots OopStorageSet                0.000 / 0.000         0.000 / 0.000         0.036 / 0.058         0.036 / 0.058       ms
[2023-11-19T17:04:05.501+0800][gc,stats    ]    Subphase: Concurrent Weak Roots OopStorageSet           0.000 / 0.000         0.000 / 0.000         0.328 / 0.486         0.328 / 0.486       ms
[2023-11-19T17:04:05.501+0800][gc,stats    ]    Subphase: Pause Mark Try Complete                       0.000 / 0.000         0.000 / 0.000         0.000 / 0.000         0.000 / 0.000       ms
[2023-11-19T17:04:05.501+0800][gc,stats    ]      System: Java Threads                                      0 / 0                 0 / 0                39 / 54               39 / 54          threads
[2023-11-19T17:04:05.502+0800][gc,stats    ] =========================================================================================================================================================
[2023-11-19T17:04:15.501+0800][gc,stats    ] === Garbage Collection Statistics =======================================================================================================================
[2023-11-19T17:04:15.501+0800][gc,stats    ]                                                              Last 10s              Last 10m              Last 10h                Total
[2023-11-19T17:04:15.501+0800][gc,stats    ]                                                              Avg / Max             Avg / Max             Avg / Max             Avg / Max
[2023-11-19T17:04:15.501+0800][gc,stats    ]   Collector: Garbage Collection Cycle                      0.000 / 0.000         0.000 / 0.000        23.723 / 25.775       23.723 / 25.775      ms
[2023-11-19T17:04:15.501+0800][gc,stats    ]  Contention: Mark Segment Reset Contention                     0 / 0                 0 / 0                 0 / 3                 0 / 3           ops/s
[2023-11-19T17:04:15.501+0800][gc,stats    ]  Contention: Mark SeqNum Reset Contention                      0 / 0                 0 / 0                 0 / 0                 0 / 0           ops/s
[2023-11-19T17:04:15.501+0800][gc,stats    ]    Critical: Allocation Stall                                  0 / 0                 0 / 0                 0 / 0                 0 / 0           ops/s
[2023-11-19T17:04:15.501+0800][gc,stats    ]    Critical: Allocation Stall                              0.000 / 0.000         0.000 / 0.000         0.000 / 0.000         0.000 / 0.000       ms
[2023-11-19T17:04:15.501+0800][gc,stats    ]    Critical: GC Locker Stall                                   0 / 0                 0 / 0                 0 / 0                 0 / 0           ops/s
[2023-11-19T17:04:15.501+0800][gc,stats    ]    Critical: GC Locker Stall                               0.000 / 0.000         0.000 / 0.000         0.000 / 0.000         0.000 / 0.000       ms
[2023-11-19T17:04:15.501+0800][gc,stats    ]    Critical: Relocation Stall                                  0 / 0                 0 / 0                 0 / 0                 0 / 0           ops/s
[2023-11-19T17:04:15.501+0800][gc,stats    ]    Critical: Relocation Stall                              0.000 / 0.000         0.000 / 0.000         0.000 / 0.000         0.000 / 0.000       ms
[2023-11-19T17:04:15.501+0800][gc,stats    ]      Memory: Allocation Rate                                   0 / 0                 0 / 4                 0 / 104               0 / 104         MB/s
[2023-11-19T17:04:15.501+0800][gc,stats    ]      Memory: Defragment                                        0 / 0                 0 / 0                 0 / 0                 0 / 0           ops/s
[2023-11-19T17:04:15.501+0800][gc,stats    ]      Memory: Out Of Memory                                     0 / 0                 0 / 0                 0 / 0                 0 / 0           ops/s
[2023-11-19T17:04:15.501+0800][gc,stats    ]      Memory: Page Cache Flush                                  0 / 0                 0 / 0                 0 / 0                 0 / 0           MB/s
[2023-11-19T17:04:15.501+0800][gc,stats    ]      Memory: Page Cache Hit L1                                 0 / 0                 0 / 2                 0 / 29                0 / 29          ops/s
[2023-11-19T17:04:15.501+0800][gc,stats    ]      Memory: Page Cache Hit L2                                 0 / 0                 0 / 0                 0 / 0                 0 / 0           ops/s
[2023-11-19T17:04:15.501+0800][gc,stats    ]      Memory: Page Cache Hit L3                                 0 / 0                 0 / 1                 0 / 48                0 / 48          ops/s
[2023-11-19T17:04:15.501+0800][gc,stats    ]      Memory: Page Cache Miss                                   0 / 0                 0 / 0                 0 / 1                 0 / 1           ops/s
[2023-11-19T17:04:15.501+0800][gc,stats    ]      Memory: Uncommit                                          0 / 0                 0 / 0                 0 / 0                 0 / 0           MB/s
[2023-11-19T17:04:15.501+0800][gc,stats    ]      Memory: Undo Object Allocation Failed                     0 / 0                 0 / 0                 0 / 0                 0 / 0           ops/s
[2023-11-19T17:04:15.501+0800][gc,stats    ]      Memory: Undo Object Allocation Succeeded                  0 / 0                 0 / 0                 0 / 0                 0 / 0           ops/s
[2023-11-19T17:04:15.501+0800][gc,stats    ]      Memory: Undo Page Allocation                              0 / 0                 0 / 0                 0 / 0                 0 / 0           ops/s
[2023-11-19T17:04:15.501+0800][gc,stats    ]       Phase: Concurrent Mark                               0.000 / 0.000         0.000 / 0.000        13.801 / 15.394       13.801 / 15.394      ms
[2023-11-19T17:04:15.501+0800][gc,stats    ]       Phase: Concurrent Mark Continue                      0.000 / 0.000         0.000 / 0.000         0.000 / 0.000         0.000 / 0.000       ms
[2023-11-19T17:04:15.501+0800][gc,stats    ]       Phase: Concurrent Mark Free                          0.000 / 0.000         0.000 / 0.000         0.001 / 0.001         0.001 / 0.001       ms
[2023-11-19T17:04:15.501+0800][gc,stats    ]       Phase: Concurrent Process Non-Strong References      0.000 / 0.000         0.000 / 0.000         1.810 / 1.931         1.810 / 1.931       ms
[2023-11-19T17:04:15.501+0800][gc,stats    ]       Phase: Concurrent Relocate                           0.000 / 0.000         0.000 / 0.000         2.671 / 3.187         2.671 / 3.187       ms
[2023-11-19T17:04:15.501+0800][gc,stats    ]       Phase: Concurrent Reset Relocation Set               0.000 / 0.000         0.000 / 0.000         0.001 / 0.003         0.001 / 0.003       ms
[2023-11-19T17:04:15.501+0800][gc,stats    ]       Phase: Concurrent Select Relocation Set              0.000 / 0.000         0.000 / 0.000         4.627 / 7.839         4.627 / 7.839       ms
[2023-11-19T17:04:15.501+0800][gc,stats    ]       Phase: Pause Mark End                                0.000 / 0.000         0.000 / 0.000         0.016 / 0.018         0.016 / 0.018       ms
[2023-11-19T17:04:15.501+0800][gc,stats    ]       Phase: Pause Mark Start                              0.000 / 0.000         0.000 / 0.000         0.013 / 0.019         0.013 / 0.019       ms
[2023-11-19T17:04:15.501+0800][gc,stats    ]       Phase: Pause Relocate Start                          0.000 / 0.000         0.000 / 0.000         0.008 / 0.009         0.008 / 0.009       ms
[2023-11-19T17:04:15.501+0800][gc,stats    ]    Subphase: Concurrent Classes Purge                      0.000 / 0.000         0.000 / 0.000         0.047 / 0.049         0.047 / 0.049       ms
[2023-11-19T17:04:15.501+0800][gc,stats    ]    Subphase: Concurrent Classes Unlink                     0.000 / 0.000         0.000 / 0.000         1.263 / 1.295         1.263 / 1.295       ms
[2023-11-19T17:04:15.501+0800][gc,stats    ]    Subphase: Concurrent Mark                               0.000 / 0.000         0.000 / 0.000        11.825 / 13.159       11.825 / 13.159      ms
[2023-11-19T17:04:15.501+0800][gc,stats    ]    Subphase: Concurrent Mark Try Flush                     0.000 / 0.000         0.000 / 0.000         0.057 / 0.108         0.057 / 0.108       ms
[2023-11-19T17:04:15.501+0800][gc,stats    ]    Subphase: Concurrent Mark Try Terminate                 0.000 / 0.000         0.000 / 0.000         1.420 / 4.236         1.420 / 4.236       ms
[2023-11-19T17:04:15.501+0800][gc,stats    ]    Subphase: Concurrent References Enqueue                 0.000 / 0.000         0.000 / 0.000         0.004 / 0.004         0.004 / 0.004       ms
[2023-11-19T17:04:15.501+0800][gc,stats    ]    Subphase: Concurrent References Process                 0.000 / 0.000         0.000 / 0.000         0.090 / 0.101         0.090 / 0.101       ms
[2023-11-19T17:04:15.501+0800][gc,stats    ]    Subphase: Concurrent Roots ClassLoaderDataGraph         0.000 / 0.000         0.000 / 0.000         0.103 / 0.506         0.103 / 0.506       ms
[2023-11-19T17:04:15.501+0800][gc,stats    ]    Subphase: Concurrent Roots CodeCache                    0.000 / 0.000         0.000 / 0.000         0.000 / 0.000         0.000 / 0.000       ms
[2023-11-19T17:04:15.501+0800][gc,stats    ]    Subphase: Concurrent Roots JavaThreads                  0.000 / 0.000         0.000 / 0.000         1.129 / 2.106         1.129 / 2.106       ms
[2023-11-19T17:04:15.501+0800][gc,stats    ]    Subphase: Concurrent Roots OopStorageSet                0.000 / 0.000         0.000 / 0.000         0.036 / 0.058         0.036 / 0.058       ms
[2023-11-19T17:04:15.501+0800][gc,stats    ]    Subphase: Concurrent Weak Roots OopStorageSet           0.000 / 0.000         0.000 / 0.000         0.328 / 0.486         0.328 / 0.486       ms
[2023-11-19T17:04:15.501+0800][gc,stats    ]    Subphase: Pause Mark Try Complete                       0.000 / 0.000         0.000 / 0.000         0.000 / 0.000         0.000 / 0.000       ms
[2023-11-19T17:04:15.501+0800][gc,stats    ]      System: Java Threads                                      0 / 0                 0 / 0                39 / 54               39 / 54          threads
[2023-11-19T17:04:15.501+0800][gc,stats    ] =========================================================================================================================================================
[2023-11-19T17:04:25.501+0800][gc,stats    ] === Garbage Collection Statistics =======================================================================================================================
[2023-11-19T17:04:25.501+0800][gc,stats    ]                                                              Last 10s              Last 10m              Last 10h                Total
[2023-11-19T17:04:25.501+0800][gc,stats    ]                                                              Avg / Max             Avg / Max             Avg / Max             Avg / Max
[2023-11-19T17:04:25.501+0800][gc,stats    ]   Collector: Garbage Collection Cycle                      0.000 / 0.000         0.000 / 0.000        23.723 / 25.775       23.723 / 25.775      ms
[2023-11-19T17:04:25.501+0800][gc,stats    ]  Contention: Mark Segment Reset Contention                     0 / 0                 0 / 0                 0 / 3                 0 / 3           ops/s
[2023-11-19T17:04:25.501+0800][gc,stats    ]  Contention: Mark SeqNum Reset Contention                      0 / 0                 0 / 0                 0 / 0                 0 / 0           ops/s
[2023-11-19T17:04:25.501+0800][gc,stats    ]    Critical: Allocation Stall                                  0 / 0                 0 / 0                 0 / 0                 0 / 0           ops/s
[2023-11-19T17:04:25.501+0800][gc,stats    ]    Critical: Allocation Stall                              0.000 / 0.000         0.000 / 0.000         0.000 / 0.000         0.000 / 0.000       ms
[2023-11-19T17:04:25.501+0800][gc,stats    ]    Critical: GC Locker Stall                                   0 / 0                 0 / 0                 0 / 0                 0 / 0           ops/s
[2023-11-19T17:04:25.501+0800][gc,stats    ]    Critical: GC Locker Stall                               0.000 / 0.000         0.000 / 0.000         0.000 / 0.000         0.000 / 0.000       ms
[2023-11-19T17:04:25.501+0800][gc,stats    ]    Critical: Relocation Stall                                  0 / 0                 0 / 0                 0 / 0                 0 / 0           ops/s
[2023-11-19T17:04:25.501+0800][gc,stats    ]    Critical: Relocation Stall                              0.000 / 0.000         0.000 / 0.000         0.000 / 0.000         0.000 / 0.000       ms
[2023-11-19T17:04:25.501+0800][gc,stats    ]      Memory: Allocation Rate                                   0 / 4                 0 / 4                 0 / 104               0 / 104         MB/s
[2023-11-19T17:04:25.501+0800][gc,stats    ]      Memory: Defragment                                        0 / 0                 0 / 0                 0 / 0                 0 / 0           ops/s
[2023-11-19T17:04:25.501+0800][gc,stats    ]      Memory: Out Of Memory                                     0 / 0                 0 / 0                 0 / 0                 0 / 0           ops/s
[2023-11-19T17:04:25.501+0800][gc,stats    ]      Memory: Page Cache Flush                                  0 / 0                 0 / 0                 0 / 0                 0 / 0           MB/s
[2023-11-19T17:04:25.501+0800][gc,stats    ]      Memory: Page Cache Hit L1                                 0 / 0                 0 / 2                 0 / 29                0 / 29          ops/s
[2023-11-19T17:04:25.501+0800][gc,stats    ]      Memory: Page Cache Hit L2                                 0 / 0                 0 / 0                 0 / 0                 0 / 0           ops/s
[2023-11-19T17:04:25.501+0800][gc,stats    ]      Memory: Page Cache Hit L3                                 0 / 2                 0 / 2                 0 / 48                0 / 48          ops/s
[2023-11-19T17:04:25.501+0800][gc,stats    ]      Memory: Page Cache Miss                                   0 / 0                 0 / 0                 0 / 1                 0 / 1           ops/s
[2023-11-19T17:04:25.501+0800][gc,stats    ]      Memory: Uncommit                                          0 / 0                 0 / 0                 0 / 0                 0 / 0           MB/s
[2023-11-19T17:04:25.501+0800][gc,stats    ]      Memory: Undo Object Allocation Failed                     0 / 0                 0 / 0                 0 / 0                 0 / 0           ops/s
[2023-11-19T17:04:25.501+0800][gc,stats    ]      Memory: Undo Object Allocation Succeeded                  0 / 0                 0 / 0                 0 / 0                 0 / 0           ops/s
[2023-11-19T17:04:25.501+0800][gc,stats    ]      Memory: Undo Page Allocation                              0 / 0                 0 / 0                 0 / 0                 0 / 0           ops/s
[2023-11-19T17:04:25.501+0800][gc,stats    ]       Phase: Concurrent Mark                               0.000 / 0.000         0.000 / 0.000        13.801 / 15.394       13.801 / 15.394      ms
[2023-11-19T17:04:25.501+0800][gc,stats    ]       Phase: Concurrent Mark Continue                      0.000 / 0.000         0.000 / 0.000         0.000 / 0.000         0.000 / 0.000       ms
[2023-11-19T17:04:25.501+0800][gc,stats    ]       Phase: Concurrent Mark Free                          0.000 / 0.000         0.000 / 0.000         0.001 / 0.001         0.001 / 0.001       ms
[2023-11-19T17:04:25.501+0800][gc,stats    ]       Phase: Concurrent Process Non-Strong References      0.000 / 0.000         0.000 / 0.000         1.810 / 1.931         1.810 / 1.931       ms
[2023-11-19T17:04:25.501+0800][gc,stats    ]       Phase: Concurrent Relocate                           0.000 / 0.000         0.000 / 0.000         2.671 / 3.187         2.671 / 3.187       ms
[2023-11-19T17:04:25.501+0800][gc,stats    ]       Phase: Concurrent Reset Relocation Set               0.000 / 0.000         0.000 / 0.000         0.001 / 0.003         0.001 / 0.003       ms
[2023-11-19T17:04:25.501+0800][gc,stats    ]       Phase: Concurrent Select Relocation Set              0.000 / 0.000         0.000 / 0.000         4.627 / 7.839         4.627 / 7.839       ms
[2023-11-19T17:04:25.501+0800][gc,stats    ]       Phase: Pause Mark End                                0.000 / 0.000         0.000 / 0.000         0.016 / 0.018         0.016 / 0.018       ms
[2023-11-19T17:04:25.501+0800][gc,stats    ]       Phase: Pause Mark Start                              0.000 / 0.000         0.000 / 0.000         0.013 / 0.019         0.013 / 0.019       ms
[2023-11-19T17:04:25.501+0800][gc,stats    ]       Phase: Pause Relocate Start                          0.000 / 0.000         0.000 / 0.000         0.008 / 0.009         0.008 / 0.009       ms
[2023-11-19T17:04:25.501+0800][gc,stats    ]    Subphase: Concurrent Classes Purge                      0.000 / 0.000         0.000 / 0.000         0.047 / 0.049         0.047 / 0.049       ms
[2023-11-19T17:04:25.501+0800][gc,stats    ]    Subphase: Concurrent Classes Unlink                     0.000 / 0.000         0.000 / 0.000         1.263 / 1.295         1.263 / 1.295       ms
[2023-11-19T17:04:25.501+0800][gc,stats    ]    Subphase: Concurrent Mark                               0.000 / 0.000         0.000 / 0.000        11.825 / 13.159       11.825 / 13.159      ms
[2023-11-19T17:04:25.501+0800][gc,stats    ]    Subphase: Concurrent Mark Try Flush                     0.000 / 0.000         0.000 / 0.000         0.057 / 0.108         0.057 / 0.108       ms
[2023-11-19T17:04:25.501+0800][gc,stats    ]    Subphase: Concurrent Mark Try Terminate                 0.000 / 0.000         0.000 / 0.000         1.420 / 4.236         1.420 / 4.236       ms
[2023-11-19T17:04:25.501+0800][gc,stats    ]    Subphase: Concurrent References Enqueue                 0.000 / 0.000         0.000 / 0.000         0.004 / 0.004         0.004 / 0.004       ms
[2023-11-19T17:04:25.501+0800][gc,stats    ]    Subphase: Concurrent References Process                 0.000 / 0.000         0.000 / 0.000         0.090 / 0.101         0.090 / 0.101       ms
[2023-11-19T17:04:25.501+0800][gc,stats    ]    Subphase: Concurrent Roots ClassLoaderDataGraph         0.000 / 0.000         0.000 / 0.000         0.103 / 0.506         0.103 / 0.506       ms
[2023-11-19T17:04:25.501+0800][gc,stats    ]    Subphase: Concurrent Roots CodeCache                    0.000 / 0.000         0.000 / 0.000         0.000 / 0.000         0.000 / 0.000       ms
[2023-11-19T17:04:25.501+0800][gc,stats    ]    Subphase: Concurrent Roots JavaThreads                  0.000 / 0.000         0.000 / 0.000         1.129 / 2.106         1.129 / 2.106       ms
[2023-11-19T17:04:25.501+0800][gc,stats    ]    Subphase: Concurrent Roots OopStorageSet                0.000 / 0.000         0.000 / 0.000         0.036 / 0.058         0.036 / 0.058       ms
[2023-11-19T17:04:25.501+0800][gc,stats    ]    Subphase: Concurrent Weak Roots OopStorageSet           0.000 / 0.000         0.000 / 0.000         0.328 / 0.486         0.328 / 0.486       ms
[2023-11-19T17:04:25.501+0800][gc,stats    ]    Subphase: Pause Mark Try Complete                       0.000 / 0.000         0.000 / 0.000         0.000 / 0.000         0.000 / 0.000       ms
[2023-11-19T17:04:25.501+0800][gc,stats    ]      System: Java Threads                                      0 / 0                 0 / 0                39 / 54               39 / 54          threads
[2023-11-19T17:04:25.501+0800][gc,stats    ] =========================================================================================================================================================
[2023-11-19T17:04:35.513+0800][gc,stats    ] === Garbage Collection Statistics =======================================================================================================================
[2023-11-19T17:04:35.513+0800][gc,stats    ]                                                              Last 10s              Last 10m              Last 10h                Total
[2023-11-19T17:04:35.513+0800][gc,stats    ]                                                              Avg / Max             Avg / Max             Avg / Max             Avg / Max
[2023-11-19T17:04:35.513+0800][gc,stats    ]   Collector: Garbage Collection Cycle                      0.000 / 0.000         0.000 / 0.000        23.723 / 25.775       23.723 / 25.775      ms
[2023-11-19T17:04:35.513+0800][gc,stats    ]  Contention: Mark Segment Reset Contention                     0 / 0                 0 / 0                 0 / 3                 0 / 3           ops/s
[2023-11-19T17:04:35.513+0800][gc,stats    ]  Contention: Mark SeqNum Reset Contention                      0 / 0                 0 / 0                 0 / 0                 0 / 0           ops/s
[2023-11-19T17:04:35.513+0800][gc,stats    ]    Critical: Allocation Stall                                  0 / 0                 0 / 0                 0 / 0                 0 / 0           ops/s
[2023-11-19T17:04:35.513+0800][gc,stats    ]    Critical: Allocation Stall                              0.000 / 0.000         0.000 / 0.000         0.000 / 0.000         0.000 / 0.000       ms
[2023-11-19T17:04:35.513+0800][gc,stats    ]    Critical: GC Locker Stall                                   0 / 0                 0 / 0                 0 / 0                 0 / 0           ops/s
[2023-11-19T17:04:35.513+0800][gc,stats    ]    Critical: GC Locker Stall                               0.000 / 0.000         0.000 / 0.000         0.000 / 0.000         0.000 / 0.000       ms
[2023-11-19T17:04:35.513+0800][gc,stats    ]    Critical: Relocation Stall                                  0 / 0                 0 / 0                 0 / 0                 0 / 0           ops/s
[2023-11-19T17:04:35.513+0800][gc,stats    ]    Critical: Relocation Stall                              0.000 / 0.000         0.000 / 0.000         0.000 / 0.000         0.000 / 0.000       ms
[2023-11-19T17:04:35.513+0800][gc,stats    ]      Memory: Allocation Rate                                   0 / 2                 0 / 4                 0 / 104               0 / 104         MB/s
[2023-11-19T17:04:35.513+0800][gc,stats    ]      Memory: Defragment                                        0 / 0                 0 / 0                 0 / 0                 0 / 0           ops/s
[2023-11-19T17:04:35.513+0800][gc,stats    ]      Memory: Out Of Memory                                     0 / 0                 0 / 0                 0 / 0                 0 / 0           ops/s
[2023-11-19T17:04:35.513+0800][gc,stats    ]      Memory: Page Cache Flush                                  0 / 0                 0 / 0                 0 / 0                 0 / 0           MB/s
[2023-11-19T17:04:35.513+0800][gc,stats    ]      Memory: Page Cache Hit L1                                 0 / 0                 0 / 2                 0 / 29                0 / 29          ops/s
[2023-11-19T17:04:35.513+0800][gc,stats    ]      Memory: Page Cache Hit L2                                 0 / 0                 0 / 0                 0 / 0                 0 / 0           ops/s
[2023-11-19T17:04:35.513+0800][gc,stats    ]      Memory: Page Cache Hit L3                                 0 / 1                 0 / 2                 0 / 48                0 / 48          ops/s
[2023-11-19T17:04:35.513+0800][gc,stats    ]      Memory: Page Cache Miss                                   0 / 0                 0 / 0                 0 / 1                 0 / 1           ops/s
[2023-11-19T17:04:35.513+0800][gc,stats    ]      Memory: Uncommit                                          0 / 0                 0 / 0                 0 / 0                 0 / 0           MB/s
[2023-11-19T17:04:35.513+0800][gc,stats    ]      Memory: Undo Object Allocation Failed                     0 / 0                 0 / 0                 0 / 0                 0 / 0           ops/s
[2023-11-19T17:04:35.513+0800][gc,stats    ]      Memory: Undo Object Allocation Succeeded                  0 / 0                 0 / 0                 0 / 0                 0 / 0           ops/s
[2023-11-19T17:04:35.513+0800][gc,stats    ]      Memory: Undo Page Allocation                              0 / 0                 0 / 0                 0 / 0                 0 / 0           ops/s
[2023-11-19T17:04:35.513+0800][gc,stats    ]       Phase: Concurrent Mark                               0.000 / 0.000         0.000 / 0.000        13.801 / 15.394       13.801 / 15.394      ms
[2023-11-19T17:04:35.513+0800][gc,stats    ]       Phase: Concurrent Mark Continue                      0.000 / 0.000         0.000 / 0.000         0.000 / 0.000         0.000 / 0.000       ms
[2023-11-19T17:04:35.513+0800][gc,stats    ]       Phase: Concurrent Mark Free                          0.000 / 0.000         0.000 / 0.000         0.001 / 0.001         0.001 / 0.001       ms
[2023-11-19T17:04:35.513+0800][gc,stats    ]       Phase: Concurrent Process Non-Strong References      0.000 / 0.000         0.000 / 0.000         1.810 / 1.931         1.810 / 1.931       ms
[2023-11-19T17:04:35.513+0800][gc,stats    ]       Phase: Concurrent Relocate                           0.000 / 0.000         0.000 / 0.000         2.671 / 3.187         2.671 / 3.187       ms
[2023-11-19T17:04:35.513+0800][gc,stats    ]       Phase: Concurrent Reset Relocation Set               0.000 / 0.000         0.000 / 0.000         0.001 / 0.003         0.001 / 0.003       ms
[2023-11-19T17:04:35.513+0800][gc,stats    ]       Phase: Concurrent Select Relocation Set              0.000 / 0.000         0.000 / 0.000         4.627 / 7.839         4.627 / 7.839       ms
[2023-11-19T17:04:35.513+0800][gc,stats    ]       Phase: Pause Mark End                                0.000 / 0.000         0.000 / 0.000         0.016 / 0.018         0.016 / 0.018       ms
[2023-11-19T17:04:35.513+0800][gc,stats    ]       Phase: Pause Mark Start                              0.000 / 0.000         0.000 / 0.000         0.013 / 0.019         0.013 / 0.019       ms
[2023-11-19T17:04:35.513+0800][gc,stats    ]       Phase: Pause Relocate Start                          0.000 / 0.000         0.000 / 0.000         0.008 / 0.009         0.008 / 0.009       ms
[2023-11-19T17:04:35.513+0800][gc,stats    ]    Subphase: Concurrent Classes Purge                      0.000 / 0.000         0.000 / 0.000         0.047 / 0.049         0.047 / 0.049       ms
[2023-11-19T17:04:35.513+0800][gc,stats    ]    Subphase: Concurrent Classes Unlink                     0.000 / 0.000         0.000 / 0.000         1.263 / 1.295         1.263 / 1.295       ms
[2023-11-19T17:04:35.513+0800][gc,stats    ]    Subphase: Concurrent Mark                               0.000 / 0.000         0.000 / 0.000        11.825 / 13.159       11.825 / 13.159      ms
[2023-11-19T17:04:35.513+0800][gc,stats    ]    Subphase: Concurrent Mark Try Flush                     0.000 / 0.000         0.000 / 0.000         0.057 / 0.108         0.057 / 0.108       ms
[2023-11-19T17:04:35.513+0800][gc,stats    ]    Subphase: Concurrent Mark Try Terminate                 0.000 / 0.000         0.000 / 0.000         1.420 / 4.236         1.420 / 4.236       ms
[2023-11-19T17:04:35.513+0800][gc,stats    ]    Subphase: Concurrent References Enqueue                 0.000 / 0.000         0.000 / 0.000         0.004 / 0.004         0.004 / 0.004       ms
[2023-11-19T17:04:35.513+0800][gc,stats    ]    Subphase: Concurrent References Process                 0.000 / 0.000         0.000 / 0.000         0.090 / 0.101         0.090 / 0.101       ms
[2023-11-19T17:04:35.513+0800][gc,stats    ]    Subphase: Concurrent Roots ClassLoaderDataGraph         0.000 / 0.000         0.000 / 0.000         0.103 / 0.506         0.103 / 0.506       ms
[2023-11-19T17:04:35.513+0800][gc,stats    ]    Subphase: Concurrent Roots CodeCache                    0.000 / 0.000         0.000 / 0.000         0.000 / 0.000         0.000 / 0.000       ms
[2023-11-19T17:04:35.513+0800][gc,stats    ]    Subphase: Concurrent Roots JavaThreads                  0.000 / 0.000         0.000 / 0.000         1.129 / 2.106         1.129 / 2.106       ms
[2023-11-19T17:04:35.513+0800][gc,stats    ]    Subphase: Concurrent Roots OopStorageSet                0.000 / 0.000         0.000 / 0.000         0.036 / 0.058         0.036 / 0.058       ms
[2023-11-19T17:04:35.513+0800][gc,stats    ]    Subphase: Concurrent Weak Roots OopStorageSet           0.000 / 0.000         0.000 / 0.000         0.328 / 0.486         0.328 / 0.486       ms
[2023-11-19T17:04:35.513+0800][gc,stats    ]    Subphase: Pause Mark Try Complete                       0.000 / 0.000         0.000 / 0.000         0.000 / 0.000         0.000 / 0.000       ms
[2023-11-19T17:04:35.513+0800][gc,stats    ]      System: Java Threads                                      0 / 0                 0 / 0                39 / 54               39 / 54          threads
[2023-11-19T17:04:35.513+0800][gc,stats    ] =========================================================================================================================================================
[2023-11-19T17:04:45.501+0800][gc,stats    ] === Garbage Collection Statistics =======================================================================================================================
[2023-11-19T17:04:45.501+0800][gc,stats    ]                                                              Last 10s              Last 10m              Last 10h                Total
[2023-11-19T17:04:45.501+0800][gc,stats    ]                                                              Avg / Max             Avg / Max             Avg / Max             Avg / Max
[2023-11-19T17:04:45.501+0800][gc,stats    ]   Collector: Garbage Collection Cycle                      0.000 / 0.000         0.000 / 0.000        23.723 / 25.775       23.723 / 25.775      ms
[2023-11-19T17:04:45.501+0800][gc,stats    ]  Contention: Mark Segment Reset Contention                     0 / 0                 0 / 0                 0 / 3                 0 / 3           ops/s
[2023-11-19T17:04:45.501+0800][gc,stats    ]  Contention: Mark SeqNum Reset Contention                      0 / 0                 0 / 0                 0 / 0                 0 / 0           ops/s
[2023-11-19T17:04:45.501+0800][gc,stats    ]    Critical: Allocation Stall                                  0 / 0                 0 / 0                 0 / 0                 0 / 0           ops/s
[2023-11-19T17:04:45.501+0800][gc,stats    ]    Critical: Allocation Stall                              0.000 / 0.000         0.000 / 0.000         0.000 / 0.000         0.000 / 0.000       ms
[2023-11-19T17:04:45.501+0800][gc,stats    ]    Critical: GC Locker Stall                                   0 / 0                 0 / 0                 0 / 0                 0 / 0           ops/s
[2023-11-19T17:04:45.501+0800][gc,stats    ]    Critical: GC Locker Stall                               0.000 / 0.000         0.000 / 0.000         0.000 / 0.000         0.000 / 0.000       ms
[2023-11-19T17:04:45.501+0800][gc,stats    ]    Critical: Relocation Stall                                  0 / 0                 0 / 0                 0 / 0                 0 / 0           ops/s
[2023-11-19T17:04:45.501+0800][gc,stats    ]    Critical: Relocation Stall                              0.000 / 0.000         0.000 / 0.000         0.000 / 0.000         0.000 / 0.000       ms
[2023-11-19T17:04:45.501+0800][gc,stats    ]      Memory: Allocation Rate                                   0 / 2                 0 / 4                 0 / 104               0 / 104         MB/s
[2023-11-19T17:04:45.501+0800][gc,stats    ]      Memory: Defragment                                        0 / 0                 0 / 0                 0 / 0                 0 / 0           ops/s
[2023-11-19T17:04:45.501+0800][gc,stats    ]      Memory: Out Of Memory                                     0 / 0                 0 / 0                 0 / 0                 0 / 0           ops/s
[2023-11-19T17:04:45.501+0800][gc,stats    ]      Memory: Page Cache Flush                                  0 / 0                 0 / 0                 0 / 0                 0 / 0           MB/s
[2023-11-19T17:04:45.501+0800][gc,stats    ]      Memory: Page Cache Hit L1                                 0 / 0                 0 / 2                 0 / 29                0 / 29          ops/s
[2023-11-19T17:04:45.501+0800][gc,stats    ]      Memory: Page Cache Hit L2                                 0 / 0                 0 / 0                 0 / 0                 0 / 0           ops/s
[2023-11-19T17:04:45.501+0800][gc,stats    ]      Memory: Page Cache Hit L3                                 0 / 1                 0 / 2                 0 / 48                0 / 48          ops/s
[2023-11-19T17:04:45.501+0800][gc,stats    ]      Memory: Page Cache Miss                                   0 / 0                 0 / 0                 0 / 1                 0 / 1           ops/s
[2023-11-19T17:04:45.501+0800][gc,stats    ]      Memory: Uncommit                                          0 / 0                 0 / 0                 0 / 0                 0 / 0           MB/s
[2023-11-19T17:04:45.501+0800][gc,stats    ]      Memory: Undo Object Allocation Failed                     0 / 0                 0 / 0                 0 / 0                 0 / 0           ops/s
[2023-11-19T17:04:45.501+0800][gc,stats    ]      Memory: Undo Object Allocation Succeeded                  0 / 0                 0 / 0                 0 / 0                 0 / 0           ops/s
[2023-11-19T17:04:45.501+0800][gc,stats    ]      Memory: Undo Page Allocation                              0 / 0                 0 / 0                 0 / 0                 0 / 0           ops/s
[2023-11-19T17:04:45.501+0800][gc,stats    ]       Phase: Concurrent Mark                               0.000 / 0.000         0.000 / 0.000        13.801 / 15.394       13.801 / 15.394      ms
[2023-11-19T17:04:45.501+0800][gc,stats    ]       Phase: Concurrent Mark Continue                      0.000 / 0.000         0.000 / 0.000         0.000 / 0.000         0.000 / 0.000       ms
[2023-11-19T17:04:45.501+0800][gc,stats    ]       Phase: Concurrent Mark Free                          0.000 / 0.000         0.000 / 0.000         0.001 / 0.001         0.001 / 0.001       ms
[2023-11-19T17:04:45.501+0800][gc,stats    ]       Phase: Concurrent Process Non-Strong References      0.000 / 0.000         0.000 / 0.000         1.810 / 1.931         1.810 / 1.931       ms
[2023-11-19T17:04:45.501+0800][gc,stats    ]       Phase: Concurrent Relocate                           0.000 / 0.000         0.000 / 0.000         2.671 / 3.187         2.671 / 3.187       ms
[2023-11-19T17:04:45.501+0800][gc,stats    ]       Phase: Concurrent Reset Relocation Set               0.000 / 0.000         0.000 / 0.000         0.001 / 0.003         0.001 / 0.003       ms
[2023-11-19T17:04:45.501+0800][gc,stats    ]       Phase: Concurrent Select Relocation Set              0.000 / 0.000         0.000 / 0.000         4.627 / 7.839         4.627 / 7.839       ms
[2023-11-19T17:04:45.501+0800][gc,stats    ]       Phase: Pause Mark End                                0.000 / 0.000         0.000 / 0.000         0.016 / 0.018         0.016 / 0.018       ms
[2023-11-19T17:04:45.501+0800][gc,stats    ]       Phase: Pause Mark Start                              0.000 / 0.000         0.000 / 0.000         0.013 / 0.019         0.013 / 0.019       ms
[2023-11-19T17:04:45.501+0800][gc,stats    ]       Phase: Pause Relocate Start                          0.000 / 0.000         0.000 / 0.000         0.008 / 0.009         0.008 / 0.009       ms
[2023-11-19T17:04:45.501+0800][gc,stats    ]    Subphase: Concurrent Classes Purge                      0.000 / 0.000         0.000 / 0.000         0.047 / 0.049         0.047 / 0.049       ms
[2023-11-19T17:04:45.501+0800][gc,stats    ]    Subphase: Concurrent Classes Unlink                     0.000 / 0.000         0.000 / 0.000         1.263 / 1.295         1.263 / 1.295       ms
[2023-11-19T17:04:45.501+0800][gc,stats    ]    Subphase: Concurrent Mark                               0.000 / 0.000         0.000 / 0.000        11.825 / 13.159       11.825 / 13.159      ms
[2023-11-19T17:04:45.501+0800][gc,stats    ]    Subphase: Concurrent Mark Try Flush                     0.000 / 0.000         0.000 / 0.000         0.057 / 0.108         0.057 / 0.108       ms
[2023-11-19T17:04:45.502+0800][gc,stats    ]    Subphase: Concurrent Mark Try Terminate                 0.000 / 0.000         0.000 / 0.000         1.420 / 4.236         1.420 / 4.236       ms
[2023-11-19T17:04:45.502+0800][gc,stats    ]    Subphase: Concurrent References Enqueue                 0.000 / 0.000         0.000 / 0.000         0.004 / 0.004         0.004 / 0.004       ms
[2023-11-19T17:04:45.502+0800][gc,stats    ]    Subphase: Concurrent References Process                 0.000 / 0.000         0.000 / 0.000         0.090 / 0.101         0.090 / 0.101       ms
[2023-11-19T17:04:45.502+0800][gc,stats    ]    Subphase: Concurrent Roots ClassLoaderDataGraph         0.000 / 0.000         0.000 / 0.000         0.103 / 0.506         0.103 / 0.506       ms
[2023-11-19T17:04:45.502+0800][gc,stats    ]    Subphase: Concurrent Roots CodeCache                    0.000 / 0.000         0.000 / 0.000         0.000 / 0.000         0.000 / 0.000       ms
[2023-11-19T17:04:45.502+0800][gc,stats    ]    Subphase: Concurrent Roots JavaThreads                  0.000 / 0.000         0.000 / 0.000         1.129 / 2.106         1.129 / 2.106       ms
[2023-11-19T17:04:45.502+0800][gc,stats    ]    Subphase: Concurrent Roots OopStorageSet                0.000 / 0.000         0.000 / 0.000         0.036 / 0.058         0.036 / 0.058       ms
[2023-11-19T17:04:45.502+0800][gc,stats    ]    Subphase: Concurrent Weak Roots OopStorageSet           0.000 / 0.000         0.000 / 0.000         0.328 / 0.486         0.328 / 0.486       ms
[2023-11-19T17:04:45.502+0800][gc,stats    ]    Subphase: Pause Mark Try Complete                       0.000 / 0.000         0.000 / 0.000         0.000 / 0.000         0.000 / 0.000       ms
[2023-11-19T17:04:45.502+0800][gc,stats    ]      System: Java Threads                                      0 / 0                 0 / 0                39 / 54               39 / 54          threads
[2023-11-19T17:04:45.502+0800][gc,stats    ] =========================================================================================================================================================
[2023-11-19T17:04:55.500+0800][gc,stats    ] === Garbage Collection Statistics =======================================================================================================================
[2023-11-19T17:04:55.500+0800][gc,stats    ]                                                              Last 10s              Last 10m              Last 10h                Total
[2023-11-19T17:04:55.500+0800][gc,stats    ]                                                              Avg / Max             Avg / Max             Avg / Max             Avg / Max
[2023-11-19T17:04:55.500+0800][gc,stats    ]   Collector: Garbage Collection Cycle                      0.000 / 0.000         0.000 / 0.000        23.723 / 25.775       23.723 / 25.775      ms
[2023-11-19T17:04:55.500+0800][gc,stats    ]  Contention: Mark Segment Reset Contention                     0 / 0                 0 / 0                 0 / 3                 0 / 3           ops/s
[2023-11-19T17:04:55.500+0800][gc,stats    ]  Contention: Mark SeqNum Reset Contention                      0 / 0                 0 / 0                 0 / 0                 0 / 0           ops/s
[2023-11-19T17:04:55.500+0800][gc,stats    ]    Critical: Allocation Stall                                  0 / 0                 0 / 0                 0 / 0                 0 / 0           ops/s
[2023-11-19T17:04:55.500+0800][gc,stats    ]    Critical: Allocation Stall                              0.000 / 0.000         0.000 / 0.000         0.000 / 0.000         0.000 / 0.000       ms
[2023-11-19T17:04:55.500+0800][gc,stats    ]    Critical: GC Locker Stall                                   0 / 0                 0 / 0                 0 / 0                 0 / 0           ops/s
[2023-11-19T17:04:55.500+0800][gc,stats    ]    Critical: GC Locker Stall                               0.000 / 0.000         0.000 / 0.000         0.000 / 0.000         0.000 / 0.000       ms
[2023-11-19T17:04:55.500+0800][gc,stats    ]    Critical: Relocation Stall                                  0 / 0                 0 / 0                 0 / 0                 0 / 0           ops/s
[2023-11-19T17:04:55.500+0800][gc,stats    ]    Critical: Relocation Stall                              0.000 / 0.000         0.000 / 0.000         0.000 / 0.000         0.000 / 0.000       ms
[2023-11-19T17:04:55.500+0800][gc,stats    ]      Memory: Allocation Rate                                   0 / 0                 0 / 4                 0 / 104               0 / 104         MB/s
[2023-11-19T17:04:55.500+0800][gc,stats    ]      Memory: Defragment                                        0 / 0                 0 / 0                 0 / 0                 0 / 0           ops/s
[2023-11-19T17:04:55.500+0800][gc,stats    ]      Memory: Out Of Memory                                     0 / 0                 0 / 0                 0 / 0                 0 / 0           ops/s
[2023-11-19T17:04:55.500+0800][gc,stats    ]      Memory: Page Cache Flush                                  0 / 0                 0 / 0                 0 / 0                 0 / 0           MB/s
[2023-11-19T17:04:55.500+0800][gc,stats    ]      Memory: Page Cache Hit L1                                 0 / 0                 0 / 2                 0 / 29                0 / 29          ops/s
[2023-11-19T17:04:55.500+0800][gc,stats    ]      Memory: Page Cache Hit L2                                 0 / 0                 0 / 0                 0 / 0                 0 / 0           ops/s
[2023-11-19T17:04:55.500+0800][gc,stats    ]      Memory: Page Cache Hit L3                                 0 / 0                 0 / 2                 0 / 48                0 / 48          ops/s
[2023-11-19T17:04:55.500+0800][gc,stats    ]      Memory: Page Cache Miss                                   0 / 0                 0 / 0                 0 / 1                 0 / 1           ops/s
[2023-11-19T17:04:55.500+0800][gc,stats    ]      Memory: Uncommit                                          0 / 0                 0 / 0                 0 / 0                 0 / 0           MB/s
[2023-11-19T17:04:55.500+0800][gc,stats    ]      Memory: Undo Object Allocation Failed                     0 / 0                 0 / 0                 0 / 0                 0 / 0           ops/s
[2023-11-19T17:04:55.500+0800][gc,stats    ]      Memory: Undo Object Allocation Succeeded                  0 / 0                 0 / 0                 0 / 0                 0 / 0           ops/s
[2023-11-19T17:04:55.500+0800][gc,stats    ]      Memory: Undo Page Allocation                              0 / 0                 0 / 0                 0 / 0                 0 / 0           ops/s
[2023-11-19T17:04:55.500+0800][gc,stats    ]       Phase: Concurrent Mark                               0.000 / 0.000         0.000 / 0.000        13.801 / 15.394       13.801 / 15.394      ms
[2023-11-19T17:04:55.500+0800][gc,stats    ]       Phase: Concurrent Mark Continue                      0.000 / 0.000         0.000 / 0.000         0.000 / 0.000         0.000 / 0.000       ms
[2023-11-19T17:04:55.500+0800][gc,stats    ]       Phase: Concurrent Mark Free                          0.000 / 0.000         0.000 / 0.000         0.001 / 0.001         0.001 / 0.001       ms
[2023-11-19T17:04:55.500+0800][gc,stats    ]       Phase: Concurrent Process Non-Strong References      0.000 / 0.000         0.000 / 0.000         1.810 / 1.931         1.810 / 1.931       ms
[2023-11-19T17:04:55.500+0800][gc,stats    ]       Phase: Concurrent Relocate                           0.000 / 0.000         0.000 / 0.000         2.671 / 3.187         2.671 / 3.187       ms
[2023-11-19T17:04:55.500+0800][gc,stats    ]       Phase: Concurrent Reset Relocation Set               0.000 / 0.000         0.000 / 0.000         0.001 / 0.003         0.001 / 0.003       ms
[2023-11-19T17:04:55.500+0800][gc,stats    ]       Phase: Concurrent Select Relocation Set              0.000 / 0.000         0.000 / 0.000         4.627 / 7.839         4.627 / 7.839       ms
[2023-11-19T17:04:55.500+0800][gc,stats    ]       Phase: Pause Mark End                                0.000 / 0.000         0.000 / 0.000         0.016 / 0.018         0.016 / 0.018       ms
[2023-11-19T17:04:55.500+0800][gc,stats    ]       Phase: Pause Mark Start                              0.000 / 0.000         0.000 / 0.000         0.013 / 0.019         0.013 / 0.019       ms
[2023-11-19T17:04:55.500+0800][gc,stats    ]       Phase: Pause Relocate Start                          0.000 / 0.000         0.000 / 0.000         0.008 / 0.009         0.008 / 0.009       ms
[2023-11-19T17:04:55.500+0800][gc,stats    ]    Subphase: Concurrent Classes Purge                      0.000 / 0.000         0.000 / 0.000         0.047 / 0.049         0.047 / 0.049       ms
[2023-11-19T17:04:55.500+0800][gc,stats    ]    Subphase: Concurrent Classes Unlink                     0.000 / 0.000         0.000 / 0.000         1.263 / 1.295         1.263 / 1.295       ms
[2023-11-19T17:04:55.501+0800][gc,stats    ]    Subphase: Concurrent Mark                               0.000 / 0.000         0.000 / 0.000        11.825 / 13.159       11.825 / 13.159      ms
[2023-11-19T17:04:55.501+0800][gc,stats    ]    Subphase: Concurrent Mark Try Flush                     0.000 / 0.000         0.000 / 0.000         0.057 / 0.108         0.057 / 0.108       ms
[2023-11-19T17:04:55.501+0800][gc,stats    ]    Subphase: Concurrent Mark Try Terminate                 0.000 / 0.000         0.000 / 0.000         1.420 / 4.236         1.420 / 4.236       ms
[2023-11-19T17:04:55.501+0800][gc,stats    ]    Subphase: Concurrent References Enqueue                 0.000 / 0.000         0.000 / 0.000         0.004 / 0.004         0.004 / 0.004       ms
[2023-11-19T17:04:55.501+0800][gc,stats    ]    Subphase: Concurrent References Process                 0.000 / 0.000         0.000 / 0.000         0.090 / 0.101         0.090 / 0.101       ms
[2023-11-19T17:04:55.501+0800][gc,stats    ]    Subphase: Concurrent Roots ClassLoaderDataGraph         0.000 / 0.000         0.000 / 0.000         0.103 / 0.506         0.103 / 0.506       ms
[2023-11-19T17:04:55.501+0800][gc,stats    ]    Subphase: Concurrent Roots CodeCache                    0.000 / 0.000         0.000 / 0.000         0.000 / 0.000         0.000 / 0.000       ms
[2023-11-19T17:04:55.501+0800][gc,stats    ]    Subphase: Concurrent Roots JavaThreads                  0.000 / 0.000         0.000 / 0.000         1.129 / 2.106         1.129 / 2.106       ms
[2023-11-19T17:04:55.501+0800][gc,stats    ]    Subphase: Concurrent Roots OopStorageSet                0.000 / 0.000         0.000 / 0.000         0.036 / 0.058         0.036 / 0.058       ms
[2023-11-19T17:04:55.501+0800][gc,stats    ]    Subphase: Concurrent Weak Roots OopStorageSet           0.000 / 0.000         0.000 / 0.000         0.328 / 0.486         0.328 / 0.486       ms
[2023-11-19T17:04:55.501+0800][gc,stats    ]    Subphase: Pause Mark Try Complete                       0.000 / 0.000         0.000 / 0.000         0.000 / 0.000         0.000 / 0.000       ms
[2023-11-19T17:04:55.501+0800][gc,stats    ]      System: Java Threads                                      0 / 0                 0 / 0                39 / 54               39 / 54          threads
[2023-11-19T17:04:55.501+0800][gc,stats    ] =========================================================================================================================================================
[2023-11-19T17:05:05.501+0800][gc,stats    ] === Garbage Collection Statistics =======================================================================================================================
[2023-11-19T17:05:05.501+0800][gc,stats    ]                                                              Last 10s              Last 10m              Last 10h                Total
[2023-11-19T17:05:05.501+0800][gc,stats    ]                                                              Avg / Max             Avg / Max             Avg / Max             Avg / Max
[2023-11-19T17:05:05.501+0800][gc,stats    ]   Collector: Garbage Collection Cycle                      0.000 / 0.000         0.000 / 0.000        23.723 / 25.775       23.723 / 25.775      ms
[2023-11-19T17:05:05.501+0800][gc,stats    ]  Contention: Mark Segment Reset Contention                     0 / 0                 0 / 0                 0 / 3                 0 / 3           ops/s
[2023-11-19T17:05:05.501+0800][gc,stats    ]  Contention: Mark SeqNum Reset Contention                      0 / 0                 0 / 0                 0 / 0                 0 / 0           ops/s
[2023-11-19T17:05:05.501+0800][gc,stats    ]    Critical: Allocation Stall                                  0 / 0                 0 / 0                 0 / 0                 0 / 0           ops/s
[2023-11-19T17:05:05.501+0800][gc,stats    ]    Critical: Allocation Stall                              0.000 / 0.000         0.000 / 0.000         0.000 / 0.000         0.000 / 0.000       ms
[2023-11-19T17:05:05.501+0800][gc,stats    ]    Critical: GC Locker Stall                                   0 / 0                 0 / 0                 0 / 0                 0 / 0           ops/s
[2023-11-19T17:05:05.501+0800][gc,stats    ]    Critical: GC Locker Stall                               0.000 / 0.000         0.000 / 0.000         0.000 / 0.000         0.000 / 0.000       ms
[2023-11-19T17:05:05.501+0800][gc,stats    ]    Critical: Relocation Stall                                  0 / 0                 0 / 0                 0 / 0                 0 / 0           ops/s
[2023-11-19T17:05:05.501+0800][gc,stats    ]    Critical: Relocation Stall                              0.000 / 0.000         0.000 / 0.000         0.000 / 0.000         0.000 / 0.000       ms
[2023-11-19T17:05:05.501+0800][gc,stats    ]      Memory: Allocation Rate                                   0 / 4                 0 / 4                 0 / 104               0 / 104         MB/s
[2023-11-19T17:05:05.501+0800][gc,stats    ]      Memory: Defragment                                        0 / 0                 0 / 0                 0 / 0                 0 / 0           ops/s
[2023-11-19T17:05:05.501+0800][gc,stats    ]      Memory: Out Of Memory                                     0 / 0                 0 / 0                 0 / 0                 0 / 0           ops/s
[2023-11-19T17:05:05.501+0800][gc,stats    ]      Memory: Page Cache Flush                                  0 / 0                 0 / 0                 0 / 0                 0 / 0           MB/s
[2023-11-19T17:05:05.501+0800][gc,stats    ]      Memory: Page Cache Hit L1                                 0 / 0                 0 / 2                 0 / 29                0 / 29          ops/s
[2023-11-19T17:05:05.501+0800][gc,stats    ]      Memory: Page Cache Hit L2                                 0 / 0                 0 / 0                 0 / 0                 0 / 0           ops/s
[2023-11-19T17:05:05.501+0800][gc,stats    ]      Memory: Page Cache Hit L3                                 0 / 2                 0 / 2                 0 / 48                0 / 48          ops/s
[2023-11-19T17:05:05.501+0800][gc,stats    ]      Memory: Page Cache Miss                                   0 / 0                 0 / 0                 0 / 1                 0 / 1           ops/s
[2023-11-19T17:05:05.501+0800][gc,stats    ]      Memory: Uncommit                                          0 / 0                 0 / 0                 0 / 0                 0 / 0           MB/s
[2023-11-19T17:05:05.501+0800][gc,stats    ]      Memory: Undo Object Allocation Failed                     0 / 0                 0 / 0                 0 / 0                 0 / 0           ops/s
[2023-11-19T17:05:05.501+0800][gc,stats    ]      Memory: Undo Object Allocation Succeeded                  0 / 0                 0 / 0                 0 / 0                 0 / 0           ops/s
[2023-11-19T17:05:05.501+0800][gc,stats    ]      Memory: Undo Page Allocation                              0 / 0                 0 / 0                 0 / 0                 0 / 0           ops/s
[2023-11-19T17:05:05.501+0800][gc,stats    ]       Phase: Concurrent Mark                               0.000 / 0.000         0.000 / 0.000        13.801 / 15.394       13.801 / 15.394      ms
[2023-11-19T17:05:05.501+0800][gc,stats    ]       Phase: Concurrent Mark Continue                      0.000 / 0.000         0.000 / 0.000         0.000 / 0.000         0.000 / 0.000       ms
[2023-11-19T17:05:05.501+0800][gc,stats    ]       Phase: Concurrent Mark Free                          0.000 / 0.000         0.000 / 0.000         0.001 / 0.001         0.001 / 0.001       ms
[2023-11-19T17:05:05.501+0800][gc,stats    ]       Phase: Concurrent Process Non-Strong References      0.000 / 0.000         0.000 / 0.000         1.810 / 1.931         1.810 / 1.931       ms
[2023-11-19T17:05:05.501+0800][gc,stats    ]       Phase: Concurrent Relocate                           0.000 / 0.000         0.000 / 0.000         2.671 / 3.187         2.671 / 3.187       ms
[2023-11-19T17:05:05.501+0800][gc,stats    ]       Phase: Concurrent Reset Relocation Set               0.000 / 0.000         0.000 / 0.000         0.001 / 0.003         0.001 / 0.003       ms
[2023-11-19T17:05:05.501+0800][gc,stats    ]       Phase: Concurrent Select Relocation Set              0.000 / 0.000         0.000 / 0.000         4.627 / 7.839         4.627 / 7.839       ms
[2023-11-19T17:05:05.501+0800][gc,stats    ]       Phase: Pause Mark End                                0.000 / 0.000         0.000 / 0.000         0.016 / 0.018         0.016 / 0.018       ms
[2023-11-19T17:05:05.501+0800][gc,stats    ]       Phase: Pause Mark Start                              0.000 / 0.000         0.000 / 0.000         0.013 / 0.019         0.013 / 0.019       ms
[2023-11-19T17:05:05.501+0800][gc,stats    ]       Phase: Pause Relocate Start                          0.000 / 0.000         0.000 / 0.000         0.008 / 0.009         0.008 / 0.009       ms
[2023-11-19T17:05:05.501+0800][gc,stats    ]    Subphase: Concurrent Classes Purge                      0.000 / 0.000         0.000 / 0.000         0.047 / 0.049         0.047 / 0.049       ms
[2023-11-19T17:05:05.501+0800][gc,stats    ]    Subphase: Concurrent Classes Unlink                     0.000 / 0.000         0.000 / 0.000         1.263 / 1.295         1.263 / 1.295       ms
[2023-11-19T17:05:05.501+0800][gc,stats    ]    Subphase: Concurrent Mark                               0.000 / 0.000         0.000 / 0.000        11.825 / 13.159       11.825 / 13.159      ms
[2023-11-19T17:05:05.501+0800][gc,stats    ]    Subphase: Concurrent Mark Try Flush                     0.000 / 0.000         0.000 / 0.000         0.057 / 0.108         0.057 / 0.108       ms
[2023-11-19T17:05:05.501+0800][gc,stats    ]    Subphase: Concurrent Mark Try Terminate                 0.000 / 0.000         0.000 / 0.000         1.420 / 4.236         1.420 / 4.236       ms
[2023-11-19T17:05:05.501+0800][gc,stats    ]    Subphase: Concurrent References Enqueue                 0.000 / 0.000         0.000 / 0.000         0.004 / 0.004         0.004 / 0.004       ms
[2023-11-19T17:05:05.501+0800][gc,stats    ]    Subphase: Concurrent References Process                 0.000 / 0.000         0.000 / 0.000         0.090 / 0.101         0.090 / 0.101       ms
[2023-11-19T17:05:05.501+0800][gc,stats    ]    Subphase: Concurrent Roots ClassLoaderDataGraph         0.000 / 0.000         0.000 / 0.000         0.103 / 0.506         0.103 / 0.506       ms
[2023-11-19T17:05:05.501+0800][gc,stats    ]    Subphase: Concurrent Roots CodeCache                    0.000 / 0.000         0.000 / 0.000         0.000 / 0.000         0.000 / 0.000       ms
[2023-11-19T17:05:05.501+0800][gc,stats    ]    Subphase: Concurrent Roots JavaThreads                  0.000 / 0.000         0.000 / 0.000         1.129 / 2.106         1.129 / 2.106       ms
[2023-11-19T17:05:05.501+0800][gc,stats    ]    Subphase: Concurrent Roots OopStorageSet                0.000 / 0.000         0.000 / 0.000         0.036 / 0.058         0.036 / 0.058       ms
[2023-11-19T17:05:05.501+0800][gc,stats    ]    Subphase: Concurrent Weak Roots OopStorageSet           0.000 / 0.000         0.000 / 0.000         0.328 / 0.486         0.328 / 0.486       ms
[2023-11-19T17:05:05.501+0800][gc,stats    ]    Subphase: Pause Mark Try Complete                       0.000 / 0.000         0.000 / 0.000         0.000 / 0.000         0.000 / 0.000       ms
[2023-11-19T17:05:05.501+0800][gc,stats    ]      System: Java Threads                                      0 / 0                 0 / 0                39 / 54               39 / 54          threads
[2023-11-19T17:05:05.501+0800][gc,stats    ] =========================================================================================================================================================
[2023-11-19T17:05:15.501+0800][gc,stats    ] === Garbage Collection Statistics =======================================================================================================================
[2023-11-19T17:05:15.501+0800][gc,stats    ]                                                              Last 10s              Last 10m              Last 10h                Total
[2023-11-19T17:05:15.501+0800][gc,stats    ]                                                              Avg / Max             Avg / Max             Avg / Max             Avg / Max
[2023-11-19T17:05:15.501+0800][gc,stats    ]   Collector: Garbage Collection Cycle                      0.000 / 0.000         0.000 / 0.000        23.723 / 25.775       23.723 / 25.775      ms
[2023-11-19T17:05:15.501+0800][gc,stats    ]  Contention: Mark Segment Reset Contention                     0 / 0                 0 / 0                 0 / 3                 0 / 3           ops/s
[2023-11-19T17:05:15.501+0800][gc,stats    ]  Contention: Mark SeqNum Reset Contention                      0 / 0                 0 / 0                 0 / 0                 0 / 0           ops/s
[2023-11-19T17:05:15.501+0800][gc,stats    ]    Critical: Allocation Stall                                  0 / 0                 0 / 0                 0 / 0                 0 / 0           ops/s
[2023-11-19T17:05:15.501+0800][gc,stats    ]    Critical: Allocation Stall                              0.000 / 0.000         0.000 / 0.000         0.000 / 0.000         0.000 / 0.000       ms
[2023-11-19T17:05:15.501+0800][gc,stats    ]    Critical: GC Locker Stall                                   0 / 0                 0 / 0                 0 / 0                 0 / 0           ops/s
[2023-11-19T17:05:15.501+0800][gc,stats    ]    Critical: GC Locker Stall                               0.000 / 0.000         0.000 / 0.000         0.000 / 0.000         0.000 / 0.000       ms
[2023-11-19T17:05:15.501+0800][gc,stats    ]    Critical: Relocation Stall                                  0 / 0                 0 / 0                 0 / 0                 0 / 0           ops/s
[2023-11-19T17:05:15.501+0800][gc,stats    ]    Critical: Relocation Stall                              0.000 / 0.000         0.000 / 0.000         0.000 / 0.000         0.000 / 0.000       ms
[2023-11-19T17:05:15.501+0800][gc,stats    ]      Memory: Allocation Rate                                   0 / 0                 0 / 4                 0 / 104               0 / 104         MB/s
[2023-11-19T17:05:15.501+0800][gc,stats    ]      Memory: Defragment                                        0 / 0                 0 / 0                 0 / 0                 0 / 0           ops/s
[2023-11-19T17:05:15.501+0800][gc,stats    ]      Memory: Out Of Memory                                     0 / 0                 0 / 0                 0 / 0                 0 / 0           ops/s
[2023-11-19T17:05:15.501+0800][gc,stats    ]      Memory: Page Cache Flush                                  0 / 0                 0 / 0                 0 / 0                 0 / 0           MB/s
[2023-11-19T17:05:15.501+0800][gc,stats    ]      Memory: Page Cache Hit L1                                 0 / 0                 0 / 2                 0 / 29                0 / 29          ops/s
[2023-11-19T17:05:15.501+0800][gc,stats    ]      Memory: Page Cache Hit L2                                 0 / 0                 0 / 0                 0 / 0                 0 / 0           ops/s
[2023-11-19T17:05:15.501+0800][gc,stats    ]      Memory: Page Cache Hit L3                                 0 / 0                 0 / 2                 0 / 48                0 / 48          ops/s
[2023-11-19T17:05:15.501+0800][gc,stats    ]      Memory: Page Cache Miss                                   0 / 0                 0 / 0                 0 / 1                 0 / 1           ops/s
[2023-11-19T17:05:15.501+0800][gc,stats    ]      Memory: Uncommit                                          0 / 0                 0 / 0                 0 / 0                 0 / 0           MB/s
[2023-11-19T17:05:15.501+0800][gc,stats    ]      Memory: Undo Object Allocation Failed                     0 / 0                 0 / 0                 0 / 0                 0 / 0           ops/s
[2023-11-19T17:05:15.501+0800][gc,stats    ]      Memory: Undo Object Allocation Succeeded                  0 / 0                 0 / 0                 0 / 0                 0 / 0           ops/s
[2023-11-19T17:05:15.501+0800][gc,stats    ]      Memory: Undo Page Allocation                              0 / 0                 0 / 0                 0 / 0                 0 / 0           ops/s
[2023-11-19T17:05:15.501+0800][gc,stats    ]       Phase: Concurrent Mark                               0.000 / 0.000         0.000 / 0.000        13.801 / 15.394       13.801 / 15.394      ms
[2023-11-19T17:05:15.501+0800][gc,stats    ]       Phase: Concurrent Mark Continue                      0.000 / 0.000         0.000 / 0.000         0.000 / 0.000         0.000 / 0.000       ms
[2023-11-19T17:05:15.501+0800][gc,stats    ]       Phase: Concurrent Mark Free                          0.000 / 0.000         0.000 / 0.000         0.001 / 0.001         0.001 / 0.001       ms
[2023-11-19T17:05:15.501+0800][gc,stats    ]       Phase: Concurrent Process Non-Strong References      0.000 / 0.000         0.000 / 0.000         1.810 / 1.931         1.810 / 1.931       ms
[2023-11-19T17:05:15.501+0800][gc,stats    ]       Phase: Concurrent Relocate                           0.000 / 0.000         0.000 / 0.000         2.671 / 3.187         2.671 / 3.187       ms
[2023-11-19T17:05:15.501+0800][gc,stats    ]       Phase: Concurrent Reset Relocation Set               0.000 / 0.000         0.000 / 0.000         0.001 / 0.003         0.001 / 0.003       ms
[2023-11-19T17:05:15.501+0800][gc,stats    ]       Phase: Concurrent Select Relocation Set              0.000 / 0.000         0.000 / 0.000         4.627 / 7.839         4.627 / 7.839       ms
[2023-11-19T17:05:15.501+0800][gc,stats    ]       Phase: Pause Mark End                                0.000 / 0.000         0.000 / 0.000         0.016 / 0.018         0.016 / 0.018       ms
[2023-11-19T17:05:15.501+0800][gc,stats    ]       Phase: Pause Mark Start                              0.000 / 0.000         0.000 / 0.000         0.013 / 0.019         0.013 / 0.019       ms
[2023-11-19T17:05:15.501+0800][gc,stats    ]       Phase: Pause Relocate Start                          0.000 / 0.000         0.000 / 0.000         0.008 / 0.009         0.008 / 0.009       ms
[2023-11-19T17:05:15.501+0800][gc,stats    ]    Subphase: Concurrent Classes Purge                      0.000 / 0.000         0.000 / 0.000         0.047 / 0.049         0.047 / 0.049       ms
[2023-11-19T17:05:15.501+0800][gc,stats    ]    Subphase: Concurrent Classes Unlink                     0.000 / 0.000         0.000 / 0.000         1.263 / 1.295         1.263 / 1.295       ms
[2023-11-19T17:05:15.501+0800][gc,stats    ]    Subphase: Concurrent Mark                               0.000 / 0.000         0.000 / 0.000        11.825 / 13.159       11.825 / 13.159      ms
[2023-11-19T17:05:15.501+0800][gc,stats    ]    Subphase: Concurrent Mark Try Flush                     0.000 / 0.000         0.000 / 0.000         0.057 / 0.108         0.057 / 0.108       ms
[2023-11-19T17:05:15.501+0800][gc,stats    ]    Subphase: Concurrent Mark Try Terminate                 0.000 / 0.000         0.000 / 0.000         1.420 / 4.236         1.420 / 4.236       ms
[2023-11-19T17:05:15.501+0800][gc,stats    ]    Subphase: Concurrent References Enqueue                 0.000 / 0.000         0.000 / 0.000         0.004 / 0.004         0.004 / 0.004       ms
[2023-11-19T17:05:15.501+0800][gc,stats    ]    Subphase: Concurrent References Process                 0.000 / 0.000         0.000 / 0.000         0.090 / 0.101         0.090 / 0.101       ms
[2023-11-19T17:05:15.501+0800][gc,stats    ]    Subphase: Concurrent Roots ClassLoaderDataGraph         0.000 / 0.000         0.000 / 0.000         0.103 / 0.506         0.103 / 0.506       ms
[2023-11-19T17:05:15.501+0800][gc,stats    ]    Subphase: Concurrent Roots CodeCache                    0.000 / 0.000         0.000 / 0.000         0.000 / 0.000         0.000 / 0.000       ms
[2023-11-19T17:05:15.501+0800][gc,stats    ]    Subphase: Concurrent Roots JavaThreads                  0.000 / 0.000         0.000 / 0.000         1.129 / 2.106         1.129 / 2.106       ms
[2023-11-19T17:05:15.501+0800][gc,stats    ]    Subphase: Concurrent Roots OopStorageSet                0.000 / 0.000         0.000 / 0.000         0.036 / 0.058         0.036 / 0.058       ms
[2023-11-19T17:05:15.501+0800][gc,stats    ]    Subphase: Concurrent Weak Roots OopStorageSet           0.000 / 0.000         0.000 / 0.000         0.328 / 0.486         0.328 / 0.486       ms
[2023-11-19T17:05:15.501+0800][gc,stats    ]    Subphase: Pause Mark Try Complete                       0.000 / 0.000         0.000 / 0.000         0.000 / 0.000         0.000 / 0.000       ms
[2023-11-19T17:05:15.501+0800][gc,stats    ]      System: Java Threads                                      0 / 0                 0 / 0                39 / 54               39 / 54          threads
[2023-11-19T17:05:15.501+0800][gc,stats    ] =========================================================================================================================================================
[2023-11-19T17:05:25.501+0800][gc,stats    ] === Garbage Collection Statistics =======================================================================================================================
[2023-11-19T17:05:25.501+0800][gc,stats    ]                                                              Last 10s              Last 10m              Last 10h                Total
[2023-11-19T17:05:25.501+0800][gc,stats    ]                                                              Avg / Max             Avg / Max             Avg / Max             Avg / Max
[2023-11-19T17:05:25.501+0800][gc,stats    ]   Collector: Garbage Collection Cycle                      0.000 / 0.000         0.000 / 0.000        23.723 / 25.775       23.723 / 25.775      ms
[2023-11-19T17:05:25.501+0800][gc,stats    ]  Contention: Mark Segment Reset Contention                     0 / 0                 0 / 0                 0 / 3                 0 / 3           ops/s
[2023-11-19T17:05:25.501+0800][gc,stats    ]  Contention: Mark SeqNum Reset Contention                      0 / 0                 0 / 0                 0 / 0                 0 / 0           ops/s
[2023-11-19T17:05:25.501+0800][gc,stats    ]    Critical: Allocation Stall                                  0 / 0                 0 / 0                 0 / 0                 0 / 0           ops/s
[2023-11-19T17:05:25.501+0800][gc,stats    ]    Critical: Allocation Stall                              0.000 / 0.000         0.000 / 0.000         0.000 / 0.000         0.000 / 0.000       ms
[2023-11-19T17:05:25.501+0800][gc,stats    ]    Critical: GC Locker Stall                                   0 / 0                 0 / 0                 0 / 0                 0 / 0           ops/s
[2023-11-19T17:05:25.501+0800][gc,stats    ]    Critical: GC Locker Stall                               0.000 / 0.000         0.000 / 0.000         0.000 / 0.000         0.000 / 0.000       ms
[2023-11-19T17:05:25.501+0800][gc,stats    ]    Critical: Relocation Stall                                  0 / 0                 0 / 0                 0 / 0                 0 / 0           ops/s
[2023-11-19T17:05:25.501+0800][gc,stats    ]    Critical: Relocation Stall                              0.000 / 0.000         0.000 / 0.000         0.000 / 0.000         0.000 / 0.000       ms
[2023-11-19T17:05:25.501+0800][gc,stats    ]      Memory: Allocation Rate                                   0 / 2                 0 / 4                 0 / 104               0 / 104         MB/s
[2023-11-19T17:05:25.501+0800][gc,stats    ]      Memory: Defragment                                        0 / 0                 0 / 0                 0 / 0                 0 / 0           ops/s
[2023-11-19T17:05:25.501+0800][gc,stats    ]      Memory: Out Of Memory                                     0 / 0                 0 / 0                 0 / 0                 0 / 0           ops/s
[2023-11-19T17:05:25.501+0800][gc,stats    ]      Memory: Page Cache Flush                                  0 / 0                 0 / 0                 0 / 0                 0 / 0           MB/s
[2023-11-19T17:05:25.501+0800][gc,stats    ]      Memory: Page Cache Hit L1                                 0 / 0                 0 / 2                 0 / 29                0 / 29          ops/s
[2023-11-19T17:05:25.501+0800][gc,stats    ]      Memory: Page Cache Hit L2                                 0 / 0                 0 / 0                 0 / 0                 0 / 0           ops/s
[2023-11-19T17:05:25.501+0800][gc,stats    ]      Memory: Page Cache Hit L3                                 0 / 1                 0 / 2                 0 / 48                0 / 48          ops/s
[2023-11-19T17:05:25.501+0800][gc,stats    ]      Memory: Page Cache Miss                                   0 / 0                 0 / 0                 0 / 1                 0 / 1           ops/s
[2023-11-19T17:05:25.501+0800][gc,stats    ]      Memory: Uncommit                                          0 / 0                 0 / 0                 0 / 0                 0 / 0           MB/s
[2023-11-19T17:05:25.501+0800][gc,stats    ]      Memory: Undo Object Allocation Failed                     0 / 0                 0 / 0                 0 / 0                 0 / 0           ops/s
[2023-11-19T17:05:25.501+0800][gc,stats    ]      Memory: Undo Object Allocation Succeeded                  0 / 0                 0 / 0                 0 / 0                 0 / 0           ops/s
[2023-11-19T17:05:25.501+0800][gc,stats    ]      Memory: Undo Page Allocation                              0 / 0                 0 / 0                 0 / 0                 0 / 0           ops/s
[2023-11-19T17:05:25.501+0800][gc,stats    ]       Phase: Concurrent Mark                               0.000 / 0.000         0.000 / 0.000        13.801 / 15.394       13.801 / 15.394      ms
[2023-11-19T17:05:25.501+0800][gc,stats    ]       Phase: Concurrent Mark Continue                      0.000 / 0.000         0.000 / 0.000         0.000 / 0.000         0.000 / 0.000       ms
[2023-11-19T17:05:25.501+0800][gc,stats    ]       Phase: Concurrent Mark Free                          0.000 / 0.000         0.000 / 0.000         0.001 / 0.001         0.001 / 0.001       ms
[2023-11-19T17:05:25.501+0800][gc,stats    ]       Phase: Concurrent Process Non-Strong References      0.000 / 0.000         0.000 / 0.000         1.810 / 1.931         1.810 / 1.931       ms
[2023-11-19T17:05:25.501+0800][gc,stats    ]       Phase: Concurrent Relocate                           0.000 / 0.000         0.000 / 0.000         2.671 / 3.187         2.671 / 3.187       ms
[2023-11-19T17:05:25.501+0800][gc,stats    ]       Phase: Concurrent Reset Relocation Set               0.000 / 0.000         0.000 / 0.000         0.001 / 0.003         0.001 / 0.003       ms
[2023-11-19T17:05:25.501+0800][gc,stats    ]       Phase: Concurrent Select Relocation Set              0.000 / 0.000         0.000 / 0.000         4.627 / 7.839         4.627 / 7.839       ms
[2023-11-19T17:05:25.501+0800][gc,stats    ]       Phase: Pause Mark End                                0.000 / 0.000         0.000 / 0.000         0.016 / 0.018         0.016 / 0.018       ms
[2023-11-19T17:05:25.501+0800][gc,stats    ]       Phase: Pause Mark Start                              0.000 / 0.000         0.000 / 0.000         0.013 / 0.019         0.013 / 0.019       ms
[2023-11-19T17:05:25.501+0800][gc,stats    ]       Phase: Pause Relocate Start                          0.000 / 0.000         0.000 / 0.000         0.008 / 0.009         0.008 / 0.009       ms
[2023-11-19T17:05:25.501+0800][gc,stats    ]    Subphase: Concurrent Classes Purge                      0.000 / 0.000         0.000 / 0.000         0.047 / 0.049         0.047 / 0.049       ms
[2023-11-19T17:05:25.501+0800][gc,stats    ]    Subphase: Concurrent Classes Unlink                     0.000 / 0.000         0.000 / 0.000         1.263 / 1.295         1.263 / 1.295       ms
[2023-11-19T17:05:25.501+0800][gc,stats    ]    Subphase: Concurrent Mark                               0.000 / 0.000         0.000 / 0.000        11.825 / 13.159       11.825 / 13.159      ms
[2023-11-19T17:05:25.501+0800][gc,stats    ]    Subphase: Concurrent Mark Try Flush                     0.000 / 0.000         0.000 / 0.000         0.057 / 0.108         0.057 / 0.108       ms
[2023-11-19T17:05:25.501+0800][gc,stats    ]    Subphase: Concurrent Mark Try Terminate                 0.000 / 0.000         0.000 / 0.000         1.420 / 4.236         1.420 / 4.236       ms
[2023-11-19T17:05:25.501+0800][gc,stats    ]    Subphase: Concurrent References Enqueue                 0.000 / 0.000         0.000 / 0.000         0.004 / 0.004         0.004 / 0.004       ms
[2023-11-19T17:05:25.501+0800][gc,stats    ]    Subphase: Concurrent References Process                 0.000 / 0.000         0.000 / 0.000         0.090 / 0.101         0.090 / 0.101       ms
[2023-11-19T17:05:25.501+0800][gc,stats    ]    Subphase: Concurrent Roots ClassLoaderDataGraph         0.000 / 0.000         0.000 / 0.000         0.103 / 0.506         0.103 / 0.506       ms
[2023-11-19T17:05:25.501+0800][gc,stats    ]    Subphase: Concurrent Roots CodeCache                    0.000 / 0.000         0.000 / 0.000         0.000 / 0.000         0.000 / 0.000       ms
[2023-11-19T17:05:25.501+0800][gc,stats    ]    Subphase: Concurrent Roots JavaThreads                  0.000 / 0.000         0.000 / 0.000         1.129 / 2.106         1.129 / 2.106       ms
[2023-11-19T17:05:25.501+0800][gc,stats    ]    Subphase: Concurrent Roots OopStorageSet                0.000 / 0.000         0.000 / 0.000         0.036 / 0.058         0.036 / 0.058       ms
[2023-11-19T17:05:25.501+0800][gc,stats    ]    Subphase: Concurrent Weak Roots OopStorageSet           0.000 / 0.000         0.000 / 0.000         0.328 / 0.486         0.328 / 0.486       ms
[2023-11-19T17:05:25.501+0800][gc,stats    ]    Subphase: Pause Mark Try Complete                       0.000 / 0.000         0.000 / 0.000         0.000 / 0.000         0.000 / 0.000       ms
[2023-11-19T17:05:25.501+0800][gc,stats    ]      System: Java Threads                                      0 / 0                 0 / 0                39 / 54               39 / 54          threads
[2023-11-19T17:05:25.501+0800][gc,stats    ] =========================================================================================================================================================
[2023-11-19T17:05:35.501+0800][gc,stats    ] === Garbage Collection Statistics =======================================================================================================================
[2023-11-19T17:05:35.501+0800][gc,stats    ]                                                              Last 10s              Last 10m              Last 10h                Total
[2023-11-19T17:05:35.501+0800][gc,stats    ]                                                              Avg / Max             Avg / Max             Avg / Max             Avg / Max
[2023-11-19T17:05:35.501+0800][gc,stats    ]   Collector: Garbage Collection Cycle                      0.000 / 0.000         0.000 / 0.000        23.723 / 25.775       23.723 / 25.775      ms
[2023-11-19T17:05:35.501+0800][gc,stats    ]  Contention: Mark Segment Reset Contention                     0 / 0                 0 / 0                 0 / 3                 0 / 3           ops/s
[2023-11-19T17:05:35.501+0800][gc,stats    ]  Contention: Mark SeqNum Reset Contention                      0 / 0                 0 / 0                 0 / 0                 0 / 0           ops/s
[2023-11-19T17:05:35.501+0800][gc,stats    ]    Critical: Allocation Stall                                  0 / 0                 0 / 0                 0 / 0                 0 / 0           ops/s
[2023-11-19T17:05:35.501+0800][gc,stats    ]    Critical: Allocation Stall                              0.000 / 0.000         0.000 / 0.000         0.000 / 0.000         0.000 / 0.000       ms
[2023-11-19T17:05:35.501+0800][gc,stats    ]    Critical: GC Locker Stall                                   0 / 0                 0 / 0                 0 / 0                 0 / 0           ops/s
[2023-11-19T17:05:35.501+0800][gc,stats    ]    Critical: GC Locker Stall                               0.000 / 0.000         0.000 / 0.000         0.000 / 0.000         0.000 / 0.000       ms
[2023-11-19T17:05:35.501+0800][gc,stats    ]    Critical: Relocation Stall                                  0 / 0                 0 / 0                 0 / 0                 0 / 0           ops/s
[2023-11-19T17:05:35.501+0800][gc,stats    ]    Critical: Relocation Stall                              0.000 / 0.000         0.000 / 0.000         0.000 / 0.000         0.000 / 0.000       ms
[2023-11-19T17:05:35.501+0800][gc,stats    ]      Memory: Allocation Rate                                   0 / 0                 0 / 4                 0 / 104               0 / 104         MB/s
[2023-11-19T17:05:35.501+0800][gc,stats    ]      Memory: Defragment                                        0 / 0                 0 / 0                 0 / 0                 0 / 0           ops/s
[2023-11-19T17:05:35.501+0800][gc,stats    ]      Memory: Out Of Memory                                     0 / 0                 0 / 0                 0 / 0                 0 / 0           ops/s
[2023-11-19T17:05:35.501+0800][gc,stats    ]      Memory: Page Cache Flush                                  0 / 0                 0 / 0                 0 / 0                 0 / 0           MB/s
[2023-11-19T17:05:35.501+0800][gc,stats    ]      Memory: Page Cache Hit L1                                 0 / 0                 0 / 2                 0 / 29                0 / 29          ops/s
[2023-11-19T17:05:35.501+0800][gc,stats    ]      Memory: Page Cache Hit L2                                 0 / 0                 0 / 0                 0 / 0                 0 / 0           ops/s
[2023-11-19T17:05:35.501+0800][gc,stats    ]      Memory: Page Cache Hit L3                                 0 / 0                 0 / 2                 0 / 48                0 / 48          ops/s
[2023-11-19T17:05:35.501+0800][gc,stats    ]      Memory: Page Cache Miss                                   0 / 0                 0 / 0                 0 / 1                 0 / 1           ops/s
[2023-11-19T17:05:35.501+0800][gc,stats    ]      Memory: Uncommit                                          0 / 0                 0 / 0                 0 / 0                 0 / 0           MB/s
[2023-11-19T17:05:35.501+0800][gc,stats    ]      Memory: Undo Object Allocation Failed                     0 / 0                 0 / 0                 0 / 0                 0 / 0           ops/s
[2023-11-19T17:05:35.501+0800][gc,stats    ]      Memory: Undo Object Allocation Succeeded                  0 / 0                 0 / 0                 0 / 0                 0 / 0           ops/s
[2023-11-19T17:05:35.501+0800][gc,stats    ]      Memory: Undo Page Allocation                              0 / 0                 0 / 0                 0 / 0                 0 / 0           ops/s
[2023-11-19T17:05:35.501+0800][gc,stats    ]       Phase: Concurrent Mark                               0.000 / 0.000         0.000 / 0.000        13.801 / 15.394       13.801 / 15.394      ms
[2023-11-19T17:05:35.501+0800][gc,stats    ]       Phase: Concurrent Mark Continue                      0.000 / 0.000         0.000 / 0.000         0.000 / 0.000         0.000 / 0.000       ms
[2023-11-19T17:05:35.501+0800][gc,stats    ]       Phase: Concurrent Mark Free                          0.000 / 0.000         0.000 / 0.000         0.001 / 0.001         0.001 / 0.001       ms
[2023-11-19T17:05:35.501+0800][gc,stats    ]       Phase: Concurrent Process Non-Strong References      0.000 / 0.000         0.000 / 0.000         1.810 / 1.931         1.810 / 1.931       ms
[2023-11-19T17:05:35.501+0800][gc,stats    ]       Phase: Concurrent Relocate                           0.000 / 0.000         0.000 / 0.000         2.671 / 3.187         2.671 / 3.187       ms
[2023-11-19T17:05:35.501+0800][gc,stats    ]       Phase: Concurrent Reset Relocation Set               0.000 / 0.000         0.000 / 0.000         0.001 / 0.003         0.001 / 0.003       ms
[2023-11-19T17:05:35.501+0800][gc,stats    ]       Phase: Concurrent Select Relocation Set              0.000 / 0.000         0.000 / 0.000         4.627 / 7.839         4.627 / 7.839       ms
[2023-11-19T17:05:35.501+0800][gc,stats    ]       Phase: Pause Mark End                                0.000 / 0.000         0.000 / 0.000         0.016 / 0.018         0.016 / 0.018       ms
[2023-11-19T17:05:35.501+0800][gc,stats    ]       Phase: Pause Mark Start                              0.000 / 0.000         0.000 / 0.000         0.013 / 0.019         0.013 / 0.019       ms
[2023-11-19T17:05:35.501+0800][gc,stats    ]       Phase: Pause Relocate Start                          0.000 / 0.000         0.000 / 0.000         0.008 / 0.009         0.008 / 0.009       ms
[2023-11-19T17:05:35.501+0800][gc,stats    ]    Subphase: Concurrent Classes Purge                      0.000 / 0.000         0.000 / 0.000         0.047 / 0.049         0.047 / 0.049       ms
[2023-11-19T17:05:35.501+0800][gc,stats    ]    Subphase: Concurrent Classes Unlink                     0.000 / 0.000         0.000 / 0.000         1.263 / 1.295         1.263 / 1.295       ms
[2023-11-19T17:05:35.501+0800][gc,stats    ]    Subphase: Concurrent Mark                               0.000 / 0.000         0.000 / 0.000        11.825 / 13.159       11.825 / 13.159      ms
[2023-11-19T17:05:35.501+0800][gc,stats    ]    Subphase: Concurrent Mark Try Flush                     0.000 / 0.000         0.000 / 0.000         0.057 / 0.108         0.057 / 0.108       ms
[2023-11-19T17:05:35.501+0800][gc,stats    ]    Subphase: Concurrent Mark Try Terminate                 0.000 / 0.000         0.000 / 0.000         1.420 / 4.236         1.420 / 4.236       ms
[2023-11-19T17:05:35.501+0800][gc,stats    ]    Subphase: Concurrent References Enqueue                 0.000 / 0.000         0.000 / 0.000         0.004 / 0.004         0.004 / 0.004       ms
[2023-11-19T17:05:35.501+0800][gc,stats    ]    Subphase: Concurrent References Process                 0.000 / 0.000         0.000 / 0.000         0.090 / 0.101         0.090 / 0.101       ms
[2023-11-19T17:05:35.501+0800][gc,stats    ]    Subphase: Concurrent Roots ClassLoaderDataGraph         0.000 / 0.000         0.000 / 0.000         0.103 / 0.506         0.103 / 0.506       ms
[2023-11-19T17:05:35.501+0800][gc,stats    ]    Subphase: Concurrent Roots CodeCache                    0.000 / 0.000         0.000 / 0.000         0.000 / 0.000         0.000 / 0.000       ms
[2023-11-19T17:05:35.501+0800][gc,stats    ]    Subphase: Concurrent Roots JavaThreads                  0.000 / 0.000         0.000 / 0.000         1.129 / 2.106         1.129 / 2.106       ms
[2023-11-19T17:05:35.501+0800][gc,stats    ]    Subphase: Concurrent Roots OopStorageSet                0.000 / 0.000         0.000 / 0.000         0.036 / 0.058         0.036 / 0.058       ms
[2023-11-19T17:05:35.501+0800][gc,stats    ]    Subphase: Concurrent Weak Roots OopStorageSet           0.000 / 0.000         0.000 / 0.000         0.328 / 0.486         0.328 / 0.486       ms
[2023-11-19T17:05:35.501+0800][gc,stats    ]    Subphase: Pause Mark Try Complete                       0.000 / 0.000         0.000 / 0.000         0.000 / 0.000         0.000 / 0.000       ms
[2023-11-19T17:05:35.501+0800][gc,stats    ]      System: Java Threads                                      0 / 0                 0 / 0                39 / 54               39 / 54          threads
[2023-11-19T17:05:35.501+0800][gc,stats    ] =========================================================================================================================================================
[2023-11-19T17:05:45.500+0800][gc,stats    ] === Garbage Collection Statistics =======================================================================================================================
[2023-11-19T17:05:45.500+0800][gc,stats    ]                                                              Last 10s              Last 10m              Last 10h                Total
[2023-11-19T17:05:45.500+0800][gc,stats    ]                                                              Avg / Max             Avg / Max             Avg / Max             Avg / Max
[2023-11-19T17:05:45.500+0800][gc,stats    ]   Collector: Garbage Collection Cycle                      0.000 / 0.000         0.000 / 0.000        23.723 / 25.775       23.723 / 25.775      ms
[2023-11-19T17:05:45.500+0800][gc,stats    ]  Contention: Mark Segment Reset Contention                     0 / 0                 0 / 0                 0 / 3                 0 / 3           ops/s
[2023-11-19T17:05:45.500+0800][gc,stats    ]  Contention: Mark SeqNum Reset Contention                      0 / 0                 0 / 0                 0 / 0                 0 / 0           ops/s
[2023-11-19T17:05:45.500+0800][gc,stats    ]    Critical: Allocation Stall                                  0 / 0                 0 / 0                 0 / 0                 0 / 0           ops/s
[2023-11-19T17:05:45.500+0800][gc,stats    ]    Critical: Allocation Stall                              0.000 / 0.000         0.000 / 0.000         0.000 / 0.000         0.000 / 0.000       ms
[2023-11-19T17:05:45.500+0800][gc,stats    ]    Critical: GC Locker Stall                                   0 / 0                 0 / 0                 0 / 0                 0 / 0           ops/s
[2023-11-19T17:05:45.500+0800][gc,stats    ]    Critical: GC Locker Stall                               0.000 / 0.000         0.000 / 0.000         0.000 / 0.000         0.000 / 0.000       ms
[2023-11-19T17:05:45.500+0800][gc,stats    ]    Critical: Relocation Stall                                  0 / 0                 0 / 0                 0 / 0                 0 / 0           ops/s
[2023-11-19T17:05:45.500+0800][gc,stats    ]    Critical: Relocation Stall                              0.000 / 0.000         0.000 / 0.000         0.000 / 0.000         0.000 / 0.000       ms
[2023-11-19T17:05:45.500+0800][gc,stats    ]      Memory: Allocation Rate                                   0 / 2                 0 / 4                 0 / 104               0 / 104         MB/s
[2023-11-19T17:05:45.500+0800][gc,stats    ]      Memory: Defragment                                        0 / 0                 0 / 0                 0 / 0                 0 / 0           ops/s
[2023-11-19T17:05:45.500+0800][gc,stats    ]      Memory: Out Of Memory                                     0 / 0                 0 / 0                 0 / 0                 0 / 0           ops/s
[2023-11-19T17:05:45.500+0800][gc,stats    ]      Memory: Page Cache Flush                                  0 / 0                 0 / 0                 0 / 0                 0 / 0           MB/s
[2023-11-19T17:05:45.500+0800][gc,stats    ]      Memory: Page Cache Hit L1                                 0 / 0                 0 / 2                 0 / 29                0 / 29          ops/s
[2023-11-19T17:05:45.500+0800][gc,stats    ]      Memory: Page Cache Hit L2                                 0 / 0                 0 / 0                 0 / 0                 0 / 0           ops/s
[2023-11-19T17:05:45.500+0800][gc,stats    ]      Memory: Page Cache Hit L3                                 0 / 1                 0 / 2                 0 / 48                0 / 48          ops/s
[2023-11-19T17:05:45.500+0800][gc,stats    ]      Memory: Page Cache Miss                                   0 / 0                 0 / 0                 0 / 1                 0 / 1           ops/s
[2023-11-19T17:05:45.500+0800][gc,stats    ]      Memory: Uncommit                                          0 / 0                 0 / 0                 0 / 0                 0 / 0           MB/s
[2023-11-19T17:05:45.500+0800][gc,stats    ]      Memory: Undo Object Allocation Failed                     0 / 0                 0 / 0                 0 / 0                 0 / 0           ops/s
[2023-11-19T17:05:45.500+0800][gc,stats    ]      Memory: Undo Object Allocation Succeeded                  0 / 0                 0 / 0                 0 / 0                 0 / 0           ops/s
[2023-11-19T17:05:45.500+0800][gc,stats    ]      Memory: Undo Page Allocation                              0 / 0                 0 / 0                 0 / 0                 0 / 0           ops/s
[2023-11-19T17:05:45.500+0800][gc,stats    ]       Phase: Concurrent Mark                               0.000 / 0.000         0.000 / 0.000        13.801 / 15.394       13.801 / 15.394      ms
[2023-11-19T17:05:45.500+0800][gc,stats    ]       Phase: Concurrent Mark Continue                      0.000 / 0.000         0.000 / 0.000         0.000 / 0.000         0.000 / 0.000       ms
[2023-11-19T17:05:45.500+0800][gc,stats    ]       Phase: Concurrent Mark Free                          0.000 / 0.000         0.000 / 0.000         0.001 / 0.001         0.001 / 0.001       ms
[2023-11-19T17:05:45.500+0800][gc,stats    ]       Phase: Concurrent Process Non-Strong References      0.000 / 0.000         0.000 / 0.000         1.810 / 1.931         1.810 / 1.931       ms
[2023-11-19T17:05:45.500+0800][gc,stats    ]       Phase: Concurrent Relocate                           0.000 / 0.000         0.000 / 0.000         2.671 / 3.187         2.671 / 3.187       ms
[2023-11-19T17:05:45.500+0800][gc,stats    ]       Phase: Concurrent Reset Relocation Set               0.000 / 0.000         0.000 / 0.000         0.001 / 0.003         0.001 / 0.003       ms
[2023-11-19T17:05:45.500+0800][gc,stats    ]       Phase: Concurrent Select Relocation Set              0.000 / 0.000         0.000 / 0.000         4.627 / 7.839         4.627 / 7.839       ms
[2023-11-19T17:05:45.500+0800][gc,stats    ]       Phase: Pause Mark End                                0.000 / 0.000         0.000 / 0.000         0.016 / 0.018         0.016 / 0.018       ms
[2023-11-19T17:05:45.500+0800][gc,stats    ]       Phase: Pause Mark Start                              0.000 / 0.000         0.000 / 0.000         0.013 / 0.019         0.013 / 0.019       ms
[2023-11-19T17:05:45.500+0800][gc,stats    ]       Phase: Pause Relocate Start                          0.000 / 0.000         0.000 / 0.000         0.008 / 0.009         0.008 / 0.009       ms
[2023-11-19T17:05:45.500+0800][gc,stats    ]    Subphase: Concurrent Classes Purge                      0.000 / 0.000         0.000 / 0.000         0.047 / 0.049         0.047 / 0.049       ms
[2023-11-19T17:05:45.500+0800][gc,stats    ]    Subphase: Concurrent Classes Unlink                     0.000 / 0.000         0.000 / 0.000         1.263 / 1.295         1.263 / 1.295       ms
[2023-11-19T17:05:45.500+0800][gc,stats    ]    Subphase: Concurrent Mark                               0.000 / 0.000         0.000 / 0.000        11.825 / 13.159       11.825 / 13.159      ms
[2023-11-19T17:05:45.500+0800][gc,stats    ]    Subphase: Concurrent Mark Try Flush                     0.000 / 0.000         0.000 / 0.000         0.057 / 0.108         0.057 / 0.108       ms
[2023-11-19T17:05:45.500+0800][gc,stats    ]    Subphase: Concurrent Mark Try Terminate                 0.000 / 0.000         0.000 / 0.000         1.420 / 4.236         1.420 / 4.236       ms
[2023-11-19T17:05:45.500+0800][gc,stats    ]    Subphase: Concurrent References Enqueue                 0.000 / 0.000         0.000 / 0.000         0.004 / 0.004         0.004 / 0.004       ms
[2023-11-19T17:05:45.500+0800][gc,stats    ]    Subphase: Concurrent References Process                 0.000 / 0.000         0.000 / 0.000         0.090 / 0.101         0.090 / 0.101       ms
[2023-11-19T17:05:45.500+0800][gc,stats    ]    Subphase: Concurrent Roots ClassLoaderDataGraph         0.000 / 0.000         0.000 / 0.000         0.103 / 0.506         0.103 / 0.506       ms
[2023-11-19T17:05:45.500+0800][gc,stats    ]    Subphase: Concurrent Roots CodeCache                    0.000 / 0.000         0.000 / 0.000         0.000 / 0.000         0.000 / 0.000       ms
[2023-11-19T17:05:45.500+0800][gc,stats    ]    Subphase: Concurrent Roots JavaThreads                  0.000 / 0.000         0.000 / 0.000         1.129 / 2.106         1.129 / 2.106       ms
[2023-11-19T17:05:45.500+0800][gc,stats    ]    Subphase: Concurrent Roots OopStorageSet                0.000 / 0.000         0.000 / 0.000         0.036 / 0.058         0.036 / 0.058       ms
[2023-11-19T17:05:45.500+0800][gc,stats    ]    Subphase: Concurrent Weak Roots OopStorageSet           0.000 / 0.000         0.000 / 0.000         0.328 / 0.486         0.328 / 0.486       ms
[2023-11-19T17:05:45.500+0800][gc,stats    ]    Subphase: Pause Mark Try Complete                       0.000 / 0.000         0.000 / 0.000         0.000 / 0.000         0.000 / 0.000       ms
[2023-11-19T17:05:45.500+0800][gc,stats    ]      System: Java Threads                                      0 / 0                 0 / 0                39 / 54               39 / 54          threads
[2023-11-19T17:05:45.500+0800][gc,stats    ] =========================================================================================================================================================
[2023-11-19T17:05:55.501+0800][gc,stats    ] === Garbage Collection Statistics =======================================================================================================================
[2023-11-19T17:05:55.501+0800][gc,stats    ]                                                              Last 10s              Last 10m              Last 10h                Total
[2023-11-19T17:05:55.501+0800][gc,stats    ]                                                              Avg / Max             Avg / Max             Avg / Max             Avg / Max
[2023-11-19T17:05:55.501+0800][gc,stats    ]   Collector: Garbage Collection Cycle                      0.000 / 0.000         0.000 / 0.000        23.723 / 25.775       23.723 / 25.775      ms
[2023-11-19T17:05:55.501+0800][gc,stats    ]  Contention: Mark Segment Reset Contention                     0 / 0                 0 / 0                 0 / 3                 0 / 3           ops/s
[2023-11-19T17:05:55.501+0800][gc,stats    ]  Contention: Mark SeqNum Reset Contention                      0 / 0                 0 / 0                 0 / 0                 0 / 0           ops/s
[2023-11-19T17:05:55.501+0800][gc,stats    ]    Critical: Allocation Stall                                  0 / 0                 0 / 0                 0 / 0                 0 / 0           ops/s
[2023-11-19T17:05:55.501+0800][gc,stats    ]    Critical: Allocation Stall                              0.000 / 0.000         0.000 / 0.000         0.000 / 0.000         0.000 / 0.000       ms
[2023-11-19T17:05:55.501+0800][gc,stats    ]    Critical: GC Locker Stall                                   0 / 0                 0 / 0                 0 / 0                 0 / 0           ops/s
[2023-11-19T17:05:55.501+0800][gc,stats    ]    Critical: GC Locker Stall                               0.000 / 0.000         0.000 / 0.000         0.000 / 0.000         0.000 / 0.000       ms
[2023-11-19T17:05:55.501+0800][gc,stats    ]    Critical: Relocation Stall                                  0 / 0                 0 / 0                 0 / 0                 0 / 0           ops/s
[2023-11-19T17:05:55.501+0800][gc,stats    ]    Critical: Relocation Stall                              0.000 / 0.000         0.000 / 0.000         0.000 / 0.000         0.000 / 0.000       ms
[2023-11-19T17:05:55.501+0800][gc,stats    ]      Memory: Allocation Rate                                   0 / 0                 0 / 4                 0 / 104               0 / 104         MB/s
[2023-11-19T17:05:55.501+0800][gc,stats    ]      Memory: Defragment                                        0 / 0                 0 / 0                 0 / 0                 0 / 0           ops/s
[2023-11-19T17:05:55.501+0800][gc,stats    ]      Memory: Out Of Memory                                     0 / 0                 0 / 0                 0 / 0                 0 / 0           ops/s
[2023-11-19T17:05:55.501+0800][gc,stats    ]      Memory: Page Cache Flush                                  0 / 0                 0 / 0                 0 / 0                 0 / 0           MB/s
[2023-11-19T17:05:55.501+0800][gc,stats    ]      Memory: Page Cache Hit L1                                 0 / 0                 0 / 2                 0 / 29                0 / 29          ops/s
[2023-11-19T17:05:55.501+0800][gc,stats    ]      Memory: Page Cache Hit L2                                 0 / 0                 0 / 0                 0 / 0                 0 / 0           ops/s
[2023-11-19T17:05:55.501+0800][gc,stats    ]      Memory: Page Cache Hit L3                                 0 / 0                 0 / 2                 0 / 48                0 / 48          ops/s
[2023-11-19T17:05:55.501+0800][gc,stats    ]      Memory: Page Cache Miss                                   0 / 0                 0 / 0                 0 / 1                 0 / 1           ops/s
[2023-11-19T17:05:55.501+0800][gc,stats    ]      Memory: Uncommit                                          0 / 0                 0 / 0                 0 / 0                 0 / 0           MB/s
[2023-11-19T17:05:55.501+0800][gc,stats    ]      Memory: Undo Object Allocation Failed                     0 / 0                 0 / 0                 0 / 0                 0 / 0           ops/s
[2023-11-19T17:05:55.501+0800][gc,stats    ]      Memory: Undo Object Allocation Succeeded                  0 / 0                 0 / 0                 0 / 0                 0 / 0           ops/s
[2023-11-19T17:05:55.501+0800][gc,stats    ]      Memory: Undo Page Allocation                              0 / 0                 0 / 0                 0 / 0                 0 / 0           ops/s
[2023-11-19T17:05:55.501+0800][gc,stats    ]       Phase: Concurrent Mark                               0.000 / 0.000         0.000 / 0.000        13.801 / 15.394       13.801 / 15.394      ms
[2023-11-19T17:05:55.501+0800][gc,stats    ]       Phase: Concurrent Mark Continue                      0.000 / 0.000         0.000 / 0.000         0.000 / 0.000         0.000 / 0.000       ms
[2023-11-19T17:05:55.501+0800][gc,stats    ]       Phase: Concurrent Mark Free                          0.000 / 0.000         0.000 / 0.000         0.001 / 0.001         0.001 / 0.001       ms
[2023-11-19T17:05:55.501+0800][gc,stats    ]       Phase: Concurrent Process Non-Strong References      0.000 / 0.000         0.000 / 0.000         1.810 / 1.931         1.810 / 1.931       ms
[2023-11-19T17:05:55.501+0800][gc,stats    ]       Phase: Concurrent Relocate                           0.000 / 0.000         0.000 / 0.000         2.671 / 3.187         2.671 / 3.187       ms
[2023-11-19T17:05:55.501+0800][gc,stats    ]       Phase: Concurrent Reset Relocation Set               0.000 / 0.000         0.000 / 0.000         0.001 / 0.003         0.001 / 0.003       ms
[2023-11-19T17:05:55.501+0800][gc,stats    ]       Phase: Concurrent Select Relocation Set              0.000 / 0.000         0.000 / 0.000         4.627 / 7.839         4.627 / 7.839       ms
[2023-11-19T17:05:55.501+0800][gc,stats    ]       Phase: Pause Mark End                                0.000 / 0.000         0.000 / 0.000         0.016 / 0.018         0.016 / 0.018       ms
[2023-11-19T17:05:55.501+0800][gc,stats    ]       Phase: Pause Mark Start                              0.000 / 0.000         0.000 / 0.000         0.013 / 0.019         0.013 / 0.019       ms
[2023-11-19T17:05:55.501+0800][gc,stats    ]       Phase: Pause Relocate Start                          0.000 / 0.000         0.000 / 0.000         0.008 / 0.009         0.008 / 0.009       ms
[2023-11-19T17:05:55.501+0800][gc,stats    ]    Subphase: Concurrent Classes Purge                      0.000 / 0.000         0.000 / 0.000         0.047 / 0.049         0.047 / 0.049       ms
[2023-11-19T17:05:55.501+0800][gc,stats    ]    Subphase: Concurrent Classes Unlink                     0.000 / 0.000         0.000 / 0.000         1.263 / 1.295         1.263 / 1.295       ms
[2023-11-19T17:05:55.501+0800][gc,stats    ]    Subphase: Concurrent Mark                               0.000 / 0.000         0.000 / 0.000        11.825 / 13.159       11.825 / 13.159      ms
[2023-11-19T17:05:55.501+0800][gc,stats    ]    Subphase: Concurrent Mark Try Flush                     0.000 / 0.000         0.000 / 0.000         0.057 / 0.108         0.057 / 0.108       ms
[2023-11-19T17:05:55.501+0800][gc,stats    ]    Subphase: Concurrent Mark Try Terminate                 0.000 / 0.000         0.000 / 0.000         1.420 / 4.236         1.420 / 4.236       ms
[2023-11-19T17:05:55.501+0800][gc,stats    ]    Subphase: Concurrent References Enqueue                 0.000 / 0.000         0.000 / 0.000         0.004 / 0.004         0.004 / 0.004       ms
[2023-11-19T17:05:55.501+0800][gc,stats    ]    Subphase: Concurrent References Process                 0.000 / 0.000         0.000 / 0.000         0.090 / 0.101         0.090 / 0.101       ms
[2023-11-19T17:05:55.501+0800][gc,stats    ]    Subphase: Concurrent Roots ClassLoaderDataGraph         0.000 / 0.000         0.000 / 0.000         0.103 / 0.506         0.103 / 0.506       ms
[2023-11-19T17:05:55.501+0800][gc,stats    ]    Subphase: Concurrent Roots CodeCache                    0.000 / 0.000         0.000 / 0.000         0.000 / 0.000         0.000 / 0.000       ms
[2023-11-19T17:05:55.501+0800][gc,stats    ]    Subphase: Concurrent Roots JavaThreads                  0.000 / 0.000         0.000 / 0.000         1.129 / 2.106         1.129 / 2.106       ms
[2023-11-19T17:05:55.501+0800][gc,stats    ]    Subphase: Concurrent Roots OopStorageSet                0.000 / 0.000         0.000 / 0.000         0.036 / 0.058         0.036 / 0.058       ms
[2023-11-19T17:05:55.501+0800][gc,stats    ]    Subphase: Concurrent Weak Roots OopStorageSet           0.000 / 0.000         0.000 / 0.000         0.328 / 0.486         0.328 / 0.486       ms
[2023-11-19T17:05:55.501+0800][gc,stats    ]    Subphase: Pause Mark Try Complete                       0.000 / 0.000         0.000 / 0.000         0.000 / 0.000         0.000 / 0.000       ms
[2023-11-19T17:05:55.501+0800][gc,stats    ]      System: Java Threads                                      0 / 0                 0 / 0                39 / 54               39 / 54          threads
[2023-11-19T17:05:55.501+0800][gc,stats    ] =========================================================================================================================================================
[2023-11-19T17:06:05.500+0800][gc,stats    ] === Garbage Collection Statistics =======================================================================================================================
[2023-11-19T17:06:05.500+0800][gc,stats    ]                                                              Last 10s              Last 10m              Last 10h                Total
[2023-11-19T17:06:05.500+0800][gc,stats    ]                                                              Avg / Max             Avg / Max             Avg / Max             Avg / Max
[2023-11-19T17:06:05.500+0800][gc,stats    ]   Collector: Garbage Collection Cycle                      0.000 / 0.000         0.000 / 0.000        23.723 / 25.775       23.723 / 25.775      ms
[2023-11-19T17:06:05.500+0800][gc,stats    ]  Contention: Mark Segment Reset Contention                     0 / 0                 0 / 0                 0 / 3                 0 / 3           ops/s
[2023-11-19T17:06:05.500+0800][gc,stats    ]  Contention: Mark SeqNum Reset Contention                      0 / 0                 0 / 0                 0 / 0                 0 / 0           ops/s
[2023-11-19T17:06:05.500+0800][gc,stats    ]    Critical: Allocation Stall                                  0 / 0                 0 / 0                 0 / 0                 0 / 0           ops/s
[2023-11-19T17:06:05.500+0800][gc,stats    ]    Critical: Allocation Stall                              0.000 / 0.000         0.000 / 0.000         0.000 / 0.000         0.000 / 0.000       ms
[2023-11-19T17:06:05.500+0800][gc,stats    ]    Critical: GC Locker Stall                                   0 / 0                 0 / 0                 0 / 0                 0 / 0           ops/s
[2023-11-19T17:06:05.500+0800][gc,stats    ]    Critical: GC Locker Stall                               0.000 / 0.000         0.000 / 0.000         0.000 / 0.000         0.000 / 0.000       ms
[2023-11-19T17:06:05.500+0800][gc,stats    ]    Critical: Relocation Stall                                  0 / 0                 0 / 0                 0 / 0                 0 / 0           ops/s
[2023-11-19T17:06:05.500+0800][gc,stats    ]    Critical: Relocation Stall                              0.000 / 0.000         0.000 / 0.000         0.000 / 0.000         0.000 / 0.000       ms
[2023-11-19T17:06:05.500+0800][gc,stats    ]      Memory: Allocation Rate                                   0 / 2                 0 / 4                 0 / 104               0 / 104         MB/s
[2023-11-19T17:06:05.500+0800][gc,stats    ]      Memory: Defragment                                        0 / 0                 0 / 0                 0 / 0                 0 / 0           ops/s
[2023-11-19T17:06:05.500+0800][gc,stats    ]      Memory: Out Of Memory                                     0 / 0                 0 / 0                 0 / 0                 0 / 0           ops/s
[2023-11-19T17:06:05.500+0800][gc,stats    ]      Memory: Page Cache Flush                                  0 / 0                 0 / 0                 0 / 0                 0 / 0           MB/s
[2023-11-19T17:06:05.500+0800][gc,stats    ]      Memory: Page Cache Hit L1                                 0 / 0                 0 / 2                 0 / 29                0 / 29          ops/s
[2023-11-19T17:06:05.500+0800][gc,stats    ]      Memory: Page Cache Hit L2                                 0 / 0                 0 / 0                 0 / 0                 0 / 0           ops/s
[2023-11-19T17:06:05.500+0800][gc,stats    ]      Memory: Page Cache Hit L3                                 0 / 1                 0 / 2                 0 / 48                0 / 48          ops/s
[2023-11-19T17:06:05.500+0800][gc,stats    ]      Memory: Page Cache Miss                                   0 / 0                 0 / 0                 0 / 1                 0 / 1           ops/s
[2023-11-19T17:06:05.500+0800][gc,stats    ]      Memory: Uncommit                                          0 / 0                 0 / 0                 0 / 0                 0 / 0           MB/s
[2023-11-19T17:06:05.500+0800][gc,stats    ]      Memory: Undo Object Allocation Failed                     0 / 0                 0 / 0                 0 / 0                 0 / 0           ops/s
[2023-11-19T17:06:05.500+0800][gc,stats    ]      Memory: Undo Object Allocation Succeeded                  0 / 0                 0 / 0                 0 / 0                 0 / 0           ops/s
[2023-11-19T17:06:05.500+0800][gc,stats    ]      Memory: Undo Page Allocation                              0 / 0                 0 / 0                 0 / 0                 0 / 0           ops/s
[2023-11-19T17:06:05.500+0800][gc,stats    ]       Phase: Concurrent Mark                               0.000 / 0.000         0.000 / 0.000        13.801 / 15.394       13.801 / 15.394      ms
[2023-11-19T17:06:05.500+0800][gc,stats    ]       Phase: Concurrent Mark Continue                      0.000 / 0.000         0.000 / 0.000         0.000 / 0.000         0.000 / 0.000       ms
[2023-11-19T17:06:05.500+0800][gc,stats    ]       Phase: Concurrent Mark Free                          0.000 / 0.000         0.000 / 0.000         0.001 / 0.001         0.001 / 0.001       ms
[2023-11-19T17:06:05.500+0800][gc,stats    ]       Phase: Concurrent Process Non-Strong References      0.000 / 0.000         0.000 / 0.000         1.810 / 1.931         1.810 / 1.931       ms
[2023-11-19T17:06:05.500+0800][gc,stats    ]       Phase: Concurrent Relocate                           0.000 / 0.000         0.000 / 0.000         2.671 / 3.187         2.671 / 3.187       ms
[2023-11-19T17:06:05.500+0800][gc,stats    ]       Phase: Concurrent Reset Relocation Set               0.000 / 0.000         0.000 / 0.000         0.001 / 0.003         0.001 / 0.003       ms
[2023-11-19T17:06:05.500+0800][gc,stats    ]       Phase: Concurrent Select Relocation Set              0.000 / 0.000         0.000 / 0.000         4.627 / 7.839         4.627 / 7.839       ms
[2023-11-19T17:06:05.500+0800][gc,stats    ]       Phase: Pause Mark End                                0.000 / 0.000         0.000 / 0.000         0.016 / 0.018         0.016 / 0.018       ms
[2023-11-19T17:06:05.500+0800][gc,stats    ]       Phase: Pause Mark Start                              0.000 / 0.000         0.000 / 0.000         0.013 / 0.019         0.013 / 0.019       ms
[2023-11-19T17:06:05.500+0800][gc,stats    ]       Phase: Pause Relocate Start                          0.000 / 0.000         0.000 / 0.000         0.008 / 0.009         0.008 / 0.009       ms
[2023-11-19T17:06:05.500+0800][gc,stats    ]    Subphase: Concurrent Classes Purge                      0.000 / 0.000         0.000 / 0.000         0.047 / 0.049         0.047 / 0.049       ms
[2023-11-19T17:06:05.501+0800][gc,stats    ]    Subphase: Concurrent Classes Unlink                     0.000 / 0.000         0.000 / 0.000         1.263 / 1.295         1.263 / 1.295       ms
[2023-11-19T17:06:05.501+0800][gc,stats    ]    Subphase: Concurrent Mark                               0.000 / 0.000         0.000 / 0.000        11.825 / 13.159       11.825 / 13.159      ms
[2023-11-19T17:06:05.501+0800][gc,stats    ]    Subphase: Concurrent Mark Try Flush                     0.000 / 0.000         0.000 / 0.000         0.057 / 0.108         0.057 / 0.108       ms
[2023-11-19T17:06:05.501+0800][gc,stats    ]    Subphase: Concurrent Mark Try Terminate                 0.000 / 0.000         0.000 / 0.000         1.420 / 4.236         1.420 / 4.236       ms
[2023-11-19T17:06:05.501+0800][gc,stats    ]    Subphase: Concurrent References Enqueue                 0.000 / 0.000         0.000 / 0.000         0.004 / 0.004         0.004 / 0.004       ms
[2023-11-19T17:06:05.501+0800][gc,stats    ]    Subphase: Concurrent References Process                 0.000 / 0.000         0.000 / 0.000         0.090 / 0.101         0.090 / 0.101       ms
[2023-11-19T17:06:05.501+0800][gc,stats    ]    Subphase: Concurrent Roots ClassLoaderDataGraph         0.000 / 0.000         0.000 / 0.000         0.103 / 0.506         0.103 / 0.506       ms
[2023-11-19T17:06:05.501+0800][gc,stats    ]    Subphase: Concurrent Roots CodeCache                    0.000 / 0.000         0.000 / 0.000         0.000 / 0.000         0.000 / 0.000       ms
[2023-11-19T17:06:05.501+0800][gc,stats    ]    Subphase: Concurrent Roots JavaThreads                  0.000 / 0.000         0.000 / 0.000         1.129 / 2.106         1.129 / 2.106       ms
[2023-11-19T17:06:05.501+0800][gc,stats    ]    Subphase: Concurrent Roots OopStorageSet                0.000 / 0.000         0.000 / 0.000         0.036 / 0.058         0.036 / 0.058       ms
[2023-11-19T17:06:05.501+0800][gc,stats    ]    Subphase: Concurrent Weak Roots OopStorageSet           0.000 / 0.000         0.000 / 0.000         0.328 / 0.486         0.328 / 0.486       ms
[2023-11-19T17:06:05.501+0800][gc,stats    ]    Subphase: Pause Mark Try Complete                       0.000 / 0.000         0.000 / 0.000         0.000 / 0.000         0.000 / 0.000       ms
[2023-11-19T17:06:05.501+0800][gc,stats    ]      System: Java Threads                                      0 / 0                 0 / 0                39 / 54               39 / 54          threads
[2023-11-19T17:06:05.501+0800][gc,stats    ] =========================================================================================================================================================
[2023-11-19T17:06:15.501+0800][gc,stats    ] === Garbage Collection Statistics =======================================================================================================================
[2023-11-19T17:06:15.501+0800][gc,stats    ]                                                              Last 10s              Last 10m              Last 10h                Total
[2023-11-19T17:06:15.501+0800][gc,stats    ]                                                              Avg / Max             Avg / Max             Avg / Max             Avg / Max
[2023-11-19T17:06:15.501+0800][gc,stats    ]   Collector: Garbage Collection Cycle                      0.000 / 0.000         0.000 / 0.000        23.723 / 25.775       23.723 / 25.775      ms
[2023-11-19T17:06:15.501+0800][gc,stats    ]  Contention: Mark Segment Reset Contention                     0 / 0                 0 / 0                 0 / 3                 0 / 3           ops/s
[2023-11-19T17:06:15.501+0800][gc,stats    ]  Contention: Mark SeqNum Reset Contention                      0 / 0                 0 / 0                 0 / 0                 0 / 0           ops/s
[2023-11-19T17:06:15.501+0800][gc,stats    ]    Critical: Allocation Stall                                  0 / 0                 0 / 0                 0 / 0                 0 / 0           ops/s
[2023-11-19T17:06:15.501+0800][gc,stats    ]    Critical: Allocation Stall                              0.000 / 0.000         0.000 / 0.000         0.000 / 0.000         0.000 / 0.000       ms
[2023-11-19T17:06:15.501+0800][gc,stats    ]    Critical: GC Locker Stall                                   0 / 0                 0 / 0                 0 / 0                 0 / 0           ops/s
[2023-11-19T17:06:15.501+0800][gc,stats    ]    Critical: GC Locker Stall                               0.000 / 0.000         0.000 / 0.000         0.000 / 0.000         0.000 / 0.000       ms
[2023-11-19T17:06:15.501+0800][gc,stats    ]    Critical: Relocation Stall                                  0 / 0                 0 / 0                 0 / 0                 0 / 0           ops/s
[2023-11-19T17:06:15.501+0800][gc,stats    ]    Critical: Relocation Stall                              0.000 / 0.000         0.000 / 0.000         0.000 / 0.000         0.000 / 0.000       ms
[2023-11-19T17:06:15.501+0800][gc,stats    ]      Memory: Allocation Rate                                   0 / 0                 0 / 4                 0 / 104               0 / 104         MB/s
[2023-11-19T17:06:15.501+0800][gc,stats    ]      Memory: Defragment                                        0 / 0                 0 / 0                 0 / 0                 0 / 0           ops/s
[2023-11-19T17:06:15.501+0800][gc,stats    ]      Memory: Out Of Memory                                     0 / 0                 0 / 0                 0 / 0                 0 / 0           ops/s
[2023-11-19T17:06:15.501+0800][gc,stats    ]      Memory: Page Cache Flush                                  0 / 0                 0 / 0                 0 / 0                 0 / 0           MB/s
[2023-11-19T17:06:15.501+0800][gc,stats    ]      Memory: Page Cache Hit L1                                 0 / 0                 0 / 2                 0 / 29                0 / 29          ops/s
[2023-11-19T17:06:15.501+0800][gc,stats    ]      Memory: Page Cache Hit L2                                 0 / 0                 0 / 0                 0 / 0                 0 / 0           ops/s
[2023-11-19T17:06:15.501+0800][gc,stats    ]      Memory: Page Cache Hit L3                                 0 / 0                 0 / 2                 0 / 48                0 / 48          ops/s
[2023-11-19T17:06:15.501+0800][gc,stats    ]      Memory: Page Cache Miss                                   0 / 0                 0 / 0                 0 / 1                 0 / 1           ops/s
[2023-11-19T17:06:15.501+0800][gc,stats    ]      Memory: Uncommit                                          0 / 0                 0 / 0                 0 / 0                 0 / 0           MB/s
[2023-11-19T17:06:15.501+0800][gc,stats    ]      Memory: Undo Object Allocation Failed                     0 / 0                 0 / 0                 0 / 0                 0 / 0           ops/s
[2023-11-19T17:06:15.501+0800][gc,stats    ]      Memory: Undo Object Allocation Succeeded                  0 / 0                 0 / 0                 0 / 0                 0 / 0           ops/s
[2023-11-19T17:06:15.501+0800][gc,stats    ]      Memory: Undo Page Allocation                              0 / 0                 0 / 0                 0 / 0                 0 / 0           ops/s
[2023-11-19T17:06:15.501+0800][gc,stats    ]       Phase: Concurrent Mark                               0.000 / 0.000         0.000 / 0.000        13.801 / 15.394       13.801 / 15.394      ms
[2023-11-19T17:06:15.501+0800][gc,stats    ]       Phase: Concurrent Mark Continue                      0.000 / 0.000         0.000 / 0.000         0.000 / 0.000         0.000 / 0.000       ms
[2023-11-19T17:06:15.501+0800][gc,stats    ]       Phase: Concurrent Mark Free                          0.000 / 0.000         0.000 / 0.000         0.001 / 0.001         0.001 / 0.001       ms
[2023-11-19T17:06:15.501+0800][gc,stats    ]       Phase: Concurrent Process Non-Strong References      0.000 / 0.000         0.000 / 0.000         1.810 / 1.931         1.810 / 1.931       ms
[2023-11-19T17:06:15.501+0800][gc,stats    ]       Phase: Concurrent Relocate                           0.000 / 0.000         0.000 / 0.000         2.671 / 3.187         2.671 / 3.187       ms
[2023-11-19T17:06:15.501+0800][gc,stats    ]       Phase: Concurrent Reset Relocation Set               0.000 / 0.000         0.000 / 0.000         0.001 / 0.003         0.001 / 0.003       ms
[2023-11-19T17:06:15.501+0800][gc,stats    ]       Phase: Concurrent Select Relocation Set              0.000 / 0.000         0.000 / 0.000         4.627 / 7.839         4.627 / 7.839       ms
[2023-11-19T17:06:15.501+0800][gc,stats    ]       Phase: Pause Mark End                                0.000 / 0.000         0.000 / 0.000         0.016 / 0.018         0.016 / 0.018       ms
[2023-11-19T17:06:15.501+0800][gc,stats    ]       Phase: Pause Mark Start                              0.000 / 0.000         0.000 / 0.000         0.013 / 0.019         0.013 / 0.019       ms
[2023-11-19T17:06:15.501+0800][gc,stats    ]       Phase: Pause Relocate Start                          0.000 / 0.000         0.000 / 0.000         0.008 / 0.009         0.008 / 0.009       ms
[2023-11-19T17:06:15.501+0800][gc,stats    ]    Subphase: Concurrent Classes Purge                      0.000 / 0.000         0.000 / 0.000         0.047 / 0.049         0.047 / 0.049       ms
[2023-11-19T17:06:15.501+0800][gc,stats    ]    Subphase: Concurrent Classes Unlink                     0.000 / 0.000         0.000 / 0.000         1.263 / 1.295         1.263 / 1.295       ms
[2023-11-19T17:06:15.501+0800][gc,stats    ]    Subphase: Concurrent Mark                               0.000 / 0.000         0.000 / 0.000        11.825 / 13.159       11.825 / 13.159      ms
[2023-11-19T17:06:15.501+0800][gc,stats    ]    Subphase: Concurrent Mark Try Flush                     0.000 / 0.000         0.000 / 0.000         0.057 / 0.108         0.057 / 0.108       ms
[2023-11-19T17:06:15.501+0800][gc,stats    ]    Subphase: Concurrent Mark Try Terminate                 0.000 / 0.000         0.000 / 0.000         1.420 / 4.236         1.420 / 4.236       ms
[2023-11-19T17:06:15.501+0800][gc,stats    ]    Subphase: Concurrent References Enqueue                 0.000 / 0.000         0.000 / 0.000         0.004 / 0.004         0.004 / 0.004       ms
[2023-11-19T17:06:15.501+0800][gc,stats    ]    Subphase: Concurrent References Process                 0.000 / 0.000         0.000 / 0.000         0.090 / 0.101         0.090 / 0.101       ms
[2023-11-19T17:06:15.501+0800][gc,stats    ]    Subphase: Concurrent Roots ClassLoaderDataGraph         0.000 / 0.000         0.000 / 0.000         0.103 / 0.506         0.103 / 0.506       ms
[2023-11-19T17:06:15.501+0800][gc,stats    ]    Subphase: Concurrent Roots CodeCache                    0.000 / 0.000         0.000 / 0.000         0.000 / 0.000         0.000 / 0.000       ms
[2023-11-19T17:06:15.501+0800][gc,stats    ]    Subphase: Concurrent Roots JavaThreads                  0.000 / 0.000         0.000 / 0.000         1.129 / 2.106         1.129 / 2.106       ms
[2023-11-19T17:06:15.501+0800][gc,stats    ]    Subphase: Concurrent Roots OopStorageSet                0.000 / 0.000         0.000 / 0.000         0.036 / 0.058         0.036 / 0.058       ms
[2023-11-19T17:06:15.501+0800][gc,stats    ]    Subphase: Concurrent Weak Roots OopStorageSet           0.000 / 0.000         0.000 / 0.000         0.328 / 0.486         0.328 / 0.486       ms
[2023-11-19T17:06:15.501+0800][gc,stats    ]    Subphase: Pause Mark Try Complete                       0.000 / 0.000         0.000 / 0.000         0.000 / 0.000         0.000 / 0.000       ms
[2023-11-19T17:06:15.501+0800][gc,stats    ]      System: Java Threads                                      0 / 0                 0 / 0                39 / 54               39 / 54          threads
[2023-11-19T17:06:15.501+0800][gc,stats    ] =========================================================================================================================================================
[2023-11-19T17:06:25.501+0800][gc,stats    ] === Garbage Collection Statistics =======================================================================================================================
[2023-11-19T17:06:25.501+0800][gc,stats    ]                                                              Last 10s              Last 10m              Last 10h                Total
[2023-11-19T17:06:25.501+0800][gc,stats    ]                                                              Avg / Max             Avg / Max             Avg / Max             Avg / Max
[2023-11-19T17:06:25.501+0800][gc,stats    ]   Collector: Garbage Collection Cycle                      0.000 / 0.000         0.000 / 0.000        23.723 / 25.775       23.723 / 25.775      ms
[2023-11-19T17:06:25.501+0800][gc,stats    ]  Contention: Mark Segment Reset Contention                     0 / 0                 0 / 0                 0 / 3                 0 / 3           ops/s
[2023-11-19T17:06:25.501+0800][gc,stats    ]  Contention: Mark SeqNum Reset Contention                      0 / 0                 0 / 0                 0 / 0                 0 / 0           ops/s
[2023-11-19T17:06:25.501+0800][gc,stats    ]    Critical: Allocation Stall                                  0 / 0                 0 / 0                 0 / 0                 0 / 0           ops/s
[2023-11-19T17:06:25.501+0800][gc,stats    ]    Critical: Allocation Stall                              0.000 / 0.000         0.000 / 0.000         0.000 / 0.000         0.000 / 0.000       ms
[2023-11-19T17:06:25.501+0800][gc,stats    ]    Critical: GC Locker Stall                                   0 / 0                 0 / 0                 0 / 0                 0 / 0           ops/s
[2023-11-19T17:06:25.501+0800][gc,stats    ]    Critical: GC Locker Stall                               0.000 / 0.000         0.000 / 0.000         0.000 / 0.000         0.000 / 0.000       ms
[2023-11-19T17:06:25.501+0800][gc,stats    ]    Critical: Relocation Stall                                  0 / 0                 0 / 0                 0 / 0                 0 / 0           ops/s
[2023-11-19T17:06:25.501+0800][gc,stats    ]    Critical: Relocation Stall                              0.000 / 0.000         0.000 / 0.000         0.000 / 0.000         0.000 / 0.000       ms
[2023-11-19T17:06:25.501+0800][gc,stats    ]      Memory: Allocation Rate                                   0 / 0                 0 / 4                 0 / 104               0 / 104         MB/s
[2023-11-19T17:06:25.501+0800][gc,stats    ]      Memory: Defragment                                        0 / 0                 0 / 0                 0 / 0                 0 / 0           ops/s
[2023-11-19T17:06:25.501+0800][gc,stats    ]      Memory: Out Of Memory                                     0 / 0                 0 / 0                 0 / 0                 0 / 0           ops/s
[2023-11-19T17:06:25.501+0800][gc,stats    ]      Memory: Page Cache Flush                                  0 / 0                 0 / 0                 0 / 0                 0 / 0           MB/s
[2023-11-19T17:06:25.501+0800][gc,stats    ]      Memory: Page Cache Hit L1                                 0 / 0                 0 / 2                 0 / 29                0 / 29          ops/s
[2023-11-19T17:06:25.501+0800][gc,stats    ]      Memory: Page Cache Hit L2                                 0 / 0                 0 / 0                 0 / 0                 0 / 0           ops/s
[2023-11-19T17:06:25.501+0800][gc,stats    ]      Memory: Page Cache Hit L3                                 0 / 0                 0 / 2                 0 / 48                0 / 48          ops/s
[2023-11-19T17:06:25.501+0800][gc,stats    ]      Memory: Page Cache Miss                                   0 / 0                 0 / 0                 0 / 1                 0 / 1           ops/s
[2023-11-19T17:06:25.501+0800][gc,stats    ]      Memory: Uncommit                                          0 / 0                 0 / 0                 0 / 0                 0 / 0           MB/s
[2023-11-19T17:06:25.501+0800][gc,stats    ]      Memory: Undo Object Allocation Failed                     0 / 0                 0 / 0                 0 / 0                 0 / 0           ops/s
[2023-11-19T17:06:25.501+0800][gc,stats    ]      Memory: Undo Object Allocation Succeeded                  0 / 0                 0 / 0                 0 / 0                 0 / 0           ops/s
[2023-11-19T17:06:25.501+0800][gc,stats    ]      Memory: Undo Page Allocation                              0 / 0                 0 / 0                 0 / 0                 0 / 0           ops/s
[2023-11-19T17:06:25.501+0800][gc,stats    ]       Phase: Concurrent Mark                               0.000 / 0.000         0.000 / 0.000        13.801 / 15.394       13.801 / 15.394      ms
[2023-11-19T17:06:25.501+0800][gc,stats    ]       Phase: Concurrent Mark Continue                      0.000 / 0.000         0.000 / 0.000         0.000 / 0.000         0.000 / 0.000       ms
[2023-11-19T17:06:25.501+0800][gc,stats    ]       Phase: Concurrent Mark Free                          0.000 / 0.000         0.000 / 0.000         0.001 / 0.001         0.001 / 0.001       ms
[2023-11-19T17:06:25.501+0800][gc,stats    ]       Phase: Concurrent Process Non-Strong References      0.000 / 0.000         0.000 / 0.000         1.810 / 1.931         1.810 / 1.931       ms
[2023-11-19T17:06:25.501+0800][gc,stats    ]       Phase: Concurrent Relocate                           0.000 / 0.000         0.000 / 0.000         2.671 / 3.187         2.671 / 3.187       ms
[2023-11-19T17:06:25.501+0800][gc,stats    ]       Phase: Concurrent Reset Relocation Set               0.000 / 0.000         0.000 / 0.000         0.001 / 0.003         0.001 / 0.003       ms
[2023-11-19T17:06:25.501+0800][gc,stats    ]       Phase: Concurrent Select Relocation Set              0.000 / 0.000         0.000 / 0.000         4.627 / 7.839         4.627 / 7.839       ms
[2023-11-19T17:06:25.501+0800][gc,stats    ]       Phase: Pause Mark End                                0.000 / 0.000         0.000 / 0.000         0.016 / 0.018         0.016 / 0.018       ms
[2023-11-19T17:06:25.501+0800][gc,stats    ]       Phase: Pause Mark Start                              0.000 / 0.000         0.000 / 0.000         0.013 / 0.019         0.013 / 0.019       ms
[2023-11-19T17:06:25.501+0800][gc,stats    ]       Phase: Pause Relocate Start                          0.000 / 0.000         0.000 / 0.000         0.008 / 0.009         0.008 / 0.009       ms
[2023-11-19T17:06:25.501+0800][gc,stats    ]    Subphase: Concurrent Classes Purge                      0.000 / 0.000         0.000 / 0.000         0.047 / 0.049         0.047 / 0.049       ms
[2023-11-19T17:06:25.501+0800][gc,stats    ]    Subphase: Concurrent Classes Unlink                     0.000 / 0.000         0.000 / 0.000         1.263 / 1.295         1.263 / 1.295       ms
[2023-11-19T17:06:25.501+0800][gc,stats    ]    Subphase: Concurrent Mark                               0.000 / 0.000         0.000 / 0.000        11.825 / 13.159       11.825 / 13.159      ms
[2023-11-19T17:06:25.501+0800][gc,stats    ]    Subphase: Concurrent Mark Try Flush                     0.000 / 0.000         0.000 / 0.000         0.057 / 0.108         0.057 / 0.108       ms
[2023-11-19T17:06:25.501+0800][gc,stats    ]    Subphase: Concurrent Mark Try Terminate                 0.000 / 0.000         0.000 / 0.000         1.420 / 4.236         1.420 / 4.236       ms
[2023-11-19T17:06:25.501+0800][gc,stats    ]    Subphase: Concurrent References Enqueue                 0.000 / 0.000         0.000 / 0.000         0.004 / 0.004         0.004 / 0.004       ms
[2023-11-19T17:06:25.501+0800][gc,stats    ]    Subphase: Concurrent References Process                 0.000 / 0.000         0.000 / 0.000         0.090 / 0.101         0.090 / 0.101       ms
[2023-11-19T17:06:25.501+0800][gc,stats    ]    Subphase: Concurrent Roots ClassLoaderDataGraph         0.000 / 0.000         0.000 / 0.000         0.103 / 0.506         0.103 / 0.506       ms
[2023-11-19T17:06:25.501+0800][gc,stats    ]    Subphase: Concurrent Roots CodeCache                    0.000 / 0.000         0.000 / 0.000         0.000 / 0.000         0.000 / 0.000       ms
[2023-11-19T17:06:25.501+0800][gc,stats    ]    Subphase: Concurrent Roots JavaThreads                  0.000 / 0.000         0.000 / 0.000         1.129 / 2.106         1.129 / 2.106       ms
[2023-11-19T17:06:25.501+0800][gc,stats    ]    Subphase: Concurrent Roots OopStorageSet                0.000 / 0.000         0.000 / 0.000         0.036 / 0.058         0.036 / 0.058       ms
[2023-11-19T17:06:25.501+0800][gc,stats    ]    Subphase: Concurrent Weak Roots OopStorageSet           0.000 / 0.000         0.000 / 0.000         0.328 / 0.486         0.328 / 0.486       ms
[2023-11-19T17:06:25.501+0800][gc,stats    ]    Subphase: Pause Mark Try Complete                       0.000 / 0.000         0.000 / 0.000         0.000 / 0.000         0.000 / 0.000       ms
[2023-11-19T17:06:25.501+0800][gc,stats    ]      System: Java Threads                                      0 / 0                 0 / 0                39 / 54               39 / 54          threads
[2023-11-19T17:06:25.501+0800][gc,stats    ] =========================================================================================================================================================
[2023-11-19T17:06:35.501+0800][gc,stats    ] === Garbage Collection Statistics =======================================================================================================================
[2023-11-19T17:06:35.501+0800][gc,stats    ]                                                              Last 10s              Last 10m              Last 10h                Total
[2023-11-19T17:06:35.501+0800][gc,stats    ]                                                              Avg / Max             Avg / Max             Avg / Max             Avg / Max
[2023-11-19T17:06:35.501+0800][gc,stats    ]   Collector: Garbage Collection Cycle                      0.000 / 0.000         0.000 / 0.000        23.723 / 25.775       23.723 / 25.775      ms
[2023-11-19T17:06:35.501+0800][gc,stats    ]  Contention: Mark Segment Reset Contention                     0 / 0                 0 / 0                 0 / 3                 0 / 3           ops/s
[2023-11-19T17:06:35.501+0800][gc,stats    ]  Contention: Mark SeqNum Reset Contention                      0 / 0                 0 / 0                 0 / 0                 0 / 0           ops/s
[2023-11-19T17:06:35.501+0800][gc,stats    ]    Critical: Allocation Stall                                  0 / 0                 0 / 0                 0 / 0                 0 / 0           ops/s
[2023-11-19T17:06:35.501+0800][gc,stats    ]    Critical: Allocation Stall                              0.000 / 0.000         0.000 / 0.000         0.000 / 0.000         0.000 / 0.000       ms
[2023-11-19T17:06:35.501+0800][gc,stats    ]    Critical: GC Locker Stall                                   0 / 0                 0 / 0                 0 / 0                 0 / 0           ops/s
[2023-11-19T17:06:35.501+0800][gc,stats    ]    Critical: GC Locker Stall                               0.000 / 0.000         0.000 / 0.000         0.000 / 0.000         0.000 / 0.000       ms
[2023-11-19T17:06:35.501+0800][gc,stats    ]    Critical: Relocation Stall                                  0 / 0                 0 / 0                 0 / 0                 0 / 0           ops/s
[2023-11-19T17:06:35.501+0800][gc,stats    ]    Critical: Relocation Stall                              0.000 / 0.000         0.000 / 0.000         0.000 / 0.000         0.000 / 0.000       ms
[2023-11-19T17:06:35.501+0800][gc,stats    ]      Memory: Allocation Rate                                   0 / 0                 0 / 4                 0 / 104               0 / 104         MB/s
[2023-11-19T17:06:35.501+0800][gc,stats    ]      Memory: Defragment                                        0 / 0                 0 / 0                 0 / 0                 0 / 0           ops/s
[2023-11-19T17:06:35.501+0800][gc,stats    ]      Memory: Out Of Memory                                     0 / 0                 0 / 0                 0 / 0                 0 / 0           ops/s
[2023-11-19T17:06:35.501+0800][gc,stats    ]      Memory: Page Cache Flush                                  0 / 0                 0 / 0                 0 / 0                 0 / 0           MB/s
[2023-11-19T17:06:35.501+0800][gc,stats    ]      Memory: Page Cache Hit L1                                 0 / 0                 0 / 2                 0 / 29                0 / 29          ops/s
[2023-11-19T17:06:35.501+0800][gc,stats    ]      Memory: Page Cache Hit L2                                 0 / 0                 0 / 0                 0 / 0                 0 / 0           ops/s
[2023-11-19T17:06:35.501+0800][gc,stats    ]      Memory: Page Cache Hit L3                                 0 / 0                 0 / 2                 0 / 48                0 / 48          ops/s
[2023-11-19T17:06:35.501+0800][gc,stats    ]      Memory: Page Cache Miss                                   0 / 0                 0 / 0                 0 / 1                 0 / 1           ops/s
[2023-11-19T17:06:35.501+0800][gc,stats    ]      Memory: Uncommit                                          0 / 0                 0 / 0                 0 / 0                 0 / 0           MB/s
[2023-11-19T17:06:35.501+0800][gc,stats    ]      Memory: Undo Object Allocation Failed                     0 / 0                 0 / 0                 0 / 0                 0 / 0           ops/s
[2023-11-19T17:06:35.501+0800][gc,stats    ]      Memory: Undo Object Allocation Succeeded                  0 / 0                 0 / 0                 0 / 0                 0 / 0           ops/s
[2023-11-19T17:06:35.501+0800][gc,stats    ]      Memory: Undo Page Allocation                              0 / 0                 0 / 0                 0 / 0                 0 / 0           ops/s
[2023-11-19T17:06:35.501+0800][gc,stats    ]       Phase: Concurrent Mark                               0.000 / 0.000         0.000 / 0.000        13.801 / 15.394       13.801 / 15.394      ms
[2023-11-19T17:06:35.501+0800][gc,stats    ]       Phase: Concurrent Mark Continue                      0.000 / 0.000         0.000 / 0.000         0.000 / 0.000         0.000 / 0.000       ms
[2023-11-19T17:06:35.501+0800][gc,stats    ]       Phase: Concurrent Mark Free                          0.000 / 0.000         0.000 / 0.000         0.001 / 0.001         0.001 / 0.001       ms
[2023-11-19T17:06:35.501+0800][gc,stats    ]       Phase: Concurrent Process Non-Strong References      0.000 / 0.000         0.000 / 0.000         1.810 / 1.931         1.810 / 1.931       ms
[2023-11-19T17:06:35.501+0800][gc,stats    ]       Phase: Concurrent Relocate                           0.000 / 0.000         0.000 / 0.000         2.671 / 3.187         2.671 / 3.187       ms
[2023-11-19T17:06:35.501+0800][gc,stats    ]       Phase: Concurrent Reset Relocation Set               0.000 / 0.000         0.000 / 0.000         0.001 / 0.003         0.001 / 0.003       ms
[2023-11-19T17:06:35.501+0800][gc,stats    ]       Phase: Concurrent Select Relocation Set              0.000 / 0.000         0.000 / 0.000         4.627 / 7.839         4.627 / 7.839       ms
[2023-11-19T17:06:35.501+0800][gc,stats    ]       Phase: Pause Mark End                                0.000 / 0.000         0.000 / 0.000         0.016 / 0.018         0.016 / 0.018       ms
[2023-11-19T17:06:35.501+0800][gc,stats    ]       Phase: Pause Mark Start                              0.000 / 0.000         0.000 / 0.000         0.013 / 0.019         0.013 / 0.019       ms
[2023-11-19T17:06:35.501+0800][gc,stats    ]       Phase: Pause Relocate Start                          0.000 / 0.000         0.000 / 0.000         0.008 / 0.009         0.008 / 0.009       ms
[2023-11-19T17:06:35.501+0800][gc,stats    ]    Subphase: Concurrent Classes Purge                      0.000 / 0.000         0.000 / 0.000         0.047 / 0.049         0.047 / 0.049       ms
[2023-11-19T17:06:35.501+0800][gc,stats    ]    Subphase: Concurrent Classes Unlink                     0.000 / 0.000         0.000 / 0.000         1.263 / 1.295         1.263 / 1.295       ms
[2023-11-19T17:06:35.501+0800][gc,stats    ]    Subphase: Concurrent Mark                               0.000 / 0.000         0.000 / 0.000        11.825 / 13.159       11.825 / 13.159      ms
[2023-11-19T17:06:35.501+0800][gc,stats    ]    Subphase: Concurrent Mark Try Flush                     0.000 / 0.000         0.000 / 0.000         0.057 / 0.108         0.057 / 0.108       ms
[2023-11-19T17:06:35.501+0800][gc,stats    ]    Subphase: Concurrent Mark Try Terminate                 0.000 / 0.000         0.000 / 0.000         1.420 / 4.236         1.420 / 4.236       ms
[2023-11-19T17:06:35.501+0800][gc,stats    ]    Subphase: Concurrent References Enqueue                 0.000 / 0.000         0.000 / 0.000         0.004 / 0.004         0.004 / 0.004       ms
[2023-11-19T17:06:35.501+0800][gc,stats    ]    Subphase: Concurrent References Process                 0.000 / 0.000         0.000 / 0.000         0.090 / 0.101         0.090 / 0.101       ms
[2023-11-19T17:06:35.501+0800][gc,stats    ]    Subphase: Concurrent Roots ClassLoaderDataGraph         0.000 / 0.000         0.000 / 0.000         0.103 / 0.506         0.103 / 0.506       ms
[2023-11-19T17:06:35.501+0800][gc,stats    ]    Subphase: Concurrent Roots CodeCache                    0.000 / 0.000         0.000 / 0.000         0.000 / 0.000         0.000 / 0.000       ms
[2023-11-19T17:06:35.501+0800][gc,stats    ]    Subphase: Concurrent Roots JavaThreads                  0.000 / 0.000         0.000 / 0.000         1.129 / 2.106         1.129 / 2.106       ms
[2023-11-19T17:06:35.501+0800][gc,stats    ]    Subphase: Concurrent Roots OopStorageSet                0.000 / 0.000         0.000 / 0.000         0.036 / 0.058         0.036 / 0.058       ms
[2023-11-19T17:06:35.501+0800][gc,stats    ]    Subphase: Concurrent Weak Roots OopStorageSet           0.000 / 0.000         0.000 / 0.000         0.328 / 0.486         0.328 / 0.486       ms
[2023-11-19T17:06:35.501+0800][gc,stats    ]    Subphase: Pause Mark Try Complete                       0.000 / 0.000         0.000 / 0.000         0.000 / 0.000         0.000 / 0.000       ms
[2023-11-19T17:06:35.501+0800][gc,stats    ]      System: Java Threads                                      0 / 0                 0 / 0                39 / 54               39 / 54          threads
[2023-11-19T17:06:35.501+0800][gc,stats    ] =========================================================================================================================================================
[2023-11-19T17:06:45.500+0800][gc,stats    ] === Garbage Collection Statistics =======================================================================================================================
[2023-11-19T17:06:45.500+0800][gc,stats    ]                                                              Last 10s              Last 10m              Last 10h                Total
[2023-11-19T17:06:45.500+0800][gc,stats    ]                                                              Avg / Max             Avg / Max             Avg / Max             Avg / Max
[2023-11-19T17:06:45.500+0800][gc,stats    ]   Collector: Garbage Collection Cycle                      0.000 / 0.000         0.000 / 0.000        23.723 / 25.775       23.723 / 25.775      ms
[2023-11-19T17:06:45.500+0800][gc,stats    ]  Contention: Mark Segment Reset Contention                     0 / 0                 0 / 0                 0 / 3                 0 / 3           ops/s
[2023-11-19T17:06:45.500+0800][gc,stats    ]  Contention: Mark SeqNum Reset Contention                      0 / 0                 0 / 0                 0 / 0                 0 / 0           ops/s
[2023-11-19T17:06:45.500+0800][gc,stats    ]    Critical: Allocation Stall                                  0 / 0                 0 / 0                 0 / 0                 0 / 0           ops/s
[2023-11-19T17:06:45.500+0800][gc,stats    ]    Critical: Allocation Stall                              0.000 / 0.000         0.000 / 0.000         0.000 / 0.000         0.000 / 0.000       ms
[2023-11-19T17:06:45.500+0800][gc,stats    ]    Critical: GC Locker Stall                                   0 / 0                 0 / 0                 0 / 0                 0 / 0           ops/s
[2023-11-19T17:06:45.500+0800][gc,stats    ]    Critical: GC Locker Stall                               0.000 / 0.000         0.000 / 0.000         0.000 / 0.000         0.000 / 0.000       ms
[2023-11-19T17:06:45.500+0800][gc,stats    ]    Critical: Relocation Stall                                  0 / 0                 0 / 0                 0 / 0                 0 / 0           ops/s
[2023-11-19T17:06:45.500+0800][gc,stats    ]    Critical: Relocation Stall                              0.000 / 0.000         0.000 / 0.000         0.000 / 0.000         0.000 / 0.000       ms
[2023-11-19T17:06:45.500+0800][gc,stats    ]      Memory: Allocation Rate                                   0 / 2                 0 / 4                 0 / 104               0 / 104         MB/s
[2023-11-19T17:06:45.500+0800][gc,stats    ]      Memory: Defragment                                        0 / 0                 0 / 0                 0 / 0                 0 / 0           ops/s
[2023-11-19T17:06:45.500+0800][gc,stats    ]      Memory: Out Of Memory                                     0 / 0                 0 / 0                 0 / 0                 0 / 0           ops/s
[2023-11-19T17:06:45.500+0800][gc,stats    ]      Memory: Page Cache Flush                                  0 / 0                 0 / 0                 0 / 0                 0 / 0           MB/s
[2023-11-19T17:06:45.500+0800][gc,stats    ]      Memory: Page Cache Hit L1                                 0 / 0                 0 / 2                 0 / 29                0 / 29          ops/s
[2023-11-19T17:06:45.500+0800][gc,stats    ]      Memory: Page Cache Hit L2                                 0 / 0                 0 / 0                 0 / 0                 0 / 0           ops/s
[2023-11-19T17:06:45.500+0800][gc,stats    ]      Memory: Page Cache Hit L3                                 0 / 1                 0 / 2                 0 / 48                0 / 48          ops/s
[2023-11-19T17:06:45.500+0800][gc,stats    ]      Memory: Page Cache Miss                                   0 / 0                 0 / 0                 0 / 1                 0 / 1           ops/s
[2023-11-19T17:06:45.500+0800][gc,stats    ]      Memory: Uncommit                                          0 / 0                 0 / 0                 0 / 0                 0 / 0           MB/s
[2023-11-19T17:06:45.500+0800][gc,stats    ]      Memory: Undo Object Allocation Failed                     0 / 0                 0 / 0                 0 / 0                 0 / 0           ops/s
[2023-11-19T17:06:45.500+0800][gc,stats    ]      Memory: Undo Object Allocation Succeeded                  0 / 0                 0 / 0                 0 / 0                 0 / 0           ops/s
[2023-11-19T17:06:45.500+0800][gc,stats    ]      Memory: Undo Page Allocation                              0 / 0                 0 / 0                 0 / 0                 0 / 0           ops/s
[2023-11-19T17:06:45.500+0800][gc,stats    ]       Phase: Concurrent Mark                               0.000 / 0.000         0.000 / 0.000        13.801 / 15.394       13.801 / 15.394      ms
[2023-11-19T17:06:45.500+0800][gc,stats    ]       Phase: Concurrent Mark Continue                      0.000 / 0.000         0.000 / 0.000         0.000 / 0.000         0.000 / 0.000       ms
[2023-11-19T17:06:45.500+0800][gc,stats    ]       Phase: Concurrent Mark Free                          0.000 / 0.000         0.000 / 0.000         0.001 / 0.001         0.001 / 0.001       ms
[2023-11-19T17:06:45.500+0800][gc,stats    ]       Phase: Concurrent Process Non-Strong References      0.000 / 0.000         0.000 / 0.000         1.810 / 1.931         1.810 / 1.931       ms
[2023-11-19T17:06:45.500+0800][gc,stats    ]       Phase: Concurrent Relocate                           0.000 / 0.000         0.000 / 0.000         2.671 / 3.187         2.671 / 3.187       ms
[2023-11-19T17:06:45.500+0800][gc,stats    ]       Phase: Concurrent Reset Relocation Set               0.000 / 0.000         0.000 / 0.000         0.001 / 0.003         0.001 / 0.003       ms
[2023-11-19T17:06:45.500+0800][gc,stats    ]       Phase: Concurrent Select Relocation Set              0.000 / 0.000         0.000 / 0.000         4.627 / 7.839         4.627 / 7.839       ms
[2023-11-19T17:06:45.500+0800][gc,stats    ]       Phase: Pause Mark End                                0.000 / 0.000         0.000 / 0.000         0.016 / 0.018         0.016 / 0.018       ms
[2023-11-19T17:06:45.500+0800][gc,stats    ]       Phase: Pause Mark Start                              0.000 / 0.000         0.000 / 0.000         0.013 / 0.019         0.013 / 0.019       ms
[2023-11-19T17:06:45.500+0800][gc,stats    ]       Phase: Pause Relocate Start                          0.000 / 0.000         0.000 / 0.000         0.008 / 0.009         0.008 / 0.009       ms
[2023-11-19T17:06:45.500+0800][gc,stats    ]    Subphase: Concurrent Classes Purge                      0.000 / 0.000         0.000 / 0.000         0.047 / 0.049         0.047 / 0.049       ms
[2023-11-19T17:06:45.500+0800][gc,stats    ]    Subphase: Concurrent Classes Unlink                     0.000 / 0.000         0.000 / 0.000         1.263 / 1.295         1.263 / 1.295       ms
[2023-11-19T17:06:45.500+0800][gc,stats    ]    Subphase: Concurrent Mark                               0.000 / 0.000         0.000 / 0.000        11.825 / 13.159       11.825 / 13.159      ms
[2023-11-19T17:06:45.500+0800][gc,stats    ]    Subphase: Concurrent Mark Try Flush                     0.000 / 0.000         0.000 / 0.000         0.057 / 0.108         0.057 / 0.108       ms
[2023-11-19T17:06:45.500+0800][gc,stats    ]    Subphase: Concurrent Mark Try Terminate                 0.000 / 0.000         0.000 / 0.000         1.420 / 4.236         1.420 / 4.236       ms
[2023-11-19T17:06:45.500+0800][gc,stats    ]    Subphase: Concurrent References Enqueue                 0.000 / 0.000         0.000 / 0.000         0.004 / 0.004         0.004 / 0.004       ms
[2023-11-19T17:06:45.500+0800][gc,stats    ]    Subphase: Concurrent References Process                 0.000 / 0.000         0.000 / 0.000         0.090 / 0.101         0.090 / 0.101       ms
[2023-11-19T17:06:45.500+0800][gc,stats    ]    Subphase: Concurrent Roots ClassLoaderDataGraph         0.000 / 0.000         0.000 / 0.000         0.103 / 0.506         0.103 / 0.506       ms
[2023-11-19T17:06:45.500+0800][gc,stats    ]    Subphase: Concurrent Roots CodeCache                    0.000 / 0.000         0.000 / 0.000         0.000 / 0.000         0.000 / 0.000       ms
[2023-11-19T17:06:45.500+0800][gc,stats    ]    Subphase: Concurrent Roots JavaThreads                  0.000 / 0.000         0.000 / 0.000         1.129 / 2.106         1.129 / 2.106       ms
[2023-11-19T17:06:45.500+0800][gc,stats    ]    Subphase: Concurrent Roots OopStorageSet                0.000 / 0.000         0.000 / 0.000         0.036 / 0.058         0.036 / 0.058       ms
[2023-11-19T17:06:45.501+0800][gc,stats    ]    Subphase: Concurrent Weak Roots OopStorageSet           0.000 / 0.000         0.000 / 0.000         0.328 / 0.486         0.328 / 0.486       ms
[2023-11-19T17:06:45.501+0800][gc,stats    ]    Subphase: Pause Mark Try Complete                       0.000 / 0.000         0.000 / 0.000         0.000 / 0.000         0.000 / 0.000       ms
[2023-11-19T17:06:45.501+0800][gc,stats    ]      System: Java Threads                                      0 / 0                 0 / 0                39 / 54               39 / 54          threads
[2023-11-19T17:06:45.501+0800][gc,stats    ] =========================================================================================================================================================
[2023-11-19T17:06:55.500+0800][gc,stats    ] === Garbage Collection Statistics =======================================================================================================================
[2023-11-19T17:06:55.500+0800][gc,stats    ]                                                              Last 10s              Last 10m              Last 10h                Total
[2023-11-19T17:06:55.500+0800][gc,stats    ]                                                              Avg / Max             Avg / Max             Avg / Max             Avg / Max
[2023-11-19T17:06:55.500+0800][gc,stats    ]   Collector: Garbage Collection Cycle                      0.000 / 0.000         0.000 / 0.000        23.723 / 25.775       23.723 / 25.775      ms
[2023-11-19T17:06:55.500+0800][gc,stats    ]  Contention: Mark Segment Reset Contention                     0 / 0                 0 / 0                 0 / 3                 0 / 3           ops/s
[2023-11-19T17:06:55.500+0800][gc,stats    ]  Contention: Mark SeqNum Reset Contention                      0 / 0                 0 / 0                 0 / 0                 0 / 0           ops/s
[2023-11-19T17:06:55.500+0800][gc,stats    ]    Critical: Allocation Stall                                  0 / 0                 0 / 0                 0 / 0                 0 / 0           ops/s
[2023-11-19T17:06:55.500+0800][gc,stats    ]    Critical: Allocation Stall                              0.000 / 0.000         0.000 / 0.000         0.000 / 0.000         0.000 / 0.000       ms
[2023-11-19T17:06:55.500+0800][gc,stats    ]    Critical: GC Locker Stall                                   0 / 0                 0 / 0                 0 / 0                 0 / 0           ops/s
[2023-11-19T17:06:55.500+0800][gc,stats    ]    Critical: GC Locker Stall                               0.000 / 0.000         0.000 / 0.000         0.000 / 0.000         0.000 / 0.000       ms
[2023-11-19T17:06:55.500+0800][gc,stats    ]    Critical: Relocation Stall                                  0 / 0                 0 / 0                 0 / 0                 0 / 0           ops/s
[2023-11-19T17:06:55.500+0800][gc,stats    ]    Critical: Relocation Stall                              0.000 / 0.000         0.000 / 0.000         0.000 / 0.000         0.000 / 0.000       ms
[2023-11-19T17:06:55.500+0800][gc,stats    ]      Memory: Allocation Rate                                   0 / 2                 0 / 4                 0 / 104               0 / 104         MB/s
[2023-11-19T17:06:55.500+0800][gc,stats    ]      Memory: Defragment                                        0 / 0                 0 / 0                 0 / 0                 0 / 0           ops/s
[2023-11-19T17:06:55.500+0800][gc,stats    ]      Memory: Out Of Memory                                     0 / 0                 0 / 0                 0 / 0                 0 / 0           ops/s
[2023-11-19T17:06:55.500+0800][gc,stats    ]      Memory: Page Cache Flush                                  0 / 0                 0 / 0                 0 / 0                 0 / 0           MB/s
[2023-11-19T17:06:55.500+0800][gc,stats    ]      Memory: Page Cache Hit L1                                 0 / 0                 0 / 2                 0 / 29                0 / 29          ops/s
[2023-11-19T17:06:55.500+0800][gc,stats    ]      Memory: Page Cache Hit L2                                 0 / 0                 0 / 0                 0 / 0                 0 / 0           ops/s
[2023-11-19T17:06:55.500+0800][gc,stats    ]      Memory: Page Cache Hit L3                                 0 / 1                 0 / 2                 0 / 48                0 / 48          ops/s
[2023-11-19T17:06:55.500+0800][gc,stats    ]      Memory: Page Cache Miss                                   0 / 0                 0 / 0                 0 / 1                 0 / 1           ops/s
[2023-11-19T17:06:55.500+0800][gc,stats    ]      Memory: Uncommit                                          0 / 0                 0 / 0                 0 / 0                 0 / 0           MB/s
[2023-11-19T17:06:55.500+0800][gc,stats    ]      Memory: Undo Object Allocation Failed                     0 / 0                 0 / 0                 0 / 0                 0 / 0           ops/s
[2023-11-19T17:06:55.500+0800][gc,stats    ]      Memory: Undo Object Allocation Succeeded                  0 / 0                 0 / 0                 0 / 0                 0 / 0           ops/s
[2023-11-19T17:06:55.500+0800][gc,stats    ]      Memory: Undo Page Allocation                              0 / 0                 0 / 0                 0 / 0                 0 / 0           ops/s
[2023-11-19T17:06:55.500+0800][gc,stats    ]       Phase: Concurrent Mark                               0.000 / 0.000         0.000 / 0.000        13.801 / 15.394       13.801 / 15.394      ms
[2023-11-19T17:06:55.500+0800][gc,stats    ]       Phase: Concurrent Mark Continue                      0.000 / 0.000         0.000 / 0.000         0.000 / 0.000         0.000 / 0.000       ms
[2023-11-19T17:06:55.500+0800][gc,stats    ]       Phase: Concurrent Mark Free                          0.000 / 0.000         0.000 / 0.000         0.001 / 0.001         0.001 / 0.001       ms
[2023-11-19T17:06:55.500+0800][gc,stats    ]       Phase: Concurrent Process Non-Strong References      0.000 / 0.000         0.000 / 0.000         1.810 / 1.931         1.810 / 1.931       ms
[2023-11-19T17:06:55.500+0800][gc,stats    ]       Phase: Concurrent Relocate                           0.000 / 0.000         0.000 / 0.000         2.671 / 3.187         2.671 / 3.187       ms
[2023-11-19T17:06:55.500+0800][gc,stats    ]       Phase: Concurrent Reset Relocation Set               0.000 / 0.000         0.000 / 0.000         0.001 / 0.003         0.001 / 0.003       ms
[2023-11-19T17:06:55.500+0800][gc,stats    ]       Phase: Concurrent Select Relocation Set              0.000 / 0.000         0.000 / 0.000         4.627 / 7.839         4.627 / 7.839       ms
[2023-11-19T17:06:55.500+0800][gc,stats    ]       Phase: Pause Mark End                                0.000 / 0.000         0.000 / 0.000         0.016 / 0.018         0.016 / 0.018       ms
[2023-11-19T17:06:55.500+0800][gc,stats    ]       Phase: Pause Mark Start                              0.000 / 0.000         0.000 / 0.000         0.013 / 0.019         0.013 / 0.019       ms
[2023-11-19T17:06:55.500+0800][gc,stats    ]       Phase: Pause Relocate Start                          0.000 / 0.000         0.000 / 0.000         0.008 / 0.009         0.008 / 0.009       ms
[2023-11-19T17:06:55.500+0800][gc,stats    ]    Subphase: Concurrent Classes Purge                      0.000 / 0.000         0.000 / 0.000         0.047 / 0.049         0.047 / 0.049       ms
[2023-11-19T17:06:55.500+0800][gc,stats    ]    Subphase: Concurrent Classes Unlink                     0.000 / 0.000         0.000 / 0.000         1.263 / 1.295         1.263 / 1.295       ms
[2023-11-19T17:06:55.500+0800][gc,stats    ]    Subphase: Concurrent Mark                               0.000 / 0.000         0.000 / 0.000        11.825 / 13.159       11.825 / 13.159      ms
[2023-11-19T17:06:55.500+0800][gc,stats    ]    Subphase: Concurrent Mark Try Flush                     0.000 / 0.000         0.000 / 0.000         0.057 / 0.108         0.057 / 0.108       ms
[2023-11-19T17:06:55.500+0800][gc,stats    ]    Subphase: Concurrent Mark Try Terminate                 0.000 / 0.000         0.000 / 0.000         1.420 / 4.236         1.420 / 4.236       ms
[2023-11-19T17:06:55.500+0800][gc,stats    ]    Subphase: Concurrent References Enqueue                 0.000 / 0.000         0.000 / 0.000         0.004 / 0.004         0.004 / 0.004       ms
[2023-11-19T17:06:55.500+0800][gc,stats    ]    Subphase: Concurrent References Process                 0.000 / 0.000         0.000 / 0.000         0.090 / 0.101         0.090 / 0.101       ms
[2023-11-19T17:06:55.500+0800][gc,stats    ]    Subphase: Concurrent Roots ClassLoaderDataGraph         0.000 / 0.000         0.000 / 0.000         0.103 / 0.506         0.103 / 0.506       ms
[2023-11-19T17:06:55.500+0800][gc,stats    ]    Subphase: Concurrent Roots CodeCache                    0.000 / 0.000         0.000 / 0.000         0.000 / 0.000         0.000 / 0.000       ms
[2023-11-19T17:06:55.500+0800][gc,stats    ]    Subphase: Concurrent Roots JavaThreads                  0.000 / 0.000         0.000 / 0.000         1.129 / 2.106         1.129 / 2.106       ms
[2023-11-19T17:06:55.500+0800][gc,stats    ]    Subphase: Concurrent Roots OopStorageSet                0.000 / 0.000         0.000 / 0.000         0.036 / 0.058         0.036 / 0.058       ms
[2023-11-19T17:06:55.500+0800][gc,stats    ]    Subphase: Concurrent Weak Roots OopStorageSet           0.000 / 0.000         0.000 / 0.000         0.328 / 0.486         0.328 / 0.486       ms
[2023-11-19T17:06:55.500+0800][gc,stats    ]    Subphase: Pause Mark Try Complete                       0.000 / 0.000         0.000 / 0.000         0.000 / 0.000         0.000 / 0.000       ms
[2023-11-19T17:06:55.500+0800][gc,stats    ]      System: Java Threads                                      0 / 0                 0 / 0                39 / 54               39 / 54          threads
[2023-11-19T17:06:55.500+0800][gc,stats    ] =========================================================================================================================================================
[2023-11-19T17:07:05.515+0800][gc,stats    ] === Garbage Collection Statistics =======================================================================================================================
[2023-11-19T17:07:05.515+0800][gc,stats    ]                                                              Last 10s              Last 10m              Last 10h                Total
[2023-11-19T17:07:05.515+0800][gc,stats    ]                                                              Avg / Max             Avg / Max             Avg / Max             Avg / Max
[2023-11-19T17:07:05.515+0800][gc,stats    ]   Collector: Garbage Collection Cycle                      0.000 / 0.000         0.000 / 0.000        23.723 / 25.775       23.723 / 25.775      ms
[2023-11-19T17:07:05.515+0800][gc,stats    ]  Contention: Mark Segment Reset Contention                     0 / 0                 0 / 0                 0 / 3                 0 / 3           ops/s
[2023-11-19T17:07:05.515+0800][gc,stats    ]  Contention: Mark SeqNum Reset Contention                      0 / 0                 0 / 0                 0 / 0                 0 / 0           ops/s
[2023-11-19T17:07:05.515+0800][gc,stats    ]    Critical: Allocation Stall                                  0 / 0                 0 / 0                 0 / 0                 0 / 0           ops/s
[2023-11-19T17:07:05.515+0800][gc,stats    ]    Critical: Allocation Stall                              0.000 / 0.000         0.000 / 0.000         0.000 / 0.000         0.000 / 0.000       ms
[2023-11-19T17:07:05.515+0800][gc,stats    ]    Critical: GC Locker Stall                                   0 / 0                 0 / 0                 0 / 0                 0 / 0           ops/s
[2023-11-19T17:07:05.515+0800][gc,stats    ]    Critical: GC Locker Stall                               0.000 / 0.000         0.000 / 0.000         0.000 / 0.000         0.000 / 0.000       ms
[2023-11-19T17:07:05.515+0800][gc,stats    ]    Critical: Relocation Stall                                  0 / 0                 0 / 0                 0 / 0                 0 / 0           ops/s
[2023-11-19T17:07:05.515+0800][gc,stats    ]    Critical: Relocation Stall                              0.000 / 0.000         0.000 / 0.000         0.000 / 0.000         0.000 / 0.000       ms
[2023-11-19T17:07:05.515+0800][gc,stats    ]      Memory: Allocation Rate                                   0 / 0                 0 / 4                 0 / 104               0 / 104         MB/s
[2023-11-19T17:07:05.515+0800][gc,stats    ]      Memory: Defragment                                        0 / 0                 0 / 0                 0 / 0                 0 / 0           ops/s
[2023-11-19T17:07:05.515+0800][gc,stats    ]      Memory: Out Of Memory                                     0 / 0                 0 / 0                 0 / 0                 0 / 0           ops/s
[2023-11-19T17:07:05.515+0800][gc,stats    ]      Memory: Page Cache Flush                                  0 / 0                 0 / 0                 0 / 0                 0 / 0           MB/s
[2023-11-19T17:07:05.515+0800][gc,stats    ]      Memory: Page Cache Hit L1                                 0 / 0                 0 / 2                 0 / 29                0 / 29          ops/s
[2023-11-19T17:07:05.515+0800][gc,stats    ]      Memory: Page Cache Hit L2                                 0 / 0                 0 / 0                 0 / 0                 0 / 0           ops/s
[2023-11-19T17:07:05.515+0800][gc,stats    ]      Memory: Page Cache Hit L3                                 0 / 0                 0 / 2                 0 / 48                0 / 48          ops/s
[2023-11-19T17:07:05.515+0800][gc,stats    ]      Memory: Page Cache Miss                                   0 / 0                 0 / 0                 0 / 1                 0 / 1           ops/s
[2023-11-19T17:07:05.515+0800][gc,stats    ]      Memory: Uncommit                                          0 / 0                 0 / 0                 0 / 0                 0 / 0           MB/s
[2023-11-19T17:07:05.515+0800][gc,stats    ]      Memory: Undo Object Allocation Failed                     0 / 0                 0 / 0                 0 / 0                 0 / 0           ops/s
[2023-11-19T17:07:05.515+0800][gc,stats    ]      Memory: Undo Object Allocation Succeeded                  0 / 0                 0 / 0                 0 / 0                 0 / 0           ops/s
[2023-11-19T17:07:05.515+0800][gc,stats    ]      Memory: Undo Page Allocation                              0 / 0                 0 / 0                 0 / 0                 0 / 0           ops/s
[2023-11-19T17:07:05.515+0800][gc,stats    ]       Phase: Concurrent Mark                               0.000 / 0.000         0.000 / 0.000        13.801 / 15.394       13.801 / 15.394      ms
[2023-11-19T17:07:05.515+0800][gc,stats    ]       Phase: Concurrent Mark Continue                      0.000 / 0.000         0.000 / 0.000         0.000 / 0.000         0.000 / 0.000       ms
[2023-11-19T17:07:05.515+0800][gc,stats    ]       Phase: Concurrent Mark Free                          0.000 / 0.000         0.000 / 0.000         0.001 / 0.001         0.001 / 0.001       ms
[2023-11-19T17:07:05.515+0800][gc,stats    ]       Phase: Concurrent Process Non-Strong References      0.000 / 0.000         0.000 / 0.000         1.810 / 1.931         1.810 / 1.931       ms
[2023-11-19T17:07:05.515+0800][gc,stats    ]       Phase: Concurrent Relocate                           0.000 / 0.000         0.000 / 0.000         2.671 / 3.187         2.671 / 3.187       ms
[2023-11-19T17:07:05.515+0800][gc,stats    ]       Phase: Concurrent Reset Relocation Set               0.000 / 0.000         0.000 / 0.000         0.001 / 0.003         0.001 / 0.003       ms
[2023-11-19T17:07:05.515+0800][gc,stats    ]       Phase: Concurrent Select Relocation Set              0.000 / 0.000         0.000 / 0.000         4.627 / 7.839         4.627 / 7.839       ms
[2023-11-19T17:07:05.515+0800][gc,stats    ]       Phase: Pause Mark End                                0.000 / 0.000         0.000 / 0.000         0.016 / 0.018         0.016 / 0.018       ms
[2023-11-19T17:07:05.515+0800][gc,stats    ]       Phase: Pause Mark Start                              0.000 / 0.000         0.000 / 0.000         0.013 / 0.019         0.013 / 0.019       ms
[2023-11-19T17:07:05.515+0800][gc,stats    ]       Phase: Pause Relocate Start                          0.000 / 0.000         0.000 / 0.000         0.008 / 0.009         0.008 / 0.009       ms
[2023-11-19T17:07:05.515+0800][gc,stats    ]    Subphase: Concurrent Classes Purge                      0.000 / 0.000         0.000 / 0.000         0.047 / 0.049         0.047 / 0.049       ms
[2023-11-19T17:07:05.515+0800][gc,stats    ]    Subphase: Concurrent Classes Unlink                     0.000 / 0.000         0.000 / 0.000         1.263 / 1.295         1.263 / 1.295       ms
[2023-11-19T17:07:05.515+0800][gc,stats    ]    Subphase: Concurrent Mark                               0.000 / 0.000         0.000 / 0.000        11.825 / 13.159       11.825 / 13.159      ms
[2023-11-19T17:07:05.515+0800][gc,stats    ]    Subphase: Concurrent Mark Try Flush                     0.000 / 0.000         0.000 / 0.000         0.057 / 0.108         0.057 / 0.108       ms
[2023-11-19T17:07:05.515+0800][gc,stats    ]    Subphase: Concurrent Mark Try Terminate                 0.000 / 0.000         0.000 / 0.000         1.420 / 4.236         1.420 / 4.236       ms
[2023-11-19T17:07:05.515+0800][gc,stats    ]    Subphase: Concurrent References Enqueue                 0.000 / 0.000         0.000 / 0.000         0.004 / 0.004         0.004 / 0.004       ms
[2023-11-19T17:07:05.515+0800][gc,stats    ]    Subphase: Concurrent References Process                 0.000 / 0.000         0.000 / 0.000         0.090 / 0.101         0.090 / 0.101       ms
[2023-11-19T17:07:05.515+0800][gc,stats    ]    Subphase: Concurrent Roots ClassLoaderDataGraph         0.000 / 0.000         0.000 / 0.000         0.103 / 0.506         0.103 / 0.506       ms
[2023-11-19T17:07:05.515+0800][gc,stats    ]    Subphase: Concurrent Roots CodeCache                    0.000 / 0.000         0.000 / 0.000         0.000 / 0.000         0.000 / 0.000       ms
[2023-11-19T17:07:05.515+0800][gc,stats    ]    Subphase: Concurrent Roots JavaThreads                  0.000 / 0.000         0.000 / 0.000         1.129 / 2.106         1.129 / 2.106       ms
[2023-11-19T17:07:05.515+0800][gc,stats    ]    Subphase: Concurrent Roots OopStorageSet                0.000 / 0.000         0.000 / 0.000         0.036 / 0.058         0.036 / 0.058       ms
[2023-11-19T17:07:05.515+0800][gc,stats    ]    Subphase: Concurrent Weak Roots OopStorageSet           0.000 / 0.000         0.000 / 0.000         0.328 / 0.486         0.328 / 0.486       ms
[2023-11-19T17:07:05.515+0800][gc,stats    ]    Subphase: Pause Mark Try Complete                       0.000 / 0.000         0.000 / 0.000         0.000 / 0.000         0.000 / 0.000       ms
[2023-11-19T17:07:05.515+0800][gc,stats    ]      System: Java Threads                                      0 / 0                 0 / 0                39 / 54               39 / 54          threads
[2023-11-19T17:07:05.515+0800][gc,stats    ] =========================================================================================================================================================
[2023-11-19T17:07:15.501+0800][gc,stats    ] === Garbage Collection Statistics =======================================================================================================================
[2023-11-19T17:07:15.501+0800][gc,stats    ]                                                              Last 10s              Last 10m              Last 10h                Total
[2023-11-19T17:07:15.501+0800][gc,stats    ]                                                              Avg / Max             Avg / Max             Avg / Max             Avg / Max
[2023-11-19T17:07:15.501+0800][gc,stats    ]   Collector: Garbage Collection Cycle                      0.000 / 0.000         0.000 / 0.000        23.723 / 25.775       23.723 / 25.775      ms
[2023-11-19T17:07:15.501+0800][gc,stats    ]  Contention: Mark Segment Reset Contention                     0 / 0                 0 / 0                 0 / 3                 0 / 3           ops/s
[2023-11-19T17:07:15.501+0800][gc,stats    ]  Contention: Mark SeqNum Reset Contention                      0 / 0                 0 / 0                 0 / 0                 0 / 0           ops/s
[2023-11-19T17:07:15.501+0800][gc,stats    ]    Critical: Allocation Stall                                  0 / 0                 0 / 0                 0 / 0                 0 / 0           ops/s
[2023-11-19T17:07:15.501+0800][gc,stats    ]    Critical: Allocation Stall                              0.000 / 0.000         0.000 / 0.000         0.000 / 0.000         0.000 / 0.000       ms
[2023-11-19T17:07:15.501+0800][gc,stats    ]    Critical: GC Locker Stall                                   0 / 0                 0 / 0                 0 / 0                 0 / 0           ops/s
[2023-11-19T17:07:15.501+0800][gc,stats    ]    Critical: GC Locker Stall                               0.000 / 0.000         0.000 / 0.000         0.000 / 0.000         0.000 / 0.000       ms
[2023-11-19T17:07:15.501+0800][gc,stats    ]    Critical: Relocation Stall                                  0 / 0                 0 / 0                 0 / 0                 0 / 0           ops/s
[2023-11-19T17:07:15.501+0800][gc,stats    ]    Critical: Relocation Stall                              0.000 / 0.000         0.000 / 0.000         0.000 / 0.000         0.000 / 0.000       ms
[2023-11-19T17:07:15.501+0800][gc,stats    ]      Memory: Allocation Rate                                   0 / 2                 0 / 4                 0 / 104               0 / 104         MB/s
[2023-11-19T17:07:15.501+0800][gc,stats    ]      Memory: Defragment                                        0 / 0                 0 / 0                 0 / 0                 0 / 0           ops/s
[2023-11-19T17:07:15.501+0800][gc,stats    ]      Memory: Out Of Memory                                     0 / 0                 0 / 0                 0 / 0                 0 / 0           ops/s
[2023-11-19T17:07:15.501+0800][gc,stats    ]      Memory: Page Cache Flush                                  0 / 0                 0 / 0                 0 / 0                 0 / 0           MB/s
[2023-11-19T17:07:15.501+0800][gc,stats    ]      Memory: Page Cache Hit L1                                 0 / 0                 0 / 2                 0 / 29                0 / 29          ops/s
[2023-11-19T17:07:15.501+0800][gc,stats    ]      Memory: Page Cache Hit L2                                 0 / 0                 0 / 0                 0 / 0                 0 / 0           ops/s
[2023-11-19T17:07:15.501+0800][gc,stats    ]      Memory: Page Cache Hit L3                                 0 / 1                 0 / 2                 0 / 48                0 / 48          ops/s
[2023-11-19T17:07:15.501+0800][gc,stats    ]      Memory: Page Cache Miss                                   0 / 0                 0 / 0                 0 / 1                 0 / 1           ops/s
[2023-11-19T17:07:15.501+0800][gc,stats    ]      Memory: Uncommit                                          0 / 0                 0 / 0                 0 / 0                 0 / 0           MB/s
[2023-11-19T17:07:15.501+0800][gc,stats    ]      Memory: Undo Object Allocation Failed                     0 / 0                 0 / 0                 0 / 0                 0 / 0           ops/s
[2023-11-19T17:07:15.501+0800][gc,stats    ]      Memory: Undo Object Allocation Succeeded                  0 / 0                 0 / 0                 0 / 0                 0 / 0           ops/s
[2023-11-19T17:07:15.501+0800][gc,stats    ]      Memory: Undo Page Allocation                              0 / 0                 0 / 0                 0 / 0                 0 / 0           ops/s
[2023-11-19T17:07:15.501+0800][gc,stats    ]       Phase: Concurrent Mark                               0.000 / 0.000         0.000 / 0.000        13.801 / 15.394       13.801 / 15.394      ms
[2023-11-19T17:07:15.501+0800][gc,stats    ]       Phase: Concurrent Mark Continue                      0.000 / 0.000         0.000 / 0.000         0.000 / 0.000         0.000 / 0.000       ms
[2023-11-19T17:07:15.501+0800][gc,stats    ]       Phase: Concurrent Mark Free                          0.000 / 0.000         0.000 / 0.000         0.001 / 0.001         0.001 / 0.001       ms
[2023-11-19T17:07:15.501+0800][gc,stats    ]       Phase: Concurrent Process Non-Strong References      0.000 / 0.000         0.000 / 0.000         1.810 / 1.931         1.810 / 1.931       ms
[2023-11-19T17:07:15.501+0800][gc,stats    ]       Phase: Concurrent Relocate                           0.000 / 0.000         0.000 / 0.000         2.671 / 3.187         2.671 / 3.187       ms
[2023-11-19T17:07:15.501+0800][gc,stats    ]       Phase: Concurrent Reset Relocation Set               0.000 / 0.000         0.000 / 0.000         0.001 / 0.003         0.001 / 0.003       ms
[2023-11-19T17:07:15.501+0800][gc,stats    ]       Phase: Concurrent Select Relocation Set              0.000 / 0.000         0.000 / 0.000         4.627 / 7.839         4.627 / 7.839       ms
[2023-11-19T17:07:15.501+0800][gc,stats    ]       Phase: Pause Mark End                                0.000 / 0.000         0.000 / 0.000         0.016 / 0.018         0.016 / 0.018       ms
[2023-11-19T17:07:15.501+0800][gc,stats    ]       Phase: Pause Mark Start                              0.000 / 0.000         0.000 / 0.000         0.013 / 0.019         0.013 / 0.019       ms
[2023-11-19T17:07:15.501+0800][gc,stats    ]       Phase: Pause Relocate Start                          0.000 / 0.000         0.000 / 0.000         0.008 / 0.009         0.008 / 0.009       ms
[2023-11-19T17:07:15.501+0800][gc,stats    ]    Subphase: Concurrent Classes Purge                      0.000 / 0.000         0.000 / 0.000         0.047 / 0.049         0.047 / 0.049       ms
[2023-11-19T17:07:15.501+0800][gc,stats    ]    Subphase: Concurrent Classes Unlink                     0.000 / 0.000         0.000 / 0.000         1.263 / 1.295         1.263 / 1.295       ms
[2023-11-19T17:07:15.501+0800][gc,stats    ]    Subphase: Concurrent Mark                               0.000 / 0.000         0.000 / 0.000        11.825 / 13.159       11.825 / 13.159      ms
[2023-11-19T17:07:15.501+0800][gc,stats    ]    Subphase: Concurrent Mark Try Flush                     0.000 / 0.000         0.000 / 0.000         0.057 / 0.108         0.057 / 0.108       ms
[2023-11-19T17:07:15.501+0800][gc,stats    ]    Subphase: Concurrent Mark Try Terminate                 0.000 / 0.000         0.000 / 0.000         1.420 / 4.236         1.420 / 4.236       ms
[2023-11-19T17:07:15.501+0800][gc,stats    ]    Subphase: Concurrent References Enqueue                 0.000 / 0.000         0.000 / 0.000         0.004 / 0.004         0.004 / 0.004       ms
[2023-11-19T17:07:15.501+0800][gc,stats    ]    Subphase: Concurrent References Process                 0.000 / 0.000         0.000 / 0.000         0.090 / 0.101         0.090 / 0.101       ms
[2023-11-19T17:07:15.501+0800][gc,stats    ]    Subphase: Concurrent Roots ClassLoaderDataGraph         0.000 / 0.000         0.000 / 0.000         0.103 / 0.506         0.103 / 0.506       ms
[2023-11-19T17:07:15.501+0800][gc,stats    ]    Subphase: Concurrent Roots CodeCache                    0.000 / 0.000         0.000 / 0.000         0.000 / 0.000         0.000 / 0.000       ms
[2023-11-19T17:07:15.501+0800][gc,stats    ]    Subphase: Concurrent Roots JavaThreads                  0.000 / 0.000         0.000 / 0.000         1.129 / 2.106         1.129 / 2.106       ms
[2023-11-19T17:07:15.501+0800][gc,stats    ]    Subphase: Concurrent Roots OopStorageSet                0.000 / 0.000         0.000 / 0.000         0.036 / 0.058         0.036 / 0.058       ms
[2023-11-19T17:07:15.501+0800][gc,stats    ]    Subphase: Concurrent Weak Roots OopStorageSet           0.000 / 0.000         0.000 / 0.000         0.328 / 0.486         0.328 / 0.486       ms
[2023-11-19T17:07:15.501+0800][gc,stats    ]    Subphase: Pause Mark Try Complete                       0.000 / 0.000         0.000 / 0.000         0.000 / 0.000         0.000 / 0.000       ms
[2023-11-19T17:07:15.501+0800][gc,stats    ]      System: Java Threads                                      0 / 0                 0 / 0                39 / 54               39 / 54          threads
[2023-11-19T17:07:15.501+0800][gc,stats    ] =========================================================================================================================================================
[2023-11-19T17:07:25.501+0800][gc,stats    ] === Garbage Collection Statistics =======================================================================================================================
[2023-11-19T17:07:25.501+0800][gc,stats    ]                                                              Last 10s              Last 10m              Last 10h                Total
[2023-11-19T17:07:25.501+0800][gc,stats    ]                                                              Avg / Max             Avg / Max             Avg / Max             Avg / Max
[2023-11-19T17:07:25.501+0800][gc,stats    ]   Collector: Garbage Collection Cycle                      0.000 / 0.000         0.000 / 0.000        23.723 / 25.775       23.723 / 25.775      ms
[2023-11-19T17:07:25.501+0800][gc,stats    ]  Contention: Mark Segment Reset Contention                     0 / 0                 0 / 0                 0 / 3                 0 / 3           ops/s
[2023-11-19T17:07:25.501+0800][gc,stats    ]  Contention: Mark SeqNum Reset Contention                      0 / 0                 0 / 0                 0 / 0                 0 / 0           ops/s
[2023-11-19T17:07:25.501+0800][gc,stats    ]    Critical: Allocation Stall                                  0 / 0                 0 / 0                 0 / 0                 0 / 0           ops/s
[2023-11-19T17:07:25.501+0800][gc,stats    ]    Critical: Allocation Stall                              0.000 / 0.000         0.000 / 0.000         0.000 / 0.000         0.000 / 0.000       ms
[2023-11-19T17:07:25.501+0800][gc,stats    ]    Critical: GC Locker Stall                                   0 / 0                 0 / 0                 0 / 0                 0 / 0           ops/s
[2023-11-19T17:07:25.501+0800][gc,stats    ]    Critical: GC Locker Stall                               0.000 / 0.000         0.000 / 0.000         0.000 / 0.000         0.000 / 0.000       ms
[2023-11-19T17:07:25.501+0800][gc,stats    ]    Critical: Relocation Stall                                  0 / 0                 0 / 0                 0 / 0                 0 / 0           ops/s
[2023-11-19T17:07:25.501+0800][gc,stats    ]    Critical: Relocation Stall                              0.000 / 0.000         0.000 / 0.000         0.000 / 0.000         0.000 / 0.000       ms
[2023-11-19T17:07:25.501+0800][gc,stats    ]      Memory: Allocation Rate                                   0 / 0                 0 / 4                 0 / 104               0 / 104         MB/s
[2023-11-19T17:07:25.501+0800][gc,stats    ]      Memory: Defragment                                        0 / 0                 0 / 0                 0 / 0                 0 / 0           ops/s
[2023-11-19T17:07:25.501+0800][gc,stats    ]      Memory: Out Of Memory                                     0 / 0                 0 / 0                 0 / 0                 0 / 0           ops/s
[2023-11-19T17:07:25.501+0800][gc,stats    ]      Memory: Page Cache Flush                                  0 / 0                 0 / 0                 0 / 0                 0 / 0           MB/s
[2023-11-19T17:07:25.501+0800][gc,stats    ]      Memory: Page Cache Hit L1                                 0 / 0                 0 / 2                 0 / 29                0 / 29          ops/s
[2023-11-19T17:07:25.501+0800][gc,stats    ]      Memory: Page Cache Hit L2                                 0 / 0                 0 / 0                 0 / 0                 0 / 0           ops/s
[2023-11-19T17:07:25.501+0800][gc,stats    ]      Memory: Page Cache Hit L3                                 0 / 0                 0 / 2                 0 / 48                0 / 48          ops/s
[2023-11-19T17:07:25.501+0800][gc,stats    ]      Memory: Page Cache Miss                                   0 / 0                 0 / 0                 0 / 1                 0 / 1           ops/s
[2023-11-19T17:07:25.501+0800][gc,stats    ]      Memory: Uncommit                                          0 / 0                 0 / 0                 0 / 0                 0 / 0           MB/s
[2023-11-19T17:07:25.501+0800][gc,stats    ]      Memory: Undo Object Allocation Failed                     0 / 0                 0 / 0                 0 / 0                 0 / 0           ops/s
[2023-11-19T17:07:25.501+0800][gc,stats    ]      Memory: Undo Object Allocation Succeeded                  0 / 0                 0 / 0                 0 / 0                 0 / 0           ops/s
[2023-11-19T17:07:25.501+0800][gc,stats    ]      Memory: Undo Page Allocation                              0 / 0                 0 / 0                 0 / 0                 0 / 0           ops/s
[2023-11-19T17:07:25.501+0800][gc,stats    ]       Phase: Concurrent Mark                               0.000 / 0.000         0.000 / 0.000        13.801 / 15.394       13.801 / 15.394      ms
[2023-11-19T17:07:25.501+0800][gc,stats    ]       Phase: Concurrent Mark Continue                      0.000 / 0.000         0.000 / 0.000         0.000 / 0.000         0.000 / 0.000       ms
[2023-11-19T17:07:25.501+0800][gc,stats    ]       Phase: Concurrent Mark Free                          0.000 / 0.000         0.000 / 0.000         0.001 / 0.001         0.001 / 0.001       ms
[2023-11-19T17:07:25.501+0800][gc,stats    ]       Phase: Concurrent Process Non-Strong References      0.000 / 0.000         0.000 / 0.000         1.810 / 1.931         1.810 / 1.931       ms
[2023-11-19T17:07:25.501+0800][gc,stats    ]       Phase: Concurrent Relocate                           0.000 / 0.000         0.000 / 0.000         2.671 / 3.187         2.671 / 3.187       ms
[2023-11-19T17:07:25.501+0800][gc,stats    ]       Phase: Concurrent Reset Relocation Set               0.000 / 0.000         0.000 / 0.000         0.001 / 0.003         0.001 / 0.003       ms
[2023-11-19T17:07:25.501+0800][gc,stats    ]       Phase: Concurrent Select Relocation Set              0.000 / 0.000         0.000 / 0.000         4.627 / 7.839         4.627 / 7.839       ms
[2023-11-19T17:07:25.501+0800][gc,stats    ]       Phase: Pause Mark End                                0.000 / 0.000         0.000 / 0.000         0.016 / 0.018         0.016 / 0.018       ms
[2023-11-19T17:07:25.501+0800][gc,stats    ]       Phase: Pause Mark Start                              0.000 / 0.000         0.000 / 0.000         0.013 / 0.019         0.013 / 0.019       ms
[2023-11-19T17:07:25.501+0800][gc,stats    ]       Phase: Pause Relocate Start                          0.000 / 0.000         0.000 / 0.000         0.008 / 0.009         0.008 / 0.009       ms
[2023-11-19T17:07:25.501+0800][gc,stats    ]    Subphase: Concurrent Classes Purge                      0.000 / 0.000         0.000 / 0.000         0.047 / 0.049         0.047 / 0.049       ms
[2023-11-19T17:07:25.501+0800][gc,stats    ]    Subphase: Concurrent Classes Unlink                     0.000 / 0.000         0.000 / 0.000         1.263 / 1.295         1.263 / 1.295       ms
[2023-11-19T17:07:25.501+0800][gc,stats    ]    Subphase: Concurrent Mark                               0.000 / 0.000         0.000 / 0.000        11.825 / 13.159       11.825 / 13.159      ms
[2023-11-19T17:07:25.501+0800][gc,stats    ]    Subphase: Concurrent Mark Try Flush                     0.000 / 0.000         0.000 / 0.000         0.057 / 0.108         0.057 / 0.108       ms
[2023-11-19T17:07:25.501+0800][gc,stats    ]    Subphase: Concurrent Mark Try Terminate                 0.000 / 0.000         0.000 / 0.000         1.420 / 4.236         1.420 / 4.236       ms
[2023-11-19T17:07:25.501+0800][gc,stats    ]    Subphase: Concurrent References Enqueue                 0.000 / 0.000         0.000 / 0.000         0.004 / 0.004         0.004 / 0.004       ms
[2023-11-19T17:07:25.501+0800][gc,stats    ]    Subphase: Concurrent References Process                 0.000 / 0.000         0.000 / 0.000         0.090 / 0.101         0.090 / 0.101       ms
[2023-11-19T17:07:25.501+0800][gc,stats    ]    Subphase: Concurrent Roots ClassLoaderDataGraph         0.000 / 0.000         0.000 / 0.000         0.103 / 0.506         0.103 / 0.506       ms
[2023-11-19T17:07:25.501+0800][gc,stats    ]    Subphase: Concurrent Roots CodeCache                    0.000 / 0.000         0.000 / 0.000         0.000 / 0.000         0.000 / 0.000       ms
[2023-11-19T17:07:25.501+0800][gc,stats    ]    Subphase: Concurrent Roots JavaThreads                  0.000 / 0.000         0.000 / 0.000         1.129 / 2.106         1.129 / 2.106       ms
[2023-11-19T17:07:25.501+0800][gc,stats    ]    Subphase: Concurrent Roots OopStorageSet                0.000 / 0.000         0.000 / 0.000         0.036 / 0.058         0.036 / 0.058       ms
[2023-11-19T17:07:25.501+0800][gc,stats    ]    Subphase: Concurrent Weak Roots OopStorageSet           0.000 / 0.000         0.000 / 0.000         0.328 / 0.486         0.328 / 0.486       ms
[2023-11-19T17:07:25.501+0800][gc,stats    ]    Subphase: Pause Mark Try Complete                       0.000 / 0.000         0.000 / 0.000         0.000 / 0.000         0.000 / 0.000       ms
[2023-11-19T17:07:25.501+0800][gc,stats    ]      System: Java Threads                                      0 / 0                 0 / 0                39 / 54               39 / 54          threads
[2023-11-19T17:07:25.501+0800][gc,stats    ] =========================================================================================================================================================
[2023-11-19T17:07:35.501+0800][gc,stats    ] === Garbage Collection Statistics =======================================================================================================================
[2023-11-19T17:07:35.501+0800][gc,stats    ]                                                              Last 10s              Last 10m              Last 10h                Total
[2023-11-19T17:07:35.501+0800][gc,stats    ]                                                              Avg / Max             Avg / Max             Avg / Max             Avg / Max
[2023-11-19T17:07:35.501+0800][gc,stats    ]   Collector: Garbage Collection Cycle                      0.000 / 0.000         0.000 / 0.000        23.723 / 25.775       23.723 / 25.775      ms
[2023-11-19T17:07:35.501+0800][gc,stats    ]  Contention: Mark Segment Reset Contention                     0 / 0                 0 / 0                 0 / 3                 0 / 3           ops/s
[2023-11-19T17:07:35.501+0800][gc,stats    ]  Contention: Mark SeqNum Reset Contention                      0 / 0                 0 / 0                 0 / 0                 0 / 0           ops/s
[2023-11-19T17:07:35.501+0800][gc,stats    ]    Critical: Allocation Stall                                  0 / 0                 0 / 0                 0 / 0                 0 / 0           ops/s
[2023-11-19T17:07:35.501+0800][gc,stats    ]    Critical: Allocation Stall                              0.000 / 0.000         0.000 / 0.000         0.000 / 0.000         0.000 / 0.000       ms
[2023-11-19T17:07:35.501+0800][gc,stats    ]    Critical: GC Locker Stall                                   0 / 0                 0 / 0                 0 / 0                 0 / 0           ops/s
[2023-11-19T17:07:35.501+0800][gc,stats    ]    Critical: GC Locker Stall                               0.000 / 0.000         0.000 / 0.000         0.000 / 0.000         0.000 / 0.000       ms
[2023-11-19T17:07:35.501+0800][gc,stats    ]    Critical: Relocation Stall                                  0 / 0                 0 / 0                 0 / 0                 0 / 0           ops/s
[2023-11-19T17:07:35.501+0800][gc,stats    ]    Critical: Relocation Stall                              0.000 / 0.000         0.000 / 0.000         0.000 / 0.000         0.000 / 0.000       ms
[2023-11-19T17:07:35.501+0800][gc,stats    ]      Memory: Allocation Rate                                   0 / 2                 0 / 4                 0 / 104               0 / 104         MB/s
[2023-11-19T17:07:35.501+0800][gc,stats    ]      Memory: Defragment                                        0 / 0                 0 / 0                 0 / 0                 0 / 0           ops/s
[2023-11-19T17:07:35.501+0800][gc,stats    ]      Memory: Out Of Memory                                     0 / 0                 0 / 0                 0 / 0                 0 / 0           ops/s
[2023-11-19T17:07:35.501+0800][gc,stats    ]      Memory: Page Cache Flush                                  0 / 0                 0 / 0                 0 / 0                 0 / 0           MB/s
[2023-11-19T17:07:35.501+0800][gc,stats    ]      Memory: Page Cache Hit L1                                 0 / 0                 0 / 2                 0 / 29                0 / 29          ops/s
[2023-11-19T17:07:35.501+0800][gc,stats    ]      Memory: Page Cache Hit L2                                 0 / 0                 0 / 0                 0 / 0                 0 / 0           ops/s
[2023-11-19T17:07:35.501+0800][gc,stats    ]      Memory: Page Cache Hit L3                                 0 / 1                 0 / 2                 0 / 48                0 / 48          ops/s
[2023-11-19T17:07:35.501+0800][gc,stats    ]      Memory: Page Cache Miss                                   0 / 0                 0 / 0                 0 / 1                 0 / 1           ops/s
[2023-11-19T17:07:35.501+0800][gc,stats    ]      Memory: Uncommit                                          0 / 0                 0 / 0                 0 / 0                 0 / 0           MB/s
[2023-11-19T17:07:35.501+0800][gc,stats    ]      Memory: Undo Object Allocation Failed                     0 / 0                 0 / 0                 0 / 0                 0 / 0           ops/s
[2023-11-19T17:07:35.501+0800][gc,stats    ]      Memory: Undo Object Allocation Succeeded                  0 / 0                 0 / 0                 0 / 0                 0 / 0           ops/s
[2023-11-19T17:07:35.501+0800][gc,stats    ]      Memory: Undo Page Allocation                              0 / 0                 0 / 0                 0 / 0                 0 / 0           ops/s
[2023-11-19T17:07:35.501+0800][gc,stats    ]       Phase: Concurrent Mark                               0.000 / 0.000         0.000 / 0.000        13.801 / 15.394       13.801 / 15.394      ms
[2023-11-19T17:07:35.501+0800][gc,stats    ]       Phase: Concurrent Mark Continue                      0.000 / 0.000         0.000 / 0.000         0.000 / 0.000         0.000 / 0.000       ms
[2023-11-19T17:07:35.501+0800][gc,stats    ]       Phase: Concurrent Mark Free                          0.000 / 0.000         0.000 / 0.000         0.001 / 0.001         0.001 / 0.001       ms
[2023-11-19T17:07:35.501+0800][gc,stats    ]       Phase: Concurrent Process Non-Strong References      0.000 / 0.000         0.000 / 0.000         1.810 / 1.931         1.810 / 1.931       ms
[2023-11-19T17:07:35.501+0800][gc,stats    ]       Phase: Concurrent Relocate                           0.000 / 0.000         0.000 / 0.000         2.671 / 3.187         2.671 / 3.187       ms
[2023-11-19T17:07:35.501+0800][gc,stats    ]       Phase: Concurrent Reset Relocation Set               0.000 / 0.000         0.000 / 0.000         0.001 / 0.003         0.001 / 0.003       ms
[2023-11-19T17:07:35.501+0800][gc,stats    ]       Phase: Concurrent Select Relocation Set              0.000 / 0.000         0.000 / 0.000         4.627 / 7.839         4.627 / 7.839       ms
[2023-11-19T17:07:35.501+0800][gc,stats    ]       Phase: Pause Mark End                                0.000 / 0.000         0.000 / 0.000         0.016 / 0.018         0.016 / 0.018       ms
[2023-11-19T17:07:35.501+0800][gc,stats    ]       Phase: Pause Mark Start                              0.000 / 0.000         0.000 / 0.000         0.013 / 0.019         0.013 / 0.019       ms
[2023-11-19T17:07:35.501+0800][gc,stats    ]       Phase: Pause Relocate Start                          0.000 / 0.000         0.000 / 0.000         0.008 / 0.009         0.008 / 0.009       ms
[2023-11-19T17:07:35.501+0800][gc,stats    ]    Subphase: Concurrent Classes Purge                      0.000 / 0.000         0.000 / 0.000         0.047 / 0.049         0.047 / 0.049       ms
[2023-11-19T17:07:35.501+0800][gc,stats    ]    Subphase: Concurrent Classes Unlink                     0.000 / 0.000         0.000 / 0.000         1.263 / 1.295         1.263 / 1.295       ms
[2023-11-19T17:07:35.501+0800][gc,stats    ]    Subphase: Concurrent Mark                               0.000 / 0.000         0.000 / 0.000        11.825 / 13.159       11.825 / 13.159      ms
[2023-11-19T17:07:35.501+0800][gc,stats    ]    Subphase: Concurrent Mark Try Flush                     0.000 / 0.000         0.000 / 0.000         0.057 / 0.108         0.057 / 0.108       ms
[2023-11-19T17:07:35.501+0800][gc,stats    ]    Subphase: Concurrent Mark Try Terminate                 0.000 / 0.000         0.000 / 0.000         1.420 / 4.236         1.420 / 4.236       ms
[2023-11-19T17:07:35.501+0800][gc,stats    ]    Subphase: Concurrent References Enqueue                 0.000 / 0.000         0.000 / 0.000         0.004 / 0.004         0.004 / 0.004       ms
[2023-11-19T17:07:35.501+0800][gc,stats    ]    Subphase: Concurrent References Process                 0.000 / 0.000         0.000 / 0.000         0.090 / 0.101         0.090 / 0.101       ms
[2023-11-19T17:07:35.501+0800][gc,stats    ]    Subphase: Concurrent Roots ClassLoaderDataGraph         0.000 / 0.000         0.000 / 0.000         0.103 / 0.506         0.103 / 0.506       ms
[2023-11-19T17:07:35.501+0800][gc,stats    ]    Subphase: Concurrent Roots CodeCache                    0.000 / 0.000         0.000 / 0.000         0.000 / 0.000         0.000 / 0.000       ms
[2023-11-19T17:07:35.501+0800][gc,stats    ]    Subphase: Concurrent Roots JavaThreads                  0.000 / 0.000         0.000 / 0.000         1.129 / 2.106         1.129 / 2.106       ms
[2023-11-19T17:07:35.501+0800][gc,stats    ]    Subphase: Concurrent Roots OopStorageSet                0.000 / 0.000         0.000 / 0.000         0.036 / 0.058         0.036 / 0.058       ms
[2023-11-19T17:07:35.501+0800][gc,stats    ]    Subphase: Concurrent Weak Roots OopStorageSet           0.000 / 0.000         0.000 / 0.000         0.328 / 0.486         0.328 / 0.486       ms
[2023-11-19T17:07:35.501+0800][gc,stats    ]    Subphase: Pause Mark Try Complete                       0.000 / 0.000         0.000 / 0.000         0.000 / 0.000         0.000 / 0.000       ms
[2023-11-19T17:07:35.501+0800][gc,stats    ]      System: Java Threads                                      0 / 0                 0 / 0                39 / 54               39 / 54          threads
[2023-11-19T17:07:35.501+0800][gc,stats    ] =========================================================================================================================================================
[2023-11-19T17:07:45.501+0800][gc,stats    ] === Garbage Collection Statistics =======================================================================================================================
[2023-11-19T17:07:45.501+0800][gc,stats    ]                                                              Last 10s              Last 10m              Last 10h                Total
[2023-11-19T17:07:45.501+0800][gc,stats    ]                                                              Avg / Max             Avg / Max             Avg / Max             Avg / Max
[2023-11-19T17:07:45.501+0800][gc,stats    ]   Collector: Garbage Collection Cycle                      0.000 / 0.000         0.000 / 0.000        23.723 / 25.775       23.723 / 25.775      ms
[2023-11-19T17:07:45.501+0800][gc,stats    ]  Contention: Mark Segment Reset Contention                     0 / 0                 0 / 0                 0 / 3                 0 / 3           ops/s
[2023-11-19T17:07:45.501+0800][gc,stats    ]  Contention: Mark SeqNum Reset Contention                      0 / 0                 0 / 0                 0 / 0                 0 / 0           ops/s
[2023-11-19T17:07:45.501+0800][gc,stats    ]    Critical: Allocation Stall                                  0 / 0                 0 / 0                 0 / 0                 0 / 0           ops/s
[2023-11-19T17:07:45.501+0800][gc,stats    ]    Critical: Allocation Stall                              0.000 / 0.000         0.000 / 0.000         0.000 / 0.000         0.000 / 0.000       ms
[2023-11-19T17:07:45.501+0800][gc,stats    ]    Critical: GC Locker Stall                                   0 / 0                 0 / 0                 0 / 0                 0 / 0           ops/s
[2023-11-19T17:07:45.501+0800][gc,stats    ]    Critical: GC Locker Stall                               0.000 / 0.000         0.000 / 0.000         0.000 / 0.000         0.000 / 0.000       ms
[2023-11-19T17:07:45.501+0800][gc,stats    ]    Critical: Relocation Stall                                  0 / 0                 0 / 0                 0 / 0                 0 / 0           ops/s
[2023-11-19T17:07:45.501+0800][gc,stats    ]    Critical: Relocation Stall                              0.000 / 0.000         0.000 / 0.000         0.000 / 0.000         0.000 / 0.000       ms
[2023-11-19T17:07:45.501+0800][gc,stats    ]      Memory: Allocation Rate                                   0 / 0                 0 / 4                 0 / 104               0 / 104         MB/s
[2023-11-19T17:07:45.501+0800][gc,stats    ]      Memory: Defragment                                        0 / 0                 0 / 0                 0 / 0                 0 / 0           ops/s
[2023-11-19T17:07:45.501+0800][gc,stats    ]      Memory: Out Of Memory                                     0 / 0                 0 / 0                 0 / 0                 0 / 0           ops/s
[2023-11-19T17:07:45.501+0800][gc,stats    ]      Memory: Page Cache Flush                                  0 / 0                 0 / 0                 0 / 0                 0 / 0           MB/s
[2023-11-19T17:07:45.501+0800][gc,stats    ]      Memory: Page Cache Hit L1                                 0 / 0                 0 / 2                 0 / 29                0 / 29          ops/s
[2023-11-19T17:07:45.501+0800][gc,stats    ]      Memory: Page Cache Hit L2                                 0 / 0                 0 / 0                 0 / 0                 0 / 0           ops/s
[2023-11-19T17:07:45.501+0800][gc,stats    ]      Memory: Page Cache Hit L3                                 0 / 0                 0 / 2                 0 / 48                0 / 48          ops/s
[2023-11-19T17:07:45.501+0800][gc,stats    ]      Memory: Page Cache Miss                                   0 / 0                 0 / 0                 0 / 1                 0 / 1           ops/s
[2023-11-19T17:07:45.501+0800][gc,stats    ]      Memory: Uncommit                                          0 / 0                 0 / 0                 0 / 0                 0 / 0           MB/s
[2023-11-19T17:07:45.501+0800][gc,stats    ]      Memory: Undo Object Allocation Failed                     0 / 0                 0 / 0                 0 / 0                 0 / 0           ops/s
[2023-11-19T17:07:45.501+0800][gc,stats    ]      Memory: Undo Object Allocation Succeeded                  0 / 0                 0 / 0                 0 / 0                 0 / 0           ops/s
[2023-11-19T17:07:45.501+0800][gc,stats    ]      Memory: Undo Page Allocation                              0 / 0                 0 / 0                 0 / 0                 0 / 0           ops/s
[2023-11-19T17:07:45.501+0800][gc,stats    ]       Phase: Concurrent Mark                               0.000 / 0.000         0.000 / 0.000        13.801 / 15.394       13.801 / 15.394      ms
[2023-11-19T17:07:45.501+0800][gc,stats    ]       Phase: Concurrent Mark Continue                      0.000 / 0.000         0.000 / 0.000         0.000 / 0.000         0.000 / 0.000       ms
[2023-11-19T17:07:45.501+0800][gc,stats    ]       Phase: Concurrent Mark Free                          0.000 / 0.000         0.000 / 0.000         0.001 / 0.001         0.001 / 0.001       ms
[2023-11-19T17:07:45.501+0800][gc,stats    ]       Phase: Concurrent Process Non-Strong References      0.000 / 0.000         0.000 / 0.000         1.810 / 1.931         1.810 / 1.931       ms
[2023-11-19T17:07:45.501+0800][gc,stats    ]       Phase: Concurrent Relocate                           0.000 / 0.000         0.000 / 0.000         2.671 / 3.187         2.671 / 3.187       ms
[2023-11-19T17:07:45.501+0800][gc,stats    ]       Phase: Concurrent Reset Relocation Set               0.000 / 0.000         0.000 / 0.000         0.001 / 0.003         0.001 / 0.003       ms
[2023-11-19T17:07:45.501+0800][gc,stats    ]       Phase: Concurrent Select Relocation Set              0.000 / 0.000         0.000 / 0.000         4.627 / 7.839         4.627 / 7.839       ms
[2023-11-19T17:07:45.501+0800][gc,stats    ]       Phase: Pause Mark End                                0.000 / 0.000         0.000 / 0.000         0.016 / 0.018         0.016 / 0.018       ms
[2023-11-19T17:07:45.501+0800][gc,stats    ]       Phase: Pause Mark Start                              0.000 / 0.000         0.000 / 0.000         0.013 / 0.019         0.013 / 0.019       ms
[2023-11-19T17:07:45.501+0800][gc,stats    ]       Phase: Pause Relocate Start                          0.000 / 0.000         0.000 / 0.000         0.008 / 0.009         0.008 / 0.009       ms
[2023-11-19T17:07:45.501+0800][gc,stats    ]    Subphase: Concurrent Classes Purge                      0.000 / 0.000         0.000 / 0.000         0.047 / 0.049         0.047 / 0.049       ms
[2023-11-19T17:07:45.501+0800][gc,stats    ]    Subphase: Concurrent Classes Unlink                     0.000 / 0.000         0.000 / 0.000         1.263 / 1.295         1.263 / 1.295       ms
[2023-11-19T17:07:45.501+0800][gc,stats    ]    Subphase: Concurrent Mark                               0.000 / 0.000         0.000 / 0.000        11.825 / 13.159       11.825 / 13.159      ms
[2023-11-19T17:07:45.501+0800][gc,stats    ]    Subphase: Concurrent Mark Try Flush                     0.000 / 0.000         0.000 / 0.000         0.057 / 0.108         0.057 / 0.108       ms
[2023-11-19T17:07:45.501+0800][gc,stats    ]    Subphase: Concurrent Mark Try Terminate                 0.000 / 0.000         0.000 / 0.000         1.420 / 4.236         1.420 / 4.236       ms
[2023-11-19T17:07:45.501+0800][gc,stats    ]    Subphase: Concurrent References Enqueue                 0.000 / 0.000         0.000 / 0.000         0.004 / 0.004         0.004 / 0.004       ms
[2023-11-19T17:07:45.501+0800][gc,stats    ]    Subphase: Concurrent References Process                 0.000 / 0.000         0.000 / 0.000         0.090 / 0.101         0.090 / 0.101       ms
[2023-11-19T17:07:45.501+0800][gc,stats    ]    Subphase: Concurrent Roots ClassLoaderDataGraph         0.000 / 0.000         0.000 / 0.000         0.103 / 0.506         0.103 / 0.506       ms
[2023-11-19T17:07:45.501+0800][gc,stats    ]    Subphase: Concurrent Roots CodeCache                    0.000 / 0.000         0.000 / 0.000         0.000 / 0.000         0.000 / 0.000       ms
[2023-11-19T17:07:45.501+0800][gc,stats    ]    Subphase: Concurrent Roots JavaThreads                  0.000 / 0.000         0.000 / 0.000         1.129 / 2.106         1.129 / 2.106       ms
[2023-11-19T17:07:45.501+0800][gc,stats    ]    Subphase: Concurrent Roots OopStorageSet                0.000 / 0.000         0.000 / 0.000         0.036 / 0.058         0.036 / 0.058       ms
[2023-11-19T17:07:45.501+0800][gc,stats    ]    Subphase: Concurrent Weak Roots OopStorageSet           0.000 / 0.000         0.000 / 0.000         0.328 / 0.486         0.328 / 0.486       ms
[2023-11-19T17:07:45.501+0800][gc,stats    ]    Subphase: Pause Mark Try Complete                       0.000 / 0.000         0.000 / 0.000         0.000 / 0.000         0.000 / 0.000       ms
[2023-11-19T17:07:45.501+0800][gc,stats    ]      System: Java Threads                                      0 / 0                 0 / 0                39 / 54               39 / 54          threads
[2023-11-19T17:07:45.501+0800][gc,stats    ] =========================================================================================================================================================
[2023-11-19T17:07:55.501+0800][gc,stats    ] === Garbage Collection Statistics =======================================================================================================================
[2023-11-19T17:07:55.501+0800][gc,stats    ]                                                              Last 10s              Last 10m              Last 10h                Total
[2023-11-19T17:07:55.501+0800][gc,stats    ]                                                              Avg / Max             Avg / Max             Avg / Max             Avg / Max
[2023-11-19T17:07:55.501+0800][gc,stats    ]   Collector: Garbage Collection Cycle                      0.000 / 0.000         0.000 / 0.000        23.723 / 25.775       23.723 / 25.775      ms
[2023-11-19T17:07:55.501+0800][gc,stats    ]  Contention: Mark Segment Reset Contention                     0 / 0                 0 / 0                 0 / 3                 0 / 3           ops/s
[2023-11-19T17:07:55.501+0800][gc,stats    ]  Contention: Mark SeqNum Reset Contention                      0 / 0                 0 / 0                 0 / 0                 0 / 0           ops/s
[2023-11-19T17:07:55.501+0800][gc,stats    ]    Critical: Allocation Stall                                  0 / 0                 0 / 0                 0 / 0                 0 / 0           ops/s
[2023-11-19T17:07:55.501+0800][gc,stats    ]    Critical: Allocation Stall                              0.000 / 0.000         0.000 / 0.000         0.000 / 0.000         0.000 / 0.000       ms
[2023-11-19T17:07:55.501+0800][gc,stats    ]    Critical: GC Locker Stall                                   0 / 0                 0 / 0                 0 / 0                 0 / 0           ops/s
[2023-11-19T17:07:55.501+0800][gc,stats    ]    Critical: GC Locker Stall                               0.000 / 0.000         0.000 / 0.000         0.000 / 0.000         0.000 / 0.000       ms
[2023-11-19T17:07:55.501+0800][gc,stats    ]    Critical: Relocation Stall                                  0 / 0                 0 / 0                 0 / 0                 0 / 0           ops/s
[2023-11-19T17:07:55.501+0800][gc,stats    ]    Critical: Relocation Stall                              0.000 / 0.000         0.000 / 0.000         0.000 / 0.000         0.000 / 0.000       ms
[2023-11-19T17:07:55.501+0800][gc,stats    ]      Memory: Allocation Rate                                   0 / 2                 0 / 4                 0 / 104               0 / 104         MB/s
[2023-11-19T17:07:55.501+0800][gc,stats    ]      Memory: Defragment                                        0 / 0                 0 / 0                 0 / 0                 0 / 0           ops/s
[2023-11-19T17:07:55.501+0800][gc,stats    ]      Memory: Out Of Memory                                     0 / 0                 0 / 0                 0 / 0                 0 / 0           ops/s
[2023-11-19T17:07:55.501+0800][gc,stats    ]      Memory: Page Cache Flush                                  0 / 0                 0 / 0                 0 / 0                 0 / 0           MB/s
[2023-11-19T17:07:55.501+0800][gc,stats    ]      Memory: Page Cache Hit L1                                 0 / 0                 0 / 1                 0 / 29                0 / 29          ops/s
[2023-11-19T17:07:55.501+0800][gc,stats    ]      Memory: Page Cache Hit L2                                 0 / 0                 0 / 0                 0 / 0                 0 / 0           ops/s
[2023-11-19T17:07:55.501+0800][gc,stats    ]      Memory: Page Cache Hit L3                                 0 / 1                 0 / 2                 0 / 48                0 / 48          ops/s
[2023-11-19T17:07:55.501+0800][gc,stats    ]      Memory: Page Cache Miss                                   0 / 0                 0 / 0                 0 / 1                 0 / 1           ops/s
[2023-11-19T17:07:55.501+0800][gc,stats    ]      Memory: Uncommit                                          0 / 0                 0 / 0                 0 / 0                 0 / 0           MB/s
[2023-11-19T17:07:55.501+0800][gc,stats    ]      Memory: Undo Object Allocation Failed                     0 / 0                 0 / 0                 0 / 0                 0 / 0           ops/s
[2023-11-19T17:07:55.501+0800][gc,stats    ]      Memory: Undo Object Allocation Succeeded                  0 / 0                 0 / 0                 0 / 0                 0 / 0           ops/s
[2023-11-19T17:07:55.501+0800][gc,stats    ]      Memory: Undo Page Allocation                              0 / 0                 0 / 0                 0 / 0                 0 / 0           ops/s
[2023-11-19T17:07:55.501+0800][gc,stats    ]       Phase: Concurrent Mark                               0.000 / 0.000         0.000 / 0.000        13.801 / 15.394       13.801 / 15.394      ms
[2023-11-19T17:07:55.501+0800][gc,stats    ]       Phase: Concurrent Mark Continue                      0.000 / 0.000         0.000 / 0.000         0.000 / 0.000         0.000 / 0.000       ms
[2023-11-19T17:07:55.501+0800][gc,stats    ]       Phase: Concurrent Mark Free                          0.000 / 0.000         0.000 / 0.000         0.001 / 0.001         0.001 / 0.001       ms
[2023-11-19T17:07:55.501+0800][gc,stats    ]       Phase: Concurrent Process Non-Strong References      0.000 / 0.000         0.000 / 0.000         1.810 / 1.931         1.810 / 1.931       ms
[2023-11-19T17:07:55.501+0800][gc,stats    ]       Phase: Concurrent Relocate                           0.000 / 0.000         0.000 / 0.000         2.671 / 3.187         2.671 / 3.187       ms
[2023-11-19T17:07:55.501+0800][gc,stats    ]       Phase: Concurrent Reset Relocation Set               0.000 / 0.000         0.000 / 0.000         0.001 / 0.003         0.001 / 0.003       ms
[2023-11-19T17:07:55.501+0800][gc,stats    ]       Phase: Concurrent Select Relocation Set              0.000 / 0.000         0.000 / 0.000         4.627 / 7.839         4.627 / 7.839       ms
[2023-11-19T17:07:55.501+0800][gc,stats    ]       Phase: Pause Mark End                                0.000 / 0.000         0.000 / 0.000         0.016 / 0.018         0.016 / 0.018       ms
[2023-11-19T17:07:55.501+0800][gc,stats    ]       Phase: Pause Mark Start                              0.000 / 0.000         0.000 / 0.000         0.013 / 0.019         0.013 / 0.019       ms
[2023-11-19T17:07:55.501+0800][gc,stats    ]       Phase: Pause Relocate Start                          0.000 / 0.000         0.000 / 0.000         0.008 / 0.009         0.008 / 0.009       ms
[2023-11-19T17:07:55.501+0800][gc,stats    ]    Subphase: Concurrent Classes Purge                      0.000 / 0.000         0.000 / 0.000         0.047 / 0.049         0.047 / 0.049       ms
[2023-11-19T17:07:55.501+0800][gc,stats    ]    Subphase: Concurrent Classes Unlink                     0.000 / 0.000         0.000 / 0.000         1.263 / 1.295         1.263 / 1.295       ms
[2023-11-19T17:07:55.501+0800][gc,stats    ]    Subphase: Concurrent Mark                               0.000 / 0.000         0.000 / 0.000        11.825 / 13.159       11.825 / 13.159      ms
[2023-11-19T17:07:55.501+0800][gc,stats    ]    Subphase: Concurrent Mark Try Flush                     0.000 / 0.000         0.000 / 0.000         0.057 / 0.108         0.057 / 0.108       ms
[2023-11-19T17:07:55.501+0800][gc,stats    ]    Subphase: Concurrent Mark Try Terminate                 0.000 / 0.000         0.000 / 0.000         1.420 / 4.236         1.420 / 4.236       ms
[2023-11-19T17:07:55.501+0800][gc,stats    ]    Subphase: Concurrent References Enqueue                 0.000 / 0.000         0.000 / 0.000         0.004 / 0.004         0.004 / 0.004       ms
[2023-11-19T17:07:55.501+0800][gc,stats    ]    Subphase: Concurrent References Process                 0.000 / 0.000         0.000 / 0.000         0.090 / 0.101         0.090 / 0.101       ms
[2023-11-19T17:07:55.501+0800][gc,stats    ]    Subphase: Concurrent Roots ClassLoaderDataGraph         0.000 / 0.000         0.000 / 0.000         0.103 / 0.506         0.103 / 0.506       ms
[2023-11-19T17:07:55.501+0800][gc,stats    ]    Subphase: Concurrent Roots CodeCache                    0.000 / 0.000         0.000 / 0.000         0.000 / 0.000         0.000 / 0.000       ms
[2023-11-19T17:07:55.501+0800][gc,stats    ]    Subphase: Concurrent Roots JavaThreads                  0.000 / 0.000         0.000 / 0.000         1.129 / 2.106         1.129 / 2.106       ms
[2023-11-19T17:07:55.501+0800][gc,stats    ]    Subphase: Concurrent Roots OopStorageSet                0.000 / 0.000         0.000 / 0.000         0.036 / 0.058         0.036 / 0.058       ms
[2023-11-19T17:07:55.501+0800][gc,stats    ]    Subphase: Concurrent Weak Roots OopStorageSet           0.000 / 0.000         0.000 / 0.000         0.328 / 0.486         0.328 / 0.486       ms
[2023-11-19T17:07:55.501+0800][gc,stats    ]    Subphase: Pause Mark Try Complete                       0.000 / 0.000         0.000 / 0.000         0.000 / 0.000         0.000 / 0.000       ms
[2023-11-19T17:07:55.501+0800][gc,stats    ]      System: Java Threads                                      0 / 0                 0 / 0                39 / 54               39 / 54          threads
[2023-11-19T17:07:55.501+0800][gc,stats    ] =========================================================================================================================================================
[2023-11-19T17:08:05.500+0800][gc,stats    ] === Garbage Collection Statistics =======================================================================================================================
[2023-11-19T17:08:05.500+0800][gc,stats    ]                                                              Last 10s              Last 10m              Last 10h                Total
[2023-11-19T17:08:05.500+0800][gc,stats    ]                                                              Avg / Max             Avg / Max             Avg / Max             Avg / Max
[2023-11-19T17:08:05.500+0800][gc,stats    ]   Collector: Garbage Collection Cycle                      0.000 / 0.000         0.000 / 0.000        23.723 / 25.775       23.723 / 25.775      ms
[2023-11-19T17:08:05.500+0800][gc,stats    ]  Contention: Mark Segment Reset Contention                     0 / 0                 0 / 0                 0 / 3                 0 / 3           ops/s
[2023-11-19T17:08:05.500+0800][gc,stats    ]  Contention: Mark SeqNum Reset Contention                      0 / 0                 0 / 0                 0 / 0                 0 / 0           ops/s
[2023-11-19T17:08:05.500+0800][gc,stats    ]    Critical: Allocation Stall                                  0 / 0                 0 / 0                 0 / 0                 0 / 0           ops/s
[2023-11-19T17:08:05.500+0800][gc,stats    ]    Critical: Allocation Stall                              0.000 / 0.000         0.000 / 0.000         0.000 / 0.000         0.000 / 0.000       ms
[2023-11-19T17:08:05.500+0800][gc,stats    ]    Critical: GC Locker Stall                                   0 / 0                 0 / 0                 0 / 0                 0 / 0           ops/s
[2023-11-19T17:08:05.500+0800][gc,stats    ]    Critical: GC Locker Stall                               0.000 / 0.000         0.000 / 0.000         0.000 / 0.000         0.000 / 0.000       ms
[2023-11-19T17:08:05.500+0800][gc,stats    ]    Critical: Relocation Stall                                  0 / 0                 0 / 0                 0 / 0                 0 / 0           ops/s
[2023-11-19T17:08:05.500+0800][gc,stats    ]    Critical: Relocation Stall                              0.000 / 0.000         0.000 / 0.000         0.000 / 0.000         0.000 / 0.000       ms
[2023-11-19T17:08:05.500+0800][gc,stats    ]      Memory: Allocation Rate                                   0 / 2                 0 / 4                 0 / 104               0 / 104         MB/s
[2023-11-19T17:08:05.500+0800][gc,stats    ]      Memory: Defragment                                        0 / 0                 0 / 0                 0 / 0                 0 / 0           ops/s
[2023-11-19T17:08:05.500+0800][gc,stats    ]      Memory: Out Of Memory                                     0 / 0                 0 / 0                 0 / 0                 0 / 0           ops/s
[2023-11-19T17:08:05.500+0800][gc,stats    ]      Memory: Page Cache Flush                                  0 / 0                 0 / 0                 0 / 0                 0 / 0           MB/s
[2023-11-19T17:08:05.500+0800][gc,stats    ]      Memory: Page Cache Hit L1                                 0 / 0                 0 / 1                 0 / 29                0 / 29          ops/s
[2023-11-19T17:08:05.500+0800][gc,stats    ]      Memory: Page Cache Hit L2                                 0 / 0                 0 / 0                 0 / 0                 0 / 0           ops/s
[2023-11-19T17:08:05.500+0800][gc,stats    ]      Memory: Page Cache Hit L3                                 0 / 1                 0 / 2                 0 / 48                0 / 48          ops/s
[2023-11-19T17:08:05.500+0800][gc,stats    ]      Memory: Page Cache Miss                                   0 / 0                 0 / 0                 0 / 1                 0 / 1           ops/s
[2023-11-19T17:08:05.500+0800][gc,stats    ]      Memory: Uncommit                                          0 / 0                 0 / 0                 0 / 0                 0 / 0           MB/s
[2023-11-19T17:08:05.500+0800][gc,stats    ]      Memory: Undo Object Allocation Failed                     0 / 0                 0 / 0                 0 / 0                 0 / 0           ops/s
[2023-11-19T17:08:05.500+0800][gc,stats    ]      Memory: Undo Object Allocation Succeeded                  0 / 0                 0 / 0                 0 / 0                 0 / 0           ops/s
[2023-11-19T17:08:05.500+0800][gc,stats    ]      Memory: Undo Page Allocation                              0 / 0                 0 / 0                 0 / 0                 0 / 0           ops/s
[2023-11-19T17:08:05.500+0800][gc,stats    ]       Phase: Concurrent Mark                               0.000 / 0.000         0.000 / 0.000        13.801 / 15.394       13.801 / 15.394      ms
[2023-11-19T17:08:05.500+0800][gc,stats    ]       Phase: Concurrent Mark Continue                      0.000 / 0.000         0.000 / 0.000         0.000 / 0.000         0.000 / 0.000       ms
[2023-11-19T17:08:05.500+0800][gc,stats    ]       Phase: Concurrent Mark Free                          0.000 / 0.000         0.000 / 0.000         0.001 / 0.001         0.001 / 0.001       ms
[2023-11-19T17:08:05.500+0800][gc,stats    ]       Phase: Concurrent Process Non-Strong References      0.000 / 0.000         0.000 / 0.000         1.810 / 1.931         1.810 / 1.931       ms
[2023-11-19T17:08:05.500+0800][gc,stats    ]       Phase: Concurrent Relocate                           0.000 / 0.000         0.000 / 0.000         2.671 / 3.187         2.671 / 3.187       ms
[2023-11-19T17:08:05.500+0800][gc,stats    ]       Phase: Concurrent Reset Relocation Set               0.000 / 0.000         0.000 / 0.000         0.001 / 0.003         0.001 / 0.003       ms
[2023-11-19T17:08:05.500+0800][gc,stats    ]       Phase: Concurrent Select Relocation Set              0.000 / 0.000         0.000 / 0.000         4.627 / 7.839         4.627 / 7.839       ms
[2023-11-19T17:08:05.500+0800][gc,stats    ]       Phase: Pause Mark End                                0.000 / 0.000         0.000 / 0.000         0.016 / 0.018         0.016 / 0.018       ms
[2023-11-19T17:08:05.500+0800][gc,stats    ]       Phase: Pause Mark Start                              0.000 / 0.000         0.000 / 0.000         0.013 / 0.019         0.013 / 0.019       ms
[2023-11-19T17:08:05.500+0800][gc,stats    ]       Phase: Pause Relocate Start                          0.000 / 0.000         0.000 / 0.000         0.008 / 0.009         0.008 / 0.009       ms
[2023-11-19T17:08:05.500+0800][gc,stats    ]    Subphase: Concurrent Classes Purge                      0.000 / 0.000         0.000 / 0.000         0.047 / 0.049         0.047 / 0.049       ms
[2023-11-19T17:08:05.500+0800][gc,stats    ]    Subphase: Concurrent Classes Unlink                     0.000 / 0.000         0.000 / 0.000         1.263 / 1.295         1.263 / 1.295       ms
[2023-11-19T17:08:05.500+0800][gc,stats    ]    Subphase: Concurrent Mark                               0.000 / 0.000         0.000 / 0.000        11.825 / 13.159       11.825 / 13.159      ms
[2023-11-19T17:08:05.500+0800][gc,stats    ]    Subphase: Concurrent Mark Try Flush                     0.000 / 0.000         0.000 / 0.000         0.057 / 0.108         0.057 / 0.108       ms
[2023-11-19T17:08:05.500+0800][gc,stats    ]    Subphase: Concurrent Mark Try Terminate                 0.000 / 0.000         0.000 / 0.000         1.420 / 4.236         1.420 / 4.236       ms
[2023-11-19T17:08:05.500+0800][gc,stats    ]    Subphase: Concurrent References Enqueue                 0.000 / 0.000         0.000 / 0.000         0.004 / 0.004         0.004 / 0.004       ms
[2023-11-19T17:08:05.500+0800][gc,stats    ]    Subphase: Concurrent References Process                 0.000 / 0.000         0.000 / 0.000         0.090 / 0.101         0.090 / 0.101       ms
[2023-11-19T17:08:05.500+0800][gc,stats    ]    Subphase: Concurrent Roots ClassLoaderDataGraph         0.000 / 0.000         0.000 / 0.000         0.103 / 0.506         0.103 / 0.506       ms
[2023-11-19T17:08:05.500+0800][gc,stats    ]    Subphase: Concurrent Roots CodeCache                    0.000 / 0.000         0.000 / 0.000         0.000 / 0.000         0.000 / 0.000       ms
[2023-11-19T17:08:05.500+0800][gc,stats    ]    Subphase: Concurrent Roots JavaThreads                  0.000 / 0.000         0.000 / 0.000         1.129 / 2.106         1.129 / 2.106       ms
[2023-11-19T17:08:05.500+0800][gc,stats    ]    Subphase: Concurrent Roots OopStorageSet                0.000 / 0.000         0.000 / 0.000         0.036 / 0.058         0.036 / 0.058       ms
[2023-11-19T17:08:05.500+0800][gc,stats    ]    Subphase: Concurrent Weak Roots OopStorageSet           0.000 / 0.000         0.000 / 0.000         0.328 / 0.486         0.328 / 0.486       ms
[2023-11-19T17:08:05.500+0800][gc,stats    ]    Subphase: Pause Mark Try Complete                       0.000 / 0.000         0.000 / 0.000         0.000 / 0.000         0.000 / 0.000       ms
[2023-11-19T17:08:05.500+0800][gc,stats    ]      System: Java Threads                                      0 / 0                 0 / 0                39 / 54               39 / 54          threads
[2023-11-19T17:08:05.500+0800][gc,stats    ] =========================================================================================================================================================
[2023-11-19T17:08:15.501+0800][gc,stats    ] === Garbage Collection Statistics =======================================================================================================================
[2023-11-19T17:08:15.501+0800][gc,stats    ]                                                              Last 10s              Last 10m              Last 10h                Total
[2023-11-19T17:08:15.501+0800][gc,stats    ]                                                              Avg / Max             Avg / Max             Avg / Max             Avg / Max
[2023-11-19T17:08:15.501+0800][gc,stats    ]   Collector: Garbage Collection Cycle                      0.000 / 0.000         0.000 / 0.000        23.723 / 25.775       23.723 / 25.775      ms
[2023-11-19T17:08:15.501+0800][gc,stats    ]  Contention: Mark Segment Reset Contention                     0 / 0                 0 / 0                 0 / 3                 0 / 3           ops/s
[2023-11-19T17:08:15.501+0800][gc,stats    ]  Contention: Mark SeqNum Reset Contention                      0 / 0                 0 / 0                 0 / 0                 0 / 0           ops/s
[2023-11-19T17:08:15.501+0800][gc,stats    ]    Critical: Allocation Stall                                  0 / 0                 0 / 0                 0 / 0                 0 / 0           ops/s
[2023-11-19T17:08:15.501+0800][gc,stats    ]    Critical: Allocation Stall                              0.000 / 0.000         0.000 / 0.000         0.000 / 0.000         0.000 / 0.000       ms
[2023-11-19T17:08:15.501+0800][gc,stats    ]    Critical: GC Locker Stall                                   0 / 0                 0 / 0                 0 / 0                 0 / 0           ops/s
[2023-11-19T17:08:15.501+0800][gc,stats    ]    Critical: GC Locker Stall                               0.000 / 0.000         0.000 / 0.000         0.000 / 0.000         0.000 / 0.000       ms
[2023-11-19T17:08:15.501+0800][gc,stats    ]    Critical: Relocation Stall                                  0 / 0                 0 / 0                 0 / 0                 0 / 0           ops/s
[2023-11-19T17:08:15.501+0800][gc,stats    ]    Critical: Relocation Stall                              0.000 / 0.000         0.000 / 0.000         0.000 / 0.000         0.000 / 0.000       ms
[2023-11-19T17:08:15.501+0800][gc,stats    ]      Memory: Allocation Rate                                   0 / 0                 0 / 4                 0 / 104               0 / 104         MB/s
[2023-11-19T17:08:15.501+0800][gc,stats    ]      Memory: Defragment                                        0 / 0                 0 / 0                 0 / 0                 0 / 0           ops/s
[2023-11-19T17:08:15.501+0800][gc,stats    ]      Memory: Out Of Memory                                     0 / 0                 0 / 0                 0 / 0                 0 / 0           ops/s
[2023-11-19T17:08:15.501+0800][gc,stats    ]      Memory: Page Cache Flush                                  0 / 0                 0 / 0                 0 / 0                 0 / 0           MB/s
[2023-11-19T17:08:15.501+0800][gc,stats    ]      Memory: Page Cache Hit L1                                 0 / 0                 0 / 1                 0 / 29                0 / 29          ops/s
[2023-11-19T17:08:15.501+0800][gc,stats    ]      Memory: Page Cache Hit L2                                 0 / 0                 0 / 0                 0 / 0                 0 / 0           ops/s
[2023-11-19T17:08:15.501+0800][gc,stats    ]      Memory: Page Cache Hit L3                                 0 / 0                 0 / 2                 0 / 48                0 / 48          ops/s
[2023-11-19T17:08:15.501+0800][gc,stats    ]      Memory: Page Cache Miss                                   0 / 0                 0 / 0                 0 / 1                 0 / 1           ops/s
[2023-11-19T17:08:15.501+0800][gc,stats    ]      Memory: Uncommit                                          0 / 0                 0 / 0                 0 / 0                 0 / 0           MB/s
[2023-11-19T17:08:15.501+0800][gc,stats    ]      Memory: Undo Object Allocation Failed                     0 / 0                 0 / 0                 0 / 0                 0 / 0           ops/s
[2023-11-19T17:08:15.501+0800][gc,stats    ]      Memory: Undo Object Allocation Succeeded                  0 / 0                 0 / 0                 0 / 0                 0 / 0           ops/s
[2023-11-19T17:08:15.501+0800][gc,stats    ]      Memory: Undo Page Allocation                              0 / 0                 0 / 0                 0 / 0                 0 / 0           ops/s
[2023-11-19T17:08:15.501+0800][gc,stats    ]       Phase: Concurrent Mark                               0.000 / 0.000         0.000 / 0.000        13.801 / 15.394       13.801 / 15.394      ms
[2023-11-19T17:08:15.501+0800][gc,stats    ]       Phase: Concurrent Mark Continue                      0.000 / 0.000         0.000 / 0.000         0.000 / 0.000         0.000 / 0.000       ms
[2023-11-19T17:08:15.501+0800][gc,stats    ]       Phase: Concurrent Mark Free                          0.000 / 0.000         0.000 / 0.000         0.001 / 0.001         0.001 / 0.001       ms
[2023-11-19T17:08:15.501+0800][gc,stats    ]       Phase: Concurrent Process Non-Strong References      0.000 / 0.000         0.000 / 0.000         1.810 / 1.931         1.810 / 1.931       ms
[2023-11-19T17:08:15.501+0800][gc,stats    ]       Phase: Concurrent Relocate                           0.000 / 0.000         0.000 / 0.000         2.671 / 3.187         2.671 / 3.187       ms
[2023-11-19T17:08:15.501+0800][gc,stats    ]       Phase: Concurrent Reset Relocation Set               0.000 / 0.000         0.000 / 0.000         0.001 / 0.003         0.001 / 0.003       ms
[2023-11-19T17:08:15.501+0800][gc,stats    ]       Phase: Concurrent Select Relocation Set              0.000 / 0.000         0.000 / 0.000         4.627 / 7.839         4.627 / 7.839       ms
[2023-11-19T17:08:15.501+0800][gc,stats    ]       Phase: Pause Mark End                                0.000 / 0.000         0.000 / 0.000         0.016 / 0.018         0.016 / 0.018       ms
[2023-11-19T17:08:15.501+0800][gc,stats    ]       Phase: Pause Mark Start                              0.000 / 0.000         0.000 / 0.000         0.013 / 0.019         0.013 / 0.019       ms
[2023-11-19T17:08:15.501+0800][gc,stats    ]       Phase: Pause Relocate Start                          0.000 / 0.000         0.000 / 0.000         0.008 / 0.009         0.008 / 0.009       ms
[2023-11-19T17:08:15.501+0800][gc,stats    ]    Subphase: Concurrent Classes Purge                      0.000 / 0.000         0.000 / 0.000         0.047 / 0.049         0.047 / 0.049       ms
[2023-11-19T17:08:15.501+0800][gc,stats    ]    Subphase: Concurrent Classes Unlink                     0.000 / 0.000         0.000 / 0.000         1.263 / 1.295         1.263 / 1.295       ms
[2023-11-19T17:08:15.501+0800][gc,stats    ]    Subphase: Concurrent Mark                               0.000 / 0.000         0.000 / 0.000        11.825 / 13.159       11.825 / 13.159      ms
[2023-11-19T17:08:15.501+0800][gc,stats    ]    Subphase: Concurrent Mark Try Flush                     0.000 / 0.000         0.000 / 0.000         0.057 / 0.108         0.057 / 0.108       ms
[2023-11-19T17:08:15.501+0800][gc,stats    ]    Subphase: Concurrent Mark Try Terminate                 0.000 / 0.000         0.000 / 0.000         1.420 / 4.236         1.420 / 4.236       ms
[2023-11-19T17:08:15.501+0800][gc,stats    ]    Subphase: Concurrent References Enqueue                 0.000 / 0.000         0.000 / 0.000         0.004 / 0.004         0.004 / 0.004       ms
[2023-11-19T17:08:15.501+0800][gc,stats    ]    Subphase: Concurrent References Process                 0.000 / 0.000         0.000 / 0.000         0.090 / 0.101         0.090 / 0.101       ms
[2023-11-19T17:08:15.501+0800][gc,stats    ]    Subphase: Concurrent Roots ClassLoaderDataGraph         0.000 / 0.000         0.000 / 0.000         0.103 / 0.506         0.103 / 0.506       ms
[2023-11-19T17:08:15.501+0800][gc,stats    ]    Subphase: Concurrent Roots CodeCache                    0.000 / 0.000         0.000 / 0.000         0.000 / 0.000         0.000 / 0.000       ms
[2023-11-19T17:08:15.501+0800][gc,stats    ]    Subphase: Concurrent Roots JavaThreads                  0.000 / 0.000         0.000 / 0.000         1.129 / 2.106         1.129 / 2.106       ms
[2023-11-19T17:08:15.501+0800][gc,stats    ]    Subphase: Concurrent Roots OopStorageSet                0.000 / 0.000         0.000 / 0.000         0.036 / 0.058         0.036 / 0.058       ms
[2023-11-19T17:08:15.501+0800][gc,stats    ]    Subphase: Concurrent Weak Roots OopStorageSet           0.000 / 0.000         0.000 / 0.000         0.328 / 0.486         0.328 / 0.486       ms
[2023-11-19T17:08:15.501+0800][gc,stats    ]    Subphase: Pause Mark Try Complete                       0.000 / 0.000         0.000 / 0.000         0.000 / 0.000         0.000 / 0.000       ms
[2023-11-19T17:08:15.501+0800][gc,stats    ]      System: Java Threads                                      0 / 0                 0 / 0                39 / 54               39 / 54          threads
[2023-11-19T17:08:15.501+0800][gc,stats    ] =========================================================================================================================================================
[2023-11-19T17:08:25.501+0800][gc,stats    ] === Garbage Collection Statistics =======================================================================================================================
[2023-11-19T17:08:25.501+0800][gc,stats    ]                                                              Last 10s              Last 10m              Last 10h                Total
[2023-11-19T17:08:25.501+0800][gc,stats    ]                                                              Avg / Max             Avg / Max             Avg / Max             Avg / Max
[2023-11-19T17:08:25.501+0800][gc,stats    ]   Collector: Garbage Collection Cycle                      0.000 / 0.000         0.000 / 0.000        23.723 / 25.775       23.723 / 25.775      ms
[2023-11-19T17:08:25.501+0800][gc,stats    ]  Contention: Mark Segment Reset Contention                     0 / 0                 0 / 0                 0 / 3                 0 / 3           ops/s
[2023-11-19T17:08:25.501+0800][gc,stats    ]  Contention: Mark SeqNum Reset Contention                      0 / 0                 0 / 0                 0 / 0                 0 / 0           ops/s
[2023-11-19T17:08:25.501+0800][gc,stats    ]    Critical: Allocation Stall                                  0 / 0                 0 / 0                 0 / 0                 0 / 0           ops/s
[2023-11-19T17:08:25.501+0800][gc,stats    ]    Critical: Allocation Stall                              0.000 / 0.000         0.000 / 0.000         0.000 / 0.000         0.000 / 0.000       ms
[2023-11-19T17:08:25.501+0800][gc,stats    ]    Critical: GC Locker Stall                                   0 / 0                 0 / 0                 0 / 0                 0 / 0           ops/s
[2023-11-19T17:08:25.501+0800][gc,stats    ]    Critical: GC Locker Stall                               0.000 / 0.000         0.000 / 0.000         0.000 / 0.000         0.000 / 0.000       ms
[2023-11-19T17:08:25.501+0800][gc,stats    ]    Critical: Relocation Stall                                  0 / 0                 0 / 0                 0 / 0                 0 / 0           ops/s
[2023-11-19T17:08:25.501+0800][gc,stats    ]    Critical: Relocation Stall                              0.000 / 0.000         0.000 / 0.000         0.000 / 0.000         0.000 / 0.000       ms
[2023-11-19T17:08:25.501+0800][gc,stats    ]      Memory: Allocation Rate                                   0 / 0                 0 / 4                 0 / 104               0 / 104         MB/s
[2023-11-19T17:08:25.501+0800][gc,stats    ]      Memory: Defragment                                        0 / 0                 0 / 0                 0 / 0                 0 / 0           ops/s
[2023-11-19T17:08:25.501+0800][gc,stats    ]      Memory: Out Of Memory                                     0 / 0                 0 / 0                 0 / 0                 0 / 0           ops/s
[2023-11-19T17:08:25.501+0800][gc,stats    ]      Memory: Page Cache Flush                                  0 / 0                 0 / 0                 0 / 0                 0 / 0           MB/s
[2023-11-19T17:08:25.501+0800][gc,stats    ]      Memory: Page Cache Hit L1                                 0 / 0                 0 / 1                 0 / 29                0 / 29          ops/s
[2023-11-19T17:08:25.501+0800][gc,stats    ]      Memory: Page Cache Hit L2                                 0 / 0                 0 / 0                 0 / 0                 0 / 0           ops/s
[2023-11-19T17:08:25.501+0800][gc,stats    ]      Memory: Page Cache Hit L3                                 0 / 0                 0 / 2                 0 / 48                0 / 48          ops/s
[2023-11-19T17:08:25.501+0800][gc,stats    ]      Memory: Page Cache Miss                                   0 / 0                 0 / 0                 0 / 1                 0 / 1           ops/s
[2023-11-19T17:08:25.501+0800][gc,stats    ]      Memory: Uncommit                                          0 / 0                 0 / 0                 0 / 0                 0 / 0           MB/s
[2023-11-19T17:08:25.501+0800][gc,stats    ]      Memory: Undo Object Allocation Failed                     0 / 0                 0 / 0                 0 / 0                 0 / 0           ops/s
[2023-11-19T17:08:25.501+0800][gc,stats    ]      Memory: Undo Object Allocation Succeeded                  0 / 0                 0 / 0                 0 / 0                 0 / 0           ops/s
[2023-11-19T17:08:25.501+0800][gc,stats    ]      Memory: Undo Page Allocation                              0 / 0                 0 / 0                 0 / 0                 0 / 0           ops/s
[2023-11-19T17:08:25.501+0800][gc,stats    ]       Phase: Concurrent Mark                               0.000 / 0.000         0.000 / 0.000        13.801 / 15.394       13.801 / 15.394      ms
[2023-11-19T17:08:25.501+0800][gc,stats    ]       Phase: Concurrent Mark Continue                      0.000 / 0.000         0.000 / 0.000         0.000 / 0.000         0.000 / 0.000       ms
[2023-11-19T17:08:25.501+0800][gc,stats    ]       Phase: Concurrent Mark Free                          0.000 / 0.000         0.000 / 0.000         0.001 / 0.001         0.001 / 0.001       ms
[2023-11-19T17:08:25.501+0800][gc,stats    ]       Phase: Concurrent Process Non-Strong References      0.000 / 0.000         0.000 / 0.000         1.810 / 1.931         1.810 / 1.931       ms
[2023-11-19T17:08:25.501+0800][gc,stats    ]       Phase: Concurrent Relocate                           0.000 / 0.000         0.000 / 0.000         2.671 / 3.187         2.671 / 3.187       ms
[2023-11-19T17:08:25.501+0800][gc,stats    ]       Phase: Concurrent Reset Relocation Set               0.000 / 0.000         0.000 / 0.000         0.001 / 0.003         0.001 / 0.003       ms
[2023-11-19T17:08:25.501+0800][gc,stats    ]       Phase: Concurrent Select Relocation Set              0.000 / 0.000         0.000 / 0.000         4.627 / 7.839         4.627 / 7.839       ms
[2023-11-19T17:08:25.501+0800][gc,stats    ]       Phase: Pause Mark End                                0.000 / 0.000         0.000 / 0.000         0.016 / 0.018         0.016 / 0.018       ms
[2023-11-19T17:08:25.501+0800][gc,stats    ]       Phase: Pause Mark Start                              0.000 / 0.000         0.000 / 0.000         0.013 / 0.019         0.013 / 0.019       ms
[2023-11-19T17:08:25.501+0800][gc,stats    ]       Phase: Pause Relocate Start                          0.000 / 0.000         0.000 / 0.000         0.008 / 0.009         0.008 / 0.009       ms
[2023-11-19T17:08:25.501+0800][gc,stats    ]    Subphase: Concurrent Classes Purge                      0.000 / 0.000         0.000 / 0.000         0.047 / 0.049         0.047 / 0.049       ms
[2023-11-19T17:08:25.501+0800][gc,stats    ]    Subphase: Concurrent Classes Unlink                     0.000 / 0.000         0.000 / 0.000         1.263 / 1.295         1.263 / 1.295       ms
[2023-11-19T17:08:25.501+0800][gc,stats    ]    Subphase: Concurrent Mark                               0.000 / 0.000         0.000 / 0.000        11.825 / 13.159       11.825 / 13.159      ms
[2023-11-19T17:08:25.501+0800][gc,stats    ]    Subphase: Concurrent Mark Try Flush                     0.000 / 0.000         0.000 / 0.000         0.057 / 0.108         0.057 / 0.108       ms
[2023-11-19T17:08:25.501+0800][gc,stats    ]    Subphase: Concurrent Mark Try Terminate                 0.000 / 0.000         0.000 / 0.000         1.420 / 4.236         1.420 / 4.236       ms
[2023-11-19T17:08:25.501+0800][gc,stats    ]    Subphase: Concurrent References Enqueue                 0.000 / 0.000         0.000 / 0.000         0.004 / 0.004         0.004 / 0.004       ms
[2023-11-19T17:08:25.501+0800][gc,stats    ]    Subphase: Concurrent References Process                 0.000 / 0.000         0.000 / 0.000         0.090 / 0.101         0.090 / 0.101       ms
[2023-11-19T17:08:25.501+0800][gc,stats    ]    Subphase: Concurrent Roots ClassLoaderDataGraph         0.000 / 0.000         0.000 / 0.000         0.103 / 0.506         0.103 / 0.506       ms
[2023-11-19T17:08:25.501+0800][gc,stats    ]    Subphase: Concurrent Roots CodeCache                    0.000 / 0.000         0.000 / 0.000         0.000 / 0.000         0.000 / 0.000       ms
[2023-11-19T17:08:25.501+0800][gc,stats    ]    Subphase: Concurrent Roots JavaThreads                  0.000 / 0.000         0.000 / 0.000         1.129 / 2.106         1.129 / 2.106       ms
[2023-11-19T17:08:25.501+0800][gc,stats    ]    Subphase: Concurrent Roots OopStorageSet                0.000 / 0.000         0.000 / 0.000         0.036 / 0.058         0.036 / 0.058       ms
[2023-11-19T17:08:25.501+0800][gc,stats    ]    Subphase: Concurrent Weak Roots OopStorageSet           0.000 / 0.000         0.000 / 0.000         0.328 / 0.486         0.328 / 0.486       ms
[2023-11-19T17:08:25.501+0800][gc,stats    ]    Subphase: Pause Mark Try Complete                       0.000 / 0.000         0.000 / 0.000         0.000 / 0.000         0.000 / 0.000       ms
[2023-11-19T17:08:25.501+0800][gc,stats    ]      System: Java Threads                                      0 / 0                 0 / 0                39 / 54               39 / 54          threads
[2023-11-19T17:08:25.501+0800][gc,stats    ] =========================================================================================================================================================
[2023-11-19T17:08:35.501+0800][gc,stats    ] === Garbage Collection Statistics =======================================================================================================================
[2023-11-19T17:08:35.501+0800][gc,stats    ]                                                              Last 10s              Last 10m              Last 10h                Total
[2023-11-19T17:08:35.501+0800][gc,stats    ]                                                              Avg / Max             Avg / Max             Avg / Max             Avg / Max
[2023-11-19T17:08:35.501+0800][gc,stats    ]   Collector: Garbage Collection Cycle                      0.000 / 0.000         0.000 / 0.000        23.723 / 25.775       23.723 / 25.775      ms
[2023-11-19T17:08:35.501+0800][gc,stats    ]  Contention: Mark Segment Reset Contention                     0 / 0                 0 / 0                 0 / 3                 0 / 3           ops/s
[2023-11-19T17:08:35.501+0800][gc,stats    ]  Contention: Mark SeqNum Reset Contention                      0 / 0                 0 / 0                 0 / 0                 0 / 0           ops/s
[2023-11-19T17:08:35.501+0800][gc,stats    ]    Critical: Allocation Stall                                  0 / 0                 0 / 0                 0 / 0                 0 / 0           ops/s
[2023-11-19T17:08:35.501+0800][gc,stats    ]    Critical: Allocation Stall                              0.000 / 0.000         0.000 / 0.000         0.000 / 0.000         0.000 / 0.000       ms
[2023-11-19T17:08:35.501+0800][gc,stats    ]    Critical: GC Locker Stall                                   0 / 0                 0 / 0                 0 / 0                 0 / 0           ops/s
[2023-11-19T17:08:35.501+0800][gc,stats    ]    Critical: GC Locker Stall                               0.000 / 0.000         0.000 / 0.000         0.000 / 0.000         0.000 / 0.000       ms
[2023-11-19T17:08:35.501+0800][gc,stats    ]    Critical: Relocation Stall                                  0 / 0                 0 / 0                 0 / 0                 0 / 0           ops/s
[2023-11-19T17:08:35.501+0800][gc,stats    ]    Critical: Relocation Stall                              0.000 / 0.000         0.000 / 0.000         0.000 / 0.000         0.000 / 0.000       ms
[2023-11-19T17:08:35.501+0800][gc,stats    ]      Memory: Allocation Rate                                   0 / 2                 0 / 4                 0 / 104               0 / 104         MB/s
[2023-11-19T17:08:35.501+0800][gc,stats    ]      Memory: Defragment                                        0 / 0                 0 / 0                 0 / 0                 0 / 0           ops/s
[2023-11-19T17:08:35.501+0800][gc,stats    ]      Memory: Out Of Memory                                     0 / 0                 0 / 0                 0 / 0                 0 / 0           ops/s
[2023-11-19T17:08:35.501+0800][gc,stats    ]      Memory: Page Cache Flush                                  0 / 0                 0 / 0                 0 / 0                 0 / 0           MB/s
[2023-11-19T17:08:35.501+0800][gc,stats    ]      Memory: Page Cache Hit L1                                 0 / 0                 0 / 1                 0 / 29                0 / 29          ops/s
[2023-11-19T17:08:35.501+0800][gc,stats    ]      Memory: Page Cache Hit L2                                 0 / 0                 0 / 0                 0 / 0                 0 / 0           ops/s
[2023-11-19T17:08:35.501+0800][gc,stats    ]      Memory: Page Cache Hit L3                                 0 / 1                 0 / 2                 0 / 48                0 / 48          ops/s
[2023-11-19T17:08:35.501+0800][gc,stats    ]      Memory: Page Cache Miss                                   0 / 0                 0 / 0                 0 / 1                 0 / 1           ops/s
[2023-11-19T17:08:35.501+0800][gc,stats    ]      Memory: Uncommit                                          0 / 0                 0 / 0                 0 / 0                 0 / 0           MB/s
[2023-11-19T17:08:35.501+0800][gc,stats    ]      Memory: Undo Object Allocation Failed                     0 / 0                 0 / 0                 0 / 0                 0 / 0           ops/s
[2023-11-19T17:08:35.501+0800][gc,stats    ]      Memory: Undo Object Allocation Succeeded                  0 / 0                 0 / 0                 0 / 0                 0 / 0           ops/s
[2023-11-19T17:08:35.501+0800][gc,stats    ]      Memory: Undo Page Allocation                              0 / 0                 0 / 0                 0 / 0                 0 / 0           ops/s
[2023-11-19T17:08:35.501+0800][gc,stats    ]       Phase: Concurrent Mark                               0.000 / 0.000         0.000 / 0.000        13.801 / 15.394       13.801 / 15.394      ms
[2023-11-19T17:08:35.501+0800][gc,stats    ]       Phase: Concurrent Mark Continue                      0.000 / 0.000         0.000 / 0.000         0.000 / 0.000         0.000 / 0.000       ms
[2023-11-19T17:08:35.501+0800][gc,stats    ]       Phase: Concurrent Mark Free                          0.000 / 0.000         0.000 / 0.000         0.001 / 0.001         0.001 / 0.001       ms
[2023-11-19T17:08:35.501+0800][gc,stats    ]       Phase: Concurrent Process Non-Strong References      0.000 / 0.000         0.000 / 0.000         1.810 / 1.931         1.810 / 1.931       ms
[2023-11-19T17:08:35.501+0800][gc,stats    ]       Phase: Concurrent Relocate                           0.000 / 0.000         0.000 / 0.000         2.671 / 3.187         2.671 / 3.187       ms
[2023-11-19T17:08:35.501+0800][gc,stats    ]       Phase: Concurrent Reset Relocation Set               0.000 / 0.000         0.000 / 0.000         0.001 / 0.003         0.001 / 0.003       ms
[2023-11-19T17:08:35.501+0800][gc,stats    ]       Phase: Concurrent Select Relocation Set              0.000 / 0.000         0.000 / 0.000         4.627 / 7.839         4.627 / 7.839       ms
[2023-11-19T17:08:35.501+0800][gc,stats    ]       Phase: Pause Mark End                                0.000 / 0.000         0.000 / 0.000         0.016 / 0.018         0.016 / 0.018       ms
[2023-11-19T17:08:35.501+0800][gc,stats    ]       Phase: Pause Mark Start                              0.000 / 0.000         0.000 / 0.000         0.013 / 0.019         0.013 / 0.019       ms
[2023-11-19T17:08:35.501+0800][gc,stats    ]       Phase: Pause Relocate Start                          0.000 / 0.000         0.000 / 0.000         0.008 / 0.009         0.008 / 0.009       ms
[2023-11-19T17:08:35.501+0800][gc,stats    ]    Subphase: Concurrent Classes Purge                      0.000 / 0.000         0.000 / 0.000         0.047 / 0.049         0.047 / 0.049       ms
[2023-11-19T17:08:35.501+0800][gc,stats    ]    Subphase: Concurrent Classes Unlink                     0.000 / 0.000         0.000 / 0.000         1.263 / 1.295         1.263 / 1.295       ms
[2023-11-19T17:08:35.501+0800][gc,stats    ]    Subphase: Concurrent Mark                               0.000 / 0.000         0.000 / 0.000        11.825 / 13.159       11.825 / 13.159      ms
[2023-11-19T17:08:35.501+0800][gc,stats    ]    Subphase: Concurrent Mark Try Flush                     0.000 / 0.000         0.000 / 0.000         0.057 / 0.108         0.057 / 0.108       ms
[2023-11-19T17:08:35.501+0800][gc,stats    ]    Subphase: Concurrent Mark Try Terminate                 0.000 / 0.000         0.000 / 0.000         1.420 / 4.236         1.420 / 4.236       ms
[2023-11-19T17:08:35.501+0800][gc,stats    ]    Subphase: Concurrent References Enqueue                 0.000 / 0.000         0.000 / 0.000         0.004 / 0.004         0.004 / 0.004       ms
[2023-11-19T17:08:35.501+0800][gc,stats    ]    Subphase: Concurrent References Process                 0.000 / 0.000         0.000 / 0.000         0.090 / 0.101         0.090 / 0.101       ms
[2023-11-19T17:08:35.501+0800][gc,stats    ]    Subphase: Concurrent Roots ClassLoaderDataGraph         0.000 / 0.000         0.000 / 0.000         0.103 / 0.506         0.103 / 0.506       ms
[2023-11-19T17:08:35.501+0800][gc,stats    ]    Subphase: Concurrent Roots CodeCache                    0.000 / 0.000         0.000 / 0.000         0.000 / 0.000         0.000 / 0.000       ms
[2023-11-19T17:08:35.501+0800][gc,stats    ]    Subphase: Concurrent Roots JavaThreads                  0.000 / 0.000         0.000 / 0.000         1.129 / 2.106         1.129 / 2.106       ms
[2023-11-19T17:08:35.501+0800][gc,stats    ]    Subphase: Concurrent Roots OopStorageSet                0.000 / 0.000         0.000 / 0.000         0.036 / 0.058         0.036 / 0.058       ms
[2023-11-19T17:08:35.501+0800][gc,stats    ]    Subphase: Concurrent Weak Roots OopStorageSet           0.000 / 0.000         0.000 / 0.000         0.328 / 0.486         0.328 / 0.486       ms
[2023-11-19T17:08:35.501+0800][gc,stats    ]    Subphase: Pause Mark Try Complete                       0.000 / 0.000         0.000 / 0.000         0.000 / 0.000         0.000 / 0.000       ms
[2023-11-19T17:08:35.501+0800][gc,stats    ]      System: Java Threads                                      0 / 0                 0 / 0                39 / 54               39 / 54          threads
[2023-11-19T17:08:35.501+0800][gc,stats    ] =========================================================================================================================================================
[2023-11-19T17:08:45.500+0800][gc,stats    ] === Garbage Collection Statistics =======================================================================================================================
[2023-11-19T17:08:45.500+0800][gc,stats    ]                                                              Last 10s              Last 10m              Last 10h                Total
[2023-11-19T17:08:45.500+0800][gc,stats    ]                                                              Avg / Max             Avg / Max             Avg / Max             Avg / Max
[2023-11-19T17:08:45.500+0800][gc,stats    ]   Collector: Garbage Collection Cycle                      0.000 / 0.000         0.000 / 0.000        23.723 / 25.775       23.723 / 25.775      ms
[2023-11-19T17:08:45.500+0800][gc,stats    ]  Contention: Mark Segment Reset Contention                     0 / 0                 0 / 0                 0 / 3                 0 / 3           ops/s
[2023-11-19T17:08:45.500+0800][gc,stats    ]  Contention: Mark SeqNum Reset Contention                      0 / 0                 0 / 0                 0 / 0                 0 / 0           ops/s
[2023-11-19T17:08:45.500+0800][gc,stats    ]    Critical: Allocation Stall                                  0 / 0                 0 / 0                 0 / 0                 0 / 0           ops/s
[2023-11-19T17:08:45.500+0800][gc,stats    ]    Critical: Allocation Stall                              0.000 / 0.000         0.000 / 0.000         0.000 / 0.000         0.000 / 0.000       ms
[2023-11-19T17:08:45.500+0800][gc,stats    ]    Critical: GC Locker Stall                                   0 / 0                 0 / 0                 0 / 0                 0 / 0           ops/s
[2023-11-19T17:08:45.500+0800][gc,stats    ]    Critical: GC Locker Stall                               0.000 / 0.000         0.000 / 0.000         0.000 / 0.000         0.000 / 0.000       ms
[2023-11-19T17:08:45.500+0800][gc,stats    ]    Critical: Relocation Stall                                  0 / 0                 0 / 0                 0 / 0                 0 / 0           ops/s
[2023-11-19T17:08:45.500+0800][gc,stats    ]    Critical: Relocation Stall                              0.000 / 0.000         0.000 / 0.000         0.000 / 0.000         0.000 / 0.000       ms
[2023-11-19T17:08:45.500+0800][gc,stats    ]      Memory: Allocation Rate                                   0 / 0                 0 / 4                 0 / 104               0 / 104         MB/s
[2023-11-19T17:08:45.500+0800][gc,stats    ]      Memory: Defragment                                        0 / 0                 0 / 0                 0 / 0                 0 / 0           ops/s
[2023-11-19T17:08:45.500+0800][gc,stats    ]      Memory: Out Of Memory                                     0 / 0                 0 / 0                 0 / 0                 0 / 0           ops/s
[2023-11-19T17:08:45.500+0800][gc,stats    ]      Memory: Page Cache Flush                                  0 / 0                 0 / 0                 0 / 0                 0 / 0           MB/s
[2023-11-19T17:08:45.500+0800][gc,stats    ]      Memory: Page Cache Hit L1                                 0 / 0                 0 / 1                 0 / 29                0 / 29          ops/s
[2023-11-19T17:08:45.500+0800][gc,stats    ]      Memory: Page Cache Hit L2                                 0 / 0                 0 / 0                 0 / 0                 0 / 0           ops/s
[2023-11-19T17:08:45.500+0800][gc,stats    ]      Memory: Page Cache Hit L3                                 0 / 0                 0 / 2                 0 / 48                0 / 48          ops/s
[2023-11-19T17:08:45.500+0800][gc,stats    ]      Memory: Page Cache Miss                                   0 / 0                 0 / 0                 0 / 1                 0 / 1           ops/s
[2023-11-19T17:08:45.500+0800][gc,stats    ]      Memory: Uncommit                                          0 / 0                 0 / 0                 0 / 0                 0 / 0           MB/s
[2023-11-19T17:08:45.500+0800][gc,stats    ]      Memory: Undo Object Allocation Failed                     0 / 0                 0 / 0                 0 / 0                 0 / 0           ops/s
[2023-11-19T17:08:45.500+0800][gc,stats    ]      Memory: Undo Object Allocation Succeeded                  0 / 0                 0 / 0                 0 / 0                 0 / 0           ops/s
[2023-11-19T17:08:45.500+0800][gc,stats    ]      Memory: Undo Page Allocation                              0 / 0                 0 / 0                 0 / 0                 0 / 0           ops/s
[2023-11-19T17:08:45.500+0800][gc,stats    ]       Phase: Concurrent Mark                               0.000 / 0.000         0.000 / 0.000        13.801 / 15.394       13.801 / 15.394      ms
[2023-11-19T17:08:45.500+0800][gc,stats    ]       Phase: Concurrent Mark Continue                      0.000 / 0.000         0.000 / 0.000         0.000 / 0.000         0.000 / 0.000       ms
[2023-11-19T17:08:45.500+0800][gc,stats    ]       Phase: Concurrent Mark Free                          0.000 / 0.000         0.000 / 0.000         0.001 / 0.001         0.001 / 0.001       ms
[2023-11-19T17:08:45.500+0800][gc,stats    ]       Phase: Concurrent Process Non-Strong References      0.000 / 0.000         0.000 / 0.000         1.810 / 1.931         1.810 / 1.931       ms
[2023-11-19T17:08:45.500+0800][gc,stats    ]       Phase: Concurrent Relocate                           0.000 / 0.000         0.000 / 0.000         2.671 / 3.187         2.671 / 3.187       ms
[2023-11-19T17:08:45.500+0800][gc,stats    ]       Phase: Concurrent Reset Relocation Set               0.000 / 0.000         0.000 / 0.000         0.001 / 0.003         0.001 / 0.003       ms
[2023-11-19T17:08:45.500+0800][gc,stats    ]       Phase: Concurrent Select Relocation Set              0.000 / 0.000         0.000 / 0.000         4.627 / 7.839         4.627 / 7.839       ms
[2023-11-19T17:08:45.500+0800][gc,stats    ]       Phase: Pause Mark End                                0.000 / 0.000         0.000 / 0.000         0.016 / 0.018         0.016 / 0.018       ms
[2023-11-19T17:08:45.500+0800][gc,stats    ]       Phase: Pause Mark Start                              0.000 / 0.000         0.000 / 0.000         0.013 / 0.019         0.013 / 0.019       ms
[2023-11-19T17:08:45.500+0800][gc,stats    ]       Phase: Pause Relocate Start                          0.000 / 0.000         0.000 / 0.000         0.008 / 0.009         0.008 / 0.009       ms
[2023-11-19T17:08:45.500+0800][gc,stats    ]    Subphase: Concurrent Classes Purge                      0.000 / 0.000         0.000 / 0.000         0.047 / 0.049         0.047 / 0.049       ms
[2023-11-19T17:08:45.500+0800][gc,stats    ]    Subphase: Concurrent Classes Unlink                     0.000 / 0.000         0.000 / 0.000         1.263 / 1.295         1.263 / 1.295       ms
[2023-11-19T17:08:45.500+0800][gc,stats    ]    Subphase: Concurrent Mark                               0.000 / 0.000         0.000 / 0.000        11.825 / 13.159       11.825 / 13.159      ms
[2023-11-19T17:08:45.500+0800][gc,stats    ]    Subphase: Concurrent Mark Try Flush                     0.000 / 0.000         0.000 / 0.000         0.057 / 0.108         0.057 / 0.108       ms
[2023-11-19T17:08:45.500+0800][gc,stats    ]    Subphase: Concurrent Mark Try Terminate                 0.000 / 0.000         0.000 / 0.000         1.420 / 4.236         1.420 / 4.236       ms
[2023-11-19T17:08:45.500+0800][gc,stats    ]    Subphase: Concurrent References Enqueue                 0.000 / 0.000         0.000 / 0.000         0.004 / 0.004         0.004 / 0.004       ms
[2023-11-19T17:08:45.500+0800][gc,stats    ]    Subphase: Concurrent References Process                 0.000 / 0.000         0.000 / 0.000         0.090 / 0.101         0.090 / 0.101       ms
[2023-11-19T17:08:45.500+0800][gc,stats    ]    Subphase: Concurrent Roots ClassLoaderDataGraph         0.000 / 0.000         0.000 / 0.000         0.103 / 0.506         0.103 / 0.506       ms
[2023-11-19T17:08:45.500+0800][gc,stats    ]    Subphase: Concurrent Roots CodeCache                    0.000 / 0.000         0.000 / 0.000         0.000 / 0.000         0.000 / 0.000       ms
[2023-11-19T17:08:45.500+0800][gc,stats    ]    Subphase: Concurrent Roots JavaThreads                  0.000 / 0.000         0.000 / 0.000         1.129 / 2.106         1.129 / 2.106       ms
[2023-11-19T17:08:45.500+0800][gc,stats    ]    Subphase: Concurrent Roots OopStorageSet                0.000 / 0.000         0.000 / 0.000         0.036 / 0.058         0.036 / 0.058       ms
[2023-11-19T17:08:45.500+0800][gc,stats    ]    Subphase: Concurrent Weak Roots OopStorageSet           0.000 / 0.000         0.000 / 0.000         0.328 / 0.486         0.328 / 0.486       ms
[2023-11-19T17:08:45.500+0800][gc,stats    ]    Subphase: Pause Mark Try Complete                       0.000 / 0.000         0.000 / 0.000         0.000 / 0.000         0.000 / 0.000       ms
[2023-11-19T17:08:45.500+0800][gc,stats    ]      System: Java Threads                                      0 / 0                 0 / 0                39 / 54               39 / 54          threads
[2023-11-19T17:08:45.500+0800][gc,stats    ] =========================================================================================================================================================
[2023-11-19T17:08:55.501+0800][gc,stats    ] === Garbage Collection Statistics =======================================================================================================================
[2023-11-19T17:08:55.501+0800][gc,stats    ]                                                              Last 10s              Last 10m              Last 10h                Total
[2023-11-19T17:08:55.501+0800][gc,stats    ]                                                              Avg / Max             Avg / Max             Avg / Max             Avg / Max
[2023-11-19T17:08:55.501+0800][gc,stats    ]   Collector: Garbage Collection Cycle                      0.000 / 0.000         0.000 / 0.000        23.723 / 25.775       23.723 / 25.775      ms
[2023-11-19T17:08:55.501+0800][gc,stats    ]  Contention: Mark Segment Reset Contention                     0 / 0                 0 / 0                 0 / 3                 0 / 3           ops/s
[2023-11-19T17:08:55.501+0800][gc,stats    ]  Contention: Mark SeqNum Reset Contention                      0 / 0                 0 / 0                 0 / 0                 0 / 0           ops/s
[2023-11-19T17:08:55.501+0800][gc,stats    ]    Critical: Allocation Stall                                  0 / 0                 0 / 0                 0 / 0                 0 / 0           ops/s
[2023-11-19T17:08:55.501+0800][gc,stats    ]    Critical: Allocation Stall                              0.000 / 0.000         0.000 / 0.000         0.000 / 0.000         0.000 / 0.000       ms
[2023-11-19T17:08:55.501+0800][gc,stats    ]    Critical: GC Locker Stall                                   0 / 0                 0 / 0                 0 / 0                 0 / 0           ops/s
[2023-11-19T17:08:55.501+0800][gc,stats    ]    Critical: GC Locker Stall                               0.000 / 0.000         0.000 / 0.000         0.000 / 0.000         0.000 / 0.000       ms
[2023-11-19T17:08:55.501+0800][gc,stats    ]    Critical: Relocation Stall                                  0 / 0                 0 / 0                 0 / 0                 0 / 0           ops/s
[2023-11-19T17:08:55.501+0800][gc,stats    ]    Critical: Relocation Stall                              0.000 / 0.000         0.000 / 0.000         0.000 / 0.000         0.000 / 0.000       ms
[2023-11-19T17:08:55.501+0800][gc,stats    ]      Memory: Allocation Rate                                   0 / 2                 0 / 4                 0 / 104               0 / 104         MB/s
[2023-11-19T17:08:55.501+0800][gc,stats    ]      Memory: Defragment                                        0 / 0                 0 / 0                 0 / 0                 0 / 0           ops/s
[2023-11-19T17:08:55.501+0800][gc,stats    ]      Memory: Out Of Memory                                     0 / 0                 0 / 0                 0 / 0                 0 / 0           ops/s
[2023-11-19T17:08:55.501+0800][gc,stats    ]      Memory: Page Cache Flush                                  0 / 0                 0 / 0                 0 / 0                 0 / 0           MB/s
[2023-11-19T17:08:55.501+0800][gc,stats    ]      Memory: Page Cache Hit L1                                 0 / 0                 0 / 1                 0 / 29                0 / 29          ops/s
[2023-11-19T17:08:55.501+0800][gc,stats    ]      Memory: Page Cache Hit L2                                 0 / 0                 0 / 0                 0 / 0                 0 / 0           ops/s
[2023-11-19T17:08:55.501+0800][gc,stats    ]      Memory: Page Cache Hit L3                                 0 / 1                 0 / 2                 0 / 48                0 / 48          ops/s
[2023-11-19T17:08:55.501+0800][gc,stats    ]      Memory: Page Cache Miss                                   0 / 0                 0 / 0                 0 / 1                 0 / 1           ops/s
[2023-11-19T17:08:55.501+0800][gc,stats    ]      Memory: Uncommit                                          0 / 0                 0 / 0                 0 / 0                 0 / 0           MB/s
[2023-11-19T17:08:55.501+0800][gc,stats    ]      Memory: Undo Object Allocation Failed                     0 / 0                 0 / 0                 0 / 0                 0 / 0           ops/s
[2023-11-19T17:08:55.501+0800][gc,stats    ]      Memory: Undo Object Allocation Succeeded                  0 / 0                 0 / 0                 0 / 0                 0 / 0           ops/s
[2023-11-19T17:08:55.501+0800][gc,stats    ]      Memory: Undo Page Allocation                              0 / 0                 0 / 0                 0 / 0                 0 / 0           ops/s
[2023-11-19T17:08:55.501+0800][gc,stats    ]       Phase: Concurrent Mark                               0.000 / 0.000         0.000 / 0.000        13.801 / 15.394       13.801 / 15.394      ms
[2023-11-19T17:08:55.501+0800][gc,stats    ]       Phase: Concurrent Mark Continue                      0.000 / 0.000         0.000 / 0.000         0.000 / 0.000         0.000 / 0.000       ms
[2023-11-19T17:08:55.501+0800][gc,stats    ]       Phase: Concurrent Mark Free                          0.000 / 0.000         0.000 / 0.000         0.001 / 0.001         0.001 / 0.001       ms
[2023-11-19T17:08:55.501+0800][gc,stats    ]       Phase: Concurrent Process Non-Strong References      0.000 / 0.000         0.000 / 0.000         1.810 / 1.931         1.810 / 1.931       ms
[2023-11-19T17:08:55.501+0800][gc,stats    ]       Phase: Concurrent Relocate                           0.000 / 0.000         0.000 / 0.000         2.671 / 3.187         2.671 / 3.187       ms
[2023-11-19T17:08:55.501+0800][gc,stats    ]       Phase: Concurrent Reset Relocation Set               0.000 / 0.000         0.000 / 0.000         0.001 / 0.003         0.001 / 0.003       ms
[2023-11-19T17:08:55.501+0800][gc,stats    ]       Phase: Concurrent Select Relocation Set              0.000 / 0.000         0.000 / 0.000         4.627 / 7.839         4.627 / 7.839       ms
[2023-11-19T17:08:55.501+0800][gc,stats    ]       Phase: Pause Mark End                                0.000 / 0.000         0.000 / 0.000         0.016 / 0.018         0.016 / 0.018       ms
[2023-11-19T17:08:55.501+0800][gc,stats    ]       Phase: Pause Mark Start                              0.000 / 0.000         0.000 / 0.000         0.013 / 0.019         0.013 / 0.019       ms
[2023-11-19T17:08:55.501+0800][gc,stats    ]       Phase: Pause Relocate Start                          0.000 / 0.000         0.000 / 0.000         0.008 / 0.009         0.008 / 0.009       ms
[2023-11-19T17:08:55.501+0800][gc,stats    ]    Subphase: Concurrent Classes Purge                      0.000 / 0.000         0.000 / 0.000         0.047 / 0.049         0.047 / 0.049       ms
[2023-11-19T17:08:55.501+0800][gc,stats    ]    Subphase: Concurrent Classes Unlink                     0.000 / 0.000         0.000 / 0.000         1.263 / 1.295         1.263 / 1.295       ms
[2023-11-19T17:08:55.501+0800][gc,stats    ]    Subphase: Concurrent Mark                               0.000 / 0.000         0.000 / 0.000        11.825 / 13.159       11.825 / 13.159      ms
[2023-11-19T17:08:55.501+0800][gc,stats    ]    Subphase: Concurrent Mark Try Flush                     0.000 / 0.000         0.000 / 0.000         0.057 / 0.108         0.057 / 0.108       ms
[2023-11-19T17:08:55.501+0800][gc,stats    ]    Subphase: Concurrent Mark Try Terminate                 0.000 / 0.000         0.000 / 0.000         1.420 / 4.236         1.420 / 4.236       ms
[2023-11-19T17:08:55.501+0800][gc,stats    ]    Subphase: Concurrent References Enqueue                 0.000 / 0.000         0.000 / 0.000         0.004 / 0.004         0.004 / 0.004       ms
[2023-11-19T17:08:55.501+0800][gc,stats    ]    Subphase: Concurrent References Process                 0.000 / 0.000         0.000 / 0.000         0.090 / 0.101         0.090 / 0.101       ms
[2023-11-19T17:08:55.501+0800][gc,stats    ]    Subphase: Concurrent Roots ClassLoaderDataGraph         0.000 / 0.000         0.000 / 0.000         0.103 / 0.506         0.103 / 0.506       ms
[2023-11-19T17:08:55.501+0800][gc,stats    ]    Subphase: Concurrent Roots CodeCache                    0.000 / 0.000         0.000 / 0.000         0.000 / 0.000         0.000 / 0.000       ms
[2023-11-19T17:08:55.501+0800][gc,stats    ]    Subphase: Concurrent Roots JavaThreads                  0.000 / 0.000         0.000 / 0.000         1.129 / 2.106         1.129 / 2.106       ms
[2023-11-19T17:08:55.501+0800][gc,stats    ]    Subphase: Concurrent Roots OopStorageSet                0.000 / 0.000         0.000 / 0.000         0.036 / 0.058         0.036 / 0.058       ms
[2023-11-19T17:08:55.501+0800][gc,stats    ]    Subphase: Concurrent Weak Roots OopStorageSet           0.000 / 0.000         0.000 / 0.000         0.328 / 0.486         0.328 / 0.486       ms
[2023-11-19T17:08:55.501+0800][gc,stats    ]    Subphase: Pause Mark Try Complete                       0.000 / 0.000         0.000 / 0.000         0.000 / 0.000         0.000 / 0.000       ms
[2023-11-19T17:08:55.501+0800][gc,stats    ]      System: Java Threads                                      0 / 0                 0 / 0                39 / 54               39 / 54          threads
[2023-11-19T17:08:55.501+0800][gc,stats    ] =========================================================================================================================================================
[2023-11-19T17:09:05.501+0800][gc,stats    ] === Garbage Collection Statistics =======================================================================================================================
[2023-11-19T17:09:05.501+0800][gc,stats    ]                                                              Last 10s              Last 10m              Last 10h                Total
[2023-11-19T17:09:05.501+0800][gc,stats    ]                                                              Avg / Max             Avg / Max             Avg / Max             Avg / Max
[2023-11-19T17:09:05.501+0800][gc,stats    ]   Collector: Garbage Collection Cycle                      0.000 / 0.000         0.000 / 0.000        23.723 / 25.775       23.723 / 25.775      ms
[2023-11-19T17:09:05.501+0800][gc,stats    ]  Contention: Mark Segment Reset Contention                     0 / 0                 0 / 0                 0 / 3                 0 / 3           ops/s
[2023-11-19T17:09:05.501+0800][gc,stats    ]  Contention: Mark SeqNum Reset Contention                      0 / 0                 0 / 0                 0 / 0                 0 / 0           ops/s
[2023-11-19T17:09:05.501+0800][gc,stats    ]    Critical: Allocation Stall                                  0 / 0                 0 / 0                 0 / 0                 0 / 0           ops/s
[2023-11-19T17:09:05.501+0800][gc,stats    ]    Critical: Allocation Stall                              0.000 / 0.000         0.000 / 0.000         0.000 / 0.000         0.000 / 0.000       ms
[2023-11-19T17:09:05.501+0800][gc,stats    ]    Critical: GC Locker Stall                                   0 / 0                 0 / 0                 0 / 0                 0 / 0           ops/s
[2023-11-19T17:09:05.501+0800][gc,stats    ]    Critical: GC Locker Stall                               0.000 / 0.000         0.000 / 0.000         0.000 / 0.000         0.000 / 0.000       ms
[2023-11-19T17:09:05.501+0800][gc,stats    ]    Critical: Relocation Stall                                  0 / 0                 0 / 0                 0 / 0                 0 / 0           ops/s
[2023-11-19T17:09:05.501+0800][gc,stats    ]    Critical: Relocation Stall                              0.000 / 0.000         0.000 / 0.000         0.000 / 0.000         0.000 / 0.000       ms
[2023-11-19T17:09:05.501+0800][gc,stats    ]      Memory: Allocation Rate                                   0 / 2                 0 / 4                 0 / 104               0 / 104         MB/s
[2023-11-19T17:09:05.501+0800][gc,stats    ]      Memory: Defragment                                        0 / 0                 0 / 0                 0 / 0                 0 / 0           ops/s
[2023-11-19T17:09:05.501+0800][gc,stats    ]      Memory: Out Of Memory                                     0 / 0                 0 / 0                 0 / 0                 0 / 0           ops/s
[2023-11-19T17:09:05.501+0800][gc,stats    ]      Memory: Page Cache Flush                                  0 / 0                 0 / 0                 0 / 0                 0 / 0           MB/s
[2023-11-19T17:09:05.501+0800][gc,stats    ]      Memory: Page Cache Hit L1                                 0 / 0                 0 / 1                 0 / 29                0 / 29          ops/s
[2023-11-19T17:09:05.501+0800][gc,stats    ]      Memory: Page Cache Hit L2                                 0 / 0                 0 / 0                 0 / 0                 0 / 0           ops/s
[2023-11-19T17:09:05.501+0800][gc,stats    ]      Memory: Page Cache Hit L3                                 0 / 1                 0 / 2                 0 / 48                0 / 48          ops/s
[2023-11-19T17:09:05.501+0800][gc,stats    ]      Memory: Page Cache Miss                                   0 / 0                 0 / 0                 0 / 1                 0 / 1           ops/s
[2023-11-19T17:09:05.501+0800][gc,stats    ]      Memory: Uncommit                                          0 / 0                 0 / 0                 0 / 0                 0 / 0           MB/s
[2023-11-19T17:09:05.501+0800][gc,stats    ]      Memory: Undo Object Allocation Failed                     0 / 0                 0 / 0                 0 / 0                 0 / 0           ops/s
[2023-11-19T17:09:05.501+0800][gc,stats    ]      Memory: Undo Object Allocation Succeeded                  0 / 0                 0 / 0                 0 / 0                 0 / 0           ops/s
[2023-11-19T17:09:05.501+0800][gc,stats    ]      Memory: Undo Page Allocation                              0 / 0                 0 / 0                 0 / 0                 0 / 0           ops/s
[2023-11-19T17:09:05.501+0800][gc,stats    ]       Phase: Concurrent Mark                               0.000 / 0.000         0.000 / 0.000        13.801 / 15.394       13.801 / 15.394      ms
[2023-11-19T17:09:05.501+0800][gc,stats    ]       Phase: Concurrent Mark Continue                      0.000 / 0.000         0.000 / 0.000         0.000 / 0.000         0.000 / 0.000       ms
[2023-11-19T17:09:05.501+0800][gc,stats    ]       Phase: Concurrent Mark Free                          0.000 / 0.000         0.000 / 0.000         0.001 / 0.001         0.001 / 0.001       ms
[2023-11-19T17:09:05.501+0800][gc,stats    ]       Phase: Concurrent Process Non-Strong References      0.000 / 0.000         0.000 / 0.000         1.810 / 1.931         1.810 / 1.931       ms
[2023-11-19T17:09:05.501+0800][gc,stats    ]       Phase: Concurrent Relocate                           0.000 / 0.000         0.000 / 0.000         2.671 / 3.187         2.671 / 3.187       ms
[2023-11-19T17:09:05.501+0800][gc,stats    ]       Phase: Concurrent Reset Relocation Set               0.000 / 0.000         0.000 / 0.000         0.001 / 0.003         0.001 / 0.003       ms
[2023-11-19T17:09:05.501+0800][gc,stats    ]       Phase: Concurrent Select Relocation Set              0.000 / 0.000         0.000 / 0.000         4.627 / 7.839         4.627 / 7.839       ms
[2023-11-19T17:09:05.501+0800][gc,stats    ]       Phase: Pause Mark End                                0.000 / 0.000         0.000 / 0.000         0.016 / 0.018         0.016 / 0.018       ms
[2023-11-19T17:09:05.501+0800][gc,stats    ]       Phase: Pause Mark Start                              0.000 / 0.000         0.000 / 0.000         0.013 / 0.019         0.013 / 0.019       ms
[2023-11-19T17:09:05.501+0800][gc,stats    ]       Phase: Pause Relocate Start                          0.000 / 0.000         0.000 / 0.000         0.008 / 0.009         0.008 / 0.009       ms
[2023-11-19T17:09:05.501+0800][gc,stats    ]    Subphase: Concurrent Classes Purge                      0.000 / 0.000         0.000 / 0.000         0.047 / 0.049         0.047 / 0.049       ms
[2023-11-19T17:09:05.501+0800][gc,stats    ]    Subphase: Concurrent Classes Unlink                     0.000 / 0.000         0.000 / 0.000         1.263 / 1.295         1.263 / 1.295       ms
[2023-11-19T17:09:05.501+0800][gc,stats    ]    Subphase: Concurrent Mark                               0.000 / 0.000         0.000 / 0.000        11.825 / 13.159       11.825 / 13.159      ms
[2023-11-19T17:09:05.501+0800][gc,stats    ]    Subphase: Concurrent Mark Try Flush                     0.000 / 0.000         0.000 / 0.000         0.057 / 0.108         0.057 / 0.108       ms
[2023-11-19T17:09:05.501+0800][gc,stats    ]    Subphase: Concurrent Mark Try Terminate                 0.000 / 0.000         0.000 / 0.000         1.420 / 4.236         1.420 / 4.236       ms
[2023-11-19T17:09:05.502+0800][gc,stats    ]    Subphase: Concurrent References Enqueue                 0.000 / 0.000         0.000 / 0.000         0.004 / 0.004         0.004 / 0.004       ms
[2023-11-19T17:09:05.502+0800][gc,stats    ]    Subphase: Concurrent References Process                 0.000 / 0.000         0.000 / 0.000         0.090 / 0.101         0.090 / 0.101       ms
[2023-11-19T17:09:05.502+0800][gc,stats    ]    Subphase: Concurrent Roots ClassLoaderDataGraph         0.000 / 0.000         0.000 / 0.000         0.103 / 0.506         0.103 / 0.506       ms
[2023-11-19T17:09:05.502+0800][gc,stats    ]    Subphase: Concurrent Roots CodeCache                    0.000 / 0.000         0.000 / 0.000         0.000 / 0.000         0.000 / 0.000       ms
[2023-11-19T17:09:05.502+0800][gc,stats    ]    Subphase: Concurrent Roots JavaThreads                  0.000 / 0.000         0.000 / 0.000         1.129 / 2.106         1.129 / 2.106       ms
[2023-11-19T17:09:05.502+0800][gc,stats    ]    Subphase: Concurrent Roots OopStorageSet                0.000 / 0.000         0.000 / 0.000         0.036 / 0.058         0.036 / 0.058       ms
[2023-11-19T17:09:05.502+0800][gc,stats    ]    Subphase: Concurrent Weak Roots OopStorageSet           0.000 / 0.000         0.000 / 0.000         0.328 / 0.486         0.328 / 0.486       ms
[2023-11-19T17:09:05.502+0800][gc,stats    ]    Subphase: Pause Mark Try Complete                       0.000 / 0.000         0.000 / 0.000         0.000 / 0.000         0.000 / 0.000       ms
[2023-11-19T17:09:05.502+0800][gc,stats    ]      System: Java Threads                                      0 / 0                 0 / 0                39 / 54               39 / 54          threads
[2023-11-19T17:09:05.502+0800][gc,stats    ] =========================================================================================================================================================
[2023-11-19T17:09:15.500+0800][gc,stats    ] === Garbage Collection Statistics =======================================================================================================================
[2023-11-19T17:09:15.500+0800][gc,stats    ]                                                              Last 10s              Last 10m              Last 10h                Total
[2023-11-19T17:09:15.500+0800][gc,stats    ]                                                              Avg / Max             Avg / Max             Avg / Max             Avg / Max
[2023-11-19T17:09:15.500+0800][gc,stats    ]   Collector: Garbage Collection Cycle                      0.000 / 0.000         0.000 / 0.000        23.723 / 25.775       23.723 / 25.775      ms
[2023-11-19T17:09:15.500+0800][gc,stats    ]  Contention: Mark Segment Reset Contention                     0 / 0                 0 / 0                 0 / 3                 0 / 3           ops/s
[2023-11-19T17:09:15.500+0800][gc,stats    ]  Contention: Mark SeqNum Reset Contention                      0 / 0                 0 / 0                 0 / 0                 0 / 0           ops/s
[2023-11-19T17:09:15.500+0800][gc,stats    ]    Critical: Allocation Stall                                  0 / 0                 0 / 0                 0 / 0                 0 / 0           ops/s
[2023-11-19T17:09:15.500+0800][gc,stats    ]    Critical: Allocation Stall                              0.000 / 0.000         0.000 / 0.000         0.000 / 0.000         0.000 / 0.000       ms
[2023-11-19T17:09:15.500+0800][gc,stats    ]    Critical: GC Locker Stall                                   0 / 0                 0 / 0                 0 / 0                 0 / 0           ops/s
[2023-11-19T17:09:15.500+0800][gc,stats    ]    Critical: GC Locker Stall                               0.000 / 0.000         0.000 / 0.000         0.000 / 0.000         0.000 / 0.000       ms
[2023-11-19T17:09:15.500+0800][gc,stats    ]    Critical: Relocation Stall                                  0 / 0                 0 / 0                 0 / 0                 0 / 0           ops/s
[2023-11-19T17:09:15.500+0800][gc,stats    ]    Critical: Relocation Stall                              0.000 / 0.000         0.000 / 0.000         0.000 / 0.000         0.000 / 0.000       ms
[2023-11-19T17:09:15.500+0800][gc,stats    ]      Memory: Allocation Rate                                   0 / 0                 0 / 4                 0 / 104               0 / 104         MB/s
[2023-11-19T17:09:15.500+0800][gc,stats    ]      Memory: Defragment                                        0 / 0                 0 / 0                 0 / 0                 0 / 0           ops/s
[2023-11-19T17:09:15.500+0800][gc,stats    ]      Memory: Out Of Memory                                     0 / 0                 0 / 0                 0 / 0                 0 / 0           ops/s
[2023-11-19T17:09:15.500+0800][gc,stats    ]      Memory: Page Cache Flush                                  0 / 0                 0 / 0                 0 / 0                 0 / 0           MB/s
[2023-11-19T17:09:15.500+0800][gc,stats    ]      Memory: Page Cache Hit L1                                 0 / 0                 0 / 1                 0 / 29                0 / 29          ops/s
[2023-11-19T17:09:15.500+0800][gc,stats    ]      Memory: Page Cache Hit L2                                 0 / 0                 0 / 0                 0 / 0                 0 / 0           ops/s
[2023-11-19T17:09:15.500+0800][gc,stats    ]      Memory: Page Cache Hit L3                                 0 / 0                 0 / 2                 0 / 48                0 / 48          ops/s
[2023-11-19T17:09:15.500+0800][gc,stats    ]      Memory: Page Cache Miss                                   0 / 0                 0 / 0                 0 / 1                 0 / 1           ops/s
[2023-11-19T17:09:15.500+0800][gc,stats    ]      Memory: Uncommit                                          0 / 0                 0 / 0                 0 / 0                 0 / 0           MB/s
[2023-11-19T17:09:15.500+0800][gc,stats    ]      Memory: Undo Object Allocation Failed                     0 / 0                 0 / 0                 0 / 0                 0 / 0           ops/s
[2023-11-19T17:09:15.500+0800][gc,stats    ]      Memory: Undo Object Allocation Succeeded                  0 / 0                 0 / 0                 0 / 0                 0 / 0           ops/s
[2023-11-19T17:09:15.500+0800][gc,stats    ]      Memory: Undo Page Allocation                              0 / 0                 0 / 0                 0 / 0                 0 / 0           ops/s
[2023-11-19T17:09:15.500+0800][gc,stats    ]       Phase: Concurrent Mark                               0.000 / 0.000         0.000 / 0.000        13.801 / 15.394       13.801 / 15.394      ms
[2023-11-19T17:09:15.500+0800][gc,stats    ]       Phase: Concurrent Mark Continue                      0.000 / 0.000         0.000 / 0.000         0.000 / 0.000         0.000 / 0.000       ms
[2023-11-19T17:09:15.500+0800][gc,stats    ]       Phase: Concurrent Mark Free                          0.000 / 0.000         0.000 / 0.000         0.001 / 0.001         0.001 / 0.001       ms
[2023-11-19T17:09:15.500+0800][gc,stats    ]       Phase: Concurrent Process Non-Strong References      0.000 / 0.000         0.000 / 0.000         1.810 / 1.931         1.810 / 1.931       ms
[2023-11-19T17:09:15.500+0800][gc,stats    ]       Phase: Concurrent Relocate                           0.000 / 0.000         0.000 / 0.000         2.671 / 3.187         2.671 / 3.187       ms
[2023-11-19T17:09:15.500+0800][gc,stats    ]       Phase: Concurrent Reset Relocation Set               0.000 / 0.000         0.000 / 0.000         0.001 / 0.003         0.001 / 0.003       ms
[2023-11-19T17:09:15.500+0800][gc,stats    ]       Phase: Concurrent Select Relocation Set              0.000 / 0.000         0.000 / 0.000         4.627 / 7.839         4.627 / 7.839       ms
[2023-11-19T17:09:15.500+0800][gc,stats    ]       Phase: Pause Mark End                                0.000 / 0.000         0.000 / 0.000         0.016 / 0.018         0.016 / 0.018       ms
[2023-11-19T17:09:15.500+0800][gc,stats    ]       Phase: Pause Mark Start                              0.000 / 0.000         0.000 / 0.000         0.013 / 0.019         0.013 / 0.019       ms
[2023-11-19T17:09:15.500+0800][gc,stats    ]       Phase: Pause Relocate Start                          0.000 / 0.000         0.000 / 0.000         0.008 / 0.009         0.008 / 0.009       ms
[2023-11-19T17:09:15.500+0800][gc,stats    ]    Subphase: Concurrent Classes Purge                      0.000 / 0.000         0.000 / 0.000         0.047 / 0.049         0.047 / 0.049       ms
[2023-11-19T17:09:15.500+0800][gc,stats    ]    Subphase: Concurrent Classes Unlink                     0.000 / 0.000         0.000 / 0.000         1.263 / 1.295         1.263 / 1.295       ms
[2023-11-19T17:09:15.500+0800][gc,stats    ]    Subphase: Concurrent Mark                               0.000 / 0.000         0.000 / 0.000        11.825 / 13.159       11.825 / 13.159      ms
[2023-11-19T17:09:15.500+0800][gc,stats    ]    Subphase: Concurrent Mark Try Flush                     0.000 / 0.000         0.000 / 0.000         0.057 / 0.108         0.057 / 0.108       ms
[2023-11-19T17:09:15.500+0800][gc,stats    ]    Subphase: Concurrent Mark Try Terminate                 0.000 / 0.000         0.000 / 0.000         1.420 / 4.236         1.420 / 4.236       ms
[2023-11-19T17:09:15.500+0800][gc,stats    ]    Subphase: Concurrent References Enqueue                 0.000 / 0.000         0.000 / 0.000         0.004 / 0.004         0.004 / 0.004       ms
[2023-11-19T17:09:15.500+0800][gc,stats    ]    Subphase: Concurrent References Process                 0.000 / 0.000         0.000 / 0.000         0.090 / 0.101         0.090 / 0.101       ms
[2023-11-19T17:09:15.500+0800][gc,stats    ]    Subphase: Concurrent Roots ClassLoaderDataGraph         0.000 / 0.000         0.000 / 0.000         0.103 / 0.506         0.103 / 0.506       ms
[2023-11-19T17:09:15.500+0800][gc,stats    ]    Subphase: Concurrent Roots CodeCache                    0.000 / 0.000         0.000 / 0.000         0.000 / 0.000         0.000 / 0.000       ms
[2023-11-19T17:09:15.500+0800][gc,stats    ]    Subphase: Concurrent Roots JavaThreads                  0.000 / 0.000         0.000 / 0.000         1.129 / 2.106         1.129 / 2.106       ms
[2023-11-19T17:09:15.500+0800][gc,stats    ]    Subphase: Concurrent Roots OopStorageSet                0.000 / 0.000         0.000 / 0.000         0.036 / 0.058         0.036 / 0.058       ms
[2023-11-19T17:09:15.500+0800][gc,stats    ]    Subphase: Concurrent Weak Roots OopStorageSet           0.000 / 0.000         0.000 / 0.000         0.328 / 0.486         0.328 / 0.486       ms
[2023-11-19T17:09:15.500+0800][gc,stats    ]    Subphase: Pause Mark Try Complete                       0.000 / 0.000         0.000 / 0.000         0.000 / 0.000         0.000 / 0.000       ms
[2023-11-19T17:09:15.500+0800][gc,stats    ]      System: Java Threads                                      0 / 0                 0 / 0                39 / 54               39 / 54          threads
[2023-11-19T17:09:15.500+0800][gc,stats    ] =========================================================================================================================================================
[2023-11-19T17:09:25.501+0800][gc,stats    ] === Garbage Collection Statistics =======================================================================================================================
[2023-11-19T17:09:25.501+0800][gc,stats    ]                                                              Last 10s              Last 10m              Last 10h                Total
[2023-11-19T17:09:25.501+0800][gc,stats    ]                                                              Avg / Max             Avg / Max             Avg / Max             Avg / Max
[2023-11-19T17:09:25.501+0800][gc,stats    ]   Collector: Garbage Collection Cycle                      0.000 / 0.000         0.000 / 0.000        23.723 / 25.775       23.723 / 25.775      ms
[2023-11-19T17:09:25.501+0800][gc,stats    ]  Contention: Mark Segment Reset Contention                     0 / 0                 0 / 0                 0 / 3                 0 / 3           ops/s
[2023-11-19T17:09:25.501+0800][gc,stats    ]  Contention: Mark SeqNum Reset Contention                      0 / 0                 0 / 0                 0 / 0                 0 / 0           ops/s
[2023-11-19T17:09:25.501+0800][gc,stats    ]    Critical: Allocation Stall                                  0 / 0                 0 / 0                 0 / 0                 0 / 0           ops/s
[2023-11-19T17:09:25.501+0800][gc,stats    ]    Critical: Allocation Stall                              0.000 / 0.000         0.000 / 0.000         0.000 / 0.000         0.000 / 0.000       ms
[2023-11-19T17:09:25.501+0800][gc,stats    ]    Critical: GC Locker Stall                                   0 / 0                 0 / 0                 0 / 0                 0 / 0           ops/s
[2023-11-19T17:09:25.501+0800][gc,stats    ]    Critical: GC Locker Stall                               0.000 / 0.000         0.000 / 0.000         0.000 / 0.000         0.000 / 0.000       ms
[2023-11-19T17:09:25.501+0800][gc,stats    ]    Critical: Relocation Stall                                  0 / 0                 0 / 0                 0 / 0                 0 / 0           ops/s
[2023-11-19T17:09:25.501+0800][gc,stats    ]    Critical: Relocation Stall                              0.000 / 0.000         0.000 / 0.000         0.000 / 0.000         0.000 / 0.000       ms
[2023-11-19T17:09:25.501+0800][gc,stats    ]      Memory: Allocation Rate                                   0 / 2                 0 / 4                 0 / 104               0 / 104         MB/s
[2023-11-19T17:09:25.501+0800][gc,stats    ]      Memory: Defragment                                        0 / 0                 0 / 0                 0 / 0                 0 / 0           ops/s
[2023-11-19T17:09:25.501+0800][gc,stats    ]      Memory: Out Of Memory                                     0 / 0                 0 / 0                 0 / 0                 0 / 0           ops/s
[2023-11-19T17:09:25.501+0800][gc,stats    ]      Memory: Page Cache Flush                                  0 / 0                 0 / 0                 0 / 0                 0 / 0           MB/s
[2023-11-19T17:09:25.501+0800][gc,stats    ]      Memory: Page Cache Hit L1                                 0 / 0                 0 / 1                 0 / 29                0 / 29          ops/s
[2023-11-19T17:09:25.501+0800][gc,stats    ]      Memory: Page Cache Hit L2                                 0 / 0                 0 / 0                 0 / 0                 0 / 0           ops/s
[2023-11-19T17:09:25.501+0800][gc,stats    ]      Memory: Page Cache Hit L3                                 0 / 1                 0 / 2                 0 / 48                0 / 48          ops/s
[2023-11-19T17:09:25.501+0800][gc,stats    ]      Memory: Page Cache Miss                                   0 / 0                 0 / 0                 0 / 1                 0 / 1           ops/s
[2023-11-19T17:09:25.501+0800][gc,stats    ]      Memory: Uncommit                                          0 / 0                 0 / 0                 0 / 0                 0 / 0           MB/s
[2023-11-19T17:09:25.501+0800][gc,stats    ]      Memory: Undo Object Allocation Failed                     0 / 0                 0 / 0                 0 / 0                 0 / 0           ops/s
[2023-11-19T17:09:25.501+0800][gc,stats    ]      Memory: Undo Object Allocation Succeeded                  0 / 0                 0 / 0                 0 / 0                 0 / 0           ops/s
[2023-11-19T17:09:25.501+0800][gc,stats    ]      Memory: Undo Page Allocation                              0 / 0                 0 / 0                 0 / 0                 0 / 0           ops/s
[2023-11-19T17:09:25.501+0800][gc,stats    ]       Phase: Concurrent Mark                               0.000 / 0.000         0.000 / 0.000        13.801 / 15.394       13.801 / 15.394      ms
[2023-11-19T17:09:25.502+0800][gc,stats    ]       Phase: Concurrent Mark Continue                      0.000 / 0.000         0.000 / 0.000         0.000 / 0.000         0.000 / 0.000       ms
[2023-11-19T17:09:25.502+0800][gc,stats    ]       Phase: Concurrent Mark Free                          0.000 / 0.000         0.000 / 0.000         0.001 / 0.001         0.001 / 0.001       ms
[2023-11-19T17:09:25.502+0800][gc,stats    ]       Phase: Concurrent Process Non-Strong References      0.000 / 0.000         0.000 / 0.000         1.810 / 1.931         1.810 / 1.931       ms
[2023-11-19T17:09:25.502+0800][gc,stats    ]       Phase: Concurrent Relocate                           0.000 / 0.000         0.000 / 0.000         2.671 / 3.187         2.671 / 3.187       ms
[2023-11-19T17:09:25.502+0800][gc,stats    ]       Phase: Concurrent Reset Relocation Set               0.000 / 0.000         0.000 / 0.000         0.001 / 0.003         0.001 / 0.003       ms
[2023-11-19T17:09:25.502+0800][gc,stats    ]       Phase: Concurrent Select Relocation Set              0.000 / 0.000         0.000 / 0.000         4.627 / 7.839         4.627 / 7.839       ms
[2023-11-19T17:09:25.502+0800][gc,stats    ]       Phase: Pause Mark End                                0.000 / 0.000         0.000 / 0.000         0.016 / 0.018         0.016 / 0.018       ms
[2023-11-19T17:09:25.502+0800][gc,stats    ]       Phase: Pause Mark Start                              0.000 / 0.000         0.000 / 0.000         0.013 / 0.019         0.013 / 0.019       ms
[2023-11-19T17:09:25.502+0800][gc,stats    ]       Phase: Pause Relocate Start                          0.000 / 0.000         0.000 / 0.000         0.008 / 0.009         0.008 / 0.009       ms
[2023-11-19T17:09:25.502+0800][gc,stats    ]    Subphase: Concurrent Classes Purge                      0.000 / 0.000         0.000 / 0.000         0.047 / 0.049         0.047 / 0.049       ms
[2023-11-19T17:09:25.502+0800][gc,stats    ]    Subphase: Concurrent Classes Unlink                     0.000 / 0.000         0.000 / 0.000         1.263 / 1.295         1.263 / 1.295       ms
[2023-11-19T17:09:25.502+0800][gc,stats    ]    Subphase: Concurrent Mark                               0.000 / 0.000         0.000 / 0.000        11.825 / 13.159       11.825 / 13.159      ms
[2023-11-19T17:09:25.502+0800][gc,stats    ]    Subphase: Concurrent Mark Try Flush                     0.000 / 0.000         0.000 / 0.000         0.057 / 0.108         0.057 / 0.108       ms
[2023-11-19T17:09:25.502+0800][gc,stats    ]    Subphase: Concurrent Mark Try Terminate                 0.000 / 0.000         0.000 / 0.000         1.420 / 4.236         1.420 / 4.236       ms
[2023-11-19T17:09:25.502+0800][gc,stats    ]    Subphase: Concurrent References Enqueue                 0.000 / 0.000         0.000 / 0.000         0.004 / 0.004         0.004 / 0.004       ms
[2023-11-19T17:09:25.502+0800][gc,stats    ]    Subphase: Concurrent References Process                 0.000 / 0.000         0.000 / 0.000         0.090 / 0.101         0.090 / 0.101       ms
[2023-11-19T17:09:25.502+0800][gc,stats    ]    Subphase: Concurrent Roots ClassLoaderDataGraph         0.000 / 0.000         0.000 / 0.000         0.103 / 0.506         0.103 / 0.506       ms
[2023-11-19T17:09:25.502+0800][gc,stats    ]    Subphase: Concurrent Roots CodeCache                    0.000 / 0.000         0.000 / 0.000         0.000 / 0.000         0.000 / 0.000       ms
[2023-11-19T17:09:25.502+0800][gc,stats    ]    Subphase: Concurrent Roots JavaThreads                  0.000 / 0.000         0.000 / 0.000         1.129 / 2.106         1.129 / 2.106       ms
[2023-11-19T17:09:25.502+0800][gc,stats    ]    Subphase: Concurrent Roots OopStorageSet                0.000 / 0.000         0.000 / 0.000         0.036 / 0.058         0.036 / 0.058       ms
[2023-11-19T17:09:25.502+0800][gc,stats    ]    Subphase: Concurrent Weak Roots OopStorageSet           0.000 / 0.000         0.000 / 0.000         0.328 / 0.486         0.328 / 0.486       ms
[2023-11-19T17:09:25.502+0800][gc,stats    ]    Subphase: Pause Mark Try Complete                       0.000 / 0.000         0.000 / 0.000         0.000 / 0.000         0.000 / 0.000       ms
[2023-11-19T17:09:25.502+0800][gc,stats    ]      System: Java Threads                                      0 / 0                 0 / 0                39 / 54               39 / 54          threads
[2023-11-19T17:09:25.502+0800][gc,stats    ] =========================================================================================================================================================
[2023-11-19T17:09:35.501+0800][gc,stats    ] === Garbage Collection Statistics =======================================================================================================================
[2023-11-19T17:09:35.501+0800][gc,stats    ]                                                              Last 10s              Last 10m              Last 10h                Total
[2023-11-19T17:09:35.501+0800][gc,stats    ]                                                              Avg / Max             Avg / Max             Avg / Max             Avg / Max
[2023-11-19T17:09:35.501+0800][gc,stats    ]   Collector: Garbage Collection Cycle                      0.000 / 0.000         0.000 / 0.000        23.723 / 25.775       23.723 / 25.775      ms
[2023-11-19T17:09:35.501+0800][gc,stats    ]  Contention: Mark Segment Reset Contention                     0 / 0                 0 / 0                 0 / 3                 0 / 3           ops/s
[2023-11-19T17:09:35.501+0800][gc,stats    ]  Contention: Mark SeqNum Reset Contention                      0 / 0                 0 / 0                 0 / 0                 0 / 0           ops/s
[2023-11-19T17:09:35.501+0800][gc,stats    ]    Critical: Allocation Stall                                  0 / 0                 0 / 0                 0 / 0                 0 / 0           ops/s
[2023-11-19T17:09:35.501+0800][gc,stats    ]    Critical: Allocation Stall                              0.000 / 0.000         0.000 / 0.000         0.000 / 0.000         0.000 / 0.000       ms
[2023-11-19T17:09:35.501+0800][gc,stats    ]    Critical: GC Locker Stall                                   0 / 0                 0 / 0                 0 / 0                 0 / 0           ops/s
[2023-11-19T17:09:35.501+0800][gc,stats    ]    Critical: GC Locker Stall                               0.000 / 0.000         0.000 / 0.000         0.000 / 0.000         0.000 / 0.000       ms
[2023-11-19T17:09:35.501+0800][gc,stats    ]    Critical: Relocation Stall                                  0 / 0                 0 / 0                 0 / 0                 0 / 0           ops/s
[2023-11-19T17:09:35.501+0800][gc,stats    ]    Critical: Relocation Stall                              0.000 / 0.000         0.000 / 0.000         0.000 / 0.000         0.000 / 0.000       ms
[2023-11-19T17:09:35.501+0800][gc,stats    ]      Memory: Allocation Rate                                   0 / 2                 0 / 4                 0 / 104               0 / 104         MB/s
[2023-11-19T17:09:35.501+0800][gc,stats    ]      Memory: Defragment                                        0 / 0                 0 / 0                 0 / 0                 0 / 0           ops/s
[2023-11-19T17:09:35.501+0800][gc,stats    ]      Memory: Out Of Memory                                     0 / 0                 0 / 0                 0 / 0                 0 / 0           ops/s
[2023-11-19T17:09:35.501+0800][gc,stats    ]      Memory: Page Cache Flush                                  0 / 0                 0 / 0                 0 / 0                 0 / 0           MB/s
[2023-11-19T17:09:35.501+0800][gc,stats    ]      Memory: Page Cache Hit L1                                 0 / 0                 0 / 1                 0 / 29                0 / 29          ops/s
[2023-11-19T17:09:35.501+0800][gc,stats    ]      Memory: Page Cache Hit L2                                 0 / 0                 0 / 0                 0 / 0                 0 / 0           ops/s
[2023-11-19T17:09:35.501+0800][gc,stats    ]      Memory: Page Cache Hit L3                                 0 / 1                 0 / 2                 0 / 48                0 / 48          ops/s
[2023-11-19T17:09:35.501+0800][gc,stats    ]      Memory: Page Cache Miss                                   0 / 0                 0 / 0                 0 / 1                 0 / 1           ops/s
[2023-11-19T17:09:35.501+0800][gc,stats    ]      Memory: Uncommit                                          0 / 0                 0 / 0                 0 / 0                 0 / 0           MB/s
[2023-11-19T17:09:35.501+0800][gc,stats    ]      Memory: Undo Object Allocation Failed                     0 / 0                 0 / 0                 0 / 0                 0 / 0           ops/s
[2023-11-19T17:09:35.501+0800][gc,stats    ]      Memory: Undo Object Allocation Succeeded                  0 / 0                 0 / 0                 0 / 0                 0 / 0           ops/s
[2023-11-19T17:09:35.501+0800][gc,stats    ]      Memory: Undo Page Allocation                              0 / 0                 0 / 0                 0 / 0                 0 / 0           ops/s
[2023-11-19T17:09:35.501+0800][gc,stats    ]       Phase: Concurrent Mark                               0.000 / 0.000         0.000 / 0.000        13.801 / 15.394       13.801 / 15.394      ms
[2023-11-19T17:09:35.501+0800][gc,stats    ]       Phase: Concurrent Mark Continue                      0.000 / 0.000         0.000 / 0.000         0.000 / 0.000         0.000 / 0.000       ms
[2023-11-19T17:09:35.501+0800][gc,stats    ]       Phase: Concurrent Mark Free                          0.000 / 0.000         0.000 / 0.000         0.001 / 0.001         0.001 / 0.001       ms
[2023-11-19T17:09:35.501+0800][gc,stats    ]       Phase: Concurrent Process Non-Strong References      0.000 / 0.000         0.000 / 0.000         1.810 / 1.931         1.810 / 1.931       ms
[2023-11-19T17:09:35.501+0800][gc,stats    ]       Phase: Concurrent Relocate                           0.000 / 0.000         0.000 / 0.000         2.671 / 3.187         2.671 / 3.187       ms
[2023-11-19T17:09:35.501+0800][gc,stats    ]       Phase: Concurrent Reset Relocation Set               0.000 / 0.000         0.000 / 0.000         0.001 / 0.003         0.001 / 0.003       ms
[2023-11-19T17:09:35.501+0800][gc,stats    ]       Phase: Concurrent Select Relocation Set              0.000 / 0.000         0.000 / 0.000         4.627 / 7.839         4.627 / 7.839       ms
[2023-11-19T17:09:35.501+0800][gc,stats    ]       Phase: Pause Mark End                                0.000 / 0.000         0.000 / 0.000         0.016 / 0.018         0.016 / 0.018       ms
[2023-11-19T17:09:35.501+0800][gc,stats    ]       Phase: Pause Mark Start                              0.000 / 0.000         0.000 / 0.000         0.013 / 0.019         0.013 / 0.019       ms
[2023-11-19T17:09:35.501+0800][gc,stats    ]       Phase: Pause Relocate Start                          0.000 / 0.000         0.000 / 0.000         0.008 / 0.009         0.008 / 0.009       ms
[2023-11-19T17:09:35.501+0800][gc,stats    ]    Subphase: Concurrent Classes Purge                      0.000 / 0.000         0.000 / 0.000         0.047 / 0.049         0.047 / 0.049       ms
[2023-11-19T17:09:35.501+0800][gc,stats    ]    Subphase: Concurrent Classes Unlink                     0.000 / 0.000         0.000 / 0.000         1.263 / 1.295         1.263 / 1.295       ms
[2023-11-19T17:09:35.501+0800][gc,stats    ]    Subphase: Concurrent Mark                               0.000 / 0.000         0.000 / 0.000        11.825 / 13.159       11.825 / 13.159      ms
[2023-11-19T17:09:35.501+0800][gc,stats    ]    Subphase: Concurrent Mark Try Flush                     0.000 / 0.000         0.000 / 0.000         0.057 / 0.108         0.057 / 0.108       ms
[2023-11-19T17:09:35.501+0800][gc,stats    ]    Subphase: Concurrent Mark Try Terminate                 0.000 / 0.000         0.000 / 0.000         1.420 / 4.236         1.420 / 4.236       ms
[2023-11-19T17:09:35.501+0800][gc,stats    ]    Subphase: Concurrent References Enqueue                 0.000 / 0.000         0.000 / 0.000         0.004 / 0.004         0.004 / 0.004       ms
[2023-11-19T17:09:35.501+0800][gc,stats    ]    Subphase: Concurrent References Process                 0.000 / 0.000         0.000 / 0.000         0.090 / 0.101         0.090 / 0.101       ms
[2023-11-19T17:09:35.501+0800][gc,stats    ]    Subphase: Concurrent Roots ClassLoaderDataGraph         0.000 / 0.000         0.000 / 0.000         0.103 / 0.506         0.103 / 0.506       ms
[2023-11-19T17:09:35.501+0800][gc,stats    ]    Subphase: Concurrent Roots CodeCache                    0.000 / 0.000         0.000 / 0.000         0.000 / 0.000         0.000 / 0.000       ms
[2023-11-19T17:09:35.501+0800][gc,stats    ]    Subphase: Concurrent Roots JavaThreads                  0.000 / 0.000         0.000 / 0.000         1.129 / 2.106         1.129 / 2.106       ms
[2023-11-19T17:09:35.501+0800][gc,stats    ]    Subphase: Concurrent Roots OopStorageSet                0.000 / 0.000         0.000 / 0.000         0.036 / 0.058         0.036 / 0.058       ms
[2023-11-19T17:09:35.501+0800][gc,stats    ]    Subphase: Concurrent Weak Roots OopStorageSet           0.000 / 0.000         0.000 / 0.000         0.328 / 0.486         0.328 / 0.486       ms
[2023-11-19T17:09:35.501+0800][gc,stats    ]    Subphase: Pause Mark Try Complete                       0.000 / 0.000         0.000 / 0.000         0.000 / 0.000         0.000 / 0.000       ms
[2023-11-19T17:09:35.501+0800][gc,stats    ]      System: Java Threads                                      0 / 0                 0 / 0                39 / 54               39 / 54          threads
[2023-11-19T17:09:35.501+0800][gc,stats    ] =========================================================================================================================================================
[2023-11-19T17:09:45.501+0800][gc,stats    ] === Garbage Collection Statistics =======================================================================================================================
[2023-11-19T17:09:45.501+0800][gc,stats    ]                                                              Last 10s              Last 10m              Last 10h                Total
[2023-11-19T17:09:45.501+0800][gc,stats    ]                                                              Avg / Max             Avg / Max             Avg / Max             Avg / Max
[2023-11-19T17:09:45.501+0800][gc,stats    ]   Collector: Garbage Collection Cycle                      0.000 / 0.000         0.000 / 0.000        23.723 / 25.775       23.723 / 25.775      ms
[2023-11-19T17:09:45.501+0800][gc,stats    ]  Contention: Mark Segment Reset Contention                     0 / 0                 0 / 0                 0 / 3                 0 / 3           ops/s
[2023-11-19T17:09:45.501+0800][gc,stats    ]  Contention: Mark SeqNum Reset Contention                      0 / 0                 0 / 0                 0 / 0                 0 / 0           ops/s
[2023-11-19T17:09:45.501+0800][gc,stats    ]    Critical: Allocation Stall                                  0 / 0                 0 / 0                 0 / 0                 0 / 0           ops/s
[2023-11-19T17:09:45.501+0800][gc,stats    ]    Critical: Allocation Stall                              0.000 / 0.000         0.000 / 0.000         0.000 / 0.000         0.000 / 0.000       ms
[2023-11-19T17:09:45.501+0800][gc,stats    ]    Critical: GC Locker Stall                                   0 / 0                 0 / 0                 0 / 0                 0 / 0           ops/s
[2023-11-19T17:09:45.501+0800][gc,stats    ]    Critical: GC Locker Stall                               0.000 / 0.000         0.000 / 0.000         0.000 / 0.000         0.000 / 0.000       ms
[2023-11-19T17:09:45.501+0800][gc,stats    ]    Critical: Relocation Stall                                  0 / 0                 0 / 0                 0 / 0                 0 / 0           ops/s
[2023-11-19T17:09:45.501+0800][gc,stats    ]    Critical: Relocation Stall                              0.000 / 0.000         0.000 / 0.000         0.000 / 0.000         0.000 / 0.000       ms
[2023-11-19T17:09:45.501+0800][gc,stats    ]      Memory: Allocation Rate                                   0 / 2                 0 / 4                 0 / 104               0 / 104         MB/s
[2023-11-19T17:09:45.501+0800][gc,stats    ]      Memory: Defragment                                        0 / 0                 0 / 0                 0 / 0                 0 / 0           ops/s
[2023-11-19T17:09:45.501+0800][gc,stats    ]      Memory: Out Of Memory                                     0 / 0                 0 / 0                 0 / 0                 0 / 0           ops/s
[2023-11-19T17:09:45.501+0800][gc,stats    ]      Memory: Page Cache Flush                                  0 / 0                 0 / 0                 0 / 0                 0 / 0           MB/s
[2023-11-19T17:09:45.501+0800][gc,stats    ]      Memory: Page Cache Hit L1                                 0 / 0                 0 / 1                 0 / 29                0 / 29          ops/s
[2023-11-19T17:09:45.501+0800][gc,stats    ]      Memory: Page Cache Hit L2                                 0 / 0                 0 / 0                 0 / 0                 0 / 0           ops/s
[2023-11-19T17:09:45.501+0800][gc,stats    ]      Memory: Page Cache Hit L3                                 0 / 1                 0 / 2                 0 / 48                0 / 48          ops/s
[2023-11-19T17:09:45.501+0800][gc,stats    ]      Memory: Page Cache Miss                                   0 / 0                 0 / 0                 0 / 1                 0 / 1           ops/s
[2023-11-19T17:09:45.501+0800][gc,stats    ]      Memory: Uncommit                                          0 / 0                 0 / 0                 0 / 0                 0 / 0           MB/s
[2023-11-19T17:09:45.501+0800][gc,stats    ]      Memory: Undo Object Allocation Failed                     0 / 0                 0 / 0                 0 / 0                 0 / 0           ops/s
[2023-11-19T17:09:45.501+0800][gc,stats    ]      Memory: Undo Object Allocation Succeeded                  0 / 0                 0 / 0                 0 / 0                 0 / 0           ops/s
[2023-11-19T17:09:45.501+0800][gc,stats    ]      Memory: Undo Page Allocation                              0 / 0                 0 / 0                 0 / 0                 0 / 0           ops/s
[2023-11-19T17:09:45.501+0800][gc,stats    ]       Phase: Concurrent Mark                               0.000 / 0.000         0.000 / 0.000        13.801 / 15.394       13.801 / 15.394      ms
[2023-11-19T17:09:45.501+0800][gc,stats    ]       Phase: Concurrent Mark Continue                      0.000 / 0.000         0.000 / 0.000         0.000 / 0.000         0.000 / 0.000       ms
[2023-11-19T17:09:45.501+0800][gc,stats    ]       Phase: Concurrent Mark Free                          0.000 / 0.000         0.000 / 0.000         0.001 / 0.001         0.001 / 0.001       ms
[2023-11-19T17:09:45.501+0800][gc,stats    ]       Phase: Concurrent Process Non-Strong References      0.000 / 0.000         0.000 / 0.000         1.810 / 1.931         1.810 / 1.931       ms
[2023-11-19T17:09:45.501+0800][gc,stats    ]       Phase: Concurrent Relocate                           0.000 / 0.000         0.000 / 0.000         2.671 / 3.187         2.671 / 3.187       ms
[2023-11-19T17:09:45.501+0800][gc,stats    ]       Phase: Concurrent Reset Relocation Set               0.000 / 0.000         0.000 / 0.000         0.001 / 0.003         0.001 / 0.003       ms
[2023-11-19T17:09:45.501+0800][gc,stats    ]       Phase: Concurrent Select Relocation Set              0.000 / 0.000         0.000 / 0.000         4.627 / 7.839         4.627 / 7.839       ms
[2023-11-19T17:09:45.501+0800][gc,stats    ]       Phase: Pause Mark End                                0.000 / 0.000         0.000 / 0.000         0.016 / 0.018         0.016 / 0.018       ms
[2023-11-19T17:09:45.501+0800][gc,stats    ]       Phase: Pause Mark Start                              0.000 / 0.000         0.000 / 0.000         0.013 / 0.019         0.013 / 0.019       ms
[2023-11-19T17:09:45.501+0800][gc,stats    ]       Phase: Pause Relocate Start                          0.000 / 0.000         0.000 / 0.000         0.008 / 0.009         0.008 / 0.009       ms
[2023-11-19T17:09:45.501+0800][gc,stats    ]    Subphase: Concurrent Classes Purge                      0.000 / 0.000         0.000 / 0.000         0.047 / 0.049         0.047 / 0.049       ms
[2023-11-19T17:09:45.501+0800][gc,stats    ]    Subphase: Concurrent Classes Unlink                     0.000 / 0.000         0.000 / 0.000         1.263 / 1.295         1.263 / 1.295       ms
[2023-11-19T17:09:45.501+0800][gc,stats    ]    Subphase: Concurrent Mark                               0.000 / 0.000         0.000 / 0.000        11.825 / 13.159       11.825 / 13.159      ms
[2023-11-19T17:09:45.501+0800][gc,stats    ]    Subphase: Concurrent Mark Try Flush                     0.000 / 0.000         0.000 / 0.000         0.057 / 0.108         0.057 / 0.108       ms
[2023-11-19T17:09:45.501+0800][gc,stats    ]    Subphase: Concurrent Mark Try Terminate                 0.000 / 0.000         0.000 / 0.000         1.420 / 4.236         1.420 / 4.236       ms
[2023-11-19T17:09:45.501+0800][gc,stats    ]    Subphase: Concurrent References Enqueue                 0.000 / 0.000         0.000 / 0.000         0.004 / 0.004         0.004 / 0.004       ms
[2023-11-19T17:09:45.501+0800][gc,stats    ]    Subphase: Concurrent References Process                 0.000 / 0.000         0.000 / 0.000         0.090 / 0.101         0.090 / 0.101       ms
[2023-11-19T17:09:45.501+0800][gc,stats    ]    Subphase: Concurrent Roots ClassLoaderDataGraph         0.000 / 0.000         0.000 / 0.000         0.103 / 0.506         0.103 / 0.506       ms
[2023-11-19T17:09:45.501+0800][gc,stats    ]    Subphase: Concurrent Roots CodeCache                    0.000 / 0.000         0.000 / 0.000         0.000 / 0.000         0.000 / 0.000       ms
[2023-11-19T17:09:45.501+0800][gc,stats    ]    Subphase: Concurrent Roots JavaThreads                  0.000 / 0.000         0.000 / 0.000         1.129 / 2.106         1.129 / 2.106       ms
[2023-11-19T17:09:45.501+0800][gc,stats    ]    Subphase: Concurrent Roots OopStorageSet                0.000 / 0.000         0.000 / 0.000         0.036 / 0.058         0.036 / 0.058       ms
[2023-11-19T17:09:45.501+0800][gc,stats    ]    Subphase: Concurrent Weak Roots OopStorageSet           0.000 / 0.000         0.000 / 0.000         0.328 / 0.486         0.328 / 0.486       ms
[2023-11-19T17:09:45.501+0800][gc,stats    ]    Subphase: Pause Mark Try Complete                       0.000 / 0.000         0.000 / 0.000         0.000 / 0.000         0.000 / 0.000       ms
[2023-11-19T17:09:45.501+0800][gc,stats    ]      System: Java Threads                                      0 / 0                 0 / 0                39 / 54               39 / 54          threads
[2023-11-19T17:09:45.501+0800][gc,stats    ] =========================================================================================================================================================
[2023-11-19T17:09:55.500+0800][gc,stats    ] === Garbage Collection Statistics =======================================================================================================================
[2023-11-19T17:09:55.500+0800][gc,stats    ]                                                              Last 10s              Last 10m              Last 10h                Total
[2023-11-19T17:09:55.500+0800][gc,stats    ]                                                              Avg / Max             Avg / Max             Avg / Max             Avg / Max
[2023-11-19T17:09:55.500+0800][gc,stats    ]   Collector: Garbage Collection Cycle                      0.000 / 0.000         0.000 / 0.000        23.723 / 25.775       23.723 / 25.775      ms
[2023-11-19T17:09:55.500+0800][gc,stats    ]  Contention: Mark Segment Reset Contention                     0 / 0                 0 / 0                 0 / 3                 0 / 3           ops/s
[2023-11-19T17:09:55.500+0800][gc,stats    ]  Contention: Mark SeqNum Reset Contention                      0 / 0                 0 / 0                 0 / 0                 0 / 0           ops/s
[2023-11-19T17:09:55.500+0800][gc,stats    ]    Critical: Allocation Stall                                  0 / 0                 0 / 0                 0 / 0                 0 / 0           ops/s
[2023-11-19T17:09:55.500+0800][gc,stats    ]    Critical: Allocation Stall                              0.000 / 0.000         0.000 / 0.000         0.000 / 0.000         0.000 / 0.000       ms
[2023-11-19T17:09:55.500+0800][gc,stats    ]    Critical: GC Locker Stall                                   0 / 0                 0 / 0                 0 / 0                 0 / 0           ops/s
[2023-11-19T17:09:55.500+0800][gc,stats    ]    Critical: GC Locker Stall                               0.000 / 0.000         0.000 / 0.000         0.000 / 0.000         0.000 / 0.000       ms
[2023-11-19T17:09:55.500+0800][gc,stats    ]    Critical: Relocation Stall                                  0 / 0                 0 / 0                 0 / 0                 0 / 0           ops/s
[2023-11-19T17:09:55.500+0800][gc,stats    ]    Critical: Relocation Stall                              0.000 / 0.000         0.000 / 0.000         0.000 / 0.000         0.000 / 0.000       ms
[2023-11-19T17:09:55.500+0800][gc,stats    ]      Memory: Allocation Rate                                   0 / 2                 0 / 4                 0 / 104               0 / 104         MB/s
[2023-11-19T17:09:55.500+0800][gc,stats    ]      Memory: Defragment                                        0 / 0                 0 / 0                 0 / 0                 0 / 0           ops/s
[2023-11-19T17:09:55.500+0800][gc,stats    ]      Memory: Out Of Memory                                     0 / 0                 0 / 0                 0 / 0                 0 / 0           ops/s
[2023-11-19T17:09:55.500+0800][gc,stats    ]      Memory: Page Cache Flush                                  0 / 0                 0 / 0                 0 / 0                 0 / 0           MB/s
[2023-11-19T17:09:55.500+0800][gc,stats    ]      Memory: Page Cache Hit L1                                 0 / 0                 0 / 1                 0 / 29                0 / 29          ops/s
[2023-11-19T17:09:55.500+0800][gc,stats    ]      Memory: Page Cache Hit L2                                 0 / 0                 0 / 0                 0 / 0                 0 / 0           ops/s
[2023-11-19T17:09:55.500+0800][gc,stats    ]      Memory: Page Cache Hit L3                                 0 / 1                 0 / 2                 0 / 48                0 / 48          ops/s
[2023-11-19T17:09:55.500+0800][gc,stats    ]      Memory: Page Cache Miss                                   0 / 0                 0 / 0                 0 / 1                 0 / 1           ops/s
[2023-11-19T17:09:55.500+0800][gc,stats    ]      Memory: Uncommit                                          0 / 0                 0 / 0                 0 / 0                 0 / 0           MB/s
[2023-11-19T17:09:55.500+0800][gc,stats    ]      Memory: Undo Object Allocation Failed                     0 / 0                 0 / 0                 0 / 0                 0 / 0           ops/s
[2023-11-19T17:09:55.500+0800][gc,stats    ]      Memory: Undo Object Allocation Succeeded                  0 / 0                 0 / 0                 0 / 0                 0 / 0           ops/s
[2023-11-19T17:09:55.500+0800][gc,stats    ]      Memory: Undo Page Allocation                              0 / 0                 0 / 0                 0 / 0                 0 / 0           ops/s
[2023-11-19T17:09:55.500+0800][gc,stats    ]       Phase: Concurrent Mark                               0.000 / 0.000         0.000 / 0.000        13.801 / 15.394       13.801 / 15.394      ms
[2023-11-19T17:09:55.500+0800][gc,stats    ]       Phase: Concurrent Mark Continue                      0.000 / 0.000         0.000 / 0.000         0.000 / 0.000         0.000 / 0.000       ms
[2023-11-19T17:09:55.500+0800][gc,stats    ]       Phase: Concurrent Mark Free                          0.000 / 0.000         0.000 / 0.000         0.001 / 0.001         0.001 / 0.001       ms
[2023-11-19T17:09:55.500+0800][gc,stats    ]       Phase: Concurrent Process Non-Strong References      0.000 / 0.000         0.000 / 0.000         1.810 / 1.931         1.810 / 1.931       ms
[2023-11-19T17:09:55.500+0800][gc,stats    ]       Phase: Concurrent Relocate                           0.000 / 0.000         0.000 / 0.000         2.671 / 3.187         2.671 / 3.187       ms
[2023-11-19T17:09:55.500+0800][gc,stats    ]       Phase: Concurrent Reset Relocation Set               0.000 / 0.000         0.000 / 0.000         0.001 / 0.003         0.001 / 0.003       ms
[2023-11-19T17:09:55.500+0800][gc,stats    ]       Phase: Concurrent Select Relocation Set              0.000 / 0.000         0.000 / 0.000         4.627 / 7.839         4.627 / 7.839       ms
[2023-11-19T17:09:55.500+0800][gc,stats    ]       Phase: Pause Mark End                                0.000 / 0.000         0.000 / 0.000         0.016 / 0.018         0.016 / 0.018       ms
[2023-11-19T17:09:55.500+0800][gc,stats    ]       Phase: Pause Mark Start                              0.000 / 0.000         0.000 / 0.000         0.013 / 0.019         0.013 / 0.019       ms
[2023-11-19T17:09:55.500+0800][gc,stats    ]       Phase: Pause Relocate Start                          0.000 / 0.000         0.000 / 0.000         0.008 / 0.009         0.008 / 0.009       ms
[2023-11-19T17:09:55.500+0800][gc,stats    ]    Subphase: Concurrent Classes Purge                      0.000 / 0.000         0.000 / 0.000         0.047 / 0.049         0.047 / 0.049       ms
[2023-11-19T17:09:55.500+0800][gc,stats    ]    Subphase: Concurrent Classes Unlink                     0.000 / 0.000         0.000 / 0.000         1.263 / 1.295         1.263 / 1.295       ms
[2023-11-19T17:09:55.500+0800][gc,stats    ]    Subphase: Concurrent Mark                               0.000 / 0.000         0.000 / 0.000        11.825 / 13.159       11.825 / 13.159      ms
[2023-11-19T17:09:55.500+0800][gc,stats    ]    Subphase: Concurrent Mark Try Flush                     0.000 / 0.000         0.000 / 0.000         0.057 / 0.108         0.057 / 0.108       ms
[2023-11-19T17:09:55.500+0800][gc,stats    ]    Subphase: Concurrent Mark Try Terminate                 0.000 / 0.000         0.000 / 0.000         1.420 / 4.236         1.420 / 4.236       ms
[2023-11-19T17:09:55.500+0800][gc,stats    ]    Subphase: Concurrent References Enqueue                 0.000 / 0.000         0.000 / 0.000         0.004 / 0.004         0.004 / 0.004       ms
[2023-11-19T17:09:55.500+0800][gc,stats    ]    Subphase: Concurrent References Process                 0.000 / 0.000         0.000 / 0.000         0.090 / 0.101         0.090 / 0.101       ms
[2023-11-19T17:09:55.500+0800][gc,stats    ]    Subphase: Concurrent Roots ClassLoaderDataGraph         0.000 / 0.000         0.000 / 0.000         0.103 / 0.506         0.103 / 0.506       ms
[2023-11-19T17:09:55.500+0800][gc,stats    ]    Subphase: Concurrent Roots CodeCache                    0.000 / 0.000         0.000 / 0.000         0.000 / 0.000         0.000 / 0.000       ms
[2023-11-19T17:09:55.500+0800][gc,stats    ]    Subphase: Concurrent Roots JavaThreads                  0.000 / 0.000         0.000 / 0.000         1.129 / 2.106         1.129 / 2.106       ms
[2023-11-19T17:09:55.500+0800][gc,stats    ]    Subphase: Concurrent Roots OopStorageSet                0.000 / 0.000         0.000 / 0.000         0.036 / 0.058         0.036 / 0.058       ms
[2023-11-19T17:09:55.500+0800][gc,stats    ]    Subphase: Concurrent Weak Roots OopStorageSet           0.000 / 0.000         0.000 / 0.000         0.328 / 0.486         0.328 / 0.486       ms
[2023-11-19T17:09:55.500+0800][gc,stats    ]    Subphase: Pause Mark Try Complete                       0.000 / 0.000         0.000 / 0.000         0.000 / 0.000         0.000 / 0.000       ms
[2023-11-19T17:09:55.500+0800][gc,stats    ]      System: Java Threads                                      0 / 0                 0 / 0                39 / 54               39 / 54          threads
[2023-11-19T17:09:55.500+0800][gc,stats    ] =========================================================================================================================================================
[2023-11-19T17:10:05.501+0800][gc,stats    ] === Garbage Collection Statistics =======================================================================================================================
[2023-11-19T17:10:05.501+0800][gc,stats    ]                                                              Last 10s              Last 10m              Last 10h                Total
[2023-11-19T17:10:05.501+0800][gc,stats    ]                                                              Avg / Max             Avg / Max             Avg / Max             Avg / Max
[2023-11-19T17:10:05.501+0800][gc,stats    ]   Collector: Garbage Collection Cycle                      0.000 / 0.000         0.000 / 0.000        23.723 / 25.775       23.723 / 25.775      ms
[2023-11-19T17:10:05.501+0800][gc,stats    ]  Contention: Mark Segment Reset Contention                     0 / 0                 0 / 0                 0 / 3                 0 / 3           ops/s
[2023-11-19T17:10:05.501+0800][gc,stats    ]  Contention: Mark SeqNum Reset Contention                      0 / 0                 0 / 0                 0 / 0                 0 / 0           ops/s
[2023-11-19T17:10:05.501+0800][gc,stats    ]    Critical: Allocation Stall                                  0 / 0                 0 / 0                 0 / 0                 0 / 0           ops/s
[2023-11-19T17:10:05.501+0800][gc,stats    ]    Critical: Allocation Stall                              0.000 / 0.000         0.000 / 0.000         0.000 / 0.000         0.000 / 0.000       ms
[2023-11-19T17:10:05.501+0800][gc,stats    ]    Critical: GC Locker Stall                                   0 / 0                 0 / 0                 0 / 0                 0 / 0           ops/s
[2023-11-19T17:10:05.501+0800][gc,stats    ]    Critical: GC Locker Stall                               0.000 / 0.000         0.000 / 0.000         0.000 / 0.000         0.000 / 0.000       ms
[2023-11-19T17:10:05.501+0800][gc,stats    ]    Critical: Relocation Stall                                  0 / 0                 0 / 0                 0 / 0                 0 / 0           ops/s
[2023-11-19T17:10:05.501+0800][gc,stats    ]    Critical: Relocation Stall                              0.000 / 0.000         0.000 / 0.000         0.000 / 0.000         0.000 / 0.000       ms
[2023-11-19T17:10:05.501+0800][gc,stats    ]      Memory: Allocation Rate                                   0 / 2                 0 / 4                 0 / 104               0 / 104         MB/s
[2023-11-19T17:10:05.501+0800][gc,stats    ]      Memory: Defragment                                        0 / 0                 0 / 0                 0 / 0                 0 / 0           ops/s
[2023-11-19T17:10:05.501+0800][gc,stats    ]      Memory: Out Of Memory                                     0 / 0                 0 / 0                 0 / 0                 0 / 0           ops/s
[2023-11-19T17:10:05.501+0800][gc,stats    ]      Memory: Page Cache Flush                                  0 / 0                 0 / 0                 0 / 0                 0 / 0           MB/s
[2023-11-19T17:10:05.501+0800][gc,stats    ]      Memory: Page Cache Hit L1                                 0 / 0                 0 / 1                 0 / 29                0 / 29          ops/s
[2023-11-19T17:10:05.501+0800][gc,stats    ]      Memory: Page Cache Hit L2                                 0 / 0                 0 / 0                 0 / 0                 0 / 0           ops/s
[2023-11-19T17:10:05.501+0800][gc,stats    ]      Memory: Page Cache Hit L3                                 0 / 1                 0 / 2                 0 / 48                0 / 48          ops/s
[2023-11-19T17:10:05.501+0800][gc,stats    ]      Memory: Page Cache Miss                                   0 / 0                 0 / 0                 0 / 1                 0 / 1           ops/s
[2023-11-19T17:10:05.501+0800][gc,stats    ]      Memory: Uncommit                                          0 / 0                 0 / 0                 0 / 0                 0 / 0           MB/s
[2023-11-19T17:10:05.501+0800][gc,stats    ]      Memory: Undo Object Allocation Failed                     0 / 0                 0 / 0                 0 / 0                 0 / 0           ops/s
[2023-11-19T17:10:05.501+0800][gc,stats    ]      Memory: Undo Object Allocation Succeeded                  0 / 0                 0 / 0                 0 / 0                 0 / 0           ops/s
[2023-11-19T17:10:05.501+0800][gc,stats    ]      Memory: Undo Page Allocation                              0 / 0                 0 / 0                 0 / 0                 0 / 0           ops/s
[2023-11-19T17:10:05.501+0800][gc,stats    ]       Phase: Concurrent Mark                               0.000 / 0.000         0.000 / 0.000        13.801 / 15.394       13.801 / 15.394      ms
[2023-11-19T17:10:05.501+0800][gc,stats    ]       Phase: Concurrent Mark Continue                      0.000 / 0.000         0.000 / 0.000         0.000 / 0.000         0.000 / 0.000       ms
[2023-11-19T17:10:05.501+0800][gc,stats    ]       Phase: Concurrent Mark Free                          0.000 / 0.000         0.000 / 0.000         0.001 / 0.001         0.001 / 0.001       ms
[2023-11-19T17:10:05.501+0800][gc,stats    ]       Phase: Concurrent Process Non-Strong References      0.000 / 0.000         0.000 / 0.000         1.810 / 1.931         1.810 / 1.931       ms
[2023-11-19T17:10:05.501+0800][gc,stats    ]       Phase: Concurrent Relocate                           0.000 / 0.000         0.000 / 0.000         2.671 / 3.187         2.671 / 3.187       ms
[2023-11-19T17:10:05.501+0800][gc,stats    ]       Phase: Concurrent Reset Relocation Set               0.000 / 0.000         0.000 / 0.000         0.001 / 0.003         0.001 / 0.003       ms
[2023-11-19T17:10:05.501+0800][gc,stats    ]       Phase: Concurrent Select Relocation Set              0.000 / 0.000         0.000 / 0.000         4.627 / 7.839         4.627 / 7.839       ms
[2023-11-19T17:10:05.501+0800][gc,stats    ]       Phase: Pause Mark End                                0.000 / 0.000         0.000 / 0.000         0.016 / 0.018         0.016 / 0.018       ms
[2023-11-19T17:10:05.501+0800][gc,stats    ]       Phase: Pause Mark Start                              0.000 / 0.000         0.000 / 0.000         0.013 / 0.019         0.013 / 0.019       ms
[2023-11-19T17:10:05.501+0800][gc,stats    ]       Phase: Pause Relocate Start                          0.000 / 0.000         0.000 / 0.000         0.008 / 0.009         0.008 / 0.009       ms
[2023-11-19T17:10:05.501+0800][gc,stats    ]    Subphase: Concurrent Classes Purge                      0.000 / 0.000         0.000 / 0.000         0.047 / 0.049         0.047 / 0.049       ms
[2023-11-19T17:10:05.501+0800][gc,stats    ]    Subphase: Concurrent Classes Unlink                     0.000 / 0.000         0.000 / 0.000         1.263 / 1.295         1.263 / 1.295       ms
[2023-11-19T17:10:05.501+0800][gc,stats    ]    Subphase: Concurrent Mark                               0.000 / 0.000         0.000 / 0.000        11.825 / 13.159       11.825 / 13.159      ms
[2023-11-19T17:10:05.502+0800][gc,stats    ]    Subphase: Concurrent Mark Try Flush                     0.000 / 0.000         0.000 / 0.000         0.057 / 0.108         0.057 / 0.108       ms
[2023-11-19T17:10:05.502+0800][gc,stats    ]    Subphase: Concurrent Mark Try Terminate                 0.000 / 0.000         0.000 / 0.000         1.420 / 4.236         1.420 / 4.236       ms
[2023-11-19T17:10:05.502+0800][gc,stats    ]    Subphase: Concurrent References Enqueue                 0.000 / 0.000         0.000 / 0.000         0.004 / 0.004         0.004 / 0.004       ms
[2023-11-19T17:10:05.502+0800][gc,stats    ]    Subphase: Concurrent References Process                 0.000 / 0.000         0.000 / 0.000         0.090 / 0.101         0.090 / 0.101       ms
[2023-11-19T17:10:05.502+0800][gc,stats    ]    Subphase: Concurrent Roots ClassLoaderDataGraph         0.000 / 0.000         0.000 / 0.000         0.103 / 0.506         0.103 / 0.506       ms
[2023-11-19T17:10:05.502+0800][gc,stats    ]    Subphase: Concurrent Roots CodeCache                    0.000 / 0.000         0.000 / 0.000         0.000 / 0.000         0.000 / 0.000       ms
[2023-11-19T17:10:05.502+0800][gc,stats    ]    Subphase: Concurrent Roots JavaThreads                  0.000 / 0.000         0.000 / 0.000         1.129 / 2.106         1.129 / 2.106       ms
[2023-11-19T17:10:05.502+0800][gc,stats    ]    Subphase: Concurrent Roots OopStorageSet                0.000 / 0.000         0.000 / 0.000         0.036 / 0.058         0.036 / 0.058       ms
[2023-11-19T17:10:05.502+0800][gc,stats    ]    Subphase: Concurrent Weak Roots OopStorageSet           0.000 / 0.000         0.000 / 0.000         0.328 / 0.486         0.328 / 0.486       ms
[2023-11-19T17:10:05.502+0800][gc,stats    ]    Subphase: Pause Mark Try Complete                       0.000 / 0.000         0.000 / 0.000         0.000 / 0.000         0.000 / 0.000       ms
[2023-11-19T17:10:05.502+0800][gc,stats    ]      System: Java Threads                                      0 / 0                 0 / 0                39 / 54               39 / 54          threads
[2023-11-19T17:10:05.502+0800][gc,stats    ] =========================================================================================================================================================
[2023-11-19T17:10:15.501+0800][gc,stats    ] === Garbage Collection Statistics =======================================================================================================================
[2023-11-19T17:10:15.501+0800][gc,stats    ]                                                              Last 10s              Last 10m              Last 10h                Total
[2023-11-19T17:10:15.501+0800][gc,stats    ]                                                              Avg / Max             Avg / Max             Avg / Max             Avg / Max
[2023-11-19T17:10:15.501+0800][gc,stats    ]   Collector: Garbage Collection Cycle                      0.000 / 0.000         0.000 / 0.000        23.723 / 25.775       23.723 / 25.775      ms
[2023-11-19T17:10:15.501+0800][gc,stats    ]  Contention: Mark Segment Reset Contention                     0 / 0                 0 / 0                 0 / 3                 0 / 3           ops/s
[2023-11-19T17:10:15.501+0800][gc,stats    ]  Contention: Mark SeqNum Reset Contention                      0 / 0                 0 / 0                 0 / 0                 0 / 0           ops/s
[2023-11-19T17:10:15.501+0800][gc,stats    ]    Critical: Allocation Stall                                  0 / 0                 0 / 0                 0 / 0                 0 / 0           ops/s
[2023-11-19T17:10:15.501+0800][gc,stats    ]    Critical: Allocation Stall                              0.000 / 0.000         0.000 / 0.000         0.000 / 0.000         0.000 / 0.000       ms
[2023-11-19T17:10:15.501+0800][gc,stats    ]    Critical: GC Locker Stall                                   0 / 0                 0 / 0                 0 / 0                 0 / 0           ops/s
[2023-11-19T17:10:15.501+0800][gc,stats    ]    Critical: GC Locker Stall                               0.000 / 0.000         0.000 / 0.000         0.000 / 0.000         0.000 / 0.000       ms
[2023-11-19T17:10:15.501+0800][gc,stats    ]    Critical: Relocation Stall                                  0 / 0                 0 / 0                 0 / 0                 0 / 0           ops/s
[2023-11-19T17:10:15.501+0800][gc,stats    ]    Critical: Relocation Stall                              0.000 / 0.000         0.000 / 0.000         0.000 / 0.000         0.000 / 0.000       ms
[2023-11-19T17:10:15.501+0800][gc,stats    ]      Memory: Allocation Rate                                   0 / 0                 0 / 4                 0 / 104               0 / 104         MB/s
[2023-11-19T17:10:15.501+0800][gc,stats    ]      Memory: Defragment                                        0 / 0                 0 / 0                 0 / 0                 0 / 0           ops/s
[2023-11-19T17:10:15.501+0800][gc,stats    ]      Memory: Out Of Memory                                     0 / 0                 0 / 0                 0 / 0                 0 / 0           ops/s
[2023-11-19T17:10:15.501+0800][gc,stats    ]      Memory: Page Cache Flush                                  0 / 0                 0 / 0                 0 / 0                 0 / 0           MB/s
[2023-11-19T17:10:15.501+0800][gc,stats    ]      Memory: Page Cache Hit L1                                 0 / 0                 0 / 1                 0 / 29                0 / 29          ops/s
[2023-11-19T17:10:15.501+0800][gc,stats    ]      Memory: Page Cache Hit L2                                 0 / 0                 0 / 0                 0 / 0                 0 / 0           ops/s
[2023-11-19T17:10:15.501+0800][gc,stats    ]      Memory: Page Cache Hit L3                                 0 / 0                 0 / 2                 0 / 48                0 / 48          ops/s
[2023-11-19T17:10:15.501+0800][gc,stats    ]      Memory: Page Cache Miss                                   0 / 0                 0 / 0                 0 / 1                 0 / 1           ops/s
[2023-11-19T17:10:15.501+0800][gc,stats    ]      Memory: Uncommit                                          0 / 0                 0 / 0                 0 / 0                 0 / 0           MB/s
[2023-11-19T17:10:15.501+0800][gc,stats    ]      Memory: Undo Object Allocation Failed                     0 / 0                 0 / 0                 0 / 0                 0 / 0           ops/s
[2023-11-19T17:10:15.501+0800][gc,stats    ]      Memory: Undo Object Allocation Succeeded                  0 / 0                 0 / 0                 0 / 0                 0 / 0           ops/s
[2023-11-19T17:10:15.501+0800][gc,stats    ]      Memory: Undo Page Allocation                              0 / 0                 0 / 0                 0 / 0                 0 / 0           ops/s
[2023-11-19T17:10:15.501+0800][gc,stats    ]       Phase: Concurrent Mark                               0.000 / 0.000         0.000 / 0.000        13.801 / 15.394       13.801 / 15.394      ms
[2023-11-19T17:10:15.501+0800][gc,stats    ]       Phase: Concurrent Mark Continue                      0.000 / 0.000         0.000 / 0.000         0.000 / 0.000         0.000 / 0.000       ms
[2023-11-19T17:10:15.501+0800][gc,stats    ]       Phase: Concurrent Mark Free                          0.000 / 0.000         0.000 / 0.000         0.001 / 0.001         0.001 / 0.001       ms
[2023-11-19T17:10:15.501+0800][gc,stats    ]       Phase: Concurrent Process Non-Strong References      0.000 / 0.000         0.000 / 0.000         1.810 / 1.931         1.810 / 1.931       ms
[2023-11-19T17:10:15.501+0800][gc,stats    ]       Phase: Concurrent Relocate                           0.000 / 0.000         0.000 / 0.000         2.671 / 3.187         2.671 / 3.187       ms
[2023-11-19T17:10:15.501+0800][gc,stats    ]       Phase: Concurrent Reset Relocation Set               0.000 / 0.000         0.000 / 0.000         0.001 / 0.003         0.001 / 0.003       ms
[2023-11-19T17:10:15.501+0800][gc,stats    ]       Phase: Concurrent Select Relocation Set              0.000 / 0.000         0.000 / 0.000         4.627 / 7.839         4.627 / 7.839       ms
[2023-11-19T17:10:15.501+0800][gc,stats    ]       Phase: Pause Mark End                                0.000 / 0.000         0.000 / 0.000         0.016 / 0.018         0.016 / 0.018       ms
[2023-11-19T17:10:15.501+0800][gc,stats    ]       Phase: Pause Mark Start                              0.000 / 0.000         0.000 / 0.000         0.013 / 0.019         0.013 / 0.019       ms
[2023-11-19T17:10:15.501+0800][gc,stats    ]       Phase: Pause Relocate Start                          0.000 / 0.000         0.000 / 0.000         0.008 / 0.009         0.008 / 0.009       ms
[2023-11-19T17:10:15.501+0800][gc,stats    ]    Subphase: Concurrent Classes Purge                      0.000 / 0.000         0.000 / 0.000         0.047 / 0.049         0.047 / 0.049       ms
[2023-11-19T17:10:15.501+0800][gc,stats    ]    Subphase: Concurrent Classes Unlink                     0.000 / 0.000         0.000 / 0.000         1.263 / 1.295         1.263 / 1.295       ms
[2023-11-19T17:10:15.501+0800][gc,stats    ]    Subphase: Concurrent Mark                               0.000 / 0.000         0.000 / 0.000        11.825 / 13.159       11.825 / 13.159      ms
[2023-11-19T17:10:15.501+0800][gc,stats    ]    Subphase: Concurrent Mark Try Flush                     0.000 / 0.000         0.000 / 0.000         0.057 / 0.108         0.057 / 0.108       ms
[2023-11-19T17:10:15.501+0800][gc,stats    ]    Subphase: Concurrent Mark Try Terminate                 0.000 / 0.000         0.000 / 0.000         1.420 / 4.236         1.420 / 4.236       ms
[2023-11-19T17:10:15.502+0800][gc,stats    ]    Subphase: Concurrent References Enqueue                 0.000 / 0.000         0.000 / 0.000         0.004 / 0.004         0.004 / 0.004       ms
[2023-11-19T17:10:15.502+0800][gc,stats    ]    Subphase: Concurrent References Process                 0.000 / 0.000         0.000 / 0.000         0.090 / 0.101         0.090 / 0.101       ms
[2023-11-19T17:10:15.502+0800][gc,stats    ]    Subphase: Concurrent Roots ClassLoaderDataGraph         0.000 / 0.000         0.000 / 0.000         0.103 / 0.506         0.103 / 0.506       ms
[2023-11-19T17:10:15.502+0800][gc,stats    ]    Subphase: Concurrent Roots CodeCache                    0.000 / 0.000         0.000 / 0.000         0.000 / 0.000         0.000 / 0.000       ms
[2023-11-19T17:10:15.502+0800][gc,stats    ]    Subphase: Concurrent Roots JavaThreads                  0.000 / 0.000         0.000 / 0.000         1.129 / 2.106         1.129 / 2.106       ms
[2023-11-19T17:10:15.502+0800][gc,stats    ]    Subphase: Concurrent Roots OopStorageSet                0.000 / 0.000         0.000 / 0.000         0.036 / 0.058         0.036 / 0.058       ms
[2023-11-19T17:10:15.502+0800][gc,stats    ]    Subphase: Concurrent Weak Roots OopStorageSet           0.000 / 0.000         0.000 / 0.000         0.328 / 0.486         0.328 / 0.486       ms
[2023-11-19T17:10:15.502+0800][gc,stats    ]    Subphase: Pause Mark Try Complete                       0.000 / 0.000         0.000 / 0.000         0.000 / 0.000         0.000 / 0.000       ms
[2023-11-19T17:10:15.502+0800][gc,stats    ]      System: Java Threads                                      0 / 0                 0 / 0                39 / 54               39 / 54          threads
[2023-11-19T17:10:15.502+0800][gc,stats    ] =========================================================================================================================================================
[2023-11-19T17:10:25.500+0800][gc,stats    ] === Garbage Collection Statistics =======================================================================================================================
[2023-11-19T17:10:25.500+0800][gc,stats    ]                                                              Last 10s              Last 10m              Last 10h                Total
[2023-11-19T17:10:25.500+0800][gc,stats    ]                                                              Avg / Max             Avg / Max             Avg / Max             Avg / Max
[2023-11-19T17:10:25.500+0800][gc,stats    ]   Collector: Garbage Collection Cycle                      0.000 / 0.000         0.000 / 0.000        23.723 / 25.775       23.723 / 25.775      ms
[2023-11-19T17:10:25.500+0800][gc,stats    ]  Contention: Mark Segment Reset Contention                     0 / 0                 0 / 0                 0 / 3                 0 / 3           ops/s
[2023-11-19T17:10:25.500+0800][gc,stats    ]  Contention: Mark SeqNum Reset Contention                      0 / 0                 0 / 0                 0 / 0                 0 / 0           ops/s
[2023-11-19T17:10:25.500+0800][gc,stats    ]    Critical: Allocation Stall                                  0 / 0                 0 / 0                 0 / 0                 0 / 0           ops/s
[2023-11-19T17:10:25.500+0800][gc,stats    ]    Critical: Allocation Stall                              0.000 / 0.000         0.000 / 0.000         0.000 / 0.000         0.000 / 0.000       ms
[2023-11-19T17:10:25.500+0800][gc,stats    ]    Critical: GC Locker Stall                                   0 / 0                 0 / 0                 0 / 0                 0 / 0           ops/s
[2023-11-19T17:10:25.500+0800][gc,stats    ]    Critical: GC Locker Stall                               0.000 / 0.000         0.000 / 0.000         0.000 / 0.000         0.000 / 0.000       ms
[2023-11-19T17:10:25.500+0800][gc,stats    ]    Critical: Relocation Stall                                  0 / 0                 0 / 0                 0 / 0                 0 / 0           ops/s
[2023-11-19T17:10:25.500+0800][gc,stats    ]    Critical: Relocation Stall                              0.000 / 0.000         0.000 / 0.000         0.000 / 0.000         0.000 / 0.000       ms
[2023-11-19T17:10:25.500+0800][gc,stats    ]      Memory: Allocation Rate                                   0 / 2                 0 / 4                 0 / 104               0 / 104         MB/s
[2023-11-19T17:10:25.500+0800][gc,stats    ]      Memory: Defragment                                        0 / 0                 0 / 0                 0 / 0                 0 / 0           ops/s
[2023-11-19T17:10:25.500+0800][gc,stats    ]      Memory: Out Of Memory                                     0 / 0                 0 / 0                 0 / 0                 0 / 0           ops/s
[2023-11-19T17:10:25.500+0800][gc,stats    ]      Memory: Page Cache Flush                                  0 / 0                 0 / 0                 0 / 0                 0 / 0           MB/s
[2023-11-19T17:10:25.500+0800][gc,stats    ]      Memory: Page Cache Hit L1                                 0 / 0                 0 / 1                 0 / 29                0 / 29          ops/s
[2023-11-19T17:10:25.500+0800][gc,stats    ]      Memory: Page Cache Hit L2                                 0 / 0                 0 / 0                 0 / 0                 0 / 0           ops/s
[2023-11-19T17:10:25.500+0800][gc,stats    ]      Memory: Page Cache Hit L3                                 0 / 1                 0 / 2                 0 / 48                0 / 48          ops/s
[2023-11-19T17:10:25.500+0800][gc,stats    ]      Memory: Page Cache Miss                                   0 / 0                 0 / 0                 0 / 1                 0 / 1           ops/s
[2023-11-19T17:10:25.500+0800][gc,stats    ]      Memory: Uncommit                                          0 / 0                 0 / 0                 0 / 0                 0 / 0           MB/s
[2023-11-19T17:10:25.500+0800][gc,stats    ]      Memory: Undo Object Allocation Failed                     0 / 0                 0 / 0                 0 / 0                 0 / 0           ops/s
[2023-11-19T17:10:25.500+0800][gc,stats    ]      Memory: Undo Object Allocation Succeeded                  0 / 0                 0 / 0                 0 / 0                 0 / 0           ops/s
[2023-11-19T17:10:25.500+0800][gc,stats    ]      Memory: Undo Page Allocation                              0 / 0                 0 / 0                 0 / 0                 0 / 0           ops/s
[2023-11-19T17:10:25.500+0800][gc,stats    ]       Phase: Concurrent Mark                               0.000 / 0.000         0.000 / 0.000        13.801 / 15.394       13.801 / 15.394      ms
[2023-11-19T17:10:25.500+0800][gc,stats    ]       Phase: Concurrent Mark Continue                      0.000 / 0.000         0.000 / 0.000         0.000 / 0.000         0.000 / 0.000       ms
[2023-11-19T17:10:25.500+0800][gc,stats    ]       Phase: Concurrent Mark Free                          0.000 / 0.000         0.000 / 0.000         0.001 / 0.001         0.001 / 0.001       ms
[2023-11-19T17:10:25.500+0800][gc,stats    ]       Phase: Concurrent Process Non-Strong References      0.000 / 0.000         0.000 / 0.000         1.810 / 1.931         1.810 / 1.931       ms
[2023-11-19T17:10:25.500+0800][gc,stats    ]       Phase: Concurrent Relocate                           0.000 / 0.000         0.000 / 0.000         2.671 / 3.187         2.671 / 3.187       ms
[2023-11-19T17:10:25.500+0800][gc,stats    ]       Phase: Concurrent Reset Relocation Set               0.000 / 0.000         0.000 / 0.000         0.001 / 0.003         0.001 / 0.003       ms
[2023-11-19T17:10:25.500+0800][gc,stats    ]       Phase: Concurrent Select Relocation Set              0.000 / 0.000         0.000 / 0.000         4.627 / 7.839         4.627 / 7.839       ms
[2023-11-19T17:10:25.500+0800][gc,stats    ]       Phase: Pause Mark End                                0.000 / 0.000         0.000 / 0.000         0.016 / 0.018         0.016 / 0.018       ms
[2023-11-19T17:10:25.500+0800][gc,stats    ]       Phase: Pause Mark Start                              0.000 / 0.000         0.000 / 0.000         0.013 / 0.019         0.013 / 0.019       ms
[2023-11-19T17:10:25.500+0800][gc,stats    ]       Phase: Pause Relocate Start                          0.000 / 0.000         0.000 / 0.000         0.008 / 0.009         0.008 / 0.009       ms
[2023-11-19T17:10:25.500+0800][gc,stats    ]    Subphase: Concurrent Classes Purge                      0.000 / 0.000         0.000 / 0.000         0.047 / 0.049         0.047 / 0.049       ms
[2023-11-19T17:10:25.500+0800][gc,stats    ]    Subphase: Concurrent Classes Unlink                     0.000 / 0.000         0.000 / 0.000         1.263 / 1.295         1.263 / 1.295       ms
[2023-11-19T17:10:25.500+0800][gc,stats    ]    Subphase: Concurrent Mark                               0.000 / 0.000         0.000 / 0.000        11.825 / 13.159       11.825 / 13.159      ms
[2023-11-19T17:10:25.500+0800][gc,stats    ]    Subphase: Concurrent Mark Try Flush                     0.000 / 0.000         0.000 / 0.000         0.057 / 0.108         0.057 / 0.108       ms
[2023-11-19T17:10:25.500+0800][gc,stats    ]    Subphase: Concurrent Mark Try Terminate                 0.000 / 0.000         0.000 / 0.000         1.420 / 4.236         1.420 / 4.236       ms
[2023-11-19T17:10:25.500+0800][gc,stats    ]    Subphase: Concurrent References Enqueue                 0.000 / 0.000         0.000 / 0.000         0.004 / 0.004         0.004 / 0.004       ms
[2023-11-19T17:10:25.500+0800][gc,stats    ]    Subphase: Concurrent References Process                 0.000 / 0.000         0.000 / 0.000         0.090 / 0.101         0.090 / 0.101       ms
[2023-11-19T17:10:25.500+0800][gc,stats    ]    Subphase: Concurrent Roots ClassLoaderDataGraph         0.000 / 0.000         0.000 / 0.000         0.103 / 0.506         0.103 / 0.506       ms
[2023-11-19T17:10:25.500+0800][gc,stats    ]    Subphase: Concurrent Roots CodeCache                    0.000 / 0.000         0.000 / 0.000         0.000 / 0.000         0.000 / 0.000       ms
[2023-11-19T17:10:25.500+0800][gc,stats    ]    Subphase: Concurrent Roots JavaThreads                  0.000 / 0.000         0.000 / 0.000         1.129 / 2.106         1.129 / 2.106       ms
[2023-11-19T17:10:25.500+0800][gc,stats    ]    Subphase: Concurrent Roots OopStorageSet                0.000 / 0.000         0.000 / 0.000         0.036 / 0.058         0.036 / 0.058       ms
[2023-11-19T17:10:25.500+0800][gc,stats    ]    Subphase: Concurrent Weak Roots OopStorageSet           0.000 / 0.000         0.000 / 0.000         0.328 / 0.486         0.328 / 0.486       ms
[2023-11-19T17:10:25.500+0800][gc,stats    ]    Subphase: Pause Mark Try Complete                       0.000 / 0.000         0.000 / 0.000         0.000 / 0.000         0.000 / 0.000       ms
[2023-11-19T17:10:25.500+0800][gc,stats    ]      System: Java Threads                                      0 / 0                 0 / 0                39 / 54               39 / 54          threads
[2023-11-19T17:10:25.500+0800][gc,stats    ] =========================================================================================================================================================
[2023-11-19T17:10:35.500+0800][gc,stats    ] === Garbage Collection Statistics =======================================================================================================================
[2023-11-19T17:10:35.500+0800][gc,stats    ]                                                              Last 10s              Last 10m              Last 10h                Total
[2023-11-19T17:10:35.500+0800][gc,stats    ]                                                              Avg / Max             Avg / Max             Avg / Max             Avg / Max
[2023-11-19T17:10:35.500+0800][gc,stats    ]   Collector: Garbage Collection Cycle                      0.000 / 0.000         0.000 / 0.000        23.723 / 25.775       23.723 / 25.775      ms
[2023-11-19T17:10:35.500+0800][gc,stats    ]  Contention: Mark Segment Reset Contention                     0 / 0                 0 / 0                 0 / 3                 0 / 3           ops/s
[2023-11-19T17:10:35.500+0800][gc,stats    ]  Contention: Mark SeqNum Reset Contention                      0 / 0                 0 / 0                 0 / 0                 0 / 0           ops/s
[2023-11-19T17:10:35.500+0800][gc,stats    ]    Critical: Allocation Stall                                  0 / 0                 0 / 0                 0 / 0                 0 / 0           ops/s
[2023-11-19T17:10:35.500+0800][gc,stats    ]    Critical: Allocation Stall                              0.000 / 0.000         0.000 / 0.000         0.000 / 0.000         0.000 / 0.000       ms
[2023-11-19T17:10:35.500+0800][gc,stats    ]    Critical: GC Locker Stall                                   0 / 0                 0 / 0                 0 / 0                 0 / 0           ops/s
[2023-11-19T17:10:35.500+0800][gc,stats    ]    Critical: GC Locker Stall                               0.000 / 0.000         0.000 / 0.000         0.000 / 0.000         0.000 / 0.000       ms
[2023-11-19T17:10:35.500+0800][gc,stats    ]    Critical: Relocation Stall                                  0 / 0                 0 / 0                 0 / 0                 0 / 0           ops/s
[2023-11-19T17:10:35.500+0800][gc,stats    ]    Critical: Relocation Stall                              0.000 / 0.000         0.000 / 0.000         0.000 / 0.000         0.000 / 0.000       ms
[2023-11-19T17:10:35.500+0800][gc,stats    ]      Memory: Allocation Rate                                   0 / 0                 0 / 4                 0 / 104               0 / 104         MB/s
[2023-11-19T17:10:35.500+0800][gc,stats    ]      Memory: Defragment                                        0 / 0                 0 / 0                 0 / 0                 0 / 0           ops/s
[2023-11-19T17:10:35.500+0800][gc,stats    ]      Memory: Out Of Memory                                     0 / 0                 0 / 0                 0 / 0                 0 / 0           ops/s
[2023-11-19T17:10:35.500+0800][gc,stats    ]      Memory: Page Cache Flush                                  0 / 0                 0 / 0                 0 / 0                 0 / 0           MB/s
[2023-11-19T17:10:35.500+0800][gc,stats    ]      Memory: Page Cache Hit L1                                 0 / 0                 0 / 1                 0 / 29                0 / 29          ops/s
[2023-11-19T17:10:35.500+0800][gc,stats    ]      Memory: Page Cache Hit L2                                 0 / 0                 0 / 0                 0 / 0                 0 / 0           ops/s
[2023-11-19T17:10:35.500+0800][gc,stats    ]      Memory: Page Cache Hit L3                                 0 / 0                 0 / 2                 0 / 48                0 / 48          ops/s
[2023-11-19T17:10:35.500+0800][gc,stats    ]      Memory: Page Cache Miss                                   0 / 0                 0 / 0                 0 / 1                 0 / 1           ops/s
[2023-11-19T17:10:35.500+0800][gc,stats    ]      Memory: Uncommit                                          0 / 0                 0 / 0                 0 / 0                 0 / 0           MB/s
[2023-11-19T17:10:35.500+0800][gc,stats    ]      Memory: Undo Object Allocation Failed                     0 / 0                 0 / 0                 0 / 0                 0 / 0           ops/s
[2023-11-19T17:10:35.500+0800][gc,stats    ]      Memory: Undo Object Allocation Succeeded                  0 / 0                 0 / 0                 0 / 0                 0 / 0           ops/s
[2023-11-19T17:10:35.500+0800][gc,stats    ]      Memory: Undo Page Allocation                              0 / 0                 0 / 0                 0 / 0                 0 / 0           ops/s
[2023-11-19T17:10:35.500+0800][gc,stats    ]       Phase: Concurrent Mark                               0.000 / 0.000         0.000 / 0.000        13.801 / 15.394       13.801 / 15.394      ms
[2023-11-19T17:10:35.500+0800][gc,stats    ]       Phase: Concurrent Mark Continue                      0.000 / 0.000         0.000 / 0.000         0.000 / 0.000         0.000 / 0.000       ms
[2023-11-19T17:10:35.500+0800][gc,stats    ]       Phase: Concurrent Mark Free                          0.000 / 0.000         0.000 / 0.000         0.001 / 0.001         0.001 / 0.001       ms
[2023-11-19T17:10:35.500+0800][gc,stats    ]       Phase: Concurrent Process Non-Strong References      0.000 / 0.000         0.000 / 0.000         1.810 / 1.931         1.810 / 1.931       ms
[2023-11-19T17:10:35.500+0800][gc,stats    ]       Phase: Concurrent Relocate                           0.000 / 0.000         0.000 / 0.000         2.671 / 3.187         2.671 / 3.187       ms
[2023-11-19T17:10:35.500+0800][gc,stats    ]       Phase: Concurrent Reset Relocation Set               0.000 / 0.000         0.000 / 0.000         0.001 / 0.003         0.001 / 0.003       ms
[2023-11-19T17:10:35.500+0800][gc,stats    ]       Phase: Concurrent Select Relocation Set              0.000 / 0.000         0.000 / 0.000         4.627 / 7.839         4.627 / 7.839       ms
[2023-11-19T17:10:35.500+0800][gc,stats    ]       Phase: Pause Mark End                                0.000 / 0.000         0.000 / 0.000         0.016 / 0.018         0.016 / 0.018       ms
[2023-11-19T17:10:35.500+0800][gc,stats    ]       Phase: Pause Mark Start                              0.000 / 0.000         0.000 / 0.000         0.013 / 0.019         0.013 / 0.019       ms
[2023-11-19T17:10:35.500+0800][gc,stats    ]       Phase: Pause Relocate Start                          0.000 / 0.000         0.000 / 0.000         0.008 / 0.009         0.008 / 0.009       ms
[2023-11-19T17:10:35.500+0800][gc,stats    ]    Subphase: Concurrent Classes Purge                      0.000 / 0.000         0.000 / 0.000         0.047 / 0.049         0.047 / 0.049       ms
[2023-11-19T17:10:35.500+0800][gc,stats    ]    Subphase: Concurrent Classes Unlink                     0.000 / 0.000         0.000 / 0.000         1.263 / 1.295         1.263 / 1.295       ms
[2023-11-19T17:10:35.500+0800][gc,stats    ]    Subphase: Concurrent Mark                               0.000 / 0.000         0.000 / 0.000        11.825 / 13.159       11.825 / 13.159      ms
[2023-11-19T17:10:35.500+0800][gc,stats    ]    Subphase: Concurrent Mark Try Flush                     0.000 / 0.000         0.000 / 0.000         0.057 / 0.108         0.057 / 0.108       ms
[2023-11-19T17:10:35.500+0800][gc,stats    ]    Subphase: Concurrent Mark Try Terminate                 0.000 / 0.000         0.000 / 0.000         1.420 / 4.236         1.420 / 4.236       ms
[2023-11-19T17:10:35.500+0800][gc,stats    ]    Subphase: Concurrent References Enqueue                 0.000 / 0.000         0.000 / 0.000         0.004 / 0.004         0.004 / 0.004       ms
[2023-11-19T17:10:35.500+0800][gc,stats    ]    Subphase: Concurrent References Process                 0.000 / 0.000         0.000 / 0.000         0.090 / 0.101         0.090 / 0.101       ms
[2023-11-19T17:10:35.500+0800][gc,stats    ]    Subphase: Concurrent Roots ClassLoaderDataGraph         0.000 / 0.000         0.000 / 0.000         0.103 / 0.506         0.103 / 0.506       ms
[2023-11-19T17:10:35.500+0800][gc,stats    ]    Subphase: Concurrent Roots CodeCache                    0.000 / 0.000         0.000 / 0.000         0.000 / 0.000         0.000 / 0.000       ms
[2023-11-19T17:10:35.500+0800][gc,stats    ]    Subphase: Concurrent Roots JavaThreads                  0.000 / 0.000         0.000 / 0.000         1.129 / 2.106         1.129 / 2.106       ms
[2023-11-19T17:10:35.500+0800][gc,stats    ]    Subphase: Concurrent Roots OopStorageSet                0.000 / 0.000         0.000 / 0.000         0.036 / 0.058         0.036 / 0.058       ms
[2023-11-19T17:10:35.500+0800][gc,stats    ]    Subphase: Concurrent Weak Roots OopStorageSet           0.000 / 0.000         0.000 / 0.000         0.328 / 0.486         0.328 / 0.486       ms
[2023-11-19T17:10:35.500+0800][gc,stats    ]    Subphase: Pause Mark Try Complete                       0.000 / 0.000         0.000 / 0.000         0.000 / 0.000         0.000 / 0.000       ms
[2023-11-19T17:10:35.500+0800][gc,stats    ]      System: Java Threads                                      0 / 0                 0 / 0                39 / 54               39 / 54          threads
[2023-11-19T17:10:35.500+0800][gc,stats    ] =========================================================================================================================================================
[2023-11-19T17:10:45.501+0800][gc,stats    ] === Garbage Collection Statistics =======================================================================================================================
[2023-11-19T17:10:45.501+0800][gc,stats    ]                                                              Last 10s              Last 10m              Last 10h                Total
[2023-11-19T17:10:45.501+0800][gc,stats    ]                                                              Avg / Max             Avg / Max             Avg / Max             Avg / Max
[2023-11-19T17:10:45.501+0800][gc,stats    ]   Collector: Garbage Collection Cycle                      0.000 / 0.000         0.000 / 0.000        23.723 / 25.775       23.723 / 25.775      ms
[2023-11-19T17:10:45.501+0800][gc,stats    ]  Contention: Mark Segment Reset Contention                     0 / 0                 0 / 0                 0 / 3                 0 / 3           ops/s
[2023-11-19T17:10:45.501+0800][gc,stats    ]  Contention: Mark SeqNum Reset Contention                      0 / 0                 0 / 0                 0 / 0                 0 / 0           ops/s
[2023-11-19T17:10:45.501+0800][gc,stats    ]    Critical: Allocation Stall                                  0 / 0                 0 / 0                 0 / 0                 0 / 0           ops/s
[2023-11-19T17:10:45.501+0800][gc,stats    ]    Critical: Allocation Stall                              0.000 / 0.000         0.000 / 0.000         0.000 / 0.000         0.000 / 0.000       ms
[2023-11-19T17:10:45.501+0800][gc,stats    ]    Critical: GC Locker Stall                                   0 / 0                 0 / 0                 0 / 0                 0 / 0           ops/s
[2023-11-19T17:10:45.501+0800][gc,stats    ]    Critical: GC Locker Stall                               0.000 / 0.000         0.000 / 0.000         0.000 / 0.000         0.000 / 0.000       ms
[2023-11-19T17:10:45.501+0800][gc,stats    ]    Critical: Relocation Stall                                  0 / 0                 0 / 0                 0 / 0                 0 / 0           ops/s
[2023-11-19T17:10:45.501+0800][gc,stats    ]    Critical: Relocation Stall                              0.000 / 0.000         0.000 / 0.000         0.000 / 0.000         0.000 / 0.000       ms
[2023-11-19T17:10:45.501+0800][gc,stats    ]      Memory: Allocation Rate                                   0 / 2                 0 / 4                 0 / 104               0 / 104         MB/s
[2023-11-19T17:10:45.501+0800][gc,stats    ]      Memory: Defragment                                        0 / 0                 0 / 0                 0 / 0                 0 / 0           ops/s
[2023-11-19T17:10:45.501+0800][gc,stats    ]      Memory: Out Of Memory                                     0 / 0                 0 / 0                 0 / 0                 0 / 0           ops/s
[2023-11-19T17:10:45.501+0800][gc,stats    ]      Memory: Page Cache Flush                                  0 / 0                 0 / 0                 0 / 0                 0 / 0           MB/s
[2023-11-19T17:10:45.501+0800][gc,stats    ]      Memory: Page Cache Hit L1                                 0 / 0                 0 / 1                 0 / 29                0 / 29          ops/s
[2023-11-19T17:10:45.501+0800][gc,stats    ]      Memory: Page Cache Hit L2                                 0 / 0                 0 / 0                 0 / 0                 0 / 0           ops/s
[2023-11-19T17:10:45.501+0800][gc,stats    ]      Memory: Page Cache Hit L3                                 0 / 1                 0 / 2                 0 / 48                0 / 48          ops/s
[2023-11-19T17:10:45.501+0800][gc,stats    ]      Memory: Page Cache Miss                                   0 / 0                 0 / 0                 0 / 1                 0 / 1           ops/s
[2023-11-19T17:10:45.501+0800][gc,stats    ]      Memory: Uncommit                                          0 / 0                 0 / 0                 0 / 0                 0 / 0           MB/s
[2023-11-19T17:10:45.501+0800][gc,stats    ]      Memory: Undo Object Allocation Failed                     0 / 0                 0 / 0                 0 / 0                 0 / 0           ops/s
[2023-11-19T17:10:45.501+0800][gc,stats    ]      Memory: Undo Object Allocation Succeeded                  0 / 0                 0 / 0                 0 / 0                 0 / 0           ops/s
[2023-11-19T17:10:45.501+0800][gc,stats    ]      Memory: Undo Page Allocation                              0 / 0                 0 / 0                 0 / 0                 0 / 0           ops/s
[2023-11-19T17:10:45.501+0800][gc,stats    ]       Phase: Concurrent Mark                               0.000 / 0.000         0.000 / 0.000        13.801 / 15.394       13.801 / 15.394      ms
[2023-11-19T17:10:45.501+0800][gc,stats    ]       Phase: Concurrent Mark Continue                      0.000 / 0.000         0.000 / 0.000         0.000 / 0.000         0.000 / 0.000       ms
[2023-11-19T17:10:45.501+0800][gc,stats    ]       Phase: Concurrent Mark Free                          0.000 / 0.000         0.000 / 0.000         0.001 / 0.001         0.001 / 0.001       ms
[2023-11-19T17:10:45.501+0800][gc,stats    ]       Phase: Concurrent Process Non-Strong References      0.000 / 0.000         0.000 / 0.000         1.810 / 1.931         1.810 / 1.931       ms
[2023-11-19T17:10:45.501+0800][gc,stats    ]       Phase: Concurrent Relocate                           0.000 / 0.000         0.000 / 0.000         2.671 / 3.187         2.671 / 3.187       ms
[2023-11-19T17:10:45.501+0800][gc,stats    ]       Phase: Concurrent Reset Relocation Set               0.000 / 0.000         0.000 / 0.000         0.001 / 0.003         0.001 / 0.003       ms
[2023-11-19T17:10:45.501+0800][gc,stats    ]       Phase: Concurrent Select Relocation Set              0.000 / 0.000         0.000 / 0.000         4.627 / 7.839         4.627 / 7.839       ms
[2023-11-19T17:10:45.501+0800][gc,stats    ]       Phase: Pause Mark End                                0.000 / 0.000         0.000 / 0.000         0.016 / 0.018         0.016 / 0.018       ms
[2023-11-19T17:10:45.501+0800][gc,stats    ]       Phase: Pause Mark Start                              0.000 / 0.000         0.000 / 0.000         0.013 / 0.019         0.013 / 0.019       ms
[2023-11-19T17:10:45.501+0800][gc,stats    ]       Phase: Pause Relocate Start                          0.000 / 0.000         0.000 / 0.000         0.008 / 0.009         0.008 / 0.009       ms
[2023-11-19T17:10:45.501+0800][gc,stats    ]    Subphase: Concurrent Classes Purge                      0.000 / 0.000         0.000 / 0.000         0.047 / 0.049         0.047 / 0.049       ms
[2023-11-19T17:10:45.501+0800][gc,stats    ]    Subphase: Concurrent Classes Unlink                     0.000 / 0.000         0.000 / 0.000         1.263 / 1.295         1.263 / 1.295       ms
[2023-11-19T17:10:45.501+0800][gc,stats    ]    Subphase: Concurrent Mark                               0.000 / 0.000         0.000 / 0.000        11.825 / 13.159       11.825 / 13.159      ms
[2023-11-19T17:10:45.501+0800][gc,stats    ]    Subphase: Concurrent Mark Try Flush                     0.000 / 0.000         0.000 / 0.000         0.057 / 0.108         0.057 / 0.108       ms
[2023-11-19T17:10:45.501+0800][gc,stats    ]    Subphase: Concurrent Mark Try Terminate                 0.000 / 0.000         0.000 / 0.000         1.420 / 4.236         1.420 / 4.236       ms
[2023-11-19T17:10:45.501+0800][gc,stats    ]    Subphase: Concurrent References Enqueue                 0.000 / 0.000         0.000 / 0.000         0.004 / 0.004         0.004 / 0.004       ms
[2023-11-19T17:10:45.501+0800][gc,stats    ]    Subphase: Concurrent References Process                 0.000 / 0.000         0.000 / 0.000         0.090 / 0.101         0.090 / 0.101       ms
[2023-11-19T17:10:45.501+0800][gc,stats    ]    Subphase: Concurrent Roots ClassLoaderDataGraph         0.000 / 0.000         0.000 / 0.000         0.103 / 0.506         0.103 / 0.506       ms
[2023-11-19T17:10:45.501+0800][gc,stats    ]    Subphase: Concurrent Roots CodeCache                    0.000 / 0.000         0.000 / 0.000         0.000 / 0.000         0.000 / 0.000       ms
[2023-11-19T17:10:45.501+0800][gc,stats    ]    Subphase: Concurrent Roots JavaThreads                  0.000 / 0.000         0.000 / 0.000         1.129 / 2.106         1.129 / 2.106       ms
[2023-11-19T17:10:45.501+0800][gc,stats    ]    Subphase: Concurrent Roots OopStorageSet                0.000 / 0.000         0.000 / 0.000         0.036 / 0.058         0.036 / 0.058       ms
[2023-11-19T17:10:45.501+0800][gc,stats    ]    Subphase: Concurrent Weak Roots OopStorageSet           0.000 / 0.000         0.000 / 0.000         0.328 / 0.486         0.328 / 0.486       ms
[2023-11-19T17:10:45.501+0800][gc,stats    ]    Subphase: Pause Mark Try Complete                       0.000 / 0.000         0.000 / 0.000         0.000 / 0.000         0.000 / 0.000       ms
[2023-11-19T17:10:45.501+0800][gc,stats    ]      System: Java Threads                                      0 / 0                 0 / 0                39 / 54               39 / 54          threads
[2023-11-19T17:10:45.501+0800][gc,stats    ] =========================================================================================================================================================
[2023-11-19T17:10:55.501+0800][gc,stats    ] === Garbage Collection Statistics =======================================================================================================================
[2023-11-19T17:10:55.501+0800][gc,stats    ]                                                              Last 10s              Last 10m              Last 10h                Total
[2023-11-19T17:10:55.501+0800][gc,stats    ]                                                              Avg / Max             Avg / Max             Avg / Max             Avg / Max
[2023-11-19T17:10:55.501+0800][gc,stats    ]   Collector: Garbage Collection Cycle                      0.000 / 0.000         0.000 / 0.000        23.723 / 25.775       23.723 / 25.775      ms
[2023-11-19T17:10:55.501+0800][gc,stats    ]  Contention: Mark Segment Reset Contention                     0 / 0                 0 / 0                 0 / 3                 0 / 3           ops/s
[2023-11-19T17:10:55.501+0800][gc,stats    ]  Contention: Mark SeqNum Reset Contention                      0 / 0                 0 / 0                 0 / 0                 0 / 0           ops/s
[2023-11-19T17:10:55.501+0800][gc,stats    ]    Critical: Allocation Stall                                  0 / 0                 0 / 0                 0 / 0                 0 / 0           ops/s
[2023-11-19T17:10:55.501+0800][gc,stats    ]    Critical: Allocation Stall                              0.000 / 0.000         0.000 / 0.000         0.000 / 0.000         0.000 / 0.000       ms
[2023-11-19T17:10:55.501+0800][gc,stats    ]    Critical: GC Locker Stall                                   0 / 0                 0 / 0                 0 / 0                 0 / 0           ops/s
[2023-11-19T17:10:55.501+0800][gc,stats    ]    Critical: GC Locker Stall                               0.000 / 0.000         0.000 / 0.000         0.000 / 0.000         0.000 / 0.000       ms
[2023-11-19T17:10:55.501+0800][gc,stats    ]    Critical: Relocation Stall                                  0 / 0                 0 / 0                 0 / 0                 0 / 0           ops/s
[2023-11-19T17:10:55.501+0800][gc,stats    ]    Critical: Relocation Stall                              0.000 / 0.000         0.000 / 0.000         0.000 / 0.000         0.000 / 0.000       ms
[2023-11-19T17:10:55.501+0800][gc,stats    ]      Memory: Allocation Rate                                   0 / 2                 0 / 4                 0 / 104               0 / 104         MB/s
[2023-11-19T17:10:55.501+0800][gc,stats    ]      Memory: Defragment                                        0 / 0                 0 / 0                 0 / 0                 0 / 0           ops/s
[2023-11-19T17:10:55.501+0800][gc,stats    ]      Memory: Out Of Memory                                     0 / 0                 0 / 0                 0 / 0                 0 / 0           ops/s
[2023-11-19T17:10:55.501+0800][gc,stats    ]      Memory: Page Cache Flush                                  0 / 0                 0 / 0                 0 / 0                 0 / 0           MB/s
[2023-11-19T17:10:55.501+0800][gc,stats    ]      Memory: Page Cache Hit L1                                 0 / 0                 0 / 0                 0 / 29                0 / 29          ops/s
[2023-11-19T17:10:55.501+0800][gc,stats    ]      Memory: Page Cache Hit L2                                 0 / 0                 0 / 0                 0 / 0                 0 / 0           ops/s
[2023-11-19T17:10:55.501+0800][gc,stats    ]      Memory: Page Cache Hit L3                                 0 / 1                 0 / 2                 0 / 48                0 / 48          ops/s
[2023-11-19T17:10:55.501+0800][gc,stats    ]      Memory: Page Cache Miss                                   0 / 0                 0 / 0                 0 / 1                 0 / 1           ops/s
[2023-11-19T17:10:55.501+0800][gc,stats    ]      Memory: Uncommit                                          0 / 0                 0 / 0                 0 / 0                 0 / 0           MB/s
[2023-11-19T17:10:55.501+0800][gc,stats    ]      Memory: Undo Object Allocation Failed                     0 / 0                 0 / 0                 0 / 0                 0 / 0           ops/s
[2023-11-19T17:10:55.501+0800][gc,stats    ]      Memory: Undo Object Allocation Succeeded                  0 / 0                 0 / 0                 0 / 0                 0 / 0           ops/s
[2023-11-19T17:10:55.501+0800][gc,stats    ]      Memory: Undo Page Allocation                              0 / 0                 0 / 0                 0 / 0                 0 / 0           ops/s
[2023-11-19T17:10:55.501+0800][gc,stats    ]       Phase: Concurrent Mark                               0.000 / 0.000         0.000 / 0.000        13.801 / 15.394       13.801 / 15.394      ms
[2023-11-19T17:10:55.501+0800][gc,stats    ]       Phase: Concurrent Mark Continue                      0.000 / 0.000         0.000 / 0.000         0.000 / 0.000         0.000 / 0.000       ms
[2023-11-19T17:10:55.501+0800][gc,stats    ]       Phase: Concurrent Mark Free                          0.000 / 0.000         0.000 / 0.000         0.001 / 0.001         0.001 / 0.001       ms
[2023-11-19T17:10:55.501+0800][gc,stats    ]       Phase: Concurrent Process Non-Strong References      0.000 / 0.000         0.000 / 0.000         1.810 / 1.931         1.810 / 1.931       ms
[2023-11-19T17:10:55.501+0800][gc,stats    ]       Phase: Concurrent Relocate                           0.000 / 0.000         0.000 / 0.000         2.671 / 3.187         2.671 / 3.187       ms
[2023-11-19T17:10:55.501+0800][gc,stats    ]       Phase: Concurrent Reset Relocation Set               0.000 / 0.000         0.000 / 0.000         0.001 / 0.003         0.001 / 0.003       ms
[2023-11-19T17:10:55.501+0800][gc,stats    ]       Phase: Concurrent Select Relocation Set              0.000 / 0.000         0.000 / 0.000         4.627 / 7.839         4.627 / 7.839       ms
[2023-11-19T17:10:55.501+0800][gc,stats    ]       Phase: Pause Mark End                                0.000 / 0.000         0.000 / 0.000         0.016 / 0.018         0.016 / 0.018       ms
[2023-11-19T17:10:55.501+0800][gc,stats    ]       Phase: Pause Mark Start                              0.000 / 0.000         0.000 / 0.000         0.013 / 0.019         0.013 / 0.019       ms
[2023-11-19T17:10:55.501+0800][gc,stats    ]       Phase: Pause Relocate Start                          0.000 / 0.000         0.000 / 0.000         0.008 / 0.009         0.008 / 0.009       ms
[2023-11-19T17:10:55.501+0800][gc,stats    ]    Subphase: Concurrent Classes Purge                      0.000 / 0.000         0.000 / 0.000         0.047 / 0.049         0.047 / 0.049       ms
[2023-11-19T17:10:55.501+0800][gc,stats    ]    Subphase: Concurrent Classes Unlink                     0.000 / 0.000         0.000 / 0.000         1.263 / 1.295         1.263 / 1.295       ms
[2023-11-19T17:10:55.501+0800][gc,stats    ]    Subphase: Concurrent Mark                               0.000 / 0.000         0.000 / 0.000        11.825 / 13.159       11.825 / 13.159      ms
[2023-11-19T17:10:55.501+0800][gc,stats    ]    Subphase: Concurrent Mark Try Flush                     0.000 / 0.000         0.000 / 0.000         0.057 / 0.108         0.057 / 0.108       ms
[2023-11-19T17:10:55.501+0800][gc,stats    ]    Subphase: Concurrent Mark Try Terminate                 0.000 / 0.000         0.000 / 0.000         1.420 / 4.236         1.420 / 4.236       ms
[2023-11-19T17:10:55.501+0800][gc,stats    ]    Subphase: Concurrent References Enqueue                 0.000 / 0.000         0.000 / 0.000         0.004 / 0.004         0.004 / 0.004       ms
[2023-11-19T17:10:55.501+0800][gc,stats    ]    Subphase: Concurrent References Process                 0.000 / 0.000         0.000 / 0.000         0.090 / 0.101         0.090 / 0.101       ms
[2023-11-19T17:10:55.501+0800][gc,stats    ]    Subphase: Concurrent Roots ClassLoaderDataGraph         0.000 / 0.000         0.000 / 0.000         0.103 / 0.506         0.103 / 0.506       ms
[2023-11-19T17:10:55.501+0800][gc,stats    ]    Subphase: Concurrent Roots CodeCache                    0.000 / 0.000         0.000 / 0.000         0.000 / 0.000         0.000 / 0.000       ms
[2023-11-19T17:10:55.501+0800][gc,stats    ]    Subphase: Concurrent Roots JavaThreads                  0.000 / 0.000         0.000 / 0.000         1.129 / 2.106         1.129 / 2.106       ms
[2023-11-19T17:10:55.501+0800][gc,stats    ]    Subphase: Concurrent Roots OopStorageSet                0.000 / 0.000         0.000 / 0.000         0.036 / 0.058         0.036 / 0.058       ms
[2023-11-19T17:10:55.501+0800][gc,stats    ]    Subphase: Concurrent Weak Roots OopStorageSet           0.000 / 0.000         0.000 / 0.000         0.328 / 0.486         0.328 / 0.486       ms
[2023-11-19T17:10:55.501+0800][gc,stats    ]    Subphase: Pause Mark Try Complete                       0.000 / 0.000         0.000 / 0.000         0.000 / 0.000         0.000 / 0.000       ms
[2023-11-19T17:10:55.501+0800][gc,stats    ]      System: Java Threads                                      0 / 0                 0 / 0                39 / 54               39 / 54          threads
[2023-11-19T17:10:55.501+0800][gc,stats    ] =========================================================================================================================================================
[2023-11-19T17:11:05.501+0800][gc,stats    ] === Garbage Collection Statistics =======================================================================================================================
[2023-11-19T17:11:05.501+0800][gc,stats    ]                                                              Last 10s              Last 10m              Last 10h                Total
[2023-11-19T17:11:05.501+0800][gc,stats    ]                                                              Avg / Max             Avg / Max             Avg / Max             Avg / Max
[2023-11-19T17:11:05.501+0800][gc,stats    ]   Collector: Garbage Collection Cycle                      0.000 / 0.000         0.000 / 0.000        23.723 / 25.775       23.723 / 25.775      ms
[2023-11-19T17:11:05.501+0800][gc,stats    ]  Contention: Mark Segment Reset Contention                     0 / 0                 0 / 0                 0 / 3                 0 / 3           ops/s
[2023-11-19T17:11:05.501+0800][gc,stats    ]  Contention: Mark SeqNum Reset Contention                      0 / 0                 0 / 0                 0 / 0                 0 / 0           ops/s
[2023-11-19T17:11:05.501+0800][gc,stats    ]    Critical: Allocation Stall                                  0 / 0                 0 / 0                 0 / 0                 0 / 0           ops/s
[2023-11-19T17:11:05.501+0800][gc,stats    ]    Critical: Allocation Stall                              0.000 / 0.000         0.000 / 0.000         0.000 / 0.000         0.000 / 0.000       ms
[2023-11-19T17:11:05.501+0800][gc,stats    ]    Critical: GC Locker Stall                                   0 / 0                 0 / 0                 0 / 0                 0 / 0           ops/s
[2023-11-19T17:11:05.501+0800][gc,stats    ]    Critical: GC Locker Stall                               0.000 / 0.000         0.000 / 0.000         0.000 / 0.000         0.000 / 0.000       ms
[2023-11-19T17:11:05.501+0800][gc,stats    ]    Critical: Relocation Stall                                  0 / 0                 0 / 0                 0 / 0                 0 / 0           ops/s
[2023-11-19T17:11:05.501+0800][gc,stats    ]    Critical: Relocation Stall                              0.000 / 0.000         0.000 / 0.000         0.000 / 0.000         0.000 / 0.000       ms
[2023-11-19T17:11:05.501+0800][gc,stats    ]      Memory: Allocation Rate                                   0 / 0                 0 / 4                 0 / 104               0 / 104         MB/s
[2023-11-19T17:11:05.501+0800][gc,stats    ]      Memory: Defragment                                        0 / 0                 0 / 0                 0 / 0                 0 / 0           ops/s
[2023-11-19T17:11:05.501+0800][gc,stats    ]      Memory: Out Of Memory                                     0 / 0                 0 / 0                 0 / 0                 0 / 0           ops/s
[2023-11-19T17:11:05.501+0800][gc,stats    ]      Memory: Page Cache Flush                                  0 / 0                 0 / 0                 0 / 0                 0 / 0           MB/s
[2023-11-19T17:11:05.501+0800][gc,stats    ]      Memory: Page Cache Hit L1                                 0 / 0                 0 / 0                 0 / 29                0 / 29          ops/s
[2023-11-19T17:11:05.501+0800][gc,stats    ]      Memory: Page Cache Hit L2                                 0 / 0                 0 / 0                 0 / 0                 0 / 0           ops/s
[2023-11-19T17:11:05.501+0800][gc,stats    ]      Memory: Page Cache Hit L3                                 0 / 0                 0 / 2                 0 / 48                0 / 48          ops/s
[2023-11-19T17:11:05.501+0800][gc,stats    ]      Memory: Page Cache Miss                                   0 / 0                 0 / 0                 0 / 1                 0 / 1           ops/s
[2023-11-19T17:11:05.501+0800][gc,stats    ]      Memory: Uncommit                                          0 / 0                 0 / 0                 0 / 0                 0 / 0           MB/s
[2023-11-19T17:11:05.501+0800][gc,stats    ]      Memory: Undo Object Allocation Failed                     0 / 0                 0 / 0                 0 / 0                 0 / 0           ops/s
[2023-11-19T17:11:05.501+0800][gc,stats    ]      Memory: Undo Object Allocation Succeeded                  0 / 0                 0 / 0                 0 / 0                 0 / 0           ops/s
[2023-11-19T17:11:05.501+0800][gc,stats    ]      Memory: Undo Page Allocation                              0 / 0                 0 / 0                 0 / 0                 0 / 0           ops/s
[2023-11-19T17:11:05.501+0800][gc,stats    ]       Phase: Concurrent Mark                               0.000 / 0.000         0.000 / 0.000        13.801 / 15.394       13.801 / 15.394      ms
[2023-11-19T17:11:05.501+0800][gc,stats    ]       Phase: Concurrent Mark Continue                      0.000 / 0.000         0.000 / 0.000         0.000 / 0.000         0.000 / 0.000       ms
[2023-11-19T17:11:05.501+0800][gc,stats    ]       Phase: Concurrent Mark Free                          0.000 / 0.000         0.000 / 0.000         0.001 / 0.001         0.001 / 0.001       ms
[2023-11-19T17:11:05.501+0800][gc,stats    ]       Phase: Concurrent Process Non-Strong References      0.000 / 0.000         0.000 / 0.000         1.810 / 1.931         1.810 / 1.931       ms
[2023-11-19T17:11:05.501+0800][gc,stats    ]       Phase: Concurrent Relocate                           0.000 / 0.000         0.000 / 0.000         2.671 / 3.187         2.671 / 3.187       ms
[2023-11-19T17:11:05.501+0800][gc,stats    ]       Phase: Concurrent Reset Relocation Set               0.000 / 0.000         0.000 / 0.000         0.001 / 0.003         0.001 / 0.003       ms
[2023-11-19T17:11:05.501+0800][gc,stats    ]       Phase: Concurrent Select Relocation Set              0.000 / 0.000         0.000 / 0.000         4.627 / 7.839         4.627 / 7.839       ms
[2023-11-19T17:11:05.501+0800][gc,stats    ]       Phase: Pause Mark End                                0.000 / 0.000         0.000 / 0.000         0.016 / 0.018         0.016 / 0.018       ms
[2023-11-19T17:11:05.501+0800][gc,stats    ]       Phase: Pause Mark Start                              0.000 / 0.000         0.000 / 0.000         0.013 / 0.019         0.013 / 0.019       ms
[2023-11-19T17:11:05.501+0800][gc,stats    ]       Phase: Pause Relocate Start                          0.000 / 0.000         0.000 / 0.000         0.008 / 0.009         0.008 / 0.009       ms
[2023-11-19T17:11:05.501+0800][gc,stats    ]    Subphase: Concurrent Classes Purge                      0.000 / 0.000         0.000 / 0.000         0.047 / 0.049         0.047 / 0.049       ms
[2023-11-19T17:11:05.501+0800][gc,stats    ]    Subphase: Concurrent Classes Unlink                     0.000 / 0.000         0.000 / 0.000         1.263 / 1.295         1.263 / 1.295       ms
[2023-11-19T17:11:05.501+0800][gc,stats    ]    Subphase: Concurrent Mark                               0.000 / 0.000         0.000 / 0.000        11.825 / 13.159       11.825 / 13.159      ms
[2023-11-19T17:11:05.501+0800][gc,stats    ]    Subphase: Concurrent Mark Try Flush                     0.000 / 0.000         0.000 / 0.000         0.057 / 0.108         0.057 / 0.108       ms
[2023-11-19T17:11:05.501+0800][gc,stats    ]    Subphase: Concurrent Mark Try Terminate                 0.000 / 0.000         0.000 / 0.000         1.420 / 4.236         1.420 / 4.236       ms
[2023-11-19T17:11:05.501+0800][gc,stats    ]    Subphase: Concurrent References Enqueue                 0.000 / 0.000         0.000 / 0.000         0.004 / 0.004         0.004 / 0.004       ms
[2023-11-19T17:11:05.501+0800][gc,stats    ]    Subphase: Concurrent References Process                 0.000 / 0.000         0.000 / 0.000         0.090 / 0.101         0.090 / 0.101       ms
[2023-11-19T17:11:05.501+0800][gc,stats    ]    Subphase: Concurrent Roots ClassLoaderDataGraph         0.000 / 0.000         0.000 / 0.000         0.103 / 0.506         0.103 / 0.506       ms
[2023-11-19T17:11:05.501+0800][gc,stats    ]    Subphase: Concurrent Roots CodeCache                    0.000 / 0.000         0.000 / 0.000         0.000 / 0.000         0.000 / 0.000       ms
[2023-11-19T17:11:05.501+0800][gc,stats    ]    Subphase: Concurrent Roots JavaThreads                  0.000 / 0.000         0.000 / 0.000         1.129 / 2.106         1.129 / 2.106       ms
[2023-11-19T17:11:05.501+0800][gc,stats    ]    Subphase: Concurrent Roots OopStorageSet                0.000 / 0.000         0.000 / 0.000         0.036 / 0.058         0.036 / 0.058       ms
[2023-11-19T17:11:05.501+0800][gc,stats    ]    Subphase: Concurrent Weak Roots OopStorageSet           0.000 / 0.000         0.000 / 0.000         0.328 / 0.486         0.328 / 0.486       ms
[2023-11-19T17:11:05.501+0800][gc,stats    ]    Subphase: Pause Mark Try Complete                       0.000 / 0.000         0.000 / 0.000         0.000 / 0.000         0.000 / 0.000       ms
[2023-11-19T17:11:05.501+0800][gc,stats    ]      System: Java Threads                                      0 / 0                 0 / 0                39 / 54               39 / 54          threads
[2023-11-19T17:11:05.501+0800][gc,stats    ] =========================================================================================================================================================
[2023-11-19T17:11:15.501+0800][gc,stats    ] === Garbage Collection Statistics =======================================================================================================================
[2023-11-19T17:11:15.501+0800][gc,stats    ]                                                              Last 10s              Last 10m              Last 10h                Total
[2023-11-19T17:11:15.501+0800][gc,stats    ]                                                              Avg / Max             Avg / Max             Avg / Max             Avg / Max
[2023-11-19T17:11:15.501+0800][gc,stats    ]   Collector: Garbage Collection Cycle                      0.000 / 0.000         0.000 / 0.000        23.723 / 25.775       23.723 / 25.775      ms
[2023-11-19T17:11:15.501+0800][gc,stats    ]  Contention: Mark Segment Reset Contention                     0 / 0                 0 / 0                 0 / 3                 0 / 3           ops/s
[2023-11-19T17:11:15.501+0800][gc,stats    ]  Contention: Mark SeqNum Reset Contention                      0 / 0                 0 / 0                 0 / 0                 0 / 0           ops/s
[2023-11-19T17:11:15.501+0800][gc,stats    ]    Critical: Allocation Stall                                  0 / 0                 0 / 0                 0 / 0                 0 / 0           ops/s
[2023-11-19T17:11:15.501+0800][gc,stats    ]    Critical: Allocation Stall                              0.000 / 0.000         0.000 / 0.000         0.000 / 0.000         0.000 / 0.000       ms
[2023-11-19T17:11:15.501+0800][gc,stats    ]    Critical: GC Locker Stall                                   0 / 0                 0 / 0                 0 / 0                 0 / 0           ops/s
[2023-11-19T17:11:15.501+0800][gc,stats    ]    Critical: GC Locker Stall                               0.000 / 0.000         0.000 / 0.000         0.000 / 0.000         0.000 / 0.000       ms
[2023-11-19T17:11:15.501+0800][gc,stats    ]    Critical: Relocation Stall                                  0 / 0                 0 / 0                 0 / 0                 0 / 0           ops/s
[2023-11-19T17:11:15.501+0800][gc,stats    ]    Critical: Relocation Stall                              0.000 / 0.000         0.000 / 0.000         0.000 / 0.000         0.000 / 0.000       ms
[2023-11-19T17:11:15.501+0800][gc,stats    ]      Memory: Allocation Rate                                   0 / 2                 0 / 4                 0 / 104               0 / 104         MB/s
[2023-11-19T17:11:15.501+0800][gc,stats    ]      Memory: Defragment                                        0 / 0                 0 / 0                 0 / 0                 0 / 0           ops/s
[2023-11-19T17:11:15.501+0800][gc,stats    ]      Memory: Out Of Memory                                     0 / 0                 0 / 0                 0 / 0                 0 / 0           ops/s
[2023-11-19T17:11:15.501+0800][gc,stats    ]      Memory: Page Cache Flush                                  0 / 0                 0 / 0                 0 / 0                 0 / 0           MB/s
[2023-11-19T17:11:15.501+0800][gc,stats    ]      Memory: Page Cache Hit L1                                 0 / 0                 0 / 0                 0 / 29                0 / 29          ops/s
[2023-11-19T17:11:15.501+0800][gc,stats    ]      Memory: Page Cache Hit L2                                 0 / 0                 0 / 0                 0 / 0                 0 / 0           ops/s
[2023-11-19T17:11:15.501+0800][gc,stats    ]      Memory: Page Cache Hit L3                                 0 / 1                 0 / 2                 0 / 48                0 / 48          ops/s
[2023-11-19T17:11:15.501+0800][gc,stats    ]      Memory: Page Cache Miss                                   0 / 0                 0 / 0                 0 / 1                 0 / 1           ops/s
[2023-11-19T17:11:15.501+0800][gc,stats    ]      Memory: Uncommit                                          0 / 0                 0 / 0                 0 / 0                 0 / 0           MB/s
[2023-11-19T17:11:15.501+0800][gc,stats    ]      Memory: Undo Object Allocation Failed                     0 / 0                 0 / 0                 0 / 0                 0 / 0           ops/s
[2023-11-19T17:11:15.501+0800][gc,stats    ]      Memory: Undo Object Allocation Succeeded                  0 / 0                 0 / 0                 0 / 0                 0 / 0           ops/s
[2023-11-19T17:11:15.501+0800][gc,stats    ]      Memory: Undo Page Allocation                              0 / 0                 0 / 0                 0 / 0                 0 / 0           ops/s
[2023-11-19T17:11:15.501+0800][gc,stats    ]       Phase: Concurrent Mark                               0.000 / 0.000         0.000 / 0.000        13.801 / 15.394       13.801 / 15.394      ms
[2023-11-19T17:11:15.501+0800][gc,stats    ]       Phase: Concurrent Mark Continue                      0.000 / 0.000         0.000 / 0.000         0.000 / 0.000         0.000 / 0.000       ms
[2023-11-19T17:11:15.501+0800][gc,stats    ]       Phase: Concurrent Mark Free                          0.000 / 0.000         0.000 / 0.000         0.001 / 0.001         0.001 / 0.001       ms
[2023-11-19T17:11:15.501+0800][gc,stats    ]       Phase: Concurrent Process Non-Strong References      0.000 / 0.000         0.000 / 0.000         1.810 / 1.931         1.810 / 1.931       ms
[2023-11-19T17:11:15.501+0800][gc,stats    ]       Phase: Concurrent Relocate                           0.000 / 0.000         0.000 / 0.000         2.671 / 3.187         2.671 / 3.187       ms
[2023-11-19T17:11:15.501+0800][gc,stats    ]       Phase: Concurrent Reset Relocation Set               0.000 / 0.000         0.000 / 0.000         0.001 / 0.003         0.001 / 0.003       ms
[2023-11-19T17:11:15.501+0800][gc,stats    ]       Phase: Concurrent Select Relocation Set              0.000 / 0.000         0.000 / 0.000         4.627 / 7.839         4.627 / 7.839       ms
[2023-11-19T17:11:15.501+0800][gc,stats    ]       Phase: Pause Mark End                                0.000 / 0.000         0.000 / 0.000         0.016 / 0.018         0.016 / 0.018       ms
[2023-11-19T17:11:15.501+0800][gc,stats    ]       Phase: Pause Mark Start                              0.000 / 0.000         0.000 / 0.000         0.013 / 0.019         0.013 / 0.019       ms
[2023-11-19T17:11:15.501+0800][gc,stats    ]       Phase: Pause Relocate Start                          0.000 / 0.000         0.000 / 0.000         0.008 / 0.009         0.008 / 0.009       ms
[2023-11-19T17:11:15.501+0800][gc,stats    ]    Subphase: Concurrent Classes Purge                      0.000 / 0.000         0.000 / 0.000         0.047 / 0.049         0.047 / 0.049       ms
[2023-11-19T17:11:15.501+0800][gc,stats    ]    Subphase: Concurrent Classes Unlink                     0.000 / 0.000         0.000 / 0.000         1.263 / 1.295         1.263 / 1.295       ms
[2023-11-19T17:11:15.501+0800][gc,stats    ]    Subphase: Concurrent Mark                               0.000 / 0.000         0.000 / 0.000        11.825 / 13.159       11.825 / 13.159      ms
[2023-11-19T17:11:15.501+0800][gc,stats    ]    Subphase: Concurrent Mark Try Flush                     0.000 / 0.000         0.000 / 0.000         0.057 / 0.108         0.057 / 0.108       ms
[2023-11-19T17:11:15.501+0800][gc,stats    ]    Subphase: Concurrent Mark Try Terminate                 0.000 / 0.000         0.000 / 0.000         1.420 / 4.236         1.420 / 4.236       ms
[2023-11-19T17:11:15.501+0800][gc,stats    ]    Subphase: Concurrent References Enqueue                 0.000 / 0.000         0.000 / 0.000         0.004 / 0.004         0.004 / 0.004       ms
[2023-11-19T17:11:15.501+0800][gc,stats    ]    Subphase: Concurrent References Process                 0.000 / 0.000         0.000 / 0.000         0.090 / 0.101         0.090 / 0.101       ms
[2023-11-19T17:11:15.501+0800][gc,stats    ]    Subphase: Concurrent Roots ClassLoaderDataGraph         0.000 / 0.000         0.000 / 0.000         0.103 / 0.506         0.103 / 0.506       ms
[2023-11-19T17:11:15.501+0800][gc,stats    ]    Subphase: Concurrent Roots CodeCache                    0.000 / 0.000         0.000 / 0.000         0.000 / 0.000         0.000 / 0.000       ms
[2023-11-19T17:11:15.501+0800][gc,stats    ]    Subphase: Concurrent Roots JavaThreads                  0.000 / 0.000         0.000 / 0.000         1.129 / 2.106         1.129 / 2.106       ms
[2023-11-19T17:11:15.501+0800][gc,stats    ]    Subphase: Concurrent Roots OopStorageSet                0.000 / 0.000         0.000 / 0.000         0.036 / 0.058         0.036 / 0.058       ms
[2023-11-19T17:11:15.501+0800][gc,stats    ]    Subphase: Concurrent Weak Roots OopStorageSet           0.000 / 0.000         0.000 / 0.000         0.328 / 0.486         0.328 / 0.486       ms
[2023-11-19T17:11:15.501+0800][gc,stats    ]    Subphase: Pause Mark Try Complete                       0.000 / 0.000         0.000 / 0.000         0.000 / 0.000         0.000 / 0.000       ms
[2023-11-19T17:11:15.501+0800][gc,stats    ]      System: Java Threads                                      0 / 0                 0 / 0                39 / 54               39 / 54          threads
[2023-11-19T17:11:15.501+0800][gc,stats    ] =========================================================================================================================================================
[2023-11-19T17:11:25.500+0800][gc,stats    ] === Garbage Collection Statistics =======================================================================================================================
[2023-11-19T17:11:25.500+0800][gc,stats    ]                                                              Last 10s              Last 10m              Last 10h                Total
[2023-11-19T17:11:25.500+0800][gc,stats    ]                                                              Avg / Max             Avg / Max             Avg / Max             Avg / Max
[2023-11-19T17:11:25.500+0800][gc,stats    ]   Collector: Garbage Collection Cycle                      0.000 / 0.000         0.000 / 0.000        23.723 / 25.775       23.723 / 25.775      ms
[2023-11-19T17:11:25.500+0800][gc,stats    ]  Contention: Mark Segment Reset Contention                     0 / 0                 0 / 0                 0 / 3                 0 / 3           ops/s
[2023-11-19T17:11:25.500+0800][gc,stats    ]  Contention: Mark SeqNum Reset Contention                      0 / 0                 0 / 0                 0 / 0                 0 / 0           ops/s
[2023-11-19T17:11:25.500+0800][gc,stats    ]    Critical: Allocation Stall                                  0 / 0                 0 / 0                 0 / 0                 0 / 0           ops/s
[2023-11-19T17:11:25.500+0800][gc,stats    ]    Critical: Allocation Stall                              0.000 / 0.000         0.000 / 0.000         0.000 / 0.000         0.000 / 0.000       ms
[2023-11-19T17:11:25.500+0800][gc,stats    ]    Critical: GC Locker Stall                                   0 / 0                 0 / 0                 0 / 0                 0 / 0           ops/s
[2023-11-19T17:11:25.500+0800][gc,stats    ]    Critical: GC Locker Stall                               0.000 / 0.000         0.000 / 0.000         0.000 / 0.000         0.000 / 0.000       ms
[2023-11-19T17:11:25.500+0800][gc,stats    ]    Critical: Relocation Stall                                  0 / 0                 0 / 0                 0 / 0                 0 / 0           ops/s
[2023-11-19T17:11:25.500+0800][gc,stats    ]    Critical: Relocation Stall                              0.000 / 0.000         0.000 / 0.000         0.000 / 0.000         0.000 / 0.000       ms
[2023-11-19T17:11:25.500+0800][gc,stats    ]      Memory: Allocation Rate                                   0 / 0                 0 / 4                 0 / 104               0 / 104         MB/s
[2023-11-19T17:11:25.500+0800][gc,stats    ]      Memory: Defragment                                        0 / 0                 0 / 0                 0 / 0                 0 / 0           ops/s
[2023-11-19T17:11:25.500+0800][gc,stats    ]      Memory: Out Of Memory                                     0 / 0                 0 / 0                 0 / 0                 0 / 0           ops/s
[2023-11-19T17:11:25.500+0800][gc,stats    ]      Memory: Page Cache Flush                                  0 / 0                 0 / 0                 0 / 0                 0 / 0           MB/s
[2023-11-19T17:11:25.500+0800][gc,stats    ]      Memory: Page Cache Hit L1                                 0 / 0                 0 / 0                 0 / 29                0 / 29          ops/s
[2023-11-19T17:11:25.500+0800][gc,stats    ]      Memory: Page Cache Hit L2                                 0 / 0                 0 / 0                 0 / 0                 0 / 0           ops/s
[2023-11-19T17:11:25.500+0800][gc,stats    ]      Memory: Page Cache Hit L3                                 0 / 0                 0 / 2                 0 / 48                0 / 48          ops/s
[2023-11-19T17:11:25.500+0800][gc,stats    ]      Memory: Page Cache Miss                                   0 / 0                 0 / 0                 0 / 1                 0 / 1           ops/s
[2023-11-19T17:11:25.500+0800][gc,stats    ]      Memory: Uncommit                                          0 / 0                 0 / 0                 0 / 0                 0 / 0           MB/s
[2023-11-19T17:11:25.500+0800][gc,stats    ]      Memory: Undo Object Allocation Failed                     0 / 0                 0 / 0                 0 / 0                 0 / 0           ops/s
[2023-11-19T17:11:25.500+0800][gc,stats    ]      Memory: Undo Object Allocation Succeeded                  0 / 0                 0 / 0                 0 / 0                 0 / 0           ops/s
[2023-11-19T17:11:25.500+0800][gc,stats    ]      Memory: Undo Page Allocation                              0 / 0                 0 / 0                 0 / 0                 0 / 0           ops/s
[2023-11-19T17:11:25.500+0800][gc,stats    ]       Phase: Concurrent Mark                               0.000 / 0.000         0.000 / 0.000        13.801 / 15.394       13.801 / 15.394      ms
[2023-11-19T17:11:25.500+0800][gc,stats    ]       Phase: Concurrent Mark Continue                      0.000 / 0.000         0.000 / 0.000         0.000 / 0.000         0.000 / 0.000       ms
[2023-11-19T17:11:25.500+0800][gc,stats    ]       Phase: Concurrent Mark Free                          0.000 / 0.000         0.000 / 0.000         0.001 / 0.001         0.001 / 0.001       ms
[2023-11-19T17:11:25.500+0800][gc,stats    ]       Phase: Concurrent Process Non-Strong References      0.000 / 0.000         0.000 / 0.000         1.810 / 1.931         1.810 / 1.931       ms
[2023-11-19T17:11:25.500+0800][gc,stats    ]       Phase: Concurrent Relocate                           0.000 / 0.000         0.000 / 0.000         2.671 / 3.187         2.671 / 3.187       ms
[2023-11-19T17:11:25.500+0800][gc,stats    ]       Phase: Concurrent Reset Relocation Set               0.000 / 0.000         0.000 / 0.000         0.001 / 0.003         0.001 / 0.003       ms
[2023-11-19T17:11:25.500+0800][gc,stats    ]       Phase: Concurrent Select Relocation Set              0.000 / 0.000         0.000 / 0.000         4.627 / 7.839         4.627 / 7.839       ms
[2023-11-19T17:11:25.500+0800][gc,stats    ]       Phase: Pause Mark End                                0.000 / 0.000         0.000 / 0.000         0.016 / 0.018         0.016 / 0.018       ms
[2023-11-19T17:11:25.500+0800][gc,stats    ]       Phase: Pause Mark Start                              0.000 / 0.000         0.000 / 0.000         0.013 / 0.019         0.013 / 0.019       ms
[2023-11-19T17:11:25.500+0800][gc,stats    ]       Phase: Pause Relocate Start                          0.000 / 0.000         0.000 / 0.000         0.008 / 0.009         0.008 / 0.009       ms
[2023-11-19T17:11:25.500+0800][gc,stats    ]    Subphase: Concurrent Classes Purge                      0.000 / 0.000         0.000 / 0.000         0.047 / 0.049         0.047 / 0.049       ms
[2023-11-19T17:11:25.500+0800][gc,stats    ]    Subphase: Concurrent Classes Unlink                     0.000 / 0.000         0.000 / 0.000         1.263 / 1.295         1.263 / 1.295       ms
[2023-11-19T17:11:25.500+0800][gc,stats    ]    Subphase: Concurrent Mark                               0.000 / 0.000         0.000 / 0.000        11.825 / 13.159       11.825 / 13.159      ms
[2023-11-19T17:11:25.500+0800][gc,stats    ]    Subphase: Concurrent Mark Try Flush                     0.000 / 0.000         0.000 / 0.000         0.057 / 0.108         0.057 / 0.108       ms
[2023-11-19T17:11:25.500+0800][gc,stats    ]    Subphase: Concurrent Mark Try Terminate                 0.000 / 0.000         0.000 / 0.000         1.420 / 4.236         1.420 / 4.236       ms
[2023-11-19T17:11:25.500+0800][gc,stats    ]    Subphase: Concurrent References Enqueue                 0.000 / 0.000         0.000 / 0.000         0.004 / 0.004         0.004 / 0.004       ms
[2023-11-19T17:11:25.500+0800][gc,stats    ]    Subphase: Concurrent References Process                 0.000 / 0.000         0.000 / 0.000         0.090 / 0.101         0.090 / 0.101       ms
[2023-11-19T17:11:25.500+0800][gc,stats    ]    Subphase: Concurrent Roots ClassLoaderDataGraph         0.000 / 0.000         0.000 / 0.000         0.103 / 0.506         0.103 / 0.506       ms
[2023-11-19T17:11:25.500+0800][gc,stats    ]    Subphase: Concurrent Roots CodeCache                    0.000 / 0.000         0.000 / 0.000         0.000 / 0.000         0.000 / 0.000       ms
[2023-11-19T17:11:25.500+0800][gc,stats    ]    Subphase: Concurrent Roots JavaThreads                  0.000 / 0.000         0.000 / 0.000         1.129 / 2.106         1.129 / 2.106       ms
[2023-11-19T17:11:25.500+0800][gc,stats    ]    Subphase: Concurrent Roots OopStorageSet                0.000 / 0.000         0.000 / 0.000         0.036 / 0.058         0.036 / 0.058       ms
[2023-11-19T17:11:25.500+0800][gc,stats    ]    Subphase: Concurrent Weak Roots OopStorageSet           0.000 / 0.000         0.000 / 0.000         0.328 / 0.486         0.328 / 0.486       ms
[2023-11-19T17:11:25.500+0800][gc,stats    ]    Subphase: Pause Mark Try Complete                       0.000 / 0.000         0.000 / 0.000         0.000 / 0.000         0.000 / 0.000       ms
[2023-11-19T17:11:25.500+0800][gc,stats    ]      System: Java Threads                                      0 / 0                 0 / 0                39 / 54               39 / 54          threads
[2023-11-19T17:11:25.500+0800][gc,stats    ] =========================================================================================================================================================
[2023-11-19T17:11:35.501+0800][gc,stats    ] === Garbage Collection Statistics =======================================================================================================================
[2023-11-19T17:11:35.501+0800][gc,stats    ]                                                              Last 10s              Last 10m              Last 10h                Total
[2023-11-19T17:11:35.501+0800][gc,stats    ]                                                              Avg / Max             Avg / Max             Avg / Max             Avg / Max
[2023-11-19T17:11:35.501+0800][gc,stats    ]   Collector: Garbage Collection Cycle                      0.000 / 0.000         0.000 / 0.000        23.723 / 25.775       23.723 / 25.775      ms
[2023-11-19T17:11:35.501+0800][gc,stats    ]  Contention: Mark Segment Reset Contention                     0 / 0                 0 / 0                 0 / 3                 0 / 3           ops/s
[2023-11-19T17:11:35.501+0800][gc,stats    ]  Contention: Mark SeqNum Reset Contention                      0 / 0                 0 / 0                 0 / 0                 0 / 0           ops/s
[2023-11-19T17:11:35.501+0800][gc,stats    ]    Critical: Allocation Stall                                  0 / 0                 0 / 0                 0 / 0                 0 / 0           ops/s
[2023-11-19T17:11:35.501+0800][gc,stats    ]    Critical: Allocation Stall                              0.000 / 0.000         0.000 / 0.000         0.000 / 0.000         0.000 / 0.000       ms
[2023-11-19T17:11:35.501+0800][gc,stats    ]    Critical: GC Locker Stall                                   0 / 0                 0 / 0                 0 / 0                 0 / 0           ops/s
[2023-11-19T17:11:35.501+0800][gc,stats    ]    Critical: GC Locker Stall                               0.000 / 0.000         0.000 / 0.000         0.000 / 0.000         0.000 / 0.000       ms
[2023-11-19T17:11:35.501+0800][gc,stats    ]    Critical: Relocation Stall                                  0 / 0                 0 / 0                 0 / 0                 0 / 0           ops/s
[2023-11-19T17:11:35.501+0800][gc,stats    ]    Critical: Relocation Stall                              0.000 / 0.000         0.000 / 0.000         0.000 / 0.000         0.000 / 0.000       ms
[2023-11-19T17:11:35.501+0800][gc,stats    ]      Memory: Allocation Rate                                   0 / 2                 0 / 4                 0 / 104               0 / 104         MB/s
[2023-11-19T17:11:35.501+0800][gc,stats    ]      Memory: Defragment                                        0 / 0                 0 / 0                 0 / 0                 0 / 0           ops/s
[2023-11-19T17:11:35.501+0800][gc,stats    ]      Memory: Out Of Memory                                     0 / 0                 0 / 0                 0 / 0                 0 / 0           ops/s
[2023-11-19T17:11:35.501+0800][gc,stats    ]      Memory: Page Cache Flush                                  0 / 0                 0 / 0                 0 / 0                 0 / 0           MB/s
[2023-11-19T17:11:35.501+0800][gc,stats    ]      Memory: Page Cache Hit L1                                 0 / 0                 0 / 0                 0 / 29                0 / 29          ops/s
[2023-11-19T17:11:35.501+0800][gc,stats    ]      Memory: Page Cache Hit L2                                 0 / 0                 0 / 0                 0 / 0                 0 / 0           ops/s
[2023-11-19T17:11:35.501+0800][gc,stats    ]      Memory: Page Cache Hit L3                                 0 / 1                 0 / 2                 0 / 48                0 / 48          ops/s
[2023-11-19T17:11:35.501+0800][gc,stats    ]      Memory: Page Cache Miss                                   0 / 0                 0 / 0                 0 / 1                 0 / 1           ops/s
[2023-11-19T17:11:35.501+0800][gc,stats    ]      Memory: Uncommit                                          0 / 0                 0 / 0                 0 / 0                 0 / 0           MB/s
[2023-11-19T17:11:35.501+0800][gc,stats    ]      Memory: Undo Object Allocation Failed                     0 / 0                 0 / 0                 0 / 0                 0 / 0           ops/s
[2023-11-19T17:11:35.501+0800][gc,stats    ]      Memory: Undo Object Allocation Succeeded                  0 / 0                 0 / 0                 0 / 0                 0 / 0           ops/s
[2023-11-19T17:11:35.501+0800][gc,stats    ]      Memory: Undo Page Allocation                              0 / 0                 0 / 0                 0 / 0                 0 / 0           ops/s
[2023-11-19T17:11:35.501+0800][gc,stats    ]       Phase: Concurrent Mark                               0.000 / 0.000         0.000 / 0.000        13.801 / 15.394       13.801 / 15.394      ms
[2023-11-19T17:11:35.501+0800][gc,stats    ]       Phase: Concurrent Mark Continue                      0.000 / 0.000         0.000 / 0.000         0.000 / 0.000         0.000 / 0.000       ms
[2023-11-19T17:11:35.501+0800][gc,stats    ]       Phase: Concurrent Mark Free                          0.000 / 0.000         0.000 / 0.000         0.001 / 0.001         0.001 / 0.001       ms
[2023-11-19T17:11:35.501+0800][gc,stats    ]       Phase: Concurrent Process Non-Strong References      0.000 / 0.000         0.000 / 0.000         1.810 / 1.931         1.810 / 1.931       ms
[2023-11-19T17:11:35.501+0800][gc,stats    ]       Phase: Concurrent Relocate                           0.000 / 0.000         0.000 / 0.000         2.671 / 3.187         2.671 / 3.187       ms
[2023-11-19T17:11:35.501+0800][gc,stats    ]       Phase: Concurrent Reset Relocation Set               0.000 / 0.000         0.000 / 0.000         0.001 / 0.003         0.001 / 0.003       ms
[2023-11-19T17:11:35.501+0800][gc,stats    ]       Phase: Concurrent Select Relocation Set              0.000 / 0.000         0.000 / 0.000         4.627 / 7.839         4.627 / 7.839       ms
[2023-11-19T17:11:35.501+0800][gc,stats    ]       Phase: Pause Mark End                                0.000 / 0.000         0.000 / 0.000         0.016 / 0.018         0.016 / 0.018       ms
[2023-11-19T17:11:35.501+0800][gc,stats    ]       Phase: Pause Mark Start                              0.000 / 0.000         0.000 / 0.000         0.013 / 0.019         0.013 / 0.019       ms
[2023-11-19T17:11:35.501+0800][gc,stats    ]       Phase: Pause Relocate Start                          0.000 / 0.000         0.000 / 0.000         0.008 / 0.009         0.008 / 0.009       ms
[2023-11-19T17:11:35.501+0800][gc,stats    ]    Subphase: Concurrent Classes Purge                      0.000 / 0.000         0.000 / 0.000         0.047 / 0.049         0.047 / 0.049       ms
[2023-11-19T17:11:35.501+0800][gc,stats    ]    Subphase: Concurrent Classes Unlink                     0.000 / 0.000         0.000 / 0.000         1.263 / 1.295         1.263 / 1.295       ms
[2023-11-19T17:11:35.501+0800][gc,stats    ]    Subphase: Concurrent Mark                               0.000 / 0.000         0.000 / 0.000        11.825 / 13.159       11.825 / 13.159      ms
[2023-11-19T17:11:35.501+0800][gc,stats    ]    Subphase: Concurrent Mark Try Flush                     0.000 / 0.000         0.000 / 0.000         0.057 / 0.108         0.057 / 0.108       ms
[2023-11-19T17:11:35.501+0800][gc,stats    ]    Subphase: Concurrent Mark Try Terminate                 0.000 / 0.000         0.000 / 0.000         1.420 / 4.236         1.420 / 4.236       ms
[2023-11-19T17:11:35.501+0800][gc,stats    ]    Subphase: Concurrent References Enqueue                 0.000 / 0.000         0.000 / 0.000         0.004 / 0.004         0.004 / 0.004       ms
[2023-11-19T17:11:35.501+0800][gc,stats    ]    Subphase: Concurrent References Process                 0.000 / 0.000         0.000 / 0.000         0.090 / 0.101         0.090 / 0.101       ms
[2023-11-19T17:11:35.501+0800][gc,stats    ]    Subphase: Concurrent Roots ClassLoaderDataGraph         0.000 / 0.000         0.000 / 0.000         0.103 / 0.506         0.103 / 0.506       ms
[2023-11-19T17:11:35.501+0800][gc,stats    ]    Subphase: Concurrent Roots CodeCache                    0.000 / 0.000         0.000 / 0.000         0.000 / 0.000         0.000 / 0.000       ms
[2023-11-19T17:11:35.501+0800][gc,stats    ]    Subphase: Concurrent Roots JavaThreads                  0.000 / 0.000         0.000 / 0.000         1.129 / 2.106         1.129 / 2.106       ms
[2023-11-19T17:11:35.501+0800][gc,stats    ]    Subphase: Concurrent Roots OopStorageSet                0.000 / 0.000         0.000 / 0.000         0.036 / 0.058         0.036 / 0.058       ms
[2023-11-19T17:11:35.501+0800][gc,stats    ]    Subphase: Concurrent Weak Roots OopStorageSet           0.000 / 0.000         0.000 / 0.000         0.328 / 0.486         0.328 / 0.486       ms
[2023-11-19T17:11:35.501+0800][gc,stats    ]    Subphase: Pause Mark Try Complete                       0.000 / 0.000         0.000 / 0.000         0.000 / 0.000         0.000 / 0.000       ms
[2023-11-19T17:11:35.501+0800][gc,stats    ]      System: Java Threads                                      0 / 0                 0 / 0                39 / 54               39 / 54          threads
[2023-11-19T17:11:35.501+0800][gc,stats    ] =========================================================================================================================================================
[2023-11-19T17:11:45.501+0800][gc,stats    ] === Garbage Collection Statistics =======================================================================================================================
[2023-11-19T17:11:45.501+0800][gc,stats    ]                                                              Last 10s              Last 10m              Last 10h                Total
[2023-11-19T17:11:45.501+0800][gc,stats    ]                                                              Avg / Max             Avg / Max             Avg / Max             Avg / Max
[2023-11-19T17:11:45.501+0800][gc,stats    ]   Collector: Garbage Collection Cycle                      0.000 / 0.000         0.000 / 0.000        23.723 / 25.775       23.723 / 25.775      ms
[2023-11-19T17:11:45.501+0800][gc,stats    ]  Contention: Mark Segment Reset Contention                     0 / 0                 0 / 0                 0 / 3                 0 / 3           ops/s
[2023-11-19T17:11:45.501+0800][gc,stats    ]  Contention: Mark SeqNum Reset Contention                      0 / 0                 0 / 0                 0 / 0                 0 / 0           ops/s
[2023-11-19T17:11:45.501+0800][gc,stats    ]    Critical: Allocation Stall                                  0 / 0                 0 / 0                 0 / 0                 0 / 0           ops/s
[2023-11-19T17:11:45.501+0800][gc,stats    ]    Critical: Allocation Stall                              0.000 / 0.000         0.000 / 0.000         0.000 / 0.000         0.000 / 0.000       ms
[2023-11-19T17:11:45.501+0800][gc,stats    ]    Critical: GC Locker Stall                                   0 / 0                 0 / 0                 0 / 0                 0 / 0           ops/s
[2023-11-19T17:11:45.501+0800][gc,stats    ]    Critical: GC Locker Stall                               0.000 / 0.000         0.000 / 0.000         0.000 / 0.000         0.000 / 0.000       ms
[2023-11-19T17:11:45.501+0800][gc,stats    ]    Critical: Relocation Stall                                  0 / 0                 0 / 0                 0 / 0                 0 / 0           ops/s
[2023-11-19T17:11:45.501+0800][gc,stats    ]    Critical: Relocation Stall                              0.000 / 0.000         0.000 / 0.000         0.000 / 0.000         0.000 / 0.000       ms
[2023-11-19T17:11:45.501+0800][gc,stats    ]      Memory: Allocation Rate                                   0 / 0                 0 / 4                 0 / 104               0 / 104         MB/s
[2023-11-19T17:11:45.501+0800][gc,stats    ]      Memory: Defragment                                        0 / 0                 0 / 0                 0 / 0                 0 / 0           ops/s
[2023-11-19T17:11:45.501+0800][gc,stats    ]      Memory: Out Of Memory                                     0 / 0                 0 / 0                 0 / 0                 0 / 0           ops/s
[2023-11-19T17:11:45.501+0800][gc,stats    ]      Memory: Page Cache Flush                                  0 / 0                 0 / 0                 0 / 0                 0 / 0           MB/s
[2023-11-19T17:11:45.501+0800][gc,stats    ]      Memory: Page Cache Hit L1                                 0 / 0                 0 / 0                 0 / 29                0 / 29          ops/s
[2023-11-19T17:11:45.501+0800][gc,stats    ]      Memory: Page Cache Hit L2                                 0 / 0                 0 / 0                 0 / 0                 0 / 0           ops/s
[2023-11-19T17:11:45.501+0800][gc,stats    ]      Memory: Page Cache Hit L3                                 0 / 0                 0 / 2                 0 / 48                0 / 48          ops/s
[2023-11-19T17:11:45.501+0800][gc,stats    ]      Memory: Page Cache Miss                                   0 / 0                 0 / 0                 0 / 1                 0 / 1           ops/s
[2023-11-19T17:11:45.501+0800][gc,stats    ]      Memory: Uncommit                                          0 / 0                 0 / 0                 0 / 0                 0 / 0           MB/s
[2023-11-19T17:11:45.501+0800][gc,stats    ]      Memory: Undo Object Allocation Failed                     0 / 0                 0 / 0                 0 / 0                 0 / 0           ops/s
[2023-11-19T17:11:45.501+0800][gc,stats    ]      Memory: Undo Object Allocation Succeeded                  0 / 0                 0 / 0                 0 / 0                 0 / 0           ops/s
[2023-11-19T17:11:45.501+0800][gc,stats    ]      Memory: Undo Page Allocation                              0 / 0                 0 / 0                 0 / 0                 0 / 0           ops/s
[2023-11-19T17:11:45.501+0800][gc,stats    ]       Phase: Concurrent Mark                               0.000 / 0.000         0.000 / 0.000        13.801 / 15.394       13.801 / 15.394      ms
[2023-11-19T17:11:45.501+0800][gc,stats    ]       Phase: Concurrent Mark Continue                      0.000 / 0.000         0.000 / 0.000         0.000 / 0.000         0.000 / 0.000       ms
[2023-11-19T17:11:45.501+0800][gc,stats    ]       Phase: Concurrent Mark Free                          0.000 / 0.000         0.000 / 0.000         0.001 / 0.001         0.001 / 0.001       ms
[2023-11-19T17:11:45.501+0800][gc,stats    ]       Phase: Concurrent Process Non-Strong References      0.000 / 0.000         0.000 / 0.000         1.810 / 1.931         1.810 / 1.931       ms
[2023-11-19T17:11:45.501+0800][gc,stats    ]       Phase: Concurrent Relocate                           0.000 / 0.000         0.000 / 0.000         2.671 / 3.187         2.671 / 3.187       ms
[2023-11-19T17:11:45.501+0800][gc,stats    ]       Phase: Concurrent Reset Relocation Set               0.000 / 0.000         0.000 / 0.000         0.001 / 0.003         0.001 / 0.003       ms
[2023-11-19T17:11:45.501+0800][gc,stats    ]       Phase: Concurrent Select Relocation Set              0.000 / 0.000         0.000 / 0.000         4.627 / 7.839         4.627 / 7.839       ms
[2023-11-19T17:11:45.501+0800][gc,stats    ]       Phase: Pause Mark End                                0.000 / 0.000         0.000 / 0.000         0.016 / 0.018         0.016 / 0.018       ms
[2023-11-19T17:11:45.501+0800][gc,stats    ]       Phase: Pause Mark Start                              0.000 / 0.000         0.000 / 0.000         0.013 / 0.019         0.013 / 0.019       ms
[2023-11-19T17:11:45.501+0800][gc,stats    ]       Phase: Pause Relocate Start                          0.000 / 0.000         0.000 / 0.000         0.008 / 0.009         0.008 / 0.009       ms
[2023-11-19T17:11:45.501+0800][gc,stats    ]    Subphase: Concurrent Classes Purge                      0.000 / 0.000         0.000 / 0.000         0.047 / 0.049         0.047 / 0.049       ms
[2023-11-19T17:11:45.501+0800][gc,stats    ]    Subphase: Concurrent Classes Unlink                     0.000 / 0.000         0.000 / 0.000         1.263 / 1.295         1.263 / 1.295       ms
[2023-11-19T17:11:45.501+0800][gc,stats    ]    Subphase: Concurrent Mark                               0.000 / 0.000         0.000 / 0.000        11.825 / 13.159       11.825 / 13.159      ms
[2023-11-19T17:11:45.501+0800][gc,stats    ]    Subphase: Concurrent Mark Try Flush                     0.000 / 0.000         0.000 / 0.000         0.057 / 0.108         0.057 / 0.108       ms
[2023-11-19T17:11:45.501+0800][gc,stats    ]    Subphase: Concurrent Mark Try Terminate                 0.000 / 0.000         0.000 / 0.000         1.420 / 4.236         1.420 / 4.236       ms
[2023-11-19T17:11:45.501+0800][gc,stats    ]    Subphase: Concurrent References Enqueue                 0.000 / 0.000         0.000 / 0.000         0.004 / 0.004         0.004 / 0.004       ms
[2023-11-19T17:11:45.501+0800][gc,stats    ]    Subphase: Concurrent References Process                 0.000 / 0.000         0.000 / 0.000         0.090 / 0.101         0.090 / 0.101       ms
[2023-11-19T17:11:45.501+0800][gc,stats    ]    Subphase: Concurrent Roots ClassLoaderDataGraph         0.000 / 0.000         0.000 / 0.000         0.103 / 0.506         0.103 / 0.506       ms
[2023-11-19T17:11:45.501+0800][gc,stats    ]    Subphase: Concurrent Roots CodeCache                    0.000 / 0.000         0.000 / 0.000         0.000 / 0.000         0.000 / 0.000       ms
[2023-11-19T17:11:45.501+0800][gc,stats    ]    Subphase: Concurrent Roots JavaThreads                  0.000 / 0.000         0.000 / 0.000         1.129 / 2.106         1.129 / 2.106       ms
[2023-11-19T17:11:45.501+0800][gc,stats    ]    Subphase: Concurrent Roots OopStorageSet                0.000 / 0.000         0.000 / 0.000         0.036 / 0.058         0.036 / 0.058       ms
[2023-11-19T17:11:45.501+0800][gc,stats    ]    Subphase: Concurrent Weak Roots OopStorageSet           0.000 / 0.000         0.000 / 0.000         0.328 / 0.486         0.328 / 0.486       ms
[2023-11-19T17:11:45.501+0800][gc,stats    ]    Subphase: Pause Mark Try Complete                       0.000 / 0.000         0.000 / 0.000         0.000 / 0.000         0.000 / 0.000       ms
[2023-11-19T17:11:45.501+0800][gc,stats    ]      System: Java Threads                                      0 / 0                 0 / 0                39 / 54               39 / 54          threads
[2023-11-19T17:11:45.501+0800][gc,stats    ] =========================================================================================================================================================
[2023-11-19T17:11:55.500+0800][gc,stats    ] === Garbage Collection Statistics =======================================================================================================================
[2023-11-19T17:11:55.500+0800][gc,stats    ]                                                              Last 10s              Last 10m              Last 10h                Total
[2023-11-19T17:11:55.500+0800][gc,stats    ]                                                              Avg / Max             Avg / Max             Avg / Max             Avg / Max
[2023-11-19T17:11:55.500+0800][gc,stats    ]   Collector: Garbage Collection Cycle                      0.000 / 0.000         0.000 / 0.000        23.723 / 25.775       23.723 / 25.775      ms
[2023-11-19T17:11:55.500+0800][gc,stats    ]  Contention: Mark Segment Reset Contention                     0 / 0                 0 / 0                 0 / 3                 0 / 3           ops/s
[2023-11-19T17:11:55.500+0800][gc,stats    ]  Contention: Mark SeqNum Reset Contention                      0 / 0                 0 / 0                 0 / 0                 0 / 0           ops/s
[2023-11-19T17:11:55.500+0800][gc,stats    ]    Critical: Allocation Stall                                  0 / 0                 0 / 0                 0 / 0                 0 / 0           ops/s
[2023-11-19T17:11:55.500+0800][gc,stats    ]    Critical: Allocation Stall                              0.000 / 0.000         0.000 / 0.000         0.000 / 0.000         0.000 / 0.000       ms
[2023-11-19T17:11:55.500+0800][gc,stats    ]    Critical: GC Locker Stall                                   0 / 0                 0 / 0                 0 / 0                 0 / 0           ops/s
[2023-11-19T17:11:55.500+0800][gc,stats    ]    Critical: GC Locker Stall                               0.000 / 0.000         0.000 / 0.000         0.000 / 0.000         0.000 / 0.000       ms
[2023-11-19T17:11:55.500+0800][gc,stats    ]    Critical: Relocation Stall                                  0 / 0                 0 / 0                 0 / 0                 0 / 0           ops/s
[2023-11-19T17:11:55.500+0800][gc,stats    ]    Critical: Relocation Stall                              0.000 / 0.000         0.000 / 0.000         0.000 / 0.000         0.000 / 0.000       ms
[2023-11-19T17:11:55.500+0800][gc,stats    ]      Memory: Allocation Rate                                   0 / 0                 0 / 4                 0 / 104               0 / 104         MB/s
[2023-11-19T17:11:55.500+0800][gc,stats    ]      Memory: Defragment                                        0 / 0                 0 / 0                 0 / 0                 0 / 0           ops/s
[2023-11-19T17:11:55.500+0800][gc,stats    ]      Memory: Out Of Memory                                     0 / 0                 0 / 0                 0 / 0                 0 / 0           ops/s
[2023-11-19T17:11:55.500+0800][gc,stats    ]      Memory: Page Cache Flush                                  0 / 0                 0 / 0                 0 / 0                 0 / 0           MB/s
[2023-11-19T17:11:55.500+0800][gc,stats    ]      Memory: Page Cache Hit L1                                 0 / 0                 0 / 0                 0 / 29                0 / 29          ops/s
[2023-11-19T17:11:55.500+0800][gc,stats    ]      Memory: Page Cache Hit L2                                 0 / 0                 0 / 0                 0 / 0                 0 / 0           ops/s
[2023-11-19T17:11:55.500+0800][gc,stats    ]      Memory: Page Cache Hit L3                                 0 / 0                 0 / 2                 0 / 48                0 / 48          ops/s
[2023-11-19T17:11:55.500+0800][gc,stats    ]      Memory: Page Cache Miss                                   0 / 0                 0 / 0                 0 / 1                 0 / 1           ops/s
[2023-11-19T17:11:55.500+0800][gc,stats    ]      Memory: Uncommit                                          0 / 0                 0 / 0                 0 / 0                 0 / 0           MB/s
[2023-11-19T17:11:55.500+0800][gc,stats    ]      Memory: Undo Object Allocation Failed                     0 / 0                 0 / 0                 0 / 0                 0 / 0           ops/s
[2023-11-19T17:11:55.500+0800][gc,stats    ]      Memory: Undo Object Allocation Succeeded                  0 / 0                 0 / 0                 0 / 0                 0 / 0           ops/s
[2023-11-19T17:11:55.500+0800][gc,stats    ]      Memory: Undo Page Allocation                              0 / 0                 0 / 0                 0 / 0                 0 / 0           ops/s
[2023-11-19T17:11:55.500+0800][gc,stats    ]       Phase: Concurrent Mark                               0.000 / 0.000         0.000 / 0.000        13.801 / 15.394       13.801 / 15.394      ms
[2023-11-19T17:11:55.500+0800][gc,stats    ]       Phase: Concurrent Mark Continue                      0.000 / 0.000         0.000 / 0.000         0.000 / 0.000         0.000 / 0.000       ms
[2023-11-19T17:11:55.500+0800][gc,stats    ]       Phase: Concurrent Mark Free                          0.000 / 0.000         0.000 / 0.000         0.001 / 0.001         0.001 / 0.001       ms
[2023-11-19T17:11:55.500+0800][gc,stats    ]       Phase: Concurrent Process Non-Strong References      0.000 / 0.000         0.000 / 0.000         1.810 / 1.931         1.810 / 1.931       ms
[2023-11-19T17:11:55.500+0800][gc,stats    ]       Phase: Concurrent Relocate                           0.000 / 0.000         0.000 / 0.000         2.671 / 3.187         2.671 / 3.187       ms
[2023-11-19T17:11:55.500+0800][gc,stats    ]       Phase: Concurrent Reset Relocation Set               0.000 / 0.000         0.000 / 0.000         0.001 / 0.003         0.001 / 0.003       ms
[2023-11-19T17:11:55.500+0800][gc,stats    ]       Phase: Concurrent Select Relocation Set              0.000 / 0.000         0.000 / 0.000         4.627 / 7.839         4.627 / 7.839       ms
[2023-11-19T17:11:55.500+0800][gc,stats    ]       Phase: Pause Mark End                                0.000 / 0.000         0.000 / 0.000         0.016 / 0.018         0.016 / 0.018       ms
[2023-11-19T17:11:55.500+0800][gc,stats    ]       Phase: Pause Mark Start                              0.000 / 0.000         0.000 / 0.000         0.013 / 0.019         0.013 / 0.019       ms
[2023-11-19T17:11:55.500+0800][gc,stats    ]       Phase: Pause Relocate Start                          0.000 / 0.000         0.000 / 0.000         0.008 / 0.009         0.008 / 0.009       ms
[2023-11-19T17:11:55.500+0800][gc,stats    ]    Subphase: Concurrent Classes Purge                      0.000 / 0.000         0.000 / 0.000         0.047 / 0.049         0.047 / 0.049       ms
[2023-11-19T17:11:55.500+0800][gc,stats    ]    Subphase: Concurrent Classes Unlink                     0.000 / 0.000         0.000 / 0.000         1.263 / 1.295         1.263 / 1.295       ms
[2023-11-19T17:11:55.500+0800][gc,stats    ]    Subphase: Concurrent Mark                               0.000 / 0.000         0.000 / 0.000        11.825 / 13.159       11.825 / 13.159      ms
[2023-11-19T17:11:55.500+0800][gc,stats    ]    Subphase: Concurrent Mark Try Flush                     0.000 / 0.000         0.000 / 0.000         0.057 / 0.108         0.057 / 0.108       ms
[2023-11-19T17:11:55.500+0800][gc,stats    ]    Subphase: Concurrent Mark Try Terminate                 0.000 / 0.000         0.000 / 0.000         1.420 / 4.236         1.420 / 4.236       ms
[2023-11-19T17:11:55.500+0800][gc,stats    ]    Subphase: Concurrent References Enqueue                 0.000 / 0.000         0.000 / 0.000         0.004 / 0.004         0.004 / 0.004       ms
[2023-11-19T17:11:55.500+0800][gc,stats    ]    Subphase: Concurrent References Process                 0.000 / 0.000         0.000 / 0.000         0.090 / 0.101         0.090 / 0.101       ms
[2023-11-19T17:11:55.500+0800][gc,stats    ]    Subphase: Concurrent Roots ClassLoaderDataGraph         0.000 / 0.000         0.000 / 0.000         0.103 / 0.506         0.103 / 0.506       ms
[2023-11-19T17:11:55.500+0800][gc,stats    ]    Subphase: Concurrent Roots CodeCache                    0.000 / 0.000         0.000 / 0.000         0.000 / 0.000         0.000 / 0.000       ms
[2023-11-19T17:11:55.500+0800][gc,stats    ]    Subphase: Concurrent Roots JavaThreads                  0.000 / 0.000         0.000 / 0.000         1.129 / 2.106         1.129 / 2.106       ms
[2023-11-19T17:11:55.500+0800][gc,stats    ]    Subphase: Concurrent Roots OopStorageSet                0.000 / 0.000         0.000 / 0.000         0.036 / 0.058         0.036 / 0.058       ms
[2023-11-19T17:11:55.500+0800][gc,stats    ]    Subphase: Concurrent Weak Roots OopStorageSet           0.000 / 0.000         0.000 / 0.000         0.328 / 0.486         0.328 / 0.486       ms
[2023-11-19T17:11:55.500+0800][gc,stats    ]    Subphase: Pause Mark Try Complete                       0.000 / 0.000         0.000 / 0.000         0.000 / 0.000         0.000 / 0.000       ms
[2023-11-19T17:11:55.500+0800][gc,stats    ]      System: Java Threads                                      0 / 0                 0 / 0                39 / 54               39 / 54          threads
[2023-11-19T17:11:55.500+0800][gc,stats    ] =========================================================================================================================================================
[2023-11-19T17:12:05.502+0800][gc,stats    ] === Garbage Collection Statistics =======================================================================================================================
[2023-11-19T17:12:05.502+0800][gc,stats    ]                                                              Last 10s              Last 10m              Last 10h                Total
[2023-11-19T17:12:05.502+0800][gc,stats    ]                                                              Avg / Max             Avg / Max             Avg / Max             Avg / Max
[2023-11-19T17:12:05.502+0800][gc,stats    ]   Collector: Garbage Collection Cycle                      0.000 / 0.000         0.000 / 0.000        23.723 / 25.775       23.723 / 25.775      ms
[2023-11-19T17:12:05.502+0800][gc,stats    ]  Contention: Mark Segment Reset Contention                     0 / 0                 0 / 0                 0 / 3                 0 / 3           ops/s
[2023-11-19T17:12:05.502+0800][gc,stats    ]  Contention: Mark SeqNum Reset Contention                      0 / 0                 0 / 0                 0 / 0                 0 / 0           ops/s
[2023-11-19T17:12:05.502+0800][gc,stats    ]    Critical: Allocation Stall                                  0 / 0                 0 / 0                 0 / 0                 0 / 0           ops/s
[2023-11-19T17:12:05.502+0800][gc,stats    ]    Critical: Allocation Stall                              0.000 / 0.000         0.000 / 0.000         0.000 / 0.000         0.000 / 0.000       ms
[2023-11-19T17:12:05.502+0800][gc,stats    ]    Critical: GC Locker Stall                                   0 / 0                 0 / 0                 0 / 0                 0 / 0           ops/s
[2023-11-19T17:12:05.502+0800][gc,stats    ]    Critical: GC Locker Stall                               0.000 / 0.000         0.000 / 0.000         0.000 / 0.000         0.000 / 0.000       ms
[2023-11-19T17:12:05.502+0800][gc,stats    ]    Critical: Relocation Stall                                  0 / 0                 0 / 0                 0 / 0                 0 / 0           ops/s
[2023-11-19T17:12:05.502+0800][gc,stats    ]    Critical: Relocation Stall                              0.000 / 0.000         0.000 / 0.000         0.000 / 0.000         0.000 / 0.000       ms
[2023-11-19T17:12:05.502+0800][gc,stats    ]      Memory: Allocation Rate                                   0 / 0                 0 / 4                 0 / 104               0 / 104         MB/s
[2023-11-19T17:12:05.502+0800][gc,stats    ]      Memory: Defragment                                        0 / 0                 0 / 0                 0 / 0                 0 / 0           ops/s
[2023-11-19T17:12:05.502+0800][gc,stats    ]      Memory: Out Of Memory                                     0 / 0                 0 / 0                 0 / 0                 0 / 0           ops/s
[2023-11-19T17:12:05.502+0800][gc,stats    ]      Memory: Page Cache Flush                                  0 / 0                 0 / 0                 0 / 0                 0 / 0           MB/s
[2023-11-19T17:12:05.502+0800][gc,stats    ]      Memory: Page Cache Hit L1                                 0 / 0                 0 / 0                 0 / 29                0 / 29          ops/s
[2023-11-19T17:12:05.502+0800][gc,stats    ]      Memory: Page Cache Hit L2                                 0 / 0                 0 / 0                 0 / 0                 0 / 0           ops/s
[2023-11-19T17:12:05.502+0800][gc,stats    ]      Memory: Page Cache Hit L3                                 0 / 0                 0 / 2                 0 / 48                0 / 48          ops/s
[2023-11-19T17:12:05.502+0800][gc,stats    ]      Memory: Page Cache Miss                                   0 / 0                 0 / 0                 0 / 1                 0 / 1           ops/s
[2023-11-19T17:12:05.502+0800][gc,stats    ]      Memory: Uncommit                                          0 / 0                 0 / 0                 0 / 0                 0 / 0           MB/s
[2023-11-19T17:12:05.502+0800][gc,stats    ]      Memory: Undo Object Allocation Failed                     0 / 0                 0 / 0                 0 / 0                 0 / 0           ops/s
[2023-11-19T17:12:05.502+0800][gc,stats    ]      Memory: Undo Object Allocation Succeeded                  0 / 0                 0 / 0                 0 / 0                 0 / 0           ops/s
[2023-11-19T17:12:05.502+0800][gc,stats    ]      Memory: Undo Page Allocation                              0 / 0                 0 / 0                 0 / 0                 0 / 0           ops/s
[2023-11-19T17:12:05.502+0800][gc,stats    ]       Phase: Concurrent Mark                               0.000 / 0.000         0.000 / 0.000        13.801 / 15.394       13.801 / 15.394      ms
[2023-11-19T17:12:05.502+0800][gc,stats    ]       Phase: Concurrent Mark Continue                      0.000 / 0.000         0.000 / 0.000         0.000 / 0.000         0.000 / 0.000       ms
[2023-11-19T17:12:05.502+0800][gc,stats    ]       Phase: Concurrent Mark Free                          0.000 / 0.000         0.000 / 0.000         0.001 / 0.001         0.001 / 0.001       ms
[2023-11-19T17:12:05.502+0800][gc,stats    ]       Phase: Concurrent Process Non-Strong References      0.000 / 0.000         0.000 / 0.000         1.810 / 1.931         1.810 / 1.931       ms
[2023-11-19T17:12:05.502+0800][gc,stats    ]       Phase: Concurrent Relocate                           0.000 / 0.000         0.000 / 0.000         2.671 / 3.187         2.671 / 3.187       ms
[2023-11-19T17:12:05.502+0800][gc,stats    ]       Phase: Concurrent Reset Relocation Set               0.000 / 0.000         0.000 / 0.000         0.001 / 0.003         0.001 / 0.003       ms
[2023-11-19T17:12:05.502+0800][gc,stats    ]       Phase: Concurrent Select Relocation Set              0.000 / 0.000         0.000 / 0.000         4.627 / 7.839         4.627 / 7.839       ms
[2023-11-19T17:12:05.502+0800][gc,stats    ]       Phase: Pause Mark End                                0.000 / 0.000         0.000 / 0.000         0.016 / 0.018         0.016 / 0.018       ms
[2023-11-19T17:12:05.502+0800][gc,stats    ]       Phase: Pause Mark Start                              0.000 / 0.000         0.000 / 0.000         0.013 / 0.019         0.013 / 0.019       ms
[2023-11-19T17:12:05.502+0800][gc,stats    ]       Phase: Pause Relocate Start                          0.000 / 0.000         0.000 / 0.000         0.008 / 0.009         0.008 / 0.009       ms
[2023-11-19T17:12:05.502+0800][gc,stats    ]    Subphase: Concurrent Classes Purge                      0.000 / 0.000         0.000 / 0.000         0.047 / 0.049         0.047 / 0.049       ms
[2023-11-19T17:12:05.502+0800][gc,stats    ]    Subphase: Concurrent Classes Unlink                     0.000 / 0.000         0.000 / 0.000         1.263 / 1.295         1.263 / 1.295       ms
[2023-11-19T17:12:05.502+0800][gc,stats    ]    Subphase: Concurrent Mark                               0.000 / 0.000         0.000 / 0.000        11.825 / 13.159       11.825 / 13.159      ms
[2023-11-19T17:12:05.502+0800][gc,stats    ]    Subphase: Concurrent Mark Try Flush                     0.000 / 0.000         0.000 / 0.000         0.057 / 0.108         0.057 / 0.108       ms
[2023-11-19T17:12:05.502+0800][gc,stats    ]    Subphase: Concurrent Mark Try Terminate                 0.000 / 0.000         0.000 / 0.000         1.420 / 4.236         1.420 / 4.236       ms
[2023-11-19T17:12:05.502+0800][gc,stats    ]    Subphase: Concurrent References Enqueue                 0.000 / 0.000         0.000 / 0.000         0.004 / 0.004         0.004 / 0.004       ms
[2023-11-19T17:12:05.502+0800][gc,stats    ]    Subphase: Concurrent References Process                 0.000 / 0.000         0.000 / 0.000         0.090 / 0.101         0.090 / 0.101       ms
[2023-11-19T17:12:05.502+0800][gc,stats    ]    Subphase: Concurrent Roots ClassLoaderDataGraph         0.000 / 0.000         0.000 / 0.000         0.103 / 0.506         0.103 / 0.506       ms
[2023-11-19T17:12:05.502+0800][gc,stats    ]    Subphase: Concurrent Roots CodeCache                    0.000 / 0.000         0.000 / 0.000         0.000 / 0.000         0.000 / 0.000       ms
[2023-11-19T17:12:05.502+0800][gc,stats    ]    Subphase: Concurrent Roots JavaThreads                  0.000 / 0.000         0.000 / 0.000         1.129 / 2.106         1.129 / 2.106       ms
[2023-11-19T17:12:05.502+0800][gc,stats    ]    Subphase: Concurrent Roots OopStorageSet                0.000 / 0.000         0.000 / 0.000         0.036 / 0.058         0.036 / 0.058       ms
[2023-11-19T17:12:05.502+0800][gc,stats    ]    Subphase: Concurrent Weak Roots OopStorageSet           0.000 / 0.000         0.000 / 0.000         0.328 / 0.486         0.328 / 0.486       ms
[2023-11-19T17:12:05.502+0800][gc,stats    ]    Subphase: Pause Mark Try Complete                       0.000 / 0.000         0.000 / 0.000         0.000 / 0.000         0.000 / 0.000       ms
[2023-11-19T17:12:05.502+0800][gc,stats    ]      System: Java Threads                                      0 / 0                 0 / 0                39 / 54               39 / 54          threads
[2023-11-19T17:12:05.502+0800][gc,stats    ] =========================================================================================================================================================
[2023-11-19T17:12:15.501+0800][gc,stats    ] === Garbage Collection Statistics =======================================================================================================================
[2023-11-19T17:12:15.501+0800][gc,stats    ]                                                              Last 10s              Last 10m              Last 10h                Total
[2023-11-19T17:12:15.501+0800][gc,stats    ]                                                              Avg / Max             Avg / Max             Avg / Max             Avg / Max
[2023-11-19T17:12:15.501+0800][gc,stats    ]   Collector: Garbage Collection Cycle                      0.000 / 0.000         0.000 / 0.000        23.723 / 25.775       23.723 / 25.775      ms
[2023-11-19T17:12:15.501+0800][gc,stats    ]  Contention: Mark Segment Reset Contention                     0 / 0                 0 / 0                 0 / 3                 0 / 3           ops/s
[2023-11-19T17:12:15.501+0800][gc,stats    ]  Contention: Mark SeqNum Reset Contention                      0 / 0                 0 / 0                 0 / 0                 0 / 0           ops/s
[2023-11-19T17:12:15.501+0800][gc,stats    ]    Critical: Allocation Stall                                  0 / 0                 0 / 0                 0 / 0                 0 / 0           ops/s
[2023-11-19T17:12:15.501+0800][gc,stats    ]    Critical: Allocation Stall                              0.000 / 0.000         0.000 / 0.000         0.000 / 0.000         0.000 / 0.000       ms
[2023-11-19T17:12:15.501+0800][gc,stats    ]    Critical: GC Locker Stall                                   0 / 0                 0 / 0                 0 / 0                 0 / 0           ops/s
[2023-11-19T17:12:15.501+0800][gc,stats    ]    Critical: GC Locker Stall                               0.000 / 0.000         0.000 / 0.000         0.000 / 0.000         0.000 / 0.000       ms
[2023-11-19T17:12:15.501+0800][gc,stats    ]    Critical: Relocation Stall                                  0 / 0                 0 / 0                 0 / 0                 0 / 0           ops/s
[2023-11-19T17:12:15.501+0800][gc,stats    ]    Critical: Relocation Stall                              0.000 / 0.000         0.000 / 0.000         0.000 / 0.000         0.000 / 0.000       ms
[2023-11-19T17:12:15.501+0800][gc,stats    ]      Memory: Allocation Rate                                   0 / 2                 0 / 4                 0 / 104               0 / 104         MB/s
[2023-11-19T17:12:15.501+0800][gc,stats    ]      Memory: Defragment                                        0 / 0                 0 / 0                 0 / 0                 0 / 0           ops/s
[2023-11-19T17:12:15.501+0800][gc,stats    ]      Memory: Out Of Memory                                     0 / 0                 0 / 0                 0 / 0                 0 / 0           ops/s
[2023-11-19T17:12:15.501+0800][gc,stats    ]      Memory: Page Cache Flush                                  0 / 0                 0 / 0                 0 / 0                 0 / 0           MB/s
[2023-11-19T17:12:15.501+0800][gc,stats    ]      Memory: Page Cache Hit L1                                 0 / 0                 0 / 0                 0 / 29                0 / 29          ops/s
[2023-11-19T17:12:15.501+0800][gc,stats    ]      Memory: Page Cache Hit L2                                 0 / 0                 0 / 0                 0 / 0                 0 / 0           ops/s
[2023-11-19T17:12:15.501+0800][gc,stats    ]      Memory: Page Cache Hit L3                                 0 / 1                 0 / 2                 0 / 48                0 / 48          ops/s
[2023-11-19T17:12:15.501+0800][gc,stats    ]      Memory: Page Cache Miss                                   0 / 0                 0 / 0                 0 / 1                 0 / 1           ops/s
[2023-11-19T17:12:15.501+0800][gc,stats    ]      Memory: Uncommit                                          0 / 0                 0 / 0                 0 / 0                 0 / 0           MB/s
[2023-11-19T17:12:15.501+0800][gc,stats    ]      Memory: Undo Object Allocation Failed                     0 / 0                 0 / 0                 0 / 0                 0 / 0           ops/s
[2023-11-19T17:12:15.501+0800][gc,stats    ]      Memory: Undo Object Allocation Succeeded                  0 / 0                 0 / 0                 0 / 0                 0 / 0           ops/s
[2023-11-19T17:12:15.501+0800][gc,stats    ]      Memory: Undo Page Allocation                              0 / 0                 0 / 0                 0 / 0                 0 / 0           ops/s
[2023-11-19T17:12:15.501+0800][gc,stats    ]       Phase: Concurrent Mark                               0.000 / 0.000         0.000 / 0.000        13.801 / 15.394       13.801 / 15.394      ms
[2023-11-19T17:12:15.501+0800][gc,stats    ]       Phase: Concurrent Mark Continue                      0.000 / 0.000         0.000 / 0.000         0.000 / 0.000         0.000 / 0.000       ms
[2023-11-19T17:12:15.501+0800][gc,stats    ]       Phase: Concurrent Mark Free                          0.000 / 0.000         0.000 / 0.000         0.001 / 0.001         0.001 / 0.001       ms
[2023-11-19T17:12:15.501+0800][gc,stats    ]       Phase: Concurrent Process Non-Strong References      0.000 / 0.000         0.000 / 0.000         1.810 / 1.931         1.810 / 1.931       ms
[2023-11-19T17:12:15.501+0800][gc,stats    ]       Phase: Concurrent Relocate                           0.000 / 0.000         0.000 / 0.000         2.671 / 3.187         2.671 / 3.187       ms
[2023-11-19T17:12:15.501+0800][gc,stats    ]       Phase: Concurrent Reset Relocation Set               0.000 / 0.000         0.000 / 0.000         0.001 / 0.003         0.001 / 0.003       ms
[2023-11-19T17:12:15.501+0800][gc,stats    ]       Phase: Concurrent Select Relocation Set              0.000 / 0.000         0.000 / 0.000         4.627 / 7.839         4.627 / 7.839       ms
[2023-11-19T17:12:15.501+0800][gc,stats    ]       Phase: Pause Mark End                                0.000 / 0.000         0.000 / 0.000         0.016 / 0.018         0.016 / 0.018       ms
[2023-11-19T17:12:15.501+0800][gc,stats    ]       Phase: Pause Mark Start                              0.000 / 0.000         0.000 / 0.000         0.013 / 0.019         0.013 / 0.019       ms
[2023-11-19T17:12:15.501+0800][gc,stats    ]       Phase: Pause Relocate Start                          0.000 / 0.000         0.000 / 0.000         0.008 / 0.009         0.008 / 0.009       ms
[2023-11-19T17:12:15.501+0800][gc,stats    ]    Subphase: Concurrent Classes Purge                      0.000 / 0.000         0.000 / 0.000         0.047 / 0.049         0.047 / 0.049       ms
[2023-11-19T17:12:15.501+0800][gc,stats    ]    Subphase: Concurrent Classes Unlink                     0.000 / 0.000         0.000 / 0.000         1.263 / 1.295         1.263 / 1.295       ms
[2023-11-19T17:12:15.501+0800][gc,stats    ]    Subphase: Concurrent Mark                               0.000 / 0.000         0.000 / 0.000        11.825 / 13.159       11.825 / 13.159      ms
[2023-11-19T17:12:15.501+0800][gc,stats    ]    Subphase: Concurrent Mark Try Flush                     0.000 / 0.000         0.000 / 0.000         0.057 / 0.108         0.057 / 0.108       ms
[2023-11-19T17:12:15.501+0800][gc,stats    ]    Subphase: Concurrent Mark Try Terminate                 0.000 / 0.000         0.000 / 0.000         1.420 / 4.236         1.420 / 4.236       ms
[2023-11-19T17:12:15.501+0800][gc,stats    ]    Subphase: Concurrent References Enqueue                 0.000 / 0.000         0.000 / 0.000         0.004 / 0.004         0.004 / 0.004       ms
[2023-11-19T17:12:15.501+0800][gc,stats    ]    Subphase: Concurrent References Process                 0.000 / 0.000         0.000 / 0.000         0.090 / 0.101         0.090 / 0.101       ms
[2023-11-19T17:12:15.501+0800][gc,stats    ]    Subphase: Concurrent Roots ClassLoaderDataGraph         0.000 / 0.000         0.000 / 0.000         0.103 / 0.506         0.103 / 0.506       ms
[2023-11-19T17:12:15.501+0800][gc,stats    ]    Subphase: Concurrent Roots CodeCache                    0.000 / 0.000         0.000 / 0.000         0.000 / 0.000         0.000 / 0.000       ms
[2023-11-19T17:12:15.501+0800][gc,stats    ]    Subphase: Concurrent Roots JavaThreads                  0.000 / 0.000         0.000 / 0.000         1.129 / 2.106         1.129 / 2.106       ms
[2023-11-19T17:12:15.501+0800][gc,stats    ]    Subphase: Concurrent Roots OopStorageSet                0.000 / 0.000         0.000 / 0.000         0.036 / 0.058         0.036 / 0.058       ms
[2023-11-19T17:12:15.501+0800][gc,stats    ]    Subphase: Concurrent Weak Roots OopStorageSet           0.000 / 0.000         0.000 / 0.000         0.328 / 0.486         0.328 / 0.486       ms
[2023-11-19T17:12:15.501+0800][gc,stats    ]    Subphase: Pause Mark Try Complete                       0.000 / 0.000         0.000 / 0.000         0.000 / 0.000         0.000 / 0.000       ms
[2023-11-19T17:12:15.501+0800][gc,stats    ]      System: Java Threads                                      0 / 0                 0 / 0                39 / 54               39 / 54          threads
[2023-11-19T17:12:15.501+0800][gc,stats    ] =========================================================================================================================================================
[2023-11-19T17:12:25.501+0800][gc,stats    ] === Garbage Collection Statistics =======================================================================================================================
[2023-11-19T17:12:25.501+0800][gc,stats    ]                                                              Last 10s              Last 10m              Last 10h                Total
[2023-11-19T17:12:25.501+0800][gc,stats    ]                                                              Avg / Max             Avg / Max             Avg / Max             Avg / Max
[2023-11-19T17:12:25.501+0800][gc,stats    ]   Collector: Garbage Collection Cycle                      0.000 / 0.000         0.000 / 0.000        23.723 / 25.775       23.723 / 25.775      ms
[2023-11-19T17:12:25.501+0800][gc,stats    ]  Contention: Mark Segment Reset Contention                     0 / 0                 0 / 0                 0 / 3                 0 / 3           ops/s
[2023-11-19T17:12:25.501+0800][gc,stats    ]  Contention: Mark SeqNum Reset Contention                      0 / 0                 0 / 0                 0 / 0                 0 / 0           ops/s
[2023-11-19T17:12:25.501+0800][gc,stats    ]    Critical: Allocation Stall                                  0 / 0                 0 / 0                 0 / 0                 0 / 0           ops/s
[2023-11-19T17:12:25.501+0800][gc,stats    ]    Critical: Allocation Stall                              0.000 / 0.000         0.000 / 0.000         0.000 / 0.000         0.000 / 0.000       ms
[2023-11-19T17:12:25.501+0800][gc,stats    ]    Critical: GC Locker Stall                                   0 / 0                 0 / 0                 0 / 0                 0 / 0           ops/s
[2023-11-19T17:12:25.501+0800][gc,stats    ]    Critical: GC Locker Stall                               0.000 / 0.000         0.000 / 0.000         0.000 / 0.000         0.000 / 0.000       ms
[2023-11-19T17:12:25.501+0800][gc,stats    ]    Critical: Relocation Stall                                  0 / 0                 0 / 0                 0 / 0                 0 / 0           ops/s
[2023-11-19T17:12:25.501+0800][gc,stats    ]    Critical: Relocation Stall                              0.000 / 0.000         0.000 / 0.000         0.000 / 0.000         0.000 / 0.000       ms
[2023-11-19T17:12:25.501+0800][gc,stats    ]      Memory: Allocation Rate                                   0 / 0                 0 / 4                 0 / 104               0 / 104         MB/s
[2023-11-19T17:12:25.501+0800][gc,stats    ]      Memory: Defragment                                        0 / 0                 0 / 0                 0 / 0                 0 / 0           ops/s
[2023-11-19T17:12:25.501+0800][gc,stats    ]      Memory: Out Of Memory                                     0 / 0                 0 / 0                 0 / 0                 0 / 0           ops/s
[2023-11-19T17:12:25.501+0800][gc,stats    ]      Memory: Page Cache Flush                                  0 / 0                 0 / 0                 0 / 0                 0 / 0           MB/s
[2023-11-19T17:12:25.501+0800][gc,stats    ]      Memory: Page Cache Hit L1                                 0 / 0                 0 / 0                 0 / 29                0 / 29          ops/s
[2023-11-19T17:12:25.501+0800][gc,stats    ]      Memory: Page Cache Hit L2                                 0 / 0                 0 / 0                 0 / 0                 0 / 0           ops/s
[2023-11-19T17:12:25.501+0800][gc,stats    ]      Memory: Page Cache Hit L3                                 0 / 0                 0 / 2                 0 / 48                0 / 48          ops/s
[2023-11-19T17:12:25.501+0800][gc,stats    ]      Memory: Page Cache Miss                                   0 / 0                 0 / 0                 0 / 1                 0 / 1           ops/s
[2023-11-19T17:12:25.501+0800][gc,stats    ]      Memory: Uncommit                                          0 / 0                 0 / 0                 0 / 0                 0 / 0           MB/s
[2023-11-19T17:12:25.501+0800][gc,stats    ]      Memory: Undo Object Allocation Failed                     0 / 0                 0 / 0                 0 / 0                 0 / 0           ops/s
[2023-11-19T17:12:25.501+0800][gc,stats    ]      Memory: Undo Object Allocation Succeeded                  0 / 0                 0 / 0                 0 / 0                 0 / 0           ops/s
[2023-11-19T17:12:25.501+0800][gc,stats    ]      Memory: Undo Page Allocation                              0 / 0                 0 / 0                 0 / 0                 0 / 0           ops/s
[2023-11-19T17:12:25.501+0800][gc,stats    ]       Phase: Concurrent Mark                               0.000 / 0.000         0.000 / 0.000        13.801 / 15.394       13.801 / 15.394      ms
[2023-11-19T17:12:25.501+0800][gc,stats    ]       Phase: Concurrent Mark Continue                      0.000 / 0.000         0.000 / 0.000         0.000 / 0.000         0.000 / 0.000       ms
[2023-11-19T17:12:25.501+0800][gc,stats    ]       Phase: Concurrent Mark Free                          0.000 / 0.000         0.000 / 0.000         0.001 / 0.001         0.001 / 0.001       ms
[2023-11-19T17:12:25.501+0800][gc,stats    ]       Phase: Concurrent Process Non-Strong References      0.000 / 0.000         0.000 / 0.000         1.810 / 1.931         1.810 / 1.931       ms
[2023-11-19T17:12:25.501+0800][gc,stats    ]       Phase: Concurrent Relocate                           0.000 / 0.000         0.000 / 0.000         2.671 / 3.187         2.671 / 3.187       ms
[2023-11-19T17:12:25.501+0800][gc,stats    ]       Phase: Concurrent Reset Relocation Set               0.000 / 0.000         0.000 / 0.000         0.001 / 0.003         0.001 / 0.003       ms
[2023-11-19T17:12:25.501+0800][gc,stats    ]       Phase: Concurrent Select Relocation Set              0.000 / 0.000         0.000 / 0.000         4.627 / 7.839         4.627 / 7.839       ms
[2023-11-19T17:12:25.501+0800][gc,stats    ]       Phase: Pause Mark End                                0.000 / 0.000         0.000 / 0.000         0.016 / 0.018         0.016 / 0.018       ms
[2023-11-19T17:12:25.501+0800][gc,stats    ]       Phase: Pause Mark Start                              0.000 / 0.000         0.000 / 0.000         0.013 / 0.019         0.013 / 0.019       ms
[2023-11-19T17:12:25.501+0800][gc,stats    ]       Phase: Pause Relocate Start                          0.000 / 0.000         0.000 / 0.000         0.008 / 0.009         0.008 / 0.009       ms
[2023-11-19T17:12:25.501+0800][gc,stats    ]    Subphase: Concurrent Classes Purge                      0.000 / 0.000         0.000 / 0.000         0.047 / 0.049         0.047 / 0.049       ms
[2023-11-19T17:12:25.501+0800][gc,stats    ]    Subphase: Concurrent Classes Unlink                     0.000 / 0.000         0.000 / 0.000         1.263 / 1.295         1.263 / 1.295       ms
[2023-11-19T17:12:25.501+0800][gc,stats    ]    Subphase: Concurrent Mark                               0.000 / 0.000         0.000 / 0.000        11.825 / 13.159       11.825 / 13.159      ms
[2023-11-19T17:12:25.501+0800][gc,stats    ]    Subphase: Concurrent Mark Try Flush                     0.000 / 0.000         0.000 / 0.000         0.057 / 0.108         0.057 / 0.108       ms
[2023-11-19T17:12:25.501+0800][gc,stats    ]    Subphase: Concurrent Mark Try Terminate                 0.000 / 0.000         0.000 / 0.000         1.420 / 4.236         1.420 / 4.236       ms
[2023-11-19T17:12:25.501+0800][gc,stats    ]    Subphase: Concurrent References Enqueue                 0.000 / 0.000         0.000 / 0.000         0.004 / 0.004         0.004 / 0.004       ms
[2023-11-19T17:12:25.501+0800][gc,stats    ]    Subphase: Concurrent References Process                 0.000 / 0.000         0.000 / 0.000         0.090 / 0.101         0.090 / 0.101       ms
[2023-11-19T17:12:25.501+0800][gc,stats    ]    Subphase: Concurrent Roots ClassLoaderDataGraph         0.000 / 0.000         0.000 / 0.000         0.103 / 0.506         0.103 / 0.506       ms
[2023-11-19T17:12:25.501+0800][gc,stats    ]    Subphase: Concurrent Roots CodeCache                    0.000 / 0.000         0.000 / 0.000         0.000 / 0.000         0.000 / 0.000       ms
[2023-11-19T17:12:25.501+0800][gc,stats    ]    Subphase: Concurrent Roots JavaThreads                  0.000 / 0.000         0.000 / 0.000         1.129 / 2.106         1.129 / 2.106       ms
[2023-11-19T17:12:25.501+0800][gc,stats    ]    Subphase: Concurrent Roots OopStorageSet                0.000 / 0.000         0.000 / 0.000         0.036 / 0.058         0.036 / 0.058       ms
[2023-11-19T17:12:25.501+0800][gc,stats    ]    Subphase: Concurrent Weak Roots OopStorageSet           0.000 / 0.000         0.000 / 0.000         0.328 / 0.486         0.328 / 0.486       ms
[2023-11-19T17:12:25.501+0800][gc,stats    ]    Subphase: Pause Mark Try Complete                       0.000 / 0.000         0.000 / 0.000         0.000 / 0.000         0.000 / 0.000       ms
[2023-11-19T17:12:25.501+0800][gc,stats    ]      System: Java Threads                                      0 / 0                 0 / 0                39 / 54               39 / 54          threads
[2023-11-19T17:12:25.501+0800][gc,stats    ] =========================================================================================================================================================
[2023-11-19T17:12:35.501+0800][gc,stats    ] === Garbage Collection Statistics =======================================================================================================================
[2023-11-19T17:12:35.501+0800][gc,stats    ]                                                              Last 10s              Last 10m              Last 10h                Total
[2023-11-19T17:12:35.501+0800][gc,stats    ]                                                              Avg / Max             Avg / Max             Avg / Max             Avg / Max
[2023-11-19T17:12:35.501+0800][gc,stats    ]   Collector: Garbage Collection Cycle                      0.000 / 0.000         0.000 / 0.000        23.723 / 25.775       23.723 / 25.775      ms
[2023-11-19T17:12:35.501+0800][gc,stats    ]  Contention: Mark Segment Reset Contention                     0 / 0                 0 / 0                 0 / 3                 0 / 3           ops/s
[2023-11-19T17:12:35.501+0800][gc,stats    ]  Contention: Mark SeqNum Reset Contention                      0 / 0                 0 / 0                 0 / 0                 0 / 0           ops/s
[2023-11-19T17:12:35.501+0800][gc,stats    ]    Critical: Allocation Stall                                  0 / 0                 0 / 0                 0 / 0                 0 / 0           ops/s
[2023-11-19T17:12:35.501+0800][gc,stats    ]    Critical: Allocation Stall                              0.000 / 0.000         0.000 / 0.000         0.000 / 0.000         0.000 / 0.000       ms
[2023-11-19T17:12:35.501+0800][gc,stats    ]    Critical: GC Locker Stall                                   0 / 0                 0 / 0                 0 / 0                 0 / 0           ops/s
[2023-11-19T17:12:35.501+0800][gc,stats    ]    Critical: GC Locker Stall                               0.000 / 0.000         0.000 / 0.000         0.000 / 0.000         0.000 / 0.000       ms
[2023-11-19T17:12:35.501+0800][gc,stats    ]    Critical: Relocation Stall                                  0 / 0                 0 / 0                 0 / 0                 0 / 0           ops/s
[2023-11-19T17:12:35.501+0800][gc,stats    ]    Critical: Relocation Stall                              0.000 / 0.000         0.000 / 0.000         0.000 / 0.000         0.000 / 0.000       ms
[2023-11-19T17:12:35.501+0800][gc,stats    ]      Memory: Allocation Rate                                   0 / 2                 0 / 4                 0 / 104               0 / 104         MB/s
[2023-11-19T17:12:35.501+0800][gc,stats    ]      Memory: Defragment                                        0 / 0                 0 / 0                 0 / 0                 0 / 0           ops/s
[2023-11-19T17:12:35.501+0800][gc,stats    ]      Memory: Out Of Memory                                     0 / 0                 0 / 0                 0 / 0                 0 / 0           ops/s
[2023-11-19T17:12:35.501+0800][gc,stats    ]      Memory: Page Cache Flush                                  0 / 0                 0 / 0                 0 / 0                 0 / 0           MB/s
[2023-11-19T17:12:35.501+0800][gc,stats    ]      Memory: Page Cache Hit L1                                 0 / 0                 0 / 0                 0 / 29                0 / 29          ops/s
[2023-11-19T17:12:35.501+0800][gc,stats    ]      Memory: Page Cache Hit L2                                 0 / 0                 0 / 0                 0 / 0                 0 / 0           ops/s
[2023-11-19T17:12:35.501+0800][gc,stats    ]      Memory: Page Cache Hit L3                                 0 / 1                 0 / 2                 0 / 48                0 / 48          ops/s
[2023-11-19T17:12:35.501+0800][gc,stats    ]      Memory: Page Cache Miss                                   0 / 0                 0 / 0                 0 / 1                 0 / 1           ops/s
[2023-11-19T17:12:35.501+0800][gc,stats    ]      Memory: Uncommit                                          0 / 0                 0 / 0                 0 / 0                 0 / 0           MB/s
[2023-11-19T17:12:35.501+0800][gc,stats    ]      Memory: Undo Object Allocation Failed                     0 / 0                 0 / 0                 0 / 0                 0 / 0           ops/s
[2023-11-19T17:12:35.501+0800][gc,stats    ]      Memory: Undo Object Allocation Succeeded                  0 / 0                 0 / 0                 0 / 0                 0 / 0           ops/s
[2023-11-19T17:12:35.501+0800][gc,stats    ]      Memory: Undo Page Allocation                              0 / 0                 0 / 0                 0 / 0                 0 / 0           ops/s
[2023-11-19T17:12:35.501+0800][gc,stats    ]       Phase: Concurrent Mark                               0.000 / 0.000         0.000 / 0.000        13.801 / 15.394       13.801 / 15.394      ms
[2023-11-19T17:12:35.501+0800][gc,stats    ]       Phase: Concurrent Mark Continue                      0.000 / 0.000         0.000 / 0.000         0.000 / 0.000         0.000 / 0.000       ms
[2023-11-19T17:12:35.501+0800][gc,stats    ]       Phase: Concurrent Mark Free                          0.000 / 0.000         0.000 / 0.000         0.001 / 0.001         0.001 / 0.001       ms
[2023-11-19T17:12:35.501+0800][gc,stats    ]       Phase: Concurrent Process Non-Strong References      0.000 / 0.000         0.000 / 0.000         1.810 / 1.931         1.810 / 1.931       ms
[2023-11-19T17:12:35.501+0800][gc,stats    ]       Phase: Concurrent Relocate                           0.000 / 0.000         0.000 / 0.000         2.671 / 3.187         2.671 / 3.187       ms
[2023-11-19T17:12:35.501+0800][gc,stats    ]       Phase: Concurrent Reset Relocation Set               0.000 / 0.000         0.000 / 0.000         0.001 / 0.003         0.001 / 0.003       ms
[2023-11-19T17:12:35.501+0800][gc,stats    ]       Phase: Concurrent Select Relocation Set              0.000 / 0.000         0.000 / 0.000         4.627 / 7.839         4.627 / 7.839       ms
[2023-11-19T17:12:35.501+0800][gc,stats    ]       Phase: Pause Mark End                                0.000 / 0.000         0.000 / 0.000         0.016 / 0.018         0.016 / 0.018       ms
[2023-11-19T17:12:35.501+0800][gc,stats    ]       Phase: Pause Mark Start                              0.000 / 0.000         0.000 / 0.000         0.013 / 0.019         0.013 / 0.019       ms
[2023-11-19T17:12:35.501+0800][gc,stats    ]       Phase: Pause Relocate Start                          0.000 / 0.000         0.000 / 0.000         0.008 / 0.009         0.008 / 0.009       ms
[2023-11-19T17:12:35.501+0800][gc,stats    ]    Subphase: Concurrent Classes Purge                      0.000 / 0.000         0.000 / 0.000         0.047 / 0.049         0.047 / 0.049       ms
[2023-11-19T17:12:35.501+0800][gc,stats    ]    Subphase: Concurrent Classes Unlink                     0.000 / 0.000         0.000 / 0.000         1.263 / 1.295         1.263 / 1.295       ms
[2023-11-19T17:12:35.501+0800][gc,stats    ]    Subphase: Concurrent Mark                               0.000 / 0.000         0.000 / 0.000        11.825 / 13.159       11.825 / 13.159      ms
[2023-11-19T17:12:35.501+0800][gc,stats    ]    Subphase: Concurrent Mark Try Flush                     0.000 / 0.000         0.000 / 0.000         0.057 / 0.108         0.057 / 0.108       ms
[2023-11-19T17:12:35.501+0800][gc,stats    ]    Subphase: Concurrent Mark Try Terminate                 0.000 / 0.000         0.000 / 0.000         1.420 / 4.236         1.420 / 4.236       ms
[2023-11-19T17:12:35.501+0800][gc,stats    ]    Subphase: Concurrent References Enqueue                 0.000 / 0.000         0.000 / 0.000         0.004 / 0.004         0.004 / 0.004       ms
[2023-11-19T17:12:35.501+0800][gc,stats    ]    Subphase: Concurrent References Process                 0.000 / 0.000         0.000 / 0.000         0.090 / 0.101         0.090 / 0.101       ms
[2023-11-19T17:12:35.501+0800][gc,stats    ]    Subphase: Concurrent Roots ClassLoaderDataGraph         0.000 / 0.000         0.000 / 0.000         0.103 / 0.506         0.103 / 0.506       ms
[2023-11-19T17:12:35.501+0800][gc,stats    ]    Subphase: Concurrent Roots CodeCache                    0.000 / 0.000         0.000 / 0.000         0.000 / 0.000         0.000 / 0.000       ms
[2023-11-19T17:12:35.501+0800][gc,stats    ]    Subphase: Concurrent Roots JavaThreads                  0.000 / 0.000         0.000 / 0.000         1.129 / 2.106         1.129 / 2.106       ms
[2023-11-19T17:12:35.501+0800][gc,stats    ]    Subphase: Concurrent Roots OopStorageSet                0.000 / 0.000         0.000 / 0.000         0.036 / 0.058         0.036 / 0.058       ms
[2023-11-19T17:12:35.501+0800][gc,stats    ]    Subphase: Concurrent Weak Roots OopStorageSet           0.000 / 0.000         0.000 / 0.000         0.328 / 0.486         0.328 / 0.486       ms
[2023-11-19T17:12:35.501+0800][gc,stats    ]    Subphase: Pause Mark Try Complete                       0.000 / 0.000         0.000 / 0.000         0.000 / 0.000         0.000 / 0.000       ms
[2023-11-19T17:12:35.501+0800][gc,stats    ]      System: Java Threads                                      0 / 0                 0 / 0                39 / 54               39 / 54          threads
[2023-11-19T17:12:35.501+0800][gc,stats    ] =========================================================================================================================================================
[2023-11-19T17:12:45.501+0800][gc,stats    ] === Garbage Collection Statistics =======================================================================================================================
[2023-11-19T17:12:45.501+0800][gc,stats    ]                                                              Last 10s              Last 10m              Last 10h                Total
[2023-11-19T17:12:45.501+0800][gc,stats    ]                                                              Avg / Max             Avg / Max             Avg / Max             Avg / Max
[2023-11-19T17:12:45.501+0800][gc,stats    ]   Collector: Garbage Collection Cycle                      0.000 / 0.000         0.000 / 0.000        23.723 / 25.775       23.723 / 25.775      ms
[2023-11-19T17:12:45.501+0800][gc,stats    ]  Contention: Mark Segment Reset Contention                     0 / 0                 0 / 0                 0 / 3                 0 / 3           ops/s
[2023-11-19T17:12:45.501+0800][gc,stats    ]  Contention: Mark SeqNum Reset Contention                      0 / 0                 0 / 0                 0 / 0                 0 / 0           ops/s
[2023-11-19T17:12:45.501+0800][gc,stats    ]    Critical: Allocation Stall                                  0 / 0                 0 / 0                 0 / 0                 0 / 0           ops/s
[2023-11-19T17:12:45.501+0800][gc,stats    ]    Critical: Allocation Stall                              0.000 / 0.000         0.000 / 0.000         0.000 / 0.000         0.000 / 0.000       ms
[2023-11-19T17:12:45.501+0800][gc,stats    ]    Critical: GC Locker Stall                                   0 / 0                 0 / 0                 0 / 0                 0 / 0           ops/s
[2023-11-19T17:12:45.501+0800][gc,stats    ]    Critical: GC Locker Stall                               0.000 / 0.000         0.000 / 0.000         0.000 / 0.000         0.000 / 0.000       ms
[2023-11-19T17:12:45.501+0800][gc,stats    ]    Critical: Relocation Stall                                  0 / 0                 0 / 0                 0 / 0                 0 / 0           ops/s
[2023-11-19T17:12:45.501+0800][gc,stats    ]    Critical: Relocation Stall                              0.000 / 0.000         0.000 / 0.000         0.000 / 0.000         0.000 / 0.000       ms
[2023-11-19T17:12:45.501+0800][gc,stats    ]      Memory: Allocation Rate                                   0 / 2                 0 / 4                 0 / 104               0 / 104         MB/s
[2023-11-19T17:12:45.501+0800][gc,stats    ]      Memory: Defragment                                        0 / 0                 0 / 0                 0 / 0                 0 / 0           ops/s
[2023-11-19T17:12:45.501+0800][gc,stats    ]      Memory: Out Of Memory                                     0 / 0                 0 / 0                 0 / 0                 0 / 0           ops/s
[2023-11-19T17:12:45.501+0800][gc,stats    ]      Memory: Page Cache Flush                                  0 / 0                 0 / 0                 0 / 0                 0 / 0           MB/s
[2023-11-19T17:12:45.501+0800][gc,stats    ]      Memory: Page Cache Hit L1                                 0 / 0                 0 / 0                 0 / 29                0 / 29          ops/s
[2023-11-19T17:12:45.501+0800][gc,stats    ]      Memory: Page Cache Hit L2                                 0 / 0                 0 / 0                 0 / 0                 0 / 0           ops/s
[2023-11-19T17:12:45.501+0800][gc,stats    ]      Memory: Page Cache Hit L3                                 0 / 1                 0 / 2                 0 / 48                0 / 48          ops/s
[2023-11-19T17:12:45.501+0800][gc,stats    ]      Memory: Page Cache Miss                                   0 / 0                 0 / 0                 0 / 1                 0 / 1           ops/s
[2023-11-19T17:12:45.501+0800][gc,stats    ]      Memory: Uncommit                                          0 / 0                 0 / 0                 0 / 0                 0 / 0           MB/s
[2023-11-19T17:12:45.501+0800][gc,stats    ]      Memory: Undo Object Allocation Failed                     0 / 0                 0 / 0                 0 / 0                 0 / 0           ops/s
[2023-11-19T17:12:45.501+0800][gc,stats    ]      Memory: Undo Object Allocation Succeeded                  0 / 0                 0 / 0                 0 / 0                 0 / 0           ops/s
[2023-11-19T17:12:45.501+0800][gc,stats    ]      Memory: Undo Page Allocation                              0 / 0                 0 / 0                 0 / 0                 0 / 0           ops/s
[2023-11-19T17:12:45.501+0800][gc,stats    ]       Phase: Concurrent Mark                               0.000 / 0.000         0.000 / 0.000        13.801 / 15.394       13.801 / 15.394      ms
[2023-11-19T17:12:45.501+0800][gc,stats    ]       Phase: Concurrent Mark Continue                      0.000 / 0.000         0.000 / 0.000         0.000 / 0.000         0.000 / 0.000       ms
[2023-11-19T17:12:45.501+0800][gc,stats    ]       Phase: Concurrent Mark Free                          0.000 / 0.000         0.000 / 0.000         0.001 / 0.001         0.001 / 0.001       ms
[2023-11-19T17:12:45.501+0800][gc,stats    ]       Phase: Concurrent Process Non-Strong References      0.000 / 0.000         0.000 / 0.000         1.810 / 1.931         1.810 / 1.931       ms
[2023-11-19T17:12:45.501+0800][gc,stats    ]       Phase: Concurrent Relocate                           0.000 / 0.000         0.000 / 0.000         2.671 / 3.187         2.671 / 3.187       ms
[2023-11-19T17:12:45.501+0800][gc,stats    ]       Phase: Concurrent Reset Relocation Set               0.000 / 0.000         0.000 / 0.000         0.001 / 0.003         0.001 / 0.003       ms
[2023-11-19T17:12:45.501+0800][gc,stats    ]       Phase: Concurrent Select Relocation Set              0.000 / 0.000         0.000 / 0.000         4.627 / 7.839         4.627 / 7.839       ms
[2023-11-19T17:12:45.501+0800][gc,stats    ]       Phase: Pause Mark End                                0.000 / 0.000         0.000 / 0.000         0.016 / 0.018         0.016 / 0.018       ms
[2023-11-19T17:12:45.501+0800][gc,stats    ]       Phase: Pause Mark Start                              0.000 / 0.000         0.000 / 0.000         0.013 / 0.019         0.013 / 0.019       ms
[2023-11-19T17:12:45.501+0800][gc,stats    ]       Phase: Pause Relocate Start                          0.000 / 0.000         0.000 / 0.000         0.008 / 0.009         0.008 / 0.009       ms
[2023-11-19T17:12:45.501+0800][gc,stats    ]    Subphase: Concurrent Classes Purge                      0.000 / 0.000         0.000 / 0.000         0.047 / 0.049         0.047 / 0.049       ms
[2023-11-19T17:12:45.501+0800][gc,stats    ]    Subphase: Concurrent Classes Unlink                     0.000 / 0.000         0.000 / 0.000         1.263 / 1.295         1.263 / 1.295       ms
[2023-11-19T17:12:45.501+0800][gc,stats    ]    Subphase: Concurrent Mark                               0.000 / 0.000         0.000 / 0.000        11.825 / 13.159       11.825 / 13.159      ms
[2023-11-19T17:12:45.501+0800][gc,stats    ]    Subphase: Concurrent Mark Try Flush                     0.000 / 0.000         0.000 / 0.000         0.057 / 0.108         0.057 / 0.108       ms
[2023-11-19T17:12:45.501+0800][gc,stats    ]    Subphase: Concurrent Mark Try Terminate                 0.000 / 0.000         0.000 / 0.000         1.420 / 4.236         1.420 / 4.236       ms
[2023-11-19T17:12:45.501+0800][gc,stats    ]    Subphase: Concurrent References Enqueue                 0.000 / 0.000         0.000 / 0.000         0.004 / 0.004         0.004 / 0.004       ms
[2023-11-19T17:12:45.501+0800][gc,stats    ]    Subphase: Concurrent References Process                 0.000 / 0.000         0.000 / 0.000         0.090 / 0.101         0.090 / 0.101       ms
[2023-11-19T17:12:45.501+0800][gc,stats    ]    Subphase: Concurrent Roots ClassLoaderDataGraph         0.000 / 0.000         0.000 / 0.000         0.103 / 0.506         0.103 / 0.506       ms
[2023-11-19T17:12:45.501+0800][gc,stats    ]    Subphase: Concurrent Roots CodeCache                    0.000 / 0.000         0.000 / 0.000         0.000 / 0.000         0.000 / 0.000       ms
[2023-11-19T17:12:45.501+0800][gc,stats    ]    Subphase: Concurrent Roots JavaThreads                  0.000 / 0.000         0.000 / 0.000         1.129 / 2.106         1.129 / 2.106       ms
[2023-11-19T17:12:45.501+0800][gc,stats    ]    Subphase: Concurrent Roots OopStorageSet                0.000 / 0.000         0.000 / 0.000         0.036 / 0.058         0.036 / 0.058       ms
[2023-11-19T17:12:45.501+0800][gc,stats    ]    Subphase: Concurrent Weak Roots OopStorageSet           0.000 / 0.000         0.000 / 0.000         0.328 / 0.486         0.328 / 0.486       ms
[2023-11-19T17:12:45.501+0800][gc,stats    ]    Subphase: Pause Mark Try Complete                       0.000 / 0.000         0.000 / 0.000         0.000 / 0.000         0.000 / 0.000       ms
[2023-11-19T17:12:45.501+0800][gc,stats    ]      System: Java Threads                                      0 / 0                 0 / 0                39 / 54               39 / 54          threads
[2023-11-19T17:12:45.501+0800][gc,stats    ] =========================================================================================================================================================
[2023-11-19T17:12:55.501+0800][gc,stats    ] === Garbage Collection Statistics =======================================================================================================================
[2023-11-19T17:12:55.501+0800][gc,stats    ]                                                              Last 10s              Last 10m              Last 10h                Total
[2023-11-19T17:12:55.501+0800][gc,stats    ]                                                              Avg / Max             Avg / Max             Avg / Max             Avg / Max
[2023-11-19T17:12:55.501+0800][gc,stats    ]   Collector: Garbage Collection Cycle                      0.000 / 0.000         0.000 / 0.000        23.723 / 25.775       23.723 / 25.775      ms
[2023-11-19T17:12:55.501+0800][gc,stats    ]  Contention: Mark Segment Reset Contention                     0 / 0                 0 / 0                 0 / 3                 0 / 3           ops/s
[2023-11-19T17:12:55.501+0800][gc,stats    ]  Contention: Mark SeqNum Reset Contention                      0 / 0                 0 / 0                 0 / 0                 0 / 0           ops/s
[2023-11-19T17:12:55.501+0800][gc,stats    ]    Critical: Allocation Stall                                  0 / 0                 0 / 0                 0 / 0                 0 / 0           ops/s
[2023-11-19T17:12:55.501+0800][gc,stats    ]    Critical: Allocation Stall                              0.000 / 0.000         0.000 / 0.000         0.000 / 0.000         0.000 / 0.000       ms
[2023-11-19T17:12:55.501+0800][gc,stats    ]    Critical: GC Locker Stall                                   0 / 0                 0 / 0                 0 / 0                 0 / 0           ops/s
[2023-11-19T17:12:55.501+0800][gc,stats    ]    Critical: GC Locker Stall                               0.000 / 0.000         0.000 / 0.000         0.000 / 0.000         0.000 / 0.000       ms
[2023-11-19T17:12:55.501+0800][gc,stats    ]    Critical: Relocation Stall                                  0 / 0                 0 / 0                 0 / 0                 0 / 0           ops/s
[2023-11-19T17:12:55.501+0800][gc,stats    ]    Critical: Relocation Stall                              0.000 / 0.000         0.000 / 0.000         0.000 / 0.000         0.000 / 0.000       ms
[2023-11-19T17:12:55.501+0800][gc,stats    ]      Memory: Allocation Rate                                   0 / 0                 0 / 4                 0 / 104               0 / 104         MB/s
[2023-11-19T17:12:55.501+0800][gc,stats    ]      Memory: Defragment                                        0 / 0                 0 / 0                 0 / 0                 0 / 0           ops/s
[2023-11-19T17:12:55.501+0800][gc,stats    ]      Memory: Out Of Memory                                     0 / 0                 0 / 0                 0 / 0                 0 / 0           ops/s
[2023-11-19T17:12:55.501+0800][gc,stats    ]      Memory: Page Cache Flush                                  0 / 0                 0 / 0                 0 / 0                 0 / 0           MB/s
[2023-11-19T17:12:55.501+0800][gc,stats    ]      Memory: Page Cache Hit L1                                 0 / 0                 0 / 0                 0 / 29                0 / 29          ops/s
[2023-11-19T17:12:55.501+0800][gc,stats    ]      Memory: Page Cache Hit L2                                 0 / 0                 0 / 0                 0 / 0                 0 / 0           ops/s
[2023-11-19T17:12:55.502+0800][gc,stats    ]      Memory: Page Cache Hit L3                                 0 / 0                 0 / 2                 0 / 48                0 / 48          ops/s
[2023-11-19T17:12:55.502+0800][gc,stats    ]      Memory: Page Cache Miss                                   0 / 0                 0 / 0                 0 / 1                 0 / 1           ops/s
[2023-11-19T17:12:55.502+0800][gc,stats    ]      Memory: Uncommit                                          0 / 0                 0 / 0                 0 / 0                 0 / 0           MB/s
[2023-11-19T17:12:55.502+0800][gc,stats    ]      Memory: Undo Object Allocation Failed                     0 / 0                 0 / 0                 0 / 0                 0 / 0           ops/s
[2023-11-19T17:12:55.502+0800][gc,stats    ]      Memory: Undo Object Allocation Succeeded                  0 / 0                 0 / 0                 0 / 0                 0 / 0           ops/s
[2023-11-19T17:12:55.502+0800][gc,stats    ]      Memory: Undo Page Allocation                              0 / 0                 0 / 0                 0 / 0                 0 / 0           ops/s
[2023-11-19T17:12:55.502+0800][gc,stats    ]       Phase: Concurrent Mark                               0.000 / 0.000         0.000 / 0.000        13.801 / 15.394       13.801 / 15.394      ms
[2023-11-19T17:12:55.502+0800][gc,stats    ]       Phase: Concurrent Mark Continue                      0.000 / 0.000         0.000 / 0.000         0.000 / 0.000         0.000 / 0.000       ms
[2023-11-19T17:12:55.502+0800][gc,stats    ]       Phase: Concurrent Mark Free                          0.000 / 0.000         0.000 / 0.000         0.001 / 0.001         0.001 / 0.001       ms
[2023-11-19T17:12:55.502+0800][gc,stats    ]       Phase: Concurrent Process Non-Strong References      0.000 / 0.000         0.000 / 0.000         1.810 / 1.931         1.810 / 1.931       ms
[2023-11-19T17:12:55.502+0800][gc,stats    ]       Phase: Concurrent Relocate                           0.000 / 0.000         0.000 / 0.000         2.671 / 3.187         2.671 / 3.187       ms
[2023-11-19T17:12:55.502+0800][gc,stats    ]       Phase: Concurrent Reset Relocation Set               0.000 / 0.000         0.000 / 0.000         0.001 / 0.003         0.001 / 0.003       ms
[2023-11-19T17:12:55.502+0800][gc,stats    ]       Phase: Concurrent Select Relocation Set              0.000 / 0.000         0.000 / 0.000         4.627 / 7.839         4.627 / 7.839       ms
[2023-11-19T17:12:55.502+0800][gc,stats    ]       Phase: Pause Mark End                                0.000 / 0.000         0.000 / 0.000         0.016 / 0.018         0.016 / 0.018       ms
[2023-11-19T17:12:55.502+0800][gc,stats    ]       Phase: Pause Mark Start                              0.000 / 0.000         0.000 / 0.000         0.013 / 0.019         0.013 / 0.019       ms
[2023-11-19T17:12:55.502+0800][gc,stats    ]       Phase: Pause Relocate Start                          0.000 / 0.000         0.000 / 0.000         0.008 / 0.009         0.008 / 0.009       ms
[2023-11-19T17:12:55.502+0800][gc,stats    ]    Subphase: Concurrent Classes Purge                      0.000 / 0.000         0.000 / 0.000         0.047 / 0.049         0.047 / 0.049       ms
[2023-11-19T17:12:55.502+0800][gc,stats    ]    Subphase: Concurrent Classes Unlink                     0.000 / 0.000         0.000 / 0.000         1.263 / 1.295         1.263 / 1.295       ms
[2023-11-19T17:12:55.502+0800][gc,stats    ]    Subphase: Concurrent Mark                               0.000 / 0.000         0.000 / 0.000        11.825 / 13.159       11.825 / 13.159      ms
[2023-11-19T17:12:55.502+0800][gc,stats    ]    Subphase: Concurrent Mark Try Flush                     0.000 / 0.000         0.000 / 0.000         0.057 / 0.108         0.057 / 0.108       ms
[2023-11-19T17:12:55.502+0800][gc,stats    ]    Subphase: Concurrent Mark Try Terminate                 0.000 / 0.000         0.000 / 0.000         1.420 / 4.236         1.420 / 4.236       ms
[2023-11-19T17:12:55.502+0800][gc,stats    ]    Subphase: Concurrent References Enqueue                 0.000 / 0.000         0.000 / 0.000         0.004 / 0.004         0.004 / 0.004       ms
[2023-11-19T17:12:55.502+0800][gc,stats    ]    Subphase: Concurrent References Process                 0.000 / 0.000         0.000 / 0.000         0.090 / 0.101         0.090 / 0.101       ms
[2023-11-19T17:12:55.502+0800][gc,stats    ]    Subphase: Concurrent Roots ClassLoaderDataGraph         0.000 / 0.000         0.000 / 0.000         0.103 / 0.506         0.103 / 0.506       ms
[2023-11-19T17:12:55.502+0800][gc,stats    ]    Subphase: Concurrent Roots CodeCache                    0.000 / 0.000         0.000 / 0.000         0.000 / 0.000         0.000 / 0.000       ms
[2023-11-19T17:12:55.502+0800][gc,stats    ]    Subphase: Concurrent Roots JavaThreads                  0.000 / 0.000         0.000 / 0.000         1.129 / 2.106         1.129 / 2.106       ms
[2023-11-19T17:12:55.502+0800][gc,stats    ]    Subphase: Concurrent Roots OopStorageSet                0.000 / 0.000         0.000 / 0.000         0.036 / 0.058         0.036 / 0.058       ms
[2023-11-19T17:12:55.502+0800][gc,stats    ]    Subphase: Concurrent Weak Roots OopStorageSet           0.000 / 0.000         0.000 / 0.000         0.328 / 0.486         0.328 / 0.486       ms
[2023-11-19T17:12:55.502+0800][gc,stats    ]    Subphase: Pause Mark Try Complete                       0.000 / 0.000         0.000 / 0.000         0.000 / 0.000         0.000 / 0.000       ms
[2023-11-19T17:12:55.502+0800][gc,stats    ]      System: Java Threads                                      0 / 0                 0 / 0                39 / 54               39 / 54          threads
[2023-11-19T17:12:55.502+0800][gc,stats    ] =========================================================================================================================================================
[2023-11-19T17:13:05.501+0800][gc,stats    ] === Garbage Collection Statistics =======================================================================================================================
[2023-11-19T17:13:05.501+0800][gc,stats    ]                                                              Last 10s              Last 10m              Last 10h                Total
[2023-11-19T17:13:05.501+0800][gc,stats    ]                                                              Avg / Max             Avg / Max             Avg / Max             Avg / Max
[2023-11-19T17:13:05.501+0800][gc,stats    ]   Collector: Garbage Collection Cycle                      0.000 / 0.000         0.000 / 0.000        23.723 / 25.775       23.723 / 25.775      ms
[2023-11-19T17:13:05.501+0800][gc,stats    ]  Contention: Mark Segment Reset Contention                     0 / 0                 0 / 0                 0 / 3                 0 / 3           ops/s
[2023-11-19T17:13:05.501+0800][gc,stats    ]  Contention: Mark SeqNum Reset Contention                      0 / 0                 0 / 0                 0 / 0                 0 / 0           ops/s
[2023-11-19T17:13:05.501+0800][gc,stats    ]    Critical: Allocation Stall                                  0 / 0                 0 / 0                 0 / 0                 0 / 0           ops/s
[2023-11-19T17:13:05.501+0800][gc,stats    ]    Critical: Allocation Stall                              0.000 / 0.000         0.000 / 0.000         0.000 / 0.000         0.000 / 0.000       ms
[2023-11-19T17:13:05.501+0800][gc,stats    ]    Critical: GC Locker Stall                                   0 / 0                 0 / 0                 0 / 0                 0 / 0           ops/s
[2023-11-19T17:13:05.501+0800][gc,stats    ]    Critical: GC Locker Stall                               0.000 / 0.000         0.000 / 0.000         0.000 / 0.000         0.000 / 0.000       ms
[2023-11-19T17:13:05.501+0800][gc,stats    ]    Critical: Relocation Stall                                  0 / 0                 0 / 0                 0 / 0                 0 / 0           ops/s
[2023-11-19T17:13:05.501+0800][gc,stats    ]    Critical: Relocation Stall                              0.000 / 0.000         0.000 / 0.000         0.000 / 0.000         0.000 / 0.000       ms
[2023-11-19T17:13:05.501+0800][gc,stats    ]      Memory: Allocation Rate                                   0 / 2                 0 / 4                 0 / 104               0 / 104         MB/s
[2023-11-19T17:13:05.501+0800][gc,stats    ]      Memory: Defragment                                        0 / 0                 0 / 0                 0 / 0                 0 / 0           ops/s
[2023-11-19T17:13:05.501+0800][gc,stats    ]      Memory: Out Of Memory                                     0 / 0                 0 / 0                 0 / 0                 0 / 0           ops/s
[2023-11-19T17:13:05.501+0800][gc,stats    ]      Memory: Page Cache Flush                                  0 / 0                 0 / 0                 0 / 0                 0 / 0           MB/s
[2023-11-19T17:13:05.501+0800][gc,stats    ]      Memory: Page Cache Hit L1                                 0 / 0                 0 / 0                 0 / 29                0 / 29          ops/s
[2023-11-19T17:13:05.501+0800][gc,stats    ]      Memory: Page Cache Hit L2                                 0 / 0                 0 / 0                 0 / 0                 0 / 0           ops/s
[2023-11-19T17:13:05.501+0800][gc,stats    ]      Memory: Page Cache Hit L3                                 0 / 1                 0 / 2                 0 / 48                0 / 48          ops/s
[2023-11-19T17:13:05.501+0800][gc,stats    ]      Memory: Page Cache Miss                                   0 / 0                 0 / 0                 0 / 1                 0 / 1           ops/s
[2023-11-19T17:13:05.501+0800][gc,stats    ]      Memory: Uncommit                                          0 / 0                 0 / 0                 0 / 0                 0 / 0           MB/s
[2023-11-19T17:13:05.501+0800][gc,stats    ]      Memory: Undo Object Allocation Failed                     0 / 0                 0 / 0                 0 / 0                 0 / 0           ops/s
[2023-11-19T17:13:05.501+0800][gc,stats    ]      Memory: Undo Object Allocation Succeeded                  0 / 0                 0 / 0                 0 / 0                 0 / 0           ops/s
[2023-11-19T17:13:05.501+0800][gc,stats    ]      Memory: Undo Page Allocation                              0 / 0                 0 / 0                 0 / 0                 0 / 0           ops/s
[2023-11-19T17:13:05.501+0800][gc,stats    ]       Phase: Concurrent Mark                               0.000 / 0.000         0.000 / 0.000        13.801 / 15.394       13.801 / 15.394      ms
[2023-11-19T17:13:05.501+0800][gc,stats    ]       Phase: Concurrent Mark Continue                      0.000 / 0.000         0.000 / 0.000         0.000 / 0.000         0.000 / 0.000       ms
[2023-11-19T17:13:05.501+0800][gc,stats    ]       Phase: Concurrent Mark Free                          0.000 / 0.000         0.000 / 0.000         0.001 / 0.001         0.001 / 0.001       ms
[2023-11-19T17:13:05.501+0800][gc,stats    ]       Phase: Concurrent Process Non-Strong References      0.000 / 0.000         0.000 / 0.000         1.810 / 1.931         1.810 / 1.931       ms
[2023-11-19T17:13:05.501+0800][gc,stats    ]       Phase: Concurrent Relocate                           0.000 / 0.000         0.000 / 0.000         2.671 / 3.187         2.671 / 3.187       ms
[2023-11-19T17:13:05.501+0800][gc,stats    ]       Phase: Concurrent Reset Relocation Set               0.000 / 0.000         0.000 / 0.000         0.001 / 0.003         0.001 / 0.003       ms
[2023-11-19T17:13:05.501+0800][gc,stats    ]       Phase: Concurrent Select Relocation Set              0.000 / 0.000         0.000 / 0.000         4.627 / 7.839         4.627 / 7.839       ms
[2023-11-19T17:13:05.501+0800][gc,stats    ]       Phase: Pause Mark End                                0.000 / 0.000         0.000 / 0.000         0.016 / 0.018         0.016 / 0.018       ms
[2023-11-19T17:13:05.501+0800][gc,stats    ]       Phase: Pause Mark Start                              0.000 / 0.000         0.000 / 0.000         0.013 / 0.019         0.013 / 0.019       ms
[2023-11-19T17:13:05.501+0800][gc,stats    ]       Phase: Pause Relocate Start                          0.000 / 0.000         0.000 / 0.000         0.008 / 0.009         0.008 / 0.009       ms
[2023-11-19T17:13:05.501+0800][gc,stats    ]    Subphase: Concurrent Classes Purge                      0.000 / 0.000         0.000 / 0.000         0.047 / 0.049         0.047 / 0.049       ms
[2023-11-19T17:13:05.501+0800][gc,stats    ]    Subphase: Concurrent Classes Unlink                     0.000 / 0.000         0.000 / 0.000         1.263 / 1.295         1.263 / 1.295       ms
[2023-11-19T17:13:05.501+0800][gc,stats    ]    Subphase: Concurrent Mark                               0.000 / 0.000         0.000 / 0.000        11.825 / 13.159       11.825 / 13.159      ms
[2023-11-19T17:13:05.501+0800][gc,stats    ]    Subphase: Concurrent Mark Try Flush                     0.000 / 0.000         0.000 / 0.000         0.057 / 0.108         0.057 / 0.108       ms
[2023-11-19T17:13:05.501+0800][gc,stats    ]    Subphase: Concurrent Mark Try Terminate                 0.000 / 0.000         0.000 / 0.000         1.420 / 4.236         1.420 / 4.236       ms
[2023-11-19T17:13:05.501+0800][gc,stats    ]    Subphase: Concurrent References Enqueue                 0.000 / 0.000         0.000 / 0.000         0.004 / 0.004         0.004 / 0.004       ms
[2023-11-19T17:13:05.501+0800][gc,stats    ]    Subphase: Concurrent References Process                 0.000 / 0.000         0.000 / 0.000         0.090 / 0.101         0.090 / 0.101       ms
[2023-11-19T17:13:05.501+0800][gc,stats    ]    Subphase: Concurrent Roots ClassLoaderDataGraph         0.000 / 0.000         0.000 / 0.000         0.103 / 0.506         0.103 / 0.506       ms
[2023-11-19T17:13:05.501+0800][gc,stats    ]    Subphase: Concurrent Roots CodeCache                    0.000 / 0.000         0.000 / 0.000         0.000 / 0.000         0.000 / 0.000       ms
[2023-11-19T17:13:05.501+0800][gc,stats    ]    Subphase: Concurrent Roots JavaThreads                  0.000 / 0.000         0.000 / 0.000         1.129 / 2.106         1.129 / 2.106       ms
[2023-11-19T17:13:05.501+0800][gc,stats    ]    Subphase: Concurrent Roots OopStorageSet                0.000 / 0.000         0.000 / 0.000         0.036 / 0.058         0.036 / 0.058       ms
[2023-11-19T17:13:05.501+0800][gc,stats    ]    Subphase: Concurrent Weak Roots OopStorageSet           0.000 / 0.000         0.000 / 0.000         0.328 / 0.486         0.328 / 0.486       ms
[2023-11-19T17:13:05.501+0800][gc,stats    ]    Subphase: Pause Mark Try Complete                       0.000 / 0.000         0.000 / 0.000         0.000 / 0.000         0.000 / 0.000       ms
[2023-11-19T17:13:05.501+0800][gc,stats    ]      System: Java Threads                                      0 / 0                 0 / 0                39 / 54               39 / 54          threads
[2023-11-19T17:13:05.501+0800][gc,stats    ] =========================================================================================================================================================
[2023-11-19T17:13:15.501+0800][gc,stats    ] === Garbage Collection Statistics =======================================================================================================================
[2023-11-19T17:13:15.501+0800][gc,stats    ]                                                              Last 10s              Last 10m              Last 10h                Total
[2023-11-19T17:13:15.501+0800][gc,stats    ]                                                              Avg / Max             Avg / Max             Avg / Max             Avg / Max
[2023-11-19T17:13:15.501+0800][gc,stats    ]   Collector: Garbage Collection Cycle                      0.000 / 0.000         0.000 / 0.000        23.723 / 25.775       23.723 / 25.775      ms
[2023-11-19T17:13:15.501+0800][gc,stats    ]  Contention: Mark Segment Reset Contention                     0 / 0                 0 / 0                 0 / 3                 0 / 3           ops/s
[2023-11-19T17:13:15.501+0800][gc,stats    ]  Contention: Mark SeqNum Reset Contention                      0 / 0                 0 / 0                 0 / 0                 0 / 0           ops/s
[2023-11-19T17:13:15.501+0800][gc,stats    ]    Critical: Allocation Stall                                  0 / 0                 0 / 0                 0 / 0                 0 / 0           ops/s
[2023-11-19T17:13:15.501+0800][gc,stats    ]    Critical: Allocation Stall                              0.000 / 0.000         0.000 / 0.000         0.000 / 0.000         0.000 / 0.000       ms
[2023-11-19T17:13:15.501+0800][gc,stats    ]    Critical: GC Locker Stall                                   0 / 0                 0 / 0                 0 / 0                 0 / 0           ops/s
[2023-11-19T17:13:15.501+0800][gc,stats    ]    Critical: GC Locker Stall                               0.000 / 0.000         0.000 / 0.000         0.000 / 0.000         0.000 / 0.000       ms
[2023-11-19T17:13:15.501+0800][gc,stats    ]    Critical: Relocation Stall                                  0 / 0                 0 / 0                 0 / 0                 0 / 0           ops/s
[2023-11-19T17:13:15.501+0800][gc,stats    ]    Critical: Relocation Stall                              0.000 / 0.000         0.000 / 0.000         0.000 / 0.000         0.000 / 0.000       ms
[2023-11-19T17:13:15.501+0800][gc,stats    ]      Memory: Allocation Rate                                   0 / 2                 0 / 4                 0 / 104               0 / 104         MB/s
[2023-11-19T17:13:15.501+0800][gc,stats    ]      Memory: Defragment                                        0 / 0                 0 / 0                 0 / 0                 0 / 0           ops/s
[2023-11-19T17:13:15.501+0800][gc,stats    ]      Memory: Out Of Memory                                     0 / 0                 0 / 0                 0 / 0                 0 / 0           ops/s
[2023-11-19T17:13:15.501+0800][gc,stats    ]      Memory: Page Cache Flush                                  0 / 0                 0 / 0                 0 / 0                 0 / 0           MB/s
[2023-11-19T17:13:15.501+0800][gc,stats    ]      Memory: Page Cache Hit L1                                 0 / 0                 0 / 0                 0 / 29                0 / 29          ops/s
[2023-11-19T17:13:15.501+0800][gc,stats    ]      Memory: Page Cache Hit L2                                 0 / 0                 0 / 0                 0 / 0                 0 / 0           ops/s
[2023-11-19T17:13:15.501+0800][gc,stats    ]      Memory: Page Cache Hit L3                                 0 / 1                 0 / 2                 0 / 48                0 / 48          ops/s
[2023-11-19T17:13:15.501+0800][gc,stats    ]      Memory: Page Cache Miss                                   0 / 0                 0 / 0                 0 / 1                 0 / 1           ops/s
[2023-11-19T17:13:15.501+0800][gc,stats    ]      Memory: Uncommit                                          0 / 0                 0 / 0                 0 / 0                 0 / 0           MB/s
[2023-11-19T17:13:15.501+0800][gc,stats    ]      Memory: Undo Object Allocation Failed                     0 / 0                 0 / 0                 0 / 0                 0 / 0           ops/s
[2023-11-19T17:13:15.501+0800][gc,stats    ]      Memory: Undo Object Allocation Succeeded                  0 / 0                 0 / 0                 0 / 0                 0 / 0           ops/s
[2023-11-19T17:13:15.501+0800][gc,stats    ]      Memory: Undo Page Allocation                              0 / 0                 0 / 0                 0 / 0                 0 / 0           ops/s
[2023-11-19T17:13:15.501+0800][gc,stats    ]       Phase: Concurrent Mark                               0.000 / 0.000         0.000 / 0.000        13.801 / 15.394       13.801 / 15.394      ms
[2023-11-19T17:13:15.501+0800][gc,stats    ]       Phase: Concurrent Mark Continue                      0.000 / 0.000         0.000 / 0.000         0.000 / 0.000         0.000 / 0.000       ms
[2023-11-19T17:13:15.501+0800][gc,stats    ]       Phase: Concurrent Mark Free                          0.000 / 0.000         0.000 / 0.000         0.001 / 0.001         0.001 / 0.001       ms
[2023-11-19T17:13:15.501+0800][gc,stats    ]       Phase: Concurrent Process Non-Strong References      0.000 / 0.000         0.000 / 0.000         1.810 / 1.931         1.810 / 1.931       ms
[2023-11-19T17:13:15.501+0800][gc,stats    ]       Phase: Concurrent Relocate                           0.000 / 0.000         0.000 / 0.000         2.671 / 3.187         2.671 / 3.187       ms
[2023-11-19T17:13:15.501+0800][gc,stats    ]       Phase: Concurrent Reset Relocation Set               0.000 / 0.000         0.000 / 0.000         0.001 / 0.003         0.001 / 0.003       ms
[2023-11-19T17:13:15.501+0800][gc,stats    ]       Phase: Concurrent Select Relocation Set              0.000 / 0.000         0.000 / 0.000         4.627 / 7.839         4.627 / 7.839       ms
[2023-11-19T17:13:15.501+0800][gc,stats    ]       Phase: Pause Mark End                                0.000 / 0.000         0.000 / 0.000         0.016 / 0.018         0.016 / 0.018       ms
[2023-11-19T17:13:15.501+0800][gc,stats    ]       Phase: Pause Mark Start                              0.000 / 0.000         0.000 / 0.000         0.013 / 0.019         0.013 / 0.019       ms
[2023-11-19T17:13:15.501+0800][gc,stats    ]       Phase: Pause Relocate Start                          0.000 / 0.000         0.000 / 0.000         0.008 / 0.009         0.008 / 0.009       ms
[2023-11-19T17:13:15.501+0800][gc,stats    ]    Subphase: Concurrent Classes Purge                      0.000 / 0.000         0.000 / 0.000         0.047 / 0.049         0.047 / 0.049       ms
[2023-11-19T17:13:15.501+0800][gc,stats    ]    Subphase: Concurrent Classes Unlink                     0.000 / 0.000         0.000 / 0.000         1.263 / 1.295         1.263 / 1.295       ms
[2023-11-19T17:13:15.501+0800][gc,stats    ]    Subphase: Concurrent Mark                               0.000 / 0.000         0.000 / 0.000        11.825 / 13.159       11.825 / 13.159      ms
[2023-11-19T17:13:15.501+0800][gc,stats    ]    Subphase: Concurrent Mark Try Flush                     0.000 / 0.000         0.000 / 0.000         0.057 / 0.108         0.057 / 0.108       ms
[2023-11-19T17:13:15.501+0800][gc,stats    ]    Subphase: Concurrent Mark Try Terminate                 0.000 / 0.000         0.000 / 0.000         1.420 / 4.236         1.420 / 4.236       ms
[2023-11-19T17:13:15.501+0800][gc,stats    ]    Subphase: Concurrent References Enqueue                 0.000 / 0.000         0.000 / 0.000         0.004 / 0.004         0.004 / 0.004       ms
[2023-11-19T17:13:15.501+0800][gc,stats    ]    Subphase: Concurrent References Process                 0.000 / 0.000         0.000 / 0.000         0.090 / 0.101         0.090 / 0.101       ms
[2023-11-19T17:13:15.501+0800][gc,stats    ]    Subphase: Concurrent Roots ClassLoaderDataGraph         0.000 / 0.000         0.000 / 0.000         0.103 / 0.506         0.103 / 0.506       ms
[2023-11-19T17:13:15.501+0800][gc,stats    ]    Subphase: Concurrent Roots CodeCache                    0.000 / 0.000         0.000 / 0.000         0.000 / 0.000         0.000 / 0.000       ms
[2023-11-19T17:13:15.501+0800][gc,stats    ]    Subphase: Concurrent Roots JavaThreads                  0.000 / 0.000         0.000 / 0.000         1.129 / 2.106         1.129 / 2.106       ms
[2023-11-19T17:13:15.501+0800][gc,stats    ]    Subphase: Concurrent Roots OopStorageSet                0.000 / 0.000         0.000 / 0.000         0.036 / 0.058         0.036 / 0.058       ms
[2023-11-19T17:13:15.501+0800][gc,stats    ]    Subphase: Concurrent Weak Roots OopStorageSet           0.000 / 0.000         0.000 / 0.000         0.328 / 0.486         0.328 / 0.486       ms
[2023-11-19T17:13:15.501+0800][gc,stats    ]    Subphase: Pause Mark Try Complete                       0.000 / 0.000         0.000 / 0.000         0.000 / 0.000         0.000 / 0.000       ms
[2023-11-19T17:13:15.501+0800][gc,stats    ]      System: Java Threads                                      0 / 0                 0 / 0                39 / 54               39 / 54          threads
[2023-11-19T17:13:15.501+0800][gc,stats    ] =========================================================================================================================================================
[2023-11-19T17:13:25.501+0800][gc,stats    ] === Garbage Collection Statistics =======================================================================================================================
[2023-11-19T17:13:25.501+0800][gc,stats    ]                                                              Last 10s              Last 10m              Last 10h                Total
[2023-11-19T17:13:25.501+0800][gc,stats    ]                                                              Avg / Max             Avg / Max             Avg / Max             Avg / Max
[2023-11-19T17:13:25.501+0800][gc,stats    ]   Collector: Garbage Collection Cycle                      0.000 / 0.000         0.000 / 0.000        23.723 / 25.775       23.723 / 25.775      ms
[2023-11-19T17:13:25.501+0800][gc,stats    ]  Contention: Mark Segment Reset Contention                     0 / 0                 0 / 0                 0 / 3                 0 / 3           ops/s
[2023-11-19T17:13:25.501+0800][gc,stats    ]  Contention: Mark SeqNum Reset Contention                      0 / 0                 0 / 0                 0 / 0                 0 / 0           ops/s
[2023-11-19T17:13:25.501+0800][gc,stats    ]    Critical: Allocation Stall                                  0 / 0                 0 / 0                 0 / 0                 0 / 0           ops/s
[2023-11-19T17:13:25.501+0800][gc,stats    ]    Critical: Allocation Stall                              0.000 / 0.000         0.000 / 0.000         0.000 / 0.000         0.000 / 0.000       ms
[2023-11-19T17:13:25.501+0800][gc,stats    ]    Critical: GC Locker Stall                                   0 / 0                 0 / 0                 0 / 0                 0 / 0           ops/s
[2023-11-19T17:13:25.501+0800][gc,stats    ]    Critical: GC Locker Stall                               0.000 / 0.000         0.000 / 0.000         0.000 / 0.000         0.000 / 0.000       ms
[2023-11-19T17:13:25.501+0800][gc,stats    ]    Critical: Relocation Stall                                  0 / 0                 0 / 0                 0 / 0                 0 / 0           ops/s
[2023-11-19T17:13:25.501+0800][gc,stats    ]    Critical: Relocation Stall                              0.000 / 0.000         0.000 / 0.000         0.000 / 0.000         0.000 / 0.000       ms
[2023-11-19T17:13:25.501+0800][gc,stats    ]      Memory: Allocation Rate                                   0 / 0                 0 / 4                 0 / 104               0 / 104         MB/s
[2023-11-19T17:13:25.501+0800][gc,stats    ]      Memory: Defragment                                        0 / 0                 0 / 0                 0 / 0                 0 / 0           ops/s
[2023-11-19T17:13:25.501+0800][gc,stats    ]      Memory: Out Of Memory                                     0 / 0                 0 / 0                 0 / 0                 0 / 0           ops/s
[2023-11-19T17:13:25.501+0800][gc,stats    ]      Memory: Page Cache Flush                                  0 / 0                 0 / 0                 0 / 0                 0 / 0           MB/s
[2023-11-19T17:13:25.501+0800][gc,stats    ]      Memory: Page Cache Hit L1                                 0 / 0                 0 / 0                 0 / 29                0 / 29          ops/s
[2023-11-19T17:13:25.501+0800][gc,stats    ]      Memory: Page Cache Hit L2                                 0 / 0                 0 / 0                 0 / 0                 0 / 0           ops/s
[2023-11-19T17:13:25.501+0800][gc,stats    ]      Memory: Page Cache Hit L3                                 0 / 0                 0 / 2                 0 / 48                0 / 48          ops/s
[2023-11-19T17:13:25.501+0800][gc,stats    ]      Memory: Page Cache Miss                                   0 / 0                 0 / 0                 0 / 1                 0 / 1           ops/s
[2023-11-19T17:13:25.501+0800][gc,stats    ]      Memory: Uncommit                                          0 / 0                 0 / 0                 0 / 0                 0 / 0           MB/s
[2023-11-19T17:13:25.501+0800][gc,stats    ]      Memory: Undo Object Allocation Failed                     0 / 0                 0 / 0                 0 / 0                 0 / 0           ops/s
[2023-11-19T17:13:25.501+0800][gc,stats    ]      Memory: Undo Object Allocation Succeeded                  0 / 0                 0 / 0                 0 / 0                 0 / 0           ops/s
[2023-11-19T17:13:25.501+0800][gc,stats    ]      Memory: Undo Page Allocation                              0 / 0                 0 / 0                 0 / 0                 0 / 0           ops/s
[2023-11-19T17:13:25.501+0800][gc,stats    ]       Phase: Concurrent Mark                               0.000 / 0.000         0.000 / 0.000        13.801 / 15.394       13.801 / 15.394      ms
[2023-11-19T17:13:25.501+0800][gc,stats    ]       Phase: Concurrent Mark Continue                      0.000 / 0.000         0.000 / 0.000         0.000 / 0.000         0.000 / 0.000       ms
[2023-11-19T17:13:25.502+0800][gc,stats    ]       Phase: Concurrent Mark Free                          0.000 / 0.000         0.000 / 0.000         0.001 / 0.001         0.001 / 0.001       ms
[2023-11-19T17:13:25.502+0800][gc,stats    ]       Phase: Concurrent Process Non-Strong References      0.000 / 0.000         0.000 / 0.000         1.810 / 1.931         1.810 / 1.931       ms
[2023-11-19T17:13:25.502+0800][gc,stats    ]       Phase: Concurrent Relocate                           0.000 / 0.000         0.000 / 0.000         2.671 / 3.187         2.671 / 3.187       ms
[2023-11-19T17:13:25.502+0800][gc,stats    ]       Phase: Concurrent Reset Relocation Set               0.000 / 0.000         0.000 / 0.000         0.001 / 0.003         0.001 / 0.003       ms
[2023-11-19T17:13:25.502+0800][gc,stats    ]       Phase: Concurrent Select Relocation Set              0.000 / 0.000         0.000 / 0.000         4.627 / 7.839         4.627 / 7.839       ms
[2023-11-19T17:13:25.502+0800][gc,stats    ]       Phase: Pause Mark End                                0.000 / 0.000         0.000 / 0.000         0.016 / 0.018         0.016 / 0.018       ms
[2023-11-19T17:13:25.502+0800][gc,stats    ]       Phase: Pause Mark Start                              0.000 / 0.000         0.000 / 0.000         0.013 / 0.019         0.013 / 0.019       ms
[2023-11-19T17:13:25.502+0800][gc,stats    ]       Phase: Pause Relocate Start                          0.000 / 0.000         0.000 / 0.000         0.008 / 0.009         0.008 / 0.009       ms
[2023-11-19T17:13:25.502+0800][gc,stats    ]    Subphase: Concurrent Classes Purge                      0.000 / 0.000         0.000 / 0.000         0.047 / 0.049         0.047 / 0.049       ms
[2023-11-19T17:13:25.502+0800][gc,stats    ]    Subphase: Concurrent Classes Unlink                     0.000 / 0.000         0.000 / 0.000         1.263 / 1.295         1.263 / 1.295       ms
[2023-11-19T17:13:25.502+0800][gc,stats    ]    Subphase: Concurrent Mark                               0.000 / 0.000         0.000 / 0.000        11.825 / 13.159       11.825 / 13.159      ms
[2023-11-19T17:13:25.502+0800][gc,stats    ]    Subphase: Concurrent Mark Try Flush                     0.000 / 0.000         0.000 / 0.000         0.057 / 0.108         0.057 / 0.108       ms
[2023-11-19T17:13:25.502+0800][gc,stats    ]    Subphase: Concurrent Mark Try Terminate                 0.000 / 0.000         0.000 / 0.000         1.420 / 4.236         1.420 / 4.236       ms
[2023-11-19T17:13:25.502+0800][gc,stats    ]    Subphase: Concurrent References Enqueue                 0.000 / 0.000         0.000 / 0.000         0.004 / 0.004         0.004 / 0.004       ms
[2023-11-19T17:13:25.502+0800][gc,stats    ]    Subphase: Concurrent References Process                 0.000 / 0.000         0.000 / 0.000         0.090 / 0.101         0.090 / 0.101       ms
[2023-11-19T17:13:25.502+0800][gc,stats    ]    Subphase: Concurrent Roots ClassLoaderDataGraph         0.000 / 0.000         0.000 / 0.000         0.103 / 0.506         0.103 / 0.506       ms
[2023-11-19T17:13:25.502+0800][gc,stats    ]    Subphase: Concurrent Roots CodeCache                    0.000 / 0.000         0.000 / 0.000         0.000 / 0.000         0.000 / 0.000       ms
[2023-11-19T17:13:25.502+0800][gc,stats    ]    Subphase: Concurrent Roots JavaThreads                  0.000 / 0.000         0.000 / 0.000         1.129 / 2.106         1.129 / 2.106       ms
[2023-11-19T17:13:25.502+0800][gc,stats    ]    Subphase: Concurrent Roots OopStorageSet                0.000 / 0.000         0.000 / 0.000         0.036 / 0.058         0.036 / 0.058       ms
[2023-11-19T17:13:25.502+0800][gc,stats    ]    Subphase: Concurrent Weak Roots OopStorageSet           0.000 / 0.000         0.000 / 0.000         0.328 / 0.486         0.328 / 0.486       ms
[2023-11-19T17:13:25.502+0800][gc,stats    ]    Subphase: Pause Mark Try Complete                       0.000 / 0.000         0.000 / 0.000         0.000 / 0.000         0.000 / 0.000       ms
[2023-11-19T17:13:25.502+0800][gc,stats    ]      System: Java Threads                                      0 / 0                 0 / 0                39 / 54               39 / 54          threads
[2023-11-19T17:13:25.502+0800][gc,stats    ] =========================================================================================================================================================
[2023-11-19T17:13:35.501+0800][gc,stats    ] === Garbage Collection Statistics =======================================================================================================================
[2023-11-19T17:13:35.501+0800][gc,stats    ]                                                              Last 10s              Last 10m              Last 10h                Total
[2023-11-19T17:13:35.501+0800][gc,stats    ]                                                              Avg / Max             Avg / Max             Avg / Max             Avg / Max
[2023-11-19T17:13:35.501+0800][gc,stats    ]   Collector: Garbage Collection Cycle                      0.000 / 0.000         0.000 / 0.000        23.723 / 25.775       23.723 / 25.775      ms
[2023-11-19T17:13:35.501+0800][gc,stats    ]  Contention: Mark Segment Reset Contention                     0 / 0                 0 / 0                 0 / 3                 0 / 3           ops/s
[2023-11-19T17:13:35.501+0800][gc,stats    ]  Contention: Mark SeqNum Reset Contention                      0 / 0                 0 / 0                 0 / 0                 0 / 0           ops/s
[2023-11-19T17:13:35.501+0800][gc,stats    ]    Critical: Allocation Stall                                  0 / 0                 0 / 0                 0 / 0                 0 / 0           ops/s
[2023-11-19T17:13:35.501+0800][gc,stats    ]    Critical: Allocation Stall                              0.000 / 0.000         0.000 / 0.000         0.000 / 0.000         0.000 / 0.000       ms
[2023-11-19T17:13:35.501+0800][gc,stats    ]    Critical: GC Locker Stall                                   0 / 0                 0 / 0                 0 / 0                 0 / 0           ops/s
[2023-11-19T17:13:35.501+0800][gc,stats    ]    Critical: GC Locker Stall                               0.000 / 0.000         0.000 / 0.000         0.000 / 0.000         0.000 / 0.000       ms
[2023-11-19T17:13:35.501+0800][gc,stats    ]    Critical: Relocation Stall                                  0 / 0                 0 / 0                 0 / 0                 0 / 0           ops/s
[2023-11-19T17:13:35.501+0800][gc,stats    ]    Critical: Relocation Stall                              0.000 / 0.000         0.000 / 0.000         0.000 / 0.000         0.000 / 0.000       ms
[2023-11-19T17:13:35.501+0800][gc,stats    ]      Memory: Allocation Rate                                   0 / 0                 0 / 4                 0 / 104               0 / 104         MB/s
[2023-11-19T17:13:35.501+0800][gc,stats    ]      Memory: Defragment                                        0 / 0                 0 / 0                 0 / 0                 0 / 0           ops/s
[2023-11-19T17:13:35.501+0800][gc,stats    ]      Memory: Out Of Memory                                     0 / 0                 0 / 0                 0 / 0                 0 / 0           ops/s
[2023-11-19T17:13:35.501+0800][gc,stats    ]      Memory: Page Cache Flush                                  0 / 0                 0 / 0                 0 / 0                 0 / 0           MB/s
[2023-11-19T17:13:35.501+0800][gc,stats    ]      Memory: Page Cache Hit L1                                 0 / 0                 0 / 0                 0 / 29                0 / 29          ops/s
[2023-11-19T17:13:35.501+0800][gc,stats    ]      Memory: Page Cache Hit L2                                 0 / 0                 0 / 0                 0 / 0                 0 / 0           ops/s
[2023-11-19T17:13:35.501+0800][gc,stats    ]      Memory: Page Cache Hit L3                                 0 / 0                 0 / 2                 0 / 48                0 / 48          ops/s
[2023-11-19T17:13:35.501+0800][gc,stats    ]      Memory: Page Cache Miss                                   0 / 0                 0 / 0                 0 / 1                 0 / 1           ops/s
[2023-11-19T17:13:35.501+0800][gc,stats    ]      Memory: Uncommit                                          0 / 0                 0 / 0                 0 / 0                 0 / 0           MB/s
[2023-11-19T17:13:35.501+0800][gc,stats    ]      Memory: Undo Object Allocation Failed                     0 / 0                 0 / 0                 0 / 0                 0 / 0           ops/s
[2023-11-19T17:13:35.501+0800][gc,stats    ]      Memory: Undo Object Allocation Succeeded                  0 / 0                 0 / 0                 0 / 0                 0 / 0           ops/s
[2023-11-19T17:13:35.501+0800][gc,stats    ]      Memory: Undo Page Allocation                              0 / 0                 0 / 0                 0 / 0                 0 / 0           ops/s
[2023-11-19T17:13:35.501+0800][gc,stats    ]       Phase: Concurrent Mark                               0.000 / 0.000         0.000 / 0.000        13.801 / 15.394       13.801 / 15.394      ms
[2023-11-19T17:13:35.501+0800][gc,stats    ]       Phase: Concurrent Mark Continue                      0.000 / 0.000         0.000 / 0.000         0.000 / 0.000         0.000 / 0.000       ms
[2023-11-19T17:13:35.501+0800][gc,stats    ]       Phase: Concurrent Mark Free                          0.000 / 0.000         0.000 / 0.000         0.001 / 0.001         0.001 / 0.001       ms
[2023-11-19T17:13:35.501+0800][gc,stats    ]       Phase: Concurrent Process Non-Strong References      0.000 / 0.000         0.000 / 0.000         1.810 / 1.931         1.810 / 1.931       ms
[2023-11-19T17:13:35.501+0800][gc,stats    ]       Phase: Concurrent Relocate                           0.000 / 0.000         0.000 / 0.000         2.671 / 3.187         2.671 / 3.187       ms
[2023-11-19T17:13:35.501+0800][gc,stats    ]       Phase: Concurrent Reset Relocation Set               0.000 / 0.000         0.000 / 0.000         0.001 / 0.003         0.001 / 0.003       ms
[2023-11-19T17:13:35.501+0800][gc,stats    ]       Phase: Concurrent Select Relocation Set              0.000 / 0.000         0.000 / 0.000         4.627 / 7.839         4.627 / 7.839       ms
[2023-11-19T17:13:35.501+0800][gc,stats    ]       Phase: Pause Mark End                                0.000 / 0.000         0.000 / 0.000         0.016 / 0.018         0.016 / 0.018       ms
[2023-11-19T17:13:35.501+0800][gc,stats    ]       Phase: Pause Mark Start                              0.000 / 0.000         0.000 / 0.000         0.013 / 0.019         0.013 / 0.019       ms
[2023-11-19T17:13:35.501+0800][gc,stats    ]       Phase: Pause Relocate Start                          0.000 / 0.000         0.000 / 0.000         0.008 / 0.009         0.008 / 0.009       ms
[2023-11-19T17:13:35.501+0800][gc,stats    ]    Subphase: Concurrent Classes Purge                      0.000 / 0.000         0.000 / 0.000         0.047 / 0.049         0.047 / 0.049       ms
[2023-11-19T17:13:35.501+0800][gc,stats    ]    Subphase: Concurrent Classes Unlink                     0.000 / 0.000         0.000 / 0.000         1.263 / 1.295         1.263 / 1.295       ms
[2023-11-19T17:13:35.501+0800][gc,stats    ]    Subphase: Concurrent Mark                               0.000 / 0.000         0.000 / 0.000        11.825 / 13.159       11.825 / 13.159      ms
[2023-11-19T17:13:35.501+0800][gc,stats    ]    Subphase: Concurrent Mark Try Flush                     0.000 / 0.000         0.000 / 0.000         0.057 / 0.108         0.057 / 0.108       ms
[2023-11-19T17:13:35.501+0800][gc,stats    ]    Subphase: Concurrent Mark Try Terminate                 0.000 / 0.000         0.000 / 0.000         1.420 / 4.236         1.420 / 4.236       ms
[2023-11-19T17:13:35.501+0800][gc,stats    ]    Subphase: Concurrent References Enqueue                 0.000 / 0.000         0.000 / 0.000         0.004 / 0.004         0.004 / 0.004       ms
[2023-11-19T17:13:35.501+0800][gc,stats    ]    Subphase: Concurrent References Process                 0.000 / 0.000         0.000 / 0.000         0.090 / 0.101         0.090 / 0.101       ms
[2023-11-19T17:13:35.501+0800][gc,stats    ]    Subphase: Concurrent Roots ClassLoaderDataGraph         0.000 / 0.000         0.000 / 0.000         0.103 / 0.506         0.103 / 0.506       ms
[2023-11-19T17:13:35.501+0800][gc,stats    ]    Subphase: Concurrent Roots CodeCache                    0.000 / 0.000         0.000 / 0.000         0.000 / 0.000         0.000 / 0.000       ms
[2023-11-19T17:13:35.501+0800][gc,stats    ]    Subphase: Concurrent Roots JavaThreads                  0.000 / 0.000         0.000 / 0.000         1.129 / 2.106         1.129 / 2.106       ms
[2023-11-19T17:13:35.501+0800][gc,stats    ]    Subphase: Concurrent Roots OopStorageSet                0.000 / 0.000         0.000 / 0.000         0.036 / 0.058         0.036 / 0.058       ms
[2023-11-19T17:13:35.501+0800][gc,stats    ]    Subphase: Concurrent Weak Roots OopStorageSet           0.000 / 0.000         0.000 / 0.000         0.328 / 0.486         0.328 / 0.486       ms
[2023-11-19T17:13:35.501+0800][gc,stats    ]    Subphase: Pause Mark Try Complete                       0.000 / 0.000         0.000 / 0.000         0.000 / 0.000         0.000 / 0.000       ms
[2023-11-19T17:13:35.501+0800][gc,stats    ]      System: Java Threads                                      0 / 0                 0 / 0                39 / 54               39 / 54          threads
[2023-11-19T17:13:35.501+0800][gc,stats    ] =========================================================================================================================================================
[2023-11-19T17:13:45.501+0800][gc,stats    ] === Garbage Collection Statistics =======================================================================================================================
[2023-11-19T17:13:45.501+0800][gc,stats    ]                                                              Last 10s              Last 10m              Last 10h                Total
[2023-11-19T17:13:45.501+0800][gc,stats    ]                                                              Avg / Max             Avg / Max             Avg / Max             Avg / Max
[2023-11-19T17:13:45.501+0800][gc,stats    ]   Collector: Garbage Collection Cycle                      0.000 / 0.000         0.000 / 0.000        23.723 / 25.775       23.723 / 25.775      ms
[2023-11-19T17:13:45.501+0800][gc,stats    ]  Contention: Mark Segment Reset Contention                     0 / 0                 0 / 0                 0 / 3                 0 / 3           ops/s
[2023-11-19T17:13:45.501+0800][gc,stats    ]  Contention: Mark SeqNum Reset Contention                      0 / 0                 0 / 0                 0 / 0                 0 / 0           ops/s
[2023-11-19T17:13:45.501+0800][gc,stats    ]    Critical: Allocation Stall                                  0 / 0                 0 / 0                 0 / 0                 0 / 0           ops/s
[2023-11-19T17:13:45.501+0800][gc,stats    ]    Critical: Allocation Stall                              0.000 / 0.000         0.000 / 0.000         0.000 / 0.000         0.000 / 0.000       ms
[2023-11-19T17:13:45.501+0800][gc,stats    ]    Critical: GC Locker Stall                                   0 / 0                 0 / 0                 0 / 0                 0 / 0           ops/s
[2023-11-19T17:13:45.501+0800][gc,stats    ]    Critical: GC Locker Stall                               0.000 / 0.000         0.000 / 0.000         0.000 / 0.000         0.000 / 0.000       ms
[2023-11-19T17:13:45.501+0800][gc,stats    ]    Critical: Relocation Stall                                  0 / 0                 0 / 0                 0 / 0                 0 / 0           ops/s
[2023-11-19T17:13:45.501+0800][gc,stats    ]    Critical: Relocation Stall                              0.000 / 0.000         0.000 / 0.000         0.000 / 0.000         0.000 / 0.000       ms
[2023-11-19T17:13:45.501+0800][gc,stats    ]      Memory: Allocation Rate                                   0 / 0                 0 / 4                 0 / 104               0 / 104         MB/s
[2023-11-19T17:13:45.501+0800][gc,stats    ]      Memory: Defragment                                        0 / 0                 0 / 0                 0 / 0                 0 / 0           ops/s
[2023-11-19T17:13:45.501+0800][gc,stats    ]      Memory: Out Of Memory                                     0 / 0                 0 / 0                 0 / 0                 0 / 0           ops/s
[2023-11-19T17:13:45.501+0800][gc,stats    ]      Memory: Page Cache Flush                                  0 / 0                 0 / 0                 0 / 0                 0 / 0           MB/s
[2023-11-19T17:13:45.501+0800][gc,stats    ]      Memory: Page Cache Hit L1                                 0 / 0                 0 / 0                 0 / 29                0 / 29          ops/s
[2023-11-19T17:13:45.501+0800][gc,stats    ]      Memory: Page Cache Hit L2                                 0 / 0                 0 / 0                 0 / 0                 0 / 0           ops/s
[2023-11-19T17:13:45.501+0800][gc,stats    ]      Memory: Page Cache Hit L3                                 0 / 0                 0 / 2                 0 / 48                0 / 48          ops/s
[2023-11-19T17:13:45.501+0800][gc,stats    ]      Memory: Page Cache Miss                                   0 / 0                 0 / 0                 0 / 1                 0 / 1           ops/s
[2023-11-19T17:13:45.501+0800][gc,stats    ]      Memory: Uncommit                                          0 / 0                 0 / 0                 0 / 0                 0 / 0           MB/s
[2023-11-19T17:13:45.501+0800][gc,stats    ]      Memory: Undo Object Allocation Failed                     0 / 0                 0 / 0                 0 / 0                 0 / 0           ops/s
[2023-11-19T17:13:45.501+0800][gc,stats    ]      Memory: Undo Object Allocation Succeeded                  0 / 0                 0 / 0                 0 / 0                 0 / 0           ops/s
[2023-11-19T17:13:45.501+0800][gc,stats    ]      Memory: Undo Page Allocation                              0 / 0                 0 / 0                 0 / 0                 0 / 0           ops/s
[2023-11-19T17:13:45.501+0800][gc,stats    ]       Phase: Concurrent Mark                               0.000 / 0.000         0.000 / 0.000        13.801 / 15.394       13.801 / 15.394      ms
[2023-11-19T17:13:45.501+0800][gc,stats    ]       Phase: Concurrent Mark Continue                      0.000 / 0.000         0.000 / 0.000         0.000 / 0.000         0.000 / 0.000       ms
[2023-11-19T17:13:45.501+0800][gc,stats    ]       Phase: Concurrent Mark Free                          0.000 / 0.000         0.000 / 0.000         0.001 / 0.001         0.001 / 0.001       ms
[2023-11-19T17:13:45.501+0800][gc,stats    ]       Phase: Concurrent Process Non-Strong References      0.000 / 0.000         0.000 / 0.000         1.810 / 1.931         1.810 / 1.931       ms
[2023-11-19T17:13:45.501+0800][gc,stats    ]       Phase: Concurrent Relocate                           0.000 / 0.000         0.000 / 0.000         2.671 / 3.187         2.671 / 3.187       ms
[2023-11-19T17:13:45.501+0800][gc,stats    ]       Phase: Concurrent Reset Relocation Set               0.000 / 0.000         0.000 / 0.000         0.001 / 0.003         0.001 / 0.003       ms
[2023-11-19T17:13:45.501+0800][gc,stats    ]       Phase: Concurrent Select Relocation Set              0.000 / 0.000         0.000 / 0.000         4.627 / 7.839         4.627 / 7.839       ms
[2023-11-19T17:13:45.501+0800][gc,stats    ]       Phase: Pause Mark End                                0.000 / 0.000         0.000 / 0.000         0.016 / 0.018         0.016 / 0.018       ms
[2023-11-19T17:13:45.501+0800][gc,stats    ]       Phase: Pause Mark Start                              0.000 / 0.000         0.000 / 0.000         0.013 / 0.019         0.013 / 0.019       ms
[2023-11-19T17:13:45.501+0800][gc,stats    ]       Phase: Pause Relocate Start                          0.000 / 0.000         0.000 / 0.000         0.008 / 0.009         0.008 / 0.009       ms
[2023-11-19T17:13:45.501+0800][gc,stats    ]    Subphase: Concurrent Classes Purge                      0.000 / 0.000         0.000 / 0.000         0.047 / 0.049         0.047 / 0.049       ms
[2023-11-19T17:13:45.501+0800][gc,stats    ]    Subphase: Concurrent Classes Unlink                     0.000 / 0.000         0.000 / 0.000         1.263 / 1.295         1.263 / 1.295       ms
[2023-11-19T17:13:45.501+0800][gc,stats    ]    Subphase: Concurrent Mark                               0.000 / 0.000         0.000 / 0.000        11.825 / 13.159       11.825 / 13.159      ms
[2023-11-19T17:13:45.501+0800][gc,stats    ]    Subphase: Concurrent Mark Try Flush                     0.000 / 0.000         0.000 / 0.000         0.057 / 0.108         0.057 / 0.108       ms
[2023-11-19T17:13:45.501+0800][gc,stats    ]    Subphase: Concurrent Mark Try Terminate                 0.000 / 0.000         0.000 / 0.000         1.420 / 4.236         1.420 / 4.236       ms
[2023-11-19T17:13:45.501+0800][gc,stats    ]    Subphase: Concurrent References Enqueue                 0.000 / 0.000         0.000 / 0.000         0.004 / 0.004         0.004 / 0.004       ms
[2023-11-19T17:13:45.501+0800][gc,stats    ]    Subphase: Concurrent References Process                 0.000 / 0.000         0.000 / 0.000         0.090 / 0.101         0.090 / 0.101       ms
[2023-11-19T17:13:45.501+0800][gc,stats    ]    Subphase: Concurrent Roots ClassLoaderDataGraph         0.000 / 0.000         0.000 / 0.000         0.103 / 0.506         0.103 / 0.506       ms
[2023-11-19T17:13:45.501+0800][gc,stats    ]    Subphase: Concurrent Roots CodeCache                    0.000 / 0.000         0.000 / 0.000         0.000 / 0.000         0.000 / 0.000       ms
[2023-11-19T17:13:45.501+0800][gc,stats    ]    Subphase: Concurrent Roots JavaThreads                  0.000 / 0.000         0.000 / 0.000         1.129 / 2.106         1.129 / 2.106       ms
[2023-11-19T17:13:45.501+0800][gc,stats    ]    Subphase: Concurrent Roots OopStorageSet                0.000 / 0.000         0.000 / 0.000         0.036 / 0.058         0.036 / 0.058       ms
[2023-11-19T17:13:45.501+0800][gc,stats    ]    Subphase: Concurrent Weak Roots OopStorageSet           0.000 / 0.000         0.000 / 0.000         0.328 / 0.486         0.328 / 0.486       ms
[2023-11-19T17:13:45.501+0800][gc,stats    ]    Subphase: Pause Mark Try Complete                       0.000 / 0.000         0.000 / 0.000         0.000 / 0.000         0.000 / 0.000       ms
[2023-11-19T17:13:45.501+0800][gc,stats    ]      System: Java Threads                                      0 / 0                 0 / 0                39 / 54               39 / 54          threads
[2023-11-19T17:13:45.501+0800][gc,stats    ] =========================================================================================================================================================
[2023-11-19T17:13:55.501+0800][gc,stats    ] === Garbage Collection Statistics =======================================================================================================================
[2023-11-19T17:13:55.501+0800][gc,stats    ]                                                              Last 10s              Last 10m              Last 10h                Total
[2023-11-19T17:13:55.501+0800][gc,stats    ]                                                              Avg / Max             Avg / Max             Avg / Max             Avg / Max
[2023-11-19T17:13:55.501+0800][gc,stats    ]   Collector: Garbage Collection Cycle                      0.000 / 0.000         0.000 / 0.000        23.723 / 25.775       23.723 / 25.775      ms
[2023-11-19T17:13:55.501+0800][gc,stats    ]  Contention: Mark Segment Reset Contention                     0 / 0                 0 / 0                 0 / 3                 0 / 3           ops/s
[2023-11-19T17:13:55.501+0800][gc,stats    ]  Contention: Mark SeqNum Reset Contention                      0 / 0                 0 / 0                 0 / 0                 0 / 0           ops/s
[2023-11-19T17:13:55.501+0800][gc,stats    ]    Critical: Allocation Stall                                  0 / 0                 0 / 0                 0 / 0                 0 / 0           ops/s
[2023-11-19T17:13:55.501+0800][gc,stats    ]    Critical: Allocation Stall                              0.000 / 0.000         0.000 / 0.000         0.000 / 0.000         0.000 / 0.000       ms
[2023-11-19T17:13:55.501+0800][gc,stats    ]    Critical: GC Locker Stall                                   0 / 0                 0 / 0                 0 / 0                 0 / 0           ops/s
[2023-11-19T17:13:55.501+0800][gc,stats    ]    Critical: GC Locker Stall                               0.000 / 0.000         0.000 / 0.000         0.000 / 0.000         0.000 / 0.000       ms
[2023-11-19T17:13:55.501+0800][gc,stats    ]    Critical: Relocation Stall                                  0 / 0                 0 / 0                 0 / 0                 0 / 0           ops/s
[2023-11-19T17:13:55.501+0800][gc,stats    ]    Critical: Relocation Stall                              0.000 / 0.000         0.000 / 0.000         0.000 / 0.000         0.000 / 0.000       ms
[2023-11-19T17:13:55.501+0800][gc,stats    ]      Memory: Allocation Rate                                   0 / 2                 0 / 4                 0 / 104               0 / 104         MB/s
[2023-11-19T17:13:55.501+0800][gc,stats    ]      Memory: Defragment                                        0 / 0                 0 / 0                 0 / 0                 0 / 0           ops/s
[2023-11-19T17:13:55.501+0800][gc,stats    ]      Memory: Out Of Memory                                     0 / 0                 0 / 0                 0 / 0                 0 / 0           ops/s
[2023-11-19T17:13:55.501+0800][gc,stats    ]      Memory: Page Cache Flush                                  0 / 0                 0 / 0                 0 / 0                 0 / 0           MB/s
[2023-11-19T17:13:55.501+0800][gc,stats    ]      Memory: Page Cache Hit L1                                 0 / 0                 0 / 0                 0 / 29                0 / 29          ops/s
[2023-11-19T17:13:55.501+0800][gc,stats    ]      Memory: Page Cache Hit L2                                 0 / 0                 0 / 0                 0 / 0                 0 / 0           ops/s
[2023-11-19T17:13:55.501+0800][gc,stats    ]      Memory: Page Cache Hit L3                                 0 / 1                 0 / 2                 0 / 48                0 / 48          ops/s
[2023-11-19T17:13:55.501+0800][gc,stats    ]      Memory: Page Cache Miss                                   0 / 0                 0 / 0                 0 / 1                 0 / 1           ops/s
[2023-11-19T17:13:55.501+0800][gc,stats    ]      Memory: Uncommit                                          0 / 0                 0 / 0                 0 / 0                 0 / 0           MB/s
[2023-11-19T17:13:55.501+0800][gc,stats    ]      Memory: Undo Object Allocation Failed                     0 / 0                 0 / 0                 0 / 0                 0 / 0           ops/s
[2023-11-19T17:13:55.501+0800][gc,stats    ]      Memory: Undo Object Allocation Succeeded                  0 / 0                 0 / 0                 0 / 0                 0 / 0           ops/s
[2023-11-19T17:13:55.501+0800][gc,stats    ]      Memory: Undo Page Allocation                              0 / 0                 0 / 0                 0 / 0                 0 / 0           ops/s
[2023-11-19T17:13:55.501+0800][gc,stats    ]       Phase: Concurrent Mark                               0.000 / 0.000         0.000 / 0.000        13.801 / 15.394       13.801 / 15.394      ms
[2023-11-19T17:13:55.501+0800][gc,stats    ]       Phase: Concurrent Mark Continue                      0.000 / 0.000         0.000 / 0.000         0.000 / 0.000         0.000 / 0.000       ms
[2023-11-19T17:13:55.501+0800][gc,stats    ]       Phase: Concurrent Mark Free                          0.000 / 0.000         0.000 / 0.000         0.001 / 0.001         0.001 / 0.001       ms
[2023-11-19T17:13:55.501+0800][gc,stats    ]       Phase: Concurrent Process Non-Strong References      0.000 / 0.000         0.000 / 0.000         1.810 / 1.931         1.810 / 1.931       ms
[2023-11-19T17:13:55.501+0800][gc,stats    ]       Phase: Concurrent Relocate                           0.000 / 0.000         0.000 / 0.000         2.671 / 3.187         2.671 / 3.187       ms
[2023-11-19T17:13:55.501+0800][gc,stats    ]       Phase: Concurrent Reset Relocation Set               0.000 / 0.000         0.000 / 0.000         0.001 / 0.003         0.001 / 0.003       ms
[2023-11-19T17:13:55.501+0800][gc,stats    ]       Phase: Concurrent Select Relocation Set              0.000 / 0.000         0.000 / 0.000         4.627 / 7.839         4.627 / 7.839       ms
[2023-11-19T17:13:55.501+0800][gc,stats    ]       Phase: Pause Mark End                                0.000 / 0.000         0.000 / 0.000         0.016 / 0.018         0.016 / 0.018       ms
[2023-11-19T17:13:55.501+0800][gc,stats    ]       Phase: Pause Mark Start                              0.000 / 0.000         0.000 / 0.000         0.013 / 0.019         0.013 / 0.019       ms
[2023-11-19T17:13:55.501+0800][gc,stats    ]       Phase: Pause Relocate Start                          0.000 / 0.000         0.000 / 0.000         0.008 / 0.009         0.008 / 0.009       ms
[2023-11-19T17:13:55.501+0800][gc,stats    ]    Subphase: Concurrent Classes Purge                      0.000 / 0.000         0.000 / 0.000         0.047 / 0.049         0.047 / 0.049       ms
[2023-11-19T17:13:55.501+0800][gc,stats    ]    Subphase: Concurrent Classes Unlink                     0.000 / 0.000         0.000 / 0.000         1.263 / 1.295         1.263 / 1.295       ms
[2023-11-19T17:13:55.501+0800][gc,stats    ]    Subphase: Concurrent Mark                               0.000 / 0.000         0.000 / 0.000        11.825 / 13.159       11.825 / 13.159      ms
[2023-11-19T17:13:55.501+0800][gc,stats    ]    Subphase: Concurrent Mark Try Flush                     0.000 / 0.000         0.000 / 0.000         0.057 / 0.108         0.057 / 0.108       ms
[2023-11-19T17:13:55.501+0800][gc,stats    ]    Subphase: Concurrent Mark Try Terminate                 0.000 / 0.000         0.000 / 0.000         1.420 / 4.236         1.420 / 4.236       ms
[2023-11-19T17:13:55.501+0800][gc,stats    ]    Subphase: Concurrent References Enqueue                 0.000 / 0.000         0.000 / 0.000         0.004 / 0.004         0.004 / 0.004       ms
[2023-11-19T17:13:55.501+0800][gc,stats    ]    Subphase: Concurrent References Process                 0.000 / 0.000         0.000 / 0.000         0.090 / 0.101         0.090 / 0.101       ms
[2023-11-19T17:13:55.501+0800][gc,stats    ]    Subphase: Concurrent Roots ClassLoaderDataGraph         0.000 / 0.000         0.000 / 0.000         0.103 / 0.506         0.103 / 0.506       ms
[2023-11-19T17:13:55.501+0800][gc,stats    ]    Subphase: Concurrent Roots CodeCache                    0.000 / 0.000         0.000 / 0.000         0.000 / 0.000         0.000 / 0.000       ms
[2023-11-19T17:13:55.501+0800][gc,stats    ]    Subphase: Concurrent Roots JavaThreads                  0.000 / 0.000         0.000 / 0.000         1.129 / 2.106         1.129 / 2.106       ms
[2023-11-19T17:13:55.501+0800][gc,stats    ]    Subphase: Concurrent Roots OopStorageSet                0.000 / 0.000         0.000 / 0.000         0.036 / 0.058         0.036 / 0.058       ms
[2023-11-19T17:13:55.501+0800][gc,stats    ]    Subphase: Concurrent Weak Roots OopStorageSet           0.000 / 0.000         0.000 / 0.000         0.328 / 0.486         0.328 / 0.486       ms
[2023-11-19T17:13:55.501+0800][gc,stats    ]    Subphase: Pause Mark Try Complete                       0.000 / 0.000         0.000 / 0.000         0.000 / 0.000         0.000 / 0.000       ms
[2023-11-19T17:13:55.501+0800][gc,stats    ]      System: Java Threads                                      0 / 0                 0 / 0                39 / 54               39 / 54          threads
[2023-11-19T17:13:55.501+0800][gc,stats    ] =========================================================================================================================================================
[2023-11-19T17:14:05.501+0800][gc,stats    ] === Garbage Collection Statistics =======================================================================================================================
[2023-11-19T17:14:05.501+0800][gc,stats    ]                                                              Last 10s              Last 10m              Last 10h                Total
[2023-11-19T17:14:05.501+0800][gc,stats    ]                                                              Avg / Max             Avg / Max             Avg / Max             Avg / Max
[2023-11-19T17:14:05.501+0800][gc,stats    ]   Collector: Garbage Collection Cycle                      0.000 / 0.000         0.000 / 0.000        23.723 / 25.775       23.723 / 25.775      ms
[2023-11-19T17:14:05.501+0800][gc,stats    ]  Contention: Mark Segment Reset Contention                     0 / 0                 0 / 0                 0 / 3                 0 / 3           ops/s
[2023-11-19T17:14:05.501+0800][gc,stats    ]  Contention: Mark SeqNum Reset Contention                      0 / 0                 0 / 0                 0 / 0                 0 / 0           ops/s
[2023-11-19T17:14:05.501+0800][gc,stats    ]    Critical: Allocation Stall                                  0 / 0                 0 / 0                 0 / 0                 0 / 0           ops/s
[2023-11-19T17:14:05.501+0800][gc,stats    ]    Critical: Allocation Stall                              0.000 / 0.000         0.000 / 0.000         0.000 / 0.000         0.000 / 0.000       ms
[2023-11-19T17:14:05.501+0800][gc,stats    ]    Critical: GC Locker Stall                                   0 / 0                 0 / 0                 0 / 0                 0 / 0           ops/s
[2023-11-19T17:14:05.501+0800][gc,stats    ]    Critical: GC Locker Stall                               0.000 / 0.000         0.000 / 0.000         0.000 / 0.000         0.000 / 0.000       ms
[2023-11-19T17:14:05.501+0800][gc,stats    ]    Critical: Relocation Stall                                  0 / 0                 0 / 0                 0 / 0                 0 / 0           ops/s
[2023-11-19T17:14:05.501+0800][gc,stats    ]    Critical: Relocation Stall                              0.000 / 0.000         0.000 / 0.000         0.000 / 0.000         0.000 / 0.000       ms
[2023-11-19T17:14:05.501+0800][gc,stats    ]      Memory: Allocation Rate                                   0 / 4                 0 / 4                 0 / 104               0 / 104         MB/s
[2023-11-19T17:14:05.501+0800][gc,stats    ]      Memory: Defragment                                        0 / 0                 0 / 0                 0 / 0                 0 / 0           ops/s
[2023-11-19T17:14:05.501+0800][gc,stats    ]      Memory: Out Of Memory                                     0 / 0                 0 / 0                 0 / 0                 0 / 0           ops/s
[2023-11-19T17:14:05.501+0800][gc,stats    ]      Memory: Page Cache Flush                                  0 / 0                 0 / 0                 0 / 0                 0 / 0           MB/s
[2023-11-19T17:14:05.501+0800][gc,stats    ]      Memory: Page Cache Hit L1                                 0 / 0                 0 / 0                 0 / 29                0 / 29          ops/s
[2023-11-19T17:14:05.501+0800][gc,stats    ]      Memory: Page Cache Hit L2                                 0 / 0                 0 / 0                 0 / 0                 0 / 0           ops/s
[2023-11-19T17:14:05.501+0800][gc,stats    ]      Memory: Page Cache Hit L3                                 0 / 2                 0 / 2                 0 / 48                0 / 48          ops/s
[2023-11-19T17:14:05.501+0800][gc,stats    ]      Memory: Page Cache Miss                                   0 / 0                 0 / 0                 0 / 1                 0 / 1           ops/s
[2023-11-19T17:14:05.501+0800][gc,stats    ]      Memory: Uncommit                                          0 / 0                 0 / 0                 0 / 0                 0 / 0           MB/s
[2023-11-19T17:14:05.501+0800][gc,stats    ]      Memory: Undo Object Allocation Failed                     0 / 0                 0 / 0                 0 / 0                 0 / 0           ops/s
[2023-11-19T17:14:05.501+0800][gc,stats    ]      Memory: Undo Object Allocation Succeeded                  0 / 0                 0 / 0                 0 / 0                 0 / 0           ops/s
[2023-11-19T17:14:05.501+0800][gc,stats    ]      Memory: Undo Page Allocation                              0 / 0                 0 / 0                 0 / 0                 0 / 0           ops/s
[2023-11-19T17:14:05.501+0800][gc,stats    ]       Phase: Concurrent Mark                               0.000 / 0.000         0.000 / 0.000        13.801 / 15.394       13.801 / 15.394      ms
[2023-11-19T17:14:05.501+0800][gc,stats    ]       Phase: Concurrent Mark Continue                      0.000 / 0.000         0.000 / 0.000         0.000 / 0.000         0.000 / 0.000       ms
[2023-11-19T17:14:05.501+0800][gc,stats    ]       Phase: Concurrent Mark Free                          0.000 / 0.000         0.000 / 0.000         0.001 / 0.001         0.001 / 0.001       ms
[2023-11-19T17:14:05.501+0800][gc,stats    ]       Phase: Concurrent Process Non-Strong References      0.000 / 0.000         0.000 / 0.000         1.810 / 1.931         1.810 / 1.931       ms
[2023-11-19T17:14:05.501+0800][gc,stats    ]       Phase: Concurrent Relocate                           0.000 / 0.000         0.000 / 0.000         2.671 / 3.187         2.671 / 3.187       ms
[2023-11-19T17:14:05.501+0800][gc,stats    ]       Phase: Concurrent Reset Relocation Set               0.000 / 0.000         0.000 / 0.000         0.001 / 0.003         0.001 / 0.003       ms
[2023-11-19T17:14:05.501+0800][gc,stats    ]       Phase: Concurrent Select Relocation Set              0.000 / 0.000         0.000 / 0.000         4.627 / 7.839         4.627 / 7.839       ms
[2023-11-19T17:14:05.501+0800][gc,stats    ]       Phase: Pause Mark End                                0.000 / 0.000         0.000 / 0.000         0.016 / 0.018         0.016 / 0.018       ms
[2023-11-19T17:14:05.501+0800][gc,stats    ]       Phase: Pause Mark Start                              0.000 / 0.000         0.000 / 0.000         0.013 / 0.019         0.013 / 0.019       ms
[2023-11-19T17:14:05.501+0800][gc,stats    ]       Phase: Pause Relocate Start                          0.000 / 0.000         0.000 / 0.000         0.008 / 0.009         0.008 / 0.009       ms
[2023-11-19T17:14:05.501+0800][gc,stats    ]    Subphase: Concurrent Classes Purge                      0.000 / 0.000         0.000 / 0.000         0.047 / 0.049         0.047 / 0.049       ms
[2023-11-19T17:14:05.501+0800][gc,stats    ]    Subphase: Concurrent Classes Unlink                     0.000 / 0.000         0.000 / 0.000         1.263 / 1.295         1.263 / 1.295       ms
[2023-11-19T17:14:05.501+0800][gc,stats    ]    Subphase: Concurrent Mark                               0.000 / 0.000         0.000 / 0.000        11.825 / 13.159       11.825 / 13.159      ms
[2023-11-19T17:14:05.501+0800][gc,stats    ]    Subphase: Concurrent Mark Try Flush                     0.000 / 0.000         0.000 / 0.000         0.057 / 0.108         0.057 / 0.108       ms
[2023-11-19T17:14:05.502+0800][gc,stats    ]    Subphase: Concurrent Mark Try Terminate                 0.000 / 0.000         0.000 / 0.000         1.420 / 4.236         1.420 / 4.236       ms
[2023-11-19T17:14:05.502+0800][gc,stats    ]    Subphase: Concurrent References Enqueue                 0.000 / 0.000         0.000 / 0.000         0.004 / 0.004         0.004 / 0.004       ms
[2023-11-19T17:14:05.502+0800][gc,stats    ]    Subphase: Concurrent References Process                 0.000 / 0.000         0.000 / 0.000         0.090 / 0.101         0.090 / 0.101       ms
[2023-11-19T17:14:05.502+0800][gc,stats    ]    Subphase: Concurrent Roots ClassLoaderDataGraph         0.000 / 0.000         0.000 / 0.000         0.103 / 0.506         0.103 / 0.506       ms
[2023-11-19T17:14:05.502+0800][gc,stats    ]    Subphase: Concurrent Roots CodeCache                    0.000 / 0.000         0.000 / 0.000         0.000 / 0.000         0.000 / 0.000       ms
[2023-11-19T17:14:05.502+0800][gc,stats    ]    Subphase: Concurrent Roots JavaThreads                  0.000 / 0.000         0.000 / 0.000         1.129 / 2.106         1.129 / 2.106       ms
[2023-11-19T17:14:05.502+0800][gc,stats    ]    Subphase: Concurrent Roots OopStorageSet                0.000 / 0.000         0.000 / 0.000         0.036 / 0.058         0.036 / 0.058       ms
[2023-11-19T17:14:05.502+0800][gc,stats    ]    Subphase: Concurrent Weak Roots OopStorageSet           0.000 / 0.000         0.000 / 0.000         0.328 / 0.486         0.328 / 0.486       ms
[2023-11-19T17:14:05.502+0800][gc,stats    ]    Subphase: Pause Mark Try Complete                       0.000 / 0.000         0.000 / 0.000         0.000 / 0.000         0.000 / 0.000       ms
[2023-11-19T17:14:05.502+0800][gc,stats    ]      System: Java Threads                                      0 / 0                 0 / 0                39 / 54               39 / 54          threads
[2023-11-19T17:14:05.502+0800][gc,stats    ] =========================================================================================================================================================
[2023-11-19T17:14:15.501+0800][gc,stats    ] === Garbage Collection Statistics =======================================================================================================================
[2023-11-19T17:14:15.501+0800][gc,stats    ]                                                              Last 10s              Last 10m              Last 10h                Total
[2023-11-19T17:14:15.501+0800][gc,stats    ]                                                              Avg / Max             Avg / Max             Avg / Max             Avg / Max
[2023-11-19T17:14:15.501+0800][gc,stats    ]   Collector: Garbage Collection Cycle                      0.000 / 0.000         0.000 / 0.000        23.723 / 25.775       23.723 / 25.775      ms
[2023-11-19T17:14:15.501+0800][gc,stats    ]  Contention: Mark Segment Reset Contention                     0 / 0                 0 / 0                 0 / 3                 0 / 3           ops/s
[2023-11-19T17:14:15.501+0800][gc,stats    ]  Contention: Mark SeqNum Reset Contention                      0 / 0                 0 / 0                 0 / 0                 0 / 0           ops/s
[2023-11-19T17:14:15.501+0800][gc,stats    ]    Critical: Allocation Stall                                  0 / 0                 0 / 0                 0 / 0                 0 / 0           ops/s
[2023-11-19T17:14:15.501+0800][gc,stats    ]    Critical: Allocation Stall                              0.000 / 0.000         0.000 / 0.000         0.000 / 0.000         0.000 / 0.000       ms
[2023-11-19T17:14:15.501+0800][gc,stats    ]    Critical: GC Locker Stall                                   0 / 0                 0 / 0                 0 / 0                 0 / 0           ops/s
[2023-11-19T17:14:15.501+0800][gc,stats    ]    Critical: GC Locker Stall                               0.000 / 0.000         0.000 / 0.000         0.000 / 0.000         0.000 / 0.000       ms
[2023-11-19T17:14:15.501+0800][gc,stats    ]    Critical: Relocation Stall                                  0 / 0                 0 / 0                 0 / 0                 0 / 0           ops/s
[2023-11-19T17:14:15.501+0800][gc,stats    ]    Critical: Relocation Stall                              0.000 / 0.000         0.000 / 0.000         0.000 / 0.000         0.000 / 0.000       ms
[2023-11-19T17:14:15.501+0800][gc,stats    ]      Memory: Allocation Rate                                   0 / 2                 0 / 4                 0 / 104               0 / 104         MB/s
[2023-11-19T17:14:15.501+0800][gc,stats    ]      Memory: Defragment                                        0 / 0                 0 / 0                 0 / 0                 0 / 0           ops/s
[2023-11-19T17:14:15.501+0800][gc,stats    ]      Memory: Out Of Memory                                     0 / 0                 0 / 0                 0 / 0                 0 / 0           ops/s
[2023-11-19T17:14:15.501+0800][gc,stats    ]      Memory: Page Cache Flush                                  0 / 0                 0 / 0                 0 / 0                 0 / 0           MB/s
[2023-11-19T17:14:15.501+0800][gc,stats    ]      Memory: Page Cache Hit L1                                 0 / 0                 0 / 0                 0 / 29                0 / 29          ops/s
[2023-11-19T17:14:15.501+0800][gc,stats    ]      Memory: Page Cache Hit L2                                 0 / 0                 0 / 0                 0 / 0                 0 / 0           ops/s
[2023-11-19T17:14:15.501+0800][gc,stats    ]      Memory: Page Cache Hit L3                                 0 / 1                 0 / 2                 0 / 48                0 / 48          ops/s
[2023-11-19T17:14:15.501+0800][gc,stats    ]      Memory: Page Cache Miss                                   0 / 0                 0 / 0                 0 / 1                 0 / 1           ops/s
[2023-11-19T17:14:15.501+0800][gc,stats    ]      Memory: Uncommit                                          0 / 0                 0 / 0                 0 / 0                 0 / 0           MB/s
[2023-11-19T17:14:15.501+0800][gc,stats    ]      Memory: Undo Object Allocation Failed                     0 / 0                 0 / 0                 0 / 0                 0 / 0           ops/s
[2023-11-19T17:14:15.501+0800][gc,stats    ]      Memory: Undo Object Allocation Succeeded                  0 / 0                 0 / 0                 0 / 0                 0 / 0           ops/s
[2023-11-19T17:14:15.501+0800][gc,stats    ]      Memory: Undo Page Allocation                              0 / 0                 0 / 0                 0 / 0                 0 / 0           ops/s
[2023-11-19T17:14:15.501+0800][gc,stats    ]       Phase: Concurrent Mark                               0.000 / 0.000         0.000 / 0.000        13.801 / 15.394       13.801 / 15.394      ms
[2023-11-19T17:14:15.501+0800][gc,stats    ]       Phase: Concurrent Mark Continue                      0.000 / 0.000         0.000 / 0.000         0.000 / 0.000         0.000 / 0.000       ms
[2023-11-19T17:14:15.501+0800][gc,stats    ]       Phase: Concurrent Mark Free                          0.000 / 0.000         0.000 / 0.000         0.001 / 0.001         0.001 / 0.001       ms
[2023-11-19T17:14:15.501+0800][gc,stats    ]       Phase: Concurrent Process Non-Strong References      0.000 / 0.000         0.000 / 0.000         1.810 / 1.931         1.810 / 1.931       ms
[2023-11-19T17:14:15.501+0800][gc,stats    ]       Phase: Concurrent Relocate                           0.000 / 0.000         0.000 / 0.000         2.671 / 3.187         2.671 / 3.187       ms
[2023-11-19T17:14:15.501+0800][gc,stats    ]       Phase: Concurrent Reset Relocation Set               0.000 / 0.000         0.000 / 0.000         0.001 / 0.003         0.001 / 0.003       ms
[2023-11-19T17:14:15.501+0800][gc,stats    ]       Phase: Concurrent Select Relocation Set              0.000 / 0.000         0.000 / 0.000         4.627 / 7.839         4.627 / 7.839       ms
[2023-11-19T17:14:15.501+0800][gc,stats    ]       Phase: Pause Mark End                                0.000 / 0.000         0.000 / 0.000         0.016 / 0.018         0.016 / 0.018       ms
[2023-11-19T17:14:15.501+0800][gc,stats    ]       Phase: Pause Mark Start                              0.000 / 0.000         0.000 / 0.000         0.013 / 0.019         0.013 / 0.019       ms
[2023-11-19T17:14:15.501+0800][gc,stats    ]       Phase: Pause Relocate Start                          0.000 / 0.000         0.000 / 0.000         0.008 / 0.009         0.008 / 0.009       ms
[2023-11-19T17:14:15.501+0800][gc,stats    ]    Subphase: Concurrent Classes Purge                      0.000 / 0.000         0.000 / 0.000         0.047 / 0.049         0.047 / 0.049       ms
[2023-11-19T17:14:15.501+0800][gc,stats    ]    Subphase: Concurrent Classes Unlink                     0.000 / 0.000         0.000 / 0.000         1.263 / 1.295         1.263 / 1.295       ms
[2023-11-19T17:14:15.501+0800][gc,stats    ]    Subphase: Concurrent Mark                               0.000 / 0.000         0.000 / 0.000        11.825 / 13.159       11.825 / 13.159      ms
[2023-11-19T17:14:15.501+0800][gc,stats    ]    Subphase: Concurrent Mark Try Flush                     0.000 / 0.000         0.000 / 0.000         0.057 / 0.108         0.057 / 0.108       ms
[2023-11-19T17:14:15.501+0800][gc,stats    ]    Subphase: Concurrent Mark Try Terminate                 0.000 / 0.000         0.000 / 0.000         1.420 / 4.236         1.420 / 4.236       ms
[2023-11-19T17:14:15.501+0800][gc,stats    ]    Subphase: Concurrent References Enqueue                 0.000 / 0.000         0.000 / 0.000         0.004 / 0.004         0.004 / 0.004       ms
[2023-11-19T17:14:15.501+0800][gc,stats    ]    Subphase: Concurrent References Process                 0.000 / 0.000         0.000 / 0.000         0.090 / 0.101         0.090 / 0.101       ms
[2023-11-19T17:14:15.501+0800][gc,stats    ]    Subphase: Concurrent Roots ClassLoaderDataGraph         0.000 / 0.000         0.000 / 0.000         0.103 / 0.506         0.103 / 0.506       ms
[2023-11-19T17:14:15.501+0800][gc,stats    ]    Subphase: Concurrent Roots CodeCache                    0.000 / 0.000         0.000 / 0.000         0.000 / 0.000         0.000 / 0.000       ms
[2023-11-19T17:14:15.501+0800][gc,stats    ]    Subphase: Concurrent Roots JavaThreads                  0.000 / 0.000         0.000 / 0.000         1.129 / 2.106         1.129 / 2.106       ms
[2023-11-19T17:14:15.501+0800][gc,stats    ]    Subphase: Concurrent Roots OopStorageSet                0.000 / 0.000         0.000 / 0.000         0.036 / 0.058         0.036 / 0.058       ms
[2023-11-19T17:14:15.501+0800][gc,stats    ]    Subphase: Concurrent Weak Roots OopStorageSet           0.000 / 0.000         0.000 / 0.000         0.328 / 0.486         0.328 / 0.486       ms
[2023-11-19T17:14:15.501+0800][gc,stats    ]    Subphase: Pause Mark Try Complete                       0.000 / 0.000         0.000 / 0.000         0.000 / 0.000         0.000 / 0.000       ms
[2023-11-19T17:14:15.501+0800][gc,stats    ]      System: Java Threads                                      0 / 0                 0 / 0                39 / 54               39 / 54          threads
[2023-11-19T17:14:15.501+0800][gc,stats    ] =========================================================================================================================================================
[2023-11-19T17:14:25.501+0800][gc,stats    ] === Garbage Collection Statistics =======================================================================================================================
[2023-11-19T17:14:25.501+0800][gc,stats    ]                                                              Last 10s              Last 10m              Last 10h                Total
[2023-11-19T17:14:25.501+0800][gc,stats    ]                                                              Avg / Max             Avg / Max             Avg / Max             Avg / Max
[2023-11-19T17:14:25.501+0800][gc,stats    ]   Collector: Garbage Collection Cycle                      0.000 / 0.000         0.000 / 0.000        23.723 / 25.775       23.723 / 25.775      ms
[2023-11-19T17:14:25.501+0800][gc,stats    ]  Contention: Mark Segment Reset Contention                     0 / 0                 0 / 0                 0 / 3                 0 / 3           ops/s
[2023-11-19T17:14:25.501+0800][gc,stats    ]  Contention: Mark SeqNum Reset Contention                      0 / 0                 0 / 0                 0 / 0                 0 / 0           ops/s
[2023-11-19T17:14:25.501+0800][gc,stats    ]    Critical: Allocation Stall                                  0 / 0                 0 / 0                 0 / 0                 0 / 0           ops/s
[2023-11-19T17:14:25.501+0800][gc,stats    ]    Critical: Allocation Stall                              0.000 / 0.000         0.000 / 0.000         0.000 / 0.000         0.000 / 0.000       ms
[2023-11-19T17:14:25.501+0800][gc,stats    ]    Critical: GC Locker Stall                                   0 / 0                 0 / 0                 0 / 0                 0 / 0           ops/s
[2023-11-19T17:14:25.501+0800][gc,stats    ]    Critical: GC Locker Stall                               0.000 / 0.000         0.000 / 0.000         0.000 / 0.000         0.000 / 0.000       ms
[2023-11-19T17:14:25.501+0800][gc,stats    ]    Critical: Relocation Stall                                  0 / 0                 0 / 0                 0 / 0                 0 / 0           ops/s
[2023-11-19T17:14:25.501+0800][gc,stats    ]    Critical: Relocation Stall                              0.000 / 0.000         0.000 / 0.000         0.000 / 0.000         0.000 / 0.000       ms
[2023-11-19T17:14:25.501+0800][gc,stats    ]      Memory: Allocation Rate                                   0 / 0                 0 / 4                 0 / 104               0 / 104         MB/s
[2023-11-19T17:14:25.501+0800][gc,stats    ]      Memory: Defragment                                        0 / 0                 0 / 0                 0 / 0                 0 / 0           ops/s
[2023-11-19T17:14:25.501+0800][gc,stats    ]      Memory: Out Of Memory                                     0 / 0                 0 / 0                 0 / 0                 0 / 0           ops/s
[2023-11-19T17:14:25.501+0800][gc,stats    ]      Memory: Page Cache Flush                                  0 / 0                 0 / 0                 0 / 0                 0 / 0           MB/s
[2023-11-19T17:14:25.501+0800][gc,stats    ]      Memory: Page Cache Hit L1                                 0 / 0                 0 / 0                 0 / 29                0 / 29          ops/s
[2023-11-19T17:14:25.501+0800][gc,stats    ]      Memory: Page Cache Hit L2                                 0 / 0                 0 / 0                 0 / 0                 0 / 0           ops/s
[2023-11-19T17:14:25.501+0800][gc,stats    ]      Memory: Page Cache Hit L3                                 0 / 0                 0 / 2                 0 / 48                0 / 48          ops/s
[2023-11-19T17:14:25.501+0800][gc,stats    ]      Memory: Page Cache Miss                                   0 / 0                 0 / 0                 0 / 1                 0 / 1           ops/s
[2023-11-19T17:14:25.501+0800][gc,stats    ]      Memory: Uncommit                                          0 / 0                 0 / 0                 0 / 0                 0 / 0           MB/s
[2023-11-19T17:14:25.501+0800][gc,stats    ]      Memory: Undo Object Allocation Failed                     0 / 0                 0 / 0                 0 / 0                 0 / 0           ops/s
[2023-11-19T17:14:25.501+0800][gc,stats    ]      Memory: Undo Object Allocation Succeeded                  0 / 0                 0 / 0                 0 / 0                 0 / 0           ops/s
[2023-11-19T17:14:25.501+0800][gc,stats    ]      Memory: Undo Page Allocation                              0 / 0                 0 / 0                 0 / 0                 0 / 0           ops/s
[2023-11-19T17:14:25.501+0800][gc,stats    ]       Phase: Concurrent Mark                               0.000 / 0.000         0.000 / 0.000        13.801 / 15.394       13.801 / 15.394      ms
[2023-11-19T17:14:25.501+0800][gc,stats    ]       Phase: Concurrent Mark Continue                      0.000 / 0.000         0.000 / 0.000         0.000 / 0.000         0.000 / 0.000       ms
[2023-11-19T17:14:25.501+0800][gc,stats    ]       Phase: Concurrent Mark Free                          0.000 / 0.000         0.000 / 0.000         0.001 / 0.001         0.001 / 0.001       ms
[2023-11-19T17:14:25.501+0800][gc,stats    ]       Phase: Concurrent Process Non-Strong References      0.000 / 0.000         0.000 / 0.000         1.810 / 1.931         1.810 / 1.931       ms
[2023-11-19T17:14:25.501+0800][gc,stats    ]       Phase: Concurrent Relocate                           0.000 / 0.000         0.000 / 0.000         2.671 / 3.187         2.671 / 3.187       ms
[2023-11-19T17:14:25.501+0800][gc,stats    ]       Phase: Concurrent Reset Relocation Set               0.000 / 0.000         0.000 / 0.000         0.001 / 0.003         0.001 / 0.003       ms
[2023-11-19T17:14:25.501+0800][gc,stats    ]       Phase: Concurrent Select Relocation Set              0.000 / 0.000         0.000 / 0.000         4.627 / 7.839         4.627 / 7.839       ms
[2023-11-19T17:14:25.501+0800][gc,stats    ]       Phase: Pause Mark End                                0.000 / 0.000         0.000 / 0.000         0.016 / 0.018         0.016 / 0.018       ms
[2023-11-19T17:14:25.501+0800][gc,stats    ]       Phase: Pause Mark Start                              0.000 / 0.000         0.000 / 0.000         0.013 / 0.019         0.013 / 0.019       ms
[2023-11-19T17:14:25.501+0800][gc,stats    ]       Phase: Pause Relocate Start                          0.000 / 0.000         0.000 / 0.000         0.008 / 0.009         0.008 / 0.009       ms
[2023-11-19T17:14:25.501+0800][gc,stats    ]    Subphase: Concurrent Classes Purge                      0.000 / 0.000         0.000 / 0.000         0.047 / 0.049         0.047 / 0.049       ms
[2023-11-19T17:14:25.501+0800][gc,stats    ]    Subphase: Concurrent Classes Unlink                     0.000 / 0.000         0.000 / 0.000         1.263 / 1.295         1.263 / 1.295       ms
[2023-11-19T17:14:25.501+0800][gc,stats    ]    Subphase: Concurrent Mark                               0.000 / 0.000         0.000 / 0.000        11.825 / 13.159       11.825 / 13.159      ms
[2023-11-19T17:14:25.501+0800][gc,stats    ]    Subphase: Concurrent Mark Try Flush                     0.000 / 0.000         0.000 / 0.000         0.057 / 0.108         0.057 / 0.108       ms
[2023-11-19T17:14:25.501+0800][gc,stats    ]    Subphase: Concurrent Mark Try Terminate                 0.000 / 0.000         0.000 / 0.000         1.420 / 4.236         1.420 / 4.236       ms
[2023-11-19T17:14:25.501+0800][gc,stats    ]    Subphase: Concurrent References Enqueue                 0.000 / 0.000         0.000 / 0.000         0.004 / 0.004         0.004 / 0.004       ms
[2023-11-19T17:14:25.501+0800][gc,stats    ]    Subphase: Concurrent References Process                 0.000 / 0.000         0.000 / 0.000         0.090 / 0.101         0.090 / 0.101       ms
[2023-11-19T17:14:25.501+0800][gc,stats    ]    Subphase: Concurrent Roots ClassLoaderDataGraph         0.000 / 0.000         0.000 / 0.000         0.103 / 0.506         0.103 / 0.506       ms
[2023-11-19T17:14:25.501+0800][gc,stats    ]    Subphase: Concurrent Roots CodeCache                    0.000 / 0.000         0.000 / 0.000         0.000 / 0.000         0.000 / 0.000       ms
[2023-11-19T17:14:25.501+0800][gc,stats    ]    Subphase: Concurrent Roots JavaThreads                  0.000 / 0.000         0.000 / 0.000         1.129 / 2.106         1.129 / 2.106       ms
[2023-11-19T17:14:25.501+0800][gc,stats    ]    Subphase: Concurrent Roots OopStorageSet                0.000 / 0.000         0.000 / 0.000         0.036 / 0.058         0.036 / 0.058       ms
[2023-11-19T17:14:25.501+0800][gc,stats    ]    Subphase: Concurrent Weak Roots OopStorageSet           0.000 / 0.000         0.000 / 0.000         0.328 / 0.486         0.328 / 0.486       ms
[2023-11-19T17:14:25.501+0800][gc,stats    ]    Subphase: Pause Mark Try Complete                       0.000 / 0.000         0.000 / 0.000         0.000 / 0.000         0.000 / 0.000       ms
[2023-11-19T17:14:25.501+0800][gc,stats    ]      System: Java Threads                                      0 / 0                 0 / 0                39 / 54               39 / 54          threads
[2023-11-19T17:14:25.501+0800][gc,stats    ] =========================================================================================================================================================
[2023-11-19T17:14:35.501+0800][gc,stats    ] === Garbage Collection Statistics =======================================================================================================================
[2023-11-19T17:14:35.501+0800][gc,stats    ]                                                              Last 10s              Last 10m              Last 10h                Total
[2023-11-19T17:14:35.501+0800][gc,stats    ]                                                              Avg / Max             Avg / Max             Avg / Max             Avg / Max
[2023-11-19T17:14:35.501+0800][gc,stats    ]   Collector: Garbage Collection Cycle                      0.000 / 0.000         0.000 / 0.000        23.723 / 25.775       23.723 / 25.775      ms
[2023-11-19T17:14:35.501+0800][gc,stats    ]  Contention: Mark Segment Reset Contention                     0 / 0                 0 / 0                 0 / 3                 0 / 3           ops/s
[2023-11-19T17:14:35.501+0800][gc,stats    ]  Contention: Mark SeqNum Reset Contention                      0 / 0                 0 / 0                 0 / 0                 0 / 0           ops/s
[2023-11-19T17:14:35.501+0800][gc,stats    ]    Critical: Allocation Stall                                  0 / 0                 0 / 0                 0 / 0                 0 / 0           ops/s
[2023-11-19T17:14:35.501+0800][gc,stats    ]    Critical: Allocation Stall                              0.000 / 0.000         0.000 / 0.000         0.000 / 0.000         0.000 / 0.000       ms
[2023-11-19T17:14:35.501+0800][gc,stats    ]    Critical: GC Locker Stall                                   0 / 0                 0 / 0                 0 / 0                 0 / 0           ops/s
[2023-11-19T17:14:35.501+0800][gc,stats    ]    Critical: GC Locker Stall                               0.000 / 0.000         0.000 / 0.000         0.000 / 0.000         0.000 / 0.000       ms
[2023-11-19T17:14:35.501+0800][gc,stats    ]    Critical: Relocation Stall                                  0 / 0                 0 / 0                 0 / 0                 0 / 0           ops/s
[2023-11-19T17:14:35.501+0800][gc,stats    ]    Critical: Relocation Stall                              0.000 / 0.000         0.000 / 0.000         0.000 / 0.000         0.000 / 0.000       ms
[2023-11-19T17:14:35.501+0800][gc,stats    ]      Memory: Allocation Rate                                   0 / 0                 0 / 4                 0 / 104               0 / 104         MB/s
[2023-11-19T17:14:35.501+0800][gc,stats    ]      Memory: Defragment                                        0 / 0                 0 / 0                 0 / 0                 0 / 0           ops/s
[2023-11-19T17:14:35.501+0800][gc,stats    ]      Memory: Out Of Memory                                     0 / 0                 0 / 0                 0 / 0                 0 / 0           ops/s
[2023-11-19T17:14:35.501+0800][gc,stats    ]      Memory: Page Cache Flush                                  0 / 0                 0 / 0                 0 / 0                 0 / 0           MB/s
[2023-11-19T17:14:35.501+0800][gc,stats    ]      Memory: Page Cache Hit L1                                 0 / 0                 0 / 0                 0 / 29                0 / 29          ops/s
[2023-11-19T17:14:35.501+0800][gc,stats    ]      Memory: Page Cache Hit L2                                 0 / 0                 0 / 0                 0 / 0                 0 / 0           ops/s
[2023-11-19T17:14:35.501+0800][gc,stats    ]      Memory: Page Cache Hit L3                                 0 / 0                 0 / 2                 0 / 48                0 / 48          ops/s
[2023-11-19T17:14:35.501+0800][gc,stats    ]      Memory: Page Cache Miss                                   0 / 0                 0 / 0                 0 / 1                 0 / 1           ops/s
[2023-11-19T17:14:35.501+0800][gc,stats    ]      Memory: Uncommit                                          0 / 0                 0 / 0                 0 / 0                 0 / 0           MB/s
[2023-11-19T17:14:35.501+0800][gc,stats    ]      Memory: Undo Object Allocation Failed                     0 / 0                 0 / 0                 0 / 0                 0 / 0           ops/s
[2023-11-19T17:14:35.501+0800][gc,stats    ]      Memory: Undo Object Allocation Succeeded                  0 / 0                 0 / 0                 0 / 0                 0 / 0           ops/s
[2023-11-19T17:14:35.501+0800][gc,stats    ]      Memory: Undo Page Allocation                              0 / 0                 0 / 0                 0 / 0                 0 / 0           ops/s
[2023-11-19T17:14:35.501+0800][gc,stats    ]       Phase: Concurrent Mark                               0.000 / 0.000         0.000 / 0.000        13.801 / 15.394       13.801 / 15.394      ms
[2023-11-19T17:14:35.501+0800][gc,stats    ]       Phase: Concurrent Mark Continue                      0.000 / 0.000         0.000 / 0.000         0.000 / 0.000         0.000 / 0.000       ms
[2023-11-19T17:14:35.501+0800][gc,stats    ]       Phase: Concurrent Mark Free                          0.000 / 0.000         0.000 / 0.000         0.001 / 0.001         0.001 / 0.001       ms
[2023-11-19T17:14:35.501+0800][gc,stats    ]       Phase: Concurrent Process Non-Strong References      0.000 / 0.000         0.000 / 0.000         1.810 / 1.931         1.810 / 1.931       ms
[2023-11-19T17:14:35.501+0800][gc,stats    ]       Phase: Concurrent Relocate                           0.000 / 0.000         0.000 / 0.000         2.671 / 3.187         2.671 / 3.187       ms
[2023-11-19T17:14:35.501+0800][gc,stats    ]       Phase: Concurrent Reset Relocation Set               0.000 / 0.000         0.000 / 0.000         0.001 / 0.003         0.001 / 0.003       ms
[2023-11-19T17:14:35.501+0800][gc,stats    ]       Phase: Concurrent Select Relocation Set              0.000 / 0.000         0.000 / 0.000         4.627 / 7.839         4.627 / 7.839       ms
[2023-11-19T17:14:35.501+0800][gc,stats    ]       Phase: Pause Mark End                                0.000 / 0.000         0.000 / 0.000         0.016 / 0.018         0.016 / 0.018       ms
[2023-11-19T17:14:35.501+0800][gc,stats    ]       Phase: Pause Mark Start                              0.000 / 0.000         0.000 / 0.000         0.013 / 0.019         0.013 / 0.019       ms
[2023-11-19T17:14:35.501+0800][gc,stats    ]       Phase: Pause Relocate Start                          0.000 / 0.000         0.000 / 0.000         0.008 / 0.009         0.008 / 0.009       ms
[2023-11-19T17:14:35.501+0800][gc,stats    ]    Subphase: Concurrent Classes Purge                      0.000 / 0.000         0.000 / 0.000         0.047 / 0.049         0.047 / 0.049       ms
[2023-11-19T17:14:35.501+0800][gc,stats    ]    Subphase: Concurrent Classes Unlink                     0.000 / 0.000         0.000 / 0.000         1.263 / 1.295         1.263 / 1.295       ms
[2023-11-19T17:14:35.501+0800][gc,stats    ]    Subphase: Concurrent Mark                               0.000 / 0.000         0.000 / 0.000        11.825 / 13.159       11.825 / 13.159      ms
[2023-11-19T17:14:35.501+0800][gc,stats    ]    Subphase: Concurrent Mark Try Flush                     0.000 / 0.000         0.000 / 0.000         0.057 / 0.108         0.057 / 0.108       ms
[2023-11-19T17:14:35.501+0800][gc,stats    ]    Subphase: Concurrent Mark Try Terminate                 0.000 / 0.000         0.000 / 0.000         1.420 / 4.236         1.420 / 4.236       ms
[2023-11-19T17:14:35.501+0800][gc,stats    ]    Subphase: Concurrent References Enqueue                 0.000 / 0.000         0.000 / 0.000         0.004 / 0.004         0.004 / 0.004       ms
[2023-11-19T17:14:35.501+0800][gc,stats    ]    Subphase: Concurrent References Process                 0.000 / 0.000         0.000 / 0.000         0.090 / 0.101         0.090 / 0.101       ms
[2023-11-19T17:14:35.501+0800][gc,stats    ]    Subphase: Concurrent Roots ClassLoaderDataGraph         0.000 / 0.000         0.000 / 0.000         0.103 / 0.506         0.103 / 0.506       ms
[2023-11-19T17:14:35.501+0800][gc,stats    ]    Subphase: Concurrent Roots CodeCache                    0.000 / 0.000         0.000 / 0.000         0.000 / 0.000         0.000 / 0.000       ms
[2023-11-19T17:14:35.501+0800][gc,stats    ]    Subphase: Concurrent Roots JavaThreads                  0.000 / 0.000         0.000 / 0.000         1.129 / 2.106         1.129 / 2.106       ms
[2023-11-19T17:14:35.501+0800][gc,stats    ]    Subphase: Concurrent Roots OopStorageSet                0.000 / 0.000         0.000 / 0.000         0.036 / 0.058         0.036 / 0.058       ms
[2023-11-19T17:14:35.501+0800][gc,stats    ]    Subphase: Concurrent Weak Roots OopStorageSet           0.000 / 0.000         0.000 / 0.000         0.328 / 0.486         0.328 / 0.486       ms
[2023-11-19T17:14:35.501+0800][gc,stats    ]    Subphase: Pause Mark Try Complete                       0.000 / 0.000         0.000 / 0.000         0.000 / 0.000         0.000 / 0.000       ms
[2023-11-19T17:14:35.501+0800][gc,stats    ]      System: Java Threads                                      0 / 0                 0 / 0                39 / 54               39 / 54          threads
[2023-11-19T17:14:35.501+0800][gc,stats    ] =========================================================================================================================================================
[2023-11-19T17:14:45.501+0800][gc,stats    ] === Garbage Collection Statistics =======================================================================================================================
[2023-11-19T17:14:45.501+0800][gc,stats    ]                                                              Last 10s              Last 10m              Last 10h                Total
[2023-11-19T17:14:45.501+0800][gc,stats    ]                                                              Avg / Max             Avg / Max             Avg / Max             Avg / Max
[2023-11-19T17:14:45.501+0800][gc,stats    ]   Collector: Garbage Collection Cycle                      0.000 / 0.000         0.000 / 0.000        23.723 / 25.775       23.723 / 25.775      ms
[2023-11-19T17:14:45.501+0800][gc,stats    ]  Contention: Mark Segment Reset Contention                     0 / 0                 0 / 0                 0 / 3                 0 / 3           ops/s
[2023-11-19T17:14:45.501+0800][gc,stats    ]  Contention: Mark SeqNum Reset Contention                      0 / 0                 0 / 0                 0 / 0                 0 / 0           ops/s
[2023-11-19T17:14:45.501+0800][gc,stats    ]    Critical: Allocation Stall                                  0 / 0                 0 / 0                 0 / 0                 0 / 0           ops/s
[2023-11-19T17:14:45.501+0800][gc,stats    ]    Critical: Allocation Stall                              0.000 / 0.000         0.000 / 0.000         0.000 / 0.000         0.000 / 0.000       ms
[2023-11-19T17:14:45.501+0800][gc,stats    ]    Critical: GC Locker Stall                                   0 / 0                 0 / 0                 0 / 0                 0 / 0           ops/s
[2023-11-19T17:14:45.501+0800][gc,stats    ]    Critical: GC Locker Stall                               0.000 / 0.000         0.000 / 0.000         0.000 / 0.000         0.000 / 0.000       ms
[2023-11-19T17:14:45.501+0800][gc,stats    ]    Critical: Relocation Stall                                  0 / 0                 0 / 0                 0 / 0                 0 / 0           ops/s
[2023-11-19T17:14:45.501+0800][gc,stats    ]    Critical: Relocation Stall                              0.000 / 0.000         0.000 / 0.000         0.000 / 0.000         0.000 / 0.000       ms
[2023-11-19T17:14:45.501+0800][gc,stats    ]      Memory: Allocation Rate                                   0 / 2                 0 / 4                 0 / 104               0 / 104         MB/s
[2023-11-19T17:14:45.501+0800][gc,stats    ]      Memory: Defragment                                        0 / 0                 0 / 0                 0 / 0                 0 / 0           ops/s
[2023-11-19T17:14:45.501+0800][gc,stats    ]      Memory: Out Of Memory                                     0 / 0                 0 / 0                 0 / 0                 0 / 0           ops/s
[2023-11-19T17:14:45.501+0800][gc,stats    ]      Memory: Page Cache Flush                                  0 / 0                 0 / 0                 0 / 0                 0 / 0           MB/s
[2023-11-19T17:14:45.501+0800][gc,stats    ]      Memory: Page Cache Hit L1                                 0 / 0                 0 / 0                 0 / 29                0 / 29          ops/s
[2023-11-19T17:14:45.501+0800][gc,stats    ]      Memory: Page Cache Hit L2                                 0 / 0                 0 / 0                 0 / 0                 0 / 0           ops/s
[2023-11-19T17:14:45.501+0800][gc,stats    ]      Memory: Page Cache Hit L3                                 0 / 1                 0 / 2                 0 / 48                0 / 48          ops/s
[2023-11-19T17:14:45.501+0800][gc,stats    ]      Memory: Page Cache Miss                                   0 / 0                 0 / 0                 0 / 1                 0 / 1           ops/s
[2023-11-19T17:14:45.501+0800][gc,stats    ]      Memory: Uncommit                                          0 / 0                 0 / 0                 0 / 0                 0 / 0           MB/s
[2023-11-19T17:14:45.501+0800][gc,stats    ]      Memory: Undo Object Allocation Failed                     0 / 0                 0 / 0                 0 / 0                 0 / 0           ops/s
[2023-11-19T17:14:45.501+0800][gc,stats    ]      Memory: Undo Object Allocation Succeeded                  0 / 0                 0 / 0                 0 / 0                 0 / 0           ops/s
[2023-11-19T17:14:45.501+0800][gc,stats    ]      Memory: Undo Page Allocation                              0 / 0                 0 / 0                 0 / 0                 0 / 0           ops/s
[2023-11-19T17:14:45.501+0800][gc,stats    ]       Phase: Concurrent Mark                               0.000 / 0.000         0.000 / 0.000        13.801 / 15.394       13.801 / 15.394      ms
[2023-11-19T17:14:45.501+0800][gc,stats    ]       Phase: Concurrent Mark Continue                      0.000 / 0.000         0.000 / 0.000         0.000 / 0.000         0.000 / 0.000       ms
[2023-11-19T17:14:45.501+0800][gc,stats    ]       Phase: Concurrent Mark Free                          0.000 / 0.000         0.000 / 0.000         0.001 / 0.001         0.001 / 0.001       ms
[2023-11-19T17:14:45.501+0800][gc,stats    ]       Phase: Concurrent Process Non-Strong References      0.000 / 0.000         0.000 / 0.000         1.810 / 1.931         1.810 / 1.931       ms
[2023-11-19T17:14:45.501+0800][gc,stats    ]       Phase: Concurrent Relocate                           0.000 / 0.000         0.000 / 0.000         2.671 / 3.187         2.671 / 3.187       ms
[2023-11-19T17:14:45.501+0800][gc,stats    ]       Phase: Concurrent Reset Relocation Set               0.000 / 0.000         0.000 / 0.000         0.001 / 0.003         0.001 / 0.003       ms
[2023-11-19T17:14:45.501+0800][gc,stats    ]       Phase: Concurrent Select Relocation Set              0.000 / 0.000         0.000 / 0.000         4.627 / 7.839         4.627 / 7.839       ms
[2023-11-19T17:14:45.501+0800][gc,stats    ]       Phase: Pause Mark End                                0.000 / 0.000         0.000 / 0.000         0.016 / 0.018         0.016 / 0.018       ms
[2023-11-19T17:14:45.501+0800][gc,stats    ]       Phase: Pause Mark Start                              0.000 / 0.000         0.000 / 0.000         0.013 / 0.019         0.013 / 0.019       ms
[2023-11-19T17:14:45.501+0800][gc,stats    ]       Phase: Pause Relocate Start                          0.000 / 0.000         0.000 / 0.000         0.008 / 0.009         0.008 / 0.009       ms
[2023-11-19T17:14:45.501+0800][gc,stats    ]    Subphase: Concurrent Classes Purge                      0.000 / 0.000         0.000 / 0.000         0.047 / 0.049         0.047 / 0.049       ms
[2023-11-19T17:14:45.501+0800][gc,stats    ]    Subphase: Concurrent Classes Unlink                     0.000 / 0.000         0.000 / 0.000         1.263 / 1.295         1.263 / 1.295       ms
[2023-11-19T17:14:45.501+0800][gc,stats    ]    Subphase: Concurrent Mark                               0.000 / 0.000         0.000 / 0.000        11.825 / 13.159       11.825 / 13.159      ms
[2023-11-19T17:14:45.501+0800][gc,stats    ]    Subphase: Concurrent Mark Try Flush                     0.000 / 0.000         0.000 / 0.000         0.057 / 0.108         0.057 / 0.108       ms
[2023-11-19T17:14:45.501+0800][gc,stats    ]    Subphase: Concurrent Mark Try Terminate                 0.000 / 0.000         0.000 / 0.000         1.420 / 4.236         1.420 / 4.236       ms
[2023-11-19T17:14:45.501+0800][gc,stats    ]    Subphase: Concurrent References Enqueue                 0.000 / 0.000         0.000 / 0.000         0.004 / 0.004         0.004 / 0.004       ms
[2023-11-19T17:14:45.501+0800][gc,stats    ]    Subphase: Concurrent References Process                 0.000 / 0.000         0.000 / 0.000         0.090 / 0.101         0.090 / 0.101       ms
[2023-11-19T17:14:45.501+0800][gc,stats    ]    Subphase: Concurrent Roots ClassLoaderDataGraph         0.000 / 0.000         0.000 / 0.000         0.103 / 0.506         0.103 / 0.506       ms
[2023-11-19T17:14:45.501+0800][gc,stats    ]    Subphase: Concurrent Roots CodeCache                    0.000 / 0.000         0.000 / 0.000         0.000 / 0.000         0.000 / 0.000       ms
[2023-11-19T17:14:45.501+0800][gc,stats    ]    Subphase: Concurrent Roots JavaThreads                  0.000 / 0.000         0.000 / 0.000         1.129 / 2.106         1.129 / 2.106       ms
[2023-11-19T17:14:45.501+0800][gc,stats    ]    Subphase: Concurrent Roots OopStorageSet                0.000 / 0.000         0.000 / 0.000         0.036 / 0.058         0.036 / 0.058       ms
[2023-11-19T17:14:45.501+0800][gc,stats    ]    Subphase: Concurrent Weak Roots OopStorageSet           0.000 / 0.000         0.000 / 0.000         0.328 / 0.486         0.328 / 0.486       ms
[2023-11-19T17:14:45.501+0800][gc,stats    ]    Subphase: Pause Mark Try Complete                       0.000 / 0.000         0.000 / 0.000         0.000 / 0.000         0.000 / 0.000       ms
[2023-11-19T17:14:45.501+0800][gc,stats    ]      System: Java Threads                                      0 / 0                 0 / 0                39 / 54               39 / 54          threads
[2023-11-19T17:14:45.501+0800][gc,stats    ] =========================================================================================================================================================
[2023-11-19T17:14:55.501+0800][gc,stats    ] === Garbage Collection Statistics =======================================================================================================================
[2023-11-19T17:14:55.501+0800][gc,stats    ]                                                              Last 10s              Last 10m              Last 10h                Total
[2023-11-19T17:14:55.501+0800][gc,stats    ]                                                              Avg / Max             Avg / Max             Avg / Max             Avg / Max
[2023-11-19T17:14:55.501+0800][gc,stats    ]   Collector: Garbage Collection Cycle                      0.000 / 0.000         0.000 / 0.000        23.723 / 25.775       23.723 / 25.775      ms
[2023-11-19T17:14:55.501+0800][gc,stats    ]  Contention: Mark Segment Reset Contention                     0 / 0                 0 / 0                 0 / 3                 0 / 3           ops/s
[2023-11-19T17:14:55.501+0800][gc,stats    ]  Contention: Mark SeqNum Reset Contention                      0 / 0                 0 / 0                 0 / 0                 0 / 0           ops/s
[2023-11-19T17:14:55.501+0800][gc,stats    ]    Critical: Allocation Stall                                  0 / 0                 0 / 0                 0 / 0                 0 / 0           ops/s
[2023-11-19T17:14:55.501+0800][gc,stats    ]    Critical: Allocation Stall                              0.000 / 0.000         0.000 / 0.000         0.000 / 0.000         0.000 / 0.000       ms
[2023-11-19T17:14:55.501+0800][gc,stats    ]    Critical: GC Locker Stall                                   0 / 0                 0 / 0                 0 / 0                 0 / 0           ops/s
[2023-11-19T17:14:55.501+0800][gc,stats    ]    Critical: GC Locker Stall                               0.000 / 0.000         0.000 / 0.000         0.000 / 0.000         0.000 / 0.000       ms
[2023-11-19T17:14:55.501+0800][gc,stats    ]    Critical: Relocation Stall                                  0 / 0                 0 / 0                 0 / 0                 0 / 0           ops/s
[2023-11-19T17:14:55.501+0800][gc,stats    ]    Critical: Relocation Stall                              0.000 / 0.000         0.000 / 0.000         0.000 / 0.000         0.000 / 0.000       ms
[2023-11-19T17:14:55.501+0800][gc,stats    ]      Memory: Allocation Rate                                   0 / 0                 0 / 4                 0 / 104               0 / 104         MB/s
[2023-11-19T17:14:55.501+0800][gc,stats    ]      Memory: Defragment                                        0 / 0                 0 / 0                 0 / 0                 0 / 0           ops/s
[2023-11-19T17:14:55.501+0800][gc,stats    ]      Memory: Out Of Memory                                     0 / 0                 0 / 0                 0 / 0                 0 / 0           ops/s
[2023-11-19T17:14:55.501+0800][gc,stats    ]      Memory: Page Cache Flush                                  0 / 0                 0 / 0                 0 / 0                 0 / 0           MB/s
[2023-11-19T17:14:55.501+0800][gc,stats    ]      Memory: Page Cache Hit L1                                 0 / 0                 0 / 0                 0 / 29                0 / 29          ops/s
[2023-11-19T17:14:55.501+0800][gc,stats    ]      Memory: Page Cache Hit L2                                 0 / 0                 0 / 0                 0 / 0                 0 / 0           ops/s
[2023-11-19T17:14:55.501+0800][gc,stats    ]      Memory: Page Cache Hit L3                                 0 / 0                 0 / 2                 0 / 48                0 / 48          ops/s
[2023-11-19T17:14:55.501+0800][gc,stats    ]      Memory: Page Cache Miss                                   0 / 0                 0 / 0                 0 / 1                 0 / 1           ops/s
[2023-11-19T17:14:55.501+0800][gc,stats    ]      Memory: Uncommit                                          0 / 0                 0 / 0                 0 / 0                 0 / 0           MB/s
[2023-11-19T17:14:55.501+0800][gc,stats    ]      Memory: Undo Object Allocation Failed                     0 / 0                 0 / 0                 0 / 0                 0 / 0           ops/s
[2023-11-19T17:14:55.501+0800][gc,stats    ]      Memory: Undo Object Allocation Succeeded                  0 / 0                 0 / 0                 0 / 0                 0 / 0           ops/s
[2023-11-19T17:14:55.501+0800][gc,stats    ]      Memory: Undo Page Allocation                              0 / 0                 0 / 0                 0 / 0                 0 / 0           ops/s
[2023-11-19T17:14:55.501+0800][gc,stats    ]       Phase: Concurrent Mark                               0.000 / 0.000         0.000 / 0.000        13.801 / 15.394       13.801 / 15.394      ms
[2023-11-19T17:14:55.501+0800][gc,stats    ]       Phase: Concurrent Mark Continue                      0.000 / 0.000         0.000 / 0.000         0.000 / 0.000         0.000 / 0.000       ms
[2023-11-19T17:14:55.501+0800][gc,stats    ]       Phase: Concurrent Mark Free                          0.000 / 0.000         0.000 / 0.000         0.001 / 0.001         0.001 / 0.001       ms
[2023-11-19T17:14:55.501+0800][gc,stats    ]       Phase: Concurrent Process Non-Strong References      0.000 / 0.000         0.000 / 0.000         1.810 / 1.931         1.810 / 1.931       ms
[2023-11-19T17:14:55.501+0800][gc,stats    ]       Phase: Concurrent Relocate                           0.000 / 0.000         0.000 / 0.000         2.671 / 3.187         2.671 / 3.187       ms
[2023-11-19T17:14:55.501+0800][gc,stats    ]       Phase: Concurrent Reset Relocation Set               0.000 / 0.000         0.000 / 0.000         0.001 / 0.003         0.001 / 0.003       ms
[2023-11-19T17:14:55.501+0800][gc,stats    ]       Phase: Concurrent Select Relocation Set              0.000 / 0.000         0.000 / 0.000         4.627 / 7.839         4.627 / 7.839       ms
[2023-11-19T17:14:55.501+0800][gc,stats    ]       Phase: Pause Mark End                                0.000 / 0.000         0.000 / 0.000         0.016 / 0.018         0.016 / 0.018       ms
[2023-11-19T17:14:55.501+0800][gc,stats    ]       Phase: Pause Mark Start                              0.000 / 0.000         0.000 / 0.000         0.013 / 0.019         0.013 / 0.019       ms
[2023-11-19T17:14:55.501+0800][gc,stats    ]       Phase: Pause Relocate Start                          0.000 / 0.000         0.000 / 0.000         0.008 / 0.009         0.008 / 0.009       ms
[2023-11-19T17:14:55.501+0800][gc,stats    ]    Subphase: Concurrent Classes Purge                      0.000 / 0.000         0.000 / 0.000         0.047 / 0.049         0.047 / 0.049       ms
[2023-11-19T17:14:55.501+0800][gc,stats    ]    Subphase: Concurrent Classes Unlink                     0.000 / 0.000         0.000 / 0.000         1.263 / 1.295         1.263 / 1.295       ms
[2023-11-19T17:14:55.501+0800][gc,stats    ]    Subphase: Concurrent Mark                               0.000 / 0.000         0.000 / 0.000        11.825 / 13.159       11.825 / 13.159      ms
[2023-11-19T17:14:55.501+0800][gc,stats    ]    Subphase: Concurrent Mark Try Flush                     0.000 / 0.000         0.000 / 0.000         0.057 / 0.108         0.057 / 0.108       ms
[2023-11-19T17:14:55.501+0800][gc,stats    ]    Subphase: Concurrent Mark Try Terminate                 0.000 / 0.000         0.000 / 0.000         1.420 / 4.236         1.420 / 4.236       ms
[2023-11-19T17:14:55.501+0800][gc,stats    ]    Subphase: Concurrent References Enqueue                 0.000 / 0.000         0.000 / 0.000         0.004 / 0.004         0.004 / 0.004       ms
[2023-11-19T17:14:55.501+0800][gc,stats    ]    Subphase: Concurrent References Process                 0.000 / 0.000         0.000 / 0.000         0.090 / 0.101         0.090 / 0.101       ms
[2023-11-19T17:14:55.501+0800][gc,stats    ]    Subphase: Concurrent Roots ClassLoaderDataGraph         0.000 / 0.000         0.000 / 0.000         0.103 / 0.506         0.103 / 0.506       ms
[2023-11-19T17:14:55.501+0800][gc,stats    ]    Subphase: Concurrent Roots CodeCache                    0.000 / 0.000         0.000 / 0.000         0.000 / 0.000         0.000 / 0.000       ms
[2023-11-19T17:14:55.501+0800][gc,stats    ]    Subphase: Concurrent Roots JavaThreads                  0.000 / 0.000         0.000 / 0.000         1.129 / 2.106         1.129 / 2.106       ms
[2023-11-19T17:14:55.501+0800][gc,stats    ]    Subphase: Concurrent Roots OopStorageSet                0.000 / 0.000         0.000 / 0.000         0.036 / 0.058         0.036 / 0.058       ms
[2023-11-19T17:14:55.501+0800][gc,stats    ]    Subphase: Concurrent Weak Roots OopStorageSet           0.000 / 0.000         0.000 / 0.000         0.328 / 0.486         0.328 / 0.486       ms
[2023-11-19T17:14:55.501+0800][gc,stats    ]    Subphase: Pause Mark Try Complete                       0.000 / 0.000         0.000 / 0.000         0.000 / 0.000         0.000 / 0.000       ms
[2023-11-19T17:14:55.501+0800][gc,stats    ]      System: Java Threads                                      0 / 0                 0 / 0                39 / 54               39 / 54          threads
[2023-11-19T17:14:55.501+0800][gc,stats    ] =========================================================================================================================================================
[2023-11-19T17:15:05.508+0800][gc,stats    ] === Garbage Collection Statistics =======================================================================================================================
[2023-11-19T17:15:05.508+0800][gc,stats    ]                                                              Last 10s              Last 10m              Last 10h                Total
[2023-11-19T17:15:05.508+0800][gc,stats    ]                                                              Avg / Max             Avg / Max             Avg / Max             Avg / Max
[2023-11-19T17:15:05.508+0800][gc,stats    ]   Collector: Garbage Collection Cycle                      0.000 / 0.000         0.000 / 0.000        23.723 / 25.775       23.723 / 25.775      ms
[2023-11-19T17:15:05.508+0800][gc,stats    ]  Contention: Mark Segment Reset Contention                     0 / 0                 0 / 0                 0 / 3                 0 / 3           ops/s
[2023-11-19T17:15:05.508+0800][gc,stats    ]  Contention: Mark SeqNum Reset Contention                      0 / 0                 0 / 0                 0 / 0                 0 / 0           ops/s
[2023-11-19T17:15:05.508+0800][gc,stats    ]    Critical: Allocation Stall                                  0 / 0                 0 / 0                 0 / 0                 0 / 0           ops/s
[2023-11-19T17:15:05.508+0800][gc,stats    ]    Critical: Allocation Stall                              0.000 / 0.000         0.000 / 0.000         0.000 / 0.000         0.000 / 0.000       ms
[2023-11-19T17:15:05.508+0800][gc,stats    ]    Critical: GC Locker Stall                                   0 / 0                 0 / 0                 0 / 0                 0 / 0           ops/s
[2023-11-19T17:15:05.508+0800][gc,stats    ]    Critical: GC Locker Stall                               0.000 / 0.000         0.000 / 0.000         0.000 / 0.000         0.000 / 0.000       ms
[2023-11-19T17:15:05.508+0800][gc,stats    ]    Critical: Relocation Stall                                  0 / 0                 0 / 0                 0 / 0                 0 / 0           ops/s
[2023-11-19T17:15:05.508+0800][gc,stats    ]    Critical: Relocation Stall                              0.000 / 0.000         0.000 / 0.000         0.000 / 0.000         0.000 / 0.000       ms
[2023-11-19T17:15:05.508+0800][gc,stats    ]      Memory: Allocation Rate                                   0 / 0                 0 / 4                 0 / 104               0 / 104         MB/s
[2023-11-19T17:15:05.508+0800][gc,stats    ]      Memory: Defragment                                        0 / 0                 0 / 0                 0 / 0                 0 / 0           ops/s
[2023-11-19T17:15:05.508+0800][gc,stats    ]      Memory: Out Of Memory                                     0 / 0                 0 / 0                 0 / 0                 0 / 0           ops/s
[2023-11-19T17:15:05.508+0800][gc,stats    ]      Memory: Page Cache Flush                                  0 / 0                 0 / 0                 0 / 0                 0 / 0           MB/s
[2023-11-19T17:15:05.508+0800][gc,stats    ]      Memory: Page Cache Hit L1                                 0 / 0                 0 / 0                 0 / 29                0 / 29          ops/s
[2023-11-19T17:15:05.508+0800][gc,stats    ]      Memory: Page Cache Hit L2                                 0 / 0                 0 / 0                 0 / 0                 0 / 0           ops/s
[2023-11-19T17:15:05.508+0800][gc,stats    ]      Memory: Page Cache Hit L3                                 0 / 0                 0 / 2                 0 / 48                0 / 48          ops/s
[2023-11-19T17:15:05.508+0800][gc,stats    ]      Memory: Page Cache Miss                                   0 / 0                 0 / 0                 0 / 1                 0 / 1           ops/s
[2023-11-19T17:15:05.508+0800][gc,stats    ]      Memory: Uncommit                                          0 / 0                 0 / 0                 0 / 0                 0 / 0           MB/s
[2023-11-19T17:15:05.508+0800][gc,stats    ]      Memory: Undo Object Allocation Failed                     0 / 0                 0 / 0                 0 / 0                 0 / 0           ops/s
[2023-11-19T17:15:05.508+0800][gc,stats    ]      Memory: Undo Object Allocation Succeeded                  0 / 0                 0 / 0                 0 / 0                 0 / 0           ops/s
[2023-11-19T17:15:05.508+0800][gc,stats    ]      Memory: Undo Page Allocation                              0 / 0                 0 / 0                 0 / 0                 0 / 0           ops/s
[2023-11-19T17:15:05.508+0800][gc,stats    ]       Phase: Concurrent Mark                               0.000 / 0.000         0.000 / 0.000        13.801 / 15.394       13.801 / 15.394      ms
[2023-11-19T17:15:05.508+0800][gc,stats    ]       Phase: Concurrent Mark Continue                      0.000 / 0.000         0.000 / 0.000         0.000 / 0.000         0.000 / 0.000       ms
[2023-11-19T17:15:05.508+0800][gc,stats    ]       Phase: Concurrent Mark Free                          0.000 / 0.000         0.000 / 0.000         0.001 / 0.001         0.001 / 0.001       ms
[2023-11-19T17:15:05.508+0800][gc,stats    ]       Phase: Concurrent Process Non-Strong References      0.000 / 0.000         0.000 / 0.000         1.810 / 1.931         1.810 / 1.931       ms
[2023-11-19T17:15:05.508+0800][gc,stats    ]       Phase: Concurrent Relocate                           0.000 / 0.000         0.000 / 0.000         2.671 / 3.187         2.671 / 3.187       ms
[2023-11-19T17:15:05.508+0800][gc,stats    ]       Phase: Concurrent Reset Relocation Set               0.000 / 0.000         0.000 / 0.000         0.001 / 0.003         0.001 / 0.003       ms
[2023-11-19T17:15:05.508+0800][gc,stats    ]       Phase: Concurrent Select Relocation Set              0.000 / 0.000         0.000 / 0.000         4.627 / 7.839         4.627 / 7.839       ms
[2023-11-19T17:15:05.508+0800][gc,stats    ]       Phase: Pause Mark End                                0.000 / 0.000         0.000 / 0.000         0.016 / 0.018         0.016 / 0.018       ms
[2023-11-19T17:15:05.508+0800][gc,stats    ]       Phase: Pause Mark Start                              0.000 / 0.000         0.000 / 0.000         0.013 / 0.019         0.013 / 0.019       ms
[2023-11-19T17:15:05.508+0800][gc,stats    ]       Phase: Pause Relocate Start                          0.000 / 0.000         0.000 / 0.000         0.008 / 0.009         0.008 / 0.009       ms
[2023-11-19T17:15:05.508+0800][gc,stats    ]    Subphase: Concurrent Classes Purge                      0.000 / 0.000         0.000 / 0.000         0.047 / 0.049         0.047 / 0.049       ms
[2023-11-19T17:15:05.508+0800][gc,stats    ]    Subphase: Concurrent Classes Unlink                     0.000 / 0.000         0.000 / 0.000         1.263 / 1.295         1.263 / 1.295       ms
[2023-11-19T17:15:05.508+0800][gc,stats    ]    Subphase: Concurrent Mark                               0.000 / 0.000         0.000 / 0.000        11.825 / 13.159       11.825 / 13.159      ms
[2023-11-19T17:15:05.508+0800][gc,stats    ]    Subphase: Concurrent Mark Try Flush                     0.000 / 0.000         0.000 / 0.000         0.057 / 0.108         0.057 / 0.108       ms
[2023-11-19T17:15:05.508+0800][gc,stats    ]    Subphase: Concurrent Mark Try Terminate                 0.000 / 0.000         0.000 / 0.000         1.420 / 4.236         1.420 / 4.236       ms
[2023-11-19T17:15:05.508+0800][gc,stats    ]    Subphase: Concurrent References Enqueue                 0.000 / 0.000         0.000 / 0.000         0.004 / 0.004         0.004 / 0.004       ms
[2023-11-19T17:15:05.508+0800][gc,stats    ]    Subphase: Concurrent References Process                 0.000 / 0.000         0.000 / 0.000         0.090 / 0.101         0.090 / 0.101       ms
[2023-11-19T17:15:05.508+0800][gc,stats    ]    Subphase: Concurrent Roots ClassLoaderDataGraph         0.000 / 0.000         0.000 / 0.000         0.103 / 0.506         0.103 / 0.506       ms
[2023-11-19T17:15:05.508+0800][gc,stats    ]    Subphase: Concurrent Roots CodeCache                    0.000 / 0.000         0.000 / 0.000         0.000 / 0.000         0.000 / 0.000       ms
[2023-11-19T17:15:05.508+0800][gc,stats    ]    Subphase: Concurrent Roots JavaThreads                  0.000 / 0.000         0.000 / 0.000         1.129 / 2.106         1.129 / 2.106       ms
[2023-11-19T17:15:05.508+0800][gc,stats    ]    Subphase: Concurrent Roots OopStorageSet                0.000 / 0.000         0.000 / 0.000         0.036 / 0.058         0.036 / 0.058       ms
[2023-11-19T17:15:05.508+0800][gc,stats    ]    Subphase: Concurrent Weak Roots OopStorageSet           0.000 / 0.000         0.000 / 0.000         0.328 / 0.486         0.328 / 0.486       ms
[2023-11-19T17:15:05.508+0800][gc,stats    ]    Subphase: Pause Mark Try Complete                       0.000 / 0.000         0.000 / 0.000         0.000 / 0.000         0.000 / 0.000       ms
[2023-11-19T17:15:05.508+0800][gc,stats    ]      System: Java Threads                                      0 / 0                 0 / 0                39 / 54               39 / 54          threads
[2023-11-19T17:15:05.508+0800][gc,stats    ] =========================================================================================================================================================
[2023-11-19T17:15:15.500+0800][gc,stats    ] === Garbage Collection Statistics =======================================================================================================================
[2023-11-19T17:15:15.500+0800][gc,stats    ]                                                              Last 10s              Last 10m              Last 10h                Total
[2023-11-19T17:15:15.500+0800][gc,stats    ]                                                              Avg / Max             Avg / Max             Avg / Max             Avg / Max
[2023-11-19T17:15:15.500+0800][gc,stats    ]   Collector: Garbage Collection Cycle                      0.000 / 0.000         0.000 / 0.000        23.723 / 25.775       23.723 / 25.775      ms
[2023-11-19T17:15:15.500+0800][gc,stats    ]  Contention: Mark Segment Reset Contention                     0 / 0                 0 / 0                 0 / 3                 0 / 3           ops/s
[2023-11-19T17:15:15.500+0800][gc,stats    ]  Contention: Mark SeqNum Reset Contention                      0 / 0                 0 / 0                 0 / 0                 0 / 0           ops/s
[2023-11-19T17:15:15.500+0800][gc,stats    ]    Critical: Allocation Stall                                  0 / 0                 0 / 0                 0 / 0                 0 / 0           ops/s
[2023-11-19T17:15:15.500+0800][gc,stats    ]    Critical: Allocation Stall                              0.000 / 0.000         0.000 / 0.000         0.000 / 0.000         0.000 / 0.000       ms
[2023-11-19T17:15:15.500+0800][gc,stats    ]    Critical: GC Locker Stall                                   0 / 0                 0 / 0                 0 / 0                 0 / 0           ops/s
[2023-11-19T17:15:15.500+0800][gc,stats    ]    Critical: GC Locker Stall                               0.000 / 0.000         0.000 / 0.000         0.000 / 0.000         0.000 / 0.000       ms
[2023-11-19T17:15:15.500+0800][gc,stats    ]    Critical: Relocation Stall                                  0 / 0                 0 / 0                 0 / 0                 0 / 0           ops/s
[2023-11-19T17:15:15.500+0800][gc,stats    ]    Critical: Relocation Stall                              0.000 / 0.000         0.000 / 0.000         0.000 / 0.000         0.000 / 0.000       ms
[2023-11-19T17:15:15.500+0800][gc,stats    ]      Memory: Allocation Rate                                   0 / 0                 0 / 4                 0 / 104               0 / 104         MB/s
[2023-11-19T17:15:15.500+0800][gc,stats    ]      Memory: Defragment                                        0 / 0                 0 / 0                 0 / 0                 0 / 0           ops/s
[2023-11-19T17:15:15.500+0800][gc,stats    ]      Memory: Out Of Memory                                     0 / 0                 0 / 0                 0 / 0                 0 / 0           ops/s
[2023-11-19T17:15:15.500+0800][gc,stats    ]      Memory: Page Cache Flush                                  0 / 0                 0 / 0                 0 / 0                 0 / 0           MB/s
[2023-11-19T17:15:15.500+0800][gc,stats    ]      Memory: Page Cache Hit L1                                 0 / 0                 0 / 0                 0 / 29                0 / 29          ops/s
[2023-11-19T17:15:15.500+0800][gc,stats    ]      Memory: Page Cache Hit L2                                 0 / 0                 0 / 0                 0 / 0                 0 / 0           ops/s
[2023-11-19T17:15:15.500+0800][gc,stats    ]      Memory: Page Cache Hit L3                                 0 / 0                 0 / 2                 0 / 48                0 / 48          ops/s
[2023-11-19T17:15:15.500+0800][gc,stats    ]      Memory: Page Cache Miss                                   0 / 0                 0 / 0                 0 / 1                 0 / 1           ops/s
[2023-11-19T17:15:15.500+0800][gc,stats    ]      Memory: Uncommit                                          0 / 0                 0 / 0                 0 / 0                 0 / 0           MB/s
[2023-11-19T17:15:15.500+0800][gc,stats    ]      Memory: Undo Object Allocation Failed                     0 / 0                 0 / 0                 0 / 0                 0 / 0           ops/s
[2023-11-19T17:15:15.500+0800][gc,stats    ]      Memory: Undo Object Allocation Succeeded                  0 / 0                 0 / 0                 0 / 0                 0 / 0           ops/s
[2023-11-19T17:15:15.500+0800][gc,stats    ]      Memory: Undo Page Allocation                              0 / 0                 0 / 0                 0 / 0                 0 / 0           ops/s
[2023-11-19T17:15:15.500+0800][gc,stats    ]       Phase: Concurrent Mark                               0.000 / 0.000         0.000 / 0.000        13.801 / 15.394       13.801 / 15.394      ms
[2023-11-19T17:15:15.500+0800][gc,stats    ]       Phase: Concurrent Mark Continue                      0.000 / 0.000         0.000 / 0.000         0.000 / 0.000         0.000 / 0.000       ms
[2023-11-19T17:15:15.500+0800][gc,stats    ]       Phase: Concurrent Mark Free                          0.000 / 0.000         0.000 / 0.000         0.001 / 0.001         0.001 / 0.001       ms
[2023-11-19T17:15:15.500+0800][gc,stats    ]       Phase: Concurrent Process Non-Strong References      0.000 / 0.000         0.000 / 0.000         1.810 / 1.931         1.810 / 1.931       ms
[2023-11-19T17:15:15.500+0800][gc,stats    ]       Phase: Concurrent Relocate                           0.000 / 0.000         0.000 / 0.000         2.671 / 3.187         2.671 / 3.187       ms
[2023-11-19T17:15:15.500+0800][gc,stats    ]       Phase: Concurrent Reset Relocation Set               0.000 / 0.000         0.000 / 0.000         0.001 / 0.003         0.001 / 0.003       ms
[2023-11-19T17:15:15.500+0800][gc,stats    ]       Phase: Concurrent Select Relocation Set              0.000 / 0.000         0.000 / 0.000         4.627 / 7.839         4.627 / 7.839       ms
[2023-11-19T17:15:15.500+0800][gc,stats    ]       Phase: Pause Mark End                                0.000 / 0.000         0.000 / 0.000         0.016 / 0.018         0.016 / 0.018       ms
[2023-11-19T17:15:15.500+0800][gc,stats    ]       Phase: Pause Mark Start                              0.000 / 0.000         0.000 / 0.000         0.013 / 0.019         0.013 / 0.019       ms
[2023-11-19T17:15:15.500+0800][gc,stats    ]       Phase: Pause Relocate Start                          0.000 / 0.000         0.000 / 0.000         0.008 / 0.009         0.008 / 0.009       ms
[2023-11-19T17:15:15.500+0800][gc,stats    ]    Subphase: Concurrent Classes Purge                      0.000 / 0.000         0.000 / 0.000         0.047 / 0.049         0.047 / 0.049       ms
[2023-11-19T17:15:15.500+0800][gc,stats    ]    Subphase: Concurrent Classes Unlink                     0.000 / 0.000         0.000 / 0.000         1.263 / 1.295         1.263 / 1.295       ms
[2023-11-19T17:15:15.500+0800][gc,stats    ]    Subphase: Concurrent Mark                               0.000 / 0.000         0.000 / 0.000        11.825 / 13.159       11.825 / 13.159      ms
[2023-11-19T17:15:15.500+0800][gc,stats    ]    Subphase: Concurrent Mark Try Flush                     0.000 / 0.000         0.000 / 0.000         0.057 / 0.108         0.057 / 0.108       ms
[2023-11-19T17:15:15.500+0800][gc,stats    ]    Subphase: Concurrent Mark Try Terminate                 0.000 / 0.000         0.000 / 0.000         1.420 / 4.236         1.420 / 4.236       ms
[2023-11-19T17:15:15.500+0800][gc,stats    ]    Subphase: Concurrent References Enqueue                 0.000 / 0.000         0.000 / 0.000         0.004 / 0.004         0.004 / 0.004       ms
[2023-11-19T17:15:15.500+0800][gc,stats    ]    Subphase: Concurrent References Process                 0.000 / 0.000         0.000 / 0.000         0.090 / 0.101         0.090 / 0.101       ms
[2023-11-19T17:15:15.500+0800][gc,stats    ]    Subphase: Concurrent Roots ClassLoaderDataGraph         0.000 / 0.000         0.000 / 0.000         0.103 / 0.506         0.103 / 0.506       ms
[2023-11-19T17:15:15.500+0800][gc,stats    ]    Subphase: Concurrent Roots CodeCache                    0.000 / 0.000         0.000 / 0.000         0.000 / 0.000         0.000 / 0.000       ms
[2023-11-19T17:15:15.500+0800][gc,stats    ]    Subphase: Concurrent Roots JavaThreads                  0.000 / 0.000         0.000 / 0.000         1.129 / 2.106         1.129 / 2.106       ms
[2023-11-19T17:15:15.500+0800][gc,stats    ]    Subphase: Concurrent Roots OopStorageSet                0.000 / 0.000         0.000 / 0.000         0.036 / 0.058         0.036 / 0.058       ms
[2023-11-19T17:15:15.500+0800][gc,stats    ]    Subphase: Concurrent Weak Roots OopStorageSet           0.000 / 0.000         0.000 / 0.000         0.328 / 0.486         0.328 / 0.486       ms
[2023-11-19T17:15:15.500+0800][gc,stats    ]    Subphase: Pause Mark Try Complete                       0.000 / 0.000         0.000 / 0.000         0.000 / 0.000         0.000 / 0.000       ms
[2023-11-19T17:15:15.500+0800][gc,stats    ]      System: Java Threads                                      0 / 0                 0 / 0                39 / 54               39 / 54          threads
[2023-11-19T17:15:15.500+0800][gc,stats    ] =========================================================================================================================================================
[2023-11-19T17:15:25.501+0800][gc,stats    ] === Garbage Collection Statistics =======================================================================================================================
[2023-11-19T17:15:25.501+0800][gc,stats    ]                                                              Last 10s              Last 10m              Last 10h                Total
[2023-11-19T17:15:25.501+0800][gc,stats    ]                                                              Avg / Max             Avg / Max             Avg / Max             Avg / Max
[2023-11-19T17:15:25.501+0800][gc,stats    ]   Collector: Garbage Collection Cycle                      0.000 / 0.000         0.000 / 0.000        23.723 / 25.775       23.723 / 25.775      ms
[2023-11-19T17:15:25.501+0800][gc,stats    ]  Contention: Mark Segment Reset Contention                     0 / 0                 0 / 0                 0 / 3                 0 / 3           ops/s
[2023-11-19T17:15:25.501+0800][gc,stats    ]  Contention: Mark SeqNum Reset Contention                      0 / 0                 0 / 0                 0 / 0                 0 / 0           ops/s
[2023-11-19T17:15:25.501+0800][gc,stats    ]    Critical: Allocation Stall                                  0 / 0                 0 / 0                 0 / 0                 0 / 0           ops/s
[2023-11-19T17:15:25.501+0800][gc,stats    ]    Critical: Allocation Stall                              0.000 / 0.000         0.000 / 0.000         0.000 / 0.000         0.000 / 0.000       ms
[2023-11-19T17:15:25.501+0800][gc,stats    ]    Critical: GC Locker Stall                                   0 / 0                 0 / 0                 0 / 0                 0 / 0           ops/s
[2023-11-19T17:15:25.501+0800][gc,stats    ]    Critical: GC Locker Stall                               0.000 / 0.000         0.000 / 0.000         0.000 / 0.000         0.000 / 0.000       ms
[2023-11-19T17:15:25.501+0800][gc,stats    ]    Critical: Relocation Stall                                  0 / 0                 0 / 0                 0 / 0                 0 / 0           ops/s
[2023-11-19T17:15:25.501+0800][gc,stats    ]    Critical: Relocation Stall                              0.000 / 0.000         0.000 / 0.000         0.000 / 0.000         0.000 / 0.000       ms
[2023-11-19T17:15:25.501+0800][gc,stats    ]      Memory: Allocation Rate                                   0 / 2                 0 / 4                 0 / 104               0 / 104         MB/s
[2023-11-19T17:15:25.501+0800][gc,stats    ]      Memory: Defragment                                        0 / 0                 0 / 0                 0 / 0                 0 / 0           ops/s
[2023-11-19T17:15:25.501+0800][gc,stats    ]      Memory: Out Of Memory                                     0 / 0                 0 / 0                 0 / 0                 0 / 0           ops/s
[2023-11-19T17:15:25.501+0800][gc,stats    ]      Memory: Page Cache Flush                                  0 / 0                 0 / 0                 0 / 0                 0 / 0           MB/s
[2023-11-19T17:15:25.501+0800][gc,stats    ]      Memory: Page Cache Hit L1                                 0 / 0                 0 / 0                 0 / 29                0 / 29          ops/s
[2023-11-19T17:15:25.501+0800][gc,stats    ]      Memory: Page Cache Hit L2                                 0 / 0                 0 / 0                 0 / 0                 0 / 0           ops/s
[2023-11-19T17:15:25.501+0800][gc,stats    ]      Memory: Page Cache Hit L3                                 0 / 1                 0 / 2                 0 / 48                0 / 48          ops/s
[2023-11-19T17:15:25.501+0800][gc,stats    ]      Memory: Page Cache Miss                                   0 / 0                 0 / 0                 0 / 1                 0 / 1           ops/s
[2023-11-19T17:15:25.501+0800][gc,stats    ]      Memory: Uncommit                                          0 / 0                 0 / 0                 0 / 0                 0 / 0           MB/s
[2023-11-19T17:15:25.501+0800][gc,stats    ]      Memory: Undo Object Allocation Failed                     0 / 0                 0 / 0                 0 / 0                 0 / 0           ops/s
[2023-11-19T17:15:25.501+0800][gc,stats    ]      Memory: Undo Object Allocation Succeeded                  0 / 0                 0 / 0                 0 / 0                 0 / 0           ops/s
[2023-11-19T17:15:25.501+0800][gc,stats    ]      Memory: Undo Page Allocation                              0 / 0                 0 / 0                 0 / 0                 0 / 0           ops/s
[2023-11-19T17:15:25.501+0800][gc,stats    ]       Phase: Concurrent Mark                               0.000 / 0.000         0.000 / 0.000        13.801 / 15.394       13.801 / 15.394      ms
[2023-11-19T17:15:25.501+0800][gc,stats    ]       Phase: Concurrent Mark Continue                      0.000 / 0.000         0.000 / 0.000         0.000 / 0.000         0.000 / 0.000       ms
[2023-11-19T17:15:25.501+0800][gc,stats    ]       Phase: Concurrent Mark Free                          0.000 / 0.000         0.000 / 0.000         0.001 / 0.001         0.001 / 0.001       ms
[2023-11-19T17:15:25.501+0800][gc,stats    ]       Phase: Concurrent Process Non-Strong References      0.000 / 0.000         0.000 / 0.000         1.810 / 1.931         1.810 / 1.931       ms
[2023-11-19T17:15:25.501+0800][gc,stats    ]       Phase: Concurrent Relocate                           0.000 / 0.000         0.000 / 0.000         2.671 / 3.187         2.671 / 3.187       ms
[2023-11-19T17:15:25.501+0800][gc,stats    ]       Phase: Concurrent Reset Relocation Set               0.000 / 0.000         0.000 / 0.000         0.001 / 0.003         0.001 / 0.003       ms
[2023-11-19T17:15:25.501+0800][gc,stats    ]       Phase: Concurrent Select Relocation Set              0.000 / 0.000         0.000 / 0.000         4.627 / 7.839         4.627 / 7.839       ms
[2023-11-19T17:15:25.501+0800][gc,stats    ]       Phase: Pause Mark End                                0.000 / 0.000         0.000 / 0.000         0.016 / 0.018         0.016 / 0.018       ms
[2023-11-19T17:15:25.501+0800][gc,stats    ]       Phase: Pause Mark Start                              0.000 / 0.000         0.000 / 0.000         0.013 / 0.019         0.013 / 0.019       ms
[2023-11-19T17:15:25.501+0800][gc,stats    ]       Phase: Pause Relocate Start                          0.000 / 0.000         0.000 / 0.000         0.008 / 0.009         0.008 / 0.009       ms
[2023-11-19T17:15:25.501+0800][gc,stats    ]    Subphase: Concurrent Classes Purge                      0.000 / 0.000         0.000 / 0.000         0.047 / 0.049         0.047 / 0.049       ms
[2023-11-19T17:15:25.501+0800][gc,stats    ]    Subphase: Concurrent Classes Unlink                     0.000 / 0.000         0.000 / 0.000         1.263 / 1.295         1.263 / 1.295       ms
[2023-11-19T17:15:25.501+0800][gc,stats    ]    Subphase: Concurrent Mark                               0.000 / 0.000         0.000 / 0.000        11.825 / 13.159       11.825 / 13.159      ms
[2023-11-19T17:15:25.501+0800][gc,stats    ]    Subphase: Concurrent Mark Try Flush                     0.000 / 0.000         0.000 / 0.000         0.057 / 0.108         0.057 / 0.108       ms
[2023-11-19T17:15:25.501+0800][gc,stats    ]    Subphase: Concurrent Mark Try Terminate                 0.000 / 0.000         0.000 / 0.000         1.420 / 4.236         1.420 / 4.236       ms
[2023-11-19T17:15:25.501+0800][gc,stats    ]    Subphase: Concurrent References Enqueue                 0.000 / 0.000         0.000 / 0.000         0.004 / 0.004         0.004 / 0.004       ms
[2023-11-19T17:15:25.501+0800][gc,stats    ]    Subphase: Concurrent References Process                 0.000 / 0.000         0.000 / 0.000         0.090 / 0.101         0.090 / 0.101       ms
[2023-11-19T17:15:25.501+0800][gc,stats    ]    Subphase: Concurrent Roots ClassLoaderDataGraph         0.000 / 0.000         0.000 / 0.000         0.103 / 0.506         0.103 / 0.506       ms
[2023-11-19T17:15:25.501+0800][gc,stats    ]    Subphase: Concurrent Roots CodeCache                    0.000 / 0.000         0.000 / 0.000         0.000 / 0.000         0.000 / 0.000       ms
[2023-11-19T17:15:25.501+0800][gc,stats    ]    Subphase: Concurrent Roots JavaThreads                  0.000 / 0.000         0.000 / 0.000         1.129 / 2.106         1.129 / 2.106       ms
[2023-11-19T17:15:25.501+0800][gc,stats    ]    Subphase: Concurrent Roots OopStorageSet                0.000 / 0.000         0.000 / 0.000         0.036 / 0.058         0.036 / 0.058       ms
[2023-11-19T17:15:25.501+0800][gc,stats    ]    Subphase: Concurrent Weak Roots OopStorageSet           0.000 / 0.000         0.000 / 0.000         0.328 / 0.486         0.328 / 0.486       ms
[2023-11-19T17:15:25.501+0800][gc,stats    ]    Subphase: Pause Mark Try Complete                       0.000 / 0.000         0.000 / 0.000         0.000 / 0.000         0.000 / 0.000       ms
[2023-11-19T17:15:25.501+0800][gc,stats    ]      System: Java Threads                                      0 / 0                 0 / 0                39 / 54               39 / 54          threads
[2023-11-19T17:15:25.501+0800][gc,stats    ] =========================================================================================================================================================
[2023-11-19T17:15:35.501+0800][gc,stats    ] === Garbage Collection Statistics =======================================================================================================================
[2023-11-19T17:15:35.501+0800][gc,stats    ]                                                              Last 10s              Last 10m              Last 10h                Total
[2023-11-19T17:15:35.501+0800][gc,stats    ]                                                              Avg / Max             Avg / Max             Avg / Max             Avg / Max
[2023-11-19T17:15:35.501+0800][gc,stats    ]   Collector: Garbage Collection Cycle                      0.000 / 0.000         0.000 / 0.000        23.723 / 25.775       23.723 / 25.775      ms
[2023-11-19T17:15:35.501+0800][gc,stats    ]  Contention: Mark Segment Reset Contention                     0 / 0                 0 / 0                 0 / 3                 0 / 3           ops/s
[2023-11-19T17:15:35.501+0800][gc,stats    ]  Contention: Mark SeqNum Reset Contention                      0 / 0                 0 / 0                 0 / 0                 0 / 0           ops/s
[2023-11-19T17:15:35.501+0800][gc,stats    ]    Critical: Allocation Stall                                  0 / 0                 0 / 0                 0 / 0                 0 / 0           ops/s
[2023-11-19T17:15:35.501+0800][gc,stats    ]    Critical: Allocation Stall                              0.000 / 0.000         0.000 / 0.000         0.000 / 0.000         0.000 / 0.000       ms
[2023-11-19T17:15:35.501+0800][gc,stats    ]    Critical: GC Locker Stall                                   0 / 0                 0 / 0                 0 / 0                 0 / 0           ops/s
[2023-11-19T17:15:35.501+0800][gc,stats    ]    Critical: GC Locker Stall                               0.000 / 0.000         0.000 / 0.000         0.000 / 0.000         0.000 / 0.000       ms
[2023-11-19T17:15:35.501+0800][gc,stats    ]    Critical: Relocation Stall                                  0 / 0                 0 / 0                 0 / 0                 0 / 0           ops/s
[2023-11-19T17:15:35.501+0800][gc,stats    ]    Critical: Relocation Stall                              0.000 / 0.000         0.000 / 0.000         0.000 / 0.000         0.000 / 0.000       ms
[2023-11-19T17:15:35.501+0800][gc,stats    ]      Memory: Allocation Rate                                   0 / 4                 0 / 4                 0 / 104               0 / 104         MB/s
[2023-11-19T17:15:35.501+0800][gc,stats    ]      Memory: Defragment                                        0 / 0                 0 / 0                 0 / 0                 0 / 0           ops/s
[2023-11-19T17:15:35.501+0800][gc,stats    ]      Memory: Out Of Memory                                     0 / 0                 0 / 0                 0 / 0                 0 / 0           ops/s
[2023-11-19T17:15:35.501+0800][gc,stats    ]      Memory: Page Cache Flush                                  0 / 0                 0 / 0                 0 / 0                 0 / 0           MB/s
[2023-11-19T17:15:35.501+0800][gc,stats    ]      Memory: Page Cache Hit L1                                 0 / 0                 0 / 0                 0 / 29                0 / 29          ops/s
[2023-11-19T17:15:35.501+0800][gc,stats    ]      Memory: Page Cache Hit L2                                 0 / 0                 0 / 0                 0 / 0                 0 / 0           ops/s
[2023-11-19T17:15:35.501+0800][gc,stats    ]      Memory: Page Cache Hit L3                                 0 / 2                 0 / 2                 0 / 48                0 / 48          ops/s
[2023-11-19T17:15:35.501+0800][gc,stats    ]      Memory: Page Cache Miss                                   0 / 0                 0 / 0                 0 / 1                 0 / 1           ops/s
[2023-11-19T17:15:35.501+0800][gc,stats    ]      Memory: Uncommit                                          0 / 0                 0 / 0                 0 / 0                 0 / 0           MB/s
[2023-11-19T17:15:35.501+0800][gc,stats    ]      Memory: Undo Object Allocation Failed                     0 / 0                 0 / 0                 0 / 0                 0 / 0           ops/s
[2023-11-19T17:15:35.501+0800][gc,stats    ]      Memory: Undo Object Allocation Succeeded                  0 / 0                 0 / 0                 0 / 0                 0 / 0           ops/s
[2023-11-19T17:15:35.501+0800][gc,stats    ]      Memory: Undo Page Allocation                              0 / 0                 0 / 0                 0 / 0                 0 / 0           ops/s
[2023-11-19T17:15:35.501+0800][gc,stats    ]       Phase: Concurrent Mark                               0.000 / 0.000         0.000 / 0.000        13.801 / 15.394       13.801 / 15.394      ms
[2023-11-19T17:15:35.501+0800][gc,stats    ]       Phase: Concurrent Mark Continue                      0.000 / 0.000         0.000 / 0.000         0.000 / 0.000         0.000 / 0.000       ms
[2023-11-19T17:15:35.501+0800][gc,stats    ]       Phase: Concurrent Mark Free                          0.000 / 0.000         0.000 / 0.000         0.001 / 0.001         0.001 / 0.001       ms
[2023-11-19T17:15:35.501+0800][gc,stats    ]       Phase: Concurrent Process Non-Strong References      0.000 / 0.000         0.000 / 0.000         1.810 / 1.931         1.810 / 1.931       ms
[2023-11-19T17:15:35.501+0800][gc,stats    ]       Phase: Concurrent Relocate                           0.000 / 0.000         0.000 / 0.000         2.671 / 3.187         2.671 / 3.187       ms
[2023-11-19T17:15:35.501+0800][gc,stats    ]       Phase: Concurrent Reset Relocation Set               0.000 / 0.000         0.000 / 0.000         0.001 / 0.003         0.001 / 0.003       ms
[2023-11-19T17:15:35.501+0800][gc,stats    ]       Phase: Concurrent Select Relocation Set              0.000 / 0.000         0.000 / 0.000         4.627 / 7.839         4.627 / 7.839       ms
[2023-11-19T17:15:35.501+0800][gc,stats    ]       Phase: Pause Mark End                                0.000 / 0.000         0.000 / 0.000         0.016 / 0.018         0.016 / 0.018       ms
[2023-11-19T17:15:35.501+0800][gc,stats    ]       Phase: Pause Mark Start                              0.000 / 0.000         0.000 / 0.000         0.013 / 0.019         0.013 / 0.019       ms
[2023-11-19T17:15:35.501+0800][gc,stats    ]       Phase: Pause Relocate Start                          0.000 / 0.000         0.000 / 0.000         0.008 / 0.009         0.008 / 0.009       ms
[2023-11-19T17:15:35.501+0800][gc,stats    ]    Subphase: Concurrent Classes Purge                      0.000 / 0.000         0.000 / 0.000         0.047 / 0.049         0.047 / 0.049       ms
[2023-11-19T17:15:35.501+0800][gc,stats    ]    Subphase: Concurrent Classes Unlink                     0.000 / 0.000         0.000 / 0.000         1.263 / 1.295         1.263 / 1.295       ms
[2023-11-19T17:15:35.501+0800][gc,stats    ]    Subphase: Concurrent Mark                               0.000 / 0.000         0.000 / 0.000        11.825 / 13.159       11.825 / 13.159      ms
[2023-11-19T17:15:35.501+0800][gc,stats    ]    Subphase: Concurrent Mark Try Flush                     0.000 / 0.000         0.000 / 0.000         0.057 / 0.108         0.057 / 0.108       ms
[2023-11-19T17:15:35.501+0800][gc,stats    ]    Subphase: Concurrent Mark Try Terminate                 0.000 / 0.000         0.000 / 0.000         1.420 / 4.236         1.420 / 4.236       ms
[2023-11-19T17:15:35.501+0800][gc,stats    ]    Subphase: Concurrent References Enqueue                 0.000 / 0.000         0.000 / 0.000         0.004 / 0.004         0.004 / 0.004       ms
[2023-11-19T17:15:35.501+0800][gc,stats    ]    Subphase: Concurrent References Process                 0.000 / 0.000         0.000 / 0.000         0.090 / 0.101         0.090 / 0.101       ms
[2023-11-19T17:15:35.501+0800][gc,stats    ]    Subphase: Concurrent Roots ClassLoaderDataGraph         0.000 / 0.000         0.000 / 0.000         0.103 / 0.506         0.103 / 0.506       ms
[2023-11-19T17:15:35.501+0800][gc,stats    ]    Subphase: Concurrent Roots CodeCache                    0.000 / 0.000         0.000 / 0.000         0.000 / 0.000         0.000 / 0.000       ms
[2023-11-19T17:15:35.501+0800][gc,stats    ]    Subphase: Concurrent Roots JavaThreads                  0.000 / 0.000         0.000 / 0.000         1.129 / 2.106         1.129 / 2.106       ms
[2023-11-19T17:15:35.501+0800][gc,stats    ]    Subphase: Concurrent Roots OopStorageSet                0.000 / 0.000         0.000 / 0.000         0.036 / 0.058         0.036 / 0.058       ms
[2023-11-19T17:15:35.501+0800][gc,stats    ]    Subphase: Concurrent Weak Roots OopStorageSet           0.000 / 0.000         0.000 / 0.000         0.328 / 0.486         0.328 / 0.486       ms
[2023-11-19T17:15:35.501+0800][gc,stats    ]    Subphase: Pause Mark Try Complete                       0.000 / 0.000         0.000 / 0.000         0.000 / 0.000         0.000 / 0.000       ms
[2023-11-19T17:15:35.501+0800][gc,stats    ]      System: Java Threads                                      0 / 0                 0 / 0                39 / 54               39 / 54          threads
[2023-11-19T17:15:35.501+0800][gc,stats    ] =========================================================================================================================================================
[2023-11-19T17:15:45.502+0800][gc,stats    ] === Garbage Collection Statistics =======================================================================================================================
[2023-11-19T17:15:45.502+0800][gc,stats    ]                                                              Last 10s              Last 10m              Last 10h                Total
[2023-11-19T17:15:45.502+0800][gc,stats    ]                                                              Avg / Max             Avg / Max             Avg / Max             Avg / Max
[2023-11-19T17:15:45.502+0800][gc,stats    ]   Collector: Garbage Collection Cycle                      0.000 / 0.000         0.000 / 0.000        23.723 / 25.775       23.723 / 25.775      ms
[2023-11-19T17:15:45.502+0800][gc,stats    ]  Contention: Mark Segment Reset Contention                     0 / 0                 0 / 0                 0 / 3                 0 / 3           ops/s
[2023-11-19T17:15:45.502+0800][gc,stats    ]  Contention: Mark SeqNum Reset Contention                      0 / 0                 0 / 0                 0 / 0                 0 / 0           ops/s
[2023-11-19T17:15:45.502+0800][gc,stats    ]    Critical: Allocation Stall                                  0 / 0                 0 / 0                 0 / 0                 0 / 0           ops/s
[2023-11-19T17:15:45.502+0800][gc,stats    ]    Critical: Allocation Stall                              0.000 / 0.000         0.000 / 0.000         0.000 / 0.000         0.000 / 0.000       ms
[2023-11-19T17:15:45.502+0800][gc,stats    ]    Critical: GC Locker Stall                                   0 / 0                 0 / 0                 0 / 0                 0 / 0           ops/s
[2023-11-19T17:15:45.502+0800][gc,stats    ]    Critical: GC Locker Stall                               0.000 / 0.000         0.000 / 0.000         0.000 / 0.000         0.000 / 0.000       ms
[2023-11-19T17:15:45.502+0800][gc,stats    ]    Critical: Relocation Stall                                  0 / 0                 0 / 0                 0 / 0                 0 / 0           ops/s
[2023-11-19T17:15:45.502+0800][gc,stats    ]    Critical: Relocation Stall                              0.000 / 0.000         0.000 / 0.000         0.000 / 0.000         0.000 / 0.000       ms
[2023-11-19T17:15:45.502+0800][gc,stats    ]      Memory: Allocation Rate                                   0 / 0                 0 / 4                 0 / 104               0 / 104         MB/s
[2023-11-19T17:15:45.502+0800][gc,stats    ]      Memory: Defragment                                        0 / 0                 0 / 0                 0 / 0                 0 / 0           ops/s
[2023-11-19T17:15:45.502+0800][gc,stats    ]      Memory: Out Of Memory                                     0 / 0                 0 / 0                 0 / 0                 0 / 0           ops/s
[2023-11-19T17:15:45.502+0800][gc,stats    ]      Memory: Page Cache Flush                                  0 / 0                 0 / 0                 0 / 0                 0 / 0           MB/s
[2023-11-19T17:15:45.502+0800][gc,stats    ]      Memory: Page Cache Hit L1                                 0 / 0                 0 / 0                 0 / 29                0 / 29          ops/s
[2023-11-19T17:15:45.502+0800][gc,stats    ]      Memory: Page Cache Hit L2                                 0 / 0                 0 / 0                 0 / 0                 0 / 0           ops/s
[2023-11-19T17:15:45.502+0800][gc,stats    ]      Memory: Page Cache Hit L3                                 0 / 0                 0 / 2                 0 / 48                0 / 48          ops/s
[2023-11-19T17:15:45.502+0800][gc,stats    ]      Memory: Page Cache Miss                                   0 / 0                 0 / 0                 0 / 1                 0 / 1           ops/s
[2023-11-19T17:15:45.502+0800][gc,stats    ]      Memory: Uncommit                                          0 / 0                 0 / 0                 0 / 0                 0 / 0           MB/s
[2023-11-19T17:15:45.502+0800][gc,stats    ]      Memory: Undo Object Allocation Failed                     0 / 0                 0 / 0                 0 / 0                 0 / 0           ops/s
[2023-11-19T17:15:45.502+0800][gc,stats    ]      Memory: Undo Object Allocation Succeeded                  0 / 0                 0 / 0                 0 / 0                 0 / 0           ops/s
[2023-11-19T17:15:45.502+0800][gc,stats    ]      Memory: Undo Page Allocation                              0 / 0                 0 / 0                 0 / 0                 0 / 0           ops/s
[2023-11-19T17:15:45.502+0800][gc,stats    ]       Phase: Concurrent Mark                               0.000 / 0.000         0.000 / 0.000        13.801 / 15.394       13.801 / 15.394      ms
[2023-11-19T17:15:45.502+0800][gc,stats    ]       Phase: Concurrent Mark Continue                      0.000 / 0.000         0.000 / 0.000         0.000 / 0.000         0.000 / 0.000       ms
[2023-11-19T17:15:45.502+0800][gc,stats    ]       Phase: Concurrent Mark Free                          0.000 / 0.000         0.000 / 0.000         0.001 / 0.001         0.001 / 0.001       ms
[2023-11-19T17:15:45.502+0800][gc,stats    ]       Phase: Concurrent Process Non-Strong References      0.000 / 0.000         0.000 / 0.000         1.810 / 1.931         1.810 / 1.931       ms
[2023-11-19T17:15:45.502+0800][gc,stats    ]       Phase: Concurrent Relocate                           0.000 / 0.000         0.000 / 0.000         2.671 / 3.187         2.671 / 3.187       ms
[2023-11-19T17:15:45.502+0800][gc,stats    ]       Phase: Concurrent Reset Relocation Set               0.000 / 0.000         0.000 / 0.000         0.001 / 0.003         0.001 / 0.003       ms
[2023-11-19T17:15:45.502+0800][gc,stats    ]       Phase: Concurrent Select Relocation Set              0.000 / 0.000         0.000 / 0.000         4.627 / 7.839         4.627 / 7.839       ms
[2023-11-19T17:15:45.502+0800][gc,stats    ]       Phase: Pause Mark End                                0.000 / 0.000         0.000 / 0.000         0.016 / 0.018         0.016 / 0.018       ms
[2023-11-19T17:15:45.502+0800][gc,stats    ]       Phase: Pause Mark Start                              0.000 / 0.000         0.000 / 0.000         0.013 / 0.019         0.013 / 0.019       ms
[2023-11-19T17:15:45.502+0800][gc,stats    ]       Phase: Pause Relocate Start                          0.000 / 0.000         0.000 / 0.000         0.008 / 0.009         0.008 / 0.009       ms
[2023-11-19T17:15:45.502+0800][gc,stats    ]    Subphase: Concurrent Classes Purge                      0.000 / 0.000         0.000 / 0.000         0.047 / 0.049         0.047 / 0.049       ms
[2023-11-19T17:15:45.502+0800][gc,stats    ]    Subphase: Concurrent Classes Unlink                     0.000 / 0.000         0.000 / 0.000         1.263 / 1.295         1.263 / 1.295       ms
[2023-11-19T17:15:45.502+0800][gc,stats    ]    Subphase: Concurrent Mark                               0.000 / 0.000         0.000 / 0.000        11.825 / 13.159       11.825 / 13.159      ms
[2023-11-19T17:15:45.502+0800][gc,stats    ]    Subphase: Concurrent Mark Try Flush                     0.000 / 0.000         0.000 / 0.000         0.057 / 0.108         0.057 / 0.108       ms
[2023-11-19T17:15:45.502+0800][gc,stats    ]    Subphase: Concurrent Mark Try Terminate                 0.000 / 0.000         0.000 / 0.000         1.420 / 4.236         1.420 / 4.236       ms
[2023-11-19T17:15:45.502+0800][gc,stats    ]    Subphase: Concurrent References Enqueue                 0.000 / 0.000         0.000 / 0.000         0.004 / 0.004         0.004 / 0.004       ms
[2023-11-19T17:15:45.502+0800][gc,stats    ]    Subphase: Concurrent References Process                 0.000 / 0.000         0.000 / 0.000         0.090 / 0.101         0.090 / 0.101       ms
[2023-11-19T17:15:45.502+0800][gc,stats    ]    Subphase: Concurrent Roots ClassLoaderDataGraph         0.000 / 0.000         0.000 / 0.000         0.103 / 0.506         0.103 / 0.506       ms
[2023-11-19T17:15:45.502+0800][gc,stats    ]    Subphase: Concurrent Roots CodeCache                    0.000 / 0.000         0.000 / 0.000         0.000 / 0.000         0.000 / 0.000       ms
[2023-11-19T17:15:45.502+0800][gc,stats    ]    Subphase: Concurrent Roots JavaThreads                  0.000 / 0.000         0.000 / 0.000         1.129 / 2.106         1.129 / 2.106       ms
[2023-11-19T17:15:45.502+0800][gc,stats    ]    Subphase: Concurrent Roots OopStorageSet                0.000 / 0.000         0.000 / 0.000         0.036 / 0.058         0.036 / 0.058       ms
[2023-11-19T17:15:45.502+0800][gc,stats    ]    Subphase: Concurrent Weak Roots OopStorageSet           0.000 / 0.000         0.000 / 0.000         0.328 / 0.486         0.328 / 0.486       ms
[2023-11-19T17:15:45.502+0800][gc,stats    ]    Subphase: Pause Mark Try Complete                       0.000 / 0.000         0.000 / 0.000         0.000 / 0.000         0.000 / 0.000       ms
[2023-11-19T17:15:45.502+0800][gc,stats    ]      System: Java Threads                                      0 / 0                 0 / 0                39 / 54               39 / 54          threads
[2023-11-19T17:15:45.502+0800][gc,stats    ] =========================================================================================================================================================
[2023-11-19T17:15:55.502+0800][gc,stats    ] === Garbage Collection Statistics =======================================================================================================================
[2023-11-19T17:15:55.502+0800][gc,stats    ]                                                              Last 10s              Last 10m              Last 10h                Total
[2023-11-19T17:15:55.502+0800][gc,stats    ]                                                              Avg / Max             Avg / Max             Avg / Max             Avg / Max
[2023-11-19T17:15:55.502+0800][gc,stats    ]   Collector: Garbage Collection Cycle                      0.000 / 0.000         0.000 / 0.000        23.723 / 25.775       23.723 / 25.775      ms
[2023-11-19T17:15:55.502+0800][gc,stats    ]  Contention: Mark Segment Reset Contention                     0 / 0                 0 / 0                 0 / 3                 0 / 3           ops/s
[2023-11-19T17:15:55.502+0800][gc,stats    ]  Contention: Mark SeqNum Reset Contention                      0 / 0                 0 / 0                 0 / 0                 0 / 0           ops/s
[2023-11-19T17:15:55.502+0800][gc,stats    ]    Critical: Allocation Stall                                  0 / 0                 0 / 0                 0 / 0                 0 / 0           ops/s
[2023-11-19T17:15:55.502+0800][gc,stats    ]    Critical: Allocation Stall                              0.000 / 0.000         0.000 / 0.000         0.000 / 0.000         0.000 / 0.000       ms
[2023-11-19T17:15:55.502+0800][gc,stats    ]    Critical: GC Locker Stall                                   0 / 0                 0 / 0                 0 / 0                 0 / 0           ops/s
[2023-11-19T17:15:55.502+0800][gc,stats    ]    Critical: GC Locker Stall                               0.000 / 0.000         0.000 / 0.000         0.000 / 0.000         0.000 / 0.000       ms
[2023-11-19T17:15:55.502+0800][gc,stats    ]    Critical: Relocation Stall                                  0 / 0                 0 / 0                 0 / 0                 0 / 0           ops/s
[2023-11-19T17:15:55.502+0800][gc,stats    ]    Critical: Relocation Stall                              0.000 / 0.000         0.000 / 0.000         0.000 / 0.000         0.000 / 0.000       ms
[2023-11-19T17:15:55.502+0800][gc,stats    ]      Memory: Allocation Rate                                   0 / 0                 0 / 4                 0 / 104               0 / 104         MB/s
[2023-11-19T17:15:55.502+0800][gc,stats    ]      Memory: Defragment                                        0 / 0                 0 / 0                 0 / 0                 0 / 0           ops/s
[2023-11-19T17:15:55.502+0800][gc,stats    ]      Memory: Out Of Memory                                     0 / 0                 0 / 0                 0 / 0                 0 / 0           ops/s
[2023-11-19T17:15:55.502+0800][gc,stats    ]      Memory: Page Cache Flush                                  0 / 0                 0 / 0                 0 / 0                 0 / 0           MB/s
[2023-11-19T17:15:55.502+0800][gc,stats    ]      Memory: Page Cache Hit L1                                 0 / 0                 0 / 0                 0 / 29                0 / 29          ops/s
[2023-11-19T17:15:55.502+0800][gc,stats    ]      Memory: Page Cache Hit L2                                 0 / 0                 0 / 0                 0 / 0                 0 / 0           ops/s
[2023-11-19T17:15:55.502+0800][gc,stats    ]      Memory: Page Cache Hit L3                                 0 / 0                 0 / 2                 0 / 48                0 / 48          ops/s
[2023-11-19T17:15:55.502+0800][gc,stats    ]      Memory: Page Cache Miss                                   0 / 0                 0 / 0                 0 / 1                 0 / 1           ops/s
[2023-11-19T17:15:55.502+0800][gc,stats    ]      Memory: Uncommit                                          0 / 0                 0 / 0                 0 / 0                 0 / 0           MB/s
[2023-11-19T17:15:55.502+0800][gc,stats    ]      Memory: Undo Object Allocation Failed                     0 / 0                 0 / 0                 0 / 0                 0 / 0           ops/s
[2023-11-19T17:15:55.502+0800][gc,stats    ]      Memory: Undo Object Allocation Succeeded                  0 / 0                 0 / 0                 0 / 0                 0 / 0           ops/s
[2023-11-19T17:15:55.502+0800][gc,stats    ]      Memory: Undo Page Allocation                              0 / 0                 0 / 0                 0 / 0                 0 / 0           ops/s
[2023-11-19T17:15:55.502+0800][gc,stats    ]       Phase: Concurrent Mark                               0.000 / 0.000         0.000 / 0.000        13.801 / 15.394       13.801 / 15.394      ms
[2023-11-19T17:15:55.502+0800][gc,stats    ]       Phase: Concurrent Mark Continue                      0.000 / 0.000         0.000 / 0.000         0.000 / 0.000         0.000 / 0.000       ms
[2023-11-19T17:15:55.502+0800][gc,stats    ]       Phase: Concurrent Mark Free                          0.000 / 0.000         0.000 / 0.000         0.001 / 0.001         0.001 / 0.001       ms
[2023-11-19T17:15:55.502+0800][gc,stats    ]       Phase: Concurrent Process Non-Strong References      0.000 / 0.000         0.000 / 0.000         1.810 / 1.931         1.810 / 1.931       ms
[2023-11-19T17:15:55.502+0800][gc,stats    ]       Phase: Concurrent Relocate                           0.000 / 0.000         0.000 / 0.000         2.671 / 3.187         2.671 / 3.187       ms
[2023-11-19T17:15:55.502+0800][gc,stats    ]       Phase: Concurrent Reset Relocation Set               0.000 / 0.000         0.000 / 0.000         0.001 / 0.003         0.001 / 0.003       ms
[2023-11-19T17:15:55.502+0800][gc,stats    ]       Phase: Concurrent Select Relocation Set              0.000 / 0.000         0.000 / 0.000         4.627 / 7.839         4.627 / 7.839       ms
[2023-11-19T17:15:55.502+0800][gc,stats    ]       Phase: Pause Mark End                                0.000 / 0.000         0.000 / 0.000         0.016 / 0.018         0.016 / 0.018       ms
[2023-11-19T17:15:55.502+0800][gc,stats    ]       Phase: Pause Mark Start                              0.000 / 0.000         0.000 / 0.000         0.013 / 0.019         0.013 / 0.019       ms
[2023-11-19T17:15:55.502+0800][gc,stats    ]       Phase: Pause Relocate Start                          0.000 / 0.000         0.000 / 0.000         0.008 / 0.009         0.008 / 0.009       ms
[2023-11-19T17:15:55.502+0800][gc,stats    ]    Subphase: Concurrent Classes Purge                      0.000 / 0.000         0.000 / 0.000         0.047 / 0.049         0.047 / 0.049       ms
[2023-11-19T17:15:55.502+0800][gc,stats    ]    Subphase: Concurrent Classes Unlink                     0.000 / 0.000         0.000 / 0.000         1.263 / 1.295         1.263 / 1.295       ms
[2023-11-19T17:15:55.502+0800][gc,stats    ]    Subphase: Concurrent Mark                               0.000 / 0.000         0.000 / 0.000        11.825 / 13.159       11.825 / 13.159      ms
[2023-11-19T17:15:55.502+0800][gc,stats    ]    Subphase: Concurrent Mark Try Flush                     0.000 / 0.000         0.000 / 0.000         0.057 / 0.108         0.057 / 0.108       ms
[2023-11-19T17:15:55.502+0800][gc,stats    ]    Subphase: Concurrent Mark Try Terminate                 0.000 / 0.000         0.000 / 0.000         1.420 / 4.236         1.420 / 4.236       ms
[2023-11-19T17:15:55.502+0800][gc,stats    ]    Subphase: Concurrent References Enqueue                 0.000 / 0.000         0.000 / 0.000         0.004 / 0.004         0.004 / 0.004       ms
[2023-11-19T17:15:55.502+0800][gc,stats    ]    Subphase: Concurrent References Process                 0.000 / 0.000         0.000 / 0.000         0.090 / 0.101         0.090 / 0.101       ms
[2023-11-19T17:15:55.502+0800][gc,stats    ]    Subphase: Concurrent Roots ClassLoaderDataGraph         0.000 / 0.000         0.000 / 0.000         0.103 / 0.506         0.103 / 0.506       ms
[2023-11-19T17:15:55.502+0800][gc,stats    ]    Subphase: Concurrent Roots CodeCache                    0.000 / 0.000         0.000 / 0.000         0.000 / 0.000         0.000 / 0.000       ms
[2023-11-19T17:15:55.502+0800][gc,stats    ]    Subphase: Concurrent Roots JavaThreads                  0.000 / 0.000         0.000 / 0.000         1.129 / 2.106         1.129 / 2.106       ms
[2023-11-19T17:15:55.502+0800][gc,stats    ]    Subphase: Concurrent Roots OopStorageSet                0.000 / 0.000         0.000 / 0.000         0.036 / 0.058         0.036 / 0.058       ms
[2023-11-19T17:15:55.502+0800][gc,stats    ]    Subphase: Concurrent Weak Roots OopStorageSet           0.000 / 0.000         0.000 / 0.000         0.328 / 0.486         0.328 / 0.486       ms
[2023-11-19T17:15:55.502+0800][gc,stats    ]    Subphase: Pause Mark Try Complete                       0.000 / 0.000         0.000 / 0.000         0.000 / 0.000         0.000 / 0.000       ms
[2023-11-19T17:15:55.502+0800][gc,stats    ]      System: Java Threads                                      0 / 0                 0 / 0                39 / 54               39 / 54          threads
[2023-11-19T17:15:55.502+0800][gc,stats    ] =========================================================================================================================================================
[2023-11-19T17:16:05.501+0800][gc,stats    ] === Garbage Collection Statistics =======================================================================================================================
[2023-11-19T17:16:05.501+0800][gc,stats    ]                                                              Last 10s              Last 10m              Last 10h                Total
[2023-11-19T17:16:05.501+0800][gc,stats    ]                                                              Avg / Max             Avg / Max             Avg / Max             Avg / Max
[2023-11-19T17:16:05.501+0800][gc,stats    ]   Collector: Garbage Collection Cycle                      0.000 / 0.000         0.000 / 0.000        23.723 / 25.775       23.723 / 25.775      ms
[2023-11-19T17:16:05.501+0800][gc,stats    ]  Contention: Mark Segment Reset Contention                     0 / 0                 0 / 0                 0 / 3                 0 / 3           ops/s
[2023-11-19T17:16:05.501+0800][gc,stats    ]  Contention: Mark SeqNum Reset Contention                      0 / 0                 0 / 0                 0 / 0                 0 / 0           ops/s
[2023-11-19T17:16:05.501+0800][gc,stats    ]    Critical: Allocation Stall                                  0 / 0                 0 / 0                 0 / 0                 0 / 0           ops/s
[2023-11-19T17:16:05.501+0800][gc,stats    ]    Critical: Allocation Stall                              0.000 / 0.000         0.000 / 0.000         0.000 / 0.000         0.000 / 0.000       ms
[2023-11-19T17:16:05.501+0800][gc,stats    ]    Critical: GC Locker Stall                                   0 / 0                 0 / 0                 0 / 0                 0 / 0           ops/s
[2023-11-19T17:16:05.501+0800][gc,stats    ]    Critical: GC Locker Stall                               0.000 / 0.000         0.000 / 0.000         0.000 / 0.000         0.000 / 0.000       ms
[2023-11-19T17:16:05.501+0800][gc,stats    ]    Critical: Relocation Stall                                  0 / 0                 0 / 0                 0 / 0                 0 / 0           ops/s
[2023-11-19T17:16:05.501+0800][gc,stats    ]    Critical: Relocation Stall                              0.000 / 0.000         0.000 / 0.000         0.000 / 0.000         0.000 / 0.000       ms
[2023-11-19T17:16:05.501+0800][gc,stats    ]      Memory: Allocation Rate                                   0 / 2                 0 / 4                 0 / 104               0 / 104         MB/s
[2023-11-19T17:16:05.501+0800][gc,stats    ]      Memory: Defragment                                        0 / 0                 0 / 0                 0 / 0                 0 / 0           ops/s
[2023-11-19T17:16:05.501+0800][gc,stats    ]      Memory: Out Of Memory                                     0 / 0                 0 / 0                 0 / 0                 0 / 0           ops/s
[2023-11-19T17:16:05.501+0800][gc,stats    ]      Memory: Page Cache Flush                                  0 / 0                 0 / 0                 0 / 0                 0 / 0           MB/s
[2023-11-19T17:16:05.501+0800][gc,stats    ]      Memory: Page Cache Hit L1                                 0 / 0                 0 / 0                 0 / 29                0 / 29          ops/s
[2023-11-19T17:16:05.501+0800][gc,stats    ]      Memory: Page Cache Hit L2                                 0 / 0                 0 / 0                 0 / 0                 0 / 0           ops/s
[2023-11-19T17:16:05.501+0800][gc,stats    ]      Memory: Page Cache Hit L3                                 0 / 1                 0 / 2                 0 / 48                0 / 48          ops/s
[2023-11-19T17:16:05.501+0800][gc,stats    ]      Memory: Page Cache Miss                                   0 / 0                 0 / 0                 0 / 1                 0 / 1           ops/s
[2023-11-19T17:16:05.501+0800][gc,stats    ]      Memory: Uncommit                                          0 / 0                 0 / 0                 0 / 0                 0 / 0           MB/s
[2023-11-19T17:16:05.501+0800][gc,stats    ]      Memory: Undo Object Allocation Failed                     0 / 0                 0 / 0                 0 / 0                 0 / 0           ops/s
[2023-11-19T17:16:05.501+0800][gc,stats    ]      Memory: Undo Object Allocation Succeeded                  0 / 0                 0 / 0                 0 / 0                 0 / 0           ops/s
[2023-11-19T17:16:05.501+0800][gc,stats    ]      Memory: Undo Page Allocation                              0 / 0                 0 / 0                 0 / 0                 0 / 0           ops/s
[2023-11-19T17:16:05.501+0800][gc,stats    ]       Phase: Concurrent Mark                               0.000 / 0.000         0.000 / 0.000        13.801 / 15.394       13.801 / 15.394      ms
[2023-11-19T17:16:05.501+0800][gc,stats    ]       Phase: Concurrent Mark Continue                      0.000 / 0.000         0.000 / 0.000         0.000 / 0.000         0.000 / 0.000       ms
[2023-11-19T17:16:05.501+0800][gc,stats    ]       Phase: Concurrent Mark Free                          0.000 / 0.000         0.000 / 0.000         0.001 / 0.001         0.001 / 0.001       ms
[2023-11-19T17:16:05.501+0800][gc,stats    ]       Phase: Concurrent Process Non-Strong References      0.000 / 0.000         0.000 / 0.000         1.810 / 1.931         1.810 / 1.931       ms
[2023-11-19T17:16:05.501+0800][gc,stats    ]       Phase: Concurrent Relocate                           0.000 / 0.000         0.000 / 0.000         2.671 / 3.187         2.671 / 3.187       ms
[2023-11-19T17:16:05.501+0800][gc,stats    ]       Phase: Concurrent Reset Relocation Set               0.000 / 0.000         0.000 / 0.000         0.001 / 0.003         0.001 / 0.003       ms
[2023-11-19T17:16:05.501+0800][gc,stats    ]       Phase: Concurrent Select Relocation Set              0.000 / 0.000         0.000 / 0.000         4.627 / 7.839         4.627 / 7.839       ms
[2023-11-19T17:16:05.501+0800][gc,stats    ]       Phase: Pause Mark End                                0.000 / 0.000         0.000 / 0.000         0.016 / 0.018         0.016 / 0.018       ms
[2023-11-19T17:16:05.501+0800][gc,stats    ]       Phase: Pause Mark Start                              0.000 / 0.000         0.000 / 0.000         0.013 / 0.019         0.013 / 0.019       ms
[2023-11-19T17:16:05.501+0800][gc,stats    ]       Phase: Pause Relocate Start                          0.000 / 0.000         0.000 / 0.000         0.008 / 0.009         0.008 / 0.009       ms
[2023-11-19T17:16:05.501+0800][gc,stats    ]    Subphase: Concurrent Classes Purge                      0.000 / 0.000         0.000 / 0.000         0.047 / 0.049         0.047 / 0.049       ms
[2023-11-19T17:16:05.501+0800][gc,stats    ]    Subphase: Concurrent Classes Unlink                     0.000 / 0.000         0.000 / 0.000         1.263 / 1.295         1.263 / 1.295       ms
[2023-11-19T17:16:05.501+0800][gc,stats    ]    Subphase: Concurrent Mark                               0.000 / 0.000         0.000 / 0.000        11.825 / 13.159       11.825 / 13.159      ms
[2023-11-19T17:16:05.501+0800][gc,stats    ]    Subphase: Concurrent Mark Try Flush                     0.000 / 0.000         0.000 / 0.000         0.057 / 0.108         0.057 / 0.108       ms
[2023-11-19T17:16:05.501+0800][gc,stats    ]    Subphase: Concurrent Mark Try Terminate                 0.000 / 0.000         0.000 / 0.000         1.420 / 4.236         1.420 / 4.236       ms
[2023-11-19T17:16:05.501+0800][gc,stats    ]    Subphase: Concurrent References Enqueue                 0.000 / 0.000         0.000 / 0.000         0.004 / 0.004         0.004 / 0.004       ms
[2023-11-19T17:16:05.501+0800][gc,stats    ]    Subphase: Concurrent References Process                 0.000 / 0.000         0.000 / 0.000         0.090 / 0.101         0.090 / 0.101       ms
[2023-11-19T17:16:05.501+0800][gc,stats    ]    Subphase: Concurrent Roots ClassLoaderDataGraph         0.000 / 0.000         0.000 / 0.000         0.103 / 0.506         0.103 / 0.506       ms
[2023-11-19T17:16:05.501+0800][gc,stats    ]    Subphase: Concurrent Roots CodeCache                    0.000 / 0.000         0.000 / 0.000         0.000 / 0.000         0.000 / 0.000       ms
[2023-11-19T17:16:05.501+0800][gc,stats    ]    Subphase: Concurrent Roots JavaThreads                  0.000 / 0.000         0.000 / 0.000         1.129 / 2.106         1.129 / 2.106       ms
[2023-11-19T17:16:05.501+0800][gc,stats    ]    Subphase: Concurrent Roots OopStorageSet                0.000 / 0.000         0.000 / 0.000         0.036 / 0.058         0.036 / 0.058       ms
[2023-11-19T17:16:05.501+0800][gc,stats    ]    Subphase: Concurrent Weak Roots OopStorageSet           0.000 / 0.000         0.000 / 0.000         0.328 / 0.486         0.328 / 0.486       ms
[2023-11-19T17:16:05.501+0800][gc,stats    ]    Subphase: Pause Mark Try Complete                       0.000 / 0.000         0.000 / 0.000         0.000 / 0.000         0.000 / 0.000       ms
[2023-11-19T17:16:05.501+0800][gc,stats    ]      System: Java Threads                                      0 / 0                 0 / 0                39 / 54               39 / 54          threads
[2023-11-19T17:16:05.501+0800][gc,stats    ] =========================================================================================================================================================
[2023-11-19T17:16:15.501+0800][gc,stats    ] === Garbage Collection Statistics =======================================================================================================================
[2023-11-19T17:16:15.501+0800][gc,stats    ]                                                              Last 10s              Last 10m              Last 10h                Total
[2023-11-19T17:16:15.501+0800][gc,stats    ]                                                              Avg / Max             Avg / Max             Avg / Max             Avg / Max
[2023-11-19T17:16:15.501+0800][gc,stats    ]   Collector: Garbage Collection Cycle                      0.000 / 0.000         0.000 / 0.000        23.723 / 25.775       23.723 / 25.775      ms
[2023-11-19T17:16:15.501+0800][gc,stats    ]  Contention: Mark Segment Reset Contention                     0 / 0                 0 / 0                 0 / 3                 0 / 3           ops/s
[2023-11-19T17:16:15.501+0800][gc,stats    ]  Contention: Mark SeqNum Reset Contention                      0 / 0                 0 / 0                 0 / 0                 0 / 0           ops/s
[2023-11-19T17:16:15.501+0800][gc,stats    ]    Critical: Allocation Stall                                  0 / 0                 0 / 0                 0 / 0                 0 / 0           ops/s
[2023-11-19T17:16:15.501+0800][gc,stats    ]    Critical: Allocation Stall                              0.000 / 0.000         0.000 / 0.000         0.000 / 0.000         0.000 / 0.000       ms
[2023-11-19T17:16:15.501+0800][gc,stats    ]    Critical: GC Locker Stall                                   0 / 0                 0 / 0                 0 / 0                 0 / 0           ops/s
[2023-11-19T17:16:15.501+0800][gc,stats    ]    Critical: GC Locker Stall                               0.000 / 0.000         0.000 / 0.000         0.000 / 0.000         0.000 / 0.000       ms
[2023-11-19T17:16:15.501+0800][gc,stats    ]    Critical: Relocation Stall                                  0 / 0                 0 / 0                 0 / 0                 0 / 0           ops/s
[2023-11-19T17:16:15.501+0800][gc,stats    ]    Critical: Relocation Stall                              0.000 / 0.000         0.000 / 0.000         0.000 / 0.000         0.000 / 0.000       ms
[2023-11-19T17:16:15.501+0800][gc,stats    ]      Memory: Allocation Rate                                   0 / 0                 0 / 4                 0 / 104               0 / 104         MB/s
[2023-11-19T17:16:15.501+0800][gc,stats    ]      Memory: Defragment                                        0 / 0                 0 / 0                 0 / 0                 0 / 0           ops/s
[2023-11-19T17:16:15.501+0800][gc,stats    ]      Memory: Out Of Memory                                     0 / 0                 0 / 0                 0 / 0                 0 / 0           ops/s
[2023-11-19T17:16:15.501+0800][gc,stats    ]      Memory: Page Cache Flush                                  0 / 0                 0 / 0                 0 / 0                 0 / 0           MB/s
[2023-11-19T17:16:15.501+0800][gc,stats    ]      Memory: Page Cache Hit L1                                 0 / 0                 0 / 0                 0 / 29                0 / 29          ops/s
[2023-11-19T17:16:15.501+0800][gc,stats    ]      Memory: Page Cache Hit L2                                 0 / 0                 0 / 0                 0 / 0                 0 / 0           ops/s
[2023-11-19T17:16:15.501+0800][gc,stats    ]      Memory: Page Cache Hit L3                                 0 / 0                 0 / 2                 0 / 48                0 / 48          ops/s
[2023-11-19T17:16:15.501+0800][gc,stats    ]      Memory: Page Cache Miss                                   0 / 0                 0 / 0                 0 / 1                 0 / 1           ops/s
[2023-11-19T17:16:15.501+0800][gc,stats    ]      Memory: Uncommit                                          0 / 0                 0 / 0                 0 / 0                 0 / 0           MB/s
[2023-11-19T17:16:15.501+0800][gc,stats    ]      Memory: Undo Object Allocation Failed                     0 / 0                 0 / 0                 0 / 0                 0 / 0           ops/s
[2023-11-19T17:16:15.501+0800][gc,stats    ]      Memory: Undo Object Allocation Succeeded                  0 / 0                 0 / 0                 0 / 0                 0 / 0           ops/s
[2023-11-19T17:16:15.501+0800][gc,stats    ]      Memory: Undo Page Allocation                              0 / 0                 0 / 0                 0 / 0                 0 / 0           ops/s
[2023-11-19T17:16:15.501+0800][gc,stats    ]       Phase: Concurrent Mark                               0.000 / 0.000         0.000 / 0.000        13.801 / 15.394       13.801 / 15.394      ms
[2023-11-19T17:16:15.501+0800][gc,stats    ]       Phase: Concurrent Mark Continue                      0.000 / 0.000         0.000 / 0.000         0.000 / 0.000         0.000 / 0.000       ms
[2023-11-19T17:16:15.501+0800][gc,stats    ]       Phase: Concurrent Mark Free                          0.000 / 0.000         0.000 / 0.000         0.001 / 0.001         0.001 / 0.001       ms
[2023-11-19T17:16:15.501+0800][gc,stats    ]       Phase: Concurrent Process Non-Strong References      0.000 / 0.000         0.000 / 0.000         1.810 / 1.931         1.810 / 1.931       ms
[2023-11-19T17:16:15.501+0800][gc,stats    ]       Phase: Concurrent Relocate                           0.000 / 0.000         0.000 / 0.000         2.671 / 3.187         2.671 / 3.187       ms
[2023-11-19T17:16:15.501+0800][gc,stats    ]       Phase: Concurrent Reset Relocation Set               0.000 / 0.000         0.000 / 0.000         0.001 / 0.003         0.001 / 0.003       ms
[2023-11-19T17:16:15.501+0800][gc,stats    ]       Phase: Concurrent Select Relocation Set              0.000 / 0.000         0.000 / 0.000         4.627 / 7.839         4.627 / 7.839       ms
[2023-11-19T17:16:15.501+0800][gc,stats    ]       Phase: Pause Mark End                                0.000 / 0.000         0.000 / 0.000         0.016 / 0.018         0.016 / 0.018       ms
[2023-11-19T17:16:15.501+0800][gc,stats    ]       Phase: Pause Mark Start                              0.000 / 0.000         0.000 / 0.000         0.013 / 0.019         0.013 / 0.019       ms
[2023-11-19T17:16:15.501+0800][gc,stats    ]       Phase: Pause Relocate Start                          0.000 / 0.000         0.000 / 0.000         0.008 / 0.009         0.008 / 0.009       ms
[2023-11-19T17:16:15.501+0800][gc,stats    ]    Subphase: Concurrent Classes Purge                      0.000 / 0.000         0.000 / 0.000         0.047 / 0.049         0.047 / 0.049       ms
[2023-11-19T17:16:15.501+0800][gc,stats    ]    Subphase: Concurrent Classes Unlink                     0.000 / 0.000         0.000 / 0.000         1.263 / 1.295         1.263 / 1.295       ms
[2023-11-19T17:16:15.501+0800][gc,stats    ]    Subphase: Concurrent Mark                               0.000 / 0.000         0.000 / 0.000        11.825 / 13.159       11.825 / 13.159      ms
[2023-11-19T17:16:15.501+0800][gc,stats    ]    Subphase: Concurrent Mark Try Flush                     0.000 / 0.000         0.000 / 0.000         0.057 / 0.108         0.057 / 0.108       ms
[2023-11-19T17:16:15.501+0800][gc,stats    ]    Subphase: Concurrent Mark Try Terminate                 0.000 / 0.000         0.000 / 0.000         1.420 / 4.236         1.420 / 4.236       ms
[2023-11-19T17:16:15.501+0800][gc,stats    ]    Subphase: Concurrent References Enqueue                 0.000 / 0.000         0.000 / 0.000         0.004 / 0.004         0.004 / 0.004       ms
[2023-11-19T17:16:15.501+0800][gc,stats    ]    Subphase: Concurrent References Process                 0.000 / 0.000         0.000 / 0.000         0.090 / 0.101         0.090 / 0.101       ms
[2023-11-19T17:16:15.501+0800][gc,stats    ]    Subphase: Concurrent Roots ClassLoaderDataGraph         0.000 / 0.000         0.000 / 0.000         0.103 / 0.506         0.103 / 0.506       ms
[2023-11-19T17:16:15.501+0800][gc,stats    ]    Subphase: Concurrent Roots CodeCache                    0.000 / 0.000         0.000 / 0.000         0.000 / 0.000         0.000 / 0.000       ms
[2023-11-19T17:16:15.501+0800][gc,stats    ]    Subphase: Concurrent Roots JavaThreads                  0.000 / 0.000         0.000 / 0.000         1.129 / 2.106         1.129 / 2.106       ms
[2023-11-19T17:16:15.501+0800][gc,stats    ]    Subphase: Concurrent Roots OopStorageSet                0.000 / 0.000         0.000 / 0.000         0.036 / 0.058         0.036 / 0.058       ms
[2023-11-19T17:16:15.501+0800][gc,stats    ]    Subphase: Concurrent Weak Roots OopStorageSet           0.000 / 0.000         0.000 / 0.000         0.328 / 0.486         0.328 / 0.486       ms
[2023-11-19T17:16:15.501+0800][gc,stats    ]    Subphase: Pause Mark Try Complete                       0.000 / 0.000         0.000 / 0.000         0.000 / 0.000         0.000 / 0.000       ms
[2023-11-19T17:16:15.501+0800][gc,stats    ]      System: Java Threads                                      0 / 0                 0 / 0                39 / 54               39 / 54          threads
[2023-11-19T17:16:15.501+0800][gc,stats    ] =========================================================================================================================================================
[2023-11-19T17:16:25.501+0800][gc,stats    ] === Garbage Collection Statistics =======================================================================================================================
[2023-11-19T17:16:25.501+0800][gc,stats    ]                                                              Last 10s              Last 10m              Last 10h                Total
[2023-11-19T17:16:25.501+0800][gc,stats    ]                                                              Avg / Max             Avg / Max             Avg / Max             Avg / Max
[2023-11-19T17:16:25.501+0800][gc,stats    ]   Collector: Garbage Collection Cycle                      0.000 / 0.000         0.000 / 0.000        23.723 / 25.775       23.723 / 25.775      ms
[2023-11-19T17:16:25.501+0800][gc,stats    ]  Contention: Mark Segment Reset Contention                     0 / 0                 0 / 0                 0 / 3                 0 / 3           ops/s
[2023-11-19T17:16:25.501+0800][gc,stats    ]  Contention: Mark SeqNum Reset Contention                      0 / 0                 0 / 0                 0 / 0                 0 / 0           ops/s
[2023-11-19T17:16:25.501+0800][gc,stats    ]    Critical: Allocation Stall                                  0 / 0                 0 / 0                 0 / 0                 0 / 0           ops/s
[2023-11-19T17:16:25.501+0800][gc,stats    ]    Critical: Allocation Stall                              0.000 / 0.000         0.000 / 0.000         0.000 / 0.000         0.000 / 0.000       ms
[2023-11-19T17:16:25.501+0800][gc,stats    ]    Critical: GC Locker Stall                                   0 / 0                 0 / 0                 0 / 0                 0 / 0           ops/s
[2023-11-19T17:16:25.501+0800][gc,stats    ]    Critical: GC Locker Stall                               0.000 / 0.000         0.000 / 0.000         0.000 / 0.000         0.000 / 0.000       ms
[2023-11-19T17:16:25.501+0800][gc,stats    ]    Critical: Relocation Stall                                  0 / 0                 0 / 0                 0 / 0                 0 / 0           ops/s
[2023-11-19T17:16:25.501+0800][gc,stats    ]    Critical: Relocation Stall                              0.000 / 0.000         0.000 / 0.000         0.000 / 0.000         0.000 / 0.000       ms
[2023-11-19T17:16:25.501+0800][gc,stats    ]      Memory: Allocation Rate                                   0 / 0                 0 / 4                 0 / 104               0 / 104         MB/s
[2023-11-19T17:16:25.501+0800][gc,stats    ]      Memory: Defragment                                        0 / 0                 0 / 0                 0 / 0                 0 / 0           ops/s
[2023-11-19T17:16:25.501+0800][gc,stats    ]      Memory: Out Of Memory                                     0 / 0                 0 / 0                 0 / 0                 0 / 0           ops/s
[2023-11-19T17:16:25.501+0800][gc,stats    ]      Memory: Page Cache Flush                                  0 / 0                 0 / 0                 0 / 0                 0 / 0           MB/s
[2023-11-19T17:16:25.501+0800][gc,stats    ]      Memory: Page Cache Hit L1                                 0 / 0                 0 / 0                 0 / 29                0 / 29          ops/s
[2023-11-19T17:16:25.501+0800][gc,stats    ]      Memory: Page Cache Hit L2                                 0 / 0                 0 / 0                 0 / 0                 0 / 0           ops/s
[2023-11-19T17:16:25.501+0800][gc,stats    ]      Memory: Page Cache Hit L3                                 0 / 0                 0 / 2                 0 / 48                0 / 48          ops/s
[2023-11-19T17:16:25.501+0800][gc,stats    ]      Memory: Page Cache Miss                                   0 / 0                 0 / 0                 0 / 1                 0 / 1           ops/s
[2023-11-19T17:16:25.501+0800][gc,stats    ]      Memory: Uncommit                                          0 / 0                 0 / 0                 0 / 0                 0 / 0           MB/s
[2023-11-19T17:16:25.501+0800][gc,stats    ]      Memory: Undo Object Allocation Failed                     0 / 0                 0 / 0                 0 / 0                 0 / 0           ops/s
[2023-11-19T17:16:25.501+0800][gc,stats    ]      Memory: Undo Object Allocation Succeeded                  0 / 0                 0 / 0                 0 / 0                 0 / 0           ops/s
[2023-11-19T17:16:25.501+0800][gc,stats    ]      Memory: Undo Page Allocation                              0 / 0                 0 / 0                 0 / 0                 0 / 0           ops/s
[2023-11-19T17:16:25.501+0800][gc,stats    ]       Phase: Concurrent Mark                               0.000 / 0.000         0.000 / 0.000        13.801 / 15.394       13.801 / 15.394      ms
[2023-11-19T17:16:25.501+0800][gc,stats    ]       Phase: Concurrent Mark Continue                      0.000 / 0.000         0.000 / 0.000         0.000 / 0.000         0.000 / 0.000       ms
[2023-11-19T17:16:25.501+0800][gc,stats    ]       Phase: Concurrent Mark Free                          0.000 / 0.000         0.000 / 0.000         0.001 / 0.001         0.001 / 0.001       ms
[2023-11-19T17:16:25.501+0800][gc,stats    ]       Phase: Concurrent Process Non-Strong References      0.000 / 0.000         0.000 / 0.000         1.810 / 1.931         1.810 / 1.931       ms
[2023-11-19T17:16:25.501+0800][gc,stats    ]       Phase: Concurrent Relocate                           0.000 / 0.000         0.000 / 0.000         2.671 / 3.187         2.671 / 3.187       ms
[2023-11-19T17:16:25.501+0800][gc,stats    ]       Phase: Concurrent Reset Relocation Set               0.000 / 0.000         0.000 / 0.000         0.001 / 0.003         0.001 / 0.003       ms
[2023-11-19T17:16:25.501+0800][gc,stats    ]       Phase: Concurrent Select Relocation Set              0.000 / 0.000         0.000 / 0.000         4.627 / 7.839         4.627 / 7.839       ms
[2023-11-19T17:16:25.501+0800][gc,stats    ]       Phase: Pause Mark End                                0.000 / 0.000         0.000 / 0.000         0.016 / 0.018         0.016 / 0.018       ms
[2023-11-19T17:16:25.501+0800][gc,stats    ]       Phase: Pause Mark Start                              0.000 / 0.000         0.000 / 0.000         0.013 / 0.019         0.013 / 0.019       ms
[2023-11-19T17:16:25.501+0800][gc,stats    ]       Phase: Pause Relocate Start                          0.000 / 0.000         0.000 / 0.000         0.008 / 0.009         0.008 / 0.009       ms
[2023-11-19T17:16:25.501+0800][gc,stats    ]    Subphase: Concurrent Classes Purge                      0.000 / 0.000         0.000 / 0.000         0.047 / 0.049         0.047 / 0.049       ms
[2023-11-19T17:16:25.501+0800][gc,stats    ]    Subphase: Concurrent Classes Unlink                     0.000 / 0.000         0.000 / 0.000         1.263 / 1.295         1.263 / 1.295       ms
[2023-11-19T17:16:25.501+0800][gc,stats    ]    Subphase: Concurrent Mark                               0.000 / 0.000         0.000 / 0.000        11.825 / 13.159       11.825 / 13.159      ms
[2023-11-19T17:16:25.501+0800][gc,stats    ]    Subphase: Concurrent Mark Try Flush                     0.000 / 0.000         0.000 / 0.000         0.057 / 0.108         0.057 / 0.108       ms
[2023-11-19T17:16:25.501+0800][gc,stats    ]    Subphase: Concurrent Mark Try Terminate                 0.000 / 0.000         0.000 / 0.000         1.420 / 4.236         1.420 / 4.236       ms
[2023-11-19T17:16:25.501+0800][gc,stats    ]    Subphase: Concurrent References Enqueue                 0.000 / 0.000         0.000 / 0.000         0.004 / 0.004         0.004 / 0.004       ms
[2023-11-19T17:16:25.501+0800][gc,stats    ]    Subphase: Concurrent References Process                 0.000 / 0.000         0.000 / 0.000         0.090 / 0.101         0.090 / 0.101       ms
[2023-11-19T17:16:25.501+0800][gc,stats    ]    Subphase: Concurrent Roots ClassLoaderDataGraph         0.000 / 0.000         0.000 / 0.000         0.103 / 0.506         0.103 / 0.506       ms
[2023-11-19T17:16:25.501+0800][gc,stats    ]    Subphase: Concurrent Roots CodeCache                    0.000 / 0.000         0.000 / 0.000         0.000 / 0.000         0.000 / 0.000       ms
[2023-11-19T17:16:25.501+0800][gc,stats    ]    Subphase: Concurrent Roots JavaThreads                  0.000 / 0.000         0.000 / 0.000         1.129 / 2.106         1.129 / 2.106       ms
[2023-11-19T17:16:25.501+0800][gc,stats    ]    Subphase: Concurrent Roots OopStorageSet                0.000 / 0.000         0.000 / 0.000         0.036 / 0.058         0.036 / 0.058       ms
[2023-11-19T17:16:25.501+0800][gc,stats    ]    Subphase: Concurrent Weak Roots OopStorageSet           0.000 / 0.000         0.000 / 0.000         0.328 / 0.486         0.328 / 0.486       ms
[2023-11-19T17:16:25.501+0800][gc,stats    ]    Subphase: Pause Mark Try Complete                       0.000 / 0.000         0.000 / 0.000         0.000 / 0.000         0.000 / 0.000       ms
[2023-11-19T17:16:25.501+0800][gc,stats    ]      System: Java Threads                                      0 / 0                 0 / 0                39 / 54               39 / 54          threads
[2023-11-19T17:16:25.501+0800][gc,stats    ] =========================================================================================================================================================
[2023-11-19T17:16:35.501+0800][gc,stats    ] === Garbage Collection Statistics =======================================================================================================================
[2023-11-19T17:16:35.501+0800][gc,stats    ]                                                              Last 10s              Last 10m              Last 10h                Total
[2023-11-19T17:16:35.501+0800][gc,stats    ]                                                              Avg / Max             Avg / Max             Avg / Max             Avg / Max
[2023-11-19T17:16:35.501+0800][gc,stats    ]   Collector: Garbage Collection Cycle                      0.000 / 0.000         0.000 / 0.000        23.723 / 25.775       23.723 / 25.775      ms
[2023-11-19T17:16:35.501+0800][gc,stats    ]  Contention: Mark Segment Reset Contention                     0 / 0                 0 / 0                 0 / 3                 0 / 3           ops/s
[2023-11-19T17:16:35.501+0800][gc,stats    ]  Contention: Mark SeqNum Reset Contention                      0 / 0                 0 / 0                 0 / 0                 0 / 0           ops/s
[2023-11-19T17:16:35.501+0800][gc,stats    ]    Critical: Allocation Stall                                  0 / 0                 0 / 0                 0 / 0                 0 / 0           ops/s
[2023-11-19T17:16:35.501+0800][gc,stats    ]    Critical: Allocation Stall                              0.000 / 0.000         0.000 / 0.000         0.000 / 0.000         0.000 / 0.000       ms
[2023-11-19T17:16:35.501+0800][gc,stats    ]    Critical: GC Locker Stall                                   0 / 0                 0 / 0                 0 / 0                 0 / 0           ops/s
[2023-11-19T17:16:35.501+0800][gc,stats    ]    Critical: GC Locker Stall                               0.000 / 0.000         0.000 / 0.000         0.000 / 0.000         0.000 / 0.000       ms
[2023-11-19T17:16:35.501+0800][gc,stats    ]    Critical: Relocation Stall                                  0 / 0                 0 / 0                 0 / 0                 0 / 0           ops/s
[2023-11-19T17:16:35.501+0800][gc,stats    ]    Critical: Relocation Stall                              0.000 / 0.000         0.000 / 0.000         0.000 / 0.000         0.000 / 0.000       ms
[2023-11-19T17:16:35.501+0800][gc,stats    ]      Memory: Allocation Rate                                   0 / 2                 0 / 4                 0 / 104               0 / 104         MB/s
[2023-11-19T17:16:35.501+0800][gc,stats    ]      Memory: Defragment                                        0 / 0                 0 / 0                 0 / 0                 0 / 0           ops/s
[2023-11-19T17:16:35.501+0800][gc,stats    ]      Memory: Out Of Memory                                     0 / 0                 0 / 0                 0 / 0                 0 / 0           ops/s
[2023-11-19T17:16:35.501+0800][gc,stats    ]      Memory: Page Cache Flush                                  0 / 0                 0 / 0                 0 / 0                 0 / 0           MB/s
[2023-11-19T17:16:35.501+0800][gc,stats    ]      Memory: Page Cache Hit L1                                 0 / 0                 0 / 0                 0 / 29                0 / 29          ops/s
[2023-11-19T17:16:35.501+0800][gc,stats    ]      Memory: Page Cache Hit L2                                 0 / 0                 0 / 0                 0 / 0                 0 / 0           ops/s
[2023-11-19T17:16:35.501+0800][gc,stats    ]      Memory: Page Cache Hit L3                                 0 / 1                 0 / 2                 0 / 48                0 / 48          ops/s
[2023-11-19T17:16:35.501+0800][gc,stats    ]      Memory: Page Cache Miss                                   0 / 0                 0 / 0                 0 / 1                 0 / 1           ops/s
[2023-11-19T17:16:35.501+0800][gc,stats    ]      Memory: Uncommit                                          0 / 0                 0 / 0                 0 / 0                 0 / 0           MB/s
[2023-11-19T17:16:35.501+0800][gc,stats    ]      Memory: Undo Object Allocation Failed                     0 / 0                 0 / 0                 0 / 0                 0 / 0           ops/s
[2023-11-19T17:16:35.501+0800][gc,stats    ]      Memory: Undo Object Allocation Succeeded                  0 / 0                 0 / 0                 0 / 0                 0 / 0           ops/s
[2023-11-19T17:16:35.501+0800][gc,stats    ]      Memory: Undo Page Allocation                              0 / 0                 0 / 0                 0 / 0                 0 / 0           ops/s
[2023-11-19T17:16:35.501+0800][gc,stats    ]       Phase: Concurrent Mark                               0.000 / 0.000         0.000 / 0.000        13.801 / 15.394       13.801 / 15.394      ms
[2023-11-19T17:16:35.501+0800][gc,stats    ]       Phase: Concurrent Mark Continue                      0.000 / 0.000         0.000 / 0.000         0.000 / 0.000         0.000 / 0.000       ms
[2023-11-19T17:16:35.501+0800][gc,stats    ]       Phase: Concurrent Mark Free                          0.000 / 0.000         0.000 / 0.000         0.001 / 0.001         0.001 / 0.001       ms
[2023-11-19T17:16:35.501+0800][gc,stats    ]       Phase: Concurrent Process Non-Strong References      0.000 / 0.000         0.000 / 0.000         1.810 / 1.931         1.810 / 1.931       ms
[2023-11-19T17:16:35.501+0800][gc,stats    ]       Phase: Concurrent Relocate                           0.000 / 0.000         0.000 / 0.000         2.671 / 3.187         2.671 / 3.187       ms
[2023-11-19T17:16:35.501+0800][gc,stats    ]       Phase: Concurrent Reset Relocation Set               0.000 / 0.000         0.000 / 0.000         0.001 / 0.003         0.001 / 0.003       ms
[2023-11-19T17:16:35.501+0800][gc,stats    ]       Phase: Concurrent Select Relocation Set              0.000 / 0.000         0.000 / 0.000         4.627 / 7.839         4.627 / 7.839       ms
[2023-11-19T17:16:35.501+0800][gc,stats    ]       Phase: Pause Mark End                                0.000 / 0.000         0.000 / 0.000         0.016 / 0.018         0.016 / 0.018       ms
[2023-11-19T17:16:35.501+0800][gc,stats    ]       Phase: Pause Mark Start                              0.000 / 0.000         0.000 / 0.000         0.013 / 0.019         0.013 / 0.019       ms
[2023-11-19T17:16:35.501+0800][gc,stats    ]       Phase: Pause Relocate Start                          0.000 / 0.000         0.000 / 0.000         0.008 / 0.009         0.008 / 0.009       ms
[2023-11-19T17:16:35.501+0800][gc,stats    ]    Subphase: Concurrent Classes Purge                      0.000 / 0.000         0.000 / 0.000         0.047 / 0.049         0.047 / 0.049       ms
[2023-11-19T17:16:35.501+0800][gc,stats    ]    Subphase: Concurrent Classes Unlink                     0.000 / 0.000         0.000 / 0.000         1.263 / 1.295         1.263 / 1.295       ms
[2023-11-19T17:16:35.501+0800][gc,stats    ]    Subphase: Concurrent Mark                               0.000 / 0.000         0.000 / 0.000        11.825 / 13.159       11.825 / 13.159      ms
[2023-11-19T17:16:35.501+0800][gc,stats    ]    Subphase: Concurrent Mark Try Flush                     0.000 / 0.000         0.000 / 0.000         0.057 / 0.108         0.057 / 0.108       ms
[2023-11-19T17:16:35.501+0800][gc,stats    ]    Subphase: Concurrent Mark Try Terminate                 0.000 / 0.000         0.000 / 0.000         1.420 / 4.236         1.420 / 4.236       ms
[2023-11-19T17:16:35.501+0800][gc,stats    ]    Subphase: Concurrent References Enqueue                 0.000 / 0.000         0.000 / 0.000         0.004 / 0.004         0.004 / 0.004       ms
[2023-11-19T17:16:35.501+0800][gc,stats    ]    Subphase: Concurrent References Process                 0.000 / 0.000         0.000 / 0.000         0.090 / 0.101         0.090 / 0.101       ms
[2023-11-19T17:16:35.501+0800][gc,stats    ]    Subphase: Concurrent Roots ClassLoaderDataGraph         0.000 / 0.000         0.000 / 0.000         0.103 / 0.506         0.103 / 0.506       ms
[2023-11-19T17:16:35.501+0800][gc,stats    ]    Subphase: Concurrent Roots CodeCache                    0.000 / 0.000         0.000 / 0.000         0.000 / 0.000         0.000 / 0.000       ms
[2023-11-19T17:16:35.501+0800][gc,stats    ]    Subphase: Concurrent Roots JavaThreads                  0.000 / 0.000         0.000 / 0.000         1.129 / 2.106         1.129 / 2.106       ms
[2023-11-19T17:16:35.501+0800][gc,stats    ]    Subphase: Concurrent Roots OopStorageSet                0.000 / 0.000         0.000 / 0.000         0.036 / 0.058         0.036 / 0.058       ms
[2023-11-19T17:16:35.501+0800][gc,stats    ]    Subphase: Concurrent Weak Roots OopStorageSet           0.000 / 0.000         0.000 / 0.000         0.328 / 0.486         0.328 / 0.486       ms
[2023-11-19T17:16:35.502+0800][gc,stats    ]    Subphase: Pause Mark Try Complete                       0.000 / 0.000         0.000 / 0.000         0.000 / 0.000         0.000 / 0.000       ms
[2023-11-19T17:16:35.502+0800][gc,stats    ]      System: Java Threads                                      0 / 0                 0 / 0                39 / 54               39 / 54          threads
[2023-11-19T17:16:35.502+0800][gc,stats    ] =========================================================================================================================================================
[2023-11-19T17:16:45.501+0800][gc,stats    ] === Garbage Collection Statistics =======================================================================================================================
[2023-11-19T17:16:45.501+0800][gc,stats    ]                                                              Last 10s              Last 10m              Last 10h                Total
[2023-11-19T17:16:45.501+0800][gc,stats    ]                                                              Avg / Max             Avg / Max             Avg / Max             Avg / Max
[2023-11-19T17:16:45.501+0800][gc,stats    ]   Collector: Garbage Collection Cycle                      0.000 / 0.000         0.000 / 0.000        23.723 / 25.775       23.723 / 25.775      ms
[2023-11-19T17:16:45.501+0800][gc,stats    ]  Contention: Mark Segment Reset Contention                     0 / 0                 0 / 0                 0 / 3                 0 / 3           ops/s
[2023-11-19T17:16:45.501+0800][gc,stats    ]  Contention: Mark SeqNum Reset Contention                      0 / 0                 0 / 0                 0 / 0                 0 / 0           ops/s
[2023-11-19T17:16:45.501+0800][gc,stats    ]    Critical: Allocation Stall                                  0 / 0                 0 / 0                 0 / 0                 0 / 0           ops/s
[2023-11-19T17:16:45.501+0800][gc,stats    ]    Critical: Allocation Stall                              0.000 / 0.000         0.000 / 0.000         0.000 / 0.000         0.000 / 0.000       ms
[2023-11-19T17:16:45.501+0800][gc,stats    ]    Critical: GC Locker Stall                                   0 / 0                 0 / 0                 0 / 0                 0 / 0           ops/s
[2023-11-19T17:16:45.501+0800][gc,stats    ]    Critical: GC Locker Stall                               0.000 / 0.000         0.000 / 0.000         0.000 / 0.000         0.000 / 0.000       ms
[2023-11-19T17:16:45.501+0800][gc,stats    ]    Critical: Relocation Stall                                  0 / 0                 0 / 0                 0 / 0                 0 / 0           ops/s
[2023-11-19T17:16:45.501+0800][gc,stats    ]    Critical: Relocation Stall                              0.000 / 0.000         0.000 / 0.000         0.000 / 0.000         0.000 / 0.000       ms
[2023-11-19T17:16:45.501+0800][gc,stats    ]      Memory: Allocation Rate                                   0 / 2                 0 / 4                 0 / 104               0 / 104         MB/s
[2023-11-19T17:16:45.501+0800][gc,stats    ]      Memory: Defragment                                        0 / 0                 0 / 0                 0 / 0                 0 / 0           ops/s
[2023-11-19T17:16:45.501+0800][gc,stats    ]      Memory: Out Of Memory                                     0 / 0                 0 / 0                 0 / 0                 0 / 0           ops/s
[2023-11-19T17:16:45.501+0800][gc,stats    ]      Memory: Page Cache Flush                                  0 / 0                 0 / 0                 0 / 0                 0 / 0           MB/s
[2023-11-19T17:16:45.501+0800][gc,stats    ]      Memory: Page Cache Hit L1                                 0 / 0                 0 / 0                 0 / 29                0 / 29          ops/s
[2023-11-19T17:16:45.501+0800][gc,stats    ]      Memory: Page Cache Hit L2                                 0 / 0                 0 / 0                 0 / 0                 0 / 0           ops/s
[2023-11-19T17:16:45.501+0800][gc,stats    ]      Memory: Page Cache Hit L3                                 0 / 1                 0 / 2                 0 / 48                0 / 48          ops/s
[2023-11-19T17:16:45.501+0800][gc,stats    ]      Memory: Page Cache Miss                                   0 / 0                 0 / 0                 0 / 1                 0 / 1           ops/s
[2023-11-19T17:16:45.501+0800][gc,stats    ]      Memory: Uncommit                                          0 / 0                 0 / 0                 0 / 0                 0 / 0           MB/s
[2023-11-19T17:16:45.501+0800][gc,stats    ]      Memory: Undo Object Allocation Failed                     0 / 0                 0 / 0                 0 / 0                 0 / 0           ops/s
[2023-11-19T17:16:45.501+0800][gc,stats    ]      Memory: Undo Object Allocation Succeeded                  0 / 0                 0 / 0                 0 / 0                 0 / 0           ops/s
[2023-11-19T17:16:45.501+0800][gc,stats    ]      Memory: Undo Page Allocation                              0 / 0                 0 / 0                 0 / 0                 0 / 0           ops/s
[2023-11-19T17:16:45.501+0800][gc,stats    ]       Phase: Concurrent Mark                               0.000 / 0.000         0.000 / 0.000        13.801 / 15.394       13.801 / 15.394      ms
[2023-11-19T17:16:45.501+0800][gc,stats    ]       Phase: Concurrent Mark Continue                      0.000 / 0.000         0.000 / 0.000         0.000 / 0.000         0.000 / 0.000       ms
[2023-11-19T17:16:45.501+0800][gc,stats    ]       Phase: Concurrent Mark Free                          0.000 / 0.000         0.000 / 0.000         0.001 / 0.001         0.001 / 0.001       ms
[2023-11-19T17:16:45.501+0800][gc,stats    ]       Phase: Concurrent Process Non-Strong References      0.000 / 0.000         0.000 / 0.000         1.810 / 1.931         1.810 / 1.931       ms
[2023-11-19T17:16:45.501+0800][gc,stats    ]       Phase: Concurrent Relocate                           0.000 / 0.000         0.000 / 0.000         2.671 / 3.187         2.671 / 3.187       ms
[2023-11-19T17:16:45.501+0800][gc,stats    ]       Phase: Concurrent Reset Relocation Set               0.000 / 0.000         0.000 / 0.000         0.001 / 0.003         0.001 / 0.003       ms
[2023-11-19T17:16:45.501+0800][gc,stats    ]       Phase: Concurrent Select Relocation Set              0.000 / 0.000         0.000 / 0.000         4.627 / 7.839         4.627 / 7.839       ms
[2023-11-19T17:16:45.501+0800][gc,stats    ]       Phase: Pause Mark End                                0.000 / 0.000         0.000 / 0.000         0.016 / 0.018         0.016 / 0.018       ms
[2023-11-19T17:16:45.501+0800][gc,stats    ]       Phase: Pause Mark Start                              0.000 / 0.000         0.000 / 0.000         0.013 / 0.019         0.013 / 0.019       ms
[2023-11-19T17:16:45.501+0800][gc,stats    ]       Phase: Pause Relocate Start                          0.000 / 0.000         0.000 / 0.000         0.008 / 0.009         0.008 / 0.009       ms
[2023-11-19T17:16:45.501+0800][gc,stats    ]    Subphase: Concurrent Classes Purge                      0.000 / 0.000         0.000 / 0.000         0.047 / 0.049         0.047 / 0.049       ms
[2023-11-19T17:16:45.501+0800][gc,stats    ]    Subphase: Concurrent Classes Unlink                     0.000 / 0.000         0.000 / 0.000         1.263 / 1.295         1.263 / 1.295       ms
[2023-11-19T17:16:45.501+0800][gc,stats    ]    Subphase: Concurrent Mark                               0.000 / 0.000         0.000 / 0.000        11.825 / 13.159       11.825 / 13.159      ms
[2023-11-19T17:16:45.501+0800][gc,stats    ]    Subphase: Concurrent Mark Try Flush                     0.000 / 0.000         0.000 / 0.000         0.057 / 0.108         0.057 / 0.108       ms
[2023-11-19T17:16:45.501+0800][gc,stats    ]    Subphase: Concurrent Mark Try Terminate                 0.000 / 0.000         0.000 / 0.000         1.420 / 4.236         1.420 / 4.236       ms
[2023-11-19T17:16:45.501+0800][gc,stats    ]    Subphase: Concurrent References Enqueue                 0.000 / 0.000         0.000 / 0.000         0.004 / 0.004         0.004 / 0.004       ms
[2023-11-19T17:16:45.501+0800][gc,stats    ]    Subphase: Concurrent References Process                 0.000 / 0.000         0.000 / 0.000         0.090 / 0.101         0.090 / 0.101       ms
[2023-11-19T17:16:45.501+0800][gc,stats    ]    Subphase: Concurrent Roots ClassLoaderDataGraph         0.000 / 0.000         0.000 / 0.000         0.103 / 0.506         0.103 / 0.506       ms
[2023-11-19T17:16:45.501+0800][gc,stats    ]    Subphase: Concurrent Roots CodeCache                    0.000 / 0.000         0.000 / 0.000         0.000 / 0.000         0.000 / 0.000       ms
[2023-11-19T17:16:45.501+0800][gc,stats    ]    Subphase: Concurrent Roots JavaThreads                  0.000 / 0.000         0.000 / 0.000         1.129 / 2.106         1.129 / 2.106       ms
[2023-11-19T17:16:45.501+0800][gc,stats    ]    Subphase: Concurrent Roots OopStorageSet                0.000 / 0.000         0.000 / 0.000         0.036 / 0.058         0.036 / 0.058       ms
[2023-11-19T17:16:45.501+0800][gc,stats    ]    Subphase: Concurrent Weak Roots OopStorageSet           0.000 / 0.000         0.000 / 0.000         0.328 / 0.486         0.328 / 0.486       ms
[2023-11-19T17:16:45.501+0800][gc,stats    ]    Subphase: Pause Mark Try Complete                       0.000 / 0.000         0.000 / 0.000         0.000 / 0.000         0.000 / 0.000       ms
[2023-11-19T17:16:45.501+0800][gc,stats    ]      System: Java Threads                                      0 / 0                 0 / 0                39 / 54               39 / 54          threads
[2023-11-19T17:16:45.501+0800][gc,stats    ] =========================================================================================================================================================
[2023-11-19T17:16:55.501+0800][gc,stats    ] === Garbage Collection Statistics =======================================================================================================================
[2023-11-19T17:16:55.501+0800][gc,stats    ]                                                              Last 10s              Last 10m              Last 10h                Total
[2023-11-19T17:16:55.501+0800][gc,stats    ]                                                              Avg / Max             Avg / Max             Avg / Max             Avg / Max
[2023-11-19T17:16:55.501+0800][gc,stats    ]   Collector: Garbage Collection Cycle                      0.000 / 0.000         0.000 / 0.000        23.723 / 25.775       23.723 / 25.775      ms
[2023-11-19T17:16:55.501+0800][gc,stats    ]  Contention: Mark Segment Reset Contention                     0 / 0                 0 / 0                 0 / 3                 0 / 3           ops/s
[2023-11-19T17:16:55.501+0800][gc,stats    ]  Contention: Mark SeqNum Reset Contention                      0 / 0                 0 / 0                 0 / 0                 0 / 0           ops/s
[2023-11-19T17:16:55.501+0800][gc,stats    ]    Critical: Allocation Stall                                  0 / 0                 0 / 0                 0 / 0                 0 / 0           ops/s
[2023-11-19T17:16:55.501+0800][gc,stats    ]    Critical: Allocation Stall                              0.000 / 0.000         0.000 / 0.000         0.000 / 0.000         0.000 / 0.000       ms
[2023-11-19T17:16:55.501+0800][gc,stats    ]    Critical: GC Locker Stall                                   0 / 0                 0 / 0                 0 / 0                 0 / 0           ops/s
[2023-11-19T17:16:55.501+0800][gc,stats    ]    Critical: GC Locker Stall                               0.000 / 0.000         0.000 / 0.000         0.000 / 0.000         0.000 / 0.000       ms
[2023-11-19T17:16:55.501+0800][gc,stats    ]    Critical: Relocation Stall                                  0 / 0                 0 / 0                 0 / 0                 0 / 0           ops/s
[2023-11-19T17:16:55.501+0800][gc,stats    ]    Critical: Relocation Stall                              0.000 / 0.000         0.000 / 0.000         0.000 / 0.000         0.000 / 0.000       ms
[2023-11-19T17:16:55.501+0800][gc,stats    ]      Memory: Allocation Rate                                   0 / 2                 0 / 4                 0 / 104               0 / 104         MB/s
[2023-11-19T17:16:55.501+0800][gc,stats    ]      Memory: Defragment                                        0 / 0                 0 / 0                 0 / 0                 0 / 0           ops/s
[2023-11-19T17:16:55.501+0800][gc,stats    ]      Memory: Out Of Memory                                     0 / 0                 0 / 0                 0 / 0                 0 / 0           ops/s
[2023-11-19T17:16:55.501+0800][gc,stats    ]      Memory: Page Cache Flush                                  0 / 0                 0 / 0                 0 / 0                 0 / 0           MB/s
[2023-11-19T17:16:55.501+0800][gc,stats    ]      Memory: Page Cache Hit L1                                 0 / 0                 0 / 0                 0 / 29                0 / 29          ops/s
[2023-11-19T17:16:55.501+0800][gc,stats    ]      Memory: Page Cache Hit L2                                 0 / 0                 0 / 0                 0 / 0                 0 / 0           ops/s
[2023-11-19T17:16:55.501+0800][gc,stats    ]      Memory: Page Cache Hit L3                                 0 / 1                 0 / 2                 0 / 48                0 / 48          ops/s
[2023-11-19T17:16:55.501+0800][gc,stats    ]      Memory: Page Cache Miss                                   0 / 0                 0 / 0                 0 / 1                 0 / 1           ops/s
[2023-11-19T17:16:55.501+0800][gc,stats    ]      Memory: Uncommit                                          0 / 0                 0 / 0                 0 / 0                 0 / 0           MB/s
[2023-11-19T17:16:55.501+0800][gc,stats    ]      Memory: Undo Object Allocation Failed                     0 / 0                 0 / 0                 0 / 0                 0 / 0           ops/s
[2023-11-19T17:16:55.501+0800][gc,stats    ]      Memory: Undo Object Allocation Succeeded                  0 / 0                 0 / 0                 0 / 0                 0 / 0           ops/s
[2023-11-19T17:16:55.501+0800][gc,stats    ]      Memory: Undo Page Allocation                              0 / 0                 0 / 0                 0 / 0                 0 / 0           ops/s
[2023-11-19T17:16:55.501+0800][gc,stats    ]       Phase: Concurrent Mark                               0.000 / 0.000         0.000 / 0.000        13.801 / 15.394       13.801 / 15.394      ms
[2023-11-19T17:16:55.501+0800][gc,stats    ]       Phase: Concurrent Mark Continue                      0.000 / 0.000         0.000 / 0.000         0.000 / 0.000         0.000 / 0.000       ms
[2023-11-19T17:16:55.501+0800][gc,stats    ]       Phase: Concurrent Mark Free                          0.000 / 0.000         0.000 / 0.000         0.001 / 0.001         0.001 / 0.001       ms
[2023-11-19T17:16:55.501+0800][gc,stats    ]       Phase: Concurrent Process Non-Strong References      0.000 / 0.000         0.000 / 0.000         1.810 / 1.931         1.810 / 1.931       ms
[2023-11-19T17:16:55.501+0800][gc,stats    ]       Phase: Concurrent Relocate                           0.000 / 0.000         0.000 / 0.000         2.671 / 3.187         2.671 / 3.187       ms
[2023-11-19T17:16:55.501+0800][gc,stats    ]       Phase: Concurrent Reset Relocation Set               0.000 / 0.000         0.000 / 0.000         0.001 / 0.003         0.001 / 0.003       ms
[2023-11-19T17:16:55.501+0800][gc,stats    ]       Phase: Concurrent Select Relocation Set              0.000 / 0.000         0.000 / 0.000         4.627 / 7.839         4.627 / 7.839       ms
[2023-11-19T17:16:55.501+0800][gc,stats    ]       Phase: Pause Mark End                                0.000 / 0.000         0.000 / 0.000         0.016 / 0.018         0.016 / 0.018       ms
[2023-11-19T17:16:55.501+0800][gc,stats    ]       Phase: Pause Mark Start                              0.000 / 0.000         0.000 / 0.000         0.013 / 0.019         0.013 / 0.019       ms
[2023-11-19T17:16:55.501+0800][gc,stats    ]       Phase: Pause Relocate Start                          0.000 / 0.000         0.000 / 0.000         0.008 / 0.009         0.008 / 0.009       ms
[2023-11-19T17:16:55.501+0800][gc,stats    ]    Subphase: Concurrent Classes Purge                      0.000 / 0.000         0.000 / 0.000         0.047 / 0.049         0.047 / 0.049       ms
[2023-11-19T17:16:55.501+0800][gc,stats    ]    Subphase: Concurrent Classes Unlink                     0.000 / 0.000         0.000 / 0.000         1.263 / 1.295         1.263 / 1.295       ms
[2023-11-19T17:16:55.501+0800][gc,stats    ]    Subphase: Concurrent Mark                               0.000 / 0.000         0.000 / 0.000        11.825 / 13.159       11.825 / 13.159      ms
[2023-11-19T17:16:55.501+0800][gc,stats    ]    Subphase: Concurrent Mark Try Flush                     0.000 / 0.000         0.000 / 0.000         0.057 / 0.108         0.057 / 0.108       ms
[2023-11-19T17:16:55.501+0800][gc,stats    ]    Subphase: Concurrent Mark Try Terminate                 0.000 / 0.000         0.000 / 0.000         1.420 / 4.236         1.420 / 4.236       ms
[2023-11-19T17:16:55.501+0800][gc,stats    ]    Subphase: Concurrent References Enqueue                 0.000 / 0.000         0.000 / 0.000         0.004 / 0.004         0.004 / 0.004       ms
[2023-11-19T17:16:55.501+0800][gc,stats    ]    Subphase: Concurrent References Process                 0.000 / 0.000         0.000 / 0.000         0.090 / 0.101         0.090 / 0.101       ms
[2023-11-19T17:16:55.501+0800][gc,stats    ]    Subphase: Concurrent Roots ClassLoaderDataGraph         0.000 / 0.000         0.000 / 0.000         0.103 / 0.506         0.103 / 0.506       ms
[2023-11-19T17:16:55.501+0800][gc,stats    ]    Subphase: Concurrent Roots CodeCache                    0.000 / 0.000         0.000 / 0.000         0.000 / 0.000         0.000 / 0.000       ms
[2023-11-19T17:16:55.501+0800][gc,stats    ]    Subphase: Concurrent Roots JavaThreads                  0.000 / 0.000         0.000 / 0.000         1.129 / 2.106         1.129 / 2.106       ms
[2023-11-19T17:16:55.501+0800][gc,stats    ]    Subphase: Concurrent Roots OopStorageSet                0.000 / 0.000         0.000 / 0.000         0.036 / 0.058         0.036 / 0.058       ms
[2023-11-19T17:16:55.501+0800][gc,stats    ]    Subphase: Concurrent Weak Roots OopStorageSet           0.000 / 0.000         0.000 / 0.000         0.328 / 0.486         0.328 / 0.486       ms
[2023-11-19T17:16:55.501+0800][gc,stats    ]    Subphase: Pause Mark Try Complete                       0.000 / 0.000         0.000 / 0.000         0.000 / 0.000         0.000 / 0.000       ms
[2023-11-19T17:16:55.501+0800][gc,stats    ]      System: Java Threads                                      0 / 0                 0 / 0                39 / 54               39 / 54          threads
[2023-11-19T17:16:55.501+0800][gc,stats    ] =========================================================================================================================================================
[2023-11-19T17:17:05.502+0800][gc,stats    ] === Garbage Collection Statistics =======================================================================================================================
[2023-11-19T17:17:05.502+0800][gc,stats    ]                                                              Last 10s              Last 10m              Last 10h                Total
[2023-11-19T17:17:05.502+0800][gc,stats    ]                                                              Avg / Max             Avg / Max             Avg / Max             Avg / Max
[2023-11-19T17:17:05.502+0800][gc,stats    ]   Collector: Garbage Collection Cycle                      0.000 / 0.000         0.000 / 0.000        23.723 / 25.775       23.723 / 25.775      ms
[2023-11-19T17:17:05.502+0800][gc,stats    ]  Contention: Mark Segment Reset Contention                     0 / 0                 0 / 0                 0 / 3                 0 / 3           ops/s
[2023-11-19T17:17:05.502+0800][gc,stats    ]  Contention: Mark SeqNum Reset Contention                      0 / 0                 0 / 0                 0 / 0                 0 / 0           ops/s
[2023-11-19T17:17:05.502+0800][gc,stats    ]    Critical: Allocation Stall                                  0 / 0                 0 / 0                 0 / 0                 0 / 0           ops/s
[2023-11-19T17:17:05.502+0800][gc,stats    ]    Critical: Allocation Stall                              0.000 / 0.000         0.000 / 0.000         0.000 / 0.000         0.000 / 0.000       ms
[2023-11-19T17:17:05.502+0800][gc,stats    ]    Critical: GC Locker Stall                                   0 / 0                 0 / 0                 0 / 0                 0 / 0           ops/s
[2023-11-19T17:17:05.502+0800][gc,stats    ]    Critical: GC Locker Stall                               0.000 / 0.000         0.000 / 0.000         0.000 / 0.000         0.000 / 0.000       ms
[2023-11-19T17:17:05.502+0800][gc,stats    ]    Critical: Relocation Stall                                  0 / 0                 0 / 0                 0 / 0                 0 / 0           ops/s
[2023-11-19T17:17:05.502+0800][gc,stats    ]    Critical: Relocation Stall                              0.000 / 0.000         0.000 / 0.000         0.000 / 0.000         0.000 / 0.000       ms
[2023-11-19T17:17:05.502+0800][gc,stats    ]      Memory: Allocation Rate                                   0 / 2                 0 / 4                 0 / 104               0 / 104         MB/s
[2023-11-19T17:17:05.502+0800][gc,stats    ]      Memory: Defragment                                        0 / 0                 0 / 0                 0 / 0                 0 / 0           ops/s
[2023-11-19T17:17:05.502+0800][gc,stats    ]      Memory: Out Of Memory                                     0 / 0                 0 / 0                 0 / 0                 0 / 0           ops/s
[2023-11-19T17:17:05.502+0800][gc,stats    ]      Memory: Page Cache Flush                                  0 / 0                 0 / 0                 0 / 0                 0 / 0           MB/s
[2023-11-19T17:17:05.502+0800][gc,stats    ]      Memory: Page Cache Hit L1                                 0 / 0                 0 / 0                 0 / 29                0 / 29          ops/s
[2023-11-19T17:17:05.502+0800][gc,stats    ]      Memory: Page Cache Hit L2                                 0 / 0                 0 / 0                 0 / 0                 0 / 0           ops/s
[2023-11-19T17:17:05.502+0800][gc,stats    ]      Memory: Page Cache Hit L3                                 0 / 1                 0 / 2                 0 / 48                0 / 48          ops/s
[2023-11-19T17:17:05.502+0800][gc,stats    ]      Memory: Page Cache Miss                                   0 / 0                 0 / 0                 0 / 1                 0 / 1           ops/s
[2023-11-19T17:17:05.502+0800][gc,stats    ]      Memory: Uncommit                                          0 / 0                 0 / 0                 0 / 0                 0 / 0           MB/s
[2023-11-19T17:17:05.502+0800][gc,stats    ]      Memory: Undo Object Allocation Failed                     0 / 0                 0 / 0                 0 / 0                 0 / 0           ops/s
[2023-11-19T17:17:05.502+0800][gc,stats    ]      Memory: Undo Object Allocation Succeeded                  0 / 0                 0 / 0                 0 / 0                 0 / 0           ops/s
[2023-11-19T17:17:05.502+0800][gc,stats    ]      Memory: Undo Page Allocation                              0 / 0                 0 / 0                 0 / 0                 0 / 0           ops/s
[2023-11-19T17:17:05.502+0800][gc,stats    ]       Phase: Concurrent Mark                               0.000 / 0.000         0.000 / 0.000        13.801 / 15.394       13.801 / 15.394      ms
[2023-11-19T17:17:05.502+0800][gc,stats    ]       Phase: Concurrent Mark Continue                      0.000 / 0.000         0.000 / 0.000         0.000 / 0.000         0.000 / 0.000       ms
[2023-11-19T17:17:05.502+0800][gc,stats    ]       Phase: Concurrent Mark Free                          0.000 / 0.000         0.000 / 0.000         0.001 / 0.001         0.001 / 0.001       ms
[2023-11-19T17:17:05.502+0800][gc,stats    ]       Phase: Concurrent Process Non-Strong References      0.000 / 0.000         0.000 / 0.000         1.810 / 1.931         1.810 / 1.931       ms
[2023-11-19T17:17:05.502+0800][gc,stats    ]       Phase: Concurrent Relocate                           0.000 / 0.000         0.000 / 0.000         2.671 / 3.187         2.671 / 3.187       ms
[2023-11-19T17:17:05.502+0800][gc,stats    ]       Phase: Concurrent Reset Relocation Set               0.000 / 0.000         0.000 / 0.000         0.001 / 0.003         0.001 / 0.003       ms
[2023-11-19T17:17:05.502+0800][gc,stats    ]       Phase: Concurrent Select Relocation Set              0.000 / 0.000         0.000 / 0.000         4.627 / 7.839         4.627 / 7.839       ms
[2023-11-19T17:17:05.502+0800][gc,stats    ]       Phase: Pause Mark End                                0.000 / 0.000         0.000 / 0.000         0.016 / 0.018         0.016 / 0.018       ms
[2023-11-19T17:17:05.502+0800][gc,stats    ]       Phase: Pause Mark Start                              0.000 / 0.000         0.000 / 0.000         0.013 / 0.019         0.013 / 0.019       ms
[2023-11-19T17:17:05.502+0800][gc,stats    ]       Phase: Pause Relocate Start                          0.000 / 0.000         0.000 / 0.000         0.008 / 0.009         0.008 / 0.009       ms
[2023-11-19T17:17:05.502+0800][gc,stats    ]    Subphase: Concurrent Classes Purge                      0.000 / 0.000         0.000 / 0.000         0.047 / 0.049         0.047 / 0.049       ms
[2023-11-19T17:17:05.502+0800][gc,stats    ]    Subphase: Concurrent Classes Unlink                     0.000 / 0.000         0.000 / 0.000         1.263 / 1.295         1.263 / 1.295       ms
[2023-11-19T17:17:05.502+0800][gc,stats    ]    Subphase: Concurrent Mark                               0.000 / 0.000         0.000 / 0.000        11.825 / 13.159       11.825 / 13.159      ms
[2023-11-19T17:17:05.502+0800][gc,stats    ]    Subphase: Concurrent Mark Try Flush                     0.000 / 0.000         0.000 / 0.000         0.057 / 0.108         0.057 / 0.108       ms
[2023-11-19T17:17:05.502+0800][gc,stats    ]    Subphase: Concurrent Mark Try Terminate                 0.000 / 0.000         0.000 / 0.000         1.420 / 4.236         1.420 / 4.236       ms
[2023-11-19T17:17:05.502+0800][gc,stats    ]    Subphase: Concurrent References Enqueue                 0.000 / 0.000         0.000 / 0.000         0.004 / 0.004         0.004 / 0.004       ms
[2023-11-19T17:17:05.502+0800][gc,stats    ]    Subphase: Concurrent References Process                 0.000 / 0.000         0.000 / 0.000         0.090 / 0.101         0.090 / 0.101       ms
[2023-11-19T17:17:05.502+0800][gc,stats    ]    Subphase: Concurrent Roots ClassLoaderDataGraph         0.000 / 0.000         0.000 / 0.000         0.103 / 0.506         0.103 / 0.506       ms
[2023-11-19T17:17:05.502+0800][gc,stats    ]    Subphase: Concurrent Roots CodeCache                    0.000 / 0.000         0.000 / 0.000         0.000 / 0.000         0.000 / 0.000       ms
[2023-11-19T17:17:05.502+0800][gc,stats    ]    Subphase: Concurrent Roots JavaThreads                  0.000 / 0.000         0.000 / 0.000         1.129 / 2.106         1.129 / 2.106       ms
[2023-11-19T17:17:05.502+0800][gc,stats    ]    Subphase: Concurrent Roots OopStorageSet                0.000 / 0.000         0.000 / 0.000         0.036 / 0.058         0.036 / 0.058       ms
[2023-11-19T17:17:05.502+0800][gc,stats    ]    Subphase: Concurrent Weak Roots OopStorageSet           0.000 / 0.000         0.000 / 0.000         0.328 / 0.486         0.328 / 0.486       ms
[2023-11-19T17:17:05.502+0800][gc,stats    ]    Subphase: Pause Mark Try Complete                       0.000 / 0.000         0.000 / 0.000         0.000 / 0.000         0.000 / 0.000       ms
[2023-11-19T17:17:05.502+0800][gc,stats    ]      System: Java Threads                                      0 / 0                 0 / 0                39 / 54               39 / 54          threads
[2023-11-19T17:17:05.502+0800][gc,stats    ] =========================================================================================================================================================
[2023-11-19T17:17:15.500+0800][gc,stats    ] === Garbage Collection Statistics =======================================================================================================================
[2023-11-19T17:17:15.500+0800][gc,stats    ]                                                              Last 10s              Last 10m              Last 10h                Total
[2023-11-19T17:17:15.500+0800][gc,stats    ]                                                              Avg / Max             Avg / Max             Avg / Max             Avg / Max
[2023-11-19T17:17:15.500+0800][gc,stats    ]   Collector: Garbage Collection Cycle                      0.000 / 0.000         0.000 / 0.000        23.723 / 25.775       23.723 / 25.775      ms
[2023-11-19T17:17:15.500+0800][gc,stats    ]  Contention: Mark Segment Reset Contention                     0 / 0                 0 / 0                 0 / 3                 0 / 3           ops/s
[2023-11-19T17:17:15.500+0800][gc,stats    ]  Contention: Mark SeqNum Reset Contention                      0 / 0                 0 / 0                 0 / 0                 0 / 0           ops/s
[2023-11-19T17:17:15.500+0800][gc,stats    ]    Critical: Allocation Stall                                  0 / 0                 0 / 0                 0 / 0                 0 / 0           ops/s
[2023-11-19T17:17:15.500+0800][gc,stats    ]    Critical: Allocation Stall                              0.000 / 0.000         0.000 / 0.000         0.000 / 0.000         0.000 / 0.000       ms
[2023-11-19T17:17:15.500+0800][gc,stats    ]    Critical: GC Locker Stall                                   0 / 0                 0 / 0                 0 / 0                 0 / 0           ops/s
[2023-11-19T17:17:15.500+0800][gc,stats    ]    Critical: GC Locker Stall                               0.000 / 0.000         0.000 / 0.000         0.000 / 0.000         0.000 / 0.000       ms
[2023-11-19T17:17:15.500+0800][gc,stats    ]    Critical: Relocation Stall                                  0 / 0                 0 / 0                 0 / 0                 0 / 0           ops/s
[2023-11-19T17:17:15.500+0800][gc,stats    ]    Critical: Relocation Stall                              0.000 / 0.000         0.000 / 0.000         0.000 / 0.000         0.000 / 0.000       ms
[2023-11-19T17:17:15.500+0800][gc,stats    ]      Memory: Allocation Rate                                   0 / 2                 0 / 4                 0 / 104               0 / 104         MB/s
[2023-11-19T17:17:15.500+0800][gc,stats    ]      Memory: Defragment                                        0 / 0                 0 / 0                 0 / 0                 0 / 0           ops/s
[2023-11-19T17:17:15.500+0800][gc,stats    ]      Memory: Out Of Memory                                     0 / 0                 0 / 0                 0 / 0                 0 / 0           ops/s
[2023-11-19T17:17:15.500+0800][gc,stats    ]      Memory: Page Cache Flush                                  0 / 0                 0 / 0                 0 / 0                 0 / 0           MB/s
[2023-11-19T17:17:15.500+0800][gc,stats    ]      Memory: Page Cache Hit L1                                 0 / 0                 0 / 0                 0 / 29                0 / 29          ops/s
[2023-11-19T17:17:15.500+0800][gc,stats    ]      Memory: Page Cache Hit L2                                 0 / 0                 0 / 0                 0 / 0                 0 / 0           ops/s
[2023-11-19T17:17:15.500+0800][gc,stats    ]      Memory: Page Cache Hit L3                                 0 / 1                 0 / 2                 0 / 48                0 / 48          ops/s
[2023-11-19T17:17:15.500+0800][gc,stats    ]      Memory: Page Cache Miss                                   0 / 0                 0 / 0                 0 / 1                 0 / 1           ops/s
[2023-11-19T17:17:15.500+0800][gc,stats    ]      Memory: Uncommit                                          0 / 0                 0 / 0                 0 / 0                 0 / 0           MB/s
[2023-11-19T17:17:15.500+0800][gc,stats    ]      Memory: Undo Object Allocation Failed                     0 / 0                 0 / 0                 0 / 0                 0 / 0           ops/s
[2023-11-19T17:17:15.500+0800][gc,stats    ]      Memory: Undo Object Allocation Succeeded                  0 / 0                 0 / 0                 0 / 0                 0 / 0           ops/s
[2023-11-19T17:17:15.500+0800][gc,stats    ]      Memory: Undo Page Allocation                              0 / 0                 0 / 0                 0 / 0                 0 / 0           ops/s
[2023-11-19T17:17:15.500+0800][gc,stats    ]       Phase: Concurrent Mark                               0.000 / 0.000         0.000 / 0.000        13.801 / 15.394       13.801 / 15.394      ms
[2023-11-19T17:17:15.500+0800][gc,stats    ]       Phase: Concurrent Mark Continue                      0.000 / 0.000         0.000 / 0.000         0.000 / 0.000         0.000 / 0.000       ms
[2023-11-19T17:17:15.500+0800][gc,stats    ]       Phase: Concurrent Mark Free                          0.000 / 0.000         0.000 / 0.000         0.001 / 0.001         0.001 / 0.001       ms
[2023-11-19T17:17:15.500+0800][gc,stats    ]       Phase: Concurrent Process Non-Strong References      0.000 / 0.000         0.000 / 0.000         1.810 / 1.931         1.810 / 1.931       ms
[2023-11-19T17:17:15.500+0800][gc,stats    ]       Phase: Concurrent Relocate                           0.000 / 0.000         0.000 / 0.000         2.671 / 3.187         2.671 / 3.187       ms
[2023-11-19T17:17:15.500+0800][gc,stats    ]       Phase: Concurrent Reset Relocation Set               0.000 / 0.000         0.000 / 0.000         0.001 / 0.003         0.001 / 0.003       ms
[2023-11-19T17:17:15.500+0800][gc,stats    ]       Phase: Concurrent Select Relocation Set              0.000 / 0.000         0.000 / 0.000         4.627 / 7.839         4.627 / 7.839       ms
[2023-11-19T17:17:15.500+0800][gc,stats    ]       Phase: Pause Mark End                                0.000 / 0.000         0.000 / 0.000         0.016 / 0.018         0.016 / 0.018       ms
[2023-11-19T17:17:15.500+0800][gc,stats    ]       Phase: Pause Mark Start                              0.000 / 0.000         0.000 / 0.000         0.013 / 0.019         0.013 / 0.019       ms
[2023-11-19T17:17:15.500+0800][gc,stats    ]       Phase: Pause Relocate Start                          0.000 / 0.000         0.000 / 0.000         0.008 / 0.009         0.008 / 0.009       ms
[2023-11-19T17:17:15.500+0800][gc,stats    ]    Subphase: Concurrent Classes Purge                      0.000 / 0.000         0.000 / 0.000         0.047 / 0.049         0.047 / 0.049       ms
[2023-11-19T17:17:15.500+0800][gc,stats    ]    Subphase: Concurrent Classes Unlink                     0.000 / 0.000         0.000 / 0.000         1.263 / 1.295         1.263 / 1.295       ms
[2023-11-19T17:17:15.500+0800][gc,stats    ]    Subphase: Concurrent Mark                               0.000 / 0.000         0.000 / 0.000        11.825 / 13.159       11.825 / 13.159      ms
[2023-11-19T17:17:15.500+0800][gc,stats    ]    Subphase: Concurrent Mark Try Flush                     0.000 / 0.000         0.000 / 0.000         0.057 / 0.108         0.057 / 0.108       ms
[2023-11-19T17:17:15.500+0800][gc,stats    ]    Subphase: Concurrent Mark Try Terminate                 0.000 / 0.000         0.000 / 0.000         1.420 / 4.236         1.420 / 4.236       ms
[2023-11-19T17:17:15.500+0800][gc,stats    ]    Subphase: Concurrent References Enqueue                 0.000 / 0.000         0.000 / 0.000         0.004 / 0.004         0.004 / 0.004       ms
[2023-11-19T17:17:15.500+0800][gc,stats    ]    Subphase: Concurrent References Process                 0.000 / 0.000         0.000 / 0.000         0.090 / 0.101         0.090 / 0.101       ms
[2023-11-19T17:17:15.500+0800][gc,stats    ]    Subphase: Concurrent Roots ClassLoaderDataGraph         0.000 / 0.000         0.000 / 0.000         0.103 / 0.506         0.103 / 0.506       ms
[2023-11-19T17:17:15.500+0800][gc,stats    ]    Subphase: Concurrent Roots CodeCache                    0.000 / 0.000         0.000 / 0.000         0.000 / 0.000         0.000 / 0.000       ms
[2023-11-19T17:17:15.500+0800][gc,stats    ]    Subphase: Concurrent Roots JavaThreads                  0.000 / 0.000         0.000 / 0.000         1.129 / 2.106         1.129 / 2.106       ms
[2023-11-19T17:17:15.500+0800][gc,stats    ]    Subphase: Concurrent Roots OopStorageSet                0.000 / 0.000         0.000 / 0.000         0.036 / 0.058         0.036 / 0.058       ms
[2023-11-19T17:17:15.500+0800][gc,stats    ]    Subphase: Concurrent Weak Roots OopStorageSet           0.000 / 0.000         0.000 / 0.000         0.328 / 0.486         0.328 / 0.486       ms
[2023-11-19T17:17:15.500+0800][gc,stats    ]    Subphase: Pause Mark Try Complete                       0.000 / 0.000         0.000 / 0.000         0.000 / 0.000         0.000 / 0.000       ms
[2023-11-19T17:17:15.500+0800][gc,stats    ]      System: Java Threads                                      0 / 0                 0 / 0                39 / 54               39 / 54          threads
[2023-11-19T17:17:15.500+0800][gc,stats    ] =========================================================================================================================================================
[2023-11-19T17:17:25.501+0800][gc,stats    ] === Garbage Collection Statistics =======================================================================================================================
[2023-11-19T17:17:25.501+0800][gc,stats    ]                                                              Last 10s              Last 10m              Last 10h                Total
[2023-11-19T17:17:25.501+0800][gc,stats    ]                                                              Avg / Max             Avg / Max             Avg / Max             Avg / Max
[2023-11-19T17:17:25.501+0800][gc,stats    ]   Collector: Garbage Collection Cycle                      0.000 / 0.000         0.000 / 0.000        23.723 / 25.775       23.723 / 25.775      ms
[2023-11-19T17:17:25.501+0800][gc,stats    ]  Contention: Mark Segment Reset Contention                     0 / 0                 0 / 0                 0 / 3                 0 / 3           ops/s
[2023-11-19T17:17:25.501+0800][gc,stats    ]  Contention: Mark SeqNum Reset Contention                      0 / 0                 0 / 0                 0 / 0                 0 / 0           ops/s
[2023-11-19T17:17:25.501+0800][gc,stats    ]    Critical: Allocation Stall                                  0 / 0                 0 / 0                 0 / 0                 0 / 0           ops/s
[2023-11-19T17:17:25.501+0800][gc,stats    ]    Critical: Allocation Stall                              0.000 / 0.000         0.000 / 0.000         0.000 / 0.000         0.000 / 0.000       ms
[2023-11-19T17:17:25.501+0800][gc,stats    ]    Critical: GC Locker Stall                                   0 / 0                 0 / 0                 0 / 0                 0 / 0           ops/s
[2023-11-19T17:17:25.501+0800][gc,stats    ]    Critical: GC Locker Stall                               0.000 / 0.000         0.000 / 0.000         0.000 / 0.000         0.000 / 0.000       ms
[2023-11-19T17:17:25.501+0800][gc,stats    ]    Critical: Relocation Stall                                  0 / 0                 0 / 0                 0 / 0                 0 / 0           ops/s
[2023-11-19T17:17:25.501+0800][gc,stats    ]    Critical: Relocation Stall                              0.000 / 0.000         0.000 / 0.000         0.000 / 0.000         0.000 / 0.000       ms
[2023-11-19T17:17:25.501+0800][gc,stats    ]      Memory: Allocation Rate                                   0 / 0                 0 / 4                 0 / 104               0 / 104         MB/s
[2023-11-19T17:17:25.501+0800][gc,stats    ]      Memory: Defragment                                        0 / 0                 0 / 0                 0 / 0                 0 / 0           ops/s
[2023-11-19T17:17:25.501+0800][gc,stats    ]      Memory: Out Of Memory                                     0 / 0                 0 / 0                 0 / 0                 0 / 0           ops/s
[2023-11-19T17:17:25.501+0800][gc,stats    ]      Memory: Page Cache Flush                                  0 / 0                 0 / 0                 0 / 0                 0 / 0           MB/s
[2023-11-19T17:17:25.501+0800][gc,stats    ]      Memory: Page Cache Hit L1                                 0 / 0                 0 / 0                 0 / 29                0 / 29          ops/s
[2023-11-19T17:17:25.501+0800][gc,stats    ]      Memory: Page Cache Hit L2                                 0 / 0                 0 / 0                 0 / 0                 0 / 0           ops/s
[2023-11-19T17:17:25.501+0800][gc,stats    ]      Memory: Page Cache Hit L3                                 0 / 0                 0 / 2                 0 / 48                0 / 48          ops/s
[2023-11-19T17:17:25.501+0800][gc,stats    ]      Memory: Page Cache Miss                                   0 / 0                 0 / 0                 0 / 1                 0 / 1           ops/s
[2023-11-19T17:17:25.501+0800][gc,stats    ]      Memory: Uncommit                                          0 / 0                 0 / 0                 0 / 0                 0 / 0           MB/s
[2023-11-19T17:17:25.501+0800][gc,stats    ]      Memory: Undo Object Allocation Failed                     0 / 0                 0 / 0                 0 / 0                 0 / 0           ops/s
[2023-11-19T17:17:25.501+0800][gc,stats    ]      Memory: Undo Object Allocation Succeeded                  0 / 0                 0 / 0                 0 / 0                 0 / 0           ops/s
[2023-11-19T17:17:25.501+0800][gc,stats    ]      Memory: Undo Page Allocation                              0 / 0                 0 / 0                 0 / 0                 0 / 0           ops/s
[2023-11-19T17:17:25.501+0800][gc,stats    ]       Phase: Concurrent Mark                               0.000 / 0.000         0.000 / 0.000        13.801 / 15.394       13.801 / 15.394      ms
[2023-11-19T17:17:25.501+0800][gc,stats    ]       Phase: Concurrent Mark Continue                      0.000 / 0.000         0.000 / 0.000         0.000 / 0.000         0.000 / 0.000       ms
[2023-11-19T17:17:25.501+0800][gc,stats    ]       Phase: Concurrent Mark Free                          0.000 / 0.000         0.000 / 0.000         0.001 / 0.001         0.001 / 0.001       ms
[2023-11-19T17:17:25.501+0800][gc,stats    ]       Phase: Concurrent Process Non-Strong References      0.000 / 0.000         0.000 / 0.000         1.810 / 1.931         1.810 / 1.931       ms
[2023-11-19T17:17:25.501+0800][gc,stats    ]       Phase: Concurrent Relocate                           0.000 / 0.000         0.000 / 0.000         2.671 / 3.187         2.671 / 3.187       ms
[2023-11-19T17:17:25.501+0800][gc,stats    ]       Phase: Concurrent Reset Relocation Set               0.000 / 0.000         0.000 / 0.000         0.001 / 0.003         0.001 / 0.003       ms
[2023-11-19T17:17:25.501+0800][gc,stats    ]       Phase: Concurrent Select Relocation Set              0.000 / 0.000         0.000 / 0.000         4.627 / 7.839         4.627 / 7.839       ms
[2023-11-19T17:17:25.501+0800][gc,stats    ]       Phase: Pause Mark End                                0.000 / 0.000         0.000 / 0.000         0.016 / 0.018         0.016 / 0.018       ms
[2023-11-19T17:17:25.501+0800][gc,stats    ]       Phase: Pause Mark Start                              0.000 / 0.000         0.000 / 0.000         0.013 / 0.019         0.013 / 0.019       ms
[2023-11-19T17:17:25.501+0800][gc,stats    ]       Phase: Pause Relocate Start                          0.000 / 0.000         0.000 / 0.000         0.008 / 0.009         0.008 / 0.009       ms
[2023-11-19T17:17:25.501+0800][gc,stats    ]    Subphase: Concurrent Classes Purge                      0.000 / 0.000         0.000 / 0.000         0.047 / 0.049         0.047 / 0.049       ms
[2023-11-19T17:17:25.501+0800][gc,stats    ]    Subphase: Concurrent Classes Unlink                     0.000 / 0.000         0.000 / 0.000         1.263 / 1.295         1.263 / 1.295       ms
[2023-11-19T17:17:25.501+0800][gc,stats    ]    Subphase: Concurrent Mark                               0.000 / 0.000         0.000 / 0.000        11.825 / 13.159       11.825 / 13.159      ms
[2023-11-19T17:17:25.501+0800][gc,stats    ]    Subphase: Concurrent Mark Try Flush                     0.000 / 0.000         0.000 / 0.000         0.057 / 0.108         0.057 / 0.108       ms
[2023-11-19T17:17:25.501+0800][gc,stats    ]    Subphase: Concurrent Mark Try Terminate                 0.000 / 0.000         0.000 / 0.000         1.420 / 4.236         1.420 / 4.236       ms
[2023-11-19T17:17:25.501+0800][gc,stats    ]    Subphase: Concurrent References Enqueue                 0.000 / 0.000         0.000 / 0.000         0.004 / 0.004         0.004 / 0.004       ms
[2023-11-19T17:17:25.501+0800][gc,stats    ]    Subphase: Concurrent References Process                 0.000 / 0.000         0.000 / 0.000         0.090 / 0.101         0.090 / 0.101       ms
[2023-11-19T17:17:25.502+0800][gc,stats    ]    Subphase: Concurrent Roots ClassLoaderDataGraph         0.000 / 0.000         0.000 / 0.000         0.103 / 0.506         0.103 / 0.506       ms
[2023-11-19T17:17:25.502+0800][gc,stats    ]    Subphase: Concurrent Roots CodeCache                    0.000 / 0.000         0.000 / 0.000         0.000 / 0.000         0.000 / 0.000       ms
[2023-11-19T17:17:25.502+0800][gc,stats    ]    Subphase: Concurrent Roots JavaThreads                  0.000 / 0.000         0.000 / 0.000         1.129 / 2.106         1.129 / 2.106       ms
[2023-11-19T17:17:25.502+0800][gc,stats    ]    Subphase: Concurrent Roots OopStorageSet                0.000 / 0.000         0.000 / 0.000         0.036 / 0.058         0.036 / 0.058       ms
[2023-11-19T17:17:25.502+0800][gc,stats    ]    Subphase: Concurrent Weak Roots OopStorageSet           0.000 / 0.000         0.000 / 0.000         0.328 / 0.486         0.328 / 0.486       ms
[2023-11-19T17:17:25.502+0800][gc,stats    ]    Subphase: Pause Mark Try Complete                       0.000 / 0.000         0.000 / 0.000         0.000 / 0.000         0.000 / 0.000       ms
[2023-11-19T17:17:25.502+0800][gc,stats    ]      System: Java Threads                                      0 / 0                 0 / 0                39 / 54               39 / 54          threads
[2023-11-19T17:17:25.502+0800][gc,stats    ] =========================================================================================================================================================
[2023-11-19T17:17:35.501+0800][gc,stats    ] === Garbage Collection Statistics =======================================================================================================================
[2023-11-19T17:17:35.501+0800][gc,stats    ]                                                              Last 10s              Last 10m              Last 10h                Total
[2023-11-19T17:17:35.501+0800][gc,stats    ]                                                              Avg / Max             Avg / Max             Avg / Max             Avg / Max
[2023-11-19T17:17:35.501+0800][gc,stats    ]   Collector: Garbage Collection Cycle                      0.000 / 0.000         0.000 / 0.000        23.723 / 25.775       23.723 / 25.775      ms
[2023-11-19T17:17:35.501+0800][gc,stats    ]  Contention: Mark Segment Reset Contention                     0 / 0                 0 / 0                 0 / 3                 0 / 3           ops/s
[2023-11-19T17:17:35.501+0800][gc,stats    ]  Contention: Mark SeqNum Reset Contention                      0 / 0                 0 / 0                 0 / 0                 0 / 0           ops/s
[2023-11-19T17:17:35.501+0800][gc,stats    ]    Critical: Allocation Stall                                  0 / 0                 0 / 0                 0 / 0                 0 / 0           ops/s
[2023-11-19T17:17:35.501+0800][gc,stats    ]    Critical: Allocation Stall                              0.000 / 0.000         0.000 / 0.000         0.000 / 0.000         0.000 / 0.000       ms
[2023-11-19T17:17:35.501+0800][gc,stats    ]    Critical: GC Locker Stall                                   0 / 0                 0 / 0                 0 / 0                 0 / 0           ops/s
[2023-11-19T17:17:35.501+0800][gc,stats    ]    Critical: GC Locker Stall                               0.000 / 0.000         0.000 / 0.000         0.000 / 0.000         0.000 / 0.000       ms
[2023-11-19T17:17:35.501+0800][gc,stats    ]    Critical: Relocation Stall                                  0 / 0                 0 / 0                 0 / 0                 0 / 0           ops/s
[2023-11-19T17:17:35.501+0800][gc,stats    ]    Critical: Relocation Stall                              0.000 / 0.000         0.000 / 0.000         0.000 / 0.000         0.000 / 0.000       ms
[2023-11-19T17:17:35.501+0800][gc,stats    ]      Memory: Allocation Rate                                   0 / 0                 0 / 4                 0 / 104               0 / 104         MB/s
[2023-11-19T17:17:35.501+0800][gc,stats    ]      Memory: Defragment                                        0 / 0                 0 / 0                 0 / 0                 0 / 0           ops/s
[2023-11-19T17:17:35.501+0800][gc,stats    ]      Memory: Out Of Memory                                     0 / 0                 0 / 0                 0 / 0                 0 / 0           ops/s
[2023-11-19T17:17:35.501+0800][gc,stats    ]      Memory: Page Cache Flush                                  0 / 0                 0 / 0                 0 / 0                 0 / 0           MB/s
[2023-11-19T17:17:35.501+0800][gc,stats    ]      Memory: Page Cache Hit L1                                 0 / 0                 0 / 0                 0 / 29                0 / 29          ops/s
[2023-11-19T17:17:35.501+0800][gc,stats    ]      Memory: Page Cache Hit L2                                 0 / 0                 0 / 0                 0 / 0                 0 / 0           ops/s
[2023-11-19T17:17:35.501+0800][gc,stats    ]      Memory: Page Cache Hit L3                                 0 / 0                 0 / 2                 0 / 48                0 / 48          ops/s
[2023-11-19T17:17:35.501+0800][gc,stats    ]      Memory: Page Cache Miss                                   0 / 0                 0 / 0                 0 / 1                 0 / 1           ops/s
[2023-11-19T17:17:35.501+0800][gc,stats    ]      Memory: Uncommit                                          0 / 0                 0 / 0                 0 / 0                 0 / 0           MB/s
[2023-11-19T17:17:35.501+0800][gc,stats    ]      Memory: Undo Object Allocation Failed                     0 / 0                 0 / 0                 0 / 0                 0 / 0           ops/s
[2023-11-19T17:17:35.501+0800][gc,stats    ]      Memory: Undo Object Allocation Succeeded                  0 / 0                 0 / 0                 0 / 0                 0 / 0           ops/s
[2023-11-19T17:17:35.501+0800][gc,stats    ]      Memory: Undo Page Allocation                              0 / 0                 0 / 0                 0 / 0                 0 / 0           ops/s
[2023-11-19T17:17:35.501+0800][gc,stats    ]       Phase: Concurrent Mark                               0.000 / 0.000         0.000 / 0.000        13.801 / 15.394       13.801 / 15.394      ms
[2023-11-19T17:17:35.501+0800][gc,stats    ]       Phase: Concurrent Mark Continue                      0.000 / 0.000         0.000 / 0.000         0.000 / 0.000         0.000 / 0.000       ms
[2023-11-19T17:17:35.501+0800][gc,stats    ]       Phase: Concurrent Mark Free                          0.000 / 0.000         0.000 / 0.000         0.001 / 0.001         0.001 / 0.001       ms
[2023-11-19T17:17:35.501+0800][gc,stats    ]       Phase: Concurrent Process Non-Strong References      0.000 / 0.000         0.000 / 0.000         1.810 / 1.931         1.810 / 1.931       ms
[2023-11-19T17:17:35.501+0800][gc,stats    ]       Phase: Concurrent Relocate                           0.000 / 0.000         0.000 / 0.000         2.671 / 3.187         2.671 / 3.187       ms
[2023-11-19T17:17:35.501+0800][gc,stats    ]       Phase: Concurrent Reset Relocation Set               0.000 / 0.000         0.000 / 0.000         0.001 / 0.003         0.001 / 0.003       ms
[2023-11-19T17:17:35.501+0800][gc,stats    ]       Phase: Concurrent Select Relocation Set              0.000 / 0.000         0.000 / 0.000         4.627 / 7.839         4.627 / 7.839       ms
[2023-11-19T17:17:35.501+0800][gc,stats    ]       Phase: Pause Mark End                                0.000 / 0.000         0.000 / 0.000         0.016 / 0.018         0.016 / 0.018       ms
[2023-11-19T17:17:35.501+0800][gc,stats    ]       Phase: Pause Mark Start                              0.000 / 0.000         0.000 / 0.000         0.013 / 0.019         0.013 / 0.019       ms
[2023-11-19T17:17:35.501+0800][gc,stats    ]       Phase: Pause Relocate Start                          0.000 / 0.000         0.000 / 0.000         0.008 / 0.009         0.008 / 0.009       ms
[2023-11-19T17:17:35.501+0800][gc,stats    ]    Subphase: Concurrent Classes Purge                      0.000 / 0.000         0.000 / 0.000         0.047 / 0.049         0.047 / 0.049       ms
[2023-11-19T17:17:35.501+0800][gc,stats    ]    Subphase: Concurrent Classes Unlink                     0.000 / 0.000         0.000 / 0.000         1.263 / 1.295         1.263 / 1.295       ms
[2023-11-19T17:17:35.501+0800][gc,stats    ]    Subphase: Concurrent Mark                               0.000 / 0.000         0.000 / 0.000        11.825 / 13.159       11.825 / 13.159      ms
[2023-11-19T17:17:35.501+0800][gc,stats    ]    Subphase: Concurrent Mark Try Flush                     0.000 / 0.000         0.000 / 0.000         0.057 / 0.108         0.057 / 0.108       ms
[2023-11-19T17:17:35.501+0800][gc,stats    ]    Subphase: Concurrent Mark Try Terminate                 0.000 / 0.000         0.000 / 0.000         1.420 / 4.236         1.420 / 4.236       ms
[2023-11-19T17:17:35.501+0800][gc,stats    ]    Subphase: Concurrent References Enqueue                 0.000 / 0.000         0.000 / 0.000         0.004 / 0.004         0.004 / 0.004       ms
[2023-11-19T17:17:35.501+0800][gc,stats    ]    Subphase: Concurrent References Process                 0.000 / 0.000         0.000 / 0.000         0.090 / 0.101         0.090 / 0.101       ms
[2023-11-19T17:17:35.501+0800][gc,stats    ]    Subphase: Concurrent Roots ClassLoaderDataGraph         0.000 / 0.000         0.000 / 0.000         0.103 / 0.506         0.103 / 0.506       ms
[2023-11-19T17:17:35.501+0800][gc,stats    ]    Subphase: Concurrent Roots CodeCache                    0.000 / 0.000         0.000 / 0.000         0.000 / 0.000         0.000 / 0.000       ms
[2023-11-19T17:17:35.501+0800][gc,stats    ]    Subphase: Concurrent Roots JavaThreads                  0.000 / 0.000         0.000 / 0.000         1.129 / 2.106         1.129 / 2.106       ms
[2023-11-19T17:17:35.501+0800][gc,stats    ]    Subphase: Concurrent Roots OopStorageSet                0.000 / 0.000         0.000 / 0.000         0.036 / 0.058         0.036 / 0.058       ms
[2023-11-19T17:17:35.501+0800][gc,stats    ]    Subphase: Concurrent Weak Roots OopStorageSet           0.000 / 0.000         0.000 / 0.000         0.328 / 0.486         0.328 / 0.486       ms
[2023-11-19T17:17:35.501+0800][gc,stats    ]    Subphase: Pause Mark Try Complete                       0.000 / 0.000         0.000 / 0.000         0.000 / 0.000         0.000 / 0.000       ms
[2023-11-19T17:17:35.501+0800][gc,stats    ]      System: Java Threads                                      0 / 0                 0 / 0                39 / 54               39 / 54          threads
[2023-11-19T17:17:35.501+0800][gc,stats    ] =========================================================================================================================================================
[2023-11-19T17:17:45.501+0800][gc,stats    ] === Garbage Collection Statistics =======================================================================================================================
[2023-11-19T17:17:45.501+0800][gc,stats    ]                                                              Last 10s              Last 10m              Last 10h                Total
[2023-11-19T17:17:45.501+0800][gc,stats    ]                                                              Avg / Max             Avg / Max             Avg / Max             Avg / Max
[2023-11-19T17:17:45.501+0800][gc,stats    ]   Collector: Garbage Collection Cycle                      0.000 / 0.000         0.000 / 0.000        23.723 / 25.775       23.723 / 25.775      ms
[2023-11-19T17:17:45.501+0800][gc,stats    ]  Contention: Mark Segment Reset Contention                     0 / 0                 0 / 0                 0 / 3                 0 / 3           ops/s
[2023-11-19T17:17:45.501+0800][gc,stats    ]  Contention: Mark SeqNum Reset Contention                      0 / 0                 0 / 0                 0 / 0                 0 / 0           ops/s
[2023-11-19T17:17:45.501+0800][gc,stats    ]    Critical: Allocation Stall                                  0 / 0                 0 / 0                 0 / 0                 0 / 0           ops/s
[2023-11-19T17:17:45.501+0800][gc,stats    ]    Critical: Allocation Stall                              0.000 / 0.000         0.000 / 0.000         0.000 / 0.000         0.000 / 0.000       ms
[2023-11-19T17:17:45.501+0800][gc,stats    ]    Critical: GC Locker Stall                                   0 / 0                 0 / 0                 0 / 0                 0 / 0           ops/s
[2023-11-19T17:17:45.501+0800][gc,stats    ]    Critical: GC Locker Stall                               0.000 / 0.000         0.000 / 0.000         0.000 / 0.000         0.000 / 0.000       ms
[2023-11-19T17:17:45.501+0800][gc,stats    ]    Critical: Relocation Stall                                  0 / 0                 0 / 0                 0 / 0                 0 / 0           ops/s
[2023-11-19T17:17:45.501+0800][gc,stats    ]    Critical: Relocation Stall                              0.000 / 0.000         0.000 / 0.000         0.000 / 0.000         0.000 / 0.000       ms
[2023-11-19T17:17:45.501+0800][gc,stats    ]      Memory: Allocation Rate                                   0 / 2                 0 / 4                 0 / 104               0 / 104         MB/s
[2023-11-19T17:17:45.501+0800][gc,stats    ]      Memory: Defragment                                        0 / 0                 0 / 0                 0 / 0                 0 / 0           ops/s
[2023-11-19T17:17:45.501+0800][gc,stats    ]      Memory: Out Of Memory                                     0 / 0                 0 / 0                 0 / 0                 0 / 0           ops/s
[2023-11-19T17:17:45.501+0800][gc,stats    ]      Memory: Page Cache Flush                                  0 / 0                 0 / 0                 0 / 0                 0 / 0           MB/s
[2023-11-19T17:17:45.501+0800][gc,stats    ]      Memory: Page Cache Hit L1                                 0 / 0                 0 / 0                 0 / 29                0 / 29          ops/s
[2023-11-19T17:17:45.501+0800][gc,stats    ]      Memory: Page Cache Hit L2                                 0 / 0                 0 / 0                 0 / 0                 0 / 0           ops/s
[2023-11-19T17:17:45.501+0800][gc,stats    ]      Memory: Page Cache Hit L3                                 0 / 1                 0 / 2                 0 / 48                0 / 48          ops/s
[2023-11-19T17:17:45.501+0800][gc,stats    ]      Memory: Page Cache Miss                                   0 / 0                 0 / 0                 0 / 1                 0 / 1           ops/s
[2023-11-19T17:17:45.501+0800][gc,stats    ]      Memory: Uncommit                                          0 / 0                 0 / 0                 0 / 0                 0 / 0           MB/s
[2023-11-19T17:17:45.501+0800][gc,stats    ]      Memory: Undo Object Allocation Failed                     0 / 0                 0 / 0                 0 / 0                 0 / 0           ops/s
[2023-11-19T17:17:45.501+0800][gc,stats    ]      Memory: Undo Object Allocation Succeeded                  0 / 0                 0 / 0                 0 / 0                 0 / 0           ops/s
[2023-11-19T17:17:45.501+0800][gc,stats    ]      Memory: Undo Page Allocation                              0 / 0                 0 / 0                 0 / 0                 0 / 0           ops/s
[2023-11-19T17:17:45.501+0800][gc,stats    ]       Phase: Concurrent Mark                               0.000 / 0.000         0.000 / 0.000        13.801 / 15.394       13.801 / 15.394      ms
[2023-11-19T17:17:45.501+0800][gc,stats    ]       Phase: Concurrent Mark Continue                      0.000 / 0.000         0.000 / 0.000         0.000 / 0.000         0.000 / 0.000       ms
[2023-11-19T17:17:45.501+0800][gc,stats    ]       Phase: Concurrent Mark Free                          0.000 / 0.000         0.000 / 0.000         0.001 / 0.001         0.001 / 0.001       ms
[2023-11-19T17:17:45.501+0800][gc,stats    ]       Phase: Concurrent Process Non-Strong References      0.000 / 0.000         0.000 / 0.000         1.810 / 1.931         1.810 / 1.931       ms
[2023-11-19T17:17:45.501+0800][gc,stats    ]       Phase: Concurrent Relocate                           0.000 / 0.000         0.000 / 0.000         2.671 / 3.187         2.671 / 3.187       ms
[2023-11-19T17:17:45.501+0800][gc,stats    ]       Phase: Concurrent Reset Relocation Set               0.000 / 0.000         0.000 / 0.000         0.001 / 0.003         0.001 / 0.003       ms
[2023-11-19T17:17:45.501+0800][gc,stats    ]       Phase: Concurrent Select Relocation Set              0.000 / 0.000         0.000 / 0.000         4.627 / 7.839         4.627 / 7.839       ms
[2023-11-19T17:17:45.501+0800][gc,stats    ]       Phase: Pause Mark End                                0.000 / 0.000         0.000 / 0.000         0.016 / 0.018         0.016 / 0.018       ms
[2023-11-19T17:17:45.501+0800][gc,stats    ]       Phase: Pause Mark Start                              0.000 / 0.000         0.000 / 0.000         0.013 / 0.019         0.013 / 0.019       ms
[2023-11-19T17:17:45.501+0800][gc,stats    ]       Phase: Pause Relocate Start                          0.000 / 0.000         0.000 / 0.000         0.008 / 0.009         0.008 / 0.009       ms
[2023-11-19T17:17:45.501+0800][gc,stats    ]    Subphase: Concurrent Classes Purge                      0.000 / 0.000         0.000 / 0.000         0.047 / 0.049         0.047 / 0.049       ms
[2023-11-19T17:17:45.501+0800][gc,stats    ]    Subphase: Concurrent Classes Unlink                     0.000 / 0.000         0.000 / 0.000         1.263 / 1.295         1.263 / 1.295       ms
[2023-11-19T17:17:45.501+0800][gc,stats    ]    Subphase: Concurrent Mark                               0.000 / 0.000         0.000 / 0.000        11.825 / 13.159       11.825 / 13.159      ms
[2023-11-19T17:17:45.501+0800][gc,stats    ]    Subphase: Concurrent Mark Try Flush                     0.000 / 0.000         0.000 / 0.000         0.057 / 0.108         0.057 / 0.108       ms
[2023-11-19T17:17:45.501+0800][gc,stats    ]    Subphase: Concurrent Mark Try Terminate                 0.000 / 0.000         0.000 / 0.000         1.420 / 4.236         1.420 / 4.236       ms
[2023-11-19T17:17:45.501+0800][gc,stats    ]    Subphase: Concurrent References Enqueue                 0.000 / 0.000         0.000 / 0.000         0.004 / 0.004         0.004 / 0.004       ms
[2023-11-19T17:17:45.501+0800][gc,stats    ]    Subphase: Concurrent References Process                 0.000 / 0.000         0.000 / 0.000         0.090 / 0.101         0.090 / 0.101       ms
[2023-11-19T17:17:45.501+0800][gc,stats    ]    Subphase: Concurrent Roots ClassLoaderDataGraph         0.000 / 0.000         0.000 / 0.000         0.103 / 0.506         0.103 / 0.506       ms
[2023-11-19T17:17:45.501+0800][gc,stats    ]    Subphase: Concurrent Roots CodeCache                    0.000 / 0.000         0.000 / 0.000         0.000 / 0.000         0.000 / 0.000       ms
[2023-11-19T17:17:45.501+0800][gc,stats    ]    Subphase: Concurrent Roots JavaThreads                  0.000 / 0.000         0.000 / 0.000         1.129 / 2.106         1.129 / 2.106       ms
[2023-11-19T17:17:45.501+0800][gc,stats    ]    Subphase: Concurrent Roots OopStorageSet                0.000 / 0.000         0.000 / 0.000         0.036 / 0.058         0.036 / 0.058       ms
[2023-11-19T17:17:45.501+0800][gc,stats    ]    Subphase: Concurrent Weak Roots OopStorageSet           0.000 / 0.000         0.000 / 0.000         0.328 / 0.486         0.328 / 0.486       ms
[2023-11-19T17:17:45.502+0800][gc,stats    ]    Subphase: Pause Mark Try Complete                       0.000 / 0.000         0.000 / 0.000         0.000 / 0.000         0.000 / 0.000       ms
[2023-11-19T17:17:45.502+0800][gc,stats    ]      System: Java Threads                                      0 / 0                 0 / 0                39 / 54               39 / 54          threads
[2023-11-19T17:17:45.502+0800][gc,stats    ] =========================================================================================================================================================
[2023-11-19T17:17:55.501+0800][gc,stats    ] === Garbage Collection Statistics =======================================================================================================================
[2023-11-19T17:17:55.501+0800][gc,stats    ]                                                              Last 10s              Last 10m              Last 10h                Total
[2023-11-19T17:17:55.501+0800][gc,stats    ]                                                              Avg / Max             Avg / Max             Avg / Max             Avg / Max
[2023-11-19T17:17:55.501+0800][gc,stats    ]   Collector: Garbage Collection Cycle                      0.000 / 0.000         0.000 / 0.000        23.723 / 25.775       23.723 / 25.775      ms
[2023-11-19T17:17:55.501+0800][gc,stats    ]  Contention: Mark Segment Reset Contention                     0 / 0                 0 / 0                 0 / 3                 0 / 3           ops/s
[2023-11-19T17:17:55.501+0800][gc,stats    ]  Contention: Mark SeqNum Reset Contention                      0 / 0                 0 / 0                 0 / 0                 0 / 0           ops/s
[2023-11-19T17:17:55.501+0800][gc,stats    ]    Critical: Allocation Stall                                  0 / 0                 0 / 0                 0 / 0                 0 / 0           ops/s
[2023-11-19T17:17:55.501+0800][gc,stats    ]    Critical: Allocation Stall                              0.000 / 0.000         0.000 / 0.000         0.000 / 0.000         0.000 / 0.000       ms
[2023-11-19T17:17:55.501+0800][gc,stats    ]    Critical: GC Locker Stall                                   0 / 0                 0 / 0                 0 / 0                 0 / 0           ops/s
[2023-11-19T17:17:55.501+0800][gc,stats    ]    Critical: GC Locker Stall                               0.000 / 0.000         0.000 / 0.000         0.000 / 0.000         0.000 / 0.000       ms
[2023-11-19T17:17:55.501+0800][gc,stats    ]    Critical: Relocation Stall                                  0 / 0                 0 / 0                 0 / 0                 0 / 0           ops/s
[2023-11-19T17:17:55.501+0800][gc,stats    ]    Critical: Relocation Stall                              0.000 / 0.000         0.000 / 0.000         0.000 / 0.000         0.000 / 0.000       ms
[2023-11-19T17:17:55.501+0800][gc,stats    ]      Memory: Allocation Rate                                   0 / 2                 0 / 4                 0 / 104               0 / 104         MB/s
[2023-11-19T17:17:55.501+0800][gc,stats    ]      Memory: Defragment                                        0 / 0                 0 / 0                 0 / 0                 0 / 0           ops/s
[2023-11-19T17:17:55.501+0800][gc,stats    ]      Memory: Out Of Memory                                     0 / 0                 0 / 0                 0 / 0                 0 / 0           ops/s
[2023-11-19T17:17:55.501+0800][gc,stats    ]      Memory: Page Cache Flush                                  0 / 0                 0 / 0                 0 / 0                 0 / 0           MB/s
[2023-11-19T17:17:55.501+0800][gc,stats    ]      Memory: Page Cache Hit L1                                 0 / 0                 0 / 0                 0 / 29                0 / 29          ops/s
[2023-11-19T17:17:55.501+0800][gc,stats    ]      Memory: Page Cache Hit L2                                 0 / 0                 0 / 0                 0 / 0                 0 / 0           ops/s
[2023-11-19T17:17:55.501+0800][gc,stats    ]      Memory: Page Cache Hit L3                                 0 / 1                 0 / 2                 0 / 48                0 / 48          ops/s
[2023-11-19T17:17:55.501+0800][gc,stats    ]      Memory: Page Cache Miss                                   0 / 0                 0 / 0                 0 / 1                 0 / 1           ops/s
[2023-11-19T17:17:55.501+0800][gc,stats    ]      Memory: Uncommit                                          0 / 0                 0 / 0                 0 / 0                 0 / 0           MB/s
[2023-11-19T17:17:55.501+0800][gc,stats    ]      Memory: Undo Object Allocation Failed                     0 / 0                 0 / 0                 0 / 0                 0 / 0           ops/s
[2023-11-19T17:17:55.501+0800][gc,stats    ]      Memory: Undo Object Allocation Succeeded                  0 / 0                 0 / 0                 0 / 0                 0 / 0           ops/s
[2023-11-19T17:17:55.501+0800][gc,stats    ]      Memory: Undo Page Allocation                              0 / 0                 0 / 0                 0 / 0                 0 / 0           ops/s
[2023-11-19T17:17:55.501+0800][gc,stats    ]       Phase: Concurrent Mark                               0.000 / 0.000         0.000 / 0.000        13.801 / 15.394       13.801 / 15.394      ms
[2023-11-19T17:17:55.501+0800][gc,stats    ]       Phase: Concurrent Mark Continue                      0.000 / 0.000         0.000 / 0.000         0.000 / 0.000         0.000 / 0.000       ms
[2023-11-19T17:17:55.501+0800][gc,stats    ]       Phase: Concurrent Mark Free                          0.000 / 0.000         0.000 / 0.000         0.001 / 0.001         0.001 / 0.001       ms
[2023-11-19T17:17:55.501+0800][gc,stats    ]       Phase: Concurrent Process Non-Strong References      0.000 / 0.000         0.000 / 0.000         1.810 / 1.931         1.810 / 1.931       ms
[2023-11-19T17:17:55.501+0800][gc,stats    ]       Phase: Concurrent Relocate                           0.000 / 0.000         0.000 / 0.000         2.671 / 3.187         2.671 / 3.187       ms
[2023-11-19T17:17:55.501+0800][gc,stats    ]       Phase: Concurrent Reset Relocation Set               0.000 / 0.000         0.000 / 0.000         0.001 / 0.003         0.001 / 0.003       ms
[2023-11-19T17:17:55.501+0800][gc,stats    ]       Phase: Concurrent Select Relocation Set              0.000 / 0.000         0.000 / 0.000         4.627 / 7.839         4.627 / 7.839       ms
[2023-11-19T17:17:55.501+0800][gc,stats    ]       Phase: Pause Mark End                                0.000 / 0.000         0.000 / 0.000         0.016 / 0.018         0.016 / 0.018       ms
[2023-11-19T17:17:55.501+0800][gc,stats    ]       Phase: Pause Mark Start                              0.000 / 0.000         0.000 / 0.000         0.013 / 0.019         0.013 / 0.019       ms
[2023-11-19T17:17:55.501+0800][gc,stats    ]       Phase: Pause Relocate Start                          0.000 / 0.000         0.000 / 0.000         0.008 / 0.009         0.008 / 0.009       ms
[2023-11-19T17:17:55.501+0800][gc,stats    ]    Subphase: Concurrent Classes Purge                      0.000 / 0.000         0.000 / 0.000         0.047 / 0.049         0.047 / 0.049       ms
[2023-11-19T17:17:55.501+0800][gc,stats    ]    Subphase: Concurrent Classes Unlink                     0.000 / 0.000         0.000 / 0.000         1.263 / 1.295         1.263 / 1.295       ms
[2023-11-19T17:17:55.501+0800][gc,stats    ]    Subphase: Concurrent Mark                               0.000 / 0.000         0.000 / 0.000        11.825 / 13.159       11.825 / 13.159      ms
[2023-11-19T17:17:55.501+0800][gc,stats    ]    Subphase: Concurrent Mark Try Flush                     0.000 / 0.000         0.000 / 0.000         0.057 / 0.108         0.057 / 0.108       ms
[2023-11-19T17:17:55.501+0800][gc,stats    ]    Subphase: Concurrent Mark Try Terminate                 0.000 / 0.000         0.000 / 0.000         1.420 / 4.236         1.420 / 4.236       ms
[2023-11-19T17:17:55.501+0800][gc,stats    ]    Subphase: Concurrent References Enqueue                 0.000 / 0.000         0.000 / 0.000         0.004 / 0.004         0.004 / 0.004       ms
[2023-11-19T17:17:55.501+0800][gc,stats    ]    Subphase: Concurrent References Process                 0.000 / 0.000         0.000 / 0.000         0.090 / 0.101         0.090 / 0.101       ms
[2023-11-19T17:17:55.501+0800][gc,stats    ]    Subphase: Concurrent Roots ClassLoaderDataGraph         0.000 / 0.000         0.000 / 0.000         0.103 / 0.506         0.103 / 0.506       ms
[2023-11-19T17:17:55.501+0800][gc,stats    ]    Subphase: Concurrent Roots CodeCache                    0.000 / 0.000         0.000 / 0.000         0.000 / 0.000         0.000 / 0.000       ms
[2023-11-19T17:17:55.501+0800][gc,stats    ]    Subphase: Concurrent Roots JavaThreads                  0.000 / 0.000         0.000 / 0.000         1.129 / 2.106         1.129 / 2.106       ms
[2023-11-19T17:17:55.501+0800][gc,stats    ]    Subphase: Concurrent Roots OopStorageSet                0.000 / 0.000         0.000 / 0.000         0.036 / 0.058         0.036 / 0.058       ms
[2023-11-19T17:17:55.501+0800][gc,stats    ]    Subphase: Concurrent Weak Roots OopStorageSet           0.000 / 0.000         0.000 / 0.000         0.328 / 0.486         0.328 / 0.486       ms
[2023-11-19T17:17:55.501+0800][gc,stats    ]    Subphase: Pause Mark Try Complete                       0.000 / 0.000         0.000 / 0.000         0.000 / 0.000         0.000 / 0.000       ms
[2023-11-19T17:17:55.501+0800][gc,stats    ]      System: Java Threads                                      0 / 0                 0 / 0                39 / 54               39 / 54          threads
[2023-11-19T17:17:55.501+0800][gc,stats    ] =========================================================================================================================================================
[2023-11-19T17:18:05.501+0800][gc,stats    ] === Garbage Collection Statistics =======================================================================================================================
[2023-11-19T17:18:05.501+0800][gc,stats    ]                                                              Last 10s              Last 10m              Last 10h                Total
[2023-11-19T17:18:05.501+0800][gc,stats    ]                                                              Avg / Max             Avg / Max             Avg / Max             Avg / Max
[2023-11-19T17:18:05.501+0800][gc,stats    ]   Collector: Garbage Collection Cycle                      0.000 / 0.000         0.000 / 0.000        23.723 / 25.775       23.723 / 25.775      ms
[2023-11-19T17:18:05.501+0800][gc,stats    ]  Contention: Mark Segment Reset Contention                     0 / 0                 0 / 0                 0 / 3                 0 / 3           ops/s
[2023-11-19T17:18:05.501+0800][gc,stats    ]  Contention: Mark SeqNum Reset Contention                      0 / 0                 0 / 0                 0 / 0                 0 / 0           ops/s
[2023-11-19T17:18:05.501+0800][gc,stats    ]    Critical: Allocation Stall                                  0 / 0                 0 / 0                 0 / 0                 0 / 0           ops/s
[2023-11-19T17:18:05.501+0800][gc,stats    ]    Critical: Allocation Stall                              0.000 / 0.000         0.000 / 0.000         0.000 / 0.000         0.000 / 0.000       ms
[2023-11-19T17:18:05.501+0800][gc,stats    ]    Critical: GC Locker Stall                                   0 / 0                 0 / 0                 0 / 0                 0 / 0           ops/s
[2023-11-19T17:18:05.501+0800][gc,stats    ]    Critical: GC Locker Stall                               0.000 / 0.000         0.000 / 0.000         0.000 / 0.000         0.000 / 0.000       ms
[2023-11-19T17:18:05.501+0800][gc,stats    ]    Critical: Relocation Stall                                  0 / 0                 0 / 0                 0 / 0                 0 / 0           ops/s
[2023-11-19T17:18:05.501+0800][gc,stats    ]    Critical: Relocation Stall                              0.000 / 0.000         0.000 / 0.000         0.000 / 0.000         0.000 / 0.000       ms
[2023-11-19T17:18:05.501+0800][gc,stats    ]      Memory: Allocation Rate                                   0 / 0                 0 / 4                 0 / 104               0 / 104         MB/s
[2023-11-19T17:18:05.501+0800][gc,stats    ]      Memory: Defragment                                        0 / 0                 0 / 0                 0 / 0                 0 / 0           ops/s
[2023-11-19T17:18:05.501+0800][gc,stats    ]      Memory: Out Of Memory                                     0 / 0                 0 / 0                 0 / 0                 0 / 0           ops/s
[2023-11-19T17:18:05.501+0800][gc,stats    ]      Memory: Page Cache Flush                                  0 / 0                 0 / 0                 0 / 0                 0 / 0           MB/s
[2023-11-19T17:18:05.501+0800][gc,stats    ]      Memory: Page Cache Hit L1                                 0 / 0                 0 / 0                 0 / 29                0 / 29          ops/s
[2023-11-19T17:18:05.501+0800][gc,stats    ]      Memory: Page Cache Hit L2                                 0 / 0                 0 / 0                 0 / 0                 0 / 0           ops/s
[2023-11-19T17:18:05.501+0800][gc,stats    ]      Memory: Page Cache Hit L3                                 0 / 0                 0 / 2                 0 / 48                0 / 48          ops/s
[2023-11-19T17:18:05.501+0800][gc,stats    ]      Memory: Page Cache Miss                                   0 / 0                 0 / 0                 0 / 1                 0 / 1           ops/s
[2023-11-19T17:18:05.501+0800][gc,stats    ]      Memory: Uncommit                                          0 / 0                 0 / 0                 0 / 0                 0 / 0           MB/s
[2023-11-19T17:18:05.501+0800][gc,stats    ]      Memory: Undo Object Allocation Failed                     0 / 0                 0 / 0                 0 / 0                 0 / 0           ops/s
[2023-11-19T17:18:05.501+0800][gc,stats    ]      Memory: Undo Object Allocation Succeeded                  0 / 0                 0 / 0                 0 / 0                 0 / 0           ops/s
[2023-11-19T17:18:05.501+0800][gc,stats    ]      Memory: Undo Page Allocation                              0 / 0                 0 / 0                 0 / 0                 0 / 0           ops/s
[2023-11-19T17:18:05.501+0800][gc,stats    ]       Phase: Concurrent Mark                               0.000 / 0.000         0.000 / 0.000        13.801 / 15.394       13.801 / 15.394      ms
[2023-11-19T17:18:05.501+0800][gc,stats    ]       Phase: Concurrent Mark Continue                      0.000 / 0.000         0.000 / 0.000         0.000 / 0.000         0.000 / 0.000       ms
[2023-11-19T17:18:05.501+0800][gc,stats    ]       Phase: Concurrent Mark Free                          0.000 / 0.000         0.000 / 0.000         0.001 / 0.001         0.001 / 0.001       ms
[2023-11-19T17:18:05.501+0800][gc,stats    ]       Phase: Concurrent Process Non-Strong References      0.000 / 0.000         0.000 / 0.000         1.810 / 1.931         1.810 / 1.931       ms
[2023-11-19T17:18:05.501+0800][gc,stats    ]       Phase: Concurrent Relocate                           0.000 / 0.000         0.000 / 0.000         2.671 / 3.187         2.671 / 3.187       ms
[2023-11-19T17:18:05.501+0800][gc,stats    ]       Phase: Concurrent Reset Relocation Set               0.000 / 0.000         0.000 / 0.000         0.001 / 0.003         0.001 / 0.003       ms
[2023-11-19T17:18:05.501+0800][gc,stats    ]       Phase: Concurrent Select Relocation Set              0.000 / 0.000         0.000 / 0.000         4.627 / 7.839         4.627 / 7.839       ms
[2023-11-19T17:18:05.501+0800][gc,stats    ]       Phase: Pause Mark End                                0.000 / 0.000         0.000 / 0.000         0.016 / 0.018         0.016 / 0.018       ms
[2023-11-19T17:18:05.501+0800][gc,stats    ]       Phase: Pause Mark Start                              0.000 / 0.000         0.000 / 0.000         0.013 / 0.019         0.013 / 0.019       ms
[2023-11-19T17:18:05.501+0800][gc,stats    ]       Phase: Pause Relocate Start                          0.000 / 0.000         0.000 / 0.000         0.008 / 0.009         0.008 / 0.009       ms
[2023-11-19T17:18:05.501+0800][gc,stats    ]    Subphase: Concurrent Classes Purge                      0.000 / 0.000         0.000 / 0.000         0.047 / 0.049         0.047 / 0.049       ms
[2023-11-19T17:18:05.501+0800][gc,stats    ]    Subphase: Concurrent Classes Unlink                     0.000 / 0.000         0.000 / 0.000         1.263 / 1.295         1.263 / 1.295       ms
[2023-11-19T17:18:05.501+0800][gc,stats    ]    Subphase: Concurrent Mark                               0.000 / 0.000         0.000 / 0.000        11.825 / 13.159       11.825 / 13.159      ms
[2023-11-19T17:18:05.501+0800][gc,stats    ]    Subphase: Concurrent Mark Try Flush                     0.000 / 0.000         0.000 / 0.000         0.057 / 0.108         0.057 / 0.108       ms
[2023-11-19T17:18:05.501+0800][gc,stats    ]    Subphase: Concurrent Mark Try Terminate                 0.000 / 0.000         0.000 / 0.000         1.420 / 4.236         1.420 / 4.236       ms
[2023-11-19T17:18:05.501+0800][gc,stats    ]    Subphase: Concurrent References Enqueue                 0.000 / 0.000         0.000 / 0.000         0.004 / 0.004         0.004 / 0.004       ms
[2023-11-19T17:18:05.501+0800][gc,stats    ]    Subphase: Concurrent References Process                 0.000 / 0.000         0.000 / 0.000         0.090 / 0.101         0.090 / 0.101       ms
[2023-11-19T17:18:05.501+0800][gc,stats    ]    Subphase: Concurrent Roots ClassLoaderDataGraph         0.000 / 0.000         0.000 / 0.000         0.103 / 0.506         0.103 / 0.506       ms
[2023-11-19T17:18:05.501+0800][gc,stats    ]    Subphase: Concurrent Roots CodeCache                    0.000 / 0.000         0.000 / 0.000         0.000 / 0.000         0.000 / 0.000       ms
[2023-11-19T17:18:05.501+0800][gc,stats    ]    Subphase: Concurrent Roots JavaThreads                  0.000 / 0.000         0.000 / 0.000         1.129 / 2.106         1.129 / 2.106       ms
[2023-11-19T17:18:05.501+0800][gc,stats    ]    Subphase: Concurrent Roots OopStorageSet                0.000 / 0.000         0.000 / 0.000         0.036 / 0.058         0.036 / 0.058       ms
[2023-11-19T17:18:05.501+0800][gc,stats    ]    Subphase: Concurrent Weak Roots OopStorageSet           0.000 / 0.000         0.000 / 0.000         0.328 / 0.486         0.328 / 0.486       ms
[2023-11-19T17:18:05.501+0800][gc,stats    ]    Subphase: Pause Mark Try Complete                       0.000 / 0.000         0.000 / 0.000         0.000 / 0.000         0.000 / 0.000       ms
[2023-11-19T17:18:05.501+0800][gc,stats    ]      System: Java Threads                                      0 / 0                 0 / 0                39 / 54               39 / 54          threads
[2023-11-19T17:18:05.501+0800][gc,stats    ] =========================================================================================================================================================
[2023-11-19T17:18:15.501+0800][gc,stats    ] === Garbage Collection Statistics =======================================================================================================================
[2023-11-19T17:18:15.501+0800][gc,stats    ]                                                              Last 10s              Last 10m              Last 10h                Total
[2023-11-19T17:18:15.501+0800][gc,stats    ]                                                              Avg / Max             Avg / Max             Avg / Max             Avg / Max
[2023-11-19T17:18:15.501+0800][gc,stats    ]   Collector: Garbage Collection Cycle                      0.000 / 0.000         0.000 / 0.000        23.723 / 25.775       23.723 / 25.775      ms
[2023-11-19T17:18:15.501+0800][gc,stats    ]  Contention: Mark Segment Reset Contention                     0 / 0                 0 / 0                 0 / 3                 0 / 3           ops/s
[2023-11-19T17:18:15.501+0800][gc,stats    ]  Contention: Mark SeqNum Reset Contention                      0 / 0                 0 / 0                 0 / 0                 0 / 0           ops/s
[2023-11-19T17:18:15.501+0800][gc,stats    ]    Critical: Allocation Stall                                  0 / 0                 0 / 0                 0 / 0                 0 / 0           ops/s
[2023-11-19T17:18:15.501+0800][gc,stats    ]    Critical: Allocation Stall                              0.000 / 0.000         0.000 / 0.000         0.000 / 0.000         0.000 / 0.000       ms
[2023-11-19T17:18:15.501+0800][gc,stats    ]    Critical: GC Locker Stall                                   0 / 0                 0 / 0                 0 / 0                 0 / 0           ops/s
[2023-11-19T17:18:15.501+0800][gc,stats    ]    Critical: GC Locker Stall                               0.000 / 0.000         0.000 / 0.000         0.000 / 0.000         0.000 / 0.000       ms
[2023-11-19T17:18:15.501+0800][gc,stats    ]    Critical: Relocation Stall                                  0 / 0                 0 / 0                 0 / 0                 0 / 0           ops/s
[2023-11-19T17:18:15.501+0800][gc,stats    ]    Critical: Relocation Stall                              0.000 / 0.000         0.000 / 0.000         0.000 / 0.000         0.000 / 0.000       ms
[2023-11-19T17:18:15.501+0800][gc,stats    ]      Memory: Allocation Rate                                   0 / 0                 0 / 4                 0 / 104               0 / 104         MB/s
[2023-11-19T17:18:15.501+0800][gc,stats    ]      Memory: Defragment                                        0 / 0                 0 / 0                 0 / 0                 0 / 0           ops/s
[2023-11-19T17:18:15.501+0800][gc,stats    ]      Memory: Out Of Memory                                     0 / 0                 0 / 0                 0 / 0                 0 / 0           ops/s
[2023-11-19T17:18:15.501+0800][gc,stats    ]      Memory: Page Cache Flush                                  0 / 0                 0 / 0                 0 / 0                 0 / 0           MB/s
[2023-11-19T17:18:15.501+0800][gc,stats    ]      Memory: Page Cache Hit L1                                 0 / 0                 0 / 0                 0 / 29                0 / 29          ops/s
[2023-11-19T17:18:15.501+0800][gc,stats    ]      Memory: Page Cache Hit L2                                 0 / 0                 0 / 0                 0 / 0                 0 / 0           ops/s
[2023-11-19T17:18:15.501+0800][gc,stats    ]      Memory: Page Cache Hit L3                                 0 / 0                 0 / 2                 0 / 48                0 / 48          ops/s
[2023-11-19T17:18:15.501+0800][gc,stats    ]      Memory: Page Cache Miss                                   0 / 0                 0 / 0                 0 / 1                 0 / 1           ops/s
[2023-11-19T17:18:15.501+0800][gc,stats    ]      Memory: Uncommit                                          0 / 0                 0 / 0                 0 / 0                 0 / 0           MB/s
[2023-11-19T17:18:15.501+0800][gc,stats    ]      Memory: Undo Object Allocation Failed                     0 / 0                 0 / 0                 0 / 0                 0 / 0           ops/s
[2023-11-19T17:18:15.501+0800][gc,stats    ]      Memory: Undo Object Allocation Succeeded                  0 / 0                 0 / 0                 0 / 0                 0 / 0           ops/s
[2023-11-19T17:18:15.501+0800][gc,stats    ]      Memory: Undo Page Allocation                              0 / 0                 0 / 0                 0 / 0                 0 / 0           ops/s
[2023-11-19T17:18:15.501+0800][gc,stats    ]       Phase: Concurrent Mark                               0.000 / 0.000         0.000 / 0.000        13.801 / 15.394       13.801 / 15.394      ms
[2023-11-19T17:18:15.501+0800][gc,stats    ]       Phase: Concurrent Mark Continue                      0.000 / 0.000         0.000 / 0.000         0.000 / 0.000         0.000 / 0.000       ms
[2023-11-19T17:18:15.501+0800][gc,stats    ]       Phase: Concurrent Mark Free                          0.000 / 0.000         0.000 / 0.000         0.001 / 0.001         0.001 / 0.001       ms
[2023-11-19T17:18:15.501+0800][gc,stats    ]       Phase: Concurrent Process Non-Strong References      0.000 / 0.000         0.000 / 0.000         1.810 / 1.931         1.810 / 1.931       ms
[2023-11-19T17:18:15.501+0800][gc,stats    ]       Phase: Concurrent Relocate                           0.000 / 0.000         0.000 / 0.000         2.671 / 3.187         2.671 / 3.187       ms
[2023-11-19T17:18:15.501+0800][gc,stats    ]       Phase: Concurrent Reset Relocation Set               0.000 / 0.000         0.000 / 0.000         0.001 / 0.003         0.001 / 0.003       ms
[2023-11-19T17:18:15.501+0800][gc,stats    ]       Phase: Concurrent Select Relocation Set              0.000 / 0.000         0.000 / 0.000         4.627 / 7.839         4.627 / 7.839       ms
[2023-11-19T17:18:15.501+0800][gc,stats    ]       Phase: Pause Mark End                                0.000 / 0.000         0.000 / 0.000         0.016 / 0.018         0.016 / 0.018       ms
[2023-11-19T17:18:15.501+0800][gc,stats    ]       Phase: Pause Mark Start                              0.000 / 0.000         0.000 / 0.000         0.013 / 0.019         0.013 / 0.019       ms
[2023-11-19T17:18:15.501+0800][gc,stats    ]       Phase: Pause Relocate Start                          0.000 / 0.000         0.000 / 0.000         0.008 / 0.009         0.008 / 0.009       ms
[2023-11-19T17:18:15.501+0800][gc,stats    ]    Subphase: Concurrent Classes Purge                      0.000 / 0.000         0.000 / 0.000         0.047 / 0.049         0.047 / 0.049       ms
[2023-11-19T17:18:15.501+0800][gc,stats    ]    Subphase: Concurrent Classes Unlink                     0.000 / 0.000         0.000 / 0.000         1.263 / 1.295         1.263 / 1.295       ms
[2023-11-19T17:18:15.501+0800][gc,stats    ]    Subphase: Concurrent Mark                               0.000 / 0.000         0.000 / 0.000        11.825 / 13.159       11.825 / 13.159      ms
[2023-11-19T17:18:15.501+0800][gc,stats    ]    Subphase: Concurrent Mark Try Flush                     0.000 / 0.000         0.000 / 0.000         0.057 / 0.108         0.057 / 0.108       ms
[2023-11-19T17:18:15.501+0800][gc,stats    ]    Subphase: Concurrent Mark Try Terminate                 0.000 / 0.000         0.000 / 0.000         1.420 / 4.236         1.420 / 4.236       ms
[2023-11-19T17:18:15.501+0800][gc,stats    ]    Subphase: Concurrent References Enqueue                 0.000 / 0.000         0.000 / 0.000         0.004 / 0.004         0.004 / 0.004       ms
[2023-11-19T17:18:15.501+0800][gc,stats    ]    Subphase: Concurrent References Process                 0.000 / 0.000         0.000 / 0.000         0.090 / 0.101         0.090 / 0.101       ms
[2023-11-19T17:18:15.501+0800][gc,stats    ]    Subphase: Concurrent Roots ClassLoaderDataGraph         0.000 / 0.000         0.000 / 0.000         0.103 / 0.506         0.103 / 0.506       ms
[2023-11-19T17:18:15.501+0800][gc,stats    ]    Subphase: Concurrent Roots CodeCache                    0.000 / 0.000         0.000 / 0.000         0.000 / 0.000         0.000 / 0.000       ms
[2023-11-19T17:18:15.501+0800][gc,stats    ]    Subphase: Concurrent Roots JavaThreads                  0.000 / 0.000         0.000 / 0.000         1.129 / 2.106         1.129 / 2.106       ms
[2023-11-19T17:18:15.501+0800][gc,stats    ]    Subphase: Concurrent Roots OopStorageSet                0.000 / 0.000         0.000 / 0.000         0.036 / 0.058         0.036 / 0.058       ms
[2023-11-19T17:18:15.501+0800][gc,stats    ]    Subphase: Concurrent Weak Roots OopStorageSet           0.000 / 0.000         0.000 / 0.000         0.328 / 0.486         0.328 / 0.486       ms
[2023-11-19T17:18:15.501+0800][gc,stats    ]    Subphase: Pause Mark Try Complete                       0.000 / 0.000         0.000 / 0.000         0.000 / 0.000         0.000 / 0.000       ms
[2023-11-19T17:18:15.502+0800][gc,stats    ]      System: Java Threads                                      0 / 0                 0 / 0                39 / 54               39 / 54          threads
[2023-11-19T17:18:15.502+0800][gc,stats    ] =========================================================================================================================================================
[2023-11-19T17:18:25.501+0800][gc,stats    ] === Garbage Collection Statistics =======================================================================================================================
[2023-11-19T17:18:25.501+0800][gc,stats    ]                                                              Last 10s              Last 10m              Last 10h                Total
[2023-11-19T17:18:25.501+0800][gc,stats    ]                                                              Avg / Max             Avg / Max             Avg / Max             Avg / Max
[2023-11-19T17:18:25.501+0800][gc,stats    ]   Collector: Garbage Collection Cycle                      0.000 / 0.000         0.000 / 0.000        23.723 / 25.775       23.723 / 25.775      ms
[2023-11-19T17:18:25.501+0800][gc,stats    ]  Contention: Mark Segment Reset Contention                     0 / 0                 0 / 0                 0 / 3                 0 / 3           ops/s
[2023-11-19T17:18:25.501+0800][gc,stats    ]  Contention: Mark SeqNum Reset Contention                      0 / 0                 0 / 0                 0 / 0                 0 / 0           ops/s
[2023-11-19T17:18:25.501+0800][gc,stats    ]    Critical: Allocation Stall                                  0 / 0                 0 / 0                 0 / 0                 0 / 0           ops/s
[2023-11-19T17:18:25.501+0800][gc,stats    ]    Critical: Allocation Stall                              0.000 / 0.000         0.000 / 0.000         0.000 / 0.000         0.000 / 0.000       ms
[2023-11-19T17:18:25.501+0800][gc,stats    ]    Critical: GC Locker Stall                                   0 / 0                 0 / 0                 0 / 0                 0 / 0           ops/s
[2023-11-19T17:18:25.501+0800][gc,stats    ]    Critical: GC Locker Stall                               0.000 / 0.000         0.000 / 0.000         0.000 / 0.000         0.000 / 0.000       ms
[2023-11-19T17:18:25.501+0800][gc,stats    ]    Critical: Relocation Stall                                  0 / 0                 0 / 0                 0 / 0                 0 / 0           ops/s
[2023-11-19T17:18:25.501+0800][gc,stats    ]    Critical: Relocation Stall                              0.000 / 0.000         0.000 / 0.000         0.000 / 0.000         0.000 / 0.000       ms
[2023-11-19T17:18:25.501+0800][gc,stats    ]      Memory: Allocation Rate                                   0 / 0                 0 / 4                 0 / 104               0 / 104         MB/s
[2023-11-19T17:18:25.501+0800][gc,stats    ]      Memory: Defragment                                        0 / 0                 0 / 0                 0 / 0                 0 / 0           ops/s
[2023-11-19T17:18:25.501+0800][gc,stats    ]      Memory: Out Of Memory                                     0 / 0                 0 / 0                 0 / 0                 0 / 0           ops/s
[2023-11-19T17:18:25.501+0800][gc,stats    ]      Memory: Page Cache Flush                                  0 / 0                 0 / 0                 0 / 0                 0 / 0           MB/s
[2023-11-19T17:18:25.501+0800][gc,stats    ]      Memory: Page Cache Hit L1                                 0 / 0                 0 / 0                 0 / 29                0 / 29          ops/s
[2023-11-19T17:18:25.501+0800][gc,stats    ]      Memory: Page Cache Hit L2                                 0 / 0                 0 / 0                 0 / 0                 0 / 0           ops/s
[2023-11-19T17:18:25.501+0800][gc,stats    ]      Memory: Page Cache Hit L3                                 0 / 0                 0 / 2                 0 / 48                0 / 48          ops/s
[2023-11-19T17:18:25.501+0800][gc,stats    ]      Memory: Page Cache Miss                                   0 / 0                 0 / 0                 0 / 1                 0 / 1           ops/s
[2023-11-19T17:18:25.501+0800][gc,stats    ]      Memory: Uncommit                                          0 / 0                 0 / 0                 0 / 0                 0 / 0           MB/s
[2023-11-19T17:18:25.501+0800][gc,stats    ]      Memory: Undo Object Allocation Failed                     0 / 0                 0 / 0                 0 / 0                 0 / 0           ops/s
[2023-11-19T17:18:25.501+0800][gc,stats    ]      Memory: Undo Object Allocation Succeeded                  0 / 0                 0 / 0                 0 / 0                 0 / 0           ops/s
[2023-11-19T17:18:25.501+0800][gc,stats    ]      Memory: Undo Page Allocation                              0 / 0                 0 / 0                 0 / 0                 0 / 0           ops/s
[2023-11-19T17:18:25.501+0800][gc,stats    ]       Phase: Concurrent Mark                               0.000 / 0.000         0.000 / 0.000        13.801 / 15.394       13.801 / 15.394      ms
[2023-11-19T17:18:25.501+0800][gc,stats    ]       Phase: Concurrent Mark Continue                      0.000 / 0.000         0.000 / 0.000         0.000 / 0.000         0.000 / 0.000       ms
[2023-11-19T17:18:25.501+0800][gc,stats    ]       Phase: Concurrent Mark Free                          0.000 / 0.000         0.000 / 0.000         0.001 / 0.001         0.001 / 0.001       ms
[2023-11-19T17:18:25.501+0800][gc,stats    ]       Phase: Concurrent Process Non-Strong References      0.000 / 0.000         0.000 / 0.000         1.810 / 1.931         1.810 / 1.931       ms
[2023-11-19T17:18:25.501+0800][gc,stats    ]       Phase: Concurrent Relocate                           0.000 / 0.000         0.000 / 0.000         2.671 / 3.187         2.671 / 3.187       ms
[2023-11-19T17:18:25.501+0800][gc,stats    ]       Phase: Concurrent Reset Relocation Set               0.000 / 0.000         0.000 / 0.000         0.001 / 0.003         0.001 / 0.003       ms
[2023-11-19T17:18:25.501+0800][gc,stats    ]       Phase: Concurrent Select Relocation Set              0.000 / 0.000         0.000 / 0.000         4.627 / 7.839         4.627 / 7.839       ms
[2023-11-19T17:18:25.501+0800][gc,stats    ]       Phase: Pause Mark End                                0.000 / 0.000         0.000 / 0.000         0.016 / 0.018         0.016 / 0.018       ms
[2023-11-19T17:18:25.501+0800][gc,stats    ]       Phase: Pause Mark Start                              0.000 / 0.000         0.000 / 0.000         0.013 / 0.019         0.013 / 0.019       ms
[2023-11-19T17:18:25.501+0800][gc,stats    ]       Phase: Pause Relocate Start                          0.000 / 0.000         0.000 / 0.000         0.008 / 0.009         0.008 / 0.009       ms
[2023-11-19T17:18:25.501+0800][gc,stats    ]    Subphase: Concurrent Classes Purge                      0.000 / 0.000         0.000 / 0.000         0.047 / 0.049         0.047 / 0.049       ms
[2023-11-19T17:18:25.501+0800][gc,stats    ]    Subphase: Concurrent Classes Unlink                     0.000 / 0.000         0.000 / 0.000         1.263 / 1.295         1.263 / 1.295       ms
[2023-11-19T17:18:25.501+0800][gc,stats    ]    Subphase: Concurrent Mark                               0.000 / 0.000         0.000 / 0.000        11.825 / 13.159       11.825 / 13.159      ms
[2023-11-19T17:18:25.501+0800][gc,stats    ]    Subphase: Concurrent Mark Try Flush                     0.000 / 0.000         0.000 / 0.000         0.057 / 0.108         0.057 / 0.108       ms
[2023-11-19T17:18:25.501+0800][gc,stats    ]    Subphase: Concurrent Mark Try Terminate                 0.000 / 0.000         0.000 / 0.000         1.420 / 4.236         1.420 / 4.236       ms
[2023-11-19T17:18:25.501+0800][gc,stats    ]    Subphase: Concurrent References Enqueue                 0.000 / 0.000         0.000 / 0.000         0.004 / 0.004         0.004 / 0.004       ms
[2023-11-19T17:18:25.501+0800][gc,stats    ]    Subphase: Concurrent References Process                 0.000 / 0.000         0.000 / 0.000         0.090 / 0.101         0.090 / 0.101       ms
[2023-11-19T17:18:25.501+0800][gc,stats    ]    Subphase: Concurrent Roots ClassLoaderDataGraph         0.000 / 0.000         0.000 / 0.000         0.103 / 0.506         0.103 / 0.506       ms
[2023-11-19T17:18:25.501+0800][gc,stats    ]    Subphase: Concurrent Roots CodeCache                    0.000 / 0.000         0.000 / 0.000         0.000 / 0.000         0.000 / 0.000       ms
[2023-11-19T17:18:25.501+0800][gc,stats    ]    Subphase: Concurrent Roots JavaThreads                  0.000 / 0.000         0.000 / 0.000         1.129 / 2.106         1.129 / 2.106       ms
[2023-11-19T17:18:25.501+0800][gc,stats    ]    Subphase: Concurrent Roots OopStorageSet                0.000 / 0.000         0.000 / 0.000         0.036 / 0.058         0.036 / 0.058       ms
[2023-11-19T17:18:25.501+0800][gc,stats    ]    Subphase: Concurrent Weak Roots OopStorageSet           0.000 / 0.000         0.000 / 0.000         0.328 / 0.486         0.328 / 0.486       ms
[2023-11-19T17:18:25.501+0800][gc,stats    ]    Subphase: Pause Mark Try Complete                       0.000 / 0.000         0.000 / 0.000         0.000 / 0.000         0.000 / 0.000       ms
[2023-11-19T17:18:25.501+0800][gc,stats    ]      System: Java Threads                                      0 / 0                 0 / 0                39 / 54               39 / 54          threads
[2023-11-19T17:18:25.501+0800][gc,stats    ] =========================================================================================================================================================
[2023-11-19T17:18:35.501+0800][gc,stats    ] === Garbage Collection Statistics =======================================================================================================================
[2023-11-19T17:18:35.501+0800][gc,stats    ]                                                              Last 10s              Last 10m              Last 10h                Total
[2023-11-19T17:18:35.501+0800][gc,stats    ]                                                              Avg / Max             Avg / Max             Avg / Max             Avg / Max
[2023-11-19T17:18:35.501+0800][gc,stats    ]   Collector: Garbage Collection Cycle                      0.000 / 0.000         0.000 / 0.000        23.723 / 25.775       23.723 / 25.775      ms
[2023-11-19T17:18:35.501+0800][gc,stats    ]  Contention: Mark Segment Reset Contention                     0 / 0                 0 / 0                 0 / 3                 0 / 3           ops/s
[2023-11-19T17:18:35.501+0800][gc,stats    ]  Contention: Mark SeqNum Reset Contention                      0 / 0                 0 / 0                 0 / 0                 0 / 0           ops/s
[2023-11-19T17:18:35.501+0800][gc,stats    ]    Critical: Allocation Stall                                  0 / 0                 0 / 0                 0 / 0                 0 / 0           ops/s
[2023-11-19T17:18:35.501+0800][gc,stats    ]    Critical: Allocation Stall                              0.000 / 0.000         0.000 / 0.000         0.000 / 0.000         0.000 / 0.000       ms
[2023-11-19T17:18:35.501+0800][gc,stats    ]    Critical: GC Locker Stall                                   0 / 0                 0 / 0                 0 / 0                 0 / 0           ops/s
[2023-11-19T17:18:35.501+0800][gc,stats    ]    Critical: GC Locker Stall                               0.000 / 0.000         0.000 / 0.000         0.000 / 0.000         0.000 / 0.000       ms
[2023-11-19T17:18:35.501+0800][gc,stats    ]    Critical: Relocation Stall                                  0 / 0                 0 / 0                 0 / 0                 0 / 0           ops/s
[2023-11-19T17:18:35.501+0800][gc,stats    ]    Critical: Relocation Stall                              0.000 / 0.000         0.000 / 0.000         0.000 / 0.000         0.000 / 0.000       ms
[2023-11-19T17:18:35.501+0800][gc,stats    ]      Memory: Allocation Rate                                   0 / 0                 0 / 4                 0 / 104               0 / 104         MB/s
[2023-11-19T17:18:35.501+0800][gc,stats    ]      Memory: Defragment                                        0 / 0                 0 / 0                 0 / 0                 0 / 0           ops/s
[2023-11-19T17:18:35.501+0800][gc,stats    ]      Memory: Out Of Memory                                     0 / 0                 0 / 0                 0 / 0                 0 / 0           ops/s
[2023-11-19T17:18:35.501+0800][gc,stats    ]      Memory: Page Cache Flush                                  0 / 0                 0 / 0                 0 / 0                 0 / 0           MB/s
[2023-11-19T17:18:35.501+0800][gc,stats    ]      Memory: Page Cache Hit L1                                 0 / 0                 0 / 0                 0 / 29                0 / 29          ops/s
[2023-11-19T17:18:35.501+0800][gc,stats    ]      Memory: Page Cache Hit L2                                 0 / 0                 0 / 0                 0 / 0                 0 / 0           ops/s
[2023-11-19T17:18:35.501+0800][gc,stats    ]      Memory: Page Cache Hit L3                                 0 / 0                 0 / 2                 0 / 48                0 / 48          ops/s
[2023-11-19T17:18:35.501+0800][gc,stats    ]      Memory: Page Cache Miss                                   0 / 0                 0 / 0                 0 / 1                 0 / 1           ops/s
[2023-11-19T17:18:35.501+0800][gc,stats    ]      Memory: Uncommit                                          0 / 0                 0 / 0                 0 / 0                 0 / 0           MB/s
[2023-11-19T17:18:35.501+0800][gc,stats    ]      Memory: Undo Object Allocation Failed                     0 / 0                 0 / 0                 0 / 0                 0 / 0           ops/s
[2023-11-19T17:18:35.501+0800][gc,stats    ]      Memory: Undo Object Allocation Succeeded                  0 / 0                 0 / 0                 0 / 0                 0 / 0           ops/s
[2023-11-19T17:18:35.501+0800][gc,stats    ]      Memory: Undo Page Allocation                              0 / 0                 0 / 0                 0 / 0                 0 / 0           ops/s
[2023-11-19T17:18:35.501+0800][gc,stats    ]       Phase: Concurrent Mark                               0.000 / 0.000         0.000 / 0.000        13.801 / 15.394       13.801 / 15.394      ms
[2023-11-19T17:18:35.501+0800][gc,stats    ]       Phase: Concurrent Mark Continue                      0.000 / 0.000         0.000 / 0.000         0.000 / 0.000         0.000 / 0.000       ms
[2023-11-19T17:18:35.501+0800][gc,stats    ]       Phase: Concurrent Mark Free                          0.000 / 0.000         0.000 / 0.000         0.001 / 0.001         0.001 / 0.001       ms
[2023-11-19T17:18:35.501+0800][gc,stats    ]       Phase: Concurrent Process Non-Strong References      0.000 / 0.000         0.000 / 0.000         1.810 / 1.931         1.810 / 1.931       ms
[2023-11-19T17:18:35.501+0800][gc,stats    ]       Phase: Concurrent Relocate                           0.000 / 0.000         0.000 / 0.000         2.671 / 3.187         2.671 / 3.187       ms
[2023-11-19T17:18:35.501+0800][gc,stats    ]       Phase: Concurrent Reset Relocation Set               0.000 / 0.000         0.000 / 0.000         0.001 / 0.003         0.001 / 0.003       ms
[2023-11-19T17:18:35.501+0800][gc,stats    ]       Phase: Concurrent Select Relocation Set              0.000 / 0.000         0.000 / 0.000         4.627 / 7.839         4.627 / 7.839       ms
[2023-11-19T17:18:35.501+0800][gc,stats    ]       Phase: Pause Mark End                                0.000 / 0.000         0.000 / 0.000         0.016 / 0.018         0.016 / 0.018       ms
[2023-11-19T17:18:35.501+0800][gc,stats    ]       Phase: Pause Mark Start                              0.000 / 0.000         0.000 / 0.000         0.013 / 0.019         0.013 / 0.019       ms
[2023-11-19T17:18:35.501+0800][gc,stats    ]       Phase: Pause Relocate Start                          0.000 / 0.000         0.000 / 0.000         0.008 / 0.009         0.008 / 0.009       ms
[2023-11-19T17:18:35.501+0800][gc,stats    ]    Subphase: Concurrent Classes Purge                      0.000 / 0.000         0.000 / 0.000         0.047 / 0.049         0.047 / 0.049       ms
[2023-11-19T17:18:35.501+0800][gc,stats    ]    Subphase: Concurrent Classes Unlink                     0.000 / 0.000         0.000 / 0.000         1.263 / 1.295         1.263 / 1.295       ms
[2023-11-19T17:18:35.501+0800][gc,stats    ]    Subphase: Concurrent Mark                               0.000 / 0.000         0.000 / 0.000        11.825 / 13.159       11.825 / 13.159      ms
[2023-11-19T17:18:35.501+0800][gc,stats    ]    Subphase: Concurrent Mark Try Flush                     0.000 / 0.000         0.000 / 0.000         0.057 / 0.108         0.057 / 0.108       ms
[2023-11-19T17:18:35.501+0800][gc,stats    ]    Subphase: Concurrent Mark Try Terminate                 0.000 / 0.000         0.000 / 0.000         1.420 / 4.236         1.420 / 4.236       ms
[2023-11-19T17:18:35.501+0800][gc,stats    ]    Subphase: Concurrent References Enqueue                 0.000 / 0.000         0.000 / 0.000         0.004 / 0.004         0.004 / 0.004       ms
[2023-11-19T17:18:35.501+0800][gc,stats    ]    Subphase: Concurrent References Process                 0.000 / 0.000         0.000 / 0.000         0.090 / 0.101         0.090 / 0.101       ms
[2023-11-19T17:18:35.501+0800][gc,stats    ]    Subphase: Concurrent Roots ClassLoaderDataGraph         0.000 / 0.000         0.000 / 0.000         0.103 / 0.506         0.103 / 0.506       ms
[2023-11-19T17:18:35.501+0800][gc,stats    ]    Subphase: Concurrent Roots CodeCache                    0.000 / 0.000         0.000 / 0.000         0.000 / 0.000         0.000 / 0.000       ms
[2023-11-19T17:18:35.501+0800][gc,stats    ]    Subphase: Concurrent Roots JavaThreads                  0.000 / 0.000         0.000 / 0.000         1.129 / 2.106         1.129 / 2.106       ms
[2023-11-19T17:18:35.501+0800][gc,stats    ]    Subphase: Concurrent Roots OopStorageSet                0.000 / 0.000         0.000 / 0.000         0.036 / 0.058         0.036 / 0.058       ms
[2023-11-19T17:18:35.501+0800][gc,stats    ]    Subphase: Concurrent Weak Roots OopStorageSet           0.000 / 0.000         0.000 / 0.000         0.328 / 0.486         0.328 / 0.486       ms
[2023-11-19T17:18:35.501+0800][gc,stats    ]    Subphase: Pause Mark Try Complete                       0.000 / 0.000         0.000 / 0.000         0.000 / 0.000         0.000 / 0.000       ms
[2023-11-19T17:18:35.501+0800][gc,stats    ]      System: Java Threads                                      0 / 0                 0 / 0                39 / 54               39 / 54          threads
[2023-11-19T17:18:35.501+0800][gc,stats    ] =========================================================================================================================================================
[2023-11-19T17:18:45.501+0800][gc,stats    ] === Garbage Collection Statistics =======================================================================================================================
[2023-11-19T17:18:45.501+0800][gc,stats    ]                                                              Last 10s              Last 10m              Last 10h                Total
[2023-11-19T17:18:45.501+0800][gc,stats    ]                                                              Avg / Max             Avg / Max             Avg / Max             Avg / Max
[2023-11-19T17:18:45.501+0800][gc,stats    ]   Collector: Garbage Collection Cycle                      0.000 / 0.000         0.000 / 0.000        23.723 / 25.775       23.723 / 25.775      ms
[2023-11-19T17:18:45.501+0800][gc,stats    ]  Contention: Mark Segment Reset Contention                     0 / 0                 0 / 0                 0 / 3                 0 / 3           ops/s
[2023-11-19T17:18:45.501+0800][gc,stats    ]  Contention: Mark SeqNum Reset Contention                      0 / 0                 0 / 0                 0 / 0                 0 / 0           ops/s
[2023-11-19T17:18:45.501+0800][gc,stats    ]    Critical: Allocation Stall                                  0 / 0                 0 / 0                 0 / 0                 0 / 0           ops/s
[2023-11-19T17:18:45.501+0800][gc,stats    ]    Critical: Allocation Stall                              0.000 / 0.000         0.000 / 0.000         0.000 / 0.000         0.000 / 0.000       ms
[2023-11-19T17:18:45.501+0800][gc,stats    ]    Critical: GC Locker Stall                                   0 / 0                 0 / 0                 0 / 0                 0 / 0           ops/s
[2023-11-19T17:18:45.501+0800][gc,stats    ]    Critical: GC Locker Stall                               0.000 / 0.000         0.000 / 0.000         0.000 / 0.000         0.000 / 0.000       ms
[2023-11-19T17:18:45.501+0800][gc,stats    ]    Critical: Relocation Stall                                  0 / 0                 0 / 0                 0 / 0                 0 / 0           ops/s
[2023-11-19T17:18:45.501+0800][gc,stats    ]    Critical: Relocation Stall                              0.000 / 0.000         0.000 / 0.000         0.000 / 0.000         0.000 / 0.000       ms
[2023-11-19T17:18:45.501+0800][gc,stats    ]      Memory: Allocation Rate                                   0 / 2                 0 / 4                 0 / 104               0 / 104         MB/s
[2023-11-19T17:18:45.501+0800][gc,stats    ]      Memory: Defragment                                        0 / 0                 0 / 0                 0 / 0                 0 / 0           ops/s
[2023-11-19T17:18:45.501+0800][gc,stats    ]      Memory: Out Of Memory                                     0 / 0                 0 / 0                 0 / 0                 0 / 0           ops/s
[2023-11-19T17:18:45.501+0800][gc,stats    ]      Memory: Page Cache Flush                                  0 / 0                 0 / 0                 0 / 0                 0 / 0           MB/s
[2023-11-19T17:18:45.501+0800][gc,stats    ]      Memory: Page Cache Hit L1                                 0 / 0                 0 / 0                 0 / 29                0 / 29          ops/s
[2023-11-19T17:18:45.501+0800][gc,stats    ]      Memory: Page Cache Hit L2                                 0 / 0                 0 / 0                 0 / 0                 0 / 0           ops/s
[2023-11-19T17:18:45.501+0800][gc,stats    ]      Memory: Page Cache Hit L3                                 0 / 1                 0 / 2                 0 / 48                0 / 48          ops/s
[2023-11-19T17:18:45.501+0800][gc,stats    ]      Memory: Page Cache Miss                                   0 / 0                 0 / 0                 0 / 1                 0 / 1           ops/s
[2023-11-19T17:18:45.501+0800][gc,stats    ]      Memory: Uncommit                                          0 / 0                 0 / 0                 0 / 0                 0 / 0           MB/s
[2023-11-19T17:18:45.501+0800][gc,stats    ]      Memory: Undo Object Allocation Failed                     0 / 0                 0 / 0                 0 / 0                 0 / 0           ops/s
[2023-11-19T17:18:45.501+0800][gc,stats    ]      Memory: Undo Object Allocation Succeeded                  0 / 0                 0 / 0                 0 / 0                 0 / 0           ops/s
[2023-11-19T17:18:45.501+0800][gc,stats    ]      Memory: Undo Page Allocation                              0 / 0                 0 / 0                 0 / 0                 0 / 0           ops/s
[2023-11-19T17:18:45.501+0800][gc,stats    ]       Phase: Concurrent Mark                               0.000 / 0.000         0.000 / 0.000        13.801 / 15.394       13.801 / 15.394      ms
[2023-11-19T17:18:45.501+0800][gc,stats    ]       Phase: Concurrent Mark Continue                      0.000 / 0.000         0.000 / 0.000         0.000 / 0.000         0.000 / 0.000       ms
[2023-11-19T17:18:45.501+0800][gc,stats    ]       Phase: Concurrent Mark Free                          0.000 / 0.000         0.000 / 0.000         0.001 / 0.001         0.001 / 0.001       ms
[2023-11-19T17:18:45.501+0800][gc,stats    ]       Phase: Concurrent Process Non-Strong References      0.000 / 0.000         0.000 / 0.000         1.810 / 1.931         1.810 / 1.931       ms
[2023-11-19T17:18:45.501+0800][gc,stats    ]       Phase: Concurrent Relocate                           0.000 / 0.000         0.000 / 0.000         2.671 / 3.187         2.671 / 3.187       ms
[2023-11-19T17:18:45.501+0800][gc,stats    ]       Phase: Concurrent Reset Relocation Set               0.000 / 0.000         0.000 / 0.000         0.001 / 0.003         0.001 / 0.003       ms
[2023-11-19T17:18:45.501+0800][gc,stats    ]       Phase: Concurrent Select Relocation Set              0.000 / 0.000         0.000 / 0.000         4.627 / 7.839         4.627 / 7.839       ms
[2023-11-19T17:18:45.501+0800][gc,stats    ]       Phase: Pause Mark End                                0.000 / 0.000         0.000 / 0.000         0.016 / 0.018         0.016 / 0.018       ms
[2023-11-19T17:18:45.501+0800][gc,stats    ]       Phase: Pause Mark Start                              0.000 / 0.000         0.000 / 0.000         0.013 / 0.019         0.013 / 0.019       ms
[2023-11-19T17:18:45.501+0800][gc,stats    ]       Phase: Pause Relocate Start                          0.000 / 0.000         0.000 / 0.000         0.008 / 0.009         0.008 / 0.009       ms
[2023-11-19T17:18:45.501+0800][gc,stats    ]    Subphase: Concurrent Classes Purge                      0.000 / 0.000         0.000 / 0.000         0.047 / 0.049         0.047 / 0.049       ms
[2023-11-19T17:18:45.501+0800][gc,stats    ]    Subphase: Concurrent Classes Unlink                     0.000 / 0.000         0.000 / 0.000         1.263 / 1.295         1.263 / 1.295       ms
[2023-11-19T17:18:45.501+0800][gc,stats    ]    Subphase: Concurrent Mark                               0.000 / 0.000         0.000 / 0.000        11.825 / 13.159       11.825 / 13.159      ms
[2023-11-19T17:18:45.501+0800][gc,stats    ]    Subphase: Concurrent Mark Try Flush                     0.000 / 0.000         0.000 / 0.000         0.057 / 0.108         0.057 / 0.108       ms
[2023-11-19T17:18:45.501+0800][gc,stats    ]    Subphase: Concurrent Mark Try Terminate                 0.000 / 0.000         0.000 / 0.000         1.420 / 4.236         1.420 / 4.236       ms
[2023-11-19T17:18:45.501+0800][gc,stats    ]    Subphase: Concurrent References Enqueue                 0.000 / 0.000         0.000 / 0.000         0.004 / 0.004         0.004 / 0.004       ms
[2023-11-19T17:18:45.501+0800][gc,stats    ]    Subphase: Concurrent References Process                 0.000 / 0.000         0.000 / 0.000         0.090 / 0.101         0.090 / 0.101       ms
[2023-11-19T17:18:45.501+0800][gc,stats    ]    Subphase: Concurrent Roots ClassLoaderDataGraph         0.000 / 0.000         0.000 / 0.000         0.103 / 0.506         0.103 / 0.506       ms
[2023-11-19T17:18:45.501+0800][gc,stats    ]    Subphase: Concurrent Roots CodeCache                    0.000 / 0.000         0.000 / 0.000         0.000 / 0.000         0.000 / 0.000       ms
[2023-11-19T17:18:45.501+0800][gc,stats    ]    Subphase: Concurrent Roots JavaThreads                  0.000 / 0.000         0.000 / 0.000         1.129 / 2.106         1.129 / 2.106       ms
[2023-11-19T17:18:45.501+0800][gc,stats    ]    Subphase: Concurrent Roots OopStorageSet                0.000 / 0.000         0.000 / 0.000         0.036 / 0.058         0.036 / 0.058       ms
[2023-11-19T17:18:45.501+0800][gc,stats    ]    Subphase: Concurrent Weak Roots OopStorageSet           0.000 / 0.000         0.000 / 0.000         0.328 / 0.486         0.328 / 0.486       ms
[2023-11-19T17:18:45.501+0800][gc,stats    ]    Subphase: Pause Mark Try Complete                       0.000 / 0.000         0.000 / 0.000         0.000 / 0.000         0.000 / 0.000       ms
[2023-11-19T17:18:45.501+0800][gc,stats    ]      System: Java Threads                                      0 / 0                 0 / 0                39 / 54               39 / 54          threads
[2023-11-19T17:18:45.501+0800][gc,stats    ] =========================================================================================================================================================
[2023-11-19T17:18:55.501+0800][gc,stats    ] === Garbage Collection Statistics =======================================================================================================================
[2023-11-19T17:18:55.501+0800][gc,stats    ]                                                              Last 10s              Last 10m              Last 10h                Total
[2023-11-19T17:18:55.501+0800][gc,stats    ]                                                              Avg / Max             Avg / Max             Avg / Max             Avg / Max
[2023-11-19T17:18:55.501+0800][gc,stats    ]   Collector: Garbage Collection Cycle                      0.000 / 0.000         0.000 / 0.000        23.723 / 25.775       23.723 / 25.775      ms
[2023-11-19T17:18:55.501+0800][gc,stats    ]  Contention: Mark Segment Reset Contention                     0 / 0                 0 / 0                 0 / 3                 0 / 3           ops/s
[2023-11-19T17:18:55.501+0800][gc,stats    ]  Contention: Mark SeqNum Reset Contention                      0 / 0                 0 / 0                 0 / 0                 0 / 0           ops/s
[2023-11-19T17:18:55.501+0800][gc,stats    ]    Critical: Allocation Stall                                  0 / 0                 0 / 0                 0 / 0                 0 / 0           ops/s
[2023-11-19T17:18:55.501+0800][gc,stats    ]    Critical: Allocation Stall                              0.000 / 0.000         0.000 / 0.000         0.000 / 0.000         0.000 / 0.000       ms
[2023-11-19T17:18:55.501+0800][gc,stats    ]    Critical: GC Locker Stall                                   0 / 0                 0 / 0                 0 / 0                 0 / 0           ops/s
[2023-11-19T17:18:55.501+0800][gc,stats    ]    Critical: GC Locker Stall                               0.000 / 0.000         0.000 / 0.000         0.000 / 0.000         0.000 / 0.000       ms
[2023-11-19T17:18:55.501+0800][gc,stats    ]    Critical: Relocation Stall                                  0 / 0                 0 / 0                 0 / 0                 0 / 0           ops/s
[2023-11-19T17:18:55.501+0800][gc,stats    ]    Critical: Relocation Stall                              0.000 / 0.000         0.000 / 0.000         0.000 / 0.000         0.000 / 0.000       ms
[2023-11-19T17:18:55.501+0800][gc,stats    ]      Memory: Allocation Rate                                   0 / 2                 0 / 4                 0 / 104               0 / 104         MB/s
[2023-11-19T17:18:55.501+0800][gc,stats    ]      Memory: Defragment                                        0 / 0                 0 / 0                 0 / 0                 0 / 0           ops/s
[2023-11-19T17:18:55.501+0800][gc,stats    ]      Memory: Out Of Memory                                     0 / 0                 0 / 0                 0 / 0                 0 / 0           ops/s
[2023-11-19T17:18:55.501+0800][gc,stats    ]      Memory: Page Cache Flush                                  0 / 0                 0 / 0                 0 / 0                 0 / 0           MB/s
[2023-11-19T17:18:55.501+0800][gc,stats    ]      Memory: Page Cache Hit L1                                 0 / 0                 0 / 0                 0 / 29                0 / 29          ops/s
[2023-11-19T17:18:55.501+0800][gc,stats    ]      Memory: Page Cache Hit L2                                 0 / 0                 0 / 0                 0 / 0                 0 / 0           ops/s
[2023-11-19T17:18:55.501+0800][gc,stats    ]      Memory: Page Cache Hit L3                                 0 / 1                 0 / 2                 0 / 48                0 / 48          ops/s
[2023-11-19T17:18:55.501+0800][gc,stats    ]      Memory: Page Cache Miss                                   0 / 0                 0 / 0                 0 / 1                 0 / 1           ops/s
[2023-11-19T17:18:55.501+0800][gc,stats    ]      Memory: Uncommit                                          0 / 0                 0 / 0                 0 / 0                 0 / 0           MB/s
[2023-11-19T17:18:55.501+0800][gc,stats    ]      Memory: Undo Object Allocation Failed                     0 / 0                 0 / 0                 0 / 0                 0 / 0           ops/s
[2023-11-19T17:18:55.501+0800][gc,stats    ]      Memory: Undo Object Allocation Succeeded                  0 / 0                 0 / 0                 0 / 0                 0 / 0           ops/s
[2023-11-19T17:18:55.501+0800][gc,stats    ]      Memory: Undo Page Allocation                              0 / 0                 0 / 0                 0 / 0                 0 / 0           ops/s
[2023-11-19T17:18:55.501+0800][gc,stats    ]       Phase: Concurrent Mark                               0.000 / 0.000         0.000 / 0.000        13.801 / 15.394       13.801 / 15.394      ms
[2023-11-19T17:18:55.501+0800][gc,stats    ]       Phase: Concurrent Mark Continue                      0.000 / 0.000         0.000 / 0.000         0.000 / 0.000         0.000 / 0.000       ms
[2023-11-19T17:18:55.501+0800][gc,stats    ]       Phase: Concurrent Mark Free                          0.000 / 0.000         0.000 / 0.000         0.001 / 0.001         0.001 / 0.001       ms
[2023-11-19T17:18:55.501+0800][gc,stats    ]       Phase: Concurrent Process Non-Strong References      0.000 / 0.000         0.000 / 0.000         1.810 / 1.931         1.810 / 1.931       ms
[2023-11-19T17:18:55.501+0800][gc,stats    ]       Phase: Concurrent Relocate                           0.000 / 0.000         0.000 / 0.000         2.671 / 3.187         2.671 / 3.187       ms
[2023-11-19T17:18:55.501+0800][gc,stats    ]       Phase: Concurrent Reset Relocation Set               0.000 / 0.000         0.000 / 0.000         0.001 / 0.003         0.001 / 0.003       ms
[2023-11-19T17:18:55.501+0800][gc,stats    ]       Phase: Concurrent Select Relocation Set              0.000 / 0.000         0.000 / 0.000         4.627 / 7.839         4.627 / 7.839       ms
[2023-11-19T17:18:55.501+0800][gc,stats    ]       Phase: Pause Mark End                                0.000 / 0.000         0.000 / 0.000         0.016 / 0.018         0.016 / 0.018       ms
[2023-11-19T17:18:55.501+0800][gc,stats    ]       Phase: Pause Mark Start                              0.000 / 0.000         0.000 / 0.000         0.013 / 0.019         0.013 / 0.019       ms
[2023-11-19T17:18:55.501+0800][gc,stats    ]       Phase: Pause Relocate Start                          0.000 / 0.000         0.000 / 0.000         0.008 / 0.009         0.008 / 0.009       ms
[2023-11-19T17:18:55.501+0800][gc,stats    ]    Subphase: Concurrent Classes Purge                      0.000 / 0.000         0.000 / 0.000         0.047 / 0.049         0.047 / 0.049       ms
[2023-11-19T17:18:55.501+0800][gc,stats    ]    Subphase: Concurrent Classes Unlink                     0.000 / 0.000         0.000 / 0.000         1.263 / 1.295         1.263 / 1.295       ms
[2023-11-19T17:18:55.501+0800][gc,stats    ]    Subphase: Concurrent Mark                               0.000 / 0.000         0.000 / 0.000        11.825 / 13.159       11.825 / 13.159      ms
[2023-11-19T17:18:55.501+0800][gc,stats    ]    Subphase: Concurrent Mark Try Flush                     0.000 / 0.000         0.000 / 0.000         0.057 / 0.108         0.057 / 0.108       ms
[2023-11-19T17:18:55.501+0800][gc,stats    ]    Subphase: Concurrent Mark Try Terminate                 0.000 / 0.000         0.000 / 0.000         1.420 / 4.236         1.420 / 4.236       ms
[2023-11-19T17:18:55.501+0800][gc,stats    ]    Subphase: Concurrent References Enqueue                 0.000 / 0.000         0.000 / 0.000         0.004 / 0.004         0.004 / 0.004       ms
[2023-11-19T17:18:55.501+0800][gc,stats    ]    Subphase: Concurrent References Process                 0.000 / 0.000         0.000 / 0.000         0.090 / 0.101         0.090 / 0.101       ms
[2023-11-19T17:18:55.501+0800][gc,stats    ]    Subphase: Concurrent Roots ClassLoaderDataGraph         0.000 / 0.000         0.000 / 0.000         0.103 / 0.506         0.103 / 0.506       ms
[2023-11-19T17:18:55.501+0800][gc,stats    ]    Subphase: Concurrent Roots CodeCache                    0.000 / 0.000         0.000 / 0.000         0.000 / 0.000         0.000 / 0.000       ms
[2023-11-19T17:18:55.501+0800][gc,stats    ]    Subphase: Concurrent Roots JavaThreads                  0.000 / 0.000         0.000 / 0.000         1.129 / 2.106         1.129 / 2.106       ms
[2023-11-19T17:18:55.501+0800][gc,stats    ]    Subphase: Concurrent Roots OopStorageSet                0.000 / 0.000         0.000 / 0.000         0.036 / 0.058         0.036 / 0.058       ms
[2023-11-19T17:18:55.501+0800][gc,stats    ]    Subphase: Concurrent Weak Roots OopStorageSet           0.000 / 0.000         0.000 / 0.000         0.328 / 0.486         0.328 / 0.486       ms
[2023-11-19T17:18:55.501+0800][gc,stats    ]    Subphase: Pause Mark Try Complete                       0.000 / 0.000         0.000 / 0.000         0.000 / 0.000         0.000 / 0.000       ms
[2023-11-19T17:18:55.501+0800][gc,stats    ]      System: Java Threads                                      0 / 0                 0 / 0                39 / 54               39 / 54          threads
[2023-11-19T17:18:55.501+0800][gc,stats    ] =========================================================================================================================================================
[2023-11-19T17:19:05.501+0800][gc,stats    ] === Garbage Collection Statistics =======================================================================================================================
[2023-11-19T17:19:05.501+0800][gc,stats    ]                                                              Last 10s              Last 10m              Last 10h                Total
[2023-11-19T17:19:05.501+0800][gc,stats    ]                                                              Avg / Max             Avg / Max             Avg / Max             Avg / Max
[2023-11-19T17:19:05.501+0800][gc,stats    ]   Collector: Garbage Collection Cycle                      0.000 / 0.000         0.000 / 0.000        23.723 / 25.775       23.723 / 25.775      ms
[2023-11-19T17:19:05.501+0800][gc,stats    ]  Contention: Mark Segment Reset Contention                     0 / 0                 0 / 0                 0 / 3                 0 / 3           ops/s
[2023-11-19T17:19:05.501+0800][gc,stats    ]  Contention: Mark SeqNum Reset Contention                      0 / 0                 0 / 0                 0 / 0                 0 / 0           ops/s
[2023-11-19T17:19:05.501+0800][gc,stats    ]    Critical: Allocation Stall                                  0 / 0                 0 / 0                 0 / 0                 0 / 0           ops/s
[2023-11-19T17:19:05.501+0800][gc,stats    ]    Critical: Allocation Stall                              0.000 / 0.000         0.000 / 0.000         0.000 / 0.000         0.000 / 0.000       ms
[2023-11-19T17:19:05.501+0800][gc,stats    ]    Critical: GC Locker Stall                                   0 / 0                 0 / 0                 0 / 0                 0 / 0           ops/s
[2023-11-19T17:19:05.501+0800][gc,stats    ]    Critical: GC Locker Stall                               0.000 / 0.000         0.000 / 0.000         0.000 / 0.000         0.000 / 0.000       ms
[2023-11-19T17:19:05.501+0800][gc,stats    ]    Critical: Relocation Stall                                  0 / 0                 0 / 0                 0 / 0                 0 / 0           ops/s
[2023-11-19T17:19:05.501+0800][gc,stats    ]    Critical: Relocation Stall                              0.000 / 0.000         0.000 / 0.000         0.000 / 0.000         0.000 / 0.000       ms
[2023-11-19T17:19:05.501+0800][gc,stats    ]      Memory: Allocation Rate                                   0 / 2                 0 / 4                 0 / 104               0 / 104         MB/s
[2023-11-19T17:19:05.501+0800][gc,stats    ]      Memory: Defragment                                        0 / 0                 0 / 0                 0 / 0                 0 / 0           ops/s
[2023-11-19T17:19:05.501+0800][gc,stats    ]      Memory: Out Of Memory                                     0 / 0                 0 / 0                 0 / 0                 0 / 0           ops/s
[2023-11-19T17:19:05.501+0800][gc,stats    ]      Memory: Page Cache Flush                                  0 / 0                 0 / 0                 0 / 0                 0 / 0           MB/s
[2023-11-19T17:19:05.501+0800][gc,stats    ]      Memory: Page Cache Hit L1                                 0 / 0                 0 / 0                 0 / 29                0 / 29          ops/s
[2023-11-19T17:19:05.501+0800][gc,stats    ]      Memory: Page Cache Hit L2                                 0 / 0                 0 / 0                 0 / 0                 0 / 0           ops/s
[2023-11-19T17:19:05.501+0800][gc,stats    ]      Memory: Page Cache Hit L3                                 0 / 1                 0 / 2                 0 / 48                0 / 48          ops/s
[2023-11-19T17:19:05.501+0800][gc,stats    ]      Memory: Page Cache Miss                                   0 / 0                 0 / 0                 0 / 1                 0 / 1           ops/s
[2023-11-19T17:19:05.501+0800][gc,stats    ]      Memory: Uncommit                                          0 / 0                 0 / 0                 0 / 0                 0 / 0           MB/s
[2023-11-19T17:19:05.501+0800][gc,stats    ]      Memory: Undo Object Allocation Failed                     0 / 0                 0 / 0                 0 / 0                 0 / 0           ops/s
[2023-11-19T17:19:05.501+0800][gc,stats    ]      Memory: Undo Object Allocation Succeeded                  0 / 0                 0 / 0                 0 / 0                 0 / 0           ops/s
[2023-11-19T17:19:05.501+0800][gc,stats    ]      Memory: Undo Page Allocation                              0 / 0                 0 / 0                 0 / 0                 0 / 0           ops/s
[2023-11-19T17:19:05.501+0800][gc,stats    ]       Phase: Concurrent Mark                               0.000 / 0.000         0.000 / 0.000        13.801 / 15.394       13.801 / 15.394      ms
[2023-11-19T17:19:05.501+0800][gc,stats    ]       Phase: Concurrent Mark Continue                      0.000 / 0.000         0.000 / 0.000         0.000 / 0.000         0.000 / 0.000       ms
[2023-11-19T17:19:05.501+0800][gc,stats    ]       Phase: Concurrent Mark Free                          0.000 / 0.000         0.000 / 0.000         0.001 / 0.001         0.001 / 0.001       ms
[2023-11-19T17:19:05.501+0800][gc,stats    ]       Phase: Concurrent Process Non-Strong References      0.000 / 0.000         0.000 / 0.000         1.810 / 1.931         1.810 / 1.931       ms
[2023-11-19T17:19:05.501+0800][gc,stats    ]       Phase: Concurrent Relocate                           0.000 / 0.000         0.000 / 0.000         2.671 / 3.187         2.671 / 3.187       ms
[2023-11-19T17:19:05.501+0800][gc,stats    ]       Phase: Concurrent Reset Relocation Set               0.000 / 0.000         0.000 / 0.000         0.001 / 0.003         0.001 / 0.003       ms
[2023-11-19T17:19:05.501+0800][gc,stats    ]       Phase: Concurrent Select Relocation Set              0.000 / 0.000         0.000 / 0.000         4.627 / 7.839         4.627 / 7.839       ms
[2023-11-19T17:19:05.501+0800][gc,stats    ]       Phase: Pause Mark End                                0.000 / 0.000         0.000 / 0.000         0.016 / 0.018         0.016 / 0.018       ms
[2023-11-19T17:19:05.501+0800][gc,stats    ]       Phase: Pause Mark Start                              0.000 / 0.000         0.000 / 0.000         0.013 / 0.019         0.013 / 0.019       ms
[2023-11-19T17:19:05.501+0800][gc,stats    ]       Phase: Pause Relocate Start                          0.000 / 0.000         0.000 / 0.000         0.008 / 0.009         0.008 / 0.009       ms
[2023-11-19T17:19:05.501+0800][gc,stats    ]    Subphase: Concurrent Classes Purge                      0.000 / 0.000         0.000 / 0.000         0.047 / 0.049         0.047 / 0.049       ms
[2023-11-19T17:19:05.501+0800][gc,stats    ]    Subphase: Concurrent Classes Unlink                     0.000 / 0.000         0.000 / 0.000         1.263 / 1.295         1.263 / 1.295       ms
[2023-11-19T17:19:05.501+0800][gc,stats    ]    Subphase: Concurrent Mark                               0.000 / 0.000         0.000 / 0.000        11.825 / 13.159       11.825 / 13.159      ms
[2023-11-19T17:19:05.501+0800][gc,stats    ]    Subphase: Concurrent Mark Try Flush                     0.000 / 0.000         0.000 / 0.000         0.057 / 0.108         0.057 / 0.108       ms
[2023-11-19T17:19:05.501+0800][gc,stats    ]    Subphase: Concurrent Mark Try Terminate                 0.000 / 0.000         0.000 / 0.000         1.420 / 4.236         1.420 / 4.236       ms
[2023-11-19T17:19:05.501+0800][gc,stats    ]    Subphase: Concurrent References Enqueue                 0.000 / 0.000         0.000 / 0.000         0.004 / 0.004         0.004 / 0.004       ms
[2023-11-19T17:19:05.501+0800][gc,stats    ]    Subphase: Concurrent References Process                 0.000 / 0.000         0.000 / 0.000         0.090 / 0.101         0.090 / 0.101       ms
[2023-11-19T17:19:05.501+0800][gc,stats    ]    Subphase: Concurrent Roots ClassLoaderDataGraph         0.000 / 0.000         0.000 / 0.000         0.103 / 0.506         0.103 / 0.506       ms
[2023-11-19T17:19:05.501+0800][gc,stats    ]    Subphase: Concurrent Roots CodeCache                    0.000 / 0.000         0.000 / 0.000         0.000 / 0.000         0.000 / 0.000       ms
[2023-11-19T17:19:05.501+0800][gc,stats    ]    Subphase: Concurrent Roots JavaThreads                  0.000 / 0.000         0.000 / 0.000         1.129 / 2.106         1.129 / 2.106       ms
[2023-11-19T17:19:05.501+0800][gc,stats    ]    Subphase: Concurrent Roots OopStorageSet                0.000 / 0.000         0.000 / 0.000         0.036 / 0.058         0.036 / 0.058       ms
[2023-11-19T17:19:05.501+0800][gc,stats    ]    Subphase: Concurrent Weak Roots OopStorageSet           0.000 / 0.000         0.000 / 0.000         0.328 / 0.486         0.328 / 0.486       ms
[2023-11-19T17:19:05.501+0800][gc,stats    ]    Subphase: Pause Mark Try Complete                       0.000 / 0.000         0.000 / 0.000         0.000 / 0.000         0.000 / 0.000       ms
[2023-11-19T17:19:05.501+0800][gc,stats    ]      System: Java Threads                                      0 / 0                 0 / 0                39 / 54               39 / 54          threads
[2023-11-19T17:19:05.501+0800][gc,stats    ] =========================================================================================================================================================
[2023-11-19T17:19:15.501+0800][gc,stats    ] === Garbage Collection Statistics =======================================================================================================================
[2023-11-19T17:19:15.501+0800][gc,stats    ]                                                              Last 10s              Last 10m              Last 10h                Total
[2023-11-19T17:19:15.501+0800][gc,stats    ]                                                              Avg / Max             Avg / Max             Avg / Max             Avg / Max
[2023-11-19T17:19:15.501+0800][gc,stats    ]   Collector: Garbage Collection Cycle                      0.000 / 0.000         0.000 / 0.000        23.723 / 25.775       23.723 / 25.775      ms
[2023-11-19T17:19:15.501+0800][gc,stats    ]  Contention: Mark Segment Reset Contention                     0 / 0                 0 / 0                 0 / 3                 0 / 3           ops/s
[2023-11-19T17:19:15.501+0800][gc,stats    ]  Contention: Mark SeqNum Reset Contention                      0 / 0                 0 / 0                 0 / 0                 0 / 0           ops/s
[2023-11-19T17:19:15.501+0800][gc,stats    ]    Critical: Allocation Stall                                  0 / 0                 0 / 0                 0 / 0                 0 / 0           ops/s
[2023-11-19T17:19:15.501+0800][gc,stats    ]    Critical: Allocation Stall                              0.000 / 0.000         0.000 / 0.000         0.000 / 0.000         0.000 / 0.000       ms
[2023-11-19T17:19:15.501+0800][gc,stats    ]    Critical: GC Locker Stall                                   0 / 0                 0 / 0                 0 / 0                 0 / 0           ops/s
[2023-11-19T17:19:15.501+0800][gc,stats    ]    Critical: GC Locker Stall                               0.000 / 0.000         0.000 / 0.000         0.000 / 0.000         0.000 / 0.000       ms
[2023-11-19T17:19:15.501+0800][gc,stats    ]    Critical: Relocation Stall                                  0 / 0                 0 / 0                 0 / 0                 0 / 0           ops/s
[2023-11-19T17:19:15.501+0800][gc,stats    ]    Critical: Relocation Stall                              0.000 / 0.000         0.000 / 0.000         0.000 / 0.000         0.000 / 0.000       ms
[2023-11-19T17:19:15.501+0800][gc,stats    ]      Memory: Allocation Rate                                   0 / 0                 0 / 4                 0 / 104               0 / 104         MB/s
[2023-11-19T17:19:15.501+0800][gc,stats    ]      Memory: Defragment                                        0 / 0                 0 / 0                 0 / 0                 0 / 0           ops/s
[2023-11-19T17:19:15.501+0800][gc,stats    ]      Memory: Out Of Memory                                     0 / 0                 0 / 0                 0 / 0                 0 / 0           ops/s
[2023-11-19T17:19:15.501+0800][gc,stats    ]      Memory: Page Cache Flush                                  0 / 0                 0 / 0                 0 / 0                 0 / 0           MB/s
[2023-11-19T17:19:15.501+0800][gc,stats    ]      Memory: Page Cache Hit L1                                 0 / 0                 0 / 0                 0 / 29                0 / 29          ops/s
[2023-11-19T17:19:15.501+0800][gc,stats    ]      Memory: Page Cache Hit L2                                 0 / 0                 0 / 0                 0 / 0                 0 / 0           ops/s
[2023-11-19T17:19:15.501+0800][gc,stats    ]      Memory: Page Cache Hit L3                                 0 / 0                 0 / 2                 0 / 48                0 / 48          ops/s
[2023-11-19T17:19:15.501+0800][gc,stats    ]      Memory: Page Cache Miss                                   0 / 0                 0 / 0                 0 / 1                 0 / 1           ops/s
[2023-11-19T17:19:15.501+0800][gc,stats    ]      Memory: Uncommit                                          0 / 0                 0 / 0                 0 / 0                 0 / 0           MB/s
[2023-11-19T17:19:15.501+0800][gc,stats    ]      Memory: Undo Object Allocation Failed                     0 / 0                 0 / 0                 0 / 0                 0 / 0           ops/s
[2023-11-19T17:19:15.501+0800][gc,stats    ]      Memory: Undo Object Allocation Succeeded                  0 / 0                 0 / 0                 0 / 0                 0 / 0           ops/s
[2023-11-19T17:19:15.501+0800][gc,stats    ]      Memory: Undo Page Allocation                              0 / 0                 0 / 0                 0 / 0                 0 / 0           ops/s
[2023-11-19T17:19:15.501+0800][gc,stats    ]       Phase: Concurrent Mark                               0.000 / 0.000         0.000 / 0.000        13.801 / 15.394       13.801 / 15.394      ms
[2023-11-19T17:19:15.501+0800][gc,stats    ]       Phase: Concurrent Mark Continue                      0.000 / 0.000         0.000 / 0.000         0.000 / 0.000         0.000 / 0.000       ms
[2023-11-19T17:19:15.502+0800][gc,stats    ]       Phase: Concurrent Mark Free                          0.000 / 0.000         0.000 / 0.000         0.001 / 0.001         0.001 / 0.001       ms
[2023-11-19T17:19:15.502+0800][gc,stats    ]       Phase: Concurrent Process Non-Strong References      0.000 / 0.000         0.000 / 0.000         1.810 / 1.931         1.810 / 1.931       ms
[2023-11-19T17:19:15.502+0800][gc,stats    ]       Phase: Concurrent Relocate                           0.000 / 0.000         0.000 / 0.000         2.671 / 3.187         2.671 / 3.187       ms
[2023-11-19T17:19:15.502+0800][gc,stats    ]       Phase: Concurrent Reset Relocation Set               0.000 / 0.000         0.000 / 0.000         0.001 / 0.003         0.001 / 0.003       ms
[2023-11-19T17:19:15.502+0800][gc,stats    ]       Phase: Concurrent Select Relocation Set              0.000 / 0.000         0.000 / 0.000         4.627 / 7.839         4.627 / 7.839       ms
[2023-11-19T17:19:15.502+0800][gc,stats    ]       Phase: Pause Mark End                                0.000 / 0.000         0.000 / 0.000         0.016 / 0.018         0.016 / 0.018       ms
[2023-11-19T17:19:15.502+0800][gc,stats    ]       Phase: Pause Mark Start                              0.000 / 0.000         0.000 / 0.000         0.013 / 0.019         0.013 / 0.019       ms
[2023-11-19T17:19:15.502+0800][gc,stats    ]       Phase: Pause Relocate Start                          0.000 / 0.000         0.000 / 0.000         0.008 / 0.009         0.008 / 0.009       ms
[2023-11-19T17:19:15.502+0800][gc,stats    ]    Subphase: Concurrent Classes Purge                      0.000 / 0.000         0.000 / 0.000         0.047 / 0.049         0.047 / 0.049       ms
[2023-11-19T17:19:15.502+0800][gc,stats    ]    Subphase: Concurrent Classes Unlink                     0.000 / 0.000         0.000 / 0.000         1.263 / 1.295         1.263 / 1.295       ms
[2023-11-19T17:19:15.502+0800][gc,stats    ]    Subphase: Concurrent Mark                               0.000 / 0.000         0.000 / 0.000        11.825 / 13.159       11.825 / 13.159      ms
[2023-11-19T17:19:15.502+0800][gc,stats    ]    Subphase: Concurrent Mark Try Flush                     0.000 / 0.000         0.000 / 0.000         0.057 / 0.108         0.057 / 0.108       ms
[2023-11-19T17:19:15.502+0800][gc,stats    ]    Subphase: Concurrent Mark Try Terminate                 0.000 / 0.000         0.000 / 0.000         1.420 / 4.236         1.420 / 4.236       ms
[2023-11-19T17:19:15.502+0800][gc,stats    ]    Subphase: Concurrent References Enqueue                 0.000 / 0.000         0.000 / 0.000         0.004 / 0.004         0.004 / 0.004       ms
[2023-11-19T17:19:15.502+0800][gc,stats    ]    Subphase: Concurrent References Process                 0.000 / 0.000         0.000 / 0.000         0.090 / 0.101         0.090 / 0.101       ms
[2023-11-19T17:19:15.502+0800][gc,stats    ]    Subphase: Concurrent Roots ClassLoaderDataGraph         0.000 / 0.000         0.000 / 0.000         0.103 / 0.506         0.103 / 0.506       ms
[2023-11-19T17:19:15.502+0800][gc,stats    ]    Subphase: Concurrent Roots CodeCache                    0.000 / 0.000         0.000 / 0.000         0.000 / 0.000         0.000 / 0.000       ms
[2023-11-19T17:19:15.502+0800][gc,stats    ]    Subphase: Concurrent Roots JavaThreads                  0.000 / 0.000         0.000 / 0.000         1.129 / 2.106         1.129 / 2.106       ms
[2023-11-19T17:19:15.502+0800][gc,stats    ]    Subphase: Concurrent Roots OopStorageSet                0.000 / 0.000         0.000 / 0.000         0.036 / 0.058         0.036 / 0.058       ms
[2023-11-19T17:19:15.502+0800][gc,stats    ]    Subphase: Concurrent Weak Roots OopStorageSet           0.000 / 0.000         0.000 / 0.000         0.328 / 0.486         0.328 / 0.486       ms
[2023-11-19T17:19:15.502+0800][gc,stats    ]    Subphase: Pause Mark Try Complete                       0.000 / 0.000         0.000 / 0.000         0.000 / 0.000         0.000 / 0.000       ms
[2023-11-19T17:19:15.502+0800][gc,stats    ]      System: Java Threads                                      0 / 0                 0 / 0                39 / 54               39 / 54          threads
[2023-11-19T17:19:15.502+0800][gc,stats    ] =========================================================================================================================================================
[2023-11-19T17:19:25.501+0800][gc,stats    ] === Garbage Collection Statistics =======================================================================================================================
[2023-11-19T17:19:25.501+0800][gc,stats    ]                                                              Last 10s              Last 10m              Last 10h                Total
[2023-11-19T17:19:25.501+0800][gc,stats    ]                                                              Avg / Max             Avg / Max             Avg / Max             Avg / Max
[2023-11-19T17:19:25.501+0800][gc,stats    ]   Collector: Garbage Collection Cycle                      0.000 / 0.000         0.000 / 0.000        23.723 / 25.775       23.723 / 25.775      ms
[2023-11-19T17:19:25.501+0800][gc,stats    ]  Contention: Mark Segment Reset Contention                     0 / 0                 0 / 0                 0 / 3                 0 / 3           ops/s
[2023-11-19T17:19:25.501+0800][gc,stats    ]  Contention: Mark SeqNum Reset Contention                      0 / 0                 0 / 0                 0 / 0                 0 / 0           ops/s
[2023-11-19T17:19:25.501+0800][gc,stats    ]    Critical: Allocation Stall                                  0 / 0                 0 / 0                 0 / 0                 0 / 0           ops/s
[2023-11-19T17:19:25.501+0800][gc,stats    ]    Critical: Allocation Stall                              0.000 / 0.000         0.000 / 0.000         0.000 / 0.000         0.000 / 0.000       ms
[2023-11-19T17:19:25.501+0800][gc,stats    ]    Critical: GC Locker Stall                                   0 / 0                 0 / 0                 0 / 0                 0 / 0           ops/s
[2023-11-19T17:19:25.501+0800][gc,stats    ]    Critical: GC Locker Stall                               0.000 / 0.000         0.000 / 0.000         0.000 / 0.000         0.000 / 0.000       ms
[2023-11-19T17:19:25.501+0800][gc,stats    ]    Critical: Relocation Stall                                  0 / 0                 0 / 0                 0 / 0                 0 / 0           ops/s
[2023-11-19T17:19:25.501+0800][gc,stats    ]    Critical: Relocation Stall                              0.000 / 0.000         0.000 / 0.000         0.000 / 0.000         0.000 / 0.000       ms
[2023-11-19T17:19:25.501+0800][gc,stats    ]      Memory: Allocation Rate                                   0 / 0                 0 / 4                 0 / 104               0 / 104         MB/s
[2023-11-19T17:19:25.501+0800][gc,stats    ]      Memory: Defragment                                        0 / 0                 0 / 0                 0 / 0                 0 / 0           ops/s
[2023-11-19T17:19:25.501+0800][gc,stats    ]      Memory: Out Of Memory                                     0 / 0                 0 / 0                 0 / 0                 0 / 0           ops/s
[2023-11-19T17:19:25.501+0800][gc,stats    ]      Memory: Page Cache Flush                                  0 / 0                 0 / 0                 0 / 0                 0 / 0           MB/s
[2023-11-19T17:19:25.501+0800][gc,stats    ]      Memory: Page Cache Hit L1                                 0 / 0                 0 / 0                 0 / 29                0 / 29          ops/s
[2023-11-19T17:19:25.501+0800][gc,stats    ]      Memory: Page Cache Hit L2                                 0 / 0                 0 / 0                 0 / 0                 0 / 0           ops/s
[2023-11-19T17:19:25.501+0800][gc,stats    ]      Memory: Page Cache Hit L3                                 0 / 0                 0 / 2                 0 / 48                0 / 48          ops/s
[2023-11-19T17:19:25.501+0800][gc,stats    ]      Memory: Page Cache Miss                                   0 / 0                 0 / 0                 0 / 1                 0 / 1           ops/s
[2023-11-19T17:19:25.501+0800][gc,stats    ]      Memory: Uncommit                                          0 / 0                 0 / 0                 0 / 0                 0 / 0           MB/s
[2023-11-19T17:19:25.501+0800][gc,stats    ]      Memory: Undo Object Allocation Failed                     0 / 0                 0 / 0                 0 / 0                 0 / 0           ops/s
[2023-11-19T17:19:25.501+0800][gc,stats    ]      Memory: Undo Object Allocation Succeeded                  0 / 0                 0 / 0                 0 / 0                 0 / 0           ops/s
[2023-11-19T17:19:25.501+0800][gc,stats    ]      Memory: Undo Page Allocation                              0 / 0                 0 / 0                 0 / 0                 0 / 0           ops/s
[2023-11-19T17:19:25.501+0800][gc,stats    ]       Phase: Concurrent Mark                               0.000 / 0.000         0.000 / 0.000        13.801 / 15.394       13.801 / 15.394      ms
[2023-11-19T17:19:25.501+0800][gc,stats    ]       Phase: Concurrent Mark Continue                      0.000 / 0.000         0.000 / 0.000         0.000 / 0.000         0.000 / 0.000       ms
[2023-11-19T17:19:25.501+0800][gc,stats    ]       Phase: Concurrent Mark Free                          0.000 / 0.000         0.000 / 0.000         0.001 / 0.001         0.001 / 0.001       ms
[2023-11-19T17:19:25.501+0800][gc,stats    ]       Phase: Concurrent Process Non-Strong References      0.000 / 0.000         0.000 / 0.000         1.810 / 1.931         1.810 / 1.931       ms
[2023-11-19T17:19:25.501+0800][gc,stats    ]       Phase: Concurrent Relocate                           0.000 / 0.000         0.000 / 0.000         2.671 / 3.187         2.671 / 3.187       ms
[2023-11-19T17:19:25.501+0800][gc,stats    ]       Phase: Concurrent Reset Relocation Set               0.000 / 0.000         0.000 / 0.000         0.001 / 0.003         0.001 / 0.003       ms
[2023-11-19T17:19:25.501+0800][gc,stats    ]       Phase: Concurrent Select Relocation Set              0.000 / 0.000         0.000 / 0.000         4.627 / 7.839         4.627 / 7.839       ms
[2023-11-19T17:19:25.501+0800][gc,stats    ]       Phase: Pause Mark End                                0.000 / 0.000         0.000 / 0.000         0.016 / 0.018         0.016 / 0.018       ms
[2023-11-19T17:19:25.501+0800][gc,stats    ]       Phase: Pause Mark Start                              0.000 / 0.000         0.000 / 0.000         0.013 / 0.019         0.013 / 0.019       ms
[2023-11-19T17:19:25.501+0800][gc,stats    ]       Phase: Pause Relocate Start                          0.000 / 0.000         0.000 / 0.000         0.008 / 0.009         0.008 / 0.009       ms
[2023-11-19T17:19:25.501+0800][gc,stats    ]    Subphase: Concurrent Classes Purge                      0.000 / 0.000         0.000 / 0.000         0.047 / 0.049         0.047 / 0.049       ms
[2023-11-19T17:19:25.501+0800][gc,stats    ]    Subphase: Concurrent Classes Unlink                     0.000 / 0.000         0.000 / 0.000         1.263 / 1.295         1.263 / 1.295       ms
[2023-11-19T17:19:25.502+0800][gc,stats    ]    Subphase: Concurrent Mark                               0.000 / 0.000         0.000 / 0.000        11.825 / 13.159       11.825 / 13.159      ms
[2023-11-19T17:19:25.502+0800][gc,stats    ]    Subphase: Concurrent Mark Try Flush                     0.000 / 0.000         0.000 / 0.000         0.057 / 0.108         0.057 / 0.108       ms
[2023-11-19T17:19:25.502+0800][gc,stats    ]    Subphase: Concurrent Mark Try Terminate                 0.000 / 0.000         0.000 / 0.000         1.420 / 4.236         1.420 / 4.236       ms
[2023-11-19T17:19:25.502+0800][gc,stats    ]    Subphase: Concurrent References Enqueue                 0.000 / 0.000         0.000 / 0.000         0.004 / 0.004         0.004 / 0.004       ms
[2023-11-19T17:19:25.502+0800][gc,stats    ]    Subphase: Concurrent References Process                 0.000 / 0.000         0.000 / 0.000         0.090 / 0.101         0.090 / 0.101       ms
[2023-11-19T17:19:25.502+0800][gc,stats    ]    Subphase: Concurrent Roots ClassLoaderDataGraph         0.000 / 0.000         0.000 / 0.000         0.103 / 0.506         0.103 / 0.506       ms
[2023-11-19T17:19:25.502+0800][gc,stats    ]    Subphase: Concurrent Roots CodeCache                    0.000 / 0.000         0.000 / 0.000         0.000 / 0.000         0.000 / 0.000       ms
[2023-11-19T17:19:25.502+0800][gc,stats    ]    Subphase: Concurrent Roots JavaThreads                  0.000 / 0.000         0.000 / 0.000         1.129 / 2.106         1.129 / 2.106       ms
[2023-11-19T17:19:25.502+0800][gc,stats    ]    Subphase: Concurrent Roots OopStorageSet                0.000 / 0.000         0.000 / 0.000         0.036 / 0.058         0.036 / 0.058       ms
[2023-11-19T17:19:25.502+0800][gc,stats    ]    Subphase: Concurrent Weak Roots OopStorageSet           0.000 / 0.000         0.000 / 0.000         0.328 / 0.486         0.328 / 0.486       ms
[2023-11-19T17:19:25.502+0800][gc,stats    ]    Subphase: Pause Mark Try Complete                       0.000 / 0.000         0.000 / 0.000         0.000 / 0.000         0.000 / 0.000       ms
[2023-11-19T17:19:25.502+0800][gc,stats    ]      System: Java Threads                                      0 / 0                 0 / 0                39 / 54               39 / 54          threads
[2023-11-19T17:19:25.502+0800][gc,stats    ] =========================================================================================================================================================
[2023-11-19T17:19:35.501+0800][gc,stats    ] === Garbage Collection Statistics =======================================================================================================================
[2023-11-19T17:19:35.501+0800][gc,stats    ]                                                              Last 10s              Last 10m              Last 10h                Total
[2023-11-19T17:19:35.501+0800][gc,stats    ]                                                              Avg / Max             Avg / Max             Avg / Max             Avg / Max
[2023-11-19T17:19:35.501+0800][gc,stats    ]   Collector: Garbage Collection Cycle                      0.000 / 0.000         0.000 / 0.000        23.723 / 25.775       23.723 / 25.775      ms
[2023-11-19T17:19:35.501+0800][gc,stats    ]  Contention: Mark Segment Reset Contention                     0 / 0                 0 / 0                 0 / 3                 0 / 3           ops/s
[2023-11-19T17:19:35.501+0800][gc,stats    ]  Contention: Mark SeqNum Reset Contention                      0 / 0                 0 / 0                 0 / 0                 0 / 0           ops/s
[2023-11-19T17:19:35.501+0800][gc,stats    ]    Critical: Allocation Stall                                  0 / 0                 0 / 0                 0 / 0                 0 / 0           ops/s
[2023-11-19T17:19:35.501+0800][gc,stats    ]    Critical: Allocation Stall                              0.000 / 0.000         0.000 / 0.000         0.000 / 0.000         0.000 / 0.000       ms
[2023-11-19T17:19:35.501+0800][gc,stats    ]    Critical: GC Locker Stall                                   0 / 0                 0 / 0                 0 / 0                 0 / 0           ops/s
[2023-11-19T17:19:35.501+0800][gc,stats    ]    Critical: GC Locker Stall                               0.000 / 0.000         0.000 / 0.000         0.000 / 0.000         0.000 / 0.000       ms
[2023-11-19T17:19:35.501+0800][gc,stats    ]    Critical: Relocation Stall                                  0 / 0                 0 / 0                 0 / 0                 0 / 0           ops/s
[2023-11-19T17:19:35.501+0800][gc,stats    ]    Critical: Relocation Stall                              0.000 / 0.000         0.000 / 0.000         0.000 / 0.000         0.000 / 0.000       ms
[2023-11-19T17:19:35.501+0800][gc,stats    ]      Memory: Allocation Rate                                   0 / 0                 0 / 4                 0 / 104               0 / 104         MB/s
[2023-11-19T17:19:35.501+0800][gc,stats    ]      Memory: Defragment                                        0 / 0                 0 / 0                 0 / 0                 0 / 0           ops/s
[2023-11-19T17:19:35.501+0800][gc,stats    ]      Memory: Out Of Memory                                     0 / 0                 0 / 0                 0 / 0                 0 / 0           ops/s
[2023-11-19T17:19:35.501+0800][gc,stats    ]      Memory: Page Cache Flush                                  0 / 0                 0 / 0                 0 / 0                 0 / 0           MB/s
[2023-11-19T17:19:35.501+0800][gc,stats    ]      Memory: Page Cache Hit L1                                 0 / 0                 0 / 0                 0 / 29                0 / 29          ops/s
[2023-11-19T17:19:35.501+0800][gc,stats    ]      Memory: Page Cache Hit L2                                 0 / 0                 0 / 0                 0 / 0                 0 / 0           ops/s
[2023-11-19T17:19:35.501+0800][gc,stats    ]      Memory: Page Cache Hit L3                                 0 / 0                 0 / 2                 0 / 48                0 / 48          ops/s
[2023-11-19T17:19:35.501+0800][gc,stats    ]      Memory: Page Cache Miss                                   0 / 0                 0 / 0                 0 / 1                 0 / 1           ops/s
[2023-11-19T17:19:35.501+0800][gc,stats    ]      Memory: Uncommit                                          0 / 0                 0 / 0                 0 / 0                 0 / 0           MB/s
[2023-11-19T17:19:35.501+0800][gc,stats    ]      Memory: Undo Object Allocation Failed                     0 / 0                 0 / 0                 0 / 0                 0 / 0           ops/s
[2023-11-19T17:19:35.501+0800][gc,stats    ]      Memory: Undo Object Allocation Succeeded                  0 / 0                 0 / 0                 0 / 0                 0 / 0           ops/s
[2023-11-19T17:19:35.501+0800][gc,stats    ]      Memory: Undo Page Allocation                              0 / 0                 0 / 0                 0 / 0                 0 / 0           ops/s
[2023-11-19T17:19:35.501+0800][gc,stats    ]       Phase: Concurrent Mark                               0.000 / 0.000         0.000 / 0.000        13.801 / 15.394       13.801 / 15.394      ms
[2023-11-19T17:19:35.501+0800][gc,stats    ]       Phase: Concurrent Mark Continue                      0.000 / 0.000         0.000 / 0.000         0.000 / 0.000         0.000 / 0.000       ms
[2023-11-19T17:19:35.501+0800][gc,stats    ]       Phase: Concurrent Mark Free                          0.000 / 0.000         0.000 / 0.000         0.001 / 0.001         0.001 / 0.001       ms
[2023-11-19T17:19:35.501+0800][gc,stats    ]       Phase: Concurrent Process Non-Strong References      0.000 / 0.000         0.000 / 0.000         1.810 / 1.931         1.810 / 1.931       ms
[2023-11-19T17:19:35.501+0800][gc,stats    ]       Phase: Concurrent Relocate                           0.000 / 0.000         0.000 / 0.000         2.671 / 3.187         2.671 / 3.187       ms
[2023-11-19T17:19:35.501+0800][gc,stats    ]       Phase: Concurrent Reset Relocation Set               0.000 / 0.000         0.000 / 0.000         0.001 / 0.003         0.001 / 0.003       ms
[2023-11-19T17:19:35.501+0800][gc,stats    ]       Phase: Concurrent Select Relocation Set              0.000 / 0.000         0.000 / 0.000         4.627 / 7.839         4.627 / 7.839       ms
[2023-11-19T17:19:35.501+0800][gc,stats    ]       Phase: Pause Mark End                                0.000 / 0.000         0.000 / 0.000         0.016 / 0.018         0.016 / 0.018       ms
[2023-11-19T17:19:35.501+0800][gc,stats    ]       Phase: Pause Mark Start                              0.000 / 0.000         0.000 / 0.000         0.013 / 0.019         0.013 / 0.019       ms
[2023-11-19T17:19:35.501+0800][gc,stats    ]       Phase: Pause Relocate Start                          0.000 / 0.000         0.000 / 0.000         0.008 / 0.009         0.008 / 0.009       ms
[2023-11-19T17:19:35.501+0800][gc,stats    ]    Subphase: Concurrent Classes Purge                      0.000 / 0.000         0.000 / 0.000         0.047 / 0.049         0.047 / 0.049       ms
[2023-11-19T17:19:35.501+0800][gc,stats    ]    Subphase: Concurrent Classes Unlink                     0.000 / 0.000         0.000 / 0.000         1.263 / 1.295         1.263 / 1.295       ms
[2023-11-19T17:19:35.501+0800][gc,stats    ]    Subphase: Concurrent Mark                               0.000 / 0.000         0.000 / 0.000        11.825 / 13.159       11.825 / 13.159      ms
[2023-11-19T17:19:35.501+0800][gc,stats    ]    Subphase: Concurrent Mark Try Flush                     0.000 / 0.000         0.000 / 0.000         0.057 / 0.108         0.057 / 0.108       ms
[2023-11-19T17:19:35.501+0800][gc,stats    ]    Subphase: Concurrent Mark Try Terminate                 0.000 / 0.000         0.000 / 0.000         1.420 / 4.236         1.420 / 4.236       ms
[2023-11-19T17:19:35.501+0800][gc,stats    ]    Subphase: Concurrent References Enqueue                 0.000 / 0.000         0.000 / 0.000         0.004 / 0.004         0.004 / 0.004       ms
[2023-11-19T17:19:35.501+0800][gc,stats    ]    Subphase: Concurrent References Process                 0.000 / 0.000         0.000 / 0.000         0.090 / 0.101         0.090 / 0.101       ms
[2023-11-19T17:19:35.501+0800][gc,stats    ]    Subphase: Concurrent Roots ClassLoaderDataGraph         0.000 / 0.000         0.000 / 0.000         0.103 / 0.506         0.103 / 0.506       ms
[2023-11-19T17:19:35.501+0800][gc,stats    ]    Subphase: Concurrent Roots CodeCache                    0.000 / 0.000         0.000 / 0.000         0.000 / 0.000         0.000 / 0.000       ms
[2023-11-19T17:19:35.501+0800][gc,stats    ]    Subphase: Concurrent Roots JavaThreads                  0.000 / 0.000         0.000 / 0.000         1.129 / 2.106         1.129 / 2.106       ms
[2023-11-19T17:19:35.501+0800][gc,stats    ]    Subphase: Concurrent Roots OopStorageSet                0.000 / 0.000         0.000 / 0.000         0.036 / 0.058         0.036 / 0.058       ms
[2023-11-19T17:19:35.501+0800][gc,stats    ]    Subphase: Concurrent Weak Roots OopStorageSet           0.000 / 0.000         0.000 / 0.000         0.328 / 0.486         0.328 / 0.486       ms
[2023-11-19T17:19:35.501+0800][gc,stats    ]    Subphase: Pause Mark Try Complete                       0.000 / 0.000         0.000 / 0.000         0.000 / 0.000         0.000 / 0.000       ms
[2023-11-19T17:19:35.501+0800][gc,stats    ]      System: Java Threads                                      0 / 0                 0 / 0                39 / 54               39 / 54          threads
[2023-11-19T17:19:35.501+0800][gc,stats    ] =========================================================================================================================================================
[2023-11-19T17:19:45.502+0800][gc,stats    ] === Garbage Collection Statistics =======================================================================================================================
[2023-11-19T17:19:45.502+0800][gc,stats    ]                                                              Last 10s              Last 10m              Last 10h                Total
[2023-11-19T17:19:45.502+0800][gc,stats    ]                                                              Avg / Max             Avg / Max             Avg / Max             Avg / Max
[2023-11-19T17:19:45.502+0800][gc,stats    ]   Collector: Garbage Collection Cycle                      0.000 / 0.000         0.000 / 0.000        23.723 / 25.775       23.723 / 25.775      ms
[2023-11-19T17:19:45.502+0800][gc,stats    ]  Contention: Mark Segment Reset Contention                     0 / 0                 0 / 0                 0 / 3                 0 / 3           ops/s
[2023-11-19T17:19:45.502+0800][gc,stats    ]  Contention: Mark SeqNum Reset Contention                      0 / 0                 0 / 0                 0 / 0                 0 / 0           ops/s
[2023-11-19T17:19:45.502+0800][gc,stats    ]    Critical: Allocation Stall                                  0 / 0                 0 / 0                 0 / 0                 0 / 0           ops/s
[2023-11-19T17:19:45.502+0800][gc,stats    ]    Critical: Allocation Stall                              0.000 / 0.000         0.000 / 0.000         0.000 / 0.000         0.000 / 0.000       ms
[2023-11-19T17:19:45.502+0800][gc,stats    ]    Critical: GC Locker Stall                                   0 / 0                 0 / 0                 0 / 0                 0 / 0           ops/s
[2023-11-19T17:19:45.502+0800][gc,stats    ]    Critical: GC Locker Stall                               0.000 / 0.000         0.000 / 0.000         0.000 / 0.000         0.000 / 0.000       ms
[2023-11-19T17:19:45.502+0800][gc,stats    ]    Critical: Relocation Stall                                  0 / 0                 0 / 0                 0 / 0                 0 / 0           ops/s
[2023-11-19T17:19:45.502+0800][gc,stats    ]    Critical: Relocation Stall                              0.000 / 0.000         0.000 / 0.000         0.000 / 0.000         0.000 / 0.000       ms
[2023-11-19T17:19:45.502+0800][gc,stats    ]      Memory: Allocation Rate                                   0 / 2                 0 / 4                 0 / 104               0 / 104         MB/s
[2023-11-19T17:19:45.502+0800][gc,stats    ]      Memory: Defragment                                        0 / 0                 0 / 0                 0 / 0                 0 / 0           ops/s
[2023-11-19T17:19:45.502+0800][gc,stats    ]      Memory: Out Of Memory                                     0 / 0                 0 / 0                 0 / 0                 0 / 0           ops/s
[2023-11-19T17:19:45.502+0800][gc,stats    ]      Memory: Page Cache Flush                                  0 / 0                 0 / 0                 0 / 0                 0 / 0           MB/s
[2023-11-19T17:19:45.502+0800][gc,stats    ]      Memory: Page Cache Hit L1                                 0 / 0                 0 / 0                 0 / 29                0 / 29          ops/s
[2023-11-19T17:19:45.502+0800][gc,stats    ]      Memory: Page Cache Hit L2                                 0 / 0                 0 / 0                 0 / 0                 0 / 0           ops/s
[2023-11-19T17:19:45.502+0800][gc,stats    ]      Memory: Page Cache Hit L3                                 0 / 1                 0 / 2                 0 / 48                0 / 48          ops/s
[2023-11-19T17:19:45.502+0800][gc,stats    ]      Memory: Page Cache Miss                                   0 / 0                 0 / 0                 0 / 1                 0 / 1           ops/s
[2023-11-19T17:19:45.502+0800][gc,stats    ]      Memory: Uncommit                                          0 / 0                 0 / 0                 0 / 0                 0 / 0           MB/s
[2023-11-19T17:19:45.502+0800][gc,stats    ]      Memory: Undo Object Allocation Failed                     0 / 0                 0 / 0                 0 / 0                 0 / 0           ops/s
[2023-11-19T17:19:45.502+0800][gc,stats    ]      Memory: Undo Object Allocation Succeeded                  0 / 0                 0 / 0                 0 / 0                 0 / 0           ops/s
[2023-11-19T17:19:45.502+0800][gc,stats    ]      Memory: Undo Page Allocation                              0 / 0                 0 / 0                 0 / 0                 0 / 0           ops/s
[2023-11-19T17:19:45.502+0800][gc,stats    ]       Phase: Concurrent Mark                               0.000 / 0.000         0.000 / 0.000        13.801 / 15.394       13.801 / 15.394      ms
[2023-11-19T17:19:45.502+0800][gc,stats    ]       Phase: Concurrent Mark Continue                      0.000 / 0.000         0.000 / 0.000         0.000 / 0.000         0.000 / 0.000       ms
[2023-11-19T17:19:45.502+0800][gc,stats    ]       Phase: Concurrent Mark Free                          0.000 / 0.000         0.000 / 0.000         0.001 / 0.001         0.001 / 0.001       ms
[2023-11-19T17:19:45.502+0800][gc,stats    ]       Phase: Concurrent Process Non-Strong References      0.000 / 0.000         0.000 / 0.000         1.810 / 1.931         1.810 / 1.931       ms
[2023-11-19T17:19:45.502+0800][gc,stats    ]       Phase: Concurrent Relocate                           0.000 / 0.000         0.000 / 0.000         2.671 / 3.187         2.671 / 3.187       ms
[2023-11-19T17:19:45.502+0800][gc,stats    ]       Phase: Concurrent Reset Relocation Set               0.000 / 0.000         0.000 / 0.000         0.001 / 0.003         0.001 / 0.003       ms
[2023-11-19T17:19:45.502+0800][gc,stats    ]       Phase: Concurrent Select Relocation Set              0.000 / 0.000         0.000 / 0.000         4.627 / 7.839         4.627 / 7.839       ms
[2023-11-19T17:19:45.502+0800][gc,stats    ]       Phase: Pause Mark End                                0.000 / 0.000         0.000 / 0.000         0.016 / 0.018         0.016 / 0.018       ms
[2023-11-19T17:19:45.502+0800][gc,stats    ]       Phase: Pause Mark Start                              0.000 / 0.000         0.000 / 0.000         0.013 / 0.019         0.013 / 0.019       ms
[2023-11-19T17:19:45.502+0800][gc,stats    ]       Phase: Pause Relocate Start                          0.000 / 0.000         0.000 / 0.000         0.008 / 0.009         0.008 / 0.009       ms
[2023-11-19T17:19:45.502+0800][gc,stats    ]    Subphase: Concurrent Classes Purge                      0.000 / 0.000         0.000 / 0.000         0.047 / 0.049         0.047 / 0.049       ms
[2023-11-19T17:19:45.502+0800][gc,stats    ]    Subphase: Concurrent Classes Unlink                     0.000 / 0.000         0.000 / 0.000         1.263 / 1.295         1.263 / 1.295       ms
[2023-11-19T17:19:45.502+0800][gc,stats    ]    Subphase: Concurrent Mark                               0.000 / 0.000         0.000 / 0.000        11.825 / 13.159       11.825 / 13.159      ms
[2023-11-19T17:19:45.502+0800][gc,stats    ]    Subphase: Concurrent Mark Try Flush                     0.000 / 0.000         0.000 / 0.000         0.057 / 0.108         0.057 / 0.108       ms
[2023-11-19T17:19:45.502+0800][gc,stats    ]    Subphase: Concurrent Mark Try Terminate                 0.000 / 0.000         0.000 / 0.000         1.420 / 4.236         1.420 / 4.236       ms
[2023-11-19T17:19:45.502+0800][gc,stats    ]    Subphase: Concurrent References Enqueue                 0.000 / 0.000         0.000 / 0.000         0.004 / 0.004         0.004 / 0.004       ms
[2023-11-19T17:19:45.502+0800][gc,stats    ]    Subphase: Concurrent References Process                 0.000 / 0.000         0.000 / 0.000         0.090 / 0.101         0.090 / 0.101       ms
[2023-11-19T17:19:45.502+0800][gc,stats    ]    Subphase: Concurrent Roots ClassLoaderDataGraph         0.000 / 0.000         0.000 / 0.000         0.103 / 0.506         0.103 / 0.506       ms
[2023-11-19T17:19:45.502+0800][gc,stats    ]    Subphase: Concurrent Roots CodeCache                    0.000 / 0.000         0.000 / 0.000         0.000 / 0.000         0.000 / 0.000       ms
[2023-11-19T17:19:45.502+0800][gc,stats    ]    Subphase: Concurrent Roots JavaThreads                  0.000 / 0.000         0.000 / 0.000         1.129 / 2.106         1.129 / 2.106       ms
[2023-11-19T17:19:45.502+0800][gc,stats    ]    Subphase: Concurrent Roots OopStorageSet                0.000 / 0.000         0.000 / 0.000         0.036 / 0.058         0.036 / 0.058       ms
[2023-11-19T17:19:45.502+0800][gc,stats    ]    Subphase: Concurrent Weak Roots OopStorageSet           0.000 / 0.000         0.000 / 0.000         0.328 / 0.486         0.328 / 0.486       ms
[2023-11-19T17:19:45.502+0800][gc,stats    ]    Subphase: Pause Mark Try Complete                       0.000 / 0.000         0.000 / 0.000         0.000 / 0.000         0.000 / 0.000       ms
[2023-11-19T17:19:45.502+0800][gc,stats    ]      System: Java Threads                                      0 / 0                 0 / 0                39 / 54               39 / 54          threads
[2023-11-19T17:19:45.502+0800][gc,stats    ] =========================================================================================================================================================
[2023-11-19T17:19:55.501+0800][gc,stats    ] === Garbage Collection Statistics =======================================================================================================================
[2023-11-19T17:19:55.501+0800][gc,stats    ]                                                              Last 10s              Last 10m              Last 10h                Total
[2023-11-19T17:19:55.501+0800][gc,stats    ]                                                              Avg / Max             Avg / Max             Avg / Max             Avg / Max
[2023-11-19T17:19:55.501+0800][gc,stats    ]   Collector: Garbage Collection Cycle                      0.000 / 0.000         0.000 / 0.000        23.723 / 25.775       23.723 / 25.775      ms
[2023-11-19T17:19:55.501+0800][gc,stats    ]  Contention: Mark Segment Reset Contention                     0 / 0                 0 / 0                 0 / 3                 0 / 3           ops/s
[2023-11-19T17:19:55.501+0800][gc,stats    ]  Contention: Mark SeqNum Reset Contention                      0 / 0                 0 / 0                 0 / 0                 0 / 0           ops/s
[2023-11-19T17:19:55.501+0800][gc,stats    ]    Critical: Allocation Stall                                  0 / 0                 0 / 0                 0 / 0                 0 / 0           ops/s
[2023-11-19T17:19:55.501+0800][gc,stats    ]    Critical: Allocation Stall                              0.000 / 0.000         0.000 / 0.000         0.000 / 0.000         0.000 / 0.000       ms
[2023-11-19T17:19:55.501+0800][gc,stats    ]    Critical: GC Locker Stall                                   0 / 0                 0 / 0                 0 / 0                 0 / 0           ops/s
[2023-11-19T17:19:55.501+0800][gc,stats    ]    Critical: GC Locker Stall                               0.000 / 0.000         0.000 / 0.000         0.000 / 0.000         0.000 / 0.000       ms
[2023-11-19T17:19:55.501+0800][gc,stats    ]    Critical: Relocation Stall                                  0 / 0                 0 / 0                 0 / 0                 0 / 0           ops/s
[2023-11-19T17:19:55.501+0800][gc,stats    ]    Critical: Relocation Stall                              0.000 / 0.000         0.000 / 0.000         0.000 / 0.000         0.000 / 0.000       ms
[2023-11-19T17:19:55.501+0800][gc,stats    ]      Memory: Allocation Rate                                   0 / 2                 0 / 4                 0 / 104               0 / 104         MB/s
[2023-11-19T17:19:55.501+0800][gc,stats    ]      Memory: Defragment                                        0 / 0                 0 / 0                 0 / 0                 0 / 0           ops/s
[2023-11-19T17:19:55.501+0800][gc,stats    ]      Memory: Out Of Memory                                     0 / 0                 0 / 0                 0 / 0                 0 / 0           ops/s
[2023-11-19T17:19:55.501+0800][gc,stats    ]      Memory: Page Cache Flush                                  0 / 0                 0 / 0                 0 / 0                 0 / 0           MB/s
[2023-11-19T17:19:55.501+0800][gc,stats    ]      Memory: Page Cache Hit L1                                 0 / 0                 0 / 0                 0 / 29                0 / 29          ops/s
[2023-11-19T17:19:55.501+0800][gc,stats    ]      Memory: Page Cache Hit L2                                 0 / 0                 0 / 0                 0 / 0                 0 / 0           ops/s
[2023-11-19T17:19:55.501+0800][gc,stats    ]      Memory: Page Cache Hit L3                                 0 / 1                 0 / 2                 0 / 48                0 / 48          ops/s
[2023-11-19T17:19:55.501+0800][gc,stats    ]      Memory: Page Cache Miss                                   0 / 0                 0 / 0                 0 / 1                 0 / 1           ops/s
[2023-11-19T17:19:55.501+0800][gc,stats    ]      Memory: Uncommit                                          0 / 0                 0 / 0                 0 / 0                 0 / 0           MB/s
[2023-11-19T17:19:55.501+0800][gc,stats    ]      Memory: Undo Object Allocation Failed                     0 / 0                 0 / 0                 0 / 0                 0 / 0           ops/s
[2023-11-19T17:19:55.501+0800][gc,stats    ]      Memory: Undo Object Allocation Succeeded                  0 / 0                 0 / 0                 0 / 0                 0 / 0           ops/s
[2023-11-19T17:19:55.501+0800][gc,stats    ]      Memory: Undo Page Allocation                              0 / 0                 0 / 0                 0 / 0                 0 / 0           ops/s
[2023-11-19T17:19:55.501+0800][gc,stats    ]       Phase: Concurrent Mark                               0.000 / 0.000         0.000 / 0.000        13.801 / 15.394       13.801 / 15.394      ms
[2023-11-19T17:19:55.501+0800][gc,stats    ]       Phase: Concurrent Mark Continue                      0.000 / 0.000         0.000 / 0.000         0.000 / 0.000         0.000 / 0.000       ms
[2023-11-19T17:19:55.501+0800][gc,stats    ]       Phase: Concurrent Mark Free                          0.000 / 0.000         0.000 / 0.000         0.001 / 0.001         0.001 / 0.001       ms
[2023-11-19T17:19:55.501+0800][gc,stats    ]       Phase: Concurrent Process Non-Strong References      0.000 / 0.000         0.000 / 0.000         1.810 / 1.931         1.810 / 1.931       ms
[2023-11-19T17:19:55.501+0800][gc,stats    ]       Phase: Concurrent Relocate                           0.000 / 0.000         0.000 / 0.000         2.671 / 3.187         2.671 / 3.187       ms
[2023-11-19T17:19:55.501+0800][gc,stats    ]       Phase: Concurrent Reset Relocation Set               0.000 / 0.000         0.000 / 0.000         0.001 / 0.003         0.001 / 0.003       ms
[2023-11-19T17:19:55.501+0800][gc,stats    ]       Phase: Concurrent Select Relocation Set              0.000 / 0.000         0.000 / 0.000         4.627 / 7.839         4.627 / 7.839       ms
[2023-11-19T17:19:55.501+0800][gc,stats    ]       Phase: Pause Mark End                                0.000 / 0.000         0.000 / 0.000         0.016 / 0.018         0.016 / 0.018       ms
[2023-11-19T17:19:55.501+0800][gc,stats    ]       Phase: Pause Mark Start                              0.000 / 0.000         0.000 / 0.000         0.013 / 0.019         0.013 / 0.019       ms
[2023-11-19T17:19:55.501+0800][gc,stats    ]       Phase: Pause Relocate Start                          0.000 / 0.000         0.000 / 0.000         0.008 / 0.009         0.008 / 0.009       ms
[2023-11-19T17:19:55.501+0800][gc,stats    ]    Subphase: Concurrent Classes Purge                      0.000 / 0.000         0.000 / 0.000         0.047 / 0.049         0.047 / 0.049       ms
[2023-11-19T17:19:55.501+0800][gc,stats    ]    Subphase: Concurrent Classes Unlink                     0.000 / 0.000         0.000 / 0.000         1.263 / 1.295         1.263 / 1.295       ms
[2023-11-19T17:19:55.501+0800][gc,stats    ]    Subphase: Concurrent Mark                               0.000 / 0.000         0.000 / 0.000        11.825 / 13.159       11.825 / 13.159      ms
[2023-11-19T17:19:55.501+0800][gc,stats    ]    Subphase: Concurrent Mark Try Flush                     0.000 / 0.000         0.000 / 0.000         0.057 / 0.108         0.057 / 0.108       ms
[2023-11-19T17:19:55.501+0800][gc,stats    ]    Subphase: Concurrent Mark Try Terminate                 0.000 / 0.000         0.000 / 0.000         1.420 / 4.236         1.420 / 4.236       ms
[2023-11-19T17:19:55.501+0800][gc,stats    ]    Subphase: Concurrent References Enqueue                 0.000 / 0.000         0.000 / 0.000         0.004 / 0.004         0.004 / 0.004       ms
[2023-11-19T17:19:55.501+0800][gc,stats    ]    Subphase: Concurrent References Process                 0.000 / 0.000         0.000 / 0.000         0.090 / 0.101         0.090 / 0.101       ms
[2023-11-19T17:19:55.501+0800][gc,stats    ]    Subphase: Concurrent Roots ClassLoaderDataGraph         0.000 / 0.000         0.000 / 0.000         0.103 / 0.506         0.103 / 0.506       ms
[2023-11-19T17:19:55.501+0800][gc,stats    ]    Subphase: Concurrent Roots CodeCache                    0.000 / 0.000         0.000 / 0.000         0.000 / 0.000         0.000 / 0.000       ms
[2023-11-19T17:19:55.501+0800][gc,stats    ]    Subphase: Concurrent Roots JavaThreads                  0.000 / 0.000         0.000 / 0.000         1.129 / 2.106         1.129 / 2.106       ms
[2023-11-19T17:19:55.501+0800][gc,stats    ]    Subphase: Concurrent Roots OopStorageSet                0.000 / 0.000         0.000 / 0.000         0.036 / 0.058         0.036 / 0.058       ms
[2023-11-19T17:19:55.501+0800][gc,stats    ]    Subphase: Concurrent Weak Roots OopStorageSet           0.000 / 0.000         0.000 / 0.000         0.328 / 0.486         0.328 / 0.486       ms
[2023-11-19T17:19:55.501+0800][gc,stats    ]    Subphase: Pause Mark Try Complete                       0.000 / 0.000         0.000 / 0.000         0.000 / 0.000         0.000 / 0.000       ms
[2023-11-19T17:19:55.501+0800][gc,stats    ]      System: Java Threads                                      0 / 0                 0 / 0                39 / 54               39 / 54          threads
[2023-11-19T17:19:55.501+0800][gc,stats    ] =========================================================================================================================================================
[2023-11-19T17:20:05.500+0800][gc,stats    ] === Garbage Collection Statistics =======================================================================================================================
[2023-11-19T17:20:05.500+0800][gc,stats    ]                                                              Last 10s              Last 10m              Last 10h                Total
[2023-11-19T17:20:05.500+0800][gc,stats    ]                                                              Avg / Max             Avg / Max             Avg / Max             Avg / Max
[2023-11-19T17:20:05.500+0800][gc,stats    ]   Collector: Garbage Collection Cycle                      0.000 / 0.000         0.000 / 0.000        23.723 / 25.775       23.723 / 25.775      ms
[2023-11-19T17:20:05.500+0800][gc,stats    ]  Contention: Mark Segment Reset Contention                     0 / 0                 0 / 0                 0 / 3                 0 / 3           ops/s
[2023-11-19T17:20:05.500+0800][gc,stats    ]  Contention: Mark SeqNum Reset Contention                      0 / 0                 0 / 0                 0 / 0                 0 / 0           ops/s
[2023-11-19T17:20:05.500+0800][gc,stats    ]    Critical: Allocation Stall                                  0 / 0                 0 / 0                 0 / 0                 0 / 0           ops/s
[2023-11-19T17:20:05.500+0800][gc,stats    ]    Critical: Allocation Stall                              0.000 / 0.000         0.000 / 0.000         0.000 / 0.000         0.000 / 0.000       ms
[2023-11-19T17:20:05.500+0800][gc,stats    ]    Critical: GC Locker Stall                                   0 / 0                 0 / 0                 0 / 0                 0 / 0           ops/s
[2023-11-19T17:20:05.500+0800][gc,stats    ]    Critical: GC Locker Stall                               0.000 / 0.000         0.000 / 0.000         0.000 / 0.000         0.000 / 0.000       ms
[2023-11-19T17:20:05.500+0800][gc,stats    ]    Critical: Relocation Stall                                  0 / 0                 0 / 0                 0 / 0                 0 / 0           ops/s
[2023-11-19T17:20:05.500+0800][gc,stats    ]    Critical: Relocation Stall                              0.000 / 0.000         0.000 / 0.000         0.000 / 0.000         0.000 / 0.000       ms
[2023-11-19T17:20:05.500+0800][gc,stats    ]      Memory: Allocation Rate                                   0 / 2                 0 / 4                 0 / 104               0 / 104         MB/s
[2023-11-19T17:20:05.500+0800][gc,stats    ]      Memory: Defragment                                        0 / 0                 0 / 0                 0 / 0                 0 / 0           ops/s
[2023-11-19T17:20:05.500+0800][gc,stats    ]      Memory: Out Of Memory                                     0 / 0                 0 / 0                 0 / 0                 0 / 0           ops/s
[2023-11-19T17:20:05.500+0800][gc,stats    ]      Memory: Page Cache Flush                                  0 / 0                 0 / 0                 0 / 0                 0 / 0           MB/s
[2023-11-19T17:20:05.500+0800][gc,stats    ]      Memory: Page Cache Hit L1                                 0 / 0                 0 / 0                 0 / 29                0 / 29          ops/s
[2023-11-19T17:20:05.500+0800][gc,stats    ]      Memory: Page Cache Hit L2                                 0 / 0                 0 / 0                 0 / 0                 0 / 0           ops/s
[2023-11-19T17:20:05.500+0800][gc,stats    ]      Memory: Page Cache Hit L3                                 0 / 1                 0 / 2                 0 / 48                0 / 48          ops/s
[2023-11-19T17:20:05.500+0800][gc,stats    ]      Memory: Page Cache Miss                                   0 / 0                 0 / 0                 0 / 1                 0 / 1           ops/s
[2023-11-19T17:20:05.500+0800][gc,stats    ]      Memory: Uncommit                                          0 / 0                 0 / 0                 0 / 0                 0 / 0           MB/s
[2023-11-19T17:20:05.500+0800][gc,stats    ]      Memory: Undo Object Allocation Failed                     0 / 0                 0 / 0                 0 / 0                 0 / 0           ops/s
[2023-11-19T17:20:05.500+0800][gc,stats    ]      Memory: Undo Object Allocation Succeeded                  0 / 0                 0 / 0                 0 / 0                 0 / 0           ops/s
[2023-11-19T17:20:05.500+0800][gc,stats    ]      Memory: Undo Page Allocation                              0 / 0                 0 / 0                 0 / 0                 0 / 0           ops/s
[2023-11-19T17:20:05.500+0800][gc,stats    ]       Phase: Concurrent Mark                               0.000 / 0.000         0.000 / 0.000        13.801 / 15.394       13.801 / 15.394      ms
[2023-11-19T17:20:05.500+0800][gc,stats    ]       Phase: Concurrent Mark Continue                      0.000 / 0.000         0.000 / 0.000         0.000 / 0.000         0.000 / 0.000       ms
[2023-11-19T17:20:05.500+0800][gc,stats    ]       Phase: Concurrent Mark Free                          0.000 / 0.000         0.000 / 0.000         0.001 / 0.001         0.001 / 0.001       ms
[2023-11-19T17:20:05.500+0800][gc,stats    ]       Phase: Concurrent Process Non-Strong References      0.000 / 0.000         0.000 / 0.000         1.810 / 1.931         1.810 / 1.931       ms
[2023-11-19T17:20:05.500+0800][gc,stats    ]       Phase: Concurrent Relocate                           0.000 / 0.000         0.000 / 0.000         2.671 / 3.187         2.671 / 3.187       ms
[2023-11-19T17:20:05.500+0800][gc,stats    ]       Phase: Concurrent Reset Relocation Set               0.000 / 0.000         0.000 / 0.000         0.001 / 0.003         0.001 / 0.003       ms
[2023-11-19T17:20:05.500+0800][gc,stats    ]       Phase: Concurrent Select Relocation Set              0.000 / 0.000         0.000 / 0.000         4.627 / 7.839         4.627 / 7.839       ms
[2023-11-19T17:20:05.500+0800][gc,stats    ]       Phase: Pause Mark End                                0.000 / 0.000         0.000 / 0.000         0.016 / 0.018         0.016 / 0.018       ms
[2023-11-19T17:20:05.500+0800][gc,stats    ]       Phase: Pause Mark Start                              0.000 / 0.000         0.000 / 0.000         0.013 / 0.019         0.013 / 0.019       ms
[2023-11-19T17:20:05.500+0800][gc,stats    ]       Phase: Pause Relocate Start                          0.000 / 0.000         0.000 / 0.000         0.008 / 0.009         0.008 / 0.009       ms
[2023-11-19T17:20:05.500+0800][gc,stats    ]    Subphase: Concurrent Classes Purge                      0.000 / 0.000         0.000 / 0.000         0.047 / 0.049         0.047 / 0.049       ms
[2023-11-19T17:20:05.500+0800][gc,stats    ]    Subphase: Concurrent Classes Unlink                     0.000 / 0.000         0.000 / 0.000         1.263 / 1.295         1.263 / 1.295       ms
[2023-11-19T17:20:05.500+0800][gc,stats    ]    Subphase: Concurrent Mark                               0.000 / 0.000         0.000 / 0.000        11.825 / 13.159       11.825 / 13.159      ms
[2023-11-19T17:20:05.500+0800][gc,stats    ]    Subphase: Concurrent Mark Try Flush                     0.000 / 0.000         0.000 / 0.000         0.057 / 0.108         0.057 / 0.108       ms
[2023-11-19T17:20:05.500+0800][gc,stats    ]    Subphase: Concurrent Mark Try Terminate                 0.000 / 0.000         0.000 / 0.000         1.420 / 4.236         1.420 / 4.236       ms
[2023-11-19T17:20:05.500+0800][gc,stats    ]    Subphase: Concurrent References Enqueue                 0.000 / 0.000         0.000 / 0.000         0.004 / 0.004         0.004 / 0.004       ms
[2023-11-19T17:20:05.500+0800][gc,stats    ]    Subphase: Concurrent References Process                 0.000 / 0.000         0.000 / 0.000         0.090 / 0.101         0.090 / 0.101       ms
[2023-11-19T17:20:05.500+0800][gc,stats    ]    Subphase: Concurrent Roots ClassLoaderDataGraph         0.000 / 0.000         0.000 / 0.000         0.103 / 0.506         0.103 / 0.506       ms
[2023-11-19T17:20:05.500+0800][gc,stats    ]    Subphase: Concurrent Roots CodeCache                    0.000 / 0.000         0.000 / 0.000         0.000 / 0.000         0.000 / 0.000       ms
[2023-11-19T17:20:05.500+0800][gc,stats    ]    Subphase: Concurrent Roots JavaThreads                  0.000 / 0.000         0.000 / 0.000         1.129 / 2.106         1.129 / 2.106       ms
[2023-11-19T17:20:05.500+0800][gc,stats    ]    Subphase: Concurrent Roots OopStorageSet                0.000 / 0.000         0.000 / 0.000         0.036 / 0.058         0.036 / 0.058       ms
[2023-11-19T17:20:05.500+0800][gc,stats    ]    Subphase: Concurrent Weak Roots OopStorageSet           0.000 / 0.000         0.000 / 0.000         0.328 / 0.486         0.328 / 0.486       ms
[2023-11-19T17:20:05.500+0800][gc,stats    ]    Subphase: Pause Mark Try Complete                       0.000 / 0.000         0.000 / 0.000         0.000 / 0.000         0.000 / 0.000       ms
[2023-11-19T17:20:05.500+0800][gc,stats    ]      System: Java Threads                                      0 / 0                 0 / 0                39 / 54               39 / 54          threads
[2023-11-19T17:20:05.500+0800][gc,stats    ] =========================================================================================================================================================
[2023-11-19T17:20:15.500+0800][gc,stats    ] === Garbage Collection Statistics =======================================================================================================================
[2023-11-19T17:20:15.500+0800][gc,stats    ]                                                              Last 10s              Last 10m              Last 10h                Total
[2023-11-19T17:20:15.500+0800][gc,stats    ]                                                              Avg / Max             Avg / Max             Avg / Max             Avg / Max
[2023-11-19T17:20:15.500+0800][gc,stats    ]   Collector: Garbage Collection Cycle                      0.000 / 0.000         0.000 / 0.000        23.723 / 25.775       23.723 / 25.775      ms
[2023-11-19T17:20:15.500+0800][gc,stats    ]  Contention: Mark Segment Reset Contention                     0 / 0                 0 / 0                 0 / 3                 0 / 3           ops/s
[2023-11-19T17:20:15.500+0800][gc,stats    ]  Contention: Mark SeqNum Reset Contention                      0 / 0                 0 / 0                 0 / 0                 0 / 0           ops/s
[2023-11-19T17:20:15.500+0800][gc,stats    ]    Critical: Allocation Stall                                  0 / 0                 0 / 0                 0 / 0                 0 / 0           ops/s
[2023-11-19T17:20:15.500+0800][gc,stats    ]    Critical: Allocation Stall                              0.000 / 0.000         0.000 / 0.000         0.000 / 0.000         0.000 / 0.000       ms
[2023-11-19T17:20:15.501+0800][gc,stats    ]    Critical: GC Locker Stall                                   0 / 0                 0 / 0                 0 / 0                 0 / 0           ops/s
[2023-11-19T17:20:15.501+0800][gc,stats    ]    Critical: GC Locker Stall                               0.000 / 0.000         0.000 / 0.000         0.000 / 0.000         0.000 / 0.000       ms
[2023-11-19T17:20:15.501+0800][gc,stats    ]    Critical: Relocation Stall                                  0 / 0                 0 / 0                 0 / 0                 0 / 0           ops/s
[2023-11-19T17:20:15.501+0800][gc,stats    ]    Critical: Relocation Stall                              0.000 / 0.000         0.000 / 0.000         0.000 / 0.000         0.000 / 0.000       ms
[2023-11-19T17:20:15.501+0800][gc,stats    ]      Memory: Allocation Rate                                   0 / 0                 0 / 4                 0 / 104               0 / 104         MB/s
[2023-11-19T17:20:15.501+0800][gc,stats    ]      Memory: Defragment                                        0 / 0                 0 / 0                 0 / 0                 0 / 0           ops/s
[2023-11-19T17:20:15.501+0800][gc,stats    ]      Memory: Out Of Memory                                     0 / 0                 0 / 0                 0 / 0                 0 / 0           ops/s
[2023-11-19T17:20:15.501+0800][gc,stats    ]      Memory: Page Cache Flush                                  0 / 0                 0 / 0                 0 / 0                 0 / 0           MB/s
[2023-11-19T17:20:15.501+0800][gc,stats    ]      Memory: Page Cache Hit L1                                 0 / 0                 0 / 0                 0 / 29                0 / 29          ops/s
[2023-11-19T17:20:15.501+0800][gc,stats    ]      Memory: Page Cache Hit L2                                 0 / 0                 0 / 0                 0 / 0                 0 / 0           ops/s
[2023-11-19T17:20:15.501+0800][gc,stats    ]      Memory: Page Cache Hit L3                                 0 / 0                 0 / 2                 0 / 48                0 / 48          ops/s
[2023-11-19T17:20:15.501+0800][gc,stats    ]      Memory: Page Cache Miss                                   0 / 0                 0 / 0                 0 / 1                 0 / 1           ops/s
[2023-11-19T17:20:15.501+0800][gc,stats    ]      Memory: Uncommit                                          0 / 0                 0 / 0                 0 / 0                 0 / 0           MB/s
[2023-11-19T17:20:15.501+0800][gc,stats    ]      Memory: Undo Object Allocation Failed                     0 / 0                 0 / 0                 0 / 0                 0 / 0           ops/s
[2023-11-19T17:20:15.501+0800][gc,stats    ]      Memory: Undo Object Allocation Succeeded                  0 / 0                 0 / 0                 0 / 0                 0 / 0           ops/s
[2023-11-19T17:20:15.501+0800][gc,stats    ]      Memory: Undo Page Allocation                              0 / 0                 0 / 0                 0 / 0                 0 / 0           ops/s
[2023-11-19T17:20:15.501+0800][gc,stats    ]       Phase: Concurrent Mark                               0.000 / 0.000         0.000 / 0.000        13.801 / 15.394       13.801 / 15.394      ms
[2023-11-19T17:20:15.501+0800][gc,stats    ]       Phase: Concurrent Mark Continue                      0.000 / 0.000         0.000 / 0.000         0.000 / 0.000         0.000 / 0.000       ms
[2023-11-19T17:20:15.501+0800][gc,stats    ]       Phase: Concurrent Mark Free                          0.000 / 0.000         0.000 / 0.000         0.001 / 0.001         0.001 / 0.001       ms
[2023-11-19T17:20:15.501+0800][gc,stats    ]       Phase: Concurrent Process Non-Strong References      0.000 / 0.000         0.000 / 0.000         1.810 / 1.931         1.810 / 1.931       ms
[2023-11-19T17:20:15.501+0800][gc,stats    ]       Phase: Concurrent Relocate                           0.000 / 0.000         0.000 / 0.000         2.671 / 3.187         2.671 / 3.187       ms
[2023-11-19T17:20:15.501+0800][gc,stats    ]       Phase: Concurrent Reset Relocation Set               0.000 / 0.000         0.000 / 0.000         0.001 / 0.003         0.001 / 0.003       ms
[2023-11-19T17:20:15.501+0800][gc,stats    ]       Phase: Concurrent Select Relocation Set              0.000 / 0.000         0.000 / 0.000         4.627 / 7.839         4.627 / 7.839       ms
[2023-11-19T17:20:15.501+0800][gc,stats    ]       Phase: Pause Mark End                                0.000 / 0.000         0.000 / 0.000         0.016 / 0.018         0.016 / 0.018       ms
[2023-11-19T17:20:15.501+0800][gc,stats    ]       Phase: Pause Mark Start                              0.000 / 0.000         0.000 / 0.000         0.013 / 0.019         0.013 / 0.019       ms
[2023-11-19T17:20:15.501+0800][gc,stats    ]       Phase: Pause Relocate Start                          0.000 / 0.000         0.000 / 0.000         0.008 / 0.009         0.008 / 0.009       ms
[2023-11-19T17:20:15.501+0800][gc,stats    ]    Subphase: Concurrent Classes Purge                      0.000 / 0.000         0.000 / 0.000         0.047 / 0.049         0.047 / 0.049       ms
[2023-11-19T17:20:15.501+0800][gc,stats    ]    Subphase: Concurrent Classes Unlink                     0.000 / 0.000         0.000 / 0.000         1.263 / 1.295         1.263 / 1.295       ms
[2023-11-19T17:20:15.501+0800][gc,stats    ]    Subphase: Concurrent Mark                               0.000 / 0.000         0.000 / 0.000        11.825 / 13.159       11.825 / 13.159      ms
[2023-11-19T17:20:15.501+0800][gc,stats    ]    Subphase: Concurrent Mark Try Flush                     0.000 / 0.000         0.000 / 0.000         0.057 / 0.108         0.057 / 0.108       ms
[2023-11-19T17:20:15.501+0800][gc,stats    ]    Subphase: Concurrent Mark Try Terminate                 0.000 / 0.000         0.000 / 0.000         1.420 / 4.236         1.420 / 4.236       ms
[2023-11-19T17:20:15.501+0800][gc,stats    ]    Subphase: Concurrent References Enqueue                 0.000 / 0.000         0.000 / 0.000         0.004 / 0.004         0.004 / 0.004       ms
[2023-11-19T17:20:15.501+0800][gc,stats    ]    Subphase: Concurrent References Process                 0.000 / 0.000         0.000 / 0.000         0.090 / 0.101         0.090 / 0.101       ms
[2023-11-19T17:20:15.501+0800][gc,stats    ]    Subphase: Concurrent Roots ClassLoaderDataGraph         0.000 / 0.000         0.000 / 0.000         0.103 / 0.506         0.103 / 0.506       ms
[2023-11-19T17:20:15.501+0800][gc,stats    ]    Subphase: Concurrent Roots CodeCache                    0.000 / 0.000         0.000 / 0.000         0.000 / 0.000         0.000 / 0.000       ms
[2023-11-19T17:20:15.501+0800][gc,stats    ]    Subphase: Concurrent Roots JavaThreads                  0.000 / 0.000         0.000 / 0.000         1.129 / 2.106         1.129 / 2.106       ms
[2023-11-19T17:20:15.501+0800][gc,stats    ]    Subphase: Concurrent Roots OopStorageSet                0.000 / 0.000         0.000 / 0.000         0.036 / 0.058         0.036 / 0.058       ms
[2023-11-19T17:20:15.501+0800][gc,stats    ]    Subphase: Concurrent Weak Roots OopStorageSet           0.000 / 0.000         0.000 / 0.000         0.328 / 0.486         0.328 / 0.486       ms
[2023-11-19T17:20:15.501+0800][gc,stats    ]    Subphase: Pause Mark Try Complete                       0.000 / 0.000         0.000 / 0.000         0.000 / 0.000         0.000 / 0.000       ms
[2023-11-19T17:20:15.501+0800][gc,stats    ]      System: Java Threads                                      0 / 0                 0 / 0                39 / 54               39 / 54          threads
[2023-11-19T17:20:15.501+0800][gc,stats    ] =========================================================================================================================================================
[2023-11-19T17:20:25.500+0800][gc,stats    ] === Garbage Collection Statistics =======================================================================================================================
[2023-11-19T17:20:25.500+0800][gc,stats    ]                                                              Last 10s              Last 10m              Last 10h                Total
[2023-11-19T17:20:25.500+0800][gc,stats    ]                                                              Avg / Max             Avg / Max             Avg / Max             Avg / Max
[2023-11-19T17:20:25.500+0800][gc,stats    ]   Collector: Garbage Collection Cycle                      0.000 / 0.000         0.000 / 0.000        23.723 / 25.775       23.723 / 25.775      ms
[2023-11-19T17:20:25.500+0800][gc,stats    ]  Contention: Mark Segment Reset Contention                     0 / 0                 0 / 0                 0 / 3                 0 / 3           ops/s
[2023-11-19T17:20:25.500+0800][gc,stats    ]  Contention: Mark SeqNum Reset Contention                      0 / 0                 0 / 0                 0 / 0                 0 / 0           ops/s
[2023-11-19T17:20:25.500+0800][gc,stats    ]    Critical: Allocation Stall                                  0 / 0                 0 / 0                 0 / 0                 0 / 0           ops/s
[2023-11-19T17:20:25.500+0800][gc,stats    ]    Critical: Allocation Stall                              0.000 / 0.000         0.000 / 0.000         0.000 / 0.000         0.000 / 0.000       ms
[2023-11-19T17:20:25.500+0800][gc,stats    ]    Critical: GC Locker Stall                                   0 / 0                 0 / 0                 0 / 0                 0 / 0           ops/s
[2023-11-19T17:20:25.500+0800][gc,stats    ]    Critical: GC Locker Stall                               0.000 / 0.000         0.000 / 0.000         0.000 / 0.000         0.000 / 0.000       ms
[2023-11-19T17:20:25.500+0800][gc,stats    ]    Critical: Relocation Stall                                  0 / 0                 0 / 0                 0 / 0                 0 / 0           ops/s
[2023-11-19T17:20:25.500+0800][gc,stats    ]    Critical: Relocation Stall                              0.000 / 0.000         0.000 / 0.000         0.000 / 0.000         0.000 / 0.000       ms
[2023-11-19T17:20:25.500+0800][gc,stats    ]      Memory: Allocation Rate                                   0 / 0                 0 / 4                 0 / 104               0 / 104         MB/s
[2023-11-19T17:20:25.500+0800][gc,stats    ]      Memory: Defragment                                        0 / 0                 0 / 0                 0 / 0                 0 / 0           ops/s
[2023-11-19T17:20:25.500+0800][gc,stats    ]      Memory: Out Of Memory                                     0 / 0                 0 / 0                 0 / 0                 0 / 0           ops/s
[2023-11-19T17:20:25.500+0800][gc,stats    ]      Memory: Page Cache Flush                                  0 / 0                 0 / 0                 0 / 0                 0 / 0           MB/s
[2023-11-19T17:20:25.500+0800][gc,stats    ]      Memory: Page Cache Hit L1                                 0 / 0                 0 / 0                 0 / 29                0 / 29          ops/s
[2023-11-19T17:20:25.500+0800][gc,stats    ]      Memory: Page Cache Hit L2                                 0 / 0                 0 / 0                 0 / 0                 0 / 0           ops/s
[2023-11-19T17:20:25.500+0800][gc,stats    ]      Memory: Page Cache Hit L3                                 0 / 0                 0 / 2                 0 / 48                0 / 48          ops/s
[2023-11-19T17:20:25.500+0800][gc,stats    ]      Memory: Page Cache Miss                                   0 / 0                 0 / 0                 0 / 1                 0 / 1           ops/s
[2023-11-19T17:20:25.500+0800][gc,stats    ]      Memory: Uncommit                                          0 / 0                 0 / 0                 0 / 0                 0 / 0           MB/s
[2023-11-19T17:20:25.500+0800][gc,stats    ]      Memory: Undo Object Allocation Failed                     0 / 0                 0 / 0                 0 / 0                 0 / 0           ops/s
[2023-11-19T17:20:25.500+0800][gc,stats    ]      Memory: Undo Object Allocation Succeeded                  0 / 0                 0 / 0                 0 / 0                 0 / 0           ops/s
[2023-11-19T17:20:25.500+0800][gc,stats    ]      Memory: Undo Page Allocation                              0 / 0                 0 / 0                 0 / 0                 0 / 0           ops/s
[2023-11-19T17:20:25.500+0800][gc,stats    ]       Phase: Concurrent Mark                               0.000 / 0.000         0.000 / 0.000        13.801 / 15.394       13.801 / 15.394      ms
[2023-11-19T17:20:25.500+0800][gc,stats    ]       Phase: Concurrent Mark Continue                      0.000 / 0.000         0.000 / 0.000         0.000 / 0.000         0.000 / 0.000       ms
[2023-11-19T17:20:25.500+0800][gc,stats    ]       Phase: Concurrent Mark Free                          0.000 / 0.000         0.000 / 0.000         0.001 / 0.001         0.001 / 0.001       ms
[2023-11-19T17:20:25.500+0800][gc,stats    ]       Phase: Concurrent Process Non-Strong References      0.000 / 0.000         0.000 / 0.000         1.810 / 1.931         1.810 / 1.931       ms
[2023-11-19T17:20:25.500+0800][gc,stats    ]       Phase: Concurrent Relocate                           0.000 / 0.000         0.000 / 0.000         2.671 / 3.187         2.671 / 3.187       ms
[2023-11-19T17:20:25.500+0800][gc,stats    ]       Phase: Concurrent Reset Relocation Set               0.000 / 0.000         0.000 / 0.000         0.001 / 0.003         0.001 / 0.003       ms
[2023-11-19T17:20:25.500+0800][gc,stats    ]       Phase: Concurrent Select Relocation Set              0.000 / 0.000         0.000 / 0.000         4.627 / 7.839         4.627 / 7.839       ms
[2023-11-19T17:20:25.500+0800][gc,stats    ]       Phase: Pause Mark End                                0.000 / 0.000         0.000 / 0.000         0.016 / 0.018         0.016 / 0.018       ms
[2023-11-19T17:20:25.500+0800][gc,stats    ]       Phase: Pause Mark Start                              0.000 / 0.000         0.000 / 0.000         0.013 / 0.019         0.013 / 0.019       ms
[2023-11-19T17:20:25.500+0800][gc,stats    ]       Phase: Pause Relocate Start                          0.000 / 0.000         0.000 / 0.000         0.008 / 0.009         0.008 / 0.009       ms
[2023-11-19T17:20:25.500+0800][gc,stats    ]    Subphase: Concurrent Classes Purge                      0.000 / 0.000         0.000 / 0.000         0.047 / 0.049         0.047 / 0.049       ms
[2023-11-19T17:20:25.500+0800][gc,stats    ]    Subphase: Concurrent Classes Unlink                     0.000 / 0.000         0.000 / 0.000         1.263 / 1.295         1.263 / 1.295       ms
[2023-11-19T17:20:25.500+0800][gc,stats    ]    Subphase: Concurrent Mark                               0.000 / 0.000         0.000 / 0.000        11.825 / 13.159       11.825 / 13.159      ms
[2023-11-19T17:20:25.500+0800][gc,stats    ]    Subphase: Concurrent Mark Try Flush                     0.000 / 0.000         0.000 / 0.000         0.057 / 0.108         0.057 / 0.108       ms
[2023-11-19T17:20:25.500+0800][gc,stats    ]    Subphase: Concurrent Mark Try Terminate                 0.000 / 0.000         0.000 / 0.000         1.420 / 4.236         1.420 / 4.236       ms
[2023-11-19T17:20:25.500+0800][gc,stats    ]    Subphase: Concurrent References Enqueue                 0.000 / 0.000         0.000 / 0.000         0.004 / 0.004         0.004 / 0.004       ms
[2023-11-19T17:20:25.500+0800][gc,stats    ]    Subphase: Concurrent References Process                 0.000 / 0.000         0.000 / 0.000         0.090 / 0.101         0.090 / 0.101       ms
[2023-11-19T17:20:25.500+0800][gc,stats    ]    Subphase: Concurrent Roots ClassLoaderDataGraph         0.000 / 0.000         0.000 / 0.000         0.103 / 0.506         0.103 / 0.506       ms
[2023-11-19T17:20:25.500+0800][gc,stats    ]    Subphase: Concurrent Roots CodeCache                    0.000 / 0.000         0.000 / 0.000         0.000 / 0.000         0.000 / 0.000       ms
[2023-11-19T17:20:25.500+0800][gc,stats    ]    Subphase: Concurrent Roots JavaThreads                  0.000 / 0.000         0.000 / 0.000         1.129 / 2.106         1.129 / 2.106       ms
[2023-11-19T17:20:25.500+0800][gc,stats    ]    Subphase: Concurrent Roots OopStorageSet                0.000 / 0.000         0.000 / 0.000         0.036 / 0.058         0.036 / 0.058       ms
[2023-11-19T17:20:25.500+0800][gc,stats    ]    Subphase: Concurrent Weak Roots OopStorageSet           0.000 / 0.000         0.000 / 0.000         0.328 / 0.486         0.328 / 0.486       ms
[2023-11-19T17:20:25.500+0800][gc,stats    ]    Subphase: Pause Mark Try Complete                       0.000 / 0.000         0.000 / 0.000         0.000 / 0.000         0.000 / 0.000       ms
[2023-11-19T17:20:25.500+0800][gc,stats    ]      System: Java Threads                                      0 / 0                 0 / 0                39 / 54               39 / 54          threads
[2023-11-19T17:20:25.500+0800][gc,stats    ] =========================================================================================================================================================
[2023-11-19T17:20:35.501+0800][gc,stats    ] === Garbage Collection Statistics =======================================================================================================================
[2023-11-19T17:20:35.501+0800][gc,stats    ]                                                              Last 10s              Last 10m              Last 10h                Total
[2023-11-19T17:20:35.501+0800][gc,stats    ]                                                              Avg / Max             Avg / Max             Avg / Max             Avg / Max
[2023-11-19T17:20:35.501+0800][gc,stats    ]   Collector: Garbage Collection Cycle                      0.000 / 0.000         0.000 / 0.000        23.723 / 25.775       23.723 / 25.775      ms
[2023-11-19T17:20:35.501+0800][gc,stats    ]  Contention: Mark Segment Reset Contention                     0 / 0                 0 / 0                 0 / 3                 0 / 3           ops/s
[2023-11-19T17:20:35.501+0800][gc,stats    ]  Contention: Mark SeqNum Reset Contention                      0 / 0                 0 / 0                 0 / 0                 0 / 0           ops/s
[2023-11-19T17:20:35.501+0800][gc,stats    ]    Critical: Allocation Stall                                  0 / 0                 0 / 0                 0 / 0                 0 / 0           ops/s
[2023-11-19T17:20:35.501+0800][gc,stats    ]    Critical: Allocation Stall                              0.000 / 0.000         0.000 / 0.000         0.000 / 0.000         0.000 / 0.000       ms
[2023-11-19T17:20:35.501+0800][gc,stats    ]    Critical: GC Locker Stall                                   0 / 0                 0 / 0                 0 / 0                 0 / 0           ops/s
[2023-11-19T17:20:35.501+0800][gc,stats    ]    Critical: GC Locker Stall                               0.000 / 0.000         0.000 / 0.000         0.000 / 0.000         0.000 / 0.000       ms
[2023-11-19T17:20:35.501+0800][gc,stats    ]    Critical: Relocation Stall                                  0 / 0                 0 / 0                 0 / 0                 0 / 0           ops/s
[2023-11-19T17:20:35.501+0800][gc,stats    ]    Critical: Relocation Stall                              0.000 / 0.000         0.000 / 0.000         0.000 / 0.000         0.000 / 0.000       ms
[2023-11-19T17:20:35.501+0800][gc,stats    ]      Memory: Allocation Rate                                   0 / 2                 0 / 4                 0 / 104               0 / 104         MB/s
[2023-11-19T17:20:35.501+0800][gc,stats    ]      Memory: Defragment                                        0 / 0                 0 / 0                 0 / 0                 0 / 0           ops/s
[2023-11-19T17:20:35.501+0800][gc,stats    ]      Memory: Out Of Memory                                     0 / 0                 0 / 0                 0 / 0                 0 / 0           ops/s
[2023-11-19T17:20:35.501+0800][gc,stats    ]      Memory: Page Cache Flush                                  0 / 0                 0 / 0                 0 / 0                 0 / 0           MB/s
[2023-11-19T17:20:35.501+0800][gc,stats    ]      Memory: Page Cache Hit L1                                 0 / 0                 0 / 0                 0 / 29                0 / 29          ops/s
[2023-11-19T17:20:35.501+0800][gc,stats    ]      Memory: Page Cache Hit L2                                 0 / 0                 0 / 0                 0 / 0                 0 / 0           ops/s
[2023-11-19T17:20:35.501+0800][gc,stats    ]      Memory: Page Cache Hit L3                                 0 / 1                 0 / 2                 0 / 48                0 / 48          ops/s
[2023-11-19T17:20:35.501+0800][gc,stats    ]      Memory: Page Cache Miss                                   0 / 0                 0 / 0                 0 / 1                 0 / 1           ops/s
[2023-11-19T17:20:35.501+0800][gc,stats    ]      Memory: Uncommit                                          0 / 0                 0 / 0                 0 / 0                 0 / 0           MB/s
[2023-11-19T17:20:35.501+0800][gc,stats    ]      Memory: Undo Object Allocation Failed                     0 / 0                 0 / 0                 0 / 0                 0 / 0           ops/s
[2023-11-19T17:20:35.501+0800][gc,stats    ]      Memory: Undo Object Allocation Succeeded                  0 / 0                 0 / 0                 0 / 0                 0 / 0           ops/s
[2023-11-19T17:20:35.501+0800][gc,stats    ]      Memory: Undo Page Allocation                              0 / 0                 0 / 0                 0 / 0                 0 / 0           ops/s
[2023-11-19T17:20:35.501+0800][gc,stats    ]       Phase: Concurrent Mark                               0.000 / 0.000         0.000 / 0.000        13.801 / 15.394       13.801 / 15.394      ms
[2023-11-19T17:20:35.501+0800][gc,stats    ]       Phase: Concurrent Mark Continue                      0.000 / 0.000         0.000 / 0.000         0.000 / 0.000         0.000 / 0.000       ms
[2023-11-19T17:20:35.501+0800][gc,stats    ]       Phase: Concurrent Mark Free                          0.000 / 0.000         0.000 / 0.000         0.001 / 0.001         0.001 / 0.001       ms
[2023-11-19T17:20:35.501+0800][gc,stats    ]       Phase: Concurrent Process Non-Strong References      0.000 / 0.000         0.000 / 0.000         1.810 / 1.931         1.810 / 1.931       ms
[2023-11-19T17:20:35.501+0800][gc,stats    ]       Phase: Concurrent Relocate                           0.000 / 0.000         0.000 / 0.000         2.671 / 3.187         2.671 / 3.187       ms
[2023-11-19T17:20:35.501+0800][gc,stats    ]       Phase: Concurrent Reset Relocation Set               0.000 / 0.000         0.000 / 0.000         0.001 / 0.003         0.001 / 0.003       ms
[2023-11-19T17:20:35.501+0800][gc,stats    ]       Phase: Concurrent Select Relocation Set              0.000 / 0.000         0.000 / 0.000         4.627 / 7.839         4.627 / 7.839       ms
[2023-11-19T17:20:35.501+0800][gc,stats    ]       Phase: Pause Mark End                                0.000 / 0.000         0.000 / 0.000         0.016 / 0.018         0.016 / 0.018       ms
[2023-11-19T17:20:35.501+0800][gc,stats    ]       Phase: Pause Mark Start                              0.000 / 0.000         0.000 / 0.000         0.013 / 0.019         0.013 / 0.019       ms
[2023-11-19T17:20:35.501+0800][gc,stats    ]       Phase: Pause Relocate Start                          0.000 / 0.000         0.000 / 0.000         0.008 / 0.009         0.008 / 0.009       ms
[2023-11-19T17:20:35.501+0800][gc,stats    ]    Subphase: Concurrent Classes Purge                      0.000 / 0.000         0.000 / 0.000         0.047 / 0.049         0.047 / 0.049       ms
[2023-11-19T17:20:35.501+0800][gc,stats    ]    Subphase: Concurrent Classes Unlink                     0.000 / 0.000         0.000 / 0.000         1.263 / 1.295         1.263 / 1.295       ms
[2023-11-19T17:20:35.501+0800][gc,stats    ]    Subphase: Concurrent Mark                               0.000 / 0.000         0.000 / 0.000        11.825 / 13.159       11.825 / 13.159      ms
[2023-11-19T17:20:35.501+0800][gc,stats    ]    Subphase: Concurrent Mark Try Flush                     0.000 / 0.000         0.000 / 0.000         0.057 / 0.108         0.057 / 0.108       ms
[2023-11-19T17:20:35.501+0800][gc,stats    ]    Subphase: Concurrent Mark Try Terminate                 0.000 / 0.000         0.000 / 0.000         1.420 / 4.236         1.420 / 4.236       ms
[2023-11-19T17:20:35.501+0800][gc,stats    ]    Subphase: Concurrent References Enqueue                 0.000 / 0.000         0.000 / 0.000         0.004 / 0.004         0.004 / 0.004       ms
[2023-11-19T17:20:35.501+0800][gc,stats    ]    Subphase: Concurrent References Process                 0.000 / 0.000         0.000 / 0.000         0.090 / 0.101         0.090 / 0.101       ms
[2023-11-19T17:20:35.501+0800][gc,stats    ]    Subphase: Concurrent Roots ClassLoaderDataGraph         0.000 / 0.000         0.000 / 0.000         0.103 / 0.506         0.103 / 0.506       ms
[2023-11-19T17:20:35.501+0800][gc,stats    ]    Subphase: Concurrent Roots CodeCache                    0.000 / 0.000         0.000 / 0.000         0.000 / 0.000         0.000 / 0.000       ms
[2023-11-19T17:20:35.501+0800][gc,stats    ]    Subphase: Concurrent Roots JavaThreads                  0.000 / 0.000         0.000 / 0.000         1.129 / 2.106         1.129 / 2.106       ms
[2023-11-19T17:20:35.501+0800][gc,stats    ]    Subphase: Concurrent Roots OopStorageSet                0.000 / 0.000         0.000 / 0.000         0.036 / 0.058         0.036 / 0.058       ms
[2023-11-19T17:20:35.501+0800][gc,stats    ]    Subphase: Concurrent Weak Roots OopStorageSet           0.000 / 0.000         0.000 / 0.000         0.328 / 0.486         0.328 / 0.486       ms
[2023-11-19T17:20:35.501+0800][gc,stats    ]    Subphase: Pause Mark Try Complete                       0.000 / 0.000         0.000 / 0.000         0.000 / 0.000         0.000 / 0.000       ms
[2023-11-19T17:20:35.501+0800][gc,stats    ]      System: Java Threads                                      0 / 0                 0 / 0                39 / 54               39 / 54          threads
[2023-11-19T17:20:35.501+0800][gc,stats    ] =========================================================================================================================================================
[2023-11-19T17:20:45.501+0800][gc,stats    ] === Garbage Collection Statistics =======================================================================================================================
[2023-11-19T17:20:45.501+0800][gc,stats    ]                                                              Last 10s              Last 10m              Last 10h                Total
[2023-11-19T17:20:45.501+0800][gc,stats    ]                                                              Avg / Max             Avg / Max             Avg / Max             Avg / Max
[2023-11-19T17:20:45.501+0800][gc,stats    ]   Collector: Garbage Collection Cycle                      0.000 / 0.000         0.000 / 0.000        23.723 / 25.775       23.723 / 25.775      ms
[2023-11-19T17:20:45.501+0800][gc,stats    ]  Contention: Mark Segment Reset Contention                     0 / 0                 0 / 0                 0 / 3                 0 / 3           ops/s
[2023-11-19T17:20:45.501+0800][gc,stats    ]  Contention: Mark SeqNum Reset Contention                      0 / 0                 0 / 0                 0 / 0                 0 / 0           ops/s
[2023-11-19T17:20:45.501+0800][gc,stats    ]    Critical: Allocation Stall                                  0 / 0                 0 / 0                 0 / 0                 0 / 0           ops/s
[2023-11-19T17:20:45.501+0800][gc,stats    ]    Critical: Allocation Stall                              0.000 / 0.000         0.000 / 0.000         0.000 / 0.000         0.000 / 0.000       ms
[2023-11-19T17:20:45.501+0800][gc,stats    ]    Critical: GC Locker Stall                                   0 / 0                 0 / 0                 0 / 0                 0 / 0           ops/s
[2023-11-19T17:20:45.501+0800][gc,stats    ]    Critical: GC Locker Stall                               0.000 / 0.000         0.000 / 0.000         0.000 / 0.000         0.000 / 0.000       ms
[2023-11-19T17:20:45.501+0800][gc,stats    ]    Critical: Relocation Stall                                  0 / 0                 0 / 0                 0 / 0                 0 / 0           ops/s
[2023-11-19T17:20:45.501+0800][gc,stats    ]    Critical: Relocation Stall                              0.000 / 0.000         0.000 / 0.000         0.000 / 0.000         0.000 / 0.000       ms
[2023-11-19T17:20:45.501+0800][gc,stats    ]      Memory: Allocation Rate                                   0 / 0                 0 / 4                 0 / 104               0 / 104         MB/s
[2023-11-19T17:20:45.501+0800][gc,stats    ]      Memory: Defragment                                        0 / 0                 0 / 0                 0 / 0                 0 / 0           ops/s
[2023-11-19T17:20:45.501+0800][gc,stats    ]      Memory: Out Of Memory                                     0 / 0                 0 / 0                 0 / 0                 0 / 0           ops/s
[2023-11-19T17:20:45.501+0800][gc,stats    ]      Memory: Page Cache Flush                                  0 / 0                 0 / 0                 0 / 0                 0 / 0           MB/s
[2023-11-19T17:20:45.501+0800][gc,stats    ]      Memory: Page Cache Hit L1                                 0 / 0                 0 / 0                 0 / 29                0 / 29          ops/s
[2023-11-19T17:20:45.501+0800][gc,stats    ]      Memory: Page Cache Hit L2                                 0 / 0                 0 / 0                 0 / 0                 0 / 0           ops/s
[2023-11-19T17:20:45.501+0800][gc,stats    ]      Memory: Page Cache Hit L3                                 0 / 0                 0 / 2                 0 / 48                0 / 48          ops/s
[2023-11-19T17:20:45.501+0800][gc,stats    ]      Memory: Page Cache Miss                                   0 / 0                 0 / 0                 0 / 1                 0 / 1           ops/s
[2023-11-19T17:20:45.501+0800][gc,stats    ]      Memory: Uncommit                                          0 / 0                 0 / 0                 0 / 0                 0 / 0           MB/s
[2023-11-19T17:20:45.501+0800][gc,stats    ]      Memory: Undo Object Allocation Failed                     0 / 0                 0 / 0                 0 / 0                 0 / 0           ops/s
[2023-11-19T17:20:45.501+0800][gc,stats    ]      Memory: Undo Object Allocation Succeeded                  0 / 0                 0 / 0                 0 / 0                 0 / 0           ops/s
[2023-11-19T17:20:45.501+0800][gc,stats    ]      Memory: Undo Page Allocation                              0 / 0                 0 / 0                 0 / 0                 0 / 0           ops/s
[2023-11-19T17:20:45.501+0800][gc,stats    ]       Phase: Concurrent Mark                               0.000 / 0.000         0.000 / 0.000        13.801 / 15.394       13.801 / 15.394      ms
[2023-11-19T17:20:45.501+0800][gc,stats    ]       Phase: Concurrent Mark Continue                      0.000 / 0.000         0.000 / 0.000         0.000 / 0.000         0.000 / 0.000       ms
[2023-11-19T17:20:45.501+0800][gc,stats    ]       Phase: Concurrent Mark Free                          0.000 / 0.000         0.000 / 0.000         0.001 / 0.001         0.001 / 0.001       ms
[2023-11-19T17:20:45.501+0800][gc,stats    ]       Phase: Concurrent Process Non-Strong References      0.000 / 0.000         0.000 / 0.000         1.810 / 1.931         1.810 / 1.931       ms
[2023-11-19T17:20:45.501+0800][gc,stats    ]       Phase: Concurrent Relocate                           0.000 / 0.000         0.000 / 0.000         2.671 / 3.187         2.671 / 3.187       ms
[2023-11-19T17:20:45.501+0800][gc,stats    ]       Phase: Concurrent Reset Relocation Set               0.000 / 0.000         0.000 / 0.000         0.001 / 0.003         0.001 / 0.003       ms
[2023-11-19T17:20:45.501+0800][gc,stats    ]       Phase: Concurrent Select Relocation Set              0.000 / 0.000         0.000 / 0.000         4.627 / 7.839         4.627 / 7.839       ms
[2023-11-19T17:20:45.501+0800][gc,stats    ]       Phase: Pause Mark End                                0.000 / 0.000         0.000 / 0.000         0.016 / 0.018         0.016 / 0.018       ms
[2023-11-19T17:20:45.501+0800][gc,stats    ]       Phase: Pause Mark Start                              0.000 / 0.000         0.000 / 0.000         0.013 / 0.019         0.013 / 0.019       ms
[2023-11-19T17:20:45.501+0800][gc,stats    ]       Phase: Pause Relocate Start                          0.000 / 0.000         0.000 / 0.000         0.008 / 0.009         0.008 / 0.009       ms
[2023-11-19T17:20:45.501+0800][gc,stats    ]    Subphase: Concurrent Classes Purge                      0.000 / 0.000         0.000 / 0.000         0.047 / 0.049         0.047 / 0.049       ms
[2023-11-19T17:20:45.501+0800][gc,stats    ]    Subphase: Concurrent Classes Unlink                     0.000 / 0.000         0.000 / 0.000         1.263 / 1.295         1.263 / 1.295       ms
[2023-11-19T17:20:45.501+0800][gc,stats    ]    Subphase: Concurrent Mark                               0.000 / 0.000         0.000 / 0.000        11.825 / 13.159       11.825 / 13.159      ms
[2023-11-19T17:20:45.501+0800][gc,stats    ]    Subphase: Concurrent Mark Try Flush                     0.000 / 0.000         0.000 / 0.000         0.057 / 0.108         0.057 / 0.108       ms
[2023-11-19T17:20:45.501+0800][gc,stats    ]    Subphase: Concurrent Mark Try Terminate                 0.000 / 0.000         0.000 / 0.000         1.420 / 4.236         1.420 / 4.236       ms
[2023-11-19T17:20:45.501+0800][gc,stats    ]    Subphase: Concurrent References Enqueue                 0.000 / 0.000         0.000 / 0.000         0.004 / 0.004         0.004 / 0.004       ms
[2023-11-19T17:20:45.501+0800][gc,stats    ]    Subphase: Concurrent References Process                 0.000 / 0.000         0.000 / 0.000         0.090 / 0.101         0.090 / 0.101       ms
[2023-11-19T17:20:45.501+0800][gc,stats    ]    Subphase: Concurrent Roots ClassLoaderDataGraph         0.000 / 0.000         0.000 / 0.000         0.103 / 0.506         0.103 / 0.506       ms
[2023-11-19T17:20:45.501+0800][gc,stats    ]    Subphase: Concurrent Roots CodeCache                    0.000 / 0.000         0.000 / 0.000         0.000 / 0.000         0.000 / 0.000       ms
[2023-11-19T17:20:45.501+0800][gc,stats    ]    Subphase: Concurrent Roots JavaThreads                  0.000 / 0.000         0.000 / 0.000         1.129 / 2.106         1.129 / 2.106       ms
[2023-11-19T17:20:45.501+0800][gc,stats    ]    Subphase: Concurrent Roots OopStorageSet                0.000 / 0.000         0.000 / 0.000         0.036 / 0.058         0.036 / 0.058       ms
[2023-11-19T17:20:45.501+0800][gc,stats    ]    Subphase: Concurrent Weak Roots OopStorageSet           0.000 / 0.000         0.000 / 0.000         0.328 / 0.486         0.328 / 0.486       ms
[2023-11-19T17:20:45.501+0800][gc,stats    ]    Subphase: Pause Mark Try Complete                       0.000 / 0.000         0.000 / 0.000         0.000 / 0.000         0.000 / 0.000       ms
[2023-11-19T17:20:45.501+0800][gc,stats    ]      System: Java Threads                                      0 / 0                 0 / 0                39 / 54               39 / 54          threads
[2023-11-19T17:20:45.501+0800][gc,stats    ] =========================================================================================================================================================
[2023-11-19T17:20:55.508+0800][gc,stats    ] === Garbage Collection Statistics =======================================================================================================================
[2023-11-19T17:20:55.508+0800][gc,stats    ]                                                              Last 10s              Last 10m              Last 10h                Total
[2023-11-19T17:20:55.508+0800][gc,stats    ]                                                              Avg / Max             Avg / Max             Avg / Max             Avg / Max
[2023-11-19T17:20:55.508+0800][gc,stats    ]   Collector: Garbage Collection Cycle                      0.000 / 0.000         0.000 / 0.000        23.723 / 25.775       23.723 / 25.775      ms
[2023-11-19T17:20:55.508+0800][gc,stats    ]  Contention: Mark Segment Reset Contention                     0 / 0                 0 / 0                 0 / 3                 0 / 3           ops/s
[2023-11-19T17:20:55.508+0800][gc,stats    ]  Contention: Mark SeqNum Reset Contention                      0 / 0                 0 / 0                 0 / 0                 0 / 0           ops/s
[2023-11-19T17:20:55.508+0800][gc,stats    ]    Critical: Allocation Stall                                  0 / 0                 0 / 0                 0 / 0                 0 / 0           ops/s
[2023-11-19T17:20:55.508+0800][gc,stats    ]    Critical: Allocation Stall                              0.000 / 0.000         0.000 / 0.000         0.000 / 0.000         0.000 / 0.000       ms
[2023-11-19T17:20:55.508+0800][gc,stats    ]    Critical: GC Locker Stall                                   0 / 0                 0 / 0                 0 / 0                 0 / 0           ops/s
[2023-11-19T17:20:55.508+0800][gc,stats    ]    Critical: GC Locker Stall                               0.000 / 0.000         0.000 / 0.000         0.000 / 0.000         0.000 / 0.000       ms
[2023-11-19T17:20:55.508+0800][gc,stats    ]    Critical: Relocation Stall                                  0 / 0                 0 / 0                 0 / 0                 0 / 0           ops/s
[2023-11-19T17:20:55.508+0800][gc,stats    ]    Critical: Relocation Stall                              0.000 / 0.000         0.000 / 0.000         0.000 / 0.000         0.000 / 0.000       ms
[2023-11-19T17:20:55.508+0800][gc,stats    ]      Memory: Allocation Rate                                   0 / 2                 0 / 4                 0 / 104               0 / 104         MB/s
[2023-11-19T17:20:55.508+0800][gc,stats    ]      Memory: Defragment                                        0 / 0                 0 / 0                 0 / 0                 0 / 0           ops/s
[2023-11-19T17:20:55.508+0800][gc,stats    ]      Memory: Out Of Memory                                     0 / 0                 0 / 0                 0 / 0                 0 / 0           ops/s
[2023-11-19T17:20:55.508+0800][gc,stats    ]      Memory: Page Cache Flush                                  0 / 0                 0 / 0                 0 / 0                 0 / 0           MB/s
[2023-11-19T17:20:55.508+0800][gc,stats    ]      Memory: Page Cache Hit L1                                 0 / 0                 0 / 0                 0 / 29                0 / 29          ops/s
[2023-11-19T17:20:55.508+0800][gc,stats    ]      Memory: Page Cache Hit L2                                 0 / 0                 0 / 0                 0 / 0                 0 / 0           ops/s
[2023-11-19T17:20:55.508+0800][gc,stats    ]      Memory: Page Cache Hit L3                                 0 / 1                 0 / 2                 0 / 48                0 / 48          ops/s
[2023-11-19T17:20:55.508+0800][gc,stats    ]      Memory: Page Cache Miss                                   0 / 0                 0 / 0                 0 / 1                 0 / 1           ops/s
[2023-11-19T17:20:55.508+0800][gc,stats    ]      Memory: Uncommit                                          0 / 0                 0 / 0                 0 / 0                 0 / 0           MB/s
[2023-11-19T17:20:55.508+0800][gc,stats    ]      Memory: Undo Object Allocation Failed                     0 / 0                 0 / 0                 0 / 0                 0 / 0           ops/s
[2023-11-19T17:20:55.508+0800][gc,stats    ]      Memory: Undo Object Allocation Succeeded                  0 / 0                 0 / 0                 0 / 0                 0 / 0           ops/s
[2023-11-19T17:20:55.508+0800][gc,stats    ]      Memory: Undo Page Allocation                              0 / 0                 0 / 0                 0 / 0                 0 / 0           ops/s
[2023-11-19T17:20:55.508+0800][gc,stats    ]       Phase: Concurrent Mark                               0.000 / 0.000         0.000 / 0.000        13.801 / 15.394       13.801 / 15.394      ms
[2023-11-19T17:20:55.508+0800][gc,stats    ]       Phase: Concurrent Mark Continue                      0.000 / 0.000         0.000 / 0.000         0.000 / 0.000         0.000 / 0.000       ms
[2023-11-19T17:20:55.508+0800][gc,stats    ]       Phase: Concurrent Mark Free                          0.000 / 0.000         0.000 / 0.000         0.001 / 0.001         0.001 / 0.001       ms
[2023-11-19T17:20:55.508+0800][gc,stats    ]       Phase: Concurrent Process Non-Strong References      0.000 / 0.000         0.000 / 0.000         1.810 / 1.931         1.810 / 1.931       ms
[2023-11-19T17:20:55.508+0800][gc,stats    ]       Phase: Concurrent Relocate                           0.000 / 0.000         0.000 / 0.000         2.671 / 3.187         2.671 / 3.187       ms
[2023-11-19T17:20:55.508+0800][gc,stats    ]       Phase: Concurrent Reset Relocation Set               0.000 / 0.000         0.000 / 0.000         0.001 / 0.003         0.001 / 0.003       ms
[2023-11-19T17:20:55.508+0800][gc,stats    ]       Phase: Concurrent Select Relocation Set              0.000 / 0.000         0.000 / 0.000         4.627 / 7.839         4.627 / 7.839       ms
[2023-11-19T17:20:55.508+0800][gc,stats    ]       Phase: Pause Mark End                                0.000 / 0.000         0.000 / 0.000         0.016 / 0.018         0.016 / 0.018       ms
[2023-11-19T17:20:55.508+0800][gc,stats    ]       Phase: Pause Mark Start                              0.000 / 0.000         0.000 / 0.000         0.013 / 0.019         0.013 / 0.019       ms
[2023-11-19T17:20:55.508+0800][gc,stats    ]       Phase: Pause Relocate Start                          0.000 / 0.000         0.000 / 0.000         0.008 / 0.009         0.008 / 0.009       ms
[2023-11-19T17:20:55.508+0800][gc,stats    ]    Subphase: Concurrent Classes Purge                      0.000 / 0.000         0.000 / 0.000         0.047 / 0.049         0.047 / 0.049       ms
[2023-11-19T17:20:55.508+0800][gc,stats    ]    Subphase: Concurrent Classes Unlink                     0.000 / 0.000         0.000 / 0.000         1.263 / 1.295         1.263 / 1.295       ms
[2023-11-19T17:20:55.508+0800][gc,stats    ]    Subphase: Concurrent Mark                               0.000 / 0.000         0.000 / 0.000        11.825 / 13.159       11.825 / 13.159      ms
[2023-11-19T17:20:55.508+0800][gc,stats    ]    Subphase: Concurrent Mark Try Flush                     0.000 / 0.000         0.000 / 0.000         0.057 / 0.108         0.057 / 0.108       ms
[2023-11-19T17:20:55.508+0800][gc,stats    ]    Subphase: Concurrent Mark Try Terminate                 0.000 / 0.000         0.000 / 0.000         1.420 / 4.236         1.420 / 4.236       ms
[2023-11-19T17:20:55.508+0800][gc,stats    ]    Subphase: Concurrent References Enqueue                 0.000 / 0.000         0.000 / 0.000         0.004 / 0.004         0.004 / 0.004       ms
[2023-11-19T17:20:55.508+0800][gc,stats    ]    Subphase: Concurrent References Process                 0.000 / 0.000         0.000 / 0.000         0.090 / 0.101         0.090 / 0.101       ms
[2023-11-19T17:20:55.508+0800][gc,stats    ]    Subphase: Concurrent Roots ClassLoaderDataGraph         0.000 / 0.000         0.000 / 0.000         0.103 / 0.506         0.103 / 0.506       ms
[2023-11-19T17:20:55.508+0800][gc,stats    ]    Subphase: Concurrent Roots CodeCache                    0.000 / 0.000         0.000 / 0.000         0.000 / 0.000         0.000 / 0.000       ms
[2023-11-19T17:20:55.508+0800][gc,stats    ]    Subphase: Concurrent Roots JavaThreads                  0.000 / 0.000         0.000 / 0.000         1.129 / 2.106         1.129 / 2.106       ms
[2023-11-19T17:20:55.508+0800][gc,stats    ]    Subphase: Concurrent Roots OopStorageSet                0.000 / 0.000         0.000 / 0.000         0.036 / 0.058         0.036 / 0.058       ms
[2023-11-19T17:20:55.508+0800][gc,stats    ]    Subphase: Concurrent Weak Roots OopStorageSet           0.000 / 0.000         0.000 / 0.000         0.328 / 0.486         0.328 / 0.486       ms
[2023-11-19T17:20:55.508+0800][gc,stats    ]    Subphase: Pause Mark Try Complete                       0.000 / 0.000         0.000 / 0.000         0.000 / 0.000         0.000 / 0.000       ms
[2023-11-19T17:20:55.508+0800][gc,stats    ]      System: Java Threads                                      0 / 0                 0 / 0                39 / 54               39 / 54          threads
[2023-11-19T17:20:55.508+0800][gc,stats    ] =========================================================================================================================================================
[2023-11-19T17:21:05.500+0800][gc,stats    ] === Garbage Collection Statistics =======================================================================================================================
[2023-11-19T17:21:05.500+0800][gc,stats    ]                                                              Last 10s              Last 10m              Last 10h                Total
[2023-11-19T17:21:05.500+0800][gc,stats    ]                                                              Avg / Max             Avg / Max             Avg / Max             Avg / Max
[2023-11-19T17:21:05.500+0800][gc,stats    ]   Collector: Garbage Collection Cycle                      0.000 / 0.000         0.000 / 0.000        23.723 / 25.775       23.723 / 25.775      ms
[2023-11-19T17:21:05.500+0800][gc,stats    ]  Contention: Mark Segment Reset Contention                     0 / 0                 0 / 0                 0 / 3                 0 / 3           ops/s
[2023-11-19T17:21:05.500+0800][gc,stats    ]  Contention: Mark SeqNum Reset Contention                      0 / 0                 0 / 0                 0 / 0                 0 / 0           ops/s
[2023-11-19T17:21:05.500+0800][gc,stats    ]    Critical: Allocation Stall                                  0 / 0                 0 / 0                 0 / 0                 0 / 0           ops/s
[2023-11-19T17:21:05.500+0800][gc,stats    ]    Critical: Allocation Stall                              0.000 / 0.000         0.000 / 0.000         0.000 / 0.000         0.000 / 0.000       ms
[2023-11-19T17:21:05.500+0800][gc,stats    ]    Critical: GC Locker Stall                                   0 / 0                 0 / 0                 0 / 0                 0 / 0           ops/s
[2023-11-19T17:21:05.500+0800][gc,stats    ]    Critical: GC Locker Stall                               0.000 / 0.000         0.000 / 0.000         0.000 / 0.000         0.000 / 0.000       ms
[2023-11-19T17:21:05.500+0800][gc,stats    ]    Critical: Relocation Stall                                  0 / 0                 0 / 0                 0 / 0                 0 / 0           ops/s
[2023-11-19T17:21:05.500+0800][gc,stats    ]    Critical: Relocation Stall                              0.000 / 0.000         0.000 / 0.000         0.000 / 0.000         0.000 / 0.000       ms
[2023-11-19T17:21:05.500+0800][gc,stats    ]      Memory: Allocation Rate                                   0 / 0                 0 / 4                 0 / 104               0 / 104         MB/s
[2023-11-19T17:21:05.500+0800][gc,stats    ]      Memory: Defragment                                        0 / 0                 0 / 0                 0 / 0                 0 / 0           ops/s
[2023-11-19T17:21:05.500+0800][gc,stats    ]      Memory: Out Of Memory                                     0 / 0                 0 / 0                 0 / 0                 0 / 0           ops/s
[2023-11-19T17:21:05.500+0800][gc,stats    ]      Memory: Page Cache Flush                                  0 / 0                 0 / 0                 0 / 0                 0 / 0           MB/s
[2023-11-19T17:21:05.500+0800][gc,stats    ]      Memory: Page Cache Hit L1                                 0 / 0                 0 / 0                 0 / 29                0 / 29          ops/s
[2023-11-19T17:21:05.500+0800][gc,stats    ]      Memory: Page Cache Hit L2                                 0 / 0                 0 / 0                 0 / 0                 0 / 0           ops/s
[2023-11-19T17:21:05.500+0800][gc,stats    ]      Memory: Page Cache Hit L3                                 0 / 0                 0 / 2                 0 / 48                0 / 48          ops/s
[2023-11-19T17:21:05.500+0800][gc,stats    ]      Memory: Page Cache Miss                                   0 / 0                 0 / 0                 0 / 1                 0 / 1           ops/s
[2023-11-19T17:21:05.500+0800][gc,stats    ]      Memory: Uncommit                                          0 / 0                 0 / 0                 0 / 0                 0 / 0           MB/s
[2023-11-19T17:21:05.500+0800][gc,stats    ]      Memory: Undo Object Allocation Failed                     0 / 0                 0 / 0                 0 / 0                 0 / 0           ops/s
[2023-11-19T17:21:05.500+0800][gc,stats    ]      Memory: Undo Object Allocation Succeeded                  0 / 0                 0 / 0                 0 / 0                 0 / 0           ops/s
[2023-11-19T17:21:05.500+0800][gc,stats    ]      Memory: Undo Page Allocation                              0 / 0                 0 / 0                 0 / 0                 0 / 0           ops/s
[2023-11-19T17:21:05.500+0800][gc,stats    ]       Phase: Concurrent Mark                               0.000 / 0.000         0.000 / 0.000        13.801 / 15.394       13.801 / 15.394      ms
[2023-11-19T17:21:05.500+0800][gc,stats    ]       Phase: Concurrent Mark Continue                      0.000 / 0.000         0.000 / 0.000         0.000 / 0.000         0.000 / 0.000       ms
[2023-11-19T17:21:05.500+0800][gc,stats    ]       Phase: Concurrent Mark Free                          0.000 / 0.000         0.000 / 0.000         0.001 / 0.001         0.001 / 0.001       ms
[2023-11-19T17:21:05.500+0800][gc,stats    ]       Phase: Concurrent Process Non-Strong References      0.000 / 0.000         0.000 / 0.000         1.810 / 1.931         1.810 / 1.931       ms
[2023-11-19T17:21:05.500+0800][gc,stats    ]       Phase: Concurrent Relocate                           0.000 / 0.000         0.000 / 0.000         2.671 / 3.187         2.671 / 3.187       ms
[2023-11-19T17:21:05.500+0800][gc,stats    ]       Phase: Concurrent Reset Relocation Set               0.000 / 0.000         0.000 / 0.000         0.001 / 0.003         0.001 / 0.003       ms
[2023-11-19T17:21:05.500+0800][gc,stats    ]       Phase: Concurrent Select Relocation Set              0.000 / 0.000         0.000 / 0.000         4.627 / 7.839         4.627 / 7.839       ms
[2023-11-19T17:21:05.500+0800][gc,stats    ]       Phase: Pause Mark End                                0.000 / 0.000         0.000 / 0.000         0.016 / 0.018         0.016 / 0.018       ms
[2023-11-19T17:21:05.500+0800][gc,stats    ]       Phase: Pause Mark Start                              0.000 / 0.000         0.000 / 0.000         0.013 / 0.019         0.013 / 0.019       ms
[2023-11-19T17:21:05.500+0800][gc,stats    ]       Phase: Pause Relocate Start                          0.000 / 0.000         0.000 / 0.000         0.008 / 0.009         0.008 / 0.009       ms
[2023-11-19T17:21:05.500+0800][gc,stats    ]    Subphase: Concurrent Classes Purge                      0.000 / 0.000         0.000 / 0.000         0.047 / 0.049         0.047 / 0.049       ms
[2023-11-19T17:21:05.500+0800][gc,stats    ]    Subphase: Concurrent Classes Unlink                     0.000 / 0.000         0.000 / 0.000         1.263 / 1.295         1.263 / 1.295       ms
[2023-11-19T17:21:05.500+0800][gc,stats    ]    Subphase: Concurrent Mark                               0.000 / 0.000         0.000 / 0.000        11.825 / 13.159       11.825 / 13.159      ms
[2023-11-19T17:21:05.500+0800][gc,stats    ]    Subphase: Concurrent Mark Try Flush                     0.000 / 0.000         0.000 / 0.000         0.057 / 0.108         0.057 / 0.108       ms
[2023-11-19T17:21:05.500+0800][gc,stats    ]    Subphase: Concurrent Mark Try Terminate                 0.000 / 0.000         0.000 / 0.000         1.420 / 4.236         1.420 / 4.236       ms
[2023-11-19T17:21:05.500+0800][gc,stats    ]    Subphase: Concurrent References Enqueue                 0.000 / 0.000         0.000 / 0.000         0.004 / 0.004         0.004 / 0.004       ms
[2023-11-19T17:21:05.500+0800][gc,stats    ]    Subphase: Concurrent References Process                 0.000 / 0.000         0.000 / 0.000         0.090 / 0.101         0.090 / 0.101       ms
[2023-11-19T17:21:05.500+0800][gc,stats    ]    Subphase: Concurrent Roots ClassLoaderDataGraph         0.000 / 0.000         0.000 / 0.000         0.103 / 0.506         0.103 / 0.506       ms
[2023-11-19T17:21:05.500+0800][gc,stats    ]    Subphase: Concurrent Roots CodeCache                    0.000 / 0.000         0.000 / 0.000         0.000 / 0.000         0.000 / 0.000       ms
[2023-11-19T17:21:05.500+0800][gc,stats    ]    Subphase: Concurrent Roots JavaThreads                  0.000 / 0.000         0.000 / 0.000         1.129 / 2.106         1.129 / 2.106       ms
[2023-11-19T17:21:05.500+0800][gc,stats    ]    Subphase: Concurrent Roots OopStorageSet                0.000 / 0.000         0.000 / 0.000         0.036 / 0.058         0.036 / 0.058       ms
[2023-11-19T17:21:05.500+0800][gc,stats    ]    Subphase: Concurrent Weak Roots OopStorageSet           0.000 / 0.000         0.000 / 0.000         0.328 / 0.486         0.328 / 0.486       ms
[2023-11-19T17:21:05.500+0800][gc,stats    ]    Subphase: Pause Mark Try Complete                       0.000 / 0.000         0.000 / 0.000         0.000 / 0.000         0.000 / 0.000       ms
[2023-11-19T17:21:05.500+0800][gc,stats    ]      System: Java Threads                                      0 / 0                 0 / 0                39 / 54               39 / 54          threads
[2023-11-19T17:21:05.500+0800][gc,stats    ] =========================================================================================================================================================
[2023-11-19T17:21:15.506+0800][gc,stats    ] === Garbage Collection Statistics =======================================================================================================================
[2023-11-19T17:21:15.506+0800][gc,stats    ]                                                              Last 10s              Last 10m              Last 10h                Total
[2023-11-19T17:21:15.506+0800][gc,stats    ]                                                              Avg / Max             Avg / Max             Avg / Max             Avg / Max
[2023-11-19T17:21:15.506+0800][gc,stats    ]   Collector: Garbage Collection Cycle                      0.000 / 0.000         0.000 / 0.000        23.723 / 25.775       23.723 / 25.775      ms
[2023-11-19T17:21:15.506+0800][gc,stats    ]  Contention: Mark Segment Reset Contention                     0 / 0                 0 / 0                 0 / 3                 0 / 3           ops/s
[2023-11-19T17:21:15.506+0800][gc,stats    ]  Contention: Mark SeqNum Reset Contention                      0 / 0                 0 / 0                 0 / 0                 0 / 0           ops/s
[2023-11-19T17:21:15.506+0800][gc,stats    ]    Critical: Allocation Stall                                  0 / 0                 0 / 0                 0 / 0                 0 / 0           ops/s
[2023-11-19T17:21:15.506+0800][gc,stats    ]    Critical: Allocation Stall                              0.000 / 0.000         0.000 / 0.000         0.000 / 0.000         0.000 / 0.000       ms
[2023-11-19T17:21:15.506+0800][gc,stats    ]    Critical: GC Locker Stall                                   0 / 0                 0 / 0                 0 / 0                 0 / 0           ops/s
[2023-11-19T17:21:15.506+0800][gc,stats    ]    Critical: GC Locker Stall                               0.000 / 0.000         0.000 / 0.000         0.000 / 0.000         0.000 / 0.000       ms
[2023-11-19T17:21:15.506+0800][gc,stats    ]    Critical: Relocation Stall                                  0 / 0                 0 / 0                 0 / 0                 0 / 0           ops/s
[2023-11-19T17:21:15.506+0800][gc,stats    ]    Critical: Relocation Stall                              0.000 / 0.000         0.000 / 0.000         0.000 / 0.000         0.000 / 0.000       ms
[2023-11-19T17:21:15.506+0800][gc,stats    ]      Memory: Allocation Rate                                   0 / 0                 0 / 4                 0 / 104               0 / 104         MB/s
[2023-11-19T17:21:15.506+0800][gc,stats    ]      Memory: Defragment                                        0 / 0                 0 / 0                 0 / 0                 0 / 0           ops/s
[2023-11-19T17:21:15.506+0800][gc,stats    ]      Memory: Out Of Memory                                     0 / 0                 0 / 0                 0 / 0                 0 / 0           ops/s
[2023-11-19T17:21:15.506+0800][gc,stats    ]      Memory: Page Cache Flush                                  0 / 0                 0 / 0                 0 / 0                 0 / 0           MB/s
[2023-11-19T17:21:15.506+0800][gc,stats    ]      Memory: Page Cache Hit L1                                 0 / 0                 0 / 0                 0 / 29                0 / 29          ops/s
[2023-11-19T17:21:15.506+0800][gc,stats    ]      Memory: Page Cache Hit L2                                 0 / 0                 0 / 0                 0 / 0                 0 / 0           ops/s
[2023-11-19T17:21:15.506+0800][gc,stats    ]      Memory: Page Cache Hit L3                                 0 / 0                 0 / 2                 0 / 48                0 / 48          ops/s
[2023-11-19T17:21:15.506+0800][gc,stats    ]      Memory: Page Cache Miss                                   0 / 0                 0 / 0                 0 / 1                 0 / 1           ops/s
[2023-11-19T17:21:15.506+0800][gc,stats    ]      Memory: Uncommit                                          0 / 0                 0 / 0                 0 / 0                 0 / 0           MB/s
[2023-11-19T17:21:15.506+0800][gc,stats    ]      Memory: Undo Object Allocation Failed                     0 / 0                 0 / 0                 0 / 0                 0 / 0           ops/s
[2023-11-19T17:21:15.506+0800][gc,stats    ]      Memory: Undo Object Allocation Succeeded                  0 / 0                 0 / 0                 0 / 0                 0 / 0           ops/s
[2023-11-19T17:21:15.506+0800][gc,stats    ]      Memory: Undo Page Allocation                              0 / 0                 0 / 0                 0 / 0                 0 / 0           ops/s
[2023-11-19T17:21:15.506+0800][gc,stats    ]       Phase: Concurrent Mark                               0.000 / 0.000         0.000 / 0.000        13.801 / 15.394       13.801 / 15.394      ms
[2023-11-19T17:21:15.506+0800][gc,stats    ]       Phase: Concurrent Mark Continue                      0.000 / 0.000         0.000 / 0.000         0.000 / 0.000         0.000 / 0.000       ms
[2023-11-19T17:21:15.506+0800][gc,stats    ]       Phase: Concurrent Mark Free                          0.000 / 0.000         0.000 / 0.000         0.001 / 0.001         0.001 / 0.001       ms
[2023-11-19T17:21:15.506+0800][gc,stats    ]       Phase: Concurrent Process Non-Strong References      0.000 / 0.000         0.000 / 0.000         1.810 / 1.931         1.810 / 1.931       ms
[2023-11-19T17:21:15.506+0800][gc,stats    ]       Phase: Concurrent Relocate                           0.000 / 0.000         0.000 / 0.000         2.671 / 3.187         2.671 / 3.187       ms
[2023-11-19T17:21:15.506+0800][gc,stats    ]       Phase: Concurrent Reset Relocation Set               0.000 / 0.000         0.000 / 0.000         0.001 / 0.003         0.001 / 0.003       ms
[2023-11-19T17:21:15.506+0800][gc,stats    ]       Phase: Concurrent Select Relocation Set              0.000 / 0.000         0.000 / 0.000         4.627 / 7.839         4.627 / 7.839       ms
[2023-11-19T17:21:15.506+0800][gc,stats    ]       Phase: Pause Mark End                                0.000 / 0.000         0.000 / 0.000         0.016 / 0.018         0.016 / 0.018       ms
[2023-11-19T17:21:15.506+0800][gc,stats    ]       Phase: Pause Mark Start                              0.000 / 0.000         0.000 / 0.000         0.013 / 0.019         0.013 / 0.019       ms
[2023-11-19T17:21:15.506+0800][gc,stats    ]       Phase: Pause Relocate Start                          0.000 / 0.000         0.000 / 0.000         0.008 / 0.009         0.008 / 0.009       ms
[2023-11-19T17:21:15.506+0800][gc,stats    ]    Subphase: Concurrent Classes Purge                      0.000 / 0.000         0.000 / 0.000         0.047 / 0.049         0.047 / 0.049       ms
[2023-11-19T17:21:15.506+0800][gc,stats    ]    Subphase: Concurrent Classes Unlink                     0.000 / 0.000         0.000 / 0.000         1.263 / 1.295         1.263 / 1.295       ms
[2023-11-19T17:21:15.506+0800][gc,stats    ]    Subphase: Concurrent Mark                               0.000 / 0.000         0.000 / 0.000        11.825 / 13.159       11.825 / 13.159      ms
[2023-11-19T17:21:15.506+0800][gc,stats    ]    Subphase: Concurrent Mark Try Flush                     0.000 / 0.000         0.000 / 0.000         0.057 / 0.108         0.057 / 0.108       ms
[2023-11-19T17:21:15.506+0800][gc,stats    ]    Subphase: Concurrent Mark Try Terminate                 0.000 / 0.000         0.000 / 0.000         1.420 / 4.236         1.420 / 4.236       ms
[2023-11-19T17:21:15.506+0800][gc,stats    ]    Subphase: Concurrent References Enqueue                 0.000 / 0.000         0.000 / 0.000         0.004 / 0.004         0.004 / 0.004       ms
[2023-11-19T17:21:15.506+0800][gc,stats    ]    Subphase: Concurrent References Process                 0.000 / 0.000         0.000 / 0.000         0.090 / 0.101         0.090 / 0.101       ms
[2023-11-19T17:21:15.506+0800][gc,stats    ]    Subphase: Concurrent Roots ClassLoaderDataGraph         0.000 / 0.000         0.000 / 0.000         0.103 / 0.506         0.103 / 0.506       ms
[2023-11-19T17:21:15.506+0800][gc,stats    ]    Subphase: Concurrent Roots CodeCache                    0.000 / 0.000         0.000 / 0.000         0.000 / 0.000         0.000 / 0.000       ms
[2023-11-19T17:21:15.506+0800][gc,stats    ]    Subphase: Concurrent Roots JavaThreads                  0.000 / 0.000         0.000 / 0.000         1.129 / 2.106         1.129 / 2.106       ms
[2023-11-19T17:21:15.506+0800][gc,stats    ]    Subphase: Concurrent Roots OopStorageSet                0.000 / 0.000         0.000 / 0.000         0.036 / 0.058         0.036 / 0.058       ms
[2023-11-19T17:21:15.506+0800][gc,stats    ]    Subphase: Concurrent Weak Roots OopStorageSet           0.000 / 0.000         0.000 / 0.000         0.328 / 0.486         0.328 / 0.486       ms
[2023-11-19T17:21:15.506+0800][gc,stats    ]    Subphase: Pause Mark Try Complete                       0.000 / 0.000         0.000 / 0.000         0.000 / 0.000         0.000 / 0.000       ms
[2023-11-19T17:21:15.506+0800][gc,stats    ]      System: Java Threads                                      0 / 0                 0 / 0                39 / 54               39 / 54          threads
[2023-11-19T17:21:15.506+0800][gc,stats    ] =========================================================================================================================================================
[2023-11-19T17:21:25.501+0800][gc,stats    ] === Garbage Collection Statistics =======================================================================================================================
[2023-11-19T17:21:25.501+0800][gc,stats    ]                                                              Last 10s              Last 10m              Last 10h                Total
[2023-11-19T17:21:25.501+0800][gc,stats    ]                                                              Avg / Max             Avg / Max             Avg / Max             Avg / Max
[2023-11-19T17:21:25.501+0800][gc,stats    ]   Collector: Garbage Collection Cycle                      0.000 / 0.000         0.000 / 0.000        23.723 / 25.775       23.723 / 25.775      ms
[2023-11-19T17:21:25.501+0800][gc,stats    ]  Contention: Mark Segment Reset Contention                     0 / 0                 0 / 0                 0 / 3                 0 / 3           ops/s
[2023-11-19T17:21:25.501+0800][gc,stats    ]  Contention: Mark SeqNum Reset Contention                      0 / 0                 0 / 0                 0 / 0                 0 / 0           ops/s
[2023-11-19T17:21:25.501+0800][gc,stats    ]    Critical: Allocation Stall                                  0 / 0                 0 / 0                 0 / 0                 0 / 0           ops/s
[2023-11-19T17:21:25.501+0800][gc,stats    ]    Critical: Allocation Stall                              0.000 / 0.000         0.000 / 0.000         0.000 / 0.000         0.000 / 0.000       ms
[2023-11-19T17:21:25.501+0800][gc,stats    ]    Critical: GC Locker Stall                                   0 / 0                 0 / 0                 0 / 0                 0 / 0           ops/s
[2023-11-19T17:21:25.501+0800][gc,stats    ]    Critical: GC Locker Stall                               0.000 / 0.000         0.000 / 0.000         0.000 / 0.000         0.000 / 0.000       ms
[2023-11-19T17:21:25.501+0800][gc,stats    ]    Critical: Relocation Stall                                  0 / 0                 0 / 0                 0 / 0                 0 / 0           ops/s
[2023-11-19T17:21:25.501+0800][gc,stats    ]    Critical: Relocation Stall                              0.000 / 0.000         0.000 / 0.000         0.000 / 0.000         0.000 / 0.000       ms
[2023-11-19T17:21:25.501+0800][gc,stats    ]      Memory: Allocation Rate                                   0 / 0                 0 / 4                 0 / 104               0 / 104         MB/s
[2023-11-19T17:21:25.501+0800][gc,stats    ]      Memory: Defragment                                        0 / 0                 0 / 0                 0 / 0                 0 / 0           ops/s
[2023-11-19T17:21:25.501+0800][gc,stats    ]      Memory: Out Of Memory                                     0 / 0                 0 / 0                 0 / 0                 0 / 0           ops/s
[2023-11-19T17:21:25.501+0800][gc,stats    ]      Memory: Page Cache Flush                                  0 / 0                 0 / 0                 0 / 0                 0 / 0           MB/s
[2023-11-19T17:21:25.501+0800][gc,stats    ]      Memory: Page Cache Hit L1                                 0 / 0                 0 / 0                 0 / 29                0 / 29          ops/s
[2023-11-19T17:21:25.501+0800][gc,stats    ]      Memory: Page Cache Hit L2                                 0 / 0                 0 / 0                 0 / 0                 0 / 0           ops/s
[2023-11-19T17:21:25.501+0800][gc,stats    ]      Memory: Page Cache Hit L3                                 0 / 0                 0 / 2                 0 / 48                0 / 48          ops/s
[2023-11-19T17:21:25.501+0800][gc,stats    ]      Memory: Page Cache Miss                                   0 / 0                 0 / 0                 0 / 1                 0 / 1           ops/s
[2023-11-19T17:21:25.501+0800][gc,stats    ]      Memory: Uncommit                                          0 / 0                 0 / 0                 0 / 0                 0 / 0           MB/s
[2023-11-19T17:21:25.501+0800][gc,stats    ]      Memory: Undo Object Allocation Failed                     0 / 0                 0 / 0                 0 / 0                 0 / 0           ops/s
[2023-11-19T17:21:25.501+0800][gc,stats    ]      Memory: Undo Object Allocation Succeeded                  0 / 0                 0 / 0                 0 / 0                 0 / 0           ops/s
[2023-11-19T17:21:25.501+0800][gc,stats    ]      Memory: Undo Page Allocation                              0 / 0                 0 / 0                 0 / 0                 0 / 0           ops/s
[2023-11-19T17:21:25.501+0800][gc,stats    ]       Phase: Concurrent Mark                               0.000 / 0.000         0.000 / 0.000        13.801 / 15.394       13.801 / 15.394      ms
[2023-11-19T17:21:25.501+0800][gc,stats    ]       Phase: Concurrent Mark Continue                      0.000 / 0.000         0.000 / 0.000         0.000 / 0.000         0.000 / 0.000       ms
[2023-11-19T17:21:25.501+0800][gc,stats    ]       Phase: Concurrent Mark Free                          0.000 / 0.000         0.000 / 0.000         0.001 / 0.001         0.001 / 0.001       ms
[2023-11-19T17:21:25.501+0800][gc,stats    ]       Phase: Concurrent Process Non-Strong References      0.000 / 0.000         0.000 / 0.000         1.810 / 1.931         1.810 / 1.931       ms
[2023-11-19T17:21:25.501+0800][gc,stats    ]       Phase: Concurrent Relocate                           0.000 / 0.000         0.000 / 0.000         2.671 / 3.187         2.671 / 3.187       ms
[2023-11-19T17:21:25.501+0800][gc,stats    ]       Phase: Concurrent Reset Relocation Set               0.000 / 0.000         0.000 / 0.000         0.001 / 0.003         0.001 / 0.003       ms
[2023-11-19T17:21:25.501+0800][gc,stats    ]       Phase: Concurrent Select Relocation Set              0.000 / 0.000         0.000 / 0.000         4.627 / 7.839         4.627 / 7.839       ms
[2023-11-19T17:21:25.501+0800][gc,stats    ]       Phase: Pause Mark End                                0.000 / 0.000         0.000 / 0.000         0.016 / 0.018         0.016 / 0.018       ms
[2023-11-19T17:21:25.501+0800][gc,stats    ]       Phase: Pause Mark Start                              0.000 / 0.000         0.000 / 0.000         0.013 / 0.019         0.013 / 0.019       ms
[2023-11-19T17:21:25.501+0800][gc,stats    ]       Phase: Pause Relocate Start                          0.000 / 0.000         0.000 / 0.000         0.008 / 0.009         0.008 / 0.009       ms
[2023-11-19T17:21:25.501+0800][gc,stats    ]    Subphase: Concurrent Classes Purge                      0.000 / 0.000         0.000 / 0.000         0.047 / 0.049         0.047 / 0.049       ms
[2023-11-19T17:21:25.501+0800][gc,stats    ]    Subphase: Concurrent Classes Unlink                     0.000 / 0.000         0.000 / 0.000         1.263 / 1.295         1.263 / 1.295       ms
[2023-11-19T17:21:25.501+0800][gc,stats    ]    Subphase: Concurrent Mark                               0.000 / 0.000         0.000 / 0.000        11.825 / 13.159       11.825 / 13.159      ms
[2023-11-19T17:21:25.501+0800][gc,stats    ]    Subphase: Concurrent Mark Try Flush                     0.000 / 0.000         0.000 / 0.000         0.057 / 0.108         0.057 / 0.108       ms
[2023-11-19T17:21:25.501+0800][gc,stats    ]    Subphase: Concurrent Mark Try Terminate                 0.000 / 0.000         0.000 / 0.000         1.420 / 4.236         1.420 / 4.236       ms
[2023-11-19T17:21:25.501+0800][gc,stats    ]    Subphase: Concurrent References Enqueue                 0.000 / 0.000         0.000 / 0.000         0.004 / 0.004         0.004 / 0.004       ms
[2023-11-19T17:21:25.501+0800][gc,stats    ]    Subphase: Concurrent References Process                 0.000 / 0.000         0.000 / 0.000         0.090 / 0.101         0.090 / 0.101       ms
[2023-11-19T17:21:25.501+0800][gc,stats    ]    Subphase: Concurrent Roots ClassLoaderDataGraph         0.000 / 0.000         0.000 / 0.000         0.103 / 0.506         0.103 / 0.506       ms
[2023-11-19T17:21:25.501+0800][gc,stats    ]    Subphase: Concurrent Roots CodeCache                    0.000 / 0.000         0.000 / 0.000         0.000 / 0.000         0.000 / 0.000       ms
[2023-11-19T17:21:25.501+0800][gc,stats    ]    Subphase: Concurrent Roots JavaThreads                  0.000 / 0.000         0.000 / 0.000         1.129 / 2.106         1.129 / 2.106       ms
[2023-11-19T17:21:25.501+0800][gc,stats    ]    Subphase: Concurrent Roots OopStorageSet                0.000 / 0.000         0.000 / 0.000         0.036 / 0.058         0.036 / 0.058       ms
[2023-11-19T17:21:25.501+0800][gc,stats    ]    Subphase: Concurrent Weak Roots OopStorageSet           0.000 / 0.000         0.000 / 0.000         0.328 / 0.486         0.328 / 0.486       ms
[2023-11-19T17:21:25.501+0800][gc,stats    ]    Subphase: Pause Mark Try Complete                       0.000 / 0.000         0.000 / 0.000         0.000 / 0.000         0.000 / 0.000       ms
[2023-11-19T17:21:25.501+0800][gc,stats    ]      System: Java Threads                                      0 / 0                 0 / 0                39 / 54               39 / 54          threads
[2023-11-19T17:21:25.501+0800][gc,stats    ] =========================================================================================================================================================
[2023-11-19T17:21:35.501+0800][gc,stats    ] === Garbage Collection Statistics =======================================================================================================================
[2023-11-19T17:21:35.501+0800][gc,stats    ]                                                              Last 10s              Last 10m              Last 10h                Total
[2023-11-19T17:21:35.501+0800][gc,stats    ]                                                              Avg / Max             Avg / Max             Avg / Max             Avg / Max
[2023-11-19T17:21:35.501+0800][gc,stats    ]   Collector: Garbage Collection Cycle                      0.000 / 0.000         0.000 / 0.000        23.723 / 25.775       23.723 / 25.775      ms
[2023-11-19T17:21:35.501+0800][gc,stats    ]  Contention: Mark Segment Reset Contention                     0 / 0                 0 / 0                 0 / 3                 0 / 3           ops/s
[2023-11-19T17:21:35.501+0800][gc,stats    ]  Contention: Mark SeqNum Reset Contention                      0 / 0                 0 / 0                 0 / 0                 0 / 0           ops/s
[2023-11-19T17:21:35.501+0800][gc,stats    ]    Critical: Allocation Stall                                  0 / 0                 0 / 0                 0 / 0                 0 / 0           ops/s
[2023-11-19T17:21:35.501+0800][gc,stats    ]    Critical: Allocation Stall                              0.000 / 0.000         0.000 / 0.000         0.000 / 0.000         0.000 / 0.000       ms
[2023-11-19T17:21:35.501+0800][gc,stats    ]    Critical: GC Locker Stall                                   0 / 0                 0 / 0                 0 / 0                 0 / 0           ops/s
[2023-11-19T17:21:35.501+0800][gc,stats    ]    Critical: GC Locker Stall                               0.000 / 0.000         0.000 / 0.000         0.000 / 0.000         0.000 / 0.000       ms
[2023-11-19T17:21:35.501+0800][gc,stats    ]    Critical: Relocation Stall                                  0 / 0                 0 / 0                 0 / 0                 0 / 0           ops/s
[2023-11-19T17:21:35.501+0800][gc,stats    ]    Critical: Relocation Stall                              0.000 / 0.000         0.000 / 0.000         0.000 / 0.000         0.000 / 0.000       ms
[2023-11-19T17:21:35.501+0800][gc,stats    ]      Memory: Allocation Rate                                   0 / 2                 0 / 4                 0 / 104               0 / 104         MB/s
[2023-11-19T17:21:35.501+0800][gc,stats    ]      Memory: Defragment                                        0 / 0                 0 / 0                 0 / 0                 0 / 0           ops/s
[2023-11-19T17:21:35.501+0800][gc,stats    ]      Memory: Out Of Memory                                     0 / 0                 0 / 0                 0 / 0                 0 / 0           ops/s
[2023-11-19T17:21:35.501+0800][gc,stats    ]      Memory: Page Cache Flush                                  0 / 0                 0 / 0                 0 / 0                 0 / 0           MB/s
[2023-11-19T17:21:35.501+0800][gc,stats    ]      Memory: Page Cache Hit L1                                 0 / 0                 0 / 0                 0 / 29                0 / 29          ops/s
[2023-11-19T17:21:35.501+0800][gc,stats    ]      Memory: Page Cache Hit L2                                 0 / 0                 0 / 0                 0 / 0                 0 / 0           ops/s
[2023-11-19T17:21:35.501+0800][gc,stats    ]      Memory: Page Cache Hit L3                                 0 / 1                 0 / 2                 0 / 48                0 / 48          ops/s
[2023-11-19T17:21:35.501+0800][gc,stats    ]      Memory: Page Cache Miss                                   0 / 0                 0 / 0                 0 / 1                 0 / 1           ops/s
[2023-11-19T17:21:35.501+0800][gc,stats    ]      Memory: Uncommit                                          0 / 0                 0 / 0                 0 / 0                 0 / 0           MB/s
[2023-11-19T17:21:35.501+0800][gc,stats    ]      Memory: Undo Object Allocation Failed                     0 / 0                 0 / 0                 0 / 0                 0 / 0           ops/s
[2023-11-19T17:21:35.501+0800][gc,stats    ]      Memory: Undo Object Allocation Succeeded                  0 / 0                 0 / 0                 0 / 0                 0 / 0           ops/s
[2023-11-19T17:21:35.501+0800][gc,stats    ]      Memory: Undo Page Allocation                              0 / 0                 0 / 0                 0 / 0                 0 / 0           ops/s
[2023-11-19T17:21:35.501+0800][gc,stats    ]       Phase: Concurrent Mark                               0.000 / 0.000         0.000 / 0.000        13.801 / 15.394       13.801 / 15.394      ms
[2023-11-19T17:21:35.501+0800][gc,stats    ]       Phase: Concurrent Mark Continue                      0.000 / 0.000         0.000 / 0.000         0.000 / 0.000         0.000 / 0.000       ms
[2023-11-19T17:21:35.501+0800][gc,stats    ]       Phase: Concurrent Mark Free                          0.000 / 0.000         0.000 / 0.000         0.001 / 0.001         0.001 / 0.001       ms
[2023-11-19T17:21:35.501+0800][gc,stats    ]       Phase: Concurrent Process Non-Strong References      0.000 / 0.000         0.000 / 0.000         1.810 / 1.931         1.810 / 1.931       ms
[2023-11-19T17:21:35.501+0800][gc,stats    ]       Phase: Concurrent Relocate                           0.000 / 0.000         0.000 / 0.000         2.671 / 3.187         2.671 / 3.187       ms
[2023-11-19T17:21:35.501+0800][gc,stats    ]       Phase: Concurrent Reset Relocation Set               0.000 / 0.000         0.000 / 0.000         0.001 / 0.003         0.001 / 0.003       ms
[2023-11-19T17:21:35.501+0800][gc,stats    ]       Phase: Concurrent Select Relocation Set              0.000 / 0.000         0.000 / 0.000         4.627 / 7.839         4.627 / 7.839       ms
[2023-11-19T17:21:35.501+0800][gc,stats    ]       Phase: Pause Mark End                                0.000 / 0.000         0.000 / 0.000         0.016 / 0.018         0.016 / 0.018       ms
[2023-11-19T17:21:35.501+0800][gc,stats    ]       Phase: Pause Mark Start                              0.000 / 0.000         0.000 / 0.000         0.013 / 0.019         0.013 / 0.019       ms
[2023-11-19T17:21:35.501+0800][gc,stats    ]       Phase: Pause Relocate Start                          0.000 / 0.000         0.000 / 0.000         0.008 / 0.009         0.008 / 0.009       ms
[2023-11-19T17:21:35.501+0800][gc,stats    ]    Subphase: Concurrent Classes Purge                      0.000 / 0.000         0.000 / 0.000         0.047 / 0.049         0.047 / 0.049       ms
[2023-11-19T17:21:35.501+0800][gc,stats    ]    Subphase: Concurrent Classes Unlink                     0.000 / 0.000         0.000 / 0.000         1.263 / 1.295         1.263 / 1.295       ms
[2023-11-19T17:21:35.501+0800][gc,stats    ]    Subphase: Concurrent Mark                               0.000 / 0.000         0.000 / 0.000        11.825 / 13.159       11.825 / 13.159      ms
[2023-11-19T17:21:35.501+0800][gc,stats    ]    Subphase: Concurrent Mark Try Flush                     0.000 / 0.000         0.000 / 0.000         0.057 / 0.108         0.057 / 0.108       ms
[2023-11-19T17:21:35.501+0800][gc,stats    ]    Subphase: Concurrent Mark Try Terminate                 0.000 / 0.000         0.000 / 0.000         1.420 / 4.236         1.420 / 4.236       ms
[2023-11-19T17:21:35.501+0800][gc,stats    ]    Subphase: Concurrent References Enqueue                 0.000 / 0.000         0.000 / 0.000         0.004 / 0.004         0.004 / 0.004       ms
[2023-11-19T17:21:35.501+0800][gc,stats    ]    Subphase: Concurrent References Process                 0.000 / 0.000         0.000 / 0.000         0.090 / 0.101         0.090 / 0.101       ms
[2023-11-19T17:21:35.501+0800][gc,stats    ]    Subphase: Concurrent Roots ClassLoaderDataGraph         0.000 / 0.000         0.000 / 0.000         0.103 / 0.506         0.103 / 0.506       ms
[2023-11-19T17:21:35.501+0800][gc,stats    ]    Subphase: Concurrent Roots CodeCache                    0.000 / 0.000         0.000 / 0.000         0.000 / 0.000         0.000 / 0.000       ms
[2023-11-19T17:21:35.501+0800][gc,stats    ]    Subphase: Concurrent Roots JavaThreads                  0.000 / 0.000         0.000 / 0.000         1.129 / 2.106         1.129 / 2.106       ms
[2023-11-19T17:21:35.501+0800][gc,stats    ]    Subphase: Concurrent Roots OopStorageSet                0.000 / 0.000         0.000 / 0.000         0.036 / 0.058         0.036 / 0.058       ms
[2023-11-19T17:21:35.501+0800][gc,stats    ]    Subphase: Concurrent Weak Roots OopStorageSet           0.000 / 0.000         0.000 / 0.000         0.328 / 0.486         0.328 / 0.486       ms
[2023-11-19T17:21:35.501+0800][gc,stats    ]    Subphase: Pause Mark Try Complete                       0.000 / 0.000         0.000 / 0.000         0.000 / 0.000         0.000 / 0.000       ms
[2023-11-19T17:21:35.501+0800][gc,stats    ]      System: Java Threads                                      0 / 0                 0 / 0                39 / 54               39 / 54          threads
[2023-11-19T17:21:35.501+0800][gc,stats    ] =========================================================================================================================================================
[2023-11-19T17:21:45.501+0800][gc,stats    ] === Garbage Collection Statistics =======================================================================================================================
[2023-11-19T17:21:45.501+0800][gc,stats    ]                                                              Last 10s              Last 10m              Last 10h                Total
[2023-11-19T17:21:45.501+0800][gc,stats    ]                                                              Avg / Max             Avg / Max             Avg / Max             Avg / Max
[2023-11-19T17:21:45.501+0800][gc,stats    ]   Collector: Garbage Collection Cycle                      0.000 / 0.000         0.000 / 0.000        23.723 / 25.775       23.723 / 25.775      ms
[2023-11-19T17:21:45.501+0800][gc,stats    ]  Contention: Mark Segment Reset Contention                     0 / 0                 0 / 0                 0 / 3                 0 / 3           ops/s
[2023-11-19T17:21:45.501+0800][gc,stats    ]  Contention: Mark SeqNum Reset Contention                      0 / 0                 0 / 0                 0 / 0                 0 / 0           ops/s
[2023-11-19T17:21:45.501+0800][gc,stats    ]    Critical: Allocation Stall                                  0 / 0                 0 / 0                 0 / 0                 0 / 0           ops/s
[2023-11-19T17:21:45.501+0800][gc,stats    ]    Critical: Allocation Stall                              0.000 / 0.000         0.000 / 0.000         0.000 / 0.000         0.000 / 0.000       ms
[2023-11-19T17:21:45.501+0800][gc,stats    ]    Critical: GC Locker Stall                                   0 / 0                 0 / 0                 0 / 0                 0 / 0           ops/s
[2023-11-19T17:21:45.501+0800][gc,stats    ]    Critical: GC Locker Stall                               0.000 / 0.000         0.000 / 0.000         0.000 / 0.000         0.000 / 0.000       ms
[2023-11-19T17:21:45.501+0800][gc,stats    ]    Critical: Relocation Stall                                  0 / 0                 0 / 0                 0 / 0                 0 / 0           ops/s
[2023-11-19T17:21:45.501+0800][gc,stats    ]    Critical: Relocation Stall                              0.000 / 0.000         0.000 / 0.000         0.000 / 0.000         0.000 / 0.000       ms
[2023-11-19T17:21:45.501+0800][gc,stats    ]      Memory: Allocation Rate                                   0 / 2                 0 / 4                 0 / 104               0 / 104         MB/s
[2023-11-19T17:21:45.501+0800][gc,stats    ]      Memory: Defragment                                        0 / 0                 0 / 0                 0 / 0                 0 / 0           ops/s
[2023-11-19T17:21:45.501+0800][gc,stats    ]      Memory: Out Of Memory                                     0 / 0                 0 / 0                 0 / 0                 0 / 0           ops/s
[2023-11-19T17:21:45.501+0800][gc,stats    ]      Memory: Page Cache Flush                                  0 / 0                 0 / 0                 0 / 0                 0 / 0           MB/s
[2023-11-19T17:21:45.501+0800][gc,stats    ]      Memory: Page Cache Hit L1                                 0 / 0                 0 / 0                 0 / 29                0 / 29          ops/s
[2023-11-19T17:21:45.501+0800][gc,stats    ]      Memory: Page Cache Hit L2                                 0 / 0                 0 / 0                 0 / 0                 0 / 0           ops/s
[2023-11-19T17:21:45.502+0800][gc,stats    ]      Memory: Page Cache Hit L3                                 0 / 1                 0 / 2                 0 / 48                0 / 48          ops/s
[2023-11-19T17:21:45.502+0800][gc,stats    ]      Memory: Page Cache Miss                                   0 / 0                 0 / 0                 0 / 1                 0 / 1           ops/s
[2023-11-19T17:21:45.502+0800][gc,stats    ]      Memory: Uncommit                                          0 / 0                 0 / 0                 0 / 0                 0 / 0           MB/s
[2023-11-19T17:21:45.502+0800][gc,stats    ]      Memory: Undo Object Allocation Failed                     0 / 0                 0 / 0                 0 / 0                 0 / 0           ops/s
[2023-11-19T17:21:45.502+0800][gc,stats    ]      Memory: Undo Object Allocation Succeeded                  0 / 0                 0 / 0                 0 / 0                 0 / 0           ops/s
[2023-11-19T17:21:45.502+0800][gc,stats    ]      Memory: Undo Page Allocation                              0 / 0                 0 / 0                 0 / 0                 0 / 0           ops/s
[2023-11-19T17:21:45.502+0800][gc,stats    ]       Phase: Concurrent Mark                               0.000 / 0.000         0.000 / 0.000        13.801 / 15.394       13.801 / 15.394      ms
[2023-11-19T17:21:45.502+0800][gc,stats    ]       Phase: Concurrent Mark Continue                      0.000 / 0.000         0.000 / 0.000         0.000 / 0.000         0.000 / 0.000       ms
[2023-11-19T17:21:45.502+0800][gc,stats    ]       Phase: Concurrent Mark Free                          0.000 / 0.000         0.000 / 0.000         0.001 / 0.001         0.001 / 0.001       ms
[2023-11-19T17:21:45.502+0800][gc,stats    ]       Phase: Concurrent Process Non-Strong References      0.000 / 0.000         0.000 / 0.000         1.810 / 1.931         1.810 / 1.931       ms
[2023-11-19T17:21:45.502+0800][gc,stats    ]       Phase: Concurrent Relocate                           0.000 / 0.000         0.000 / 0.000         2.671 / 3.187         2.671 / 3.187       ms
[2023-11-19T17:21:45.502+0800][gc,stats    ]       Phase: Concurrent Reset Relocation Set               0.000 / 0.000         0.000 / 0.000         0.001 / 0.003         0.001 / 0.003       ms
[2023-11-19T17:21:45.502+0800][gc,stats    ]       Phase: Concurrent Select Relocation Set              0.000 / 0.000         0.000 / 0.000         4.627 / 7.839         4.627 / 7.839       ms
[2023-11-19T17:21:45.502+0800][gc,stats    ]       Phase: Pause Mark End                                0.000 / 0.000         0.000 / 0.000         0.016 / 0.018         0.016 / 0.018       ms
[2023-11-19T17:21:45.502+0800][gc,stats    ]       Phase: Pause Mark Start                              0.000 / 0.000         0.000 / 0.000         0.013 / 0.019         0.013 / 0.019       ms
[2023-11-19T17:21:45.502+0800][gc,stats    ]       Phase: Pause Relocate Start                          0.000 / 0.000         0.000 / 0.000         0.008 / 0.009         0.008 / 0.009       ms
[2023-11-19T17:21:45.502+0800][gc,stats    ]    Subphase: Concurrent Classes Purge                      0.000 / 0.000         0.000 / 0.000         0.047 / 0.049         0.047 / 0.049       ms
[2023-11-19T17:21:45.502+0800][gc,stats    ]    Subphase: Concurrent Classes Unlink                     0.000 / 0.000         0.000 / 0.000         1.263 / 1.295         1.263 / 1.295       ms
[2023-11-19T17:21:45.502+0800][gc,stats    ]    Subphase: Concurrent Mark                               0.000 / 0.000         0.000 / 0.000        11.825 / 13.159       11.825 / 13.159      ms
[2023-11-19T17:21:45.502+0800][gc,stats    ]    Subphase: Concurrent Mark Try Flush                     0.000 / 0.000         0.000 / 0.000         0.057 / 0.108         0.057 / 0.108       ms
[2023-11-19T17:21:45.502+0800][gc,stats    ]    Subphase: Concurrent Mark Try Terminate                 0.000 / 0.000         0.000 / 0.000         1.420 / 4.236         1.420 / 4.236       ms
[2023-11-19T17:21:45.502+0800][gc,stats    ]    Subphase: Concurrent References Enqueue                 0.000 / 0.000         0.000 / 0.000         0.004 / 0.004         0.004 / 0.004       ms
[2023-11-19T17:21:45.502+0800][gc,stats    ]    Subphase: Concurrent References Process                 0.000 / 0.000         0.000 / 0.000         0.090 / 0.101         0.090 / 0.101       ms
[2023-11-19T17:21:45.502+0800][gc,stats    ]    Subphase: Concurrent Roots ClassLoaderDataGraph         0.000 / 0.000         0.000 / 0.000         0.103 / 0.506         0.103 / 0.506       ms
[2023-11-19T17:21:45.502+0800][gc,stats    ]    Subphase: Concurrent Roots CodeCache                    0.000 / 0.000         0.000 / 0.000         0.000 / 0.000         0.000 / 0.000       ms
[2023-11-19T17:21:45.502+0800][gc,stats    ]    Subphase: Concurrent Roots JavaThreads                  0.000 / 0.000         0.000 / 0.000         1.129 / 2.106         1.129 / 2.106       ms
[2023-11-19T17:21:45.502+0800][gc,stats    ]    Subphase: Concurrent Roots OopStorageSet                0.000 / 0.000         0.000 / 0.000         0.036 / 0.058         0.036 / 0.058       ms
[2023-11-19T17:21:45.502+0800][gc,stats    ]    Subphase: Concurrent Weak Roots OopStorageSet           0.000 / 0.000         0.000 / 0.000         0.328 / 0.486         0.328 / 0.486       ms
[2023-11-19T17:21:45.502+0800][gc,stats    ]    Subphase: Pause Mark Try Complete                       0.000 / 0.000         0.000 / 0.000         0.000 / 0.000         0.000 / 0.000       ms
[2023-11-19T17:21:45.502+0800][gc,stats    ]      System: Java Threads                                      0 / 0                 0 / 0                39 / 54               39 / 54          threads
[2023-11-19T17:21:45.502+0800][gc,stats    ] =========================================================================================================================================================
[2023-11-19T17:21:55.501+0800][gc,stats    ] === Garbage Collection Statistics =======================================================================================================================
[2023-11-19T17:21:55.501+0800][gc,stats    ]                                                              Last 10s              Last 10m              Last 10h                Total
[2023-11-19T17:21:55.501+0800][gc,stats    ]                                                              Avg / Max             Avg / Max             Avg / Max             Avg / Max
[2023-11-19T17:21:55.501+0800][gc,stats    ]   Collector: Garbage Collection Cycle                      0.000 / 0.000         0.000 / 0.000        23.723 / 25.775       23.723 / 25.775      ms
[2023-11-19T17:21:55.501+0800][gc,stats    ]  Contention: Mark Segment Reset Contention                     0 / 0                 0 / 0                 0 / 3                 0 / 3           ops/s
[2023-11-19T17:21:55.501+0800][gc,stats    ]  Contention: Mark SeqNum Reset Contention                      0 / 0                 0 / 0                 0 / 0                 0 / 0           ops/s
[2023-11-19T17:21:55.501+0800][gc,stats    ]    Critical: Allocation Stall                                  0 / 0                 0 / 0                 0 / 0                 0 / 0           ops/s
[2023-11-19T17:21:55.501+0800][gc,stats    ]    Critical: Allocation Stall                              0.000 / 0.000         0.000 / 0.000         0.000 / 0.000         0.000 / 0.000       ms
[2023-11-19T17:21:55.501+0800][gc,stats    ]    Critical: GC Locker Stall                                   0 / 0                 0 / 0                 0 / 0                 0 / 0           ops/s
[2023-11-19T17:21:55.501+0800][gc,stats    ]    Critical: GC Locker Stall                               0.000 / 0.000         0.000 / 0.000         0.000 / 0.000         0.000 / 0.000       ms
[2023-11-19T17:21:55.501+0800][gc,stats    ]    Critical: Relocation Stall                                  0 / 0                 0 / 0                 0 / 0                 0 / 0           ops/s
[2023-11-19T17:21:55.501+0800][gc,stats    ]    Critical: Relocation Stall                              0.000 / 0.000         0.000 / 0.000         0.000 / 0.000         0.000 / 0.000       ms
[2023-11-19T17:21:55.501+0800][gc,stats    ]      Memory: Allocation Rate                                   0 / 0                 0 / 4                 0 / 104               0 / 104         MB/s
[2023-11-19T17:21:55.501+0800][gc,stats    ]      Memory: Defragment                                        0 / 0                 0 / 0                 0 / 0                 0 / 0           ops/s
[2023-11-19T17:21:55.501+0800][gc,stats    ]      Memory: Out Of Memory                                     0 / 0                 0 / 0                 0 / 0                 0 / 0           ops/s
[2023-11-19T17:21:55.501+0800][gc,stats    ]      Memory: Page Cache Flush                                  0 / 0                 0 / 0                 0 / 0                 0 / 0           MB/s
[2023-11-19T17:21:55.501+0800][gc,stats    ]      Memory: Page Cache Hit L1                                 0 / 0                 0 / 0                 0 / 29                0 / 29          ops/s
[2023-11-19T17:21:55.501+0800][gc,stats    ]      Memory: Page Cache Hit L2                                 0 / 0                 0 / 0                 0 / 0                 0 / 0           ops/s
[2023-11-19T17:21:55.501+0800][gc,stats    ]      Memory: Page Cache Hit L3                                 0 / 0                 0 / 2                 0 / 48                0 / 48          ops/s
[2023-11-19T17:21:55.501+0800][gc,stats    ]      Memory: Page Cache Miss                                   0 / 0                 0 / 0                 0 / 1                 0 / 1           ops/s
[2023-11-19T17:21:55.501+0800][gc,stats    ]      Memory: Uncommit                                          0 / 0                 0 / 0                 0 / 0                 0 / 0           MB/s
[2023-11-19T17:21:55.501+0800][gc,stats    ]      Memory: Undo Object Allocation Failed                     0 / 0                 0 / 0                 0 / 0                 0 / 0           ops/s
[2023-11-19T17:21:55.501+0800][gc,stats    ]      Memory: Undo Object Allocation Succeeded                  0 / 0                 0 / 0                 0 / 0                 0 / 0           ops/s
[2023-11-19T17:21:55.501+0800][gc,stats    ]      Memory: Undo Page Allocation                              0 / 0                 0 / 0                 0 / 0                 0 / 0           ops/s
[2023-11-19T17:21:55.501+0800][gc,stats    ]       Phase: Concurrent Mark                               0.000 / 0.000         0.000 / 0.000        13.801 / 15.394       13.801 / 15.394      ms
[2023-11-19T17:21:55.501+0800][gc,stats    ]       Phase: Concurrent Mark Continue                      0.000 / 0.000         0.000 / 0.000         0.000 / 0.000         0.000 / 0.000       ms
[2023-11-19T17:21:55.501+0800][gc,stats    ]       Phase: Concurrent Mark Free                          0.000 / 0.000         0.000 / 0.000         0.001 / 0.001         0.001 / 0.001       ms
[2023-11-19T17:21:55.501+0800][gc,stats    ]       Phase: Concurrent Process Non-Strong References      0.000 / 0.000         0.000 / 0.000         1.810 / 1.931         1.810 / 1.931       ms
[2023-11-19T17:21:55.501+0800][gc,stats    ]       Phase: Concurrent Relocate                           0.000 / 0.000         0.000 / 0.000         2.671 / 3.187         2.671 / 3.187       ms
[2023-11-19T17:21:55.501+0800][gc,stats    ]       Phase: Concurrent Reset Relocation Set               0.000 / 0.000         0.000 / 0.000         0.001 / 0.003         0.001 / 0.003       ms
[2023-11-19T17:21:55.501+0800][gc,stats    ]       Phase: Concurrent Select Relocation Set              0.000 / 0.000         0.000 / 0.000         4.627 / 7.839         4.627 / 7.839       ms
[2023-11-19T17:21:55.501+0800][gc,stats    ]       Phase: Pause Mark End                                0.000 / 0.000         0.000 / 0.000         0.016 / 0.018         0.016 / 0.018       ms
[2023-11-19T17:21:55.501+0800][gc,stats    ]       Phase: Pause Mark Start                              0.000 / 0.000         0.000 / 0.000         0.013 / 0.019         0.013 / 0.019       ms
[2023-11-19T17:21:55.501+0800][gc,stats    ]       Phase: Pause Relocate Start                          0.000 / 0.000         0.000 / 0.000         0.008 / 0.009         0.008 / 0.009       ms
[2023-11-19T17:21:55.501+0800][gc,stats    ]    Subphase: Concurrent Classes Purge                      0.000 / 0.000         0.000 / 0.000         0.047 / 0.049         0.047 / 0.049       ms
[2023-11-19T17:21:55.501+0800][gc,stats    ]    Subphase: Concurrent Classes Unlink                     0.000 / 0.000         0.000 / 0.000         1.263 / 1.295         1.263 / 1.295       ms
[2023-11-19T17:21:55.501+0800][gc,stats    ]    Subphase: Concurrent Mark                               0.000 / 0.000         0.000 / 0.000        11.825 / 13.159       11.825 / 13.159      ms
[2023-11-19T17:21:55.501+0800][gc,stats    ]    Subphase: Concurrent Mark Try Flush                     0.000 / 0.000         0.000 / 0.000         0.057 / 0.108         0.057 / 0.108       ms
[2023-11-19T17:21:55.502+0800][gc,stats    ]    Subphase: Concurrent Mark Try Terminate                 0.000 / 0.000         0.000 / 0.000         1.420 / 4.236         1.420 / 4.236       ms
[2023-11-19T17:21:55.502+0800][gc,stats    ]    Subphase: Concurrent References Enqueue                 0.000 / 0.000         0.000 / 0.000         0.004 / 0.004         0.004 / 0.004       ms
[2023-11-19T17:21:55.502+0800][gc,stats    ]    Subphase: Concurrent References Process                 0.000 / 0.000         0.000 / 0.000         0.090 / 0.101         0.090 / 0.101       ms
[2023-11-19T17:21:55.502+0800][gc,stats    ]    Subphase: Concurrent Roots ClassLoaderDataGraph         0.000 / 0.000         0.000 / 0.000         0.103 / 0.506         0.103 / 0.506       ms
[2023-11-19T17:21:55.502+0800][gc,stats    ]    Subphase: Concurrent Roots CodeCache                    0.000 / 0.000         0.000 / 0.000         0.000 / 0.000         0.000 / 0.000       ms
[2023-11-19T17:21:55.502+0800][gc,stats    ]    Subphase: Concurrent Roots JavaThreads                  0.000 / 0.000         0.000 / 0.000         1.129 / 2.106         1.129 / 2.106       ms
[2023-11-19T17:21:55.502+0800][gc,stats    ]    Subphase: Concurrent Roots OopStorageSet                0.000 / 0.000         0.000 / 0.000         0.036 / 0.058         0.036 / 0.058       ms
[2023-11-19T17:21:55.502+0800][gc,stats    ]    Subphase: Concurrent Weak Roots OopStorageSet           0.000 / 0.000         0.000 / 0.000         0.328 / 0.486         0.328 / 0.486       ms
[2023-11-19T17:21:55.502+0800][gc,stats    ]    Subphase: Pause Mark Try Complete                       0.000 / 0.000         0.000 / 0.000         0.000 / 0.000         0.000 / 0.000       ms
[2023-11-19T17:21:55.502+0800][gc,stats    ]      System: Java Threads                                      0 / 0                 0 / 0                39 / 54               39 / 54          threads
[2023-11-19T17:21:55.502+0800][gc,stats    ] =========================================================================================================================================================
[2023-11-19T17:22:05.501+0800][gc,stats    ] === Garbage Collection Statistics =======================================================================================================================
[2023-11-19T17:22:05.501+0800][gc,stats    ]                                                              Last 10s              Last 10m              Last 10h                Total
[2023-11-19T17:22:05.501+0800][gc,stats    ]                                                              Avg / Max             Avg / Max             Avg / Max             Avg / Max
[2023-11-19T17:22:05.501+0800][gc,stats    ]   Collector: Garbage Collection Cycle                      0.000 / 0.000         0.000 / 0.000        23.723 / 25.775       23.723 / 25.775      ms
[2023-11-19T17:22:05.501+0800][gc,stats    ]  Contention: Mark Segment Reset Contention                     0 / 0                 0 / 0                 0 / 3                 0 / 3           ops/s
[2023-11-19T17:22:05.501+0800][gc,stats    ]  Contention: Mark SeqNum Reset Contention                      0 / 0                 0 / 0                 0 / 0                 0 / 0           ops/s
[2023-11-19T17:22:05.501+0800][gc,stats    ]    Critical: Allocation Stall                                  0 / 0                 0 / 0                 0 / 0                 0 / 0           ops/s
[2023-11-19T17:22:05.501+0800][gc,stats    ]    Critical: Allocation Stall                              0.000 / 0.000         0.000 / 0.000         0.000 / 0.000         0.000 / 0.000       ms
[2023-11-19T17:22:05.501+0800][gc,stats    ]    Critical: GC Locker Stall                                   0 / 0                 0 / 0                 0 / 0                 0 / 0           ops/s
[2023-11-19T17:22:05.501+0800][gc,stats    ]    Critical: GC Locker Stall                               0.000 / 0.000         0.000 / 0.000         0.000 / 0.000         0.000 / 0.000       ms
[2023-11-19T17:22:05.501+0800][gc,stats    ]    Critical: Relocation Stall                                  0 / 0                 0 / 0                 0 / 0                 0 / 0           ops/s
[2023-11-19T17:22:05.501+0800][gc,stats    ]    Critical: Relocation Stall                              0.000 / 0.000         0.000 / 0.000         0.000 / 0.000         0.000 / 0.000       ms
[2023-11-19T17:22:05.501+0800][gc,stats    ]      Memory: Allocation Rate                                   0 / 4                 0 / 4                 0 / 104               0 / 104         MB/s
[2023-11-19T17:22:05.501+0800][gc,stats    ]      Memory: Defragment                                        0 / 0                 0 / 0                 0 / 0                 0 / 0           ops/s
[2023-11-19T17:22:05.501+0800][gc,stats    ]      Memory: Out Of Memory                                     0 / 0                 0 / 0                 0 / 0                 0 / 0           ops/s
[2023-11-19T17:22:05.501+0800][gc,stats    ]      Memory: Page Cache Flush                                  0 / 0                 0 / 0                 0 / 0                 0 / 0           MB/s
[2023-11-19T17:22:05.501+0800][gc,stats    ]      Memory: Page Cache Hit L1                                 0 / 0                 0 / 0                 0 / 29                0 / 29          ops/s
[2023-11-19T17:22:05.501+0800][gc,stats    ]      Memory: Page Cache Hit L2                                 0 / 0                 0 / 0                 0 / 0                 0 / 0           ops/s
[2023-11-19T17:22:05.501+0800][gc,stats    ]      Memory: Page Cache Hit L3                                 0 / 2                 0 / 2                 0 / 48                0 / 48          ops/s
[2023-11-19T17:22:05.501+0800][gc,stats    ]      Memory: Page Cache Miss                                   0 / 0                 0 / 0                 0 / 1                 0 / 1           ops/s
[2023-11-19T17:22:05.501+0800][gc,stats    ]      Memory: Uncommit                                          0 / 0                 0 / 0                 0 / 0                 0 / 0           MB/s
[2023-11-19T17:22:05.501+0800][gc,stats    ]      Memory: Undo Object Allocation Failed                     0 / 0                 0 / 0                 0 / 0                 0 / 0           ops/s
[2023-11-19T17:22:05.501+0800][gc,stats    ]      Memory: Undo Object Allocation Succeeded                  0 / 0                 0 / 0                 0 / 0                 0 / 0           ops/s
[2023-11-19T17:22:05.501+0800][gc,stats    ]      Memory: Undo Page Allocation                              0 / 0                 0 / 0                 0 / 0                 0 / 0           ops/s
[2023-11-19T17:22:05.501+0800][gc,stats    ]       Phase: Concurrent Mark                               0.000 / 0.000         0.000 / 0.000        13.801 / 15.394       13.801 / 15.394      ms
[2023-11-19T17:22:05.501+0800][gc,stats    ]       Phase: Concurrent Mark Continue                      0.000 / 0.000         0.000 / 0.000         0.000 / 0.000         0.000 / 0.000       ms
[2023-11-19T17:22:05.501+0800][gc,stats    ]       Phase: Concurrent Mark Free                          0.000 / 0.000         0.000 / 0.000         0.001 / 0.001         0.001 / 0.001       ms
[2023-11-19T17:22:05.501+0800][gc,stats    ]       Phase: Concurrent Process Non-Strong References      0.000 / 0.000         0.000 / 0.000         1.810 / 1.931         1.810 / 1.931       ms
[2023-11-19T17:22:05.501+0800][gc,stats    ]       Phase: Concurrent Relocate                           0.000 / 0.000         0.000 / 0.000         2.671 / 3.187         2.671 / 3.187       ms
[2023-11-19T17:22:05.501+0800][gc,stats    ]       Phase: Concurrent Reset Relocation Set               0.000 / 0.000         0.000 / 0.000         0.001 / 0.003         0.001 / 0.003       ms
[2023-11-19T17:22:05.501+0800][gc,stats    ]       Phase: Concurrent Select Relocation Set              0.000 / 0.000         0.000 / 0.000         4.627 / 7.839         4.627 / 7.839       ms
[2023-11-19T17:22:05.501+0800][gc,stats    ]       Phase: Pause Mark End                                0.000 / 0.000         0.000 / 0.000         0.016 / 0.018         0.016 / 0.018       ms
[2023-11-19T17:22:05.501+0800][gc,stats    ]       Phase: Pause Mark Start                              0.000 / 0.000         0.000 / 0.000         0.013 / 0.019         0.013 / 0.019       ms
[2023-11-19T17:22:05.501+0800][gc,stats    ]       Phase: Pause Relocate Start                          0.000 / 0.000         0.000 / 0.000         0.008 / 0.009         0.008 / 0.009       ms
[2023-11-19T17:22:05.501+0800][gc,stats    ]    Subphase: Concurrent Classes Purge                      0.000 / 0.000         0.000 / 0.000         0.047 / 0.049         0.047 / 0.049       ms
[2023-11-19T17:22:05.501+0800][gc,stats    ]    Subphase: Concurrent Classes Unlink                     0.000 / 0.000         0.000 / 0.000         1.263 / 1.295         1.263 / 1.295       ms
[2023-11-19T17:22:05.501+0800][gc,stats    ]    Subphase: Concurrent Mark                               0.000 / 0.000         0.000 / 0.000        11.825 / 13.159       11.825 / 13.159      ms
[2023-11-19T17:22:05.501+0800][gc,stats    ]    Subphase: Concurrent Mark Try Flush                     0.000 / 0.000         0.000 / 0.000         0.057 / 0.108         0.057 / 0.108       ms
[2023-11-19T17:22:05.501+0800][gc,stats    ]    Subphase: Concurrent Mark Try Terminate                 0.000 / 0.000         0.000 / 0.000         1.420 / 4.236         1.420 / 4.236       ms
[2023-11-19T17:22:05.501+0800][gc,stats    ]    Subphase: Concurrent References Enqueue                 0.000 / 0.000         0.000 / 0.000         0.004 / 0.004         0.004 / 0.004       ms
[2023-11-19T17:22:05.501+0800][gc,stats    ]    Subphase: Concurrent References Process                 0.000 / 0.000         0.000 / 0.000         0.090 / 0.101         0.090 / 0.101       ms
[2023-11-19T17:22:05.501+0800][gc,stats    ]    Subphase: Concurrent Roots ClassLoaderDataGraph         0.000 / 0.000         0.000 / 0.000         0.103 / 0.506         0.103 / 0.506       ms
[2023-11-19T17:22:05.501+0800][gc,stats    ]    Subphase: Concurrent Roots CodeCache                    0.000 / 0.000         0.000 / 0.000         0.000 / 0.000         0.000 / 0.000       ms
[2023-11-19T17:22:05.501+0800][gc,stats    ]    Subphase: Concurrent Roots JavaThreads                  0.000 / 0.000         0.000 / 0.000         1.129 / 2.106         1.129 / 2.106       ms
[2023-11-19T17:22:05.501+0800][gc,stats    ]    Subphase: Concurrent Roots OopStorageSet                0.000 / 0.000         0.000 / 0.000         0.036 / 0.058         0.036 / 0.058       ms
[2023-11-19T17:22:05.501+0800][gc,stats    ]    Subphase: Concurrent Weak Roots OopStorageSet           0.000 / 0.000         0.000 / 0.000         0.328 / 0.486         0.328 / 0.486       ms
[2023-11-19T17:22:05.501+0800][gc,stats    ]    Subphase: Pause Mark Try Complete                       0.000 / 0.000         0.000 / 0.000         0.000 / 0.000         0.000 / 0.000       ms
[2023-11-19T17:22:05.501+0800][gc,stats    ]      System: Java Threads                                      0 / 0                 0 / 0                39 / 54               39 / 54          threads
[2023-11-19T17:22:05.501+0800][gc,stats    ] =========================================================================================================================================================
[2023-11-19T17:22:15.501+0800][gc,stats    ] === Garbage Collection Statistics =======================================================================================================================
[2023-11-19T17:22:15.501+0800][gc,stats    ]                                                              Last 10s              Last 10m              Last 10h                Total
[2023-11-19T17:22:15.501+0800][gc,stats    ]                                                              Avg / Max             Avg / Max             Avg / Max             Avg / Max
[2023-11-19T17:22:15.501+0800][gc,stats    ]   Collector: Garbage Collection Cycle                      0.000 / 0.000         0.000 / 0.000        23.723 / 25.775       23.723 / 25.775      ms
[2023-11-19T17:22:15.501+0800][gc,stats    ]  Contention: Mark Segment Reset Contention                     0 / 0                 0 / 0                 0 / 3                 0 / 3           ops/s
[2023-11-19T17:22:15.501+0800][gc,stats    ]  Contention: Mark SeqNum Reset Contention                      0 / 0                 0 / 0                 0 / 0                 0 / 0           ops/s
[2023-11-19T17:22:15.501+0800][gc,stats    ]    Critical: Allocation Stall                                  0 / 0                 0 / 0                 0 / 0                 0 / 0           ops/s
[2023-11-19T17:22:15.501+0800][gc,stats    ]    Critical: Allocation Stall                              0.000 / 0.000         0.000 / 0.000         0.000 / 0.000         0.000 / 0.000       ms
[2023-11-19T17:22:15.501+0800][gc,stats    ]    Critical: GC Locker Stall                                   0 / 0                 0 / 0                 0 / 0                 0 / 0           ops/s
[2023-11-19T17:22:15.501+0800][gc,stats    ]    Critical: GC Locker Stall                               0.000 / 0.000         0.000 / 0.000         0.000 / 0.000         0.000 / 0.000       ms
[2023-11-19T17:22:15.501+0800][gc,stats    ]    Critical: Relocation Stall                                  0 / 0                 0 / 0                 0 / 0                 0 / 0           ops/s
[2023-11-19T17:22:15.501+0800][gc,stats    ]    Critical: Relocation Stall                              0.000 / 0.000         0.000 / 0.000         0.000 / 0.000         0.000 / 0.000       ms
[2023-11-19T17:22:15.501+0800][gc,stats    ]      Memory: Allocation Rate                                   0 / 2                 0 / 4                 0 / 104               0 / 104         MB/s
[2023-11-19T17:22:15.501+0800][gc,stats    ]      Memory: Defragment                                        0 / 0                 0 / 0                 0 / 0                 0 / 0           ops/s
[2023-11-19T17:22:15.501+0800][gc,stats    ]      Memory: Out Of Memory                                     0 / 0                 0 / 0                 0 / 0                 0 / 0           ops/s
[2023-11-19T17:22:15.501+0800][gc,stats    ]      Memory: Page Cache Flush                                  0 / 0                 0 / 0                 0 / 0                 0 / 0           MB/s
[2023-11-19T17:22:15.501+0800][gc,stats    ]      Memory: Page Cache Hit L1                                 0 / 0                 0 / 0                 0 / 29                0 / 29          ops/s
[2023-11-19T17:22:15.501+0800][gc,stats    ]      Memory: Page Cache Hit L2                                 0 / 0                 0 / 0                 0 / 0                 0 / 0           ops/s
[2023-11-19T17:22:15.501+0800][gc,stats    ]      Memory: Page Cache Hit L3                                 0 / 1                 0 / 2                 0 / 48                0 / 48          ops/s
[2023-11-19T17:22:15.501+0800][gc,stats    ]      Memory: Page Cache Miss                                   0 / 0                 0 / 0                 0 / 1                 0 / 1           ops/s
[2023-11-19T17:22:15.501+0800][gc,stats    ]      Memory: Uncommit                                          0 / 0                 0 / 0                 0 / 0                 0 / 0           MB/s
[2023-11-19T17:22:15.501+0800][gc,stats    ]      Memory: Undo Object Allocation Failed                     0 / 0                 0 / 0                 0 / 0                 0 / 0           ops/s
[2023-11-19T17:22:15.501+0800][gc,stats    ]      Memory: Undo Object Allocation Succeeded                  0 / 0                 0 / 0                 0 / 0                 0 / 0           ops/s
[2023-11-19T17:22:15.501+0800][gc,stats    ]      Memory: Undo Page Allocation                              0 / 0                 0 / 0                 0 / 0                 0 / 0           ops/s
[2023-11-19T17:22:15.501+0800][gc,stats    ]       Phase: Concurrent Mark                               0.000 / 0.000         0.000 / 0.000        13.801 / 15.394       13.801 / 15.394      ms
[2023-11-19T17:22:15.501+0800][gc,stats    ]       Phase: Concurrent Mark Continue                      0.000 / 0.000         0.000 / 0.000         0.000 / 0.000         0.000 / 0.000       ms
[2023-11-19T17:22:15.501+0800][gc,stats    ]       Phase: Concurrent Mark Free                          0.000 / 0.000         0.000 / 0.000         0.001 / 0.001         0.001 / 0.001       ms
[2023-11-19T17:22:15.501+0800][gc,stats    ]       Phase: Concurrent Process Non-Strong References      0.000 / 0.000         0.000 / 0.000         1.810 / 1.931         1.810 / 1.931       ms
[2023-11-19T17:22:15.501+0800][gc,stats    ]       Phase: Concurrent Relocate                           0.000 / 0.000         0.000 / 0.000         2.671 / 3.187         2.671 / 3.187       ms
[2023-11-19T17:22:15.501+0800][gc,stats    ]       Phase: Concurrent Reset Relocation Set               0.000 / 0.000         0.000 / 0.000         0.001 / 0.003         0.001 / 0.003       ms
[2023-11-19T17:22:15.501+0800][gc,stats    ]       Phase: Concurrent Select Relocation Set              0.000 / 0.000         0.000 / 0.000         4.627 / 7.839         4.627 / 7.839       ms
[2023-11-19T17:22:15.501+0800][gc,stats    ]       Phase: Pause Mark End                                0.000 / 0.000         0.000 / 0.000         0.016 / 0.018         0.016 / 0.018       ms
[2023-11-19T17:22:15.501+0800][gc,stats    ]       Phase: Pause Mark Start                              0.000 / 0.000         0.000 / 0.000         0.013 / 0.019         0.013 / 0.019       ms
[2023-11-19T17:22:15.501+0800][gc,stats    ]       Phase: Pause Relocate Start                          0.000 / 0.000         0.000 / 0.000         0.008 / 0.009         0.008 / 0.009       ms
[2023-11-19T17:22:15.501+0800][gc,stats    ]    Subphase: Concurrent Classes Purge                      0.000 / 0.000         0.000 / 0.000         0.047 / 0.049         0.047 / 0.049       ms
[2023-11-19T17:22:15.501+0800][gc,stats    ]    Subphase: Concurrent Classes Unlink                     0.000 / 0.000         0.000 / 0.000         1.263 / 1.295         1.263 / 1.295       ms
[2023-11-19T17:22:15.501+0800][gc,stats    ]    Subphase: Concurrent Mark                               0.000 / 0.000         0.000 / 0.000        11.825 / 13.159       11.825 / 13.159      ms
[2023-11-19T17:22:15.501+0800][gc,stats    ]    Subphase: Concurrent Mark Try Flush                     0.000 / 0.000         0.000 / 0.000         0.057 / 0.108         0.057 / 0.108       ms
[2023-11-19T17:22:15.501+0800][gc,stats    ]    Subphase: Concurrent Mark Try Terminate                 0.000 / 0.000         0.000 / 0.000         1.420 / 4.236         1.420 / 4.236       ms
[2023-11-19T17:22:15.501+0800][gc,stats    ]    Subphase: Concurrent References Enqueue                 0.000 / 0.000         0.000 / 0.000         0.004 / 0.004         0.004 / 0.004       ms
[2023-11-19T17:22:15.501+0800][gc,stats    ]    Subphase: Concurrent References Process                 0.000 / 0.000         0.000 / 0.000         0.090 / 0.101         0.090 / 0.101       ms
[2023-11-19T17:22:15.501+0800][gc,stats    ]    Subphase: Concurrent Roots ClassLoaderDataGraph         0.000 / 0.000         0.000 / 0.000         0.103 / 0.506         0.103 / 0.506       ms
[2023-11-19T17:22:15.501+0800][gc,stats    ]    Subphase: Concurrent Roots CodeCache                    0.000 / 0.000         0.000 / 0.000         0.000 / 0.000         0.000 / 0.000       ms
[2023-11-19T17:22:15.501+0800][gc,stats    ]    Subphase: Concurrent Roots JavaThreads                  0.000 / 0.000         0.000 / 0.000         1.129 / 2.106         1.129 / 2.106       ms
[2023-11-19T17:22:15.501+0800][gc,stats    ]    Subphase: Concurrent Roots OopStorageSet                0.000 / 0.000         0.000 / 0.000         0.036 / 0.058         0.036 / 0.058       ms
[2023-11-19T17:22:15.501+0800][gc,stats    ]    Subphase: Concurrent Weak Roots OopStorageSet           0.000 / 0.000         0.000 / 0.000         0.328 / 0.486         0.328 / 0.486       ms
[2023-11-19T17:22:15.501+0800][gc,stats    ]    Subphase: Pause Mark Try Complete                       0.000 / 0.000         0.000 / 0.000         0.000 / 0.000         0.000 / 0.000       ms
[2023-11-19T17:22:15.501+0800][gc,stats    ]      System: Java Threads                                      0 / 0                 0 / 0                39 / 54               39 / 54          threads
[2023-11-19T17:22:15.501+0800][gc,stats    ] =========================================================================================================================================================
[2023-11-19T17:22:25.501+0800][gc,stats    ] === Garbage Collection Statistics =======================================================================================================================
[2023-11-19T17:22:25.501+0800][gc,stats    ]                                                              Last 10s              Last 10m              Last 10h                Total
[2023-11-19T17:22:25.501+0800][gc,stats    ]                                                              Avg / Max             Avg / Max             Avg / Max             Avg / Max
[2023-11-19T17:22:25.501+0800][gc,stats    ]   Collector: Garbage Collection Cycle                      0.000 / 0.000         0.000 / 0.000        23.723 / 25.775       23.723 / 25.775      ms
[2023-11-19T17:22:25.501+0800][gc,stats    ]  Contention: Mark Segment Reset Contention                     0 / 0                 0 / 0                 0 / 3                 0 / 3           ops/s
[2023-11-19T17:22:25.501+0800][gc,stats    ]  Contention: Mark SeqNum Reset Contention                      0 / 0                 0 / 0                 0 / 0                 0 / 0           ops/s
[2023-11-19T17:22:25.501+0800][gc,stats    ]    Critical: Allocation Stall                                  0 / 0                 0 / 0                 0 / 0                 0 / 0           ops/s
[2023-11-19T17:22:25.501+0800][gc,stats    ]    Critical: Allocation Stall                              0.000 / 0.000         0.000 / 0.000         0.000 / 0.000         0.000 / 0.000       ms
[2023-11-19T17:22:25.501+0800][gc,stats    ]    Critical: GC Locker Stall                                   0 / 0                 0 / 0                 0 / 0                 0 / 0           ops/s
[2023-11-19T17:22:25.501+0800][gc,stats    ]    Critical: GC Locker Stall                               0.000 / 0.000         0.000 / 0.000         0.000 / 0.000         0.000 / 0.000       ms
[2023-11-19T17:22:25.501+0800][gc,stats    ]    Critical: Relocation Stall                                  0 / 0                 0 / 0                 0 / 0                 0 / 0           ops/s
[2023-11-19T17:22:25.501+0800][gc,stats    ]    Critical: Relocation Stall                              0.000 / 0.000         0.000 / 0.000         0.000 / 0.000         0.000 / 0.000       ms
[2023-11-19T17:22:25.501+0800][gc,stats    ]      Memory: Allocation Rate                                   0 / 0                 0 / 4                 0 / 104               0 / 104         MB/s
[2023-11-19T17:22:25.501+0800][gc,stats    ]      Memory: Defragment                                        0 / 0                 0 / 0                 0 / 0                 0 / 0           ops/s
[2023-11-19T17:22:25.501+0800][gc,stats    ]      Memory: Out Of Memory                                     0 / 0                 0 / 0                 0 / 0                 0 / 0           ops/s
[2023-11-19T17:22:25.501+0800][gc,stats    ]      Memory: Page Cache Flush                                  0 / 0                 0 / 0                 0 / 0                 0 / 0           MB/s
[2023-11-19T17:22:25.501+0800][gc,stats    ]      Memory: Page Cache Hit L1                                 0 / 0                 0 / 0                 0 / 29                0 / 29          ops/s
[2023-11-19T17:22:25.501+0800][gc,stats    ]      Memory: Page Cache Hit L2                                 0 / 0                 0 / 0                 0 / 0                 0 / 0           ops/s
[2023-11-19T17:22:25.501+0800][gc,stats    ]      Memory: Page Cache Hit L3                                 0 / 0                 0 / 2                 0 / 48                0 / 48          ops/s
[2023-11-19T17:22:25.501+0800][gc,stats    ]      Memory: Page Cache Miss                                   0 / 0                 0 / 0                 0 / 1                 0 / 1           ops/s
[2023-11-19T17:22:25.501+0800][gc,stats    ]      Memory: Uncommit                                          0 / 0                 0 / 0                 0 / 0                 0 / 0           MB/s
[2023-11-19T17:22:25.501+0800][gc,stats    ]      Memory: Undo Object Allocation Failed                     0 / 0                 0 / 0                 0 / 0                 0 / 0           ops/s
[2023-11-19T17:22:25.501+0800][gc,stats    ]      Memory: Undo Object Allocation Succeeded                  0 / 0                 0 / 0                 0 / 0                 0 / 0           ops/s
[2023-11-19T17:22:25.501+0800][gc,stats    ]      Memory: Undo Page Allocation                              0 / 0                 0 / 0                 0 / 0                 0 / 0           ops/s
[2023-11-19T17:22:25.501+0800][gc,stats    ]       Phase: Concurrent Mark                               0.000 / 0.000         0.000 / 0.000        13.801 / 15.394       13.801 / 15.394      ms
[2023-11-19T17:22:25.501+0800][gc,stats    ]       Phase: Concurrent Mark Continue                      0.000 / 0.000         0.000 / 0.000         0.000 / 0.000         0.000 / 0.000       ms
[2023-11-19T17:22:25.502+0800][gc,stats    ]       Phase: Concurrent Mark Free                          0.000 / 0.000         0.000 / 0.000         0.001 / 0.001         0.001 / 0.001       ms
[2023-11-19T17:22:25.502+0800][gc,stats    ]       Phase: Concurrent Process Non-Strong References      0.000 / 0.000         0.000 / 0.000         1.810 / 1.931         1.810 / 1.931       ms
[2023-11-19T17:22:25.502+0800][gc,stats    ]       Phase: Concurrent Relocate                           0.000 / 0.000         0.000 / 0.000         2.671 / 3.187         2.671 / 3.187       ms
[2023-11-19T17:22:25.502+0800][gc,stats    ]       Phase: Concurrent Reset Relocation Set               0.000 / 0.000         0.000 / 0.000         0.001 / 0.003         0.001 / 0.003       ms
[2023-11-19T17:22:25.502+0800][gc,stats    ]       Phase: Concurrent Select Relocation Set              0.000 / 0.000         0.000 / 0.000         4.627 / 7.839         4.627 / 7.839       ms
[2023-11-19T17:22:25.502+0800][gc,stats    ]       Phase: Pause Mark End                                0.000 / 0.000         0.000 / 0.000         0.016 / 0.018         0.016 / 0.018       ms
[2023-11-19T17:22:25.502+0800][gc,stats    ]       Phase: Pause Mark Start                              0.000 / 0.000         0.000 / 0.000         0.013 / 0.019         0.013 / 0.019       ms
[2023-11-19T17:22:25.502+0800][gc,stats    ]       Phase: Pause Relocate Start                          0.000 / 0.000         0.000 / 0.000         0.008 / 0.009         0.008 / 0.009       ms
[2023-11-19T17:22:25.502+0800][gc,stats    ]    Subphase: Concurrent Classes Purge                      0.000 / 0.000         0.000 / 0.000         0.047 / 0.049         0.047 / 0.049       ms
[2023-11-19T17:22:25.502+0800][gc,stats    ]    Subphase: Concurrent Classes Unlink                     0.000 / 0.000         0.000 / 0.000         1.263 / 1.295         1.263 / 1.295       ms
[2023-11-19T17:22:25.502+0800][gc,stats    ]    Subphase: Concurrent Mark                               0.000 / 0.000         0.000 / 0.000        11.825 / 13.159       11.825 / 13.159      ms
[2023-11-19T17:22:25.502+0800][gc,stats    ]    Subphase: Concurrent Mark Try Flush                     0.000 / 0.000         0.000 / 0.000         0.057 / 0.108         0.057 / 0.108       ms
[2023-11-19T17:22:25.502+0800][gc,stats    ]    Subphase: Concurrent Mark Try Terminate                 0.000 / 0.000         0.000 / 0.000         1.420 / 4.236         1.420 / 4.236       ms
[2023-11-19T17:22:25.502+0800][gc,stats    ]    Subphase: Concurrent References Enqueue                 0.000 / 0.000         0.000 / 0.000         0.004 / 0.004         0.004 / 0.004       ms
[2023-11-19T17:22:25.502+0800][gc,stats    ]    Subphase: Concurrent References Process                 0.000 / 0.000         0.000 / 0.000         0.090 / 0.101         0.090 / 0.101       ms
[2023-11-19T17:22:25.502+0800][gc,stats    ]    Subphase: Concurrent Roots ClassLoaderDataGraph         0.000 / 0.000         0.000 / 0.000         0.103 / 0.506         0.103 / 0.506       ms
[2023-11-19T17:22:25.502+0800][gc,stats    ]    Subphase: Concurrent Roots CodeCache                    0.000 / 0.000         0.000 / 0.000         0.000 / 0.000         0.000 / 0.000       ms
[2023-11-19T17:22:25.502+0800][gc,stats    ]    Subphase: Concurrent Roots JavaThreads                  0.000 / 0.000         0.000 / 0.000         1.129 / 2.106         1.129 / 2.106       ms
[2023-11-19T17:22:25.502+0800][gc,stats    ]    Subphase: Concurrent Roots OopStorageSet                0.000 / 0.000         0.000 / 0.000         0.036 / 0.058         0.036 / 0.058       ms
[2023-11-19T17:22:25.502+0800][gc,stats    ]    Subphase: Concurrent Weak Roots OopStorageSet           0.000 / 0.000         0.000 / 0.000         0.328 / 0.486         0.328 / 0.486       ms
[2023-11-19T17:22:25.502+0800][gc,stats    ]    Subphase: Pause Mark Try Complete                       0.000 / 0.000         0.000 / 0.000         0.000 / 0.000         0.000 / 0.000       ms
[2023-11-19T17:22:25.502+0800][gc,stats    ]      System: Java Threads                                      0 / 0                 0 / 0                39 / 54               39 / 54          threads
[2023-11-19T17:22:25.502+0800][gc,stats    ] =========================================================================================================================================================
[2023-11-19T17:22:35.501+0800][gc,stats    ] === Garbage Collection Statistics =======================================================================================================================
[2023-11-19T17:22:35.501+0800][gc,stats    ]                                                              Last 10s              Last 10m              Last 10h                Total
[2023-11-19T17:22:35.501+0800][gc,stats    ]                                                              Avg / Max             Avg / Max             Avg / Max             Avg / Max
[2023-11-19T17:22:35.501+0800][gc,stats    ]   Collector: Garbage Collection Cycle                      0.000 / 0.000         0.000 / 0.000        23.723 / 25.775       23.723 / 25.775      ms
[2023-11-19T17:22:35.501+0800][gc,stats    ]  Contention: Mark Segment Reset Contention                     0 / 0                 0 / 0                 0 / 3                 0 / 3           ops/s
[2023-11-19T17:22:35.501+0800][gc,stats    ]  Contention: Mark SeqNum Reset Contention                      0 / 0                 0 / 0                 0 / 0                 0 / 0           ops/s
[2023-11-19T17:22:35.501+0800][gc,stats    ]    Critical: Allocation Stall                                  0 / 0                 0 / 0                 0 / 0                 0 / 0           ops/s
[2023-11-19T17:22:35.501+0800][gc,stats    ]    Critical: Allocation Stall                              0.000 / 0.000         0.000 / 0.000         0.000 / 0.000         0.000 / 0.000       ms
[2023-11-19T17:22:35.501+0800][gc,stats    ]    Critical: GC Locker Stall                                   0 / 0                 0 / 0                 0 / 0                 0 / 0           ops/s
[2023-11-19T17:22:35.501+0800][gc,stats    ]    Critical: GC Locker Stall                               0.000 / 0.000         0.000 / 0.000         0.000 / 0.000         0.000 / 0.000       ms
[2023-11-19T17:22:35.501+0800][gc,stats    ]    Critical: Relocation Stall                                  0 / 0                 0 / 0                 0 / 0                 0 / 0           ops/s
[2023-11-19T17:22:35.501+0800][gc,stats    ]    Critical: Relocation Stall                              0.000 / 0.000         0.000 / 0.000         0.000 / 0.000         0.000 / 0.000       ms
[2023-11-19T17:22:35.501+0800][gc,stats    ]      Memory: Allocation Rate                                   0 / 0                 0 / 4                 0 / 104               0 / 104         MB/s
[2023-11-19T17:22:35.501+0800][gc,stats    ]      Memory: Defragment                                        0 / 0                 0 / 0                 0 / 0                 0 / 0           ops/s
[2023-11-19T17:22:35.501+0800][gc,stats    ]      Memory: Out Of Memory                                     0 / 0                 0 / 0                 0 / 0                 0 / 0           ops/s
[2023-11-19T17:22:35.501+0800][gc,stats    ]      Memory: Page Cache Flush                                  0 / 0                 0 / 0                 0 / 0                 0 / 0           MB/s
[2023-11-19T17:22:35.501+0800][gc,stats    ]      Memory: Page Cache Hit L1                                 0 / 0                 0 / 0                 0 / 29                0 / 29          ops/s
[2023-11-19T17:22:35.501+0800][gc,stats    ]      Memory: Page Cache Hit L2                                 0 / 0                 0 / 0                 0 / 0                 0 / 0           ops/s
[2023-11-19T17:22:35.501+0800][gc,stats    ]      Memory: Page Cache Hit L3                                 0 / 0                 0 / 2                 0 / 48                0 / 48          ops/s
[2023-11-19T17:22:35.501+0800][gc,stats    ]      Memory: Page Cache Miss                                   0 / 0                 0 / 0                 0 / 1                 0 / 1           ops/s
[2023-11-19T17:22:35.501+0800][gc,stats    ]      Memory: Uncommit                                          0 / 0                 0 / 0                 0 / 0                 0 / 0           MB/s
[2023-11-19T17:22:35.501+0800][gc,stats    ]      Memory: Undo Object Allocation Failed                     0 / 0                 0 / 0                 0 / 0                 0 / 0           ops/s
[2023-11-19T17:22:35.501+0800][gc,stats    ]      Memory: Undo Object Allocation Succeeded                  0 / 0                 0 / 0                 0 / 0                 0 / 0           ops/s
[2023-11-19T17:22:35.501+0800][gc,stats    ]      Memory: Undo Page Allocation                              0 / 0                 0 / 0                 0 / 0                 0 / 0           ops/s
[2023-11-19T17:22:35.501+0800][gc,stats    ]       Phase: Concurrent Mark                               0.000 / 0.000         0.000 / 0.000        13.801 / 15.394       13.801 / 15.394      ms
[2023-11-19T17:22:35.501+0800][gc,stats    ]       Phase: Concurrent Mark Continue                      0.000 / 0.000         0.000 / 0.000         0.000 / 0.000         0.000 / 0.000       ms
[2023-11-19T17:22:35.501+0800][gc,stats    ]       Phase: Concurrent Mark Free                          0.000 / 0.000         0.000 / 0.000         0.001 / 0.001         0.001 / 0.001       ms
[2023-11-19T17:22:35.501+0800][gc,stats    ]       Phase: Concurrent Process Non-Strong References      0.000 / 0.000         0.000 / 0.000         1.810 / 1.931         1.810 / 1.931       ms
[2023-11-19T17:22:35.501+0800][gc,stats    ]       Phase: Concurrent Relocate                           0.000 / 0.000         0.000 / 0.000         2.671 / 3.187         2.671 / 3.187       ms
[2023-11-19T17:22:35.501+0800][gc,stats    ]       Phase: Concurrent Reset Relocation Set               0.000 / 0.000         0.000 / 0.000         0.001 / 0.003         0.001 / 0.003       ms
[2023-11-19T17:22:35.501+0800][gc,stats    ]       Phase: Concurrent Select Relocation Set              0.000 / 0.000         0.000 / 0.000         4.627 / 7.839         4.627 / 7.839       ms
[2023-11-19T17:22:35.501+0800][gc,stats    ]       Phase: Pause Mark End                                0.000 / 0.000         0.000 / 0.000         0.016 / 0.018         0.016 / 0.018       ms
[2023-11-19T17:22:35.501+0800][gc,stats    ]       Phase: Pause Mark Start                              0.000 / 0.000         0.000 / 0.000         0.013 / 0.019         0.013 / 0.019       ms
[2023-11-19T17:22:35.501+0800][gc,stats    ]       Phase: Pause Relocate Start                          0.000 / 0.000         0.000 / 0.000         0.008 / 0.009         0.008 / 0.009       ms
[2023-11-19T17:22:35.501+0800][gc,stats    ]    Subphase: Concurrent Classes Purge                      0.000 / 0.000         0.000 / 0.000         0.047 / 0.049         0.047 / 0.049       ms
[2023-11-19T17:22:35.501+0800][gc,stats    ]    Subphase: Concurrent Classes Unlink                     0.000 / 0.000         0.000 / 0.000         1.263 / 1.295         1.263 / 1.295       ms
[2023-11-19T17:22:35.501+0800][gc,stats    ]    Subphase: Concurrent Mark                               0.000 / 0.000         0.000 / 0.000        11.825 / 13.159       11.825 / 13.159      ms
[2023-11-19T17:22:35.501+0800][gc,stats    ]    Subphase: Concurrent Mark Try Flush                     0.000 / 0.000         0.000 / 0.000         0.057 / 0.108         0.057 / 0.108       ms
[2023-11-19T17:22:35.501+0800][gc,stats    ]    Subphase: Concurrent Mark Try Terminate                 0.000 / 0.000         0.000 / 0.000         1.420 / 4.236         1.420 / 4.236       ms
[2023-11-19T17:22:35.501+0800][gc,stats    ]    Subphase: Concurrent References Enqueue                 0.000 / 0.000         0.000 / 0.000         0.004 / 0.004         0.004 / 0.004       ms
[2023-11-19T17:22:35.501+0800][gc,stats    ]    Subphase: Concurrent References Process                 0.000 / 0.000         0.000 / 0.000         0.090 / 0.101         0.090 / 0.101       ms
[2023-11-19T17:22:35.501+0800][gc,stats    ]    Subphase: Concurrent Roots ClassLoaderDataGraph         0.000 / 0.000         0.000 / 0.000         0.103 / 0.506         0.103 / 0.506       ms
[2023-11-19T17:22:35.501+0800][gc,stats    ]    Subphase: Concurrent Roots CodeCache                    0.000 / 0.000         0.000 / 0.000         0.000 / 0.000         0.000 / 0.000       ms
[2023-11-19T17:22:35.501+0800][gc,stats    ]    Subphase: Concurrent Roots JavaThreads                  0.000 / 0.000         0.000 / 0.000         1.129 / 2.106         1.129 / 2.106       ms
[2023-11-19T17:22:35.501+0800][gc,stats    ]    Subphase: Concurrent Roots OopStorageSet                0.000 / 0.000         0.000 / 0.000         0.036 / 0.058         0.036 / 0.058       ms
[2023-11-19T17:22:35.501+0800][gc,stats    ]    Subphase: Concurrent Weak Roots OopStorageSet           0.000 / 0.000         0.000 / 0.000         0.328 / 0.486         0.328 / 0.486       ms
[2023-11-19T17:22:35.501+0800][gc,stats    ]    Subphase: Pause Mark Try Complete                       0.000 / 0.000         0.000 / 0.000         0.000 / 0.000         0.000 / 0.000       ms
[2023-11-19T17:22:35.501+0800][gc,stats    ]      System: Java Threads                                      0 / 0                 0 / 0                39 / 54               39 / 54          threads
[2023-11-19T17:22:35.501+0800][gc,stats    ] =========================================================================================================================================================
[2023-11-19T17:22:45.501+0800][gc,stats    ] === Garbage Collection Statistics =======================================================================================================================
[2023-11-19T17:22:45.501+0800][gc,stats    ]                                                              Last 10s              Last 10m              Last 10h                Total
[2023-11-19T17:22:45.501+0800][gc,stats    ]                                                              Avg / Max             Avg / Max             Avg / Max             Avg / Max
[2023-11-19T17:22:45.501+0800][gc,stats    ]   Collector: Garbage Collection Cycle                      0.000 / 0.000         0.000 / 0.000        23.723 / 25.775       23.723 / 25.775      ms
[2023-11-19T17:22:45.501+0800][gc,stats    ]  Contention: Mark Segment Reset Contention                     0 / 0                 0 / 0                 0 / 3                 0 / 3           ops/s
[2023-11-19T17:22:45.501+0800][gc,stats    ]  Contention: Mark SeqNum Reset Contention                      0 / 0                 0 / 0                 0 / 0                 0 / 0           ops/s
[2023-11-19T17:22:45.501+0800][gc,stats    ]    Critical: Allocation Stall                                  0 / 0                 0 / 0                 0 / 0                 0 / 0           ops/s
[2023-11-19T17:22:45.501+0800][gc,stats    ]    Critical: Allocation Stall                              0.000 / 0.000         0.000 / 0.000         0.000 / 0.000         0.000 / 0.000       ms
[2023-11-19T17:22:45.501+0800][gc,stats    ]    Critical: GC Locker Stall                                   0 / 0                 0 / 0                 0 / 0                 0 / 0           ops/s
[2023-11-19T17:22:45.501+0800][gc,stats    ]    Critical: GC Locker Stall                               0.000 / 0.000         0.000 / 0.000         0.000 / 0.000         0.000 / 0.000       ms
[2023-11-19T17:22:45.501+0800][gc,stats    ]    Critical: Relocation Stall                                  0 / 0                 0 / 0                 0 / 0                 0 / 0           ops/s
[2023-11-19T17:22:45.501+0800][gc,stats    ]    Critical: Relocation Stall                              0.000 / 0.000         0.000 / 0.000         0.000 / 0.000         0.000 / 0.000       ms
[2023-11-19T17:22:45.501+0800][gc,stats    ]      Memory: Allocation Rate                                   0 / 2                 0 / 4                 0 / 104               0 / 104         MB/s
[2023-11-19T17:22:45.501+0800][gc,stats    ]      Memory: Defragment                                        0 / 0                 0 / 0                 0 / 0                 0 / 0           ops/s
[2023-11-19T17:22:45.501+0800][gc,stats    ]      Memory: Out Of Memory                                     0 / 0                 0 / 0                 0 / 0                 0 / 0           ops/s
[2023-11-19T17:22:45.501+0800][gc,stats    ]      Memory: Page Cache Flush                                  0 / 0                 0 / 0                 0 / 0                 0 / 0           MB/s
[2023-11-19T17:22:45.501+0800][gc,stats    ]      Memory: Page Cache Hit L1                                 0 / 0                 0 / 0                 0 / 29                0 / 29          ops/s
[2023-11-19T17:22:45.501+0800][gc,stats    ]      Memory: Page Cache Hit L2                                 0 / 0                 0 / 0                 0 / 0                 0 / 0           ops/s
[2023-11-19T17:22:45.501+0800][gc,stats    ]      Memory: Page Cache Hit L3                                 0 / 1                 0 / 2                 0 / 48                0 / 48          ops/s
[2023-11-19T17:22:45.501+0800][gc,stats    ]      Memory: Page Cache Miss                                   0 / 0                 0 / 0                 0 / 1                 0 / 1           ops/s
[2023-11-19T17:22:45.501+0800][gc,stats    ]      Memory: Uncommit                                          0 / 0                 0 / 0                 0 / 0                 0 / 0           MB/s
[2023-11-19T17:22:45.501+0800][gc,stats    ]      Memory: Undo Object Allocation Failed                     0 / 0                 0 / 0                 0 / 0                 0 / 0           ops/s
[2023-11-19T17:22:45.501+0800][gc,stats    ]      Memory: Undo Object Allocation Succeeded                  0 / 0                 0 / 0                 0 / 0                 0 / 0           ops/s
[2023-11-19T17:22:45.501+0800][gc,stats    ]      Memory: Undo Page Allocation                              0 / 0                 0 / 0                 0 / 0                 0 / 0           ops/s
[2023-11-19T17:22:45.501+0800][gc,stats    ]       Phase: Concurrent Mark                               0.000 / 0.000         0.000 / 0.000        13.801 / 15.394       13.801 / 15.394      ms
[2023-11-19T17:22:45.501+0800][gc,stats    ]       Phase: Concurrent Mark Continue                      0.000 / 0.000         0.000 / 0.000         0.000 / 0.000         0.000 / 0.000       ms
[2023-11-19T17:22:45.501+0800][gc,stats    ]       Phase: Concurrent Mark Free                          0.000 / 0.000         0.000 / 0.000         0.001 / 0.001         0.001 / 0.001       ms
[2023-11-19T17:22:45.501+0800][gc,stats    ]       Phase: Concurrent Process Non-Strong References      0.000 / 0.000         0.000 / 0.000         1.810 / 1.931         1.810 / 1.931       ms
[2023-11-19T17:22:45.501+0800][gc,stats    ]       Phase: Concurrent Relocate                           0.000 / 0.000         0.000 / 0.000         2.671 / 3.187         2.671 / 3.187       ms
[2023-11-19T17:22:45.501+0800][gc,stats    ]       Phase: Concurrent Reset Relocation Set               0.000 / 0.000         0.000 / 0.000         0.001 / 0.003         0.001 / 0.003       ms
[2023-11-19T17:22:45.501+0800][gc,stats    ]       Phase: Concurrent Select Relocation Set              0.000 / 0.000         0.000 / 0.000         4.627 / 7.839         4.627 / 7.839       ms
[2023-11-19T17:22:45.501+0800][gc,stats    ]       Phase: Pause Mark End                                0.000 / 0.000         0.000 / 0.000         0.016 / 0.018         0.016 / 0.018       ms
[2023-11-19T17:22:45.501+0800][gc,stats    ]       Phase: Pause Mark Start                              0.000 / 0.000         0.000 / 0.000         0.013 / 0.019         0.013 / 0.019       ms
[2023-11-19T17:22:45.501+0800][gc,stats    ]       Phase: Pause Relocate Start                          0.000 / 0.000         0.000 / 0.000         0.008 / 0.009         0.008 / 0.009       ms
[2023-11-19T17:22:45.501+0800][gc,stats    ]    Subphase: Concurrent Classes Purge                      0.000 / 0.000         0.000 / 0.000         0.047 / 0.049         0.047 / 0.049       ms
[2023-11-19T17:22:45.501+0800][gc,stats    ]    Subphase: Concurrent Classes Unlink                     0.000 / 0.000         0.000 / 0.000         1.263 / 1.295         1.263 / 1.295       ms
[2023-11-19T17:22:45.501+0800][gc,stats    ]    Subphase: Concurrent Mark                               0.000 / 0.000         0.000 / 0.000        11.825 / 13.159       11.825 / 13.159      ms
[2023-11-19T17:22:45.501+0800][gc,stats    ]    Subphase: Concurrent Mark Try Flush                     0.000 / 0.000         0.000 / 0.000         0.057 / 0.108         0.057 / 0.108       ms
[2023-11-19T17:22:45.501+0800][gc,stats    ]    Subphase: Concurrent Mark Try Terminate                 0.000 / 0.000         0.000 / 0.000         1.420 / 4.236         1.420 / 4.236       ms
[2023-11-19T17:22:45.501+0800][gc,stats    ]    Subphase: Concurrent References Enqueue                 0.000 / 0.000         0.000 / 0.000         0.004 / 0.004         0.004 / 0.004       ms
[2023-11-19T17:22:45.501+0800][gc,stats    ]    Subphase: Concurrent References Process                 0.000 / 0.000         0.000 / 0.000         0.090 / 0.101         0.090 / 0.101       ms
[2023-11-19T17:22:45.501+0800][gc,stats    ]    Subphase: Concurrent Roots ClassLoaderDataGraph         0.000 / 0.000         0.000 / 0.000         0.103 / 0.506         0.103 / 0.506       ms
[2023-11-19T17:22:45.501+0800][gc,stats    ]    Subphase: Concurrent Roots CodeCache                    0.000 / 0.000         0.000 / 0.000         0.000 / 0.000         0.000 / 0.000       ms
[2023-11-19T17:22:45.501+0800][gc,stats    ]    Subphase: Concurrent Roots JavaThreads                  0.000 / 0.000         0.000 / 0.000         1.129 / 2.106         1.129 / 2.106       ms
[2023-11-19T17:22:45.501+0800][gc,stats    ]    Subphase: Concurrent Roots OopStorageSet                0.000 / 0.000         0.000 / 0.000         0.036 / 0.058         0.036 / 0.058       ms
[2023-11-19T17:22:45.501+0800][gc,stats    ]    Subphase: Concurrent Weak Roots OopStorageSet           0.000 / 0.000         0.000 / 0.000         0.328 / 0.486         0.328 / 0.486       ms
[2023-11-19T17:22:45.501+0800][gc,stats    ]    Subphase: Pause Mark Try Complete                       0.000 / 0.000         0.000 / 0.000         0.000 / 0.000         0.000 / 0.000       ms
[2023-11-19T17:22:45.501+0800][gc,stats    ]      System: Java Threads                                      0 / 0                 0 / 0                39 / 54               39 / 54          threads
[2023-11-19T17:22:45.501+0800][gc,stats    ] =========================================================================================================================================================
[2023-11-19T17:22:55.500+0800][gc,stats    ] === Garbage Collection Statistics =======================================================================================================================
[2023-11-19T17:22:55.500+0800][gc,stats    ]                                                              Last 10s              Last 10m              Last 10h                Total
[2023-11-19T17:22:55.500+0800][gc,stats    ]                                                              Avg / Max             Avg / Max             Avg / Max             Avg / Max
[2023-11-19T17:22:55.500+0800][gc,stats    ]   Collector: Garbage Collection Cycle                      0.000 / 0.000         0.000 / 0.000        23.723 / 25.775       23.723 / 25.775      ms
[2023-11-19T17:22:55.500+0800][gc,stats    ]  Contention: Mark Segment Reset Contention                     0 / 0                 0 / 0                 0 / 3                 0 / 3           ops/s
[2023-11-19T17:22:55.500+0800][gc,stats    ]  Contention: Mark SeqNum Reset Contention                      0 / 0                 0 / 0                 0 / 0                 0 / 0           ops/s
[2023-11-19T17:22:55.500+0800][gc,stats    ]    Critical: Allocation Stall                                  0 / 0                 0 / 0                 0 / 0                 0 / 0           ops/s
[2023-11-19T17:22:55.500+0800][gc,stats    ]    Critical: Allocation Stall                              0.000 / 0.000         0.000 / 0.000         0.000 / 0.000         0.000 / 0.000       ms
[2023-11-19T17:22:55.500+0800][gc,stats    ]    Critical: GC Locker Stall                                   0 / 0                 0 / 0                 0 / 0                 0 / 0           ops/s
[2023-11-19T17:22:55.500+0800][gc,stats    ]    Critical: GC Locker Stall                               0.000 / 0.000         0.000 / 0.000         0.000 / 0.000         0.000 / 0.000       ms
[2023-11-19T17:22:55.500+0800][gc,stats    ]    Critical: Relocation Stall                                  0 / 0                 0 / 0                 0 / 0                 0 / 0           ops/s
[2023-11-19T17:22:55.500+0800][gc,stats    ]    Critical: Relocation Stall                              0.000 / 0.000         0.000 / 0.000         0.000 / 0.000         0.000 / 0.000       ms
[2023-11-19T17:22:55.500+0800][gc,stats    ]      Memory: Allocation Rate                                   0 / 2                 0 / 4                 0 / 104               0 / 104         MB/s
[2023-11-19T17:22:55.500+0800][gc,stats    ]      Memory: Defragment                                        0 / 0                 0 / 0                 0 / 0                 0 / 0           ops/s
[2023-11-19T17:22:55.500+0800][gc,stats    ]      Memory: Out Of Memory                                     0 / 0                 0 / 0                 0 / 0                 0 / 0           ops/s
[2023-11-19T17:22:55.500+0800][gc,stats    ]      Memory: Page Cache Flush                                  0 / 0                 0 / 0                 0 / 0                 0 / 0           MB/s
[2023-11-19T17:22:55.500+0800][gc,stats    ]      Memory: Page Cache Hit L1                                 0 / 0                 0 / 0                 0 / 29                0 / 29          ops/s
[2023-11-19T17:22:55.500+0800][gc,stats    ]      Memory: Page Cache Hit L2                                 0 / 0                 0 / 0                 0 / 0                 0 / 0           ops/s
[2023-11-19T17:22:55.500+0800][gc,stats    ]      Memory: Page Cache Hit L3                                 0 / 1                 0 / 2                 0 / 48                0 / 48          ops/s
[2023-11-19T17:22:55.500+0800][gc,stats    ]      Memory: Page Cache Miss                                   0 / 0                 0 / 0                 0 / 1                 0 / 1           ops/s
[2023-11-19T17:22:55.500+0800][gc,stats    ]      Memory: Uncommit                                          0 / 0                 0 / 0                 0 / 0                 0 / 0           MB/s
[2023-11-19T17:22:55.500+0800][gc,stats    ]      Memory: Undo Object Allocation Failed                     0 / 0                 0 / 0                 0 / 0                 0 / 0           ops/s
[2023-11-19T17:22:55.500+0800][gc,stats    ]      Memory: Undo Object Allocation Succeeded                  0 / 0                 0 / 0                 0 / 0                 0 / 0           ops/s
[2023-11-19T17:22:55.500+0800][gc,stats    ]      Memory: Undo Page Allocation                              0 / 0                 0 / 0                 0 / 0                 0 / 0           ops/s
[2023-11-19T17:22:55.500+0800][gc,stats    ]       Phase: Concurrent Mark                               0.000 / 0.000         0.000 / 0.000        13.801 / 15.394       13.801 / 15.394      ms
[2023-11-19T17:22:55.500+0800][gc,stats    ]       Phase: Concurrent Mark Continue                      0.000 / 0.000         0.000 / 0.000         0.000 / 0.000         0.000 / 0.000       ms
[2023-11-19T17:22:55.500+0800][gc,stats    ]       Phase: Concurrent Mark Free                          0.000 / 0.000         0.000 / 0.000         0.001 / 0.001         0.001 / 0.001       ms
[2023-11-19T17:22:55.500+0800][gc,stats    ]       Phase: Concurrent Process Non-Strong References      0.000 / 0.000         0.000 / 0.000         1.810 / 1.931         1.810 / 1.931       ms
[2023-11-19T17:22:55.500+0800][gc,stats    ]       Phase: Concurrent Relocate                           0.000 / 0.000         0.000 / 0.000         2.671 / 3.187         2.671 / 3.187       ms
[2023-11-19T17:22:55.500+0800][gc,stats    ]       Phase: Concurrent Reset Relocation Set               0.000 / 0.000         0.000 / 0.000         0.001 / 0.003         0.001 / 0.003       ms
[2023-11-19T17:22:55.500+0800][gc,stats    ]       Phase: Concurrent Select Relocation Set              0.000 / 0.000         0.000 / 0.000         4.627 / 7.839         4.627 / 7.839       ms
[2023-11-19T17:22:55.500+0800][gc,stats    ]       Phase: Pause Mark End                                0.000 / 0.000         0.000 / 0.000         0.016 / 0.018         0.016 / 0.018       ms
[2023-11-19T17:22:55.500+0800][gc,stats    ]       Phase: Pause Mark Start                              0.000 / 0.000         0.000 / 0.000         0.013 / 0.019         0.013 / 0.019       ms
[2023-11-19T17:22:55.500+0800][gc,stats    ]       Phase: Pause Relocate Start                          0.000 / 0.000         0.000 / 0.000         0.008 / 0.009         0.008 / 0.009       ms
[2023-11-19T17:22:55.500+0800][gc,stats    ]    Subphase: Concurrent Classes Purge                      0.000 / 0.000         0.000 / 0.000         0.047 / 0.049         0.047 / 0.049       ms
[2023-11-19T17:22:55.500+0800][gc,stats    ]    Subphase: Concurrent Classes Unlink                     0.000 / 0.000         0.000 / 0.000         1.263 / 1.295         1.263 / 1.295       ms
[2023-11-19T17:22:55.500+0800][gc,stats    ]    Subphase: Concurrent Mark                               0.000 / 0.000         0.000 / 0.000        11.825 / 13.159       11.825 / 13.159      ms
[2023-11-19T17:22:55.500+0800][gc,stats    ]    Subphase: Concurrent Mark Try Flush                     0.000 / 0.000         0.000 / 0.000         0.057 / 0.108         0.057 / 0.108       ms
[2023-11-19T17:22:55.500+0800][gc,stats    ]    Subphase: Concurrent Mark Try Terminate                 0.000 / 0.000         0.000 / 0.000         1.420 / 4.236         1.420 / 4.236       ms
[2023-11-19T17:22:55.500+0800][gc,stats    ]    Subphase: Concurrent References Enqueue                 0.000 / 0.000         0.000 / 0.000         0.004 / 0.004         0.004 / 0.004       ms
[2023-11-19T17:22:55.500+0800][gc,stats    ]    Subphase: Concurrent References Process                 0.000 / 0.000         0.000 / 0.000         0.090 / 0.101         0.090 / 0.101       ms
[2023-11-19T17:22:55.500+0800][gc,stats    ]    Subphase: Concurrent Roots ClassLoaderDataGraph         0.000 / 0.000         0.000 / 0.000         0.103 / 0.506         0.103 / 0.506       ms
[2023-11-19T17:22:55.500+0800][gc,stats    ]    Subphase: Concurrent Roots CodeCache                    0.000 / 0.000         0.000 / 0.000         0.000 / 0.000         0.000 / 0.000       ms
[2023-11-19T17:22:55.500+0800][gc,stats    ]    Subphase: Concurrent Roots JavaThreads                  0.000 / 0.000         0.000 / 0.000         1.129 / 2.106         1.129 / 2.106       ms
[2023-11-19T17:22:55.500+0800][gc,stats    ]    Subphase: Concurrent Roots OopStorageSet                0.000 / 0.000         0.000 / 0.000         0.036 / 0.058         0.036 / 0.058       ms
[2023-11-19T17:22:55.500+0800][gc,stats    ]    Subphase: Concurrent Weak Roots OopStorageSet           0.000 / 0.000         0.000 / 0.000         0.328 / 0.486         0.328 / 0.486       ms
[2023-11-19T17:22:55.500+0800][gc,stats    ]    Subphase: Pause Mark Try Complete                       0.000 / 0.000         0.000 / 0.000         0.000 / 0.000         0.000 / 0.000       ms
[2023-11-19T17:22:55.500+0800][gc,stats    ]      System: Java Threads                                      0 / 0                 0 / 0                39 / 54               39 / 54          threads
[2023-11-19T17:22:55.500+0800][gc,stats    ] =========================================================================================================================================================
[2023-11-19T17:23:05.501+0800][gc,stats    ] === Garbage Collection Statistics =======================================================================================================================
[2023-11-19T17:23:05.501+0800][gc,stats    ]                                                              Last 10s              Last 10m              Last 10h                Total
[2023-11-19T17:23:05.501+0800][gc,stats    ]                                                              Avg / Max             Avg / Max             Avg / Max             Avg / Max
[2023-11-19T17:23:05.501+0800][gc,stats    ]   Collector: Garbage Collection Cycle                      0.000 / 0.000         0.000 / 0.000        23.723 / 25.775       23.723 / 25.775      ms
[2023-11-19T17:23:05.501+0800][gc,stats    ]  Contention: Mark Segment Reset Contention                     0 / 0                 0 / 0                 0 / 3                 0 / 3           ops/s
[2023-11-19T17:23:05.501+0800][gc,stats    ]  Contention: Mark SeqNum Reset Contention                      0 / 0                 0 / 0                 0 / 0                 0 / 0           ops/s
[2023-11-19T17:23:05.501+0800][gc,stats    ]    Critical: Allocation Stall                                  0 / 0                 0 / 0                 0 / 0                 0 / 0           ops/s
[2023-11-19T17:23:05.501+0800][gc,stats    ]    Critical: Allocation Stall                              0.000 / 0.000         0.000 / 0.000         0.000 / 0.000         0.000 / 0.000       ms
[2023-11-19T17:23:05.501+0800][gc,stats    ]    Critical: GC Locker Stall                                   0 / 0                 0 / 0                 0 / 0                 0 / 0           ops/s
[2023-11-19T17:23:05.501+0800][gc,stats    ]    Critical: GC Locker Stall                               0.000 / 0.000         0.000 / 0.000         0.000 / 0.000         0.000 / 0.000       ms
[2023-11-19T17:23:05.501+0800][gc,stats    ]    Critical: Relocation Stall                                  0 / 0                 0 / 0                 0 / 0                 0 / 0           ops/s
[2023-11-19T17:23:05.501+0800][gc,stats    ]    Critical: Relocation Stall                              0.000 / 0.000         0.000 / 0.000         0.000 / 0.000         0.000 / 0.000       ms
[2023-11-19T17:23:05.501+0800][gc,stats    ]      Memory: Allocation Rate                                   0 / 2                 0 / 4                 0 / 104               0 / 104         MB/s
[2023-11-19T17:23:05.501+0800][gc,stats    ]      Memory: Defragment                                        0 / 0                 0 / 0                 0 / 0                 0 / 0           ops/s
[2023-11-19T17:23:05.501+0800][gc,stats    ]      Memory: Out Of Memory                                     0 / 0                 0 / 0                 0 / 0                 0 / 0           ops/s
[2023-11-19T17:23:05.501+0800][gc,stats    ]      Memory: Page Cache Flush                                  0 / 0                 0 / 0                 0 / 0                 0 / 0           MB/s
[2023-11-19T17:23:05.501+0800][gc,stats    ]      Memory: Page Cache Hit L1                                 0 / 0                 0 / 0                 0 / 29                0 / 29          ops/s
[2023-11-19T17:23:05.501+0800][gc,stats    ]      Memory: Page Cache Hit L2                                 0 / 0                 0 / 0                 0 / 0                 0 / 0           ops/s
[2023-11-19T17:23:05.501+0800][gc,stats    ]      Memory: Page Cache Hit L3                                 0 / 1                 0 / 2                 0 / 48                0 / 48          ops/s
[2023-11-19T17:23:05.501+0800][gc,stats    ]      Memory: Page Cache Miss                                   0 / 0                 0 / 0                 0 / 1                 0 / 1           ops/s
[2023-11-19T17:23:05.501+0800][gc,stats    ]      Memory: Uncommit                                          0 / 0                 0 / 0                 0 / 0                 0 / 0           MB/s
[2023-11-19T17:23:05.501+0800][gc,stats    ]      Memory: Undo Object Allocation Failed                     0 / 0                 0 / 0                 0 / 0                 0 / 0           ops/s
[2023-11-19T17:23:05.501+0800][gc,stats    ]      Memory: Undo Object Allocation Succeeded                  0 / 0                 0 / 0                 0 / 0                 0 / 0           ops/s
[2023-11-19T17:23:05.501+0800][gc,stats    ]      Memory: Undo Page Allocation                              0 / 0                 0 / 0                 0 / 0                 0 / 0           ops/s
[2023-11-19T17:23:05.501+0800][gc,stats    ]       Phase: Concurrent Mark                               0.000 / 0.000         0.000 / 0.000        13.801 / 15.394       13.801 / 15.394      ms
[2023-11-19T17:23:05.501+0800][gc,stats    ]       Phase: Concurrent Mark Continue                      0.000 / 0.000         0.000 / 0.000         0.000 / 0.000         0.000 / 0.000       ms
[2023-11-19T17:23:05.501+0800][gc,stats    ]       Phase: Concurrent Mark Free                          0.000 / 0.000         0.000 / 0.000         0.001 / 0.001         0.001 / 0.001       ms
[2023-11-19T17:23:05.501+0800][gc,stats    ]       Phase: Concurrent Process Non-Strong References      0.000 / 0.000         0.000 / 0.000         1.810 / 1.931         1.810 / 1.931       ms
[2023-11-19T17:23:05.501+0800][gc,stats    ]       Phase: Concurrent Relocate                           0.000 / 0.000         0.000 / 0.000         2.671 / 3.187         2.671 / 3.187       ms
[2023-11-19T17:23:05.501+0800][gc,stats    ]       Phase: Concurrent Reset Relocation Set               0.000 / 0.000         0.000 / 0.000         0.001 / 0.003         0.001 / 0.003       ms
[2023-11-19T17:23:05.501+0800][gc,stats    ]       Phase: Concurrent Select Relocation Set              0.000 / 0.000         0.000 / 0.000         4.627 / 7.839         4.627 / 7.839       ms
[2023-11-19T17:23:05.501+0800][gc,stats    ]       Phase: Pause Mark End                                0.000 / 0.000         0.000 / 0.000         0.016 / 0.018         0.016 / 0.018       ms
[2023-11-19T17:23:05.501+0800][gc,stats    ]       Phase: Pause Mark Start                              0.000 / 0.000         0.000 / 0.000         0.013 / 0.019         0.013 / 0.019       ms
[2023-11-19T17:23:05.501+0800][gc,stats    ]       Phase: Pause Relocate Start                          0.000 / 0.000         0.000 / 0.000         0.008 / 0.009         0.008 / 0.009       ms
[2023-11-19T17:23:05.501+0800][gc,stats    ]    Subphase: Concurrent Classes Purge                      0.000 / 0.000         0.000 / 0.000         0.047 / 0.049         0.047 / 0.049       ms
[2023-11-19T17:23:05.501+0800][gc,stats    ]    Subphase: Concurrent Classes Unlink                     0.000 / 0.000         0.000 / 0.000         1.263 / 1.295         1.263 / 1.295       ms
[2023-11-19T17:23:05.501+0800][gc,stats    ]    Subphase: Concurrent Mark                               0.000 / 0.000         0.000 / 0.000        11.825 / 13.159       11.825 / 13.159      ms
[2023-11-19T17:23:05.501+0800][gc,stats    ]    Subphase: Concurrent Mark Try Flush                     0.000 / 0.000         0.000 / 0.000         0.057 / 0.108         0.057 / 0.108       ms
[2023-11-19T17:23:05.501+0800][gc,stats    ]    Subphase: Concurrent Mark Try Terminate                 0.000 / 0.000         0.000 / 0.000         1.420 / 4.236         1.420 / 4.236       ms
[2023-11-19T17:23:05.501+0800][gc,stats    ]    Subphase: Concurrent References Enqueue                 0.000 / 0.000         0.000 / 0.000         0.004 / 0.004         0.004 / 0.004       ms
[2023-11-19T17:23:05.501+0800][gc,stats    ]    Subphase: Concurrent References Process                 0.000 / 0.000         0.000 / 0.000         0.090 / 0.101         0.090 / 0.101       ms
[2023-11-19T17:23:05.501+0800][gc,stats    ]    Subphase: Concurrent Roots ClassLoaderDataGraph         0.000 / 0.000         0.000 / 0.000         0.103 / 0.506         0.103 / 0.506       ms
[2023-11-19T17:23:05.501+0800][gc,stats    ]    Subphase: Concurrent Roots CodeCache                    0.000 / 0.000         0.000 / 0.000         0.000 / 0.000         0.000 / 0.000       ms
[2023-11-19T17:23:05.501+0800][gc,stats    ]    Subphase: Concurrent Roots JavaThreads                  0.000 / 0.000         0.000 / 0.000         1.129 / 2.106         1.129 / 2.106       ms
[2023-11-19T17:23:05.501+0800][gc,stats    ]    Subphase: Concurrent Roots OopStorageSet                0.000 / 0.000         0.000 / 0.000         0.036 / 0.058         0.036 / 0.058       ms
[2023-11-19T17:23:05.501+0800][gc,stats    ]    Subphase: Concurrent Weak Roots OopStorageSet           0.000 / 0.000         0.000 / 0.000         0.328 / 0.486         0.328 / 0.486       ms
[2023-11-19T17:23:05.501+0800][gc,stats    ]    Subphase: Pause Mark Try Complete                       0.000 / 0.000         0.000 / 0.000         0.000 / 0.000         0.000 / 0.000       ms
[2023-11-19T17:23:05.501+0800][gc,stats    ]      System: Java Threads                                      0 / 0                 0 / 0                39 / 54               39 / 54          threads
[2023-11-19T17:23:05.501+0800][gc,stats    ] =========================================================================================================================================================
[2023-11-19T17:23:15.500+0800][gc,stats    ] === Garbage Collection Statistics =======================================================================================================================
[2023-11-19T17:23:15.500+0800][gc,stats    ]                                                              Last 10s              Last 10m              Last 10h                Total
[2023-11-19T17:23:15.500+0800][gc,stats    ]                                                              Avg / Max             Avg / Max             Avg / Max             Avg / Max
[2023-11-19T17:23:15.500+0800][gc,stats    ]   Collector: Garbage Collection Cycle                      0.000 / 0.000         0.000 / 0.000        23.723 / 25.775       23.723 / 25.775      ms
[2023-11-19T17:23:15.500+0800][gc,stats    ]  Contention: Mark Segment Reset Contention                     0 / 0                 0 / 0                 0 / 3                 0 / 3           ops/s
[2023-11-19T17:23:15.500+0800][gc,stats    ]  Contention: Mark SeqNum Reset Contention                      0 / 0                 0 / 0                 0 / 0                 0 / 0           ops/s
[2023-11-19T17:23:15.500+0800][gc,stats    ]    Critical: Allocation Stall                                  0 / 0                 0 / 0                 0 / 0                 0 / 0           ops/s
[2023-11-19T17:23:15.500+0800][gc,stats    ]    Critical: Allocation Stall                              0.000 / 0.000         0.000 / 0.000         0.000 / 0.000         0.000 / 0.000       ms
[2023-11-19T17:23:15.500+0800][gc,stats    ]    Critical: GC Locker Stall                                   0 / 0                 0 / 0                 0 / 0                 0 / 0           ops/s
[2023-11-19T17:23:15.500+0800][gc,stats    ]    Critical: GC Locker Stall                               0.000 / 0.000         0.000 / 0.000         0.000 / 0.000         0.000 / 0.000       ms
[2023-11-19T17:23:15.500+0800][gc,stats    ]    Critical: Relocation Stall                                  0 / 0                 0 / 0                 0 / 0                 0 / 0           ops/s
[2023-11-19T17:23:15.500+0800][gc,stats    ]    Critical: Relocation Stall                              0.000 / 0.000         0.000 / 0.000         0.000 / 0.000         0.000 / 0.000       ms
[2023-11-19T17:23:15.500+0800][gc,stats    ]      Memory: Allocation Rate                                   0 / 0                 0 / 4                 0 / 104               0 / 104         MB/s
[2023-11-19T17:23:15.500+0800][gc,stats    ]      Memory: Defragment                                        0 / 0                 0 / 0                 0 / 0                 0 / 0           ops/s
[2023-11-19T17:23:15.500+0800][gc,stats    ]      Memory: Out Of Memory                                     0 / 0                 0 / 0                 0 / 0                 0 / 0           ops/s
[2023-11-19T17:23:15.500+0800][gc,stats    ]      Memory: Page Cache Flush                                  0 / 0                 0 / 0                 0 / 0                 0 / 0           MB/s
[2023-11-19T17:23:15.500+0800][gc,stats    ]      Memory: Page Cache Hit L1                                 0 / 0                 0 / 0                 0 / 29                0 / 29          ops/s
[2023-11-19T17:23:15.500+0800][gc,stats    ]      Memory: Page Cache Hit L2                                 0 / 0                 0 / 0                 0 / 0                 0 / 0           ops/s
[2023-11-19T17:23:15.500+0800][gc,stats    ]      Memory: Page Cache Hit L3                                 0 / 0                 0 / 2                 0 / 48                0 / 48          ops/s
[2023-11-19T17:23:15.500+0800][gc,stats    ]      Memory: Page Cache Miss                                   0 / 0                 0 / 0                 0 / 1                 0 / 1           ops/s
[2023-11-19T17:23:15.500+0800][gc,stats    ]      Memory: Uncommit                                          0 / 0                 0 / 0                 0 / 0                 0 / 0           MB/s
[2023-11-19T17:23:15.500+0800][gc,stats    ]      Memory: Undo Object Allocation Failed                     0 / 0                 0 / 0                 0 / 0                 0 / 0           ops/s
[2023-11-19T17:23:15.500+0800][gc,stats    ]      Memory: Undo Object Allocation Succeeded                  0 / 0                 0 / 0                 0 / 0                 0 / 0           ops/s
[2023-11-19T17:23:15.500+0800][gc,stats    ]      Memory: Undo Page Allocation                              0 / 0                 0 / 0                 0 / 0                 0 / 0           ops/s
[2023-11-19T17:23:15.500+0800][gc,stats    ]       Phase: Concurrent Mark                               0.000 / 0.000         0.000 / 0.000        13.801 / 15.394       13.801 / 15.394      ms
[2023-11-19T17:23:15.500+0800][gc,stats    ]       Phase: Concurrent Mark Continue                      0.000 / 0.000         0.000 / 0.000         0.000 / 0.000         0.000 / 0.000       ms
[2023-11-19T17:23:15.500+0800][gc,stats    ]       Phase: Concurrent Mark Free                          0.000 / 0.000         0.000 / 0.000         0.001 / 0.001         0.001 / 0.001       ms
[2023-11-19T17:23:15.500+0800][gc,stats    ]       Phase: Concurrent Process Non-Strong References      0.000 / 0.000         0.000 / 0.000         1.810 / 1.931         1.810 / 1.931       ms
[2023-11-19T17:23:15.500+0800][gc,stats    ]       Phase: Concurrent Relocate                           0.000 / 0.000         0.000 / 0.000         2.671 / 3.187         2.671 / 3.187       ms
[2023-11-19T17:23:15.500+0800][gc,stats    ]       Phase: Concurrent Reset Relocation Set               0.000 / 0.000         0.000 / 0.000         0.001 / 0.003         0.001 / 0.003       ms
[2023-11-19T17:23:15.500+0800][gc,stats    ]       Phase: Concurrent Select Relocation Set              0.000 / 0.000         0.000 / 0.000         4.627 / 7.839         4.627 / 7.839       ms
[2023-11-19T17:23:15.500+0800][gc,stats    ]       Phase: Pause Mark End                                0.000 / 0.000         0.000 / 0.000         0.016 / 0.018         0.016 / 0.018       ms
[2023-11-19T17:23:15.500+0800][gc,stats    ]       Phase: Pause Mark Start                              0.000 / 0.000         0.000 / 0.000         0.013 / 0.019         0.013 / 0.019       ms
[2023-11-19T17:23:15.500+0800][gc,stats    ]       Phase: Pause Relocate Start                          0.000 / 0.000         0.000 / 0.000         0.008 / 0.009         0.008 / 0.009       ms
[2023-11-19T17:23:15.500+0800][gc,stats    ]    Subphase: Concurrent Classes Purge                      0.000 / 0.000         0.000 / 0.000         0.047 / 0.049         0.047 / 0.049       ms
[2023-11-19T17:23:15.500+0800][gc,stats    ]    Subphase: Concurrent Classes Unlink                     0.000 / 0.000         0.000 / 0.000         1.263 / 1.295         1.263 / 1.295       ms
[2023-11-19T17:23:15.500+0800][gc,stats    ]    Subphase: Concurrent Mark                               0.000 / 0.000         0.000 / 0.000        11.825 / 13.159       11.825 / 13.159      ms
[2023-11-19T17:23:15.500+0800][gc,stats    ]    Subphase: Concurrent Mark Try Flush                     0.000 / 0.000         0.000 / 0.000         0.057 / 0.108         0.057 / 0.108       ms
[2023-11-19T17:23:15.500+0800][gc,stats    ]    Subphase: Concurrent Mark Try Terminate                 0.000 / 0.000         0.000 / 0.000         1.420 / 4.236         1.420 / 4.236       ms
[2023-11-19T17:23:15.500+0800][gc,stats    ]    Subphase: Concurrent References Enqueue                 0.000 / 0.000         0.000 / 0.000         0.004 / 0.004         0.004 / 0.004       ms
[2023-11-19T17:23:15.500+0800][gc,stats    ]    Subphase: Concurrent References Process                 0.000 / 0.000         0.000 / 0.000         0.090 / 0.101         0.090 / 0.101       ms
[2023-11-19T17:23:15.500+0800][gc,stats    ]    Subphase: Concurrent Roots ClassLoaderDataGraph         0.000 / 0.000         0.000 / 0.000         0.103 / 0.506         0.103 / 0.506       ms
[2023-11-19T17:23:15.500+0800][gc,stats    ]    Subphase: Concurrent Roots CodeCache                    0.000 / 0.000         0.000 / 0.000         0.000 / 0.000         0.000 / 0.000       ms
[2023-11-19T17:23:15.500+0800][gc,stats    ]    Subphase: Concurrent Roots JavaThreads                  0.000 / 0.000         0.000 / 0.000         1.129 / 2.106         1.129 / 2.106       ms
[2023-11-19T17:23:15.500+0800][gc,stats    ]    Subphase: Concurrent Roots OopStorageSet                0.000 / 0.000         0.000 / 0.000         0.036 / 0.058         0.036 / 0.058       ms
[2023-11-19T17:23:15.500+0800][gc,stats    ]    Subphase: Concurrent Weak Roots OopStorageSet           0.000 / 0.000         0.000 / 0.000         0.328 / 0.486         0.328 / 0.486       ms
[2023-11-19T17:23:15.500+0800][gc,stats    ]    Subphase: Pause Mark Try Complete                       0.000 / 0.000         0.000 / 0.000         0.000 / 0.000         0.000 / 0.000       ms
[2023-11-19T17:23:15.500+0800][gc,stats    ]      System: Java Threads                                      0 / 0                 0 / 0                39 / 54               39 / 54          threads
[2023-11-19T17:23:15.500+0800][gc,stats    ] =========================================================================================================================================================
[2023-11-19T17:23:25.501+0800][gc,stats    ] === Garbage Collection Statistics =======================================================================================================================
[2023-11-19T17:23:25.501+0800][gc,stats    ]                                                              Last 10s              Last 10m              Last 10h                Total
[2023-11-19T17:23:25.501+0800][gc,stats    ]                                                              Avg / Max             Avg / Max             Avg / Max             Avg / Max
[2023-11-19T17:23:25.501+0800][gc,stats    ]   Collector: Garbage Collection Cycle                      0.000 / 0.000         0.000 / 0.000        23.723 / 25.775       23.723 / 25.775      ms
[2023-11-19T17:23:25.501+0800][gc,stats    ]  Contention: Mark Segment Reset Contention                     0 / 0                 0 / 0                 0 / 3                 0 / 3           ops/s
[2023-11-19T17:23:25.501+0800][gc,stats    ]  Contention: Mark SeqNum Reset Contention                      0 / 0                 0 / 0                 0 / 0                 0 / 0           ops/s
[2023-11-19T17:23:25.501+0800][gc,stats    ]    Critical: Allocation Stall                                  0 / 0                 0 / 0                 0 / 0                 0 / 0           ops/s
[2023-11-19T17:23:25.501+0800][gc,stats    ]    Critical: Allocation Stall                              0.000 / 0.000         0.000 / 0.000         0.000 / 0.000         0.000 / 0.000       ms
[2023-11-19T17:23:25.501+0800][gc,stats    ]    Critical: GC Locker Stall                                   0 / 0                 0 / 0                 0 / 0                 0 / 0           ops/s
[2023-11-19T17:23:25.501+0800][gc,stats    ]    Critical: GC Locker Stall                               0.000 / 0.000         0.000 / 0.000         0.000 / 0.000         0.000 / 0.000       ms
[2023-11-19T17:23:25.501+0800][gc,stats    ]    Critical: Relocation Stall                                  0 / 0                 0 / 0                 0 / 0                 0 / 0           ops/s
[2023-11-19T17:23:25.501+0800][gc,stats    ]    Critical: Relocation Stall                              0.000 / 0.000         0.000 / 0.000         0.000 / 0.000         0.000 / 0.000       ms
[2023-11-19T17:23:25.501+0800][gc,stats    ]      Memory: Allocation Rate                                   0 / 0                 0 / 4                 0 / 104               0 / 104         MB/s
[2023-11-19T17:23:25.501+0800][gc,stats    ]      Memory: Defragment                                        0 / 0                 0 / 0                 0 / 0                 0 / 0           ops/s
[2023-11-19T17:23:25.501+0800][gc,stats    ]      Memory: Out Of Memory                                     0 / 0                 0 / 0                 0 / 0                 0 / 0           ops/s
[2023-11-19T17:23:25.501+0800][gc,stats    ]      Memory: Page Cache Flush                                  0 / 0                 0 / 0                 0 / 0                 0 / 0           MB/s
[2023-11-19T17:23:25.501+0800][gc,stats    ]      Memory: Page Cache Hit L1                                 0 / 0                 0 / 0                 0 / 29                0 / 29          ops/s
[2023-11-19T17:23:25.501+0800][gc,stats    ]      Memory: Page Cache Hit L2                                 0 / 0                 0 / 0                 0 / 0                 0 / 0           ops/s
[2023-11-19T17:23:25.501+0800][gc,stats    ]      Memory: Page Cache Hit L3                                 0 / 0                 0 / 2                 0 / 48                0 / 48          ops/s
[2023-11-19T17:23:25.501+0800][gc,stats    ]      Memory: Page Cache Miss                                   0 / 0                 0 / 0                 0 / 1                 0 / 1           ops/s
[2023-11-19T17:23:25.501+0800][gc,stats    ]      Memory: Uncommit                                          0 / 0                 0 / 0                 0 / 0                 0 / 0           MB/s
[2023-11-19T17:23:25.501+0800][gc,stats    ]      Memory: Undo Object Allocation Failed                     0 / 0                 0 / 0                 0 / 0                 0 / 0           ops/s
[2023-11-19T17:23:25.501+0800][gc,stats    ]      Memory: Undo Object Allocation Succeeded                  0 / 0                 0 / 0                 0 / 0                 0 / 0           ops/s
[2023-11-19T17:23:25.501+0800][gc,stats    ]      Memory: Undo Page Allocation                              0 / 0                 0 / 0                 0 / 0                 0 / 0           ops/s
[2023-11-19T17:23:25.501+0800][gc,stats    ]       Phase: Concurrent Mark                               0.000 / 0.000         0.000 / 0.000        13.801 / 15.394       13.801 / 15.394      ms
[2023-11-19T17:23:25.501+0800][gc,stats    ]       Phase: Concurrent Mark Continue                      0.000 / 0.000         0.000 / 0.000         0.000 / 0.000         0.000 / 0.000       ms
[2023-11-19T17:23:25.501+0800][gc,stats    ]       Phase: Concurrent Mark Free                          0.000 / 0.000         0.000 / 0.000         0.001 / 0.001         0.001 / 0.001       ms
[2023-11-19T17:23:25.501+0800][gc,stats    ]       Phase: Concurrent Process Non-Strong References      0.000 / 0.000         0.000 / 0.000         1.810 / 1.931         1.810 / 1.931       ms
[2023-11-19T17:23:25.501+0800][gc,stats    ]       Phase: Concurrent Relocate                           0.000 / 0.000         0.000 / 0.000         2.671 / 3.187         2.671 / 3.187       ms
[2023-11-19T17:23:25.501+0800][gc,stats    ]       Phase: Concurrent Reset Relocation Set               0.000 / 0.000         0.000 / 0.000         0.001 / 0.003         0.001 / 0.003       ms
[2023-11-19T17:23:25.501+0800][gc,stats    ]       Phase: Concurrent Select Relocation Set              0.000 / 0.000         0.000 / 0.000         4.627 / 7.839         4.627 / 7.839       ms
[2023-11-19T17:23:25.501+0800][gc,stats    ]       Phase: Pause Mark End                                0.000 / 0.000         0.000 / 0.000         0.016 / 0.018         0.016 / 0.018       ms
[2023-11-19T17:23:25.501+0800][gc,stats    ]       Phase: Pause Mark Start                              0.000 / 0.000         0.000 / 0.000         0.013 / 0.019         0.013 / 0.019       ms
[2023-11-19T17:23:25.501+0800][gc,stats    ]       Phase: Pause Relocate Start                          0.000 / 0.000         0.000 / 0.000         0.008 / 0.009         0.008 / 0.009       ms
[2023-11-19T17:23:25.501+0800][gc,stats    ]    Subphase: Concurrent Classes Purge                      0.000 / 0.000         0.000 / 0.000         0.047 / 0.049         0.047 / 0.049       ms
[2023-11-19T17:23:25.501+0800][gc,stats    ]    Subphase: Concurrent Classes Unlink                     0.000 / 0.000         0.000 / 0.000         1.263 / 1.295         1.263 / 1.295       ms
[2023-11-19T17:23:25.501+0800][gc,stats    ]    Subphase: Concurrent Mark                               0.000 / 0.000         0.000 / 0.000        11.825 / 13.159       11.825 / 13.159      ms
[2023-11-19T17:23:25.501+0800][gc,stats    ]    Subphase: Concurrent Mark Try Flush                     0.000 / 0.000         0.000 / 0.000         0.057 / 0.108         0.057 / 0.108       ms
[2023-11-19T17:23:25.501+0800][gc,stats    ]    Subphase: Concurrent Mark Try Terminate                 0.000 / 0.000         0.000 / 0.000         1.420 / 4.236         1.420 / 4.236       ms
[2023-11-19T17:23:25.501+0800][gc,stats    ]    Subphase: Concurrent References Enqueue                 0.000 / 0.000         0.000 / 0.000         0.004 / 0.004         0.004 / 0.004       ms
[2023-11-19T17:23:25.501+0800][gc,stats    ]    Subphase: Concurrent References Process                 0.000 / 0.000         0.000 / 0.000         0.090 / 0.101         0.090 / 0.101       ms
[2023-11-19T17:23:25.501+0800][gc,stats    ]    Subphase: Concurrent Roots ClassLoaderDataGraph         0.000 / 0.000         0.000 / 0.000         0.103 / 0.506         0.103 / 0.506       ms
[2023-11-19T17:23:25.501+0800][gc,stats    ]    Subphase: Concurrent Roots CodeCache                    0.000 / 0.000         0.000 / 0.000         0.000 / 0.000         0.000 / 0.000       ms
[2023-11-19T17:23:25.501+0800][gc,stats    ]    Subphase: Concurrent Roots JavaThreads                  0.000 / 0.000         0.000 / 0.000         1.129 / 2.106         1.129 / 2.106       ms
[2023-11-19T17:23:25.501+0800][gc,stats    ]    Subphase: Concurrent Roots OopStorageSet                0.000 / 0.000         0.000 / 0.000         0.036 / 0.058         0.036 / 0.058       ms
[2023-11-19T17:23:25.501+0800][gc,stats    ]    Subphase: Concurrent Weak Roots OopStorageSet           0.000 / 0.000         0.000 / 0.000         0.328 / 0.486         0.328 / 0.486       ms
[2023-11-19T17:23:25.501+0800][gc,stats    ]    Subphase: Pause Mark Try Complete                       0.000 / 0.000         0.000 / 0.000         0.000 / 0.000         0.000 / 0.000       ms
[2023-11-19T17:23:25.501+0800][gc,stats    ]      System: Java Threads                                      0 / 0                 0 / 0                39 / 54               39 / 54          threads
[2023-11-19T17:23:25.501+0800][gc,stats    ] =========================================================================================================================================================
[2023-11-19T17:23:35.502+0800][gc,stats    ] === Garbage Collection Statistics =======================================================================================================================
[2023-11-19T17:23:35.502+0800][gc,stats    ]                                                              Last 10s              Last 10m              Last 10h                Total
[2023-11-19T17:23:35.502+0800][gc,stats    ]                                                              Avg / Max             Avg / Max             Avg / Max             Avg / Max
[2023-11-19T17:23:35.502+0800][gc,stats    ]   Collector: Garbage Collection Cycle                      0.000 / 0.000         0.000 / 0.000        23.723 / 25.775       23.723 / 25.775      ms
[2023-11-19T17:23:35.502+0800][gc,stats    ]  Contention: Mark Segment Reset Contention                     0 / 0                 0 / 0                 0 / 3                 0 / 3           ops/s
[2023-11-19T17:23:35.502+0800][gc,stats    ]  Contention: Mark SeqNum Reset Contention                      0 / 0                 0 / 0                 0 / 0                 0 / 0           ops/s
[2023-11-19T17:23:35.502+0800][gc,stats    ]    Critical: Allocation Stall                                  0 / 0                 0 / 0                 0 / 0                 0 / 0           ops/s
[2023-11-19T17:23:35.502+0800][gc,stats    ]    Critical: Allocation Stall                              0.000 / 0.000         0.000 / 0.000         0.000 / 0.000         0.000 / 0.000       ms
[2023-11-19T17:23:35.502+0800][gc,stats    ]    Critical: GC Locker Stall                                   0 / 0                 0 / 0                 0 / 0                 0 / 0           ops/s
[2023-11-19T17:23:35.502+0800][gc,stats    ]    Critical: GC Locker Stall                               0.000 / 0.000         0.000 / 0.000         0.000 / 0.000         0.000 / 0.000       ms
[2023-11-19T17:23:35.502+0800][gc,stats    ]    Critical: Relocation Stall                                  0 / 0                 0 / 0                 0 / 0                 0 / 0           ops/s
[2023-11-19T17:23:35.502+0800][gc,stats    ]    Critical: Relocation Stall                              0.000 / 0.000         0.000 / 0.000         0.000 / 0.000         0.000 / 0.000       ms
[2023-11-19T17:23:35.502+0800][gc,stats    ]      Memory: Allocation Rate                                   0 / 2                 0 / 4                 0 / 104               0 / 104         MB/s
[2023-11-19T17:23:35.502+0800][gc,stats    ]      Memory: Defragment                                        0 / 0                 0 / 0                 0 / 0                 0 / 0           ops/s
[2023-11-19T17:23:35.502+0800][gc,stats    ]      Memory: Out Of Memory                                     0 / 0                 0 / 0                 0 / 0                 0 / 0           ops/s
[2023-11-19T17:23:35.502+0800][gc,stats    ]      Memory: Page Cache Flush                                  0 / 0                 0 / 0                 0 / 0                 0 / 0           MB/s
[2023-11-19T17:23:35.502+0800][gc,stats    ]      Memory: Page Cache Hit L1                                 0 / 0                 0 / 0                 0 / 29                0 / 29          ops/s
[2023-11-19T17:23:35.502+0800][gc,stats    ]      Memory: Page Cache Hit L2                                 0 / 0                 0 / 0                 0 / 0                 0 / 0           ops/s
[2023-11-19T17:23:35.502+0800][gc,stats    ]      Memory: Page Cache Hit L3                                 0 / 1                 0 / 2                 0 / 48                0 / 48          ops/s
[2023-11-19T17:23:35.502+0800][gc,stats    ]      Memory: Page Cache Miss                                   0 / 0                 0 / 0                 0 / 1                 0 / 1           ops/s
[2023-11-19T17:23:35.502+0800][gc,stats    ]      Memory: Uncommit                                          0 / 0                 0 / 0                 0 / 0                 0 / 0           MB/s
[2023-11-19T17:23:35.502+0800][gc,stats    ]      Memory: Undo Object Allocation Failed                     0 / 0                 0 / 0                 0 / 0                 0 / 0           ops/s
[2023-11-19T17:23:35.502+0800][gc,stats    ]      Memory: Undo Object Allocation Succeeded                  0 / 0                 0 / 0                 0 / 0                 0 / 0           ops/s
[2023-11-19T17:23:35.502+0800][gc,stats    ]      Memory: Undo Page Allocation                              0 / 0                 0 / 0                 0 / 0                 0 / 0           ops/s
[2023-11-19T17:23:35.502+0800][gc,stats    ]       Phase: Concurrent Mark                               0.000 / 0.000         0.000 / 0.000        13.801 / 15.394       13.801 / 15.394      ms
