[2023-11-19T17:48:57.752+0800][gc,init] Initializing The Z Garbage Collector
[2023-11-19T17:48:57.752+0800][gc,init] Version: 19.0.2+7-44 (release)
[2023-11-19T17:48:57.752+0800][gc,init] NUMA Support: Disabled
[2023-11-19T17:48:57.752+0800][gc,init] CPUs: 16 total, 16 available
[2023-11-19T17:48:57.752+0800][gc,init] Memory: 15556M
[2023-11-19T17:48:57.752+0800][gc,init] Large Page Support: Disabled
[2023-11-19T17:48:57.752+0800][gc,init] GC Workers: 4 (dynamic)
[2023-11-19T17:48:57.753+0800][gc,init] Address Space Type: Contiguous/Unrestricted/Complete
[2023-11-19T17:48:57.753+0800][gc,init] Address Space Size: 163840M x 3 = 491520M
[2023-11-19T17:48:57.753+0800][gc,init] Min Capacity: 10240M
[2023-11-19T17:48:57.753+0800][gc,init] Initial Capacity: 10240M
[2023-11-19T17:48:57.753+0800][gc,init] Max Capacity: 10240M
[2023-11-19T17:48:57.753+0800][gc,init] Medium Page Size: 32M
[2023-11-19T17:48:57.753+0800][gc,init] Pre-touch: Disabled
[2023-11-19T17:48:57.753+0800][gc,init] Uncommit: Implicitly Disabled (-Xms equals -Xmx)
[2023-11-19T17:48:58.068+0800][gc,init] Runtime Workers: 10
[2023-11-19T17:48:58.069+0800][gc     ] Using The Z Garbage Collector
[2023-11-19T17:48:58.070+0800][gc,metaspace] CDS archive(s) mapped at: [0x0000000800000000-0x0000000800c40000-0x0000000800c40000), size 12845056, SharedBaseAddress: 0x0000000800000000, ArchiveRelocationMode: 0.
[2023-11-19T17:48:58.070+0800][gc,metaspace] Compressed class space mapped at: 0x0000000801000000-0x0000000841000000, reserved size: 1073741824
[2023-11-19T17:48:58.070+0800][gc,metaspace] Narrow klass base: 0x0000000800000000, Narrow klass shift: 0, Narrow klass range: 0x100000000
[2023-11-19T17:49:00.075+0800][gc,start    ] GC(0) Garbage Collection (Metadata GC Threshold)
[2023-11-19T17:49:00.075+0800][gc,task     ] GC(0) Using 4 workers
[2023-11-19T17:49:00.075+0800][gc,phases   ] GC(0) Pause Mark Start 0.012ms
[2023-11-19T17:49:00.098+0800][gc,phases   ] GC(0) Concurrent Mark 22.938ms
[2023-11-19T17:49:00.098+0800][gc,phases   ] GC(0) Pause Mark End 0.016ms
[2023-11-19T17:49:00.098+0800][gc,phases   ] GC(0) Concurrent Mark Free 0.000ms
[2023-11-19T17:49:00.100+0800][gc,phases   ] GC(0) Concurrent Process Non-Strong References 1.530ms
[2023-11-19T17:49:00.100+0800][gc,phases   ] GC(0) Concurrent Reset Relocation Set 0.000ms
[2023-11-19T17:49:00.108+0800][gc,phases   ] GC(0) Concurrent Select Relocation Set 8.359ms
[2023-11-19T17:49:00.109+0800][gc,phases   ] GC(0) Pause Relocate Start 0.008ms
[2023-11-19T17:49:00.111+0800][gc,phases   ] GC(0) Concurrent Relocate 2.700ms
[2023-11-19T17:49:00.111+0800][gc,load     ] GC(0) Load: 0.00/0.00/0.00
[2023-11-19T17:49:00.111+0800][gc,mmu      ] GC(0) MMU: 2ms/99.2%, 5ms/99.7%, 10ms/99.8%, 20ms/99.9%, 50ms/99.9%, 100ms/100.0%
[2023-11-19T17:49:00.111+0800][gc,marking  ] GC(0) Mark: 4 stripe(s), 2 proactive flush(es), 1 terminate flush(es), 0 completion(s), 0 continuation(s) 
[2023-11-19T17:49:00.111+0800][gc,marking  ] GC(0) Mark Stack Usage: 32M
[2023-11-19T17:49:00.111+0800][gc,nmethod  ] GC(0) NMethods: 2448 registered, 0 unregistered
[2023-11-19T17:49:00.111+0800][gc,metaspace] GC(0) Metaspace: 21M used, 21M committed, 1088M reserved
[2023-11-19T17:49:00.111+0800][gc,ref      ] GC(0) Soft: 3708 encountered, 0 discovered, 0 enqueued
[2023-11-19T17:49:00.111+0800][gc,ref      ] GC(0) Weak: 1640 encountered, 777 discovered, 437 enqueued
[2023-11-19T17:49:00.111+0800][gc,ref      ] GC(0) Final: 0 encountered, 0 discovered, 0 enqueued
[2023-11-19T17:49:00.111+0800][gc,ref      ] GC(0) Phantom: 431 encountered, 416 discovered, 163 enqueued
[2023-11-19T17:49:00.111+0800][gc,reloc    ] GC(0) Small Pages: 78 / 156M, Empty: 20M, Relocated: 8M, In-Place: 0
[2023-11-19T17:49:00.112+0800][gc,reloc    ] GC(0) Medium Pages: 1 / 32M, Empty: 0M, Relocated: 0M, In-Place: 0
[2023-11-19T17:49:00.112+0800][gc,reloc    ] GC(0) Large Pages: 0 / 0M, Empty: 0M, Relocated: 0M, In-Place: 0
[2023-11-19T17:49:00.112+0800][gc,reloc    ] GC(0) Forwarding Usage: 2M
[2023-11-19T17:49:00.112+0800][gc,heap     ] GC(0) Min Capacity: 10240M(100%)
[2023-11-19T17:49:00.112+0800][gc,heap     ] GC(0) Max Capacity: 10240M(100%)
[2023-11-19T17:49:00.112+0800][gc,heap     ] GC(0) Soft Max Capacity: 10240M(100%)
[2023-11-19T17:49:00.112+0800][gc,heap     ] GC(0)                Mark Start          Mark End        Relocate Start      Relocate End           High               Low         
[2023-11-19T17:49:00.112+0800][gc,heap     ] GC(0)  Capacity:    10240M (100%)      10240M (100%)      10240M (100%)      10240M (100%)      10240M (100%)      10240M (100%)   
[2023-11-19T17:49:00.112+0800][gc,heap     ] GC(0)      Free:    10052M (98%)       10048M (98%)       10064M (98%)       10178M (99%)       10178M (99%)       10044M (98%)    
[2023-11-19T17:49:00.112+0800][gc,heap     ] GC(0)      Used:      188M (2%)          192M (2%)          176M (2%)           62M (1%)          196M (2%)           62M (1%)     
[2023-11-19T17:49:00.112+0800][gc,heap     ] GC(0)      Live:         -                12M (0%)           12M (0%)           12M (0%)             -                  -          
[2023-11-19T17:49:00.112+0800][gc,heap     ] GC(0) Allocated:         -                 4M (0%)            8M (0%)           11M (0%)             -                  -          
[2023-11-19T17:49:00.112+0800][gc,heap     ] GC(0)   Garbage:         -               175M (2%)          155M (2%)           37M (0%)             -                  -          
[2023-11-19T17:49:00.112+0800][gc,heap     ] GC(0) Reclaimed:         -                  -                20M (0%)          137M (1%)             -                  -          
[2023-11-19T17:49:00.112+0800][gc          ] GC(0) Garbage Collection (Metadata GC Threshold) 188M(2%)->62M(1%)
[2023-11-19T17:49:01.216+0800][gc,start    ] GC(1) Garbage Collection (Metadata GC Threshold)
[2023-11-19T17:49:01.216+0800][gc,task     ] GC(1) Using 4 workers
[2023-11-19T17:49:01.216+0800][gc,phases   ] GC(1) Pause Mark Start 0.009ms
[2023-11-19T17:49:01.236+0800][gc,phases   ] GC(1) Concurrent Mark 19.452ms
[2023-11-19T17:49:01.236+0800][gc,phases   ] GC(1) Pause Mark End 0.012ms
[2023-11-19T17:49:01.236+0800][gc,phases   ] GC(1) Concurrent Mark Free 0.001ms
[2023-11-19T17:49:01.252+0800][gc,phases   ] GC(1) Concurrent Process Non-Strong References 15.959ms
[2023-11-19T17:49:01.252+0800][gc,phases   ] GC(1) Concurrent Reset Relocation Set 0.007ms
[2023-11-19T17:49:01.253+0800][gc,phases   ] GC(1) Concurrent Select Relocation Set 1.817ms
[2023-11-19T17:49:01.254+0800][gc,phases   ] GC(1) Pause Relocate Start 0.009ms
[2023-11-19T17:49:01.256+0800][gc,phases   ] GC(1) Concurrent Relocate 2.788ms
[2023-11-19T17:49:01.256+0800][gc,load     ] GC(1) Load: 0.00/0.00/0.00
[2023-11-19T17:49:01.256+0800][gc,mmu      ] GC(1) MMU: 2ms/99.2%, 5ms/99.7%, 10ms/99.8%, 20ms/99.9%, 50ms/99.9%, 100ms/100.0%
[2023-11-19T17:49:01.257+0800][gc,marking  ] GC(1) Mark: 4 stripe(s), 2 proactive flush(es), 1 terminate flush(es), 0 completion(s), 0 continuation(s) 
[2023-11-19T17:49:01.257+0800][gc,marking  ] GC(1) Mark Stack Usage: 32M
[2023-11-19T17:49:01.257+0800][gc,nmethod  ] GC(1) NMethods: 3020 registered, 0 unregistered
[2023-11-19T17:49:01.257+0800][gc,metaspace] GC(1) Metaspace: 35M used, 35M committed, 1088M reserved
[2023-11-19T17:49:01.257+0800][gc,ref      ] GC(1) Soft: 3978 encountered, 0 discovered, 0 enqueued
[2023-11-19T17:49:01.257+0800][gc,ref      ] GC(1) Weak: 1632 encountered, 353 discovered, 113 enqueued
[2023-11-19T17:49:01.257+0800][gc,ref      ] GC(1) Final: 140 encountered, 0 discovered, 0 enqueued
[2023-11-19T17:49:01.257+0800][gc,ref      ] GC(1) Phantom: 313 encountered, 243 discovered, 32 enqueued
[2023-11-19T17:49:01.257+0800][gc,reloc    ] GC(1) Small Pages: 55 / 110M, Empty: 0M, Relocated: 8M, In-Place: 0
[2023-11-19T17:49:01.257+0800][gc,reloc    ] GC(1) Medium Pages: 1 / 32M, Empty: 0M, Relocated: 0M, In-Place: 0
[2023-11-19T17:49:01.257+0800][gc,reloc    ] GC(1) Large Pages: 0 / 0M, Empty: 0M, Relocated: 0M, In-Place: 0
[2023-11-19T17:49:01.257+0800][gc,reloc    ] GC(1) Forwarding Usage: 2M
[2023-11-19T17:49:01.257+0800][gc,heap     ] GC(1) Min Capacity: 10240M(100%)
[2023-11-19T17:49:01.257+0800][gc,heap     ] GC(1) Max Capacity: 10240M(100%)
[2023-11-19T17:49:01.257+0800][gc,heap     ] GC(1) Soft Max Capacity: 10240M(100%)
[2023-11-19T17:49:01.257+0800][gc,heap     ] GC(1)                Mark Start          Mark End        Relocate Start      Relocate End           High               Low         
[2023-11-19T17:49:01.257+0800][gc,heap     ] GC(1)  Capacity:    10240M (100%)      10240M (100%)      10240M (100%)      10240M (100%)      10240M (100%)      10240M (100%)   
[2023-11-19T17:49:01.257+0800][gc,heap     ] GC(1)      Free:    10098M (99%)       10084M (98%)       10084M (98%)       10168M (99%)       10168M (99%)       10074M (98%)    
[2023-11-19T17:49:01.257+0800][gc,heap     ] GC(1)      Used:      142M (1%)          156M (2%)          156M (2%)           72M (1%)          166M (2%)           72M (1%)     
[2023-11-19T17:49:01.257+0800][gc,heap     ] GC(1)      Live:         -                19M (0%)           19M (0%)           19M (0%)             -                  -          
[2023-11-19T17:49:01.257+0800][gc,heap     ] GC(1) Allocated:         -                14M (0%)           14M (0%)           17M (0%)             -                  -          
[2023-11-19T17:49:01.257+0800][gc,heap     ] GC(1)   Garbage:         -               122M (1%)          122M (1%)           35M (0%)             -                  -          
[2023-11-19T17:49:01.257+0800][gc,heap     ] GC(1) Reclaimed:         -                  -                 0M (0%)           87M (1%)             -                  -          
[2023-11-19T17:49:01.257+0800][gc          ] GC(1) Garbage Collection (Metadata GC Threshold) 142M(1%)->72M(1%)
[2023-11-19T17:49:08.108+0800][gc,stats    ] === Garbage Collection Statistics =======================================================================================================================
[2023-11-19T17:49:08.108+0800][gc,stats    ]                                                              Last 10s              Last 10m              Last 10h                Total
[2023-11-19T17:49:08.108+0800][gc,stats    ]                                                              Avg / Max             Avg / Max             Avg / Max             Avg / Max
[2023-11-19T17:49:08.108+0800][gc,stats    ]   Collector: Garbage Collection Cycle                     38.701 / 40.967       38.701 / 40.967       38.701 / 40.967       38.701 / 40.967      ms
[2023-11-19T17:49:08.108+0800][gc,stats    ]  Contention: Mark Segment Reset Contention                     0 / 4                 0 / 4                 0 / 4                 0 / 4           ops/s
[2023-11-19T17:49:08.108+0800][gc,stats    ]  Contention: Mark SeqNum Reset Contention                      0 / 1                 0 / 1                 0 / 1                 0 / 1           ops/s
[2023-11-19T17:49:08.108+0800][gc,stats    ]    Critical: Allocation Stall                                  0 / 0                 0 / 0                 0 / 0                 0 / 0           ops/s
[2023-11-19T17:49:08.108+0800][gc,stats    ]    Critical: Allocation Stall                              0.000 / 0.000         0.000 / 0.000         0.000 / 0.000         0.000 / 0.000       ms
[2023-11-19T17:49:08.108+0800][gc,stats    ]    Critical: GC Locker Stall                                   0 / 1                 0 / 1                 0 / 1                 0 / 1           ops/s
[2023-11-19T17:49:08.108+0800][gc,stats    ]    Critical: GC Locker Stall                               0.000 / 0.000         0.000 / 0.000         0.000 / 0.000         0.000 / 0.000       ms
[2023-11-19T17:49:08.108+0800][gc,stats    ]    Critical: Relocation Stall                                  0 / 0                 0 / 0                 0 / 0                 0 / 0           ops/s
[2023-11-19T17:49:08.108+0800][gc,stats    ]    Critical: Relocation Stall                              0.000 / 0.000         0.000 / 0.000         0.000 / 0.000         0.000 / 0.000       ms
[2023-11-19T17:49:08.108+0800][gc,stats    ]      Memory: Allocation Rate                                  30 / 106              30 / 106              30 / 106              30 / 106         MB/s
[2023-11-19T17:49:08.108+0800][gc,stats    ]      Memory: Defragment                                        0 / 0                 0 / 0                 0 / 0                 0 / 0           ops/s
[2023-11-19T17:49:08.108+0800][gc,stats    ]      Memory: Out Of Memory                                     0 / 0                 0 / 0                 0 / 0                 0 / 0           ops/s
[2023-11-19T17:49:08.108+0800][gc,stats    ]      Memory: Page Cache Flush                                  0 / 0                 0 / 0                 0 / 0                 0 / 0           MB/s
[2023-11-19T17:49:08.108+0800][gc,stats    ]      Memory: Page Cache Hit L1                                 7 / 37                7 / 37                7 / 37                7 / 37          ops/s
[2023-11-19T17:49:08.108+0800][gc,stats    ]      Memory: Page Cache Hit L2                                 0 / 0                 0 / 0                 0 / 0                 0 / 0           ops/s
[2023-11-19T17:49:08.108+0800][gc,stats    ]      Memory: Page Cache Hit L3                                 8 / 51                8 / 51                8 / 51                8 / 51          ops/s
[2023-11-19T17:49:08.108+0800][gc,stats    ]      Memory: Page Cache Miss                                   0 / 1                 0 / 1                 0 / 1                 0 / 1           ops/s
[2023-11-19T17:49:08.108+0800][gc,stats    ]      Memory: Uncommit                                          0 / 0                 0 / 0                 0 / 0                 0 / 0           MB/s
[2023-11-19T17:49:08.108+0800][gc,stats    ]      Memory: Undo Object Allocation Failed                     0 / 0                 0 / 0                 0 / 0                 0 / 0           ops/s
[2023-11-19T17:49:08.108+0800][gc,stats    ]      Memory: Undo Object Allocation Succeeded                  0 / 1                 0 / 1                 0 / 1                 0 / 1           ops/s
[2023-11-19T17:49:08.108+0800][gc,stats    ]      Memory: Undo Page Allocation                              0 / 0                 0 / 0                 0 / 0                 0 / 0           ops/s
[2023-11-19T17:49:08.108+0800][gc,stats    ]       Phase: Concurrent Mark                              21.195 / 22.938       21.195 / 22.938       21.195 / 22.938       21.195 / 22.938      ms
[2023-11-19T17:49:08.108+0800][gc,stats    ]       Phase: Concurrent Mark Continue                      0.000 / 0.000         0.000 / 0.000         0.000 / 0.000         0.000 / 0.000       ms
[2023-11-19T17:49:08.108+0800][gc,stats    ]       Phase: Concurrent Mark Free                          0.000 / 0.001         0.000 / 0.001         0.000 / 0.001         0.000 / 0.001       ms
[2023-11-19T17:49:08.108+0800][gc,stats    ]       Phase: Concurrent Process Non-Strong References      8.745 / 15.959        8.745 / 15.959        8.745 / 15.959        8.745 / 15.959      ms
[2023-11-19T17:49:08.108+0800][gc,stats    ]       Phase: Concurrent Relocate                           2.744 / 2.788         2.744 / 2.788         2.744 / 2.788         2.744 / 2.788       ms
[2023-11-19T17:49:08.108+0800][gc,stats    ]       Phase: Concurrent Reset Relocation Set               0.004 / 0.007         0.004 / 0.007         0.004 / 0.007         0.004 / 0.007       ms
[2023-11-19T17:49:08.108+0800][gc,stats    ]       Phase: Concurrent Select Relocation Set              5.088 / 8.359         5.088 / 8.359         5.088 / 8.359         5.088 / 8.359       ms
[2023-11-19T17:49:08.108+0800][gc,stats    ]       Phase: Pause Mark End                                0.014 / 0.016         0.014 / 0.016         0.014 / 0.016         0.014 / 0.016       ms
[2023-11-19T17:49:08.108+0800][gc,stats    ]       Phase: Pause Mark Start                              0.010 / 0.012         0.010 / 0.012         0.010 / 0.012         0.010 / 0.012       ms
[2023-11-19T17:49:08.108+0800][gc,stats    ]       Phase: Pause Relocate Start                          0.009 / 0.009         0.009 / 0.009         0.009 / 0.009         0.009 / 0.009       ms
[2023-11-19T17:49:08.108+0800][gc,stats    ]    Subphase: Concurrent Classes Purge                      0.093 / 0.138         0.093 / 0.138         0.093 / 0.138         0.093 / 0.138       ms
[2023-11-19T17:49:08.108+0800][gc,stats    ]    Subphase: Concurrent Classes Unlink                     1.405 / 1.760         1.405 / 1.760         1.405 / 1.760         1.405 / 1.760       ms
[2023-11-19T17:49:08.108+0800][gc,stats    ]    Subphase: Concurrent Mark                              17.269 / 21.871       17.269 / 21.871       17.269 / 21.871       17.269 / 21.871      ms
[2023-11-19T17:49:08.108+0800][gc,stats    ]    Subphase: Concurrent Mark Try Flush                     0.063 / 0.125         0.063 / 0.125         0.063 / 0.125         0.063 / 0.125       ms
[2023-11-19T17:49:08.108+0800][gc,stats    ]    Subphase: Concurrent Mark Try Terminate                 5.181 / 13.703        5.181 / 13.703        5.181 / 13.703        5.181 / 13.703      ms
[2023-11-19T17:49:08.108+0800][gc,stats    ]    Subphase: Concurrent References Enqueue                 0.005 / 0.007         0.005 / 0.007         0.005 / 0.007         0.005 / 0.007       ms
[2023-11-19T17:49:08.108+0800][gc,stats    ]    Subphase: Concurrent References Process                 0.076 / 0.084         0.076 / 0.084         0.076 / 0.084         0.076 / 0.084       ms
[2023-11-19T17:49:08.108+0800][gc,stats    ]    Subphase: Concurrent Roots ClassLoaderDataGraph         0.102 / 0.423         0.102 / 0.423         0.102 / 0.423         0.102 / 0.423       ms
[2023-11-19T17:49:08.108+0800][gc,stats    ]    Subphase: Concurrent Roots CodeCache                    0.000 / 0.000         0.000 / 0.000         0.000 / 0.000         0.000 / 0.000       ms
[2023-11-19T17:49:08.108+0800][gc,stats    ]    Subphase: Concurrent Roots JavaThreads                  1.575 / 2.571         1.575 / 2.571         1.575 / 2.571         1.575 / 2.571       ms
[2023-11-19T17:49:08.109+0800][gc,stats    ]    Subphase: Concurrent Roots OopStorageSet                0.026 / 0.038         0.026 / 0.038         0.026 / 0.038         0.026 / 0.038       ms
[2023-11-19T17:49:08.109+0800][gc,stats    ]    Subphase: Concurrent Weak Roots OopStorageSet           0.492 / 0.724         0.492 / 0.724         0.492 / 0.724         0.492 / 0.724       ms
[2023-11-19T17:49:08.109+0800][gc,stats    ]    Subphase: Pause Mark Try Complete                       0.000 / 0.000         0.000 / 0.000         0.000 / 0.000         0.000 / 0.000       ms
[2023-11-19T17:49:08.109+0800][gc,stats    ]      System: Java Threads                                     44 / 68               44 / 68               44 / 68               44 / 68          threads
[2023-11-19T17:49:08.109+0800][gc,stats    ] =========================================================================================================================================================
[2023-11-19T17:49:18.111+0800][gc,stats    ] === Garbage Collection Statistics =======================================================================================================================
[2023-11-19T17:49:18.111+0800][gc,stats    ]                                                              Last 10s              Last 10m              Last 10h                Total
[2023-11-19T17:49:18.111+0800][gc,stats    ]                                                              Avg / Max             Avg / Max             Avg / Max             Avg / Max
[2023-11-19T17:49:18.111+0800][gc,stats    ]   Collector: Garbage Collection Cycle                      0.000 / 0.000        38.701 / 40.967       38.701 / 40.967       38.701 / 40.967      ms
[2023-11-19T17:49:18.111+0800][gc,stats    ]  Contention: Mark Segment Reset Contention                     0 / 0                 0 / 4                 0 / 4                 0 / 4           ops/s
[2023-11-19T17:49:18.111+0800][gc,stats    ]  Contention: Mark SeqNum Reset Contention                      0 / 0                 0 / 1                 0 / 1                 0 / 1           ops/s
[2023-11-19T17:49:18.111+0800][gc,stats    ]    Critical: Allocation Stall                                  0 / 0                 0 / 0                 0 / 0                 0 / 0           ops/s
[2023-11-19T17:49:18.111+0800][gc,stats    ]    Critical: Allocation Stall                              0.000 / 0.000         0.000 / 0.000         0.000 / 0.000         0.000 / 0.000       ms
[2023-11-19T17:49:18.111+0800][gc,stats    ]    Critical: GC Locker Stall                                   0 / 0                 0 / 1                 0 / 1                 0 / 1           ops/s
[2023-11-19T17:49:18.111+0800][gc,stats    ]    Critical: GC Locker Stall                               0.000 / 0.000         0.000 / 0.000         0.000 / 0.000         0.000 / 0.000       ms
[2023-11-19T17:49:18.111+0800][gc,stats    ]    Critical: Relocation Stall                                  0 / 0                 0 / 0                 0 / 0                 0 / 0           ops/s
[2023-11-19T17:49:18.111+0800][gc,stats    ]    Critical: Relocation Stall                              0.000 / 0.000         0.000 / 0.000         0.000 / 0.000         0.000 / 0.000       ms
[2023-11-19T17:49:18.111+0800][gc,stats    ]      Memory: Allocation Rate                                   0 / 6                15 / 106              15 / 106              15 / 106         MB/s
[2023-11-19T17:49:18.111+0800][gc,stats    ]      Memory: Defragment                                        0 / 0                 0 / 0                 0 / 0                 0 / 0           ops/s
[2023-11-19T17:49:18.111+0800][gc,stats    ]      Memory: Out Of Memory                                     0 / 0                 0 / 0                 0 / 0                 0 / 0           ops/s
[2023-11-19T17:49:18.111+0800][gc,stats    ]      Memory: Page Cache Flush                                  0 / 0                 0 / 0                 0 / 0                 0 / 0           MB/s
[2023-11-19T17:49:18.111+0800][gc,stats    ]      Memory: Page Cache Hit L1                                 0 / 3                 3 / 37                3 / 37                3 / 37          ops/s
[2023-11-19T17:49:18.111+0800][gc,stats    ]      Memory: Page Cache Hit L2                                 0 / 0                 0 / 0                 0 / 0                 0 / 0           ops/s
[2023-11-19T17:49:18.111+0800][gc,stats    ]      Memory: Page Cache Hit L3                                 0 / 0                 4 / 51                4 / 51                4 / 51          ops/s
[2023-11-19T17:49:18.111+0800][gc,stats    ]      Memory: Page Cache Miss                                   0 / 0                 0 / 1                 0 / 1                 0 / 1           ops/s
[2023-11-19T17:49:18.111+0800][gc,stats    ]      Memory: Uncommit                                          0 / 0                 0 / 0                 0 / 0                 0 / 0           MB/s
[2023-11-19T17:49:18.111+0800][gc,stats    ]      Memory: Undo Object Allocation Failed                     0 / 0                 0 / 0                 0 / 0                 0 / 0           ops/s
[2023-11-19T17:49:18.111+0800][gc,stats    ]      Memory: Undo Object Allocation Succeeded                  0 / 0                 0 / 1                 0 / 1                 0 / 1           ops/s
[2023-11-19T17:49:18.111+0800][gc,stats    ]      Memory: Undo Page Allocation                              0 / 0                 0 / 0                 0 / 0                 0 / 0           ops/s
[2023-11-19T17:49:18.111+0800][gc,stats    ]       Phase: Concurrent Mark                               0.000 / 0.000        21.195 / 22.938       21.195 / 22.938       21.195 / 22.938      ms
[2023-11-19T17:49:18.111+0800][gc,stats    ]       Phase: Concurrent Mark Continue                      0.000 / 0.000         0.000 / 0.000         0.000 / 0.000         0.000 / 0.000       ms
[2023-11-19T17:49:18.111+0800][gc,stats    ]       Phase: Concurrent Mark Free                          0.000 / 0.000         0.000 / 0.001         0.000 / 0.001         0.000 / 0.001       ms
[2023-11-19T17:49:18.111+0800][gc,stats    ]       Phase: Concurrent Process Non-Strong References      0.000 / 0.000         8.745 / 15.959        8.745 / 15.959        8.745 / 15.959      ms
[2023-11-19T17:49:18.111+0800][gc,stats    ]       Phase: Concurrent Relocate                           0.000 / 0.000         2.744 / 2.788         2.744 / 2.788         2.744 / 2.788       ms
[2023-11-19T17:49:18.111+0800][gc,stats    ]       Phase: Concurrent Reset Relocation Set               0.000 / 0.000         0.004 / 0.007         0.004 / 0.007         0.004 / 0.007       ms
[2023-11-19T17:49:18.111+0800][gc,stats    ]       Phase: Concurrent Select Relocation Set              0.000 / 0.000         5.088 / 8.359         5.088 / 8.359         5.088 / 8.359       ms
[2023-11-19T17:49:18.111+0800][gc,stats    ]       Phase: Pause Mark End                                0.000 / 0.000         0.014 / 0.016         0.014 / 0.016         0.014 / 0.016       ms
[2023-11-19T17:49:18.111+0800][gc,stats    ]       Phase: Pause Mark Start                              0.000 / 0.000         0.010 / 0.012         0.010 / 0.012         0.010 / 0.012       ms
[2023-11-19T17:49:18.111+0800][gc,stats    ]       Phase: Pause Relocate Start                          0.000 / 0.000         0.009 / 0.009         0.009 / 0.009         0.009 / 0.009       ms
[2023-11-19T17:49:18.111+0800][gc,stats    ]    Subphase: Concurrent Classes Purge                      0.000 / 0.000         0.093 / 0.138         0.093 / 0.138         0.093 / 0.138       ms
[2023-11-19T17:49:18.111+0800][gc,stats    ]    Subphase: Concurrent Classes Unlink                     0.000 / 0.000         1.405 / 1.760         1.405 / 1.760         1.405 / 1.760       ms
[2023-11-19T17:49:18.111+0800][gc,stats    ]    Subphase: Concurrent Mark                               0.000 / 0.000        17.269 / 21.871       17.269 / 21.871       17.269 / 21.871      ms
[2023-11-19T17:49:18.111+0800][gc,stats    ]    Subphase: Concurrent Mark Try Flush                     0.000 / 0.000         0.063 / 0.125         0.063 / 0.125         0.063 / 0.125       ms
[2023-11-19T17:49:18.111+0800][gc,stats    ]    Subphase: Concurrent Mark Try Terminate                 0.000 / 0.000         5.181 / 13.703        5.181 / 13.703        5.181 / 13.703      ms
[2023-11-19T17:49:18.111+0800][gc,stats    ]    Subphase: Concurrent References Enqueue                 0.000 / 0.000         0.005 / 0.007         0.005 / 0.007         0.005 / 0.007       ms
[2023-11-19T17:49:18.111+0800][gc,stats    ]    Subphase: Concurrent References Process                 0.000 / 0.000         0.076 / 0.084         0.076 / 0.084         0.076 / 0.084       ms
[2023-11-19T17:49:18.111+0800][gc,stats    ]    Subphase: Concurrent Roots ClassLoaderDataGraph         0.000 / 0.000         0.102 / 0.423         0.102 / 0.423         0.102 / 0.423       ms
[2023-11-19T17:49:18.111+0800][gc,stats    ]    Subphase: Concurrent Roots CodeCache                    0.000 / 0.000         0.000 / 0.000         0.000 / 0.000         0.000 / 0.000       ms
[2023-11-19T17:49:18.112+0800][gc,stats    ]    Subphase: Concurrent Roots JavaThreads                  0.000 / 0.000         1.575 / 2.571         1.575 / 2.571         1.575 / 2.571       ms
[2023-11-19T17:49:18.112+0800][gc,stats    ]    Subphase: Concurrent Roots OopStorageSet                0.000 / 0.000         0.026 / 0.038         0.026 / 0.038         0.026 / 0.038       ms
[2023-11-19T17:49:18.112+0800][gc,stats    ]    Subphase: Concurrent Weak Roots OopStorageSet           0.000 / 0.000         0.492 / 0.724         0.492 / 0.724         0.492 / 0.724       ms
[2023-11-19T17:49:18.112+0800][gc,stats    ]    Subphase: Pause Mark Try Complete                       0.000 / 0.000         0.000 / 0.000         0.000 / 0.000         0.000 / 0.000       ms
[2023-11-19T17:49:18.112+0800][gc,stats    ]      System: Java Threads                                      0 / 0                44 / 68               44 / 68               44 / 68          threads
[2023-11-19T17:49:18.112+0800][gc,stats    ] =========================================================================================================================================================
[2023-11-19T17:49:28.120+0800][gc,stats    ] === Garbage Collection Statistics =======================================================================================================================
[2023-11-19T17:49:28.120+0800][gc,stats    ]                                                              Last 10s              Last 10m              Last 10h                Total
[2023-11-19T17:49:28.120+0800][gc,stats    ]                                                              Avg / Max             Avg / Max             Avg / Max             Avg / Max
[2023-11-19T17:49:28.120+0800][gc,stats    ]   Collector: Garbage Collection Cycle                      0.000 / 0.000        38.701 / 40.967       38.701 / 40.967       38.701 / 40.967      ms
[2023-11-19T17:49:28.120+0800][gc,stats    ]  Contention: Mark Segment Reset Contention                     0 / 0                 0 / 4                 0 / 4                 0 / 4           ops/s
[2023-11-19T17:49:28.120+0800][gc,stats    ]  Contention: Mark SeqNum Reset Contention                      0 / 0                 0 / 1                 0 / 1                 0 / 1           ops/s
[2023-11-19T17:49:28.120+0800][gc,stats    ]    Critical: Allocation Stall                                  0 / 0                 0 / 0                 0 / 0                 0 / 0           ops/s
[2023-11-19T17:49:28.120+0800][gc,stats    ]    Critical: Allocation Stall                              0.000 / 0.000         0.000 / 0.000         0.000 / 0.000         0.000 / 0.000       ms
[2023-11-19T17:49:28.120+0800][gc,stats    ]    Critical: GC Locker Stall                                   0 / 0                 0 / 1                 0 / 1                 0 / 1           ops/s
[2023-11-19T17:49:28.120+0800][gc,stats    ]    Critical: GC Locker Stall                               0.000 / 0.000         0.000 / 0.000         0.000 / 0.000         0.000 / 0.000       ms
[2023-11-19T17:49:28.120+0800][gc,stats    ]    Critical: Relocation Stall                                  0 / 0                 0 / 0                 0 / 0                 0 / 0           ops/s
[2023-11-19T17:49:28.120+0800][gc,stats    ]    Critical: Relocation Stall                              0.000 / 0.000         0.000 / 0.000         0.000 / 0.000         0.000 / 0.000       ms
[2023-11-19T17:49:28.120+0800][gc,stats    ]      Memory: Allocation Rate                                   1 / 6                10 / 106              10 / 106              10 / 106         MB/s
[2023-11-19T17:49:28.120+0800][gc,stats    ]      Memory: Defragment                                        0 / 0                 0 / 0                 0 / 0                 0 / 0           ops/s
[2023-11-19T17:49:28.120+0800][gc,stats    ]      Memory: Out Of Memory                                     0 / 0                 0 / 0                 0 / 0                 0 / 0           ops/s
[2023-11-19T17:49:28.120+0800][gc,stats    ]      Memory: Page Cache Flush                                  0 / 0                 0 / 0                 0 / 0                 0 / 0           MB/s
[2023-11-19T17:49:28.120+0800][gc,stats    ]      Memory: Page Cache Hit L1                                 0 / 3                 2 / 37                2 / 37                2 / 37          ops/s
[2023-11-19T17:49:28.120+0800][gc,stats    ]      Memory: Page Cache Hit L2                                 0 / 0                 0 / 0                 0 / 0                 0 / 0           ops/s
[2023-11-19T17:49:28.120+0800][gc,stats    ]      Memory: Page Cache Hit L3                                 0 / 0                 2 / 51                2 / 51                2 / 51          ops/s
[2023-11-19T17:49:28.120+0800][gc,stats    ]      Memory: Page Cache Miss                                   0 / 0                 0 / 1                 0 / 1                 0 / 1           ops/s
[2023-11-19T17:49:28.120+0800][gc,stats    ]      Memory: Uncommit                                          0 / 0                 0 / 0                 0 / 0                 0 / 0           MB/s
[2023-11-19T17:49:28.120+0800][gc,stats    ]      Memory: Undo Object Allocation Failed                     0 / 0                 0 / 0                 0 / 0                 0 / 0           ops/s
[2023-11-19T17:49:28.120+0800][gc,stats    ]      Memory: Undo Object Allocation Succeeded                  0 / 0                 0 / 1                 0 / 1                 0 / 1           ops/s
[2023-11-19T17:49:28.120+0800][gc,stats    ]      Memory: Undo Page Allocation                              0 / 0                 0 / 0                 0 / 0                 0 / 0           ops/s
[2023-11-19T17:49:28.120+0800][gc,stats    ]       Phase: Concurrent Mark                               0.000 / 0.000        21.195 / 22.938       21.195 / 22.938       21.195 / 22.938      ms
[2023-11-19T17:49:28.120+0800][gc,stats    ]       Phase: Concurrent Mark Continue                      0.000 / 0.000         0.000 / 0.000         0.000 / 0.000         0.000 / 0.000       ms
[2023-11-19T17:49:28.120+0800][gc,stats    ]       Phase: Concurrent Mark Free                          0.000 / 0.000         0.000 / 0.001         0.000 / 0.001         0.000 / 0.001       ms
[2023-11-19T17:49:28.120+0800][gc,stats    ]       Phase: Concurrent Process Non-Strong References      0.000 / 0.000         8.745 / 15.959        8.745 / 15.959        8.745 / 15.959      ms
[2023-11-19T17:49:28.120+0800][gc,stats    ]       Phase: Concurrent Relocate                           0.000 / 0.000         2.744 / 2.788         2.744 / 2.788         2.744 / 2.788       ms
[2023-11-19T17:49:28.120+0800][gc,stats    ]       Phase: Concurrent Reset Relocation Set               0.000 / 0.000         0.004 / 0.007         0.004 / 0.007         0.004 / 0.007       ms
[2023-11-19T17:49:28.120+0800][gc,stats    ]       Phase: Concurrent Select Relocation Set              0.000 / 0.000         5.088 / 8.359         5.088 / 8.359         5.088 / 8.359       ms
[2023-11-19T17:49:28.120+0800][gc,stats    ]       Phase: Pause Mark End                                0.000 / 0.000         0.014 / 0.016         0.014 / 0.016         0.014 / 0.016       ms
[2023-11-19T17:49:28.120+0800][gc,stats    ]       Phase: Pause Mark Start                              0.000 / 0.000         0.010 / 0.012         0.010 / 0.012         0.010 / 0.012       ms
[2023-11-19T17:49:28.120+0800][gc,stats    ]       Phase: Pause Relocate Start                          0.000 / 0.000         0.009 / 0.009         0.009 / 0.009         0.009 / 0.009       ms
[2023-11-19T17:49:28.120+0800][gc,stats    ]    Subphase: Concurrent Classes Purge                      0.000 / 0.000         0.093 / 0.138         0.093 / 0.138         0.093 / 0.138       ms
[2023-11-19T17:49:28.120+0800][gc,stats    ]    Subphase: Concurrent Classes Unlink                     0.000 / 0.000         1.405 / 1.760         1.405 / 1.760         1.405 / 1.760       ms
[2023-11-19T17:49:28.120+0800][gc,stats    ]    Subphase: Concurrent Mark                               0.000 / 0.000        17.269 / 21.871       17.269 / 21.871       17.269 / 21.871      ms
[2023-11-19T17:49:28.120+0800][gc,stats    ]    Subphase: Concurrent Mark Try Flush                     0.000 / 0.000         0.063 / 0.125         0.063 / 0.125         0.063 / 0.125       ms
[2023-11-19T17:49:28.120+0800][gc,stats    ]    Subphase: Concurrent Mark Try Terminate                 0.000 / 0.000         5.181 / 13.703        5.181 / 13.703        5.181 / 13.703      ms
[2023-11-19T17:49:28.120+0800][gc,stats    ]    Subphase: Concurrent References Enqueue                 0.000 / 0.000         0.005 / 0.007         0.005 / 0.007         0.005 / 0.007       ms
[2023-11-19T17:49:28.120+0800][gc,stats    ]    Subphase: Concurrent References Process                 0.000 / 0.000         0.076 / 0.084         0.076 / 0.084         0.076 / 0.084       ms
[2023-11-19T17:49:28.120+0800][gc,stats    ]    Subphase: Concurrent Roots ClassLoaderDataGraph         0.000 / 0.000         0.102 / 0.423         0.102 / 0.423         0.102 / 0.423       ms
[2023-11-19T17:49:28.120+0800][gc,stats    ]    Subphase: Concurrent Roots CodeCache                    0.000 / 0.000         0.000 / 0.000         0.000 / 0.000         0.000 / 0.000       ms
[2023-11-19T17:49:28.120+0800][gc,stats    ]    Subphase: Concurrent Roots JavaThreads                  0.000 / 0.000         1.575 / 2.571         1.575 / 2.571         1.575 / 2.571       ms
[2023-11-19T17:49:28.120+0800][gc,stats    ]    Subphase: Concurrent Roots OopStorageSet                0.000 / 0.000         0.026 / 0.038         0.026 / 0.038         0.026 / 0.038       ms
[2023-11-19T17:49:28.120+0800][gc,stats    ]    Subphase: Concurrent Weak Roots OopStorageSet           0.000 / 0.000         0.492 / 0.724         0.492 / 0.724         0.492 / 0.724       ms
[2023-11-19T17:49:28.120+0800][gc,stats    ]    Subphase: Pause Mark Try Complete                       0.000 / 0.000         0.000 / 0.000         0.000 / 0.000         0.000 / 0.000       ms
[2023-11-19T17:49:28.120+0800][gc,stats    ]      System: Java Threads                                      0 / 0                44 / 68               44 / 68               44 / 68          threads
[2023-11-19T17:49:28.120+0800][gc,stats    ] =========================================================================================================================================================
[2023-11-19T17:49:38.109+0800][gc,stats    ] === Garbage Collection Statistics =======================================================================================================================
[2023-11-19T17:49:38.109+0800][gc,stats    ]                                                              Last 10s              Last 10m              Last 10h                Total
[2023-11-19T17:49:38.109+0800][gc,stats    ]                                                              Avg / Max             Avg / Max             Avg / Max             Avg / Max
[2023-11-19T17:49:38.109+0800][gc,stats    ]   Collector: Garbage Collection Cycle                      0.000 / 0.000        38.701 / 40.967       38.701 / 40.967       38.701 / 40.967      ms
[2023-11-19T17:49:38.109+0800][gc,stats    ]  Contention: Mark Segment Reset Contention                     0 / 0                 0 / 4                 0 / 4                 0 / 4           ops/s
[2023-11-19T17:49:38.109+0800][gc,stats    ]  Contention: Mark SeqNum Reset Contention                      0 / 0                 0 / 1                 0 / 1                 0 / 1           ops/s
[2023-11-19T17:49:38.109+0800][gc,stats    ]    Critical: Allocation Stall                                  0 / 0                 0 / 0                 0 / 0                 0 / 0           ops/s
[2023-11-19T17:49:38.109+0800][gc,stats    ]    Critical: Allocation Stall                              0.000 / 0.000         0.000 / 0.000         0.000 / 0.000         0.000 / 0.000       ms
[2023-11-19T17:49:38.109+0800][gc,stats    ]    Critical: GC Locker Stall                                   0 / 0                 0 / 1                 0 / 1                 0 / 1           ops/s
[2023-11-19T17:49:38.109+0800][gc,stats    ]    Critical: GC Locker Stall                               0.000 / 0.000         0.000 / 0.000         0.000 / 0.000         0.000 / 0.000       ms
[2023-11-19T17:49:38.109+0800][gc,stats    ]    Critical: Relocation Stall                                  0 / 0                 0 / 0                 0 / 0                 0 / 0           ops/s
[2023-11-19T17:49:38.109+0800][gc,stats    ]    Critical: Relocation Stall                              0.000 / 0.000         0.000 / 0.000         0.000 / 0.000         0.000 / 0.000       ms
[2023-11-19T17:49:38.109+0800][gc,stats    ]      Memory: Allocation Rate                                   0 / 2                 8 / 106               8 / 106               8 / 106         MB/s
[2023-11-19T17:49:38.109+0800][gc,stats    ]      Memory: Defragment                                        0 / 0                 0 / 0                 0 / 0                 0 / 0           ops/s
[2023-11-19T17:49:38.109+0800][gc,stats    ]      Memory: Out Of Memory                                     0 / 0                 0 / 0                 0 / 0                 0 / 0           ops/s
[2023-11-19T17:49:38.109+0800][gc,stats    ]      Memory: Page Cache Flush                                  0 / 0                 0 / 0                 0 / 0                 0 / 0           MB/s
[2023-11-19T17:49:38.109+0800][gc,stats    ]      Memory: Page Cache Hit L1                                 0 / 1                 2 / 37                2 / 37                2 / 37          ops/s
[2023-11-19T17:49:38.109+0800][gc,stats    ]      Memory: Page Cache Hit L2                                 0 / 0                 0 / 0                 0 / 0                 0 / 0           ops/s
[2023-11-19T17:49:38.109+0800][gc,stats    ]      Memory: Page Cache Hit L3                                 0 / 0                 2 / 51                2 / 51                2 / 51          ops/s
[2023-11-19T17:49:38.109+0800][gc,stats    ]      Memory: Page Cache Miss                                   0 / 0                 0 / 1                 0 / 1                 0 / 1           ops/s
[2023-11-19T17:49:38.109+0800][gc,stats    ]      Memory: Uncommit                                          0 / 0                 0 / 0                 0 / 0                 0 / 0           MB/s
[2023-11-19T17:49:38.109+0800][gc,stats    ]      Memory: Undo Object Allocation Failed                     0 / 0                 0 / 0                 0 / 0                 0 / 0           ops/s
[2023-11-19T17:49:38.109+0800][gc,stats    ]      Memory: Undo Object Allocation Succeeded                  0 / 0                 0 / 1                 0 / 1                 0 / 1           ops/s
[2023-11-19T17:49:38.109+0800][gc,stats    ]      Memory: Undo Page Allocation                              0 / 0                 0 / 0                 0 / 0                 0 / 0           ops/s
[2023-11-19T17:49:38.109+0800][gc,stats    ]       Phase: Concurrent Mark                               0.000 / 0.000        21.195 / 22.938       21.195 / 22.938       21.195 / 22.938      ms
[2023-11-19T17:49:38.109+0800][gc,stats    ]       Phase: Concurrent Mark Continue                      0.000 / 0.000         0.000 / 0.000         0.000 / 0.000         0.000 / 0.000       ms
[2023-11-19T17:49:38.109+0800][gc,stats    ]       Phase: Concurrent Mark Free                          0.000 / 0.000         0.000 / 0.001         0.000 / 0.001         0.000 / 0.001       ms
[2023-11-19T17:49:38.109+0800][gc,stats    ]       Phase: Concurrent Process Non-Strong References      0.000 / 0.000         8.745 / 15.959        8.745 / 15.959        8.745 / 15.959      ms
[2023-11-19T17:49:38.109+0800][gc,stats    ]       Phase: Concurrent Relocate                           0.000 / 0.000         2.744 / 2.788         2.744 / 2.788         2.744 / 2.788       ms
[2023-11-19T17:49:38.109+0800][gc,stats    ]       Phase: Concurrent Reset Relocation Set               0.000 / 0.000         0.004 / 0.007         0.004 / 0.007         0.004 / 0.007       ms
[2023-11-19T17:49:38.109+0800][gc,stats    ]       Phase: Concurrent Select Relocation Set              0.000 / 0.000         5.088 / 8.359         5.088 / 8.359         5.088 / 8.359       ms
[2023-11-19T17:49:38.109+0800][gc,stats    ]       Phase: Pause Mark End                                0.000 / 0.000         0.014 / 0.016         0.014 / 0.016         0.014 / 0.016       ms
[2023-11-19T17:49:38.109+0800][gc,stats    ]       Phase: Pause Mark Start                              0.000 / 0.000         0.010 / 0.012         0.010 / 0.012         0.010 / 0.012       ms
[2023-11-19T17:49:38.109+0800][gc,stats    ]       Phase: Pause Relocate Start                          0.000 / 0.000         0.009 / 0.009         0.009 / 0.009         0.009 / 0.009       ms
[2023-11-19T17:49:38.109+0800][gc,stats    ]    Subphase: Concurrent Classes Purge                      0.000 / 0.000         0.093 / 0.138         0.093 / 0.138         0.093 / 0.138       ms
[2023-11-19T17:49:38.109+0800][gc,stats    ]    Subphase: Concurrent Classes Unlink                     0.000 / 0.000         1.405 / 1.760         1.405 / 1.760         1.405 / 1.760       ms
[2023-11-19T17:49:38.109+0800][gc,stats    ]    Subphase: Concurrent Mark                               0.000 / 0.000        17.269 / 21.871       17.269 / 21.871       17.269 / 21.871      ms
[2023-11-19T17:49:38.109+0800][gc,stats    ]    Subphase: Concurrent Mark Try Flush                     0.000 / 0.000         0.063 / 0.125         0.063 / 0.125         0.063 / 0.125       ms
[2023-11-19T17:49:38.109+0800][gc,stats    ]    Subphase: Concurrent Mark Try Terminate                 0.000 / 0.000         5.181 / 13.703        5.181 / 13.703        5.181 / 13.703      ms
[2023-11-19T17:49:38.109+0800][gc,stats    ]    Subphase: Concurrent References Enqueue                 0.000 / 0.000         0.005 / 0.007         0.005 / 0.007         0.005 / 0.007       ms
[2023-11-19T17:49:38.109+0800][gc,stats    ]    Subphase: Concurrent References Process                 0.000 / 0.000         0.076 / 0.084         0.076 / 0.084         0.076 / 0.084       ms
[2023-11-19T17:49:38.109+0800][gc,stats    ]    Subphase: Concurrent Roots ClassLoaderDataGraph         0.000 / 0.000         0.102 / 0.423         0.102 / 0.423         0.102 / 0.423       ms
[2023-11-19T17:49:38.109+0800][gc,stats    ]    Subphase: Concurrent Roots CodeCache                    0.000 / 0.000         0.000 / 0.000         0.000 / 0.000         0.000 / 0.000       ms
[2023-11-19T17:49:38.109+0800][gc,stats    ]    Subphase: Concurrent Roots JavaThreads                  0.000 / 0.000         1.575 / 2.571         1.575 / 2.571         1.575 / 2.571       ms
[2023-11-19T17:49:38.109+0800][gc,stats    ]    Subphase: Concurrent Roots OopStorageSet                0.000 / 0.000         0.026 / 0.038         0.026 / 0.038         0.026 / 0.038       ms
[2023-11-19T17:49:38.109+0800][gc,stats    ]    Subphase: Concurrent Weak Roots OopStorageSet           0.000 / 0.000         0.492 / 0.724         0.492 / 0.724         0.492 / 0.724       ms
[2023-11-19T17:49:38.109+0800][gc,stats    ]    Subphase: Pause Mark Try Complete                       0.000 / 0.000         0.000 / 0.000         0.000 / 0.000         0.000 / 0.000       ms
[2023-11-19T17:49:38.109+0800][gc,stats    ]      System: Java Threads                                      0 / 0                44 / 68               44 / 68               44 / 68          threads
[2023-11-19T17:49:38.109+0800][gc,stats    ] =========================================================================================================================================================
[2023-11-19T17:49:48.116+0800][gc,stats    ] === Garbage Collection Statistics =======================================================================================================================
[2023-11-19T17:49:48.116+0800][gc,stats    ]                                                              Last 10s              Last 10m              Last 10h                Total
[2023-11-19T17:49:48.116+0800][gc,stats    ]                                                              Avg / Max             Avg / Max             Avg / Max             Avg / Max
[2023-11-19T17:49:48.116+0800][gc,stats    ]   Collector: Garbage Collection Cycle                      0.000 / 0.000        38.701 / 40.967       38.701 / 40.967       38.701 / 40.967      ms
[2023-11-19T17:49:48.116+0800][gc,stats    ]  Contention: Mark Segment Reset Contention                     0 / 0                 0 / 4                 0 / 4                 0 / 4           ops/s
[2023-11-19T17:49:48.116+0800][gc,stats    ]  Contention: Mark SeqNum Reset Contention                      0 / 0                 0 / 1                 0 / 1                 0 / 1           ops/s
[2023-11-19T17:49:48.116+0800][gc,stats    ]    Critical: Allocation Stall                                  0 / 0                 0 / 0                 0 / 0                 0 / 0           ops/s
[2023-11-19T17:49:48.116+0800][gc,stats    ]    Critical: Allocation Stall                              0.000 / 0.000         0.000 / 0.000         0.000 / 0.000         0.000 / 0.000       ms
[2023-11-19T17:49:48.116+0800][gc,stats    ]    Critical: GC Locker Stall                                   0 / 0                 0 / 1                 0 / 1                 0 / 1           ops/s
[2023-11-19T17:49:48.116+0800][gc,stats    ]    Critical: GC Locker Stall                               0.000 / 0.000         0.000 / 0.000         0.000 / 0.000         0.000 / 0.000       ms
[2023-11-19T17:49:48.116+0800][gc,stats    ]    Critical: Relocation Stall                                  0 / 0                 0 / 0                 0 / 0                 0 / 0           ops/s
[2023-11-19T17:49:48.116+0800][gc,stats    ]    Critical: Relocation Stall                              0.000 / 0.000         0.000 / 0.000         0.000 / 0.000         0.000 / 0.000       ms
[2023-11-19T17:49:48.116+0800][gc,stats    ]      Memory: Allocation Rate                                   0 / 4                 6 / 106               6 / 106               6 / 106         MB/s
[2023-11-19T17:49:48.116+0800][gc,stats    ]      Memory: Defragment                                        0 / 0                 0 / 0                 0 / 0                 0 / 0           ops/s
[2023-11-19T17:49:48.116+0800][gc,stats    ]      Memory: Out Of Memory                                     0 / 0                 0 / 0                 0 / 0                 0 / 0           ops/s
[2023-11-19T17:49:48.116+0800][gc,stats    ]      Memory: Page Cache Flush                                  0 / 0                 0 / 0                 0 / 0                 0 / 0           MB/s
[2023-11-19T17:49:48.116+0800][gc,stats    ]      Memory: Page Cache Hit L1                                 0 / 2                 1 / 37                1 / 37                1 / 37          ops/s
[2023-11-19T17:49:48.116+0800][gc,stats    ]      Memory: Page Cache Hit L2                                 0 / 0                 0 / 0                 0 / 0                 0 / 0           ops/s
[2023-11-19T17:49:48.116+0800][gc,stats    ]      Memory: Page Cache Hit L3                                 0 / 0                 1 / 51                1 / 51                1 / 51          ops/s
[2023-11-19T17:49:48.116+0800][gc,stats    ]      Memory: Page Cache Miss                                   0 / 0                 0 / 1                 0 / 1                 0 / 1           ops/s
[2023-11-19T17:49:48.116+0800][gc,stats    ]      Memory: Uncommit                                          0 / 0                 0 / 0                 0 / 0                 0 / 0           MB/s
[2023-11-19T17:49:48.116+0800][gc,stats    ]      Memory: Undo Object Allocation Failed                     0 / 0                 0 / 0                 0 / 0                 0 / 0           ops/s
[2023-11-19T17:49:48.116+0800][gc,stats    ]      Memory: Undo Object Allocation Succeeded                  0 / 0                 0 / 1                 0 / 1                 0 / 1           ops/s
[2023-11-19T17:49:48.116+0800][gc,stats    ]      Memory: Undo Page Allocation                              0 / 0                 0 / 0                 0 / 0                 0 / 0           ops/s
[2023-11-19T17:49:48.116+0800][gc,stats    ]       Phase: Concurrent Mark                               0.000 / 0.000        21.195 / 22.938       21.195 / 22.938       21.195 / 22.938      ms
[2023-11-19T17:49:48.116+0800][gc,stats    ]       Phase: Concurrent Mark Continue                      0.000 / 0.000         0.000 / 0.000         0.000 / 0.000         0.000 / 0.000       ms
[2023-11-19T17:49:48.116+0800][gc,stats    ]       Phase: Concurrent Mark Free                          0.000 / 0.000         0.000 / 0.001         0.000 / 0.001         0.000 / 0.001       ms
[2023-11-19T17:49:48.116+0800][gc,stats    ]       Phase: Concurrent Process Non-Strong References      0.000 / 0.000         8.745 / 15.959        8.745 / 15.959        8.745 / 15.959      ms
[2023-11-19T17:49:48.116+0800][gc,stats    ]       Phase: Concurrent Relocate                           0.000 / 0.000         2.744 / 2.788         2.744 / 2.788         2.744 / 2.788       ms
[2023-11-19T17:49:48.116+0800][gc,stats    ]       Phase: Concurrent Reset Relocation Set               0.000 / 0.000         0.004 / 0.007         0.004 / 0.007         0.004 / 0.007       ms
[2023-11-19T17:49:48.116+0800][gc,stats    ]       Phase: Concurrent Select Relocation Set              0.000 / 0.000         5.088 / 8.359         5.088 / 8.359         5.088 / 8.359       ms
[2023-11-19T17:49:48.116+0800][gc,stats    ]       Phase: Pause Mark End                                0.000 / 0.000         0.014 / 0.016         0.014 / 0.016         0.014 / 0.016       ms
[2023-11-19T17:49:48.116+0800][gc,stats    ]       Phase: Pause Mark Start                              0.000 / 0.000         0.010 / 0.012         0.010 / 0.012         0.010 / 0.012       ms
[2023-11-19T17:49:48.116+0800][gc,stats    ]       Phase: Pause Relocate Start                          0.000 / 0.000         0.009 / 0.009         0.009 / 0.009         0.009 / 0.009       ms
[2023-11-19T17:49:48.116+0800][gc,stats    ]    Subphase: Concurrent Classes Purge                      0.000 / 0.000         0.093 / 0.138         0.093 / 0.138         0.093 / 0.138       ms
[2023-11-19T17:49:48.116+0800][gc,stats    ]    Subphase: Concurrent Classes Unlink                     0.000 / 0.000         1.405 / 1.760         1.405 / 1.760         1.405 / 1.760       ms
[2023-11-19T17:49:48.116+0800][gc,stats    ]    Subphase: Concurrent Mark                               0.000 / 0.000        17.269 / 21.871       17.269 / 21.871       17.269 / 21.871      ms
[2023-11-19T17:49:48.116+0800][gc,stats    ]    Subphase: Concurrent Mark Try Flush                     0.000 / 0.000         0.063 / 0.125         0.063 / 0.125         0.063 / 0.125       ms
[2023-11-19T17:49:48.116+0800][gc,stats    ]    Subphase: Concurrent Mark Try Terminate                 0.000 / 0.000         5.181 / 13.703        5.181 / 13.703        5.181 / 13.703      ms
[2023-11-19T17:49:48.116+0800][gc,stats    ]    Subphase: Concurrent References Enqueue                 0.000 / 0.000         0.005 / 0.007         0.005 / 0.007         0.005 / 0.007       ms
[2023-11-19T17:49:48.116+0800][gc,stats    ]    Subphase: Concurrent References Process                 0.000 / 0.000         0.076 / 0.084         0.076 / 0.084         0.076 / 0.084       ms
[2023-11-19T17:49:48.116+0800][gc,stats    ]    Subphase: Concurrent Roots ClassLoaderDataGraph         0.000 / 0.000         0.102 / 0.423         0.102 / 0.423         0.102 / 0.423       ms
[2023-11-19T17:49:48.116+0800][gc,stats    ]    Subphase: Concurrent Roots CodeCache                    0.000 / 0.000         0.000 / 0.000         0.000 / 0.000         0.000 / 0.000       ms
[2023-11-19T17:49:48.116+0800][gc,stats    ]    Subphase: Concurrent Roots JavaThreads                  0.000 / 0.000         1.575 / 2.571         1.575 / 2.571         1.575 / 2.571       ms
[2023-11-19T17:49:48.116+0800][gc,stats    ]    Subphase: Concurrent Roots OopStorageSet                0.000 / 0.000         0.026 / 0.038         0.026 / 0.038         0.026 / 0.038       ms
[2023-11-19T17:49:48.116+0800][gc,stats    ]    Subphase: Concurrent Weak Roots OopStorageSet           0.000 / 0.000         0.492 / 0.724         0.492 / 0.724         0.492 / 0.724       ms
[2023-11-19T17:49:48.116+0800][gc,stats    ]    Subphase: Pause Mark Try Complete                       0.000 / 0.000         0.000 / 0.000         0.000 / 0.000         0.000 / 0.000       ms
[2023-11-19T17:49:48.116+0800][gc,stats    ]      System: Java Threads                                      0 / 0                44 / 68               44 / 68               44 / 68          threads
[2023-11-19T17:49:48.116+0800][gc,stats    ] =========================================================================================================================================================
[2023-11-19T17:49:58.118+0800][gc,stats    ] === Garbage Collection Statistics =======================================================================================================================
[2023-11-19T17:49:58.118+0800][gc,stats    ]                                                              Last 10s              Last 10m              Last 10h                Total
[2023-11-19T17:49:58.118+0800][gc,stats    ]                                                              Avg / Max             Avg / Max             Avg / Max             Avg / Max
[2023-11-19T17:49:58.118+0800][gc,stats    ]   Collector: Garbage Collection Cycle                      0.000 / 0.000        38.701 / 40.967       38.701 / 40.967       38.701 / 40.967      ms
[2023-11-19T17:49:58.118+0800][gc,stats    ]  Contention: Mark Segment Reset Contention                     0 / 0                 0 / 4                 0 / 4                 0 / 4           ops/s
[2023-11-19T17:49:58.118+0800][gc,stats    ]  Contention: Mark SeqNum Reset Contention                      0 / 0                 0 / 1                 0 / 1                 0 / 1           ops/s
[2023-11-19T17:49:58.118+0800][gc,stats    ]    Critical: Allocation Stall                                  0 / 0                 0 / 0                 0 / 0                 0 / 0           ops/s
[2023-11-19T17:49:58.118+0800][gc,stats    ]    Critical: Allocation Stall                              0.000 / 0.000         0.000 / 0.000         0.000 / 0.000         0.000 / 0.000       ms
[2023-11-19T17:49:58.118+0800][gc,stats    ]    Critical: GC Locker Stall                                   0 / 0                 0 / 1                 0 / 1                 0 / 1           ops/s
[2023-11-19T17:49:58.118+0800][gc,stats    ]    Critical: GC Locker Stall                               0.000 / 0.000         0.000 / 0.000         0.000 / 0.000         0.000 / 0.000       ms
[2023-11-19T17:49:58.118+0800][gc,stats    ]    Critical: Relocation Stall                                  0 / 0                 0 / 0                 0 / 0                 0 / 0           ops/s
[2023-11-19T17:49:58.118+0800][gc,stats    ]    Critical: Relocation Stall                              0.000 / 0.000         0.000 / 0.000         0.000 / 0.000         0.000 / 0.000       ms
[2023-11-19T17:49:58.118+0800][gc,stats    ]      Memory: Allocation Rate                                   0 / 0                 5 / 106               5 / 106               5 / 106         MB/s
[2023-11-19T17:49:58.118+0800][gc,stats    ]      Memory: Defragment                                        0 / 0                 0 / 0                 0 / 0                 0 / 0           ops/s
[2023-11-19T17:49:58.118+0800][gc,stats    ]      Memory: Out Of Memory                                     0 / 0                 0 / 0                 0 / 0                 0 / 0           ops/s
[2023-11-19T17:49:58.118+0800][gc,stats    ]      Memory: Page Cache Flush                                  0 / 0                 0 / 0                 0 / 0                 0 / 0           MB/s
[2023-11-19T17:49:58.118+0800][gc,stats    ]      Memory: Page Cache Hit L1                                 0 / 0                 1 / 37                1 / 37                1 / 37          ops/s
[2023-11-19T17:49:58.118+0800][gc,stats    ]      Memory: Page Cache Hit L2                                 0 / 0                 0 / 0                 0 / 0                 0 / 0           ops/s
[2023-11-19T17:49:58.118+0800][gc,stats    ]      Memory: Page Cache Hit L3                                 0 / 0                 1 / 51                1 / 51                1 / 51          ops/s
[2023-11-19T17:49:58.118+0800][gc,stats    ]      Memory: Page Cache Miss                                   0 / 0                 0 / 1                 0 / 1                 0 / 1           ops/s
[2023-11-19T17:49:58.118+0800][gc,stats    ]      Memory: Uncommit                                          0 / 0                 0 / 0                 0 / 0                 0 / 0           MB/s
[2023-11-19T17:49:58.118+0800][gc,stats    ]      Memory: Undo Object Allocation Failed                     0 / 0                 0 / 0                 0 / 0                 0 / 0           ops/s
[2023-11-19T17:49:58.118+0800][gc,stats    ]      Memory: Undo Object Allocation Succeeded                  0 / 0                 0 / 1                 0 / 1                 0 / 1           ops/s
[2023-11-19T17:49:58.118+0800][gc,stats    ]      Memory: Undo Page Allocation                              0 / 0                 0 / 0                 0 / 0                 0 / 0           ops/s
[2023-11-19T17:49:58.118+0800][gc,stats    ]       Phase: Concurrent Mark                               0.000 / 0.000        21.195 / 22.938       21.195 / 22.938       21.195 / 22.938      ms
[2023-11-19T17:49:58.118+0800][gc,stats    ]       Phase: Concurrent Mark Continue                      0.000 / 0.000         0.000 / 0.000         0.000 / 0.000         0.000 / 0.000       ms
[2023-11-19T17:49:58.118+0800][gc,stats    ]       Phase: Concurrent Mark Free                          0.000 / 0.000         0.000 / 0.001         0.000 / 0.001         0.000 / 0.001       ms
[2023-11-19T17:49:58.118+0800][gc,stats    ]       Phase: Concurrent Process Non-Strong References      0.000 / 0.000         8.745 / 15.959        8.745 / 15.959        8.745 / 15.959      ms
[2023-11-19T17:49:58.118+0800][gc,stats    ]       Phase: Concurrent Relocate                           0.000 / 0.000         2.744 / 2.788         2.744 / 2.788         2.744 / 2.788       ms
[2023-11-19T17:49:58.118+0800][gc,stats    ]       Phase: Concurrent Reset Relocation Set               0.000 / 0.000         0.004 / 0.007         0.004 / 0.007         0.004 / 0.007       ms
[2023-11-19T17:49:58.118+0800][gc,stats    ]       Phase: Concurrent Select Relocation Set              0.000 / 0.000         5.088 / 8.359         5.088 / 8.359         5.088 / 8.359       ms
[2023-11-19T17:49:58.118+0800][gc,stats    ]       Phase: Pause Mark End                                0.000 / 0.000         0.014 / 0.016         0.014 / 0.016         0.014 / 0.016       ms
[2023-11-19T17:49:58.118+0800][gc,stats    ]       Phase: Pause Mark Start                              0.000 / 0.000         0.010 / 0.012         0.010 / 0.012         0.010 / 0.012       ms
[2023-11-19T17:49:58.118+0800][gc,stats    ]       Phase: Pause Relocate Start                          0.000 / 0.000         0.009 / 0.009         0.009 / 0.009         0.009 / 0.009       ms
[2023-11-19T17:49:58.118+0800][gc,stats    ]    Subphase: Concurrent Classes Purge                      0.000 / 0.000         0.093 / 0.138         0.093 / 0.138         0.093 / 0.138       ms
[2023-11-19T17:49:58.118+0800][gc,stats    ]    Subphase: Concurrent Classes Unlink                     0.000 / 0.000         1.405 / 1.760         1.405 / 1.760         1.405 / 1.760       ms
[2023-11-19T17:49:58.118+0800][gc,stats    ]    Subphase: Concurrent Mark                               0.000 / 0.000        17.269 / 21.871       17.269 / 21.871       17.269 / 21.871      ms
[2023-11-19T17:49:58.118+0800][gc,stats    ]    Subphase: Concurrent Mark Try Flush                     0.000 / 0.000         0.063 / 0.125         0.063 / 0.125         0.063 / 0.125       ms
[2023-11-19T17:49:58.118+0800][gc,stats    ]    Subphase: Concurrent Mark Try Terminate                 0.000 / 0.000         5.181 / 13.703        5.181 / 13.703        5.181 / 13.703      ms
[2023-11-19T17:49:58.118+0800][gc,stats    ]    Subphase: Concurrent References Enqueue                 0.000 / 0.000         0.005 / 0.007         0.005 / 0.007         0.005 / 0.007       ms
[2023-11-19T17:49:58.118+0800][gc,stats    ]    Subphase: Concurrent References Process                 0.000 / 0.000         0.076 / 0.084         0.076 / 0.084         0.076 / 0.084       ms
[2023-11-19T17:49:58.118+0800][gc,stats    ]    Subphase: Concurrent Roots ClassLoaderDataGraph         0.000 / 0.000         0.102 / 0.423         0.102 / 0.423         0.102 / 0.423       ms
[2023-11-19T17:49:58.118+0800][gc,stats    ]    Subphase: Concurrent Roots CodeCache                    0.000 / 0.000         0.000 / 0.000         0.000 / 0.000         0.000 / 0.000       ms
[2023-11-19T17:49:58.118+0800][gc,stats    ]    Subphase: Concurrent Roots JavaThreads                  0.000 / 0.000         1.575 / 2.571         1.575 / 2.571         1.575 / 2.571       ms
[2023-11-19T17:49:58.118+0800][gc,stats    ]    Subphase: Concurrent Roots OopStorageSet                0.000 / 0.000         0.026 / 0.038         0.026 / 0.038         0.026 / 0.038       ms
[2023-11-19T17:49:58.118+0800][gc,stats    ]    Subphase: Concurrent Weak Roots OopStorageSet           0.000 / 0.000         0.492 / 0.724         0.492 / 0.724         0.492 / 0.724       ms
[2023-11-19T17:49:58.118+0800][gc,stats    ]    Subphase: Pause Mark Try Complete                       0.000 / 0.000         0.000 / 0.000         0.000 / 0.000         0.000 / 0.000       ms
[2023-11-19T17:49:58.118+0800][gc,stats    ]      System: Java Threads                                      0 / 0                44 / 68               44 / 68               44 / 68          threads
[2023-11-19T17:49:58.118+0800][gc,stats    ] =========================================================================================================================================================
[2023-11-19T17:50:08.118+0800][gc,stats    ] === Garbage Collection Statistics =======================================================================================================================
[2023-11-19T17:50:08.118+0800][gc,stats    ]                                                              Last 10s              Last 10m              Last 10h                Total
[2023-11-19T17:50:08.118+0800][gc,stats    ]                                                              Avg / Max             Avg / Max             Avg / Max             Avg / Max
[2023-11-19T17:50:08.118+0800][gc,stats    ]   Collector: Garbage Collection Cycle                      0.000 / 0.000        38.701 / 40.967       38.701 / 40.967       38.701 / 40.967      ms
[2023-11-19T17:50:08.118+0800][gc,stats    ]  Contention: Mark Segment Reset Contention                     0 / 0                 0 / 4                 0 / 4                 0 / 4           ops/s
[2023-11-19T17:50:08.118+0800][gc,stats    ]  Contention: Mark SeqNum Reset Contention                      0 / 0                 0 / 1                 0 / 1                 0 / 1           ops/s
[2023-11-19T17:50:08.118+0800][gc,stats    ]    Critical: Allocation Stall                                  0 / 0                 0 / 0                 0 / 0                 0 / 0           ops/s
[2023-11-19T17:50:08.118+0800][gc,stats    ]    Critical: Allocation Stall                              0.000 / 0.000         0.000 / 0.000         0.000 / 0.000         0.000 / 0.000       ms
[2023-11-19T17:50:08.118+0800][gc,stats    ]    Critical: GC Locker Stall                                   0 / 0                 0 / 1                 0 / 1                 0 / 1           ops/s
[2023-11-19T17:50:08.118+0800][gc,stats    ]    Critical: GC Locker Stall                               0.000 / 0.000         0.000 / 0.000         0.000 / 0.000         0.000 / 0.000       ms
[2023-11-19T17:50:08.118+0800][gc,stats    ]    Critical: Relocation Stall                                  0 / 0                 0 / 0                 0 / 0                 0 / 0           ops/s
[2023-11-19T17:50:08.118+0800][gc,stats    ]    Critical: Relocation Stall                              0.000 / 0.000         0.000 / 0.000         0.000 / 0.000         0.000 / 0.000       ms
[2023-11-19T17:50:08.118+0800][gc,stats    ]      Memory: Allocation Rate                                   0 / 0                 4 / 106               4 / 106               4 / 106         MB/s
[2023-11-19T17:50:08.118+0800][gc,stats    ]      Memory: Defragment                                        0 / 0                 0 / 0                 0 / 0                 0 / 0           ops/s
[2023-11-19T17:50:08.118+0800][gc,stats    ]      Memory: Out Of Memory                                     0 / 0                 0 / 0                 0 / 0                 0 / 0           ops/s
[2023-11-19T17:50:08.118+0800][gc,stats    ]      Memory: Page Cache Flush                                  0 / 0                 0 / 0                 0 / 0                 0 / 0           MB/s
[2023-11-19T17:50:08.118+0800][gc,stats    ]      Memory: Page Cache Hit L1                                 0 / 0                 1 / 37                1 / 37                1 / 37          ops/s
[2023-11-19T17:50:08.118+0800][gc,stats    ]      Memory: Page Cache Hit L2                                 0 / 0                 0 / 0                 0 / 0                 0 / 0           ops/s
[2023-11-19T17:50:08.118+0800][gc,stats    ]      Memory: Page Cache Hit L3                                 0 / 0                 1 / 51                1 / 51                1 / 51          ops/s
[2023-11-19T17:50:08.118+0800][gc,stats    ]      Memory: Page Cache Miss                                   0 / 0                 0 / 1                 0 / 1                 0 / 1           ops/s
[2023-11-19T17:50:08.118+0800][gc,stats    ]      Memory: Uncommit                                          0 / 0                 0 / 0                 0 / 0                 0 / 0           MB/s
[2023-11-19T17:50:08.118+0800][gc,stats    ]      Memory: Undo Object Allocation Failed                     0 / 0                 0 / 0                 0 / 0                 0 / 0           ops/s
[2023-11-19T17:50:08.118+0800][gc,stats    ]      Memory: Undo Object Allocation Succeeded                  0 / 0                 0 / 1                 0 / 1                 0 / 1           ops/s
[2023-11-19T17:50:08.118+0800][gc,stats    ]      Memory: Undo Page Allocation                              0 / 0                 0 / 0                 0 / 0                 0 / 0           ops/s
[2023-11-19T17:50:08.118+0800][gc,stats    ]       Phase: Concurrent Mark                               0.000 / 0.000        21.195 / 22.938       21.195 / 22.938       21.195 / 22.938      ms
[2023-11-19T17:50:08.118+0800][gc,stats    ]       Phase: Concurrent Mark Continue                      0.000 / 0.000         0.000 / 0.000         0.000 / 0.000         0.000 / 0.000       ms
[2023-11-19T17:50:08.118+0800][gc,stats    ]       Phase: Concurrent Mark Free                          0.000 / 0.000         0.000 / 0.001         0.000 / 0.001         0.000 / 0.001       ms
[2023-11-19T17:50:08.118+0800][gc,stats    ]       Phase: Concurrent Process Non-Strong References      0.000 / 0.000         8.745 / 15.959        8.745 / 15.959        8.745 / 15.959      ms
[2023-11-19T17:50:08.119+0800][gc,stats    ]       Phase: Concurrent Relocate                           0.000 / 0.000         2.744 / 2.788         2.744 / 2.788         2.744 / 2.788       ms
[2023-11-19T17:50:08.119+0800][gc,stats    ]       Phase: Concurrent Reset Relocation Set               0.000 / 0.000         0.004 / 0.007         0.004 / 0.007         0.004 / 0.007       ms
[2023-11-19T17:50:08.119+0800][gc,stats    ]       Phase: Concurrent Select Relocation Set              0.000 / 0.000         5.088 / 8.359         5.088 / 8.359         5.088 / 8.359       ms
[2023-11-19T17:50:08.119+0800][gc,stats    ]       Phase: Pause Mark End                                0.000 / 0.000         0.014 / 0.016         0.014 / 0.016         0.014 / 0.016       ms
[2023-11-19T17:50:08.119+0800][gc,stats    ]       Phase: Pause Mark Start                              0.000 / 0.000         0.010 / 0.012         0.010 / 0.012         0.010 / 0.012       ms
[2023-11-19T17:50:08.119+0800][gc,stats    ]       Phase: Pause Relocate Start                          0.000 / 0.000         0.009 / 0.009         0.009 / 0.009         0.009 / 0.009       ms
[2023-11-19T17:50:08.119+0800][gc,stats    ]    Subphase: Concurrent Classes Purge                      0.000 / 0.000         0.093 / 0.138         0.093 / 0.138         0.093 / 0.138       ms
[2023-11-19T17:50:08.119+0800][gc,stats    ]    Subphase: Concurrent Classes Unlink                     0.000 / 0.000         1.405 / 1.760         1.405 / 1.760         1.405 / 1.760       ms
[2023-11-19T17:50:08.119+0800][gc,stats    ]    Subphase: Concurrent Mark                               0.000 / 0.000        17.269 / 21.871       17.269 / 21.871       17.269 / 21.871      ms
[2023-11-19T17:50:08.119+0800][gc,stats    ]    Subphase: Concurrent Mark Try Flush                     0.000 / 0.000         0.063 / 0.125         0.063 / 0.125         0.063 / 0.125       ms
[2023-11-19T17:50:08.119+0800][gc,stats    ]    Subphase: Concurrent Mark Try Terminate                 0.000 / 0.000         5.181 / 13.703        5.181 / 13.703        5.181 / 13.703      ms
[2023-11-19T17:50:08.119+0800][gc,stats    ]    Subphase: Concurrent References Enqueue                 0.000 / 0.000         0.005 / 0.007         0.005 / 0.007         0.005 / 0.007       ms
[2023-11-19T17:50:08.119+0800][gc,stats    ]    Subphase: Concurrent References Process                 0.000 / 0.000         0.076 / 0.084         0.076 / 0.084         0.076 / 0.084       ms
[2023-11-19T17:50:08.119+0800][gc,stats    ]    Subphase: Concurrent Roots ClassLoaderDataGraph         0.000 / 0.000         0.102 / 0.423         0.102 / 0.423         0.102 / 0.423       ms
[2023-11-19T17:50:08.119+0800][gc,stats    ]    Subphase: Concurrent Roots CodeCache                    0.000 / 0.000         0.000 / 0.000         0.000 / 0.000         0.000 / 0.000       ms
[2023-11-19T17:50:08.119+0800][gc,stats    ]    Subphase: Concurrent Roots JavaThreads                  0.000 / 0.000         1.575 / 2.571         1.575 / 2.571         1.575 / 2.571       ms
[2023-11-19T17:50:08.119+0800][gc,stats    ]    Subphase: Concurrent Roots OopStorageSet                0.000 / 0.000         0.026 / 0.038         0.026 / 0.038         0.026 / 0.038       ms
[2023-11-19T17:50:08.119+0800][gc,stats    ]    Subphase: Concurrent Weak Roots OopStorageSet           0.000 / 0.000         0.492 / 0.724         0.492 / 0.724         0.492 / 0.724       ms
[2023-11-19T17:50:08.119+0800][gc,stats    ]    Subphase: Pause Mark Try Complete                       0.000 / 0.000         0.000 / 0.000         0.000 / 0.000         0.000 / 0.000       ms
[2023-11-19T17:50:08.119+0800][gc,stats    ]      System: Java Threads                                      0 / 0                44 / 68               44 / 68               44 / 68          threads
[2023-11-19T17:50:08.119+0800][gc,stats    ] =========================================================================================================================================================
[2023-11-19T17:50:18.119+0800][gc,stats    ] === Garbage Collection Statistics =======================================================================================================================
[2023-11-19T17:50:18.119+0800][gc,stats    ]                                                              Last 10s              Last 10m              Last 10h                Total
[2023-11-19T17:50:18.119+0800][gc,stats    ]                                                              Avg / Max             Avg / Max             Avg / Max             Avg / Max
[2023-11-19T17:50:18.119+0800][gc,stats    ]   Collector: Garbage Collection Cycle                      0.000 / 0.000        38.701 / 40.967       38.701 / 40.967       38.701 / 40.967      ms
[2023-11-19T17:50:18.119+0800][gc,stats    ]  Contention: Mark Segment Reset Contention                     0 / 0                 0 / 4                 0 / 4                 0 / 4           ops/s
[2023-11-19T17:50:18.119+0800][gc,stats    ]  Contention: Mark SeqNum Reset Contention                      0 / 0                 0 / 1                 0 / 1                 0 / 1           ops/s
[2023-11-19T17:50:18.119+0800][gc,stats    ]    Critical: Allocation Stall                                  0 / 0                 0 / 0                 0 / 0                 0 / 0           ops/s
[2023-11-19T17:50:18.119+0800][gc,stats    ]    Critical: Allocation Stall                              0.000 / 0.000         0.000 / 0.000         0.000 / 0.000         0.000 / 0.000       ms
[2023-11-19T17:50:18.119+0800][gc,stats    ]    Critical: GC Locker Stall                                   0 / 0                 0 / 1                 0 / 1                 0 / 1           ops/s
[2023-11-19T17:50:18.119+0800][gc,stats    ]    Critical: GC Locker Stall                               0.000 / 0.000         0.000 / 0.000         0.000 / 0.000         0.000 / 0.000       ms
[2023-11-19T17:50:18.119+0800][gc,stats    ]    Critical: Relocation Stall                                  0 / 0                 0 / 0                 0 / 0                 0 / 0           ops/s
[2023-11-19T17:50:18.119+0800][gc,stats    ]    Critical: Relocation Stall                              0.000 / 0.000         0.000 / 0.000         0.000 / 0.000         0.000 / 0.000       ms
[2023-11-19T17:50:18.119+0800][gc,stats    ]      Memory: Allocation Rate                                   0 / 0                 4 / 106               4 / 106               4 / 106         MB/s
[2023-11-19T17:50:18.119+0800][gc,stats    ]      Memory: Defragment                                        0 / 0                 0 / 0                 0 / 0                 0 / 0           ops/s
[2023-11-19T17:50:18.119+0800][gc,stats    ]      Memory: Out Of Memory                                     0 / 0                 0 / 0                 0 / 0                 0 / 0           ops/s
[2023-11-19T17:50:18.119+0800][gc,stats    ]      Memory: Page Cache Flush                                  0 / 0                 0 / 0                 0 / 0                 0 / 0           MB/s
[2023-11-19T17:50:18.119+0800][gc,stats    ]      Memory: Page Cache Hit L1                                 0 / 0                 1 / 37                1 / 37                1 / 37          ops/s
[2023-11-19T17:50:18.119+0800][gc,stats    ]      Memory: Page Cache Hit L2                                 0 / 0                 0 / 0                 0 / 0                 0 / 0           ops/s
[2023-11-19T17:50:18.119+0800][gc,stats    ]      Memory: Page Cache Hit L3                                 0 / 0                 1 / 51                1 / 51                1 / 51          ops/s
[2023-11-19T17:50:18.119+0800][gc,stats    ]      Memory: Page Cache Miss                                   0 / 0                 0 / 1                 0 / 1                 0 / 1           ops/s
[2023-11-19T17:50:18.119+0800][gc,stats    ]      Memory: Uncommit                                          0 / 0                 0 / 0                 0 / 0                 0 / 0           MB/s
[2023-11-19T17:50:18.119+0800][gc,stats    ]      Memory: Undo Object Allocation Failed                     0 / 0                 0 / 0                 0 / 0                 0 / 0           ops/s
[2023-11-19T17:50:18.119+0800][gc,stats    ]      Memory: Undo Object Allocation Succeeded                  0 / 0                 0 / 1                 0 / 1                 0 / 1           ops/s
[2023-11-19T17:50:18.119+0800][gc,stats    ]      Memory: Undo Page Allocation                              0 / 0                 0 / 0                 0 / 0                 0 / 0           ops/s
[2023-11-19T17:50:18.119+0800][gc,stats    ]       Phase: Concurrent Mark                               0.000 / 0.000        21.195 / 22.938       21.195 / 22.938       21.195 / 22.938      ms
[2023-11-19T17:50:18.119+0800][gc,stats    ]       Phase: Concurrent Mark Continue                      0.000 / 0.000         0.000 / 0.000         0.000 / 0.000         0.000 / 0.000       ms
[2023-11-19T17:50:18.119+0800][gc,stats    ]       Phase: Concurrent Mark Free                          0.000 / 0.000         0.000 / 0.001         0.000 / 0.001         0.000 / 0.001       ms
[2023-11-19T17:50:18.119+0800][gc,stats    ]       Phase: Concurrent Process Non-Strong References      0.000 / 0.000         8.745 / 15.959        8.745 / 15.959        8.745 / 15.959      ms
[2023-11-19T17:50:18.119+0800][gc,stats    ]       Phase: Concurrent Relocate                           0.000 / 0.000         2.744 / 2.788         2.744 / 2.788         2.744 / 2.788       ms
[2023-11-19T17:50:18.119+0800][gc,stats    ]       Phase: Concurrent Reset Relocation Set               0.000 / 0.000         0.004 / 0.007         0.004 / 0.007         0.004 / 0.007       ms
[2023-11-19T17:50:18.119+0800][gc,stats    ]       Phase: Concurrent Select Relocation Set              0.000 / 0.000         5.088 / 8.359         5.088 / 8.359         5.088 / 8.359       ms
[2023-11-19T17:50:18.119+0800][gc,stats    ]       Phase: Pause Mark End                                0.000 / 0.000         0.014 / 0.016         0.014 / 0.016         0.014 / 0.016       ms
[2023-11-19T17:50:18.119+0800][gc,stats    ]       Phase: Pause Mark Start                              0.000 / 0.000         0.010 / 0.012         0.010 / 0.012         0.010 / 0.012       ms
[2023-11-19T17:50:18.119+0800][gc,stats    ]       Phase: Pause Relocate Start                          0.000 / 0.000         0.009 / 0.009         0.009 / 0.009         0.009 / 0.009       ms
[2023-11-19T17:50:18.119+0800][gc,stats    ]    Subphase: Concurrent Classes Purge                      0.000 / 0.000         0.093 / 0.138         0.093 / 0.138         0.093 / 0.138       ms
[2023-11-19T17:50:18.119+0800][gc,stats    ]    Subphase: Concurrent Classes Unlink                     0.000 / 0.000         1.405 / 1.760         1.405 / 1.760         1.405 / 1.760       ms
[2023-11-19T17:50:18.120+0800][gc,stats    ]    Subphase: Concurrent Mark                               0.000 / 0.000        17.269 / 21.871       17.269 / 21.871       17.269 / 21.871      ms
[2023-11-19T17:50:18.120+0800][gc,stats    ]    Subphase: Concurrent Mark Try Flush                     0.000 / 0.000         0.063 / 0.125         0.063 / 0.125         0.063 / 0.125       ms
[2023-11-19T17:50:18.120+0800][gc,stats    ]    Subphase: Concurrent Mark Try Terminate                 0.000 / 0.000         5.181 / 13.703        5.181 / 13.703        5.181 / 13.703      ms
[2023-11-19T17:50:18.120+0800][gc,stats    ]    Subphase: Concurrent References Enqueue                 0.000 / 0.000         0.005 / 0.007         0.005 / 0.007         0.005 / 0.007       ms
[2023-11-19T17:50:18.120+0800][gc,stats    ]    Subphase: Concurrent References Process                 0.000 / 0.000         0.076 / 0.084         0.076 / 0.084         0.076 / 0.084       ms
[2023-11-19T17:50:18.120+0800][gc,stats    ]    Subphase: Concurrent Roots ClassLoaderDataGraph         0.000 / 0.000         0.102 / 0.423         0.102 / 0.423         0.102 / 0.423       ms
[2023-11-19T17:50:18.120+0800][gc,stats    ]    Subphase: Concurrent Roots CodeCache                    0.000 / 0.000         0.000 / 0.000         0.000 / 0.000         0.000 / 0.000       ms
[2023-11-19T17:50:18.120+0800][gc,stats    ]    Subphase: Concurrent Roots JavaThreads                  0.000 / 0.000         1.575 / 2.571         1.575 / 2.571         1.575 / 2.571       ms
[2023-11-19T17:50:18.120+0800][gc,stats    ]    Subphase: Concurrent Roots OopStorageSet                0.000 / 0.000         0.026 / 0.038         0.026 / 0.038         0.026 / 0.038       ms
[2023-11-19T17:50:18.120+0800][gc,stats    ]    Subphase: Concurrent Weak Roots OopStorageSet           0.000 / 0.000         0.492 / 0.724         0.492 / 0.724         0.492 / 0.724       ms
[2023-11-19T17:50:18.120+0800][gc,stats    ]    Subphase: Pause Mark Try Complete                       0.000 / 0.000         0.000 / 0.000         0.000 / 0.000         0.000 / 0.000       ms
[2023-11-19T17:50:18.120+0800][gc,stats    ]      System: Java Threads                                      0 / 0                44 / 68               44 / 68               44 / 68          threads
[2023-11-19T17:50:18.120+0800][gc,stats    ] =========================================================================================================================================================
[2023-11-19T17:50:28.113+0800][gc,stats    ] === Garbage Collection Statistics =======================================================================================================================
[2023-11-19T17:50:28.113+0800][gc,stats    ]                                                              Last 10s              Last 10m              Last 10h                Total
[2023-11-19T17:50:28.113+0800][gc,stats    ]                                                              Avg / Max             Avg / Max             Avg / Max             Avg / Max
[2023-11-19T17:50:28.113+0800][gc,stats    ]   Collector: Garbage Collection Cycle                      0.000 / 0.000        38.701 / 40.967       38.701 / 40.967       38.701 / 40.967      ms
[2023-11-19T17:50:28.113+0800][gc,stats    ]  Contention: Mark Segment Reset Contention                     0 / 0                 0 / 4                 0 / 4                 0 / 4           ops/s
[2023-11-19T17:50:28.113+0800][gc,stats    ]  Contention: Mark SeqNum Reset Contention                      0 / 0                 0 / 1                 0 / 1                 0 / 1           ops/s
[2023-11-19T17:50:28.113+0800][gc,stats    ]    Critical: Allocation Stall                                  0 / 0                 0 / 0                 0 / 0                 0 / 0           ops/s
[2023-11-19T17:50:28.113+0800][gc,stats    ]    Critical: Allocation Stall                              0.000 / 0.000         0.000 / 0.000         0.000 / 0.000         0.000 / 0.000       ms
[2023-11-19T17:50:28.113+0800][gc,stats    ]    Critical: GC Locker Stall                                   0 / 0                 0 / 1                 0 / 1                 0 / 1           ops/s
[2023-11-19T17:50:28.113+0800][gc,stats    ]    Critical: GC Locker Stall                               0.000 / 0.000         0.000 / 0.000         0.000 / 0.000         0.000 / 0.000       ms
[2023-11-19T17:50:28.113+0800][gc,stats    ]    Critical: Relocation Stall                                  0 / 0                 0 / 0                 0 / 0                 0 / 0           ops/s
[2023-11-19T17:50:28.113+0800][gc,stats    ]    Critical: Relocation Stall                              0.000 / 0.000         0.000 / 0.000         0.000 / 0.000         0.000 / 0.000       ms
[2023-11-19T17:50:28.113+0800][gc,stats    ]      Memory: Allocation Rate                                   0 / 0                 3 / 106               3 / 106               3 / 106         MB/s
[2023-11-19T17:50:28.113+0800][gc,stats    ]      Memory: Defragment                                        0 / 0                 0 / 0                 0 / 0                 0 / 0           ops/s
[2023-11-19T17:50:28.113+0800][gc,stats    ]      Memory: Out Of Memory                                     0 / 0                 0 / 0                 0 / 0                 0 / 0           ops/s
[2023-11-19T17:50:28.113+0800][gc,stats    ]      Memory: Page Cache Flush                                  0 / 0                 0 / 0                 0 / 0                 0 / 0           MB/s
[2023-11-19T17:50:28.113+0800][gc,stats    ]      Memory: Page Cache Hit L1                                 0 / 0                 0 / 37                0 / 37                0 / 37          ops/s
[2023-11-19T17:50:28.113+0800][gc,stats    ]      Memory: Page Cache Hit L2                                 0 / 0                 0 / 0                 0 / 0                 0 / 0           ops/s
[2023-11-19T17:50:28.113+0800][gc,stats    ]      Memory: Page Cache Hit L3                                 0 / 0                 0 / 51                0 / 51                0 / 51          ops/s
[2023-11-19T17:50:28.113+0800][gc,stats    ]      Memory: Page Cache Miss                                   0 / 0                 0 / 1                 0 / 1                 0 / 1           ops/s
[2023-11-19T17:50:28.113+0800][gc,stats    ]      Memory: Uncommit                                          0 / 0                 0 / 0                 0 / 0                 0 / 0           MB/s
[2023-11-19T17:50:28.113+0800][gc,stats    ]      Memory: Undo Object Allocation Failed                     0 / 0                 0 / 0                 0 / 0                 0 / 0           ops/s
[2023-11-19T17:50:28.113+0800][gc,stats    ]      Memory: Undo Object Allocation Succeeded                  0 / 0                 0 / 1                 0 / 1                 0 / 1           ops/s
[2023-11-19T17:50:28.113+0800][gc,stats    ]      Memory: Undo Page Allocation                              0 / 0                 0 / 0                 0 / 0                 0 / 0           ops/s
[2023-11-19T17:50:28.113+0800][gc,stats    ]       Phase: Concurrent Mark                               0.000 / 0.000        21.195 / 22.938       21.195 / 22.938       21.195 / 22.938      ms
[2023-11-19T17:50:28.113+0800][gc,stats    ]       Phase: Concurrent Mark Continue                      0.000 / 0.000         0.000 / 0.000         0.000 / 0.000         0.000 / 0.000       ms
[2023-11-19T17:50:28.113+0800][gc,stats    ]       Phase: Concurrent Mark Free                          0.000 / 0.000         0.000 / 0.001         0.000 / 0.001         0.000 / 0.001       ms
[2023-11-19T17:50:28.113+0800][gc,stats    ]       Phase: Concurrent Process Non-Strong References      0.000 / 0.000         8.745 / 15.959        8.745 / 15.959        8.745 / 15.959      ms
[2023-11-19T17:50:28.113+0800][gc,stats    ]       Phase: Concurrent Relocate                           0.000 / 0.000         2.744 / 2.788         2.744 / 2.788         2.744 / 2.788       ms
[2023-11-19T17:50:28.113+0800][gc,stats    ]       Phase: Concurrent Reset Relocation Set               0.000 / 0.000         0.004 / 0.007         0.004 / 0.007         0.004 / 0.007       ms
[2023-11-19T17:50:28.113+0800][gc,stats    ]       Phase: Concurrent Select Relocation Set              0.000 / 0.000         5.088 / 8.359         5.088 / 8.359         5.088 / 8.359       ms
[2023-11-19T17:50:28.113+0800][gc,stats    ]       Phase: Pause Mark End                                0.000 / 0.000         0.014 / 0.016         0.014 / 0.016         0.014 / 0.016       ms
[2023-11-19T17:50:28.113+0800][gc,stats    ]       Phase: Pause Mark Start                              0.000 / 0.000         0.010 / 0.012         0.010 / 0.012         0.010 / 0.012       ms
[2023-11-19T17:50:28.113+0800][gc,stats    ]       Phase: Pause Relocate Start                          0.000 / 0.000         0.009 / 0.009         0.009 / 0.009         0.009 / 0.009       ms
[2023-11-19T17:50:28.113+0800][gc,stats    ]    Subphase: Concurrent Classes Purge                      0.000 / 0.000         0.093 / 0.138         0.093 / 0.138         0.093 / 0.138       ms
[2023-11-19T17:50:28.113+0800][gc,stats    ]    Subphase: Concurrent Classes Unlink                     0.000 / 0.000         1.405 / 1.760         1.405 / 1.760         1.405 / 1.760       ms
[2023-11-19T17:50:28.113+0800][gc,stats    ]    Subphase: Concurrent Mark                               0.000 / 0.000        17.269 / 21.871       17.269 / 21.871       17.269 / 21.871      ms
[2023-11-19T17:50:28.113+0800][gc,stats    ]    Subphase: Concurrent Mark Try Flush                     0.000 / 0.000         0.063 / 0.125         0.063 / 0.125         0.063 / 0.125       ms
[2023-11-19T17:50:28.113+0800][gc,stats    ]    Subphase: Concurrent Mark Try Terminate                 0.000 / 0.000         5.181 / 13.703        5.181 / 13.703        5.181 / 13.703      ms
[2023-11-19T17:50:28.113+0800][gc,stats    ]    Subphase: Concurrent References Enqueue                 0.000 / 0.000         0.005 / 0.007         0.005 / 0.007         0.005 / 0.007       ms
[2023-11-19T17:50:28.113+0800][gc,stats    ]    Subphase: Concurrent References Process                 0.000 / 0.000         0.076 / 0.084         0.076 / 0.084         0.076 / 0.084       ms
[2023-11-19T17:50:28.113+0800][gc,stats    ]    Subphase: Concurrent Roots ClassLoaderDataGraph         0.000 / 0.000         0.102 / 0.423         0.102 / 0.423         0.102 / 0.423       ms
[2023-11-19T17:50:28.113+0800][gc,stats    ]    Subphase: Concurrent Roots CodeCache                    0.000 / 0.000         0.000 / 0.000         0.000 / 0.000         0.000 / 0.000       ms
[2023-11-19T17:50:28.113+0800][gc,stats    ]    Subphase: Concurrent Roots JavaThreads                  0.000 / 0.000         1.575 / 2.571         1.575 / 2.571         1.575 / 2.571       ms
[2023-11-19T17:50:28.113+0800][gc,stats    ]    Subphase: Concurrent Roots OopStorageSet                0.000 / 0.000         0.026 / 0.038         0.026 / 0.038         0.026 / 0.038       ms
[2023-11-19T17:50:28.113+0800][gc,stats    ]    Subphase: Concurrent Weak Roots OopStorageSet           0.000 / 0.000         0.492 / 0.724         0.492 / 0.724         0.492 / 0.724       ms
[2023-11-19T17:50:28.113+0800][gc,stats    ]    Subphase: Pause Mark Try Complete                       0.000 / 0.000         0.000 / 0.000         0.000 / 0.000         0.000 / 0.000       ms
[2023-11-19T17:50:28.113+0800][gc,stats    ]      System: Java Threads                                      0 / 0                44 / 68               44 / 68               44 / 68          threads
[2023-11-19T17:50:28.113+0800][gc,stats    ] =========================================================================================================================================================
[2023-11-19T17:50:38.117+0800][gc,stats    ] === Garbage Collection Statistics =======================================================================================================================
[2023-11-19T17:50:38.117+0800][gc,stats    ]                                                              Last 10s              Last 10m              Last 10h                Total
[2023-11-19T17:50:38.117+0800][gc,stats    ]                                                              Avg / Max             Avg / Max             Avg / Max             Avg / Max
[2023-11-19T17:50:38.117+0800][gc,stats    ]   Collector: Garbage Collection Cycle                      0.000 / 0.000        38.701 / 40.967       38.701 / 40.967       38.701 / 40.967      ms
[2023-11-19T17:50:38.117+0800][gc,stats    ]  Contention: Mark Segment Reset Contention                     0 / 0                 0 / 4                 0 / 4                 0 / 4           ops/s
[2023-11-19T17:50:38.117+0800][gc,stats    ]  Contention: Mark SeqNum Reset Contention                      0 / 0                 0 / 1                 0 / 1                 0 / 1           ops/s
[2023-11-19T17:50:38.117+0800][gc,stats    ]    Critical: Allocation Stall                                  0 / 0                 0 / 0                 0 / 0                 0 / 0           ops/s
[2023-11-19T17:50:38.117+0800][gc,stats    ]    Critical: Allocation Stall                              0.000 / 0.000         0.000 / 0.000         0.000 / 0.000         0.000 / 0.000       ms
[2023-11-19T17:50:38.117+0800][gc,stats    ]    Critical: GC Locker Stall                                   0 / 0                 0 / 1                 0 / 1                 0 / 1           ops/s
[2023-11-19T17:50:38.117+0800][gc,stats    ]    Critical: GC Locker Stall                               0.000 / 0.000         0.000 / 0.000         0.000 / 0.000         0.000 / 0.000       ms
[2023-11-19T17:50:38.117+0800][gc,stats    ]    Critical: Relocation Stall                                  0 / 0                 0 / 0                 0 / 0                 0 / 0           ops/s
[2023-11-19T17:50:38.117+0800][gc,stats    ]    Critical: Relocation Stall                              0.000 / 0.000         0.000 / 0.000         0.000 / 0.000         0.000 / 0.000       ms
[2023-11-19T17:50:38.117+0800][gc,stats    ]      Memory: Allocation Rate                                   0 / 0                 3 / 106               3 / 106               3 / 106         MB/s
[2023-11-19T17:50:38.117+0800][gc,stats    ]      Memory: Defragment                                        0 / 0                 0 / 0                 0 / 0                 0 / 0           ops/s
[2023-11-19T17:50:38.117+0800][gc,stats    ]      Memory: Out Of Memory                                     0 / 0                 0 / 0                 0 / 0                 0 / 0           ops/s
[2023-11-19T17:50:38.117+0800][gc,stats    ]      Memory: Page Cache Flush                                  0 / 0                 0 / 0                 0 / 0                 0 / 0           MB/s
[2023-11-19T17:50:38.117+0800][gc,stats    ]      Memory: Page Cache Hit L1                                 0 / 0                 0 / 37                0 / 37                0 / 37          ops/s
[2023-11-19T17:50:38.117+0800][gc,stats    ]      Memory: Page Cache Hit L2                                 0 / 0                 0 / 0                 0 / 0                 0 / 0           ops/s
[2023-11-19T17:50:38.117+0800][gc,stats    ]      Memory: Page Cache Hit L3                                 0 / 0                 0 / 51                0 / 51                0 / 51          ops/s
[2023-11-19T17:50:38.117+0800][gc,stats    ]      Memory: Page Cache Miss                                   0 / 0                 0 / 1                 0 / 1                 0 / 1           ops/s
[2023-11-19T17:50:38.117+0800][gc,stats    ]      Memory: Uncommit                                          0 / 0                 0 / 0                 0 / 0                 0 / 0           MB/s
[2023-11-19T17:50:38.117+0800][gc,stats    ]      Memory: Undo Object Allocation Failed                     0 / 0                 0 / 0                 0 / 0                 0 / 0           ops/s
[2023-11-19T17:50:38.117+0800][gc,stats    ]      Memory: Undo Object Allocation Succeeded                  0 / 0                 0 / 1                 0 / 1                 0 / 1           ops/s
[2023-11-19T17:50:38.117+0800][gc,stats    ]      Memory: Undo Page Allocation                              0 / 0                 0 / 0                 0 / 0                 0 / 0           ops/s
[2023-11-19T17:50:38.117+0800][gc,stats    ]       Phase: Concurrent Mark                               0.000 / 0.000        21.195 / 22.938       21.195 / 22.938       21.195 / 22.938      ms
[2023-11-19T17:50:38.117+0800][gc,stats    ]       Phase: Concurrent Mark Continue                      0.000 / 0.000         0.000 / 0.000         0.000 / 0.000         0.000 / 0.000       ms
[2023-11-19T17:50:38.117+0800][gc,stats    ]       Phase: Concurrent Mark Free                          0.000 / 0.000         0.000 / 0.001         0.000 / 0.001         0.000 / 0.001       ms
[2023-11-19T17:50:38.117+0800][gc,stats    ]       Phase: Concurrent Process Non-Strong References      0.000 / 0.000         8.745 / 15.959        8.745 / 15.959        8.745 / 15.959      ms
[2023-11-19T17:50:38.117+0800][gc,stats    ]       Phase: Concurrent Relocate                           0.000 / 0.000         2.744 / 2.788         2.744 / 2.788         2.744 / 2.788       ms
[2023-11-19T17:50:38.117+0800][gc,stats    ]       Phase: Concurrent Reset Relocation Set               0.000 / 0.000         0.004 / 0.007         0.004 / 0.007         0.004 / 0.007       ms
[2023-11-19T17:50:38.117+0800][gc,stats    ]       Phase: Concurrent Select Relocation Set              0.000 / 0.000         5.088 / 8.359         5.088 / 8.359         5.088 / 8.359       ms
[2023-11-19T17:50:38.117+0800][gc,stats    ]       Phase: Pause Mark End                                0.000 / 0.000         0.014 / 0.016         0.014 / 0.016         0.014 / 0.016       ms
[2023-11-19T17:50:38.117+0800][gc,stats    ]       Phase: Pause Mark Start                              0.000 / 0.000         0.010 / 0.012         0.010 / 0.012         0.010 / 0.012       ms
[2023-11-19T17:50:38.117+0800][gc,stats    ]       Phase: Pause Relocate Start                          0.000 / 0.000         0.009 / 0.009         0.009 / 0.009         0.009 / 0.009       ms
[2023-11-19T17:50:38.117+0800][gc,stats    ]    Subphase: Concurrent Classes Purge                      0.000 / 0.000         0.093 / 0.138         0.093 / 0.138         0.093 / 0.138       ms
[2023-11-19T17:50:38.117+0800][gc,stats    ]    Subphase: Concurrent Classes Unlink                     0.000 / 0.000         1.405 / 1.760         1.405 / 1.760         1.405 / 1.760       ms
[2023-11-19T17:50:38.117+0800][gc,stats    ]    Subphase: Concurrent Mark                               0.000 / 0.000        17.269 / 21.871       17.269 / 21.871       17.269 / 21.871      ms
[2023-11-19T17:50:38.117+0800][gc,stats    ]    Subphase: Concurrent Mark Try Flush                     0.000 / 0.000         0.063 / 0.125         0.063 / 0.125         0.063 / 0.125       ms
[2023-11-19T17:50:38.117+0800][gc,stats    ]    Subphase: Concurrent Mark Try Terminate                 0.000 / 0.000         5.181 / 13.703        5.181 / 13.703        5.181 / 13.703      ms
[2023-11-19T17:50:38.117+0800][gc,stats    ]    Subphase: Concurrent References Enqueue                 0.000 / 0.000         0.005 / 0.007         0.005 / 0.007         0.005 / 0.007       ms
[2023-11-19T17:50:38.117+0800][gc,stats    ]    Subphase: Concurrent References Process                 0.000 / 0.000         0.076 / 0.084         0.076 / 0.084         0.076 / 0.084       ms
[2023-11-19T17:50:38.117+0800][gc,stats    ]    Subphase: Concurrent Roots ClassLoaderDataGraph         0.000 / 0.000         0.102 / 0.423         0.102 / 0.423         0.102 / 0.423       ms
[2023-11-19T17:50:38.117+0800][gc,stats    ]    Subphase: Concurrent Roots CodeCache                    0.000 / 0.000         0.000 / 0.000         0.000 / 0.000         0.000 / 0.000       ms
[2023-11-19T17:50:38.117+0800][gc,stats    ]    Subphase: Concurrent Roots JavaThreads                  0.000 / 0.000         1.575 / 2.571         1.575 / 2.571         1.575 / 2.571       ms
[2023-11-19T17:50:38.118+0800][gc,stats    ]    Subphase: Concurrent Roots OopStorageSet                0.000 / 0.000         0.026 / 0.038         0.026 / 0.038         0.026 / 0.038       ms
[2023-11-19T17:50:38.118+0800][gc,stats    ]    Subphase: Concurrent Weak Roots OopStorageSet           0.000 / 0.000         0.492 / 0.724         0.492 / 0.724         0.492 / 0.724       ms
[2023-11-19T17:50:38.118+0800][gc,stats    ]    Subphase: Pause Mark Try Complete                       0.000 / 0.000         0.000 / 0.000         0.000 / 0.000         0.000 / 0.000       ms
[2023-11-19T17:50:38.118+0800][gc,stats    ]      System: Java Threads                                      0 / 0                44 / 68               44 / 68               44 / 68          threads
[2023-11-19T17:50:38.118+0800][gc,stats    ] =========================================================================================================================================================
[2023-11-19T17:50:48.118+0800][gc,stats    ] === Garbage Collection Statistics =======================================================================================================================
[2023-11-19T17:50:48.118+0800][gc,stats    ]                                                              Last 10s              Last 10m              Last 10h                Total
[2023-11-19T17:50:48.118+0800][gc,stats    ]                                                              Avg / Max             Avg / Max             Avg / Max             Avg / Max
[2023-11-19T17:50:48.118+0800][gc,stats    ]   Collector: Garbage Collection Cycle                      0.000 / 0.000        38.701 / 40.967       38.701 / 40.967       38.701 / 40.967      ms
[2023-11-19T17:50:48.118+0800][gc,stats    ]  Contention: Mark Segment Reset Contention                     0 / 0                 0 / 4                 0 / 4                 0 / 4           ops/s
[2023-11-19T17:50:48.118+0800][gc,stats    ]  Contention: Mark SeqNum Reset Contention                      0 / 0                 0 / 1                 0 / 1                 0 / 1           ops/s
[2023-11-19T17:50:48.118+0800][gc,stats    ]    Critical: Allocation Stall                                  0 / 0                 0 / 0                 0 / 0                 0 / 0           ops/s
[2023-11-19T17:50:48.118+0800][gc,stats    ]    Critical: Allocation Stall                              0.000 / 0.000         0.000 / 0.000         0.000 / 0.000         0.000 / 0.000       ms
[2023-11-19T17:50:48.118+0800][gc,stats    ]    Critical: GC Locker Stall                                   0 / 0                 0 / 1                 0 / 1                 0 / 1           ops/s
[2023-11-19T17:50:48.118+0800][gc,stats    ]    Critical: GC Locker Stall                               0.000 / 0.000         0.000 / 0.000         0.000 / 0.000         0.000 / 0.000       ms
[2023-11-19T17:50:48.118+0800][gc,stats    ]    Critical: Relocation Stall                                  0 / 0                 0 / 0                 0 / 0                 0 / 0           ops/s
[2023-11-19T17:50:48.118+0800][gc,stats    ]    Critical: Relocation Stall                              0.000 / 0.000         0.000 / 0.000         0.000 / 0.000         0.000 / 0.000       ms
[2023-11-19T17:50:48.118+0800][gc,stats    ]      Memory: Allocation Rate                                   0 / 2                 3 / 106               3 / 106               3 / 106         MB/s
[2023-11-19T17:50:48.118+0800][gc,stats    ]      Memory: Defragment                                        0 / 0                 0 / 0                 0 / 0                 0 / 0           ops/s
[2023-11-19T17:50:48.118+0800][gc,stats    ]      Memory: Out Of Memory                                     0 / 0                 0 / 0                 0 / 0                 0 / 0           ops/s
[2023-11-19T17:50:48.118+0800][gc,stats    ]      Memory: Page Cache Flush                                  0 / 0                 0 / 0                 0 / 0                 0 / 0           MB/s
[2023-11-19T17:50:48.118+0800][gc,stats    ]      Memory: Page Cache Hit L1                                 0 / 1                 0 / 37                0 / 37                0 / 37          ops/s
[2023-11-19T17:50:48.118+0800][gc,stats    ]      Memory: Page Cache Hit L2                                 0 / 0                 0 / 0                 0 / 0                 0 / 0           ops/s
[2023-11-19T17:50:48.118+0800][gc,stats    ]      Memory: Page Cache Hit L3                                 0 / 0                 0 / 51                0 / 51                0 / 51          ops/s
[2023-11-19T17:50:48.118+0800][gc,stats    ]      Memory: Page Cache Miss                                   0 / 0                 0 / 1                 0 / 1                 0 / 1           ops/s
[2023-11-19T17:50:48.118+0800][gc,stats    ]      Memory: Uncommit                                          0 / 0                 0 / 0                 0 / 0                 0 / 0           MB/s
[2023-11-19T17:50:48.118+0800][gc,stats    ]      Memory: Undo Object Allocation Failed                     0 / 0                 0 / 0                 0 / 0                 0 / 0           ops/s
[2023-11-19T17:50:48.118+0800][gc,stats    ]      Memory: Undo Object Allocation Succeeded                  0 / 0                 0 / 1                 0 / 1                 0 / 1           ops/s
[2023-11-19T17:50:48.118+0800][gc,stats    ]      Memory: Undo Page Allocation                              0 / 0                 0 / 0                 0 / 0                 0 / 0           ops/s
[2023-11-19T17:50:48.118+0800][gc,stats    ]       Phase: Concurrent Mark                               0.000 / 0.000        21.195 / 22.938       21.195 / 22.938       21.195 / 22.938      ms
[2023-11-19T17:50:48.118+0800][gc,stats    ]       Phase: Concurrent Mark Continue                      0.000 / 0.000         0.000 / 0.000         0.000 / 0.000         0.000 / 0.000       ms
[2023-11-19T17:50:48.118+0800][gc,stats    ]       Phase: Concurrent Mark Free                          0.000 / 0.000         0.000 / 0.001         0.000 / 0.001         0.000 / 0.001       ms
[2023-11-19T17:50:48.118+0800][gc,stats    ]       Phase: Concurrent Process Non-Strong References      0.000 / 0.000         8.745 / 15.959        8.745 / 15.959        8.745 / 15.959      ms
[2023-11-19T17:50:48.118+0800][gc,stats    ]       Phase: Concurrent Relocate                           0.000 / 0.000         2.744 / 2.788         2.744 / 2.788         2.744 / 2.788       ms
[2023-11-19T17:50:48.118+0800][gc,stats    ]       Phase: Concurrent Reset Relocation Set               0.000 / 0.000         0.004 / 0.007         0.004 / 0.007         0.004 / 0.007       ms
[2023-11-19T17:50:48.118+0800][gc,stats    ]       Phase: Concurrent Select Relocation Set              0.000 / 0.000         5.088 / 8.359         5.088 / 8.359         5.088 / 8.359       ms
[2023-11-19T17:50:48.118+0800][gc,stats    ]       Phase: Pause Mark End                                0.000 / 0.000         0.014 / 0.016         0.014 / 0.016         0.014 / 0.016       ms
[2023-11-19T17:50:48.118+0800][gc,stats    ]       Phase: Pause Mark Start                              0.000 / 0.000         0.010 / 0.012         0.010 / 0.012         0.010 / 0.012       ms
[2023-11-19T17:50:48.118+0800][gc,stats    ]       Phase: Pause Relocate Start                          0.000 / 0.000         0.009 / 0.009         0.009 / 0.009         0.009 / 0.009       ms
[2023-11-19T17:50:48.118+0800][gc,stats    ]    Subphase: Concurrent Classes Purge                      0.000 / 0.000         0.093 / 0.138         0.093 / 0.138         0.093 / 0.138       ms
[2023-11-19T17:50:48.118+0800][gc,stats    ]    Subphase: Concurrent Classes Unlink                     0.000 / 0.000         1.405 / 1.760         1.405 / 1.760         1.405 / 1.760       ms
[2023-11-19T17:50:48.118+0800][gc,stats    ]    Subphase: Concurrent Mark                               0.000 / 0.000        17.269 / 21.871       17.269 / 21.871       17.269 / 21.871      ms
[2023-11-19T17:50:48.118+0800][gc,stats    ]    Subphase: Concurrent Mark Try Flush                     0.000 / 0.000         0.063 / 0.125         0.063 / 0.125         0.063 / 0.125       ms
[2023-11-19T17:50:48.118+0800][gc,stats    ]    Subphase: Concurrent Mark Try Terminate                 0.000 / 0.000         5.181 / 13.703        5.181 / 13.703        5.181 / 13.703      ms
[2023-11-19T17:50:48.118+0800][gc,stats    ]    Subphase: Concurrent References Enqueue                 0.000 / 0.000         0.005 / 0.007         0.005 / 0.007         0.005 / 0.007       ms
[2023-11-19T17:50:48.118+0800][gc,stats    ]    Subphase: Concurrent References Process                 0.000 / 0.000         0.076 / 0.084         0.076 / 0.084         0.076 / 0.084       ms
[2023-11-19T17:50:48.118+0800][gc,stats    ]    Subphase: Concurrent Roots ClassLoaderDataGraph         0.000 / 0.000         0.102 / 0.423         0.102 / 0.423         0.102 / 0.423       ms
[2023-11-19T17:50:48.118+0800][gc,stats    ]    Subphase: Concurrent Roots CodeCache                    0.000 / 0.000         0.000 / 0.000         0.000 / 0.000         0.000 / 0.000       ms
[2023-11-19T17:50:48.118+0800][gc,stats    ]    Subphase: Concurrent Roots JavaThreads                  0.000 / 0.000         1.575 / 2.571         1.575 / 2.571         1.575 / 2.571       ms
[2023-11-19T17:50:48.118+0800][gc,stats    ]    Subphase: Concurrent Roots OopStorageSet                0.000 / 0.000         0.026 / 0.038         0.026 / 0.038         0.026 / 0.038       ms
[2023-11-19T17:50:48.118+0800][gc,stats    ]    Subphase: Concurrent Weak Roots OopStorageSet           0.000 / 0.000         0.492 / 0.724         0.492 / 0.724         0.492 / 0.724       ms
[2023-11-19T17:50:48.119+0800][gc,stats    ]    Subphase: Pause Mark Try Complete                       0.000 / 0.000         0.000 / 0.000         0.000 / 0.000         0.000 / 0.000       ms
[2023-11-19T17:50:48.119+0800][gc,stats    ]      System: Java Threads                                      0 / 0                44 / 68               44 / 68               44 / 68          threads
[2023-11-19T17:50:48.119+0800][gc,stats    ] =========================================================================================================================================================
[2023-11-19T17:50:51.533+0800][gc,heap,exit] Heap
[2023-11-19T17:50:51.533+0800][gc,heap,exit]  ZHeap           used 132M, capacity 10240M, max capacity 10240M
[2023-11-19T17:50:51.533+0800][gc,heap,exit]  Metaspace       used 39859K, committed 40256K, reserved 1114112K
[2023-11-19T17:50:51.533+0800][gc,heap,exit]   class space    used 4502K, committed 4736K, reserved 1048576K
